Archive member included to satisfy reference by file (symbol)

.pioenvs/bluepill_f103c8/libd9b/liblogger.a(logger.o)
                              .pioenvs/bluepill_f103c8/src/main.o (debug_flush)
.pioenvs/bluepill_f103c8/libea7/libcocoOS_5.0.3.a(os_event.o)
                              .pioenvs/bluepill_f103c8/src/wisol.o (event_create)
.pioenvs/bluepill_f103c8/libea7/libcocoOS_5.0.3.a(os_kernel.o)
                              .pioenvs/bluepill_f103c8/src/uart.o (running_tid)
.pioenvs/bluepill_f103c8/libea7/libcocoOS_5.0.3.a(os_msgqueue.o)
                              .pioenvs/bluepill_f103c8/libea7/libcocoOS_5.0.3.a(os_kernel.o) (os_msgQ_init)
.pioenvs/bluepill_f103c8/libea7/libcocoOS_5.0.3.a(os_sem.o)
                              .pioenvs/bluepill_f103c8/libea7/libcocoOS_5.0.3.a(os_kernel.o) (os_sem_init)
.pioenvs/bluepill_f103c8/libea7/libcocoOS_5.0.3.a(os_task.o)
                              .pioenvs/bluepill_f103c8/libea7/libcocoOS_5.0.3.a(os_kernel.o) (os_task_init)
.pioenvs/bluepill_f103c8/libea7/libcocoOS_5.0.3.a(os_assert.o)
                              .pioenvs/bluepill_f103c8/libea7/libcocoOS_5.0.3.a(os_event.o) (os_on_assert)
.pioenvs/bluepill_f103c8/libea7/libcocoOS_5.0.3.a(os_cbk.o)
                              .pioenvs/bluepill_f103c8/libea7/libcocoOS_5.0.3.a(os_kernel.o) (os_cbkSleep)
.pioenvs/bluepill_f103c8/lib49c/libnewlib.a(strlen.o)
                              .pioenvs/bluepill_f103c8/src/aggregate.o (strlen)
.pioenvs/bluepill_f103c8/lib49c/libnewlib.a(strncat.o)
                              .pioenvs/bluepill_f103c8/src/wisol.o (strncat)
.pioenvs/bluepill_f103c8/lib49c/libnewlib.a(strncmp.o)
                              .pioenvs/bluepill_f103c8/src/aggregate.o (strncmp)
.pioenvs/bluepill_f103c8/lib49c/libnewlib.a(strncpy.o)
                              .pioenvs/bluepill_f103c8/src/aggregate.o (strncpy)
.pioenvs/bluepill_f103c8/lib49c/libnewlib.a(strstr.o)
                              .pioenvs/bluepill_f103c8/src/wisol.o (strstr)
.pioenvs/bluepill_f103c8/lib739/libcm.a(CmPin.o)
                              .pioenvs/bluepill_f103c8/src/main.o (codal::_cm::Pin::setDigitalValue(int))
.pioenvs/bluepill_f103c8/lib739/libcm.a(CmSerial.o)
                              .pioenvs/bluepill_f103c8/src/main.o (vtable for codal::_cm::Serial)
.pioenvs/bluepill_f103c8/lib739/libcm.a(CmTimer.o)
                              .pioenvs/bluepill_f103c8/src/main.o (vtable for codal::_cm::Timer)
.pioenvs/bluepill_f103c8/lib739/libcm.a(codal_target_hal.o)
                              .pioenvs/bluepill_f103c8/lib739/libcm.a(CmTimer.o) (target_set_tick_callback)
.pioenvs/bluepill_f103c8/lib23d/libcodal-core.a(CodalCompat.o)
                              .pioenvs/bluepill_f103c8/lib739/libcm.a(codal_target_hal.o) (codal::seed_random(unsigned long))
.pioenvs/bluepill_f103c8/lib23d/libcodal-core.a(CodalComponent.o)
                              .pioenvs/bluepill_f103c8/src/main.o (codal::CodalComponent::removeComponent())
.pioenvs/bluepill_f103c8/lib23d/libcodal-core.a(CodalDmesg.o)
                              .pioenvs/bluepill_f103c8/lib739/libcm.a(codal_target_hal.o) (codal_dmesg_set_flush_fn)
.pioenvs/bluepill_f103c8/lib23d/libcodal-core.a(CodalFiber.o)
                              .pioenvs/bluepill_f103c8/lib739/libcm.a(CmSerial.o) (codal::fiber_wake_on_event(unsigned short, unsigned short))
.pioenvs/bluepill_f103c8/lib23d/libcodal-core.a(CodalHeapAllocator.o)
                              .pioenvs/bluepill_f103c8/lib739/libcm.a(CmSerial.o) (malloc)
.pioenvs/bluepill_f103c8/lib23d/libcodal-core.a(CodalListener.o)
                              .pioenvs/bluepill_f103c8/lib23d/libcodal-core.a(CodalComponent.o) (codal::Listener::Listener(unsigned short, unsigned short, void (*)(codal::Event), unsigned short))
.pioenvs/bluepill_f103c8/lib23d/libcodal-core.a(Serial.o)
                              .pioenvs/bluepill_f103c8/lib739/libcm.a(CmSerial.o) (codal::Serial::Serial(codal::Pin&, codal::Pin&, unsigned char, unsigned char, unsigned short))
.pioenvs/bluepill_f103c8/lib23d/libcodal-core.a(Timer.o)
                              .pioenvs/bluepill_f103c8/lib739/libcm.a(CmTimer.o) (codal::Timer::disableInterrupts())
.pioenvs/bluepill_f103c8/lib23d/libcodal-core.a(MessageBus.o)
                              .pioenvs/bluepill_f103c8/src/main.o (codal::MessageBus::~MessageBus())
.pioenvs/bluepill_f103c8/lib23d/libcodal-core.a(Event.o)
                              .pioenvs/bluepill_f103c8/lib23d/libcodal-core.a(CodalListener.o) (codal::Event::Event())
.pioenvs/bluepill_f103c8/lib23d/libcodal-core.a(ManagedString.o)
                              .pioenvs/bluepill_f103c8/lib739/libcm.a(CmSerial.o) (codal::ManagedString::~ManagedString())
.pioenvs/bluepill_f103c8/lib23d/libcodal-core.a(RefCounted.o)
                              .pioenvs/bluepill_f103c8/lib23d/libcodal-core.a(ManagedString.o) (codal::RefCounted::incr())
.pioenvs/bluepill_f103c8/lib23d/libcodal-core.a(RefCountedInit.o)
[...]
Memory Configuration

Name             Origin             Length             Attributes
rom              0x0000000008000000 0x0000000000010000 xr
ram              0x0000000020000000 0x0000000000005000 xrw
*default*        0x0000000000000000 0xffffffffffffffff

Linker script and memory map

LOAD asm/CortexContextSwitch.s.o
LOAD .pioenvs/bluepill_f103c8/src/aggregate.o
LOAD .pioenvs/bluepill_f103c8/src/downlink.o
LOAD .pioenvs/bluepill_f103c8/src/main.o
LOAD .pioenvs/bluepill_f103c8/src/sensor.o
LOAD .pioenvs/bluepill_f103c8/src/sensor_display.o
LOAD .pioenvs/bluepill_f103c8/src/uart.o
LOAD .pioenvs/bluepill_f103c8/src/wisol.o
LOAD .pioenvs/bluepill_f103c8/src/wstring.o
START GROUP
LOAD .pioenvs/bluepill_f103c8/libd9b/liblogger.a
LOAD .pioenvs/bluepill_f103c8/libea7/libcocoOS_5.0.3.a
LOAD .pioenvs/bluepill_f103c8/lib49c/libnewlib.a
LOAD .pioenvs/bluepill_f103c8/lib739/libcm.a
LOAD .pioenvs/bluepill_f103c8/lib23d/libcodal-core.a
LOAD .pioenvs/bluepill_f103c8/lib271/libbluepill.a
LOAD .pioenvs/bluepill_f103c8/libc3f/libsimulator.a
LOAD .pioenvs/bluepill_f103c8/lib91e/libspiint.a
LOAD .pioenvs/bluepill_f103c8/libea2/libi2cint.a
LOAD .pioenvs/bluepill_f103c8/lib9ba/libporting.a
LOAD .pioenvs/bluepill_f103c8/libdc9/libBME280.a
LOAD .pioenvs/bluepill_f103c8/lib573/libadcint.a
LOAD .pioenvs/bluepill_f103c8/lib23b/libboost_config.a
LOAD .pioenvs/bluepill_f103c8/libf3d/libboost_assert.a
LOAD .pioenvs/bluepill_f103c8/lib3c5/libboost_core.a
LOAD .pioenvs/bluepill_f103c8/lib186/libboost_static_assert.a
LOAD .pioenvs/bluepill_f103c8/lib047/libboost_type_traits.a
LOAD .pioenvs/bluepill_f103c8/libd23/libboost_preprocessor.a
LOAD .pioenvs/bluepill_f103c8/lib95e/libboost_detail.a
LOAD .pioenvs/bluepill_f103c8/lib64e/libboost_predef.a
LOAD .pioenvs/bluepill_f103c8/libd30/libboost_utility.a
LOAD .pioenvs/bluepill_f103c8/libe2b/libboost_mpl.a
LOAD .pioenvs/bluepill_f103c8/lib609/libboost_iterator.a
LOAD .pioenvs/bluepill_f103c8/libcea/libboost_parameter.a
LOAD .pioenvs/bluepill_f103c8/lib7b0/libboost_lockfree.a
LOAD .pioenvs/bluepill_f103c8/lib33e/libuartint.a
LOAD .pioenvs/bluepill_f103c8/libFrameworkLibOpenCM3.a
END GROUP

.text           0x0000000008000000     0x3fe0
 *(SORT_BY_ALIGNMENT(.vectors))
 .vectors       0x0000000008000000      0x150 .pioenvs/bluepill_f103c8/libFrameworkLibOpenCM3.a(vector.o)
                0x0000000008000000                vector_table
 *(SORT_BY_ALIGNMENT(.text*))
 .text          0x0000000008000150      0x124 asm/CortexContextSwitch.s.o
                0x0000000008000150                swap_context
                0x00000000080001d2                save_context
                0x0000000008000216                save_register_context
                0x0000000008000246                restore_register_context
 .text._ZN5codal14CodalComponent4initEv
                0x0000000008000274        0x8 .pioenvs/bluepill_f103c8/src/main.o
                0x0000000008000274                codal::CodalComponent::init()
 .text._ZN5codal14CodalComponentD2Ev
                0x000000000800027c       0x18 .pioenvs/bluepill_f103c8/src/main.o
                0x000000000800027c                codal::CodalComponent::~CodalComponent()
                0x000000000800027c                codal::CodalComponent::~CodalComponent()
 .text._Z10debug_dumpv
                0x0000000008000294       0x38 .pioenvs/bluepill_f103c8/src/main.o
                0x0000000008000294                debug_dump()
 .text.startup._GLOBAL__sub_I_bluepill
                0x00000000080002cc       0x24 .pioenvs/bluepill_f103c8/src/main.o
 .text.startup.main
                0x00000000080002f0       0x1c .pioenvs/bluepill_f103c8/src/main.o
                0x00000000080002f0                main
 .text._ZN5codal13STM32BluePillD2Ev
                0x000000000800030c       0x40 .pioenvs/bluepill_f103c8/src/main.o
                0x000000000800030c                codal::STM32BluePill::~STM32BluePill()
                0x000000000800030c                codal::STM32BluePill::~STM32BluePill()
 .text.startup._GLOBAL__sub_I_serialPort
                0x000000000800034c       0x10 .pioenvs/bluepill_f103c8/src/uart.o
 .text.disable_log
                0x000000000800035c       0x14 .pioenvs/bluepill_f103c8/libd9b/liblogger.a(logger.o)
                0x000000000800035c                disable_log
 .text.debug_flush
                0x0000000008000370       0x38 .pioenvs/bluepill_f103c8/libd9b/liblogger.a(logger.o)
                0x0000000008000370                debug_flush
 .text._ZL12debug_appendPKcj
                0x00000000080003a8       0x50 .pioenvs/bluepill_f103c8/libd9b/liblogger.a(logger.o)
 .text._Z11debug_printj
                0x00000000080003f8       0x7c .pioenvs/bluepill_f103c8/libd9b/liblogger.a(logger.o)
                0x00000000080003f8                debug_print(unsigned int)
 .text._Z11debug_printi
                0x0000000008000474       0x30 .pioenvs/bluepill_f103c8/libd9b/liblogger.a(logger.o)
                0x0000000008000474                debug_print(int)
 .text.debug_println
                0x00000000080004a4       0x1c .pioenvs/bluepill_f103c8/libd9b/liblogger.a(logger.o)
                0x00000000080004a4                debug_println
 .text._Z13debug_printlni
                0x00000000080004c0       0x18 .pioenvs/bluepill_f103c8/libd9b/liblogger.a(logger.o)
                0x00000000080004c0                debug_println(int)
 .text._Z13debug_printlnj
                0x00000000080004d8       0x18 .pioenvs/bluepill_f103c8/libd9b/liblogger.a(logger.o)
                0x00000000080004d8                debug_println(unsigned int)
 .text.os_event_init
                0x00000000080004f0        0xc .pioenvs/bluepill_f103c8/libea7/libcocoOS_5.0.3.a(os_event.o)
                0x00000000080004f0                os_event_init
 .text.os_init  0x00000000080004fc       0x34 .pioenvs/bluepill_f103c8/libea7/libcocoOS_5.0.3.a(os_kernel.o)
                0x00000000080004fc                os_init
 .text.os_msgQ_init
                0x0000000008000530       0x24 .pioenvs/bluepill_f103c8/libea7/libcocoOS_5.0.3.a(os_msgqueue.o)
                0x0000000008000530                os_msgQ_init
 .text.os_sem_init
                0x0000000008000554        0xc .pioenvs/bluepill_f103c8/libea7/libcocoOS_5.0.3.a(os_sem.o)
                0x0000000008000554                os_sem_init
 .text.os_task_init
                0x0000000008000560       0x40 .pioenvs/bluepill_f103c8/libea7/libcocoOS_5.0.3.a(os_task.o)
                0x0000000008000560                os_task_init
 .text._ZN5codal3_cm3Pin14setAnalogValueEi
                0x00000000080005a0       0x1c .pioenvs/bluepill_f103c8/lib739/libcm.a(CmPin.o)
                0x00000000080005a0                codal::_cm::Pin::setAnalogValue(int)
 .text._ZN5codal3_cm3Pin13setServoValueEiii
                0x00000000080005bc       0x2c .pioenvs/bluepill_f103c8/lib739/libcm.a(CmPin.o)
                0x00000000080005bc                codal::_cm::Pin::setServoValue(int, int, int)
 .text._ZN5codal3_cm3Pin9isTouchedEv
                0x00000000080005e8        0x8 .pioenvs/bluepill_f103c8/lib739/libcm.a(CmPin.o)
                0x00000000080005e8                codal::_cm::Pin::isTouched()
 .text._ZN5codal3_cm3Pin17getAnalogPeriodUsEv
                0x00000000080005f0        0x8 .pioenvs/bluepill_f103c8/lib739/libcm.a(CmPin.o)
                0x00000000080005f0                codal::_cm::Pin::getAnalogPeriodUs()
 .text._ZN5codal3_cm3Pin15setDigitalValueEi
                0x00000000080005f8       0x80 .pioenvs/bluepill_f103c8/lib739/libcm.a(CmPin.o)
                0x00000000080005f8                codal::_cm::Pin::setDigitalValue(int)
 .text._ZN5codal3_cm3PinC2EhmmtNS_13PinCapabilityE
                0x0000000008000678       0x50 .pioenvs/bluepill_f103c8/lib739/libcm.a(CmPin.o)
                0x0000000008000678                codal::_cm::Pin::Pin(unsigned char, unsigned long, unsigned long, unsigned short, codal::PinCapability)
                0x0000000008000678                codal::_cm::Pin::Pin(unsigned char, unsigned long, unsigned long, unsigned short, codal::PinCapability)
 .text._ZN5codal3_cm6SerialD2Ev
                0x00000000080006c8       0x14 .pioenvs/bluepill_f103c8/lib739/libcm.a(CmSerial.o)
                0x00000000080006c8                codal::_cm::Serial::~Serial()
                0x00000000080006c8                codal::_cm::Serial::~Serial()
 .text._ZN5codal3_cm6SerialC2ERNS0_3PinES3_hh
                0x00000000080006dc       0x4c .pioenvs/bluepill_f103c8/lib739/libcm.a(CmSerial.o)
                0x00000000080006dc                codal::_cm::Serial::Serial(codal::_cm::Pin&, codal::_cm::Pin&, unsigned char, unsigned char)
                0x00000000080006dc                codal::_cm::Serial::Serial(codal::_cm::Pin&, codal::_cm::Pin&, unsigned char, unsigned char)
 .text._ZN5codal3_cm13tick_callbackEv
                0x0000000008000728       0x10 .pioenvs/bluepill_f103c8/lib739/libcm.a(CmTimer.o)
                0x0000000008000728                codal::_cm::tick_callback()
 .text._ZN5codal3_cm5Timer4initEv
                0x0000000008000738       0x18 .pioenvs/bluepill_f103c8/lib739/libcm.a(CmTimer.o)
                0x0000000008000738                codal::_cm::Timer::init()
 .text._ZN5codal3_cm5TimerC2Ev
                0x0000000008000750       0x28 .pioenvs/bluepill_f103c8/lib739/libcm.a(CmTimer.o)
                0x0000000008000750                codal::_cm::Timer::Timer()
                0x0000000008000750                codal::_cm::Timer::Timer()
 .text._ZL10timer_tickv
                0x0000000008000778       0x10 .pioenvs/bluepill_f103c8/lib739/libcm.a(codal_target_hal.o)
 .text._Z25stm32bluepill_dmesg_flushv
                0x0000000008000788       0x38 .pioenvs/bluepill_f103c8/lib739/libcm.a(codal_target_hal.o)
                0x0000000008000788                stm32bluepill_dmesg_flush()
 .text.target_set_tick_callback
                0x00000000080007c0        0xc .pioenvs/bluepill_f103c8/lib739/libcm.a(codal_target_hal.o)
                0x00000000080007c0                target_set_tick_callback
 .text.target_init
                0x00000000080007cc       0x34 .pioenvs/bluepill_f103c8/lib739/libcm.a(codal_target_hal.o)
                0x00000000080007cc                target_init
 .text.target_enter_deep_sleep_standby_mode
                0x0000000008000800       0x1c .pioenvs/bluepill_f103c8/lib739/libcm.a(codal_target_hal.o)
                0x0000000008000800                target_enter_deep_sleep_standby_mode
 .text.target_wait
                0x000000000800081c       0x24 .pioenvs/bluepill_f103c8/lib739/libcm.a(codal_target_hal.o)
                0x000000000800081c                target_wait
 .text.target_panic
                0x0000000008000840       0x20 .pioenvs/bluepill_f103c8/lib739/libcm.a(codal_target_hal.o)
                0x0000000008000840                target_panic
 .text.fiber_initial_stack_base
                0x0000000008000860        0x8 .pioenvs/bluepill_f103c8/lib739/libcm.a(codal_target_hal.o)
                0x0000000008000860                fiber_initial_stack_base
 .text.test_codal
                0x0000000008000868       0x5c .pioenvs/bluepill_f103c8/lib739/libcm.a(codal_target_hal.o)
                0x0000000008000868                test_codal
 .text._Z18component_callbackN5codal5EventE
                0x00000000080008c4       0x58 .pioenvs/bluepill_f103c8/lib23d/libcodal-core.a(CodalComponent.o)
                0x00000000080008c4                component_callback(codal::Event)
 .text._ZN5codal10EventModel6listenEiiPFvNS_5EventEEt
                0x000000000800091c       0x60 .pioenvs/bluepill_f103c8/lib23d/libcodal-core.a(CodalComponent.o)
                0x000000000800091c                codal::EventModel::listen(int, int, void (*)(codal::Event), unsigned short)
 .text._ZN5codal14CodalComponent12addComponentEv
                0x000000000800097c       0x70 .pioenvs/bluepill_f103c8/lib23d/libcodal-core.a(CodalComponent.o)
                0x000000000800097c                codal::CodalComponent::addComponent()
 .text._ZN5codal14CodalComponent15removeComponentEv
                0x00000000080009ec       0x20 .pioenvs/bluepill_f103c8/lib23d/libcodal-core.a(CodalComponent.o)
                0x00000000080009ec                codal::CodalComponent::removeComponent()
 .text.codal_dmesg_set_flush_fn
                0x0000000008000a0c        0xc .pioenvs/bluepill_f103c8/lib23d/libcodal-core.a(CodalDmesg.o)
                0x0000000008000a0c                codal_dmesg_set_flush_fn
 .text.codal_dmesg_flush
                0x0000000008000a18       0x10 .pioenvs/bluepill_f103c8/lib23d/libcodal-core.a(CodalDmesg.o)
                0x0000000008000a18                codal_dmesg_flush
 .text._ZN5codal14scheduler_tickENS_5EventE
                0x0000000008000a28       0x38 .pioenvs/bluepill_f103c8/lib23d/libcodal-core.a(CodalFiber.o)
                0x0000000008000a28                codal::scheduler_tick(codal::Event)
 .text._ZN5codal15scheduler_eventENS_5EventE
                0x0000000008000a60       0xc0 .pioenvs/bluepill_f103c8/lib23d/libcodal-core.a(CodalFiber.o)
                0x0000000008000a60                codal::scheduler_event(codal::Event)
 .text._Z15getFiberContextv
                0x0000000008000b20       0x50 .pioenvs/bluepill_f103c8/lib23d/libcodal-core.a(CodalFiber.o)
                0x0000000008000b20                getFiberContext()
 .text._ZL10handle_fobv
                0x0000000008000b70       0x2c .pioenvs/bluepill_f103c8/lib23d/libcodal-core.a(CodalFiber.o)
 .text._ZN5codal23fiber_scheduler_runningEv
                0x0000000008000b9c       0x10 .pioenvs/bluepill_f103c8/lib23d/libcodal-core.a(CodalFiber.o)
                0x0000000008000b9c                codal::fiber_scheduler_running()
 .text._ZN5codal14scheduler_initERNS_10EventModelE
                0x0000000008000bac       0xac .pioenvs/bluepill_f103c8/lib23d/libcodal-core.a(CodalFiber.o)
                0x0000000008000bac                codal::scheduler_init(codal::EventModel&)
 .text._ZN5codal19fiber_wake_on_eventEtt
                0x0000000008000c58       0x5c .pioenvs/bluepill_f103c8/lib23d/libcodal-core.a(CodalFiber.o)
                0x0000000008000c58                codal::fiber_wake_on_event(unsigned short, unsigned short)
 .text._Z14__create_fibermmmi
                0x0000000008000cb4       0x64 .pioenvs/bluepill_f103c8/lib23d/libcodal-core.a(CodalFiber.o)
                0x0000000008000cb4                __create_fiber(unsigned long, unsigned long, unsigned long, int)
 .text._ZN5codal17verify_stack_sizeEPNS_5FiberE
                0x0000000008000d18       0x44 .pioenvs/bluepill_f103c8/lib23d/libcodal-core.a(CodalFiber.o)
                0x0000000008000d18                codal::verify_stack_size(codal::Fiber*)
 .text._ZN5codal24scheduler_runqueue_emptyEv
                0x0000000008000d5c       0x10 .pioenvs/bluepill_f103c8/lib23d/libcodal-core.a(CodalFiber.o)
                0x0000000008000d5c                codal::scheduler_runqueue_empty()
 .text._ZN5codal4idleEv
                0x0000000008000d6c       0x3c .pioenvs/bluepill_f103c8/lib23d/libcodal-core.a(CodalFiber.o)
                0x0000000008000d6c                codal::idle()
 .text._ZN5codal8scheduleEv
                0x0000000008000da8      0x108 .pioenvs/bluepill_f103c8/lib23d/libcodal-core.a(CodalFiber.o)
                0x0000000008000da8                codal::schedule()
 .text._ZN5codal11fiber_sleepEm
                0x0000000008000eb0       0x3c .pioenvs/bluepill_f103c8/lib23d/libcodal-core.a(CodalFiber.o)
                0x0000000008000eb0                codal::fiber_sleep(unsigned long)
 .text._ZN5codal13release_fiberEv
                0x0000000008000eec       0x6c .pioenvs/bluepill_f103c8/lib23d/libcodal-core.a(CodalFiber.o)
                0x0000000008000eec                codal::release_fiber()
 .text._ZN5codal6invokeEPFvPvES0_
                0x0000000008000f58       0x80 .pioenvs/bluepill_f103c8/lib23d/libcodal-core.a(CodalFiber.o)
                0x0000000008000f58                codal::invoke(void (*)(void*), void*)
 .text._Z18device_create_heapmm
                0x0000000008000fd8       0x3c .pioenvs/bluepill_f103c8/lib23d/libcodal-core.a(CodalHeapAllocator.o)
                0x0000000008000fd8                device_create_heap(unsigned long, unsigned long)
 .text.device_malloc
                0x0000000008001014       0x48 .pioenvs/bluepill_f103c8/lib23d/libcodal-core.a(CodalHeapAllocator.o)
                0x0000000008001014                malloc
                0x0000000008001014                device_malloc
 .text.device_free
                0x000000000800105c       0x40 .pioenvs/bluepill_f103c8/lib23d/libcodal-core.a(CodalHeapAllocator.o)
                0x000000000800105c                device_free
                0x000000000800105c                free
 .text._ZN5codal6SerialC2ERNS_3PinES2_hht
                0x000000000800109c       0x5c .pioenvs/bluepill_f103c8/lib23d/libcodal-core.a(Serial.o)
                0x000000000800109c                codal::Serial::Serial(codal::Pin&, codal::Pin&, unsigned char, unsigned char, unsigned short)
                0x000000000800109c                codal::Serial::Serial(codal::Pin&, codal::Pin&, unsigned char, unsigned char, unsigned short)
 .text._ZN5codal6SerialD2Ev
                0x00000000080010f8       0x1c .pioenvs/bluepill_f103c8/lib23d/libcodal-core.a(Serial.o)
                0x00000000080010f8                codal::Serial::~Serial()
                0x00000000080010f8                codal::Serial::~Serial()
 .text._ZN5codal5TimerC2Ev
                0x0000000008001114       0x34 .pioenvs/bluepill_f103c8/lib23d/libcodal-core.a(Timer.o)
                0x0000000008001114                codal::Timer::Timer()
                0x0000000008001114                codal::Timer::Timer()
 .text._ZN5codal25system_timer_current_timeEv
                0x0000000008001148       0x10 .pioenvs/bluepill_f103c8/lib23d/libcodal-core.a(Timer.o)
                0x0000000008001148                codal::system_timer_current_time()
 .text._ZN5codal27system_timer_event_every_usEmtt
                0x0000000008001158       0x24 .pioenvs/bluepill_f103c8/lib23d/libcodal-core.a(Timer.o)
                0x0000000008001158                codal::system_timer_event_every_us(unsigned long, unsigned short, unsigned short)
 .text._ZN5codal10EventModel4sendENS_5EventE
                0x000000000800117c       0x14 .pioenvs/bluepill_f103c8/lib23d/libcodal-core.a(MessageBus.o)
                0x000000000800117c                codal::EventModel::send(codal::Event)
 .text._ZN5codal10EventModel3addEPNS_8ListenerE
                0x0000000008001190        0x8 .pioenvs/bluepill_f103c8/lib23d/libcodal-core.a(MessageBus.o)
                0x0000000008001190                codal::EventModel::add(codal::Listener*)
 .text._ZN5codal10EventModel6removeEPNS_8ListenerE
                0x0000000008001198        0x8 .pioenvs/bluepill_f103c8/lib23d/libcodal-core.a(MessageBus.o)
                0x0000000008001198                codal::EventModel::remove(codal::Listener*)
 .text._ZN5codal10MessageBus6removeEPNS_8ListenerE
                0x00000000080011a0       0x70 .pioenvs/bluepill_f103c8/lib23d/libcodal-core.a(MessageBus.o)
                0x00000000080011a0                codal::MessageBus::remove(codal::Listener*)
 .text._ZN5codal10MessageBus3addEPNS_8ListenerE
                0x0000000008001210       0xbc .pioenvs/bluepill_f103c8/lib23d/libcodal-core.a(MessageBus.o)
                0x0000000008001210                codal::MessageBus::add(codal::Listener*)
 .text._ZN5codal10MessageBusD2Ev
                0x00000000080012cc       0x78 .pioenvs/bluepill_f103c8/lib23d/libcodal-core.a(MessageBus.o)
                0x00000000080012cc                codal::MessageBus::~MessageBus()
                0x00000000080012cc                codal::MessageBus::~MessageBus()
 .text._ZN5codal10MessageBusC2Ev
                0x0000000008001344       0xa8 .pioenvs/bluepill_f103c8/lib23d/libcodal-core.a(MessageBus.o)
                0x0000000008001344                codal::MessageBus::MessageBus()
                0x0000000008001344                codal::MessageBus::MessageBus()
 .text._ZN5codal10MessageBus7processERNS_5EventEb
                0x00000000080013ec       0x84 .pioenvs/bluepill_f103c8/lib23d/libcodal-core.a(MessageBus.o)
                0x00000000080013ec                codal::MessageBus::process(codal::Event&, bool)
 .text._ZN5codal19allocateNotifyEventEv
                0x0000000008001470       0x10 .pioenvs/bluepill_f103c8/lib23d/libcodal-core.a(MessageBus.o)
                0x0000000008001470                codal::allocateNotifyEvent()
 .text._ZN5codal5Event4fireEv
                0x0000000008001480       0x20 .pioenvs/bluepill_f103c8/lib23d/libcodal-core.a(Event.o)
                0x0000000008001480                codal::Event::fire()
 .text._ZN5codal13ManagedStringC2EPKcs
                0x00000000080014a0       0x34 .pioenvs/bluepill_f103c8/lib23d/libcodal-core.a(ManagedString.o)
                0x00000000080014a0                codal::ManagedString::ManagedString(char const*, short)
                0x00000000080014a0                codal::ManagedString::ManagedString(char const*, short)
 .text._ZN5codal13ManagedStringC2Ev
                0x00000000080014d4        0xc .pioenvs/bluepill_f103c8/lib23d/libcodal-core.a(ManagedString.o)
                0x00000000080014d4                codal::ManagedString::ManagedString()
                0x00000000080014d4                codal::ManagedString::ManagedString()
 .text.startup._GLOBAL__sub_I__ZN5codal13ManagedString9initEmptyEv
                0x00000000080014e0       0x2c .pioenvs/bluepill_f103c8/lib23d/libcodal-core.a(ManagedString.o)
 .text._ZN5codal13STM32BluePill4initEv
                0x000000000800150c       0x4c .pioenvs/bluepill_f103c8/lib271/libbluepill.a(STM32BluePill.o)
                0x000000000800150c                codal::STM32BluePill::init()
 .text._ZN5codal13STM32BluePillC2Ev
                0x0000000008001558       0x98 .pioenvs/bluepill_f103c8/lib271/libbluepill.a(STM32BluePill.o)
                0x0000000008001558                codal::STM32BluePill::STM32BluePill()
                0x0000000008001558                codal::STM32BluePill::STM32BluePill()
 .text._ZN5codal15STM32BluePillIOC2Ev
                0x00000000080015f0      0xaf0 .pioenvs/bluepill_f103c8/lib271/libbluepill.a(STM32BluePillIO.o)
                0x00000000080015f0                codal::STM32BluePillIO::STM32BluePillIO()
                0x00000000080015f0                codal::STM32BluePillIO::STM32BluePillIO()
 .text.platform_setup
                0x00000000080020e0       0x4c .pioenvs/bluepill_f103c8/lib271/libbluepill.a(bluepill.o)
                0x00000000080020e0                platform_setup
 .text.disable_debug
                0x000000000800212c       0x10 .pioenvs/bluepill_f103c8/lib271/libbluepill.a(bluepill.o)
                0x000000000800212c                disable_debug
 .text.led_setup
                0x000000000800213c       0x20 .pioenvs/bluepill_f103c8/lib271/libbluepill.a(led.o)
                0x000000000800213c                led_setup
 .text.led_on   0x000000000800215c       0x10 .pioenvs/bluepill_f103c8/lib271/libbluepill.a(led.o)
                0x000000000800215c                led_on
 .text.led_off  0x000000000800216c       0x10 .pioenvs/bluepill_f103c8/lib271/libbluepill.a(led.o)
                0x000000000800216c                led_off
 .text.led_wait
                0x000000000800217c       0x10 .pioenvs/bluepill_f103c8/lib271/libbluepill.a(led.o)
                0x000000000800217c                led_wait
 .text.platform_start_timer
                0x000000000800218c       0x88 .pioenvs/bluepill_f103c8/lib271/libbluepill.a(timer.o)
                0x000000000800218c                platform_start_timer
 .text.rtc_isr  0x0000000008002214       0x40 .pioenvs/bluepill_f103c8/lib271/libbluepill.a(timer.o)
                0x0000000008002214                rtc_isr
 .text.rtc_alarm_isr
                0x0000000008002254       0x20 .pioenvs/bluepill_f103c8/lib271/libbluepill.a(timer.o)
                0x0000000008002254                rtc_alarm_isr
 .text.platform_alarm_count
                0x0000000008002274        0xc .pioenvs/bluepill_f103c8/lib271/libbluepill.a(timer.o)
                0x0000000008002274                platform_alarm_count
 .text.usart2_isr
                0x0000000008002280       0x50 .pioenvs/bluepill_f103c8/lib33e/libuartint.a(uartint.o)
                0x0000000008002280                usart2_isr
 .text.startup._GLOBAL__sub_I__ZN13UARTInterfaceC2Ejj
                0x00000000080022d0       0x10 .pioenvs/bluepill_f103c8/lib33e/libuartint.a(uartint.o)
 .text.rcc_osc_on.part.0
                0x00000000080022e0       0x10 .pioenvs/bluepill_f103c8/libFrameworkLibOpenCM3.a(rcc.o)
 .text.rcc_wait_for_osc_ready
                0x00000000080022f0       0x64 .pioenvs/bluepill_f103c8/libFrameworkLibOpenCM3.a(rcc.o)
                0x00000000080022f0                rcc_wait_for_osc_ready
 .text.rcc_osc_on
                0x0000000008002354       0x54 .pioenvs/bluepill_f103c8/libFrameworkLibOpenCM3.a(rcc.o)
                0x0000000008002354                rcc_osc_on
 .text.rcc_set_sysclk_source
                0x00000000080023a8       0x14 .pioenvs/bluepill_f103c8/libFrameworkLibOpenCM3.a(rcc.o)
                0x00000000080023a8                rcc_set_sysclk_source
 .text.rcc_set_pll_multiplication_factor
                0x00000000080023bc       0x14 .pioenvs/bluepill_f103c8/libFrameworkLibOpenCM3.a(rcc.o)
                0x00000000080023bc                rcc_set_pll_multiplication_factor
 .text.rcc_set_pll_source
                0x00000000080023d0       0x14 .pioenvs/bluepill_f103c8/libFrameworkLibOpenCM3.a(rcc.o)
                0x00000000080023d0                rcc_set_pll_source
 .text.rcc_set_pllxtpre
                0x00000000080023e4       0x14 .pioenvs/bluepill_f103c8/libFrameworkLibOpenCM3.a(rcc.o)
                0x00000000080023e4                rcc_set_pllxtpre
 .text.rcc_enable_rtc_clock
                0x00000000080023f8       0x10 .pioenvs/bluepill_f103c8/libFrameworkLibOpenCM3.a(rcc.o)
                0x00000000080023f8                rcc_enable_rtc_clock
 .text.rcc_set_rtc_clock_source
                0x0000000008002408       0x90 .pioenvs/bluepill_f103c8/libFrameworkLibOpenCM3.a(rcc.o)
                0x0000000008002408                rcc_set_rtc_clock_source
 .text.rcc_set_adcpre
                0x0000000008002498       0x14 .pioenvs/bluepill_f103c8/libFrameworkLibOpenCM3.a(rcc.o)
                0x0000000008002498                rcc_set_adcpre
 .text.rcc_set_ppre2
                0x00000000080024ac       0x14 .pioenvs/bluepill_f103c8/libFrameworkLibOpenCM3.a(rcc.o)
                0x00000000080024ac                rcc_set_ppre2
 .text.rcc_set_ppre1
                0x00000000080024c0       0x14 .pioenvs/bluepill_f103c8/libFrameworkLibOpenCM3.a(rcc.o)
                0x00000000080024c0                rcc_set_ppre1
 .text.rcc_set_hpre
                0x00000000080024d4       0x14 .pioenvs/bluepill_f103c8/libFrameworkLibOpenCM3.a(rcc.o)
                0x00000000080024d4                rcc_set_hpre
 .text.rcc_clock_setup_in_hse_8mhz_out_72mhz
                0x00000000080024e8       0x8c .pioenvs/bluepill_f103c8/libFrameworkLibOpenCM3.a(rcc.o)
                0x00000000080024e8                rcc_clock_setup_in_hse_8mhz_out_72mhz
 .text.rtc_enter_config_mode
                0x0000000008002574       0x18 .pioenvs/bluepill_f103c8/libFrameworkLibOpenCM3.a(rtc.o)
                0x0000000008002574                rtc_enter_config_mode
 .text.rtc_exit_config_mode
                0x000000000800258c       0x18 .pioenvs/bluepill_f103c8/libFrameworkLibOpenCM3.a(rtc.o)
                0x000000000800258c                rtc_exit_config_mode
 .text.rtc_awake_from_off
                0x00000000080025a4       0x6c .pioenvs/bluepill_f103c8/libFrameworkLibOpenCM3.a(rtc.o)
                0x00000000080025a4                rtc_awake_from_off
 .text.rtc_set_alarm_time
                0x0000000008002610       0x20 .pioenvs/bluepill_f103c8/libFrameworkLibOpenCM3.a(rtc.o)
                0x0000000008002610                rtc_set_alarm_time
 .text.rtc_set_prescale_val
                0x0000000008002630       0x20 .pioenvs/bluepill_f103c8/libFrameworkLibOpenCM3.a(rtc.o)
                0x0000000008002630                rtc_set_prescale_val
 .text.rtc_get_counter_val
                0x0000000008002650       0x14 .pioenvs/bluepill_f103c8/libFrameworkLibOpenCM3.a(rtc.o)
                0x0000000008002650                rtc_get_counter_val
 .text.rtc_set_counter_val
                0x0000000008002664       0x1c .pioenvs/bluepill_f103c8/libFrameworkLibOpenCM3.a(rtc.o)
                0x0000000008002664                rtc_set_counter_val
 .text.rtc_interrupt_enable
                0x0000000008002680       0x3c .pioenvs/bluepill_f103c8/libFrameworkLibOpenCM3.a(rtc.o)
                0x0000000008002680                rtc_interrupt_enable
 .text.rtc_interrupt_disable
                0x00000000080026bc       0x3c .pioenvs/bluepill_f103c8/libFrameworkLibOpenCM3.a(rtc.o)
                0x00000000080026bc                rtc_interrupt_disable
 .text.rtc_clear_flag
                0x00000000080026f8       0x30 .pioenvs/bluepill_f103c8/libFrameworkLibOpenCM3.a(rtc.o)
                0x00000000080026f8                rtc_clear_flag
 .text.rtc_check_flag
                0x0000000008002728       0x30 .pioenvs/bluepill_f103c8/libFrameworkLibOpenCM3.a(rtc.o)
                0x0000000008002728                rtc_check_flag
 .text.pwr_disable_backup_domain_write_protect
                0x0000000008002758       0x10 .pioenvs/bluepill_f103c8/libFrameworkLibOpenCM3.a(pwr_common_all.o)
                0x0000000008002758                pwr_disable_backup_domain_write_protect
 .text.pwr_clear_wakeup_flag
                0x0000000008002768       0x10 .pioenvs/bluepill_f103c8/libFrameworkLibOpenCM3.a(pwr_common_all.o)
                0x0000000008002768                pwr_clear_wakeup_flag
 .text.pwr_set_standby_mode
                0x0000000008002778       0x10 .pioenvs/bluepill_f103c8/libFrameworkLibOpenCM3.a(pwr_common_all.o)
                0x0000000008002778                pwr_set_standby_mode
 .text.exti_set_trigger
                0x0000000008002788       0x3c .pioenvs/bluepill_f103c8/libFrameworkLibOpenCM3.a(exti_common_all.o)
                0x0000000008002788                exti_set_trigger
 .text.exti_enable_request
                0x00000000080027c4       0x14 .pioenvs/bluepill_f103c8/libFrameworkLibOpenCM3.a(exti_common_all.o)
                0x00000000080027c4                exti_enable_request
 .text.exti_reset_request
                0x00000000080027d8        0xc .pioenvs/bluepill_f103c8/libFrameworkLibOpenCM3.a(exti_common_all.o)
                0x00000000080027d8                exti_reset_request
 .text.flash_set_ws
                0x00000000080027e4       0x14 .pioenvs/bluepill_f103c8/libFrameworkLibOpenCM3.a(flash_common_f01.o)
                0x00000000080027e4                flash_set_ws
 .text.reset_handler
                0x00000000080027f8       0x90 .pioenvs/bluepill_f103c8/libFrameworkLibOpenCM3.a(vector.o)
                0x00000000080027f8                reset_handler
 .text._ZN5codal3_cm3I2CC2ERNS_3PinES3_
                0x0000000008002888       0x1c .pioenvs/bluepill_f103c8/lib739/libcm.a(CmI2C.o)
                0x0000000008002888                codal::_cm::I2C::I2C(codal::Pin&, codal::Pin&)
                0x0000000008002888                codal::_cm::I2C::I2C(codal::Pin&, codal::Pin&)
 .text._ZN5codal3_cm3SPI4initEv
                0x00000000080028a4       0x50 .pioenvs/bluepill_f103c8/lib739/libcm.a(CmSPI.o)
                0x00000000080028a4                codal::_cm::SPI::init()
 .text._ZN5codal3_cm3SPIC2ERNS0_3PinES3_S3_S3_
                0x00000000080028f4       0x9c .pioenvs/bluepill_f103c8/lib739/libcm.a(CmSPI.o)
                0x00000000080028f4                codal::_cm::SPI::SPI(codal::_cm::Pin&, codal::_cm::Pin&, codal::_cm::Pin&, codal::_cm::Pin&)
                0x00000000080028f4                codal::_cm::SPI::SPI(codal::_cm::Pin&, codal::_cm::Pin&, codal::_cm::Pin&, codal::_cm::Pin&)
 .text.pinmap_peripheral
                0x0000000008002990       0x30 .pioenvs/bluepill_f103c8/lib739/libcm.a(CmPinMap.o)
                0x0000000008002990                pinmap_peripheral
 .text.pinmap_mode
                0x00000000080029c0       0x2c .pioenvs/bluepill_f103c8/lib739/libcm.a(CmPinMap.o)
                0x00000000080029c0                pinmap_mode
 .text.pinmap_cnf
                0x00000000080029ec       0x2c .pioenvs/bluepill_f103c8/lib739/libcm.a(CmPinMap.o)
                0x00000000080029ec                pinmap_cnf
 .text._ZN5codal3I2CC2ERNS_3PinES2_
                0x0000000008002a18        0xc .pioenvs/bluepill_f103c8/lib23d/libcodal-core.a(I2C.o)
                0x0000000008002a18                codal::I2C::I2C(codal::Pin&, codal::Pin&)
                0x0000000008002a18                codal::I2C::I2C(codal::Pin&, codal::Pin&)
 .text._ZN5codal14CodalComponent16periodicCallbackEv
                0x0000000008002a24        0x2 .pioenvs/bluepill_f103c8/src/main.o
                0x0000000008002a24                codal::CodalComponent::periodicCallback()
 .text._ZN5codal14CodalComponent12idleCallbackEv
                0x0000000008002a26        0x2 .pioenvs/bluepill_f103c8/src/main.o
                0x0000000008002a26                codal::CodalComponent::idleCallback()
 .text._ZN5codal14CodalComponentD0Ev
                0x0000000008002a28       0x12 .pioenvs/bluepill_f103c8/src/main.o
                0x0000000008002a28                codal::CodalComponent::~CodalComponent()
 .text._Z10Blink_mainRN5codal13STM32BluePillE
                0x0000000008002a3a       0x4a .pioenvs/bluepill_f103c8/src/main.o
                0x0000000008002a3a                Blink_main(codal::STM32BluePill&)
 .text._ZN5codal13STM32BluePillD0Ev
                0x0000000008002a84       0x12 .pioenvs/bluepill_f103c8/src/main.o
                0x0000000008002a84                codal::STM32BluePill::~STM32BluePill()
 .text.debug_print
                0x0000000008002a96       0x1a .pioenvs/bluepill_f103c8/libd9b/liblogger.a(logger.o)
                0x0000000008002a96                debug_print
 .text.strlen   0x0000000008002ab0       0x10 .pioenvs/bluepill_f103c8/lib49c/libnewlib.a(strlen.o)
                0x0000000008002ab0                strlen
 .text.strncat  0x0000000008002ac0       0x28 .pioenvs/bluepill_f103c8/lib49c/libnewlib.a(strncat.o)
                0x0000000008002ac0                strncat
 .text._ZN5codal3Pin15setServoPulseUsEm
                0x0000000008002ae8        0x6 .pioenvs/bluepill_f103c8/lib739/libcm.a(CmPin.o)
                0x0000000008002ae8                codal::Pin::setServoPulseUs(unsigned long)
 .text._ZN5codal3Pin17setAnalogPeriodUsEm
                0x0000000008002aee        0x6 .pioenvs/bluepill_f103c8/lib739/libcm.a(CmPin.o)
                0x0000000008002aee                codal::Pin::setAnalogPeriodUs(unsigned long)
 .text._ZN5codal3Pin8drainPinEv
                0x0000000008002af4        0x6 .pioenvs/bluepill_f103c8/lib739/libcm.a(CmPin.o)
                0x0000000008002af4                codal::Pin::drainPin()
 .text._ZN5codal3_cm3Pin15getDigitalValueEv
                0x0000000008002afa        0x4 .pioenvs/bluepill_f103c8/lib739/libcm.a(CmPin.o)
                0x0000000008002afa                codal::_cm::Pin::getDigitalValue()
 .text._ZN5codal3_cm3Pin15getDigitalValueENS_8PullModeE
                0x0000000008002afe       0x16 .pioenvs/bluepill_f103c8/lib739/libcm.a(CmPin.o)
                0x0000000008002afe                codal::_cm::Pin::getDigitalValue(codal::PullMode)
 .text._ZN5codal3_cm3Pin14getAnalogValueEv
                0x0000000008002b14        0x4 .pioenvs/bluepill_f103c8/lib739/libcm.a(CmPin.o)
                0x0000000008002b14                codal::_cm::Pin::getAnalogValue()
 .text._ZN5codal3_cm3Pin7isInputEv
                0x0000000008002b18        0xe .pioenvs/bluepill_f103c8/lib739/libcm.a(CmPin.o)
                0x0000000008002b18                codal::_cm::Pin::isInput()
 .text._ZN5codal3_cm3Pin8isOutputEv
                0x0000000008002b26        0xe .pioenvs/bluepill_f103c8/lib739/libcm.a(CmPin.o)
                0x0000000008002b26                codal::_cm::Pin::isOutput()
 .text._ZN5codal3_cm3Pin9isDigitalEv
                0x0000000008002b34        0xc .pioenvs/bluepill_f103c8/lib739/libcm.a(CmPin.o)
                0x0000000008002b34                codal::_cm::Pin::isDigital()
 .text._ZN5codal3_cm3Pin8isAnalogEv
                0x0000000008002b40        0xe .pioenvs/bluepill_f103c8/lib739/libcm.a(CmPin.o)
                0x0000000008002b40                codal::_cm::Pin::isAnalog()
 .text._ZN5codal3_cm3Pin15getAnalogPeriodEv
                0x0000000008002b4e       0x12 .pioenvs/bluepill_f103c8/lib739/libcm.a(CmPin.o)
                0x0000000008002b4e                codal::_cm::Pin::getAnalogPeriod()
 .text._ZN5codal3_cm3Pin7setPullENS_8PullModeE
                0x0000000008002b60        0x6 .pioenvs/bluepill_f103c8/lib739/libcm.a(CmPin.o)
                0x0000000008002b60                codal::_cm::Pin::setPull(codal::PullMode)
 .text._ZN5codal3_cm3Pin5setupEhh
                0x0000000008002b66       0x1e .pioenvs/bluepill_f103c8/lib739/libcm.a(CmPin.o)
                0x0000000008002b66                codal::_cm::Pin::setup(unsigned char, unsigned char)
 .text._ZN5codal3_cm3Pin17setAnalogPeriodUsEi
                0x0000000008002b84       0x12 .pioenvs/bluepill_f103c8/lib739/libcm.a(CmPin.o)
                0x0000000008002b84                codal::_cm::Pin::setAnalogPeriodUs(int)
 .text._ZN5codal3_cm3Pin15setAnalogPeriodEi
                0x0000000008002b96        0xa .pioenvs/bluepill_f103c8/lib739/libcm.a(CmPin.o)
                0x0000000008002b96                codal::_cm::Pin::setAnalogPeriod(int)
 .text._ZN5codal3_cm3Pin13disableEventsEv
                0x0000000008002ba0       0x10 .pioenvs/bluepill_f103c8/lib739/libcm.a(CmPin.o)
                0x0000000008002ba0                codal::_cm::Pin::disableEvents()
 .text._ZN5codal3_cm3Pin7eventOnEi
                0x0000000008002bb0       0x26 .pioenvs/bluepill_f103c8/lib739/libcm.a(CmPin.o)
                0x0000000008002bb0                codal::_cm::Pin::eventOn(int)
 .text._ZN5codal3_cm6Serial15enableInterruptENS_19SerialInterruptTypeE
                0x0000000008002bd6        0x4 .pioenvs/bluepill_f103c8/lib739/libcm.a(CmSerial.o)
                0x0000000008002bd6                codal::_cm::Serial::enableInterrupt(codal::SerialInterruptType)
 .text._ZN5codal3_cm6Serial16disableInterruptENS_19SerialInterruptTypeE
                0x0000000008002bda        0x4 .pioenvs/bluepill_f103c8/lib739/libcm.a(CmSerial.o)
                0x0000000008002bda                codal::_cm::Serial::disableInterrupt(codal::SerialInterruptType)
 .text._ZN5codal3_cm6Serial11setBaudrateEm
                0x0000000008002bde        0x4 .pioenvs/bluepill_f103c8/lib739/libcm.a(CmSerial.o)
                0x0000000008002bde                codal::_cm::Serial::setBaudrate(unsigned long)
 .text._ZN5codal3_cm6Serial13configurePinsERNS_3PinES3_
                0x0000000008002be2        0x4 .pioenvs/bluepill_f103c8/lib739/libcm.a(CmSerial.o)
                0x0000000008002be2                codal::_cm::Serial::configurePins(codal::Pin&, codal::Pin&)
 .text._ZN5codal3_cm6Serial4putcEc
                0x0000000008002be6        0x4 .pioenvs/bluepill_f103c8/lib739/libcm.a(CmSerial.o)
                0x0000000008002be6                codal::_cm::Serial::putc(char)
 .text._ZN5codal3_cm6Serial4getcEv
                0x0000000008002bea        0x6 .pioenvs/bluepill_f103c8/lib739/libcm.a(CmSerial.o)
                0x0000000008002bea                codal::_cm::Serial::getc()
 .text._ZN5codal3_cm6SerialD0Ev
                0x0000000008002bf0       0x12 .pioenvs/bluepill_f103c8/lib739/libcm.a(CmSerial.o)
                0x0000000008002bf0                codal::_cm::Serial::~Serial()
 .text._ZN5codal3_cm6Serial12initialiseRxEv
                0x0000000008002c02       0x38 .pioenvs/bluepill_f103c8/lib739/libcm.a(CmSerial.o)
                0x0000000008002c02                codal::_cm::Serial::initialiseRx()
 .text._ZN5codal3_cm6Serial12circularCopyEPhhS2_tt
                0x0000000008002c3a       0x26 .pioenvs/bluepill_f103c8/lib739/libcm.a(CmSerial.o)
                0x0000000008002c3a                codal::_cm::Serial::circularCopy(unsigned char*, unsigned char, unsigned char*, unsigned short, unsigned short)
 .text._ZN5codal3_cm6Serial7eventOnENS_13ManagedStringENS_10SerialModeE
                0x0000000008002c60       0x24 .pioenvs/bluepill_f103c8/lib739/libcm.a(CmSerial.o)
                0x0000000008002c60                codal::_cm::Serial::eventOn(codal::ManagedString, codal::SerialMode)
 .text._ZN5codal3_cm6Serial9readUntilENS_13ManagedStringENS_10SerialModeE
                0x0000000008002c84      0x1a6 .pioenvs/bluepill_f103c8/lib739/libcm.a(CmSerial.o)
                0x0000000008002c84                codal::_cm::Serial::readUntil(codal::ManagedString, codal::SerialMode)
 .text._ZN5codal3_cm5Timer9triggerInEm
                0x0000000008002e2a        0x2 .pioenvs/bluepill_f103c8/lib739/libcm.a(CmTimer.o)
                0x0000000008002e2a                codal::_cm::Timer::triggerIn(unsigned long)
 .text._ZN5codal3_cm5Timer11syncRequestEv
                0x0000000008002e2c       0x26 .pioenvs/bluepill_f103c8/lib739/libcm.a(CmTimer.o)
                0x0000000008002e2c                codal::_cm::Timer::syncRequest()
 .text.target_disable_debug
                0x0000000008002e52        0x4 .pioenvs/bluepill_f103c8/lib739/libcm.a(codal_target_hal.o)
                0x0000000008002e52                target_disable_debug
 .text.target_enable_irq
                0x0000000008002e56        0x4 .pioenvs/bluepill_f103c8/lib739/libcm.a(codal_target_hal.o)
                0x0000000008002e56                target_enable_irq
 .text.target_disable_irq
                0x0000000008002e5a        0x4 .pioenvs/bluepill_f103c8/lib739/libcm.a(codal_target_hal.o)
                0x0000000008002e5a                target_disable_irq
 .text.target_wait_for_event
                0x0000000008002e5e        0xa .pioenvs/bluepill_f103c8/lib739/libcm.a(codal_target_hal.o)
                0x0000000008002e5e                target_wait_for_event
 .text.tcb_allocate
                0x0000000008002e68        0x6 .pioenvs/bluepill_f103c8/lib739/libcm.a(codal_target_hal.o)
                0x0000000008002e68                tcb_allocate
 .text.tcb_configure_lr
                0x0000000008002e6e        0x4 .pioenvs/bluepill_f103c8/lib739/libcm.a(codal_target_hal.o)
                0x0000000008002e6e                tcb_configure_lr
 .text.tcb_configure_sp
                0x0000000008002e72        0x4 .pioenvs/bluepill_f103c8/lib739/libcm.a(codal_target_hal.o)
                0x0000000008002e72                tcb_configure_sp
 .text.tcb_configure_stack_base
                0x0000000008002e76        0x4 .pioenvs/bluepill_f103c8/lib739/libcm.a(codal_target_hal.o)
                0x0000000008002e76                tcb_configure_stack_base
 .text.tcb_get_stack_base
                0x0000000008002e7a        0x4 .pioenvs/bluepill_f103c8/lib739/libcm.a(codal_target_hal.o)
                0x0000000008002e7a                tcb_get_stack_base
 .text.get_current_sp
                0x0000000008002e7e        0x4 .pioenvs/bluepill_f103c8/lib739/libcm.a(codal_target_hal.o)
                0x0000000008002e7e                get_current_sp
 .text.tcb_get_sp
                0x0000000008002e82        0x4 .pioenvs/bluepill_f103c8/lib739/libcm.a(codal_target_hal.o)
                0x0000000008002e82                tcb_get_sp
 .text.tcb_configure_args
                0x0000000008002e86        0x8 .pioenvs/bluepill_f103c8/lib739/libcm.a(codal_target_hal.o)
                0x0000000008002e86                tcb_configure_args
 .text._fini    0x0000000008002e8e        0x2 .pioenvs/bluepill_f103c8/lib739/libcm.a(codal_target_hal.o)
                0x0000000008002e8e                _fini
 .text.__aeabi_atexit
                0x0000000008002e90        0x4 .pioenvs/bluepill_f103c8/lib739/libcm.a(codal_target_hal.o)
                0x0000000008002e90                __aeabi_atexit
 .text._ZN5codal14string_reverseEPc
                0x0000000008002e94       0x2a .pioenvs/bluepill_f103c8/lib23d/libcodal-core.a(CodalCompat.o)
                0x0000000008002e94                codal::string_reverse(char*)
 .text._ZN5codal4itoaEiPc
                0x0000000008002ebe       0x50 .pioenvs/bluepill_f103c8/lib23d/libcodal-core.a(CodalCompat.o)
                0x0000000008002ebe                codal::itoa(int, char*)
 .text._ZN5codal11queue_fiberEPNS_5FiberEPS1_
                0x0000000008002f0e       0x2e .pioenvs/bluepill_f103c8/lib23d/libcodal-core.a(CodalFiber.o)
                0x0000000008002f0e                codal::queue_fiber(codal::Fiber*, codal::Fiber**)
 .text._ZN5codal13dequeue_fiberEPNS_5FiberE
                0x0000000008002f3c       0x34 .pioenvs/bluepill_f103c8/lib23d/libcodal-core.a(CodalFiber.o)
                0x0000000008002f3c                codal::dequeue_fiber(codal::Fiber*)
 .text._ZN5codal12create_fiberEPFvPvES0_S2_
                0x0000000008002f70       0x1e .pioenvs/bluepill_f103c8/lib23d/libcodal-core.a(CodalFiber.o)
                0x0000000008002f70                codal::create_fiber(void (*)(void*), void*, void (*)(void*))
 .text._ZN5codal20fiber_wait_for_eventEtt
                0x0000000008002f8e       0x12 .pioenvs/bluepill_f103c8/lib23d/libcodal-core.a(CodalFiber.o)
                0x0000000008002f8e                codal::fiber_wait_for_event(unsigned short, unsigned short)
 .text._ZN5codal16launch_new_fiberEPFvvES1_
                0x0000000008002fa0       0x10 .pioenvs/bluepill_f103c8/lib23d/libcodal-core.a(CodalFiber.o)
                0x0000000008002fa0                codal::launch_new_fiber(void (*)(), void (*)())
 .text._ZN5codal13release_fiberEPv
                0x0000000008002fb0       0x12 .pioenvs/bluepill_f103c8/lib23d/libcodal-core.a(CodalFiber.o)
                0x0000000008002fb0                codal::release_fiber(void*)
 .text._ZN5codal22launch_new_fiber_paramEPFvPvES2_S0_
                0x0000000008002fc2       0x1a .pioenvs/bluepill_f103c8/lib23d/libcodal-core.a(CodalFiber.o)
                0x0000000008002fc2                codal::launch_new_fiber_param(void (*)(void*), void (*)(void*), void*)
 .text._ZN5codal9idle_taskEv
                0x0000000008002fdc        0xc .pioenvs/bluepill_f103c8/lib23d/libcodal-core.a(CodalFiber.o)
                0x0000000008002fdc                codal::idle_task()
 .text._Z16device_malloc_injR14HeapDefinition
                0x0000000008002fe8       0x84 .pioenvs/bluepill_f103c8/lib23d/libcodal-core.a(CodalHeapAllocator.o)
                0x0000000008002fe8                device_malloc_in(unsigned int, HeapDefinition&)
 .text._ZN5codal8ListenerC2EttPFvNS_5EventEEt
                0x000000000800306c       0x28 .pioenvs/bluepill_f103c8/lib23d/libcodal-core.a(CodalListener.o)
                0x000000000800306c                codal::Listener::Listener(unsigned short, unsigned short, void (*)(codal::Event), unsigned short)
                0x000000000800306c                codal::Listener::Listener(unsigned short, unsigned short, void (*)(codal::Event), unsigned short)
 .text._ZN5codal8ListenerD2Ev
                0x0000000008003094       0x14 .pioenvs/bluepill_f103c8/lib23d/libcodal-core.a(CodalListener.o)
                0x0000000008003094                codal::Listener::~Listener()
                0x0000000008003094                codal::Listener::~Listener()
 .text._ZN5codal8Listener5queueENS_5EventE
                0x00000000080030a8       0x5c .pioenvs/bluepill_f103c8/lib23d/libcodal-core.a(CodalListener.o)
                0x00000000080030a8                codal::Listener::queue(codal::Event)
 .text._ZN5codal6Serial12initialiseRxEv
                0x0000000008003104       0x4c .pioenvs/bluepill_f103c8/lib23d/libcodal-core.a(Serial.o)
                0x0000000008003104                codal::Serial::initialiseRx()
 .text._ZN5codal6Serial12circularCopyEPhhS1_tt
                0x0000000008003150       0x26 .pioenvs/bluepill_f103c8/lib23d/libcodal-core.a(Serial.o)
                0x0000000008003150                codal::Serial::circularCopy(unsigned char*, unsigned char, unsigned char*, unsigned short, unsigned short)
 .text._ZN5codal6Serial7eventOnENS_13ManagedStringENS_10SerialModeE
                0x0000000008003176       0x26 .pioenvs/bluepill_f103c8/lib23d/libcodal-core.a(Serial.o)
                0x0000000008003176                codal::Serial::eventOn(codal::ManagedString, codal::SerialMode)
 .text._ZN5codal6Serial9readUntilENS_13ManagedStringENS_10SerialModeE
                0x000000000800319c      0x1a6 .pioenvs/bluepill_f103c8/lib23d/libcodal-core.a(Serial.o)
                0x000000000800319c                codal::Serial::readUntil(codal::ManagedString, codal::SerialMode)
 .text._ZN5codal5Timer17disableInterruptsEv
                0x0000000008003342        0xa .pioenvs/bluepill_f103c8/lib23d/libcodal-core.a(Timer.o)
                0x0000000008003342                codal::Timer::disableInterrupts()
 .text._ZN5codal5Timer16enableInterruptsEv
                0x000000000800334c        0xa .pioenvs/bluepill_f103c8/lib23d/libcodal-core.a(Timer.o)
                0x000000000800334c                codal::Timer::enableInterrupts()
 .text._ZN5codal5Timer13getTimerEventEv
                0x0000000008003356       0x22 .pioenvs/bluepill_f103c8/lib23d/libcodal-core.a(Timer.o)
                0x0000000008003356                codal::Timer::getTimerEvent()
 .text._ZN5codal5Timer17releaseTimerEventEPNS_10TimerEventE
                0x0000000008003378        0xe .pioenvs/bluepill_f103c8/lib23d/libcodal-core.a(Timer.o)
                0x0000000008003378                codal::Timer::releaseTimerEvent(codal::TimerEvent*)
 .text._ZN5codal5Timer7getTimeEv
                0x0000000008003386        0xe .pioenvs/bluepill_f103c8/lib23d/libcodal-core.a(Timer.o)
                0x0000000008003386                codal::Timer::getTime()
 .text._ZN5codal5Timer9getTimeUsEv
                0x0000000008003394        0xe .pioenvs/bluepill_f103c8/lib23d/libcodal-core.a(Timer.o)
                0x0000000008003394                codal::Timer::getTimeUs()
 .text._ZN5codal5Timer8setEventEmttb
                0x00000000080033a2       0x66 .pioenvs/bluepill_f103c8/lib23d/libcodal-core.a(Timer.o)
                0x00000000080033a2                codal::Timer::setEvent(unsigned long, unsigned short, unsigned short, bool)
 .text._ZN5codal5Timer12eventEveryUsEmtt
                0x0000000008003408        0xe .pioenvs/bluepill_f103c8/lib23d/libcodal-core.a(Timer.o)
                0x0000000008003408                codal::Timer::eventEveryUs(unsigned long, unsigned short, unsigned short)
 .text._ZN5codal5Timer4syncEm
                0x0000000008003416       0x24 .pioenvs/bluepill_f103c8/lib23d/libcodal-core.a(Timer.o)
                0x0000000008003416                codal::Timer::sync(unsigned long)
 .text._ZN5codal5Timer7triggerEv
                0x000000000800343a       0x92 .pioenvs/bluepill_f103c8/lib23d/libcodal-core.a(Timer.o)
                0x000000000800343a                codal::Timer::trigger()
 .text._ZN5codal5TimerD2Ev
                0x00000000080034cc        0x2 .pioenvs/bluepill_f103c8/lib23d/libcodal-core.a(Timer.o)
                0x00000000080034cc                codal::Timer::~Timer()
                0x00000000080034cc                codal::Timer::~Timer()
 .text._ZN5codal10MessageBus9elementAtEi
                0x00000000080034ce       0x10 .pioenvs/bluepill_f103c8/lib23d/libcodal-core.a(MessageBus.o)
                0x00000000080034ce                codal::MessageBus::elementAt(int)
 .text._ZN5codal22MemberFunctionCallback10methodCallINS_10MessageBusEEEvPvPmNS_5EventE
                0x00000000080034de       0x30 .pioenvs/bluepill_f103c8/lib23d/libcodal-core.a(MessageBus.o)
                0x00000000080034de                void codal::MemberFunctionCallback::methodCall<codal::MessageBus>(void*, unsigned long*, codal::Event)
 .text._Z14async_callbackPv
                0x000000000800350e       0x7c .pioenvs/bluepill_f103c8/lib23d/libcodal-core.a(MessageBus.o)
                0x000000000800350e                async_callback(void*)
 .text._ZThn8_N5codal10MessageBusD1Ev
                0x000000000800358a        0x8 .pioenvs/bluepill_f103c8/lib23d/libcodal-core.a(MessageBus.o)
                0x000000000800358a                non-virtual thunk to codal::MessageBus::~MessageBus()
 .text._ZN5codal10MessageBusD0Ev
                0x0000000008003592       0x12 .pioenvs/bluepill_f103c8/lib23d/libcodal-core.a(MessageBus.o)
                0x0000000008003592                codal::MessageBus::~MessageBus()
 .text._ZThn8_N5codal10MessageBusD0Ev
                0x00000000080035a4        0x8 .pioenvs/bluepill_f103c8/lib23d/libcodal-core.a(MessageBus.o)
                0x00000000080035a4                non-virtual thunk to codal::MessageBus::~MessageBus()
 .text._ZN5codal10MessageBus12dequeueEventEv
                0x00000000080035ac       0x22 .pioenvs/bluepill_f103c8/lib23d/libcodal-core.a(MessageBus.o)
                0x00000000080035ac                codal::MessageBus::dequeueEvent()
 .text._ZN5codal10MessageBus21deleteMarkedListenersEv
                0x00000000080035ce       0x42 .pioenvs/bluepill_f103c8/lib23d/libcodal-core.a(MessageBus.o)
                0x00000000080035ce                codal::MessageBus::deleteMarkedListeners()
 .text._ZN5codal10MessageBus10queueEventERNS_5EventE
                0x0000000008003610       0x5e .pioenvs/bluepill_f103c8/lib23d/libcodal-core.a(MessageBus.o)
                0x0000000008003610                codal::MessageBus::queueEvent(codal::Event&)
 .text._ZN5codal10MessageBus4sendENS_5EventE
                0x000000000800366e       0x16 .pioenvs/bluepill_f103c8/lib23d/libcodal-core.a(MessageBus.o)
                0x000000000800366e                codal::MessageBus::send(codal::Event)
 .text._ZN5codal10MessageBus4idleENS_5EventE
                0x0000000008003684       0x34 .pioenvs/bluepill_f103c8/lib23d/libcodal-core.a(MessageBus.o)
                0x0000000008003684                codal::MessageBus::idle(codal::Event)
 .text._ZN5codal5EventC2Ev
                0x00000000080036b8       0x12 .pioenvs/bluepill_f103c8/lib23d/libcodal-core.a(Event.o)
                0x00000000080036b8                codal::Event::Event()
                0x00000000080036b8                codal::Event::Event()
 .text._ZN5codal5EventC2EttNS_15EventLaunchModeE
                0x00000000080036ca       0x1c .pioenvs/bluepill_f103c8/lib23d/libcodal-core.a(Event.o)
                0x00000000080036ca                codal::Event::Event(unsigned short, unsigned short, codal::EventLaunchMode)
                0x00000000080036ca                codal::Event::Event(unsigned short, unsigned short, codal::EventLaunchMode)
 .text._ZN5codal5EventC2EttmNS_15EventLaunchModeE
                0x00000000080036e6       0x18 .pioenvs/bluepill_f103c8/lib23d/libcodal-core.a(Event.o)
                0x00000000080036e6                codal::Event::Event(unsigned short, unsigned short, unsigned long, codal::EventLaunchMode)
                0x00000000080036e6                codal::Event::Event(unsigned short, unsigned short, unsigned long, codal::EventLaunchMode)
 .text._ZN5codal14EventQueueItemC2ENS_5EventE
                0x00000000080036fe       0x20 .pioenvs/bluepill_f103c8/lib23d/libcodal-core.a(Event.o)
                0x00000000080036fe                codal::EventQueueItem::EventQueueItem(codal::Event)
                0x00000000080036fe                codal::EventQueueItem::EventQueueItem(codal::Event)
 .text._ZN5codal13ManagedStringD2Ev
                0x000000000800371e        0xe .pioenvs/bluepill_f103c8/lib23d/libcodal-core.a(ManagedString.o)
                0x000000000800371e                codal::ManagedString::~ManagedString()
                0x000000000800371e                codal::ManagedString::~ManagedString()
 .text._ZN5codal13ManagedString10initStringEPKci
                0x000000000800372c       0x2e .pioenvs/bluepill_f103c8/lib23d/libcodal-core.a(ManagedString.o)
                0x000000000800372c                codal::ManagedString::initString(char const*, int)
 .text._ZN5codal13ManagedStringC2Ei
                0x000000000800375a       0x22 .pioenvs/bluepill_f103c8/lib23d/libcodal-core.a(ManagedString.o)
                0x000000000800375a                codal::ManagedString::ManagedString(int)
                0x000000000800375a                codal::ManagedString::ManagedString(int)
 .text._ZN5codal13ManagedStringC2ERKS0_
                0x000000000800377c       0x10 .pioenvs/bluepill_f103c8/lib23d/libcodal-core.a(ManagedString.o)
                0x000000000800377c                codal::ManagedString::ManagedString(codal::ManagedString const&)
                0x000000000800377c                codal::ManagedString::ManagedString(codal::ManagedString const&)
 .text._ZN5codal13ManagedStringaSERKS0_
                0x000000000800378c       0x1e .pioenvs/bluepill_f103c8/lib23d/libcodal-core.a(ManagedString.o)
                0x000000000800378c                codal::ManagedString::operator=(codal::ManagedString const&)
 .text._ZN5codal13ManagedString6charAtEs
                0x00000000080037aa       0x18 .pioenvs/bluepill_f103c8/lib23d/libcodal-core.a(ManagedString.o)
                0x00000000080037aa                codal::ManagedString::charAt(short)
 .text._ZL16isReadOnlyInlinePN5codal10RefCountedE
                0x00000000080037c2       0x22 .pioenvs/bluepill_f103c8/lib23d/libcodal-core.a(RefCounted.o)
 .text._ZN5codal10RefCounted4incrEv
                0x00000000080037e4       0x12 .pioenvs/bluepill_f103c8/lib23d/libcodal-core.a(RefCounted.o)
                0x00000000080037e4                codal::RefCounted::incr()
 .text._ZN5codal10RefCounted4decrEv
                0x00000000080037f6       0x22 .pioenvs/bluepill_f103c8/lib23d/libcodal-core.a(RefCounted.o)
                0x00000000080037f6                codal::RefCounted::decr()
 .text._ZN5codal10RefCounted7destroyEv
                0x0000000008003818        0x4 .pioenvs/bluepill_f103c8/lib23d/libcodal-core.a(RefCountedInit.o)
                0x0000000008003818                codal::RefCounted::destroy()
 .text._ZN5codal10RefCounted4initEv
                0x000000000800381c        0x6 .pioenvs/bluepill_f103c8/lib23d/libcodal-core.a(RefCountedInit.o)
                0x000000000800381c                codal::RefCounted::init()
 .text._ZN5codal22MemberFunctionCallback4fireENS_5EventE
                0x0000000008003822       0x18 .pioenvs/bluepill_f103c8/lib23d/libcodal-core.a(MemberFunctionCallback.o)
                0x0000000008003822                codal::MemberFunctionCallback::fire(codal::Event)
 .text._ZN5codal22MemberFunctionCallbackeqERKS0_
                0x000000000800383a       0x20 .pioenvs/bluepill_f103c8/lib23d/libcodal-core.a(MemberFunctionCallback.o)
                0x000000000800383a                codal::MemberFunctionCallback::operator==(codal::MemberFunctionCallback const&)
 .text._ZN5codal13STM32BluePill16periodicCallbackEv
                0x000000000800385a        0x2 .pioenvs/bluepill_f103c8/lib271/libbluepill.a(STM32BluePill.o)
                0x000000000800385a                codal::STM32BluePill::periodicCallback()
 .text._ZN5codal13STM32BluePill12idleCallbackEv
                0x000000000800385c        0x4 .pioenvs/bluepill_f103c8/lib271/libbluepill.a(STM32BluePill.o)
                0x000000000800385c                codal::STM32BluePill::idleCallback()
 .text._ZN5codal13STM32BluePill12disableDebugEv
                0x0000000008003860        0x4 .pioenvs/bluepill_f103c8/lib271/libbluepill.a(STM32BluePill.o)
                0x0000000008003860                codal::STM32BluePill::disableDebug()
 .text.__cxa_pure_virtual
                0x0000000008003864        0x8 .pioenvs/bluepill_f103c8/lib271/libbluepill.a(bluepill.o)
                0x0000000008003864                __cxa_pure_virtual
 .text._Znwj    0x000000000800386c        0x4 .pioenvs/bluepill_f103c8/lib271/libbluepill.a(bluepill.o)
                0x000000000800386c                operator new(unsigned int)
 .text._ZdlPv   0x0000000008003870        0x4 .pioenvs/bluepill_f103c8/lib271/libbluepill.a(bluepill.o)
                0x0000000008003870                operator delete(void*)
 .text.platform_set_alarm
                0x0000000008003874        0x4 .pioenvs/bluepill_f103c8/lib271/libbluepill.a(timer.o)
                0x0000000008003874                platform_set_alarm
 .text.millis   0x0000000008003878        0x4 .pioenvs/bluepill_f103c8/lib271/libbluepill.a(timer.o)
                0x0000000008003878                millis
 .text._ZN13UARTInterfaceC2Ejj
                0x000000000800387c        0x2 .pioenvs/bluepill_f103c8/lib33e/libuartint.a(uartint.o)
                0x000000000800387c                UARTInterface::UARTInterface(unsigned int, unsigned int)
                0x000000000800387c                UARTInterface::UARTInterface(unsigned int, unsigned int)
 .text.gpio_set_mode
                0x000000000800387e       0x62 .pioenvs/bluepill_f103c8/libFrameworkLibOpenCM3.a(gpio.o)
                0x000000000800387e                gpio_set_mode
 .text.gpio_set
                0x00000000080038e0        0x4 .pioenvs/bluepill_f103c8/libFrameworkLibOpenCM3.a(gpio_common_all.o)
                0x00000000080038e0                gpio_set
 .text.gpio_clear
                0x00000000080038e4        0x6 .pioenvs/bluepill_f103c8/libFrameworkLibOpenCM3.a(gpio_common_all.o)
                0x00000000080038e4                gpio_clear
 .text.usart_recv
                0x00000000080038ea        0x8 .pioenvs/bluepill_f103c8/libFrameworkLibOpenCM3.a(usart_common_f124.o)
                0x00000000080038ea                usart_recv
 .text.rcc_periph_clock_enable
                0x00000000080038f2       0x1a .pioenvs/bluepill_f103c8/libFrameworkLibOpenCM3.a(rcc_common_all.o)
                0x00000000080038f2                rcc_periph_clock_enable
 .text.blocking_handler
                0x000000000800390c        0x2 .pioenvs/bluepill_f103c8/libFrameworkLibOpenCM3.a(vector.o)
                0x000000000800390c                exti0_isr
                0x000000000800390c                tim7_isr
                0x000000000800390c                adc1_2_isr
                0x000000000800390c                tim1_trg_com_isr
                0x000000000800390c                usb_hp_can_tx_isr
                0x000000000800390c                tim6_isr
                0x000000000800390c                usb_wakeup_isr
                0x000000000800390c                blocking_handler
                0x000000000800390c                tim5_isr
                0x000000000800390c                otg_fs_isr
                0x000000000800390c                spi1_isr
                0x000000000800390c                exti2_isr
                0x000000000800390c                dma1_channel6_isr
                0x000000000800390c                can_rx1_isr
                0x000000000800390c                dma1_channel5_isr
                0x000000000800390c                dma2_channel5_isr
                0x000000000800390c                usart1_isr
                0x000000000800390c                usage_fault_handler
                0x000000000800390c                tim8_trg_com_isr
                0x000000000800390c                can2_rx0_isr
                0x000000000800390c                tim1_brk_isr
                0x000000000800390c                can2_rx1_isr
                0x000000000800390c                tim1_cc_isr
                0x000000000800390c                sdio_isr
                0x000000000800390c                eth_isr
                0x000000000800390c                dma1_channel4_isr
                0x000000000800390c                tim8_brk_isr
                0x000000000800390c                dma2_channel4_5_isr
                0x000000000800390c                pvd_isr
                0x000000000800390c                rcc_isr
                0x000000000800390c                flash_isr
                0x000000000800390c                uart4_isr
                0x000000000800390c                exti15_10_isr
                0x000000000800390c                hard_fault_handler
                0x000000000800390c                exti1_isr
                0x000000000800390c                i2c1_ev_isr
                0x000000000800390c                dma2_channel1_isr
                0x000000000800390c                spi2_isr
                0x000000000800390c                tim8_up_isr
                0x000000000800390c                dma2_channel2_isr
                0x000000000800390c                exti3_isr
                0x000000000800390c                adc3_isr
                0x000000000800390c                tim3_isr
                0x000000000800390c                usb_lp_can_rx0_isr
                0x000000000800390c                i2c2_er_isr
                0x000000000800390c                i2c2_ev_isr
                0x000000000800390c                uart5_isr
                0x000000000800390c                fsmc_isr
                0x000000000800390c                dma1_channel1_isr
                0x000000000800390c                exti4_isr
                0x000000000800390c                mem_manage_handler
                0x000000000800390c                can2_tx_isr
                0x000000000800390c                exti9_5_isr
                0x000000000800390c                dma2_channel3_isr
                0x000000000800390c                dma1_channel7_isr
                0x000000000800390c                tim1_up_isr
                0x000000000800390c                can2_sce_isr
                0x000000000800390c                tim4_isr
                0x000000000800390c                dma1_channel2_isr
                0x000000000800390c                i2c1_er_isr
                0x000000000800390c                can_sce_isr
                0x000000000800390c                tim8_cc_isr
                0x000000000800390c                tamper_isr
                0x000000000800390c                eth_wkup_isr
                0x000000000800390c                bus_fault_handler
                0x000000000800390c                wwdg_isr
                0x000000000800390c                dma1_channel3_isr
                0x000000000800390c                spi3_isr
                0x000000000800390c                tim2_isr
                0x000000000800390c                usart3_isr
 .text.null_handler
                0x000000000800390e        0x2 .pioenvs/bluepill_f103c8/libFrameworkLibOpenCM3.a(vector.o)
                0x000000000800390e                null_handler
                0x000000000800390e                sv_call_handler
                0x000000000800390e                pend_sv_handler
                0x000000000800390e                debug_monitor_handler
                0x000000000800390e                sys_tick_handler
                0x000000000800390e                nmi_handler
 .text.nvic_enable_irq
                0x0000000008003910       0x1a .pioenvs/bluepill_f103c8/libFrameworkLibOpenCM3.a(nvic.o)
                0x0000000008003910                nvic_enable_irq
 .text.memcmp   0x000000000800392a       0x1e .pioenvs/bluepill_f103c8/lib49c/libnewlib.a(memcmp.o)
                0x000000000800392a                memcmp
 .text.memcpy   0x0000000008003948       0x1c .pioenvs/bluepill_f103c8/lib49c/libnewlib.a(memcpy.o)
                0x0000000008003948                memcpy
 .text.memset   0x0000000008003964       0x10 .pioenvs/bluepill_f103c8/lib49c/libnewlib.a(memset.o)
                0x0000000008003964                memset
 .text._ZN5codal3_cm3I2C12setFrequencyEm
                0x0000000008003974        0x4 .pioenvs/bluepill_f103c8/lib739/libcm.a(CmI2C.o)
                0x0000000008003974                codal::_cm::I2C::setFrequency(unsigned long)
 .text._ZN5codal3_cm3I2C5writeEtPhib
                0x0000000008003978        0x4 .pioenvs/bluepill_f103c8/lib739/libcm.a(CmI2C.o)
                0x0000000008003978                codal::_cm::I2C::read(unsigned short, unsigned char*, int, bool)
                0x0000000008003978                codal::_cm::I2C::write(unsigned short, unsigned char*, int, bool)
 .text._ZN5codal3_cm3I2C12readRegisterEthPhib
                0x000000000800397c        0x4 .pioenvs/bluepill_f103c8/lib739/libcm.a(CmI2C.o)
                0x000000000800397c                codal::_cm::I2C::readRegister(unsigned short, unsigned char, unsigned char*, int, bool)
 .text._ZN5codal3_cm3SPI12setFrequencyEm
                0x0000000008003980        0xc .pioenvs/bluepill_f103c8/lib739/libcm.a(CmSPI.o)
                0x0000000008003980                codal::_cm::SPI::setFrequency(unsigned long)
 .text._ZN5codal3_cm3SPI5writeEi
                0x000000000800398c        0xe .pioenvs/bluepill_f103c8/lib739/libcm.a(CmSPI.o)
                0x000000000800398c                codal::_cm::SPI::write(int)
 .text._ZN5codal3_cm3SPI8transferEPKhmPhm
                0x000000000800399a        0x4 .pioenvs/bluepill_f103c8/lib739/libcm.a(CmSPI.o)
                0x000000000800399a                codal::_cm::SPI::transfer(unsigned char const*, unsigned long, unsigned char*, unsigned long)
 .text._ZN5codal3_cm3SPI7setModeEii
                0x000000000800399e       0x18 .pioenvs/bluepill_f103c8/lib739/libcm.a(CmSPI.o)
                0x000000000800399e                codal::_cm::SPI::setMode(int, int)
 .text._ZN5codal3_cm16_codal_setup_pinEPNS0_3PinEmPK6PinMap
                0x00000000080039b6       0x54 .pioenvs/bluepill_f103c8/lib739/libcm.a(CmSPI.o)
                0x00000000080039b6                codal::_cm::_codal_setup_pin(codal::_cm::Pin*, unsigned long, PinMap const*)
 .text._ZN5codal3_cm3SPI13startTransferEPKhmPhmPFvPvES5_
                0x0000000008003a0a       0x28 .pioenvs/bluepill_f103c8/lib739/libcm.a(CmSPI.o)
                0x0000000008003a0a                codal::_cm::SPI::startTransfer(unsigned char const*, unsigned long, unsigned char*, unsigned long, void (*)(void*), void*)
 .text._ZN5codal3I2C12setFrequencyEm
                0x0000000008003a32        0x6 .pioenvs/bluepill_f103c8/lib23d/libcodal-core.a(I2C.o)
                0x0000000008003a32                codal::I2C::setFrequency(unsigned long)
 .text._ZN5codal3I2C5startEv
                0x0000000008003a38        0x6 .pioenvs/bluepill_f103c8/lib23d/libcodal-core.a(I2C.o)
                0x0000000008003a38                codal::I2C::stop()
                0x0000000008003a38                codal::I2C::start()
 .text._ZN5codal3I2C5writeEh
                0x0000000008003a3e        0x6 .pioenvs/bluepill_f103c8/lib23d/libcodal-core.a(I2C.o)
                0x0000000008003a3e                codal::I2C::read(codal::AcknowledgeType)
                0x0000000008003a3e                codal::I2C::write(unsigned char)
 .text._ZN5codal3I2C13writeRegisterEthh
                0x0000000008003a44       0x1c .pioenvs/bluepill_f103c8/lib23d/libcodal-core.a(I2C.o)
                0x0000000008003a44                codal::I2C::writeRegister(unsigned short, unsigned char, unsigned char)
 .text._ZN5codal3I2C5writeEtPhib
                0x0000000008003a60       0x50 .pioenvs/bluepill_f103c8/lib23d/libcodal-core.a(I2C.o)
                0x0000000008003a60                codal::I2C::write(unsigned short, unsigned char*, int, bool)
 .text._ZN5codal3I2C4readEtPhib
                0x0000000008003ab0       0x64 .pioenvs/bluepill_f103c8/lib23d/libcodal-core.a(I2C.o)
                0x0000000008003ab0                codal::I2C::read(unsigned short, unsigned char*, int, bool)
 .text._ZN5codal3I2C5writeEth
                0x0000000008003b14       0x1c .pioenvs/bluepill_f103c8/lib23d/libcodal-core.a(I2C.o)
                0x0000000008003b14                codal::I2C::write(unsigned short, unsigned char)
 .text._ZN5codal3I2C12readRegisterEthPhib
                0x0000000008003b30       0x42 .pioenvs/bluepill_f103c8/lib23d/libcodal-core.a(I2C.o)
                0x0000000008003b30                codal::I2C::readRegister(unsigned short, unsigned char, unsigned char*, int, bool)
                0x0000000008003b74                . = ALIGN (0x4)
 *fill*         0x0000000008003b72        0x2 
 *(SORT_BY_ALIGNMENT(.rodata*))
 .rodata._ZTVN5codal14CodalComponentE
                0x0000000008003b74       0x1c .pioenvs/bluepill_f103c8/src/main.o
                0x0000000008003b74                vtable for codal::CodalComponent
 .rodata._ZTVN5codal3_cm3PinE
                0x0000000008003b90       0x54 .pioenvs/bluepill_f103c8/lib739/libcm.a(CmPin.o)
                0x0000000008003b90                vtable for codal::_cm::Pin
 .rodata._ZTVN5codal3_cm6SerialE
                0x0000000008003be4       0x38 .pioenvs/bluepill_f103c8/lib739/libcm.a(CmSerial.o)
                0x0000000008003be4                vtable for codal::_cm::Serial
 .rodata._ZTVN5codal3_cm5TimerE
                0x0000000008003c1c       0x18 .pioenvs/bluepill_f103c8/lib739/libcm.a(CmTimer.o)
                0x0000000008003c1c                vtable for codal::_cm::Timer
 .rodata._ZTVN5codal6SerialE
                0x0000000008003c34       0x38 .pioenvs/bluepill_f103c8/lib23d/libcodal-core.a(Serial.o)
                0x0000000008003c34                vtable for codal::Serial
 .rodata._ZTVN5codal5TimerE
                0x0000000008003c6c       0x18 .pioenvs/bluepill_f103c8/lib23d/libcodal-core.a(Timer.o)
                0x0000000008003c6c                vtable for codal::Timer
 .rodata._ZTVN5codal10EventModelE
                0x0000000008003c84       0x14 .pioenvs/bluepill_f103c8/lib23d/libcodal-core.a(MessageBus.o)
                0x0000000008003c84                vtable for codal::EventModel
 .rodata._ZTVN5codal10MessageBusE
                0x0000000008003c98       0x3c .pioenvs/bluepill_f103c8/lib23d/libcodal-core.a(MessageBus.o)
                0x0000000008003c98                vtable for codal::MessageBus
 .rodata._ZL9emptyData
                0x0000000008003cd4        0x4 .pioenvs/bluepill_f103c8/lib23d/libcodal-core.a(ManagedString.o)
 .rodata._ZTVN5codal13STM32BluePillE
                0x0000000008003cd8       0x1c .pioenvs/bluepill_f103c8/lib271/libbluepill.a(STM32BluePill.o)
                0x0000000008003cd8                vtable for codal::STM32BluePill
 .rodata.PinMap_SPI_MISO
                0x0000000008003cf4       0x48 .pioenvs/bluepill_f103c8/lib271/libbluepill.a(STM32BluePillIO.o)
                0x0000000008003cf4                PinMap_SPI_MISO
 .rodata.PinMap_SPI_MOSI
                0x0000000008003d3c       0x48 .pioenvs/bluepill_f103c8/lib271/libbluepill.a(STM32BluePillIO.o)
                0x0000000008003d3c                PinMap_SPI_MOSI
 .rodata.PinMap_SPI_NSS
                0x0000000008003d84       0x48 .pioenvs/bluepill_f103c8/lib271/libbluepill.a(STM32BluePillIO.o)
                0x0000000008003d84                PinMap_SPI_NSS
 .rodata.PinMap_SPI_SCK
                0x0000000008003dcc       0x48 .pioenvs/bluepill_f103c8/lib271/libbluepill.a(STM32BluePillIO.o)
                0x0000000008003dcc                PinMap_SPI_SCK
 .rodata._ZTVN5codal3_cm3I2CE
                0x0000000008003e14       0x2c .pioenvs/bluepill_f103c8/lib739/libcm.a(CmI2C.o)
                0x0000000008003e14                vtable for codal::_cm::I2C
 .rodata._ZTVN5codal3_cm3SPIE
                0x0000000008003e40       0x1c .pioenvs/bluepill_f103c8/lib739/libcm.a(CmSPI.o)
                0x0000000008003e40                vtable for codal::_cm::SPI
 .rodata._ZTVN5codal3I2CE
                0x0000000008003e5c       0x2c .pioenvs/bluepill_f103c8/lib23d/libcodal-core.a(I2C.o)
                0x0000000008003e5c                vtable for codal::I2C
 .rodata._Z10debug_dumpv.str1.1
                0x0000000008003e88        0xc .pioenvs/bluepill_f103c8/src/main.o
                                          0xd (size before relaxing)
 .rodata._Z11debug_printi.str1.1
                0x0000000008003e94        0x4 .pioenvs/bluepill_f103c8/libd9b/liblogger.a(logger.o)
 .rodata._Z11debug_printj.str1.1
                0x0000000008003e98        0xb .pioenvs/bluepill_f103c8/libd9b/liblogger.a(logger.o)
 .rodata.debug_println.str1.1
                0x0000000008003ea3        0x2 .pioenvs/bluepill_f103c8/libd9b/liblogger.a(logger.o)
 .rodata._ZN5codal3_cm3Pin15setDigitalValueEi.str1.1
                0x0000000008003ea5       0x42 .pioenvs/bluepill_f103c8/lib739/libcm.a(CmPin.o)
 .rodata._ZN5codal3_cm3PinC2EhmmtNS_13PinCapabilityE.str1.1
                0x0000000008003ee7        0xa .pioenvs/bluepill_f103c8/lib739/libcm.a(CmPin.o)
 .rodata._ZN5codal3_cm3PinC2Ei7PinNameNS_13PinCapabilityE.str1.1
                0x0000000008003ef1        0xf .pioenvs/bluepill_f103c8/lib739/libcm.a(CmPin.o)
                                         0x17 (size before relaxing)
 .rodata.target_panic.str1.1
                0x0000000008003f00       0x13 .pioenvs/bluepill_f103c8/lib739/libcm.a(codal_target_hal.o)
 .rodata.target_wait.str1.1
                0x0000000008003f13       0x10 .pioenvs/bluepill_f103c8/lib739/libcm.a(codal_target_hal.o)
 .rodata.test_codal.str1.1
                0x0000000008003f23       0x2d .pioenvs/bluepill_f103c8/lib739/libcm.a(codal_target_hal.o)
 .rodata.platform_setup.str1.1
                0x0000000008003f50       0x13 .pioenvs/bluepill_f103c8/lib271/libbluepill.a(bluepill.o)
 .rodata._ZN5codal3_cm3SPIC2ERNS0_3PinES3_S3_.str1.1
                0x0000000008003f63       0x22 .pioenvs/bluepill_f103c8/lib739/libcm.a(CmSPI.o)
                                         0x23 (size before relaxing)
 .rodata._ZN5codal3_cm3SPIC2ERNS0_3PinES3_S3_S3_.str1.1
                0x0000000008003f85        0x6 .pioenvs/bluepill_f103c8/lib739/libcm.a(CmSPI.o)
                                         0x10 (size before relaxing)
 .rodata.pinmap_cnf.str1.1
                0x0000000008003f8b       0x19 .pioenvs/bluepill_f103c8/lib739/libcm.a(CmPinMap.o)
 .rodata.pinmap_mode.str1.1
                0x0000000008003fa4       0x1a .pioenvs/bluepill_f103c8/lib739/libcm.a(CmPinMap.o)
 .rodata.pinmap_peripheral.str1.1
                0x0000000008003fbe       0x20 .pioenvs/bluepill_f103c8/lib739/libcm.a(CmPinMap.o)
                0x0000000008003fe0                . = ALIGN (0x4)
 *fill*         0x0000000008003fde        0x2 

.glue_7         0x0000000008003fe0        0x0
 .glue_7        0x0000000008003fe0        0x0 linker stubs

.glue_7t        0x0000000008003fe0        0x0
 .glue_7t       0x0000000008003fe0        0x0 linker stubs

.vfp11_veneer   0x0000000008003fe0        0x0
 .vfp11_veneer  0x0000000008003fe0        0x0 linker stubs

.v4_bx          0x0000000008003fe0        0x0
 .v4_bx         0x0000000008003fe0        0x0 linker stubs

.iplt           0x0000000008003fe0        0x0
 .iplt          0x0000000008003fe0        0x0 asm/CortexContextSwitch.s.o

.rel.dyn        0x0000000008003fe0        0x0
 .rel.iplt      0x0000000008003fe0        0x0 asm/CortexContextSwitch.s.o

.preinit_array  0x0000000008003fe0        0x0
                0x0000000008003fe0                . = ALIGN (0x4)
                0x0000000008003fe0                __preinit_array_start = .
 *(SORT_BY_ALIGNMENT(.preinit_array))
                0x0000000008003fe0                __preinit_array_end = .

.init_array     0x0000000008003fe0       0x10
                0x0000000008003fe0                . = ALIGN (0x4)
                0x0000000008003fe0                __init_array_start = .
 *(SORT_BY_NAME(SORT_BY_ALIGNMENT(.init_array.*)))
 *(SORT_BY_ALIGNMENT(.init_array))
 .init_array    0x0000000008003fe0        0x4 .pioenvs/bluepill_f103c8/src/main.o
 .init_array    0x0000000008003fe4        0x4 .pioenvs/bluepill_f103c8/src/uart.o
 .init_array    0x0000000008003fe8        0x4 .pioenvs/bluepill_f103c8/lib23d/libcodal-core.a(ManagedString.o)
 .init_array    0x0000000008003fec        0x4 .pioenvs/bluepill_f103c8/lib33e/libuartint.a(uartint.o)
                0x0000000008003ff0                __init_array_end = .

.fini_array     0x0000000008003ff0        0x0
                0x0000000008003ff0                . = ALIGN (0x4)
                0x0000000008003ff0                __fini_array_start = .
 *(SORT_BY_ALIGNMENT(.fini_array))
 *(SORT_BY_NAME(SORT_BY_ALIGNMENT(.fini_array.*)))
                0x0000000008003ff0                __fini_array_end = .

.ARM.extab
 *(SORT_BY_ALIGNMENT(.ARM.extab*))

.ARM.exidx      0x0000000008003ff0        0x0
                0x0000000008003ff0                __exidx_start = .
 *(SORT_BY_ALIGNMENT(.ARM.exidx*))
                0x0000000008003ff0                __exidx_end = .
                0x0000000008003ff0                . = ALIGN (0x4)
                0x0000000008003ff0                _etext = .

.data           0x0000000020000000       0x14 load address 0x0000000008003ff0
                0x0000000020000000                _data = .
 *(SORT_BY_ALIGNMENT(.data*))
 .data.codal_heap_start
                0x0000000020000000        0x4 .pioenvs/bluepill_f103c8/lib739/libcm.a(codal_target_hal.o)
                0x0000000020000000                codal_heap_start
 .data.rcc_ahb_frequency
                0x0000000020000004        0x4 .pioenvs/bluepill_f103c8/libFrameworkLibOpenCM3.a(rcc.o)
                0x0000000020000004                rcc_ahb_frequency
 .data.rcc_apb1_frequency
                0x0000000020000008        0x4 .pioenvs/bluepill_f103c8/libFrameworkLibOpenCM3.a(rcc.o)
                0x0000000020000008                rcc_apb1_frequency
 .data.rcc_apb2_frequency
                0x000000002000000c        0x4 .pioenvs/bluepill_f103c8/libFrameworkLibOpenCM3.a(rcc.o)
                0x000000002000000c                rcc_apb2_frequency
 .data._ZL12userNotifyId
                0x0000000020000010        0x2 .pioenvs/bluepill_f103c8/lib23d/libcodal-core.a(MessageBus.o)
                0x0000000020000014                . = ALIGN (0x4)
 *fill*         0x0000000020000012        0x2 
                0x0000000020000014                _edata = .
                0x0000000008003ff0                _data_loadaddr = LOADADDR (.data)

.igot.plt       0x0000000020000014        0x0 load address 0x0000000008004004
 .igot.plt      0x0000000020000014        0x0 asm/CortexContextSwitch.s.o

.bss            0x0000000020000014     0x1710 load address 0x0000000008004004
 *(SORT_BY_ALIGNMENT(.bss*))
 .bss.bluepill  0x0000000020000014     0x1040 .pioenvs/bluepill_f103c8/src/main.o
                0x0000000020000014                bluepill
 .bss.msgQList  0x0000000020001054       0x20 .pioenvs/bluepill_f103c8/libea7/libcocoOS_5.0.3.a(os_msgqueue.o)
 .bss.task_list
                0x0000000020001074       0x8c .pioenvs/bluepill_f103c8/libea7/libcocoOS_5.0.3.a(os_task.o)
 .bss._ZN5codal3_cm5Timer8instanceE
                0x0000000020001100        0x4 .pioenvs/bluepill_f103c8/lib739/libcm.a(CmTimer.o)
                0x0000000020001100                codal::_cm::Timer::instance
 .bss._ZL13tick_callback
                0x0000000020001104        0x4 .pioenvs/bluepill_f103c8/lib739/libcm.a(codal_target_hal.o)
 .bss.__dso_handle
                0x0000000020001108        0x4 .pioenvs/bluepill_f103c8/lib739/libcm.a(codal_target_hal.o)
                0x0000000020001108                __dso_handle
 .bss._ZN5codal14CodalComponent10componentsE
                0x000000002000110c       0xf0 .pioenvs/bluepill_f103c8/lib23d/libcodal-core.a(CodalComponent.o)
                0x000000002000110c                codal::CodalComponent::components
 .bss._ZL14dmesg_flush_fn
                0x00000000200011fc        0x4 .pioenvs/bluepill_f103c8/lib23d/libcodal-core.a(CodalDmesg.o)
 .bss.codalLogStore
                0x0000000020001200      0x404 .pioenvs/bluepill_f103c8/lib23d/libcodal-core.a(CodalDmesg.o)
                0x0000000020001200                codalLogStore
 .bss._ZN5codal12currentFiberE
                0x0000000020001604        0x4 .pioenvs/bluepill_f103c8/lib23d/libcodal-core.a(CodalFiber.o)
                0x0000000020001604                codal::currentFiber
 .bss._ZN5codalL10messageBusE
                0x0000000020001608        0x4 .pioenvs/bluepill_f103c8/lib23d/libcodal-core.a(CodalFiber.o)
 .bss._ZN5codalL10sleepQueueE
                0x000000002000160c        0x4 .pioenvs/bluepill_f103c8/lib23d/libcodal-core.a(CodalFiber.o)
 .bss._ZN5codalL11forkedFiberE
                0x0000000020001610        0x4 .pioenvs/bluepill_f103c8/lib23d/libcodal-core.a(CodalFiber.o)
 .bss._ZN5codalL8runQueueE
                0x0000000020001614        0x4 .pioenvs/bluepill_f103c8/lib23d/libcodal-core.a(CodalFiber.o)
 .bss._ZN5codalL9fiberPoolE
                0x0000000020001618        0x4 .pioenvs/bluepill_f103c8/lib23d/libcodal-core.a(CodalFiber.o)
 .bss._ZN5codalL9idleFiberE
                0x000000002000161c        0x4 .pioenvs/bluepill_f103c8/lib23d/libcodal-core.a(CodalFiber.o)
 .bss._ZN5codalL9waitQueueE
                0x0000000020001620        0x4 .pioenvs/bluepill_f103c8/lib23d/libcodal-core.a(CodalFiber.o)
 .bss.heap      0x0000000020001624        0x8 .pioenvs/bluepill_f103c8/lib23d/libcodal-core.a(CodalHeapAllocator.o)
                0x0000000020001624                heap
 .bss._ZN5codal12system_timerE
                0x000000002000162c        0x4 .pioenvs/bluepill_f103c8/lib23d/libcodal-core.a(Timer.o)
                0x000000002000162c                codal::system_timer
 .bss._ZN5codal10EventModel15defaultEventBusE
                0x0000000020001630        0x4 .pioenvs/bluepill_f103c8/lib23d/libcodal-core.a(Event.o)
                0x0000000020001630                codal::EventModel::defaultEventBus
 .bss._ZN5codal13ManagedString11EmptyStringE
                0x0000000020001634        0x4 .pioenvs/bluepill_f103c8/lib23d/libcodal-core.a(ManagedString.o)
                0x0000000020001634                codal::ManagedString::EmptyString
 .bss._ZL10alarmCount
                0x0000000020001638        0x4 .pioenvs/bluepill_f103c8/lib271/libbluepill.a(timer.o)
 .bss._ZL8tickFunc
                0x000000002000163c        0x4 .pioenvs/bluepill_f103c8/lib271/libbluepill.a(timer.o)
 .bss._ZL9tickCount
                0x0000000020001640        0x4 .pioenvs/bluepill_f103c8/lib271/libbluepill.a(timer.o)
 .bss._ZL13responseQueue
                0x0000000020001644       0x6c .pioenvs/bluepill_f103c8/lib33e/libuartint.a(uartint.o)
 .bss._ZN5codal3_cmL10_instancesE
                0x00000000200016b0       0x10 .pioenvs/bluepill_f103c8/lib739/libcm.a(CmSPI.o)
 .bss.serialPort
                0x00000000200016c0        0x1 .pioenvs/bluepill_f103c8/src/uart.o
                0x00000000200016c0                serialPort
 .bss._ZL10logEnabled
                0x00000000200016c1        0x1 .pioenvs/bluepill_f103c8/libd9b/liblogger.a(logger.o)
 .bss._ZL11debugBuffer
                0x00000000200016c2       0x51 .pioenvs/bluepill_f103c8/libd9b/liblogger.a(logger.o)
 .bss.nEvents   0x0000000020001713        0x1 .pioenvs/bluepill_f103c8/libea7/libcocoOS_5.0.3.a(os_event.o)
 .bss.nQueues   0x0000000020001714        0x1 .pioenvs/bluepill_f103c8/libea7/libcocoOS_5.0.3.a(os_msgqueue.o)
 .bss.nSemaphores
                0x0000000020001715        0x1 .pioenvs/bluepill_f103c8/libea7/libcocoOS_5.0.3.a(os_sem.o)
 .bss.nTasks    0x0000000020001716        0x1 .pioenvs/bluepill_f103c8/libea7/libcocoOS_5.0.3.a(os_task.o)
 .bss._ZL11initialised
                0x0000000020001717        0x1 .pioenvs/bluepill_f103c8/lib739/libcm.a(codal_target_hal.o)
 .bss._ZN5codal14CodalComponent13configurationE
                0x0000000020001718        0x1 .pioenvs/bluepill_f103c8/lib23d/libcodal-core.a(CodalComponent.o)
                0x0000000020001718                codal::CodalComponent::configuration
 .bss._ZN5codalL11fiber_flagsE
                0x0000000020001719        0x1 .pioenvs/bluepill_f103c8/lib23d/libcodal-core.a(CodalFiber.o)
 .bss._ZZ13device_mallocE11initialised
                0x000000002000171a        0x1 .pioenvs/bluepill_f103c8/lib23d/libcodal-core.a(CodalHeapAllocator.o)
 .bss.heap_count
                0x000000002000171b        0x1 .pioenvs/bluepill_f103c8/lib23d/libcodal-core.a(CodalHeapAllocator.o)
                0x000000002000171b                heap_count
 .bss._ZL12debugEnabled
                0x000000002000171c        0x1 .pioenvs/bluepill_f103c8/lib271/libbluepill.a(bluepill.o)
 .bss._ZZ20platform_start_timerE12timerStarted
                0x000000002000171d        0x1 .pioenvs/bluepill_f103c8/lib271/libbluepill.a(timer.o)
 *(SORT_BY_ALIGNMENT(COMMON))
 COMMON         0x000000002000171e        0x3 .pioenvs/bluepill_f103c8/libea7/libcocoOS_5.0.3.a(os_kernel.o)
                0x000000002000171e                running_tid
                0x000000002000171f                running
                0x0000000020001720                last_running_task
                0x0000000020001724                . = ALIGN (0x4)
 *fill*         0x0000000020001721        0x3 
                0x0000000020001724                _ebss = .

/DISCARD/
 *(SORT_BY_ALIGNMENT(.eh_frame))
                0x0000000020001724                . = ALIGN (0x4)
                0x0000000020001724                end = .
                0x0000000020005000                PROVIDE (_stack, (ORIGIN (ram) + LENGTH (ram)))
OUTPUT(.pioenvs/bluepill_f103c8/firmware.elf elf32-littlearm)

.ARM.attributes
                0x0000000000000000       0x2f
 .ARM.attributes
                0x0000000000000000       0x21 asm/CortexContextSwitch.s.o
 .ARM.attributes
                0x0000000000000021       0x33 .pioenvs/bluepill_f103c8/src/main.o
 .ARM.attributes
                0x0000000000000054       0x33 .pioenvs/bluepill_f103c8/src/uart.o
 .ARM.attributes
                0x0000000000000087       0x33 .pioenvs/bluepill_f103c8/libd9b/liblogger.a(logger.o)
 .ARM.attributes
                0x00000000000000ba       0x33 .pioenvs/bluepill_f103c8/libea7/libcocoOS_5.0.3.a(os_event.o)
 .ARM.attributes
                0x00000000000000ed       0x33 .pioenvs/bluepill_f103c8/libea7/libcocoOS_5.0.3.a(os_kernel.o)
 .ARM.attributes
                0x0000000000000120       0x33 .pioenvs/bluepill_f103c8/libea7/libcocoOS_5.0.3.a(os_msgqueue.o)
 .ARM.attributes
                0x0000000000000153       0x33 .pioenvs/bluepill_f103c8/libea7/libcocoOS_5.0.3.a(os_sem.o)
 .ARM.attributes
                0x0000000000000186       0x33 .pioenvs/bluepill_f103c8/libea7/libcocoOS_5.0.3.a(os_task.o)
 .ARM.attributes
                0x00000000000001b9       0x33 .pioenvs/bluepill_f103c8/lib49c/libnewlib.a(strlen.o)
 .ARM.attributes
                0x00000000000001ec       0x33 .pioenvs/bluepill_f103c8/lib49c/libnewlib.a(strncat.o)
 .ARM.attributes
                0x000000000000021f       0x33 .pioenvs/bluepill_f103c8/lib739/libcm.a(CmPin.o)
 .ARM.attributes
                0x0000000000000252       0x33 .pioenvs/bluepill_f103c8/lib739/libcm.a(CmSerial.o)
 .ARM.attributes
                0x0000000000000285       0x33 .pioenvs/bluepill_f103c8/lib739/libcm.a(CmTimer.o)
 .ARM.attributes
                0x00000000000002b8       0x33 .pioenvs/bluepill_f103c8/lib739/libcm.a(codal_target_hal.o)
 .ARM.attributes
                0x00000000000002eb       0x33 .pioenvs/bluepill_f103c8/lib23d/libcodal-core.a(CodalCompat.o)
 .ARM.attributes
                0x000000000000031e       0x33 .pioenvs/bluepill_f103c8/lib23d/libcodal-core.a(CodalComponent.o)
 .ARM.attributes
                0x0000000000000351       0x33 .pioenvs/bluepill_f103c8/lib23d/libcodal-core.a(CodalDmesg.o)
 .ARM.attributes
                0x0000000000000384       0x33 .pioenvs/bluepill_f103c8/lib23d/libcodal-core.a(CodalFiber.o)
 .ARM.attributes
                0x00000000000003b7       0x33 .pioenvs/bluepill_f103c8/lib23d/libcodal-core.a(CodalHeapAllocator.o)
 .ARM.attributes
                0x00000000000003ea       0x33 .pioenvs/bluepill_f103c8/lib23d/libcodal-core.a(CodalListener.o)
 .ARM.attributes
                0x000000000000041d       0x33 .pioenvs/bluepill_f103c8/lib23d/libcodal-core.a(Serial.o)
 .ARM.attributes
                0x0000000000000450       0x33 .pioenvs/bluepill_f103c8/lib23d/libcodal-core.a(Timer.o)
 .ARM.attributes
                0x0000000000000483       0x33 .pioenvs/bluepill_f103c8/lib23d/libcodal-core.a(MessageBus.o)
 .ARM.attributes
                0x00000000000004b6       0x33 .pioenvs/bluepill_f103c8/lib23d/libcodal-core.a(Event.o)
 .ARM.attributes
                0x00000000000004e9       0x33 .pioenvs/bluepill_f103c8/lib23d/libcodal-core.a(ManagedString.o)
 .ARM.attributes
                0x000000000000051c       0x33 .pioenvs/bluepill_f103c8/lib23d/libcodal-core.a(RefCounted.o)
 .ARM.attributes
                0x000000000000054f       0x33 .pioenvs/bluepill_f103c8/lib23d/libcodal-core.a(RefCountedInit.o)
 .ARM.attributes
                0x0000000000000582       0x33 .pioenvs/bluepill_f103c8/lib23d/libcodal-core.a(MemberFunctionCallback.o)
 .ARM.attributes
                0x00000000000005b5       0x33 .pioenvs/bluepill_f103c8/lib271/libbluepill.a(STM32BluePill.o)
 .ARM.attributes
                0x00000000000005e8       0x33 .pioenvs/bluepill_f103c8/lib271/libbluepill.a(STM32BluePillIO.o)
 .ARM.attributes
                0x000000000000061b       0x33 .pioenvs/bluepill_f103c8/lib271/libbluepill.a(bluepill.o)
 .ARM.attributes
                0x000000000000064e       0x33 .pioenvs/bluepill_f103c8/lib271/libbluepill.a(led.o)
 .ARM.attributes
                0x0000000000000681       0x33 .pioenvs/bluepill_f103c8/lib271/libbluepill.a(timer.o)
 .ARM.attributes
                0x00000000000006b4       0x33 .pioenvs/bluepill_f103c8/lib33e/libuartint.a(uartint.o)
 .ARM.attributes
                0x00000000000006e7       0x33 .pioenvs/bluepill_f103c8/libFrameworkLibOpenCM3.a(gpio.o)
 .ARM.attributes
                0x000000000000071a       0x33 .pioenvs/bluepill_f103c8/libFrameworkLibOpenCM3.a(rcc.o)
 .ARM.attributes
                0x000000000000074d       0x33 .pioenvs/bluepill_f103c8/libFrameworkLibOpenCM3.a(rtc.o)
 .ARM.attributes
                0x0000000000000780       0x33 .pioenvs/bluepill_f103c8/libFrameworkLibOpenCM3.a(gpio_common_all.o)
 .ARM.attributes
                0x00000000000007b3       0x33 .pioenvs/bluepill_f103c8/libFrameworkLibOpenCM3.a(pwr_common_all.o)
 .ARM.attributes
                0x00000000000007e6       0x33 .pioenvs/bluepill_f103c8/libFrameworkLibOpenCM3.a(usart_common_f124.o)
 .ARM.attributes