Archive member included to satisfy reference by file (symbol)

.pioenvs\bluepill_f103c8\lib931\liblogger.a(logger.o)
                              .pioenvs\bluepill_f103c8\libff2\hal\codal_target_hal.o (debug_flush)
.pioenvs\bluepill_f103c8\liba13\libnewlib.a(strlen.o)
                              .pioenvs\bluepill_f103c8\src\aggregate.o (strlen)
.pioenvs\bluepill_f103c8\liba13\libnewlib.a(strncat.o)
                              .pioenvs\bluepill_f103c8\src\wisol.o (strncat)
.pioenvs\bluepill_f103c8\liba13\libnewlib.a(strncmp.o)
                              .pioenvs\bluepill_f103c8\src\aggregate.o (strncmp)
.pioenvs\bluepill_f103c8\liba13\libnewlib.a(strncpy.o)
                              .pioenvs\bluepill_f103c8\src\aggregate.o (strncpy)
.pioenvs\bluepill_f103c8\liba13\libnewlib.a(strstr.o)
                              .pioenvs\bluepill_f103c8\src\wisol.o (strstr)
.pioenvs\bluepill_f103c8\libff7\libbluepill.a(bluepill.o)
                              .pioenvs\bluepill_f103c8\libff2\hal\codal_target_hal.o (platform_setup)
.pioenvs\bluepill_f103c8\libff7\libbluepill.a(led.o)
                              .pioenvs\bluepill_f103c8\libff7\libbluepill.a(bluepill.o) (led_setup)
.pioenvs\bluepill_f103c8\libff7\libbluepill.a(timer.o)
                              .pioenvs\bluepill_f103c8\libff2\hal\codal_target_hal.o (platform_start_timer)
.pioenvs\bluepill_f103c8\lib443\libbootloader.a(bootloader.o)
                              .pioenvs\bluepill_f103c8\libff2\hal\codal_target_hal.o (bootloader_start)
.pioenvs\bluepill_f103c8\lib443\libbootloader.a(target_stm32f103.o)
                              .pioenvs\bluepill_f103c8\lib443\libbootloader.a(bootloader.o) (target_set_led)
.pioenvs\bluepill_f103c8\lib443\libbootloader.a(usb_conf.o)
                              .pioenvs\bluepill_f103c8\lib443\libbootloader.a(bootloader.o) (usb_setup)
.pioenvs\bluepill_f103c8\lib443\libbootloader.a(webusb.o)
                              .pioenvs\bluepill_f103c8\lib443\libbootloader.a(usb_conf.o) (webusb_setup)
.pioenvs\bluepill_f103c8\lib443\libbootloader.a(winusb.o)
                              .pioenvs\bluepill_f103c8\lib443\libbootloader.a(usb_conf.o) (winusb_setup)
.pioenvs\bluepill_f103c8\lib443\libbootloader.a(cdc.o)
                              .pioenvs\bluepill_f103c8\lib443\libbootloader.a(usb_conf.o) (cdc_setup)
.pioenvs\bluepill_f103c8\lib443\libbootloader.a(hf2.o)
                              .pioenvs\bluepill_f103c8\lib443\libbootloader.a(usb_conf.o) (hf2_setup)
.pioenvs\bluepill_f103c8\lib443\libbootloader.a(backup.o)
                              .pioenvs\bluepill_f103c8\lib443\libbootloader.a(target_stm32f103.o) (backup_write)
.pioenvs\bluepill_f103c8\lib443\libbootloader.a(usb21_standard.o)
                              .pioenvs\bluepill_f103c8\lib443\libbootloader.a(usb_conf.o) (usb21_setup)
.pioenvs\bluepill_f103c8\lib443\libbootloader.a(ghostfat.o)
                              .pioenvs\bluepill_f103c8\lib443\libbootloader.a(hf2.o) (flash_write)
.pioenvs\bluepill_f103c8\libd0a\libcocoOS_5.0.3.a(os_event.o)
                              .pioenvs\bluepill_f103c8\src\wisol.o (event_create)
.pioenvs\bluepill_f103c8\libd0a\libcocoOS_5.0.3.a(os_kernel.o)
                              .pioenvs\bluepill_f103c8\src\uart.o (running_tid)
.pioenvs\bluepill_f103c8\libd0a\libcocoOS_5.0.3.a(os_msgqueue.o)
                              .pioenvs\bluepill_f103c8\libd0a\libcocoOS_5.0.3.a(os_kernel.o) (os_msgQ_init)
.pioenvs\bluepill_f103c8\libd0a\libcocoOS_5.0.3.a(os_sem.o)
                              .pioenvs\bluepill_f103c8\libd0a\libcocoOS_5.0.3.a(os_kernel.o) (os_sem_init)
.pioenvs\bluepill_f103c8\libd0a\libcocoOS_5.0.3.a(os_task.o)
                              .pioenvs\bluepill_f103c8\libd0a\libcocoOS_5.0.3.a(os_kernel.o) (os_task_init)
.pioenvs\bluepill_f103c8\libd0a\libcocoOS_5.0.3.a(os_assert.o)
                              .pioenvs\bluepill_f103c8\libd0a\libcocoOS_5.0.3.a(os_event.o) (os_on_assert)
.pioenvs\bluepill_f103c8\libd0a\libcocoOS_5.0.3.a(os_cbk.o)
                              .pioenvs\bluepill_f103c8\libd0a\libcocoOS_5.0.3.a(os_kernel.o) (os_cbkSleep)
.pioenvs\bluepill_f103c8\lib635\libcodal-core.a(CodalDmesg.o)
                              .pioenvs\bluepill_f103c8\libff2\hal\codal_target_hal.o (codalLogStore)
.pioenvs\bluepill_f103c8\lib635\libcodal-core.a(CodalFiber.o)
                              .pioenvs\bluepill_f103c8\src\main.o (codal::fiber_sleep(unsigned long))
.pioenvs\bluepill_f103c8\lib635\libcodal-core.a(CodalHeapAllocator.o)
                              .pioenvs\bluepill_f103c8\libff2\hal\codal_target_hal.o (malloc)
.pioenvs\bluepill_f103c8\lib635\libcodal-core.a(CodalListener.o)
                              .pioenvs\bluepill_f103c8\lib635\libcodal-core.a(CodalFiber.o) (codal::Listener::Listener(unsigned short, unsigned short, void (*)(codal::Event), unsigned short))
.pioenvs\bluepill_f103c8\lib635\libcodal-core.a(Timer.o)
[...]
Memory Configuration

Name             Origin             Length             Attributes
bootrom          0x08000000         0x00006000         xr
rom              0x08006000         0x0000a000         xr
bootram          0x20000000         0x00002800         xrw
ram              0x20002800         0x00002800         xrw
*default*        0x00000000         0xffffffff

Linker script and memory map


.boot_text      0x08000000     0x481c
 *(SORT_BY_ALIGNMENT(.vectors))
 .vectors       0x08000000      0x150 .pioenvs\bluepill_f103c8\libFrameworkLibOpenCM3.a(vector.o)
                0x08000000                vector_table
 :*reset_handler*(SORT_BY_ALIGNMENT(.text*))
 .text.reset_handler
                0x08000150       0x9c .pioenvs\bluepill_f103c8\libff2\hal\reset_handler.o
                0x08000150                reset_handler
 .text.pre_main
                0x080001ec       0x12 .pioenvs\bluepill_f103c8\libff2\hal\reset_handler.o
                0x080001ec                pre_main
 *libhal.a:*reset_handler*(SORT_BY_ALIGNMENT(.text*))
 :*codal_target_hal*(SORT_BY_ALIGNMENT(.text*))
 *fill*         0x080001fe        0x2 
 .text._ZL10timer_tickv
                0x08000200       0x10 .pioenvs\bluepill_f103c8\libff2\hal\codal_target_hal.o
 .text._ZL11timer_alarmv
                0x08000210       0x10 .pioenvs\bluepill_f103c8\libff2\hal\codal_target_hal.o
 .text.target_set_tick_callback
                0x08000220        0xc .pioenvs\bluepill_f103c8\libff2\hal\codal_target_hal.o
                0x08000220                target_set_tick_callback
 .text.target_set_alarm_callback
                0x0800022c        0xc .pioenvs\bluepill_f103c8\libff2\hal\codal_target_hal.o
                0x0800022c                target_set_alarm_callback
 .text.target_init
                0x08000238       0x34 .pioenvs\bluepill_f103c8\libff2\hal\codal_target_hal.o
                0x08000238                target_init
 .text.target_panic
                0x0800026c       0x20 .pioenvs\bluepill_f103c8\libff2\hal\codal_target_hal.o
                0x0800026c                target_panic
 .text.test_codal
                0x0800028c       0x70 .pioenvs\bluepill_f103c8\libff2\hal\codal_target_hal.o
                0x0800028c                test_codal
 .text.target_enable_debug
                0x080002fc        0x4 .pioenvs\bluepill_f103c8\libff2\hal\codal_target_hal.o
                0x080002fc                target_enable_debug
 .text._fini    0x08000300        0x2 .pioenvs\bluepill_f103c8\libff2\hal\codal_target_hal.o
                0x08000300                _fini
 .text.__aeabi_atexit
                0x08000302        0x4 .pioenvs\bluepill_f103c8\libff2\hal\codal_target_hal.o
                0x08000302                __aeabi_atexit
 *libhal.a:*codal_target_hal*(SORT_BY_ALIGNMENT(.text*))
 :*CortexContextSwitch*(SORT_BY_ALIGNMENT(.text*))
 *fill*         0x08000306        0x2 
 .text          0x08000308      0x124 asm/CortexContextSwitch.s.o
                0x08000308                swap_context
                0x0800038a                save_context
                0x080003ce                save_register_context
                0x080003fe                restore_register_context
 *libhal.a:(SORT_BY_ALIGNMENT(.text*))
 *liblibopencm3.a:(SORT_BY_ALIGNMENT(.text*))
 *libFrameworkLibOpenCM3.a:(SORT_BY_ALIGNMENT(.text*))
 .text.desig_get_unique_id
                0x0800042c       0x20 .pioenvs\bluepill_f103c8\libFrameworkLibOpenCM3.a(desig.o)
                0x0800042c                desig_get_unique_id
 .text.desig_get_unique_id_as_string
                0x0800044c       0x48 .pioenvs\bluepill_f103c8\libFrameworkLibOpenCM3.a(desig.o)
                0x0800044c                desig_get_unique_id_as_string
 .text.flash_get_status_flags
                0x08000494       0x28 .pioenvs\bluepill_f103c8\libFrameworkLibOpenCM3.a(flash.o)
                0x08000494                flash_get_status_flags
 .text.flash_program_half_word
                0x080004bc       0x60 .pioenvs\bluepill_f103c8\libFrameworkLibOpenCM3.a(flash.o)
                0x080004bc                flash_program_half_word
 .text.flash_erase_page
                0x0800051c       0x78 .pioenvs\bluepill_f103c8\libFrameworkLibOpenCM3.a(flash.o)
                0x0800051c                flash_erase_page
 .text.rcc_osc_on.part.0
                0x08000594       0x10 .pioenvs\bluepill_f103c8\libFrameworkLibOpenCM3.a(rcc.o)
 .text.rcc_wait_for_osc_ready
                0x080005a4       0x64 .pioenvs\bluepill_f103c8\libFrameworkLibOpenCM3.a(rcc.o)
                0x080005a4                rcc_wait_for_osc_ready
 .text.rcc_osc_on
                0x08000608       0x54 .pioenvs\bluepill_f103c8\libFrameworkLibOpenCM3.a(rcc.o)
                0x08000608                rcc_osc_on
 .text.rcc_set_sysclk_source
                0x0800065c       0x14 .pioenvs\bluepill_f103c8\libFrameworkLibOpenCM3.a(rcc.o)
                0x0800065c                rcc_set_sysclk_source
 .text.rcc_set_pll_multiplication_factor
                0x08000670       0x14 .pioenvs\bluepill_f103c8\libFrameworkLibOpenCM3.a(rcc.o)
                0x08000670                rcc_set_pll_multiplication_factor
 .text.rcc_set_pll_source
                0x08000684       0x14 .pioenvs\bluepill_f103c8\libFrameworkLibOpenCM3.a(rcc.o)
                0x08000684                rcc_set_pll_source
 .text.rcc_set_pllxtpre
                0x08000698       0x14 .pioenvs\bluepill_f103c8\libFrameworkLibOpenCM3.a(rcc.o)
                0x08000698                rcc_set_pllxtpre
 .text.rcc_enable_rtc_clock
                0x080006ac       0x10 .pioenvs\bluepill_f103c8\libFrameworkLibOpenCM3.a(rcc.o)
                0x080006ac                rcc_enable_rtc_clock
 .text.rcc_set_rtc_clock_source
                0x080006bc       0x90 .pioenvs\bluepill_f103c8\libFrameworkLibOpenCM3.a(rcc.o)
                0x080006bc                rcc_set_rtc_clock_source
 .text.rcc_set_adcpre
                0x0800074c       0x14 .pioenvs\bluepill_f103c8\libFrameworkLibOpenCM3.a(rcc.o)
                0x0800074c                rcc_set_adcpre
 .text.rcc_set_ppre2
                0x08000760       0x14 .pioenvs\bluepill_f103c8\libFrameworkLibOpenCM3.a(rcc.o)
                0x08000760                rcc_set_ppre2
 .text.rcc_set_ppre1
                0x08000774       0x14 .pioenvs\bluepill_f103c8\libFrameworkLibOpenCM3.a(rcc.o)
                0x08000774                rcc_set_ppre1
 .text.rcc_set_hpre
                0x08000788       0x14 .pioenvs\bluepill_f103c8\libFrameworkLibOpenCM3.a(rcc.o)
                0x08000788                rcc_set_hpre
 .text.rcc_clock_setup_in_hse_8mhz_out_72mhz
                0x0800079c       0x8c .pioenvs\bluepill_f103c8\libFrameworkLibOpenCM3.a(rcc.o)
                0x0800079c                rcc_clock_setup_in_hse_8mhz_out_72mhz
 .text.rtc_enter_config_mode
                0x08000828       0x18 .pioenvs\bluepill_f103c8\libFrameworkLibOpenCM3.a(rtc.o)
                0x08000828                rtc_enter_config_mode
 .text.rtc_exit_config_mode
                0x08000840       0x18 .pioenvs\bluepill_f103c8\libFrameworkLibOpenCM3.a(rtc.o)
                0x08000840                rtc_exit_config_mode
 .text.rtc_set_alarm_time
                0x08000858       0x20 .pioenvs\bluepill_f103c8\libFrameworkLibOpenCM3.a(rtc.o)
                0x08000858                rtc_set_alarm_time
 .text.rtc_set_prescale_val
                0x08000878       0x20 .pioenvs\bluepill_f103c8\libFrameworkLibOpenCM3.a(rtc.o)
                0x08000878                rtc_set_prescale_val
 .text.rtc_get_counter_val
                0x08000898       0x14 .pioenvs\bluepill_f103c8\libFrameworkLibOpenCM3.a(rtc.o)
                0x08000898                rtc_get_counter_val
 .text.rtc_set_counter_val
                0x080008ac       0x1c .pioenvs\bluepill_f103c8\libFrameworkLibOpenCM3.a(rtc.o)
                0x080008ac                rtc_set_counter_val
 .text.rtc_interrupt_enable
                0x080008c8       0x3c .pioenvs\bluepill_f103c8\libFrameworkLibOpenCM3.a(rtc.o)
                0x080008c8                rtc_interrupt_enable
 .text.rtc_interrupt_disable
                0x08000904       0x3c .pioenvs\bluepill_f103c8\libFrameworkLibOpenCM3.a(rtc.o)
                0x08000904                rtc_interrupt_disable
 .text.rtc_clear_flag
                0x08000940       0x30 .pioenvs\bluepill_f103c8\libFrameworkLibOpenCM3.a(rtc.o)
                0x08000940                rtc_clear_flag
 .text.rtc_check_flag
                0x08000970       0x30 .pioenvs\bluepill_f103c8\libFrameworkLibOpenCM3.a(rtc.o)
                0x08000970                rtc_check_flag
 .text.pwr_disable_backup_domain_write_protect
                0x080009a0       0x10 .pioenvs\bluepill_f103c8\libFrameworkLibOpenCM3.a(pwr_common_all.o)
                0x080009a0                pwr_disable_backup_domain_write_protect
 .text.pwr_enable_backup_domain_write_protect
                0x080009b0       0x10 .pioenvs\bluepill_f103c8\libFrameworkLibOpenCM3.a(pwr_common_all.o)
                0x080009b0                pwr_enable_backup_domain_write_protect
 .text.exti_set_trigger
                0x080009c0       0x3c .pioenvs\bluepill_f103c8\libFrameworkLibOpenCM3.a(exti_common_all.o)
                0x080009c0                exti_set_trigger
 .text.exti_enable_request
                0x080009fc       0x14 .pioenvs\bluepill_f103c8\libFrameworkLibOpenCM3.a(exti_common_all.o)
                0x080009fc                exti_enable_request
 .text.exti_reset_request
                0x08000a10        0xc .pioenvs\bluepill_f103c8\libFrameworkLibOpenCM3.a(exti_common_all.o)
                0x08000a10                exti_reset_request
 .text.flash_set_ws
                0x08000a1c       0x14 .pioenvs\bluepill_f103c8\libFrameworkLibOpenCM3.a(flash_common_f01.o)
                0x08000a1c                flash_set_ws
 .text.flash_unlock
                0x08000a30       0x24 .pioenvs\bluepill_f103c8\libFrameworkLibOpenCM3.a(flash_common_f01.o)
                0x08000a30                flash_unlock
 .text.flash_lock
                0x08000a54       0x10 .pioenvs\bluepill_f103c8\libFrameworkLibOpenCM3.a(flash_common_f01.o)
                0x08000a54                flash_lock
 .text.usbd_init
                0x08000a64       0x50 .pioenvs\bluepill_f103c8\libFrameworkLibOpenCM3.a(usb.o)
                0x08000a64                usbd_init
 .text._usbd_standard_request_device
                0x08000ab4       0x48 .pioenvs\bluepill_f103c8\libFrameworkLibOpenCM3.a(usb_standard.o)
                0x08000ab4                _usbd_standard_request_device
 .text._usbd_standard_request_interface
                0x08000afc       0x30 .pioenvs\bluepill_f103c8\libFrameworkLibOpenCM3.a(usb_standard.o)
                0x08000afc                _usbd_standard_request_interface
 .text._usbd_standard_request_endpoint
                0x08000b2c       0x3c .pioenvs\bluepill_f103c8\libFrameworkLibOpenCM3.a(usb_standard.o)
                0x08000b2c                _usbd_standard_request_endpoint
 .text.st_usbfs_v1_usbd_init
                0x08000b68       0x30 .pioenvs\bluepill_f103c8\libFrameworkLibOpenCM3.a(st_usbfs_v1.o)
 .text.st_usbfs_set_address
                0x08000b98       0x10 .pioenvs\bluepill_f103c8\libFrameworkLibOpenCM3.a(st_usbfs_core.o)
                0x08000b98                st_usbfs_set_address
 .text.st_usbfs_set_ep_rx_bufsize
                0x08000ba8       0x48 .pioenvs\bluepill_f103c8\libFrameworkLibOpenCM3.a(st_usbfs_core.o)
                0x08000ba8                st_usbfs_set_ep_rx_bufsize
 .text.st_usbfs_ep_setup
                0x08000bf0      0x150 .pioenvs\bluepill_f103c8\libFrameworkLibOpenCM3.a(st_usbfs_core.o)
                0x08000bf0                st_usbfs_ep_setup
 .text.st_usbfs_endpoints_reset
                0x08000d40       0x44 .pioenvs\bluepill_f103c8\libFrameworkLibOpenCM3.a(st_usbfs_core.o)
                0x08000d40                st_usbfs_endpoints_reset
 .text.st_usbfs_ep_stall_set
                0x08000d84       0xe4 .pioenvs\bluepill_f103c8\libFrameworkLibOpenCM3.a(st_usbfs_core.o)
                0x08000d84                st_usbfs_ep_stall_set
 .text.st_usbfs_ep_nak_set
                0x08000e68       0x58 .pioenvs\bluepill_f103c8\libFrameworkLibOpenCM3.a(st_usbfs_core.o)
                0x08000e68                st_usbfs_ep_nak_set
 .text.st_usbfs_ep_write_packet
                0x08000ec0       0x8c .pioenvs\bluepill_f103c8\libFrameworkLibOpenCM3.a(st_usbfs_core.o)
                0x08000ec0                st_usbfs_ep_write_packet
 .text.st_usbfs_ep_read_packet
                0x08000f4c       0xb8 .pioenvs\bluepill_f103c8\libFrameworkLibOpenCM3.a(st_usbfs_core.o)
                0x08000f4c                st_usbfs_ep_read_packet
 .text.st_usbfs_poll
                0x08001004       0xd0 .pioenvs\bluepill_f103c8\libFrameworkLibOpenCM3.a(st_usbfs_core.o)
                0x08001004                st_usbfs_poll
 .text.gpio_set_mode
                0x080010d4       0x62 .pioenvs\bluepill_f103c8\libFrameworkLibOpenCM3.a(gpio.o)
                0x080010d4                gpio_set_mode
 .text.gpio_set
                0x08001136        0x4 .pioenvs\bluepill_f103c8\libFrameworkLibOpenCM3.a(gpio_common_all.o)
                0x08001136                gpio_set
 .text.gpio_clear
                0x0800113a        0x6 .pioenvs\bluepill_f103c8\libFrameworkLibOpenCM3.a(gpio_common_all.o)
                0x0800113a                gpio_clear
 .text.usart_recv
                0x08001140        0x8 .pioenvs\bluepill_f103c8\libFrameworkLibOpenCM3.a(usart_common_f124.o)
                0x08001140                usart_recv
 .text.rcc_periph_clock_enable
                0x08001148       0x1a .pioenvs\bluepill_f103c8\libFrameworkLibOpenCM3.a(rcc_common_all.o)
                0x08001148                rcc_periph_clock_enable
 .text.rcc_periph_reset_pulse
                0x08001162       0x22 .pioenvs\bluepill_f103c8\libFrameworkLibOpenCM3.a(rcc_common_all.o)
                0x08001162                rcc_periph_reset_pulse
 .text.flash_wait_for_last_operation
                0x08001184        0xc .pioenvs\bluepill_f103c8\libFrameworkLibOpenCM3.a(flash_common_f01.o)
                0x08001184                flash_wait_for_last_operation
 .text.usbd_poll
                0x08001190        0x8 .pioenvs\bluepill_f103c8\libFrameworkLibOpenCM3.a(usb.o)
                0x08001190                usbd_poll
 .text.usbd_ep_setup
                0x08001198        0xe .pioenvs\bluepill_f103c8\libFrameworkLibOpenCM3.a(usb.o)
                0x08001198                usbd_ep_setup
 .text._usbd_reset
                0x080011a6       0x32 .pioenvs\bluepill_f103c8\libFrameworkLibOpenCM3.a(usb.o)
                0x080011a6                _usbd_reset
 .text.usbd_ep_write_packet
                0x080011d8        0xe .pioenvs\bluepill_f103c8\libFrameworkLibOpenCM3.a(usb.o)
                0x080011d8                usbd_ep_write_packet
 .text.usbd_ep_read_packet
                0x080011e6        0xe .pioenvs\bluepill_f103c8\libFrameworkLibOpenCM3.a(usb.o)
                0x080011e6                usbd_ep_read_packet
 .text.usbd_ep_stall_set
                0x080011f4        0x8 .pioenvs\bluepill_f103c8\libFrameworkLibOpenCM3.a(usb.o)
                0x080011f4                usbd_ep_stall_set
 .text.usbd_ep_stall_get
                0x080011fc        0x8 .pioenvs\bluepill_f103c8\libFrameworkLibOpenCM3.a(usb.o)
                0x080011fc                usbd_ep_stall_get
 .text.stall_transaction
                0x08001204       0x14 .pioenvs\bluepill_f103c8\libFrameworkLibOpenCM3.a(usb_control.o)
 .text.usb_control_recv_chunk
                0x08001218       0x3c .pioenvs\bluepill_f103c8\libFrameworkLibOpenCM3.a(usb_control.o)
 .text.usb_control_send_chunk
                0x08001254       0x44 .pioenvs\bluepill_f103c8\libFrameworkLibOpenCM3.a(usb_control.o)
 .text.usb_control_request_dispatch
                0x08001298       0x62 .pioenvs\bluepill_f103c8\libFrameworkLibOpenCM3.a(usb_control.o)
 .text.usb_control_setup_read
                0x080012fa       0x42 .pioenvs\bluepill_f103c8\libFrameworkLibOpenCM3.a(usb_control.o)
 .text.usbd_register_control_callback
                0x0800133c       0x26 .pioenvs\bluepill_f103c8\libFrameworkLibOpenCM3.a(usb_control.o)
                0x0800133c                usbd_register_control_callback
 .text._usbd_control_setup
                0x08001362       0x5a .pioenvs\bluepill_f103c8\libFrameworkLibOpenCM3.a(usb_control.o)
                0x08001362                _usbd_control_setup
 .text._usbd_control_out
                0x080013bc       0x82 .pioenvs\bluepill_f103c8\libFrameworkLibOpenCM3.a(usb_control.o)
                0x080013bc                _usbd_control_out
 .text._usbd_control_in
                0x0800143e       0x56 .pioenvs\bluepill_f103c8\libFrameworkLibOpenCM3.a(usb_control.o)
                0x0800143e                _usbd_control_in
 .text.usb_standard_set_configuration
                0x08001494       0x92 .pioenvs\bluepill_f103c8\libFrameworkLibOpenCM3.a(usb_standard.o)
 .text.usb_standard_get_configuration
                0x08001526       0x20 .pioenvs\bluepill_f103c8\libFrameworkLibOpenCM3.a(usb_standard.o)
 .text.usb_standard_get_interface
                0x08001546       0x34 .pioenvs\bluepill_f103c8\libFrameworkLibOpenCM3.a(usb_standard.o)
 .text.usb_standard_device_get_status
                0x0800157a       0x18 .pioenvs\bluepill_f103c8\libFrameworkLibOpenCM3.a(usb_standard.o)
 .text.usb_standard_endpoint_get_status
                0x08001592       0x2a .pioenvs\bluepill_f103c8\libFrameworkLibOpenCM3.a(usb_standard.o)
 .text.usb_standard_endpoint_stall
                0x080015bc       0x10 .pioenvs\bluepill_f103c8\libFrameworkLibOpenCM3.a(usb_standard.o)
 .text.usb_standard_endpoint_unstall
                0x080015cc       0x10 .pioenvs\bluepill_f103c8\libFrameworkLibOpenCM3.a(usb_standard.o)
 .text.usb_standard_set_address
                0x080015dc       0x28 .pioenvs\bluepill_f103c8\libFrameworkLibOpenCM3.a(usb_standard.o)
 .text.usb_standard_set_interface
                0x08001604       0x4e .pioenvs\bluepill_f103c8\libFrameworkLibOpenCM3.a(usb_standard.o)
 .text.usb_standard_get_descriptor
                0x08001652      0x256 .pioenvs\bluepill_f103c8\libFrameworkLibOpenCM3.a(usb_standard.o)
 .text.usb_standard_interface_get_status
                0x080018a8       0x18 .pioenvs\bluepill_f103c8\libFrameworkLibOpenCM3.a(usb_standard.o)
 .text.usbd_register_set_config_callback
                0x080018c0       0x26 .pioenvs\bluepill_f103c8\libFrameworkLibOpenCM3.a(usb_standard.o)
                0x080018c0                usbd_register_set_config_callback
 .text._usbd_standard_request
                0x080018e6       0x30 .pioenvs\bluepill_f103c8\libFrameworkLibOpenCM3.a(usb_standard.o)
                0x080018e6                _usbd_standard_request
 .text.st_usbfs_copy_to_pm
                0x08001916       0x1c .pioenvs\bluepill_f103c8\libFrameworkLibOpenCM3.a(st_usbfs_v1.o)
                0x08001916                st_usbfs_copy_to_pm
 .text.st_usbfs_copy_from_pm
                0x08001932       0x2a .pioenvs\bluepill_f103c8\libFrameworkLibOpenCM3.a(st_usbfs_v1.o)
                0x08001932                st_usbfs_copy_from_pm
 .text.blocking_handler
                0x0800195c        0x2 .pioenvs\bluepill_f103c8\libFrameworkLibOpenCM3.a(vector.o)
                0x0800195c                usart3_isr
                0x0800195c                tim7_isr
                0x0800195c                adc1_2_isr
                0x0800195c                tim1_trg_com_isr
                0x0800195c                usb_hp_can_tx_isr
                0x0800195c                tim6_isr
                0x0800195c                usb_wakeup_isr
                0x0800195c                blocking_handler
                0x0800195c                tim5_isr
                0x0800195c                otg_fs_isr
                0x0800195c                spi1_isr
                0x0800195c                exti2_isr
                0x0800195c                dma1_channel6_isr
                0x0800195c                can_rx1_isr
                0x0800195c                dma1_channel5_isr
                0x0800195c                dma2_channel5_isr
                0x0800195c                usart1_isr
                0x0800195c                usage_fault_handler
                0x0800195c                tim8_trg_com_isr
                0x0800195c                can2_rx0_isr
                0x0800195c                tim1_brk_isr
                0x0800195c                can2_rx1_isr
                0x0800195c                tim1_cc_isr
                0x0800195c                sdio_isr
                0x0800195c                eth_isr
                0x0800195c                dma1_channel4_isr
                0x0800195c                tim8_brk_isr
                0x0800195c                dma2_channel4_5_isr
                0x0800195c                pvd_isr
                0x0800195c                rcc_isr
                0x0800195c                flash_isr
                0x0800195c                uart4_isr
                0x0800195c                exti15_10_isr
                0x0800195c                hard_fault_handler
                0x0800195c                exti1_isr
                0x0800195c                i2c1_ev_isr
                0x0800195c                dma2_channel1_isr
                0x0800195c                spi2_isr
                0x0800195c                tim8_up_isr
                0x0800195c                dma2_channel2_isr
                0x0800195c                exti3_isr
                0x0800195c                adc3_isr
                0x0800195c                tim3_isr
                0x0800195c                usb_lp_can_rx0_isr
                0x0800195c                i2c2_er_isr
                0x0800195c                i2c2_ev_isr
                0x0800195c                uart5_isr
                0x0800195c                fsmc_isr
                0x0800195c                dma1_channel1_isr
                0x0800195c                exti4_isr
                0x0800195c                mem_manage_handler
                0x0800195c                can2_tx_isr
                0x0800195c                exti9_5_isr
                0x0800195c                dma2_channel3_isr
                0x0800195c                dma1_channel7_isr
                0x0800195c                tim1_up_isr
                0x0800195c                can2_sce_isr
                0x0800195c                tim4_isr
                0x0800195c                dma1_channel2_isr
                0x0800195c                i2c1_er_isr
                0x0800195c                can_sce_isr
                0x0800195c                tim8_cc_isr
                0x0800195c                tamper_isr
                0x0800195c                eth_wkup_isr
                0x0800195c                bus_fault_handler
                0x0800195c                wwdg_isr
                0x0800195c                dma1_channel3_isr
                0x0800195c                spi3_isr
                0x0800195c                tim2_isr
                0x0800195c                exti0_isr
 .text.null_handler
                0x0800195e        0x2 .pioenvs\bluepill_f103c8\libFrameworkLibOpenCM3.a(vector.o)
                0x0800195e                sv_call_handler
                0x0800195e                pend_sv_handler
                0x0800195e                debug_monitor_handler
                0x0800195e                sys_tick_handler
                0x0800195e                nmi_handler
                0x0800195e                null_handler
 .text.nvic_enable_irq
                0x08001960       0x1a .pioenvs\bluepill_f103c8\libFrameworkLibOpenCM3.a(nvic.o)
                0x08001960                nvic_enable_irq
 .text.st_usbfs_ep_stall_get
                0x0800197a       0x38 .pioenvs\bluepill_f103c8\libFrameworkLibOpenCM3.a(st_usbfs_core.o)
                0x0800197a                st_usbfs_ep_stall_get
 *libcocoos.a:(SORT_BY_ALIGNMENT(.text*))
 *libcocoOS_?.?.?.a:(SORT_BY_ALIGNMENT(.text*))
 *fill*         0x080019b2        0x2 
 .text.os_event_init
                0x080019b4        0xc .pioenvs\bluepill_f103c8\libd0a\libcocoOS_5.0.3.a(os_event.o)
                0x080019b4                os_event_init
 .text.os_init  0x080019c0       0x34 .pioenvs\bluepill_f103c8\libd0a\libcocoOS_5.0.3.a(os_kernel.o)
                0x080019c0                os_init
 .text.os_msgQ_init
                0x080019f4       0x24 .pioenvs\bluepill_f103c8\libd0a\libcocoOS_5.0.3.a(os_msgqueue.o)
                0x080019f4                os_msgQ_init
 .text.os_sem_init
                0x08001a18        0xc .pioenvs\bluepill_f103c8\libd0a\libcocoOS_5.0.3.a(os_sem.o)
                0x08001a18                os_sem_init
 .text.os_task_init
                0x08001a24       0x40 .pioenvs\bluepill_f103c8\libd0a\libcocoOS_5.0.3.a(os_task.o)
                0x08001a24                os_task_init
 *libqfplib.a:(SORT_BY_ALIGNMENT(.text*))
 .text          0x08001a64      0x4c8 .pioenvs\bluepill_f103c8\lib46d\libqfplib.a(qfplib.o)
                0x08001b2c                qfp_fsub
                0x08001b32                qfp_fadd
                0x08001b74                qfp_fcmp
                0x08001b90                qfp_fmul
                0x08001ba0                qfp_fdiv
                0x08001be2                qfp_fdiv_fast
                0x08001c32                qfp_fsqrt_fast
                0x08001ca8                qfp_float2int
                0x08001caa                qfp_float2fix
                0x08001cd2                qfp_float2uint
                0x08001cd4                qfp_float2ufix
                0x08001cee                qfp_int2float
                0x08001cf0                qfp_fix2float
                0x08001cfa                qfp_uint2float
                0x08001cfc                qfp_ufix2float
                0x08001d92                qfp_fsin
                0x08001dd4                qfp_fcos
                0x08001dde                qfp_ftan
                0x08001de6                qfp_fexp
                0x08001e16                qfp_fsqrt
                0x08001e50                qfp_fln
                0x08001e74                qfp_fatan2
 *libnano-float.a:(SORT_BY_ALIGNMENT(.text*))
 *fill*         0x08001f2c        0x4 
 .text.acos     0x08001f30       0xcc .pioenvs\bluepill_f103c8\libc64\libnano-float.a(functions.o)
                0x08001f30                acos
 .text.get_float_usage
                0x08001ffc        0xc .pioenvs\bluepill_f103c8\libc64\libnano-float.a(functions.o)
                0x08001ffc                get_float_usage
 .text.__wrap___aeabi_ddiv
                0x08002008       0x30 .pioenvs\bluepill_f103c8\libc64\libnano-float.a(functions.o)
                0x08002008                __wrap___aeabi_ddiv
 .text.__wrap___aeabi_dmul
                0x08002038       0x30 .pioenvs\bluepill_f103c8\libc64\libnano-float.a(functions.o)
                0x08002038                __wrap___aeabi_dmul
 .text.__wrap___aeabi_dcmpeq
                0x08002068       0x34 .pioenvs\bluepill_f103c8\libc64\libnano-float.a(functions.o)
                0x08002068                __wrap___aeabi_dcmpeq
 .text.__wrap___aeabi_dcmplt
                0x0800209c       0x30 .pioenvs\bluepill_f103c8\libc64\libnano-float.a(functions.o)
                0x0800209c                __wrap___aeabi_dcmplt
 .text.__wrap___aeabi_dcmple
                0x080020cc       0x34 .pioenvs\bluepill_f103c8\libc64\libnano-float.a(functions.o)
                0x080020cc                __wrap___aeabi_dcmple
 .text.__wrap___aeabi_dcmpge
                0x08002100       0x30 .pioenvs\bluepill_f103c8\libc64\libnano-float.a(functions.o)
                0x08002100                __wrap___aeabi_dcmpge
 .text.__wrap___aeabi_dcmpgt
                0x08002130       0x34 .pioenvs\bluepill_f103c8\libc64\libnano-float.a(functions.o)
                0x08002130                __wrap___aeabi_dcmpgt
 .text.__wrap___aeabi_dcmpun
                0x08002164       0x34 .pioenvs\bluepill_f103c8\libc64\libnano-float.a(functions.o)
                0x08002164                __wrap___aeabi_dcmpun
 .text.__wrap___aeabi_fdiv
                0x08002198       0x10 .pioenvs\bluepill_f103c8\libc64\libnano-float.a(functions.o)
                0x08002198                __wrap___aeabi_fdiv
 .text.__wrap___aeabi_d2iz
                0x080021a8       0x2c .pioenvs\bluepill_f103c8\libc64\libnano-float.a(functions.o)
                0x080021a8                __wrap___aeabi_d2iz
 .text.__wrap___aeabi_d2uiz
                0x080021d4       0x38 .pioenvs\bluepill_f103c8\libc64\libnano-float.a(functions.o)
                0x080021d4                __wrap___aeabi_d2uiz
 .text.sqrt     0x0800220c       0x1c .pioenvs\bluepill_f103c8\libc64\libnano-float.a(functions.o)
                0x0800220c                sqrt
 .text.log      0x08002228       0x1c .pioenvs\bluepill_f103c8\libc64\libnano-float.a(functions.o)
                0x08002228                log
 .text.exp      0x08002244       0x1c .pioenvs\bluepill_f103c8\libc64\libnano-float.a(functions.o)
                0x08002244                exp
 .text.log2     0x08002260       0x28 .pioenvs\bluepill_f103c8\libc64\libnano-float.a(functions.o)
                0x08002260                log2
 .text.log10    0x08002288       0x28 .pioenvs\bluepill_f103c8\libc64\libnano-float.a(functions.o)
                0x08002288                log10
 .text.pow      0x080022b0       0x88 .pioenvs\bluepill_f103c8\libc64\libnano-float.a(functions.o)
                0x080022b0                pow
 .text.ldexp    0x08002338       0x40 .pioenvs\bluepill_f103c8\libc64\libnano-float.a(functions.o)
                0x08002338                ldexp
 .text.sin      0x08002378       0x1c .pioenvs\bluepill_f103c8\libc64\libnano-float.a(functions.o)
                0x08002378                sin
 .text.cos      0x08002394       0x34 .pioenvs\bluepill_f103c8\libc64\libnano-float.a(functions.o)
                0x08002394                cos
 .text.tan      0x080023c8       0x1c .pioenvs\bluepill_f103c8\libc64\libnano-float.a(functions.o)
                0x080023c8                tan
 .text.atan2    0x080023e4       0x50 .pioenvs\bluepill_f103c8\libc64\libnano-float.a(functions.o)
                0x080023e4                atan2
 .text.atan     0x08002434       0xa8 .pioenvs\bluepill_f103c8\libc64\libnano-float.a(functions.o)
                0x08002434                atan
 .text.asin     0x080024dc       0x88 .pioenvs\bluepill_f103c8\libc64\libnano-float.a(functions.o)
                0x080024dc                asin
 .text.sinh     0x08002564       0x94 .pioenvs\bluepill_f103c8\libc64\libnano-float.a(functions.o)
                0x08002564                sinh
 .text.cosh     0x080025f8       0xa0 .pioenvs\bluepill_f103c8\libc64\libnano-float.a(functions.o)
                0x080025f8                cosh
 .text.tanh     0x08002698       0xac .pioenvs\bluepill_f103c8\libc64\libnano-float.a(functions.o)
                0x08002698                tanh
 .text.asinh    0x08002744       0x94 .pioenvs\bluepill_f103c8\libc64\libnano-float.a(functions.o)
                0x08002744                asinh
 .text.acosh    0x080027d8       0xac .pioenvs\bluepill_f103c8\libc64\libnano-float.a(functions.o)
                0x080027d8                acosh
 .text.atanh    0x08002884       0xbc .pioenvs\bluepill_f103c8\libc64\libnano-float.a(functions.o)
                0x08002884                atanh
 .text.trunc    0x08002940       0x80 .pioenvs\bluepill_f103c8\libc64\libnano-float.a(functions.o)
                0x08002940                trunc
 .text.floor    0x080029c0       0x7c .pioenvs\bluepill_f103c8\libc64\libnano-float.a(functions.o)
                0x080029c0                floor
 .text.ceil     0x08002a3c       0x80 .pioenvs\bluepill_f103c8\libc64\libnano-float.a(functions.o)
                0x08002a3c                ceil
 .text.fmod     0x08002abc      0x144 .pioenvs\bluepill_f103c8\libc64\libnano-float.a(functions.o)
                0x08002abc                fmod
 *libnewlib.a:(SORT_BY_ALIGNMENT(.text*))
 .text.strlen   0x08002c00       0x10 .pioenvs\bluepill_f103c8\liba13\libnewlib.a(strlen.o)
                0x08002c00                strlen
 .text.strncat  0x08002c10       0x28 .pioenvs\bluepill_f103c8\liba13\libnewlib.a(strncat.o)
                0x08002c10                strncat
 .text.strncpy  0x08002c38       0x2a .pioenvs\bluepill_f103c8\liba13\libnewlib.a(strncpy.o)
                0x08002c38                strncpy
 .text.memcmp   0x08002c62       0x1e .pioenvs\bluepill_f103c8\liba13\libnewlib.a(memcmp.o)
                0x08002c62                memcmp
 .text.memcpy   0x08002c80       0x1c .pioenvs\bluepill_f103c8\liba13\libnewlib.a(memcpy.o)
                0x08002c80                memcpy
 .text.memset   0x08002c9c       0x10 .pioenvs\bluepill_f103c8\liba13\libnewlib.a(memset.o)
                0x08002c9c                memset
 *liblogger.a:(SORT_BY_ALIGNMENT(.text*))
 .text.enable_log
                0x08002cac       0x18 .pioenvs\bluepill_f103c8\lib931\liblogger.a(logger.o)
                0x08002cac                enable_log
 .text.debug_flush
                0x08002cc4       0x38 .pioenvs\bluepill_f103c8\lib931\liblogger.a(logger.o)
                0x08002cc4                debug_flush
 .text._ZL12debug_appendPKcj
                0x08002cfc       0x50 .pioenvs\bluepill_f103c8\lib931\liblogger.a(logger.o)
 .text._Z11debug_printj
                0x08002d4c       0x7c .pioenvs\bluepill_f103c8\lib931\liblogger.a(logger.o)
                0x08002d4c                debug_print(unsigned int)
 .text._Z11debug_printi
                0x08002dc8       0x30 .pioenvs\bluepill_f103c8\lib931\liblogger.a(logger.o)
                0x08002dc8                debug_print(int)
 .text.debug_println
                0x08002df8       0x1c .pioenvs\bluepill_f103c8\lib931\liblogger.a(logger.o)
                0x08002df8                debug_println
 .text._Z13debug_printlni
                0x08002e14       0x18 .pioenvs\bluepill_f103c8\lib931\liblogger.a(logger.o)
                0x08002e14                debug_println(int)
 .text.debug_write
                0x08002e2c       0x16 .pioenvs\bluepill_f103c8\lib931\liblogger.a(logger.o)
                0x08002e2c                debug_write
 .text.debug_print
                0x08002e42       0x1a .pioenvs\bluepill_f103c8\lib931\liblogger.a(logger.o)
                0x08002e42                debug_print
 .text.debug_print_unsigned
                0x08002e5c        0x4 .pioenvs\bluepill_f103c8\lib931\liblogger.a(logger.o)
                0x08002e5c                debug_print_unsigned
 .text.debug_printhex
                0x08002e60       0x42 .pioenvs\bluepill_f103c8\lib931\liblogger.a(logger.o)
                0x08002e60                debug_printhex
 .text.debug_printhex_unsigned
                0x08002ea2       0x24 .pioenvs\bluepill_f103c8\lib931\liblogger.a(logger.o)
                0x08002ea2                debug_printhex_unsigned
 *libbluepill.a:(SORT_BY_ALIGNMENT(.text*))
 *fill*         0x08002ec6        0x2 
 .text.platform_setup
                0x08002ec8       0x4c .pioenvs\bluepill_f103c8\libff7\libbluepill.a(bluepill.o)
                0x08002ec8                platform_setup
 .text.enable_debug
                0x08002f14       0x10 .pioenvs\bluepill_f103c8\libff7\libbluepill.a(bluepill.o)
                0x08002f14                enable_debug
 .text.led_setup
                0x08002f24       0x20 .pioenvs\bluepill_f103c8\libff7\libbluepill.a(led.o)
                0x08002f24                led_setup
 .text.led_on   0x08002f44       0x10 .pioenvs\bluepill_f103c8\libff7\libbluepill.a(led.o)
                0x08002f44                led_on
 .text.led_off  0x08002f54       0x10 .pioenvs\bluepill_f103c8\libff7\libbluepill.a(led.o)
                0x08002f54                led_off
 .text.led_wait
                0x08002f64       0x10 .pioenvs\bluepill_f103c8\libff7\libbluepill.a(led.o)
                0x08002f64                led_wait
 .text.platform_start_timer
                0x08002f74      0x114 .pioenvs\bluepill_f103c8\libff7\libbluepill.a(timer.o)
                0x08002f74                platform_start_timer
 .text.rtc_isr  0x08003088       0x30 .pioenvs\bluepill_f103c8\libff7\libbluepill.a(timer.o)
                0x08003088                rtc_isr
 .text.rtc_alarm_isr
                0x080030b8       0x30 .pioenvs\bluepill_f103c8\libff7\libbluepill.a(timer.o)
                0x080030b8                rtc_alarm_isr
 .text.platform_alarm_count
                0x080030e8        0xc .pioenvs\bluepill_f103c8\libff7\libbluepill.a(timer.o)
                0x080030e8                platform_alarm_count
 .text.platform_tick_count
                0x080030f4        0xc .pioenvs\bluepill_f103c8\libff7\libbluepill.a(timer.o)
                0x080030f4                platform_tick_count
 .text.__cxa_pure_virtual
                0x08003100        0x8 .pioenvs\bluepill_f103c8\libff7\libbluepill.a(bluepill.o)
                0x08003100                __cxa_pure_virtual
 .text._Znwj    0x08003108        0x4 .pioenvs\bluepill_f103c8\libff7\libbluepill.a(bluepill.o)
                0x08003108                operator new(unsigned int)
 .text._ZdlPv   0x0800310c        0x4 .pioenvs\bluepill_f103c8\libff7\libbluepill.a(bluepill.o)
                0x0800310c                operator delete(void*)
 .text.platform_set_alarm
                0x08003110        0x4 .pioenvs\bluepill_f103c8\libff7\libbluepill.a(timer.o)
                0x08003110                platform_set_alarm
 .text.millis   0x08003114        0x4 .pioenvs\bluepill_f103c8\libff7\libbluepill.a(timer.o)
                0x08003114                millis
 *libbootloader.a:(SORT_BY_ALIGNMENT(.text*))
 .text.bootloader_start
                0x08003118       0xcc .pioenvs\bluepill_f103c8\lib443\libbootloader.a(bootloader.o)
                0x08003118                bootloader_start
 .text.target_set_led
                0x080031e4       0x18 .pioenvs\bluepill_f103c8\lib443\libbootloader.a(target_stm32f103.o)
                0x080031e4                target_set_led
 .text.target_gpio_setup
                0x080031fc       0x70 .pioenvs\bluepill_f103c8\lib443\libbootloader.a(target_stm32f103.o)
                0x080031fc                target_gpio_setup
 .text.target_usb_init
                0x0800326c       0x2c .pioenvs\bluepill_f103c8\lib443\libbootloader.a(target_stm32f103.o)
                0x0800326c                target_usb_init
 .text.target_get_force_bootloader
                0x08003298       0x34 .pioenvs\bluepill_f103c8\lib443\libbootloader.a(target_stm32f103.o)
                0x08003298                target_get_force_bootloader
 .text.target_flash_program_array
                0x080032cc       0xdc .pioenvs\bluepill_f103c8\lib443\libbootloader.a(target_stm32f103.o)
                0x080032cc                target_flash_program_array
 .text.set_aggregate_callback
                0x080033a8       0x5c .pioenvs\bluepill_f103c8\lib443\libbootloader.a(usb_conf.o)
 .text.usb_setup
                0x08003404       0x90 .pioenvs\bluepill_f103c8\lib443\libbootloader.a(usb_conf.o)
                0x08003404                usb_setup
 .text.aggregate_register_config_callback
                0x08003494       0x38 .pioenvs\bluepill_f103c8\lib443\libbootloader.a(usb_conf.o)
                0x08003494                aggregate_register_config_callback
 .text.aggregate_register_callback
                0x080034cc       0x4c .pioenvs\bluepill_f103c8\lib443\libbootloader.a(usb_conf.o)
                0x080034cc                aggregate_register_callback
 .text.usb_set_serial_number
                0x08003518       0x1c .pioenvs\bluepill_f103c8\lib443\libbootloader.a(usb_conf.o)
                0x08003518                usb_set_serial_number
 .text.dump_buffer
                0x08003534       0x4c .pioenvs\bluepill_f103c8\lib443\libbootloader.a(usb_conf.o)
                0x08003534                dump_buffer
 .text.dump_usb_request
                0x08003580      0x130 .pioenvs\bluepill_f103c8\lib443\libbootloader.a(usb_conf.o)
                0x08003580                dump_usb_request
 .text.aggregate_callback
                0x080036b0       0x64 .pioenvs\bluepill_f103c8\lib443\libbootloader.a(usb_conf.o)
 .text.webusb_set_config
                0x08003714       0x28 .pioenvs\bluepill_f103c8\lib443\libbootloader.a(webusb.o)
 .text.webusb_control_vendor_request
                0x0800373c       0x9c .pioenvs\bluepill_f103c8\lib443\libbootloader.a(webusb.o)
 .text.webusb_setup
                0x080037d8       0x4c .pioenvs\bluepill_f103c8\lib443\libbootloader.a(webusb.o)
                0x080037d8                webusb_setup
 .text.winusb_control_vendor_request
                0x08003824       0x94 .pioenvs\bluepill_f103c8\lib443\libbootloader.a(winusb.o)
 .text.winusb_set_config
                0x080038b8       0x28 .pioenvs\bluepill_f103c8\lib443\libbootloader.a(winusb.o)
 .text.winusb_descriptor_request
                0x080038e0       0x48 .pioenvs\bluepill_f103c8\lib443\libbootloader.a(winusb.o)
 .text.winusb_setup
                0x08003928       0x5c .pioenvs\bluepill_f103c8\lib443\libbootloader.a(winusb.o)
                0x08003928                winusb_setup
 .text.cdcacm_comm_cb
                0x08003984       0x14 .pioenvs\bluepill_f103c8\lib443\libbootloader.a(cdc.o)
 .text.cdcacm_data_rx_cb
                0x08003998       0x4c .pioenvs\bluepill_f103c8\lib443\libbootloader.a(cdc.o)
 .text.cdcacm_set_config
                0x080039e4       0x68 .pioenvs\bluepill_f103c8\lib443\libbootloader.a(cdc.o)
 .text.cdcacm_control_request
                0x08003a4c       0x68 .pioenvs\bluepill_f103c8\lib443\libbootloader.a(cdc.o)
 .text.cdc_setup
                0x08003ab4       0x24 .pioenvs\bluepill_f103c8\lib443\libbootloader.a(cdc.o)
                0x08003ab4                cdc_setup
 .text.hf2_set_config
                0x08003ad8       0x3c .pioenvs\bluepill_f103c8\lib443\libbootloader.a(hf2.o)
 .text.assert.part.0
                0x08003b14       0x1c .pioenvs\bluepill_f103c8\lib443\libbootloader.a(hf2.o)
 .text.pokeSend
                0x08003b30       0x84 .pioenvs\bluepill_f103c8\lib443\libbootloader.a(hf2.o)
 .text.send_hf2_response
                0x08003bb4       0x38 .pioenvs\bluepill_f103c8\lib443\libbootloader.a(hf2.o)
 .text.hf2_data_rx_cb
                0x08003bec      0x19c .pioenvs\bluepill_f103c8\lib443\libbootloader.a(hf2.o)
 .text.hf2_setup
                0x08003d88       0x2c .pioenvs\bluepill_f103c8\lib443\libbootloader.a(hf2.o)
                0x08003d88                hf2_setup
 .text.backup_write
                0x08003db4       0x38 .pioenvs\bluepill_f103c8\lib443\libbootloader.a(backup.o)
                0x08003db4                backup_write
 .text.backup_read
                0x08003dec       0x18 .pioenvs\bluepill_f103c8\lib443\libbootloader.a(backup.o)
                0x08003dec                backup_read
 .text.usb21_set_config
                0x08003e04       0x28 .pioenvs\bluepill_f103c8\lib443\libbootloader.a(usb21_standard.o)
 .text.usb21_standard_get_descriptor
                0x08003e2c       0xcc .pioenvs\bluepill_f103c8\lib443\libbootloader.a(usb21_standard.o)
 .text.usb21_setup
                0x08003ef8       0x38 .pioenvs\bluepill_f103c8\lib443\libbootloader.a(usb21_standard.o)
                0x08003ef8                usb21_setup
 .text.flushFlash
                0x08003f30       0x94 .pioenvs\bluepill_f103c8\lib443\libbootloader.a(ghostfat.o)
 .text.flash_write
                0x08003fc4       0x48 .pioenvs\bluepill_f103c8\lib443\libbootloader.a(ghostfat.o)
                0x08003fc4                flash_write
 .text.target_get_serial_number
                0x0800400c        0x6 .pioenvs\bluepill_f103c8\lib443\libbootloader.a(target_stm32f103.o)
                0x0800400c                target_get_serial_number
 .text.target_flash_unlock
                0x08004012        0x4 .pioenvs\bluepill_f103c8\lib443\libbootloader.a(target_stm32f103.o)
                0x08004012                target_flash_unlock
 .text.target_flash_lock
                0x08004016        0x4 .pioenvs\bluepill_f103c8\lib443\libbootloader.a(target_stm32f103.o)
                0x08004016                target_flash_lock
 .text.hf2_data_tx_cb
                0x0800401a        0x4 .pioenvs\bluepill_f103c8\lib443\libbootloader.a(hf2.o)
                0x08004020                . = ALIGN (0x4)
 *fill*         0x0800401e        0x2 
 :*reset_handler*(SORT_BY_ALIGNMENT(.rodata*))
 *libhal.a:*reset_handler*(SORT_BY_ALIGNMENT(.rodata*))
 :*codal_target_hal*(SORT_BY_ALIGNMENT(.rodata*))
 .rodata.target_panic.str1.1
                0x08004020       0x13 .pioenvs\bluepill_f103c8\libff2\hal\codal_target_hal.o
 .rodata.test_codal.str1.1
                0x08004033       0x34 .pioenvs\bluepill_f103c8\libff2\hal\codal_target_hal.o
 *libhal.a:*codal_target_hal*(SORT_BY_ALIGNMENT(.rodata*))
 :*CortexContextSwitch*(SORT_BY_ALIGNMENT(.rodata*))
 *libhal.a:(SORT_BY_ALIGNMENT(.rodata*))
 *liblibopencm3.a:(SORT_BY_ALIGNMENT(.rodata*))
 *libFrameworkLibOpenCM3.a:(SORT_BY_ALIGNMENT(.rodata*))
 *fill*         0x08004067        0x1 
 .rodata.st_usbfs_v1_usb_driver
                0x08004068       0x34 .pioenvs\bluepill_f103c8\libFrameworkLibOpenCM3.a(st_usbfs_v1.o)
                0x08004068                st_usbfs_v1_usb_driver
 .rodata.chars.4166
                0x0800409c       0x11 .pioenvs\bluepill_f103c8\libFrameworkLibOpenCM3.a(desig.o)
 *libcocoos.a:(SORT_BY_ALIGNMENT(.rodata*))
 *libcocoOS_?.?.?.a:(SORT_BY_ALIGNMENT(.rodata*))
 *libqfplib.a:(SORT_BY_ALIGNMENT(.rodata*))
 *libnano-float.a:(SORT_BY_ALIGNMENT(.rodata*))
 *libnewlib.a:(SORT_BY_ALIGNMENT(.rodata*))
 *liblogger.a:(SORT_BY_ALIGNMENT(.rodata*))
 .rodata._Z11debug_printi.str1.1
                0x080040ad        0x4 .pioenvs\bluepill_f103c8\lib931\liblogger.a(logger.o)
 .rodata._Z11debug_printj.str1.1
                0x080040b1        0xb .pioenvs\bluepill_f103c8\lib931\liblogger.a(logger.o)
 .rodata.debug_println.str1.1
                0x080040bc        0x2 .pioenvs\bluepill_f103c8\lib931\liblogger.a(logger.o)
 *libbluepill.a:(SORT_BY_ALIGNMENT(.rodata*))
 .rodata.platform_setup.str1.1
                0x080040be       0x13 .pioenvs\bluepill_f103c8\libff7\libbluepill.a(bluepill.o)
 .rodata.platform_start_timer.str1.1
                0x080040d1       0x2f .pioenvs\bluepill_f103c8\libff7\libbluepill.a(timer.o)
 *libbootloader.a:(SORT_BY_ALIGNMENT(.rodata*))
 .rodata.interfaces
                0x08004100       0x30 .pioenvs\bluepill_f103c8\lib443\libbootloader.a(usb_conf.o)
 .rodata.bootloader_start.str1.1
                0x08004130       0x74 .pioenvs\bluepill_f103c8\lib443\libbootloader.a(bootloader.o)
 .rodata.target_flash_program_array.str1.1
                0x080041a4       0x6a .pioenvs\bluepill_f103c8\lib443\libbootloader.a(target_stm32f103.o)
                                 0x6b (size before relaxing)
 .rodata.aggregate_callback.str1.1
                0x0800420e        0x4 .pioenvs\bluepill_f103c8\lib443\libbootloader.a(usb_conf.o)
 .rodata.aggregate_register_callback.str1.1
                0x08004212       0x26 .pioenvs\bluepill_f103c8\lib443\libbootloader.a(usb_conf.o)
 .rodata.aggregate_register_config_callback.str1.1
                0x08004238       0x25 .pioenvs\bluepill_f103c8\lib443\libbootloader.a(usb_conf.o)
 .rodata.bos_descriptor
                0x0800425d        0x9 .pioenvs\bluepill_f103c8\lib443\libbootloader.a(usb_conf.o)
 .rodata.cdc_iface_assoc
                0x08004266        0x8 .pioenvs\bluepill_f103c8\lib443\libbootloader.a(usb_conf.o)
 .rodata.cdcacm_functional_descriptors
                0x0800426e       0x13 .pioenvs\bluepill_f103c8\lib443\libbootloader.a(usb_conf.o)
 .rodata.comm_endp
                0x08004281        0xf .pioenvs\bluepill_f103c8\lib443\libbootloader.a(usb_conf.o)
 .rodata.comm_iface
                0x08004290       0x15 .pioenvs\bluepill_f103c8\lib443\libbootloader.a(usb_conf.o)
 .rodata.config
                0x080042a5        0xd .pioenvs\bluepill_f103c8\lib443\libbootloader.a(usb_conf.o)
 .rodata.data_endp
                0x080042b2       0x1e .pioenvs\bluepill_f103c8\lib443\libbootloader.a(usb_conf.o)
 .rodata.data_iface
                0x080042d0       0x15 .pioenvs\bluepill_f103c8\lib443\libbootloader.a(usb_conf.o)
 .rodata.dev    0x080042e5       0x12 .pioenvs\bluepill_f103c8\lib443\libbootloader.a(usb_conf.o)
 .rodata.dump_buffer.str1.1
                0x080042f7        0x4 .pioenvs\bluepill_f103c8\lib443\libbootloader.a(usb_conf.o)
                                  0x7 (size before relaxing)
 .rodata.dump_usb_request.str1.1
                0x080042fb       0x70 .pioenvs\bluepill_f103c8\lib443\libbootloader.a(usb_conf.o)
 .rodata.hf2_endp
                0x0800436b       0x1e .pioenvs\bluepill_f103c8\lib443\libbootloader.a(usb_conf.o)
 .rodata.hf2_iface
                0x08004389       0x15 .pioenvs\bluepill_f103c8\lib443\libbootloader.a(usb_conf.o)
 .rodata.set_aggregate_callback.str1.1
                0x0800439e       0x40 .pioenvs\bluepill_f103c8\lib443\libbootloader.a(usb_conf.o)
 .rodata.str1.1
                0x080043de       0x7e .pioenvs\bluepill_f103c8\lib443\libbootloader.a(usb_conf.o)
 .rodata.usb_setup.str1.1
                0x0800445c       0x2e .pioenvs\bluepill_f103c8\lib443\libbootloader.a(usb_conf.o)
 .rodata.webusb_control_vendor_request.str1.1
                0x0800448a       0x3c .pioenvs\bluepill_f103c8\lib443\libbootloader.a(webusb.o)
                                 0x3d (size before relaxing)
 .rodata.webusb_platform_capability_descriptor
                0x080044c6       0x18 .pioenvs\bluepill_f103c8\lib443\libbootloader.a(webusb.o)
                0x080044c6                webusb_platform_capability_descriptor
 .rodata.webusb_set_config.str1.1
                0x080044de       0x1d .pioenvs\bluepill_f103c8\lib443\libbootloader.a(webusb.o)
 .rodata.webusb_setup.str1.1
                0x080044fb       0x18 .pioenvs\bluepill_f103c8\lib443\libbootloader.a(webusb.o)
 .rodata.guid   0x08004513       0x92 .pioenvs\bluepill_f103c8\lib443\libbootloader.a(winusb.o)
 .rodata.microsoft_platform_capability_descriptor
                0x080045a5       0x1c .pioenvs\bluepill_f103c8\lib443\libbootloader.a(winusb.o)
                0x080045a5                microsoft_platform_capability_descriptor
 .rodata.winusb_control_vendor_request.str1.1
                0x080045c1       0x14 .pioenvs\bluepill_f103c8\lib443\libbootloader.a(winusb.o)
 .rodata.winusb_descriptor_request.str1.1
                0x080045d5        0x6 .pioenvs\bluepill_f103c8\lib443\libbootloader.a(winusb.o)
 .rodata.winusb_set_config.str1.1
                0x080045db       0x1d .pioenvs\bluepill_f103c8\lib443\libbootloader.a(winusb.o)
 .rodata.winusb_setup.str1.1
                0x080045f8       0x18 .pioenvs\bluepill_f103c8\lib443\libbootloader.a(winusb.o)
 .rodata.winusb_string_descriptor
                0x08004610       0x12 .pioenvs\bluepill_f103c8\lib443\libbootloader.a(winusb.o)
 .rodata.cdc_setup.str1.1
                0x08004622       0x15 .pioenvs\bluepill_f103c8\lib443\libbootloader.a(cdc.o)
 .rodata.cdcacm_comm_cb.str1.1
                0x08004637        0x5 .pioenvs\bluepill_f103c8\lib443\libbootloader.a(cdc.o)
 .rodata.cdcacm_control_request.str1.1
                0x0800463c       0x28 .pioenvs\bluepill_f103c8\lib443\libbootloader.a(cdc.o)
                                 0x30 (size before relaxing)
 .rodata.cdcacm_data_rx_cb.str1.1
                0x08004664        0x4 .pioenvs\bluepill_f103c8\lib443\libbootloader.a(cdc.o)
 .rodata.cdcacm_set_config.str1.1
                0x08004668       0x1d .pioenvs\bluepill_f103c8\lib443\libbootloader.a(cdc.o)
 .rodata.line_coding
                0x08004685        0x7 .pioenvs\bluepill_f103c8\lib443\libbootloader.a(cdc.o)
 .rodata.assert.part.0.str1.1
                0x0800468c        0xc .pioenvs\bluepill_f103c8\lib443\libbootloader.a(hf2.o)
 .rodata.bad_packet_message
                0x08004698        0xb .pioenvs\bluepill_f103c8\lib443\libbootloader.a(hf2.o)
 .rodata.hf2_data_rx_cb.str1.1
                0x080046a3       0x88 .pioenvs\bluepill_f103c8\lib443\libbootloader.a(hf2.o)
                                 0x89 (size before relaxing)
 .rodata.hf2_set_config.str1.1
                0x0800472b        0xb .pioenvs\bluepill_f103c8\lib443\libbootloader.a(hf2.o)
 .rodata.hf2_setup.str1.1
                0x08004736       0x15 .pioenvs\bluepill_f103c8\lib443\libbootloader.a(hf2.o)
 .rodata.send_hf2_response.str1.1
                0x0800474b        0x7 .pioenvs\bluepill_f103c8\lib443\libbootloader.a(hf2.o)
 .rodata.usb21_set_config.str1.1
                0x08004752       0x1c .pioenvs\bluepill_f103c8\lib443\libbootloader.a(usb21_standard.o)
 .rodata.usb21_setup.str1.1
                0x0800476e       0x17 .pioenvs\bluepill_f103c8\lib443\libbootloader.a(usb21_standard.o)
 .rodata.usb21_standard_get_descriptor.str1.1
                0x08004785       0x21 .pioenvs\bluepill_f103c8\lib443\libbootloader.a(usb21_standard.o)
 .rodata.flushFlash.str1.1
                0x080047a6       0x1e .pioenvs\bluepill_f103c8\lib443\libbootloader.a(ghostfat.o)
                                 0x1f (size before relaxing)
 .rodata.infoUf2File
                0x080047c4       0x55 .pioenvs\bluepill_f103c8\lib443\libbootloader.a(ghostfat.o)
                0x080047c4                infoUf2File
                0x0800481c                . = ALIGN (0x4)
 *fill*         0x08004819        0x3 

.text           0x08006000     0x7c5c
 *(SORT_BY_ALIGNMENT(.vectors))
 *libunity.a:(SORT_BY_ALIGNMENT(.text*))
 .text.UnityPrintFloat
                0x08006000      0x344 .pioenvs\bluepill_f103c8\lib0e4\libunity.a(unity.o)
                0x08006000                UnityPrintFloat
 .text.UnityTestResultsBegin
                0x08006344       0x30 .pioenvs\bluepill_f103c8\lib0e4\libunity.a(unity.o)
 .text.UnityTestResultsFailBegin
                0x08006374       0x24 .pioenvs\bluepill_f103c8\lib0e4\libunity.a(unity.o)
 .text.UnityAddMsgIfSpecified
                0x08006398       0x50 .pioenvs\bluepill_f103c8\lib0e4\libunity.a(unity.o)
 .text.UnityConcludeTest
                0x080063e8       0x44 .pioenvs\bluepill_f103c8\lib0e4\libunity.a(unity.o)
                0x080063e8                UnityConcludeTest
 .text.UnityAssertEqualNumber
                0x0800642c       0x58 .pioenvs\bluepill_f103c8\lib0e4\libunity.a(unity.o)
                0x0800642c                UnityAssertEqualNumber
 .text.UnityAssertFloatsWithin
                0x08006484       0x58 .pioenvs\bluepill_f103c8\lib0e4\libunity.a(unity.o)
                0x08006484                UnityAssertFloatsWithin
 .text.UnityAssertDoublesWithin
                0x080064dc       0x60 .pioenvs\bluepill_f103c8\lib0e4\libunity.a(unity.o)
                0x080064dc                UnityAssertDoublesWithin
 .text.UnityDefaultTestRun
                0x0800653c       0x2c .pioenvs\bluepill_f103c8\lib0e4\libunity.a(unity.o)
                0x0800653c                UnityDefaultTestRun
 .text.UnityBegin
                0x08006568       0x20 .pioenvs\bluepill_f103c8\lib0e4\libunity.a(unity.o)
                0x08006568                UnityBegin
 .text.UnityEnd
                0x08006588       0x74 .pioenvs\bluepill_f103c8\lib0e4\libunity.a(unity.o)
                0x08006588                UnityEnd
 .text.UnityFloatsWithin
                0x080065fc       0xe4 .pioenvs\bluepill_f103c8\lib0e4\libunity.a(unity.o)
 .text.UnityDoublesWithin
                0x080066e0      0x11c .pioenvs\bluepill_f103c8\lib0e4\libunity.a(unity.o)
 .text.setUp    0x080067fc        0x2 .pioenvs\bluepill_f103c8\lib0e4\libunity.a(unity.o)
                0x080067fc                setUp
 .text.tearDown
                0x080067fe        0x2 .pioenvs\bluepill_f103c8\lib0e4\libunity.a(unity.o)
                0x080067fe                tearDown
 .text.UnityPrintNumberUnsigned
                0x08006800       0x34 .pioenvs\bluepill_f103c8\lib0e4\libunity.a(unity.o)
                0x08006800                UnityPrintNumberUnsigned
 .text.UnityPrintNumber
                0x08006834       0x18 .pioenvs\bluepill_f103c8\lib0e4\libunity.a(unity.o)
                0x08006834                UnityPrintNumber
 .text.UnityPrintNumberHex
                0x0800684c       0x2e .pioenvs\bluepill_f103c8\lib0e4\libunity.a(unity.o)
                0x0800684c                UnityPrintNumberHex
 .text.UnityPrint.part.0
                0x0800687a       0x4c .pioenvs\bluepill_f103c8\lib0e4\libunity.a(unity.o)
 .text.UnityPrint
                0x080068c6        0x8 .pioenvs\bluepill_f103c8\lib0e4\libunity.a(unity.o)
                0x080068c6                UnityPrint
 .text.UnityPrintNumberByStyle
                0x080068ce       0x3a .pioenvs\bluepill_f103c8\lib0e4\libunity.a(unity.o)
                0x080068ce                UnityPrintNumberByStyle
 :*unit_test.o(SORT_BY_ALIGNMENT(.text*))
 *(SORT_BY_ALIGNMENT(.text*))
 .text.test_fabs
                0x08006908      0x160 .pioenvs\bluepill_f103c8\lib987\libunittest.a(unittest.o)
                0x08006908                test_fabs
 .text.test_aeabi_ddiv
                0x08006a68      0x19c .pioenvs\bluepill_f103c8\lib987\libunittest.a(unittest.o)
                0x08006a68                test_aeabi_ddiv
 *fill*         0x08006c04        0x4 
 .text.test_aeabi_dmul
                0x08006c08      0x19c .pioenvs\bluepill_f103c8\lib987\libunittest.a(unittest.o)
                0x08006c08                test_aeabi_dmul
 *fill*         0x08006da4        0x4 
 .text.test_aeabi_dcmpeq
                0x08006da8      0x1a4 .pioenvs\bluepill_f103c8\lib987\libunittest.a(unittest.o)
                0x08006da8                test_aeabi_dcmpeq
 *fill*         0x08006f4c        0x4 
 .text.test_aeabi_dcmplt
                0x08006f50      0x1a4 .pioenvs\bluepill_f103c8\lib987\libunittest.a(unittest.o)
                0x08006f50                test_aeabi_dcmplt
 *fill*         0x080070f4        0x4 
 .text.test_aeabi_dcmple
                0x080070f8      0x1a4 .pioenvs\bluepill_f103c8\lib987\libunittest.a(unittest.o)
                0x080070f8                test_aeabi_dcmple
 *fill*         0x0800729c        0x4 
 .text.test_aeabi_dcmpge
                0x080072a0      0x1a4 .pioenvs\bluepill_f103c8\lib987\libunittest.a(unittest.o)
                0x080072a0                test_aeabi_dcmpge
 *fill*         0x08007444        0x4 
 .text.test_aeabi_dcmpgt
                0x08007448      0x1a4 .pioenvs\bluepill_f103c8\lib987\libunittest.a(unittest.o)
                0x08007448                test_aeabi_dcmpgt
 *fill*         0x080075ec        0x4 
 .text.test_aeabi_dcmpun
                0x080075f0      0x1a4 .pioenvs\bluepill_f103c8\lib987\libunittest.a(unittest.o)
                0x080075f0                test_aeabi_dcmpun
 *fill*         0x08007794        0x4 
 .text.test_aeabi_d2iz
                0x08007798       0x94 .pioenvs\bluepill_f103c8\lib987\libunittest.a(unittest.o)
                0x08007798                test_aeabi_d2iz
 *fill*         0x0800782c        0x4 
 .text.test_aeabi_d2uiz
                0x08007830       0x90 .pioenvs\bluepill_f103c8\lib987\libunittest.a(unittest.o)
                0x08007830                test_aeabi_d2uiz
 .text.test_sqrt
                0x080078c0       0xc8 .pioenvs\bluepill_f103c8\lib987\libunittest.a(unittest.o)
                0x080078c0                test_sqrt
 .text.test_log
                0x08007988       0xd0 .pioenvs\bluepill_f103c8\lib987\libunittest.a(unittest.o)
                0x08007988                test_log
 .text.test_exp
                0x08007a58      0x128 .pioenvs\bluepill_f103c8\lib987\libunittest.a(unittest.o)
                0x08007a58                test_exp
 .text.test_log2
                0x08007b80      0x10c .pioenvs\bluepill_f103c8\lib987\libunittest.a(unittest.o)
                0x08007b80                test_log2
 *fill*         0x08007c8c        0x4 
 .text.test_log10
                0x08007c90       0xd0 .pioenvs\bluepill_f103c8\lib987\libunittest.a(unittest.o)
                0x08007c90                test_log10
 .text.test_pow
                0x08007d60      0x110 .pioenvs\bluepill_f103c8\lib987\libunittest.a(unittest.o)
                0x08007d60                test_pow
 .text.test_ldexp
                0x08007e70       0xc4 .pioenvs\bluepill_f103c8\lib987\libunittest.a(unittest.o)
                0x08007e70                test_ldexp
 *fill*         0x08007f34        0x4 
 .text.test_sin
                0x08007f38      0x150 .pioenvs\bluepill_f103c8\lib987\libunittest.a(unittest.o)
                0x08007f38                test_sin
 .text.test_cos
                0x08008088      0x158 .pioenvs\bluepill_f103c8\lib987\libunittest.a(unittest.o)
                0x08008088                test_cos
 .text.test_tan
                0x080081e0      0x148 .pioenvs\bluepill_f103c8\lib987\libunittest.a(unittest.o)
                0x080081e0                test_tan
 .text.test_atan2
                0x08008328      0x218 .pioenvs\bluepill_f103c8\lib987\libunittest.a(unittest.o)
                0x08008328                test_atan2
 .text.test_atan
                0x08008540       0xc4 .pioenvs\bluepill_f103c8\lib987\libunittest.a(unittest.o)
                0x08008540                test_atan
 *fill*         0x08008604        0x4 
 .text.test_asin
                0x08008608       0xa8 .pioenvs\bluepill_f103c8\lib987\libunittest.a(unittest.o)
                0x08008608                test_asin
 .text.test_acos
                0x080086b0      0x174 .pioenvs\bluepill_f103c8\lib987\libunittest.a(unittest.o)
                0x080086b0                test_acos
 *fill*         0x08008824        0x4 
 .text.test_sinh
                0x08008828      0x110 .pioenvs\bluepill_f103c8\lib987\libunittest.a(unittest.o)
                0x08008828                test_sinh
 .text.test_cosh
                0x08008938      0x110 .pioenvs\bluepill_f103c8\lib987\libunittest.a(unittest.o)
                0x08008938                test_cosh
 .text.test_tanh
                0x08008a48      0x110 .pioenvs\bluepill_f103c8\lib987\libunittest.a(unittest.o)
                0x08008a48                test_tanh
 .text.test_asinh
                0x08008b58      0x110 .pioenvs\bluepill_f103c8\lib987\libunittest.a(unittest.o)
                0x08008b58                test_asinh
 .text.test_acosh
                0x08008c68       0x90 .pioenvs\bluepill_f103c8\lib987\libunittest.a(unittest.o)
                0x08008c68                test_acosh
 .text.test_atanh
                0x08008cf8       0xc8 .pioenvs\bluepill_f103c8\lib987\libunittest.a(unittest.o)
                0x08008cf8                test_atanh
 .text.test_trunc
                0x08008dc0      0x178 .pioenvs\bluepill_f103c8\lib987\libunittest.a(unittest.o)
                0x08008dc0                test_trunc
 .text.test_floor
                0x08008f38      0x17c .pioenvs\bluepill_f103c8\lib987\libunittest.a(unittest.o)
                0x08008f38                test_floor
 *fill*         0x080090b4        0x4 
 .text.test_ceil
                0x080090b8      0x17c .pioenvs\bluepill_f103c8\lib987\libunittest.a(unittest.o)
                0x080090b8                test_ceil
 *fill*         0x08009234        0x4 
 .text.test_fmod
                0x08009238      0x1d8 .pioenvs\bluepill_f103c8\lib987\libunittest.a(unittest.o)
                0x08009238                test_fmod
 .text._ZL10debug_dumpRN5codal13STM32BluePillEPKc
                0x08009410       0x7c .pioenvs\bluepill_f103c8\src\main.o
 .text._Z10Blink_mainRN5codal13STM32BluePillE
                0x0800948c       0x74 .pioenvs\bluepill_f103c8\src\main.o
                0x0800948c                Blink_main(codal::STM32BluePill&)
 .text.startup._GLOBAL__sub_I_serialPort
                0x08009500       0x10 .pioenvs\bluepill_f103c8\src\uart.o
 .text.codal_dmesg_flush
                0x08009510       0x10 .pioenvs\bluepill_f103c8\lib635\libcodal-core.a(CodalDmesg.o)
                0x08009510                codal_dmesg_flush
 .text._ZN5codal10EventModel6listenEiiPFvNS_5EventEEt
                0x08009520       0x60 .pioenvs\bluepill_f103c8\lib635\libcodal-core.a(CodalFiber.o)
                0x08009520                codal::EventModel::listen(int, int, void (*)(codal::Event), unsigned short)
 .text._ZN5codal14scheduler_tickENS_5EventE
                0x08009580       0x38 .pioenvs\bluepill_f103c8\lib635\libcodal-core.a(CodalFiber.o)
                0x08009580                codal::scheduler_tick(codal::Event)
 .text._ZN5codal15scheduler_eventENS_5EventE
                0x080095b8       0xc0 .pioenvs\bluepill_f103c8\lib635\libcodal-core.a(CodalFiber.o)
                0x080095b8                codal::scheduler_event(codal::Event)
 .text._Z15getFiberContextv
                0x08009678       0x50 .pioenvs\bluepill_f103c8\lib635\libcodal-core.a(CodalFiber.o)
                0x08009678                getFiberContext()
 .text._ZL10handle_fobv
                0x080096c8       0x2c .pioenvs\bluepill_f103c8\lib635\libcodal-core.a(CodalFiber.o)
 .text._ZN5codal23fiber_scheduler_runningEv
                0x080096f4       0x10 .pioenvs\bluepill_f103c8\lib635\libcodal-core.a(CodalFiber.o)
                0x080096f4                codal::fiber_scheduler_running()
 .text._ZN5codal14scheduler_initERNS_10EventModelE
                0x08009704       0xac .pioenvs\bluepill_f103c8\lib635\libcodal-core.a(CodalFiber.o)
                0x08009704                codal::scheduler_init(codal::EventModel&)
 .text._ZN5codal19fiber_wake_on_eventEtt
                0x080097b0       0x5c .pioenvs\bluepill_f103c8\lib635\libcodal-core.a(CodalFiber.o)
                0x080097b0                codal::fiber_wake_on_event(unsigned short, unsigned short)
 .text._Z14__create_fibermmmi
                0x0800980c       0x64 .pioenvs\bluepill_f103c8\lib635\libcodal-core.a(CodalFiber.o)
                0x0800980c                __create_fiber(unsigned long, unsigned long, unsigned long, int)
 .text._ZN5codal17verify_stack_sizeEPNS_5FiberE
                0x08009870       0x44 .pioenvs\bluepill_f103c8\lib635\libcodal-core.a(CodalFiber.o)
                0x08009870                codal::verify_stack_size(codal::Fiber*)
 .text._ZN5codal24scheduler_runqueue_emptyEv
                0x080098b4       0x10 .pioenvs\bluepill_f103c8\lib635\libcodal-core.a(CodalFiber.o)
                0x080098b4                codal::scheduler_runqueue_empty()
 .text._ZN5codal4idleEv
                0x080098c4       0x3c .pioenvs\bluepill_f103c8\lib635\libcodal-core.a(CodalFiber.o)
                0x080098c4                codal::idle()
 .text._ZN5codal8scheduleEv
                0x08009900      0x108 .pioenvs\bluepill_f103c8\lib635\libcodal-core.a(CodalFiber.o)
                0x08009900                codal::schedule()
 .text._ZN5codal11fiber_sleepEm
                0x08009a08       0x3c .pioenvs\bluepill_f103c8\lib635\libcodal-core.a(CodalFiber.o)
                0x08009a08                codal::fiber_sleep(unsigned long)
 .text._ZN5codal13release_fiberEv
                0x08009a44       0x6c .pioenvs\bluepill_f103c8\lib635\libcodal-core.a(CodalFiber.o)
                0x08009a44                codal::release_fiber()
 .text._ZN5codal6invokeEPFvPvES0_
                0x08009ab0       0x80 .pioenvs\bluepill_f103c8\lib635\libcodal-core.a(CodalFiber.o)
                0x08009ab0                codal::invoke(void (*)(void*), void*)
 .text._Z18device_create_heapmm
                0x08009b30       0x3c .pioenvs\bluepill_f103c8\lib635\libcodal-core.a(CodalHeapAllocator.o)
                0x08009b30                device_create_heap(unsigned long, unsigned long)
 .text.device_malloc
                0x08009b6c       0x48 .pioenvs\bluepill_f103c8\lib635\libcodal-core.a(CodalHeapAllocator.o)
                0x08009b6c                device_malloc
                0x08009b6c                malloc
 .text.device_free
                0x08009bb4       0x40 .pioenvs\bluepill_f103c8\lib635\libcodal-core.a(CodalHeapAllocator.o)
                0x08009bb4                free
                0x08009bb4                device_free
 .text._ZN5codal5TimerC2Ev
                0x08009bf4       0x34 .pioenvs\bluepill_f103c8\lib635\libcodal-core.a(Timer.o)
                0x08009bf4                codal::Timer::Timer()
                0x08009bf4                codal::Timer::Timer()
 .text._ZN5codal25system_timer_current_timeEv
                0x08009c28       0x10 .pioenvs\bluepill_f103c8\lib635\libcodal-core.a(Timer.o)
                0x08009c28                codal::system_timer_current_time()
 .text._ZN5codal27system_timer_event_every_usEmtt
                0x08009c38       0x24 .pioenvs\bluepill_f103c8\lib635\libcodal-core.a(Timer.o)
                0x08009c38                codal::system_timer_event_every_us(unsigned long, unsigned short, unsigned short)
 .text._ZN5codal5Event4fireEv
                0x08009c5c       0x20 .pioenvs\bluepill_f103c8\lib635\libcodal-core.a(Event.o)
                0x08009c5c                codal::Event::fire()
 .text._ZN5codal3_cm3Pin14setAnalogValueEi
                0x08009c7c       0x1c .pioenvs\bluepill_f103c8\lib24c\libcm.a(CmPin.o)
                0x08009c7c                codal::_cm::Pin::setAnalogValue(int)
 .text._ZN5codal3_cm3Pin13setServoValueEiii
                0x08009c98       0x2c .pioenvs\bluepill_f103c8\lib24c\libcm.a(CmPin.o)
                0x08009c98                codal::_cm::Pin::setServoValue(int, int, int)
 .text._ZN5codal3_cm3Pin9isTouchedEv
                0x08009cc4        0x8 .pioenvs\bluepill_f103c8\lib24c\libcm.a(CmPin.o)
                0x08009cc4                codal::_cm::Pin::isTouched()
 .text._ZN5codal3_cm3Pin17getAnalogPeriodUsEv
                0x08009ccc        0x8 .pioenvs\bluepill_f103c8\lib24c\libcm.a(CmPin.o)
                0x08009ccc                codal::_cm::Pin::getAnalogPeriodUs()
 .text._ZN5codal3_cm3Pin15setDigitalValueEi
                0x08009cd4       0x80 .pioenvs\bluepill_f103c8\lib24c\libcm.a(CmPin.o)
                0x08009cd4                codal::_cm::Pin::setDigitalValue(int)
 .text._ZN5codal3_cm3PinC2EhmmtNS_13PinCapabilityE
                0x08009d54       0x2c .pioenvs\bluepill_f103c8\lib24c\libcm.a(CmPin.o)
                0x08009d54                codal::_cm::Pin::Pin(unsigned char, unsigned long, unsigned long, unsigned short, codal::PinCapability)
                0x08009d54                codal::_cm::Pin::Pin(unsigned char, unsigned long, unsigned long, unsigned short, codal::PinCapability)
 .text._ZN5codal14CodalComponent4initEv
                0x08009d80        0x8 .pioenvs\bluepill_f103c8\lib400\libmodel.a(STM32BluePill.o)
                0x08009d80                codal::CodalComponent::init()
 .text._ZN5codal14CodalComponentD2Ev
                0x08009d88       0x18 .pioenvs\bluepill_f103c8\lib400\libmodel.a(STM32BluePill.o)
                0x08009d88                codal::CodalComponent::~CodalComponent()
                0x08009d88                codal::CodalComponent::~CodalComponent()
 .text._ZN5codal13STM32BluePill4initEv
                0x08009da0       0x4c .pioenvs\bluepill_f103c8\lib400\libmodel.a(STM32BluePill.o)
                0x08009da0                codal::STM32BluePill::init()
 .text._ZN5codal13STM32BluePillC2Ev
                0x08009dec       0x98 .pioenvs\bluepill_f103c8\lib400\libmodel.a(STM32BluePill.o)
                0x08009dec                codal::STM32BluePill::STM32BluePill()
                0x08009dec                codal::STM32BluePill::STM32BluePill()
 .text._ZN5codal13STM32BluePillD2Ev
                0x08009e84       0x40 .pioenvs\bluepill_f103c8\lib400\libmodel.a(STM32BluePill.o)
                0x08009e84                codal::STM32BluePill::~STM32BluePill()
                0x08009e84                codal::STM32BluePill::~STM32BluePill()
 .text._ZN5codal15STM32BluePillIOC2Ev
                0x08009ec4      0xaf0 .pioenvs\bluepill_f103c8\lib400\libmodel.a(STM32BluePillIO.o)
                0x08009ec4                codal::STM32BluePillIO::STM32BluePillIO()
                0x08009ec4                codal::STM32BluePillIO::STM32BluePillIO()
 .text.test_aeabi_fdiv
                0x0800a9b4      0x100 .pioenvs\bluepill_f103c8\lib987\libunittest.a(unittest.o)
                0x0800a9b4                test_aeabi_fdiv
 .text.test_nanofloat
                0x0800aab4      0x438 .pioenvs\bluepill_f103c8\lib987\libunittest.a(unittest.o)
                0x0800aab4                test_nanofloat
 .text.usart2_isr
                0x0800aeec       0x50 .pioenvs\bluepill_f103c8\lib492\libuartint.a(uartint.o)
                0x0800aeec                usart2_isr
 .text.startup._GLOBAL__sub_I__ZN13UARTInterfaceC2Ejj
                0x0800af3c       0x10 .pioenvs\bluepill_f103c8\lib492\libuartint.a(uartint.o)
 .text          0x0800af4c      0x378 c:/users/guppy/.platformio/packages/toolchain-gccarmnoneeabi/bin/../lib/gcc/arm-none-eabi/7.2.1/thumb/v7-m\libgcc.a(_arm_addsubdf3.o)
                0x0800af4c                __aeabi_drsub
                0x0800af54                __aeabi_dsub
                0x0800af54                __subdf3
                0x0800af58                __aeabi_dadd
                0x0800af58                __adddf3
                0x0800b1d0                __floatunsidf
                0x0800b1d0                __aeabi_ui2d
                0x0800b1f0                __floatsidf
                0x0800b1f0                __aeabi_i2d
                0x0800b214                __aeabi_f2d
                0x0800b214                __extendsfdf2
                0x0800b258                __floatundidf
                0x0800b258                __aeabi_ul2d
                0x0800b268                __floatdidf
                0x0800b268                __aeabi_l2d
 .text          0x0800b2c4      0x424 c:/users/guppy/.platformio/packages/toolchain-gccarmnoneeabi/bin/../lib/gcc/arm-none-eabi/7.2.1/thumb/v7-m\libgcc.a(_arm_muldivdf3.o)
                0x0800b2c4                __aeabi_dmul
                0x0800b2c4                __muldf3
                0x0800b518                __divdf3
                0x0800b518                __aeabi_ddiv
 .text          0x0800b6e8      0x110 c:/users/guppy/.platformio/packages/toolchain-gccarmnoneeabi/bin/../lib/gcc/arm-none-eabi/7.2.1/thumb/v7-m\libgcc.a(_arm_cmpdf2.o)
                0x0800b6e8                __gtdf2
                0x0800b6e8                __gedf2
                0x0800b6f0                __ltdf2
                0x0800b6f0                __ledf2
                0x0800b6f8                __nedf2
                0x0800b6f8                __eqdf2
                0x0800b6f8                __cmpdf2
                0x0800b774                __aeabi_cdrcmple
                0x0800b784                __aeabi_cdcmpeq
                0x0800b784                __aeabi_cdcmple
                0x0800b794                __aeabi_dcmpeq
                0x0800b7a8                __aeabi_dcmplt
                0x0800b7bc                __aeabi_dcmple
                0x0800b7d0                __aeabi_dcmpge
                0x0800b7e4                __aeabi_dcmpgt
 .text          0x0800b7f8       0x50 c:/users/guppy/.platformio/packages/toolchain-gccarmnoneeabi/bin/../lib/gcc/arm-none-eabi/7.2.1/thumb/v7-m\libgcc.a(_arm_fixdfsi.o)
                0x0800b7f8                __aeabi_d2iz
                0x0800b7f8                __fixdfsi
 .text          0x0800b848      0x2a0 c:/users/guppy/.platformio/packages/toolchain-gccarmnoneeabi/bin/../lib/gcc/arm-none-eabi/7.2.1/thumb/v7-m\libgcc.a(_arm_muldivsf3.o)
                0x0800b848                __mulsf3
                0x0800b848                __aeabi_fmul
                0x0800b9b0                __aeabi_fdiv
                0x0800b9b0                __divsf3
 .text          0x0800bae8       0xec c:/users/guppy/.platformio/packages/toolchain-gccarmnoneeabi/bin/../lib/gcc/arm-none-eabi/7.2.1/thumb/v7-m\libgcc.a(_arm_cmpsf2.o)
                0x0800bae8                __gesf2
                0x0800bae8                __gtsf2
                0x0800baf0                __lesf2
                0x0800baf0                __ltsf2
                0x0800baf8                __nesf2
                0x0800baf8                __eqsf2
                0x0800baf8                __cmpsf2
                0x0800bb58                __aeabi_cfrcmple
                0x0800bb60                __aeabi_cfcmpeq
                0x0800bb60                __aeabi_cfcmple
                0x0800bb70                __aeabi_fcmpeq
                0x0800bb84                __aeabi_fcmplt
                0x0800bb98                __aeabi_fcmple
                0x0800bbac                __aeabi_fcmpge
                0x0800bbc0                __aeabi_fcmpgt
 .text._Z18component_callbackN5codal5EventE
                0x0800bbd4       0x58 .pioenvs\bluepill_f103c8\lib635\libcodal-core.a(CodalComponent.o)
                0x0800bbd4                component_callback(codal::Event)
 .text._ZN5codal14CodalComponent12addComponentEv
                0x0800bc2c       0x70 .pioenvs\bluepill_f103c8\lib635\libcodal-core.a(CodalComponent.o)
                0x0800bc2c                codal::CodalComponent::addComponent()
 .text._ZN5codal14CodalComponent15removeComponentEv
                0x0800bc9c       0x20 .pioenvs\bluepill_f103c8\lib635\libcodal-core.a(CodalComponent.o)
                0x0800bc9c                codal::CodalComponent::removeComponent()
 .text._ZN5codal6SerialC2ERNS_3PinES2_hht
                0x0800bcbc       0x5c .pioenvs\bluepill_f103c8\lib635\libcodal-core.a(Serial.o)
                0x0800bcbc                codal::Serial::Serial(codal::Pin&, codal::Pin&, unsigned char, unsigned char, unsigned short)
                0x0800bcbc                codal::Serial::Serial(codal::Pin&, codal::Pin&, unsigned char, unsigned char, unsigned short)
 .text._ZN5codal6SerialD2Ev
                0x0800bd18       0x1c .pioenvs\bluepill_f103c8\lib635\libcodal-core.a(Serial.o)
                0x0800bd18                codal::Serial::~Serial()
                0x0800bd18                codal::Serial::~Serial()
 .text._ZN5codal10EventModel4sendENS_5EventE
                0x0800bd34       0x14 .pioenvs\bluepill_f103c8\lib635\libcodal-core.a(MessageBus.o)
                0x0800bd34                codal::EventModel::send(codal::Event)
 .text._ZN5codal10EventModel3addEPNS_8ListenerE
                0x0800bd48        0x8 .pioenvs\bluepill_f103c8\lib635\libcodal-core.a(MessageBus.o)
                0x0800bd48                codal::EventModel::add(codal::Listener*)
 .text._ZN5codal10EventModel6removeEPNS_8ListenerE
                0x0800bd50        0x8 .pioenvs\bluepill_f103c8\lib635\libcodal-core.a(MessageBus.o)
                0x0800bd50                codal::EventModel::remove(codal::Listener*)
 .text._ZN5codal10MessageBus6removeEPNS_8ListenerE
                0x0800bd58       0x70 .pioenvs\bluepill_f103c8\lib635\libcodal-core.a(MessageBus.o)
                0x0800bd58                codal::MessageBus::remove(codal::Listener*)
 .text._ZN5codal10MessageBus3addEPNS_8ListenerE
                0x0800bdc8       0xbc .pioenvs\bluepill_f103c8\lib635\libcodal-core.a(MessageBus.o)
                0x0800bdc8                codal::MessageBus::add(codal::Listener*)
 .text._ZN5codal10MessageBusD2Ev
                0x0800be84       0x78 .pioenvs\bluepill_f103c8\lib635\libcodal-core.a(MessageBus.o)
                0x0800be84                codal::MessageBus::~MessageBus()
                0x0800be84                codal::MessageBus::~MessageBus()
 .text._ZN5codal10MessageBusC2Ev
                0x0800befc       0xa8 .pioenvs\bluepill_f103c8\lib635\libcodal-core.a(MessageBus.o)
                0x0800befc                codal::MessageBus::MessageBus()
                0x0800befc                codal::MessageBus::MessageBus()
 .text._ZN5codal10MessageBus7processERNS_5EventEb
                0x0800bfa4       0x84 .pioenvs\bluepill_f103c8\lib635\libcodal-core.a(MessageBus.o)
                0x0800bfa4                codal::MessageBus::process(codal::Event&, bool)
 .text._ZN5codal19allocateNotifyEventEv
                0x0800c028       0x10 .pioenvs\bluepill_f103c8\lib635\libcodal-core.a(MessageBus.o)
                0x0800c028                codal::allocateNotifyEvent()
 .text._ZN5codal13ManagedStringC2EPKcs
                0x0800c038       0x34 .pioenvs\bluepill_f103c8\lib635\libcodal-core.a(ManagedString.o)
                0x0800c038                codal::ManagedString::ManagedString(char const*, short)
                0x0800c038                codal::ManagedString::ManagedString(char const*, short)
 .text._ZN5codal13ManagedStringC2Ev
                0x0800c06c        0xc .pioenvs\bluepill_f103c8\lib635\libcodal-core.a(ManagedString.o)
                0x0800c06c                codal::ManagedString::ManagedString()
                0x0800c06c                codal::ManagedString::ManagedString()
 .text.startup._GLOBAL__sub_I__ZN5codal13ManagedString9initEmptyEv
                0x0800c078       0x2c .pioenvs\bluepill_f103c8\lib635\libcodal-core.a(ManagedString.o)
 .text._ZN5codal3_cm3I2CC2ERNS_3PinES3_
                0x0800c0a4       0x1c .pioenvs\bluepill_f103c8\lib24c\libcm.a(CmI2C.o)
                0x0800c0a4                codal::_cm::I2C::I2C(codal::Pin&, codal::Pin&)
                0x0800c0a4                codal::_cm::I2C::I2C(codal::Pin&, codal::Pin&)
 .text._ZN5codal3_cm3SPI4initEv
                0x0800c0c0       0x5c .pioenvs\bluepill_f103c8\lib24c\libcm.a(CmSPI.o)
                0x0800c0c0                codal::_cm::SPI::init()
 .text._ZN5codal3_cm3SPIC2ERNS0_3PinES3_S3_S3_
                0x0800c11c       0x9c .pioenvs\bluepill_f103c8\lib24c\libcm.a(CmSPI.o)
                0x0800c11c                codal::_cm::SPI::SPI(codal::_cm::Pin&, codal::_cm::Pin&, codal::_cm::Pin&, codal::_cm::Pin&)
                0x0800c11c                codal::_cm::SPI::SPI(codal::_cm::Pin&, codal::_cm::Pin&, codal::_cm::Pin&, codal::_cm::Pin&)
 .text._ZN5codal3_cm6SerialD2Ev
                0x0800c1b8       0x14 .pioenvs\bluepill_f103c8\lib24c\libcm.a(CmSerial.o)
                0x0800c1b8                codal::_cm::Serial::~Serial()
                0x0800c1b8                codal::_cm::Serial::~Serial()
 .text._ZN5codal3_cm6SerialC2ERNS0_3PinES3_hh
                0x0800c1cc       0x4c .pioenvs\bluepill_f103c8\lib24c\libcm.a(CmSerial.o)
                0x0800c1cc                codal::_cm::Serial::Serial(codal::_cm::Pin&, codal::_cm::Pin&, unsigned char, unsigned char)
                0x0800c1cc                codal::_cm::Serial::Serial(codal::_cm::Pin&, codal::_cm::Pin&, unsigned char, unsigned char)
 .text._ZN5codal3_cm13tick_callbackEv
                0x0800c218       0x10 .pioenvs\bluepill_f103c8\lib24c\libcm.a(CmTimer.o)
                0x0800c218                codal::_cm::tick_callback()
 .text._ZN5codal3_cm5Timer4initEv
                0x0800c228       0x2c .pioenvs\bluepill_f103c8\lib24c\libcm.a(CmTimer.o)
                0x0800c228                codal::_cm::Timer::init()
 .text._ZN5codal3_cm5TimerC2Ev
                0x0800c254       0x28 .pioenvs\bluepill_f103c8\lib24c\libcm.a(CmTimer.o)
                0x0800c254                codal::_cm::Timer::Timer()
                0x0800c254                codal::_cm::Timer::Timer()
 .text.pinmap_peripheral
                0x0800c27c       0x30 .pioenvs\bluepill_f103c8\lib24c\libcm.a(CmPinMap.o)
                0x0800c27c                pinmap_peripheral
 .text.pinmap_mode
                0x0800c2ac       0x2c .pioenvs\bluepill_f103c8\lib24c\libcm.a(CmPinMap.o)
                0x0800c2ac                pinmap_mode
 .text.pinmap_cnf
                0x0800c2d8       0x2c .pioenvs\bluepill_f103c8\lib24c\libcm.a(CmPinMap.o)
                0x0800c2d8                pinmap_cnf
 .text          0x0800c304       0x2c c:/users/guppy/.platformio/packages/toolchain-gccarmnoneeabi/bin/../lib/gcc/arm-none-eabi/7.2.1/thumb/v7-m\libgcc.a(_arm_unorddf2.o)
                0x0800c304                __unorddf2
                0x0800c304                __aeabi_dcmpun
 .text          0x0800c330       0xa0 c:/users/guppy/.platformio/packages/toolchain-gccarmnoneeabi/bin/../lib/gcc/arm-none-eabi/7.2.1/thumb/v7-m\libgcc.a(_arm_truncdfsf2.o)
                0x0800c330                __truncdfsf2
                0x0800c330                __aeabi_d2f
 .text          0x0800c3d0      0x21c c:/users/guppy/.platformio/packages/toolchain-gccarmnoneeabi/bin/../lib/gcc/arm-none-eabi/7.2.1/thumb/v7-m\libgcc.a(_arm_addsubsf3.o)
                0x0800c3d0                __aeabi_frsub
                0x0800c3d8                __subsf3
                0x0800c3d8                __aeabi_fsub
                0x0800c3dc                __aeabi_fadd
                0x0800c3dc                __addsf3
                0x0800c53c                __aeabi_ui2f
                0x0800c53c                __floatunsisf
                0x0800c544                __aeabi_i2f
                0x0800c544                __floatsisf
                0x0800c560                __aeabi_ul2f
                0x0800c560                __floatundisf
                0x0800c570                __aeabi_l2f
                0x0800c570                __floatdisf
 .text._ZN5codal3I2CC2ERNS_3PinES2_
                0x0800c5ec        0xc .pioenvs\bluepill_f103c8\lib635\libcodal-core.a(I2C.o)
                0x0800c5ec                codal::I2C::I2C(codal::Pin&, codal::Pin&)
                0x0800c5ec                codal::I2C::I2C(codal::Pin&, codal::Pin&)
 .text.startup.main
                0x0800c5f8       0x1a .pioenvs\bluepill_f103c8\src\main.o
                0x0800c5f8                main
 .text._ZN5codal11queue_fiberEPNS_5FiberEPS1_
                0x0800c612       0x2e .pioenvs\bluepill_f103c8\lib635\libcodal-core.a(CodalFiber.o)
                0x0800c612                codal::queue_fiber(codal::Fiber*, codal::Fiber**)
 .text._ZN5codal13dequeue_fiberEPNS_5FiberE
                0x0800c640       0x34 .pioenvs\bluepill_f103c8\lib635\libcodal-core.a(CodalFiber.o)
                0x0800c640                codal::dequeue_fiber(codal::Fiber*)
 .text._ZN5codal12create_fiberEPFvPvES0_S2_
                0x0800c674       0x1e .pioenvs\bluepill_f103c8\lib635\libcodal-core.a(CodalFiber.o)
                0x0800c674                codal::create_fiber(void (*)(void*), void*, void (*)(void*))
 .text._ZN5codal20fiber_wait_for_eventEtt
                0x0800c692       0x12 .pioenvs\bluepill_f103c8\lib635\libcodal-core.a(CodalFiber.o)
                0x0800c692                codal::fiber_wait_for_event(unsigned short, unsigned short)
 .text._ZN5codal16launch_new_fiberEPFvvES1_
                0x0800c6a4       0x10 .pioenvs\bluepill_f103c8\lib635\libcodal-core.a(CodalFiber.o)
                0x0800c6a4                codal::launch_new_fiber(void (*)(), void (*)())
 .text._ZN5codal13release_fiberEPv
                0x0800c6b4       0x12 .pioenvs\bluepill_f103c8\lib635\libcodal-core.a(CodalFiber.o)
                0x0800c6b4                codal::release_fiber(void*)
 .text._ZN5codal22launch_new_fiber_paramEPFvPvES2_S0_
                0x0800c6c6       0x1a .pioenvs\bluepill_f103c8\lib635\libcodal-core.a(CodalFiber.o)
                0x0800c6c6                codal::launch_new_fiber_param(void (*)(void*), void (*)(void*), void*)
 .text._ZN5codal9idle_taskEv
                0x0800c6e0        0xc .pioenvs\bluepill_f103c8\lib635\libcodal-core.a(CodalFiber.o)
                0x0800c6e0                codal::idle_task()
 .text._Z16device_malloc_injR14HeapDefinition
                0x0800c6ec       0x84 .pioenvs\bluepill_f103c8\lib635\libcodal-core.a(CodalHeapAllocator.o)
                0x0800c6ec                device_malloc_in(unsigned int, HeapDefinition&)
 .text._ZN5codal8ListenerC2EttPFvNS_5EventEEt
                0x0800c770       0x28 .pioenvs\bluepill_f103c8\lib635\libcodal-core.a(CodalListener.o)
                0x0800c770                codal::Listener::Listener(unsigned short, unsigned short, void (*)(codal::Event), unsigned short)
                0x0800c770                codal::Listener::Listener(unsigned short, unsigned short, void (*)(codal::Event), unsigned short)
 .text._ZN5codal8ListenerD2Ev
                0x0800c798       0x14 .pioenvs\bluepill_f103c8\lib635\libcodal-core.a(CodalListener.o)
                0x0800c798                codal::Listener::~Listener()
                0x0800c798                codal::Listener::~Listener()
 .text._ZN5codal8Listener5queueENS_5EventE
                0x0800c7ac       0x5c .pioenvs\bluepill_f103c8\lib635\libcodal-core.a(CodalListener.o)
                0x0800c7ac                codal::Listener::queue(codal::Event)
 .text._ZN5codal5Timer17disableInterruptsEv
                0x0800c808        0xa .pioenvs\bluepill_f103c8\lib635\libcodal-core.a(Timer.o)
                0x0800c808                codal::Timer::disableInterrupts()
 .text._ZN5codal5Timer16enableInterruptsEv
                0x0800c812        0xa .pioenvs\bluepill_f103c8\lib635\libcodal-core.a(Timer.o)
                0x0800c812                codal::Timer::enableInterrupts()
 .text._ZN5codal5Timer13getTimerEventEv
                0x0800c81c       0x22 .pioenvs\bluepill_f103c8\lib635\libcodal-core.a(Timer.o)
                0x0800c81c                codal::Timer::getTimerEvent()
 .text._ZN5codal5Timer17releaseTimerEventEPNS_10TimerEventE
                0x0800c83e        0xe .pioenvs\bluepill_f103c8\lib635\libcodal-core.a(Timer.o)
                0x0800c83e                codal::Timer::releaseTimerEvent(codal::TimerEvent*)
 .text._ZN5codal5Timer7getTimeEv
                0x0800c84c        0xe .pioenvs\bluepill_f103c8\lib635\libcodal-core.a(Timer.o)
                0x0800c84c                codal::Timer::getTime()
 .text._ZN5codal5Timer9getTimeUsEv
                0x0800c85a        0xe .pioenvs\bluepill_f103c8\lib635\libcodal-core.a(Timer.o)
                0x0800c85a                codal::Timer::getTimeUs()
 .text._ZN5codal5Timer8setEventEmttb
                0x0800c868       0x66 .pioenvs\bluepill_f103c8\lib635\libcodal-core.a(Timer.o)
                0x0800c868                codal::Timer::setEvent(unsigned long, unsigned short, unsigned short, bool)
 .text._ZN5codal5Timer12eventEveryUsEmtt
                0x0800c8ce        0xe .pioenvs\bluepill_f103c8\lib635\libcodal-core.a(Timer.o)
                0x0800c8ce                codal::Timer::eventEveryUs(unsigned long, unsigned short, unsigned short)
 .text._ZN5codal5Timer4syncEm
                0x0800c8dc       0x24 .pioenvs\bluepill_f103c8\lib635\libcodal-core.a(Timer.o)
                0x0800c8dc                codal::Timer::sync(unsigned long)
 .text._ZN5codal5Timer7triggerEv
                0x0800c900       0x92 .pioenvs\bluepill_f103c8\lib635\libcodal-core.a(Timer.o)
                0x0800c900                codal::Timer::trigger()
 .text._ZN5codal5TimerD2Ev
                0x0800c992        0x2 .pioenvs\bluepill_f103c8\lib635\libcodal-core.a(Timer.o)
                0x0800c992                codal::Timer::~Timer()
                0x0800c992                codal::Timer::~Timer()
 .text._ZN5codal5EventC2Ev
                0x0800c994       0x12 .pioenvs\bluepill_f103c8\lib635\libcodal-core.a(Event.o)
                0x0800c994                codal::Event::Event()
                0x0800c994                codal::Event::Event()
 .text._ZN5codal5EventC2EttNS_15EventLaunchModeE
                0x0800c9a6       0x1c .pioenvs\bluepill_f103c8\lib635\libcodal-core.a(Event.o)
                0x0800c9a6                codal::Event::Event(unsigned short, unsigned short, codal::EventLaunchMode)
                0x0800c9a6                codal::Event::Event(unsigned short, unsigned short, codal::EventLaunchMode)
 .text._ZN5codal5EventC2EttmNS_15EventLaunchModeE
                0x0800c9c2       0x18 .pioenvs\bluepill_f103c8\lib635\libcodal-core.a(Event.o)
                0x0800c9c2                codal::Event::Event(unsigned short, unsigned short, unsigned long, codal::EventLaunchMode)
                0x0800c9c2                codal::Event::Event(unsigned short, unsigned short, unsigned long, codal::EventLaunchMode)
 .text._ZN5codal14EventQueueItemC2ENS_5EventE
                0x0800c9da       0x20 .pioenvs\bluepill_f103c8\lib635\libcodal-core.a(Event.o)
                0x0800c9da                codal::EventQueueItem::EventQueueItem(codal::Event)
                0x0800c9da                codal::EventQueueItem::EventQueueItem(codal::Event)
 .text._ZN5codal14string_reverseEPc
                0x0800c9fa       0x2a .pioenvs\bluepill_f103c8\lib635\libcodal-core.a(CodalCompat.o)
                0x0800c9fa                codal::string_reverse(char*)
 .text._ZN5codal4itoaEiPc
                0x0800ca24       0x50 .pioenvs\bluepill_f103c8\lib635\libcodal-core.a(CodalCompat.o)
                0x0800ca24                codal::itoa(int, char*)
 .text._ZN5codal3Pin15setServoPulseUsEm
                0x0800ca74        0x6 .pioenvs\bluepill_f103c8\lib24c\libcm.a(CmPin.o)
                0x0800ca74                codal::Pin::setServoPulseUs(unsigned long)
 .text._ZN5codal3Pin17setAnalogPeriodUsEm
                0x0800ca7a        0x6 .pioenvs\bluepill_f103c8\lib24c\libcm.a(CmPin.o)
                0x0800ca7a                codal::Pin::setAnalogPeriodUs(unsigned long)
 .text._ZN5codal3Pin8drainPinEv
                0x0800ca80        0x6 .pioenvs\bluepill_f103c8\lib24c\libcm.a(CmPin.o)
                0x0800ca80                codal::Pin::drainPin()
 .text._ZN5codal3_cm3Pin15getDigitalValueEv
                0x0800ca86        0x4 .pioenvs\bluepill_f103c8\lib24c\libcm.a(CmPin.o)
                0x0800ca86                codal::_cm::Pin::getDigitalValue()
 .text._ZN5codal3_cm3Pin15getDigitalValueENS_8PullModeE
                0x0800ca8a       0x16 .pioenvs\bluepill_f103c8\lib24c\libcm.a(CmPin.o)
                0x0800ca8a                codal::_cm::Pin::getDigitalValue(codal::PullMode)
 .text._ZN5codal3_cm3Pin14getAnalogValueEv
                0x0800caa0        0x4 .pioenvs\bluepill_f103c8\lib24c\libcm.a(CmPin.o)
                0x0800caa0                codal::_cm::Pin::getAnalogValue()
 .text._ZN5codal3_cm3Pin7isInputEv
                0x0800caa4        0xe .pioenvs\bluepill_f103c8\lib24c\libcm.a(CmPin.o)
                0x0800caa4                codal::_cm::Pin::isInput()
 .text._ZN5codal3_cm3Pin8isOutputEv
                0x0800cab2        0xe .pioenvs\bluepill_f103c8\lib24c\libcm.a(CmPin.o)