Archive member included to satisfy reference by file (symbol)

.pioenvs/bluepill_f103c8/libd9b/liblogger.a(logger.o)
                              .pioenvs/bluepill_f103c8/libccd/hal/codal_target_hal.o (debug_flush)
.pioenvs/bluepill_f103c8/libd88/libnano-float.a(functions.o)
                              .pioenvs/bluepill_f103c8/src/aggregate.o (pow)
.pioenvs/bluepill_f103c8/lib98a/libnewlib.a(memcpy.o)
                              .pioenvs/bluepill_f103c8/libd9b/liblogger.a(logger.o) (memcpy)
.pioenvs/bluepill_f103c8/lib98a/libnewlib.a(strlen.o)
                              .pioenvs/bluepill_f103c8/src/aggregate.o (strlen)
.pioenvs/bluepill_f103c8/lib98a/libnewlib.a(strncat.o)
                              .pioenvs/bluepill_f103c8/src/wisol.o (strncat)
.pioenvs/bluepill_f103c8/lib98a/libnewlib.a(strncmp.o)
                              .pioenvs/bluepill_f103c8/src/aggregate.o (strncmp)
.pioenvs/bluepill_f103c8/lib98a/libnewlib.a(strncpy.o)
                              .pioenvs/bluepill_f103c8/src/aggregate.o (strncpy)
.pioenvs/bluepill_f103c8/lib98a/libnewlib.a(strstr.o)
                              .pioenvs/bluepill_f103c8/src/wisol.o (strstr)
.pioenvs/bluepill_f103c8/lib271/libbluepill.a(bluepill.o)
                              .pioenvs/bluepill_f103c8/libccd/hal/codal_target_hal.o (platform_setup)
.pioenvs/bluepill_f103c8/lib271/libbluepill.a(led.o)
                              .pioenvs/bluepill_f103c8/lib271/libbluepill.a(bluepill.o) (led_setup)
.pioenvs/bluepill_f103c8/lib271/libbluepill.a(timer.o)
                              .pioenvs/bluepill_f103c8/libccd/hal/codal_target_hal.o (platform_start_timer)
.pioenvs/bluepill_f103c8/libb45/libbootloader.a(bootloader.o)
                              .pioenvs/bluepill_f103c8/libccd/hal/reset_handler.o (bootloader_start)
.pioenvs/bluepill_f103c8/libb45/libbootloader.a(target_stm32f103.o)
                              .pioenvs/bluepill_f103c8/libb45/libbootloader.a(bootloader.o) (target_set_led)
.pioenvs/bluepill_f103c8/libb45/libbootloader.a(usb_conf.o)
                              .pioenvs/bluepill_f103c8/libb45/libbootloader.a(bootloader.o) (usb_setup)
.pioenvs/bluepill_f103c8/libb45/libbootloader.a(webusb.o)
                              .pioenvs/bluepill_f103c8/libb45/libbootloader.a(usb_conf.o) (webusb_setup)
.pioenvs/bluepill_f103c8/libb45/libbootloader.a(winusb.o)
                              .pioenvs/bluepill_f103c8/libb45/libbootloader.a(usb_conf.o) (winusb_setup)
.pioenvs/bluepill_f103c8/libb45/libbootloader.a(cdc.o)
                              .pioenvs/bluepill_f103c8/libb45/libbootloader.a(usb_conf.o) (cdcadm_transmit)
.pioenvs/bluepill_f103c8/libb45/libbootloader.a(hf2.o)
                              .pioenvs/bluepill_f103c8/libb45/libbootloader.a(usb_conf.o) (hf2_setup)
.pioenvs/bluepill_f103c8/libb45/libbootloader.a(backup.o)
                              .pioenvs/bluepill_f103c8/libb45/libbootloader.a(target_stm32f103.o) (backup_write)
.pioenvs/bluepill_f103c8/libb45/libbootloader.a(usb21_standard.o)
                              .pioenvs/bluepill_f103c8/libb45/libbootloader.a(usb_conf.o) (usb21_setup)
.pioenvs/bluepill_f103c8/libb45/libbootloader.a(ghostfat.o)
                              .pioenvs/bluepill_f103c8/libb45/libbootloader.a(hf2.o) (flash_write)
.pioenvs/bluepill_f103c8/libea7/libcocoOS_5.0.3.a(os_cbk.o)
                              .pioenvs/bluepill_f103c8/libccd/hal/codal_target_hal.o (os_cbkSleep)
.pioenvs/bluepill_f103c8/libea7/libcocoOS_5.0.3.a(os_event.o)
                              .pioenvs/bluepill_f103c8/src/wisol.o (event_create)
.pioenvs/bluepill_f103c8/libea7/libcocoOS_5.0.3.a(os_kernel.o)
                              .pioenvs/bluepill_f103c8/libccd/hal/codal_target_hal.o (running_tid)
.pioenvs/bluepill_f103c8/libea7/libcocoOS_5.0.3.a(os_msgqueue.o)
                              .pioenvs/bluepill_f103c8/libea7/libcocoOS_5.0.3.a(os_kernel.o) (os_msgQ_init)
.pioenvs/bluepill_f103c8/libea7/libcocoOS_5.0.3.a(os_sem.o)
                              .pioenvs/bluepill_f103c8/libea7/libcocoOS_5.0.3.a(os_kernel.o) (os_sem_init)
.pioenvs/bluepill_f103c8/libea7/libcocoOS_5.0.3.a(os_task.o)
                              .pioenvs/bluepill_f103c8/libea7/libcocoOS_5.0.3.a(os_kernel.o) (os_task_init)
.pioenvs/bluepill_f103c8/libea7/libcocoOS_5.0.3.a(os_assert.o)
                              .pioenvs/bluepill_f103c8/libea7/libcocoOS_5.0.3.a(os_event.o) (os_on_assert)
.pioenvs/bluepill_f103c8/lib3e7/libcodal-core.a(CodalComponent.o)
                              .pioenvs/bluepill_f103c8/src/main.o (codal::CodalComponent::removeComponent())
.pioenvs/bluepill_f103c8/lib3e7/libcodal-core.a(CodalDmesg.o)
                              .pioenvs/bluepill_f103c8/libccd/hal/codal_target_hal.o (codalLogStore)
.pioenvs/bluepill_f103c8/lib3e7/libcodal-core.a(CodalFiber.o)
                              .pioenvs/bluepill_f103c8/src/main.o (codal::fiber_sleep(unsigned long))
[...]
Memory Configuration

Name             Origin             Length             Attributes
bootrom          0x0000000008000000 0x0000000000006800 xr
rom              0x0000000008006800 0x0000000000009800 xr
bootram          0x0000000020000000 0x0000000000000c00 xrw
ram              0x0000000020000c00 0x0000000000003bbc xrw
bootbuf          0x00000000200047bc 0x0000000000000844 xrw
*default*        0x0000000000000000 0xffffffffffffffff

Linker script and memory map

                0x0000000000006800                _bootrom_size = 0x6800
                0x0000000000000c00                _bootram_size = 0xc00
                0x0000000000000844                _bootbuf_size = 0x844

.boot_text      0x0000000008000000     0x4ad0
                0x0000000008000000                _boot_text = .
 *(SORT_BY_ALIGNMENT(.vectors))
 .vectors       0x0000000008000000      0x150 .pioenvs/bluepill_f103c8/libFrameworkLibOpenCM3.a(vector.o)
                0x0000000008000000                vector_table
 :*reset_handler*(SORT_BY_ALIGNMENT(.text*))
 .text.pre_main
                0x0000000008000150       0x50 .pioenvs/bluepill_f103c8/libccd/hal/reset_handler.o
 .text.reset_handler
                0x00000000080001a0       0x98 .pioenvs/bluepill_f103c8/libccd/hal/reset_handler.o
                0x00000000080001a0                reset_handler
 *libhal.a:*reset_handler*(SORT_BY_ALIGNMENT(.text*))
 :*codal_target_hal*(SORT_BY_ALIGNMENT(.text*))
 .text._ZL11timer_alarmv
                0x0000000008000238       0x24 .pioenvs/bluepill_f103c8/libccd/hal/codal_target_hal.o
 .text._ZL15poll_bootloaderv
                0x000000000800025c       0x70 .pioenvs/bluepill_f103c8/libccd/hal/codal_target_hal.o
 .text._ZL10timer_tickv
                0x00000000080002cc       0x18 .pioenvs/bluepill_f103c8/libccd/hal/codal_target_hal.o
 .text._ZL14os_preschedulev
                0x00000000080002e4       0x14 .pioenvs/bluepill_f103c8/libccd/hal/codal_target_hal.o
 .text._ZL11os_schedulev
                0x00000000080002f8       0x2c .pioenvs/bluepill_f103c8/libccd/hal/codal_target_hal.o
 .text.target_init
                0x0000000008000324       0x30 .pioenvs/bluepill_f103c8/libccd/hal/codal_target_hal.o
                0x0000000008000324                target_init
 .text.target_wait
                0x0000000008000354       0x5c .pioenvs/bluepill_f103c8/libccd/hal/codal_target_hal.o
                0x0000000008000354                target_wait
 .text.target_wait_us
                0x00000000080003b0       0x14 .pioenvs/bluepill_f103c8/libccd/hal/codal_target_hal.o
                0x00000000080003b0                target_wait_us
 .text.target_dmesg_flush
                0x00000000080003c4       0x3c .pioenvs/bluepill_f103c8/libccd/hal/codal_target_hal.o
                0x00000000080003c4                target_dmesg_flush
 .text.target_wait_for_event
                0x0000000008000400       0x48 .pioenvs/bluepill_f103c8/libccd/hal/codal_target_hal.o
                0x0000000008000400                target_wait_for_event
 .text.target_panic
                0x0000000008000448       0x20 .pioenvs/bluepill_f103c8/libccd/hal/codal_target_hal.o
                0x0000000008000448                target_panic
 .text.fiber_initial_stack_base
                0x0000000008000468        0x8 .pioenvs/bluepill_f103c8/libccd/hal/codal_target_hal.o
                0x0000000008000468                fiber_initial_stack_base
 .text.test_codal
                0x0000000008000470       0x74 .pioenvs/bluepill_f103c8/libccd/hal/codal_target_hal.o
                0x0000000008000470                test_codal
 .text.target_set_tick_callback
                0x00000000080004e4        0xc .pioenvs/bluepill_f103c8/libccd/hal/codal_target_hal.o
                0x00000000080004e4                target_set_tick_callback
 .text.target_set_alarm_callback
                0x00000000080004f0        0xc .pioenvs/bluepill_f103c8/libccd/hal/codal_target_hal.o
                0x00000000080004f0                target_set_alarm_callback
 .text.target_set_bootloader_callback
                0x00000000080004fc        0xc .pioenvs/bluepill_f103c8/libccd/hal/codal_target_hal.o
                0x00000000080004fc                target_set_bootloader_callback
 .text.target_enable_irq
                0x0000000008000508        0x4 .pioenvs/bluepill_f103c8/libccd/hal/codal_target_hal.o
                0x0000000008000508                target_enable_irq
 .text.target_disable_irq
                0x000000000800050c        0x4 .pioenvs/bluepill_f103c8/libccd/hal/codal_target_hal.o
                0x000000000800050c                target_disable_irq
 .text.tcb_allocate
                0x0000000008000510        0xa .pioenvs/bluepill_f103c8/libccd/hal/codal_target_hal.o
                0x0000000008000510                tcb_allocate
 .text.tcb_configure_lr
                0x000000000800051a        0x4 .pioenvs/bluepill_f103c8/libccd/hal/codal_target_hal.o
                0x000000000800051a                tcb_configure_lr
 .text.tcb_configure_sp
                0x000000000800051e        0x4 .pioenvs/bluepill_f103c8/libccd/hal/codal_target_hal.o
                0x000000000800051e                tcb_configure_sp
 .text.tcb_configure_stack_base
                0x0000000008000522        0x4 .pioenvs/bluepill_f103c8/libccd/hal/codal_target_hal.o
                0x0000000008000522                tcb_configure_stack_base
 .text.tcb_get_stack_base
                0x0000000008000526        0x4 .pioenvs/bluepill_f103c8/libccd/hal/codal_target_hal.o
                0x0000000008000526                tcb_get_stack_base
 .text.get_current_sp
                0x000000000800052a        0x4 .pioenvs/bluepill_f103c8/libccd/hal/codal_target_hal.o
                0x000000000800052a                get_current_sp
 .text.tcb_get_sp
                0x000000000800052e        0x4 .pioenvs/bluepill_f103c8/libccd/hal/codal_target_hal.o
                0x000000000800052e                tcb_get_sp
 .text.tcb_configure_args
                0x0000000008000532        0x8 .pioenvs/bluepill_f103c8/libccd/hal/codal_target_hal.o
                0x0000000008000532                tcb_configure_args
 .text._fini    0x000000000800053a        0x2 .pioenvs/bluepill_f103c8/libccd/hal/codal_target_hal.o
                0x000000000800053a                _fini
 .text.__aeabi_atexit
                0x000000000800053c        0x4 .pioenvs/bluepill_f103c8/libccd/hal/codal_target_hal.o
                0x000000000800053c                __aeabi_atexit
 .text.target_enable_debug
                0x0000000008000540        0x8 .pioenvs/bluepill_f103c8/libccd/hal/codal_target_hal.o
                0x0000000008000540                target_enable_debug
 *libhal.a:*codal_target_hal*(SORT_BY_ALIGNMENT(.text*))
 :*CortexContextSwitch*(SORT_BY_ALIGNMENT(.text*))
 .text          0x0000000008000548      0x124 asm/CortexContextSwitch.s.o
                0x0000000008000548                swap_context
                0x00000000080005ca                save_context
                0x000000000800060e                save_register_context
                0x000000000800063e                restore_register_context
 *libhal.a:(SORT_BY_ALIGNMENT(.text*))
 *liblibopencm3.a:(SORT_BY_ALIGNMENT(.text*))
 *libFrameworkLibOpenCM3.a:(SORT_BY_ALIGNMENT(.text*))
 .text.desig_get_unique_id
                0x000000000800066c       0x20 .pioenvs/bluepill_f103c8/libFrameworkLibOpenCM3.a(desig.o)
                0x000000000800066c                desig_get_unique_id
 .text.desig_get_unique_id_as_string
                0x000000000800068c       0x50 .pioenvs/bluepill_f103c8/libFrameworkLibOpenCM3.a(desig.o)
                0x000000000800068c                desig_get_unique_id_as_string
 .text.flash_get_status_flags
                0x00000000080006dc       0x2c .pioenvs/bluepill_f103c8/libFrameworkLibOpenCM3.a(flash.o)
                0x00000000080006dc                flash_get_status_flags
 .text.flash_program_half_word
                0x0000000008000708       0x70 .pioenvs/bluepill_f103c8/libFrameworkLibOpenCM3.a(flash.o)
                0x0000000008000708                flash_program_half_word
 .text.flash_erase_page
                0x0000000008000778       0x8c .pioenvs/bluepill_f103c8/libFrameworkLibOpenCM3.a(flash.o)
                0x0000000008000778                flash_erase_page
 .text.rcc_wait_for_osc_ready
                0x0000000008000804       0x70 .pioenvs/bluepill_f103c8/libFrameworkLibOpenCM3.a(rcc.o)
                0x0000000008000804                rcc_wait_for_osc_ready
 .text.rcc_osc_on
                0x0000000008000874       0x70 .pioenvs/bluepill_f103c8/libFrameworkLibOpenCM3.a(rcc.o)
                0x0000000008000874                rcc_osc_on
 .text.rcc_set_sysclk_source
                0x00000000080008e4       0x14 .pioenvs/bluepill_f103c8/libFrameworkLibOpenCM3.a(rcc.o)
                0x00000000080008e4                rcc_set_sysclk_source
 .text.rcc_set_pll_multiplication_factor
                0x00000000080008f8       0x14 .pioenvs/bluepill_f103c8/libFrameworkLibOpenCM3.a(rcc.o)
                0x00000000080008f8                rcc_set_pll_multiplication_factor
 .text.rcc_set_pll_source
                0x000000000800090c       0x14 .pioenvs/bluepill_f103c8/libFrameworkLibOpenCM3.a(rcc.o)
                0x000000000800090c                rcc_set_pll_source
 .text.rcc_set_pllxtpre
                0x0000000008000920       0x14 .pioenvs/bluepill_f103c8/libFrameworkLibOpenCM3.a(rcc.o)
                0x0000000008000920                rcc_set_pllxtpre
 .text.rcc_enable_rtc_clock
                0x0000000008000934       0x10 .pioenvs/bluepill_f103c8/libFrameworkLibOpenCM3.a(rcc.o)
                0x0000000008000934                rcc_enable_rtc_clock
 .text.rcc_set_rtc_clock_source
                0x0000000008000944       0xa0 .pioenvs/bluepill_f103c8/libFrameworkLibOpenCM3.a(rcc.o)
                0x0000000008000944                rcc_set_rtc_clock_source
 .text.rcc_set_adcpre
                0x00000000080009e4       0x14 .pioenvs/bluepill_f103c8/libFrameworkLibOpenCM3.a(rcc.o)
                0x00000000080009e4                rcc_set_adcpre
 .text.rcc_set_ppre2
                0x00000000080009f8       0x14 .pioenvs/bluepill_f103c8/libFrameworkLibOpenCM3.a(rcc.o)
                0x00000000080009f8                rcc_set_ppre2
 .text.rcc_set_ppre1
                0x0000000008000a0c       0x14 .pioenvs/bluepill_f103c8/libFrameworkLibOpenCM3.a(rcc.o)
                0x0000000008000a0c                rcc_set_ppre1
 .text.rcc_set_hpre
                0x0000000008000a20       0x14 .pioenvs/bluepill_f103c8/libFrameworkLibOpenCM3.a(rcc.o)
                0x0000000008000a20                rcc_set_hpre
 .text.rcc_clock_setup_in_hse_8mhz_out_72mhz
                0x0000000008000a34       0x90 .pioenvs/bluepill_f103c8/libFrameworkLibOpenCM3.a(rcc.o)
                0x0000000008000a34                rcc_clock_setup_in_hse_8mhz_out_72mhz
 .text.rtc_enter_config_mode
                0x0000000008000ac4       0x24 .pioenvs/bluepill_f103c8/libFrameworkLibOpenCM3.a(rtc.o)
                0x0000000008000ac4                rtc_enter_config_mode
 .text.rtc_exit_config_mode
                0x0000000008000ae8       0x24 .pioenvs/bluepill_f103c8/libFrameworkLibOpenCM3.a(rtc.o)
                0x0000000008000ae8                rtc_exit_config_mode
 .text.rtc_set_alarm_time
                0x0000000008000b0c       0x20 .pioenvs/bluepill_f103c8/libFrameworkLibOpenCM3.a(rtc.o)
                0x0000000008000b0c                rtc_set_alarm_time
 .text.rtc_set_prescale_val
                0x0000000008000b2c       0x20 .pioenvs/bluepill_f103c8/libFrameworkLibOpenCM3.a(rtc.o)
                0x0000000008000b2c                rtc_set_prescale_val
 .text.rtc_get_counter_val
                0x0000000008000b4c       0x14 .pioenvs/bluepill_f103c8/libFrameworkLibOpenCM3.a(rtc.o)
                0x0000000008000b4c                rtc_get_counter_val
 .text.rtc_set_counter_val
                0x0000000008000b60       0x20 .pioenvs/bluepill_f103c8/libFrameworkLibOpenCM3.a(rtc.o)
                0x0000000008000b60                rtc_set_counter_val
 .text.rtc_interrupt_enable
                0x0000000008000b80       0x40 .pioenvs/bluepill_f103c8/libFrameworkLibOpenCM3.a(rtc.o)
                0x0000000008000b80                rtc_interrupt_enable
 .text.rtc_interrupt_disable
                0x0000000008000bc0       0x40 .pioenvs/bluepill_f103c8/libFrameworkLibOpenCM3.a(rtc.o)
                0x0000000008000bc0                rtc_interrupt_disable
 .text.rtc_clear_flag
                0x0000000008000c00       0x34 .pioenvs/bluepill_f103c8/libFrameworkLibOpenCM3.a(rtc.o)
                0x0000000008000c00                rtc_clear_flag
 .text.rtc_check_flag
                0x0000000008000c34       0x30 .pioenvs/bluepill_f103c8/libFrameworkLibOpenCM3.a(rtc.o)
                0x0000000008000c34                rtc_check_flag
 .text.pwr_disable_backup_domain_write_protect
                0x0000000008000c64       0x10 .pioenvs/bluepill_f103c8/libFrameworkLibOpenCM3.a(pwr_common_all.o)
                0x0000000008000c64                pwr_disable_backup_domain_write_protect
 .text.pwr_enable_backup_domain_write_protect
                0x0000000008000c74       0x10 .pioenvs/bluepill_f103c8/libFrameworkLibOpenCM3.a(pwr_common_all.o)
                0x0000000008000c74                pwr_enable_backup_domain_write_protect
 .text.exti_set_trigger
                0x0000000008000c84       0x4c .pioenvs/bluepill_f103c8/libFrameworkLibOpenCM3.a(exti_common_all.o)
                0x0000000008000c84                exti_set_trigger
 .text.exti_enable_request
                0x0000000008000cd0       0x18 .pioenvs/bluepill_f103c8/libFrameworkLibOpenCM3.a(exti_common_all.o)
                0x0000000008000cd0                exti_enable_request
 .text.exti_reset_request
                0x0000000008000ce8        0xc .pioenvs/bluepill_f103c8/libFrameworkLibOpenCM3.a(exti_common_all.o)
                0x0000000008000ce8                exti_reset_request
 .text.flash_set_ws
                0x0000000008000cf4       0x14 .pioenvs/bluepill_f103c8/libFrameworkLibOpenCM3.a(flash_common_f01.o)
                0x0000000008000cf4                flash_set_ws
 .text.flash_unlock
                0x0000000008000d08       0x24 .pioenvs/bluepill_f103c8/libFrameworkLibOpenCM3.a(flash_common_f01.o)
                0x0000000008000d08                flash_unlock
 .text.flash_lock
                0x0000000008000d2c       0x10 .pioenvs/bluepill_f103c8/libFrameworkLibOpenCM3.a(flash_common_f01.o)
                0x0000000008000d2c                flash_lock
 .text.usbd_init
                0x0000000008000d3c       0x58 .pioenvs/bluepill_f103c8/libFrameworkLibOpenCM3.a(usb.o)
                0x0000000008000d3c                usbd_init
 .text._usbd_standard_request_device
                0x0000000008000d94       0x4c .pioenvs/bluepill_f103c8/libFrameworkLibOpenCM3.a(usb_standard.o)
                0x0000000008000d94                _usbd_standard_request_device
 .text._usbd_standard_request_interface
                0x0000000008000de0       0x34 .pioenvs/bluepill_f103c8/libFrameworkLibOpenCM3.a(usb_standard.o)
                0x0000000008000de0                _usbd_standard_request_interface
 .text._usbd_standard_request_endpoint
                0x0000000008000e14       0x44 .pioenvs/bluepill_f103c8/libFrameworkLibOpenCM3.a(usb_standard.o)
                0x0000000008000e14                _usbd_standard_request_endpoint
 .text.st_usbfs_v1_usbd_init
                0x0000000008000e58       0x30 .pioenvs/bluepill_f103c8/libFrameworkLibOpenCM3.a(st_usbfs_v1.o)
 .text.scb_reset_system
                0x0000000008000e88       0x10 .pioenvs/bluepill_f103c8/libFrameworkLibOpenCM3.a(scb.o)
                0x0000000008000e88                scb_reset_system
 .text.st_usbfs_set_address
                0x0000000008000e98       0x10 .pioenvs/bluepill_f103c8/libFrameworkLibOpenCM3.a(st_usbfs_core.o)
                0x0000000008000e98                st_usbfs_set_address
 .text.st_usbfs_set_ep_rx_bufsize
                0x0000000008000ea8       0x60 .pioenvs/bluepill_f103c8/libFrameworkLibOpenCM3.a(st_usbfs_core.o)
                0x0000000008000ea8                st_usbfs_set_ep_rx_bufsize
 .text.st_usbfs_ep_setup
                0x0000000008000f08      0x160 .pioenvs/bluepill_f103c8/libFrameworkLibOpenCM3.a(st_usbfs_core.o)
                0x0000000008000f08                st_usbfs_ep_setup
 .text.st_usbfs_ep_nak_set
                0x0000000008001068       0x80 .pioenvs/bluepill_f103c8/libFrameworkLibOpenCM3.a(st_usbfs_core.o)
                0x0000000008001068                st_usbfs_ep_nak_set
 .text.st_usbfs_ep_write_packet
                0x00000000080010e8       0x90 .pioenvs/bluepill_f103c8/libFrameworkLibOpenCM3.a(st_usbfs_core.o)
                0x00000000080010e8                st_usbfs_ep_write_packet
 .text.st_usbfs_ep_read_packet
                0x0000000008001178       0xd4 .pioenvs/bluepill_f103c8/libFrameworkLibOpenCM3.a(st_usbfs_core.o)
                0x0000000008001178                st_usbfs_ep_read_packet
 .text.st_usbfs_poll
                0x000000000800124c       0xfc .pioenvs/bluepill_f103c8/libFrameworkLibOpenCM3.a(st_usbfs_core.o)
                0x000000000800124c                st_usbfs_poll
 .text.gpio_set_mode
                0x0000000008001348       0x6c .pioenvs/bluepill_f103c8/libFrameworkLibOpenCM3.a(gpio.o)
                0x0000000008001348                gpio_set_mode
 .text.gpio_set
                0x00000000080013b4        0x4 .pioenvs/bluepill_f103c8/libFrameworkLibOpenCM3.a(gpio_common_all.o)
                0x00000000080013b4                gpio_set
 .text.gpio_clear
                0x00000000080013b8        0x6 .pioenvs/bluepill_f103c8/libFrameworkLibOpenCM3.a(gpio_common_all.o)
                0x00000000080013b8                gpio_clear
 .text.usart_recv
                0x00000000080013be        0x8 .pioenvs/bluepill_f103c8/libFrameworkLibOpenCM3.a(usart_common_f124.o)
                0x00000000080013be                usart_recv
 .text.rcc_periph_clock_enable
                0x00000000080013c6       0x1c .pioenvs/bluepill_f103c8/libFrameworkLibOpenCM3.a(rcc_common_all.o)
                0x00000000080013c6                rcc_periph_clock_enable
 .text.rcc_periph_reset_pulse
                0x00000000080013e2       0x22 .pioenvs/bluepill_f103c8/libFrameworkLibOpenCM3.a(rcc_common_all.o)
                0x00000000080013e2                rcc_periph_reset_pulse
 .text.flash_wait_for_last_operation
                0x0000000008001404        0xe .pioenvs/bluepill_f103c8/libFrameworkLibOpenCM3.a(flash_common_f01.o)
                0x0000000008001404                flash_wait_for_last_operation
 .text.usbd_register_sof_callback
                0x0000000008001412        0x4 .pioenvs/bluepill_f103c8/libFrameworkLibOpenCM3.a(usb.o)
                0x0000000008001412                usbd_register_sof_callback
 .text.usbd_poll
                0x0000000008001416        0xc .pioenvs/bluepill_f103c8/libFrameworkLibOpenCM3.a(usb.o)
                0x0000000008001416                usbd_poll
 .text.usbd_ep_setup
                0x0000000008001422       0x14 .pioenvs/bluepill_f103c8/libFrameworkLibOpenCM3.a(usb.o)
                0x0000000008001422                usbd_ep_setup
 .text._usbd_reset
                0x0000000008001436       0x30 .pioenvs/bluepill_f103c8/libFrameworkLibOpenCM3.a(usb.o)
                0x0000000008001436                _usbd_reset
 .text.usbd_ep_write_packet
                0x0000000008001466        0xc .pioenvs/bluepill_f103c8/libFrameworkLibOpenCM3.a(usb.o)
                0x0000000008001466                usbd_ep_write_packet
 .text.usbd_ep_read_packet
                0x0000000008001472        0xc .pioenvs/bluepill_f103c8/libFrameworkLibOpenCM3.a(usb.o)
                0x0000000008001472                usbd_ep_read_packet
 .text.usbd_ep_stall_set
                0x000000000800147e        0xc .pioenvs/bluepill_f103c8/libFrameworkLibOpenCM3.a(usb.o)
                0x000000000800147e                usbd_ep_stall_set
 .text.usbd_ep_stall_get
                0x000000000800148a        0xc .pioenvs/bluepill_f103c8/libFrameworkLibOpenCM3.a(usb.o)
                0x000000000800148a                usbd_ep_stall_get
 .text.stall_transaction
                0x0000000008001496       0x14 .pioenvs/bluepill_f103c8/libFrameworkLibOpenCM3.a(usb_control.o)
 .text.usb_control_setup_write
                0x00000000080014aa       0x32 .pioenvs/bluepill_f103c8/libFrameworkLibOpenCM3.a(usb_control.o)
 .text.usb_control_recv_chunk
                0x00000000080014dc       0x3c .pioenvs/bluepill_f103c8/libFrameworkLibOpenCM3.a(usb_control.o)
 .text.usb_control_send_chunk
                0x0000000008001518       0x48 .pioenvs/bluepill_f103c8/libFrameworkLibOpenCM3.a(usb_control.o)
 .text.usb_control_request_dispatch
                0x0000000008001560       0x60 .pioenvs/bluepill_f103c8/libFrameworkLibOpenCM3.a(usb_control.o)
 .text.usb_control_setup_read
                0x00000000080015c0       0x3a .pioenvs/bluepill_f103c8/libFrameworkLibOpenCM3.a(usb_control.o)
 .text.usbd_register_control_callback
                0x00000000080015fa       0x30 .pioenvs/bluepill_f103c8/libFrameworkLibOpenCM3.a(usb_control.o)
                0x00000000080015fa                usbd_register_control_callback
 .text._usbd_control_setup
                0x000000000800162a       0x4a .pioenvs/bluepill_f103c8/libFrameworkLibOpenCM3.a(usb_control.o)
                0x000000000800162a                _usbd_control_setup
 .text._usbd_control_out
                0x0000000008001674       0x8a .pioenvs/bluepill_f103c8/libFrameworkLibOpenCM3.a(usb_control.o)
                0x0000000008001674                _usbd_control_out
 .text._usbd_control_in
                0x00000000080016fe       0x56 .pioenvs/bluepill_f103c8/libFrameworkLibOpenCM3.a(usb_control.o)
                0x00000000080016fe                _usbd_control_in
 .text.usb_descriptor_type
                0x0000000008001754        0x4 .pioenvs/bluepill_f103c8/libFrameworkLibOpenCM3.a(usb_standard.o)
 .text.usb_descriptor_index
                0x0000000008001758        0x4 .pioenvs/bluepill_f103c8/libFrameworkLibOpenCM3.a(usb_standard.o)
 .text.usb_standard_set_address
                0x000000000800175c       0x30 .pioenvs/bluepill_f103c8/libFrameworkLibOpenCM3.a(usb_standard.o)
 .text.usb_standard_set_configuration
                0x000000000800178c       0xba .pioenvs/bluepill_f103c8/libFrameworkLibOpenCM3.a(usb_standard.o)
 .text.usb_standard_get_configuration
                0x0000000008001846       0x24 .pioenvs/bluepill_f103c8/libFrameworkLibOpenCM3.a(usb_standard.o)
 .text.usb_standard_set_interface
                0x000000000800186a       0x56 .pioenvs/bluepill_f103c8/libFrameworkLibOpenCM3.a(usb_standard.o)
 .text.usb_standard_get_interface
                0x00000000080018c0       0x3e .pioenvs/bluepill_f103c8/libFrameworkLibOpenCM3.a(usb_standard.o)
 .text.usb_standard_device_get_status
                0x00000000080018fe       0x18 .pioenvs/bluepill_f103c8/libFrameworkLibOpenCM3.a(usb_standard.o)
 .text.usb_standard_interface_get_status
                0x0000000008001916       0x18 .pioenvs/bluepill_f103c8/libFrameworkLibOpenCM3.a(usb_standard.o)
 .text.build_config_descriptor
                0x000000000800192e      0x1ba .pioenvs/bluepill_f103c8/libFrameworkLibOpenCM3.a(usb_standard.o)
 .text.usb_standard_get_descriptor
                0x0000000008001ae8       0xe6 .pioenvs/bluepill_f103c8/libFrameworkLibOpenCM3.a(usb_standard.o)
 .text.usb_standard_endpoint_get_status
                0x0000000008001bce       0x2a .pioenvs/bluepill_f103c8/libFrameworkLibOpenCM3.a(usb_standard.o)
 .text.usb_standard_endpoint_stall
                0x0000000008001bf8       0x10 .pioenvs/bluepill_f103c8/libFrameworkLibOpenCM3.a(usb_standard.o)
 .text.usb_standard_endpoint_unstall
                0x0000000008001c08       0x10 .pioenvs/bluepill_f103c8/libFrameworkLibOpenCM3.a(usb_standard.o)
 .text.usbd_register_set_config_callback
                0x0000000008001c18       0x28 .pioenvs/bluepill_f103c8/libFrameworkLibOpenCM3.a(usb_standard.o)
                0x0000000008001c18                usbd_register_set_config_callback
 .text._usbd_standard_request
                0x0000000008001c40       0x32 .pioenvs/bluepill_f103c8/libFrameworkLibOpenCM3.a(usb_standard.o)
                0x0000000008001c40                _usbd_standard_request
 .text.st_usbfs_copy_to_pm
                0x0000000008001c72       0x18 .pioenvs/bluepill_f103c8/libFrameworkLibOpenCM3.a(st_usbfs_v1.o)
                0x0000000008001c72                st_usbfs_copy_to_pm
 .text.st_usbfs_copy_from_pm
                0x0000000008001c8a       0x24 .pioenvs/bluepill_f103c8/libFrameworkLibOpenCM3.a(st_usbfs_v1.o)
                0x0000000008001c8a                st_usbfs_copy_from_pm
 .text.blocking_handler
                0x0000000008001cae        0x2 .pioenvs/bluepill_f103c8/libFrameworkLibOpenCM3.a(vector.o)
                0x0000000008001cae                exti0_isr
                0x0000000008001cae                tim7_isr
                0x0000000008001cae                adc1_2_isr
                0x0000000008001cae                tim1_trg_com_isr
                0x0000000008001cae                usb_hp_can_tx_isr
                0x0000000008001cae                tim6_isr
                0x0000000008001cae                usb_wakeup_isr
                0x0000000008001cae                blocking_handler
                0x0000000008001cae                tim5_isr
                0x0000000008001cae                otg_fs_isr
                0x0000000008001cae                spi1_isr
                0x0000000008001cae                exti2_isr
                0x0000000008001cae                dma1_channel6_isr
                0x0000000008001cae                can_rx1_isr
                0x0000000008001cae                dma1_channel5_isr
                0x0000000008001cae                dma2_channel5_isr
                0x0000000008001cae                usart1_isr
                0x0000000008001cae                usage_fault_handler
                0x0000000008001cae                tim8_trg_com_isr
                0x0000000008001cae                can2_rx0_isr
                0x0000000008001cae                tim1_brk_isr
                0x0000000008001cae                can2_rx1_isr
                0x0000000008001cae                tim1_cc_isr
                0x0000000008001cae                sdio_isr
                0x0000000008001cae                eth_isr
                0x0000000008001cae                dma1_channel4_isr
                0x0000000008001cae                tim8_brk_isr
                0x0000000008001cae                dma2_channel4_5_isr
                0x0000000008001cae                pvd_isr
                0x0000000008001cae                rcc_isr
                0x0000000008001cae                flash_isr
                0x0000000008001cae                uart4_isr
                0x0000000008001cae                exti15_10_isr
                0x0000000008001cae                hard_fault_handler
                0x0000000008001cae                exti1_isr
                0x0000000008001cae                i2c1_ev_isr
                0x0000000008001cae                dma2_channel1_isr
                0x0000000008001cae                spi2_isr
                0x0000000008001cae                tim8_up_isr
                0x0000000008001cae                dma2_channel2_isr
                0x0000000008001cae                exti3_isr
                0x0000000008001cae                adc3_isr
                0x0000000008001cae                tim3_isr
                0x0000000008001cae                usb_lp_can_rx0_isr
                0x0000000008001cae                i2c2_er_isr
                0x0000000008001cae                i2c2_ev_isr
                0x0000000008001cae                uart5_isr
                0x0000000008001cae                fsmc_isr
                0x0000000008001cae                dma1_channel1_isr
                0x0000000008001cae                exti4_isr
                0x0000000008001cae                mem_manage_handler
                0x0000000008001cae                can2_tx_isr
                0x0000000008001cae                exti9_5_isr
                0x0000000008001cae                dma2_channel3_isr
                0x0000000008001cae                dma1_channel7_isr
                0x0000000008001cae                tim1_up_isr
                0x0000000008001cae                can2_sce_isr
                0x0000000008001cae                tim4_isr
                0x0000000008001cae                dma1_channel2_isr
                0x0000000008001cae                i2c1_er_isr
                0x0000000008001cae                can_sce_isr
                0x0000000008001cae                tim8_cc_isr
                0x0000000008001cae                tamper_isr
                0x0000000008001cae                eth_wkup_isr
                0x0000000008001cae                bus_fault_handler
                0x0000000008001cae                wwdg_isr
                0x0000000008001cae                dma1_channel3_isr
                0x0000000008001cae                spi3_isr
                0x0000000008001cae                tim2_isr
                0x0000000008001cae                usart3_isr
 .text.null_handler
                0x0000000008001cb0        0x2 .pioenvs/bluepill_f103c8/libFrameworkLibOpenCM3.a(vector.o)
                0x0000000008001cb0                null_handler
                0x0000000008001cb0                sv_call_handler
                0x0000000008001cb0                pend_sv_handler
                0x0000000008001cb0                debug_monitor_handler
                0x0000000008001cb0                sys_tick_handler
                0x0000000008001cb0                nmi_handler
 .text.nvic_enable_irq
                0x0000000008001cb2       0x18 .pioenvs/bluepill_f103c8/libFrameworkLibOpenCM3.a(nvic.o)
                0x0000000008001cb2                nvic_enable_irq
 .text.st_usbfs_endpoints_reset
                0x0000000008001cca       0x6c .pioenvs/bluepill_f103c8/libFrameworkLibOpenCM3.a(st_usbfs_core.o)
                0x0000000008001cca                st_usbfs_endpoints_reset
 .text.st_usbfs_ep_stall_set
                0x0000000008001d36      0x108 .pioenvs/bluepill_f103c8/libFrameworkLibOpenCM3.a(st_usbfs_core.o)
                0x0000000008001d36                st_usbfs_ep_stall_set
 .text.st_usbfs_ep_stall_get
                0x0000000008001e3e       0x44 .pioenvs/bluepill_f103c8/libFrameworkLibOpenCM3.a(st_usbfs_core.o)
                0x0000000008001e3e                st_usbfs_ep_stall_get
 *libcocoos.a:(SORT_BY_ALIGNMENT(.text*))
 *libcocoOS_?.?.?.a:(SORT_BY_ALIGNMENT(.text*))
 *fill*         0x0000000008001e82        0x2 
 .text.os_event_init
                0x0000000008001e84        0xc .pioenvs/bluepill_f103c8/libea7/libcocoOS_5.0.3.a(os_event.o)
                0x0000000008001e84                os_event_init
 .text.event_create
                0x0000000008001e90       0x38 .pioenvs/bluepill_f103c8/libea7/libcocoOS_5.0.3.a(os_event.o)
                0x0000000008001e90                event_create
 .text.os_signal_event
                0x0000000008001ec8       0x10 .pioenvs/bluepill_f103c8/libea7/libcocoOS_5.0.3.a(os_event.o)
                0x0000000008001ec8                os_signal_event
 .text.os_event_set_signaling_tid
                0x0000000008001ed8       0x10 .pioenvs/bluepill_f103c8/libea7/libcocoOS_5.0.3.a(os_event.o)
                0x0000000008001ed8                os_event_set_signaling_tid
 .text.os_init  0x0000000008001ee8       0x30 .pioenvs/bluepill_f103c8/libea7/libcocoOS_5.0.3.a(os_kernel.o)
                0x0000000008001ee8                os_init
 .text.os_running
                0x0000000008001f18        0xc .pioenvs/bluepill_f103c8/libea7/libcocoOS_5.0.3.a(os_kernel.o)
                0x0000000008001f18                os_running
 .text.os_msgQ_init
                0x0000000008001f24       0x38 .pioenvs/bluepill_f103c8/libea7/libcocoOS_5.0.3.a(os_msgqueue.o)
                0x0000000008001f24                os_msgQ_init
 .text.os_msgQ_create
                0x0000000008001f5c       0x58 .pioenvs/bluepill_f103c8/libea7/libcocoOS_5.0.3.a(os_msgqueue.o)
                0x0000000008001f5c                os_msgQ_create
 .text.os_msgQ_tick
                0x0000000008001fb4       0x74 .pioenvs/bluepill_f103c8/libea7/libcocoOS_5.0.3.a(os_msgqueue.o)
                0x0000000008001fb4                os_msgQ_tick
 .text.os_sem_create
                0x0000000008002028       0x3c .pioenvs/bluepill_f103c8/libea7/libcocoOS_5.0.3.a(os_sem.o)
 .text.os_sem_init
                0x0000000008002064        0xc .pioenvs/bluepill_f103c8/libea7/libcocoOS_5.0.3.a(os_sem.o)
                0x0000000008002064                os_sem_init
 .text.os_sem_larger_than_zero
                0x0000000008002070       0x14 .pioenvs/bluepill_f103c8/libea7/libcocoOS_5.0.3.a(os_sem.o)
                0x0000000008002070                os_sem_larger_than_zero
 .text.os_sem_decrement
                0x0000000008002084       0x1c .pioenvs/bluepill_f103c8/libea7/libcocoOS_5.0.3.a(os_sem.o)
                0x0000000008002084                os_sem_decrement
 .text.os_sem_increment
                0x00000000080020a0       0x20 .pioenvs/bluepill_f103c8/libea7/libcocoOS_5.0.3.a(os_sem.o)
                0x00000000080020a0                os_sem_increment
 .text.os_task_wait_queue_empty
                0x00000000080020c0       0x1c .pioenvs/bluepill_f103c8/libea7/libcocoOS_5.0.3.a(os_task.o)
 .text.task_wait_sem_set
                0x00000000080020dc       0x1c .pioenvs/bluepill_f103c8/libea7/libcocoOS_5.0.3.a(os_task.o)
 .text.task_ready_set
                0x00000000080020f8       0x14 .pioenvs/bluepill_f103c8/libea7/libcocoOS_5.0.3.a(os_task.o)
 .text.os_task_init
                0x000000000800210c       0x74 .pioenvs/bluepill_f103c8/libea7/libcocoOS_5.0.3.a(os_task.o)
                0x000000000800210c                os_task_init
 .text.os_task_highest_prio_ready_task
                0x0000000008002180       0x44 .pioenvs/bluepill_f103c8/libea7/libcocoOS_5.0.3.a(os_task.o)
                0x0000000008002180                os_task_highest_prio_ready_task
 .text.os_task_release_waiting_task
                0x00000000080021c4       0x74 .pioenvs/bluepill_f103c8/libea7/libcocoOS_5.0.3.a(os_task.o)
                0x00000000080021c4                os_task_release_waiting_task
 .text.os_task_waiting_this_semaphore
                0x0000000008002238       0x48 .pioenvs/bluepill_f103c8/libea7/libcocoOS_5.0.3.a(os_task.o)
                0x0000000008002238                os_task_waiting_this_semaphore
 .text.os_task_wait_sem_set
                0x0000000008002280       0x38 .pioenvs/bluepill_f103c8/libea7/libcocoOS_5.0.3.a(os_task.o)
                0x0000000008002280                os_task_wait_sem_set
 .text.os_task_clear_wait_queue
                0x00000000080022b8       0x1c .pioenvs/bluepill_f103c8/libea7/libcocoOS_5.0.3.a(os_task.o)
                0x00000000080022b8                os_task_clear_wait_queue
 .text.task_create
                0x00000000080022d4       0xdc .pioenvs/bluepill_f103c8/libea7/libcocoOS_5.0.3.a(os_task.o)
                0x00000000080022d4                task_create
 .text.os_task_tick
                0x00000000080023b0       0xac .pioenvs/bluepill_f103c8/libea7/libcocoOS_5.0.3.a(os_task.o)
                0x00000000080023b0                os_task_tick
 .text.os_task_signal_event
                0x000000000800245c       0x98 .pioenvs/bluepill_f103c8/libea7/libcocoOS_5.0.3.a(os_task.o)
                0x000000000800245c                os_task_signal_event
 .text.os_task_run
                0x00000000080024f4       0x38 .pioenvs/bluepill_f103c8/libea7/libcocoOS_5.0.3.a(os_task.o)
                0x00000000080024f4                os_task_run
 .text.os_task_internal_state_get
                0x000000000800252c       0x14 .pioenvs/bluepill_f103c8/libea7/libcocoOS_5.0.3.a(os_task.o)
                0x000000000800252c                os_task_internal_state_get
 .text.os_task_internal_state_set
                0x0000000008002540       0x14 .pioenvs/bluepill_f103c8/libea7/libcocoOS_5.0.3.a(os_task.o)
                0x0000000008002540                os_task_internal_state_set
 .text.os_on_assert
                0x0000000008002554       0x28 .pioenvs/bluepill_f103c8/libea7/libcocoOS_5.0.3.a(os_assert.o)
                0x0000000008002554                os_on_assert
 .text.os_cbkSleep
                0x000000000800257c        0x2 .pioenvs/bluepill_f103c8/libea7/libcocoOS_5.0.3.a(os_cbk.o)
                0x000000000800257c                os_cbkSleep
 .text.os_tick  0x000000000800257e        0xc .pioenvs/bluepill_f103c8/libea7/libcocoOS_5.0.3.a(os_kernel.o)
                0x000000000800257e                os_tick
 .text.sem_bin_create
                0x000000000800258a       0x10 .pioenvs/bluepill_f103c8/libea7/libcocoOS_5.0.3.a(os_sem.o)
                0x000000000800258a                sem_bin_create
 *libgcc.a:(SORT_BY_ALIGNMENT(.text*))
 *libqfplib.a:(SORT_BY_ALIGNMENT(.text*))
 *libnano-float.a:(SORT_BY_ALIGNMENT(.text*))
 *libnewlib.a:(SORT_BY_ALIGNMENT(.text*))
 .text.memcpy   0x000000000800259a       0x1a .pioenvs/bluepill_f103c8/lib98a/libnewlib.a(memcpy.o)
                0x000000000800259a                memcpy
 .text.strlen   0x00000000080025b4       0x10 .pioenvs/bluepill_f103c8/lib98a/libnewlib.a(strlen.o)
                0x00000000080025b4                strlen
 .text.strncpy  0x00000000080025c4       0x40 .pioenvs/bluepill_f103c8/lib98a/libnewlib.a(strncpy.o)
                0x00000000080025c4                strncpy
 .text.memcmp   0x0000000008002604       0x20 .pioenvs/bluepill_f103c8/lib98a/libnewlib.a(memcmp.o)
                0x0000000008002604                memcmp
 .text.memset   0x0000000008002624       0x16 .pioenvs/bluepill_f103c8/lib98a/libnewlib.a(memset.o)
                0x0000000008002624                memset
 *liblogger.a:(SORT_BY_ALIGNMENT(.text*))
 *fill*         0x000000000800263a        0x2 
 .text._ZL10__semihostiPv
                0x000000000800263c       0x24 .pioenvs/bluepill_f103c8/libd9b/liblogger.a(logger.o)
 .text._ZL13target_in_isrv
                0x0000000008002660       0x10 .pioenvs/bluepill_f103c8/libd9b/liblogger.a(logger.o)
 .text._ZL16write_all_outputPKhtb
                0x0000000008002670       0x44 .pioenvs/bluepill_f103c8/libd9b/liblogger.a(logger.o)
 .text._ZL12debug_appendPKcj
                0x00000000080026b4       0x40 .pioenvs/bluepill_f103c8/libd9b/liblogger.a(logger.o)
 .text.enable_log
                0x00000000080026f4        0xc .pioenvs/bluepill_f103c8/libd9b/liblogger.a(logger.o)
                0x00000000080026f4                enable_log
 .text.logger_add_output
                0x0000000008002700       0x48 .pioenvs/bluepill_f103c8/libd9b/liblogger.a(logger.o)
                0x0000000008002700                logger_add_output
 .text._Z20debug_flush_internalb
                0x0000000008002748       0x50 .pioenvs/bluepill_f103c8/libd9b/liblogger.a(logger.o)
                0x0000000008002748                debug_flush_internal(bool)
 .text.debug_force_flush
                0x0000000008002798       0x20 .pioenvs/bluepill_f103c8/libd9b/liblogger.a(logger.o)
                0x0000000008002798                debug_force_flush
 .text._Z11debug_printj
                0x00000000080027b8       0x88 .pioenvs/bluepill_f103c8/libd9b/liblogger.a(logger.o)
                0x00000000080027b8                debug_print(unsigned int)
 .text._Z11debug_printi
                0x0000000008002840       0x34 .pioenvs/bluepill_f103c8/libd9b/liblogger.a(logger.o)
                0x0000000008002840                debug_print(int)
 .text.debug_println
                0x0000000008002874       0x1c .pioenvs/bluepill_f103c8/libd9b/liblogger.a(logger.o)
                0x0000000008002874                debug_println
 .text._Z13debug_printlni
                0x0000000008002890       0x14 .pioenvs/bluepill_f103c8/libd9b/liblogger.a(logger.o)
                0x0000000008002890                debug_println(int)
 .text._ZL14semihost_writemPKhj
                0x00000000080028a4       0x1e .pioenvs/bluepill_f103c8/libd9b/liblogger.a(logger.o)
 .text.debug_flush
                0x00000000080028c2        0xa .pioenvs/bluepill_f103c8/libd9b/liblogger.a(logger.o)
                0x00000000080028c2                debug_flush
 .text.debug_print
                0x00000000080028cc       0x18 .pioenvs/bluepill_f103c8/libd9b/liblogger.a(logger.o)
                0x00000000080028cc                debug_print
 .text.debug_print_unsigned
                0x00000000080028e4        0x8 .pioenvs/bluepill_f103c8/libd9b/liblogger.a(logger.o)
                0x00000000080028e4                debug_print_unsigned
 .text.debug_printhex
                0x00000000080028ec       0x70 .pioenvs/bluepill_f103c8/libd9b/liblogger.a(logger.o)
                0x00000000080028ec                debug_printhex
 .text.debug_printhex_unsigned
                0x000000000800295c       0x1c .pioenvs/bluepill_f103c8/libd9b/liblogger.a(logger.o)
                0x000000000800295c                debug_printhex_unsigned
 *libbluepill.a:(SORT_BY_ALIGNMENT(.text*))
 .text.platform_setup
                0x0000000008002978       0x4c .pioenvs/bluepill_f103c8/lib271/libbluepill.a(bluepill.o)
                0x0000000008002978                platform_setup
 .text.enable_debug
                0x00000000080029c4       0x14 .pioenvs/bluepill_f103c8/lib271/libbluepill.a(bluepill.o)
                0x00000000080029c4                enable_debug
 .text.led_setup
                0x00000000080029d8       0x20 .pioenvs/bluepill_f103c8/lib271/libbluepill.a(led.o)
                0x00000000080029d8                led_setup
 .text.led_on   0x00000000080029f8       0x14 .pioenvs/bluepill_f103c8/lib271/libbluepill.a(led.o)
                0x00000000080029f8                led_on
 .text.led_off  0x0000000008002a0c       0x14 .pioenvs/bluepill_f103c8/lib271/libbluepill.a(led.o)
                0x0000000008002a0c                led_off
 .text.led_wait
                0x0000000008002a20       0x14 .pioenvs/bluepill_f103c8/lib271/libbluepill.a(led.o)
                0x0000000008002a20                led_wait
 .text._ZL25custom_rtc_awake_from_off7rcc_osc
                0x0000000008002a34       0x74 .pioenvs/bluepill_f103c8/lib271/libbluepill.a(timer.o)
 .text._ZL9rtc_setupv
                0x0000000008002aa8       0x90 .pioenvs/bluepill_f103c8/lib271/libbluepill.a(timer.o)
 .text.platform_start_timer
                0x0000000008002b38       0x34 .pioenvs/bluepill_f103c8/lib271/libbluepill.a(timer.o)
                0x0000000008002b38                platform_start_timer
 .text.platform_set_alarm
                0x0000000008002b6c       0x34 .pioenvs/bluepill_f103c8/lib271/libbluepill.a(timer.o)
                0x0000000008002b6c                platform_set_alarm
 .text.rtc_isr  0x0000000008002ba0       0x30 .pioenvs/bluepill_f103c8/lib271/libbluepill.a(timer.o)
                0x0000000008002ba0                rtc_isr
 .text.rtc_alarm_isr
                0x0000000008002bd0       0x2c .pioenvs/bluepill_f103c8/lib271/libbluepill.a(timer.o)
                0x0000000008002bd0                rtc_alarm_isr
 .text.platform_alarm_count
                0x0000000008002bfc        0xc .pioenvs/bluepill_f103c8/lib271/libbluepill.a(timer.o)
                0x0000000008002bfc                platform_alarm_count
 .text.__cxa_pure_virtual
                0x0000000008002c08        0xc .pioenvs/bluepill_f103c8/lib271/libbluepill.a(bluepill.o)
                0x0000000008002c08                __cxa_pure_virtual
 .text._Znwj    0x0000000008002c14        0x8 .pioenvs/bluepill_f103c8/lib271/libbluepill.a(bluepill.o)
                0x0000000008002c14                operator new(unsigned int)
 .text._ZdlPv   0x0000000008002c1c        0x8 .pioenvs/bluepill_f103c8/lib271/libbluepill.a(bluepill.o)
                0x0000000008002c1c                operator delete(void*)
 .text.millis   0x0000000008002c24        0x8 .pioenvs/bluepill_f103c8/lib271/libbluepill.a(timer.o)
                0x0000000008002c24                millis
 *libbootloader.a:(SORT_BY_ALIGNMENT(.text*))
 .text.get_serial_number
                0x0000000008002c2c       0x34 .pioenvs/bluepill_f103c8/libb45/libbootloader.a(bootloader.o)
 .text.poll_loop
                0x0000000008002c60       0x88 .pioenvs/bluepill_f103c8/libb45/libbootloader.a(bootloader.o)
 .text.bootloader_poll
                0x0000000008002ce8       0x48 .pioenvs/bluepill_f103c8/libb45/libbootloader.a(bootloader.o)
                0x0000000008002ce8                bootloader_poll
 .text.bootloader_start
                0x0000000008002d30       0x64 .pioenvs/bluepill_f103c8/libb45/libbootloader.a(bootloader.o)
                0x0000000008002d30                bootloader_start
 .text.get_flash_end
                0x0000000008002d94        0x8 .pioenvs/bluepill_f103c8/libb45/libbootloader.a(target_stm32f103.o)
 .text.validate_application
                0x0000000008002d9c       0x4c .pioenvs/bluepill_f103c8/libb45/libbootloader.a(target_stm32f103.o)
 .text.target_set_led
                0x0000000008002de8       0x20 .pioenvs/bluepill_f103c8/libb45/libbootloader.a(target_stm32f103.o)
                0x0000000008002de8                target_set_led
 .text.target_gpio_setup
                0x0000000008002e08       0x6c .pioenvs/bluepill_f103c8/libb45/libbootloader.a(target_stm32f103.o)
                0x0000000008002e08                target_gpio_setup
 .text.target_usb_init
                0x0000000008002e74       0x34 .pioenvs/bluepill_f103c8/libb45/libbootloader.a(target_stm32f103.o)
                0x0000000008002e74                target_usb_init
 .text.target_manifest_app
                0x0000000008002ea8       0x18 .pioenvs/bluepill_f103c8/libb45/libbootloader.a(target_stm32f103.o)
                0x0000000008002ea8                target_manifest_app
 .text.target_manifest_bootloader
                0x0000000008002ec0       0x18 .pioenvs/bluepill_f103c8/libb45/libbootloader.a(target_stm32f103.o)
                0x0000000008002ec0                target_manifest_bootloader
 .text.target_get_force_bootloader
                0x0000000008002ed8       0x40 .pioenvs/bluepill_f103c8/libb45/libbootloader.a(target_stm32f103.o)
                0x0000000008002ed8                target_get_force_bootloader
 .text.target_get_startup_mode
                0x0000000008002f18       0x44 .pioenvs/bluepill_f103c8/libb45/libbootloader.a(target_stm32f103.o)
                0x0000000008002f18                target_get_startup_mode
 .text.target_flash_program_array
                0x0000000008002f5c       0xdc .pioenvs/bluepill_f103c8/libb45/libbootloader.a(target_stm32f103.o)
                0x0000000008002f5c                target_flash_program_array
 .text.hf2_connected
                0x0000000008003038       0x14 .pioenvs/bluepill_f103c8/libb45/libbootloader.a(usb_conf.o)
 .text.cdc_connected
                0x000000000800304c       0x20 .pioenvs/bluepill_f103c8/libb45/libbootloader.a(usb_conf.o)
 .text.usb_cdc_transmit
                0x000000000800306c       0x30 .pioenvs/bluepill_f103c8/libb45/libbootloader.a(usb_conf.o)
 .text.sof_callback
                0x000000000800309c       0x10 .pioenvs/bluepill_f103c8/libb45/libbootloader.a(usb_conf.o)
 .text.set_aggregate_callback
                0x00000000080030ac       0x50 .pioenvs/bluepill_f103c8/libb45/libbootloader.a(usb_conf.o)
 .text.usb_setup
                0x00000000080030fc       0xac .pioenvs/bluepill_f103c8/libb45/libbootloader.a(usb_conf.o)
                0x00000000080030fc                usb_setup
 .text.set_usb_busy
                0x00000000080031a8       0x1c .pioenvs/bluepill_f103c8/libb45/libbootloader.a(usb_conf.o)
                0x00000000080031a8                set_usb_busy
 .text.get_usb_status
                0x00000000080031c4       0x38 .pioenvs/bluepill_f103c8/libb45/libbootloader.a(usb_conf.o)
                0x00000000080031c4                get_usb_status
 .text.aggregate_register_config_callback
                0x00000000080031fc       0x40 .pioenvs/bluepill_f103c8/libb45/libbootloader.a(usb_conf.o)
                0x00000000080031fc                aggregate_register_config_callback
 .text.aggregate_register_callback
                0x000000000800323c       0x60 .pioenvs/bluepill_f103c8/libb45/libbootloader.a(usb_conf.o)
                0x000000000800323c                aggregate_register_callback
 .text.usb_set_serial_number
                0x000000000800329c       0x24 .pioenvs/bluepill_f103c8/libb45/libbootloader.a(usb_conf.o)
                0x000000000800329c                usb_set_serial_number
 .text.dump_buffer
                0x00000000080032c0       0x48 .pioenvs/bluepill_f103c8/libb45/libbootloader.a(usb_conf.o)
                0x00000000080032c0                dump_buffer
 .text.dump_usb_request
                0x0000000008003308      0x1a4 .pioenvs/bluepill_f103c8/libb45/libbootloader.a(usb_conf.o)
                0x0000000008003308                dump_usb_request
 .text.aggregate_callback
                0x00000000080034ac       0xa8 .pioenvs/bluepill_f103c8/libb45/libbootloader.a(usb_conf.o)
 .text.webusb_set_config
                0x0000000008003554       0x28 .pioenvs/bluepill_f103c8/libb45/libbootloader.a(webusb.o)
 .text.webusb_control_vendor_request
                0x000000000800357c       0xd0 .pioenvs/bluepill_f103c8/libb45/libbootloader.a(webusb.o)
 .text.webusb_setup
                0x000000000800364c       0x4c .pioenvs/bluepill_f103c8/libb45/libbootloader.a(webusb.o)
                0x000000000800364c                webusb_setup
 .text.winusb_set_config
                0x0000000008003698       0x28 .pioenvs/bluepill_f103c8/libb45/libbootloader.a(winusb.o)
 .text.winusb_descriptor_request
                0x00000000080036c0       0x60 .pioenvs/bluepill_f103c8/libb45/libbootloader.a(winusb.o)
 .text.winusb_control_vendor_request
                0x0000000008003720       0xc0 .pioenvs/bluepill_f103c8/libb45/libbootloader.a(winusb.o)
 .text.winusb_setup
                0x00000000080037e0       0x58 .pioenvs/bluepill_f103c8/libb45/libbootloader.a(winusb.o)
                0x00000000080037e0                winusb_setup
 .text.cdcacm_comm_cb
                0x0000000008003838       0x10 .pioenvs/bluepill_f103c8/libb45/libbootloader.a(cdc.o)
 .text.cdcacm_set_config
                0x0000000008003848       0x64 .pioenvs/bluepill_f103c8/libb45/libbootloader.a(cdc.o)
 .text.cdcacm_control_request
                0x00000000080038ac       0x8c .pioenvs/bluepill_f103c8/libb45/libbootloader.a(cdc.o)
 .text.cdcadm_transmit
                0x0000000008003938       0x68 .pioenvs/bluepill_f103c8/libb45/libbootloader.a(cdc.o)
                0x0000000008003938                cdcadm_transmit
 .text.cdcacm_data_rx_cb
                0x00000000080039a0       0x4c .pioenvs/bluepill_f103c8/libb45/libbootloader.a(cdc.o)
 .text.cdc_setup
                0x00000000080039ec       0x2c .pioenvs/bluepill_f103c8/libb45/libbootloader.a(cdc.o)
                0x00000000080039ec                cdc_setup
 .text.pokeSend
                0x0000000008003a18       0xa8 .pioenvs/bluepill_f103c8/libb45/libbootloader.a(hf2.o)
 .text.hf2_data_tx_cb
                0x0000000008003ac0       0x28 .pioenvs/bluepill_f103c8/libb45/libbootloader.a(hf2.o)
 .text.hf2_set_config
                0x0000000008003ae8       0x3c .pioenvs/bluepill_f103c8/libb45/libbootloader.a(hf2.o)
 .text.assert   0x0000000008003b24       0x20 .pioenvs/bluepill_f103c8/libb45/libbootloader.a(hf2.o)
 .text.handle_command
                0x0000000008003b44      0x218 .pioenvs/bluepill_f103c8/libb45/libbootloader.a(hf2.o)
 .text.hf2_data_rx_cb
                0x0000000008003d5c      0x124 .pioenvs/bluepill_f103c8/libb45/libbootloader.a(hf2.o)
 .text.hf2_setup
                0x0000000008003e80       0x50 .pioenvs/bluepill_f103c8/libb45/libbootloader.a(hf2.o)
                0x0000000008003e80                hf2_setup
 .text.backup_write
                0x0000000008003ed0       0x34 .pioenvs/bluepill_f103c8/libb45/libbootloader.a(backup.o)
                0x0000000008003ed0                backup_write
 .text.backup_read
                0x0000000008003f04       0x18 .pioenvs/bluepill_f103c8/libb45/libbootloader.a(backup.o)
                0x0000000008003f04                backup_read
 .text.usb21_set_config
                0x0000000008003f1c       0x28 .pioenvs/bluepill_f103c8/libb45/libbootloader.a(usb21_standard.o)
 .text.usb21_standard_get_descriptor
                0x0000000008003f44       0x5c .pioenvs/bluepill_f103c8/libb45/libbootloader.a(usb21_standard.o)
 .text.usb21_setup
                0x0000000008003fa0       0x34 .pioenvs/bluepill_f103c8/libb45/libbootloader.a(usb21_standard.o)
                0x0000000008003fa0                usb21_setup
 .text.flushFlash
                0x0000000008003fd4       0x80 .pioenvs/bluepill_f103c8/libb45/libbootloader.a(ghostfat.o)
 .text.flash_write
                0x0000000008004054       0x48 .pioenvs/bluepill_f103c8/libb45/libbootloader.a(ghostfat.o)
                0x0000000008004054                flash_write
 .text.sleep_us
                0x000000000800409c       0x14 .pioenvs/bluepill_f103c8/libb45/libbootloader.a(target_stm32f103.o)
 .text.target_get_serial_number
                0x00000000080040b0        0xa .pioenvs/bluepill_f103c8/libb45/libbootloader.a(target_stm32f103.o)
                0x00000000080040b0                target_get_serial_number
 .text.target_flash_unlock
                0x00000000080040ba        0x8 .pioenvs/bluepill_f103c8/libb45/libbootloader.a(target_stm32f103.o)
                0x00000000080040ba                target_flash_unlock
 .text.target_flash_lock
                0x00000000080040c2        0x8 .pioenvs/bluepill_f103c8/libb45/libbootloader.a(target_stm32f103.o)
                0x00000000080040c2                target_flash_lock
 .text.usb_descriptor_type
                0x00000000080040ca        0x4 .pioenvs/bluepill_f103c8/libb45/libbootloader.a(usb_conf.o)
 .text.usb_descriptor_index
                0x00000000080040ce        0x4 .pioenvs/bluepill_f103c8/libb45/libbootloader.a(usb_conf.o)
 .text.usb_descriptor_type
                0x00000000080040d2        0x4 .pioenvs/bluepill_f103c8/libb45/libbootloader.a(winusb.o)
 .text.usb_descriptor_index
                0x00000000080040d6        0x4 .pioenvs/bluepill_f103c8/libb45/libbootloader.a(winusb.o)
 .text.send_hf2_response
                0x00000000080040da       0x18 .pioenvs/bluepill_f103c8/libb45/libbootloader.a(hf2.o)
 .text.build_bos_descriptor
                0x00000000080040f2       0x7c .pioenvs/bluepill_f103c8/libb45/libbootloader.a(usb21_standard.o)
                0x0000000008004170                . = ALIGN (0x4)
 *fill*         0x000000000800416e        0x2 
 :*reset_handler*(SORT_BY_ALIGNMENT(.rodata*))
 .rodata.pre_main.str1.4
                0x0000000008004170       0x37 .pioenvs/bluepill_f103c8/libccd/hal/reset_handler.o
 *libhal.a:*reset_handler*(SORT_BY_ALIGNMENT(.rodata*))
 :*codal_target_hal*(SORT_BY_ALIGNMENT(.rodata*))
 *fill*         0x00000000080041a7        0x1 
 .rodata._ZL11timer_alarmv.str1.4
                0x00000000080041a8        0x4 .pioenvs/bluepill_f103c8/libccd/hal/codal_target_hal.o
 .rodata._ZL15poll_bootloaderv.str1.4
                0x00000000080041ac        0x7 .pioenvs/bluepill_f103c8/libccd/hal/codal_target_hal.o
 *fill*         0x00000000080041b3        0x1 
 .rodata.target_panic.str1.4
                0x00000000080041b4       0x13 .pioenvs/bluepill_f103c8/libccd/hal/codal_target_hal.o
 *fill*         0x00000000080041c7        0x1 
 .rodata.target_wait.str1.4
                0x00000000080041c8        0xb .pioenvs/bluepill_f103c8/libccd/hal/codal_target_hal.o
 *fill*         0x00000000080041d3        0x1 
 .rodata.test_codal.str1.4
                0x00000000080041d4       0x3c .pioenvs/bluepill_f103c8/libccd/hal/codal_target_hal.o
 *libhal.a:*codal_target_hal*(SORT_BY_ALIGNMENT(.rodata*))
 :*CortexContextSwitch*(SORT_BY_ALIGNMENT(.rodata*))
 *libhal.a:(SORT_BY_ALIGNMENT(.rodata*))
 *liblibopencm3.a:(SORT_BY_ALIGNMENT(.rodata*))
 *libFrameworkLibOpenCM3.a:(SORT_BY_ALIGNMENT(.rodata*))
 .rodata.chars.4166
                0x0000000008004210       0x11 .pioenvs/bluepill_f103c8/libFrameworkLibOpenCM3.a(desig.o)
 *fill*         0x0000000008004221        0x3 
 .rodata.st_usbfs_v1_usb_driver
                0x0000000008004224       0x34 .pioenvs/bluepill_f103c8/libFrameworkLibOpenCM3.a(st_usbfs_v1.o)
                0x0000000008004224                st_usbfs_v1_usb_driver
 .rodata        0x0000000008004258        0x8 .pioenvs/bluepill_f103c8/libFrameworkLibOpenCM3.a(st_usbfs_core.o)
 *libcocoos.a:(SORT_BY_ALIGNMENT(.rodata*))
 *libcocoOS_?.?.?.a:(SORT_BY_ALIGNMENT(.rodata*))
 .rodata.os_on_assert.str1.4
                0x0000000008004260       0x1c .pioenvs/bluepill_f103c8/libea7/libcocoOS_5.0.3.a(os_assert.o)
                                         0x1a (size before relaxing)
 *libgcc.a:(SORT_BY_ALIGNMENT(.rodata*))
 *libqfplib.a:(SORT_BY_ALIGNMENT(.rodata*))
 *libnano-float.a:(SORT_BY_ALIGNMENT(.rodata*))
 *libnewlib.a:(SORT_BY_ALIGNMENT(.rodata*))
 *liblogger.a:(SORT_BY_ALIGNMENT(.rodata*))
 .rodata._Z11debug_printi.str1.4
                0x000000000800427c        0x6 .pioenvs/bluepill_f103c8/libd9b/liblogger.a(logger.o)
 *fill*         0x0000000008004282        0x2 
 .rodata._Z11debug_printj.str1.4
                0x0000000008004284        0xb .pioenvs/bluepill_f103c8/libd9b/liblogger.a(logger.o)
 *fill*         0x000000000800428f        0x1 
 .rodata.debug_println.str1.4
                0x0000000008004290        0x3 .pioenvs/bluepill_f103c8/libd9b/liblogger.a(logger.o)
 *libbluepill.a:(SORT_BY_ALIGNMENT(.rodata*))
 *fill*         0x0000000008004293        0x1 
 .rodata.platform_setup.str1.4
                0x0000000008004294       0x13 .pioenvs/bluepill_f103c8/lib271/libbluepill.a(bluepill.o)
 *fill*         0x00000000080042a7        0x1 
 .rodata._ZL9rtc_setupv.str1.4
                0x00000000080042a8       0x1d .pioenvs/bluepill_f103c8/lib271/libbluepill.a(timer.o)
 *fill*         0x00000000080042c5        0x3 
 .rodata.platform_set_alarm.str1.4
                0x00000000080042c8        0x6 .pioenvs/bluepill_f103c8/lib271/libbluepill.a(timer.o)
 *fill*         0x00000000080042ce        0x2 
 .rodata.platform_start_timer.str1.4
                0x00000000080042d0       0x15 .pioenvs/bluepill_f103c8/lib271/libbluepill.a(timer.o)
 *libbootloader.a:(SORT_BY_ALIGNMENT(.rodata*))
 *fill*         0x00000000080042e5        0x3 
 .rodata.bootloader_start.str1.4
                0x00000000080042e8       0x1a .pioenvs/bluepill_f103c8/libb45/libbootloader.a(bootloader.o)
 *fill*         0x0000000008004302        0x2 
 .rodata.get_serial_number.str1.4
                0x0000000008004304       0x32 .pioenvs/bluepill_f103c8/libb45/libbootloader.a(bootloader.o)
 *fill*         0x0000000008004336        0x2 
 .rodata.poll_loop.str1.4
                0x0000000008004338       0x10 .pioenvs/bluepill_f103c8/libb45/libbootloader.a(bootloader.o)
 .rodata.target_flash_program_array.str1.4
                0x0000000008004348       0x73 .pioenvs/bluepill_f103c8/libb45/libbootloader.a(target_stm32f103.o)
 *fill*         0x00000000080043bb        0x1 
 .rodata.target_get_startup_mode.str1.4
                0x00000000080043bc       0x19 .pioenvs/bluepill_f103c8/libb45/libbootloader.a(target_stm32f103.o)
 *fill*         0x00000000080043d5        0x3 
 .rodata.validate_application.str1.4
                0x00000000080043d8       0x19 .pioenvs/bluepill_f103c8/libb45/libbootloader.a(target_stm32f103.o)
                                         0x1d (size before relaxing)
 *fill*         0x00000000080043f1        0x3 
 .rodata.aggregate_callback.str1.4
                0x00000000080043f4        0xc .pioenvs/bluepill_f103c8/libb45/libbootloader.a(usb_conf.o)
 .rodata.aggregate_register_callback.str1.4
                0x0000000008004400       0x26 .pioenvs/bluepill_f103c8/libb45/libbootloader.a(usb_conf.o)
 *fill*         0x0000000008004426        0x2 
 .rodata.aggregate_register_config_callback.str1.4
                0x0000000008004428       0x25 .pioenvs/bluepill_f103c8/libb45/libbootloader.a(usb_conf.o)
 *fill*         0x000000000800444d        0x3 
 .rodata.bos_descriptor
                0x0000000008004450        0x9 .pioenvs/bluepill_f103c8/libb45/libbootloader.a(usb_conf.o)
 *fill*         0x0000000008004459        0x3 
 .rodata.cdc_iface_assoc
                0x000000000800445c        0x8 .pioenvs/bluepill_f103c8/libb45/libbootloader.a(usb_conf.o)
 .rodata.cdcacm_functional_descriptors
                0x0000000008004464       0x13 .pioenvs/bluepill_f103c8/libb45/libbootloader.a(usb_conf.o)
 *fill*         0x0000000008004477        0x1 
 .rodata.comm_endp
                0x0000000008004478        0xf .pioenvs/bluepill_f103c8/libb45/libbootloader.a(usb_conf.o)
 *fill*         0x0000000008004487        0x1 
 .rodata.comm_iface
                0x0000000008004488       0x15 .pioenvs/bluepill_f103c8/libb45/libbootloader.a(usb_conf.o)
 *fill*         0x000000000800449d        0x3 
 .rodata.config
                0x00000000080044a0        0xd .pioenvs/bluepill_f103c8/libb45/libbootloader.a(usb_conf.o)
 *fill*         0x00000000080044ad        0x3 
 .rodata.data_endp
                0x00000000080044b0       0x1e .pioenvs/bluepill_f103c8/libb45/libbootloader.a(usb_conf.o)
 *fill*         0x00000000080044ce        0x2 
 .rodata.data_iface
                0x00000000080044d0       0x15 .pioenvs/bluepill_f103c8/libb45/libbootloader.a(usb_conf.o)
 *fill*         0x00000000080044e5        0x3 
 .rodata.dev    0x00000000080044e8       0x12 .pioenvs/bluepill_f103c8/libb45/libbootloader.a(usb_conf.o)
 *fill*         0x00000000080044fa        0x2 
 .rodata.dump_buffer.str1.4
                0x00000000080044fc        0x4 .pioenvs/bluepill_f103c8/libb45/libbootloader.a(usb_conf.o)
                                          0x9 (size before relaxing)
 .rodata.dump_usb_request.str1.4
                0x0000000008004500       0x90 .pioenvs/bluepill_f103c8/libb45/libbootloader.a(usb_conf.o)
 .rodata.hf2_endp
                0x0000000008004590       0x1e .pioenvs/bluepill_f103c8/libb45/libbootloader.a(usb_conf.o)
 *fill*         0x00000000080045ae        0x2 
 .rodata.hf2_iface
                0x00000000080045b0       0x15 .pioenvs/bluepill_f103c8/libb45/libbootloader.a(usb_conf.o)
 *fill*         0x00000000080045c5        0x3 
 .rodata.interfaces
                0x00000000080045c8       0x30 .pioenvs/bluepill_f103c8/libb45/libbootloader.a(usb_conf.o)
 .rodata.set_aggregate_callback.str1.4
                0x00000000080045f8       0x29 .pioenvs/bluepill_f103c8/libb45/libbootloader.a(usb_conf.o)
 *fill*         0x0000000008004621        0x3 
 .rodata.set_usb_busy.str1.4
                0x0000000008004624        0x2 .pioenvs/bluepill_f103c8/libb45/libbootloader.a(usb_conf.o)
 *fill*         0x0000000008004626        0x2 
 .rodata.str1.4
                0x0000000008004628       0x86 .pioenvs/bluepill_f103c8/libb45/libbootloader.a(usb_conf.o)
 *fill*         0x00000000080046ae        0x2 
 .rodata.usb_setup.str1.4
                0x00000000080046b0       0x31 .pioenvs/bluepill_f103c8/libb45/libbootloader.a(usb_conf.o)
 *fill*         0x00000000080046e1        0x3 
 .rodata.webusb_control_vendor_request.str1.4
                0x00000000080046e4       0x3f .pioenvs/bluepill_f103c8/libb45/libbootloader.a(webusb.o)
                                         0x43 (size before relaxing)
 *fill*         0x0000000008004723        0x1 
 .rodata.webusb_platform_capability_descriptor
                0x0000000008004724       0x18 .pioenvs/bluepill_f103c8/libb45/libbootloader.a(webusb.o)
                0x0000000008004724                webusb_platform_capability_descriptor
 .rodata.webusb_set_config.str1.4
                0x000000000800473c       0x1d .pioenvs/bluepill_f103c8/libb45/libbootloader.a(webusb.o)
 *fill*         0x0000000008004759        0x3 
 .rodata.webusb_setup.str1.4
                0x000000000800475c       0x18 .pioenvs/bluepill_f103c8/libb45/libbootloader.a(webusb.o)
 .rodata.guid   0x0000000008004774       0x92 .pioenvs/bluepill_f103c8/libb45/libbootloader.a(winusb.o)
 *fill*         0x0000000008004806        0x2 
 .rodata.microsoft_platform_capability_descriptor
                0x0000000008004808       0x1c .pioenvs/bluepill_f103c8/libb45/libbootloader.a(winusb.o)
                0x0000000008004808                microsoft_platform_capability_descriptor
 .rodata.winusb_control_vendor_request.str1.4
                0x0000000008004824       0x17 .pioenvs/bluepill_f103c8/libb45/libbootloader.a(winusb.o)
 *fill*         0x000000000800483b        0x1 
 .rodata.winusb_descriptor_request.str1.4
                0x000000000800483c        0x6 .pioenvs/bluepill_f103c8/libb45/libbootloader.a(winusb.o)
 *fill*         0x0000000008004842        0x2 
 .rodata.winusb_set_config.str1.4
                0x0000000008004844       0x1d .pioenvs/bluepill_f103c8/libb45/libbootloader.a(winusb.o)
 *fill*         0x0000000008004861        0x3 
 .rodata.winusb_setup.str1.4
                0x0000000008004864       0x18 .pioenvs/bluepill_f103c8/libb45/libbootloader.a(winusb.o)
 .rodata.winusb_string_descriptor
                0x000000000800487c       0x12 .pioenvs/bluepill_f103c8/libb45/libbootloader.a(winusb.o)
 *fill*         0x000000000800488e        0x2 
 .rodata.cdc_setup.str1.4
                0x0000000008004890       0x15 .pioenvs/bluepill_f103c8/libb45/libbootloader.a(cdc.o)
 *fill*         0x00000000080048a5        0x3 
 .rodata.cdcacm_comm_cb.str1.4
                0x00000000080048a8        0x5 .pioenvs/bluepill_f103c8/libb45/libbootloader.a(cdc.o)
 *fill*         0x00000000080048ad        0x3 
 .rodata.cdcacm_control_request.str1.4
                0x00000000080048b0       0x28 .pioenvs/bluepill_f103c8/libb45/libbootloader.a(cdc.o)
                                         0x31 (size before relaxing)
 .rodata.cdcacm_set_config.str1.4
                0x00000000080048d8       0x1d .pioenvs/bluepill_f103c8/libb45/libbootloader.a(cdc.o)
 *fill*         0x00000000080048f5        0x3 
 .rodata.line_coding
                0x00000000080048f8        0x7 .pioenvs/bluepill_f103c8/libb45/libbootloader.a(cdc.o)
 *fill*         0x00000000080048ff        0x1 
 .rodata.assert.str1.4
                0x0000000008004900        0xc .pioenvs/bluepill_f103c8/libb45/libbootloader.a(hf2.o)
 .rodata.bad_packet_message
                0x000000000800490c        0xb .pioenvs/bluepill_f103c8/libb45/libbootloader.a(hf2.o)
 *fill*         0x0000000008004917        0x1 
 .rodata.handle_command.str1.4
                0x0000000008004918       0xc1 .pioenvs/bluepill_f103c8/libb45/libbootloader.a(hf2.o)
                                         0xc5 (size before relaxing)
 *fill*         0x00000000080049d9        0x3 
 .rodata.hf2_data_rx_cb.str1.4
                0x00000000080049dc       0x13 .pioenvs/bluepill_f103c8/libb45/libbootloader.a(hf2.o)
                                         0x1b (size before relaxing)
 *fill*         0x00000000080049ef        0x1 
 .rodata.hf2_set_config.str1.4
                0x00000000080049f0        0xb .pioenvs/bluepill_f103c8/libb45/libbootloader.a(hf2.o)
 *fill*         0x00000000080049fb        0x1 
 .rodata.hf2_setup.str1.4
                0x00000000080049fc       0x15 .pioenvs/bluepill_f103c8/libb45/libbootloader.a(hf2.o)
 *fill*         0x0000000008004a11        0x3 
 .rodata.pokeSend.str1.4
                0x0000000008004a14        0xa .pioenvs/bluepill_f103c8/libb45/libbootloader.a(hf2.o)
 *fill*         0x0000000008004a1e        0x2 
 .rodata.usb21_set_config.str1.4
                0x0000000008004a20       0x1c .pioenvs/bluepill_f103c8/libb45/libbootloader.a(usb21_standard.o)
 .rodata.usb21_setup.str1.4
                0x0000000008004a3c       0x17 .pioenvs/bluepill_f103c8/libb45/libbootloader.a(usb21_standard.o)
 *fill*         0x0000000008004a53        0x1 
 .rodata.usb21_standard_get_descriptor.str1.4
                0x0000000008004a54       0x24 .pioenvs/bluepill_f103c8/libb45/libbootloader.a(usb21_standard.o)
 .rodata.flushFlash.str1.4
                0x0000000008004a78       0x24 .pioenvs/bluepill_f103c8/libb45/libbootloader.a(ghostfat.o)
                                          0x9 (size before relaxing)
 .rodata.infoUf2File
                0x0000000008004a78       0x55 .pioenvs/bluepill_f103c8/libb45/libbootloader.a(ghostfat.o)
                0x0000000008004a78                infoUf2File
                0x0000000008004ad0                . = ALIGN (0x4)
 *fill*         0x0000000008004acd        0x3 
                0x0000000008004ad0                _boot_etext = .

.text           0x0000000008006800     0x39a4
                0x0000000008006800                . = ALIGN (0x4)
                0x0000000008006800                _text = .
 *(SORT_BY_ALIGNMENT(.text.application_start))
 .text.application_start
                0x0000000008006800       0x88 .pioenvs/bluepill_f103c8/lib739/libcm.a(application.o)
                0x0000000008006800                application_start
 *(SORT_BY_ALIGNMENT(.text.main))
 .text.main     0x0000000008006888       0x14 .pioenvs/bluepill_f103c8/src/main.o
                0x0000000008006888                main
 *(SORT_BY_ALIGNMENT(.text.startup.main))
 *(SORT_BY_ALIGNMENT(.text*))
 .text._ZN5codal14CodalComponent4initEv
                0x000000000800689c        0x8 .pioenvs/bluepill_f103c8/src/main.o
                0x000000000800689c                codal::CodalComponent::init()
 .text._ZL10debug_dumpRN5codal13STM32BluePillEPKc
                0x00000000080068a4       0x48 .pioenvs/bluepill_f103c8/src/main.o
 .text._Z41__static_initialization_and_destruction_0ii
                0x00000000080068ec       0x30 .pioenvs/bluepill_f103c8/src/main.o
 .text._ZN5codal14CodalComponentD2Ev
                0x000000000800691c       0x18 .pioenvs/bluepill_f103c8/src/main.o
                0x000000000800691c                codal::CodalComponent::~CodalComponent()
                0x000000000800691c                codal::CodalComponent::~CodalComponent()
 .text._ZN5codal14CodalComponentD0Ev
                0x0000000008006934       0x20 .pioenvs/bluepill_f103c8/src/main.o
                0x0000000008006934                codal::CodalComponent::~CodalComponent()
 .text._Z10Blink_mainRN5codal13STM32BluePillE
                0x0000000008006954       0x74 .pioenvs/bluepill_f103c8/src/main.o
                0x0000000008006954                Blink_main(codal::STM32BluePill&)
 .text._ZN5codal13STM32BluePillD2Ev
                0x00000000080069c8       0x4c .pioenvs/bluepill_f103c8/src/main.o
                0x00000000080069c8                codal::STM32BluePill::~STM32BluePill()
                0x00000000080069c8                codal::STM32BluePill::~STM32BluePill()
 .text._ZN5codal13STM32BluePillD0Ev
                0x0000000008006a14       0x54 .pioenvs/bluepill_f103c8/src/main.o
                0x0000000008006a14                codal::STM32BluePill::~STM32BluePill()
 .text._Z41__static_initialization_and_destruction_0ii
                0x0000000008006a68       0x24 .pioenvs/bluepill_f103c8/src/uart.o
 .text._Z18component_callbackN5codal5EventE
                0x0000000008006a8c       0x68 .pioenvs/bluepill_f103c8/lib3e7/libcodal-core.a(CodalComponent.o)
                0x0000000008006a8c                component_callback(codal::Event)
 .text._ZN5codal14CodalComponent12addComponentEv
                0x0000000008006af4       0xcc .pioenvs/bluepill_f103c8/lib3e7/libcodal-core.a(CodalComponent.o)
                0x0000000008006af4                codal::CodalComponent::addComponent()
 .text._ZN5codal14CodalComponent15removeComponentEv
                0x0000000008006bc0       0x28 .pioenvs/bluepill_f103c8/lib3e7/libcodal-core.a(CodalComponent.o)
                0x0000000008006bc0                codal::CodalComponent::removeComponent()
 .text.codal_dmesg_flush
                0x0000000008006be8       0x10 .pioenvs/bluepill_f103c8/lib3e7/libcodal-core.a(CodalDmesg.o)
                0x0000000008006be8                codal_dmesg_flush
 .text._ZN5codal14scheduler_tickENS_5EventE
                0x0000000008006bf8       0x3c .pioenvs/bluepill_f103c8/lib3e7/libcodal-core.a(CodalFiber.o)
                0x0000000008006bf8                codal::scheduler_tick(codal::Event)
 .text._ZN5codal15scheduler_eventENS_5EventE
                0x0000000008006c34       0xc0 .pioenvs/bluepill_f103c8/lib3e7/libcodal-core.a(CodalFiber.o)
                0x0000000008006c34                codal::scheduler_event(codal::Event)
 .text._Z15getFiberContextv
                0x0000000008006cf4       0x58 .pioenvs/bluepill_f103c8/lib3e7/libcodal-core.a(CodalFiber.o)
                0x0000000008006cf4                getFiberContext()
 .text._ZL10handle_fobv
                0x0000000008006d4c       0x34 .pioenvs/bluepill_f103c8/lib3e7/libcodal-core.a(CodalFiber.o)
 .text._ZN5codal23fiber_scheduler_runningEv
                0x0000000008006d80       0x18 .pioenvs/bluepill_f103c8/lib3e7/libcodal-core.a(CodalFiber.o)
                0x0000000008006d80                codal::fiber_scheduler_running()
 .text._ZN5codal14scheduler_initERNS_10EventModelE
                0x0000000008006d98      0x11c .pioenvs/bluepill_f103c8/lib3e7/libcodal-core.a(CodalFiber.o)
                0x0000000008006d98                codal::scheduler_init(codal::EventModel&)
 .text._ZN5codal19fiber_wake_on_eventEtt
                0x0000000008006eb4       0x90 .pioenvs/bluepill_f103c8/lib3e7/libcodal-core.a(CodalFiber.o)
                0x0000000008006eb4                codal::fiber_wake_on_event(unsigned short, unsigned short)
 .text._Z14__create_fibermmmi
                0x0000000008006f44       0x68 .pioenvs/bluepill_f103c8/lib3e7/libcodal-core.a(CodalFiber.o)
                0x0000000008006f44                __create_fiber(unsigned long, unsigned long, unsigned long, int)
 .text._ZN5codal24scheduler_runqueue_emptyEv
                0x0000000008006fac       0x10 .pioenvs/bluepill_f103c8/lib3e7/libcodal-core.a(CodalFiber.o)
                0x0000000008006fac                codal::scheduler_runqueue_empty()
 .text._ZN5codal4idleEv
                0x0000000008006fbc       0x44 .pioenvs/bluepill_f103c8/lib3e7/libcodal-core.a(CodalFiber.o)
                0x0000000008006fbc                codal::idle()
 .text._ZN5codal8scheduleEv
                0x0000000008007000      0x1b8 .pioenvs/bluepill_f103c8/lib3e7/libcodal-core.a(CodalFiber.o)
                0x0000000008007000                codal::schedule()
 .text._ZN5codal11fiber_sleepEm
                0x00000000080071b8       0x38 .pioenvs/bluepill_f103c8/lib3e7/libcodal-core.a(CodalFiber.o)
                0x00000000080071b8                codal::fiber_sleep(unsigned long)
 .text._ZN5codal13release_fiberEv
                0x00000000080071f0       0x70 .pioenvs/bluepill_f103c8/lib3e7/libcodal-core.a(CodalFiber.o)
                0x00000000080071f0                codal::release_fiber()
 .text._ZN5codal6invokeEPFvPvES0_
                0x0000000008007260       0x90 .pioenvs/bluepill_f103c8/lib3e7/libcodal-core.a(CodalFiber.o)
                0x0000000008007260                codal::invoke(void (*)(void*), void*)
 .text._Z18device_create_heapmm
                0x00000000080072f0       0x3c .pioenvs/bluepill_f103c8/lib3e7/libcodal-core.a(CodalHeapAllocator.o)
                0x00000000080072f0                device_create_heap(unsigned long, unsigned long)
 .text.device_malloc
                0x000000000800732c       0x54 .pioenvs/bluepill_f103c8/lib3e7/libcodal-core.a(CodalHeapAllocator.o)
                0x000000000800732c                malloc
                0x000000000800732c                device_malloc
 .text.device_free
                0x0000000008007380       0x44 .pioenvs/bluepill_f103c8/lib3e7/libcodal-core.a(CodalHeapAllocator.o)
                0x0000000008007380                device_free
                0x0000000008007380                free
 .text._ZN5codal6SerialC2ERNS_3PinES2_hht
                0x00000000080073c4       0x60 .pioenvs/bluepill_f103c8/lib3e7/libcodal-core.a(Serial.o)
                0x00000000080073c4                codal::Serial::Serial(codal::Pin&, codal::Pin&, unsigned char, unsigned char, unsigned short)
                0x00000000080073c4                codal::Serial::Serial(codal::Pin&, codal::Pin&, unsigned char, unsigned char, unsigned short)
 .text._ZN5codal6SerialD2Ev
                0x0000000008007424       0x28 .pioenvs/bluepill_f103c8/lib3e7/libcodal-core.a(Serial.o)
                0x0000000008007424                codal::Serial::~Serial()
                0x0000000008007424                codal::Serial::~Serial()
 .text._ZN5codal5TimerC2Ev
                0x000000000800744c       0x34 .pioenvs/bluepill_f103c8/lib3e7/libcodal-core.a(Timer.o)
                0x000000000800744c                codal::Timer::Timer()
                0x000000000800744c                codal::Timer::Timer()
 .text._ZN5codal25system_timer_current_timeEv
                0x0000000008007480       0x18 .pioenvs/bluepill_f103c8/lib3e7/libcodal-core.a(Timer.o)
                0x0000000008007480                codal::system_timer_current_time()
 .text._ZN5codal27system_timer_event_every_usEmtt
                0x0000000008007498       0x24 .pioenvs/bluepill_f103c8/lib3e7/libcodal-core.a(Timer.o)
                0x0000000008007498                codal::system_timer_event_every_us(unsigned long, unsigned short, unsigned short)
 .text._ZN5codal10EventModel4sendENS_5EventE
                0x00000000080074bc       0x14 .pioenvs/bluepill_f103c8/lib3e7/libcodal-core.a(MessageBus.o)
                0x00000000080074bc                codal::EventModel::send(codal::Event)
 .text._ZN5codal10EventModel3addEPNS_8ListenerE
                0x00000000080074d0        0x8 .pioenvs/bluepill_f103c8/lib3e7/libcodal-core.a(MessageBus.o)
                0x00000000080074d0                codal::EventModel::add(codal::Listener*)
 .text._ZN5codal10EventModel6removeEPNS_8ListenerE
                0x00000000080074d8        0x8 .pioenvs/bluepill_f103c8/lib3e7/libcodal-core.a(MessageBus.o)
                0x00000000080074d8                codal::EventModel::remove(codal::Listener*)
 .text._ZN5codal10MessageBus3addEPNS_8ListenerE
                0x00000000080074e0       0xe8 .pioenvs/bluepill_f103c8/lib3e7/libcodal-core.a(MessageBus.o)
                0x00000000080074e0                codal::MessageBus::add(codal::Listener*)
 .text._ZN5codal10MessageBus7processERNS_5EventEb
                0x00000000080075c8       0x88 .pioenvs/bluepill_f103c8/lib3e7/libcodal-core.a(MessageBus.o)
                0x00000000080075c8                codal::MessageBus::process(codal::Event&, bool)
 .text._ZN5codal19allocateNotifyEventEv
                0x0000000008007650       0x10 .pioenvs/bluepill_f103c8/lib3e7/libcodal-core.a(MessageBus.o)
                0x0000000008007650                codal::allocateNotifyEvent()
 .text._ZN5codal22MemberFunctionCallbackC2INS_10MessageBusEEEPT_MS3_FvNS_5EventEE
                0x0000000008007660       0x30 .pioenvs/bluepill_f103c8/lib3e7/libcodal-core.a(MessageBus.o)
                0x0000000008007660                codal::MemberFunctionCallback::MemberFunctionCallback<codal::MessageBus>(codal::MessageBus*, void (codal::MessageBus::*)(codal::Event))
                0x0000000008007660                codal::MemberFunctionCallback::MemberFunctionCallback<codal::MessageBus>(codal::MessageBus*, void (codal::MessageBus::*)(codal::Event))
 .text._ZN5codal10EventModel6listenINS_10MessageBusEEEittPT_MS3_FvNS_5EventEEt
                0x0000000008007690       0x8c .pioenvs/bluepill_f103c8/lib3e7/libcodal-core.a(MessageBus.o)
                0x0000000008007690                int codal::EventModel::listen<codal::MessageBus>(unsigned short, unsigned short, codal::MessageBus*, void (codal::MessageBus::*)(codal::Event), unsigned short)
 .text._ZN5codal10MessageBusC2Ev
                0x000000000800771c       0x74 .pioenvs/bluepill_f103c8/lib3e7/libcodal-core.a(MessageBus.o)
                0x000000000800771c                codal::MessageBus::MessageBus()
                0x000000000800771c                codal::MessageBus::MessageBus()
 .text._ZN5codal10MessageBusD2Ev
                0x0000000008007790       0x50 .pioenvs/bluepill_f103c8/lib3e7/libcodal-core.a(MessageBus.o)
                0x0000000008007790                codal::MessageBus::~MessageBus()
                0x0000000008007790                codal::MessageBus::~MessageBus()
 .text._ZN5codal5Event4fireEv
                0x00000000080077e0       0x1c .pioenvs/bluepill_f103c8/lib3e7/libcodal-core.a(Event.o)
                0x00000000080077e0                codal::Event::fire()
 .text._ZN5codal13ManagedString9initEmptyEv
                0x00000000080077fc        0xc .pioenvs/bluepill_f103c8/lib3e7/libcodal-core.a(ManagedString.o)
                0x00000000080077fc                codal::ManagedString::initEmpty()
 .text._Z41__static_initialization_and_destruction_0ii
                0x0000000008007808       0x38 .pioenvs/bluepill_f103c8/lib3e7/libcodal-core.a(ManagedString.o)
 .text._ZN5codal4itoaEiPc
                0x0000000008007840       0x68 .pioenvs/bluepill_f103c8/lib3e7/libcodal-core.a(CodalCompat.o)
                0x0000000008007840                codal::itoa(int, char*)
 .text._ZN5codal3_cm3Pin14setAnalogValueEi
                0x00000000080078a8       0x20 .pioenvs/bluepill_f103c8/lib739/libcm.a(CmPin.o)
                0x00000000080078a8                codal::_cm::Pin::setAnalogValue(int)
 .text._ZN5codal3_cm3Pin9isTouchedEv
                0x00000000080078c8        0x8 .pioenvs/bluepill_f103c8/lib739/libcm.a(CmPin.o)
                0x00000000080078c8                codal::_cm::Pin::isTouched()
 .text._ZN5codal3_cm3Pin17getAnalogPeriodUsEv
                0x00000000080078d0        0x8 .pioenvs/bluepill_f103c8/lib739/libcm.a(CmPin.o)
                0x00000000080078d0                codal::_cm::Pin::getAnalogPeriodUs()
 .text._ZN5codal3_cm3Pin15getAnalogPeriodEv
                0x00000000080078d8       0x18 .pioenvs/bluepill_f103c8/lib739/libcm.a(CmPin.o)
                0x00000000080078d8                codal::_cm::Pin::getAnalogPeriod()
 .text._ZN5codal3_cm3Pin15setDigitalValueEi
                0x00000000080078f0       0x58 .pioenvs/bluepill_f103c8/lib739/libcm.a(CmPin.o)
                0x00000000080078f0                codal::_cm::Pin::setDigitalValue(int)
 .text._ZN5codal3_cm3PinC2EhmmtNS_13PinCapabilityE
                0x0000000008007948       0x2c .pioenvs/bluepill_f103c8/lib739/libcm.a(CmPin.o)
                0x0000000008007948                codal::_cm::Pin::Pin(unsigned char, unsigned long, unsigned long, unsigned short, codal::PinCapability)
                0x0000000008007948                codal::_cm::Pin::Pin(unsigned char, unsigned long, unsigned long, unsigned short, codal::PinCapability)
 .text._ZN5codal3_cm3Pin13setServoValueEiii
                0x0000000008007974       0x78 .pioenvs/bluepill_f103c8/lib739/libcm.a(CmPin.o)
                0x0000000008007974                codal::_cm::Pin::setServoValue(int, int, int)
 .text._ZN5codal3_cm6SerialD2Ev
                0x00000000080079ec       0x14 .pioenvs/bluepill_f103c8/lib739/libcm.a(CmSerial.o)
                0x00000000080079ec                codal::_cm::Serial::~Serial()
                0x00000000080079ec                codal::_cm::Serial::~Serial()
 .text._ZN5codal3_cm6SerialD0Ev
                0x0000000008007a00       0x1c .pioenvs/bluepill_f103c8/lib739/libcm.a(CmSerial.o)
                0x0000000008007a00                codal::_cm::Serial::~Serial()
 .text._ZN5codal3_cm6SerialC2ERNS0_3PinES3_hh
                0x0000000008007a1c       0x50 .pioenvs/bluepill_f103c8/lib739/libcm.a(CmSerial.o)
                0x0000000008007a1c                codal::_cm::Serial::Serial(codal::_cm::Pin&, codal::_cm::Pin&, unsigned char, unsigned char)
                0x0000000008007a1c                codal::_cm::Serial::Serial(codal::_cm::Pin&, codal::_cm::Pin&, unsigned char, unsigned char)
 .text._ZN5codal3_cm14alarm_callbackEv
                0x0000000008007a6c       0x24 .pioenvs/bluepill_f103c8/lib739/libcm.a(CmTimer.o)
                0x0000000008007a6c                codal::_cm::alarm_callback()
 .text._ZN5codal3_cmL10timer_taskEv
                0x0000000008007a90       0x6c .pioenvs/bluepill_f103c8/lib739/libcm.a(CmTimer.o)
 .text._ZN5codal3_cm5Timer9triggerInEm
                0x0000000008007afc       0x24 .pioenvs/bluepill_f103c8/lib739/libcm.a(CmTimer.o)
                0x0000000008007afc                codal::_cm::Timer::triggerIn(unsigned long)
 .text._ZN5codal3_cm5Timer11syncRequestEv
                0x0000000008007b20       0x48 .pioenvs/bluepill_f103c8/lib739/libcm.a(CmTimer.o)
                0x0000000008007b20                codal::_cm::Timer::syncRequest()
 .text._ZN5codal3_cm5TimerC2Ev
                0x0000000008007b68       0x2c .pioenvs/bluepill_f103c8/lib739/libcm.a(CmTimer.o)
                0x0000000008007b68                codal::_cm::Timer::Timer()
                0x0000000008007b68                codal::_cm::Timer::Timer()
 .text._ZN5codal3_cm5Timer4initEv
                0x0000000008007b94       0x7c .pioenvs/bluepill_f103c8/lib739/libcm.a(CmTimer.o)
                0x0000000008007b94                codal::_cm::Timer::init()
 .text._ZL8pre_mainv
                0x0000000008007c10       0x48 .pioenvs/bluepill_f103c8/lib739/libcm.a(application.o)
 .text._ZN5codal13STM32BluePill4initEv
                0x0000000008007c58       0x80 .pioenvs/bluepill_f103c8/lib2eb/libmodel.a(STM32BluePill.o)
                0x0000000008007c58                codal::STM32BluePill::init()
 .text._ZN5codal13STM32BluePillC2Ev
                0x0000000008007cd8       0xa8 .pioenvs/bluepill_f103c8/lib2eb/libmodel.a(STM32BluePill.o)
                0x0000000008007cd8                codal::STM32BluePill::STM32BluePill()
                0x0000000008007cd8                codal::STM32BluePill::STM32BluePill()
 .text._ZN5codal15STM32BluePillIOC2Ev
                0x0000000008007d80      0xb58 .pioenvs/bluepill_f103c8/lib2eb/libmodel.a(STM32BluePillIO.o)
                0x0000000008007d80                codal::STM32BluePillIO::STM32BluePillIO()
                0x0000000008007d80                codal::STM32BluePillIO::STM32BluePillIO()
 .text._Z41__static_initialization_and_destruction_0ii
                0x00000000080088d8       0x1c .pioenvs/bluepill_f103c8/lib33e/libuartint.a(uartint.o)
 .text.usart2_isr
                0x00000000080088f4       0x5c .pioenvs/bluepill_f103c8/lib33e/libuartint.a(uartint.o)
                0x00000000080088f4                usart2_isr
 .text._ZN5codal3_cm3I2CC2ERNS_3PinES3_
                0x0000000008008950       0x1c .pioenvs/bluepill_f103c8/lib739/libcm.a(CmI2C.o)
                0x0000000008008950                codal::_cm::I2C::I2C(codal::Pin&, codal::Pin&)
                0x0000000008008950                codal::_cm::I2C::I2C(codal::Pin&, codal::Pin&)
 .text._ZN5codal3_cm3SPI4initEv
                0x000000000800896c       0x5c .pioenvs/bluepill_f103c8/lib739/libcm.a(CmSPI.o)
                0x000000000800896c                codal::_cm::SPI::init()
 .text._ZN5codal3_cm3SPIC2ERNS0_3PinES3_S3_S3_
                0x00000000080089c8       0x9c .pioenvs/bluepill_f103c8/lib739/libcm.a(CmSPI.o)
                0x00000000080089c8                codal::_cm::SPI::SPI(codal::_cm::Pin&, codal::_cm::Pin&, codal::_cm::Pin&, codal::_cm::Pin&)
                0x00000000080089c8                codal::_cm::SPI::SPI(codal::_cm::Pin&, codal::_cm::Pin&, codal::_cm::Pin&, codal::_cm::Pin&)
 .text.pinmap_peripheral
                0x0000000008008a64       0x2c .pioenvs/bluepill_f103c8/lib739/libcm.a(CmPinMap.o)
                0x0000000008008a64                pinmap_peripheral
 .text.pinmap_mode
                0x0000000008008a90       0x28 .pioenvs/bluepill_f103c8/lib739/libcm.a(CmPinMap.o)
                0x0000000008008a90                pinmap_mode
 .text.pinmap_cnf
                0x0000000008008ab8       0x28 .pioenvs/bluepill_f103c8/lib739/libcm.a(CmPinMap.o)
                0x0000000008008ab8                pinmap_cnf
 .text._ZN5codal3I2CC2ERNS_3PinES2_
                0x0000000008008ae0        0xc .pioenvs/bluepill_f103c8/lib3e7/libcodal-core.a(I2C.o)
                0x0000000008008ae0                codal::I2C::I2C(codal::Pin&, codal::Pin&)
                0x0000000008008ae0                codal::I2C::I2C(codal::Pin&, codal::Pin&)
 .text._ZN5codal14CodalComponent16periodicCallbackEv
                0x0000000008008aec        0x2 .pioenvs/bluepill_f103c8/src/main.o
                0x0000000008008aec                codal::CodalComponent::periodicCallback()
 .text._ZN5codal14CodalComponent12idleCallbackEv
                0x0000000008008aee        0x2 .pioenvs/bluepill_f103c8/src/main.o
                0x0000000008008aee                codal::CodalComponent::idleCallback()
 .text._GLOBAL__sub_I_bluepill
                0x0000000008008af0        0xe .pioenvs/bluepill_f103c8/src/main.o
 .text._GLOBAL__sub_I_serialPort
                0x0000000008008afe        0xe .pioenvs/bluepill_f103c8/src/uart.o
 .text._ZN5codal11queue_fiberEPNS_5FiberEPS1_
                0x0000000008008b0c       0x2e .pioenvs/bluepill_f103c8/lib3e7/libcodal-core.a(CodalFiber.o)
                0x0000000008008b0c                codal::queue_fiber(codal::Fiber*, codal::Fiber**)
 .text._ZN5codal13dequeue_fiberEPNS_5FiberE
                0x0000000008008b3a       0x34 .pioenvs/bluepill_f103c8/lib3e7/libcodal-core.a(CodalFiber.o)
                0x0000000008008b3a                codal::dequeue_fiber(codal::Fiber*)
 .text._ZN5codal12create_fiberEPFvPvES0_S2_
                0x0000000008008b6e       0x20 .pioenvs/bluepill_f103c8/lib3e7/libcodal-core.a(CodalFiber.o)
                0x0000000008008b6e                codal::create_fiber(void (*)(void*), void*, void (*)(void*))
 .text._ZN5codal20fiber_wait_for_eventEtt
                0x0000000008008b8e       0x14 .pioenvs/bluepill_f103c8/lib3e7/libcodal-core.a(CodalFiber.o)
                0x0000000008008b8e                codal::fiber_wait_for_event(unsigned short, unsigned short)
 .text._ZN5codal16launch_new_fiberEPFvvES1_
                0x0000000008008ba2        0xe .pioenvs/bluepill_f103c8/lib3e7/libcodal-core.a(CodalFiber.o)
                0x0000000008008ba2                codal::launch_new_fiber(void (*)(), void (*)())
 .text._ZN5codal13release_fiberEPv
                0x0000000008008bb0       0x10 .pioenvs/bluepill_f103c8/lib3e7/libcodal-core.a(CodalFiber.o)
                0x0000000008008bb0                codal::release_fiber(void*)
 .text._ZN5codal22launch_new_fiber_paramEPFvPvES2_S0_
                0x0000000008008bc0       0x18 .pioenvs/bluepill_f103c8/lib3e7/libcodal-core.a(CodalFiber.o)
                0x0000000008008bc0                codal::launch_new_fiber_param(void (*)(void*), void (*)(void*), void*)
 .text._ZN5codal9idle_taskEv
                0x0000000008008bd8        0xc .pioenvs/bluepill_f103c8/lib3e7/libcodal-core.a(CodalFiber.o)
                0x0000000008008bd8                codal::idle_task()
 .text._Z16device_malloc_injR14HeapDefinition
                0x0000000008008be4       0xa0 .pioenvs/bluepill_f103c8/lib3e7/libcodal-core.a(CodalHeapAllocator.o)
                0x0000000008008be4                device_malloc_in(unsigned int, HeapDefinition&)
 .text._ZN5codal8ListenerC2EttPFvNS_5EventEEt
                0x0000000008008c84       0x28 .pioenvs/bluepill_f103c8/lib3e7/libcodal-core.a(CodalListener.o)
                0x0000000008008c84                codal::Listener::Listener(unsigned short, unsigned short, void (*)(codal::Event), unsigned short)
                0x0000000008008c84                codal::Listener::Listener(unsigned short, unsigned short, void (*)(codal::Event), unsigned short)
 .text._ZN5codal8ListenerD2Ev
                0x0000000008008cac       0x18 .pioenvs/bluepill_f103c8/lib3e7/libcodal-core.a(CodalListener.o)
                0x0000000008008cac                codal::Listener::~Listener()
                0x0000000008008cac                codal::Listener::~Listener()
 .text._ZN5codal8Listener5queueENS_5EventE
                0x0000000008008cc4       0x62 .pioenvs/bluepill_f103c8/lib3e7/libcodal-core.a(CodalListener.o)
                0x0000000008008cc4                codal::Listener::queue(codal::Event)
 .text._ZN5codal6Serial6lockRxEv
                0x0000000008008d26        0xa .pioenvs/bluepill_f103c8/lib3e7/libcodal-core.a(Serial.o)
                0x0000000008008d26                codal::Serial::lockRx()
 .text._ZN5codal6Serial8unlockRxEv
                0x0000000008008d30        0xa .pioenvs/bluepill_f103c8/lib3e7/libcodal-core.a(Serial.o)
                0x0000000008008d30                codal::Serial::unlockRx()
 .text._ZN5codal6Serial12initialiseRxEv
                0x0000000008008d3a       0x50 .pioenvs/bluepill_f103c8/lib3e7/libcodal-core.a(Serial.o)
                0x0000000008008d3a                codal::Serial::initialiseRx()
 .text._ZN5codal6Serial12circularCopyEPhhS1_tt
                0x0000000008008d8a       0x28 .pioenvs/bluepill_f103c8/lib3e7/libcodal-core.a(Serial.o)
                0x0000000008008d8a                codal::Serial::circularCopy(unsigned char*, unsigned char, unsigned char*, unsigned short, unsigned short)
 .text._ZN5codal6Serial7eventOnENS_13ManagedStringENS_10SerialModeE
                0x0000000008008db2       0x2a .pioenvs/bluepill_f103c8/lib3e7/libcodal-core.a(Serial.o)
                0x0000000008008db2                codal::Serial::eventOn(codal::ManagedString, codal::SerialMode)
 .text._ZN5codal6Serial7rxInUseEv
                0x0000000008008ddc        0x8 .pioenvs/bluepill_f103c8/lib3e7/libcodal-core.a(Serial.o)
                0x0000000008008ddc                codal::Serial::rxInUse()
 .text._ZN5codal6Serial9readUntilENS_13ManagedStringENS_10SerialModeE
                0x0000000008008de4      0x1cc .pioenvs/bluepill_f103c8/lib3e7/libcodal-core.a(Serial.o)
                0x0000000008008de4                codal::Serial::readUntil(codal::ManagedString, codal::SerialMode)
 .text._ZN5codal5Timer17disableInterruptsEv
                0x0000000008008fb0        0xa .pioenvs/bluepill_f103c8/lib3e7/libcodal-core.a(Timer.o)
                0x0000000008008fb0                codal::Timer::disableInterrupts()
 .text._ZN5codal5Timer16enableInterruptsEv