Archive member included to satisfy reference by file (symbol)

.pioenvs/bluepill_f103c8/lib98a/libnewlib.a(strlen.o)
                              .pioenvs/bluepill_f103c8/src/aggregate.o (strlen)
.pioenvs/bluepill_f103c8/lib98a/libnewlib.a(strncat.o)
                              .pioenvs/bluepill_f103c8/src/wisol.o (strncat)
.pioenvs/bluepill_f103c8/lib98a/libnewlib.a(strncmp.o)
                              .pioenvs/bluepill_f103c8/src/aggregate.o (strncmp)
.pioenvs/bluepill_f103c8/lib98a/libnewlib.a(strncpy.o)
                              .pioenvs/bluepill_f103c8/src/aggregate.o (strncpy)
.pioenvs/bluepill_f103c8/lib98a/libnewlib.a(strstr.o)
                              .pioenvs/bluepill_f103c8/src/wisol.o (strstr)
.pioenvs/bluepill_f103c8/libd9b/liblogger.a(logger.o)
                              .pioenvs/bluepill_f103c8/src/main.o (debug_flush)
.pioenvs/bluepill_f103c8/lib3e7/libcodal-core.a(CodalFiber.o)
                              .pioenvs/bluepill_f103c8/src/main.o (codal::fiber_sleep(unsigned long))
.pioenvs/bluepill_f103c8/lib3e7/libcodal-core.a(CodalHeapAllocator.o)
                              .pioenvs/bluepill_f103c8/lib3e7/libcodal-core.a(CodalFiber.o) (malloc)
.pioenvs/bluepill_f103c8/lib3e7/libcodal-core.a(CodalListener.o)
                              .pioenvs/bluepill_f103c8/lib3e7/libcodal-core.a(CodalFiber.o) (codal::Listener::Listener(unsigned short, unsigned short, void (*)(codal::Event), unsigned short))
.pioenvs/bluepill_f103c8/lib3e7/libcodal-core.a(Timer.o)
                              .pioenvs/bluepill_f103c8/lib3e7/libcodal-core.a(CodalFiber.o) (codal::system_timer_current_time())
.pioenvs/bluepill_f103c8/lib3e7/libcodal-core.a(Event.o)
                              .pioenvs/bluepill_f103c8/lib3e7/libcodal-core.a(CodalListener.o) (codal::Event::Event())
.pioenvs/bluepill_f103c8/libfdb/libunity.a(unity.o)
                              .pioenvs/bluepill_f103c8/src/unit_test.o (UnityAssertFloatsWithin)
.pioenvs/bluepill_f103c8/libd88/libnano-float.a(functions.o)
                              .pioenvs/bluepill_f103c8/src/unit_test.o (get_float_usage)
.pioenvs/bluepill_f103c8/libea7/libcocoOS_5.0.3.a(os_event.o)
                              .pioenvs/bluepill_f103c8/src/wisol.o (event_create)
.pioenvs/bluepill_f103c8/libea7/libcocoOS_5.0.3.a(os_kernel.o)
                              .pioenvs/bluepill_f103c8/src/uart.o (running_tid)
.pioenvs/bluepill_f103c8/libea7/libcocoOS_5.0.3.a(os_msgqueue.o)
                              .pioenvs/bluepill_f103c8/libea7/libcocoOS_5.0.3.a(os_kernel.o) (os_msgQ_init)
.pioenvs/bluepill_f103c8/libea7/libcocoOS_5.0.3.a(os_sem.o)
                              .pioenvs/bluepill_f103c8/libea7/libcocoOS_5.0.3.a(os_kernel.o) (os_sem_init)
.pioenvs/bluepill_f103c8/libea7/libcocoOS_5.0.3.a(os_task.o)
                              .pioenvs/bluepill_f103c8/libea7/libcocoOS_5.0.3.a(os_kernel.o) (os_task_init)
.pioenvs/bluepill_f103c8/libea7/libcocoOS_5.0.3.a(os_assert.o)
                              .pioenvs/bluepill_f103c8/libea7/libcocoOS_5.0.3.a(os_event.o) (os_on_assert)
.pioenvs/bluepill_f103c8/libea7/libcocoOS_5.0.3.a(os_cbk.o)
                              .pioenvs/bluepill_f103c8/libea7/libcocoOS_5.0.3.a(os_kernel.o) (os_cbkSleep)
.pioenvs/bluepill_f103c8/lib739/libcm.a(CmPin.o)
                              .pioenvs/bluepill_f103c8/src/main.o (codal::_cm::Pin::setDigitalValue(int))
.pioenvs/bluepill_f103c8/lib739/libcm.a(codal_target_hal.o)
                              .pioenvs/bluepill_f103c8/src/main.o (target_enable_debug)
.pioenvs/bluepill_f103c8/lib271/libbluepill.a(STM32BluePill.o)
                              .pioenvs/bluepill_f103c8/src/main.o (codal::STM32BluePill::init())
.pioenvs/bluepill_f103c8/lib271/libbluepill.a(STM32BluePillIO.o)
                              .pioenvs/bluepill_f103c8/lib271/libbluepill.a(STM32BluePill.o) (codal::STM32BluePillIO::STM32BluePillIO())
.pioenvs/bluepill_f103c8/lib271/libbluepill.a(bluepill.o)
                              .pioenvs/bluepill_f103c8/lib739/libcm.a(codal_target_hal.o) (platform_setup)
.pioenvs/bluepill_f103c8/lib271/libbluepill.a(led.o)
                              .pioenvs/bluepill_f103c8/lib271/libbluepill.a(bluepill.o) (led_setup)
.pioenvs/bluepill_f103c8/lib271/libbluepill.a(timer.o)
                              .pioenvs/bluepill_f103c8/lib739/libcm.a(codal_target_hal.o) (platform_start_timer)
.pioenvs/bluepill_f103c8/lib33e/libuartint.a(uartint.o)
                              .pioenvs/bluepill_f103c8/src/uart.o (UARTInterface::UARTInterface(unsigned int, unsigned int))
/Users/Luppy/.platformio/packages/toolchain-gccarmnoneeabi/bin/../lib/gcc/arm-none-eabi/7.2.1/thumb/v7-m/libgcc.a(_arm_addsubdf3.o)
                              .pioenvs/bluepill_f103c8/libfdb/libunity.a(unity.o) (__aeabi_dsub)
/Users/Luppy/.platformio/packages/toolchain-gccarmnoneeabi/bin/../lib/gcc/arm-none-eabi/7.2.1/thumb/v7-m/libgcc.a(_arm_muldivdf3.o)
[...]
Memory Configuration

Name             Origin             Length             Attributes
rom              0x0000000008000000 0x0000000000010000 xr
ram              0x0000000020000000 0x0000000000005000 xrw
*default*        0x0000000000000000 0xffffffffffffffff

Linker script and memory map

LOAD asm/CortexContextSwitch.s.o
LOAD .pioenvs/bluepill_f103c8/src/aggregate.o
LOAD .pioenvs/bluepill_f103c8/src/downlink.o
LOAD .pioenvs/bluepill_f103c8/src/main.o
LOAD .pioenvs/bluepill_f103c8/src/sensor.o
LOAD .pioenvs/bluepill_f103c8/src/sensor_display.o
LOAD .pioenvs/bluepill_f103c8/src/uart.o
LOAD .pioenvs/bluepill_f103c8/src/unit_test.o
LOAD .pioenvs/bluepill_f103c8/src/wisol.o
LOAD .pioenvs/bluepill_f103c8/src/wstring.o
START GROUP
LOAD .pioenvs/bluepill_f103c8/lib98a/libnewlib.a
LOAD .pioenvs/bluepill_f103c8/libd9b/liblogger.a
LOAD .pioenvs/bluepill_f103c8/lib3e7/libcodal-core.a
LOAD .pioenvs/bluepill_f103c8/libfdb/libunity.a
LOAD .pioenvs/bluepill_f103c8/libf85/libqfplib.a
LOAD .pioenvs/bluepill_f103c8/libd88/libnano-float.a
LOAD .pioenvs/bluepill_f103c8/libea7/libcocoOS_5.0.3.a
LOAD .pioenvs/bluepill_f103c8/lib739/libcm.a
LOAD .pioenvs/bluepill_f103c8/lib271/libbluepill.a
LOAD .pioenvs/bluepill_f103c8/lib573/libadcint.a
LOAD .pioenvs/bluepill_f103c8/libc3f/libsimulator.a
LOAD .pioenvs/bluepill_f103c8/lib91e/libspiint.a
LOAD .pioenvs/bluepill_f103c8/lib23b/libboost_config.a
LOAD .pioenvs/bluepill_f103c8/libf3d/libboost_assert.a
LOAD .pioenvs/bluepill_f103c8/lib3c5/libboost_core.a
LOAD .pioenvs/bluepill_f103c8/libd23/libboost_preprocessor.a
LOAD .pioenvs/bluepill_f103c8/lib186/libboost_static_assert.a
LOAD .pioenvs/bluepill_f103c8/lib047/libboost_type_traits.a
LOAD .pioenvs/bluepill_f103c8/libd30/libboost_utility.a
LOAD .pioenvs/bluepill_f103c8/lib64e/libboost_predef.a
LOAD .pioenvs/bluepill_f103c8/libe2b/libboost_mpl.a
LOAD .pioenvs/bluepill_f103c8/lib95e/libboost_detail.a
LOAD .pioenvs/bluepill_f103c8/libcea/libboost_parameter.a
LOAD .pioenvs/bluepill_f103c8/lib609/libboost_iterator.a
LOAD .pioenvs/bluepill_f103c8/lib7b0/libboost_lockfree.a
LOAD .pioenvs/bluepill_f103c8/libea2/libi2cint.a
LOAD .pioenvs/bluepill_f103c8/lib9ba/libporting.a
LOAD .pioenvs/bluepill_f103c8/libdc9/libBME280.a
LOAD .pioenvs/bluepill_f103c8/lib33e/libuartint.a
LOAD /Users/Luppy/.platformio/packages/toolchain-gccarmnoneeabi/bin/../lib/gcc/arm-none-eabi/7.2.1/thumb/v7-m/libgcc.a
LOAD .pioenvs/bluepill_f103c8/libFrameworkLibOpenCM3.a
END GROUP

.text           0x0000000008000000     0x7ea4
 *(SORT_BY_ALIGNMENT(.vectors))
 .vectors       0x0000000008000000      0x150 .pioenvs/bluepill_f103c8/libFrameworkLibOpenCM3.a(vector.o)
                0x0000000008000000                vector_table
 *(SORT_BY_ALIGNMENT(.text*))
 .text.test_aeabi_ddiv
                0x0000000008000150       0x84 .pioenvs/bluepill_f103c8/src/unit_test.o
                0x0000000008000150                test_aeabi_ddiv
 *fill*         0x00000000080001d4        0x4 
 .text.test_aeabi_dmul
                0x00000000080001d8       0x84 .pioenvs/bluepill_f103c8/src/unit_test.o
                0x00000000080001d8                test_aeabi_dmul
 *fill*         0x000000000800025c        0x4 
 .text.test_fabs
                0x0000000008000260      0x158 .pioenvs/bluepill_f103c8/src/unit_test.o
                0x0000000008000260                test_fabs
 .text.test_sqrt
                0x00000000080003b8       0xc8 .pioenvs/bluepill_f103c8/src/unit_test.o
                0x00000000080003b8                test_sqrt
 .text.test_log
                0x0000000008000480       0xd0 .pioenvs/bluepill_f103c8/src/unit_test.o
                0x0000000008000480                test_log
 .text.test_exp
                0x0000000008000550      0x128 .pioenvs/bluepill_f103c8/src/unit_test.o
                0x0000000008000550                test_exp
 .text.test_log10
                0x0000000008000678       0xd0 .pioenvs/bluepill_f103c8/src/unit_test.o
                0x0000000008000678                test_log10
 .text.test_pow
                0x0000000008000748      0x110 .pioenvs/bluepill_f103c8/src/unit_test.o
                0x0000000008000748                test_pow
 .text.test_ldexp
                0x0000000008000858       0xc4 .pioenvs/bluepill_f103c8/src/unit_test.o
                0x0000000008000858                test_ldexp
 *fill*         0x000000000800091c        0x4 
 .text.test_sin
                0x0000000008000920      0x150 .pioenvs/bluepill_f103c8/src/unit_test.o
                0x0000000008000920                test_sin
 .text.test_cos
                0x0000000008000a70      0x158 .pioenvs/bluepill_f103c8/src/unit_test.o
                0x0000000008000a70                test_cos
 .text.test_tan
                0x0000000008000bc8      0x148 .pioenvs/bluepill_f103c8/src/unit_test.o
                0x0000000008000bc8                test_tan
 .text.test_atan2
                0x0000000008000d10      0x218 .pioenvs/bluepill_f103c8/src/unit_test.o
                0x0000000008000d10                test_atan2
 .text.test_atan
                0x0000000008000f28       0xc4 .pioenvs/bluepill_f103c8/src/unit_test.o
                0x0000000008000f28                test_atan
 *fill*         0x0000000008000fec        0x4 
 .text.test_asin
                0x0000000008000ff0       0xa0 .pioenvs/bluepill_f103c8/src/unit_test.o
                0x0000000008000ff0                test_asin
 .text.test_acos
                0x0000000008001090      0x11c .pioenvs/bluepill_f103c8/src/unit_test.o
                0x0000000008001090                test_acos
 *fill*         0x00000000080011ac        0x4 
 .text.test_trunc
                0x00000000080011b0      0x170 .pioenvs/bluepill_f103c8/src/unit_test.o
                0x00000000080011b0                test_trunc
 .text.test_floor
                0x0000000008001320      0x16c .pioenvs/bluepill_f103c8/src/unit_test.o
                0x0000000008001320                test_floor
 *fill*         0x000000000800148c        0x4 
 .text.test_ceil
                0x0000000008001490      0x16c .pioenvs/bluepill_f103c8/src/unit_test.o
                0x0000000008001490                test_ceil
 *fill*         0x00000000080015fc        0x4 
 .text.test_fmod
                0x0000000008001600      0x1d0 .pioenvs/bluepill_f103c8/src/unit_test.o
                0x0000000008001600                test_fmod
 .text.UnityPrintFloat
                0x00000000080017d0      0x344 .pioenvs/bluepill_f103c8/libfdb/libunity.a(unity.o)
                0x00000000080017d0                UnityPrintFloat
 .text          0x0000000008001b14      0x124 asm/CortexContextSwitch.s.o
                0x0000000008001b14                swap_context
                0x0000000008001b96                save_context
                0x0000000008001bda                save_register_context
                0x0000000008001c0a                restore_register_context
 .text._Z10debug_dumpv
                0x0000000008001c38       0x38 .pioenvs/bluepill_f103c8/src/main.o
                0x0000000008001c38                debug_dump()
 .text.startup._GLOBAL__sub_I_serialPort
                0x0000000008001c70       0x10 .pioenvs/bluepill_f103c8/src/uart.o
 .text.test_aeabi_fdiv
                0x0000000008001c80       0x4c .pioenvs/bluepill_f103c8/src/unit_test.o
                0x0000000008001c80                test_aeabi_fdiv
 .text.test_nanofloat
                0x0000000008001ccc      0x2ac .pioenvs/bluepill_f103c8/src/unit_test.o
                0x0000000008001ccc                test_nanofloat
 .text.enable_log
                0x0000000008001f78       0x18 .pioenvs/bluepill_f103c8/libd9b/liblogger.a(logger.o)
                0x0000000008001f78                enable_log
 .text.debug_flush
                0x0000000008001f90       0x38 .pioenvs/bluepill_f103c8/libd9b/liblogger.a(logger.o)
                0x0000000008001f90                debug_flush
 .text._ZL12debug_appendPKcj
                0x0000000008001fc8       0x50 .pioenvs/bluepill_f103c8/libd9b/liblogger.a(logger.o)
 .text._Z11debug_printj
                0x0000000008002018       0x7c .pioenvs/bluepill_f103c8/libd9b/liblogger.a(logger.o)
                0x0000000008002018                debug_print(unsigned int)
 .text._Z11debug_printi
                0x0000000008002094       0x30 .pioenvs/bluepill_f103c8/libd9b/liblogger.a(logger.o)
                0x0000000008002094                debug_print(int)
 .text.debug_println
                0x00000000080020c4       0x1c .pioenvs/bluepill_f103c8/libd9b/liblogger.a(logger.o)
                0x00000000080020c4                debug_println
 .text._Z13debug_printlni
                0x00000000080020e0       0x18 .pioenvs/bluepill_f103c8/libd9b/liblogger.a(logger.o)
                0x00000000080020e0                debug_println(int)
 .text._ZN5codal10EventModel6listenEiiPFvNS_5EventEEt
                0x00000000080020f8       0x60 .pioenvs/bluepill_f103c8/lib3e7/libcodal-core.a(CodalFiber.o)
                0x00000000080020f8                codal::EventModel::listen(int, int, void (*)(codal::Event), unsigned short)
 .text._ZN5codal14scheduler_tickENS_5EventE
                0x0000000008002158       0x38 .pioenvs/bluepill_f103c8/lib3e7/libcodal-core.a(CodalFiber.o)
                0x0000000008002158                codal::scheduler_tick(codal::Event)
 .text._ZN5codal15scheduler_eventENS_5EventE
                0x0000000008002190       0xc0 .pioenvs/bluepill_f103c8/lib3e7/libcodal-core.a(CodalFiber.o)
                0x0000000008002190                codal::scheduler_event(codal::Event)
 .text._Z15getFiberContextv
                0x0000000008002250       0x50 .pioenvs/bluepill_f103c8/lib3e7/libcodal-core.a(CodalFiber.o)
                0x0000000008002250                getFiberContext()
 .text._ZL10handle_fobv
                0x00000000080022a0       0x2c .pioenvs/bluepill_f103c8/lib3e7/libcodal-core.a(CodalFiber.o)
 .text._ZN5codal23fiber_scheduler_runningEv
                0x00000000080022cc       0x10 .pioenvs/bluepill_f103c8/lib3e7/libcodal-core.a(CodalFiber.o)
                0x00000000080022cc                codal::fiber_scheduler_running()
 .text._ZN5codal14scheduler_initERNS_10EventModelE
                0x00000000080022dc       0xac .pioenvs/bluepill_f103c8/lib3e7/libcodal-core.a(CodalFiber.o)
                0x00000000080022dc                codal::scheduler_init(codal::EventModel&)
 .text._ZN5codal19fiber_wake_on_eventEtt
                0x0000000008002388       0x5c .pioenvs/bluepill_f103c8/lib3e7/libcodal-core.a(CodalFiber.o)
                0x0000000008002388                codal::fiber_wake_on_event(unsigned short, unsigned short)
 .text._Z14__create_fibermmmi
                0x00000000080023e4       0x64 .pioenvs/bluepill_f103c8/lib3e7/libcodal-core.a(CodalFiber.o)
                0x00000000080023e4                __create_fiber(unsigned long, unsigned long, unsigned long, int)
 .text._ZN5codal17verify_stack_sizeEPNS_5FiberE
                0x0000000008002448       0x44 .pioenvs/bluepill_f103c8/lib3e7/libcodal-core.a(CodalFiber.o)
                0x0000000008002448                codal::verify_stack_size(codal::Fiber*)
 .text._ZN5codal24scheduler_runqueue_emptyEv
                0x000000000800248c       0x10 .pioenvs/bluepill_f103c8/lib3e7/libcodal-core.a(CodalFiber.o)
                0x000000000800248c                codal::scheduler_runqueue_empty()
 .text._ZN5codal4idleEv
                0x000000000800249c       0x3c .pioenvs/bluepill_f103c8/lib3e7/libcodal-core.a(CodalFiber.o)
                0x000000000800249c                codal::idle()
 .text._ZN5codal8scheduleEv
                0x00000000080024d8      0x108 .pioenvs/bluepill_f103c8/lib3e7/libcodal-core.a(CodalFiber.o)
                0x00000000080024d8                codal::schedule()
 .text._ZN5codal11fiber_sleepEm
                0x00000000080025e0       0x3c .pioenvs/bluepill_f103c8/lib3e7/libcodal-core.a(CodalFiber.o)
                0x00000000080025e0                codal::fiber_sleep(unsigned long)
 .text._ZN5codal13release_fiberEv
                0x000000000800261c       0x6c .pioenvs/bluepill_f103c8/lib3e7/libcodal-core.a(CodalFiber.o)
                0x000000000800261c                codal::release_fiber()
 .text._ZN5codal6invokeEPFvPvES0_
                0x0000000008002688       0x80 .pioenvs/bluepill_f103c8/lib3e7/libcodal-core.a(CodalFiber.o)
                0x0000000008002688                codal::invoke(void (*)(void*), void*)
 .text._Z18device_create_heapmm
                0x0000000008002708       0x3c .pioenvs/bluepill_f103c8/lib3e7/libcodal-core.a(CodalHeapAllocator.o)
                0x0000000008002708                device_create_heap(unsigned long, unsigned long)
 .text.device_malloc
                0x0000000008002744       0x48 .pioenvs/bluepill_f103c8/lib3e7/libcodal-core.a(CodalHeapAllocator.o)
                0x0000000008002744                malloc
                0x0000000008002744                device_malloc
 .text.device_free
                0x000000000800278c       0x40 .pioenvs/bluepill_f103c8/lib3e7/libcodal-core.a(CodalHeapAllocator.o)
                0x000000000800278c                device_free
                0x000000000800278c                free
 .text._ZN5codal5TimerC2Ev
                0x00000000080027cc       0x34 .pioenvs/bluepill_f103c8/lib3e7/libcodal-core.a(Timer.o)
                0x00000000080027cc                codal::Timer::Timer()
                0x00000000080027cc                codal::Timer::Timer()
 .text._ZN5codal25system_timer_current_timeEv
                0x0000000008002800       0x10 .pioenvs/bluepill_f103c8/lib3e7/libcodal-core.a(Timer.o)
                0x0000000008002800                codal::system_timer_current_time()
 .text._ZN5codal27system_timer_event_every_usEmtt
                0x0000000008002810       0x24 .pioenvs/bluepill_f103c8/lib3e7/libcodal-core.a(Timer.o)
                0x0000000008002810                codal::system_timer_event_every_us(unsigned long, unsigned short, unsigned short)
 .text._ZN5codal5Event4fireEv
                0x0000000008002834       0x20 .pioenvs/bluepill_f103c8/lib3e7/libcodal-core.a(Event.o)
                0x0000000008002834                codal::Event::fire()
 .text.UnityTestResultsBegin
                0x0000000008002854       0x30 .pioenvs/bluepill_f103c8/libfdb/libunity.a(unity.o)
 .text.UnityTestResultsFailBegin
                0x0000000008002884       0x24 .pioenvs/bluepill_f103c8/libfdb/libunity.a(unity.o)
 .text.UnityAddMsgIfSpecified
                0x00000000080028a8       0x50 .pioenvs/bluepill_f103c8/libfdb/libunity.a(unity.o)
 .text.UnityConcludeTest
                0x00000000080028f8       0x44 .pioenvs/bluepill_f103c8/libfdb/libunity.a(unity.o)
                0x00000000080028f8                UnityConcludeTest
 .text.UnityAssertFloatsWithin
                0x000000000800293c       0x58 .pioenvs/bluepill_f103c8/libfdb/libunity.a(unity.o)
                0x000000000800293c                UnityAssertFloatsWithin
 .text.UnityAssertDoublesWithin
                0x0000000008002994       0x60 .pioenvs/bluepill_f103c8/libfdb/libunity.a(unity.o)
                0x0000000008002994                UnityAssertDoublesWithin
 .text.UnityDefaultTestRun
                0x00000000080029f4       0x2c .pioenvs/bluepill_f103c8/libfdb/libunity.a(unity.o)
                0x00000000080029f4                UnityDefaultTestRun
 .text.UnityBegin
                0x0000000008002a20       0x20 .pioenvs/bluepill_f103c8/libfdb/libunity.a(unity.o)
                0x0000000008002a20                UnityBegin
 .text.UnityEnd
                0x0000000008002a40       0x74 .pioenvs/bluepill_f103c8/libfdb/libunity.a(unity.o)
                0x0000000008002a40                UnityEnd
 .text.get_float_usage
                0x0000000008002ab4        0xc .pioenvs/bluepill_f103c8/libd88/libnano-float.a(functions.o)
                0x0000000008002ab4                get_float_usage
 .text.sqrt     0x0000000008002ac0       0x1c .pioenvs/bluepill_f103c8/libd88/libnano-float.a(functions.o)
                0x0000000008002ac0                sqrt
 .text.log      0x0000000008002adc       0x1c .pioenvs/bluepill_f103c8/libd88/libnano-float.a(functions.o)
                0x0000000008002adc                log
 .text.exp      0x0000000008002af8       0x1c .pioenvs/bluepill_f103c8/libd88/libnano-float.a(functions.o)
                0x0000000008002af8                exp
 .text.log10    0x0000000008002b14       0x28 .pioenvs/bluepill_f103c8/libd88/libnano-float.a(functions.o)
                0x0000000008002b14                log10
 .text.pow      0x0000000008002b3c       0x88 .pioenvs/bluepill_f103c8/libd88/libnano-float.a(functions.o)
                0x0000000008002b3c                pow
 .text.ldexp    0x0000000008002bc4       0x40 .pioenvs/bluepill_f103c8/libd88/libnano-float.a(functions.o)
                0x0000000008002bc4                ldexp
 .text.sin      0x0000000008002c04       0x1c .pioenvs/bluepill_f103c8/libd88/libnano-float.a(functions.o)
                0x0000000008002c04                sin
 .text.cos      0x0000000008002c20       0x1c .pioenvs/bluepill_f103c8/libd88/libnano-float.a(functions.o)
                0x0000000008002c20                cos
 .text.tan      0x0000000008002c3c       0x1c .pioenvs/bluepill_f103c8/libd88/libnano-float.a(functions.o)
                0x0000000008002c3c                tan
 .text.atan2    0x0000000008002c58       0x50 .pioenvs/bluepill_f103c8/libd88/libnano-float.a(functions.o)
                0x0000000008002c58                atan2
 .text.atan     0x0000000008002ca8       0xa4 .pioenvs/bluepill_f103c8/libd88/libnano-float.a(functions.o)
                0x0000000008002ca8                atan
 .text.asin     0x0000000008002d4c       0x84 .pioenvs/bluepill_f103c8/libd88/libnano-float.a(functions.o)
                0x0000000008002d4c                asin
 .text.acos     0x0000000008002dd0       0x94 .pioenvs/bluepill_f103c8/libd88/libnano-float.a(functions.o)
                0x0000000008002dd0                acos
 .text.trunc    0x0000000008002e64       0x7c .pioenvs/bluepill_f103c8/libd88/libnano-float.a(functions.o)
                0x0000000008002e64                trunc
 .text.floor    0x0000000008002ee0       0x78 .pioenvs/bluepill_f103c8/libd88/libnano-float.a(functions.o)
                0x0000000008002ee0                floor
 .text.ceil     0x0000000008002f58       0x7c .pioenvs/bluepill_f103c8/libd88/libnano-float.a(functions.o)
                0x0000000008002f58                ceil
 .text.fmod     0x0000000008002fd4      0x144 .pioenvs/bluepill_f103c8/libd88/libnano-float.a(functions.o)
                0x0000000008002fd4                fmod
 .text.os_event_init
                0x0000000008003118        0xc .pioenvs/bluepill_f103c8/libea7/libcocoOS_5.0.3.a(os_event.o)
                0x0000000008003118                os_event_init
 .text.os_init  0x0000000008003124       0x34 .pioenvs/bluepill_f103c8/libea7/libcocoOS_5.0.3.a(os_kernel.o)
                0x0000000008003124                os_init
 .text.os_msgQ_init
                0x0000000008003158       0x24 .pioenvs/bluepill_f103c8/libea7/libcocoOS_5.0.3.a(os_msgqueue.o)
                0x0000000008003158                os_msgQ_init
 .text.os_sem_init
                0x000000000800317c        0xc .pioenvs/bluepill_f103c8/libea7/libcocoOS_5.0.3.a(os_sem.o)
                0x000000000800317c                os_sem_init
 .text.os_task_init
                0x0000000008003188       0x40 .pioenvs/bluepill_f103c8/libea7/libcocoOS_5.0.3.a(os_task.o)
                0x0000000008003188                os_task_init
 .text._ZN5codal3_cm3Pin14setAnalogValueEi
                0x00000000080031c8       0x1c .pioenvs/bluepill_f103c8/lib739/libcm.a(CmPin.o)
                0x00000000080031c8                codal::_cm::Pin::setAnalogValue(int)
 .text._ZN5codal3_cm3Pin13setServoValueEiii
                0x00000000080031e4       0x2c .pioenvs/bluepill_f103c8/lib739/libcm.a(CmPin.o)
                0x00000000080031e4                codal::_cm::Pin::setServoValue(int, int, int)
 .text._ZN5codal3_cm3Pin9isTouchedEv
                0x0000000008003210        0x8 .pioenvs/bluepill_f103c8/lib739/libcm.a(CmPin.o)
                0x0000000008003210                codal::_cm::Pin::isTouched()
 .text._ZN5codal3_cm3Pin17getAnalogPeriodUsEv
                0x0000000008003218        0x8 .pioenvs/bluepill_f103c8/lib739/libcm.a(CmPin.o)
                0x0000000008003218                codal::_cm::Pin::getAnalogPeriodUs()
 .text._ZN5codal3_cm3Pin15setDigitalValueEi
                0x0000000008003220       0x80 .pioenvs/bluepill_f103c8/lib739/libcm.a(CmPin.o)
                0x0000000008003220                codal::_cm::Pin::setDigitalValue(int)
 .text._ZN5codal3_cm3PinC2EhmmtNS_13PinCapabilityE
                0x00000000080032a0       0x2c .pioenvs/bluepill_f103c8/lib739/libcm.a(CmPin.o)
                0x00000000080032a0                codal::_cm::Pin::Pin(unsigned char, unsigned long, unsigned long, unsigned short, codal::PinCapability)
                0x00000000080032a0                codal::_cm::Pin::Pin(unsigned char, unsigned long, unsigned long, unsigned short, codal::PinCapability)
 .text._ZL10timer_tickv
                0x00000000080032cc       0x10 .pioenvs/bluepill_f103c8/lib739/libcm.a(codal_target_hal.o)
 .text._Z25stm32bluepill_dmesg_flushv
                0x00000000080032dc       0x38 .pioenvs/bluepill_f103c8/lib739/libcm.a(codal_target_hal.o)
                0x00000000080032dc                stm32bluepill_dmesg_flush()
 .text.target_set_tick_callback
                0x0000000008003314        0xc .pioenvs/bluepill_f103c8/lib739/libcm.a(codal_target_hal.o)
                0x0000000008003314                target_set_tick_callback
 .text.target_init
                0x0000000008003320       0x34 .pioenvs/bluepill_f103c8/lib739/libcm.a(codal_target_hal.o)
                0x0000000008003320                target_init
 .text.target_wait
                0x0000000008003354       0x24 .pioenvs/bluepill_f103c8/lib739/libcm.a(codal_target_hal.o)
                0x0000000008003354                target_wait
 .text.target_panic
                0x0000000008003378       0x20 .pioenvs/bluepill_f103c8/lib739/libcm.a(codal_target_hal.o)
                0x0000000008003378                target_panic
 .text.fiber_initial_stack_base
                0x0000000008003398        0x8 .pioenvs/bluepill_f103c8/lib739/libcm.a(codal_target_hal.o)
                0x0000000008003398                fiber_initial_stack_base
 .text.test_codal
                0x00000000080033a0       0x70 .pioenvs/bluepill_f103c8/lib739/libcm.a(codal_target_hal.o)
                0x00000000080033a0                test_codal
 .text._ZN5codal14CodalComponent4initEv
                0x0000000008003410        0x8 .pioenvs/bluepill_f103c8/lib271/libbluepill.a(STM32BluePill.o)
                0x0000000008003410                codal::CodalComponent::init()
 .text._ZN5codal14CodalComponentD2Ev
                0x0000000008003418       0x18 .pioenvs/bluepill_f103c8/lib271/libbluepill.a(STM32BluePill.o)
                0x0000000008003418                codal::CodalComponent::~CodalComponent()
                0x0000000008003418                codal::CodalComponent::~CodalComponent()
 .text._ZN5codal13STM32BluePill4initEv
                0x0000000008003430       0x4c .pioenvs/bluepill_f103c8/lib271/libbluepill.a(STM32BluePill.o)
                0x0000000008003430                codal::STM32BluePill::init()
 .text._ZN5codal13STM32BluePillC2Ev
                0x000000000800347c       0x98 .pioenvs/bluepill_f103c8/lib271/libbluepill.a(STM32BluePill.o)
                0x000000000800347c                codal::STM32BluePill::STM32BluePill()
                0x000000000800347c                codal::STM32BluePill::STM32BluePill()
 .text._ZN5codal13STM32BluePillD2Ev
                0x0000000008003514       0x40 .pioenvs/bluepill_f103c8/lib271/libbluepill.a(STM32BluePill.o)
                0x0000000008003514                codal::STM32BluePill::~STM32BluePill()
                0x0000000008003514                codal::STM32BluePill::~STM32BluePill()
 .text._ZN5codal15STM32BluePillIOC2Ev
                0x0000000008003554      0xaf0 .pioenvs/bluepill_f103c8/lib271/libbluepill.a(STM32BluePillIO.o)
                0x0000000008003554                codal::STM32BluePillIO::STM32BluePillIO()
                0x0000000008003554                codal::STM32BluePillIO::STM32BluePillIO()
 .text.platform_setup
                0x0000000008004044       0x4c .pioenvs/bluepill_f103c8/lib271/libbluepill.a(bluepill.o)
                0x0000000008004044                platform_setup
 .text.enable_debug
                0x0000000008004090       0x10 .pioenvs/bluepill_f103c8/lib271/libbluepill.a(bluepill.o)
                0x0000000008004090                enable_debug
 .text.led_setup
                0x00000000080040a0       0x20 .pioenvs/bluepill_f103c8/lib271/libbluepill.a(led.o)
                0x00000000080040a0                led_setup
 .text.led_on   0x00000000080040c0       0x10 .pioenvs/bluepill_f103c8/lib271/libbluepill.a(led.o)
                0x00000000080040c0                led_on
 .text.led_off  0x00000000080040d0       0x10 .pioenvs/bluepill_f103c8/lib271/libbluepill.a(led.o)
                0x00000000080040d0                led_off
 .text.led_wait
                0x00000000080040e0       0x10 .pioenvs/bluepill_f103c8/lib271/libbluepill.a(led.o)
                0x00000000080040e0                led_wait
 .text.platform_start_timer
                0x00000000080040f0      0x100 .pioenvs/bluepill_f103c8/lib271/libbluepill.a(timer.o)
                0x00000000080040f0                platform_start_timer
 .text.rtc_isr  0x00000000080041f0       0x40 .pioenvs/bluepill_f103c8/lib271/libbluepill.a(timer.o)
                0x00000000080041f0                rtc_isr
 .text.rtc_alarm_isr
                0x0000000008004230       0x20 .pioenvs/bluepill_f103c8/lib271/libbluepill.a(timer.o)
                0x0000000008004230                rtc_alarm_isr
 .text.platform_alarm_count
                0x0000000008004250        0xc .pioenvs/bluepill_f103c8/lib271/libbluepill.a(timer.o)
                0x0000000008004250                platform_alarm_count
 .text.usart2_isr
                0x000000000800425c       0x50 .pioenvs/bluepill_f103c8/lib33e/libuartint.a(uartint.o)
                0x000000000800425c                usart2_isr
 .text.startup._GLOBAL__sub_I__ZN13UARTInterfaceC2Ejj
                0x00000000080042ac       0x10 .pioenvs/bluepill_f103c8/lib33e/libuartint.a(uartint.o)
 .text          0x00000000080042bc      0x378 /Users/Luppy/.platformio/packages/toolchain-gccarmnoneeabi/bin/../lib/gcc/arm-none-eabi/7.2.1/thumb/v7-m/libgcc.a(_arm_addsubdf3.o)
                0x00000000080042bc                __aeabi_drsub
                0x00000000080042c4                __subdf3
                0x00000000080042c4                __aeabi_dsub
                0x00000000080042c8                __aeabi_dadd
                0x00000000080042c8                __adddf3
                0x0000000008004540                __aeabi_ui2d
                0x0000000008004540                __floatunsidf
                0x0000000008004560                __floatsidf
                0x0000000008004560                __aeabi_i2d
                0x0000000008004584                __extendsfdf2
                0x0000000008004584                __aeabi_f2d
                0x00000000080045c8                __aeabi_ul2d
                0x00000000080045c8                __floatundidf
                0x00000000080045d8                __aeabi_l2d
                0x00000000080045d8                __floatdidf
 .text          0x0000000008004634      0x424 /Users/Luppy/.platformio/packages/toolchain-gccarmnoneeabi/bin/../lib/gcc/arm-none-eabi/7.2.1/thumb/v7-m/libgcc.a(_arm_muldivdf3.o)
                0x0000000008004634                __aeabi_dmul
                0x0000000008004634                __muldf3
                0x0000000008004888                __aeabi_ddiv
                0x0000000008004888                __divdf3
 .text          0x0000000008004a58      0x110 /Users/Luppy/.platformio/packages/toolchain-gccarmnoneeabi/bin/../lib/gcc/arm-none-eabi/7.2.1/thumb/v7-m/libgcc.a(_arm_cmpdf2.o)
                0x0000000008004a58                __gedf2
                0x0000000008004a58                __gtdf2
                0x0000000008004a60                __ledf2
                0x0000000008004a60                __ltdf2
                0x0000000008004a68                __cmpdf2
                0x0000000008004a68                __eqdf2
                0x0000000008004a68                __nedf2
                0x0000000008004ae4                __aeabi_cdrcmple
                0x0000000008004af4                __aeabi_cdcmple
                0x0000000008004af4                __aeabi_cdcmpeq
                0x0000000008004b04                __aeabi_dcmpeq
                0x0000000008004b18                __aeabi_dcmplt
                0x0000000008004b2c                __aeabi_dcmple
                0x0000000008004b40                __aeabi_dcmpge
                0x0000000008004b54                __aeabi_dcmpgt
 .text          0x0000000008004b68       0x2c /Users/Luppy/.platformio/packages/toolchain-gccarmnoneeabi/bin/../lib/gcc/arm-none-eabi/7.2.1/thumb/v7-m/libgcc.a(_arm_unorddf2.o)
                0x0000000008004b68                __aeabi_dcmpun
                0x0000000008004b68                __unorddf2
 .text          0x0000000008004b94       0x50 /Users/Luppy/.platformio/packages/toolchain-gccarmnoneeabi/bin/../lib/gcc/arm-none-eabi/7.2.1/thumb/v7-m/libgcc.a(_arm_fixdfsi.o)
                0x0000000008004b94                __fixdfsi
                0x0000000008004b94                __aeabi_d2iz
 .text          0x0000000008004be4       0xa0 /Users/Luppy/.platformio/packages/toolchain-gccarmnoneeabi/bin/../lib/gcc/arm-none-eabi/7.2.1/thumb/v7-m/libgcc.a(_arm_truncdfsf2.o)
                0x0000000008004be4                __aeabi_d2f
                0x0000000008004be4                __truncdfsf2
 .text          0x0000000008004c84      0x21c /Users/Luppy/.platformio/packages/toolchain-gccarmnoneeabi/bin/../lib/gcc/arm-none-eabi/7.2.1/thumb/v7-m/libgcc.a(_arm_addsubsf3.o)
                0x0000000008004c84                __aeabi_frsub
                0x0000000008004c8c                __aeabi_fsub
                0x0000000008004c8c                __subsf3
                0x0000000008004c90                __aeabi_fadd
                0x0000000008004c90                __addsf3
                0x0000000008004df0                __aeabi_ui2f
                0x0000000008004df0                __floatunsisf
                0x0000000008004df8                __floatsisf
                0x0000000008004df8                __aeabi_i2f
                0x0000000008004e14                __aeabi_ul2f
                0x0000000008004e14                __floatundisf
                0x0000000008004e24                __aeabi_l2f
                0x0000000008004e24                __floatdisf
 .text          0x0000000008004ea0      0x2a0 /Users/Luppy/.platformio/packages/toolchain-gccarmnoneeabi/bin/../lib/gcc/arm-none-eabi/7.2.1/thumb/v7-m/libgcc.a(_arm_muldivsf3.o)
                0x0000000008004ea0                __mulsf3
                0x0000000008004ea0                __aeabi_fmul
                0x0000000008005008                __divsf3
                0x0000000008005008                __aeabi_fdiv
 .text          0x0000000008005140       0xec /Users/Luppy/.platformio/packages/toolchain-gccarmnoneeabi/bin/../lib/gcc/arm-none-eabi/7.2.1/thumb/v7-m/libgcc.a(_arm_cmpsf2.o)
                0x0000000008005140                __gesf2
                0x0000000008005140                __gtsf2
                0x0000000008005148                __ltsf2
                0x0000000008005148                __lesf2
                0x0000000008005150                __nesf2
                0x0000000008005150                __eqsf2
                0x0000000008005150                __cmpsf2
                0x00000000080051b0                __aeabi_cfrcmple
                0x00000000080051b8                __aeabi_cfcmpeq
                0x00000000080051b8                __aeabi_cfcmple
                0x00000000080051c8                __aeabi_fcmpeq
                0x00000000080051dc                __aeabi_fcmplt
                0x00000000080051f0                __aeabi_fcmple
                0x0000000008005204                __aeabi_fcmpge
                0x0000000008005218                __aeabi_fcmpgt
 .text.rcc_osc_on.part.0
                0x000000000800522c       0x10 .pioenvs/bluepill_f103c8/libFrameworkLibOpenCM3.a(rcc.o)
 .text.rcc_wait_for_osc_ready
                0x000000000800523c       0x64 .pioenvs/bluepill_f103c8/libFrameworkLibOpenCM3.a(rcc.o)
                0x000000000800523c                rcc_wait_for_osc_ready
 .text.rcc_osc_on
                0x00000000080052a0       0x54 .pioenvs/bluepill_f103c8/libFrameworkLibOpenCM3.a(rcc.o)
                0x00000000080052a0                rcc_osc_on
 .text.rcc_set_sysclk_source
                0x00000000080052f4       0x14 .pioenvs/bluepill_f103c8/libFrameworkLibOpenCM3.a(rcc.o)
                0x00000000080052f4                rcc_set_sysclk_source
 .text.rcc_set_pll_multiplication_factor
                0x0000000008005308       0x14 .pioenvs/bluepill_f103c8/libFrameworkLibOpenCM3.a(rcc.o)
                0x0000000008005308                rcc_set_pll_multiplication_factor
 .text.rcc_set_pll_source
                0x000000000800531c       0x14 .pioenvs/bluepill_f103c8/libFrameworkLibOpenCM3.a(rcc.o)
                0x000000000800531c                rcc_set_pll_source
 .text.rcc_set_pllxtpre
                0x0000000008005330       0x14 .pioenvs/bluepill_f103c8/libFrameworkLibOpenCM3.a(rcc.o)
                0x0000000008005330                rcc_set_pllxtpre
 .text.rcc_enable_rtc_clock
                0x0000000008005344       0x10 .pioenvs/bluepill_f103c8/libFrameworkLibOpenCM3.a(rcc.o)
                0x0000000008005344                rcc_enable_rtc_clock
 .text.rcc_set_rtc_clock_source
                0x0000000008005354       0x90 .pioenvs/bluepill_f103c8/libFrameworkLibOpenCM3.a(rcc.o)
                0x0000000008005354                rcc_set_rtc_clock_source
 .text.rcc_set_adcpre
                0x00000000080053e4       0x14 .pioenvs/bluepill_f103c8/libFrameworkLibOpenCM3.a(rcc.o)
                0x00000000080053e4                rcc_set_adcpre
 .text.rcc_set_ppre2
                0x00000000080053f8       0x14 .pioenvs/bluepill_f103c8/libFrameworkLibOpenCM3.a(rcc.o)
                0x00000000080053f8                rcc_set_ppre2
 .text.rcc_set_ppre1
                0x000000000800540c       0x14 .pioenvs/bluepill_f103c8/libFrameworkLibOpenCM3.a(rcc.o)
                0x000000000800540c                rcc_set_ppre1
 .text.rcc_set_hpre
                0x0000000008005420       0x14 .pioenvs/bluepill_f103c8/libFrameworkLibOpenCM3.a(rcc.o)
                0x0000000008005420                rcc_set_hpre
 .text.rcc_clock_setup_in_hse_8mhz_out_72mhz
                0x0000000008005434       0x8c .pioenvs/bluepill_f103c8/libFrameworkLibOpenCM3.a(rcc.o)
                0x0000000008005434                rcc_clock_setup_in_hse_8mhz_out_72mhz
 .text.rtc_enter_config_mode
                0x00000000080054c0       0x18 .pioenvs/bluepill_f103c8/libFrameworkLibOpenCM3.a(rtc.o)
                0x00000000080054c0                rtc_enter_config_mode
 .text.rtc_exit_config_mode
                0x00000000080054d8       0x18 .pioenvs/bluepill_f103c8/libFrameworkLibOpenCM3.a(rtc.o)
                0x00000000080054d8                rtc_exit_config_mode
 .text.rtc_awake_from_off
                0x00000000080054f0       0x6c .pioenvs/bluepill_f103c8/libFrameworkLibOpenCM3.a(rtc.o)
                0x00000000080054f0                rtc_awake_from_off
 .text.rtc_set_alarm_time
                0x000000000800555c       0x20 .pioenvs/bluepill_f103c8/libFrameworkLibOpenCM3.a(rtc.o)
                0x000000000800555c                rtc_set_alarm_time
 .text.rtc_set_prescale_val
                0x000000000800557c       0x20 .pioenvs/bluepill_f103c8/libFrameworkLibOpenCM3.a(rtc.o)
                0x000000000800557c                rtc_set_prescale_val
 .text.rtc_get_counter_val
                0x000000000800559c       0x14 .pioenvs/bluepill_f103c8/libFrameworkLibOpenCM3.a(rtc.o)
                0x000000000800559c                rtc_get_counter_val
 .text.rtc_set_counter_val
                0x00000000080055b0       0x1c .pioenvs/bluepill_f103c8/libFrameworkLibOpenCM3.a(rtc.o)
                0x00000000080055b0                rtc_set_counter_val
 .text.rtc_interrupt_enable
                0x00000000080055cc       0x3c .pioenvs/bluepill_f103c8/libFrameworkLibOpenCM3.a(rtc.o)
                0x00000000080055cc                rtc_interrupt_enable
 .text.rtc_interrupt_disable
                0x0000000008005608       0x3c .pioenvs/bluepill_f103c8/libFrameworkLibOpenCM3.a(rtc.o)
                0x0000000008005608                rtc_interrupt_disable
 .text.rtc_clear_flag
                0x0000000008005644       0x30 .pioenvs/bluepill_f103c8/libFrameworkLibOpenCM3.a(rtc.o)
                0x0000000008005644                rtc_clear_flag
 .text.rtc_check_flag
                0x0000000008005674       0x30 .pioenvs/bluepill_f103c8/libFrameworkLibOpenCM3.a(rtc.o)
                0x0000000008005674                rtc_check_flag
 .text.pwr_disable_backup_domain_write_protect
                0x00000000080056a4       0x10 .pioenvs/bluepill_f103c8/libFrameworkLibOpenCM3.a(pwr_common_all.o)
                0x00000000080056a4                pwr_disable_backup_domain_write_protect
 .text.exti_set_trigger
                0x00000000080056b4       0x3c .pioenvs/bluepill_f103c8/libFrameworkLibOpenCM3.a(exti_common_all.o)
                0x00000000080056b4                exti_set_trigger
 .text.exti_enable_request
                0x00000000080056f0       0x14 .pioenvs/bluepill_f103c8/libFrameworkLibOpenCM3.a(exti_common_all.o)
                0x00000000080056f0                exti_enable_request
 .text.exti_reset_request
                0x0000000008005704        0xc .pioenvs/bluepill_f103c8/libFrameworkLibOpenCM3.a(exti_common_all.o)
                0x0000000008005704                exti_reset_request
 .text.flash_set_ws
                0x0000000008005710       0x14 .pioenvs/bluepill_f103c8/libFrameworkLibOpenCM3.a(flash_common_f01.o)
                0x0000000008005710                flash_set_ws
 .text.reset_handler
                0x0000000008005724       0x90 .pioenvs/bluepill_f103c8/libFrameworkLibOpenCM3.a(vector.o)
                0x0000000008005724                reset_handler
 .text._Z18component_callbackN5codal5EventE
                0x00000000080057b4       0x58 .pioenvs/bluepill_f103c8/lib3e7/libcodal-core.a(CodalComponent.o)
                0x00000000080057b4                component_callback(codal::Event)
 .text._ZN5codal14CodalComponent12addComponentEv
                0x000000000800580c       0x70 .pioenvs/bluepill_f103c8/lib3e7/libcodal-core.a(CodalComponent.o)
                0x000000000800580c                codal::CodalComponent::addComponent()
 .text._ZN5codal14CodalComponent15removeComponentEv
                0x000000000800587c       0x20 .pioenvs/bluepill_f103c8/lib3e7/libcodal-core.a(CodalComponent.o)
                0x000000000800587c                codal::CodalComponent::removeComponent()
 .text.codal_dmesg_set_flush_fn
                0x000000000800589c        0xc .pioenvs/bluepill_f103c8/lib3e7/libcodal-core.a(CodalDmesg.o)
                0x000000000800589c                codal_dmesg_set_flush_fn
 .text.codal_dmesg_flush
                0x00000000080058a8       0x10 .pioenvs/bluepill_f103c8/lib3e7/libcodal-core.a(CodalDmesg.o)
                0x00000000080058a8                codal_dmesg_flush
 .text._ZN5codal6SerialC2ERNS_3PinES2_hht
                0x00000000080058b8       0x5c .pioenvs/bluepill_f103c8/lib3e7/libcodal-core.a(Serial.o)
                0x00000000080058b8                codal::Serial::Serial(codal::Pin&, codal::Pin&, unsigned char, unsigned char, unsigned short)
                0x00000000080058b8                codal::Serial::Serial(codal::Pin&, codal::Pin&, unsigned char, unsigned char, unsigned short)
 .text._ZN5codal6SerialD2Ev
                0x0000000008005914       0x1c .pioenvs/bluepill_f103c8/lib3e7/libcodal-core.a(Serial.o)
                0x0000000008005914                codal::Serial::~Serial()
                0x0000000008005914                codal::Serial::~Serial()
 .text._ZN5codal10EventModel4sendENS_5EventE
                0x0000000008005930       0x14 .pioenvs/bluepill_f103c8/lib3e7/libcodal-core.a(MessageBus.o)
                0x0000000008005930                codal::EventModel::send(codal::Event)
 .text._ZN5codal10EventModel3addEPNS_8ListenerE
                0x0000000008005944        0x8 .pioenvs/bluepill_f103c8/lib3e7/libcodal-core.a(MessageBus.o)
                0x0000000008005944                codal::EventModel::add(codal::Listener*)
 .text._ZN5codal10EventModel6removeEPNS_8ListenerE
                0x000000000800594c        0x8 .pioenvs/bluepill_f103c8/lib3e7/libcodal-core.a(MessageBus.o)
                0x000000000800594c                codal::EventModel::remove(codal::Listener*)
 .text._ZN5codal10MessageBus6removeEPNS_8ListenerE
                0x0000000008005954       0x70 .pioenvs/bluepill_f103c8/lib3e7/libcodal-core.a(MessageBus.o)
                0x0000000008005954                codal::MessageBus::remove(codal::Listener*)
 .text._ZN5codal10MessageBus3addEPNS_8ListenerE
                0x00000000080059c4       0xbc .pioenvs/bluepill_f103c8/lib3e7/libcodal-core.a(MessageBus.o)
                0x00000000080059c4                codal::MessageBus::add(codal::Listener*)
 .text._ZN5codal10MessageBusD2Ev
                0x0000000008005a80       0x78 .pioenvs/bluepill_f103c8/lib3e7/libcodal-core.a(MessageBus.o)
                0x0000000008005a80                codal::MessageBus::~MessageBus()
                0x0000000008005a80                codal::MessageBus::~MessageBus()
 .text._ZN5codal10MessageBusC2Ev
                0x0000000008005af8       0xa8 .pioenvs/bluepill_f103c8/lib3e7/libcodal-core.a(MessageBus.o)
                0x0000000008005af8                codal::MessageBus::MessageBus()
                0x0000000008005af8                codal::MessageBus::MessageBus()
 .text._ZN5codal10MessageBus7processERNS_5EventEb
                0x0000000008005ba0       0x84 .pioenvs/bluepill_f103c8/lib3e7/libcodal-core.a(MessageBus.o)
                0x0000000008005ba0                codal::MessageBus::process(codal::Event&, bool)
 .text._ZN5codal19allocateNotifyEventEv
                0x0000000008005c24       0x10 .pioenvs/bluepill_f103c8/lib3e7/libcodal-core.a(MessageBus.o)
                0x0000000008005c24                codal::allocateNotifyEvent()
 .text._ZN5codal13ManagedStringC2EPKcs
                0x0000000008005c34       0x34 .pioenvs/bluepill_f103c8/lib3e7/libcodal-core.a(ManagedString.o)
                0x0000000008005c34                codal::ManagedString::ManagedString(char const*, short)
                0x0000000008005c34                codal::ManagedString::ManagedString(char const*, short)
 .text._ZN5codal13ManagedStringC2Ev
                0x0000000008005c68        0xc .pioenvs/bluepill_f103c8/lib3e7/libcodal-core.a(ManagedString.o)
                0x0000000008005c68                codal::ManagedString::ManagedString()
                0x0000000008005c68                codal::ManagedString::ManagedString()
 .text.startup._GLOBAL__sub_I__ZN5codal13ManagedString9initEmptyEv
                0x0000000008005c74       0x2c .pioenvs/bluepill_f103c8/lib3e7/libcodal-core.a(ManagedString.o)
 .text          0x0000000008005ca0      0x4c8 .pioenvs/bluepill_f103c8/libf85/libqfplib.a(qfplib.o)
                0x0000000008005d68                qfp_fsub
                0x0000000008005d6e                qfp_fadd
                0x0000000008005db0                qfp_fcmp
                0x0000000008005dcc                qfp_fmul
                0x0000000008005ddc                qfp_fdiv
                0x0000000008005e1e                qfp_fdiv_fast
                0x0000000008005e6e                qfp_fsqrt_fast
                0x0000000008005ee4                qfp_float2int
                0x0000000008005ee6                qfp_float2fix
                0x0000000008005f0e                qfp_float2uint
                0x0000000008005f10                qfp_float2ufix
                0x0000000008005f2a                qfp_int2float
                0x0000000008005f2c                qfp_fix2float
                0x0000000008005f36                qfp_uint2float
                0x0000000008005f38                qfp_ufix2float
                0x0000000008005fce                qfp_fsin
                0x0000000008006010                qfp_fcos
                0x000000000800601a                qfp_ftan
                0x0000000008006022                qfp_fexp
                0x0000000008006052                qfp_fsqrt
                0x000000000800608c                qfp_fln
                0x00000000080060b0                qfp_fatan2
 .text._ZN5codal3_cm3I2CC2ERNS_3PinES3_
                0x0000000008006168       0x1c .pioenvs/bluepill_f103c8/lib739/libcm.a(CmI2C.o)
                0x0000000008006168                codal::_cm::I2C::I2C(codal::Pin&, codal::Pin&)
                0x0000000008006168                codal::_cm::I2C::I2C(codal::Pin&, codal::Pin&)
 .text._ZN5codal3_cm3SPI4initEv
                0x0000000008006184       0x5c .pioenvs/bluepill_f103c8/lib739/libcm.a(CmSPI.o)
                0x0000000008006184                codal::_cm::SPI::init()
 .text._ZN5codal3_cm3SPIC2ERNS0_3PinES3_S3_S3_
                0x00000000080061e0       0x9c .pioenvs/bluepill_f103c8/lib739/libcm.a(CmSPI.o)
                0x00000000080061e0                codal::_cm::SPI::SPI(codal::_cm::Pin&, codal::_cm::Pin&, codal::_cm::Pin&, codal::_cm::Pin&)
                0x00000000080061e0                codal::_cm::SPI::SPI(codal::_cm::Pin&, codal::_cm::Pin&, codal::_cm::Pin&, codal::_cm::Pin&)
 .text._ZN5codal3_cm6SerialD2Ev
                0x000000000800627c       0x14 .pioenvs/bluepill_f103c8/lib739/libcm.a(CmSerial.o)
                0x000000000800627c                codal::_cm::Serial::~Serial()
                0x000000000800627c                codal::_cm::Serial::~Serial()
 .text._ZN5codal3_cm6SerialC2ERNS0_3PinES3_hh
                0x0000000008006290       0x4c .pioenvs/bluepill_f103c8/lib739/libcm.a(CmSerial.o)
                0x0000000008006290                codal::_cm::Serial::Serial(codal::_cm::Pin&, codal::_cm::Pin&, unsigned char, unsigned char)
                0x0000000008006290                codal::_cm::Serial::Serial(codal::_cm::Pin&, codal::_cm::Pin&, unsigned char, unsigned char)
 .text._ZN5codal3_cm13tick_callbackEv
                0x00000000080062dc       0x10 .pioenvs/bluepill_f103c8/lib739/libcm.a(CmTimer.o)
                0x00000000080062dc                codal::_cm::tick_callback()
 .text._ZN5codal3_cm5Timer4initEv
                0x00000000080062ec       0x18 .pioenvs/bluepill_f103c8/lib739/libcm.a(CmTimer.o)
                0x00000000080062ec                codal::_cm::Timer::init()
 .text._ZN5codal3_cm5TimerC2Ev
                0x0000000008006304       0x28 .pioenvs/bluepill_f103c8/lib739/libcm.a(CmTimer.o)
                0x0000000008006304                codal::_cm::Timer::Timer()
                0x0000000008006304                codal::_cm::Timer::Timer()
 .text.pinmap_peripheral
                0x000000000800632c       0x30 .pioenvs/bluepill_f103c8/lib739/libcm.a(CmPinMap.o)
                0x000000000800632c                pinmap_peripheral
 .text.pinmap_mode
                0x000000000800635c       0x2c .pioenvs/bluepill_f103c8/lib739/libcm.a(CmPinMap.o)
                0x000000000800635c                pinmap_mode
 .text.pinmap_cnf
                0x0000000008006388       0x2c .pioenvs/bluepill_f103c8/lib739/libcm.a(CmPinMap.o)
                0x0000000008006388                pinmap_cnf
 .text._ZN5codal3I2CC2ERNS_3PinES2_
                0x00000000080063b4        0xc .pioenvs/bluepill_f103c8/lib3e7/libcodal-core.a(I2C.o)
                0x00000000080063b4                codal::I2C::I2C(codal::Pin&, codal::Pin&)
                0x00000000080063b4                codal::I2C::I2C(codal::Pin&, codal::Pin&)
 .text._Z10Blink_mainRN5codal13STM32BluePillE
                0x00000000080063c0       0x30 .pioenvs/bluepill_f103c8/src/main.o
                0x00000000080063c0                Blink_main(codal::STM32BluePill&)
 .text.startup.main
                0x00000000080063f0       0x26 .pioenvs/bluepill_f103c8/src/main.o
                0x00000000080063f0                main
 .text.unity_output_char
                0x0000000008006416        0x6 .pioenvs/bluepill_f103c8/src/unit_test.o
                0x0000000008006416                unity_output_char
 .text.strlen   0x000000000800641c       0x10 .pioenvs/bluepill_f103c8/lib98a/libnewlib.a(strlen.o)
                0x000000000800641c                strlen
 .text.strncat  0x000000000800642c       0x28 .pioenvs/bluepill_f103c8/lib98a/libnewlib.a(strncat.o)
                0x000000000800642c                strncat
 .text.debug_write
                0x0000000008006454       0x16 .pioenvs/bluepill_f103c8/libd9b/liblogger.a(logger.o)
                0x0000000008006454                debug_write
 .text.debug_print
                0x000000000800646a       0x1a .pioenvs/bluepill_f103c8/libd9b/liblogger.a(logger.o)
                0x000000000800646a                debug_print
 .text.debug_printhex
                0x0000000008006484       0x42 .pioenvs/bluepill_f103c8/libd9b/liblogger.a(logger.o)
                0x0000000008006484                debug_printhex
 .text.debug_printhex_unsigned
                0x00000000080064c6       0x24 .pioenvs/bluepill_f103c8/libd9b/liblogger.a(logger.o)
                0x00000000080064c6                debug_printhex_unsigned
 .text._ZN5codal11queue_fiberEPNS_5FiberEPS1_
                0x00000000080064ea       0x2e .pioenvs/bluepill_f103c8/lib3e7/libcodal-core.a(CodalFiber.o)
                0x00000000080064ea                codal::queue_fiber(codal::Fiber*, codal::Fiber**)
 .text._ZN5codal13dequeue_fiberEPNS_5FiberE
                0x0000000008006518       0x34 .pioenvs/bluepill_f103c8/lib3e7/libcodal-core.a(CodalFiber.o)
                0x0000000008006518                codal::dequeue_fiber(codal::Fiber*)
 .text._ZN5codal12create_fiberEPFvPvES0_S2_
                0x000000000800654c       0x1e .pioenvs/bluepill_f103c8/lib3e7/libcodal-core.a(CodalFiber.o)
                0x000000000800654c                codal::create_fiber(void (*)(void*), void*, void (*)(void*))
 .text._ZN5codal20fiber_wait_for_eventEtt
                0x000000000800656a       0x12 .pioenvs/bluepill_f103c8/lib3e7/libcodal-core.a(CodalFiber.o)
                0x000000000800656a                codal::fiber_wait_for_event(unsigned short, unsigned short)
 .text._ZN5codal16launch_new_fiberEPFvvES1_
                0x000000000800657c       0x10 .pioenvs/bluepill_f103c8/lib3e7/libcodal-core.a(CodalFiber.o)
                0x000000000800657c                codal::launch_new_fiber(void (*)(), void (*)())
 .text._ZN5codal13release_fiberEPv
                0x000000000800658c       0x12 .pioenvs/bluepill_f103c8/lib3e7/libcodal-core.a(CodalFiber.o)
                0x000000000800658c                codal::release_fiber(void*)
 .text._ZN5codal22launch_new_fiber_paramEPFvPvES2_S0_
                0x000000000800659e       0x1a .pioenvs/bluepill_f103c8/lib3e7/libcodal-core.a(CodalFiber.o)
                0x000000000800659e                codal::launch_new_fiber_param(void (*)(void*), void (*)(void*), void*)
 .text._ZN5codal9idle_taskEv
                0x00000000080065b8        0xc .pioenvs/bluepill_f103c8/lib3e7/libcodal-core.a(CodalFiber.o)
                0x00000000080065b8                codal::idle_task()
 .text._Z16device_malloc_injR14HeapDefinition
                0x00000000080065c4       0x84 .pioenvs/bluepill_f103c8/lib3e7/libcodal-core.a(CodalHeapAllocator.o)
                0x00000000080065c4                device_malloc_in(unsigned int, HeapDefinition&)
 .text._ZN5codal8ListenerC2EttPFvNS_5EventEEt
                0x0000000008006648       0x28 .pioenvs/bluepill_f103c8/lib3e7/libcodal-core.a(CodalListener.o)
                0x0000000008006648                codal::Listener::Listener(unsigned short, unsigned short, void (*)(codal::Event), unsigned short)
                0x0000000008006648                codal::Listener::Listener(unsigned short, unsigned short, void (*)(codal::Event), unsigned short)
 .text._ZN5codal8ListenerD2Ev
                0x0000000008006670       0x14 .pioenvs/bluepill_f103c8/lib3e7/libcodal-core.a(CodalListener.o)
                0x0000000008006670                codal::Listener::~Listener()
                0x0000000008006670                codal::Listener::~Listener()
 .text._ZN5codal8Listener5queueENS_5EventE
                0x0000000008006684       0x5c .pioenvs/bluepill_f103c8/lib3e7/libcodal-core.a(CodalListener.o)
                0x0000000008006684                codal::Listener::queue(codal::Event)
 .text._ZN5codal5Timer17disableInterruptsEv
                0x00000000080066e0        0xa .pioenvs/bluepill_f103c8/lib3e7/libcodal-core.a(Timer.o)
                0x00000000080066e0                codal::Timer::disableInterrupts()
 .text._ZN5codal5Timer16enableInterruptsEv
                0x00000000080066ea        0xa .pioenvs/bluepill_f103c8/lib3e7/libcodal-core.a(Timer.o)
                0x00000000080066ea                codal::Timer::enableInterrupts()
 .text._ZN5codal5Timer13getTimerEventEv
                0x00000000080066f4       0x22 .pioenvs/bluepill_f103c8/lib3e7/libcodal-core.a(Timer.o)
                0x00000000080066f4                codal::Timer::getTimerEvent()
 .text._ZN5codal5Timer17releaseTimerEventEPNS_10TimerEventE
                0x0000000008006716        0xe .pioenvs/bluepill_f103c8/lib3e7/libcodal-core.a(Timer.o)
                0x0000000008006716                codal::Timer::releaseTimerEvent(codal::TimerEvent*)
 .text._ZN5codal5Timer7getTimeEv
                0x0000000008006724        0xe .pioenvs/bluepill_f103c8/lib3e7/libcodal-core.a(Timer.o)
                0x0000000008006724                codal::Timer::getTime()
 .text._ZN5codal5Timer9getTimeUsEv
                0x0000000008006732        0xe .pioenvs/bluepill_f103c8/lib3e7/libcodal-core.a(Timer.o)
                0x0000000008006732                codal::Timer::getTimeUs()
 .text._ZN5codal5Timer8setEventEmttb
                0x0000000008006740       0x66 .pioenvs/bluepill_f103c8/lib3e7/libcodal-core.a(Timer.o)
                0x0000000008006740                codal::Timer::setEvent(unsigned long, unsigned short, unsigned short, bool)
 .text._ZN5codal5Timer12eventEveryUsEmtt
                0x00000000080067a6        0xe .pioenvs/bluepill_f103c8/lib3e7/libcodal-core.a(Timer.o)
                0x00000000080067a6                codal::Timer::eventEveryUs(unsigned long, unsigned short, unsigned short)
 .text._ZN5codal5Timer4syncEm
                0x00000000080067b4       0x24 .pioenvs/bluepill_f103c8/lib3e7/libcodal-core.a(Timer.o)
                0x00000000080067b4                codal::Timer::sync(unsigned long)
 .text._ZN5codal5Timer7triggerEv
                0x00000000080067d8       0x92 .pioenvs/bluepill_f103c8/lib3e7/libcodal-core.a(Timer.o)
                0x00000000080067d8                codal::Timer::trigger()
 .text._ZN5codal5TimerD2Ev
                0x000000000800686a        0x2 .pioenvs/bluepill_f103c8/lib3e7/libcodal-core.a(Timer.o)
                0x000000000800686a                codal::Timer::~Timer()
                0x000000000800686a                codal::Timer::~Timer()
 .text._ZN5codal5EventC2Ev
                0x000000000800686c       0x12 .pioenvs/bluepill_f103c8/lib3e7/libcodal-core.a(Event.o)
                0x000000000800686c                codal::Event::Event()
                0x000000000800686c                codal::Event::Event()
 .text._ZN5codal5EventC2EttNS_15EventLaunchModeE
                0x000000000800687e       0x1c .pioenvs/bluepill_f103c8/lib3e7/libcodal-core.a(Event.o)
                0x000000000800687e                codal::Event::Event(unsigned short, unsigned short, codal::EventLaunchMode)
                0x000000000800687e                codal::Event::Event(unsigned short, unsigned short, codal::EventLaunchMode)
 .text._ZN5codal5EventC2EttmNS_15EventLaunchModeE
                0x000000000800689a       0x18 .pioenvs/bluepill_f103c8/lib3e7/libcodal-core.a(Event.o)
                0x000000000800689a                codal::Event::Event(unsigned short, unsigned short, unsigned long, codal::EventLaunchMode)
                0x000000000800689a                codal::Event::Event(unsigned short, unsigned short, unsigned long, codal::EventLaunchMode)
 .text._ZN5codal14EventQueueItemC2ENS_5EventE
                0x00000000080068b2       0x20 .pioenvs/bluepill_f103c8/lib3e7/libcodal-core.a(Event.o)
                0x00000000080068b2                codal::EventQueueItem::EventQueueItem(codal::Event)
                0x00000000080068b2                codal::EventQueueItem::EventQueueItem(codal::Event)
 .text.UnityFloatsWithin
                0x00000000080068d2       0xe4 .pioenvs/bluepill_f103c8/libfdb/libunity.a(unity.o)
 .text.UnityDoublesWithin
                0x00000000080069b6      0x11c .pioenvs/bluepill_f103c8/libfdb/libunity.a(unity.o)
 .text.setUp    0x0000000008006ad2        0x2 .pioenvs/bluepill_f103c8/libfdb/libunity.a(unity.o)
                0x0000000008006ad2                setUp
 .text.tearDown
                0x0000000008006ad4        0x2 .pioenvs/bluepill_f103c8/libfdb/libunity.a(unity.o)
                0x0000000008006ad4                tearDown
 .text.UnityPrintNumberUnsigned
                0x0000000008006ad6       0x34 .pioenvs/bluepill_f103c8/libfdb/libunity.a(unity.o)
                0x0000000008006ad6                UnityPrintNumberUnsigned
 .text.UnityPrintNumber
                0x0000000008006b0a       0x18 .pioenvs/bluepill_f103c8/libfdb/libunity.a(unity.o)
                0x0000000008006b0a                UnityPrintNumber
 .text.UnityPrintNumberHex
                0x0000000008006b22       0x2e .pioenvs/bluepill_f103c8/libfdb/libunity.a(unity.o)
                0x0000000008006b22                UnityPrintNumberHex
 .text.UnityPrint.part.0
                0x0000000008006b50       0x4c .pioenvs/bluepill_f103c8/libfdb/libunity.a(unity.o)
 .text.UnityPrint
                0x0000000008006b9c        0x8 .pioenvs/bluepill_f103c8/libfdb/libunity.a(unity.o)
                0x0000000008006b9c                UnityPrint
 .text._ZN5codal3Pin15setServoPulseUsEm
                0x0000000008006ba4        0x6 .pioenvs/bluepill_f103c8/lib739/libcm.a(CmPin.o)
                0x0000000008006ba4                codal::Pin::setServoPulseUs(unsigned long)
 .text._ZN5codal3Pin17setAnalogPeriodUsEm
                0x0000000008006baa        0x6 .pioenvs/bluepill_f103c8/lib739/libcm.a(CmPin.o)
                0x0000000008006baa                codal::Pin::setAnalogPeriodUs(unsigned long)
 .text._ZN5codal3Pin8drainPinEv
                0x0000000008006bb0        0x6 .pioenvs/bluepill_f103c8/lib739/libcm.a(CmPin.o)
                0x0000000008006bb0                codal::Pin::drainPin()
 .text._ZN5codal3_cm3Pin15getDigitalValueEv
                0x0000000008006bb6        0x4 .pioenvs/bluepill_f103c8/lib739/libcm.a(CmPin.o)
                0x0000000008006bb6                codal::_cm::Pin::getDigitalValue()
 .text._ZN5codal3_cm3Pin15getDigitalValueENS_8PullModeE
                0x0000000008006bba       0x16 .pioenvs/bluepill_f103c8/lib739/libcm.a(CmPin.o)
                0x0000000008006bba                codal::_cm::Pin::getDigitalValue(codal::PullMode)
 .text._ZN5codal3_cm3Pin14getAnalogValueEv
                0x0000000008006bd0        0x4 .pioenvs/bluepill_f103c8/lib739/libcm.a(CmPin.o)
                0x0000000008006bd0                codal::_cm::Pin::getAnalogValue()
 .text._ZN5codal3_cm3Pin7isInputEv
                0x0000000008006bd4        0xe .pioenvs/bluepill_f103c8/lib739/libcm.a(CmPin.o)
                0x0000000008006bd4                codal::_cm::Pin::isInput()
 .text._ZN5codal3_cm3Pin8isOutputEv
                0x0000000008006be2        0xe .pioenvs/bluepill_f103c8/lib739/libcm.a(CmPin.o)
                0x0000000008006be2                codal::_cm::Pin::isOutput()
 .text._ZN5codal3_cm3Pin9isDigitalEv
                0x0000000008006bf0        0xc .pioenvs/bluepill_f103c8/lib739/libcm.a(CmPin.o)
                0x0000000008006bf0                codal::_cm::Pin::isDigital()
 .text._ZN5codal3_cm3Pin8isAnalogEv
                0x0000000008006bfc        0xe .pioenvs/bluepill_f103c8/lib739/libcm.a(CmPin.o)
                0x0000000008006bfc                codal::_cm::Pin::isAnalog()
 .text._ZN5codal3_cm3Pin15getAnalogPeriodEv
                0x0000000008006c0a       0x12 .pioenvs/bluepill_f103c8/lib739/libcm.a(CmPin.o)
                0x0000000008006c0a                codal::_cm::Pin::getAnalogPeriod()
 .text._ZN5codal3_cm3Pin7setPullENS_8PullModeE
                0x0000000008006c1c        0x6 .pioenvs/bluepill_f103c8/lib739/libcm.a(CmPin.o)
                0x0000000008006c1c                codal::_cm::Pin::setPull(codal::PullMode)
 .text._ZN5codal3_cm3Pin5setupEhh
                0x0000000008006c22       0x1e .pioenvs/bluepill_f103c8/lib739/libcm.a(CmPin.o)
                0x0000000008006c22                codal::_cm::Pin::setup(unsigned char, unsigned char)
 .text._ZN5codal3_cm3Pin17setAnalogPeriodUsEi
                0x0000000008006c40       0x12 .pioenvs/bluepill_f103c8/lib739/libcm.a(CmPin.o)
                0x0000000008006c40                codal::_cm::Pin::setAnalogPeriodUs(int)
 .text._ZN5codal3_cm3Pin15setAnalogPeriodEi
                0x0000000008006c52        0xa .pioenvs/bluepill_f103c8/lib739/libcm.a(CmPin.o)
                0x0000000008006c52                codal::_cm::Pin::setAnalogPeriod(int)
 .text._ZN5codal3_cm3Pin13disableEventsEv
                0x0000000008006c5c       0x10 .pioenvs/bluepill_f103c8/lib739/libcm.a(CmPin.o)
                0x0000000008006c5c                codal::_cm::Pin::disableEvents()
 .text._ZN5codal3_cm3Pin7eventOnEi
                0x0000000008006c6c       0x26 .pioenvs/bluepill_f103c8/lib739/libcm.a(CmPin.o)
                0x0000000008006c6c                codal::_cm::Pin::eventOn(int)
 .text.target_enable_debug
                0x0000000008006c92        0x4 .pioenvs/bluepill_f103c8/lib739/libcm.a(codal_target_hal.o)
                0x0000000008006c92                target_enable_debug
 .text.target_enable_irq
                0x0000000008006c96        0x4 .pioenvs/bluepill_f103c8/lib739/libcm.a(codal_target_hal.o)
                0x0000000008006c96                target_enable_irq
 .text.target_disable_irq
                0x0000000008006c9a        0x4 .pioenvs/bluepill_f103c8/lib739/libcm.a(codal_target_hal.o)
                0x0000000008006c9a                target_disable_irq
 .text.target_wait_for_event
                0x0000000008006c9e        0xa .pioenvs/bluepill_f103c8/lib739/libcm.a(codal_target_hal.o)
                0x0000000008006c9e                target_wait_for_event
 .text.tcb_allocate
                0x0000000008006ca8        0x6 .pioenvs/bluepill_f103c8/lib739/libcm.a(codal_target_hal.o)
                0x0000000008006ca8                tcb_allocate
 .text.tcb_configure_lr
                0x0000000008006cae        0x4 .pioenvs/bluepill_f103c8/lib739/libcm.a(codal_target_hal.o)
                0x0000000008006cae                tcb_configure_lr
 .text.tcb_configure_sp
                0x0000000008006cb2        0x4 .pioenvs/bluepill_f103c8/lib739/libcm.a(codal_target_hal.o)
                0x0000000008006cb2                tcb_configure_sp
 .text.tcb_configure_stack_base
                0x0000000008006cb6        0x4 .pioenvs/bluepill_f103c8/lib739/libcm.a(codal_target_hal.o)
                0x0000000008006cb6                tcb_configure_stack_base
 .text.tcb_get_stack_base
                0x0000000008006cba        0x4 .pioenvs/bluepill_f103c8/lib739/libcm.a(codal_target_hal.o)
                0x0000000008006cba                tcb_get_stack_base
 .text.get_current_sp
                0x0000000008006cbe        0x4 .pioenvs/bluepill_f103c8/lib739/libcm.a(codal_target_hal.o)
                0x0000000008006cbe                get_current_sp
 .text.tcb_get_sp
                0x0000000008006cc2        0x4 .pioenvs/bluepill_f103c8/lib739/libcm.a(codal_target_hal.o)
                0x0000000008006cc2                tcb_get_sp
 .text.tcb_configure_args
                0x0000000008006cc6        0x8 .pioenvs/bluepill_f103c8/lib739/libcm.a(codal_target_hal.o)
                0x0000000008006cc6                tcb_configure_args
 .text._fini    0x0000000008006cce        0x2 .pioenvs/bluepill_f103c8/lib739/libcm.a(codal_target_hal.o)
                0x0000000008006cce                _fini
 .text.__aeabi_atexit
                0x0000000008006cd0        0x4 .pioenvs/bluepill_f103c8/lib739/libcm.a(codal_target_hal.o)
                0x0000000008006cd0                __aeabi_atexit
 .text._ZN5codal14CodalComponent16periodicCallbackEv
                0x0000000008006cd4        0x2 .pioenvs/bluepill_f103c8/lib271/libbluepill.a(STM32BluePill.o)
                0x0000000008006cd4                codal::CodalComponent::periodicCallback()
 .text._ZN5codal14CodalComponent12idleCallbackEv
                0x0000000008006cd6        0x2 .pioenvs/bluepill_f103c8/lib271/libbluepill.a(STM32BluePill.o)
                0x0000000008006cd6                codal::CodalComponent::idleCallback()
 .text._ZN5codal13STM32BluePill16periodicCallbackEv
                0x0000000008006cd8        0x2 .pioenvs/bluepill_f103c8/lib271/libbluepill.a(STM32BluePill.o)
                0x0000000008006cd8                codal::STM32BluePill::periodicCallback()
 .text._ZN5codal14CodalComponentD0Ev
                0x0000000008006cda       0x12 .pioenvs/bluepill_f103c8/lib271/libbluepill.a(STM32BluePill.o)
                0x0000000008006cda                codal::CodalComponent::~CodalComponent()
 .text._ZN5codal13STM32BluePill12idleCallbackEv
                0x0000000008006cec        0x4 .pioenvs/bluepill_f103c8/lib271/libbluepill.a(STM32BluePill.o)
                0x0000000008006cec                codal::STM32BluePill::idleCallback()
 .text._ZN5codal13STM32BluePillD0Ev
                0x0000000008006cf0       0x12 .pioenvs/bluepill_f103c8/lib271/libbluepill.a(STM32BluePill.o)
                0x0000000008006cf0                codal::STM32BluePill::~STM32BluePill()
 .text.__cxa_pure_virtual
                0x0000000008006d02        0x8 .pioenvs/bluepill_f103c8/lib271/libbluepill.a(bluepill.o)
                0x0000000008006d02                __cxa_pure_virtual
 .text._Znwj    0x0000000008006d0a        0x4 .pioenvs/bluepill_f103c8/lib271/libbluepill.a(bluepill.o)
                0x0000000008006d0a                operator new(unsigned int)
 .text._ZdlPv   0x0000000008006d0e        0x4 .pioenvs/bluepill_f103c8/lib271/libbluepill.a(bluepill.o)
                0x0000000008006d0e                operator delete(void*)
 .text.millis   0x0000000008006d12        0x4 .pioenvs/bluepill_f103c8/lib271/libbluepill.a(timer.o)
                0x0000000008006d12                millis
 .text._ZN13UARTInterfaceC2Ejj
                0x0000000008006d16        0x2 .pioenvs/bluepill_f103c8/lib33e/libuartint.a(uartint.o)
                0x0000000008006d16                UARTInterface::UARTInterface(unsigned int, unsigned int)
                0x0000000008006d16                UARTInterface::UARTInterface(unsigned int, unsigned int)
 .text.gpio_set_mode
                0x0000000008006d18       0x62 .pioenvs/bluepill_f103c8/libFrameworkLibOpenCM3.a(gpio.o)
                0x0000000008006d18                gpio_set_mode
 .text.gpio_set
                0x0000000008006d7a        0x4 .pioenvs/bluepill_f103c8/libFrameworkLibOpenCM3.a(gpio_common_all.o)
                0x0000000008006d7a                gpio_set
 .text.gpio_clear
                0x0000000008006d7e        0x6 .pioenvs/bluepill_f103c8/libFrameworkLibOpenCM3.a(gpio_common_all.o)
                0x0000000008006d7e                gpio_clear
 .text.usart_recv
                0x0000000008006d84        0x8 .pioenvs/bluepill_f103c8/libFrameworkLibOpenCM3.a(usart_common_f124.o)
                0x0000000008006d84                usart_recv
 .text.rcc_periph_clock_enable
                0x0000000008006d8c       0x1a .pioenvs/bluepill_f103c8/libFrameworkLibOpenCM3.a(rcc_common_all.o)
                0x0000000008006d8c                rcc_periph_clock_enable
 .text.blocking_handler
                0x0000000008006da6        0x2 .pioenvs/bluepill_f103c8/libFrameworkLibOpenCM3.a(vector.o)
                0x0000000008006da6                exti0_isr
                0x0000000008006da6                tim7_isr
                0x0000000008006da6                adc1_2_isr
                0x0000000008006da6                tim1_trg_com_isr
                0x0000000008006da6                usb_hp_can_tx_isr
                0x0000000008006da6                tim6_isr
                0x0000000008006da6                usb_wakeup_isr
                0x0000000008006da6                blocking_handler
                0x0000000008006da6                tim5_isr
                0x0000000008006da6                otg_fs_isr
                0x0000000008006da6                spi1_isr
                0x0000000008006da6                exti2_isr
                0x0000000008006da6                dma1_channel6_isr
                0x0000000008006da6                can_rx1_isr
                0x0000000008006da6                dma1_channel5_isr
                0x0000000008006da6                dma2_channel5_isr
                0x0000000008006da6                usart1_isr
                0x0000000008006da6                usage_fault_handler
                0x0000000008006da6                tim8_trg_com_isr
                0x0000000008006da6                can2_rx0_isr
                0x0000000008006da6                tim1_brk_isr
                0x0000000008006da6                can2_rx1_isr
                0x0000000008006da6                tim1_cc_isr
                0x0000000008006da6                sdio_isr
                0x0000000008006da6                eth_isr
                0x0000000008006da6                dma1_channel4_isr
                0x0000000008006da6                tim8_brk_isr
                0x0000000008006da6                dma2_channel4_5_isr
                0x0000000008006da6                pvd_isr
                0x0000000008006da6                rcc_isr
                0x0000000008006da6                flash_isr
                0x0000000008006da6                uart4_isr
                0x0000000008006da6                exti15_10_isr
                0x0000000008006da6                hard_fault_handler
                0x0000000008006da6                exti1_isr
                0x0000000008006da6                i2c1_ev_isr
                0x0000000008006da6                dma2_channel1_isr
                0x0000000008006da6                spi2_isr
                0x0000000008006da6                tim8_up_isr
                0x0000000008006da6                dma2_channel2_isr
                0x0000000008006da6                exti3_isr
                0x0000000008006da6                adc3_isr
                0x0000000008006da6                tim3_isr
                0x0000000008006da6                usb_lp_can_rx0_isr
                0x0000000008006da6                i2c2_er_isr
                0x0000000008006da6                i2c2_ev_isr
                0x0000000008006da6                uart5_isr
                0x0000000008006da6                fsmc_isr
                0x0000000008006da6                dma1_channel1_isr
                0x0000000008006da6                exti4_isr
                0x0000000008006da6                mem_manage_handler
                0x0000000008006da6                can2_tx_isr
                0x0000000008006da6                exti9_5_isr
                0x0000000008006da6                dma2_channel3_isr
                0x0000000008006da6                dma1_channel7_isr
                0x0000000008006da6                tim1_up_isr
                0x0000000008006da6                can2_sce_isr
                0x0000000008006da6                tim4_isr
                0x0000000008006da6                dma1_channel2_isr
                0x0000000008006da6                i2c1_er_isr
                0x0000000008006da6                can_sce_isr
                0x0000000008006da6                tim8_cc_isr
                0x0000000008006da6                tamper_isr
                0x0000000008006da6                eth_wkup_isr
                0x0000000008006da6                bus_fault_handler
                0x0000000008006da6                wwdg_isr
                0x0000000008006da6                dma1_channel3_isr
                0x0000000008006da6                spi3_isr
                0x0000000008006da6                tim2_isr
                0x0000000008006da6                usart3_isr
 .text.null_handler
                0x0000000008006da8        0x2 .pioenvs/bluepill_f103c8/libFrameworkLibOpenCM3.a(vector.o)
                0x0000000008006da8                null_handler
                0x0000000008006da8                sv_call_handler
                0x0000000008006da8                pend_sv_handler
                0x0000000008006da8                debug_monitor_handler
                0x0000000008006da8                sys_tick_handler
                0x0000000008006da8                nmi_handler
 .text.nvic_enable_irq
                0x0000000008006daa       0x1a .pioenvs/bluepill_f103c8/libFrameworkLibOpenCM3.a(nvic.o)
                0x0000000008006daa                nvic_enable_irq
 .text.memcpy   0x0000000008006dc4       0x1c .pioenvs/bluepill_f103c8/lib98a/libnewlib.a(memcpy.o)
                0x0000000008006dc4                memcpy
 .text.memset   0x0000000008006de0       0x10 .pioenvs/bluepill_f103c8/lib98a/libnewlib.a(memset.o)
                0x0000000008006de0                memset
 .text._ZN5codal14string_reverseEPc
                0x0000000008006df0       0x2a .pioenvs/bluepill_f103c8/lib3e7/libcodal-core.a(CodalCompat.o)
                0x0000000008006df0                codal::string_reverse(char*)
 .text._ZN5codal4itoaEiPc
                0x0000000008006e1a       0x50 .pioenvs/bluepill_f103c8/lib3e7/libcodal-core.a(CodalCompat.o)
                0x0000000008006e1a                codal::itoa(int, char*)
 .text._ZN5codal6Serial12initialiseRxEv
                0x0000000008006e6a       0x4c .pioenvs/bluepill_f103c8/lib3e7/libcodal-core.a(Serial.o)
                0x0000000008006e6a                codal::Serial::initialiseRx()
 .text._ZN5codal6Serial12circularCopyEPhhS1_tt
                0x0000000008006eb6       0x26 .pioenvs/bluepill_f103c8/lib3e7/libcodal-core.a(Serial.o)
                0x0000000008006eb6                codal::Serial::circularCopy(unsigned char*, unsigned char, unsigned char*, unsigned short, unsigned short)
 .text._ZN5codal6Serial7eventOnENS_13ManagedStringENS_10SerialModeE
                0x0000000008006edc       0x26 .pioenvs/bluepill_f103c8/lib3e7/libcodal-core.a(Serial.o)
                0x0000000008006edc                codal::Serial::eventOn(codal::ManagedString, codal::SerialMode)
 .text._ZN5codal6Serial9readUntilENS_13ManagedStringENS_10SerialModeE
                0x0000000008006f02      0x1a6 .pioenvs/bluepill_f103c8/lib3e7/libcodal-core.a(Serial.o)
                0x0000000008006f02                codal::Serial::readUntil(codal::ManagedString, codal::SerialMode)
 .text._ZN5codal10MessageBus9elementAtEi
                0x00000000080070a8       0x10 .pioenvs/bluepill_f103c8/lib3e7/libcodal-core.a(MessageBus.o)
                0x00000000080070a8                codal::MessageBus::elementAt(int)
 .text._ZN5codal22MemberFunctionCallback10methodCallINS_10MessageBusEEEvPvPmNS_5EventE
                0x00000000080070b8       0x30 .pioenvs/bluepill_f103c8/lib3e7/libcodal-core.a(MessageBus.o)
                0x00000000080070b8                void codal::MemberFunctionCallback::methodCall<codal::MessageBus>(void*, unsigned long*, codal::Event)
 .text._Z14async_callbackPv
                0x00000000080070e8       0x7c .pioenvs/bluepill_f103c8/lib3e7/libcodal-core.a(MessageBus.o)
                0x00000000080070e8                async_callback(void*)
 .text._ZThn8_N5codal10MessageBusD1Ev
                0x0000000008007164        0x8 .pioenvs/bluepill_f103c8/lib3e7/libcodal-core.a(MessageBus.o)
                0x0000000008007164                non-virtual thunk to codal::MessageBus::~MessageBus()
 .text._ZN5codal10MessageBusD0Ev
                0x000000000800716c       0x12 .pioenvs/bluepill_f103c8/lib3e7/libcodal-core.a(MessageBus.o)
                0x000000000800716c                codal::MessageBus::~MessageBus()
 .text._ZThn8_N5codal10MessageBusD0Ev
                0x000000000800717e        0x8 .pioenvs/bluepill_f103c8/lib3e7/libcodal-core.a(MessageBus.o)
                0x000000000800717e                non-virtual thunk to codal::MessageBus::~MessageBus()
 .text._ZN5codal10MessageBus12dequeueEventEv
                0x0000000008007186       0x22 .pioenvs/bluepill_f103c8/lib3e7/libcodal-core.a(MessageBus.o)
                0x0000000008007186                codal::MessageBus::dequeueEvent()
 .text._ZN5codal10MessageBus21deleteMarkedListenersEv
                0x00000000080071a8       0x42 .pioenvs/bluepill_f103c8/lib3e7/libcodal-core.a(MessageBus.o)
                0x00000000080071a8                codal::MessageBus::deleteMarkedListeners()
 .text._ZN5codal10MessageBus10queueEventERNS_5EventE
                0x00000000080071ea       0x5e .pioenvs/bluepill_f103c8/lib3e7/libcodal-core.a(MessageBus.o)
                0x00000000080071ea                codal::MessageBus::queueEvent(codal::Event&)
 .text._ZN5codal10MessageBus4sendENS_5EventE
                0x0000000008007248       0x16 .pioenvs/bluepill_f103c8/lib3e7/libcodal-core.a(MessageBus.o)
                0x0000000008007248                codal::MessageBus::send(codal::Event)
 .text._ZN5codal10MessageBus4idleENS_5EventE
                0x000000000800725e       0x34 .pioenvs/bluepill_f103c8/lib3e7/libcodal-core.a(MessageBus.o)
                0x000000000800725e                codal::MessageBus::idle(codal::Event)
 .text._ZN5codal13ManagedStringD2Ev
                0x0000000008007292        0xe .pioenvs/bluepill_f103c8/lib3e7/libcodal-core.a(ManagedString.o)
                0x0000000008007292                codal::ManagedString::~ManagedString()
                0x0000000008007292                codal::ManagedString::~ManagedString()
 .text._ZN5codal13ManagedString10initStringEPKci
                0x00000000080072a0       0x2e .pioenvs/bluepill_f103c8/lib3e7/libcodal-core.a(ManagedString.o)
                0x00000000080072a0                codal::ManagedString::initString(char const*, int)
 .text._ZN5codal13ManagedStringC2Ei
                0x00000000080072ce       0x22 .pioenvs/bluepill_f103c8/lib3e7/libcodal-core.a(ManagedString.o)
                0x00000000080072ce                codal::ManagedString::ManagedString(int)
                0x00000000080072ce                codal::ManagedString::ManagedString(int)
 .text._ZN5codal13ManagedStringC2ERKS0_
                0x00000000080072f0       0x10 .pioenvs/bluepill_f103c8/lib3e7/libcodal-core.a(ManagedString.o)
                0x00000000080072f0                codal::ManagedString::ManagedString(codal::ManagedString const&)
                0x00000000080072f0                codal::ManagedString::ManagedString(codal::ManagedString const&)
 .text._ZN5codal13ManagedStringaSERKS0_
                0x0000000008007300       0x1e .pioenvs/bluepill_f103c8/lib3e7/libcodal-core.a(ManagedString.o)
                0x0000000008007300                codal::ManagedString::operator=(codal::ManagedString const&)
 .text._ZN5codal13ManagedString6charAtEs
                0x000000000800731e       0x18 .pioenvs/bluepill_f103c8/lib3e7/libcodal-core.a(ManagedString.o)
                0x000000000800731e                codal::ManagedString::charAt(short)
 .text._ZL16isReadOnlyInlinePN5codal10RefCountedE
                0x0000000008007336       0x22 .pioenvs/bluepill_f103c8/lib3e7/libcodal-core.a(RefCounted.o)
 .text._ZN5codal10RefCounted4incrEv
                0x0000000008007358       0x12 .pioenvs/bluepill_f103c8/lib3e7/libcodal-core.a(RefCounted.o)
                0x0000000008007358                codal::RefCounted::incr()
 .text._ZN5codal10RefCounted4decrEv
                0x000000000800736a       0x22 .pioenvs/bluepill_f103c8/lib3e7/libcodal-core.a(RefCounted.o)
                0x000000000800736a                codal::RefCounted::decr()
 .text._ZN5codal10RefCounted7destroyEv
                0x000000000800738c        0x4 .pioenvs/bluepill_f103c8/lib3e7/libcodal-core.a(RefCountedInit.o)
                0x000000000800738c                codal::RefCounted::destroy()
 .text._ZN5codal10RefCounted4initEv
                0x0000000008007390        0x6 .pioenvs/bluepill_f103c8/lib3e7/libcodal-core.a(RefCountedInit.o)
                0x0000000008007390                codal::RefCounted::init()
 .text._ZN5codal22MemberFunctionCallback4fireENS_5EventE
                0x0000000008007396       0x18 .pioenvs/bluepill_f103c8/lib3e7/libcodal-core.a(MemberFunctionCallback.o)
                0x0000000008007396                codal::MemberFunctionCallback::fire(codal::Event)
 .text._ZN5codal22MemberFunctionCallbackeqERKS0_
                0x00000000080073ae       0x20 .pioenvs/bluepill_f103c8/lib3e7/libcodal-core.a(MemberFunctionCallback.o)
                0x00000000080073ae                codal::MemberFunctionCallback::operator==(codal::MemberFunctionCallback const&)
 .text._ZN5codal3_cm3I2C12setFrequencyEm
                0x00000000080073ce        0x4 .pioenvs/bluepill_f103c8/lib739/libcm.a(CmI2C.o)
                0x00000000080073ce                codal::_cm::I2C::setFrequency(unsigned long)
 .text._ZN5codal3_cm3I2C5writeEtPhib
                0x00000000080073d2        0x4 .pioenvs/bluepill_f103c8/lib739/libcm.a(CmI2C.o)
                0x00000000080073d2                codal::_cm::I2C::read(unsigned short, unsigned char*, int, bool)
                0x00000000080073d2                codal::_cm::I2C::write(unsigned short, unsigned char*, int, bool)
 .text._ZN5codal3_cm3I2C12readRegisterEthPhib
                0x00000000080073d6        0x4 .pioenvs/bluepill_f103c8/lib739/libcm.a(CmI2C.o)
                0x00000000080073d6                codal::_cm::I2C::readRegister(unsigned short, unsigned char, unsigned char*, int, bool)
 .text._ZN5codal3_cm3SPI12setFrequencyEm
                0x00000000080073da        0xc .pioenvs/bluepill_f103c8/lib739/libcm.a(CmSPI.o)
                0x00000000080073da                codal::_cm::SPI::setFrequency(unsigned long)
 .text._ZN5codal3_cm3SPI5writeEi
                0x00000000080073e6        0xe .pioenvs/bluepill_f103c8/lib739/libcm.a(CmSPI.o)
                0x00000000080073e6                codal::_cm::SPI::write(int)
 .text._ZN5codal3_cm3SPI8transferEPKhmPhm
                0x00000000080073f4        0x4 .pioenvs/bluepill_f103c8/lib739/libcm.a(CmSPI.o)
                0x00000000080073f4                codal::_cm::SPI::transfer(unsigned char const*, unsigned long, unsigned char*, unsigned long)
 .text._ZN5codal3_cm3SPI7setModeEii
                0x00000000080073f8       0x18 .pioenvs/bluepill_f103c8/lib739/libcm.a(CmSPI.o)
                0x00000000080073f8                codal::_cm::SPI::setMode(int, int)
 .text._ZN5codal3_cm16_codal_setup_pinEPNS0_3PinEmPK6PinMap
                0x0000000008007410       0x54 .pioenvs/bluepill_f103c8/lib739/libcm.a(CmSPI.o)
                0x0000000008007410                codal::_cm::_codal_setup_pin(codal::_cm::Pin*, unsigned long, PinMap const*)
 .text._ZN5codal3_cm3SPI13startTransferEPKhmPhmPFvPvES5_
                0x0000000008007464       0x28 .pioenvs/bluepill_f103c8/lib739/libcm.a(CmSPI.o)
                0x0000000008007464                codal::_cm::SPI::startTransfer(unsigned char const*, unsigned long, unsigned char*, unsigned long, void (*)(void*), void*)
 .text._ZN5codal3_cm6Serial15enableInterruptENS_19SerialInterruptTypeE
                0x000000000800748c        0x4 .pioenvs/bluepill_f103c8/lib739/libcm.a(CmSerial.o)
                0x000000000800748c                codal::_cm::Serial::enableInterrupt(codal::SerialInterruptType)
 .text._ZN5codal3_cm6Serial16disableInterruptENS_19SerialInterruptTypeE
                0x0000000008007490        0x4 .pioenvs/bluepill_f103c8/lib739/libcm.a(CmSerial.o)
                0x0000000008007490                codal::_cm::Serial::disableInterrupt(codal::SerialInterruptType)
 .text._ZN5codal3_cm6Serial11setBaudrateEm
                0x0000000008007494        0x4 .pioenvs/bluepill_f103c8/lib739/libcm.a(CmSerial.o)
                0x0000000008007494                codal::_cm::Serial::setBaudrate(unsigned long)
 .text._ZN5codal3_cm6Serial13configurePinsERNS_3PinES3_
                0x0000000008007498        0x4 .pioenvs/bluepill_f103c8/lib739/libcm.a(CmSerial.o)
                0x0000000008007498                codal::_cm::Serial::configurePins(codal::Pin&, codal::Pin&)
 .text._ZN5codal3_cm6Serial4putcEc
                0x000000000800749c        0x4 .pioenvs/bluepill_f103c8/lib739/libcm.a(CmSerial.o)
                0x000000000800749c                codal::_cm::Serial::putc(char)
 .text._ZN5codal3_cm6Serial4getcEv
                0x00000000080074a0        0x6 .pioenvs/bluepill_f103c8/lib739/libcm.a(CmSerial.o)
                0x00000000080074a0                codal::_cm::Serial::getc()
 .text._ZN5codal3_cm6SerialD0Ev
                0x00000000080074a6       0x12 .pioenvs/bluepill_f103c8/lib739/libcm.a(CmSerial.o)
                0x00000000080074a6                codal::_cm::Serial::~Serial()
 .text._ZN5codal3_cm6Serial12initialiseRxEv
                0x00000000080074b8       0x38 .pioenvs/bluepill_f103c8/lib739/libcm.a(CmSerial.o)
                0x00000000080074b8                codal::_cm::Serial::initialiseRx()
 .text._ZN5codal3_cm6Serial12circularCopyEPhhS2_tt
                0x00000000080074f0       0x26 .pioenvs/bluepill_f103c8/lib739/libcm.a(CmSerial.o)
                0x00000000080074f0                codal::_cm::Serial::circularCopy(unsigned char*, unsigned char, unsigned char*, unsigned short, unsigned short)
 .text._ZN5codal3_cm6Serial7eventOnENS_13ManagedStringENS_10SerialModeE
                0x0000000008007516       0x24 .pioenvs/bluepill_f103c8/lib739/libcm.a(CmSerial.o)
                0x0000000008007516                codal::_cm::Serial::eventOn(codal::ManagedString, codal::SerialMode)
 .text._ZN5codal3_cm6Serial9readUntilENS_13ManagedStringENS_10SerialModeE
                0x000000000800753a      0x1a6 .pioenvs/bluepill_f103c8/lib739/libcm.a(CmSerial.o)
                0x000000000800753a                codal::_cm::Serial::readUntil(codal::ManagedString, codal::SerialMode)
 .text._ZN5codal3_cm5Timer9triggerInEm
                0x00000000080076e0        0x2 .pioenvs/bluepill_f103c8/lib739/libcm.a(CmTimer.o)
                0x00000000080076e0                codal::_cm::Timer::triggerIn(unsigned long)
 .text._ZN5codal3_cm5Timer11syncRequestEv
                0x00000000080076e2       0x26 .pioenvs/bluepill_f103c8/lib739/libcm.a(CmTimer.o)
                0x00000000080076e2                codal::_cm::Timer::syncRequest()
 .text.memcmp   0x0000000008007708       0x1e .pioenvs/bluepill_f103c8/lib98a/libnewlib.a(memcmp.o)
                0x0000000008007708                memcmp
 .text._ZN5codal3I2C12setFrequencyEm
                0x0000000008007726        0x6 .pioenvs/bluepill_f103c8/lib3e7/libcodal-core.a(I2C.o)
                0x0000000008007726                codal::I2C::setFrequency(unsigned long)
 .text._ZN5codal3I2C5startEv
                0x000000000800772c        0x6 .pioenvs/bluepill_f103c8/lib3e7/libcodal-core.a(I2C.o)
                0x000000000800772c                codal::I2C::stop()
                0x000000000800772c                codal::I2C::start()
 .text._ZN5codal3I2C5writeEh
                0x0000000008007732        0x6 .pioenvs/bluepill_f103c8/lib3e7/libcodal-core.a(I2C.o)
                0x0000000008007732                codal::I2C::read(codal::AcknowledgeType)
                0x0000000008007732                codal::I2C::write(unsigned char)
 .text._ZN5codal3I2C13writeRegisterEthh
                0x0000000008007738       0x1c .pioenvs/bluepill_f103c8/lib3e7/libcodal-core.a(I2C.o)
                0x0000000008007738                codal::I2C::writeRegister(unsigned short, unsigned char, unsigned char)
 .text._ZN5codal3I2C5writeEtPhib
                0x0000000008007754       0x50 .pioenvs/bluepill_f103c8/lib3e7/libcodal-core.a(I2C.o)
                0x0000000008007754                codal::I2C::write(unsigned short, unsigned char*, int, bool)
 .text._ZN5codal3I2C4readEtPhib
                0x00000000080077a4       0x64 .pioenvs/bluepill_f103c8/lib3e7/libcodal-core.a(I2C.o)
                0x00000000080077a4                codal::I2C::read(unsigned short, unsigned char*, int, bool)
 .text._ZN5codal3I2C5writeEth
                0x0000000008007808       0x1c .pioenvs/bluepill_f103c8/lib3e7/libcodal-core.a(I2C.o)
                0x0000000008007808                codal::I2C::write(unsigned short, unsigned char)
 .text._ZN5codal3I2C12readRegisterEthPhib
                0x0000000008007824       0x42 .pioenvs/bluepill_f103c8/lib3e7/libcodal-core.a(I2C.o)
                0x0000000008007824                codal::I2C::readRegister(unsigned short, unsigned char, unsigned char*, int, bool)
                0x0000000008007868                . = ALIGN (0x4)
 *fill*         0x0000000008007866        0x2 
 *(SORT_BY_ALIGNMENT(.rodata*))
 .rodata._ZTVN5codal5TimerE
                0x0000000008007868       0x18 .pioenvs/bluepill_f103c8/lib3e7/libcodal-core.a(Timer.o)
                0x0000000008007868                vtable for codal::Timer
 .rodata._ZTVN5codal3_cm3PinE
                0x0000000008007880       0x54 .pioenvs/bluepill_f103c8/lib739/libcm.a(CmPin.o)
                0x0000000008007880                vtable for codal::_cm::Pin
 .rodata._ZTVN5codal14CodalComponentE
                0x00000000080078d4       0x1c .pioenvs/bluepill_f103c8/lib271/libbluepill.a(STM32BluePill.o)
                0x00000000080078d4                vtable for codal::CodalComponent
 .rodata._ZTVN5codal13STM32BluePillE
                0x00000000080078f0       0x1c .pioenvs/bluepill_f103c8/lib271/libbluepill.a(STM32BluePill.o)
                0x00000000080078f0                vtable for codal::STM32BluePill
 .rodata.PinMap_SPI_MISO
                0x000000000800790c       0x48 .pioenvs/bluepill_f103c8/lib271/libbluepill.a(STM32BluePillIO.o)
                0x000000000800790c                PinMap_SPI_MISO
 .rodata.PinMap_SPI_MOSI
                0x0000000008007954       0x48 .pioenvs/bluepill_f103c8/lib271/libbluepill.a(STM32BluePillIO.o)
                0x0000000008007954                PinMap_SPI_MOSI
 .rodata.PinMap_SPI_NSS
                0x000000000800799c       0x48 .pioenvs/bluepill_f103c8/lib271/libbluepill.a(STM32BluePillIO.o)
                0x000000000800799c                PinMap_SPI_NSS
 .rodata.PinMap_SPI_SCK
                0x00000000080079e4       0x48 .pioenvs/bluepill_f103c8/lib271/libbluepill.a(STM32BluePillIO.o)
                0x00000000080079e4                PinMap_SPI_SCK
 .rodata._ZTVN5codal6SerialE
                0x0000000008007a2c       0x38 .pioenvs/bluepill_f103c8/lib3e7/libcodal-core.a(Serial.o)
                0x0000000008007a2c                vtable for codal::Serial
 .rodata._ZTVN5codal10EventModelE
                0x0000000008007a64       0x14 .pioenvs/bluepill_f103c8/lib3e7/libcodal-core.a(MessageBus.o)
                0x0000000008007a64                vtable for codal::EventModel
 .rodata._ZTVN5codal10MessageBusE
                0x0000000008007a78       0x3c .pioenvs/bluepill_f103c8/lib3e7/libcodal-core.a(MessageBus.o)
                0x0000000008007a78                vtable for codal::MessageBus
 .rodata._ZL9emptyData
                0x0000000008007ab4        0x4 .pioenvs/bluepill_f103c8/lib3e7/libcodal-core.a(ManagedString.o)
 .rodata._ZTVN5codal3_cm3I2CE
                0x0000000008007ab8       0x2c .pioenvs/bluepill_f103c8/lib739/libcm.a(CmI2C.o)
                0x0000000008007ab8                vtable for codal::_cm::I2C
 .rodata._ZTVN5codal3_cm3SPIE
                0x0000000008007ae4       0x1c .pioenvs/bluepill_f103c8/lib739/libcm.a(CmSPI.o)
                0x0000000008007ae4                vtable for codal::_cm::SPI
 .rodata._ZTVN5codal3_cm6SerialE
                0x0000000008007b00       0x38 .pioenvs/bluepill_f103c8/lib739/libcm.a(CmSerial.o)
                0x0000000008007b00                vtable for codal::_cm::Serial
 .rodata._ZTVN5codal3_cm5TimerE
                0x0000000008007b38       0x18 .pioenvs/bluepill_f103c8/lib739/libcm.a(CmTimer.o)
                0x0000000008007b38                vtable for codal::_cm::Timer
 .rodata._ZTVN5codal3I2CE
                0x0000000008007b50       0x2c .pioenvs/bluepill_f103c8/lib3e7/libcodal-core.a(I2C.o)
                0x0000000008007b50                vtable for codal::I2C
 .rodata._Z10debug_dumpv.str1.1
                0x0000000008007b7c        0xc .pioenvs/bluepill_f103c8/src/main.o
                                          0xd (size before relaxing)
 .rodata.test_nanofloat.str1.1
                0x0000000008007b88      0x149 .pioenvs/bluepill_f103c8/src/unit_test.o
                                        0x14a (size before relaxing)
 .rodata._Z11debug_printi.str1.1
                0x0000000008007cd1        0x2 .pioenvs/bluepill_f103c8/libd9b/liblogger.a(logger.o)
                                          0x4 (size before relaxing)
 .rodata._Z11debug_printj.str1.1
                0x0000000008007cd3        0xb .pioenvs/bluepill_f103c8/libd9b/liblogger.a(logger.o)
 .rodata.debug_println.str1.1
                0x0000000008007cde        0x2 .pioenvs/bluepill_f103c8/libd9b/liblogger.a(logger.o)
 .rodata.UnityPrintFloat.str1.1
                0x0000000008007ce0        0x8 .pioenvs/bluepill_f103c8/libfdb/libunity.a(unity.o)
                                          0xa (size before relaxing)
 .rodata.UnityStrBreaker