Archive member included to satisfy reference by file (symbol)

.pioenvs/bluepill_f103c8/libd9b/liblogger.a(logger.o)
                              .pioenvs/bluepill_f103c8/libccd/hal/codal_target_hal.o (debug_flush)
.pioenvs/bluepill_f103c8/libd88/libnano-float.a(functions.o)
                              .pioenvs/bluepill_f103c8/src/aggregate.o (pow)
.pioenvs/bluepill_f103c8/lib98a/libnewlib.a(strlen.o)
                              .pioenvs/bluepill_f103c8/src/aggregate.o (strlen)
.pioenvs/bluepill_f103c8/lib98a/libnewlib.a(strncat.o)
                              .pioenvs/bluepill_f103c8/src/wisol.o (strncat)
.pioenvs/bluepill_f103c8/lib98a/libnewlib.a(strncmp.o)
                              .pioenvs/bluepill_f103c8/src/aggregate.o (strncmp)
.pioenvs/bluepill_f103c8/lib98a/libnewlib.a(strncpy.o)
                              .pioenvs/bluepill_f103c8/src/aggregate.o (strncpy)
.pioenvs/bluepill_f103c8/lib98a/libnewlib.a(strstr.o)
                              .pioenvs/bluepill_f103c8/src/wisol.o (strstr)
.pioenvs/bluepill_f103c8/lib271/libbluepill.a(bluepill.o)
                              .pioenvs/bluepill_f103c8/libccd/hal/codal_target_hal.o (platform_setup)
.pioenvs/bluepill_f103c8/lib271/libbluepill.a(led.o)
                              .pioenvs/bluepill_f103c8/lib271/libbluepill.a(bluepill.o) (led_setup)
.pioenvs/bluepill_f103c8/lib271/libbluepill.a(timer.o)
                              .pioenvs/bluepill_f103c8/libccd/hal/codal_target_hal.o (platform_start_timer)
.pioenvs/bluepill_f103c8/libb45/libbootloader.a(bootloader.o)
                              .pioenvs/bluepill_f103c8/libccd/hal/reset_handler.o (bootloader_start)
.pioenvs/bluepill_f103c8/libb45/libbootloader.a(target_stm32f103.o)
                              .pioenvs/bluepill_f103c8/libb45/libbootloader.a(bootloader.o) (target_set_led)
.pioenvs/bluepill_f103c8/libb45/libbootloader.a(usb_conf.o)
                              .pioenvs/bluepill_f103c8/libb45/libbootloader.a(bootloader.o) (usb_setup)
.pioenvs/bluepill_f103c8/libb45/libbootloader.a(webusb.o)
                              .pioenvs/bluepill_f103c8/libb45/libbootloader.a(usb_conf.o) (webusb_setup)
.pioenvs/bluepill_f103c8/libb45/libbootloader.a(winusb.o)
                              .pioenvs/bluepill_f103c8/libb45/libbootloader.a(usb_conf.o) (winusb_setup)
.pioenvs/bluepill_f103c8/libb45/libbootloader.a(cdc.o)
                              .pioenvs/bluepill_f103c8/libb45/libbootloader.a(usb_conf.o) (cdc_setup)
.pioenvs/bluepill_f103c8/libb45/libbootloader.a(hf2.o)
                              .pioenvs/bluepill_f103c8/libb45/libbootloader.a(usb_conf.o) (hf2_setup)
.pioenvs/bluepill_f103c8/libb45/libbootloader.a(backup.o)
                              .pioenvs/bluepill_f103c8/libb45/libbootloader.a(target_stm32f103.o) (backup_write)
.pioenvs/bluepill_f103c8/libb45/libbootloader.a(usb21_standard.o)
                              .pioenvs/bluepill_f103c8/libb45/libbootloader.a(usb_conf.o) (usb21_setup)
.pioenvs/bluepill_f103c8/libb45/libbootloader.a(ghostfat.o)
                              .pioenvs/bluepill_f103c8/libb45/libbootloader.a(hf2.o) (flash_write)
.pioenvs/bluepill_f103c8/libea7/libcocoOS_5.0.3.a(os_event.o)
                              .pioenvs/bluepill_f103c8/src/wisol.o (event_create)
.pioenvs/bluepill_f103c8/libea7/libcocoOS_5.0.3.a(os_kernel.o)
                              .pioenvs/bluepill_f103c8/src/uart.o (running_tid)
.pioenvs/bluepill_f103c8/libea7/libcocoOS_5.0.3.a(os_msgqueue.o)
                              .pioenvs/bluepill_f103c8/libea7/libcocoOS_5.0.3.a(os_kernel.o) (os_msgQ_init)
.pioenvs/bluepill_f103c8/libea7/libcocoOS_5.0.3.a(os_sem.o)
                              .pioenvs/bluepill_f103c8/libea7/libcocoOS_5.0.3.a(os_kernel.o) (os_sem_init)
.pioenvs/bluepill_f103c8/libea7/libcocoOS_5.0.3.a(os_task.o)
                              .pioenvs/bluepill_f103c8/libea7/libcocoOS_5.0.3.a(os_kernel.o) (os_task_init)
.pioenvs/bluepill_f103c8/libea7/libcocoOS_5.0.3.a(os_assert.o)
                              .pioenvs/bluepill_f103c8/libea7/libcocoOS_5.0.3.a(os_event.o) (os_on_assert)
.pioenvs/bluepill_f103c8/libea7/libcocoOS_5.0.3.a(os_cbk.o)
                              .pioenvs/bluepill_f103c8/libea7/libcocoOS_5.0.3.a(os_kernel.o) (os_cbkSleep)
.pioenvs/bluepill_f103c8/lib3e7/libcodal-core.a(CodalDmesg.o)
                              .pioenvs/bluepill_f103c8/libccd/hal/codal_target_hal.o (codalLogStore)
.pioenvs/bluepill_f103c8/lib3e7/libcodal-core.a(CodalFiber.o)
                              .pioenvs/bluepill_f103c8/src/main.o (codal::fiber_sleep(unsigned long))
.pioenvs/bluepill_f103c8/lib3e7/libcodal-core.a(CodalHeapAllocator.o)
                              .pioenvs/bluepill_f103c8/libccd/hal/codal_target_hal.o (malloc)
.pioenvs/bluepill_f103c8/lib3e7/libcodal-core.a(CodalListener.o)
[...]
Memory Configuration

Name             Origin             Length             Attributes
bootrom          0x0000000008000000 0x0000000000006000 xr
rom              0x0000000008006000 0x000000000000a000 xr
bootram          0x0000000020000000 0x0000000000002800 xrw
ram              0x0000000020002800 0x0000000000002800 xrw
*default*        0x0000000000000000 0xffffffffffffffff

Linker script and memory map


.boot_text      0x0000000008000000     0x40d8
                0x0000000008000000                _boot_text = .
 *(SORT_BY_ALIGNMENT(.vectors))
 .vectors       0x0000000008000000      0x150 .pioenvs/bluepill_f103c8/libFrameworkLibOpenCM3.a(vector.o)
                0x0000000008000000                vector_table
 :*reset_handler*(SORT_BY_ALIGNMENT(.text*))
 .text.pre_main
                0x0000000008000150       0x50 .pioenvs/bluepill_f103c8/libccd/hal/reset_handler.o
 .text.reset_handler
                0x00000000080001a0       0x98 .pioenvs/bluepill_f103c8/libccd/hal/reset_handler.o
                0x00000000080001a0                reset_handler
 *libhal.a:*reset_handler*(SORT_BY_ALIGNMENT(.text*))
 :*codal_target_hal*(SORT_BY_ALIGNMENT(.text*))
 .text._ZL10timer_tickv
                0x0000000008000238       0x1c .pioenvs/bluepill_f103c8/libccd/hal/codal_target_hal.o
 .text._ZL11timer_alarmv
                0x0000000008000254       0x1c .pioenvs/bluepill_f103c8/libccd/hal/codal_target_hal.o
 .text.target_set_tick_callback
                0x0000000008000270        0xc .pioenvs/bluepill_f103c8/libccd/hal/codal_target_hal.o
                0x0000000008000270                target_set_tick_callback
 .text.target_set_alarm_callback
                0x000000000800027c        0xc .pioenvs/bluepill_f103c8/libccd/hal/codal_target_hal.o
                0x000000000800027c                target_set_alarm_callback
 .text.target_set_bootloader_callback
                0x0000000008000288        0xc .pioenvs/bluepill_f103c8/libccd/hal/codal_target_hal.o
                0x0000000008000288                target_set_bootloader_callback
 .text.target_init
                0x0000000008000294       0x30 .pioenvs/bluepill_f103c8/libccd/hal/codal_target_hal.o
                0x0000000008000294                target_init
 .text.target_dmesg_flush
                0x00000000080002c4       0x3c .pioenvs/bluepill_f103c8/libccd/hal/codal_target_hal.o
                0x00000000080002c4                target_dmesg_flush
 .text.target_wait
                0x0000000008000300       0x24 .pioenvs/bluepill_f103c8/libccd/hal/codal_target_hal.o
                0x0000000008000300                target_wait
 .text.target_wait_us
                0x0000000008000324       0x30 .pioenvs/bluepill_f103c8/libccd/hal/codal_target_hal.o
                0x0000000008000324                target_wait_us
 .text.target_panic
                0x0000000008000354       0x20 .pioenvs/bluepill_f103c8/libccd/hal/codal_target_hal.o
                0x0000000008000354                target_panic
 .text.fiber_initial_stack_base
                0x0000000008000374        0x8 .pioenvs/bluepill_f103c8/libccd/hal/codal_target_hal.o
                0x0000000008000374                fiber_initial_stack_base
 .text.test_codal
                0x000000000800037c       0x74 .pioenvs/bluepill_f103c8/libccd/hal/codal_target_hal.o
                0x000000000800037c                test_codal
 .text.target_enable_debug
                0x00000000080003f0        0x8 .pioenvs/bluepill_f103c8/libccd/hal/codal_target_hal.o
                0x00000000080003f0                target_enable_debug
 .text.target_enable_irq
                0x00000000080003f8        0x4 .pioenvs/bluepill_f103c8/libccd/hal/codal_target_hal.o
                0x00000000080003f8                target_enable_irq
 .text.target_disable_irq
                0x00000000080003fc        0x4 .pioenvs/bluepill_f103c8/libccd/hal/codal_target_hal.o
                0x00000000080003fc                target_disable_irq
 .text.target_wait_for_event
                0x0000000008000400        0xa .pioenvs/bluepill_f103c8/libccd/hal/codal_target_hal.o
                0x0000000008000400                target_wait_for_event
 .text.tcb_allocate
                0x000000000800040a        0xa .pioenvs/bluepill_f103c8/libccd/hal/codal_target_hal.o
                0x000000000800040a                tcb_allocate
 .text.tcb_configure_lr
                0x0000000008000414        0x4 .pioenvs/bluepill_f103c8/libccd/hal/codal_target_hal.o
                0x0000000008000414                tcb_configure_lr
 .text.tcb_configure_sp
                0x0000000008000418        0x4 .pioenvs/bluepill_f103c8/libccd/hal/codal_target_hal.o
                0x0000000008000418                tcb_configure_sp
 .text.tcb_configure_stack_base
                0x000000000800041c        0x4 .pioenvs/bluepill_f103c8/libccd/hal/codal_target_hal.o
                0x000000000800041c                tcb_configure_stack_base
 .text.tcb_get_stack_base
                0x0000000008000420        0x4 .pioenvs/bluepill_f103c8/libccd/hal/codal_target_hal.o
                0x0000000008000420                tcb_get_stack_base
 .text.get_current_sp
                0x0000000008000424        0x4 .pioenvs/bluepill_f103c8/libccd/hal/codal_target_hal.o
                0x0000000008000424                get_current_sp
 .text.tcb_get_sp
                0x0000000008000428        0x4 .pioenvs/bluepill_f103c8/libccd/hal/codal_target_hal.o
                0x0000000008000428                tcb_get_sp
 .text.tcb_configure_args
                0x000000000800042c        0x8 .pioenvs/bluepill_f103c8/libccd/hal/codal_target_hal.o
                0x000000000800042c                tcb_configure_args
 .text._fini    0x0000000008000434        0x2 .pioenvs/bluepill_f103c8/libccd/hal/codal_target_hal.o
                0x0000000008000434                _fini
 .text.__aeabi_atexit
                0x0000000008000436        0x4 .pioenvs/bluepill_f103c8/libccd/hal/codal_target_hal.o
                0x0000000008000436                __aeabi_atexit
 *libhal.a:*codal_target_hal*(SORT_BY_ALIGNMENT(.text*))
 :*CortexContextSwitch*(SORT_BY_ALIGNMENT(.text*))
 *fill*         0x000000000800043a        0x2 
 .text          0x000000000800043c      0x124 asm/CortexContextSwitch.s.o
                0x000000000800043c                swap_context
                0x00000000080004be                save_context
                0x0000000008000502                save_register_context
                0x0000000008000532                restore_register_context
 *libhal.a:(SORT_BY_ALIGNMENT(.text*))
 *liblibopencm3.a:(SORT_BY_ALIGNMENT(.text*))
 *libFrameworkLibOpenCM3.a:(SORT_BY_ALIGNMENT(.text*))
 .text.desig_get_unique_id
                0x0000000008000560       0x20 .pioenvs/bluepill_f103c8/libFrameworkLibOpenCM3.a(desig.o)
                0x0000000008000560                desig_get_unique_id
 .text.desig_get_unique_id_as_string
                0x0000000008000580       0x50 .pioenvs/bluepill_f103c8/libFrameworkLibOpenCM3.a(desig.o)
                0x0000000008000580                desig_get_unique_id_as_string
 .text.flash_get_status_flags
                0x00000000080005d0       0x2c .pioenvs/bluepill_f103c8/libFrameworkLibOpenCM3.a(flash.o)
                0x00000000080005d0                flash_get_status_flags
 .text.flash_program_half_word
                0x00000000080005fc       0x70 .pioenvs/bluepill_f103c8/libFrameworkLibOpenCM3.a(flash.o)
                0x00000000080005fc                flash_program_half_word
 .text.flash_erase_page
                0x000000000800066c       0x8c .pioenvs/bluepill_f103c8/libFrameworkLibOpenCM3.a(flash.o)
                0x000000000800066c                flash_erase_page
 .text.rcc_wait_for_osc_ready
                0x00000000080006f8       0x70 .pioenvs/bluepill_f103c8/libFrameworkLibOpenCM3.a(rcc.o)
                0x00000000080006f8                rcc_wait_for_osc_ready
 .text.rcc_osc_on
                0x0000000008000768       0x70 .pioenvs/bluepill_f103c8/libFrameworkLibOpenCM3.a(rcc.o)
                0x0000000008000768                rcc_osc_on
 .text.rcc_set_sysclk_source
                0x00000000080007d8       0x14 .pioenvs/bluepill_f103c8/libFrameworkLibOpenCM3.a(rcc.o)
                0x00000000080007d8                rcc_set_sysclk_source
 .text.rcc_set_pll_multiplication_factor
                0x00000000080007ec       0x14 .pioenvs/bluepill_f103c8/libFrameworkLibOpenCM3.a(rcc.o)
                0x00000000080007ec                rcc_set_pll_multiplication_factor
 .text.rcc_set_pll_source
                0x0000000008000800       0x14 .pioenvs/bluepill_f103c8/libFrameworkLibOpenCM3.a(rcc.o)
                0x0000000008000800                rcc_set_pll_source
 .text.rcc_set_pllxtpre
                0x0000000008000814       0x14 .pioenvs/bluepill_f103c8/libFrameworkLibOpenCM3.a(rcc.o)
                0x0000000008000814                rcc_set_pllxtpre
 .text.rcc_enable_rtc_clock
                0x0000000008000828       0x10 .pioenvs/bluepill_f103c8/libFrameworkLibOpenCM3.a(rcc.o)
                0x0000000008000828                rcc_enable_rtc_clock
 .text.rcc_set_rtc_clock_source
                0x0000000008000838       0xa0 .pioenvs/bluepill_f103c8/libFrameworkLibOpenCM3.a(rcc.o)
                0x0000000008000838                rcc_set_rtc_clock_source
 .text.rcc_set_adcpre
                0x00000000080008d8       0x14 .pioenvs/bluepill_f103c8/libFrameworkLibOpenCM3.a(rcc.o)
                0x00000000080008d8                rcc_set_adcpre
 .text.rcc_set_ppre2
                0x00000000080008ec       0x14 .pioenvs/bluepill_f103c8/libFrameworkLibOpenCM3.a(rcc.o)
                0x00000000080008ec                rcc_set_ppre2
 .text.rcc_set_ppre1
                0x0000000008000900       0x14 .pioenvs/bluepill_f103c8/libFrameworkLibOpenCM3.a(rcc.o)
                0x0000000008000900                rcc_set_ppre1
 .text.rcc_set_hpre
                0x0000000008000914       0x14 .pioenvs/bluepill_f103c8/libFrameworkLibOpenCM3.a(rcc.o)
                0x0000000008000914                rcc_set_hpre
 .text.rcc_clock_setup_in_hse_8mhz_out_72mhz
                0x0000000008000928       0x90 .pioenvs/bluepill_f103c8/libFrameworkLibOpenCM3.a(rcc.o)
                0x0000000008000928                rcc_clock_setup_in_hse_8mhz_out_72mhz
 .text.rtc_enter_config_mode
                0x00000000080009b8       0x1c .pioenvs/bluepill_f103c8/libFrameworkLibOpenCM3.a(rtc.o)
                0x00000000080009b8                rtc_enter_config_mode
 .text.rtc_exit_config_mode
                0x00000000080009d4       0x1c .pioenvs/bluepill_f103c8/libFrameworkLibOpenCM3.a(rtc.o)
                0x00000000080009d4                rtc_exit_config_mode
 .text.rtc_set_alarm_time
                0x00000000080009f0       0x20 .pioenvs/bluepill_f103c8/libFrameworkLibOpenCM3.a(rtc.o)
                0x00000000080009f0                rtc_set_alarm_time
 .text.rtc_set_prescale_val
                0x0000000008000a10       0x20 .pioenvs/bluepill_f103c8/libFrameworkLibOpenCM3.a(rtc.o)
                0x0000000008000a10                rtc_set_prescale_val
 .text.rtc_get_counter_val
                0x0000000008000a30       0x14 .pioenvs/bluepill_f103c8/libFrameworkLibOpenCM3.a(rtc.o)
                0x0000000008000a30                rtc_get_counter_val
 .text.rtc_set_counter_val
                0x0000000008000a44       0x20 .pioenvs/bluepill_f103c8/libFrameworkLibOpenCM3.a(rtc.o)
                0x0000000008000a44                rtc_set_counter_val
 .text.rtc_interrupt_enable
                0x0000000008000a64       0x40 .pioenvs/bluepill_f103c8/libFrameworkLibOpenCM3.a(rtc.o)
                0x0000000008000a64                rtc_interrupt_enable
 .text.rtc_interrupt_disable
                0x0000000008000aa4       0x40 .pioenvs/bluepill_f103c8/libFrameworkLibOpenCM3.a(rtc.o)
                0x0000000008000aa4                rtc_interrupt_disable
 .text.rtc_clear_flag
                0x0000000008000ae4       0x34 .pioenvs/bluepill_f103c8/libFrameworkLibOpenCM3.a(rtc.o)
                0x0000000008000ae4                rtc_clear_flag
 .text.rtc_check_flag
                0x0000000008000b18       0x30 .pioenvs/bluepill_f103c8/libFrameworkLibOpenCM3.a(rtc.o)
                0x0000000008000b18                rtc_check_flag
 .text.pwr_disable_backup_domain_write_protect
                0x0000000008000b48       0x10 .pioenvs/bluepill_f103c8/libFrameworkLibOpenCM3.a(pwr_common_all.o)
                0x0000000008000b48                pwr_disable_backup_domain_write_protect
 .text.pwr_enable_backup_domain_write_protect
                0x0000000008000b58       0x10 .pioenvs/bluepill_f103c8/libFrameworkLibOpenCM3.a(pwr_common_all.o)
                0x0000000008000b58                pwr_enable_backup_domain_write_protect
 .text.exti_set_trigger
                0x0000000008000b68       0x4c .pioenvs/bluepill_f103c8/libFrameworkLibOpenCM3.a(exti_common_all.o)
                0x0000000008000b68                exti_set_trigger
 .text.exti_enable_request
                0x0000000008000bb4       0x18 .pioenvs/bluepill_f103c8/libFrameworkLibOpenCM3.a(exti_common_all.o)
                0x0000000008000bb4                exti_enable_request
 .text.exti_reset_request
                0x0000000008000bcc        0xc .pioenvs/bluepill_f103c8/libFrameworkLibOpenCM3.a(exti_common_all.o)
                0x0000000008000bcc                exti_reset_request
 .text.flash_set_ws
                0x0000000008000bd8       0x14 .pioenvs/bluepill_f103c8/libFrameworkLibOpenCM3.a(flash_common_f01.o)
                0x0000000008000bd8                flash_set_ws
 .text.flash_unlock
                0x0000000008000bec       0x24 .pioenvs/bluepill_f103c8/libFrameworkLibOpenCM3.a(flash_common_f01.o)
                0x0000000008000bec                flash_unlock
 .text.flash_lock
                0x0000000008000c10       0x10 .pioenvs/bluepill_f103c8/libFrameworkLibOpenCM3.a(flash_common_f01.o)
                0x0000000008000c10                flash_lock
 .text.usbd_init
                0x0000000008000c20       0x58 .pioenvs/bluepill_f103c8/libFrameworkLibOpenCM3.a(usb.o)
                0x0000000008000c20                usbd_init
 .text._usbd_standard_request_device
                0x0000000008000c78       0x4c .pioenvs/bluepill_f103c8/libFrameworkLibOpenCM3.a(usb_standard.o)
                0x0000000008000c78                _usbd_standard_request_device
 .text._usbd_standard_request_interface
                0x0000000008000cc4       0x34 .pioenvs/bluepill_f103c8/libFrameworkLibOpenCM3.a(usb_standard.o)
                0x0000000008000cc4                _usbd_standard_request_interface
 .text._usbd_standard_request_endpoint
                0x0000000008000cf8       0x44 .pioenvs/bluepill_f103c8/libFrameworkLibOpenCM3.a(usb_standard.o)
                0x0000000008000cf8                _usbd_standard_request_endpoint
 .text.st_usbfs_v1_usbd_init
                0x0000000008000d3c       0x30 .pioenvs/bluepill_f103c8/libFrameworkLibOpenCM3.a(st_usbfs_v1.o)
 .text.scb_reset_system
                0x0000000008000d6c       0x10 .pioenvs/bluepill_f103c8/libFrameworkLibOpenCM3.a(scb.o)
                0x0000000008000d6c                scb_reset_system
 .text.st_usbfs_set_address
                0x0000000008000d7c       0x10 .pioenvs/bluepill_f103c8/libFrameworkLibOpenCM3.a(st_usbfs_core.o)
                0x0000000008000d7c                st_usbfs_set_address
 .text.st_usbfs_set_ep_rx_bufsize
                0x0000000008000d8c       0x60 .pioenvs/bluepill_f103c8/libFrameworkLibOpenCM3.a(st_usbfs_core.o)
                0x0000000008000d8c                st_usbfs_set_ep_rx_bufsize
 .text.st_usbfs_ep_setup
                0x0000000008000dec      0x160 .pioenvs/bluepill_f103c8/libFrameworkLibOpenCM3.a(st_usbfs_core.o)
                0x0000000008000dec                st_usbfs_ep_setup
 .text.st_usbfs_ep_nak_set
                0x0000000008000f4c       0x80 .pioenvs/bluepill_f103c8/libFrameworkLibOpenCM3.a(st_usbfs_core.o)
                0x0000000008000f4c                st_usbfs_ep_nak_set
 .text.st_usbfs_ep_write_packet
                0x0000000008000fcc       0x90 .pioenvs/bluepill_f103c8/libFrameworkLibOpenCM3.a(st_usbfs_core.o)
                0x0000000008000fcc                st_usbfs_ep_write_packet
 .text.st_usbfs_ep_read_packet
                0x000000000800105c       0xd4 .pioenvs/bluepill_f103c8/libFrameworkLibOpenCM3.a(st_usbfs_core.o)
                0x000000000800105c                st_usbfs_ep_read_packet
 .text.st_usbfs_poll
                0x0000000008001130       0xfc .pioenvs/bluepill_f103c8/libFrameworkLibOpenCM3.a(st_usbfs_core.o)
                0x0000000008001130                st_usbfs_poll
 .text.gpio_set_mode
                0x000000000800122c       0x6c .pioenvs/bluepill_f103c8/libFrameworkLibOpenCM3.a(gpio.o)
                0x000000000800122c                gpio_set_mode
 .text.gpio_set
                0x0000000008001298        0x4 .pioenvs/bluepill_f103c8/libFrameworkLibOpenCM3.a(gpio_common_all.o)
                0x0000000008001298                gpio_set
 .text.gpio_clear
                0x000000000800129c        0x6 .pioenvs/bluepill_f103c8/libFrameworkLibOpenCM3.a(gpio_common_all.o)
                0x000000000800129c                gpio_clear
 .text.usart_recv
                0x00000000080012a2        0x8 .pioenvs/bluepill_f103c8/libFrameworkLibOpenCM3.a(usart_common_f124.o)
                0x00000000080012a2                usart_recv
 .text.rcc_periph_clock_enable
                0x00000000080012aa       0x1c .pioenvs/bluepill_f103c8/libFrameworkLibOpenCM3.a(rcc_common_all.o)
                0x00000000080012aa                rcc_periph_clock_enable
 .text.rcc_periph_reset_pulse
                0x00000000080012c6       0x22 .pioenvs/bluepill_f103c8/libFrameworkLibOpenCM3.a(rcc_common_all.o)
                0x00000000080012c6                rcc_periph_reset_pulse
 .text.flash_wait_for_last_operation
                0x00000000080012e8        0xe .pioenvs/bluepill_f103c8/libFrameworkLibOpenCM3.a(flash_common_f01.o)
                0x00000000080012e8                flash_wait_for_last_operation
 .text.usbd_poll
                0x00000000080012f6        0xc .pioenvs/bluepill_f103c8/libFrameworkLibOpenCM3.a(usb.o)
                0x00000000080012f6                usbd_poll
 .text.usbd_ep_setup
                0x0000000008001302       0x14 .pioenvs/bluepill_f103c8/libFrameworkLibOpenCM3.a(usb.o)
                0x0000000008001302                usbd_ep_setup
 .text._usbd_reset
                0x0000000008001316       0x30 .pioenvs/bluepill_f103c8/libFrameworkLibOpenCM3.a(usb.o)
                0x0000000008001316                _usbd_reset
 .text.usbd_ep_write_packet
                0x0000000008001346        0xc .pioenvs/bluepill_f103c8/libFrameworkLibOpenCM3.a(usb.o)
                0x0000000008001346                usbd_ep_write_packet
 .text.usbd_ep_read_packet
                0x0000000008001352        0xc .pioenvs/bluepill_f103c8/libFrameworkLibOpenCM3.a(usb.o)
                0x0000000008001352                usbd_ep_read_packet
 .text.usbd_ep_stall_set
                0x000000000800135e        0xc .pioenvs/bluepill_f103c8/libFrameworkLibOpenCM3.a(usb.o)
                0x000000000800135e                usbd_ep_stall_set
 .text.usbd_ep_stall_get
                0x000000000800136a        0xc .pioenvs/bluepill_f103c8/libFrameworkLibOpenCM3.a(usb.o)
                0x000000000800136a                usbd_ep_stall_get
 .text.stall_transaction
                0x0000000008001376       0x14 .pioenvs/bluepill_f103c8/libFrameworkLibOpenCM3.a(usb_control.o)
 .text.usb_control_setup_write
                0x000000000800138a       0x32 .pioenvs/bluepill_f103c8/libFrameworkLibOpenCM3.a(usb_control.o)
 .text.usb_control_recv_chunk
                0x00000000080013bc       0x3c .pioenvs/bluepill_f103c8/libFrameworkLibOpenCM3.a(usb_control.o)
 .text.usb_control_send_chunk
                0x00000000080013f8       0x48 .pioenvs/bluepill_f103c8/libFrameworkLibOpenCM3.a(usb_control.o)
 .text.usb_control_request_dispatch
                0x0000000008001440       0x60 .pioenvs/bluepill_f103c8/libFrameworkLibOpenCM3.a(usb_control.o)
 .text.usb_control_setup_read
                0x00000000080014a0       0x3a .pioenvs/bluepill_f103c8/libFrameworkLibOpenCM3.a(usb_control.o)
 .text.usbd_register_control_callback
                0x00000000080014da       0x30 .pioenvs/bluepill_f103c8/libFrameworkLibOpenCM3.a(usb_control.o)
                0x00000000080014da                usbd_register_control_callback
 .text._usbd_control_setup
                0x000000000800150a       0x4a .pioenvs/bluepill_f103c8/libFrameworkLibOpenCM3.a(usb_control.o)
                0x000000000800150a                _usbd_control_setup
 .text._usbd_control_out
                0x0000000008001554       0x8a .pioenvs/bluepill_f103c8/libFrameworkLibOpenCM3.a(usb_control.o)
                0x0000000008001554                _usbd_control_out
 .text._usbd_control_in
                0x00000000080015de       0x56 .pioenvs/bluepill_f103c8/libFrameworkLibOpenCM3.a(usb_control.o)
                0x00000000080015de                _usbd_control_in
 .text.usb_descriptor_type
                0x0000000008001634        0x4 .pioenvs/bluepill_f103c8/libFrameworkLibOpenCM3.a(usb_standard.o)
 .text.usb_descriptor_index
                0x0000000008001638        0x4 .pioenvs/bluepill_f103c8/libFrameworkLibOpenCM3.a(usb_standard.o)
 .text.usb_standard_set_address
                0x000000000800163c       0x30 .pioenvs/bluepill_f103c8/libFrameworkLibOpenCM3.a(usb_standard.o)
 .text.usb_standard_set_configuration
                0x000000000800166c       0xba .pioenvs/bluepill_f103c8/libFrameworkLibOpenCM3.a(usb_standard.o)
 .text.usb_standard_get_configuration
                0x0000000008001726       0x24 .pioenvs/bluepill_f103c8/libFrameworkLibOpenCM3.a(usb_standard.o)
 .text.usb_standard_set_interface
                0x000000000800174a       0x56 .pioenvs/bluepill_f103c8/libFrameworkLibOpenCM3.a(usb_standard.o)
 .text.usb_standard_get_interface
                0x00000000080017a0       0x3e .pioenvs/bluepill_f103c8/libFrameworkLibOpenCM3.a(usb_standard.o)
 .text.usb_standard_device_get_status
                0x00000000080017de       0x18 .pioenvs/bluepill_f103c8/libFrameworkLibOpenCM3.a(usb_standard.o)
 .text.usb_standard_interface_get_status
                0x00000000080017f6       0x18 .pioenvs/bluepill_f103c8/libFrameworkLibOpenCM3.a(usb_standard.o)
 .text.build_config_descriptor
                0x000000000800180e      0x1ba .pioenvs/bluepill_f103c8/libFrameworkLibOpenCM3.a(usb_standard.o)
 .text.usb_standard_get_descriptor
                0x00000000080019c8       0xe6 .pioenvs/bluepill_f103c8/libFrameworkLibOpenCM3.a(usb_standard.o)
 .text.usb_standard_endpoint_get_status
                0x0000000008001aae       0x2a .pioenvs/bluepill_f103c8/libFrameworkLibOpenCM3.a(usb_standard.o)
 .text.usb_standard_endpoint_stall
                0x0000000008001ad8       0x10 .pioenvs/bluepill_f103c8/libFrameworkLibOpenCM3.a(usb_standard.o)
 .text.usb_standard_endpoint_unstall
                0x0000000008001ae8       0x10 .pioenvs/bluepill_f103c8/libFrameworkLibOpenCM3.a(usb_standard.o)
 .text.usbd_register_set_config_callback
                0x0000000008001af8       0x28 .pioenvs/bluepill_f103c8/libFrameworkLibOpenCM3.a(usb_standard.o)
                0x0000000008001af8                usbd_register_set_config_callback
 .text._usbd_standard_request
                0x0000000008001b20       0x32 .pioenvs/bluepill_f103c8/libFrameworkLibOpenCM3.a(usb_standard.o)
                0x0000000008001b20                _usbd_standard_request
 .text.st_usbfs_copy_to_pm
                0x0000000008001b52       0x18 .pioenvs/bluepill_f103c8/libFrameworkLibOpenCM3.a(st_usbfs_v1.o)
                0x0000000008001b52                st_usbfs_copy_to_pm
 .text.st_usbfs_copy_from_pm
                0x0000000008001b6a       0x24 .pioenvs/bluepill_f103c8/libFrameworkLibOpenCM3.a(st_usbfs_v1.o)
                0x0000000008001b6a                st_usbfs_copy_from_pm
 .text.blocking_handler
                0x0000000008001b8e        0x2 .pioenvs/bluepill_f103c8/libFrameworkLibOpenCM3.a(vector.o)
                0x0000000008001b8e                exti0_isr
                0x0000000008001b8e                tim7_isr
                0x0000000008001b8e                adc1_2_isr
                0x0000000008001b8e                tim1_trg_com_isr
                0x0000000008001b8e                usb_hp_can_tx_isr
                0x0000000008001b8e                tim6_isr
                0x0000000008001b8e                usb_wakeup_isr
                0x0000000008001b8e                blocking_handler
                0x0000000008001b8e                tim5_isr
                0x0000000008001b8e                otg_fs_isr
                0x0000000008001b8e                spi1_isr
                0x0000000008001b8e                exti2_isr
                0x0000000008001b8e                dma1_channel6_isr
                0x0000000008001b8e                can_rx1_isr
                0x0000000008001b8e                dma1_channel5_isr
                0x0000000008001b8e                dma2_channel5_isr
                0x0000000008001b8e                usart1_isr
                0x0000000008001b8e                usage_fault_handler
                0x0000000008001b8e                tim8_trg_com_isr
                0x0000000008001b8e                can2_rx0_isr
                0x0000000008001b8e                tim1_brk_isr
                0x0000000008001b8e                can2_rx1_isr
                0x0000000008001b8e                tim1_cc_isr
                0x0000000008001b8e                sdio_isr
                0x0000000008001b8e                eth_isr
                0x0000000008001b8e                dma1_channel4_isr
                0x0000000008001b8e                tim8_brk_isr
                0x0000000008001b8e                dma2_channel4_5_isr
                0x0000000008001b8e                pvd_isr
                0x0000000008001b8e                rcc_isr
                0x0000000008001b8e                flash_isr
                0x0000000008001b8e                uart4_isr
                0x0000000008001b8e                exti15_10_isr
                0x0000000008001b8e                hard_fault_handler
                0x0000000008001b8e                exti1_isr
                0x0000000008001b8e                i2c1_ev_isr
                0x0000000008001b8e                dma2_channel1_isr
                0x0000000008001b8e                spi2_isr
                0x0000000008001b8e                tim8_up_isr
                0x0000000008001b8e                dma2_channel2_isr
                0x0000000008001b8e                exti3_isr
                0x0000000008001b8e                adc3_isr
                0x0000000008001b8e                tim3_isr
                0x0000000008001b8e                usb_lp_can_rx0_isr
                0x0000000008001b8e                i2c2_er_isr
                0x0000000008001b8e                i2c2_ev_isr
                0x0000000008001b8e                uart5_isr
                0x0000000008001b8e                fsmc_isr
                0x0000000008001b8e                dma1_channel1_isr
                0x0000000008001b8e                exti4_isr
                0x0000000008001b8e                mem_manage_handler
                0x0000000008001b8e                can2_tx_isr
                0x0000000008001b8e                exti9_5_isr
                0x0000000008001b8e                dma2_channel3_isr
                0x0000000008001b8e                dma1_channel7_isr
                0x0000000008001b8e                tim1_up_isr
                0x0000000008001b8e                can2_sce_isr
                0x0000000008001b8e                tim4_isr
                0x0000000008001b8e                dma1_channel2_isr
                0x0000000008001b8e                i2c1_er_isr
                0x0000000008001b8e                can_sce_isr
                0x0000000008001b8e                tim8_cc_isr
                0x0000000008001b8e                tamper_isr
                0x0000000008001b8e                eth_wkup_isr
                0x0000000008001b8e                bus_fault_handler
                0x0000000008001b8e                wwdg_isr
                0x0000000008001b8e                dma1_channel3_isr
                0x0000000008001b8e                spi3_isr
                0x0000000008001b8e                tim2_isr
                0x0000000008001b8e                usart3_isr
 .text.null_handler
                0x0000000008001b90        0x2 .pioenvs/bluepill_f103c8/libFrameworkLibOpenCM3.a(vector.o)
                0x0000000008001b90                null_handler
                0x0000000008001b90                sv_call_handler
                0x0000000008001b90                pend_sv_handler
                0x0000000008001b90                debug_monitor_handler
                0x0000000008001b90                sys_tick_handler
                0x0000000008001b90                nmi_handler
 .text.nvic_enable_irq
                0x0000000008001b92       0x18 .pioenvs/bluepill_f103c8/libFrameworkLibOpenCM3.a(nvic.o)
                0x0000000008001b92                nvic_enable_irq
 .text.st_usbfs_endpoints_reset
                0x0000000008001baa       0x6c .pioenvs/bluepill_f103c8/libFrameworkLibOpenCM3.a(st_usbfs_core.o)
                0x0000000008001baa                st_usbfs_endpoints_reset
 .text.st_usbfs_ep_stall_set
                0x0000000008001c16      0x108 .pioenvs/bluepill_f103c8/libFrameworkLibOpenCM3.a(st_usbfs_core.o)
                0x0000000008001c16                st_usbfs_ep_stall_set
 .text.st_usbfs_ep_stall_get
                0x0000000008001d1e       0x44 .pioenvs/bluepill_f103c8/libFrameworkLibOpenCM3.a(st_usbfs_core.o)
                0x0000000008001d1e                st_usbfs_ep_stall_get
 *libcocoos.a:(SORT_BY_ALIGNMENT(.text*))
 *libcocoOS_?.?.?.a:(SORT_BY_ALIGNMENT(.text*))
 *fill*         0x0000000008001d62        0x2 
 .text.os_event_init
                0x0000000008001d64        0xc .pioenvs/bluepill_f103c8/libea7/libcocoOS_5.0.3.a(os_event.o)
                0x0000000008001d64                os_event_init
 .text.os_init  0x0000000008001d70       0x30 .pioenvs/bluepill_f103c8/libea7/libcocoOS_5.0.3.a(os_kernel.o)
                0x0000000008001d70                os_init
 .text.os_msgQ_init
                0x0000000008001da0       0x38 .pioenvs/bluepill_f103c8/libea7/libcocoOS_5.0.3.a(os_msgqueue.o)
                0x0000000008001da0                os_msgQ_init
 .text.os_sem_init
                0x0000000008001dd8        0xc .pioenvs/bluepill_f103c8/libea7/libcocoOS_5.0.3.a(os_sem.o)
                0x0000000008001dd8                os_sem_init
 .text.os_task_init
                0x0000000008001de4       0x74 .pioenvs/bluepill_f103c8/libea7/libcocoOS_5.0.3.a(os_task.o)
                0x0000000008001de4                os_task_init
 *libgcc.a:(SORT_BY_ALIGNMENT(.text*))
 *libqfplib.a:(SORT_BY_ALIGNMENT(.text*))
 *libnano-float.a:(SORT_BY_ALIGNMENT(.text*))
 *libnewlib.a:(SORT_BY_ALIGNMENT(.text*))
 .text.strlen   0x0000000008001e58       0x10 .pioenvs/bluepill_f103c8/lib98a/libnewlib.a(strlen.o)
                0x0000000008001e58                strlen
 .text.strncat  0x0000000008001e68       0x32 .pioenvs/bluepill_f103c8/lib98a/libnewlib.a(strncat.o)
                0x0000000008001e68                strncat
 .text.strncpy  0x0000000008001e9a       0x40 .pioenvs/bluepill_f103c8/lib98a/libnewlib.a(strncpy.o)
                0x0000000008001e9a                strncpy
 .text.memcmp   0x0000000008001eda       0x20 .pioenvs/bluepill_f103c8/lib98a/libnewlib.a(memcmp.o)
                0x0000000008001eda                memcmp
 .text.memcpy   0x0000000008001efa       0x1a .pioenvs/bluepill_f103c8/lib98a/libnewlib.a(memcpy.o)
                0x0000000008001efa                memcpy
 .text.memset   0x0000000008001f14       0x16 .pioenvs/bluepill_f103c8/lib98a/libnewlib.a(memset.o)
                0x0000000008001f14                memset
 *liblogger.a:(SORT_BY_ALIGNMENT(.text*))
 *fill*         0x0000000008001f2a        0x2 
 .text._ZL10__semihostiPv
                0x0000000008001f2c       0x24 .pioenvs/bluepill_f103c8/libd9b/liblogger.a(logger.o)
 .text.enable_log
                0x0000000008001f50        0xc .pioenvs/bluepill_f103c8/libd9b/liblogger.a(logger.o)
                0x0000000008001f50                enable_log
 .text.debug_flush
                0x0000000008001f5c       0x28 .pioenvs/bluepill_f103c8/libd9b/liblogger.a(logger.o)
                0x0000000008001f5c                debug_flush
 .text._ZL12debug_appendPKcj
                0x0000000008001f84       0x3c .pioenvs/bluepill_f103c8/libd9b/liblogger.a(logger.o)
 .text._Z11debug_printj
                0x0000000008001fc0       0x88 .pioenvs/bluepill_f103c8/libd9b/liblogger.a(logger.o)
                0x0000000008001fc0                debug_print(unsigned int)
 .text._Z11debug_printi
                0x0000000008002048       0x34 .pioenvs/bluepill_f103c8/libd9b/liblogger.a(logger.o)
                0x0000000008002048                debug_print(int)
 .text.debug_println
                0x000000000800207c       0x1c .pioenvs/bluepill_f103c8/libd9b/liblogger.a(logger.o)
                0x000000000800207c                debug_println
 .text._Z13debug_printlni
                0x0000000008002098       0x14 .pioenvs/bluepill_f103c8/libd9b/liblogger.a(logger.o)
                0x0000000008002098                debug_println(int)
 .text._ZL14semihost_writemPKhj
                0x00000000080020ac       0x1e .pioenvs/bluepill_f103c8/libd9b/liblogger.a(logger.o)
 .text.debug_print
                0x00000000080020ca       0x18 .pioenvs/bluepill_f103c8/libd9b/liblogger.a(logger.o)
                0x00000000080020ca                debug_print
 .text.debug_print_unsigned
                0x00000000080020e2        0x8 .pioenvs/bluepill_f103c8/libd9b/liblogger.a(logger.o)
                0x00000000080020e2                debug_print_unsigned
 .text.debug_printhex
                0x00000000080020ea       0x70 .pioenvs/bluepill_f103c8/libd9b/liblogger.a(logger.o)
                0x00000000080020ea                debug_printhex
 .text.debug_printhex_unsigned
                0x000000000800215a       0x1c .pioenvs/bluepill_f103c8/libd9b/liblogger.a(logger.o)
                0x000000000800215a                debug_printhex_unsigned
 *libbluepill.a:(SORT_BY_ALIGNMENT(.text*))
 *fill*         0x0000000008002176        0x2 
 .text.platform_setup
                0x0000000008002178       0x4c .pioenvs/bluepill_f103c8/lib271/libbluepill.a(bluepill.o)
                0x0000000008002178                platform_setup
 .text.enable_debug
                0x00000000080021c4       0x14 .pioenvs/bluepill_f103c8/lib271/libbluepill.a(bluepill.o)
                0x00000000080021c4                enable_debug
 .text.led_setup
                0x00000000080021d8       0x20 .pioenvs/bluepill_f103c8/lib271/libbluepill.a(led.o)
                0x00000000080021d8                led_setup
 .text.led_on   0x00000000080021f8       0x14 .pioenvs/bluepill_f103c8/lib271/libbluepill.a(led.o)
                0x00000000080021f8                led_on
 .text.led_off  0x000000000800220c       0x14 .pioenvs/bluepill_f103c8/lib271/libbluepill.a(led.o)
                0x000000000800220c                led_off
 .text.led_wait
                0x0000000008002220       0x14 .pioenvs/bluepill_f103c8/lib271/libbluepill.a(led.o)
                0x0000000008002220                led_wait
 .text._ZL25custom_rtc_awake_from_off7rcc_osc
                0x0000000008002234       0x74 .pioenvs/bluepill_f103c8/lib271/libbluepill.a(timer.o)
 .text._ZL9rtc_setupv
                0x00000000080022a8       0x90 .pioenvs/bluepill_f103c8/lib271/libbluepill.a(timer.o)
 .text.platform_start_timer
                0x0000000008002338       0x34 .pioenvs/bluepill_f103c8/lib271/libbluepill.a(timer.o)
                0x0000000008002338                platform_start_timer
 .text.rtc_isr  0x000000000800236c       0x30 .pioenvs/bluepill_f103c8/lib271/libbluepill.a(timer.o)
                0x000000000800236c                rtc_isr
 .text.rtc_alarm_isr
                0x000000000800239c       0x2c .pioenvs/bluepill_f103c8/lib271/libbluepill.a(timer.o)
                0x000000000800239c                rtc_alarm_isr
 .text.platform_alarm_count
                0x00000000080023c8        0xc .pioenvs/bluepill_f103c8/lib271/libbluepill.a(timer.o)
                0x00000000080023c8                platform_alarm_count
 .text.platform_tick_count
                0x00000000080023d4        0xc .pioenvs/bluepill_f103c8/lib271/libbluepill.a(timer.o)
                0x00000000080023d4                platform_tick_count
 .text.__cxa_pure_virtual
                0x00000000080023e0        0xc .pioenvs/bluepill_f103c8/lib271/libbluepill.a(bluepill.o)
                0x00000000080023e0                __cxa_pure_virtual
 .text._Znwj    0x00000000080023ec        0x8 .pioenvs/bluepill_f103c8/lib271/libbluepill.a(bluepill.o)
                0x00000000080023ec                operator new(unsigned int)
 .text._ZdlPv   0x00000000080023f4        0x8 .pioenvs/bluepill_f103c8/lib271/libbluepill.a(bluepill.o)
                0x00000000080023f4                operator delete(void*)
 .text.platform_set_alarm
                0x00000000080023fc        0x8 .pioenvs/bluepill_f103c8/lib271/libbluepill.a(timer.o)
                0x00000000080023fc                platform_set_alarm
 .text.millis   0x0000000008002404        0x8 .pioenvs/bluepill_f103c8/lib271/libbluepill.a(timer.o)
                0x0000000008002404                millis
 *libbootloader.a:(SORT_BY_ALIGNMENT(.text*))
 .text.bootloader_poll
                0x000000000800240c       0x1c .pioenvs/bluepill_f103c8/libb45/libbootloader.a(bootloader.o)
                0x000000000800240c                bootloader_poll
 .text.get_serial_number
                0x0000000008002428       0x34 .pioenvs/bluepill_f103c8/libb45/libbootloader.a(bootloader.o)
 .text.poll_loop
                0x000000000800245c       0x68 .pioenvs/bluepill_f103c8/libb45/libbootloader.a(bootloader.o)
 .text.bootloader_start
                0x00000000080024c4       0x50 .pioenvs/bluepill_f103c8/libb45/libbootloader.a(bootloader.o)
                0x00000000080024c4                bootloader_start
 .text.get_flash_end
                0x0000000008002514        0x8 .pioenvs/bluepill_f103c8/libb45/libbootloader.a(target_stm32f103.o)
 .text.validate_application
                0x000000000800251c       0x40 .pioenvs/bluepill_f103c8/libb45/libbootloader.a(target_stm32f103.o)
 .text.target_set_led
                0x000000000800255c       0x20 .pioenvs/bluepill_f103c8/libb45/libbootloader.a(target_stm32f103.o)
                0x000000000800255c                target_set_led
 .text.target_gpio_setup
                0x000000000800257c       0x6c .pioenvs/bluepill_f103c8/libb45/libbootloader.a(target_stm32f103.o)
                0x000000000800257c                target_gpio_setup
 .text.target_usb_init
                0x00000000080025e8       0x34 .pioenvs/bluepill_f103c8/libb45/libbootloader.a(target_stm32f103.o)
                0x00000000080025e8                target_usb_init
 .text.target_manifest_app
                0x000000000800261c       0x14 .pioenvs/bluepill_f103c8/libb45/libbootloader.a(target_stm32f103.o)
                0x000000000800261c                target_manifest_app
 .text.target_manifest_bootloader
                0x0000000008002630       0x14 .pioenvs/bluepill_f103c8/libb45/libbootloader.a(target_stm32f103.o)
                0x0000000008002630                target_manifest_bootloader
 .text.target_get_force_bootloader
                0x0000000008002644       0x40 .pioenvs/bluepill_f103c8/libb45/libbootloader.a(target_stm32f103.o)
                0x0000000008002644                target_get_force_bootloader
 .text.target_get_startup_mode
                0x0000000008002684       0x44 .pioenvs/bluepill_f103c8/libb45/libbootloader.a(target_stm32f103.o)
                0x0000000008002684                target_get_startup_mode
 .text.target_flash_program_array
                0x00000000080026c8       0xdc .pioenvs/bluepill_f103c8/libb45/libbootloader.a(target_stm32f103.o)
                0x00000000080026c8                target_flash_program_array
 .text.set_aggregate_callback
                0x00000000080027a4       0x5c .pioenvs/bluepill_f103c8/libb45/libbootloader.a(usb_conf.o)
 .text.usb_setup
                0x0000000008002800       0x94 .pioenvs/bluepill_f103c8/libb45/libbootloader.a(usb_conf.o)
                0x0000000008002800                usb_setup
 .text.aggregate_register_config_callback
                0x0000000008002894       0x40 .pioenvs/bluepill_f103c8/libb45/libbootloader.a(usb_conf.o)
                0x0000000008002894                aggregate_register_config_callback
 .text.aggregate_register_callback
                0x00000000080028d4       0x60 .pioenvs/bluepill_f103c8/libb45/libbootloader.a(usb_conf.o)
                0x00000000080028d4                aggregate_register_callback
 .text.usb_set_serial_number
                0x0000000008002934       0x24 .pioenvs/bluepill_f103c8/libb45/libbootloader.a(usb_conf.o)
                0x0000000008002934                usb_set_serial_number
 .text.dump_buffer
                0x0000000008002958       0x48 .pioenvs/bluepill_f103c8/libb45/libbootloader.a(usb_conf.o)
                0x0000000008002958                dump_buffer
 .text.dump_usb_request
                0x00000000080029a0      0x1a8 .pioenvs/bluepill_f103c8/libb45/libbootloader.a(usb_conf.o)
                0x00000000080029a0                dump_usb_request
 .text.aggregate_callback
                0x0000000008002b48       0x78 .pioenvs/bluepill_f103c8/libb45/libbootloader.a(usb_conf.o)
 .text.webusb_set_config
                0x0000000008002bc0       0x28 .pioenvs/bluepill_f103c8/libb45/libbootloader.a(webusb.o)
 .text.webusb_control_vendor_request
                0x0000000008002be8       0xd0 .pioenvs/bluepill_f103c8/libb45/libbootloader.a(webusb.o)
 .text.webusb_setup
                0x0000000008002cb8       0x4c .pioenvs/bluepill_f103c8/libb45/libbootloader.a(webusb.o)
                0x0000000008002cb8                webusb_setup
 .text.winusb_set_config
                0x0000000008002d04       0x28 .pioenvs/bluepill_f103c8/libb45/libbootloader.a(winusb.o)
 .text.winusb_descriptor_request
                0x0000000008002d2c       0x60 .pioenvs/bluepill_f103c8/libb45/libbootloader.a(winusb.o)
 .text.winusb_control_vendor_request
                0x0000000008002d8c       0xc0 .pioenvs/bluepill_f103c8/libb45/libbootloader.a(winusb.o)
 .text.winusb_setup
                0x0000000008002e4c       0x58 .pioenvs/bluepill_f103c8/libb45/libbootloader.a(winusb.o)
                0x0000000008002e4c                winusb_setup
 .text.cdcacm_comm_cb
                0x0000000008002ea4       0x14 .pioenvs/bluepill_f103c8/libb45/libbootloader.a(cdc.o)
 .text.cdcacm_set_config
                0x0000000008002eb8       0x64 .pioenvs/bluepill_f103c8/libb45/libbootloader.a(cdc.o)
 .text.cdcacm_control_request
                0x0000000008002f1c       0x94 .pioenvs/bluepill_f103c8/libb45/libbootloader.a(cdc.o)
 .text.cdcacm_data_rx_cb
                0x0000000008002fb0       0x4c .pioenvs/bluepill_f103c8/libb45/libbootloader.a(cdc.o)
 .text.cdc_setup
                0x0000000008002ffc       0x24 .pioenvs/bluepill_f103c8/libb45/libbootloader.a(cdc.o)
                0x0000000008002ffc                cdc_setup
 .text.assert   0x0000000008003020       0x20 .pioenvs/bluepill_f103c8/libb45/libbootloader.a(hf2.o)
 .text.hf2_set_config
                0x0000000008003040       0x3c .pioenvs/bluepill_f103c8/libb45/libbootloader.a(hf2.o)
 .text.pokeSend
                0x000000000800307c       0x84 .pioenvs/bluepill_f103c8/libb45/libbootloader.a(hf2.o)
 .text.send_hf2_response
                0x0000000008003100       0x38 .pioenvs/bluepill_f103c8/libb45/libbootloader.a(hf2.o)
 .text.handle_command
                0x0000000008003138      0x1a4 .pioenvs/bluepill_f103c8/libb45/libbootloader.a(hf2.o)
 .text.hf2_data_rx_cb
                0x00000000080032dc       0xa4 .pioenvs/bluepill_f103c8/libb45/libbootloader.a(hf2.o)
 .text.dump_pkt
                0x0000000008003380       0xac .pioenvs/bluepill_f103c8/libb45/libbootloader.a(hf2.o)
                0x0000000008003380                dump_pkt
 .text.hf2_setup
                0x000000000800342c       0x34 .pioenvs/bluepill_f103c8/libb45/libbootloader.a(hf2.o)
                0x000000000800342c                hf2_setup
 .text.backup_write
                0x0000000008003460       0x34 .pioenvs/bluepill_f103c8/libb45/libbootloader.a(backup.o)
                0x0000000008003460                backup_write
 .text.backup_read
                0x0000000008003494       0x18 .pioenvs/bluepill_f103c8/libb45/libbootloader.a(backup.o)
                0x0000000008003494                backup_read
 .text.usb21_set_config
                0x00000000080034ac       0x28 .pioenvs/bluepill_f103c8/libb45/libbootloader.a(usb21_standard.o)
 .text.usb21_standard_get_descriptor
                0x00000000080034d4       0x5c .pioenvs/bluepill_f103c8/libb45/libbootloader.a(usb21_standard.o)
 .text.usb21_setup
                0x0000000008003530       0x34 .pioenvs/bluepill_f103c8/libb45/libbootloader.a(usb21_standard.o)
                0x0000000008003530                usb21_setup
 .text.flushFlash
                0x0000000008003564       0xa0 .pioenvs/bluepill_f103c8/libb45/libbootloader.a(ghostfat.o)
 .text.flash_write
                0x0000000008003604       0x48 .pioenvs/bluepill_f103c8/libb45/libbootloader.a(ghostfat.o)
                0x0000000008003604                flash_write
 .text.sleep_us
                0x000000000800364c       0x14 .pioenvs/bluepill_f103c8/libb45/libbootloader.a(target_stm32f103.o)
 .text.target_get_serial_number
                0x0000000008003660        0xa .pioenvs/bluepill_f103c8/libb45/libbootloader.a(target_stm32f103.o)
                0x0000000008003660                target_get_serial_number
 .text.target_flash_unlock
                0x000000000800366a        0x8 .pioenvs/bluepill_f103c8/libb45/libbootloader.a(target_stm32f103.o)
                0x000000000800366a                target_flash_unlock
 .text.target_flash_lock
                0x0000000008003672        0x8 .pioenvs/bluepill_f103c8/libb45/libbootloader.a(target_stm32f103.o)
                0x0000000008003672                target_flash_lock
 .text.usb_descriptor_type
                0x000000000800367a        0x4 .pioenvs/bluepill_f103c8/libb45/libbootloader.a(usb_conf.o)
 .text.usb_descriptor_index
                0x000000000800367e        0x4 .pioenvs/bluepill_f103c8/libb45/libbootloader.a(usb_conf.o)
 .text.usb_descriptor_type
                0x0000000008003682        0x4 .pioenvs/bluepill_f103c8/libb45/libbootloader.a(winusb.o)
 .text.usb_descriptor_index
                0x0000000008003686        0x4 .pioenvs/bluepill_f103c8/libb45/libbootloader.a(winusb.o)
 .text.hf2_data_tx_cb
                0x000000000800368a        0x8 .pioenvs/bluepill_f103c8/libb45/libbootloader.a(hf2.o)
 .text.build_bos_descriptor
                0x0000000008003692       0x7c .pioenvs/bluepill_f103c8/libb45/libbootloader.a(usb21_standard.o)
                0x0000000008003710                . = ALIGN (0x4)
 *fill*         0x000000000800370e        0x2 
 :*reset_handler*(SORT_BY_ALIGNMENT(.rodata*))
 .rodata.pre_main.str1.4
                0x0000000008003710       0x37 .pioenvs/bluepill_f103c8/libccd/hal/reset_handler.o
 *libhal.a:*reset_handler*(SORT_BY_ALIGNMENT(.rodata*))
 :*codal_target_hal*(SORT_BY_ALIGNMENT(.rodata*))
 *fill*         0x0000000008003747        0x1 
 .rodata.target_panic.str1.4
                0x0000000008003748       0x13 .pioenvs/bluepill_f103c8/libccd/hal/codal_target_hal.o
 *fill*         0x000000000800375b        0x1 
 .rodata.target_wait.str1.4
                0x000000000800375c       0x10 .pioenvs/bluepill_f103c8/libccd/hal/codal_target_hal.o
 .rodata.target_wait_us.str1.4
                0x000000000800376c       0x13 .pioenvs/bluepill_f103c8/libccd/hal/codal_target_hal.o
 *fill*         0x000000000800377f        0x1 
 .rodata.test_codal.str1.4
                0x0000000008003780       0x3c .pioenvs/bluepill_f103c8/libccd/hal/codal_target_hal.o
 *libhal.a:*codal_target_hal*(SORT_BY_ALIGNMENT(.rodata*))
 :*CortexContextSwitch*(SORT_BY_ALIGNMENT(.rodata*))
 *libhal.a:(SORT_BY_ALIGNMENT(.rodata*))
 *liblibopencm3.a:(SORT_BY_ALIGNMENT(.rodata*))
 *libFrameworkLibOpenCM3.a:(SORT_BY_ALIGNMENT(.rodata*))
 .rodata.chars.4166
                0x00000000080037bc       0x11 .pioenvs/bluepill_f103c8/libFrameworkLibOpenCM3.a(desig.o)
 *fill*         0x00000000080037cd        0x3 
 .rodata.st_usbfs_v1_usb_driver
                0x00000000080037d0       0x34 .pioenvs/bluepill_f103c8/libFrameworkLibOpenCM3.a(st_usbfs_v1.o)
                0x00000000080037d0                st_usbfs_v1_usb_driver
 .rodata        0x0000000008003804        0x8 .pioenvs/bluepill_f103c8/libFrameworkLibOpenCM3.a(st_usbfs_core.o)
 *libcocoos.a:(SORT_BY_ALIGNMENT(.rodata*))
 *libcocoOS_?.?.?.a:(SORT_BY_ALIGNMENT(.rodata*))
 *libgcc.a:(SORT_BY_ALIGNMENT(.rodata*))
 *libqfplib.a:(SORT_BY_ALIGNMENT(.rodata*))
 *libnano-float.a:(SORT_BY_ALIGNMENT(.rodata*))
 *libnewlib.a:(SORT_BY_ALIGNMENT(.rodata*))
 *liblogger.a:(SORT_BY_ALIGNMENT(.rodata*))
 .rodata._Z11debug_printi.str1.4
                0x000000000800380c        0x6 .pioenvs/bluepill_f103c8/libd9b/liblogger.a(logger.o)
 *fill*         0x0000000008003812        0x2 
 .rodata._Z11debug_printj.str1.4
                0x0000000008003814        0xb .pioenvs/bluepill_f103c8/libd9b/liblogger.a(logger.o)
 *fill*         0x000000000800381f        0x1 
 .rodata.debug_println.str1.4
                0x0000000008003820        0x2 .pioenvs/bluepill_f103c8/libd9b/liblogger.a(logger.o)
 *libbluepill.a:(SORT_BY_ALIGNMENT(.rodata*))
 *fill*         0x0000000008003822        0x2 
 .rodata.platform_setup.str1.4
                0x0000000008003824       0x13 .pioenvs/bluepill_f103c8/lib271/libbluepill.a(bluepill.o)
 *fill*         0x0000000008003837        0x1 
 .rodata._ZL9rtc_setupv.str1.4
                0x0000000008003838       0x1d .pioenvs/bluepill_f103c8/lib271/libbluepill.a(timer.o)
 *fill*         0x0000000008003855        0x3 
 .rodata.platform_start_timer.str1.4
                0x0000000008003858       0x15 .pioenvs/bluepill_f103c8/lib271/libbluepill.a(timer.o)
 *libbootloader.a:(SORT_BY_ALIGNMENT(.rodata*))
 *fill*         0x000000000800386d        0x3 
 .rodata.bootloader_start.str1.4
                0x0000000008003870       0x1a .pioenvs/bluepill_f103c8/libb45/libbootloader.a(bootloader.o)
 *fill*         0x000000000800388a        0x2 
 .rodata.get_serial_number.str1.4
                0x000000000800388c       0x32 .pioenvs/bluepill_f103c8/libb45/libbootloader.a(bootloader.o)
 *fill*         0x00000000080038be        0x2 
 .rodata.poll_loop.str1.4
                0x00000000080038c0       0x10 .pioenvs/bluepill_f103c8/libb45/libbootloader.a(bootloader.o)
 .rodata.target_flash_program_array.str1.4
                0x00000000080038d0       0x73 .pioenvs/bluepill_f103c8/libb45/libbootloader.a(target_stm32f103.o)
 *fill*         0x0000000008003943        0x1 
 .rodata.target_get_startup_mode.str1.4
                0x0000000008003944       0x19 .pioenvs/bluepill_f103c8/libb45/libbootloader.a(target_stm32f103.o)
 *fill*         0x000000000800395d        0x3 
 .rodata.validate_application.str1.4
                0x0000000008003960       0x19 .pioenvs/bluepill_f103c8/libb45/libbootloader.a(target_stm32f103.o)
                                         0x1d (size before relaxing)
 *fill*         0x0000000008003979        0x3 
 .rodata.aggregate_callback.str1.4
                0x000000000800397c        0x4 .pioenvs/bluepill_f103c8/libb45/libbootloader.a(usb_conf.o)
 .rodata.aggregate_register_callback.str1.4
                0x0000000008003980       0x26 .pioenvs/bluepill_f103c8/libb45/libbootloader.a(usb_conf.o)
 *fill*         0x00000000080039a6        0x2 
 .rodata.aggregate_register_config_callback.str1.4
                0x00000000080039a8       0x25 .pioenvs/bluepill_f103c8/libb45/libbootloader.a(usb_conf.o)
 *fill*         0x00000000080039cd        0x3 
 .rodata.bos_descriptor
                0x00000000080039d0        0x9 .pioenvs/bluepill_f103c8/libb45/libbootloader.a(usb_conf.o)
 *fill*         0x00000000080039d9        0x3 
 .rodata.cdc_iface_assoc
                0x00000000080039dc        0x8 .pioenvs/bluepill_f103c8/libb45/libbootloader.a(usb_conf.o)
 .rodata.cdcacm_functional_descriptors
                0x00000000080039e4       0x13 .pioenvs/bluepill_f103c8/libb45/libbootloader.a(usb_conf.o)
 *fill*         0x00000000080039f7        0x1 
 .rodata.comm_endp
                0x00000000080039f8        0xf .pioenvs/bluepill_f103c8/libb45/libbootloader.a(usb_conf.o)
 *fill*         0x0000000008003a07        0x1 
 .rodata.comm_iface
                0x0000000008003a08       0x15 .pioenvs/bluepill_f103c8/libb45/libbootloader.a(usb_conf.o)
 *fill*         0x0000000008003a1d        0x3 
 .rodata.config
                0x0000000008003a20        0xd .pioenvs/bluepill_f103c8/libb45/libbootloader.a(usb_conf.o)
 *fill*         0x0000000008003a2d        0x3 
 .rodata.data_endp
                0x0000000008003a30       0x1e .pioenvs/bluepill_f103c8/libb45/libbootloader.a(usb_conf.o)
 *fill*         0x0000000008003a4e        0x2 
 .rodata.data_iface
                0x0000000008003a50       0x15 .pioenvs/bluepill_f103c8/libb45/libbootloader.a(usb_conf.o)
 *fill*         0x0000000008003a65        0x3 
 .rodata.dev    0x0000000008003a68       0x12 .pioenvs/bluepill_f103c8/libb45/libbootloader.a(usb_conf.o)
 *fill*         0x0000000008003a7a        0x2 
 .rodata.dump_buffer.str1.4
                0x0000000008003a7c        0x4 .pioenvs/bluepill_f103c8/libb45/libbootloader.a(usb_conf.o)
                                          0x9 (size before relaxing)
 .rodata.dump_usb_request.str1.4
                0x0000000008003a80       0x90 .pioenvs/bluepill_f103c8/libb45/libbootloader.a(usb_conf.o)
 .rodata.hf2_endp
                0x0000000008003b10       0x1e .pioenvs/bluepill_f103c8/libb45/libbootloader.a(usb_conf.o)
 *fill*         0x0000000008003b2e        0x2 
 .rodata.hf2_iface
                0x0000000008003b30       0x15 .pioenvs/bluepill_f103c8/libb45/libbootloader.a(usb_conf.o)
 *fill*         0x0000000008003b45        0x3 
 .rodata.interfaces
                0x0000000008003b48       0x30 .pioenvs/bluepill_f103c8/libb45/libbootloader.a(usb_conf.o)
 .rodata.set_aggregate_callback.str1.4
                0x0000000008003b78       0x41 .pioenvs/bluepill_f103c8/libb45/libbootloader.a(usb_conf.o)
 *fill*         0x0000000008003bb9        0x3 
 .rodata.str1.4
                0x0000000008003bbc       0x86 .pioenvs/bluepill_f103c8/libb45/libbootloader.a(usb_conf.o)
 *fill*         0x0000000008003c42        0x2 
 .rodata.usb_setup.str1.4
                0x0000000008003c44       0x31 .pioenvs/bluepill_f103c8/libb45/libbootloader.a(usb_conf.o)
 *fill*         0x0000000008003c75        0x3 
 .rodata.webusb_control_vendor_request.str1.4
                0x0000000008003c78       0x3f .pioenvs/bluepill_f103c8/libb45/libbootloader.a(webusb.o)
                                         0x43 (size before relaxing)
 *fill*         0x0000000008003cb7        0x1 
 .rodata.webusb_platform_capability_descriptor
                0x0000000008003cb8       0x18 .pioenvs/bluepill_f103c8/libb45/libbootloader.a(webusb.o)
                0x0000000008003cb8                webusb_platform_capability_descriptor
 .rodata.webusb_set_config.str1.4
                0x0000000008003cd0       0x1d .pioenvs/bluepill_f103c8/libb45/libbootloader.a(webusb.o)
 *fill*         0x0000000008003ced        0x3 
 .rodata.webusb_setup.str1.4
                0x0000000008003cf0       0x18 .pioenvs/bluepill_f103c8/libb45/libbootloader.a(webusb.o)
 .rodata.guid   0x0000000008003d08       0x92 .pioenvs/bluepill_f103c8/libb45/libbootloader.a(winusb.o)
 *fill*         0x0000000008003d9a        0x2 
 .rodata.microsoft_platform_capability_descriptor
                0x0000000008003d9c       0x1c .pioenvs/bluepill_f103c8/libb45/libbootloader.a(winusb.o)
                0x0000000008003d9c                microsoft_platform_capability_descriptor
 .rodata.winusb_control_vendor_request.str1.4
                0x0000000008003db8       0x17 .pioenvs/bluepill_f103c8/libb45/libbootloader.a(winusb.o)
 *fill*         0x0000000008003dcf        0x1 
 .rodata.winusb_descriptor_request.str1.4
                0x0000000008003dd0        0x6 .pioenvs/bluepill_f103c8/libb45/libbootloader.a(winusb.o)
 *fill*         0x0000000008003dd6        0x2 
 .rodata.winusb_set_config.str1.4
                0x0000000008003dd8       0x1d .pioenvs/bluepill_f103c8/libb45/libbootloader.a(winusb.o)
 *fill*         0x0000000008003df5        0x3 
 .rodata.winusb_setup.str1.4
                0x0000000008003df8       0x18 .pioenvs/bluepill_f103c8/libb45/libbootloader.a(winusb.o)
 .rodata.winusb_string_descriptor
                0x0000000008003e10       0x12 .pioenvs/bluepill_f103c8/libb45/libbootloader.a(winusb.o)
 *fill*         0x0000000008003e22        0x2 
 .rodata.cdc_setup.str1.4
                0x0000000008003e24       0x15 .pioenvs/bluepill_f103c8/libb45/libbootloader.a(cdc.o)
 *fill*         0x0000000008003e39        0x3 
 .rodata.cdcacm_comm_cb.str1.4
                0x0000000008003e3c        0x5 .pioenvs/bluepill_f103c8/libb45/libbootloader.a(cdc.o)
 *fill*         0x0000000008003e41        0x3 
 .rodata.cdcacm_control_request.str1.4
                0x0000000008003e44       0x28 .pioenvs/bluepill_f103c8/libb45/libbootloader.a(cdc.o)
                                         0x31 (size before relaxing)
 .rodata.cdcacm_data_rx_cb.str1.4
                0x0000000008003e6c        0x6 .pioenvs/bluepill_f103c8/libb45/libbootloader.a(cdc.o)
 *fill*         0x0000000008003e72        0x2 
 .rodata.cdcacm_set_config.str1.4
                0x0000000008003e74       0x1d .pioenvs/bluepill_f103c8/libb45/libbootloader.a(cdc.o)
 *fill*         0x0000000008003e91        0x3 
 .rodata.line_coding
                0x0000000008003e94        0x7 .pioenvs/bluepill_f103c8/libb45/libbootloader.a(cdc.o)
 *fill*         0x0000000008003e9b        0x1 
 .rodata.assert.str1.4
                0x0000000008003e9c        0xc .pioenvs/bluepill_f103c8/libb45/libbootloader.a(hf2.o)
 .rodata.bad_packet_message
                0x0000000008003ea8        0xb .pioenvs/bluepill_f103c8/libb45/libbootloader.a(hf2.o)
 *fill*         0x0000000008003eb3        0x1 
 .rodata.dump_pkt.str1.4
                0x0000000008003eb4       0x90 .pioenvs/bluepill_f103c8/libb45/libbootloader.a(hf2.o)
 .rodata.handle_command.str1.4
                0x0000000008003f44       0x89 .pioenvs/bluepill_f103c8/libb45/libbootloader.a(hf2.o)
                                         0x8d (size before relaxing)
 *fill*         0x0000000008003fcd        0x3 
 .rodata.hf2_data_rx_cb.str1.4
                0x0000000008003fd0        0xc .pioenvs/bluepill_f103c8/libb45/libbootloader.a(hf2.o)
 .rodata.hf2_set_config.str1.4
                0x0000000008003fdc        0xb .pioenvs/bluepill_f103c8/libb45/libbootloader.a(hf2.o)
 *fill*         0x0000000008003fe7        0x1 
 .rodata.hf2_setup.str1.4
                0x0000000008003fe8       0x15 .pioenvs/bluepill_f103c8/libb45/libbootloader.a(hf2.o)
 *fill*         0x0000000008003ffd        0x3 
 .rodata.send_hf2_response.str1.4
                0x0000000008004000        0x7 .pioenvs/bluepill_f103c8/libb45/libbootloader.a(hf2.o)
 *fill*         0x0000000008004007        0x1 
 .rodata.usb21_set_config.str1.4
                0x0000000008004008       0x1c .pioenvs/bluepill_f103c8/libb45/libbootloader.a(usb21_standard.o)
 .rodata.usb21_setup.str1.4
                0x0000000008004024       0x17 .pioenvs/bluepill_f103c8/libb45/libbootloader.a(usb21_standard.o)
 *fill*         0x000000000800403b        0x1 
 .rodata.usb21_standard_get_descriptor.str1.4
                0x000000000800403c       0x24 .pioenvs/bluepill_f103c8/libb45/libbootloader.a(usb21_standard.o)
 .rodata.flushFlash.str1.4
                0x0000000008004060       0x20 .pioenvs/bluepill_f103c8/libb45/libbootloader.a(ghostfat.o)
                                         0x22 (size before relaxing)
 .rodata.infoUf2File
                0x0000000008004080       0x55 .pioenvs/bluepill_f103c8/libb45/libbootloader.a(ghostfat.o)
                0x0000000008004080                infoUf2File
                0x00000000080040d8                . = ALIGN (0x4)
 *fill*         0x00000000080040d5        0x3 
                0x00000000080040d8                _boot_etext = .

.text           0x0000000008006000     0x3880
                0x0000000008006000                . = ALIGN (0x4)
                0x0000000008006000                _text = .
 *(SORT_BY_ALIGNMENT(.text.application_start))
 .text.application_start
                0x0000000008006000       0x88 .pioenvs/bluepill_f103c8/lib739/libcm.a(application.o)
                0x0000000008006000                application_start
 *(SORT_BY_ALIGNMENT(.text.main))
 .text.main     0x0000000008006088       0x1a .pioenvs/bluepill_f103c8/src/main.o
                0x0000000008006088                main
 *(SORT_BY_ALIGNMENT(.text.startup.main))
 *(SORT_BY_ALIGNMENT(.text*))
 *fill*         0x00000000080060a2        0x2 
 .text._ZL10debug_dumpRN5codal13STM32BluePillEPKc
                0x00000000080060a4       0x7c .pioenvs/bluepill_f103c8/src/main.o
 .text._Z10Blink_mainRN5codal13STM32BluePillE
                0x0000000008006120       0x70 .pioenvs/bluepill_f103c8/src/main.o
                0x0000000008006120                Blink_main(codal::STM32BluePill&)
 .text._Z41__static_initialization_and_destruction_0ii
                0x0000000008006190       0x24 .pioenvs/bluepill_f103c8/src/uart.o
 .text.codal_dmesg_flush
                0x00000000080061b4       0x10 .pioenvs/bluepill_f103c8/lib3e7/libcodal-core.a(CodalDmesg.o)
                0x00000000080061b4                codal_dmesg_flush
 .text._ZN5codal14scheduler_tickENS_5EventE
                0x00000000080061c4       0x3c .pioenvs/bluepill_f103c8/lib3e7/libcodal-core.a(CodalFiber.o)
                0x00000000080061c4                codal::scheduler_tick(codal::Event)
 .text._ZN5codal15scheduler_eventENS_5EventE
                0x0000000008006200       0xc0 .pioenvs/bluepill_f103c8/lib3e7/libcodal-core.a(CodalFiber.o)
                0x0000000008006200                codal::scheduler_event(codal::Event)
 .text._Z15getFiberContextv
                0x00000000080062c0       0x58 .pioenvs/bluepill_f103c8/lib3e7/libcodal-core.a(CodalFiber.o)
                0x00000000080062c0                getFiberContext()
 .text._ZL10handle_fobv
                0x0000000008006318       0x34 .pioenvs/bluepill_f103c8/lib3e7/libcodal-core.a(CodalFiber.o)
 .text._ZN5codal23fiber_scheduler_runningEv
                0x000000000800634c       0x18 .pioenvs/bluepill_f103c8/lib3e7/libcodal-core.a(CodalFiber.o)
                0x000000000800634c                codal::fiber_scheduler_running()
 .text._ZN5codal14scheduler_initERNS_10EventModelE
                0x0000000008006364      0x11c .pioenvs/bluepill_f103c8/lib3e7/libcodal-core.a(CodalFiber.o)
                0x0000000008006364                codal::scheduler_init(codal::EventModel&)
 .text._ZN5codal19fiber_wake_on_eventEtt
                0x0000000008006480       0x90 .pioenvs/bluepill_f103c8/lib3e7/libcodal-core.a(CodalFiber.o)
                0x0000000008006480                codal::fiber_wake_on_event(unsigned short, unsigned short)
 .text._Z14__create_fibermmmi
                0x0000000008006510       0x68 .pioenvs/bluepill_f103c8/lib3e7/libcodal-core.a(CodalFiber.o)
                0x0000000008006510                __create_fiber(unsigned long, unsigned long, unsigned long, int)
 .text._ZN5codal24scheduler_runqueue_emptyEv
                0x0000000008006578       0x10 .pioenvs/bluepill_f103c8/lib3e7/libcodal-core.a(CodalFiber.o)
                0x0000000008006578                codal::scheduler_runqueue_empty()
 .text._ZN5codal4idleEv
                0x0000000008006588       0x44 .pioenvs/bluepill_f103c8/lib3e7/libcodal-core.a(CodalFiber.o)
                0x0000000008006588                codal::idle()
 .text._ZN5codal8scheduleEv
                0x00000000080065cc      0x1b8 .pioenvs/bluepill_f103c8/lib3e7/libcodal-core.a(CodalFiber.o)
                0x00000000080065cc                codal::schedule()
 .text._ZN5codal11fiber_sleepEm
                0x0000000008006784       0x38 .pioenvs/bluepill_f103c8/lib3e7/libcodal-core.a(CodalFiber.o)
                0x0000000008006784                codal::fiber_sleep(unsigned long)
 .text._ZN5codal13release_fiberEv
                0x00000000080067bc       0x70 .pioenvs/bluepill_f103c8/lib3e7/libcodal-core.a(CodalFiber.o)
                0x00000000080067bc                codal::release_fiber()
 .text._ZN5codal6invokeEPFvPvES0_
                0x000000000800682c       0x90 .pioenvs/bluepill_f103c8/lib3e7/libcodal-core.a(CodalFiber.o)
                0x000000000800682c                codal::invoke(void (*)(void*), void*)
 .text._Z18device_create_heapmm
                0x00000000080068bc       0x3c .pioenvs/bluepill_f103c8/lib3e7/libcodal-core.a(CodalHeapAllocator.o)
                0x00000000080068bc                device_create_heap(unsigned long, unsigned long)
 .text.device_malloc
                0x00000000080068f8       0x54 .pioenvs/bluepill_f103c8/lib3e7/libcodal-core.a(CodalHeapAllocator.o)
                0x00000000080068f8                malloc
                0x00000000080068f8                device_malloc
 .text.device_free
                0x000000000800694c       0x44 .pioenvs/bluepill_f103c8/lib3e7/libcodal-core.a(CodalHeapAllocator.o)
                0x000000000800694c                device_free
                0x000000000800694c                free
 .text._ZN5codal5TimerC2Ev
                0x0000000008006990       0x34 .pioenvs/bluepill_f103c8/lib3e7/libcodal-core.a(Timer.o)
                0x0000000008006990                codal::Timer::Timer()
                0x0000000008006990                codal::Timer::Timer()
 .text._ZN5codal25system_timer_current_timeEv
                0x00000000080069c4       0x18 .pioenvs/bluepill_f103c8/lib3e7/libcodal-core.a(Timer.o)
                0x00000000080069c4                codal::system_timer_current_time()
 .text._ZN5codal27system_timer_event_every_usEmtt
                0x00000000080069dc       0x24 .pioenvs/bluepill_f103c8/lib3e7/libcodal-core.a(Timer.o)
                0x00000000080069dc                codal::system_timer_event_every_us(unsigned long, unsigned short, unsigned short)
 .text._ZN5codal5Event4fireEv
                0x0000000008006a00       0x1c .pioenvs/bluepill_f103c8/lib3e7/libcodal-core.a(Event.o)
                0x0000000008006a00                codal::Event::fire()
 .text._ZN5codal4itoaEiPc
                0x0000000008006a1c       0x68 .pioenvs/bluepill_f103c8/lib3e7/libcodal-core.a(CodalCompat.o)
                0x0000000008006a1c                codal::itoa(int, char*)
 .text._ZN5codal3_cm3Pin14setAnalogValueEi
                0x0000000008006a84       0x20 .pioenvs/bluepill_f103c8/lib739/libcm.a(CmPin.o)
                0x0000000008006a84                codal::_cm::Pin::setAnalogValue(int)
 .text._ZN5codal3_cm3Pin9isTouchedEv
                0x0000000008006aa4        0x8 .pioenvs/bluepill_f103c8/lib739/libcm.a(CmPin.o)
                0x0000000008006aa4                codal::_cm::Pin::isTouched()
 .text._ZN5codal3_cm3Pin17getAnalogPeriodUsEv
                0x0000000008006aac        0x8 .pioenvs/bluepill_f103c8/lib739/libcm.a(CmPin.o)
                0x0000000008006aac                codal::_cm::Pin::getAnalogPeriodUs()
 .text._ZN5codal3_cm3Pin15getAnalogPeriodEv
                0x0000000008006ab4       0x18 .pioenvs/bluepill_f103c8/lib739/libcm.a(CmPin.o)
                0x0000000008006ab4                codal::_cm::Pin::getAnalogPeriod()
 .text._ZN5codal3_cm3Pin15setDigitalValueEi
                0x0000000008006acc       0x88 .pioenvs/bluepill_f103c8/lib739/libcm.a(CmPin.o)
                0x0000000008006acc                codal::_cm::Pin::setDigitalValue(int)
 .text._ZN5codal3_cm3PinC2EhmmtNS_13PinCapabilityE
                0x0000000008006b54       0x2c .pioenvs/bluepill_f103c8/lib739/libcm.a(CmPin.o)
                0x0000000008006b54                codal::_cm::Pin::Pin(unsigned char, unsigned long, unsigned long, unsigned short, codal::PinCapability)
                0x0000000008006b54                codal::_cm::Pin::Pin(unsigned char, unsigned long, unsigned long, unsigned short, codal::PinCapability)
 .text._ZN5codal3_cm3Pin13setServoValueEiii
                0x0000000008006b80       0x78 .pioenvs/bluepill_f103c8/lib739/libcm.a(CmPin.o)
                0x0000000008006b80                codal::_cm::Pin::setServoValue(int, int, int)
 .text._ZL8pre_mainv
                0x0000000008006bf8       0x48 .pioenvs/bluepill_f103c8/lib739/libcm.a(application.o)
 .text._ZN5codal14CodalComponent4initEv
                0x0000000008006c40        0x8 .pioenvs/bluepill_f103c8/lib2eb/libmodel.a(STM32BluePill.o)
                0x0000000008006c40                codal::CodalComponent::init()
 .text._ZN5codal14CodalComponentD2Ev
                0x0000000008006c48       0x18 .pioenvs/bluepill_f103c8/lib2eb/libmodel.a(STM32BluePill.o)
                0x0000000008006c48                codal::CodalComponent::~CodalComponent()
                0x0000000008006c48                codal::CodalComponent::~CodalComponent()
 .text._ZN5codal14CodalComponentD0Ev
                0x0000000008006c60       0x20 .pioenvs/bluepill_f103c8/lib2eb/libmodel.a(STM32BluePill.o)
                0x0000000008006c60                codal::CodalComponent::~CodalComponent()
 .text._ZN5codal13STM32BluePill4initEv
                0x0000000008006c80       0x54 .pioenvs/bluepill_f103c8/lib2eb/libmodel.a(STM32BluePill.o)
                0x0000000008006c80                codal::STM32BluePill::init()
 .text._ZN5codal13STM32BluePillC2Ev
                0x0000000008006cd4       0x9c .pioenvs/bluepill_f103c8/lib2eb/libmodel.a(STM32BluePill.o)
                0x0000000008006cd4                codal::STM32BluePill::STM32BluePill()
                0x0000000008006cd4                codal::STM32BluePill::STM32BluePill()
 .text._ZN5codal13STM32BluePillD2Ev
                0x0000000008006d70       0x4c .pioenvs/bluepill_f103c8/lib2eb/libmodel.a(STM32BluePill.o)
                0x0000000008006d70                codal::STM32BluePill::~STM32BluePill()
                0x0000000008006d70                codal::STM32BluePill::~STM32BluePill()
 .text._ZN5codal13STM32BluePillD0Ev
                0x0000000008006dbc       0x54 .pioenvs/bluepill_f103c8/lib2eb/libmodel.a(STM32BluePill.o)
                0x0000000008006dbc                codal::STM32BluePill::~STM32BluePill()
 .text._ZN5codal15STM32BluePillIOC2Ev
                0x0000000008006e10      0xb58 .pioenvs/bluepill_f103c8/lib2eb/libmodel.a(STM32BluePillIO.o)
                0x0000000008006e10                codal::STM32BluePillIO::STM32BluePillIO()
                0x0000000008006e10                codal::STM32BluePillIO::STM32BluePillIO()
 .text._Z41__static_initialization_and_destruction_0ii
                0x0000000008007968       0x1c .pioenvs/bluepill_f103c8/lib33e/libuartint.a(uartint.o)
 .text.usart2_isr
                0x0000000008007984       0x5c .pioenvs/bluepill_f103c8/lib33e/libuartint.a(uartint.o)
                0x0000000008007984                usart2_isr
 .text._Z18component_callbackN5codal5EventE
                0x00000000080079e0       0x68 .pioenvs/bluepill_f103c8/lib3e7/libcodal-core.a(CodalComponent.o)
                0x00000000080079e0                component_callback(codal::Event)
 .text._ZN5codal14CodalComponent12addComponentEv
                0x0000000008007a48       0xcc .pioenvs/bluepill_f103c8/lib3e7/libcodal-core.a(CodalComponent.o)
                0x0000000008007a48                codal::CodalComponent::addComponent()
 .text._ZN5codal14CodalComponent15removeComponentEv
                0x0000000008007b14       0x28 .pioenvs/bluepill_f103c8/lib3e7/libcodal-core.a(CodalComponent.o)
                0x0000000008007b14                codal::CodalComponent::removeComponent()
 .text._ZN5codal6SerialC2ERNS_3PinES2_hht
                0x0000000008007b3c       0x60 .pioenvs/bluepill_f103c8/lib3e7/libcodal-core.a(Serial.o)
                0x0000000008007b3c                codal::Serial::Serial(codal::Pin&, codal::Pin&, unsigned char, unsigned char, unsigned short)
                0x0000000008007b3c                codal::Serial::Serial(codal::Pin&, codal::Pin&, unsigned char, unsigned char, unsigned short)
 .text._ZN5codal6SerialD2Ev
                0x0000000008007b9c       0x28 .pioenvs/bluepill_f103c8/lib3e7/libcodal-core.a(Serial.o)
                0x0000000008007b9c                codal::Serial::~Serial()
                0x0000000008007b9c                codal::Serial::~Serial()
 .text._ZN5codal10EventModel4sendENS_5EventE
                0x0000000008007bc4       0x14 .pioenvs/bluepill_f103c8/lib3e7/libcodal-core.a(MessageBus.o)
                0x0000000008007bc4                codal::EventModel::send(codal::Event)
 .text._ZN5codal10EventModel3addEPNS_8ListenerE
                0x0000000008007bd8        0x8 .pioenvs/bluepill_f103c8/lib3e7/libcodal-core.a(MessageBus.o)
                0x0000000008007bd8                codal::EventModel::add(codal::Listener*)
 .text._ZN5codal10EventModel6removeEPNS_8ListenerE
                0x0000000008007be0        0x8 .pioenvs/bluepill_f103c8/lib3e7/libcodal-core.a(MessageBus.o)
                0x0000000008007be0                codal::EventModel::remove(codal::Listener*)
 .text._ZN5codal10MessageBus3addEPNS_8ListenerE
                0x0000000008007be8       0xe8 .pioenvs/bluepill_f103c8/lib3e7/libcodal-core.a(MessageBus.o)
                0x0000000008007be8                codal::MessageBus::add(codal::Listener*)
 .text._ZN5codal10MessageBus7processERNS_5EventEb
                0x0000000008007cd0       0x88 .pioenvs/bluepill_f103c8/lib3e7/libcodal-core.a(MessageBus.o)
                0x0000000008007cd0                codal::MessageBus::process(codal::Event&, bool)
 .text._ZN5codal19allocateNotifyEventEv
                0x0000000008007d58       0x10 .pioenvs/bluepill_f103c8/lib3e7/libcodal-core.a(MessageBus.o)
                0x0000000008007d58                codal::allocateNotifyEvent()
 .text._ZN5codal22MemberFunctionCallbackC2INS_10MessageBusEEEPT_MS3_FvNS_5EventEE
                0x0000000008007d68       0x30 .pioenvs/bluepill_f103c8/lib3e7/libcodal-core.a(MessageBus.o)
                0x0000000008007d68                codal::MemberFunctionCallback::MemberFunctionCallback<codal::MessageBus>(codal::MessageBus*, void (codal::MessageBus::*)(codal::Event))
                0x0000000008007d68                codal::MemberFunctionCallback::MemberFunctionCallback<codal::MessageBus>(codal::MessageBus*, void (codal::MessageBus::*)(codal::Event))
 .text._ZN5codal10EventModel6listenINS_10MessageBusEEEittPT_MS3_FvNS_5EventEEt
                0x0000000008007d98       0x8c .pioenvs/bluepill_f103c8/lib3e7/libcodal-core.a(MessageBus.o)
                0x0000000008007d98                int codal::EventModel::listen<codal::MessageBus>(unsigned short, unsigned short, codal::MessageBus*, void (codal::MessageBus::*)(codal::Event), unsigned short)
 .text._ZN5codal10MessageBusC2Ev
                0x0000000008007e24       0x74 .pioenvs/bluepill_f103c8/lib3e7/libcodal-core.a(MessageBus.o)
                0x0000000008007e24                codal::MessageBus::MessageBus()
                0x0000000008007e24                codal::MessageBus::MessageBus()
 .text._ZN5codal10MessageBusD2Ev
                0x0000000008007e98       0x50 .pioenvs/bluepill_f103c8/lib3e7/libcodal-core.a(MessageBus.o)
                0x0000000008007e98                codal::MessageBus::~MessageBus()
                0x0000000008007e98                codal::MessageBus::~MessageBus()
 .text._ZN5codal13ManagedString9initEmptyEv
                0x0000000008007ee8        0xc .pioenvs/bluepill_f103c8/lib3e7/libcodal-core.a(ManagedString.o)
                0x0000000008007ee8                codal::ManagedString::initEmpty()
 .text._Z41__static_initialization_and_destruction_0ii
                0x0000000008007ef4       0x38 .pioenvs/bluepill_f103c8/lib3e7/libcodal-core.a(ManagedString.o)
 .text._ZN5codal3_cm3I2CC2ERNS_3PinES3_
                0x0000000008007f2c       0x1c .pioenvs/bluepill_f103c8/lib739/libcm.a(CmI2C.o)
                0x0000000008007f2c                codal::_cm::I2C::I2C(codal::Pin&, codal::Pin&)
                0x0000000008007f2c                codal::_cm::I2C::I2C(codal::Pin&, codal::Pin&)
 .text._ZN5codal3_cm3SPI4initEv
                0x0000000008007f48       0x5c .pioenvs/bluepill_f103c8/lib739/libcm.a(CmSPI.o)
                0x0000000008007f48                codal::_cm::SPI::init()
 .text._ZN5codal3_cm3SPIC2ERNS0_3PinES3_S3_S3_
                0x0000000008007fa4       0x9c .pioenvs/bluepill_f103c8/lib739/libcm.a(CmSPI.o)
                0x0000000008007fa4                codal::_cm::SPI::SPI(codal::_cm::Pin&, codal::_cm::Pin&, codal::_cm::Pin&, codal::_cm::Pin&)
                0x0000000008007fa4                codal::_cm::SPI::SPI(codal::_cm::Pin&, codal::_cm::Pin&, codal::_cm::Pin&, codal::_cm::Pin&)
 .text._ZN5codal3_cm6SerialD2Ev
                0x0000000008008040       0x14 .pioenvs/bluepill_f103c8/lib739/libcm.a(CmSerial.o)
                0x0000000008008040                codal::_cm::Serial::~Serial()
                0x0000000008008040                codal::_cm::Serial::~Serial()
 .text._ZN5codal3_cm6SerialD0Ev
                0x0000000008008054       0x1c .pioenvs/bluepill_f103c8/lib739/libcm.a(CmSerial.o)
                0x0000000008008054                codal::_cm::Serial::~Serial()
 .text._ZN5codal3_cm6SerialC2ERNS0_3PinES3_hh
                0x0000000008008070       0x50 .pioenvs/bluepill_f103c8/lib739/libcm.a(CmSerial.o)
                0x0000000008008070                codal::_cm::Serial::Serial(codal::_cm::Pin&, codal::_cm::Pin&, unsigned char, unsigned char)
                0x0000000008008070                codal::_cm::Serial::Serial(codal::_cm::Pin&, codal::_cm::Pin&, unsigned char, unsigned char)
 .text._ZN5codal3_cm13tick_callbackEv
                0x00000000080080c0       0x14 .pioenvs/bluepill_f103c8/lib739/libcm.a(CmTimer.o)
                0x00000000080080c0                codal::_cm::tick_callback()
 .text._ZN5codal3_cm14alarm_callbackEv
                0x00000000080080d4       0x14 .pioenvs/bluepill_f103c8/lib739/libcm.a(CmTimer.o)
                0x00000000080080d4                codal::_cm::alarm_callback()
 .text._ZN5codal3_cm5Timer4initEv
                0x00000000080080e8       0x2c .pioenvs/bluepill_f103c8/lib739/libcm.a(CmTimer.o)
                0x00000000080080e8                codal::_cm::Timer::init()
 .text._ZN5codal3_cm5TimerC2Ev
                0x0000000008008114       0x28 .pioenvs/bluepill_f103c8/lib739/libcm.a(CmTimer.o)
                0x0000000008008114                codal::_cm::Timer::Timer()
                0x0000000008008114                codal::_cm::Timer::Timer()
 .text.pinmap_peripheral
                0x000000000800813c       0x2c .pioenvs/bluepill_f103c8/lib739/libcm.a(CmPinMap.o)
                0x000000000800813c                pinmap_peripheral
 .text.pinmap_mode
                0x0000000008008168       0x28 .pioenvs/bluepill_f103c8/lib739/libcm.a(CmPinMap.o)
                0x0000000008008168                pinmap_mode
 .text.pinmap_cnf
                0x0000000008008190       0x28 .pioenvs/bluepill_f103c8/lib739/libcm.a(CmPinMap.o)
                0x0000000008008190                pinmap_cnf
 .text._ZN5codal3I2CC2ERNS_3PinES2_
                0x00000000080081b8        0xc .pioenvs/bluepill_f103c8/lib3e7/libcodal-core.a(I2C.o)
                0x00000000080081b8                codal::I2C::I2C(codal::Pin&, codal::Pin&)
                0x00000000080081b8                codal::I2C::I2C(codal::Pin&, codal::Pin&)
 .text._GLOBAL__sub_I_serialPort
                0x00000000080081c4        0xe .pioenvs/bluepill_f103c8/src/uart.o
 .text._ZN5codal11queue_fiberEPNS_5FiberEPS1_
                0x00000000080081d2       0x2e .pioenvs/bluepill_f103c8/lib3e7/libcodal-core.a(CodalFiber.o)
                0x00000000080081d2                codal::queue_fiber(codal::Fiber*, codal::Fiber**)
 .text._ZN5codal13dequeue_fiberEPNS_5FiberE
                0x0000000008008200       0x34 .pioenvs/bluepill_f103c8/lib3e7/libcodal-core.a(CodalFiber.o)
                0x0000000008008200                codal::dequeue_fiber(codal::Fiber*)
 .text._ZN5codal12create_fiberEPFvPvES0_S2_
                0x0000000008008234       0x20 .pioenvs/bluepill_f103c8/lib3e7/libcodal-core.a(CodalFiber.o)
                0x0000000008008234                codal::create_fiber(void (*)(void*), void*, void (*)(void*))
 .text._ZN5codal20fiber_wait_for_eventEtt
                0x0000000008008254       0x14 .pioenvs/bluepill_f103c8/lib3e7/libcodal-core.a(CodalFiber.o)
                0x0000000008008254                codal::fiber_wait_for_event(unsigned short, unsigned short)
 .text._ZN5codal16launch_new_fiberEPFvvES1_
                0x0000000008008268        0xe .pioenvs/bluepill_f103c8/lib3e7/libcodal-core.a(CodalFiber.o)
                0x0000000008008268                codal::launch_new_fiber(void (*)(), void (*)())
 .text._ZN5codal13release_fiberEPv
                0x0000000008008276       0x10 .pioenvs/bluepill_f103c8/lib3e7/libcodal-core.a(CodalFiber.o)
                0x0000000008008276                codal::release_fiber(void*)
 .text._ZN5codal22launch_new_fiber_paramEPFvPvES2_S0_
                0x0000000008008286       0x18 .pioenvs/bluepill_f103c8/lib3e7/libcodal-core.a(CodalFiber.o)
                0x0000000008008286                codal::launch_new_fiber_param(void (*)(void*), void (*)(void*), void*)
 .text._ZN5codal9idle_taskEv
                0x000000000800829e        0xc .pioenvs/bluepill_f103c8/lib3e7/libcodal-core.a(CodalFiber.o)
                0x000000000800829e                codal::idle_task()
 .text._Z16device_malloc_injR14HeapDefinition
                0x00000000080082aa       0xa0 .pioenvs/bluepill_f103c8/lib3e7/libcodal-core.a(CodalHeapAllocator.o)
                0x00000000080082aa                device_malloc_in(unsigned int, HeapDefinition&)
 .text._ZN5codal8ListenerC2EttPFvNS_5EventEEt
                0x000000000800834a       0x28 .pioenvs/bluepill_f103c8/lib3e7/libcodal-core.a(CodalListener.o)
                0x000000000800834a                codal::Listener::Listener(unsigned short, unsigned short, void (*)(codal::Event), unsigned short)
                0x000000000800834a                codal::Listener::Listener(unsigned short, unsigned short, void (*)(codal::Event), unsigned short)
 .text._ZN5codal8ListenerD2Ev
                0x0000000008008372       0x18 .pioenvs/bluepill_f103c8/lib3e7/libcodal-core.a(CodalListener.o)
                0x0000000008008372                codal::Listener::~Listener()
                0x0000000008008372                codal::Listener::~Listener()
 .text._ZN5codal8Listener5queueENS_5EventE
                0x000000000800838a       0x62 .pioenvs/bluepill_f103c8/lib3e7/libcodal-core.a(CodalListener.o)
                0x000000000800838a                codal::Listener::queue(codal::Event)
 .text._ZN5codal5Timer17disableInterruptsEv
                0x00000000080083ec        0xa .pioenvs/bluepill_f103c8/lib3e7/libcodal-core.a(Timer.o)
                0x00000000080083ec                codal::Timer::disableInterrupts()
 .text._ZN5codal5Timer16enableInterruptsEv
                0x00000000080083f6        0xa .pioenvs/bluepill_f103c8/lib3e7/libcodal-core.a(Timer.o)
                0x00000000080083f6                codal::Timer::enableInterrupts()
 .text._ZN5codal5Timer13getTimerEventEv
                0x0000000008008400       0x24 .pioenvs/bluepill_f103c8/lib3e7/libcodal-core.a(Timer.o)
                0x0000000008008400                codal::Timer::getTimerEvent()
 .text._ZN5codal5Timer17releaseTimerEventEPNS_10TimerEventE
                0x0000000008008424       0x12 .pioenvs/bluepill_f103c8/lib3e7/libcodal-core.a(Timer.o)
                0x0000000008008424                codal::Timer::releaseTimerEvent(codal::TimerEvent*)
 .text._ZN5codal5Timer7getTimeEv
                0x0000000008008436        0xe .pioenvs/bluepill_f103c8/lib3e7/libcodal-core.a(Timer.o)
                0x0000000008008436                codal::Timer::getTime()
 .text._ZN5codal5Timer9getTimeUsEv
                0x0000000008008444        0xe .pioenvs/bluepill_f103c8/lib3e7/libcodal-core.a(Timer.o)
                0x0000000008008444                codal::Timer::getTimeUs()
 .text._ZN5codal5Timer8setEventEmttb
                0x0000000008008452       0x6a .pioenvs/bluepill_f103c8/lib3e7/libcodal-core.a(Timer.o)
                0x0000000008008452                codal::Timer::setEvent(unsigned long, unsigned short, unsigned short, bool)
 .text._ZN5codal5Timer12eventEveryUsEmtt
                0x00000000080084bc       0x10 .pioenvs/bluepill_f103c8/lib3e7/libcodal-core.a(Timer.o)
                0x00000000080084bc                codal::Timer::eventEveryUs(unsigned long, unsigned short, unsigned short)
 .text._ZN5codal5Timer4syncEm
                0x00000000080084cc       0x24 .pioenvs/bluepill_f103c8/lib3e7/libcodal-core.a(Timer.o)
                0x00000000080084cc                codal::Timer::sync(unsigned long)
 .text._ZN5codal5Timer7triggerEv
                0x00000000080084f0       0xa4 .pioenvs/bluepill_f103c8/lib3e7/libcodal-core.a(Timer.o)
                0x00000000080084f0                codal::Timer::trigger()
 .text._ZN5codal5TimerD2Ev
                0x0000000008008594        0x2 .pioenvs/bluepill_f103c8/lib3e7/libcodal-core.a(Timer.o)
                0x0000000008008594                codal::Timer::~Timer()
                0x0000000008008594                codal::Timer::~Timer()
 .text._ZN5codal5EventC2Ev
                0x0000000008008596       0x14 .pioenvs/bluepill_f103c8/lib3e7/libcodal-core.a(Event.o)
                0x0000000008008596                codal::Event::Event()
                0x0000000008008596                codal::Event::Event()
 .text._ZN5codal5EventC2EttNS_15EventLaunchModeE
                0x00000000080085aa       0x1e .pioenvs/bluepill_f103c8/lib3e7/libcodal-core.a(Event.o)
                0x00000000080085aa                codal::Event::Event(unsigned short, unsigned short, codal::EventLaunchMode)
                0x00000000080085aa                codal::Event::Event(unsigned short, unsigned short, codal::EventLaunchMode)
 .text._ZN5codal5EventC2EttmNS_15EventLaunchModeE
                0x00000000080085c8       0x1c .pioenvs/bluepill_f103c8/lib3e7/libcodal-core.a(Event.o)
                0x00000000080085c8                codal::Event::Event(unsigned short, unsigned short, unsigned long, codal::EventLaunchMode)
                0x00000000080085c8                codal::Event::Event(unsigned short, unsigned short, unsigned long, codal::EventLaunchMode)
 .text._ZN5codal14EventQueueItemC2ENS_5EventE
                0x00000000080085e4       0x22 .pioenvs/bluepill_f103c8/lib3e7/libcodal-core.a(Event.o)
                0x00000000080085e4                codal::EventQueueItem::EventQueueItem(codal::Event)
                0x00000000080085e4                codal::EventQueueItem::EventQueueItem(codal::Event)
 .text._ZN5codal14string_reverseEPc
                0x0000000008008606       0x32 .pioenvs/bluepill_f103c8/lib3e7/libcodal-core.a(CodalCompat.o)
                0x0000000008008606                codal::string_reverse(char*)
 .text._ZN5codal3Pin15setServoPulseUsEm
                0x0000000008008638        0x6 .pioenvs/bluepill_f103c8/lib739/libcm.a(CmPin.o)
                0x0000000008008638                codal::Pin::setServoPulseUs(unsigned long)
 .text._ZN5codal3Pin17setAnalogPeriodUsEm
                0x000000000800863e        0x6 .pioenvs/bluepill_f103c8/lib739/libcm.a(CmPin.o)
                0x000000000800863e                codal::Pin::setAnalogPeriodUs(unsigned long)
 .text._ZN5codal3Pin8drainPinEv
                0x0000000008008644        0x6 .pioenvs/bluepill_f103c8/lib739/libcm.a(CmPin.o)
                0x0000000008008644                codal::Pin::drainPin()
 .text._ZN5codal3_cm3Pin15getDigitalValueEv
                0x000000000800864a        0x4 .pioenvs/bluepill_f103c8/lib739/libcm.a(CmPin.o)
                0x000000000800864a                codal::_cm::Pin::getDigitalValue()
 .text._ZN5codal3_cm3Pin15getDigitalValueENS_8PullModeE
                0x000000000800864e       0x14 .pioenvs/bluepill_f103c8/lib739/libcm.a(CmPin.o)
                0x000000000800864e                codal::_cm::Pin::getDigitalValue(codal::PullMode)
 .text._ZN5codal3_cm3Pin14getAnalogValueEv
                0x0000000008008662        0x4 .pioenvs/bluepill_f103c8/lib739/libcm.a(CmPin.o)
                0x0000000008008662                codal::_cm::Pin::getAnalogValue()
 .text._ZN5codal3_cm3Pin7isInputEv
                0x0000000008008666        0xe .pioenvs/bluepill_f103c8/lib739/libcm.a(CmPin.o)
                0x0000000008008666                codal::_cm::Pin::isInput()
 .text._ZN5codal3_cm3Pin8isOutputEv
                0x0000000008008674        0xe .pioenvs/bluepill_f103c8/lib739/libcm.a(CmPin.o)
                0x0000000008008674                codal::_cm::Pin::isOutput()
 .text._ZN5codal3_cm3Pin9isDigitalEv
                0x0000000008008682        0xc .pioenvs/bluepill_f103c8/lib739/libcm.a(CmPin.o)
                0x0000000008008682                codal::_cm::Pin::isDigital()
 .text._ZN5codal3_cm3Pin8isAnalogEv
                0x000000000800868e        0xe .pioenvs/bluepill_f103c8/lib739/libcm.a(CmPin.o)
                0x000000000800868e                codal::_cm::Pin::isAnalog()
 .text._ZN5codal3_cm3Pin7setPullENS_8PullModeE
                0x000000000800869c        0x6 .pioenvs/bluepill_f103c8/lib739/libcm.a(CmPin.o)
                0x000000000800869c                codal::_cm::Pin::setPull(codal::PullMode)
 .text._ZN5codal3_cm3Pin5setupEhh
                0x00000000080086a2       0x1c .pioenvs/bluepill_f103c8/lib739/libcm.a(CmPin.o)
                0x00000000080086a2                codal::_cm::Pin::setup(unsigned char, unsigned char)
 .text._ZN5codal3_cm3Pin10disconnectEv
                0x00000000080086be        0x6 .pioenvs/bluepill_f103c8/lib739/libcm.a(CmPin.o)
                0x00000000080086be                codal::_cm::Pin::disconnect()
 .text._ZN5codal3_cm3Pin15setServoPulseUsEi
                0x00000000080086c4        0x4 .pioenvs/bluepill_f103c8/lib739/libcm.a(CmPin.o)
                0x00000000080086c4                codal::_cm::Pin::setServoPulseUs(int)
 .text._ZN5codal3_cm3Pin17setAnalogPeriodUsEi
                0x00000000080086c8       0x18 .pioenvs/bluepill_f103c8/lib739/libcm.a(CmPin.o)
                0x00000000080086c8                codal::_cm::Pin::setAnalogPeriodUs(int)
 .text._ZN5codal3_cm3Pin15setAnalogPeriodEi
                0x00000000080086e0       0x10 .pioenvs/bluepill_f103c8/lib739/libcm.a(CmPin.o)
                0x00000000080086e0                codal::_cm::Pin::setAnalogPeriod(int)
 .text._ZN5codal3_cm3Pin13disableEventsEv
                0x00000000080086f0       0x14 .pioenvs/bluepill_f103c8/lib739/libcm.a(CmPin.o)
                0x00000000080086f0                codal::_cm::Pin::disableEvents()
 .text._ZN5codal3_cm3Pin7eventOnEi
                0x0000000008008704       0x2c .pioenvs/bluepill_f103c8/lib739/libcm.a(CmPin.o)
                0x0000000008008704                codal::_cm::Pin::eventOn(int)
 .text._ZN5codal14CodalComponent16periodicCallbackEv
                0x0000000008008730        0x2 .pioenvs/bluepill_f103c8/lib2eb/libmodel.a(STM32BluePill.o)
                0x0000000008008730                codal::CodalComponent::periodicCallback()
 .text._ZN5codal14CodalComponent12idleCallbackEv
                0x0000000008008732        0x2 .pioenvs/bluepill_f103c8/lib2eb/libmodel.a(STM32BluePill.o)
                0x0000000008008732                codal::CodalComponent::idleCallback()
 .text._ZN5codal13STM32BluePill16periodicCallbackEv
                0x0000000008008734        0x2 .pioenvs/bluepill_f103c8/lib2eb/libmodel.a(STM32BluePill.o)
                0x0000000008008734                codal::STM32BluePill::periodicCallback()
 .text._ZN5codal13STM32BluePill12idleCallbackEv
                0x0000000008008736        0x8 .pioenvs/bluepill_f103c8/lib2eb/libmodel.a(STM32BluePill.o)
                0x0000000008008736                codal::STM32BluePill::idleCallback()
 .text._ZN13UARTInterfaceC2Ejj
                0x000000000800873e        0x2 .pioenvs/bluepill_f103c8/lib33e/libuartint.a(uartint.o)
                0x000000000800873e                UARTInterface::UARTInterface(unsigned int, unsigned int)
                0x000000000800873e                UARTInterface::UARTInterface(unsigned int, unsigned int)
 .text._GLOBAL__sub_I__ZN13UARTInterfaceC2Ejj
                0x0000000008008740        0xe .pioenvs/bluepill_f103c8/lib33e/libuartint.a(uartint.o)
 .text._ZN5codal6Serial6lockRxEv
                0x000000000800874e        0xa .pioenvs/bluepill_f103c8/lib3e7/libcodal-core.a(Serial.o)
                0x000000000800874e                codal::Serial::lockRx()
 .text._ZN5codal6Serial8unlockRxEv
                0x0000000008008758        0xa .pioenvs/bluepill_f103c8/lib3e7/libcodal-core.a(Serial.o)
                0x0000000008008758                codal::Serial::unlockRx()
 .text._ZN5codal6Serial12initialiseRxEv
                0x0000000008008762       0x50 .pioenvs/bluepill_f103c8/lib3e7/libcodal-core.a(Serial.o)
                0x0000000008008762                codal::Serial::initialiseRx()
 .text._ZN5codal6Serial12circularCopyEPhhS1_tt
                0x00000000080087b2       0x28 .pioenvs/bluepill_f103c8/lib3e7/libcodal-core.a(Serial.o)
                0x00000000080087b2                codal::Serial::circularCopy(unsigned char*, unsigned char, unsigned char*, unsigned short, unsigned short)
 .text._ZN5codal6Serial7eventOnENS_13ManagedStringENS_10SerialModeE
                0x00000000080087da       0x2a .pioenvs/bluepill_f103c8/lib3e7/libcodal-core.a(Serial.o)
                0x00000000080087da                codal::Serial::eventOn(codal::ManagedString, codal::SerialMode)
 .text._ZN5codal6Serial7rxInUseEv