Archive member included to satisfy reference by file (symbol)

.pioenvs\bluepill_f103c8\lib931\liblogger.a(logger.o)
                              .pioenvs\bluepill_f103c8\src\main.o (debug_flush)
.pioenvs\bluepill_f103c8\lib635\libcodal-core.a(CodalFiber.o)
                              .pioenvs\bluepill_f103c8\src\main.o (codal::fiber_sleep(unsigned long))
.pioenvs\bluepill_f103c8\lib635\libcodal-core.a(CodalHeapAllocator.o)
                              .pioenvs\bluepill_f103c8\lib635\libcodal-core.a(CodalFiber.o) (malloc)
.pioenvs\bluepill_f103c8\lib635\libcodal-core.a(CodalListener.o)
                              .pioenvs\bluepill_f103c8\lib635\libcodal-core.a(CodalFiber.o) (codal::Listener::Listener(unsigned short, unsigned short, void (*)(codal::Event), unsigned short))
.pioenvs\bluepill_f103c8\lib635\libcodal-core.a(Timer.o)
                              .pioenvs\bluepill_f103c8\src\main.o (codal::Timer::getTime())
.pioenvs\bluepill_f103c8\lib635\libcodal-core.a(Event.o)
                              .pioenvs\bluepill_f103c8\lib635\libcodal-core.a(CodalListener.o) (codal::Event::Event())
.pioenvs\bluepill_f103c8\libd0a\libcocoOS_5.0.3.a(os_event.o)
                              .pioenvs\bluepill_f103c8\src\wisol.o (event_create)
.pioenvs\bluepill_f103c8\libd0a\libcocoOS_5.0.3.a(os_kernel.o)
                              .pioenvs\bluepill_f103c8\src\uart.o (running_tid)
.pioenvs\bluepill_f103c8\libd0a\libcocoOS_5.0.3.a(os_msgqueue.o)
                              .pioenvs\bluepill_f103c8\libd0a\libcocoOS_5.0.3.a(os_kernel.o) (os_msgQ_init)
.pioenvs\bluepill_f103c8\libd0a\libcocoOS_5.0.3.a(os_sem.o)
                              .pioenvs\bluepill_f103c8\libd0a\libcocoOS_5.0.3.a(os_kernel.o) (os_sem_init)
.pioenvs\bluepill_f103c8\libd0a\libcocoOS_5.0.3.a(os_task.o)
                              .pioenvs\bluepill_f103c8\libd0a\libcocoOS_5.0.3.a(os_kernel.o) (os_task_init)
.pioenvs\bluepill_f103c8\libd0a\libcocoOS_5.0.3.a(os_assert.o)
                              .pioenvs\bluepill_f103c8\libd0a\libcocoOS_5.0.3.a(os_event.o) (os_on_assert)
.pioenvs\bluepill_f103c8\libd0a\libcocoOS_5.0.3.a(os_cbk.o)
                              .pioenvs\bluepill_f103c8\libd0a\libcocoOS_5.0.3.a(os_kernel.o) (os_cbkSleep)
.pioenvs\bluepill_f103c8\liba13\libnewlib.a(memcpy.o)
                              .pioenvs\bluepill_f103c8\lib635\libcodal-core.a(CodalHeapAllocator.o) (memcpy)
.pioenvs\bluepill_f103c8\liba13\libnewlib.a(memset.o)
                              .pioenvs\bluepill_f103c8\lib635\libcodal-core.a(CodalFiber.o) (memset)
.pioenvs\bluepill_f103c8\liba13\libnewlib.a(strlen.o)
                              .pioenvs\bluepill_f103c8\src\aggregate.o (strlen)
.pioenvs\bluepill_f103c8\liba13\libnewlib.a(strncat.o)
                              .pioenvs\bluepill_f103c8\src\wisol.o (strncat)
.pioenvs\bluepill_f103c8\liba13\libnewlib.a(strncmp.o)
                              .pioenvs\bluepill_f103c8\src\aggregate.o (strncmp)
.pioenvs\bluepill_f103c8\liba13\libnewlib.a(strncpy.o)
                              .pioenvs\bluepill_f103c8\src\aggregate.o (strncpy)
.pioenvs\bluepill_f103c8\liba13\libnewlib.a(strstr.o)
                              .pioenvs\bluepill_f103c8\src\wisol.o (strstr)
.pioenvs\bluepill_f103c8\lib0e4\libunity.a(unity.o)
                              .pioenvs\bluepill_f103c8\src\unit_test.o (UnityAssertEqualNumber)
.pioenvs\bluepill_f103c8\libc64\libnano-float.a(functions.o)
                              .pioenvs\bluepill_f103c8\src\unit_test.o (get_float_usage)
.pioenvs\bluepill_f103c8\lib24c\libcm.a(CmPin.o)
                              .pioenvs\bluepill_f103c8\src\main.o (codal::_cm::Pin::setDigitalValue(int))
.pioenvs\bluepill_f103c8\lib24c\libcm.a(codal_target_hal.o)
                              .pioenvs\bluepill_f103c8\src\main.o (target_enable_debug)
.pioenvs\bluepill_f103c8\libff7\libbluepill.a(STM32BluePill.o)
                              .pioenvs\bluepill_f103c8\src\main.o (codal::STM32BluePill::init())
.pioenvs\bluepill_f103c8\libff7\libbluepill.a(STM32BluePillIO.o)
                              .pioenvs\bluepill_f103c8\libff7\libbluepill.a(STM32BluePill.o) (codal::STM32BluePillIO::STM32BluePillIO())
.pioenvs\bluepill_f103c8\libff7\libbluepill.a(bluepill.o)
                              .pioenvs\bluepill_f103c8\lib24c\libcm.a(codal_target_hal.o) (platform_setup)
.pioenvs\bluepill_f103c8\libff7\libbluepill.a(led.o)
                              .pioenvs\bluepill_f103c8\libff7\libbluepill.a(bluepill.o) (led_setup)
.pioenvs\bluepill_f103c8\libff7\libbluepill.a(timer.o)
                              .pioenvs\bluepill_f103c8\lib24c\libcm.a(codal_target_hal.o) (platform_start_timer)
.pioenvs\bluepill_f103c8\lib443\libbootloader.a(bootloader.o)
                              .pioenvs\bluepill_f103c8\lib24c\libcm.a(codal_target_hal.o) (bootloader_start)
.pioenvs\bluepill_f103c8\lib443\libbootloader.a(target_stm32f103.o)
[...]
Memory Configuration

Name             Origin             Length             Attributes
rom              0x08000000         0x00010000         xr
ram              0x20000000         0x00005000         xrw
*default*        0x00000000         0xffffffff

Linker script and memory map

LOAD asm/CortexContextSwitch.s.o
LOAD .pioenvs\bluepill_f103c8\src\aggregate.o
LOAD .pioenvs\bluepill_f103c8\src\downlink.o
LOAD .pioenvs\bluepill_f103c8\src\main.o
LOAD .pioenvs\bluepill_f103c8\src\sensor.o
LOAD .pioenvs\bluepill_f103c8\src\sensor_display.o
LOAD .pioenvs\bluepill_f103c8\src\uart.o
LOAD .pioenvs\bluepill_f103c8\src\unit_test.o
LOAD .pioenvs\bluepill_f103c8\src\wisol.o
LOAD .pioenvs\bluepill_f103c8\src\wstring.o
START GROUP
LOAD .pioenvs\bluepill_f103c8\lib931\liblogger.a
LOAD .pioenvs\bluepill_f103c8\lib635\libcodal-core.a
LOAD .pioenvs\bluepill_f103c8\libd0a\libcocoOS_5.0.3.a
LOAD .pioenvs\bluepill_f103c8\liba13\libnewlib.a
LOAD .pioenvs\bluepill_f103c8\lib0e4\libunity.a
LOAD .pioenvs\bluepill_f103c8\lib46d\libqfplib.a
LOAD .pioenvs\bluepill_f103c8\libc64\libnano-float.a
LOAD .pioenvs\bluepill_f103c8\lib24c\libcm.a
LOAD .pioenvs\bluepill_f103c8\libff7\libbluepill.a
LOAD .pioenvs\bluepill_f103c8\lib443\libbootloader.a
LOAD .pioenvs\bluepill_f103c8\lib743\libspiint.a
LOAD .pioenvs\bluepill_f103c8\lib257\libsimulator.a
LOAD .pioenvs\bluepill_f103c8\lib59a\libi2cint.a
LOAD .pioenvs\bluepill_f103c8\libe9f\libporting.a
LOAD .pioenvs\bluepill_f103c8\lib6b9\libboost_config.a
LOAD .pioenvs\bluepill_f103c8\libd55\libboost_static_assert.a
LOAD .pioenvs\bluepill_f103c8\lib43c\libboost_type_traits.a
LOAD .pioenvs\bluepill_f103c8\libf2c\libboost_preprocessor.a
LOAD .pioenvs\bluepill_f103c8\lib95e\libboost_assert.a
LOAD .pioenvs\bluepill_f103c8\libb77\libboost_core.a
LOAD .pioenvs\bluepill_f103c8\libb93\libboost_detail.a
LOAD .pioenvs\bluepill_f103c8\lib2eb\libboost_predef.a
LOAD .pioenvs\bluepill_f103c8\lib0fe\libboost_utility.a
LOAD .pioenvs\bluepill_f103c8\libffd\libboost_mpl.a
LOAD .pioenvs\bluepill_f103c8\lib3f0\libboost_iterator.a
LOAD .pioenvs\bluepill_f103c8\lib337\libboost_parameter.a
LOAD .pioenvs\bluepill_f103c8\libcaf\libboost_lockfree.a
LOAD .pioenvs\bluepill_f103c8\lib492\libuartint.a
LOAD .pioenvs\bluepill_f103c8\lib167\libBME280.a
LOAD .pioenvs\bluepill_f103c8\lib7c6\libadcint.a
LOAD c:/users/guppy/.platformio/packages/toolchain-gccarmnoneeabi/bin/../lib/gcc/arm-none-eabi/7.2.1/thumb/v7-m\libgcc.a
LOAD .pioenvs\bluepill_f103c8\libFrameworkLibOpenCM3.a
END GROUP

.text           0x08000000     0xc52c
 *(SORT_BY_ALIGNMENT(.vectors))
 .vectors       0x08000000      0x150 .pioenvs\bluepill_f103c8\libFrameworkLibOpenCM3.a(vector.o)
                0x08000000                vector_table
 *(SORT_BY_ALIGNMENT(.text*))
 .text.test_fabs
                0x08000150      0x160 .pioenvs\bluepill_f103c8\src\unit_test.o
                0x08000150                test_fabs
 .text.test_aeabi_ddiv
                0x080002b0      0x19c .pioenvs\bluepill_f103c8\src\unit_test.o
                0x080002b0                test_aeabi_ddiv
 *fill*         0x0800044c        0x4 
 .text.test_aeabi_dmul
                0x08000450      0x19c .pioenvs\bluepill_f103c8\src\unit_test.o
                0x08000450                test_aeabi_dmul
 *fill*         0x080005ec        0x4 
 .text.test_aeabi_dcmpeq
                0x080005f0      0x1a4 .pioenvs\bluepill_f103c8\src\unit_test.o
                0x080005f0                test_aeabi_dcmpeq
 *fill*         0x08000794        0x4 
 .text.test_aeabi_dcmplt
                0x08000798      0x1a4 .pioenvs\bluepill_f103c8\src\unit_test.o
                0x08000798                test_aeabi_dcmplt
 *fill*         0x0800093c        0x4 
 .text.test_aeabi_dcmple
                0x08000940      0x1a4 .pioenvs\bluepill_f103c8\src\unit_test.o
                0x08000940                test_aeabi_dcmple
 *fill*         0x08000ae4        0x4 
 .text.test_aeabi_dcmpge
                0x08000ae8      0x1a4 .pioenvs\bluepill_f103c8\src\unit_test.o
                0x08000ae8                test_aeabi_dcmpge
 *fill*         0x08000c8c        0x4 
 .text.test_aeabi_dcmpgt
                0x08000c90      0x1a4 .pioenvs\bluepill_f103c8\src\unit_test.o
                0x08000c90                test_aeabi_dcmpgt
 *fill*         0x08000e34        0x4 
 .text.test_aeabi_dcmpun
                0x08000e38      0x1a4 .pioenvs\bluepill_f103c8\src\unit_test.o
                0x08000e38                test_aeabi_dcmpun
 *fill*         0x08000fdc        0x4 
 .text.test_aeabi_d2iz
                0x08000fe0       0x94 .pioenvs\bluepill_f103c8\src\unit_test.o
                0x08000fe0                test_aeabi_d2iz
 *fill*         0x08001074        0x4 
 .text.test_aeabi_d2uiz
                0x08001078       0x90 .pioenvs\bluepill_f103c8\src\unit_test.o
                0x08001078                test_aeabi_d2uiz
 .text.test_sqrt
                0x08001108       0xc8 .pioenvs\bluepill_f103c8\src\unit_test.o
                0x08001108                test_sqrt
 .text.test_log
                0x080011d0       0xd0 .pioenvs\bluepill_f103c8\src\unit_test.o
                0x080011d0                test_log
 .text.test_exp
                0x080012a0      0x128 .pioenvs\bluepill_f103c8\src\unit_test.o
                0x080012a0                test_exp
 .text.test_log2
                0x080013c8      0x10c .pioenvs\bluepill_f103c8\src\unit_test.o
                0x080013c8                test_log2
 *fill*         0x080014d4        0x4 
 .text.test_log10
                0x080014d8       0xd0 .pioenvs\bluepill_f103c8\src\unit_test.o
                0x080014d8                test_log10
 .text.test_pow
                0x080015a8      0x110 .pioenvs\bluepill_f103c8\src\unit_test.o
                0x080015a8                test_pow
 .text.test_ldexp
                0x080016b8       0xc4 .pioenvs\bluepill_f103c8\src\unit_test.o
                0x080016b8                test_ldexp
 *fill*         0x0800177c        0x4 
 .text.test_sin
                0x08001780      0x150 .pioenvs\bluepill_f103c8\src\unit_test.o
                0x08001780                test_sin
 .text.test_cos
                0x080018d0      0x158 .pioenvs\bluepill_f103c8\src\unit_test.o
                0x080018d0                test_cos
 .text.test_tan
                0x08001a28      0x148 .pioenvs\bluepill_f103c8\src\unit_test.o
                0x08001a28                test_tan
 .text.test_atan2
                0x08001b70      0x218 .pioenvs\bluepill_f103c8\src\unit_test.o
                0x08001b70                test_atan2
 .text.test_atan
                0x08001d88       0xc4 .pioenvs\bluepill_f103c8\src\unit_test.o
                0x08001d88                test_atan
 *fill*         0x08001e4c        0x4 
 .text.test_asin
                0x08001e50       0xa8 .pioenvs\bluepill_f103c8\src\unit_test.o
                0x08001e50                test_asin
 .text.test_acos
                0x08001ef8      0x174 .pioenvs\bluepill_f103c8\src\unit_test.o
                0x08001ef8                test_acos
 *fill*         0x0800206c        0x4 
 .text.test_sinh
                0x08002070      0x110 .pioenvs\bluepill_f103c8\src\unit_test.o
                0x08002070                test_sinh
 .text.test_cosh
                0x08002180      0x110 .pioenvs\bluepill_f103c8\src\unit_test.o
                0x08002180                test_cosh
 .text.test_tanh
                0x08002290      0x110 .pioenvs\bluepill_f103c8\src\unit_test.o
                0x08002290                test_tanh
 .text.test_asinh
                0x080023a0      0x110 .pioenvs\bluepill_f103c8\src\unit_test.o
                0x080023a0                test_asinh
 .text.test_acosh
                0x080024b0       0x90 .pioenvs\bluepill_f103c8\src\unit_test.o
                0x080024b0                test_acosh
 .text.test_atanh
                0x08002540       0xc8 .pioenvs\bluepill_f103c8\src\unit_test.o
                0x08002540                test_atanh
 .text.test_trunc
                0x08002608      0x178 .pioenvs\bluepill_f103c8\src\unit_test.o
                0x08002608                test_trunc
 .text.test_floor
                0x08002780      0x17c .pioenvs\bluepill_f103c8\src\unit_test.o
                0x08002780                test_floor
 *fill*         0x080028fc        0x4 
 .text.test_ceil
                0x08002900      0x17c .pioenvs\bluepill_f103c8\src\unit_test.o
                0x08002900                test_ceil
 *fill*         0x08002a7c        0x4 
 .text.test_fmod
                0x08002a80      0x1d8 .pioenvs\bluepill_f103c8\src\unit_test.o
                0x08002a80                test_fmod
 .text.UnityPrintFloat
                0x08002c58      0x344 .pioenvs\bluepill_f103c8\lib0e4\libunity.a(unity.o)
                0x08002c58                UnityPrintFloat
 *fill*         0x08002f9c        0x4 
 .text.acos     0x08002fa0       0xbc .pioenvs\bluepill_f103c8\libc64\libnano-float.a(functions.o)
                0x08002fa0                acos
 .text          0x0800305c      0x124 asm/CortexContextSwitch.s.o
                0x0800305c                swap_context
                0x080030de                save_context
                0x08003122                save_register_context
                0x08003152                restore_register_context
 .text._ZL10debug_dumpRN5codal13STM32BluePillEPKc
                0x08003180       0x7c .pioenvs\bluepill_f103c8\src\main.o
 .text._Z10Blink_mainRN5codal13STM32BluePillE
                0x080031fc       0x74 .pioenvs\bluepill_f103c8\src\main.o
                0x080031fc                Blink_main(codal::STM32BluePill&)
 .text.startup._GLOBAL__sub_I_serialPort
                0x08003270       0x10 .pioenvs\bluepill_f103c8\src\uart.o
 .text.test_aeabi_fdiv
                0x08003280      0x100 .pioenvs\bluepill_f103c8\src\unit_test.o
                0x08003280                test_aeabi_fdiv
 .text.test_nanofloat
                0x08003380      0x438 .pioenvs\bluepill_f103c8\src\unit_test.o
                0x08003380                test_nanofloat
 .text.enable_log
                0x080037b8       0x18 .pioenvs\bluepill_f103c8\lib931\liblogger.a(logger.o)
                0x080037b8                enable_log
 .text.debug_flush
                0x080037d0       0x38 .pioenvs\bluepill_f103c8\lib931\liblogger.a(logger.o)
                0x080037d0                debug_flush
 .text._ZL12debug_appendPKcj
                0x08003808       0x50 .pioenvs\bluepill_f103c8\lib931\liblogger.a(logger.o)
 .text._Z11debug_printj
                0x08003858       0x7c .pioenvs\bluepill_f103c8\lib931\liblogger.a(logger.o)
                0x08003858                debug_print(unsigned int)
 .text._Z11debug_printi
                0x080038d4       0x30 .pioenvs\bluepill_f103c8\lib931\liblogger.a(logger.o)
                0x080038d4                debug_print(int)
 .text.debug_println
                0x08003904       0x1c .pioenvs\bluepill_f103c8\lib931\liblogger.a(logger.o)
                0x08003904                debug_println
 .text._Z13debug_printlni
                0x08003920       0x18 .pioenvs\bluepill_f103c8\lib931\liblogger.a(logger.o)
                0x08003920                debug_println(int)
 .text._ZN5codal10EventModel6listenEiiPFvNS_5EventEEt
                0x08003938       0x60 .pioenvs\bluepill_f103c8\lib635\libcodal-core.a(CodalFiber.o)
                0x08003938                codal::EventModel::listen(int, int, void (*)(codal::Event), unsigned short)
 .text._ZN5codal14scheduler_tickENS_5EventE
                0x08003998       0x38 .pioenvs\bluepill_f103c8\lib635\libcodal-core.a(CodalFiber.o)
                0x08003998                codal::scheduler_tick(codal::Event)
 .text._ZN5codal15scheduler_eventENS_5EventE
                0x080039d0       0xc0 .pioenvs\bluepill_f103c8\lib635\libcodal-core.a(CodalFiber.o)
                0x080039d0                codal::scheduler_event(codal::Event)
 .text._Z15getFiberContextv
                0x08003a90       0x50 .pioenvs\bluepill_f103c8\lib635\libcodal-core.a(CodalFiber.o)
                0x08003a90                getFiberContext()
 .text._ZL10handle_fobv
                0x08003ae0       0x2c .pioenvs\bluepill_f103c8\lib635\libcodal-core.a(CodalFiber.o)
 .text._ZN5codal23fiber_scheduler_runningEv
                0x08003b0c       0x10 .pioenvs\bluepill_f103c8\lib635\libcodal-core.a(CodalFiber.o)
                0x08003b0c                codal::fiber_scheduler_running()
 .text._ZN5codal14scheduler_initERNS_10EventModelE
                0x08003b1c       0xac .pioenvs\bluepill_f103c8\lib635\libcodal-core.a(CodalFiber.o)
                0x08003b1c                codal::scheduler_init(codal::EventModel&)
 .text._ZN5codal19fiber_wake_on_eventEtt
                0x08003bc8       0x5c .pioenvs\bluepill_f103c8\lib635\libcodal-core.a(CodalFiber.o)
                0x08003bc8                codal::fiber_wake_on_event(unsigned short, unsigned short)
 .text._Z14__create_fibermmmi
                0x08003c24       0x64 .pioenvs\bluepill_f103c8\lib635\libcodal-core.a(CodalFiber.o)
                0x08003c24                __create_fiber(unsigned long, unsigned long, unsigned long, int)
 .text._ZN5codal17verify_stack_sizeEPNS_5FiberE
                0x08003c88       0x44 .pioenvs\bluepill_f103c8\lib635\libcodal-core.a(CodalFiber.o)
                0x08003c88                codal::verify_stack_size(codal::Fiber*)
 .text._ZN5codal24scheduler_runqueue_emptyEv
                0x08003ccc       0x10 .pioenvs\bluepill_f103c8\lib635\libcodal-core.a(CodalFiber.o)
                0x08003ccc                codal::scheduler_runqueue_empty()
 .text._ZN5codal4idleEv
                0x08003cdc       0x3c .pioenvs\bluepill_f103c8\lib635\libcodal-core.a(CodalFiber.o)
                0x08003cdc                codal::idle()
 .text._ZN5codal8scheduleEv
                0x08003d18      0x108 .pioenvs\bluepill_f103c8\lib635\libcodal-core.a(CodalFiber.o)
                0x08003d18                codal::schedule()
 .text._ZN5codal11fiber_sleepEm
                0x08003e20       0x3c .pioenvs\bluepill_f103c8\lib635\libcodal-core.a(CodalFiber.o)
                0x08003e20                codal::fiber_sleep(unsigned long)
 .text._ZN5codal13release_fiberEv
                0x08003e5c       0x6c .pioenvs\bluepill_f103c8\lib635\libcodal-core.a(CodalFiber.o)
                0x08003e5c                codal::release_fiber()
 .text._ZN5codal6invokeEPFvPvES0_
                0x08003ec8       0x80 .pioenvs\bluepill_f103c8\lib635\libcodal-core.a(CodalFiber.o)
                0x08003ec8                codal::invoke(void (*)(void*), void*)
 .text._Z18device_create_heapmm
                0x08003f48       0x3c .pioenvs\bluepill_f103c8\lib635\libcodal-core.a(CodalHeapAllocator.o)
                0x08003f48                device_create_heap(unsigned long, unsigned long)
 .text.device_malloc
                0x08003f84       0x48 .pioenvs\bluepill_f103c8\lib635\libcodal-core.a(CodalHeapAllocator.o)
                0x08003f84                device_malloc
                0x08003f84                malloc
 .text.device_free
                0x08003fcc       0x40 .pioenvs\bluepill_f103c8\lib635\libcodal-core.a(CodalHeapAllocator.o)
                0x08003fcc                free
                0x08003fcc                device_free
 .text._ZN5codal5TimerC2Ev
                0x0800400c       0x34 .pioenvs\bluepill_f103c8\lib635\libcodal-core.a(Timer.o)
                0x0800400c                codal::Timer::Timer()
                0x0800400c                codal::Timer::Timer()
 .text._ZN5codal25system_timer_current_timeEv
                0x08004040       0x10 .pioenvs\bluepill_f103c8\lib635\libcodal-core.a(Timer.o)
                0x08004040                codal::system_timer_current_time()
 .text._ZN5codal27system_timer_event_every_usEmtt
                0x08004050       0x24 .pioenvs\bluepill_f103c8\lib635\libcodal-core.a(Timer.o)
                0x08004050                codal::system_timer_event_every_us(unsigned long, unsigned short, unsigned short)
 .text._ZN5codal5Event4fireEv
                0x08004074       0x20 .pioenvs\bluepill_f103c8\lib635\libcodal-core.a(Event.o)
                0x08004074                codal::Event::fire()
 .text.os_event_init
                0x08004094        0xc .pioenvs\bluepill_f103c8\libd0a\libcocoOS_5.0.3.a(os_event.o)
                0x08004094                os_event_init
 .text.os_init  0x080040a0       0x34 .pioenvs\bluepill_f103c8\libd0a\libcocoOS_5.0.3.a(os_kernel.o)
                0x080040a0                os_init
 .text.os_msgQ_init
                0x080040d4       0x24 .pioenvs\bluepill_f103c8\libd0a\libcocoOS_5.0.3.a(os_msgqueue.o)
                0x080040d4                os_msgQ_init
 .text.os_sem_init
                0x080040f8        0xc .pioenvs\bluepill_f103c8\libd0a\libcocoOS_5.0.3.a(os_sem.o)
                0x080040f8                os_sem_init
 .text.os_task_init
                0x08004104       0x40 .pioenvs\bluepill_f103c8\libd0a\libcocoOS_5.0.3.a(os_task.o)
                0x08004104                os_task_init
 .text.UnityTestResultsBegin
                0x08004144       0x30 .pioenvs\bluepill_f103c8\lib0e4\libunity.a(unity.o)
 .text.UnityTestResultsFailBegin
                0x08004174       0x24 .pioenvs\bluepill_f103c8\lib0e4\libunity.a(unity.o)
 .text.UnityAddMsgIfSpecified
                0x08004198       0x50 .pioenvs\bluepill_f103c8\lib0e4\libunity.a(unity.o)
 .text.UnityConcludeTest
                0x080041e8       0x44 .pioenvs\bluepill_f103c8\lib0e4\libunity.a(unity.o)
                0x080041e8                UnityConcludeTest
 .text.UnityAssertEqualNumber
                0x0800422c       0x58 .pioenvs\bluepill_f103c8\lib0e4\libunity.a(unity.o)
                0x0800422c                UnityAssertEqualNumber
 .text.UnityAssertFloatsWithin
                0x08004284       0x58 .pioenvs\bluepill_f103c8\lib0e4\libunity.a(unity.o)
                0x08004284                UnityAssertFloatsWithin
 .text.UnityAssertDoublesWithin
                0x080042dc       0x60 .pioenvs\bluepill_f103c8\lib0e4\libunity.a(unity.o)
                0x080042dc                UnityAssertDoublesWithin
 .text.UnityDefaultTestRun
                0x0800433c       0x2c .pioenvs\bluepill_f103c8\lib0e4\libunity.a(unity.o)
                0x0800433c                UnityDefaultTestRun
 .text.UnityBegin
                0x08004368       0x20 .pioenvs\bluepill_f103c8\lib0e4\libunity.a(unity.o)
                0x08004368                UnityBegin
 .text.UnityEnd
                0x08004388       0x74 .pioenvs\bluepill_f103c8\lib0e4\libunity.a(unity.o)
                0x08004388                UnityEnd
 .text.get_float_usage
                0x080043fc        0xc .pioenvs\bluepill_f103c8\libc64\libnano-float.a(functions.o)
                0x080043fc                get_float_usage
 .text.__wrap___aeabi_ddiv
                0x08004408       0x30 .pioenvs\bluepill_f103c8\libc64\libnano-float.a(functions.o)
                0x08004408                __wrap___aeabi_ddiv
 .text.__wrap___aeabi_dmul
                0x08004438       0x30 .pioenvs\bluepill_f103c8\libc64\libnano-float.a(functions.o)
                0x08004438                __wrap___aeabi_dmul
 .text.__wrap___aeabi_dcmpeq
                0x08004468       0x34 .pioenvs\bluepill_f103c8\libc64\libnano-float.a(functions.o)
                0x08004468                __wrap___aeabi_dcmpeq
 .text.__wrap___aeabi_dcmplt
                0x0800449c       0x30 .pioenvs\bluepill_f103c8\libc64\libnano-float.a(functions.o)
                0x0800449c                __wrap___aeabi_dcmplt
 .text.__wrap___aeabi_dcmple
                0x080044cc       0x34 .pioenvs\bluepill_f103c8\libc64\libnano-float.a(functions.o)
                0x080044cc                __wrap___aeabi_dcmple
 .text.__wrap___aeabi_dcmpge
                0x08004500       0x30 .pioenvs\bluepill_f103c8\libc64\libnano-float.a(functions.o)
                0x08004500                __wrap___aeabi_dcmpge
 .text.__wrap___aeabi_dcmpgt
                0x08004530       0x34 .pioenvs\bluepill_f103c8\libc64\libnano-float.a(functions.o)
                0x08004530                __wrap___aeabi_dcmpgt
 .text.__wrap___aeabi_dcmpun
                0x08004564       0x34 .pioenvs\bluepill_f103c8\libc64\libnano-float.a(functions.o)
                0x08004564                __wrap___aeabi_dcmpun
 .text.__wrap___aeabi_fdiv
                0x08004598       0x10 .pioenvs\bluepill_f103c8\libc64\libnano-float.a(functions.o)
                0x08004598                __wrap___aeabi_fdiv
 .text.__wrap___aeabi_d2iz
                0x080045a8       0x2c .pioenvs\bluepill_f103c8\libc64\libnano-float.a(functions.o)
                0x080045a8                __wrap___aeabi_d2iz
 .text.__wrap___aeabi_d2uiz
                0x080045d4       0x38 .pioenvs\bluepill_f103c8\libc64\libnano-float.a(functions.o)
                0x080045d4                __wrap___aeabi_d2uiz
 .text.sqrt     0x0800460c       0x1c .pioenvs\bluepill_f103c8\libc64\libnano-float.a(functions.o)
                0x0800460c                sqrt
 .text.log      0x08004628       0x1c .pioenvs\bluepill_f103c8\libc64\libnano-float.a(functions.o)
                0x08004628                log
 .text.exp      0x08004644       0x1c .pioenvs\bluepill_f103c8\libc64\libnano-float.a(functions.o)
                0x08004644                exp
 .text.log2     0x08004660       0x28 .pioenvs\bluepill_f103c8\libc64\libnano-float.a(functions.o)
                0x08004660                log2
 .text.log10    0x08004688       0x28 .pioenvs\bluepill_f103c8\libc64\libnano-float.a(functions.o)
                0x08004688                log10
 .text.pow      0x080046b0       0x88 .pioenvs\bluepill_f103c8\libc64\libnano-float.a(functions.o)
                0x080046b0                pow
 .text.ldexp    0x08004738       0x40 .pioenvs\bluepill_f103c8\libc64\libnano-float.a(functions.o)
                0x08004738                ldexp
 .text.sin      0x08004778       0x1c .pioenvs\bluepill_f103c8\libc64\libnano-float.a(functions.o)
                0x08004778                sin
 .text.cos      0x08004794       0x34 .pioenvs\bluepill_f103c8\libc64\libnano-float.a(functions.o)
                0x08004794                cos
 .text.tan      0x080047c8       0x1c .pioenvs\bluepill_f103c8\libc64\libnano-float.a(functions.o)
                0x080047c8                tan
 .text.atan2    0x080047e4       0x50 .pioenvs\bluepill_f103c8\libc64\libnano-float.a(functions.o)
                0x080047e4                atan2
 .text.atan     0x08004834       0xa8 .pioenvs\bluepill_f103c8\libc64\libnano-float.a(functions.o)
                0x08004834                atan
 .text.asin     0x080048dc       0x88 .pioenvs\bluepill_f103c8\libc64\libnano-float.a(functions.o)
                0x080048dc                asin
 .text.sinh     0x08004964       0x94 .pioenvs\bluepill_f103c8\libc64\libnano-float.a(functions.o)
                0x08004964                sinh
 .text.cosh     0x080049f8       0x9c .pioenvs\bluepill_f103c8\libc64\libnano-float.a(functions.o)
                0x080049f8                cosh
 .text.tanh     0x08004a94       0xac .pioenvs\bluepill_f103c8\libc64\libnano-float.a(functions.o)
                0x08004a94                tanh
 .text.asinh    0x08004b40       0x94 .pioenvs\bluepill_f103c8\libc64\libnano-float.a(functions.o)
                0x08004b40                asinh
 .text.acosh    0x08004bd4       0xac .pioenvs\bluepill_f103c8\libc64\libnano-float.a(functions.o)
                0x08004bd4                acosh
 .text.atanh    0x08004c80       0xbc .pioenvs\bluepill_f103c8\libc64\libnano-float.a(functions.o)
                0x08004c80                atanh
 .text.trunc    0x08004d3c       0x80 .pioenvs\bluepill_f103c8\libc64\libnano-float.a(functions.o)
                0x08004d3c                trunc
 .text.floor    0x08004dbc       0x7c .pioenvs\bluepill_f103c8\libc64\libnano-float.a(functions.o)
                0x08004dbc                floor
 .text.ceil     0x08004e38       0x80 .pioenvs\bluepill_f103c8\libc64\libnano-float.a(functions.o)
                0x08004e38                ceil
 .text.fmod     0x08004eb8      0x148 .pioenvs\bluepill_f103c8\libc64\libnano-float.a(functions.o)
                0x08004eb8                fmod
 .text._ZN5codal3_cm3Pin14setAnalogValueEi
                0x08005000       0x1c .pioenvs\bluepill_f103c8\lib24c\libcm.a(CmPin.o)
                0x08005000                codal::_cm::Pin::setAnalogValue(int)
 .text._ZN5codal3_cm3Pin13setServoValueEiii
                0x0800501c       0x2c .pioenvs\bluepill_f103c8\lib24c\libcm.a(CmPin.o)
                0x0800501c                codal::_cm::Pin::setServoValue(int, int, int)
 .text._ZN5codal3_cm3Pin9isTouchedEv
                0x08005048        0x8 .pioenvs\bluepill_f103c8\lib24c\libcm.a(CmPin.o)
                0x08005048                codal::_cm::Pin::isTouched()
 .text._ZN5codal3_cm3Pin17getAnalogPeriodUsEv
                0x08005050        0x8 .pioenvs\bluepill_f103c8\lib24c\libcm.a(CmPin.o)
                0x08005050                codal::_cm::Pin::getAnalogPeriodUs()
 .text._ZN5codal3_cm3Pin15setDigitalValueEi
                0x08005058       0x80 .pioenvs\bluepill_f103c8\lib24c\libcm.a(CmPin.o)
                0x08005058                codal::_cm::Pin::setDigitalValue(int)
 .text._ZN5codal3_cm3PinC2EhmmtNS_13PinCapabilityE
                0x080050d8       0x2c .pioenvs\bluepill_f103c8\lib24c\libcm.a(CmPin.o)
                0x080050d8                codal::_cm::Pin::Pin(unsigned char, unsigned long, unsigned long, unsigned short, codal::PinCapability)
                0x080050d8                codal::_cm::Pin::Pin(unsigned char, unsigned long, unsigned long, unsigned short, codal::PinCapability)
 .text._ZL10timer_tickv
                0x08005104       0x10 .pioenvs\bluepill_f103c8\lib24c\libcm.a(codal_target_hal.o)
 .text._ZL11timer_alarmv
                0x08005114       0x10 .pioenvs\bluepill_f103c8\lib24c\libcm.a(codal_target_hal.o)
 .text._Z25stm32bluepill_dmesg_flushv
                0x08005124       0x38 .pioenvs\bluepill_f103c8\lib24c\libcm.a(codal_target_hal.o)
                0x08005124                stm32bluepill_dmesg_flush()
 .text.target_set_tick_callback
                0x0800515c        0xc .pioenvs\bluepill_f103c8\lib24c\libcm.a(codal_target_hal.o)
                0x0800515c                target_set_tick_callback
 .text.target_set_alarm_callback
                0x08005168        0xc .pioenvs\bluepill_f103c8\lib24c\libcm.a(codal_target_hal.o)
                0x08005168                target_set_alarm_callback
 .text.target_init
                0x08005174       0x3c .pioenvs\bluepill_f103c8\lib24c\libcm.a(codal_target_hal.o)
                0x08005174                target_init
 .text.target_wait
                0x080051b0       0x24 .pioenvs\bluepill_f103c8\lib24c\libcm.a(codal_target_hal.o)
                0x080051b0                target_wait
 .text.target_wait_us
                0x080051d4       0x2c .pioenvs\bluepill_f103c8\lib24c\libcm.a(codal_target_hal.o)
                0x080051d4                target_wait_us
 .text.target_panic
                0x08005200       0x20 .pioenvs\bluepill_f103c8\lib24c\libcm.a(codal_target_hal.o)
                0x08005200                target_panic
 .text.fiber_initial_stack_base
                0x08005220        0x8 .pioenvs\bluepill_f103c8\lib24c\libcm.a(codal_target_hal.o)
                0x08005220                fiber_initial_stack_base
 .text.test_codal
                0x08005228       0x70 .pioenvs\bluepill_f103c8\lib24c\libcm.a(codal_target_hal.o)
                0x08005228                test_codal
 .text._ZN5codal14CodalComponent4initEv
                0x08005298        0x8 .pioenvs\bluepill_f103c8\libff7\libbluepill.a(STM32BluePill.o)
                0x08005298                codal::CodalComponent::init()
 .text._ZN5codal14CodalComponentD2Ev
                0x080052a0       0x18 .pioenvs\bluepill_f103c8\libff7\libbluepill.a(STM32BluePill.o)
                0x080052a0                codal::CodalComponent::~CodalComponent()
                0x080052a0                codal::CodalComponent::~CodalComponent()
 .text._ZN5codal13STM32BluePill4initEv
                0x080052b8       0x4c .pioenvs\bluepill_f103c8\libff7\libbluepill.a(STM32BluePill.o)
                0x080052b8                codal::STM32BluePill::init()
 .text._ZN5codal13STM32BluePillC2Ev
                0x08005304       0x98 .pioenvs\bluepill_f103c8\libff7\libbluepill.a(STM32BluePill.o)
                0x08005304                codal::STM32BluePill::STM32BluePill()
                0x08005304                codal::STM32BluePill::STM32BluePill()
 .text._ZN5codal13STM32BluePillD2Ev
                0x0800539c       0x40 .pioenvs\bluepill_f103c8\libff7\libbluepill.a(STM32BluePill.o)
                0x0800539c                codal::STM32BluePill::~STM32BluePill()
                0x0800539c                codal::STM32BluePill::~STM32BluePill()
 .text._ZN5codal15STM32BluePillIOC2Ev
                0x080053dc      0xaf0 .pioenvs\bluepill_f103c8\libff7\libbluepill.a(STM32BluePillIO.o)
                0x080053dc                codal::STM32BluePillIO::STM32BluePillIO()
                0x080053dc                codal::STM32BluePillIO::STM32BluePillIO()
 .text.platform_setup
                0x08005ecc       0x4c .pioenvs\bluepill_f103c8\libff7\libbluepill.a(bluepill.o)
                0x08005ecc                platform_setup
 .text.enable_debug
                0x08005f18       0x10 .pioenvs\bluepill_f103c8\libff7\libbluepill.a(bluepill.o)
                0x08005f18                enable_debug
 .text.led_setup
                0x08005f28       0x20 .pioenvs\bluepill_f103c8\libff7\libbluepill.a(led.o)
                0x08005f28                led_setup
 .text.led_on   0x08005f48       0x10 .pioenvs\bluepill_f103c8\libff7\libbluepill.a(led.o)
                0x08005f48                led_on
 .text.led_off  0x08005f58       0x10 .pioenvs\bluepill_f103c8\libff7\libbluepill.a(led.o)
                0x08005f58                led_off
 .text.led_wait
                0x08005f68       0x10 .pioenvs\bluepill_f103c8\libff7\libbluepill.a(led.o)
                0x08005f68                led_wait
 .text.platform_start_timer
                0x08005f78      0x114 .pioenvs\bluepill_f103c8\libff7\libbluepill.a(timer.o)
                0x08005f78                platform_start_timer
 .text.rtc_isr  0x0800608c       0x30 .pioenvs\bluepill_f103c8\libff7\libbluepill.a(timer.o)
                0x0800608c                rtc_isr
 .text.rtc_alarm_isr
                0x080060bc       0x30 .pioenvs\bluepill_f103c8\libff7\libbluepill.a(timer.o)
                0x080060bc                rtc_alarm_isr
 .text.platform_alarm_count
                0x080060ec        0xc .pioenvs\bluepill_f103c8\libff7\libbluepill.a(timer.o)
                0x080060ec                platform_alarm_count
 .text.platform_tick_count
                0x080060f8        0xc .pioenvs\bluepill_f103c8\libff7\libbluepill.a(timer.o)
                0x080060f8                platform_tick_count
 .text.bootloader_start
                0x08006104       0xcc .pioenvs\bluepill_f103c8\lib443\libbootloader.a(bootloader.o)
                0x08006104                bootloader_start
 .text.target_set_led
                0x080061d0       0x18 .pioenvs\bluepill_f103c8\lib443\libbootloader.a(target_stm32f103.o)
                0x080061d0                target_set_led
 .text.target_gpio_setup
                0x080061e8       0x70 .pioenvs\bluepill_f103c8\lib443\libbootloader.a(target_stm32f103.o)
                0x080061e8                target_gpio_setup
 .text.target_usb_init
                0x08006258       0x2c .pioenvs\bluepill_f103c8\lib443\libbootloader.a(target_stm32f103.o)
                0x08006258                target_usb_init
 .text.target_get_force_bootloader
                0x08006284       0x34 .pioenvs\bluepill_f103c8\lib443\libbootloader.a(target_stm32f103.o)
                0x08006284                target_get_force_bootloader
 .text.target_flash_program_array
                0x080062b8       0xdc .pioenvs\bluepill_f103c8\lib443\libbootloader.a(target_stm32f103.o)
                0x080062b8                target_flash_program_array
 .text.set_aggregate_callback
                0x08006394       0x5c .pioenvs\bluepill_f103c8\lib443\libbootloader.a(usb_conf.o)
 .text.usb_setup
                0x080063f0       0x90 .pioenvs\bluepill_f103c8\lib443\libbootloader.a(usb_conf.o)
                0x080063f0                usb_setup
 .text.aggregate_register_config_callback
                0x08006480       0x38 .pioenvs\bluepill_f103c8\lib443\libbootloader.a(usb_conf.o)
                0x08006480                aggregate_register_config_callback
 .text.aggregate_register_callback
                0x080064b8       0x4c .pioenvs\bluepill_f103c8\lib443\libbootloader.a(usb_conf.o)
                0x080064b8                aggregate_register_callback
 .text.usb_set_serial_number
                0x08006504       0x1c .pioenvs\bluepill_f103c8\lib443\libbootloader.a(usb_conf.o)
                0x08006504                usb_set_serial_number
 .text.dump_buffer
                0x08006520       0x4c .pioenvs\bluepill_f103c8\lib443\libbootloader.a(usb_conf.o)
                0x08006520                dump_buffer
 .text.dump_usb_request
                0x0800656c      0x130 .pioenvs\bluepill_f103c8\lib443\libbootloader.a(usb_conf.o)
                0x0800656c                dump_usb_request
 .text.aggregate_callback
                0x0800669c       0x64 .pioenvs\bluepill_f103c8\lib443\libbootloader.a(usb_conf.o)
 .text.webusb_set_config
                0x08006700       0x28 .pioenvs\bluepill_f103c8\lib443\libbootloader.a(webusb.o)
 .text.webusb_control_vendor_request
                0x08006728       0x9c .pioenvs\bluepill_f103c8\lib443\libbootloader.a(webusb.o)
 .text.webusb_setup
                0x080067c4       0x4c .pioenvs\bluepill_f103c8\lib443\libbootloader.a(webusb.o)
                0x080067c4                webusb_setup
 .text.winusb_control_vendor_request
                0x08006810       0x94 .pioenvs\bluepill_f103c8\lib443\libbootloader.a(winusb.o)
 .text.winusb_set_config
                0x080068a4       0x28 .pioenvs\bluepill_f103c8\lib443\libbootloader.a(winusb.o)
 .text.winusb_descriptor_request
                0x080068cc       0x48 .pioenvs\bluepill_f103c8\lib443\libbootloader.a(winusb.o)
 .text.winusb_setup
                0x08006914       0x5c .pioenvs\bluepill_f103c8\lib443\libbootloader.a(winusb.o)
                0x08006914                winusb_setup
 .text.cdcacm_comm_cb
                0x08006970       0x14 .pioenvs\bluepill_f103c8\lib443\libbootloader.a(cdc.o)
 .text.cdcacm_data_rx_cb
                0x08006984       0x4c .pioenvs\bluepill_f103c8\lib443\libbootloader.a(cdc.o)
 .text.cdcacm_set_config
                0x080069d0       0x68 .pioenvs\bluepill_f103c8\lib443\libbootloader.a(cdc.o)
 .text.cdcacm_control_request
                0x08006a38       0x68 .pioenvs\bluepill_f103c8\lib443\libbootloader.a(cdc.o)
 .text.cdc_setup
                0x08006aa0       0x24 .pioenvs\bluepill_f103c8\lib443\libbootloader.a(cdc.o)
                0x08006aa0                cdc_setup
 .text.hf2_set_config
                0x08006ac4       0x3c .pioenvs\bluepill_f103c8\lib443\libbootloader.a(hf2.o)
 .text.assert.part.0
                0x08006b00       0x1c .pioenvs\bluepill_f103c8\lib443\libbootloader.a(hf2.o)
 .text.pokeSend
                0x08006b1c       0x84 .pioenvs\bluepill_f103c8\lib443\libbootloader.a(hf2.o)
 .text.send_hf2_response
                0x08006ba0       0x38 .pioenvs\bluepill_f103c8\lib443\libbootloader.a(hf2.o)
 .text.hf2_data_rx_cb
                0x08006bd8      0x19c .pioenvs\bluepill_f103c8\lib443\libbootloader.a(hf2.o)
 .text.hf2_setup
                0x08006d74       0x2c .pioenvs\bluepill_f103c8\lib443\libbootloader.a(hf2.o)
                0x08006d74                hf2_setup
 .text.backup_write
                0x08006da0       0x38 .pioenvs\bluepill_f103c8\lib443\libbootloader.a(backup.o)
                0x08006da0                backup_write
 .text.backup_read
                0x08006dd8       0x18 .pioenvs\bluepill_f103c8\lib443\libbootloader.a(backup.o)
                0x08006dd8                backup_read
 .text.usb21_set_config
                0x08006df0       0x28 .pioenvs\bluepill_f103c8\lib443\libbootloader.a(usb21_standard.o)
 .text.usb21_standard_get_descriptor
                0x08006e18       0xcc .pioenvs\bluepill_f103c8\lib443\libbootloader.a(usb21_standard.o)
 .text.usb21_setup
                0x08006ee4       0x38 .pioenvs\bluepill_f103c8\lib443\libbootloader.a(usb21_standard.o)
                0x08006ee4                usb21_setup
 .text.flushFlash
                0x08006f1c       0x94 .pioenvs\bluepill_f103c8\lib443\libbootloader.a(ghostfat.o)
 .text.flash_write
                0x08006fb0       0x48 .pioenvs\bluepill_f103c8\lib443\libbootloader.a(ghostfat.o)
                0x08006fb0                flash_write
 .text.usart2_isr
                0x08006ff8       0x50 .pioenvs\bluepill_f103c8\lib492\libuartint.a(uartint.o)
                0x08006ff8                usart2_isr
 .text.startup._GLOBAL__sub_I__ZN13UARTInterfaceC2Ejj
                0x08007048       0x10 .pioenvs\bluepill_f103c8\lib492\libuartint.a(uartint.o)
 .text          0x08007058      0x378 c:/users/guppy/.platformio/packages/toolchain-gccarmnoneeabi/bin/../lib/gcc/arm-none-eabi/7.2.1/thumb/v7-m\libgcc.a(_arm_addsubdf3.o)
                0x08007058                __aeabi_drsub
                0x08007060                __aeabi_dsub
                0x08007060                __subdf3
                0x08007064                __aeabi_dadd
                0x08007064                __adddf3
                0x080072dc                __floatunsidf
                0x080072dc                __aeabi_ui2d
                0x080072fc                __floatsidf
                0x080072fc                __aeabi_i2d
                0x08007320                __aeabi_f2d
                0x08007320                __extendsfdf2
                0x08007364                __floatundidf
                0x08007364                __aeabi_ul2d
                0x08007374                __floatdidf
                0x08007374                __aeabi_l2d
 .text          0x080073d0      0x424 c:/users/guppy/.platformio/packages/toolchain-gccarmnoneeabi/bin/../lib/gcc/arm-none-eabi/7.2.1/thumb/v7-m\libgcc.a(_arm_muldivdf3.o)
                0x080073d0                __aeabi_dmul
                0x080073d0                __muldf3
                0x08007624                __divdf3
                0x08007624                __aeabi_ddiv
 .text          0x080077f4      0x110 c:/users/guppy/.platformio/packages/toolchain-gccarmnoneeabi/bin/../lib/gcc/arm-none-eabi/7.2.1/thumb/v7-m\libgcc.a(_arm_cmpdf2.o)
                0x080077f4                __gtdf2
                0x080077f4                __gedf2
                0x080077fc                __ltdf2
                0x080077fc                __ledf2
                0x08007804                __nedf2
                0x08007804                __eqdf2
                0x08007804                __cmpdf2
                0x08007880                __aeabi_cdrcmple
                0x08007890                __aeabi_cdcmpeq
                0x08007890                __aeabi_cdcmple
                0x080078a0                __aeabi_dcmpeq
                0x080078b4                __aeabi_dcmplt
                0x080078c8                __aeabi_dcmple
                0x080078dc                __aeabi_dcmpge
                0x080078f0                __aeabi_dcmpgt
 .text          0x08007904       0x2c c:/users/guppy/.platformio/packages/toolchain-gccarmnoneeabi/bin/../lib/gcc/arm-none-eabi/7.2.1/thumb/v7-m\libgcc.a(_arm_unorddf2.o)
                0x08007904                __unorddf2
                0x08007904                __aeabi_dcmpun
 .text          0x08007930       0x50 c:/users/guppy/.platformio/packages/toolchain-gccarmnoneeabi/bin/../lib/gcc/arm-none-eabi/7.2.1/thumb/v7-m\libgcc.a(_arm_fixdfsi.o)
                0x08007930                __aeabi_d2iz
                0x08007930                __fixdfsi
 .text          0x08007980       0xa0 c:/users/guppy/.platformio/packages/toolchain-gccarmnoneeabi/bin/../lib/gcc/arm-none-eabi/7.2.1/thumb/v7-m\libgcc.a(_arm_truncdfsf2.o)
                0x08007980                __truncdfsf2
                0x08007980                __aeabi_d2f
 .text          0x08007a20      0x21c c:/users/guppy/.platformio/packages/toolchain-gccarmnoneeabi/bin/../lib/gcc/arm-none-eabi/7.2.1/thumb/v7-m\libgcc.a(_arm_addsubsf3.o)
                0x08007a20                __aeabi_frsub
                0x08007a28                __subsf3
                0x08007a28                __aeabi_fsub
                0x08007a2c                __aeabi_fadd
                0x08007a2c                __addsf3
                0x08007b8c                __aeabi_ui2f
                0x08007b8c                __floatunsisf
                0x08007b94                __aeabi_i2f
                0x08007b94                __floatsisf
                0x08007bb0                __aeabi_ul2f
                0x08007bb0                __floatundisf
                0x08007bc0                __aeabi_l2f
                0x08007bc0                __floatdisf
 .text          0x08007c3c      0x2a0 c:/users/guppy/.platformio/packages/toolchain-gccarmnoneeabi/bin/../lib/gcc/arm-none-eabi/7.2.1/thumb/v7-m\libgcc.a(_arm_muldivsf3.o)
                0x08007c3c                __mulsf3
                0x08007c3c                __aeabi_fmul
                0x08007da4                __aeabi_fdiv
                0x08007da4                __divsf3
 .text          0x08007edc       0xec c:/users/guppy/.platformio/packages/toolchain-gccarmnoneeabi/bin/../lib/gcc/arm-none-eabi/7.2.1/thumb/v7-m\libgcc.a(_arm_cmpsf2.o)
                0x08007edc                __gesf2
                0x08007edc                __gtsf2
                0x08007ee4                __lesf2
                0x08007ee4                __ltsf2
                0x08007eec                __nesf2
                0x08007eec                __eqsf2
                0x08007eec                __cmpsf2
                0x08007f4c                __aeabi_cfrcmple
                0x08007f54                __aeabi_cfcmpeq
                0x08007f54                __aeabi_cfcmple
                0x08007f64                __aeabi_fcmpeq
                0x08007f78                __aeabi_fcmplt
                0x08007f8c                __aeabi_fcmple
                0x08007fa0                __aeabi_fcmpge
                0x08007fb4                __aeabi_fcmpgt
 .text.desig_get_unique_id
                0x08007fc8       0x20 .pioenvs\bluepill_f103c8\libFrameworkLibOpenCM3.a(desig.o)
                0x08007fc8                desig_get_unique_id
 .text.desig_get_unique_id_as_string
                0x08007fe8       0x48 .pioenvs\bluepill_f103c8\libFrameworkLibOpenCM3.a(desig.o)
                0x08007fe8                desig_get_unique_id_as_string
 .text.flash_get_status_flags
                0x08008030       0x28 .pioenvs\bluepill_f103c8\libFrameworkLibOpenCM3.a(flash.o)
                0x08008030                flash_get_status_flags
 .text.flash_program_half_word
                0x08008058       0x60 .pioenvs\bluepill_f103c8\libFrameworkLibOpenCM3.a(flash.o)
                0x08008058                flash_program_half_word
 .text.flash_erase_page
                0x080080b8       0x78 .pioenvs\bluepill_f103c8\libFrameworkLibOpenCM3.a(flash.o)
                0x080080b8                flash_erase_page
 .text.rcc_osc_on.part.0
                0x08008130       0x10 .pioenvs\bluepill_f103c8\libFrameworkLibOpenCM3.a(rcc.o)
 .text.rcc_wait_for_osc_ready
                0x08008140       0x64 .pioenvs\bluepill_f103c8\libFrameworkLibOpenCM3.a(rcc.o)
                0x08008140                rcc_wait_for_osc_ready
 .text.rcc_osc_on
                0x080081a4       0x54 .pioenvs\bluepill_f103c8\libFrameworkLibOpenCM3.a(rcc.o)
                0x080081a4                rcc_osc_on
 .text.rcc_set_sysclk_source
                0x080081f8       0x14 .pioenvs\bluepill_f103c8\libFrameworkLibOpenCM3.a(rcc.o)
                0x080081f8                rcc_set_sysclk_source
 .text.rcc_set_pll_multiplication_factor
                0x0800820c       0x14 .pioenvs\bluepill_f103c8\libFrameworkLibOpenCM3.a(rcc.o)
                0x0800820c                rcc_set_pll_multiplication_factor
 .text.rcc_set_pll_source
                0x08008220       0x14 .pioenvs\bluepill_f103c8\libFrameworkLibOpenCM3.a(rcc.o)
                0x08008220                rcc_set_pll_source
 .text.rcc_set_pllxtpre
                0x08008234       0x14 .pioenvs\bluepill_f103c8\libFrameworkLibOpenCM3.a(rcc.o)
                0x08008234                rcc_set_pllxtpre
 .text.rcc_enable_rtc_clock
                0x08008248       0x10 .pioenvs\bluepill_f103c8\libFrameworkLibOpenCM3.a(rcc.o)
                0x08008248                rcc_enable_rtc_clock
 .text.rcc_set_rtc_clock_source
                0x08008258       0x90 .pioenvs\bluepill_f103c8\libFrameworkLibOpenCM3.a(rcc.o)
                0x08008258                rcc_set_rtc_clock_source
 .text.rcc_set_adcpre
                0x080082e8       0x14 .pioenvs\bluepill_f103c8\libFrameworkLibOpenCM3.a(rcc.o)
                0x080082e8                rcc_set_adcpre
 .text.rcc_set_ppre2
                0x080082fc       0x14 .pioenvs\bluepill_f103c8\libFrameworkLibOpenCM3.a(rcc.o)
                0x080082fc                rcc_set_ppre2
 .text.rcc_set_ppre1
                0x08008310       0x14 .pioenvs\bluepill_f103c8\libFrameworkLibOpenCM3.a(rcc.o)
                0x08008310                rcc_set_ppre1
 .text.rcc_set_hpre
                0x08008324       0x14 .pioenvs\bluepill_f103c8\libFrameworkLibOpenCM3.a(rcc.o)
                0x08008324                rcc_set_hpre
 .text.rcc_clock_setup_in_hse_8mhz_out_72mhz
                0x08008338       0x8c .pioenvs\bluepill_f103c8\libFrameworkLibOpenCM3.a(rcc.o)
                0x08008338                rcc_clock_setup_in_hse_8mhz_out_72mhz
 .text.rtc_enter_config_mode
                0x080083c4       0x18 .pioenvs\bluepill_f103c8\libFrameworkLibOpenCM3.a(rtc.o)
                0x080083c4                rtc_enter_config_mode
 .text.rtc_exit_config_mode
                0x080083dc       0x18 .pioenvs\bluepill_f103c8\libFrameworkLibOpenCM3.a(rtc.o)
                0x080083dc                rtc_exit_config_mode
 .text.rtc_set_alarm_time
                0x080083f4       0x20 .pioenvs\bluepill_f103c8\libFrameworkLibOpenCM3.a(rtc.o)
                0x080083f4                rtc_set_alarm_time
 .text.rtc_set_prescale_val
                0x08008414       0x20 .pioenvs\bluepill_f103c8\libFrameworkLibOpenCM3.a(rtc.o)
                0x08008414                rtc_set_prescale_val
 .text.rtc_get_counter_val
                0x08008434       0x14 .pioenvs\bluepill_f103c8\libFrameworkLibOpenCM3.a(rtc.o)
                0x08008434                rtc_get_counter_val
 .text.rtc_set_counter_val
                0x08008448       0x1c .pioenvs\bluepill_f103c8\libFrameworkLibOpenCM3.a(rtc.o)
                0x08008448                rtc_set_counter_val
 .text.rtc_interrupt_enable
                0x08008464       0x3c .pioenvs\bluepill_f103c8\libFrameworkLibOpenCM3.a(rtc.o)
                0x08008464                rtc_interrupt_enable
 .text.rtc_interrupt_disable
                0x080084a0       0x3c .pioenvs\bluepill_f103c8\libFrameworkLibOpenCM3.a(rtc.o)
                0x080084a0                rtc_interrupt_disable
 .text.rtc_clear_flag
                0x080084dc       0x30 .pioenvs\bluepill_f103c8\libFrameworkLibOpenCM3.a(rtc.o)
                0x080084dc                rtc_clear_flag
 .text.rtc_check_flag
                0x0800850c       0x30 .pioenvs\bluepill_f103c8\libFrameworkLibOpenCM3.a(rtc.o)
                0x0800850c                rtc_check_flag
 .text.pwr_disable_backup_domain_write_protect
                0x0800853c       0x10 .pioenvs\bluepill_f103c8\libFrameworkLibOpenCM3.a(pwr_common_all.o)
                0x0800853c                pwr_disable_backup_domain_write_protect
 .text.pwr_enable_backup_domain_write_protect
                0x0800854c       0x10 .pioenvs\bluepill_f103c8\libFrameworkLibOpenCM3.a(pwr_common_all.o)
                0x0800854c                pwr_enable_backup_domain_write_protect
 .text.exti_set_trigger
                0x0800855c       0x3c .pioenvs\bluepill_f103c8\libFrameworkLibOpenCM3.a(exti_common_all.o)
                0x0800855c                exti_set_trigger
 .text.exti_enable_request
                0x08008598       0x14 .pioenvs\bluepill_f103c8\libFrameworkLibOpenCM3.a(exti_common_all.o)
                0x08008598                exti_enable_request
 .text.exti_reset_request
                0x080085ac        0xc .pioenvs\bluepill_f103c8\libFrameworkLibOpenCM3.a(exti_common_all.o)
                0x080085ac                exti_reset_request
 .text.flash_set_ws
                0x080085b8       0x14 .pioenvs\bluepill_f103c8\libFrameworkLibOpenCM3.a(flash_common_f01.o)
                0x080085b8                flash_set_ws
 .text.flash_unlock
                0x080085cc       0x24 .pioenvs\bluepill_f103c8\libFrameworkLibOpenCM3.a(flash_common_f01.o)
                0x080085cc                flash_unlock
 .text.flash_lock
                0x080085f0       0x10 .pioenvs\bluepill_f103c8\libFrameworkLibOpenCM3.a(flash_common_f01.o)
                0x080085f0                flash_lock
 .text.usbd_init
                0x08008600       0x50 .pioenvs\bluepill_f103c8\libFrameworkLibOpenCM3.a(usb.o)
                0x08008600                usbd_init
 .text._usbd_standard_request_device
                0x08008650       0x48 .pioenvs\bluepill_f103c8\libFrameworkLibOpenCM3.a(usb_standard.o)
                0x08008650                _usbd_standard_request_device
 .text._usbd_standard_request_interface
                0x08008698       0x30 .pioenvs\bluepill_f103c8\libFrameworkLibOpenCM3.a(usb_standard.o)
                0x08008698                _usbd_standard_request_interface
 .text._usbd_standard_request_endpoint
                0x080086c8       0x3c .pioenvs\bluepill_f103c8\libFrameworkLibOpenCM3.a(usb_standard.o)
                0x080086c8                _usbd_standard_request_endpoint
 .text.st_usbfs_v1_usbd_init
                0x08008704       0x30 .pioenvs\bluepill_f103c8\libFrameworkLibOpenCM3.a(st_usbfs_v1.o)
 .text.reset_handler
                0x08008734       0x90 .pioenvs\bluepill_f103c8\libFrameworkLibOpenCM3.a(vector.o)
                0x08008734                reset_handler
 .text.st_usbfs_set_address
                0x080087c4       0x10 .pioenvs\bluepill_f103c8\libFrameworkLibOpenCM3.a(st_usbfs_core.o)
                0x080087c4                st_usbfs_set_address
 .text.st_usbfs_set_ep_rx_bufsize
                0x080087d4       0x48 .pioenvs\bluepill_f103c8\libFrameworkLibOpenCM3.a(st_usbfs_core.o)
                0x080087d4                st_usbfs_set_ep_rx_bufsize
 .text.st_usbfs_ep_setup
                0x0800881c      0x150 .pioenvs\bluepill_f103c8\libFrameworkLibOpenCM3.a(st_usbfs_core.o)
                0x0800881c                st_usbfs_ep_setup
 .text.st_usbfs_endpoints_reset
                0x0800896c       0x44 .pioenvs\bluepill_f103c8\libFrameworkLibOpenCM3.a(st_usbfs_core.o)
                0x0800896c                st_usbfs_endpoints_reset
 .text.st_usbfs_ep_stall_set
                0x080089b0       0xe4 .pioenvs\bluepill_f103c8\libFrameworkLibOpenCM3.a(st_usbfs_core.o)
                0x080089b0                st_usbfs_ep_stall_set
 .text.st_usbfs_ep_nak_set
                0x08008a94       0x58 .pioenvs\bluepill_f103c8\libFrameworkLibOpenCM3.a(st_usbfs_core.o)
                0x08008a94                st_usbfs_ep_nak_set
 .text.st_usbfs_ep_write_packet
                0x08008aec       0x8c .pioenvs\bluepill_f103c8\libFrameworkLibOpenCM3.a(st_usbfs_core.o)
                0x08008aec                st_usbfs_ep_write_packet
 .text.st_usbfs_ep_read_packet
                0x08008b78       0xb8 .pioenvs\bluepill_f103c8\libFrameworkLibOpenCM3.a(st_usbfs_core.o)
                0x08008b78                st_usbfs_ep_read_packet
 .text.st_usbfs_poll
                0x08008c30       0xd0 .pioenvs\bluepill_f103c8\libFrameworkLibOpenCM3.a(st_usbfs_core.o)
                0x08008c30                st_usbfs_poll
 .text._Z18component_callbackN5codal5EventE
                0x08008d00       0x58 .pioenvs\bluepill_f103c8\lib635\libcodal-core.a(CodalComponent.o)
                0x08008d00                component_callback(codal::Event)
 .text._ZN5codal14CodalComponent12addComponentEv
                0x08008d58       0x70 .pioenvs\bluepill_f103c8\lib635\libcodal-core.a(CodalComponent.o)
                0x08008d58                codal::CodalComponent::addComponent()
 .text._ZN5codal14CodalComponent15removeComponentEv
                0x08008dc8       0x20 .pioenvs\bluepill_f103c8\lib635\libcodal-core.a(CodalComponent.o)
                0x08008dc8                codal::CodalComponent::removeComponent()
 .text.codal_dmesg_set_flush_fn
                0x08008de8        0xc .pioenvs\bluepill_f103c8\lib635\libcodal-core.a(CodalDmesg.o)
                0x08008de8                codal_dmesg_set_flush_fn
 .text.codal_dmesg_flush
                0x08008df4       0x10 .pioenvs\bluepill_f103c8\lib635\libcodal-core.a(CodalDmesg.o)
                0x08008df4                codal_dmesg_flush
 .text._ZN5codal6SerialC2ERNS_3PinES2_hht
                0x08008e04       0x5c .pioenvs\bluepill_f103c8\lib635\libcodal-core.a(Serial.o)
                0x08008e04                codal::Serial::Serial(codal::Pin&, codal::Pin&, unsigned char, unsigned char, unsigned short)
                0x08008e04                codal::Serial::Serial(codal::Pin&, codal::Pin&, unsigned char, unsigned char, unsigned short)
 .text._ZN5codal6SerialD2Ev
                0x08008e60       0x1c .pioenvs\bluepill_f103c8\lib635\libcodal-core.a(Serial.o)
                0x08008e60                codal::Serial::~Serial()
                0x08008e60                codal::Serial::~Serial()
 .text._ZN5codal10EventModel4sendENS_5EventE
                0x08008e7c       0x14 .pioenvs\bluepill_f103c8\lib635\libcodal-core.a(MessageBus.o)
                0x08008e7c                codal::EventModel::send(codal::Event)
 .text._ZN5codal10EventModel3addEPNS_8ListenerE
                0x08008e90        0x8 .pioenvs\bluepill_f103c8\lib635\libcodal-core.a(MessageBus.o)
                0x08008e90                codal::EventModel::add(codal::Listener*)
 .text._ZN5codal10EventModel6removeEPNS_8ListenerE
                0x08008e98        0x8 .pioenvs\bluepill_f103c8\lib635\libcodal-core.a(MessageBus.o)
                0x08008e98                codal::EventModel::remove(codal::Listener*)
 .text._ZN5codal10MessageBus6removeEPNS_8ListenerE
                0x08008ea0       0x70 .pioenvs\bluepill_f103c8\lib635\libcodal-core.a(MessageBus.o)
                0x08008ea0                codal::MessageBus::remove(codal::Listener*)
 .text._ZN5codal10MessageBus3addEPNS_8ListenerE
                0x08008f10       0xbc .pioenvs\bluepill_f103c8\lib635\libcodal-core.a(MessageBus.o)
                0x08008f10                codal::MessageBus::add(codal::Listener*)
 .text._ZN5codal10MessageBusD2Ev
                0x08008fcc       0x78 .pioenvs\bluepill_f103c8\lib635\libcodal-core.a(MessageBus.o)
                0x08008fcc                codal::MessageBus::~MessageBus()
                0x08008fcc                codal::MessageBus::~MessageBus()
 .text._ZN5codal10MessageBusC2Ev
                0x08009044       0xa8 .pioenvs\bluepill_f103c8\lib635\libcodal-core.a(MessageBus.o)
                0x08009044                codal::MessageBus::MessageBus()
                0x08009044                codal::MessageBus::MessageBus()
 .text._ZN5codal10MessageBus7processERNS_5EventEb
                0x080090ec       0x84 .pioenvs\bluepill_f103c8\lib635\libcodal-core.a(MessageBus.o)
                0x080090ec                codal::MessageBus::process(codal::Event&, bool)
 .text._ZN5codal19allocateNotifyEventEv
                0x08009170       0x10 .pioenvs\bluepill_f103c8\lib635\libcodal-core.a(MessageBus.o)
                0x08009170                codal::allocateNotifyEvent()
 .text._ZN5codal13ManagedStringC2EPKcs
                0x08009180       0x34 .pioenvs\bluepill_f103c8\lib635\libcodal-core.a(ManagedString.o)
                0x08009180                codal::ManagedString::ManagedString(char const*, short)
                0x08009180                codal::ManagedString::ManagedString(char const*, short)
 .text._ZN5codal13ManagedStringC2Ev
                0x080091b4        0xc .pioenvs\bluepill_f103c8\lib635\libcodal-core.a(ManagedString.o)
                0x080091b4                codal::ManagedString::ManagedString()
                0x080091b4                codal::ManagedString::ManagedString()
 .text.startup._GLOBAL__sub_I__ZN5codal13ManagedString9initEmptyEv
                0x080091c0       0x2c .pioenvs\bluepill_f103c8\lib635\libcodal-core.a(ManagedString.o)
 .text          0x080091ec      0x4c8 .pioenvs\bluepill_f103c8\lib46d\libqfplib.a(qfplib.o)
                0x080092b4                qfp_fsub
                0x080092ba                qfp_fadd
                0x080092fc                qfp_fcmp
                0x08009318                qfp_fmul
                0x08009328                qfp_fdiv
                0x0800936a                qfp_fdiv_fast
                0x080093ba                qfp_fsqrt_fast
                0x08009430                qfp_float2int
                0x08009432                qfp_float2fix
                0x0800945a                qfp_float2uint
                0x0800945c                qfp_float2ufix
                0x08009476                qfp_int2float
                0x08009478                qfp_fix2float
                0x08009482                qfp_uint2float
                0x08009484                qfp_ufix2float
                0x0800951a                qfp_fsin
                0x0800955c                qfp_fcos
                0x08009566                qfp_ftan
                0x0800956e                qfp_fexp
                0x0800959e                qfp_fsqrt
                0x080095d8                qfp_fln
                0x080095fc                qfp_fatan2
 .text._ZN5codal3_cm3I2CC2ERNS_3PinES3_
                0x080096b4       0x1c .pioenvs\bluepill_f103c8\lib24c\libcm.a(CmI2C.o)
                0x080096b4                codal::_cm::I2C::I2C(codal::Pin&, codal::Pin&)
                0x080096b4                codal::_cm::I2C::I2C(codal::Pin&, codal::Pin&)
 .text._ZN5codal3_cm3SPI4initEv
                0x080096d0       0x5c .pioenvs\bluepill_f103c8\lib24c\libcm.a(CmSPI.o)
                0x080096d0                codal::_cm::SPI::init()
 .text._ZN5codal3_cm3SPIC2ERNS0_3PinES3_S3_S3_
                0x0800972c       0x9c .pioenvs\bluepill_f103c8\lib24c\libcm.a(CmSPI.o)
                0x0800972c                codal::_cm::SPI::SPI(codal::_cm::Pin&, codal::_cm::Pin&, codal::_cm::Pin&, codal::_cm::Pin&)
                0x0800972c                codal::_cm::SPI::SPI(codal::_cm::Pin&, codal::_cm::Pin&, codal::_cm::Pin&, codal::_cm::Pin&)
 .text._ZN5codal3_cm6SerialD2Ev
                0x080097c8       0x14 .pioenvs\bluepill_f103c8\lib24c\libcm.a(CmSerial.o)
                0x080097c8                codal::_cm::Serial::~Serial()
                0x080097c8                codal::_cm::Serial::~Serial()
 .text._ZN5codal3_cm6SerialC2ERNS0_3PinES3_hh
                0x080097dc       0x4c .pioenvs\bluepill_f103c8\lib24c\libcm.a(CmSerial.o)
                0x080097dc                codal::_cm::Serial::Serial(codal::_cm::Pin&, codal::_cm::Pin&, unsigned char, unsigned char)
                0x080097dc                codal::_cm::Serial::Serial(codal::_cm::Pin&, codal::_cm::Pin&, unsigned char, unsigned char)
 .text._ZN5codal3_cm13tick_callbackEv
                0x08009828       0x10 .pioenvs\bluepill_f103c8\lib24c\libcm.a(CmTimer.o)
                0x08009828                codal::_cm::tick_callback()
 .text._ZN5codal3_cm5Timer4initEv
                0x08009838       0x2c .pioenvs\bluepill_f103c8\lib24c\libcm.a(CmTimer.o)
                0x08009838                codal::_cm::Timer::init()
 .text._ZN5codal3_cm5TimerC2Ev
                0x08009864       0x28 .pioenvs\bluepill_f103c8\lib24c\libcm.a(CmTimer.o)
                0x08009864                codal::_cm::Timer::Timer()
                0x08009864                codal::_cm::Timer::Timer()
 .text.pinmap_peripheral
                0x0800988c       0x30 .pioenvs\bluepill_f103c8\lib24c\libcm.a(CmPinMap.o)
                0x0800988c                pinmap_peripheral
 .text.pinmap_mode
                0x080098bc       0x2c .pioenvs\bluepill_f103c8\lib24c\libcm.a(CmPinMap.o)
                0x080098bc                pinmap_mode
 .text.pinmap_cnf
                0x080098e8       0x2c .pioenvs\bluepill_f103c8\lib24c\libcm.a(CmPinMap.o)
                0x080098e8                pinmap_cnf
 .text._ZN5codal3I2CC2ERNS_3PinES2_
                0x08009914        0xc .pioenvs\bluepill_f103c8\lib635\libcodal-core.a(I2C.o)
                0x08009914                codal::I2C::I2C(codal::Pin&, codal::Pin&)
                0x08009914                codal::I2C::I2C(codal::Pin&, codal::Pin&)
 .text.startup.main
                0x08009920       0x26 .pioenvs\bluepill_f103c8\src\main.o
                0x08009920                main
 .text.unity_output_char
                0x08009946        0x6 .pioenvs\bluepill_f103c8\src\unit_test.o
                0x08009946                unity_output_char
 .text.debug_write
                0x0800994c       0x16 .pioenvs\bluepill_f103c8\lib931\liblogger.a(logger.o)
                0x0800994c                debug_write
 .text.debug_print
                0x08009962       0x1a .pioenvs\bluepill_f103c8\lib931\liblogger.a(logger.o)
                0x08009962                debug_print
 .text.debug_print_unsigned
                0x0800997c        0x4 .pioenvs\bluepill_f103c8\lib931\liblogger.a(logger.o)
                0x0800997c                debug_print_unsigned
 .text.debug_printhex
                0x08009980       0x42 .pioenvs\bluepill_f103c8\lib931\liblogger.a(logger.o)
                0x08009980                debug_printhex
 .text.debug_printhex_unsigned
                0x080099c2       0x24 .pioenvs\bluepill_f103c8\lib931\liblogger.a(logger.o)
                0x080099c2                debug_printhex_unsigned
 .text._ZN5codal11queue_fiberEPNS_5FiberEPS1_
                0x080099e6       0x2e .pioenvs\bluepill_f103c8\lib635\libcodal-core.a(CodalFiber.o)
                0x080099e6                codal::queue_fiber(codal::Fiber*, codal::Fiber**)
 .text._ZN5codal13dequeue_fiberEPNS_5FiberE
                0x08009a14       0x34 .pioenvs\bluepill_f103c8\lib635\libcodal-core.a(CodalFiber.o)
                0x08009a14                codal::dequeue_fiber(codal::Fiber*)
 .text._ZN5codal12create_fiberEPFvPvES0_S2_
                0x08009a48       0x1e .pioenvs\bluepill_f103c8\lib635\libcodal-core.a(CodalFiber.o)
                0x08009a48                codal::create_fiber(void (*)(void*), void*, void (*)(void*))
 .text._ZN5codal20fiber_wait_for_eventEtt
                0x08009a66       0x12 .pioenvs\bluepill_f103c8\lib635\libcodal-core.a(CodalFiber.o)
                0x08009a66                codal::fiber_wait_for_event(unsigned short, unsigned short)
 .text._ZN5codal16launch_new_fiberEPFvvES1_
                0x08009a78       0x10 .pioenvs\bluepill_f103c8\lib635\libcodal-core.a(CodalFiber.o)
                0x08009a78                codal::launch_new_fiber(void (*)(), void (*)())
 .text._ZN5codal13release_fiberEPv
                0x08009a88       0x12 .pioenvs\bluepill_f103c8\lib635\libcodal-core.a(CodalFiber.o)
                0x08009a88                codal::release_fiber(void*)
 .text._ZN5codal22launch_new_fiber_paramEPFvPvES2_S0_
                0x08009a9a       0x1a .pioenvs\bluepill_f103c8\lib635\libcodal-core.a(CodalFiber.o)
                0x08009a9a                codal::launch_new_fiber_param(void (*)(void*), void (*)(void*), void*)
 .text._ZN5codal9idle_taskEv
                0x08009ab4        0xc .pioenvs\bluepill_f103c8\lib635\libcodal-core.a(CodalFiber.o)
                0x08009ab4                codal::idle_task()
 .text._Z16device_malloc_injR14HeapDefinition
                0x08009ac0       0x84 .pioenvs\bluepill_f103c8\lib635\libcodal-core.a(CodalHeapAllocator.o)
                0x08009ac0                device_malloc_in(unsigned int, HeapDefinition&)
 .text._ZN5codal8ListenerC2EttPFvNS_5EventEEt
                0x08009b44       0x28 .pioenvs\bluepill_f103c8\lib635\libcodal-core.a(CodalListener.o)
                0x08009b44                codal::Listener::Listener(unsigned short, unsigned short, void (*)(codal::Event), unsigned short)
                0x08009b44                codal::Listener::Listener(unsigned short, unsigned short, void (*)(codal::Event), unsigned short)
 .text._ZN5codal8ListenerD2Ev
                0x08009b6c       0x14 .pioenvs\bluepill_f103c8\lib635\libcodal-core.a(CodalListener.o)
                0x08009b6c                codal::Listener::~Listener()
                0x08009b6c                codal::Listener::~Listener()
 .text._ZN5codal8Listener5queueENS_5EventE
                0x08009b80       0x5c .pioenvs\bluepill_f103c8\lib635\libcodal-core.a(CodalListener.o)
                0x08009b80                codal::Listener::queue(codal::Event)
 .text._ZN5codal5Timer17disableInterruptsEv
                0x08009bdc        0xa .pioenvs\bluepill_f103c8\lib635\libcodal-core.a(Timer.o)
                0x08009bdc                codal::Timer::disableInterrupts()
 .text._ZN5codal5Timer16enableInterruptsEv
                0x08009be6        0xa .pioenvs\bluepill_f103c8\lib635\libcodal-core.a(Timer.o)
                0x08009be6                codal::Timer::enableInterrupts()
 .text._ZN5codal5Timer13getTimerEventEv
                0x08009bf0       0x22 .pioenvs\bluepill_f103c8\lib635\libcodal-core.a(Timer.o)
                0x08009bf0                codal::Timer::getTimerEvent()
 .text._ZN5codal5Timer17releaseTimerEventEPNS_10TimerEventE
                0x08009c12        0xe .pioenvs\bluepill_f103c8\lib635\libcodal-core.a(Timer.o)
                0x08009c12                codal::Timer::releaseTimerEvent(codal::TimerEvent*)
 .text._ZN5codal5Timer7getTimeEv
                0x08009c20        0xe .pioenvs\bluepill_f103c8\lib635\libcodal-core.a(Timer.o)
                0x08009c20                codal::Timer::getTime()
 .text._ZN5codal5Timer9getTimeUsEv
                0x08009c2e        0xe .pioenvs\bluepill_f103c8\lib635\libcodal-core.a(Timer.o)
                0x08009c2e                codal::Timer::getTimeUs()
 .text._ZN5codal5Timer8setEventEmttb
                0x08009c3c       0x66 .pioenvs\bluepill_f103c8\lib635\libcodal-core.a(Timer.o)
                0x08009c3c                codal::Timer::setEvent(unsigned long, unsigned short, unsigned short, bool)
 .text._ZN5codal5Timer12eventEveryUsEmtt
                0x08009ca2        0xe .pioenvs\bluepill_f103c8\lib635\libcodal-core.a(Timer.o)
                0x08009ca2                codal::Timer::eventEveryUs(unsigned long, unsigned short, unsigned short)
 .text._ZN5codal5Timer4syncEm
                0x08009cb0       0x24 .pioenvs\bluepill_f103c8\lib635\libcodal-core.a(Timer.o)
                0x08009cb0                codal::Timer::sync(unsigned long)
 .text._ZN5codal5Timer7triggerEv
                0x08009cd4       0x92 .pioenvs\bluepill_f103c8\lib635\libcodal-core.a(Timer.o)
                0x08009cd4                codal::Timer::trigger()
 .text._ZN5codal5TimerD2Ev
                0x08009d66        0x2 .pioenvs\bluepill_f103c8\lib635\libcodal-core.a(Timer.o)
                0x08009d66                codal::Timer::~Timer()
                0x08009d66                codal::Timer::~Timer()
 .text._ZN5codal5EventC2Ev
                0x08009d68       0x12 .pioenvs\bluepill_f103c8\lib635\libcodal-core.a(Event.o)
                0x08009d68                codal::Event::Event()
                0x08009d68                codal::Event::Event()
 .text._ZN5codal5EventC2EttNS_15EventLaunchModeE
                0x08009d7a       0x1c .pioenvs\bluepill_f103c8\lib635\libcodal-core.a(Event.o)
                0x08009d7a                codal::Event::Event(unsigned short, unsigned short, codal::EventLaunchMode)
                0x08009d7a                codal::Event::Event(unsigned short, unsigned short, codal::EventLaunchMode)
 .text._ZN5codal5EventC2EttmNS_15EventLaunchModeE
                0x08009d96       0x18 .pioenvs\bluepill_f103c8\lib635\libcodal-core.a(Event.o)
                0x08009d96                codal::Event::Event(unsigned short, unsigned short, unsigned long, codal::EventLaunchMode)
                0x08009d96                codal::Event::Event(unsigned short, unsigned short, unsigned long, codal::EventLaunchMode)
 .text._ZN5codal14EventQueueItemC2ENS_5EventE
                0x08009dae       0x20 .pioenvs\bluepill_f103c8\lib635\libcodal-core.a(Event.o)
                0x08009dae                codal::EventQueueItem::EventQueueItem(codal::Event)
                0x08009dae                codal::EventQueueItem::EventQueueItem(codal::Event)
 .text.memcpy   0x08009dce       0x1c .pioenvs\bluepill_f103c8\liba13\libnewlib.a(memcpy.o)
                0x08009dce                memcpy
 .text.memset   0x08009dea       0x10 .pioenvs\bluepill_f103c8\liba13\libnewlib.a(memset.o)
                0x08009dea                memset
 .text.strlen   0x08009dfa       0x10 .pioenvs\bluepill_f103c8\liba13\libnewlib.a(strlen.o)
                0x08009dfa                strlen
 .text.strncat  0x08009e0a       0x28 .pioenvs\bluepill_f103c8\liba13\libnewlib.a(strncat.o)
                0x08009e0a                strncat
 .text.strncpy  0x08009e32       0x2a .pioenvs\bluepill_f103c8\liba13\libnewlib.a(strncpy.o)
                0x08009e32                strncpy
 .text.UnityFloatsWithin
                0x08009e5c       0xe4 .pioenvs\bluepill_f103c8\lib0e4\libunity.a(unity.o)
 .text.UnityDoublesWithin
                0x08009f40      0x11c .pioenvs\bluepill_f103c8\lib0e4\libunity.a(unity.o)
 .text.setUp    0x0800a05c        0x2 .pioenvs\bluepill_f103c8\lib0e4\libunity.a(unity.o)
                0x0800a05c                setUp
 .text.tearDown
                0x0800a05e        0x2 .pioenvs\bluepill_f103c8\lib0e4\libunity.a(unity.o)
                0x0800a05e                tearDown
 .text.UnityPrintNumberUnsigned
                0x0800a060       0x34 .pioenvs\bluepill_f103c8\lib0e4\libunity.a(unity.o)
                0x0800a060                UnityPrintNumberUnsigned
 .text.UnityPrintNumber
                0x0800a094       0x18 .pioenvs\bluepill_f103c8\lib0e4\libunity.a(unity.o)
                0x0800a094                UnityPrintNumber
 .text.UnityPrintNumberHex
                0x0800a0ac       0x2e .pioenvs\bluepill_f103c8\lib0e4\libunity.a(unity.o)
                0x0800a0ac                UnityPrintNumberHex
 .text.UnityPrint.part.0
                0x0800a0da       0x4c .pioenvs\bluepill_f103c8\lib0e4\libunity.a(unity.o)
 .text.UnityPrint
                0x0800a126        0x8 .pioenvs\bluepill_f103c8\lib0e4\libunity.a(unity.o)
                0x0800a126                UnityPrint
 .text.UnityPrintNumberByStyle
                0x0800a12e       0x3a .pioenvs\bluepill_f103c8\lib0e4\libunity.a(unity.o)
                0x0800a12e                UnityPrintNumberByStyle
 .text._ZN5codal3Pin15setServoPulseUsEm
                0x0800a168        0x6 .pioenvs\bluepill_f103c8\lib24c\libcm.a(CmPin.o)
                0x0800a168                codal::Pin::setServoPulseUs(unsigned long)
 .text._ZN5codal3Pin17setAnalogPeriodUsEm
                0x0800a16e        0x6 .pioenvs\bluepill_f103c8\lib24c\libcm.a(CmPin.o)
                0x0800a16e                codal::Pin::setAnalogPeriodUs(unsigned long)
 .text._ZN5codal3Pin8drainPinEv
                0x0800a174        0x6 .pioenvs\bluepill_f103c8\lib24c\libcm.a(CmPin.o)
                0x0800a174                codal::Pin::drainPin()
 .text._ZN5codal3_cm3Pin15getDigitalValueEv
                0x0800a17a        0x4 .pioenvs\bluepill_f103c8\lib24c\libcm.a(CmPin.o)
                0x0800a17a                codal::_cm::Pin::getDigitalValue()
 .text._ZN5codal3_cm3Pin15getDigitalValueENS_8PullModeE
                0x0800a17e       0x16 .pioenvs\bluepill_f103c8\lib24c\libcm.a(CmPin.o)
                0x0800a17e                codal::_cm::Pin::getDigitalValue(codal::PullMode)
 .text._ZN5codal3_cm3Pin14getAnalogValueEv
                0x0800a194        0x4 .pioenvs\bluepill_f103c8\lib24c\libcm.a(CmPin.o)
                0x0800a194                codal::_cm::Pin::getAnalogValue()
 .text._ZN5codal3_cm3Pin7isInputEv
                0x0800a198        0xe .pioenvs\bluepill_f103c8\lib24c\libcm.a(CmPin.o)
                0x0800a198                codal::_cm::Pin::isInput()
 .text._ZN5codal3_cm3Pin8isOutputEv
                0x0800a1a6        0xe .pioenvs\bluepill_f103c8\lib24c\libcm.a(CmPin.o)
                0x0800a1a6                codal::_cm::Pin::isOutput()
 .text._ZN5codal3_cm3Pin9isDigitalEv
                0x0800a1b4        0xc .pioenvs\bluepill_f103c8\lib24c\libcm.a(CmPin.o)
                0x0800a1b4                codal::_cm::Pin::isDigital()
 .text._ZN5codal3_cm3Pin8isAnalogEv
                0x0800a1c0        0xe .pioenvs\bluepill_f103c8\lib24c\libcm.a(CmPin.o)
                0x0800a1c0                codal::_cm::Pin::isAnalog()
 .text._ZN5codal3_cm3Pin15getAnalogPeriodEv
                0x0800a1ce       0x12 .pioenvs\bluepill_f103c8\lib24c\libcm.a(CmPin.o)
                0x0800a1ce                codal::_cm::Pin::getAnalogPeriod()
 .text._ZN5codal3_cm3Pin7setPullENS_8PullModeE
                0x0800a1e0        0x6 .pioenvs\bluepill_f103c8\lib24c\libcm.a(CmPin.o)
                0x0800a1e0                codal::_cm::Pin::setPull(codal::PullMode)
 .text._ZN5codal3_cm3Pin5setupEhh
                0x0800a1e6       0x1e .pioenvs\bluepill_f103c8\lib24c\libcm.a(CmPin.o)
                0x0800a1e6                codal::_cm::Pin::setup(unsigned char, unsigned char)
 .text._ZN5codal3_cm3Pin17setAnalogPeriodUsEi
                0x0800a204       0x12 .pioenvs\bluepill_f103c8\lib24c\libcm.a(CmPin.o)
                0x0800a204                codal::_cm::Pin::setAnalogPeriodUs(int)
 .text._ZN5codal3_cm3Pin15setAnalogPeriodEi
                0x0800a216        0xa .pioenvs\bluepill_f103c8\lib24c\libcm.a(CmPin.o)
                0x0800a216                codal::_cm::Pin::setAnalogPeriod(int)
 .text._ZN5codal3_cm3Pin13disableEventsEv
                0x0800a220       0x10 .pioenvs\bluepill_f103c8\lib24c\libcm.a(CmPin.o)
                0x0800a220                codal::_cm::Pin::disableEvents()
 .text._ZN5codal3_cm3Pin7eventOnEi
                0x0800a230       0x26 .pioenvs\bluepill_f103c8\lib24c\libcm.a(CmPin.o)
                0x0800a230                codal::_cm::Pin::eventOn(int)
 .text.target_enable_debug
                0x0800a256        0x4 .pioenvs\bluepill_f103c8\lib24c\libcm.a(codal_target_hal.o)
                0x0800a256                target_enable_debug
 .text.target_enable_irq
                0x0800a25a        0x4 .pioenvs\bluepill_f103c8\lib24c\libcm.a(codal_target_hal.o)
                0x0800a25a                target_enable_irq
 .text.target_disable_irq
                0x0800a25e        0x4 .pioenvs\bluepill_f103c8\lib24c\libcm.a(codal_target_hal.o)
                0x0800a25e                target_disable_irq
 .text.target_wait_for_event
                0x0800a262        0xa .pioenvs\bluepill_f103c8\lib24c\libcm.a(codal_target_hal.o)
                0x0800a262                target_wait_for_event
 .text.tcb_allocate
                0x0800a26c        0x6 .pioenvs\bluepill_f103c8\lib24c\libcm.a(codal_target_hal.o)
                0x0800a26c                tcb_allocate
 .text.tcb_configure_lr
                0x0800a272        0x4 .pioenvs\bluepill_f103c8\lib24c\libcm.a(codal_target_hal.o)
                0x0800a272                tcb_configure_lr
 .text.tcb_configure_sp
                0x0800a276        0x4 .pioenvs\bluepill_f103c8\lib24c\libcm.a(codal_target_hal.o)
                0x0800a276                tcb_configure_sp
 .text.tcb_configure_stack_base
                0x0800a27a        0x4 .pioenvs\bluepill_f103c8\lib24c\libcm.a(codal_target_hal.o)
                0x0800a27a                tcb_configure_stack_base
 .text.tcb_get_stack_base
                0x0800a27e        0x4 .pioenvs\bluepill_f103c8\lib24c\libcm.a(codal_target_hal.o)
                0x0800a27e                tcb_get_stack_base
 .text.get_current_sp
                0x0800a282        0x4 .pioenvs\bluepill_f103c8\lib24c\libcm.a(codal_target_hal.o)
                0x0800a282                get_current_sp
 .text.tcb_get_sp
                0x0800a286        0x4 .pioenvs\bluepill_f103c8\lib24c\libcm.a(codal_target_hal.o)
                0x0800a286                tcb_get_sp
 .text.tcb_configure_args
                0x0800a28a        0x8 .pioenvs\bluepill_f103c8\lib24c\libcm.a(codal_target_hal.o)
                0x0800a28a                tcb_configure_args
 .text._fini    0x0800a292        0x2 .pioenvs\bluepill_f103c8\lib24c\libcm.a(codal_target_hal.o)
                0x0800a292                _fini
 .text.__aeabi_atexit
                0x0800a294        0x4 .pioenvs\bluepill_f103c8\lib24c\libcm.a(codal_target_hal.o)
                0x0800a294                __aeabi_atexit
 .text._ZN5codal14CodalComponent16periodicCallbackEv
                0x0800a298        0x2 .pioenvs\bluepill_f103c8\libff7\libbluepill.a(STM32BluePill.o)
                0x0800a298                codal::CodalComponent::periodicCallback()
 .text._ZN5codal14CodalComponent12idleCallbackEv
                0x0800a29a        0x2 .pioenvs\bluepill_f103c8\libff7\libbluepill.a(STM32BluePill.o)
                0x0800a29a                codal::CodalComponent::idleCallback()
 .text._ZN5codal13STM32BluePill16periodicCallbackEv
                0x0800a29c        0x2 .pioenvs\bluepill_f103c8\libff7\libbluepill.a(STM32BluePill.o)
                0x0800a29c                codal::STM32BluePill::periodicCallback()
 .text._ZN5codal14CodalComponentD0Ev
                0x0800a29e       0x12 .pioenvs\bluepill_f103c8\libff7\libbluepill.a(STM32BluePill.o)
                0x0800a29e                codal::CodalComponent::~CodalComponent()
 .text._ZN5codal13STM32BluePill12idleCallbackEv
                0x0800a2b0        0x4 .pioenvs\bluepill_f103c8\libff7\libbluepill.a(STM32BluePill.o)
                0x0800a2b0                codal::STM32BluePill::idleCallback()
 .text._ZN5codal13STM32BluePillD0Ev
                0x0800a2b4       0x12 .pioenvs\bluepill_f103c8\libff7\libbluepill.a(STM32BluePill.o)
                0x0800a2b4                codal::STM32BluePill::~STM32BluePill()
 .text.__cxa_pure_virtual
                0x0800a2c6        0x8 .pioenvs\bluepill_f103c8\libff7\libbluepill.a(bluepill.o)
                0x0800a2c6                __cxa_pure_virtual
 .text._Znwj    0x0800a2ce        0x4 .pioenvs\bluepill_f103c8\libff7\libbluepill.a(bluepill.o)
                0x0800a2ce                operator new(unsigned int)
 .text._ZdlPv   0x0800a2d2        0x4 .pioenvs\bluepill_f103c8\libff7\libbluepill.a(bluepill.o)
                0x0800a2d2                operator delete(void*)
 .text.platform_set_alarm
                0x0800a2d6        0x4 .pioenvs\bluepill_f103c8\libff7\libbluepill.a(timer.o)
                0x0800a2d6                platform_set_alarm
 .text.millis   0x0800a2da        0x4 .pioenvs\bluepill_f103c8\libff7\libbluepill.a(timer.o)
                0x0800a2da                millis
 .text.target_get_serial_number
                0x0800a2de        0x6 .pioenvs\bluepill_f103c8\lib443\libbootloader.a(target_stm32f103.o)
                0x0800a2de                target_get_serial_number
 .text.target_flash_unlock
                0x0800a2e4        0x4 .pioenvs\bluepill_f103c8\lib443\libbootloader.a(target_stm32f103.o)
                0x0800a2e4                target_flash_unlock
 .text.target_flash_lock
                0x0800a2e8        0x4 .pioenvs\bluepill_f103c8\lib443\libbootloader.a(target_stm32f103.o)
                0x0800a2e8                target_flash_lock
 .text.hf2_data_tx_cb
                0x0800a2ec        0x4 .pioenvs\bluepill_f103c8\lib443\libbootloader.a(hf2.o)
 .text._ZN13UARTInterfaceC2Ejj
                0x0800a2f0        0x2 .pioenvs\bluepill_f103c8\lib492\libuartint.a(uartint.o)
                0x0800a2f0                UARTInterface::UARTInterface(unsigned int, unsigned int)
                0x0800a2f0                UARTInterface::UARTInterface(unsigned int, unsigned int)
 .text.gpio_set_mode
                0x0800a2f2       0x62 .pioenvs\bluepill_f103c8\libFrameworkLibOpenCM3.a(gpio.o)
                0x0800a2f2                gpio_set_mode
 .text.gpio_set
                0x0800a354        0x4 .pioenvs\bluepill_f103c8\libFrameworkLibOpenCM3.a(gpio_common_all.o)
                0x0800a354                gpio_set
 .text.gpio_clear
                0x0800a358        0x6 .pioenvs\bluepill_f103c8\libFrameworkLibOpenCM3.a(gpio_common_all.o)
                0x0800a358                gpio_clear
 .text.usart_recv
                0x0800a35e        0x8 .pioenvs\bluepill_f103c8\libFrameworkLibOpenCM3.a(usart_common_f124.o)
                0x0800a35e                usart_recv
 .text.rcc_periph_clock_enable
                0x0800a366       0x1a .pioenvs\bluepill_f103c8\libFrameworkLibOpenCM3.a(rcc_common_all.o)
                0x0800a366                rcc_periph_clock_enable
 .text.rcc_periph_reset_pulse
                0x0800a380       0x22 .pioenvs\bluepill_f103c8\libFrameworkLibOpenCM3.a(rcc_common_all.o)
                0x0800a380                rcc_periph_reset_pulse
 .text.flash_wait_for_last_operation
                0x0800a3a2        0xc .pioenvs\bluepill_f103c8\libFrameworkLibOpenCM3.a(flash_common_f01.o)
                0x0800a3a2                flash_wait_for_last_operation
 .text.usbd_poll
                0x0800a3ae        0x8 .pioenvs\bluepill_f103c8\libFrameworkLibOpenCM3.a(usb.o)
                0x0800a3ae                usbd_poll
 .text.usbd_ep_setup
                0x0800a3b6        0xe .pioenvs\bluepill_f103c8\libFrameworkLibOpenCM3.a(usb.o)
                0x0800a3b6                usbd_ep_setup
 .text._usbd_reset
                0x0800a3c4       0x32 .pioenvs\bluepill_f103c8\libFrameworkLibOpenCM3.a(usb.o)
                0x0800a3c4                _usbd_reset
 .text.usbd_ep_write_packet
                0x0800a3f6        0xe .pioenvs\bluepill_f103c8\libFrameworkLibOpenCM3.a(usb.o)
                0x0800a3f6                usbd_ep_write_packet
 .text.usbd_ep_read_packet
                0x0800a404        0xe .pioenvs\bluepill_f103c8\libFrameworkLibOpenCM3.a(usb.o)
                0x0800a404                usbd_ep_read_packet
 .text.usbd_ep_stall_set
                0x0800a412        0x8 .pioenvs\bluepill_f103c8\libFrameworkLibOpenCM3.a(usb.o)
                0x0800a412                usbd_ep_stall_set
 .text.usbd_ep_stall_get
                0x0800a41a        0x8 .pioenvs\bluepill_f103c8\libFrameworkLibOpenCM3.a(usb.o)
                0x0800a41a                usbd_ep_stall_get
 .text.stall_transaction
                0x0800a422       0x14 .pioenvs\bluepill_f103c8\libFrameworkLibOpenCM3.a(usb_control.o)
 .text.usb_control_recv_chunk
                0x0800a436       0x3c .pioenvs\bluepill_f103c8\libFrameworkLibOpenCM3.a(usb_control.o)
 .text.usb_control_send_chunk
                0x0800a472       0x44 .pioenvs\bluepill_f103c8\libFrameworkLibOpenCM3.a(usb_control.o)
 .text.usb_control_request_dispatch
                0x0800a4b6       0x62 .pioenvs\bluepill_f103c8\libFrameworkLibOpenCM3.a(usb_control.o)
 .text.usb_control_setup_read
                0x0800a518       0x42 .pioenvs\bluepill_f103c8\libFrameworkLibOpenCM3.a(usb_control.o)
 .text.usbd_register_control_callback
                0x0800a55a       0x26 .pioenvs\bluepill_f103c8\libFrameworkLibOpenCM3.a(usb_control.o)
                0x0800a55a                usbd_register_control_callback
 .text._usbd_control_setup
                0x0800a580       0x5a .pioenvs\bluepill_f103c8\libFrameworkLibOpenCM3.a(usb_control.o)
                0x0800a580                _usbd_control_setup
 .text._usbd_control_out
                0x0800a5da       0x82 .pioenvs\bluepill_f103c8\libFrameworkLibOpenCM3.a(usb_control.o)
                0x0800a5da                _usbd_control_out
 .text._usbd_control_in
                0x0800a65c       0x56 .pioenvs\bluepill_f103c8\libFrameworkLibOpenCM3.a(usb_control.o)
                0x0800a65c                _usbd_control_in
 .text.usb_standard_set_configuration
                0x0800a6b2       0x92 .pioenvs\bluepill_f103c8\libFrameworkLibOpenCM3.a(usb_standard.o)
 .text.usb_standard_get_configuration
                0x0800a744       0x20 .pioenvs\bluepill_f103c8\libFrameworkLibOpenCM3.a(usb_standard.o)
 .text.usb_standard_get_interface
                0x0800a764       0x34 .pioenvs\bluepill_f103c8\libFrameworkLibOpenCM3.a(usb_standard.o)
 .text.usb_standard_device_get_status
                0x0800a798       0x18 .pioenvs\bluepill_f103c8\libFrameworkLibOpenCM3.a(usb_standard.o)
 .text.usb_standard_endpoint_get_status
                0x0800a7b0       0x2a .pioenvs\bluepill_f103c8\libFrameworkLibOpenCM3.a(usb_standard.o)
 .text.usb_standard_endpoint_stall
                0x0800a7da       0x10 .pioenvs\bluepill_f103c8\libFrameworkLibOpenCM3.a(usb_standard.o)
 .text.usb_standard_endpoint_unstall
                0x0800a7ea       0x10 .pioenvs\bluepill_f103c8\libFrameworkLibOpenCM3.a(usb_standard.o)
 .text.usb_standard_set_address
                0x0800a7fa       0x28 .pioenvs\bluepill_f103c8\libFrameworkLibOpenCM3.a(usb_standard.o)
 .text.usb_standard_set_interface
                0x0800a822       0x4e .pioenvs\bluepill_f103c8\libFrameworkLibOpenCM3.a(usb_standard.o)
 .text.usb_standard_get_descriptor
                0x0800a870      0x256 .pioenvs\bluepill_f103c8\libFrameworkLibOpenCM3.a(usb_standard.o)
 .text.usb_standard_interface_get_status
                0x0800aac6       0x18 .pioenvs\bluepill_f103c8\libFrameworkLibOpenCM3.a(usb_standard.o)
 .text.usbd_register_set_config_callback
                0x0800aade       0x26 .pioenvs\bluepill_f103c8\libFrameworkLibOpenCM3.a(usb_standard.o)
                0x0800aade                usbd_register_set_config_callback
 .text._usbd_standard_request
                0x0800ab04       0x30 .pioenvs\bluepill_f103c8\libFrameworkLibOpenCM3.a(usb_standard.o)
                0x0800ab04                _usbd_standard_request
 .text.st_usbfs_copy_to_pm
                0x0800ab34       0x1c .pioenvs\bluepill_f103c8\libFrameworkLibOpenCM3.a(st_usbfs_v1.o)
                0x0800ab34                st_usbfs_copy_to_pm
 .text.st_usbfs_copy_from_pm
                0x0800ab50       0x2a .pioenvs\bluepill_f103c8\libFrameworkLibOpenCM3.a(st_usbfs_v1.o)
                0x0800ab50                st_usbfs_copy_from_pm
 .text.blocking_handler
                0x0800ab7a        0x2 .pioenvs\bluepill_f103c8\libFrameworkLibOpenCM3.a(vector.o)
                0x0800ab7a                usart3_isr
                0x0800ab7a                tim7_isr
                0x0800ab7a                adc1_2_isr
                0x0800ab7a                tim1_trg_com_isr
                0x0800ab7a                usb_hp_can_tx_isr
                0x0800ab7a                tim6_isr
                0x0800ab7a                usb_wakeup_isr
                0x0800ab7a                blocking_handler
                0x0800ab7a                tim5_isr
                0x0800ab7a                otg_fs_isr
                0x0800ab7a                spi1_isr
                0x0800ab7a                exti2_isr
                0x0800ab7a                dma1_channel6_isr
                0x0800ab7a                can_rx1_isr
                0x0800ab7a                dma1_channel5_isr
                0x0800ab7a                dma2_channel5_isr
                0x0800ab7a                usart1_isr
                0x0800ab7a                usage_fault_handler
                0x0800ab7a                tim8_trg_com_isr
                0x0800ab7a                can2_rx0_isr
                0x0800ab7a                tim1_brk_isr
                0x0800ab7a                can2_rx1_isr
                0x0800ab7a                tim1_cc_isr
                0x0800ab7a                sdio_isr
                0x0800ab7a                eth_isr
                0x0800ab7a                dma1_channel4_isr
                0x0800ab7a                tim8_brk_isr
                0x0800ab7a                dma2_channel4_5_isr
                0x0800ab7a                pvd_isr
                0x0800ab7a                rcc_isr
                0x0800ab7a                flash_isr
                0x0800ab7a                uart4_isr
                0x0800ab7a                exti15_10_isr
                0x0800ab7a                hard_fault_handler
                0x0800ab7a                exti1_isr
                0x0800ab7a                i2c1_ev_isr
                0x0800ab7a                dma2_channel1_isr
                0x0800ab7a                spi2_isr
                0x0800ab7a                tim8_up_isr
                0x0800ab7a                dma2_channel2_isr
                0x0800ab7a                exti3_isr
                0x0800ab7a                adc3_isr
                0x0800ab7a                tim3_isr
                0x0800ab7a                usb_lp_can_rx0_isr
                0x0800ab7a                i2c2_er_isr
                0x0800ab7a                i2c2_ev_isr
                0x0800ab7a                uart5_isr
                0x0800ab7a                fsmc_isr
                0x0800ab7a                dma1_channel1_isr
                0x0800ab7a                exti4_isr
                0x0800ab7a                mem_manage_handler
                0x0800ab7a                can2_tx_isr
                0x0800ab7a                exti9_5_isr
                0x0800ab7a                dma2_channel3_isr
                0x0800ab7a                dma1_channel7_isr
                0x0800ab7a                tim1_up_isr
                0x0800ab7a                can2_sce_isr
                0x0800ab7a                tim4_isr
                0x0800ab7a                dma1_channel2_isr
                0x0800ab7a                i2c1_er_isr
                0x0800ab7a                can_sce_isr
                0x0800ab7a                tim8_cc_isr
                0x0800ab7a                tamper_isr
                0x0800ab7a                eth_wkup_isr
                0x0800ab7a                bus_fault_handler
                0x0800ab7a                wwdg_isr
                0x0800ab7a                dma1_channel3_isr
                0x0800ab7a                spi3_isr
                0x0800ab7a                tim2_isr
                0x0800ab7a                exti0_isr
 .text.null_handler
                0x0800ab7c        0x2 .pioenvs\bluepill_f103c8\libFrameworkLibOpenCM3.a(vector.o)
                0x0800ab7c                sv_call_handler
                0x0800ab7c                pend_sv_handler
                0x0800ab7c                debug_monitor_handler
                0x0800ab7c                sys_tick_handler
                0x0800ab7c                nmi_handler
                0x0800ab7c                null_handler
 .text.nvic_enable_irq
                0x0800ab7e       0x1a .pioenvs\bluepill_f103c8\libFrameworkLibOpenCM3.a(nvic.o)
                0x0800ab7e                nvic_enable_irq
 .text.st_usbfs_ep_stall_get
                0x0800ab98       0x38 .pioenvs\bluepill_f103c8\libFrameworkLibOpenCM3.a(st_usbfs_core.o)
                0x0800ab98                st_usbfs_ep_stall_get
 .text._ZN5codal14string_reverseEPc
                0x0800abd0       0x2a .pioenvs\bluepill_f103c8\lib635\libcodal-core.a(CodalCompat.o)
                0x0800abd0                codal::string_reverse(char*)
 .text._ZN5codal4itoaEiPc
                0x0800abfa       0x50 .pioenvs\bluepill_f103c8\lib635\libcodal-core.a(CodalCompat.o)
                0x0800abfa                codal::itoa(int, char*)
 .text._ZN5codal6Serial12initialiseRxEv
                0x0800ac4a       0x4c .pioenvs\bluepill_f103c8\lib635\libcodal-core.a(Serial.o)
                0x0800ac4a                codal::Serial::initialiseRx()
 .text._ZN5codal6Serial12circularCopyEPhhS1_tt
                0x0800ac96       0x26 .pioenvs\bluepill_f103c8\lib635\libcodal-core.a(Serial.o)
                0x0800ac96                codal::Serial::circularCopy(unsigned char*, unsigned char, unsigned char*, unsigned short, unsigned short)
 .text._ZN5codal6Serial7eventOnENS_13ManagedStringENS_10SerialModeE
                0x0800acbc       0x26 .pioenvs\bluepill_f103c8\lib635\libcodal-core.a(Serial.o)
                0x0800acbc                codal::Serial::eventOn(codal::ManagedString, codal::SerialMode)
 .text._ZN5codal6Serial9readUntilENS_13ManagedStringENS_10SerialModeE
                0x0800ace2      0x1a6 .pioenvs\bluepill_f103c8\lib635\libcodal-core.a(Serial.o)
                0x0800ace2                codal::Serial::readUntil(codal::ManagedString, codal::SerialMode)
 .text._ZN5codal10MessageBus9elementAtEi
                0x0800ae88       0x10 .pioenvs\bluepill_f103c8\lib635\libcodal-core.a(MessageBus.o)
                0x0800ae88                codal::MessageBus::elementAt(int)
 .text._ZN5codal22MemberFunctionCallback10methodCallINS_10MessageBusEEEvPvPmNS_5EventE
                0x0800ae98       0x30 .pioenvs\bluepill_f103c8\lib635\libcodal-core.a(MessageBus.o)
                0x0800ae98                void codal::MemberFunctionCallback::methodCall<codal::MessageBus>(void*, unsigned long*, codal::Event)
 .text._Z14async_callbackPv
                0x0800aec8       0x7c .pioenvs\bluepill_f103c8\lib635\libcodal-core.a(MessageBus.o)
                0x0800aec8                async_callback(void*)
 .text._ZThn8_N5codal10MessageBusD1Ev
                0x0800af44        0x8 .pioenvs\bluepill_f103c8\lib635\libcodal-core.a(MessageBus.o)
                0x0800af44                non-virtual thunk to codal::MessageBus::~MessageBus()
 .text._ZN5codal10MessageBusD0Ev
                0x0800af4c       0x12 .pioenvs\bluepill_f103c8\lib635\libcodal-core.a(MessageBus.o)
                0x0800af4c                codal::MessageBus::~MessageBus()