Archive member included to satisfy reference by file (symbol)

.pioenvs/bluepill_f103c8/libd9b/liblogger.a(logger.o)
                              .pioenvs/bluepill_f103c8/libccd/hal/codal_target_hal.o (debug_flush)
.pioenvs/bluepill_f103c8/lib98a/libnewlib.a(strlen.o)
                              .pioenvs/bluepill_f103c8/src/aggregate.o (strlen)
.pioenvs/bluepill_f103c8/lib98a/libnewlib.a(strncat.o)
                              .pioenvs/bluepill_f103c8/src/wisol.o (strncat)
.pioenvs/bluepill_f103c8/lib98a/libnewlib.a(strncmp.o)
                              .pioenvs/bluepill_f103c8/src/aggregate.o (strncmp)
.pioenvs/bluepill_f103c8/lib98a/libnewlib.a(strncpy.o)
                              .pioenvs/bluepill_f103c8/src/aggregate.o (strncpy)
.pioenvs/bluepill_f103c8/lib98a/libnewlib.a(strstr.o)
                              .pioenvs/bluepill_f103c8/src/wisol.o (strstr)
.pioenvs/bluepill_f103c8/lib271/libbluepill.a(bluepill.o)
                              .pioenvs/bluepill_f103c8/libccd/hal/codal_target_hal.o (platform_setup)
.pioenvs/bluepill_f103c8/lib271/libbluepill.a(led.o)
                              .pioenvs/bluepill_f103c8/lib271/libbluepill.a(bluepill.o) (led_setup)
.pioenvs/bluepill_f103c8/lib271/libbluepill.a(timer.o)
                              .pioenvs/bluepill_f103c8/libccd/hal/codal_target_hal.o (platform_start_timer)
.pioenvs/bluepill_f103c8/libb45/libbootloader.a(bootloader.o)
                              .pioenvs/bluepill_f103c8/libccd/hal/reset_handler.o (bootloader_start)
.pioenvs/bluepill_f103c8/libb45/libbootloader.a(target_stm32f103.o)
                              .pioenvs/bluepill_f103c8/libb45/libbootloader.a(bootloader.o) (target_set_led)
.pioenvs/bluepill_f103c8/libb45/libbootloader.a(usb_conf.o)
                              .pioenvs/bluepill_f103c8/libb45/libbootloader.a(bootloader.o) (usb_setup)
.pioenvs/bluepill_f103c8/libb45/libbootloader.a(webusb.o)
                              .pioenvs/bluepill_f103c8/libb45/libbootloader.a(usb_conf.o) (webusb_setup)
.pioenvs/bluepill_f103c8/libb45/libbootloader.a(winusb.o)
                              .pioenvs/bluepill_f103c8/libb45/libbootloader.a(usb_conf.o) (winusb_setup)
.pioenvs/bluepill_f103c8/libb45/libbootloader.a(cdc.o)
                              .pioenvs/bluepill_f103c8/libb45/libbootloader.a(usb_conf.o) (cdc_setup)
.pioenvs/bluepill_f103c8/libb45/libbootloader.a(hf2.o)
                              .pioenvs/bluepill_f103c8/libb45/libbootloader.a(usb_conf.o) (hf2_setup)
.pioenvs/bluepill_f103c8/libb45/libbootloader.a(backup.o)
                              .pioenvs/bluepill_f103c8/libb45/libbootloader.a(target_stm32f103.o) (backup_write)
.pioenvs/bluepill_f103c8/libb45/libbootloader.a(usb21_standard.o)
                              .pioenvs/bluepill_f103c8/libb45/libbootloader.a(usb_conf.o) (usb21_setup)
.pioenvs/bluepill_f103c8/libb45/libbootloader.a(ghostfat.o)
                              .pioenvs/bluepill_f103c8/libb45/libbootloader.a(hf2.o) (flash_write)
.pioenvs/bluepill_f103c8/libea7/libcocoOS_5.0.3.a(os_cbk.o)
                              .pioenvs/bluepill_f103c8/libccd/hal/codal_target_hal.o (os_cbkSleep)
.pioenvs/bluepill_f103c8/libea7/libcocoOS_5.0.3.a(os_event.o)
                              .pioenvs/bluepill_f103c8/src/wisol.o (event_create)
.pioenvs/bluepill_f103c8/libea7/libcocoOS_5.0.3.a(os_kernel.o)
                              .pioenvs/bluepill_f103c8/libccd/hal/codal_target_hal.o (os_init)
.pioenvs/bluepill_f103c8/libea7/libcocoOS_5.0.3.a(os_msgqueue.o)
                              .pioenvs/bluepill_f103c8/libea7/libcocoOS_5.0.3.a(os_kernel.o) (os_msgQ_init)
.pioenvs/bluepill_f103c8/libea7/libcocoOS_5.0.3.a(os_sem.o)
                              .pioenvs/bluepill_f103c8/libea7/libcocoOS_5.0.3.a(os_kernel.o) (os_sem_init)
.pioenvs/bluepill_f103c8/libea7/libcocoOS_5.0.3.a(os_task.o)
                              .pioenvs/bluepill_f103c8/libea7/libcocoOS_5.0.3.a(os_kernel.o) (os_task_init)
.pioenvs/bluepill_f103c8/libea7/libcocoOS_5.0.3.a(os_assert.o)
                              .pioenvs/bluepill_f103c8/libea7/libcocoOS_5.0.3.a(os_event.o) (os_on_assert)
.pioenvs/bluepill_f103c8/lib3e7/libcodal-core.a(CodalComponent.o)
                              .pioenvs/bluepill_f103c8/src/main.o (codal::CodalComponent::removeComponent())
.pioenvs/bluepill_f103c8/lib3e7/libcodal-core.a(CodalDmesg.o)
                              .pioenvs/bluepill_f103c8/libccd/hal/codal_target_hal.o (codalLogStore)
.pioenvs/bluepill_f103c8/lib3e7/libcodal-core.a(CodalFiber.o)
                              .pioenvs/bluepill_f103c8/src/main.o (codal::fiber_sleep(unsigned long))
.pioenvs/bluepill_f103c8/lib3e7/libcodal-core.a(CodalHeapAllocator.o)
                              .pioenvs/bluepill_f103c8/libccd/hal/codal_target_hal.o (malloc)
.pioenvs/bluepill_f103c8/lib3e7/libcodal-core.a(CodalListener.o)
[...]
Memory Configuration

Name             Origin             Length             Attributes
bootrom          0x0000000008000000 0x0000000000004800 xr
rom              0x0000000008004800 0x000000000000b800 xr
bootram          0x0000000020000000 0x0000000000000800 xrw
ram              0x0000000020000800 0x0000000000003fbc xrw
bootbuf          0x00000000200047bc 0x0000000000000844 xrw
*default*        0x0000000000000000 0xffffffffffffffff

Linker script and memory map

                0x0000000000004800                _bootrom_size = 0x4800
                0x0000000000000800                _bootram_size = 0x800
                0x0000000000000844                _bootbuf_size = 0x844

/DISCARD/
 *(SORT_BY_ALIGNMENT(.data.impure_data))
 *(SORT_BY_ALIGNMENT(.data._impure_ptr))

.boot_text      0x0000000008000000     0x3d30
                0x0000000008000000                _boot_text = .
 *(SORT_BY_ALIGNMENT(.vectors))
 .vectors       0x0000000008000000      0x150 .pioenvs/bluepill_f103c8/libFrameworkLibOpenCM3.a(vector.o)
                0x0000000008000000                vector_table
 :*reset_handler*(SORT_BY_ALIGNMENT(.text*))
 .text.reset_handler
                0x0000000008000150       0xdc .pioenvs/bluepill_f103c8/libccd/hal/reset_handler.o
                0x0000000008000150                reset_handler
 *libhal.a:*reset_handler*(SORT_BY_ALIGNMENT(.text*))
 :*codal_target_hal*(SORT_BY_ALIGNMENT(.text*))
 .text._ZL10timer_tickv
                0x000000000800022c       0x18 .pioenvs/bluepill_f103c8/libccd/hal/codal_target_hal.o
 .text._ZL11timer_alarmv
                0x0000000008000244       0x2c .pioenvs/bluepill_f103c8/libccd/hal/codal_target_hal.o
 .text.target_set_tick_callback
                0x0000000008000270        0xc .pioenvs/bluepill_f103c8/libccd/hal/codal_target_hal.o
                0x0000000008000270                target_set_tick_callback
 .text.target_set_alarm_callback
                0x000000000800027c        0xc .pioenvs/bluepill_f103c8/libccd/hal/codal_target_hal.o
                0x000000000800027c                target_set_alarm_callback
 .text.target_set_bootloader_callback
                0x0000000008000288        0xc .pioenvs/bluepill_f103c8/libccd/hal/codal_target_hal.o
                0x0000000008000288                target_set_bootloader_callback
 .text.target_init
                0x0000000008000294       0x30 .pioenvs/bluepill_f103c8/libccd/hal/codal_target_hal.o
                0x0000000008000294                target_init
 .text.target_dmesg_flush
                0x00000000080002c4       0x38 .pioenvs/bluepill_f103c8/libccd/hal/codal_target_hal.o
                0x00000000080002c4                target_dmesg_flush
 .text.target_wait_for_event
                0x00000000080002fc       0x44 .pioenvs/bluepill_f103c8/libccd/hal/codal_target_hal.o
                0x00000000080002fc                target_wait_for_event
 .text.target_wait
                0x0000000008000340       0x24 .pioenvs/bluepill_f103c8/libccd/hal/codal_target_hal.o
                0x0000000008000340                target_wait
 .text.target_wait_us
                0x0000000008000364       0x2c .pioenvs/bluepill_f103c8/libccd/hal/codal_target_hal.o
                0x0000000008000364                target_wait_us
 .text.target_panic
                0x0000000008000390       0x1c .pioenvs/bluepill_f103c8/libccd/hal/codal_target_hal.o
                0x0000000008000390                target_panic
 .text.fiber_initial_stack_base
                0x00000000080003ac        0x8 .pioenvs/bluepill_f103c8/libccd/hal/codal_target_hal.o
                0x00000000080003ac                fiber_initial_stack_base
 .text.test_codal
                0x00000000080003b4       0x70 .pioenvs/bluepill_f103c8/libccd/hal/codal_target_hal.o
                0x00000000080003b4                test_codal
 .text.target_enable_debug
                0x0000000008000424        0x4 .pioenvs/bluepill_f103c8/libccd/hal/codal_target_hal.o
                0x0000000008000424                target_enable_debug
 .text.target_enable_irq
                0x0000000008000428        0x4 .pioenvs/bluepill_f103c8/libccd/hal/codal_target_hal.o
                0x0000000008000428                target_enable_irq
 .text.target_disable_irq
                0x000000000800042c        0x2 .pioenvs/bluepill_f103c8/libccd/hal/codal_target_hal.o
                0x000000000800042c                target_disable_irq
 .text.tcb_allocate
                0x000000000800042e        0x6 .pioenvs/bluepill_f103c8/libccd/hal/codal_target_hal.o
                0x000000000800042e                tcb_allocate
 .text.tcb_configure_lr
                0x0000000008000434        0x4 .pioenvs/bluepill_f103c8/libccd/hal/codal_target_hal.o
                0x0000000008000434                tcb_configure_lr
 .text.tcb_configure_sp
                0x0000000008000438        0x4 .pioenvs/bluepill_f103c8/libccd/hal/codal_target_hal.o
                0x0000000008000438                tcb_configure_sp
 .text.tcb_configure_stack_base
                0x000000000800043c        0x4 .pioenvs/bluepill_f103c8/libccd/hal/codal_target_hal.o
                0x000000000800043c                tcb_configure_stack_base
 .text.tcb_get_stack_base
                0x0000000008000440        0x4 .pioenvs/bluepill_f103c8/libccd/hal/codal_target_hal.o
                0x0000000008000440                tcb_get_stack_base
 .text.get_current_sp
                0x0000000008000444        0x4 .pioenvs/bluepill_f103c8/libccd/hal/codal_target_hal.o
                0x0000000008000444                get_current_sp
 .text.tcb_get_sp
                0x0000000008000448        0x4 .pioenvs/bluepill_f103c8/libccd/hal/codal_target_hal.o
                0x0000000008000448                tcb_get_sp
 .text.tcb_configure_args
                0x000000000800044c        0x8 .pioenvs/bluepill_f103c8/libccd/hal/codal_target_hal.o
                0x000000000800044c                tcb_configure_args
 .text._fini    0x0000000008000454        0x2 .pioenvs/bluepill_f103c8/libccd/hal/codal_target_hal.o
                0x0000000008000454                _fini
 .text.__aeabi_atexit
                0x0000000008000456        0x4 .pioenvs/bluepill_f103c8/libccd/hal/codal_target_hal.o
                0x0000000008000456                __aeabi_atexit
 *libhal.a:*codal_target_hal*(SORT_BY_ALIGNMENT(.text*))
 :*CortexContextSwitch*(SORT_BY_ALIGNMENT(.text*))
 *fill*         0x000000000800045a        0x2 
 .text          0x000000000800045c      0x124 asm/CortexContextSwitch.s.o
                0x000000000800045c                swap_context
                0x00000000080004de                save_context
                0x0000000008000522                save_register_context
                0x0000000008000552                restore_register_context
 *libhal.a:(SORT_BY_ALIGNMENT(.text*))
 *liblibopencm3.a:(SORT_BY_ALIGNMENT(.text*))
 *libFrameworkLibOpenCM3.a:(SORT_BY_ALIGNMENT(.text*))
 .text.desig_get_unique_id
                0x0000000008000580       0x20 .pioenvs/bluepill_f103c8/libFrameworkLibOpenCM3.a(desig.o)
                0x0000000008000580                desig_get_unique_id
 .text.desig_get_unique_id_as_string
                0x00000000080005a0       0x48 .pioenvs/bluepill_f103c8/libFrameworkLibOpenCM3.a(desig.o)
                0x00000000080005a0                desig_get_unique_id_as_string
 .text.flash_get_status_flags
                0x00000000080005e8       0x28 .pioenvs/bluepill_f103c8/libFrameworkLibOpenCM3.a(flash.o)
                0x00000000080005e8                flash_get_status_flags
 .text.flash_program_half_word
                0x0000000008000610       0x60 .pioenvs/bluepill_f103c8/libFrameworkLibOpenCM3.a(flash.o)
                0x0000000008000610                flash_program_half_word
 .text.flash_erase_page
                0x0000000008000670       0x78 .pioenvs/bluepill_f103c8/libFrameworkLibOpenCM3.a(flash.o)
                0x0000000008000670                flash_erase_page
 .text.rcc_osc_on.part.0
                0x00000000080006e8       0x10 .pioenvs/bluepill_f103c8/libFrameworkLibOpenCM3.a(rcc.o)
 .text.rcc_wait_for_osc_ready
                0x00000000080006f8       0x64 .pioenvs/bluepill_f103c8/libFrameworkLibOpenCM3.a(rcc.o)
                0x00000000080006f8                rcc_wait_for_osc_ready
 .text.rcc_osc_on
                0x000000000800075c       0x54 .pioenvs/bluepill_f103c8/libFrameworkLibOpenCM3.a(rcc.o)
                0x000000000800075c                rcc_osc_on
 .text.rcc_set_sysclk_source
                0x00000000080007b0       0x14 .pioenvs/bluepill_f103c8/libFrameworkLibOpenCM3.a(rcc.o)
                0x00000000080007b0                rcc_set_sysclk_source
 .text.rcc_set_pll_multiplication_factor
                0x00000000080007c4       0x14 .pioenvs/bluepill_f103c8/libFrameworkLibOpenCM3.a(rcc.o)
                0x00000000080007c4                rcc_set_pll_multiplication_factor
 .text.rcc_set_pll_source
                0x00000000080007d8       0x14 .pioenvs/bluepill_f103c8/libFrameworkLibOpenCM3.a(rcc.o)
                0x00000000080007d8                rcc_set_pll_source
 .text.rcc_set_pllxtpre
                0x00000000080007ec       0x14 .pioenvs/bluepill_f103c8/libFrameworkLibOpenCM3.a(rcc.o)
                0x00000000080007ec                rcc_set_pllxtpre
 .text.rcc_enable_rtc_clock
                0x0000000008000800       0x10 .pioenvs/bluepill_f103c8/libFrameworkLibOpenCM3.a(rcc.o)
                0x0000000008000800                rcc_enable_rtc_clock
 .text.rcc_set_rtc_clock_source
                0x0000000008000810       0x90 .pioenvs/bluepill_f103c8/libFrameworkLibOpenCM3.a(rcc.o)
                0x0000000008000810                rcc_set_rtc_clock_source
 .text.rcc_set_adcpre
                0x00000000080008a0       0x14 .pioenvs/bluepill_f103c8/libFrameworkLibOpenCM3.a(rcc.o)
                0x00000000080008a0                rcc_set_adcpre
 .text.rcc_set_ppre2
                0x00000000080008b4       0x14 .pioenvs/bluepill_f103c8/libFrameworkLibOpenCM3.a(rcc.o)
                0x00000000080008b4                rcc_set_ppre2
 .text.rcc_set_ppre1
                0x00000000080008c8       0x14 .pioenvs/bluepill_f103c8/libFrameworkLibOpenCM3.a(rcc.o)
                0x00000000080008c8                rcc_set_ppre1
 .text.rcc_set_hpre
                0x00000000080008dc       0x14 .pioenvs/bluepill_f103c8/libFrameworkLibOpenCM3.a(rcc.o)
                0x00000000080008dc                rcc_set_hpre
 .text.rcc_clock_setup_in_hse_8mhz_out_72mhz
                0x00000000080008f0       0x8c .pioenvs/bluepill_f103c8/libFrameworkLibOpenCM3.a(rcc.o)
                0x00000000080008f0                rcc_clock_setup_in_hse_8mhz_out_72mhz
 .text.rtc_enter_config_mode
                0x000000000800097c       0x20 .pioenvs/bluepill_f103c8/libFrameworkLibOpenCM3.a(rtc.o)
                0x000000000800097c                rtc_enter_config_mode
 .text.rtc_exit_config_mode
                0x000000000800099c       0x20 .pioenvs/bluepill_f103c8/libFrameworkLibOpenCM3.a(rtc.o)
                0x000000000800099c                rtc_exit_config_mode
 .text.rtc_set_alarm_time
                0x00000000080009bc       0x20 .pioenvs/bluepill_f103c8/libFrameworkLibOpenCM3.a(rtc.o)
                0x00000000080009bc                rtc_set_alarm_time
 .text.rtc_set_prescale_val
                0x00000000080009dc       0x20 .pioenvs/bluepill_f103c8/libFrameworkLibOpenCM3.a(rtc.o)
                0x00000000080009dc                rtc_set_prescale_val
 .text.rtc_get_counter_val
                0x00000000080009fc       0x14 .pioenvs/bluepill_f103c8/libFrameworkLibOpenCM3.a(rtc.o)
                0x00000000080009fc                rtc_get_counter_val
 .text.rtc_set_counter_val
                0x0000000008000a10       0x1c .pioenvs/bluepill_f103c8/libFrameworkLibOpenCM3.a(rtc.o)
                0x0000000008000a10                rtc_set_counter_val
 .text.rtc_interrupt_enable
                0x0000000008000a2c       0x3c .pioenvs/bluepill_f103c8/libFrameworkLibOpenCM3.a(rtc.o)
                0x0000000008000a2c                rtc_interrupt_enable
 .text.rtc_interrupt_disable
                0x0000000008000a68       0x3c .pioenvs/bluepill_f103c8/libFrameworkLibOpenCM3.a(rtc.o)
                0x0000000008000a68                rtc_interrupt_disable
 .text.rtc_clear_flag
                0x0000000008000aa4       0x30 .pioenvs/bluepill_f103c8/libFrameworkLibOpenCM3.a(rtc.o)
                0x0000000008000aa4                rtc_clear_flag
 .text.rtc_check_flag
                0x0000000008000ad4       0x30 .pioenvs/bluepill_f103c8/libFrameworkLibOpenCM3.a(rtc.o)
                0x0000000008000ad4                rtc_check_flag
 .text.pwr_disable_backup_domain_write_protect
                0x0000000008000b04       0x10 .pioenvs/bluepill_f103c8/libFrameworkLibOpenCM3.a(pwr_common_all.o)
                0x0000000008000b04                pwr_disable_backup_domain_write_protect
 .text.pwr_enable_backup_domain_write_protect
                0x0000000008000b14       0x10 .pioenvs/bluepill_f103c8/libFrameworkLibOpenCM3.a(pwr_common_all.o)
                0x0000000008000b14                pwr_enable_backup_domain_write_protect
 .text.exti_set_trigger
                0x0000000008000b24       0x3c .pioenvs/bluepill_f103c8/libFrameworkLibOpenCM3.a(exti_common_all.o)
                0x0000000008000b24                exti_set_trigger
 .text.exti_enable_request
                0x0000000008000b60       0x14 .pioenvs/bluepill_f103c8/libFrameworkLibOpenCM3.a(exti_common_all.o)
                0x0000000008000b60                exti_enable_request
 .text.exti_reset_request
                0x0000000008000b74        0xc .pioenvs/bluepill_f103c8/libFrameworkLibOpenCM3.a(exti_common_all.o)
                0x0000000008000b74                exti_reset_request
 .text.flash_set_ws
                0x0000000008000b80       0x14 .pioenvs/bluepill_f103c8/libFrameworkLibOpenCM3.a(flash_common_f01.o)
                0x0000000008000b80                flash_set_ws
 .text.flash_unlock
                0x0000000008000b94       0x24 .pioenvs/bluepill_f103c8/libFrameworkLibOpenCM3.a(flash_common_f01.o)
                0x0000000008000b94                flash_unlock
 .text.flash_lock
                0x0000000008000bb8       0x10 .pioenvs/bluepill_f103c8/libFrameworkLibOpenCM3.a(flash_common_f01.o)
                0x0000000008000bb8                flash_lock
 .text.usbd_init
                0x0000000008000bc8       0x50 .pioenvs/bluepill_f103c8/libFrameworkLibOpenCM3.a(usb.o)
                0x0000000008000bc8                usbd_init
 .text._usbd_standard_request_device
                0x0000000008000c18       0x48 .pioenvs/bluepill_f103c8/libFrameworkLibOpenCM3.a(usb_standard.o)
                0x0000000008000c18                _usbd_standard_request_device
 .text._usbd_standard_request_interface
                0x0000000008000c60       0x30 .pioenvs/bluepill_f103c8/libFrameworkLibOpenCM3.a(usb_standard.o)
                0x0000000008000c60                _usbd_standard_request_interface
 .text._usbd_standard_request_endpoint
                0x0000000008000c90       0x3c .pioenvs/bluepill_f103c8/libFrameworkLibOpenCM3.a(usb_standard.o)
                0x0000000008000c90                _usbd_standard_request_endpoint
 .text.st_usbfs_v1_usbd_init
                0x0000000008000ccc       0x30 .pioenvs/bluepill_f103c8/libFrameworkLibOpenCM3.a(st_usbfs_v1.o)
 .text.scb_reset_system
                0x0000000008000cfc       0x10 .pioenvs/bluepill_f103c8/libFrameworkLibOpenCM3.a(scb.o)
                0x0000000008000cfc                scb_reset_system
 .text.st_usbfs_set_address
                0x0000000008000d0c       0x10 .pioenvs/bluepill_f103c8/libFrameworkLibOpenCM3.a(st_usbfs_core.o)
                0x0000000008000d0c                st_usbfs_set_address
 .text.st_usbfs_set_ep_rx_bufsize
                0x0000000008000d1c       0x48 .pioenvs/bluepill_f103c8/libFrameworkLibOpenCM3.a(st_usbfs_core.o)
                0x0000000008000d1c                st_usbfs_set_ep_rx_bufsize
 .text.st_usbfs_ep_setup
                0x0000000008000d64      0x150 .pioenvs/bluepill_f103c8/libFrameworkLibOpenCM3.a(st_usbfs_core.o)
                0x0000000008000d64                st_usbfs_ep_setup
 .text.st_usbfs_endpoints_reset
                0x0000000008000eb4       0x44 .pioenvs/bluepill_f103c8/libFrameworkLibOpenCM3.a(st_usbfs_core.o)
                0x0000000008000eb4                st_usbfs_endpoints_reset
 .text.st_usbfs_ep_stall_set
                0x0000000008000ef8       0xe4 .pioenvs/bluepill_f103c8/libFrameworkLibOpenCM3.a(st_usbfs_core.o)
                0x0000000008000ef8                st_usbfs_ep_stall_set
 .text.st_usbfs_ep_nak_set
                0x0000000008000fdc       0x58 .pioenvs/bluepill_f103c8/libFrameworkLibOpenCM3.a(st_usbfs_core.o)
                0x0000000008000fdc                st_usbfs_ep_nak_set
 .text.st_usbfs_ep_write_packet
                0x0000000008001034       0x8c .pioenvs/bluepill_f103c8/libFrameworkLibOpenCM3.a(st_usbfs_core.o)
                0x0000000008001034                st_usbfs_ep_write_packet
 .text.st_usbfs_ep_read_packet
                0x00000000080010c0       0xb8 .pioenvs/bluepill_f103c8/libFrameworkLibOpenCM3.a(st_usbfs_core.o)
                0x00000000080010c0                st_usbfs_ep_read_packet
 .text.st_usbfs_poll
                0x0000000008001178       0xd0 .pioenvs/bluepill_f103c8/libFrameworkLibOpenCM3.a(st_usbfs_core.o)
                0x0000000008001178                st_usbfs_poll
 .text.gpio_set_mode
                0x0000000008001248       0x62 .pioenvs/bluepill_f103c8/libFrameworkLibOpenCM3.a(gpio.o)
                0x0000000008001248                gpio_set_mode
 .text.gpio_set
                0x00000000080012aa        0x4 .pioenvs/bluepill_f103c8/libFrameworkLibOpenCM3.a(gpio_common_all.o)
                0x00000000080012aa                gpio_set
 .text.gpio_clear
                0x00000000080012ae        0x6 .pioenvs/bluepill_f103c8/libFrameworkLibOpenCM3.a(gpio_common_all.o)
                0x00000000080012ae                gpio_clear
 .text.usart_recv
                0x00000000080012b4        0x8 .pioenvs/bluepill_f103c8/libFrameworkLibOpenCM3.a(usart_common_f124.o)
                0x00000000080012b4                usart_recv
 .text.rcc_periph_clock_enable
                0x00000000080012bc       0x1a .pioenvs/bluepill_f103c8/libFrameworkLibOpenCM3.a(rcc_common_all.o)
                0x00000000080012bc                rcc_periph_clock_enable
 .text.rcc_periph_reset_pulse
                0x00000000080012d6       0x22 .pioenvs/bluepill_f103c8/libFrameworkLibOpenCM3.a(rcc_common_all.o)
                0x00000000080012d6                rcc_periph_reset_pulse
 .text.flash_wait_for_last_operation
                0x00000000080012f8        0xc .pioenvs/bluepill_f103c8/libFrameworkLibOpenCM3.a(flash_common_f01.o)
                0x00000000080012f8                flash_wait_for_last_operation
 .text.usbd_poll
                0x0000000008001304        0x8 .pioenvs/bluepill_f103c8/libFrameworkLibOpenCM3.a(usb.o)
                0x0000000008001304                usbd_poll
 .text.usbd_ep_setup
                0x000000000800130c        0xe .pioenvs/bluepill_f103c8/libFrameworkLibOpenCM3.a(usb.o)
                0x000000000800130c                usbd_ep_setup
 .text._usbd_reset
                0x000000000800131a       0x32 .pioenvs/bluepill_f103c8/libFrameworkLibOpenCM3.a(usb.o)
                0x000000000800131a                _usbd_reset
 .text.usbd_ep_write_packet
                0x000000000800134c        0xe .pioenvs/bluepill_f103c8/libFrameworkLibOpenCM3.a(usb.o)
                0x000000000800134c                usbd_ep_write_packet
 .text.usbd_ep_read_packet
                0x000000000800135a        0xe .pioenvs/bluepill_f103c8/libFrameworkLibOpenCM3.a(usb.o)
                0x000000000800135a                usbd_ep_read_packet
 .text.usbd_ep_stall_set
                0x0000000008001368        0x8 .pioenvs/bluepill_f103c8/libFrameworkLibOpenCM3.a(usb.o)
                0x0000000008001368                usbd_ep_stall_set
 .text.usbd_ep_stall_get
                0x0000000008001370        0x8 .pioenvs/bluepill_f103c8/libFrameworkLibOpenCM3.a(usb.o)
                0x0000000008001370                usbd_ep_stall_get
 .text.stall_transaction
                0x0000000008001378       0x14 .pioenvs/bluepill_f103c8/libFrameworkLibOpenCM3.a(usb_control.o)
 .text.usb_control_recv_chunk
                0x000000000800138c       0x3c .pioenvs/bluepill_f103c8/libFrameworkLibOpenCM3.a(usb_control.o)
 .text.usb_control_send_chunk
                0x00000000080013c8       0x44 .pioenvs/bluepill_f103c8/libFrameworkLibOpenCM3.a(usb_control.o)
 .text.usb_control_request_dispatch
                0x000000000800140c       0x62 .pioenvs/bluepill_f103c8/libFrameworkLibOpenCM3.a(usb_control.o)
 .text.usb_control_setup_read
                0x000000000800146e       0x42 .pioenvs/bluepill_f103c8/libFrameworkLibOpenCM3.a(usb_control.o)
 .text.usbd_register_control_callback
                0x00000000080014b0       0x26 .pioenvs/bluepill_f103c8/libFrameworkLibOpenCM3.a(usb_control.o)
                0x00000000080014b0                usbd_register_control_callback
 .text._usbd_control_setup
                0x00000000080014d6       0x5a .pioenvs/bluepill_f103c8/libFrameworkLibOpenCM3.a(usb_control.o)
                0x00000000080014d6                _usbd_control_setup
 .text._usbd_control_out
                0x0000000008001530       0x82 .pioenvs/bluepill_f103c8/libFrameworkLibOpenCM3.a(usb_control.o)
                0x0000000008001530                _usbd_control_out
 .text._usbd_control_in
                0x00000000080015b2       0x56 .pioenvs/bluepill_f103c8/libFrameworkLibOpenCM3.a(usb_control.o)
                0x00000000080015b2                _usbd_control_in
 .text.usb_standard_set_configuration
                0x0000000008001608       0x92 .pioenvs/bluepill_f103c8/libFrameworkLibOpenCM3.a(usb_standard.o)
 .text.usb_standard_get_configuration
                0x000000000800169a       0x20 .pioenvs/bluepill_f103c8/libFrameworkLibOpenCM3.a(usb_standard.o)
 .text.usb_standard_get_interface
                0x00000000080016ba       0x34 .pioenvs/bluepill_f103c8/libFrameworkLibOpenCM3.a(usb_standard.o)
 .text.usb_standard_device_get_status
                0x00000000080016ee       0x18 .pioenvs/bluepill_f103c8/libFrameworkLibOpenCM3.a(usb_standard.o)
 .text.usb_standard_endpoint_get_status
                0x0000000008001706       0x2a .pioenvs/bluepill_f103c8/libFrameworkLibOpenCM3.a(usb_standard.o)
 .text.usb_standard_endpoint_stall
                0x0000000008001730       0x10 .pioenvs/bluepill_f103c8/libFrameworkLibOpenCM3.a(usb_standard.o)
 .text.usb_standard_endpoint_unstall
                0x0000000008001740       0x10 .pioenvs/bluepill_f103c8/libFrameworkLibOpenCM3.a(usb_standard.o)
 .text.usb_standard_set_address
                0x0000000008001750       0x28 .pioenvs/bluepill_f103c8/libFrameworkLibOpenCM3.a(usb_standard.o)
 .text.usb_standard_set_interface
                0x0000000008001778       0x4e .pioenvs/bluepill_f103c8/libFrameworkLibOpenCM3.a(usb_standard.o)
 .text.usb_standard_get_descriptor
                0x00000000080017c6      0x256 .pioenvs/bluepill_f103c8/libFrameworkLibOpenCM3.a(usb_standard.o)
 .text.usb_standard_interface_get_status
                0x0000000008001a1c       0x18 .pioenvs/bluepill_f103c8/libFrameworkLibOpenCM3.a(usb_standard.o)
 .text.usbd_register_set_config_callback
                0x0000000008001a34       0x26 .pioenvs/bluepill_f103c8/libFrameworkLibOpenCM3.a(usb_standard.o)
                0x0000000008001a34                usbd_register_set_config_callback
 .text._usbd_standard_request
                0x0000000008001a5a       0x30 .pioenvs/bluepill_f103c8/libFrameworkLibOpenCM3.a(usb_standard.o)
                0x0000000008001a5a                _usbd_standard_request
 .text.st_usbfs_copy_to_pm
                0x0000000008001a8a       0x1c .pioenvs/bluepill_f103c8/libFrameworkLibOpenCM3.a(st_usbfs_v1.o)
                0x0000000008001a8a                st_usbfs_copy_to_pm
 .text.st_usbfs_copy_from_pm
                0x0000000008001aa6       0x2a .pioenvs/bluepill_f103c8/libFrameworkLibOpenCM3.a(st_usbfs_v1.o)
                0x0000000008001aa6                st_usbfs_copy_from_pm
 .text.blocking_handler
                0x0000000008001ad0        0x2 .pioenvs/bluepill_f103c8/libFrameworkLibOpenCM3.a(vector.o)
                0x0000000008001ad0                exti0_isr
                0x0000000008001ad0                tim7_isr
                0x0000000008001ad0                adc1_2_isr
                0x0000000008001ad0                tim1_trg_com_isr
                0x0000000008001ad0                usb_hp_can_tx_isr
                0x0000000008001ad0                tim6_isr
                0x0000000008001ad0                usb_wakeup_isr
                0x0000000008001ad0                blocking_handler
                0x0000000008001ad0                tim5_isr
                0x0000000008001ad0                otg_fs_isr
                0x0000000008001ad0                spi1_isr
                0x0000000008001ad0                exti2_isr
                0x0000000008001ad0                dma1_channel6_isr
                0x0000000008001ad0                can_rx1_isr
                0x0000000008001ad0                dma1_channel5_isr
                0x0000000008001ad0                dma2_channel5_isr
                0x0000000008001ad0                usart1_isr
                0x0000000008001ad0                usage_fault_handler
                0x0000000008001ad0                tim8_trg_com_isr
                0x0000000008001ad0                can2_rx0_isr
                0x0000000008001ad0                tim1_brk_isr
                0x0000000008001ad0                can2_rx1_isr
                0x0000000008001ad0                tim1_cc_isr
                0x0000000008001ad0                sdio_isr
                0x0000000008001ad0                eth_isr
                0x0000000008001ad0                dma1_channel4_isr
                0x0000000008001ad0                tim8_brk_isr
                0x0000000008001ad0                dma2_channel4_5_isr
                0x0000000008001ad0                pvd_isr
                0x0000000008001ad0                rcc_isr
                0x0000000008001ad0                flash_isr
                0x0000000008001ad0                uart4_isr
                0x0000000008001ad0                exti15_10_isr
                0x0000000008001ad0                hard_fault_handler
                0x0000000008001ad0                exti1_isr
                0x0000000008001ad0                i2c1_ev_isr
                0x0000000008001ad0                dma2_channel1_isr
                0x0000000008001ad0                spi2_isr
                0x0000000008001ad0                tim8_up_isr
                0x0000000008001ad0                dma2_channel2_isr
                0x0000000008001ad0                exti3_isr
                0x0000000008001ad0                adc3_isr
                0x0000000008001ad0                tim3_isr
                0x0000000008001ad0                usb_lp_can_rx0_isr
                0x0000000008001ad0                i2c2_er_isr
                0x0000000008001ad0                i2c2_ev_isr
                0x0000000008001ad0                uart5_isr
                0x0000000008001ad0                fsmc_isr
                0x0000000008001ad0                dma1_channel1_isr
                0x0000000008001ad0                exti4_isr
                0x0000000008001ad0                mem_manage_handler
                0x0000000008001ad0                can2_tx_isr
                0x0000000008001ad0                exti9_5_isr
                0x0000000008001ad0                dma2_channel3_isr
                0x0000000008001ad0                dma1_channel7_isr
                0x0000000008001ad0                tim1_up_isr
                0x0000000008001ad0                can2_sce_isr
                0x0000000008001ad0                tim4_isr
                0x0000000008001ad0                dma1_channel2_isr
                0x0000000008001ad0                i2c1_er_isr
                0x0000000008001ad0                can_sce_isr
                0x0000000008001ad0                tim8_cc_isr
                0x0000000008001ad0                tamper_isr
                0x0000000008001ad0                eth_wkup_isr
                0x0000000008001ad0                bus_fault_handler
                0x0000000008001ad0                wwdg_isr
                0x0000000008001ad0                dma1_channel3_isr
                0x0000000008001ad0                spi3_isr
                0x0000000008001ad0                tim2_isr
                0x0000000008001ad0                usart3_isr
 .text.null_handler
                0x0000000008001ad2        0x2 .pioenvs/bluepill_f103c8/libFrameworkLibOpenCM3.a(vector.o)
                0x0000000008001ad2                null_handler
                0x0000000008001ad2                sv_call_handler
                0x0000000008001ad2                pend_sv_handler
                0x0000000008001ad2                debug_monitor_handler
                0x0000000008001ad2                sys_tick_handler
                0x0000000008001ad2                nmi_handler
 .text.nvic_enable_irq
                0x0000000008001ad4       0x1a .pioenvs/bluepill_f103c8/libFrameworkLibOpenCM3.a(nvic.o)
                0x0000000008001ad4                nvic_enable_irq
 .text.st_usbfs_ep_stall_get
                0x0000000008001aee       0x38 .pioenvs/bluepill_f103c8/libFrameworkLibOpenCM3.a(st_usbfs_core.o)
                0x0000000008001aee                st_usbfs_ep_stall_get
 *libcocoos.a:(SORT_BY_ALIGNMENT(.text*))
 *libcocoOS_?.?.?.a:(SORT_BY_ALIGNMENT(.text*))
 *fill*         0x0000000008001b26        0x2 
 .text.os_event_init
                0x0000000008001b28        0xc .pioenvs/bluepill_f103c8/libea7/libcocoOS_5.0.3.a(os_event.o)
                0x0000000008001b28                os_event_init
 .text.event_create
                0x0000000008001b34       0x34 .pioenvs/bluepill_f103c8/libea7/libcocoOS_5.0.3.a(os_event.o)
                0x0000000008001b34                event_create
 .text.os_signal_event
                0x0000000008001b68        0xc .pioenvs/bluepill_f103c8/libea7/libcocoOS_5.0.3.a(os_event.o)
                0x0000000008001b68                os_signal_event
 .text.os_event_set_signaling_tid
                0x0000000008001b74       0x10 .pioenvs/bluepill_f103c8/libea7/libcocoOS_5.0.3.a(os_event.o)
                0x0000000008001b74                os_event_set_signaling_tid
 .text.os_init  0x0000000008001b84       0x34 .pioenvs/bluepill_f103c8/libea7/libcocoOS_5.0.3.a(os_kernel.o)
                0x0000000008001b84                os_init
 .text.os_running
                0x0000000008001bb8        0xc .pioenvs/bluepill_f103c8/libea7/libcocoOS_5.0.3.a(os_kernel.o)
                0x0000000008001bb8                os_running
 .text.os_msgQ_init
                0x0000000008001bc4       0x24 .pioenvs/bluepill_f103c8/libea7/libcocoOS_5.0.3.a(os_msgqueue.o)
                0x0000000008001bc4                os_msgQ_init
 .text.os_msgQ_create
                0x0000000008001be8       0x54 .pioenvs/bluepill_f103c8/libea7/libcocoOS_5.0.3.a(os_msgqueue.o)
                0x0000000008001be8                os_msgQ_create
 .text.os_msgQ_tick
                0x0000000008001c3c       0x54 .pioenvs/bluepill_f103c8/libea7/libcocoOS_5.0.3.a(os_msgqueue.o)
                0x0000000008001c3c                os_msgQ_tick
 .text.os_sem_init
                0x0000000008001c90        0xc .pioenvs/bluepill_f103c8/libea7/libcocoOS_5.0.3.a(os_sem.o)
                0x0000000008001c90                os_sem_init
 .text.sem_bin_create
                0x0000000008001c9c       0x3c .pioenvs/bluepill_f103c8/libea7/libcocoOS_5.0.3.a(os_sem.o)
                0x0000000008001c9c                sem_bin_create
 .text.os_sem_larger_than_zero
                0x0000000008001cd8       0x14 .pioenvs/bluepill_f103c8/libea7/libcocoOS_5.0.3.a(os_sem.o)
                0x0000000008001cd8                os_sem_larger_than_zero
 .text.os_sem_decrement
                0x0000000008001cec       0x14 .pioenvs/bluepill_f103c8/libea7/libcocoOS_5.0.3.a(os_sem.o)
                0x0000000008001cec                os_sem_decrement
 .text.os_sem_increment
                0x0000000008001d00       0x1c .pioenvs/bluepill_f103c8/libea7/libcocoOS_5.0.3.a(os_sem.o)
                0x0000000008001d00                os_sem_increment
 .text.os_task_init
                0x0000000008001d1c       0x40 .pioenvs/bluepill_f103c8/libea7/libcocoOS_5.0.3.a(os_task.o)
                0x0000000008001d1c                os_task_init
 .text.task_create
                0x0000000008001d5c       0xc0 .pioenvs/bluepill_f103c8/libea7/libcocoOS_5.0.3.a(os_task.o)
                0x0000000008001d5c                task_create
 .text.os_task_highest_prio_ready_task
                0x0000000008001e1c       0x34 .pioenvs/bluepill_f103c8/libea7/libcocoOS_5.0.3.a(os_task.o)
                0x0000000008001e1c                os_task_highest_prio_ready_task
 .text.os_task_release_waiting_task
                0x0000000008001e50       0x58 .pioenvs/bluepill_f103c8/libea7/libcocoOS_5.0.3.a(os_task.o)
                0x0000000008001e50                os_task_release_waiting_task
 .text.os_task_waiting_this_semaphore
                0x0000000008001ea8       0x38 .pioenvs/bluepill_f103c8/libea7/libcocoOS_5.0.3.a(os_task.o)
                0x0000000008001ea8                os_task_waiting_this_semaphore
 .text.os_task_wait_sem_set
                0x0000000008001ee0       0x34 .pioenvs/bluepill_f103c8/libea7/libcocoOS_5.0.3.a(os_task.o)
                0x0000000008001ee0                os_task_wait_sem_set
 .text.os_task_tick
                0x0000000008001f14       0x88 .pioenvs/bluepill_f103c8/libea7/libcocoOS_5.0.3.a(os_task.o)
                0x0000000008001f14                os_task_tick
 .text.os_task_signal_event
                0x0000000008001f9c       0x64 .pioenvs/bluepill_f103c8/libea7/libcocoOS_5.0.3.a(os_task.o)
                0x0000000008001f9c                os_task_signal_event
 .text.os_task_run
                0x0000000008002000       0x34 .pioenvs/bluepill_f103c8/libea7/libcocoOS_5.0.3.a(os_task.o)
                0x0000000008002000                os_task_run
 .text.os_task_internal_state_get
                0x0000000008002034       0x10 .pioenvs/bluepill_f103c8/libea7/libcocoOS_5.0.3.a(os_task.o)
                0x0000000008002034                os_task_internal_state_get
 .text.os_task_internal_state_set
                0x0000000008002044       0x10 .pioenvs/bluepill_f103c8/libea7/libcocoOS_5.0.3.a(os_task.o)
                0x0000000008002044                os_task_internal_state_set
 .text.os_on_assert
                0x0000000008002054       0x28 .pioenvs/bluepill_f103c8/libea7/libcocoOS_5.0.3.a(os_assert.o)
                0x0000000008002054                os_on_assert
 .text.os_cbkSleep
                0x000000000800207c        0x2 .pioenvs/bluepill_f103c8/libea7/libcocoOS_5.0.3.a(os_cbk.o)
                0x000000000800207c                os_cbkSleep
 .text.os_tick  0x000000000800207e        0x8 .pioenvs/bluepill_f103c8/libea7/libcocoOS_5.0.3.a(os_kernel.o)
                0x000000000800207e                os_tick
 *libgcc.a:(SORT_BY_ALIGNMENT(.text*))
 *libqfplib.a:(SORT_BY_ALIGNMENT(.text*))
 *libnano-float.a:(SORT_BY_ALIGNMENT(.text*))
 *libnewlib.a:(SORT_BY_ALIGNMENT(.text*))
 .text.strlen   0x0000000008002086       0x10 .pioenvs/bluepill_f103c8/lib98a/libnewlib.a(strlen.o)
                0x0000000008002086                strlen
 .text.strncat  0x0000000008002096       0x28 .pioenvs/bluepill_f103c8/lib98a/libnewlib.a(strncat.o)
                0x0000000008002096                strncat
 .text.strncpy  0x00000000080020be       0x2a .pioenvs/bluepill_f103c8/lib98a/libnewlib.a(strncpy.o)
                0x00000000080020be                strncpy
 .text.memcmp   0x00000000080020e8       0x1e .pioenvs/bluepill_f103c8/lib98a/libnewlib.a(memcmp.o)
                0x00000000080020e8                memcmp
 .text.memcpy   0x0000000008002106       0x1c .pioenvs/bluepill_f103c8/lib98a/libnewlib.a(memcpy.o)
                0x0000000008002106                memcpy
 .text.memset   0x0000000008002122       0x10 .pioenvs/bluepill_f103c8/lib98a/libnewlib.a(memset.o)
                0x0000000008002122                memset
 *liblogger.a:(SORT_BY_ALIGNMENT(.text*))
 *fill*         0x0000000008002132        0x2 
 .text.enable_log
                0x0000000008002134        0xc .pioenvs/bluepill_f103c8/libd9b/liblogger.a(logger.o)
                0x0000000008002134                enable_log
 .text.debug_flush
                0x0000000008002140       0x38 .pioenvs/bluepill_f103c8/libd9b/liblogger.a(logger.o)
                0x0000000008002140                debug_flush
 .text._ZL12debug_appendPKcj
                0x0000000008002178       0x50 .pioenvs/bluepill_f103c8/libd9b/liblogger.a(logger.o)
 .text._Z11debug_printj
                0x00000000080021c8       0x7c .pioenvs/bluepill_f103c8/libd9b/liblogger.a(logger.o)
                0x00000000080021c8                debug_print(unsigned int)
 .text._Z11debug_printi
                0x0000000008002244       0x30 .pioenvs/bluepill_f103c8/libd9b/liblogger.a(logger.o)
                0x0000000008002244                debug_print(int)
 .text.debug_println
                0x0000000008002274       0x1c .pioenvs/bluepill_f103c8/libd9b/liblogger.a(logger.o)
                0x0000000008002274                debug_println
 .text._Z13debug_printlni
                0x0000000008002290       0x18 .pioenvs/bluepill_f103c8/libd9b/liblogger.a(logger.o)
                0x0000000008002290                debug_println(int)
 .text.debug_print
                0x00000000080022a8       0x1a .pioenvs/bluepill_f103c8/libd9b/liblogger.a(logger.o)
                0x00000000080022a8                debug_print
 .text.debug_print_unsigned
                0x00000000080022c2        0x4 .pioenvs/bluepill_f103c8/libd9b/liblogger.a(logger.o)
                0x00000000080022c2                debug_print_unsigned
 .text.debug_printhex
                0x00000000080022c6       0x42 .pioenvs/bluepill_f103c8/libd9b/liblogger.a(logger.o)
                0x00000000080022c6                debug_printhex
 .text.debug_printhex_unsigned
                0x0000000008002308       0x24 .pioenvs/bluepill_f103c8/libd9b/liblogger.a(logger.o)
                0x0000000008002308                debug_printhex_unsigned
 *libbluepill.a:(SORT_BY_ALIGNMENT(.text*))
 .text.platform_setup
                0x000000000800232c       0x4c .pioenvs/bluepill_f103c8/lib271/libbluepill.a(bluepill.o)
                0x000000000800232c                platform_setup
 .text.enable_debug
                0x0000000008002378       0x10 .pioenvs/bluepill_f103c8/lib271/libbluepill.a(bluepill.o)
                0x0000000008002378                enable_debug
 .text.led_setup
                0x0000000008002388       0x20 .pioenvs/bluepill_f103c8/lib271/libbluepill.a(led.o)
                0x0000000008002388                led_setup
 .text.led_on   0x00000000080023a8       0x10 .pioenvs/bluepill_f103c8/lib271/libbluepill.a(led.o)
                0x00000000080023a8                led_on
 .text.led_off  0x00000000080023b8       0x10 .pioenvs/bluepill_f103c8/lib271/libbluepill.a(led.o)
                0x00000000080023b8                led_off
 .text.led_wait
                0x00000000080023c8       0x10 .pioenvs/bluepill_f103c8/lib271/libbluepill.a(led.o)
                0x00000000080023c8                led_wait
 .text.platform_start_timer
                0x00000000080023d8      0x114 .pioenvs/bluepill_f103c8/lib271/libbluepill.a(timer.o)
                0x00000000080023d8                platform_start_timer
 .text.platform_set_alarm
                0x00000000080024ec       0x50 .pioenvs/bluepill_f103c8/lib271/libbluepill.a(timer.o)
                0x00000000080024ec                platform_set_alarm
 .text.rtc_isr  0x000000000800253c       0x30 .pioenvs/bluepill_f103c8/lib271/libbluepill.a(timer.o)
                0x000000000800253c                rtc_isr
 .text.rtc_alarm_isr
                0x000000000800256c       0x30 .pioenvs/bluepill_f103c8/lib271/libbluepill.a(timer.o)
                0x000000000800256c                rtc_alarm_isr
 .text.platform_alarm_count
                0x000000000800259c        0xc .pioenvs/bluepill_f103c8/lib271/libbluepill.a(timer.o)
                0x000000000800259c                platform_alarm_count
 .text.platform_tick_count
                0x00000000080025a8        0xc .pioenvs/bluepill_f103c8/lib271/libbluepill.a(timer.o)
                0x00000000080025a8                platform_tick_count
 .text.__cxa_pure_virtual
                0x00000000080025b4        0x8 .pioenvs/bluepill_f103c8/lib271/libbluepill.a(bluepill.o)
                0x00000000080025b4                __cxa_pure_virtual
 .text._Znwj    0x00000000080025bc        0x4 .pioenvs/bluepill_f103c8/lib271/libbluepill.a(bluepill.o)
                0x00000000080025bc                operator new(unsigned int)
 .text._ZdlPv   0x00000000080025c0        0x4 .pioenvs/bluepill_f103c8/lib271/libbluepill.a(bluepill.o)
                0x00000000080025c0                operator delete(void*)
 .text.millis   0x00000000080025c4        0x4 .pioenvs/bluepill_f103c8/lib271/libbluepill.a(timer.o)
                0x00000000080025c4                millis
 *libbootloader.a:(SORT_BY_ALIGNMENT(.text*))
 .text.bootloader_poll
                0x00000000080025c8       0x1c .pioenvs/bluepill_f103c8/libb45/libbootloader.a(bootloader.o)
                0x00000000080025c8                bootloader_poll
 .text.bootloader_start
                0x00000000080025e4       0xe4 .pioenvs/bluepill_f103c8/libb45/libbootloader.a(bootloader.o)
                0x00000000080025e4                bootloader_start
 .text.target_set_led
                0x00000000080026c8       0x18 .pioenvs/bluepill_f103c8/libb45/libbootloader.a(target_stm32f103.o)
                0x00000000080026c8                target_set_led
 .text.target_gpio_setup
                0x00000000080026e0       0x70 .pioenvs/bluepill_f103c8/libb45/libbootloader.a(target_stm32f103.o)
                0x00000000080026e0                target_gpio_setup
 .text.target_usb_init
                0x0000000008002750       0x2c .pioenvs/bluepill_f103c8/libb45/libbootloader.a(target_stm32f103.o)
                0x0000000008002750                target_usb_init
 .text.target_manifest_app
                0x000000000800277c       0x14 .pioenvs/bluepill_f103c8/libb45/libbootloader.a(target_stm32f103.o)
                0x000000000800277c                target_manifest_app
 .text.target_manifest_bootloader
                0x0000000008002790       0x14 .pioenvs/bluepill_f103c8/libb45/libbootloader.a(target_stm32f103.o)
                0x0000000008002790                target_manifest_bootloader
 .text.target_get_force_bootloader
                0x00000000080027a4       0x34 .pioenvs/bluepill_f103c8/libb45/libbootloader.a(target_stm32f103.o)
                0x00000000080027a4                target_get_force_bootloader
 .text.target_get_startup_mode
                0x00000000080027d8       0x7c .pioenvs/bluepill_f103c8/libb45/libbootloader.a(target_stm32f103.o)
                0x00000000080027d8                target_get_startup_mode
 .text.target_flash_program_array
                0x0000000008002854       0xdc .pioenvs/bluepill_f103c8/libb45/libbootloader.a(target_stm32f103.o)
                0x0000000008002854                target_flash_program_array
 .text.set_aggregate_callback
                0x0000000008002930       0x5c .pioenvs/bluepill_f103c8/libb45/libbootloader.a(usb_conf.o)
 .text.aggregate_callback
                0x000000000800298c       0x64 .pioenvs/bluepill_f103c8/libb45/libbootloader.a(usb_conf.o)
 .text.usb_setup
                0x00000000080029f0       0x90 .pioenvs/bluepill_f103c8/libb45/libbootloader.a(usb_conf.o)
                0x00000000080029f0                usb_setup
 .text.aggregate_register_config_callback
                0x0000000008002a80       0x38 .pioenvs/bluepill_f103c8/libb45/libbootloader.a(usb_conf.o)
                0x0000000008002a80                aggregate_register_config_callback
 .text.aggregate_register_callback
                0x0000000008002ab8       0x64 .pioenvs/bluepill_f103c8/libb45/libbootloader.a(usb_conf.o)
                0x0000000008002ab8                aggregate_register_callback
 .text.usb_set_serial_number
                0x0000000008002b1c       0x1c .pioenvs/bluepill_f103c8/libb45/libbootloader.a(usb_conf.o)
                0x0000000008002b1c                usb_set_serial_number
 .text.dump_buffer
                0x0000000008002b38       0x4c .pioenvs/bluepill_f103c8/libb45/libbootloader.a(usb_conf.o)
                0x0000000008002b38                dump_buffer
 .text.webusb_set_config
                0x0000000008002b84       0x28 .pioenvs/bluepill_f103c8/libb45/libbootloader.a(webusb.o)
 .text.webusb_control_vendor_request
                0x0000000008002bac       0x9c .pioenvs/bluepill_f103c8/libb45/libbootloader.a(webusb.o)
 .text.webusb_setup
                0x0000000008002c48       0x4c .pioenvs/bluepill_f103c8/libb45/libbootloader.a(webusb.o)
                0x0000000008002c48                webusb_setup
 .text.winusb_control_vendor_request
                0x0000000008002c94       0x94 .pioenvs/bluepill_f103c8/libb45/libbootloader.a(winusb.o)
 .text.winusb_set_config
                0x0000000008002d28       0x28 .pioenvs/bluepill_f103c8/libb45/libbootloader.a(winusb.o)
 .text.winusb_descriptor_request
                0x0000000008002d50       0x48 .pioenvs/bluepill_f103c8/libb45/libbootloader.a(winusb.o)
 .text.winusb_setup
                0x0000000008002d98       0x5c .pioenvs/bluepill_f103c8/libb45/libbootloader.a(winusb.o)
                0x0000000008002d98                winusb_setup
 .text.cdcacm_comm_cb
                0x0000000008002df4       0x14 .pioenvs/bluepill_f103c8/libb45/libbootloader.a(cdc.o)
 .text.cdcacm_data_rx_cb
                0x0000000008002e08       0x4c .pioenvs/bluepill_f103c8/libb45/libbootloader.a(cdc.o)
 .text.cdcacm_set_config
                0x0000000008002e54       0x68 .pioenvs/bluepill_f103c8/libb45/libbootloader.a(cdc.o)
 .text.cdcacm_control_request
                0x0000000008002ebc       0x68 .pioenvs/bluepill_f103c8/libb45/libbootloader.a(cdc.o)
 .text.cdc_setup
                0x0000000008002f24       0x24 .pioenvs/bluepill_f103c8/libb45/libbootloader.a(cdc.o)
                0x0000000008002f24                cdc_setup
 .text.hf2_set_config
                0x0000000008002f48       0x3c .pioenvs/bluepill_f103c8/libb45/libbootloader.a(hf2.o)
 .text.assert.part.0
                0x0000000008002f84       0x1c .pioenvs/bluepill_f103c8/libb45/libbootloader.a(hf2.o)
 .text.pokeSend
                0x0000000008002fa0       0x84 .pioenvs/bluepill_f103c8/libb45/libbootloader.a(hf2.o)
 .text.send_hf2_response
                0x0000000008003024       0x38 .pioenvs/bluepill_f103c8/libb45/libbootloader.a(hf2.o)
 .text.hf2_data_rx_cb
                0x000000000800305c      0x1f4 .pioenvs/bluepill_f103c8/libb45/libbootloader.a(hf2.o)
 .text.hf2_setup
                0x0000000008003250       0x2c .pioenvs/bluepill_f103c8/libb45/libbootloader.a(hf2.o)
                0x0000000008003250                hf2_setup
 .text.backup_write
                0x000000000800327c       0x38 .pioenvs/bluepill_f103c8/libb45/libbootloader.a(backup.o)
                0x000000000800327c                backup_write
 .text.backup_read
                0x00000000080032b4       0x18 .pioenvs/bluepill_f103c8/libb45/libbootloader.a(backup.o)
                0x00000000080032b4                backup_read
 .text.usb21_set_config
                0x00000000080032cc       0x28 .pioenvs/bluepill_f103c8/libb45/libbootloader.a(usb21_standard.o)
 .text.usb21_standard_get_descriptor
                0x00000000080032f4       0xcc .pioenvs/bluepill_f103c8/libb45/libbootloader.a(usb21_standard.o)
 .text.usb21_setup
                0x00000000080033c0       0x38 .pioenvs/bluepill_f103c8/libb45/libbootloader.a(usb21_standard.o)
                0x00000000080033c0                usb21_setup
 .text.flushFlash
                0x00000000080033f8       0x94 .pioenvs/bluepill_f103c8/libb45/libbootloader.a(ghostfat.o)
 .text.flash_write
                0x000000000800348c       0x48 .pioenvs/bluepill_f103c8/libb45/libbootloader.a(ghostfat.o)
                0x000000000800348c                flash_write
 .text.target_get_serial_number
                0x00000000080034d4        0x6 .pioenvs/bluepill_f103c8/libb45/libbootloader.a(target_stm32f103.o)
                0x00000000080034d4                target_get_serial_number
 .text.target_flash_unlock
                0x00000000080034da        0x4 .pioenvs/bluepill_f103c8/libb45/libbootloader.a(target_stm32f103.o)
                0x00000000080034da                target_flash_unlock
 .text.target_flash_lock
                0x00000000080034de        0x4 .pioenvs/bluepill_f103c8/libb45/libbootloader.a(target_stm32f103.o)
                0x00000000080034de                target_flash_lock
 .text.dump_usb_request
                0x00000000080034e2        0x4 .pioenvs/bluepill_f103c8/libb45/libbootloader.a(usb_conf.o)
                0x00000000080034e2                dump_usb_request
 .text.hf2_data_tx_cb
                0x00000000080034e6        0x4 .pioenvs/bluepill_f103c8/libb45/libbootloader.a(hf2.o)
                0x00000000080034ec                . = ALIGN (0x4)
 *fill*         0x00000000080034ea        0x2 
 :*reset_handler*(SORT_BY_ALIGNMENT(.rodata*))
 .rodata.reset_handler.str1.1
                0x00000000080034ec       0x34 .pioenvs/bluepill_f103c8/libccd/hal/reset_handler.o
 *libhal.a:*reset_handler*(SORT_BY_ALIGNMENT(.rodata*))
 :*codal_target_hal*(SORT_BY_ALIGNMENT(.rodata*))
 .rodata._ZL11timer_alarmv.str1.1
                0x0000000008003520        0x4 .pioenvs/bluepill_f103c8/libccd/hal/codal_target_hal.o
 .rodata.target_panic.str1.1
                0x0000000008003524       0x13 .pioenvs/bluepill_f103c8/libccd/hal/codal_target_hal.o
 .rodata.target_wait.str1.1
                0x0000000008003537       0x10 .pioenvs/bluepill_f103c8/libccd/hal/codal_target_hal.o
 .rodata.target_wait_us.str1.1
                0x0000000008003547       0x13 .pioenvs/bluepill_f103c8/libccd/hal/codal_target_hal.o
 .rodata.test_codal.str1.1
                0x000000000800355a       0x34 .pioenvs/bluepill_f103c8/libccd/hal/codal_target_hal.o
 *libhal.a:*codal_target_hal*(SORT_BY_ALIGNMENT(.rodata*))
 :*CortexContextSwitch*(SORT_BY_ALIGNMENT(.rodata*))
 *libhal.a:(SORT_BY_ALIGNMENT(.rodata*))
 *liblibopencm3.a:(SORT_BY_ALIGNMENT(.rodata*))
 *libFrameworkLibOpenCM3.a:(SORT_BY_ALIGNMENT(.rodata*))
 *fill*         0x000000000800358e        0x2 
 .rodata.st_usbfs_v1_usb_driver
                0x0000000008003590       0x34 .pioenvs/bluepill_f103c8/libFrameworkLibOpenCM3.a(st_usbfs_v1.o)
                0x0000000008003590                st_usbfs_v1_usb_driver
 .rodata.chars.4166
                0x00000000080035c4       0x11 .pioenvs/bluepill_f103c8/libFrameworkLibOpenCM3.a(desig.o)
 *libcocoos.a:(SORT_BY_ALIGNMENT(.rodata*))
 *libcocoOS_?.?.?.a:(SORT_BY_ALIGNMENT(.rodata*))
 .rodata.os_on_assert.str1.1
                0x00000000080035d5       0x1a .pioenvs/bluepill_f103c8/libea7/libcocoOS_5.0.3.a(os_assert.o)
 *libgcc.a:(SORT_BY_ALIGNMENT(.rodata*))
 *libqfplib.a:(SORT_BY_ALIGNMENT(.rodata*))
 *libnano-float.a:(SORT_BY_ALIGNMENT(.rodata*))
 *libnewlib.a:(SORT_BY_ALIGNMENT(.rodata*))
 *liblogger.a:(SORT_BY_ALIGNMENT(.rodata*))
 .rodata._Z11debug_printi.str1.1
                0x00000000080035ef        0x4 .pioenvs/bluepill_f103c8/libd9b/liblogger.a(logger.o)
 .rodata._Z11debug_printj.str1.1
                0x00000000080035f3        0xb .pioenvs/bluepill_f103c8/libd9b/liblogger.a(logger.o)
 .rodata.debug_println.str1.1
                0x00000000080035fe        0x2 .pioenvs/bluepill_f103c8/libd9b/liblogger.a(logger.o)
 *libbluepill.a:(SORT_BY_ALIGNMENT(.rodata*))
 .rodata.platform_setup.str1.1
                0x0000000008003600       0x13 .pioenvs/bluepill_f103c8/lib271/libbluepill.a(bluepill.o)
 .rodata.platform_set_alarm.str1.1
                0x0000000008003613        0x8 .pioenvs/bluepill_f103c8/lib271/libbluepill.a(timer.o)
                                          0xb (size before relaxing)
 .rodata.platform_start_timer.str1.1
                0x000000000800361b       0x2f .pioenvs/bluepill_f103c8/lib271/libbluepill.a(timer.o)
 *libbootloader.a:(SORT_BY_ALIGNMENT(.rodata*))
 *fill*         0x000000000800364a        0x2 
 .rodata.interfaces
                0x000000000800364c       0x30 .pioenvs/bluepill_f103c8/libb45/libbootloader.a(usb_conf.o)
 .rodata.bootloader_start.str1.1
                0x000000000800367c       0x58 .pioenvs/bluepill_f103c8/libb45/libbootloader.a(bootloader.o)
 .rodata.target_flash_program_array.str1.1
                0x00000000080036d4       0x6a .pioenvs/bluepill_f103c8/libb45/libbootloader.a(target_stm32f103.o)
 .rodata.target_get_startup_mode.str1.1
                0x000000000800373e       0x31 .pioenvs/bluepill_f103c8/libb45/libbootloader.a(target_stm32f103.o)
                                         0x32 (size before relaxing)
 .rodata.aggregate_callback.str1.1
                0x000000000800376f        0x4 .pioenvs/bluepill_f103c8/libb45/libbootloader.a(usb_conf.o)
 .rodata.aggregate_register_callback.str1.1
                0x0000000008003773       0x42 .pioenvs/bluepill_f103c8/libb45/libbootloader.a(usb_conf.o)
 .rodata.aggregate_register_config_callback.str1.1
                0x00000000080037b5       0x25 .pioenvs/bluepill_f103c8/libb45/libbootloader.a(usb_conf.o)
 .rodata.bos_descriptor
                0x00000000080037da        0x9 .pioenvs/bluepill_f103c8/libb45/libbootloader.a(usb_conf.o)
 .rodata.cdc_iface_assoc
                0x00000000080037e3        0x8 .pioenvs/bluepill_f103c8/libb45/libbootloader.a(usb_conf.o)
 .rodata.cdcacm_functional_descriptors
                0x00000000080037eb       0x13 .pioenvs/bluepill_f103c8/libb45/libbootloader.a(usb_conf.o)
 .rodata.comm_endp
                0x00000000080037fe        0xf .pioenvs/bluepill_f103c8/libb45/libbootloader.a(usb_conf.o)
 .rodata.comm_iface
                0x000000000800380d       0x15 .pioenvs/bluepill_f103c8/libb45/libbootloader.a(usb_conf.o)
 .rodata.config
                0x0000000008003822        0xd .pioenvs/bluepill_f103c8/libb45/libbootloader.a(usb_conf.o)
 .rodata.data_endp
                0x000000000800382f       0x1e .pioenvs/bluepill_f103c8/libb45/libbootloader.a(usb_conf.o)
 .rodata.data_iface
                0x000000000800384d       0x15 .pioenvs/bluepill_f103c8/libb45/libbootloader.a(usb_conf.o)
 .rodata.dev    0x0000000008003862       0x12 .pioenvs/bluepill_f103c8/libb45/libbootloader.a(usb_conf.o)
 .rodata.dump_buffer.str1.1
                0x0000000008003874        0x4 .pioenvs/bluepill_f103c8/libb45/libbootloader.a(usb_conf.o)
                                          0x7 (size before relaxing)
 .rodata.hf2_endp
                0x0000000008003878       0x1e .pioenvs/bluepill_f103c8/libb45/libbootloader.a(usb_conf.o)
 .rodata.hf2_iface
                0x0000000008003896       0x15 .pioenvs/bluepill_f103c8/libb45/libbootloader.a(usb_conf.o)
 .rodata.set_aggregate_callback.str1.1
                0x00000000080038ab       0x40 .pioenvs/bluepill_f103c8/libb45/libbootloader.a(usb_conf.o)
 .rodata.str1.1
                0x00000000080038eb       0x7e .pioenvs/bluepill_f103c8/libb45/libbootloader.a(usb_conf.o)
 .rodata.usb_setup.str1.1
                0x0000000008003969       0x2e .pioenvs/bluepill_f103c8/libb45/libbootloader.a(usb_conf.o)
 .rodata.webusb_control_vendor_request.str1.1
                0x0000000008003997       0x3c .pioenvs/bluepill_f103c8/libb45/libbootloader.a(webusb.o)
                                         0x3d (size before relaxing)
 .rodata.webusb_platform_capability_descriptor
                0x00000000080039d3       0x18 .pioenvs/bluepill_f103c8/libb45/libbootloader.a(webusb.o)
                0x00000000080039d3                webusb_platform_capability_descriptor
 .rodata.webusb_set_config.str1.1
                0x00000000080039eb       0x1d .pioenvs/bluepill_f103c8/libb45/libbootloader.a(webusb.o)
 .rodata.webusb_setup.str1.1
                0x0000000008003a08       0x18 .pioenvs/bluepill_f103c8/libb45/libbootloader.a(webusb.o)
 .rodata.guid   0x0000000008003a20       0x92 .pioenvs/bluepill_f103c8/libb45/libbootloader.a(winusb.o)
 .rodata.microsoft_platform_capability_descriptor
                0x0000000008003ab2       0x1c .pioenvs/bluepill_f103c8/libb45/libbootloader.a(winusb.o)
                0x0000000008003ab2                microsoft_platform_capability_descriptor
 .rodata.winusb_control_vendor_request.str1.1
                0x0000000008003ace       0x14 .pioenvs/bluepill_f103c8/libb45/libbootloader.a(winusb.o)
 .rodata.winusb_descriptor_request.str1.1
                0x0000000008003ae2        0x6 .pioenvs/bluepill_f103c8/libb45/libbootloader.a(winusb.o)
 .rodata.winusb_set_config.str1.1
                0x0000000008003ae8       0x1d .pioenvs/bluepill_f103c8/libb45/libbootloader.a(winusb.o)
 .rodata.winusb_setup.str1.1
                0x0000000008003b05       0x18 .pioenvs/bluepill_f103c8/libb45/libbootloader.a(winusb.o)
 .rodata.winusb_string_descriptor
                0x0000000008003b1d       0x12 .pioenvs/bluepill_f103c8/libb45/libbootloader.a(winusb.o)
 .rodata.cdc_setup.str1.1
                0x0000000008003b2f       0x15 .pioenvs/bluepill_f103c8/libb45/libbootloader.a(cdc.o)
 .rodata.cdcacm_comm_cb.str1.1
                0x0000000008003b44        0x5 .pioenvs/bluepill_f103c8/libb45/libbootloader.a(cdc.o)
 .rodata.cdcacm_control_request.str1.1
                0x0000000008003b49       0x2f .pioenvs/bluepill_f103c8/libb45/libbootloader.a(cdc.o)
                                         0x30 (size before relaxing)
 .rodata.cdcacm_data_rx_cb.str1.1
                0x0000000008003b78        0x4 .pioenvs/bluepill_f103c8/libb45/libbootloader.a(cdc.o)
 .rodata.cdcacm_set_config.str1.1
                0x0000000008003b7c       0x1d .pioenvs/bluepill_f103c8/libb45/libbootloader.a(cdc.o)
 .rodata.line_coding
                0x0000000008003b99        0x7 .pioenvs/bluepill_f103c8/libb45/libbootloader.a(cdc.o)
 .rodata.assert.part.0.str1.1
                0x0000000008003ba0        0xc .pioenvs/bluepill_f103c8/libb45/libbootloader.a(hf2.o)
 .rodata.bad_packet_message
                0x0000000008003bac        0xb .pioenvs/bluepill_f103c8/libb45/libbootloader.a(hf2.o)
 .rodata.hf2_data_rx_cb.str1.1
                0x0000000008003bb7       0x88 .pioenvs/bluepill_f103c8/libb45/libbootloader.a(hf2.o)
                                         0x89 (size before relaxing)
 .rodata.hf2_set_config.str1.1
                0x0000000008003c3f        0xb .pioenvs/bluepill_f103c8/libb45/libbootloader.a(hf2.o)
 .rodata.hf2_setup.str1.1
                0x0000000008003c4a       0x15 .pioenvs/bluepill_f103c8/libb45/libbootloader.a(hf2.o)
 .rodata.send_hf2_response.str1.1
                0x0000000008003c5f        0x7 .pioenvs/bluepill_f103c8/libb45/libbootloader.a(hf2.o)
 .rodata.usb21_set_config.str1.1
                0x0000000008003c66       0x1c .pioenvs/bluepill_f103c8/libb45/libbootloader.a(usb21_standard.o)
 .rodata.usb21_setup.str1.1
                0x0000000008003c82       0x17 .pioenvs/bluepill_f103c8/libb45/libbootloader.a(usb21_standard.o)
 .rodata.usb21_standard_get_descriptor.str1.1
                0x0000000008003c99       0x21 .pioenvs/bluepill_f103c8/libb45/libbootloader.a(usb21_standard.o)
 .rodata.flushFlash.str1.1
                0x0000000008003cba       0x1e .pioenvs/bluepill_f103c8/libb45/libbootloader.a(ghostfat.o)
                                         0x1f (size before relaxing)
 .rodata.infoUf2File
                0x0000000008003cd8       0x55 .pioenvs/bluepill_f103c8/libb45/libbootloader.a(ghostfat.o)
                0x0000000008003cd8                infoUf2File
                0x0000000008003d30                . = ALIGN (0x4)
 *fill*         0x0000000008003d2d        0x3 
                0x0000000008003d30                _boot_etext = .

.text           0x0000000008004800     0x341c
                0x0000000008004800                . = ALIGN (0x4)
                0x0000000008004800                _text = .
 *(SORT_BY_ALIGNMENT(.text.application_start))
 .text.application_start
                0x0000000008004800       0xc4 .pioenvs/bluepill_f103c8/lib739/libcm.a(application.o)
                0x0000000008004800                application_start
 *(SORT_BY_ALIGNMENT(.text.main))
 *(SORT_BY_ALIGNMENT(.text.startup.main))
 .text.startup.main
                0x00000000080048c4       0x14 .pioenvs/bluepill_f103c8/src/main.o
                0x00000000080048c4                main
 *(SORT_BY_ALIGNMENT(.text*))
 .text._ZN5codal14CodalComponent4initEv
                0x00000000080048d8        0x8 .pioenvs/bluepill_f103c8/src/main.o
                0x00000000080048d8                codal::CodalComponent::init()
 .text._ZL10debug_dumpRN5codal13STM32BluePillEPKc
                0x00000000080048e0       0x7c .pioenvs/bluepill_f103c8/src/main.o
 .text._ZN5codal14CodalComponentD2Ev
                0x000000000800495c       0x18 .pioenvs/bluepill_f103c8/src/main.o
                0x000000000800495c                codal::CodalComponent::~CodalComponent()
                0x000000000800495c                codal::CodalComponent::~CodalComponent()
 .text.startup._GLOBAL__sub_I_bluepill
                0x0000000008004974       0x24 .pioenvs/bluepill_f103c8/src/main.o
 .text._Z10Blink_mainRN5codal13STM32BluePillE
                0x0000000008004998       0x74 .pioenvs/bluepill_f103c8/src/main.o
                0x0000000008004998                Blink_main(codal::STM32BluePill&)
 .text._ZN5codal13STM32BluePillD2Ev
                0x0000000008004a0c       0x40 .pioenvs/bluepill_f103c8/src/main.o
                0x0000000008004a0c                codal::STM32BluePill::~STM32BluePill()
                0x0000000008004a0c                codal::STM32BluePill::~STM32BluePill()
 .text.startup._GLOBAL__sub_I_serialPort
                0x0000000008004a4c       0x10 .pioenvs/bluepill_f103c8/src/uart.o
 .text._Z18component_callbackN5codal5EventE
                0x0000000008004a5c       0x58 .pioenvs/bluepill_f103c8/lib3e7/libcodal-core.a(CodalComponent.o)
                0x0000000008004a5c                component_callback(codal::Event)
 .text._ZN5codal10EventModel6listenEiiPFvNS_5EventEEt
                0x0000000008004ab4       0x60 .pioenvs/bluepill_f103c8/lib3e7/libcodal-core.a(CodalComponent.o)
                0x0000000008004ab4                codal::EventModel::listen(int, int, void (*)(codal::Event), unsigned short)
 .text._ZN5codal14CodalComponent12addComponentEv
                0x0000000008004b14       0x70 .pioenvs/bluepill_f103c8/lib3e7/libcodal-core.a(CodalComponent.o)
                0x0000000008004b14                codal::CodalComponent::addComponent()
 .text._ZN5codal14CodalComponent15removeComponentEv
                0x0000000008004b84       0x20 .pioenvs/bluepill_f103c8/lib3e7/libcodal-core.a(CodalComponent.o)
                0x0000000008004b84                codal::CodalComponent::removeComponent()
 .text.codal_dmesg_flush
                0x0000000008004ba4       0x10 .pioenvs/bluepill_f103c8/lib3e7/libcodal-core.a(CodalDmesg.o)
                0x0000000008004ba4                codal_dmesg_flush
 .text._ZN5codal14scheduler_tickENS_5EventE
                0x0000000008004bb4       0x38 .pioenvs/bluepill_f103c8/lib3e7/libcodal-core.a(CodalFiber.o)
                0x0000000008004bb4                codal::scheduler_tick(codal::Event)
 .text._ZN5codal15scheduler_eventENS_5EventE
                0x0000000008004bec       0xc0 .pioenvs/bluepill_f103c8/lib3e7/libcodal-core.a(CodalFiber.o)
                0x0000000008004bec                codal::scheduler_event(codal::Event)
 .text._Z15getFiberContextv
                0x0000000008004cac       0x50 .pioenvs/bluepill_f103c8/lib3e7/libcodal-core.a(CodalFiber.o)
                0x0000000008004cac                getFiberContext()
 .text._ZL10handle_fobv
                0x0000000008004cfc       0x2c .pioenvs/bluepill_f103c8/lib3e7/libcodal-core.a(CodalFiber.o)
 .text._ZN5codal23fiber_scheduler_runningEv
                0x0000000008004d28       0x10 .pioenvs/bluepill_f103c8/lib3e7/libcodal-core.a(CodalFiber.o)
                0x0000000008004d28                codal::fiber_scheduler_running()
 .text._ZN5codal14scheduler_initERNS_10EventModelE
                0x0000000008004d38       0xac .pioenvs/bluepill_f103c8/lib3e7/libcodal-core.a(CodalFiber.o)
                0x0000000008004d38                codal::scheduler_init(codal::EventModel&)
 .text._ZN5codal19fiber_wake_on_eventEtt
                0x0000000008004de4       0x5c .pioenvs/bluepill_f103c8/lib3e7/libcodal-core.a(CodalFiber.o)
                0x0000000008004de4                codal::fiber_wake_on_event(unsigned short, unsigned short)
 .text._Z14__create_fibermmmi
                0x0000000008004e40       0x64 .pioenvs/bluepill_f103c8/lib3e7/libcodal-core.a(CodalFiber.o)
                0x0000000008004e40                __create_fiber(unsigned long, unsigned long, unsigned long, int)
 .text._ZN5codal17verify_stack_sizeEPNS_5FiberE
                0x0000000008004ea4       0x44 .pioenvs/bluepill_f103c8/lib3e7/libcodal-core.a(CodalFiber.o)
                0x0000000008004ea4                codal::verify_stack_size(codal::Fiber*)
 .text._ZN5codal24scheduler_runqueue_emptyEv
                0x0000000008004ee8       0x10 .pioenvs/bluepill_f103c8/lib3e7/libcodal-core.a(CodalFiber.o)
                0x0000000008004ee8                codal::scheduler_runqueue_empty()
 .text._ZN5codal4idleEv
                0x0000000008004ef8       0x3c .pioenvs/bluepill_f103c8/lib3e7/libcodal-core.a(CodalFiber.o)
                0x0000000008004ef8                codal::idle()
 .text._ZN5codal8scheduleEv
                0x0000000008004f34      0x108 .pioenvs/bluepill_f103c8/lib3e7/libcodal-core.a(CodalFiber.o)
                0x0000000008004f34                codal::schedule()
 .text._ZN5codal11fiber_sleepEm
                0x000000000800503c       0x3c .pioenvs/bluepill_f103c8/lib3e7/libcodal-core.a(CodalFiber.o)
                0x000000000800503c                codal::fiber_sleep(unsigned long)
 .text._ZN5codal13release_fiberEv
                0x0000000008005078       0x6c .pioenvs/bluepill_f103c8/lib3e7/libcodal-core.a(CodalFiber.o)
                0x0000000008005078                codal::release_fiber()
 .text._ZN5codal6invokeEPFvPvES0_
                0x00000000080050e4       0x80 .pioenvs/bluepill_f103c8/lib3e7/libcodal-core.a(CodalFiber.o)
                0x00000000080050e4                codal::invoke(void (*)(void*), void*)
 .text._Z18device_create_heapmm
                0x0000000008005164       0x3c .pioenvs/bluepill_f103c8/lib3e7/libcodal-core.a(CodalHeapAllocator.o)
                0x0000000008005164                device_create_heap(unsigned long, unsigned long)
 .text.device_malloc
                0x00000000080051a0       0x48 .pioenvs/bluepill_f103c8/lib3e7/libcodal-core.a(CodalHeapAllocator.o)
                0x00000000080051a0                malloc
                0x00000000080051a0                device_malloc
 .text.device_free
                0x00000000080051e8       0x40 .pioenvs/bluepill_f103c8/lib3e7/libcodal-core.a(CodalHeapAllocator.o)
                0x00000000080051e8                device_free
                0x00000000080051e8                free
 .text._ZN5codal6SerialC2ERNS_3PinES2_hht
                0x0000000008005228       0x5c .pioenvs/bluepill_f103c8/lib3e7/libcodal-core.a(Serial.o)
                0x0000000008005228                codal::Serial::Serial(codal::Pin&, codal::Pin&, unsigned char, unsigned char, unsigned short)
                0x0000000008005228                codal::Serial::Serial(codal::Pin&, codal::Pin&, unsigned char, unsigned char, unsigned short)
 .text._ZN5codal6SerialD2Ev
                0x0000000008005284       0x1c .pioenvs/bluepill_f103c8/lib3e7/libcodal-core.a(Serial.o)
                0x0000000008005284                codal::Serial::~Serial()
                0x0000000008005284                codal::Serial::~Serial()
 .text._ZN5codal5TimerC2Ev
                0x00000000080052a0       0x34 .pioenvs/bluepill_f103c8/lib3e7/libcodal-core.a(Timer.o)
                0x00000000080052a0                codal::Timer::Timer()
                0x00000000080052a0                codal::Timer::Timer()
 .text._ZN5codal5Timer7triggerEv
                0x00000000080052d4       0xa8 .pioenvs/bluepill_f103c8/lib3e7/libcodal-core.a(Timer.o)
                0x00000000080052d4                codal::Timer::trigger()
 .text._ZN5codal25system_timer_current_timeEv
                0x000000000800537c       0x10 .pioenvs/bluepill_f103c8/lib3e7/libcodal-core.a(Timer.o)
                0x000000000800537c                codal::system_timer_current_time()
 .text._ZN5codal27system_timer_event_every_usEmtt
                0x000000000800538c       0x24 .pioenvs/bluepill_f103c8/lib3e7/libcodal-core.a(Timer.o)
                0x000000000800538c                codal::system_timer_event_every_us(unsigned long, unsigned short, unsigned short)
 .text._ZN5codal10EventModel4sendENS_5EventE
                0x00000000080053b0       0x14 .pioenvs/bluepill_f103c8/lib3e7/libcodal-core.a(MessageBus.o)
                0x00000000080053b0                codal::EventModel::send(codal::Event)
 .text._ZN5codal10EventModel3addEPNS_8ListenerE
                0x00000000080053c4        0x8 .pioenvs/bluepill_f103c8/lib3e7/libcodal-core.a(MessageBus.o)
                0x00000000080053c4                codal::EventModel::add(codal::Listener*)
 .text._ZN5codal10EventModel6removeEPNS_8ListenerE
                0x00000000080053cc        0x8 .pioenvs/bluepill_f103c8/lib3e7/libcodal-core.a(MessageBus.o)
                0x00000000080053cc                codal::EventModel::remove(codal::Listener*)
 .text._ZN5codal10MessageBus6removeEPNS_8ListenerE
                0x00000000080053d4       0x70 .pioenvs/bluepill_f103c8/lib3e7/libcodal-core.a(MessageBus.o)
                0x00000000080053d4                codal::MessageBus::remove(codal::Listener*)
 .text._ZN5codal10MessageBus3addEPNS_8ListenerE
                0x0000000008005444       0xbc .pioenvs/bluepill_f103c8/lib3e7/libcodal-core.a(MessageBus.o)
                0x0000000008005444                codal::MessageBus::add(codal::Listener*)
 .text._ZN5codal10MessageBusD2Ev
                0x0000000008005500       0x78 .pioenvs/bluepill_f103c8/lib3e7/libcodal-core.a(MessageBus.o)
                0x0000000008005500                codal::MessageBus::~MessageBus()
                0x0000000008005500                codal::MessageBus::~MessageBus()
 .text._ZN5codal10MessageBusC2Ev
                0x0000000008005578       0xa8 .pioenvs/bluepill_f103c8/lib3e7/libcodal-core.a(MessageBus.o)
                0x0000000008005578                codal::MessageBus::MessageBus()
                0x0000000008005578                codal::MessageBus::MessageBus()
 .text._ZN5codal10MessageBus7processERNS_5EventEb
                0x0000000008005620       0x84 .pioenvs/bluepill_f103c8/lib3e7/libcodal-core.a(MessageBus.o)
                0x0000000008005620                codal::MessageBus::process(codal::Event&, bool)
 .text._ZN5codal19allocateNotifyEventEv
                0x00000000080056a4       0x10 .pioenvs/bluepill_f103c8/lib3e7/libcodal-core.a(MessageBus.o)
                0x00000000080056a4                codal::allocateNotifyEvent()
 .text._ZN5codal5Event4fireEv
                0x00000000080056b4       0x20 .pioenvs/bluepill_f103c8/lib3e7/libcodal-core.a(Event.o)
                0x00000000080056b4                codal::Event::fire()
 .text._ZN5codal13ManagedStringC2EPKcs
                0x00000000080056d4       0x34 .pioenvs/bluepill_f103c8/lib3e7/libcodal-core.a(ManagedString.o)
                0x00000000080056d4                codal::ManagedString::ManagedString(char const*, short)
                0x00000000080056d4                codal::ManagedString::ManagedString(char const*, short)
 .text._ZN5codal13ManagedStringC2Ev
                0x0000000008005708        0xc .pioenvs/bluepill_f103c8/lib3e7/libcodal-core.a(ManagedString.o)
                0x0000000008005708                codal::ManagedString::ManagedString()
                0x0000000008005708                codal::ManagedString::ManagedString()
 .text.startup._GLOBAL__sub_I__ZN5codal13ManagedString9initEmptyEv
                0x0000000008005714       0x2c .pioenvs/bluepill_f103c8/lib3e7/libcodal-core.a(ManagedString.o)
 .text._ZN5codal3_cm3Pin14setAnalogValueEi
                0x0000000008005740       0x1c .pioenvs/bluepill_f103c8/lib739/libcm.a(CmPin.o)
                0x0000000008005740                codal::_cm::Pin::setAnalogValue(int)
 .text._ZN5codal3_cm3Pin13setServoValueEiii
                0x000000000800575c       0x2c .pioenvs/bluepill_f103c8/lib739/libcm.a(CmPin.o)
                0x000000000800575c                codal::_cm::Pin::setServoValue(int, int, int)
 .text._ZN5codal3_cm3Pin9isTouchedEv
                0x0000000008005788        0x8 .pioenvs/bluepill_f103c8/lib739/libcm.a(CmPin.o)
                0x0000000008005788                codal::_cm::Pin::isTouched()
 .text._ZN5codal3_cm3Pin17getAnalogPeriodUsEv
                0x0000000008005790        0x8 .pioenvs/bluepill_f103c8/lib739/libcm.a(CmPin.o)
                0x0000000008005790                codal::_cm::Pin::getAnalogPeriodUs()
 .text._ZN5codal3_cm3Pin15setDigitalValueEi
                0x0000000008005798       0x88 .pioenvs/bluepill_f103c8/lib739/libcm.a(CmPin.o)
                0x0000000008005798                codal::_cm::Pin::setDigitalValue(int)
 .text._ZN5codal3_cm3PinC2EhmmtNS_13PinCapabilityE
                0x0000000008005820       0x2c .pioenvs/bluepill_f103c8/lib739/libcm.a(CmPin.o)
                0x0000000008005820                codal::_cm::Pin::Pin(unsigned char, unsigned long, unsigned long, unsigned short, codal::PinCapability)
                0x0000000008005820                codal::_cm::Pin::Pin(unsigned char, unsigned long, unsigned long, unsigned short, codal::PinCapability)
 .text._ZN5codal3_cm6SerialD2Ev
                0x000000000800584c       0x14 .pioenvs/bluepill_f103c8/lib739/libcm.a(CmSerial.o)
                0x000000000800584c                codal::_cm::Serial::~Serial()
                0x000000000800584c                codal::_cm::Serial::~Serial()
 .text._ZN5codal3_cm6SerialC2ERNS0_3PinES3_hh
                0x0000000008005860       0x4c .pioenvs/bluepill_f103c8/lib739/libcm.a(CmSerial.o)
                0x0000000008005860                codal::_cm::Serial::Serial(codal::_cm::Pin&, codal::_cm::Pin&, unsigned char, unsigned char)
                0x0000000008005860                codal::_cm::Serial::Serial(codal::_cm::Pin&, codal::_cm::Pin&, unsigned char, unsigned char)
 .text._ZN5codal3_cm5Timer9triggerInEm
                0x00000000080058ac       0x20 .pioenvs/bluepill_f103c8/lib739/libcm.a(CmTimer.o)
                0x00000000080058ac                codal::_cm::Timer::triggerIn(unsigned long)
 .text._ZN5codal3_cm14alarm_callbackEv
                0x00000000080058cc       0x30 .pioenvs/bluepill_f103c8/lib739/libcm.a(CmTimer.o)
                0x00000000080058cc                codal::_cm::alarm_callback()
 .text._ZN5codal3_cmL10timer_taskEv
                0x00000000080058fc       0x64 .pioenvs/bluepill_f103c8/lib739/libcm.a(CmTimer.o)
 .text._ZN5codal3_cm5Timer11syncRequestEv
                0x0000000008005960       0x34 .pioenvs/bluepill_f103c8/lib739/libcm.a(CmTimer.o)
                0x0000000008005960                codal::_cm::Timer::syncRequest()
 .text._ZN5codal3_cm5TimerC2Ev
                0x0000000008005994       0x2c .pioenvs/bluepill_f103c8/lib739/libcm.a(CmTimer.o)
                0x0000000008005994                codal::_cm::Timer::Timer()
                0x0000000008005994                codal::_cm::Timer::Timer()
 .text._ZN5codal3_cm5Timer4initEv
                0x00000000080059c0       0x80 .pioenvs/bluepill_f103c8/lib739/libcm.a(CmTimer.o)
                0x00000000080059c0                codal::_cm::Timer::init()
 .text._ZN5codal13STM32BluePill4initEv
                0x0000000008005a40       0x78 .pioenvs/bluepill_f103c8/lib2eb/libmodel.a(STM32BluePill.o)
                0x0000000008005a40                codal::STM32BluePill::init()
 .text._ZN5codal13STM32BluePillC2Ev
                0x0000000008005ab8       0xa4 .pioenvs/bluepill_f103c8/lib2eb/libmodel.a(STM32BluePill.o)
                0x0000000008005ab8                codal::STM32BluePill::STM32BluePill()
                0x0000000008005ab8                codal::STM32BluePill::STM32BluePill()
 .text._ZN5codal15STM32BluePillIOC2Ev
                0x0000000008005b5c      0xaf0 .pioenvs/bluepill_f103c8/lib2eb/libmodel.a(STM32BluePillIO.o)
                0x0000000008005b5c                codal::STM32BluePillIO::STM32BluePillIO()
                0x0000000008005b5c                codal::STM32BluePillIO::STM32BluePillIO()
 .text.usart2_isr
                0x000000000800664c       0x50 .pioenvs/bluepill_f103c8/lib33e/libuartint.a(uartint.o)
                0x000000000800664c                usart2_isr
 .text.startup._GLOBAL__sub_I__ZN13UARTInterfaceC2Ejj
                0x000000000800669c       0x10 .pioenvs/bluepill_f103c8/lib33e/libuartint.a(uartint.o)
 .text._ZN5codal3_cm3I2CC2ERNS_3PinES3_
                0x00000000080066ac       0x1c .pioenvs/bluepill_f103c8/lib739/libcm.a(CmI2C.o)
                0x00000000080066ac                codal::_cm::I2C::I2C(codal::Pin&, codal::Pin&)
                0x00000000080066ac                codal::_cm::I2C::I2C(codal::Pin&, codal::Pin&)
 .text._ZN5codal3_cm3SPI4initEv
                0x00000000080066c8       0x5c .pioenvs/bluepill_f103c8/lib739/libcm.a(CmSPI.o)
                0x00000000080066c8                codal::_cm::SPI::init()
 .text._ZN5codal3_cm3SPIC2ERNS0_3PinES3_S3_S3_
                0x0000000008006724       0x9c .pioenvs/bluepill_f103c8/lib739/libcm.a(CmSPI.o)
                0x0000000008006724                codal::_cm::SPI::SPI(codal::_cm::Pin&, codal::_cm::Pin&, codal::_cm::Pin&, codal::_cm::Pin&)
                0x0000000008006724                codal::_cm::SPI::SPI(codal::_cm::Pin&, codal::_cm::Pin&, codal::_cm::Pin&, codal::_cm::Pin&)
 .text.pinmap_peripheral
                0x00000000080067c0       0x30 .pioenvs/bluepill_f103c8/lib739/libcm.a(CmPinMap.o)
                0x00000000080067c0                pinmap_peripheral
 .text.pinmap_mode
                0x00000000080067f0       0x2c .pioenvs/bluepill_f103c8/lib739/libcm.a(CmPinMap.o)
                0x00000000080067f0                pinmap_mode
 .text.pinmap_cnf
                0x000000000800681c       0x2c .pioenvs/bluepill_f103c8/lib739/libcm.a(CmPinMap.o)
                0x000000000800681c                pinmap_cnf
 .text._ZN5codal3I2CC2ERNS_3PinES2_
                0x0000000008006848        0xc .pioenvs/bluepill_f103c8/lib3e7/libcodal-core.a(I2C.o)
                0x0000000008006848                codal::I2C::I2C(codal::Pin&, codal::Pin&)
                0x0000000008006848                codal::I2C::I2C(codal::Pin&, codal::Pin&)
 .text._ZN5codal14CodalComponent16periodicCallbackEv
                0x0000000008006854        0x2 .pioenvs/bluepill_f103c8/src/main.o
                0x0000000008006854                codal::CodalComponent::periodicCallback()
 .text._ZN5codal14CodalComponent12idleCallbackEv
                0x0000000008006856        0x2 .pioenvs/bluepill_f103c8/src/main.o
                0x0000000008006856                codal::CodalComponent::idleCallback()
 .text._ZN5codal14CodalComponentD0Ev
                0x0000000008006858       0x12 .pioenvs/bluepill_f103c8/src/main.o
                0x0000000008006858                codal::CodalComponent::~CodalComponent()
 .text._ZN5codal13STM32BluePillD0Ev
                0x000000000800686a       0x12 .pioenvs/bluepill_f103c8/src/main.o
                0x000000000800686a                codal::STM32BluePill::~STM32BluePill()
 .text._ZN5codal11queue_fiberEPNS_5FiberEPS1_
                0x000000000800687c       0x2e .pioenvs/bluepill_f103c8/lib3e7/libcodal-core.a(CodalFiber.o)
                0x000000000800687c                codal::queue_fiber(codal::Fiber*, codal::Fiber**)
 .text._ZN5codal13dequeue_fiberEPNS_5FiberE
                0x00000000080068aa       0x34 .pioenvs/bluepill_f103c8/lib3e7/libcodal-core.a(CodalFiber.o)
                0x00000000080068aa                codal::dequeue_fiber(codal::Fiber*)
 .text._ZN5codal12create_fiberEPFvPvES0_S2_
                0x00000000080068de       0x1e .pioenvs/bluepill_f103c8/lib3e7/libcodal-core.a(CodalFiber.o)
                0x00000000080068de                codal::create_fiber(void (*)(void*), void*, void (*)(void*))
 .text._ZN5codal20fiber_wait_for_eventEtt
                0x00000000080068fc       0x12 .pioenvs/bluepill_f103c8/lib3e7/libcodal-core.a(CodalFiber.o)
                0x00000000080068fc                codal::fiber_wait_for_event(unsigned short, unsigned short)
 .text._ZN5codal16launch_new_fiberEPFvvES1_
                0x000000000800690e       0x10 .pioenvs/bluepill_f103c8/lib3e7/libcodal-core.a(CodalFiber.o)
                0x000000000800690e                codal::launch_new_fiber(void (*)(), void (*)())
 .text._ZN5codal13release_fiberEPv
                0x000000000800691e       0x12 .pioenvs/bluepill_f103c8/lib3e7/libcodal-core.a(CodalFiber.o)
                0x000000000800691e                codal::release_fiber(void*)
 .text._ZN5codal22launch_new_fiber_paramEPFvPvES2_S0_
                0x0000000008006930       0x1a .pioenvs/bluepill_f103c8/lib3e7/libcodal-core.a(CodalFiber.o)
                0x0000000008006930                codal::launch_new_fiber_param(void (*)(void*), void (*)(void*), void*)
 .text._ZN5codal9idle_taskEv
                0x000000000800694a        0xc .pioenvs/bluepill_f103c8/lib3e7/libcodal-core.a(CodalFiber.o)
                0x000000000800694a                codal::idle_task()
 .text._Z16device_malloc_injR14HeapDefinition
                0x0000000008006956       0x84 .pioenvs/bluepill_f103c8/lib3e7/libcodal-core.a(CodalHeapAllocator.o)
                0x0000000008006956                device_malloc_in(unsigned int, HeapDefinition&)
 .text._ZN5codal8ListenerC2EttPFvNS_5EventEEt
                0x00000000080069da       0x28 .pioenvs/bluepill_f103c8/lib3e7/libcodal-core.a(CodalListener.o)
                0x00000000080069da                codal::Listener::Listener(unsigned short, unsigned short, void (*)(codal::Event), unsigned short)
                0x00000000080069da                codal::Listener::Listener(unsigned short, unsigned short, void (*)(codal::Event), unsigned short)
 .text._ZN5codal8ListenerD2Ev
                0x0000000008006a02       0x14 .pioenvs/bluepill_f103c8/lib3e7/libcodal-core.a(CodalListener.o)
                0x0000000008006a02                codal::Listener::~Listener()
                0x0000000008006a02                codal::Listener::~Listener()
 .text._ZN5codal8Listener5queueENS_5EventE
                0x0000000008006a16       0x5c .pioenvs/bluepill_f103c8/lib3e7/libcodal-core.a(CodalListener.o)
                0x0000000008006a16                codal::Listener::queue(codal::Event)
 .text._ZN5codal6Serial12initialiseRxEv
                0x0000000008006a72       0x4c .pioenvs/bluepill_f103c8/lib3e7/libcodal-core.a(Serial.o)
                0x0000000008006a72                codal::Serial::initialiseRx()
 .text._ZN5codal6Serial12circularCopyEPhhS1_tt
                0x0000000008006abe       0x26 .pioenvs/bluepill_f103c8/lib3e7/libcodal-core.a(Serial.o)
                0x0000000008006abe                codal::Serial::circularCopy(unsigned char*, unsigned char, unsigned char*, unsigned short, unsigned short)
 .text._ZN5codal6Serial7eventOnENS_13ManagedStringENS_10SerialModeE
                0x0000000008006ae4       0x26 .pioenvs/bluepill_f103c8/lib3e7/libcodal-core.a(Serial.o)
                0x0000000008006ae4                codal::Serial::eventOn(codal::ManagedString, codal::SerialMode)
 .text._ZN5codal6Serial9readUntilENS_13ManagedStringENS_10SerialModeE
                0x0000000008006b0a      0x1a6 .pioenvs/bluepill_f103c8/lib3e7/libcodal-core.a(Serial.o)
                0x0000000008006b0a                codal::Serial::readUntil(codal::ManagedString, codal::SerialMode)
 .text._ZN5codal5Timer17disableInterruptsEv
                0x0000000008006cb0        0xa .pioenvs/bluepill_f103c8/lib3e7/libcodal-core.a(Timer.o)
                0x0000000008006cb0                codal::Timer::disableInterrupts()
 .text._ZN5codal5Timer16enableInterruptsEv
                0x0000000008006cba        0xa .pioenvs/bluepill_f103c8/lib3e7/libcodal-core.a(Timer.o)
                0x0000000008006cba                codal::Timer::enableInterrupts()
 .text._ZN5codal5Timer13getTimerEventEv
                0x0000000008006cc4       0x22 .pioenvs/bluepill_f103c8/lib3e7/libcodal-core.a(Timer.o)
                0x0000000008006cc4                codal::Timer::getTimerEvent()
 .text._ZN5codal5Timer17releaseTimerEventEPNS_10TimerEventE
                0x0000000008006ce6        0xe .pioenvs/bluepill_f103c8/lib3e7/libcodal-core.a(Timer.o)
                0x0000000008006ce6                codal::Timer::releaseTimerEvent(codal::TimerEvent*)
 .text._ZN5codal5Timer7getTimeEv
                0x0000000008006cf4        0xe .pioenvs/bluepill_f103c8/lib3e7/libcodal-core.a(Timer.o)
                0x0000000008006cf4                codal::Timer::getTime()
 .text._ZN5codal5Timer9getTimeUsEv
                0x0000000008006d02        0xe .pioenvs/bluepill_f103c8/lib3e7/libcodal-core.a(Timer.o)
                0x0000000008006d02                codal::Timer::getTimeUs()
 .text._ZN5codal5Timer8setEventEmttb
                0x0000000008006d10       0x66 .pioenvs/bluepill_f103c8/lib3e7/libcodal-core.a(Timer.o)
                0x0000000008006d10                codal::Timer::setEvent(unsigned long, unsigned short, unsigned short, bool)
 .text._ZN5codal5Timer12eventEveryUsEmtt
                0x0000000008006d76        0xe .pioenvs/bluepill_f103c8/lib3e7/libcodal-core.a(Timer.o)
                0x0000000008006d76                codal::Timer::eventEveryUs(unsigned long, unsigned short, unsigned short)
 .text._ZN5codal5Timer4syncEm
                0x0000000008006d84       0x24 .pioenvs/bluepill_f103c8/lib3e7/libcodal-core.a(Timer.o)
                0x0000000008006d84                codal::Timer::sync(unsigned long)
 .text._ZN5codal5TimerD2Ev
                0x0000000008006da8        0x2 .pioenvs/bluepill_f103c8/lib3e7/libcodal-core.a(Timer.o)
                0x0000000008006da8                codal::Timer::~Timer()
                0x0000000008006da8                codal::Timer::~Timer()
 .text._ZN5codal10MessageBus9elementAtEi
                0x0000000008006daa       0x10 .pioenvs/bluepill_f103c8/lib3e7/libcodal-core.a(MessageBus.o)
                0x0000000008006daa                codal::MessageBus::elementAt(int)
 .text._ZN5codal22MemberFunctionCallback10methodCallINS_10MessageBusEEEvPvPmNS_5EventE
                0x0000000008006dba       0x30 .pioenvs/bluepill_f103c8/lib3e7/libcodal-core.a(MessageBus.o)
                0x0000000008006dba                void codal::MemberFunctionCallback::methodCall<codal::MessageBus>(void*, unsigned long*, codal::Event)
 .text._Z14async_callbackPv
                0x0000000008006dea       0x7c .pioenvs/bluepill_f103c8/lib3e7/libcodal-core.a(MessageBus.o)
                0x0000000008006dea                async_callback(void*)
 .text._ZThn8_N5codal10MessageBusD1Ev
                0x0000000008006e66        0x8 .pioenvs/bluepill_f103c8/lib3e7/libcodal-core.a(MessageBus.o)
                0x0000000008006e66                non-virtual thunk to codal::MessageBus::~MessageBus()
 .text._ZN5codal10MessageBusD0Ev
                0x0000000008006e6e       0x12 .pioenvs/bluepill_f103c8/lib3e7/libcodal-core.a(MessageBus.o)
                0x0000000008006e6e                codal::MessageBus::~MessageBus()
 .text._ZThn8_N5codal10MessageBusD0Ev
                0x0000000008006e80        0x8 .pioenvs/bluepill_f103c8/lib3e7/libcodal-core.a(MessageBus.o)
                0x0000000008006e80                non-virtual thunk to codal::MessageBus::~MessageBus()
 .text._ZN5codal10MessageBus12dequeueEventEv
                0x0000000008006e88       0x22 .pioenvs/bluepill_f103c8/lib3e7/libcodal-core.a(MessageBus.o)
                0x0000000008006e88                codal::MessageBus::dequeueEvent()
 .text._ZN5codal10MessageBus21deleteMarkedListenersEv
                0x0000000008006eaa       0x42 .pioenvs/bluepill_f103c8/lib3e7/libcodal-core.a(MessageBus.o)
                0x0000000008006eaa                codal::MessageBus::deleteMarkedListeners()
 .text._ZN5codal10MessageBus10queueEventERNS_5EventE
                0x0000000008006eec       0x5e .pioenvs/bluepill_f103c8/lib3e7/libcodal-core.a(MessageBus.o)
                0x0000000008006eec                codal::MessageBus::queueEvent(codal::Event&)
 .text._ZN5codal10MessageBus4sendENS_5EventE
                0x0000000008006f4a       0x16 .pioenvs/bluepill_f103c8/lib3e7/libcodal-core.a(MessageBus.o)
                0x0000000008006f4a                codal::MessageBus::send(codal::Event)
 .text._ZN5codal10MessageBus4idleENS_5EventE
                0x0000000008006f60       0x34 .pioenvs/bluepill_f103c8/lib3e7/libcodal-core.a(MessageBus.o)
                0x0000000008006f60                codal::MessageBus::idle(codal::Event)
 .text._ZN5codal5EventC2Ev
                0x0000000008006f94       0x12 .pioenvs/bluepill_f103c8/lib3e7/libcodal-core.a(Event.o)
                0x0000000008006f94                codal::Event::Event()
                0x0000000008006f94                codal::Event::Event()
 .text._ZN5codal5EventC2EttNS_15EventLaunchModeE
                0x0000000008006fa6       0x1c .pioenvs/bluepill_f103c8/lib3e7/libcodal-core.a(Event.o)
                0x0000000008006fa6                codal::Event::Event(unsigned short, unsigned short, codal::EventLaunchMode)
                0x0000000008006fa6                codal::Event::Event(unsigned short, unsigned short, codal::EventLaunchMode)
 .text._ZN5codal5EventC2EttmNS_15EventLaunchModeE
                0x0000000008006fc2       0x18 .pioenvs/bluepill_f103c8/lib3e7/libcodal-core.a(Event.o)
                0x0000000008006fc2                codal::Event::Event(unsigned short, unsigned short, unsigned long, codal::EventLaunchMode)
                0x0000000008006fc2                codal::Event::Event(unsigned short, unsigned short, unsigned long, codal::EventLaunchMode)
 .text._ZN5codal14EventQueueItemC2ENS_5EventE
                0x0000000008006fda       0x20 .pioenvs/bluepill_f103c8/lib3e7/libcodal-core.a(Event.o)
                0x0000000008006fda                codal::EventQueueItem::EventQueueItem(codal::Event)
                0x0000000008006fda                codal::EventQueueItem::EventQueueItem(codal::Event)
 .text._ZN5codal13ManagedStringD2Ev
                0x0000000008006ffa        0xe .pioenvs/bluepill_f103c8/lib3e7/libcodal-core.a(ManagedString.o)
                0x0000000008006ffa                codal::ManagedString::~ManagedString()
                0x0000000008006ffa                codal::ManagedString::~ManagedString()
 .text._ZN5codal13ManagedString10initStringEPKci
                0x0000000008007008       0x2e .pioenvs/bluepill_f103c8/lib3e7/libcodal-core.a(ManagedString.o)
                0x0000000008007008                codal::ManagedString::initString(char const*, int)
 .text._ZN5codal13ManagedStringC2Ei
                0x0000000008007036       0x22 .pioenvs/bluepill_f103c8/lib3e7/libcodal-core.a(ManagedString.o)
                0x0000000008007036                codal::ManagedString::ManagedString(int)
                0x0000000008007036                codal::ManagedString::ManagedString(int)
 .text._ZN5codal13ManagedStringC2ERKS0_
                0x0000000008007058       0x10 .pioenvs/bluepill_f103c8/lib3e7/libcodal-core.a(ManagedString.o)
                0x0000000008007058                codal::ManagedString::ManagedString(codal::ManagedString const&)
                0x0000000008007058                codal::ManagedString::ManagedString(codal::ManagedString const&)
 .text._ZN5codal13ManagedStringaSERKS0_
                0x0000000008007068       0x1e .pioenvs/bluepill_f103c8/lib3e7/libcodal-core.a(ManagedString.o)
                0x0000000008007068                codal::ManagedString::operator=(codal::ManagedString const&)
 .text._ZN5codal13ManagedString6charAtEs
                0x0000000008007086       0x18 .pioenvs/bluepill_f103c8/lib3e7/libcodal-core.a(ManagedString.o)
                0x0000000008007086                codal::ManagedString::charAt(short)
 .text._ZL16isReadOnlyInlinePN5codal10RefCountedE
                0x000000000800709e       0x22 .pioenvs/bluepill_f103c8/lib3e7/libcodal-core.a(RefCounted.o)
 .text._ZN5codal10RefCounted4incrEv
                0x00000000080070c0       0x12 .pioenvs/bluepill_f103c8/lib3e7/libcodal-core.a(RefCounted.o)
                0x00000000080070c0                codal::RefCounted::incr()
 .text._ZN5codal10RefCounted4decrEv
                0x00000000080070d2       0x22 .pioenvs/bluepill_f103c8/lib3e7/libcodal-core.a(RefCounted.o)
                0x00000000080070d2                codal::RefCounted::decr()
 .text._ZN5codal10RefCounted7destroyEv
                0x00000000080070f4        0x4 .pioenvs/bluepill_f103c8/lib3e7/libcodal-core.a(RefCountedInit.o)
                0x00000000080070f4                codal::RefCounted::destroy()
 .text._ZN5codal10RefCounted4initEv
                0x00000000080070f8        0x6 .pioenvs/bluepill_f103c8/lib3e7/libcodal-core.a(RefCountedInit.o)
                0x00000000080070f8                codal::RefCounted::init()
 .text._ZN5codal14string_reverseEPc
                0x00000000080070fe       0x2a .pioenvs/bluepill_f103c8/lib3e7/libcodal-core.a(CodalCompat.o)
                0x00000000080070fe                codal::string_reverse(char*)
 .text._ZN5codal4itoaEiPc
                0x0000000008007128       0x50 .pioenvs/bluepill_f103c8/lib3e7/libcodal-core.a(CodalCompat.o)
                0x0000000008007128                codal::itoa(int, char*)
 .text._ZN5codal22MemberFunctionCallback4fireENS_5EventE