Archive member included to satisfy reference by file (symbol)

.pioenvs\bluepill_f103c8\lib931\liblogger.a(logger.o)
                              .pioenvs\bluepill_f103c8\src\main.o (debug_flush)
.pioenvs\bluepill_f103c8\liba13\libnewlib.a(strlen.o)
                              .pioenvs\bluepill_f103c8\src\aggregate.o (strlen)
.pioenvs\bluepill_f103c8\liba13\libnewlib.a(strncat.o)
                              .pioenvs\bluepill_f103c8\src\wisol.o (strncat)
.pioenvs\bluepill_f103c8\liba13\libnewlib.a(strncmp.o)
                              .pioenvs\bluepill_f103c8\src\aggregate.o (strncmp)
.pioenvs\bluepill_f103c8\liba13\libnewlib.a(strncpy.o)
                              .pioenvs\bluepill_f103c8\src\aggregate.o (strncpy)
.pioenvs\bluepill_f103c8\liba13\libnewlib.a(strstr.o)
                              .pioenvs\bluepill_f103c8\src\wisol.o (strstr)
.pioenvs\bluepill_f103c8\libc64\libnano-float.a(test.o)
                              .pioenvs\bluepill_f103c8\src\main.o (test_nanofloat)
.pioenvs\bluepill_f103c8\libd0a\libcocoOS_5.0.3.a(os_event.o)
                              .pioenvs\bluepill_f103c8\src\wisol.o (event_create)
.pioenvs\bluepill_f103c8\libd0a\libcocoOS_5.0.3.a(os_kernel.o)
                              .pioenvs\bluepill_f103c8\src\uart.o (running_tid)
.pioenvs\bluepill_f103c8\libd0a\libcocoOS_5.0.3.a(os_msgqueue.o)
                              .pioenvs\bluepill_f103c8\libd0a\libcocoOS_5.0.3.a(os_kernel.o) (os_msgQ_init)
.pioenvs\bluepill_f103c8\libd0a\libcocoOS_5.0.3.a(os_sem.o)
                              .pioenvs\bluepill_f103c8\libd0a\libcocoOS_5.0.3.a(os_kernel.o) (os_sem_init)
.pioenvs\bluepill_f103c8\libd0a\libcocoOS_5.0.3.a(os_task.o)
                              .pioenvs\bluepill_f103c8\libd0a\libcocoOS_5.0.3.a(os_kernel.o) (os_task_init)
.pioenvs\bluepill_f103c8\libd0a\libcocoOS_5.0.3.a(os_assert.o)
                              .pioenvs\bluepill_f103c8\libd0a\libcocoOS_5.0.3.a(os_event.o) (os_on_assert)
.pioenvs\bluepill_f103c8\libd0a\libcocoOS_5.0.3.a(os_cbk.o)
                              .pioenvs\bluepill_f103c8\libd0a\libcocoOS_5.0.3.a(os_kernel.o) (os_cbkSleep)
.pioenvs\bluepill_f103c8\lib24c\libcm.a(CmPin.o)
                              .pioenvs\bluepill_f103c8\src\main.o (codal::_cm::Pin::setDigitalValue(int))
.pioenvs\bluepill_f103c8\lib24c\libcm.a(codal_target_hal.o)
                              .pioenvs\bluepill_f103c8\src\main.o (target_enable_debug)
.pioenvs\bluepill_f103c8\lib635\libcodal-core.a(CodalCompat.o)
                              .pioenvs\bluepill_f103c8\lib24c\libcm.a(codal_target_hal.o) (codal::seed_random(unsigned long))
.pioenvs\bluepill_f103c8\lib635\libcodal-core.a(CodalDmesg.o)
                              .pioenvs\bluepill_f103c8\lib24c\libcm.a(codal_target_hal.o) (codal_dmesg_set_flush_fn)
.pioenvs\bluepill_f103c8\lib635\libcodal-core.a(CodalFiber.o)
                              .pioenvs\bluepill_f103c8\src\main.o (codal::fiber_sleep(unsigned long))
.pioenvs\bluepill_f103c8\lib635\libcodal-core.a(CodalHeapAllocator.o)
                              .pioenvs\bluepill_f103c8\lib24c\libcm.a(codal_target_hal.o) (malloc)
.pioenvs\bluepill_f103c8\lib635\libcodal-core.a(CodalListener.o)
                              .pioenvs\bluepill_f103c8\lib635\libcodal-core.a(CodalFiber.o) (codal::Listener::Listener(unsigned short, unsigned short, void (*)(codal::Event), unsigned short))
.pioenvs\bluepill_f103c8\lib635\libcodal-core.a(Timer.o)
                              .pioenvs\bluepill_f103c8\lib635\libcodal-core.a(CodalFiber.o) (codal::system_timer_current_time())
.pioenvs\bluepill_f103c8\lib635\libcodal-core.a(Event.o)
                              .pioenvs\bluepill_f103c8\lib635\libcodal-core.a(CodalListener.o) (codal::Event::Event())
.pioenvs\bluepill_f103c8\libff7\libbluepill.a(STM32BluePill.o)
                              .pioenvs\bluepill_f103c8\src\main.o (codal::STM32BluePill::init())
.pioenvs\bluepill_f103c8\libff7\libbluepill.a(STM32BluePillIO.o)
                              .pioenvs\bluepill_f103c8\libff7\libbluepill.a(STM32BluePill.o) (codal::STM32BluePillIO::STM32BluePillIO())
.pioenvs\bluepill_f103c8\libff7\libbluepill.a(bluepill.o)
                              .pioenvs\bluepill_f103c8\lib24c\libcm.a(codal_target_hal.o) (platform_setup)
.pioenvs\bluepill_f103c8\libff7\libbluepill.a(led.o)
                              .pioenvs\bluepill_f103c8\libff7\libbluepill.a(bluepill.o) (led_setup)
.pioenvs\bluepill_f103c8\libff7\libbluepill.a(timer.o)
                              .pioenvs\bluepill_f103c8\lib24c\libcm.a(codal_target_hal.o) (platform_start_timer)
.pioenvs\bluepill_f103c8\lib492\libuartint.a(uartint.o)
                              .pioenvs\bluepill_f103c8\src\uart.o (UARTInterface::UARTInterface(unsigned int, unsigned int))
.pioenvs\bluepill_f103c8\libFrameworkLibOpenCM3.a(gpio.o)
                              .pioenvs\bluepill_f103c8\lib24c\libcm.a(CmPin.o) (gpio_set_mode)
.pioenvs\bluepill_f103c8\libFrameworkLibOpenCM3.a(rcc.o)
[...]
Memory Configuration

Name             Origin             Length             Attributes
rom              0x08000000         0x00010000         xr
ram              0x20000000         0x00005000         xrw
*default*        0x00000000         0xffffffff

Linker script and memory map

LOAD asm/CortexContextSwitch.s.o
LOAD .pioenvs\bluepill_f103c8\src\aggregate.o
LOAD .pioenvs\bluepill_f103c8\src\downlink.o
LOAD .pioenvs\bluepill_f103c8\src\main.o
LOAD .pioenvs\bluepill_f103c8\src\sensor.o
LOAD .pioenvs\bluepill_f103c8\src\sensor_display.o
LOAD .pioenvs\bluepill_f103c8\src\uart.o
LOAD .pioenvs\bluepill_f103c8\src\wisol.o
LOAD .pioenvs\bluepill_f103c8\src\wstring.o
START GROUP
LOAD .pioenvs\bluepill_f103c8\lib931\liblogger.a
LOAD .pioenvs\bluepill_f103c8\liba13\libnewlib.a
LOAD .pioenvs\bluepill_f103c8\lib0e4\libunity.a
LOAD .pioenvs\bluepill_f103c8\lib46d\libqfplib.a
LOAD .pioenvs\bluepill_f103c8\libc64\libnano-float.a
LOAD .pioenvs\bluepill_f103c8\libd0a\libcocoOS_5.0.3.a
LOAD .pioenvs\bluepill_f103c8\lib24c\libcm.a
LOAD .pioenvs\bluepill_f103c8\lib635\libcodal-core.a
LOAD .pioenvs\bluepill_f103c8\libff7\libbluepill.a
LOAD .pioenvs\bluepill_f103c8\lib257\libsimulator.a
LOAD .pioenvs\bluepill_f103c8\lib743\libspiint.a
LOAD .pioenvs\bluepill_f103c8\libf2c\libboost_preprocessor.a
LOAD .pioenvs\bluepill_f103c8\lib6b9\libboost_config.a
LOAD .pioenvs\bluepill_f103c8\libd55\libboost_static_assert.a
LOAD .pioenvs\bluepill_f103c8\lib43c\libboost_type_traits.a
LOAD .pioenvs\bluepill_f103c8\lib95e\libboost_assert.a
LOAD .pioenvs\bluepill_f103c8\libb77\libboost_core.a
LOAD .pioenvs\bluepill_f103c8\lib0fe\libboost_utility.a
LOAD .pioenvs\bluepill_f103c8\lib2eb\libboost_predef.a
LOAD .pioenvs\bluepill_f103c8\libffd\libboost_mpl.a
LOAD .pioenvs\bluepill_f103c8\libb93\libboost_detail.a
LOAD .pioenvs\bluepill_f103c8\lib337\libboost_parameter.a
LOAD .pioenvs\bluepill_f103c8\lib3f0\libboost_iterator.a
LOAD .pioenvs\bluepill_f103c8\libcaf\libboost_lockfree.a
LOAD .pioenvs\bluepill_f103c8\lib7c6\libadcint.a
LOAD .pioenvs\bluepill_f103c8\lib492\libuartint.a
LOAD .pioenvs\bluepill_f103c8\lib59a\libi2cint.a
LOAD .pioenvs\bluepill_f103c8\libe9f\libporting.a
LOAD .pioenvs\bluepill_f103c8\lib167\libBME280.a
LOAD .pioenvs\bluepill_f103c8\libFrameworkLibOpenCM3.a
END GROUP

.text           0x08000000     0x41d8
 *(SORT_BY_ALIGNMENT(.vectors))
 .vectors       0x08000000      0x150 .pioenvs\bluepill_f103c8\libFrameworkLibOpenCM3.a(vector.o)
                0x08000000                vector_table
 *(SORT_BY_ALIGNMENT(.text*))
 .text          0x08000150      0x124 asm/CortexContextSwitch.s.o
                0x08000150                swap_context
                0x080001d2                save_context
                0x08000216                save_register_context
                0x08000246                restore_register_context
 .text._Z10debug_dumpv
                0x08000274       0x38 .pioenvs\bluepill_f103c8\src\main.o
                0x08000274                debug_dump()
 .text.startup._GLOBAL__sub_I_serialPort
                0x080002ac       0x10 .pioenvs\bluepill_f103c8\src\uart.o
 .text.enable_log
                0x080002bc       0x18 .pioenvs\bluepill_f103c8\lib931\liblogger.a(logger.o)
                0x080002bc                enable_log
 .text.debug_flush
                0x080002d4       0x38 .pioenvs\bluepill_f103c8\lib931\liblogger.a(logger.o)
                0x080002d4                debug_flush
 .text._ZL12debug_appendPKcj
                0x0800030c       0x50 .pioenvs\bluepill_f103c8\lib931\liblogger.a(logger.o)
 .text._Z11debug_printj
                0x0800035c       0x7c .pioenvs\bluepill_f103c8\lib931\liblogger.a(logger.o)
                0x0800035c                debug_print(unsigned int)
 .text._Z11debug_printi
                0x080003d8       0x30 .pioenvs\bluepill_f103c8\lib931\liblogger.a(logger.o)
                0x080003d8                debug_print(int)
 .text.debug_println
                0x08000408       0x1c .pioenvs\bluepill_f103c8\lib931\liblogger.a(logger.o)
                0x08000408                debug_println
 .text._Z13debug_printlni
                0x08000424       0x18 .pioenvs\bluepill_f103c8\lib931\liblogger.a(logger.o)
                0x08000424                debug_println(int)
 .text._Z13debug_printlnj
                0x0800043c       0x18 .pioenvs\bluepill_f103c8\lib931\liblogger.a(logger.o)
                0x0800043c                debug_println(unsigned int)
 .text.test_sqrt
                0x08000454       0x24 .pioenvs\bluepill_f103c8\libc64\libnano-float.a(test.o)
                0x08000454                test_sqrt
 .text.test_nanofloat
                0x08000478       0x28 .pioenvs\bluepill_f103c8\libc64\libnano-float.a(test.o)
                0x08000478                test_nanofloat
 .text.os_event_init
                0x080004a0        0xc .pioenvs\bluepill_f103c8\libd0a\libcocoOS_5.0.3.a(os_event.o)
                0x080004a0                os_event_init
 .text.os_init  0x080004ac       0x34 .pioenvs\bluepill_f103c8\libd0a\libcocoOS_5.0.3.a(os_kernel.o)
                0x080004ac                os_init
 .text.os_msgQ_init
                0x080004e0       0x24 .pioenvs\bluepill_f103c8\libd0a\libcocoOS_5.0.3.a(os_msgqueue.o)
                0x080004e0                os_msgQ_init
 .text.os_sem_init
                0x08000504        0xc .pioenvs\bluepill_f103c8\libd0a\libcocoOS_5.0.3.a(os_sem.o)
                0x08000504                os_sem_init
 .text.os_task_init
                0x08000510       0x40 .pioenvs\bluepill_f103c8\libd0a\libcocoOS_5.0.3.a(os_task.o)
                0x08000510                os_task_init
 .text._ZN5codal3_cm3Pin14setAnalogValueEi
                0x08000550       0x1c .pioenvs\bluepill_f103c8\lib24c\libcm.a(CmPin.o)
                0x08000550                codal::_cm::Pin::setAnalogValue(int)
 .text._ZN5codal3_cm3Pin13setServoValueEiii
                0x0800056c       0x2c .pioenvs\bluepill_f103c8\lib24c\libcm.a(CmPin.o)
                0x0800056c                codal::_cm::Pin::setServoValue(int, int, int)
 .text._ZN5codal3_cm3Pin9isTouchedEv
                0x08000598        0x8 .pioenvs\bluepill_f103c8\lib24c\libcm.a(CmPin.o)
                0x08000598                codal::_cm::Pin::isTouched()
 .text._ZN5codal3_cm3Pin17getAnalogPeriodUsEv
                0x080005a0        0x8 .pioenvs\bluepill_f103c8\lib24c\libcm.a(CmPin.o)
                0x080005a0                codal::_cm::Pin::getAnalogPeriodUs()
 .text._ZN5codal3_cm3Pin15setDigitalValueEi
                0x080005a8       0x80 .pioenvs\bluepill_f103c8\lib24c\libcm.a(CmPin.o)
                0x080005a8                codal::_cm::Pin::setDigitalValue(int)
 .text._ZN5codal3_cm3PinC2EhmmtNS_13PinCapabilityE
                0x08000628       0x50 .pioenvs\bluepill_f103c8\lib24c\libcm.a(CmPin.o)
                0x08000628                codal::_cm::Pin::Pin(unsigned char, unsigned long, unsigned long, unsigned short, codal::PinCapability)
                0x08000628                codal::_cm::Pin::Pin(unsigned char, unsigned long, unsigned long, unsigned short, codal::PinCapability)
 .text._ZL10timer_tickv
                0x08000678       0x10 .pioenvs\bluepill_f103c8\lib24c\libcm.a(codal_target_hal.o)
 .text._Z25stm32bluepill_dmesg_flushv
                0x08000688       0x38 .pioenvs\bluepill_f103c8\lib24c\libcm.a(codal_target_hal.o)
                0x08000688                stm32bluepill_dmesg_flush()
 .text.target_set_tick_callback
                0x080006c0        0xc .pioenvs\bluepill_f103c8\lib24c\libcm.a(codal_target_hal.o)
                0x080006c0                target_set_tick_callback
 .text.target_init
                0x080006cc       0x34 .pioenvs\bluepill_f103c8\lib24c\libcm.a(codal_target_hal.o)
                0x080006cc                target_init
 .text.target_wait
                0x08000700       0x24 .pioenvs\bluepill_f103c8\lib24c\libcm.a(codal_target_hal.o)
                0x08000700                target_wait
 .text.target_panic
                0x08000724       0x20 .pioenvs\bluepill_f103c8\lib24c\libcm.a(codal_target_hal.o)
                0x08000724                target_panic
 .text.fiber_initial_stack_base
                0x08000744        0x8 .pioenvs\bluepill_f103c8\lib24c\libcm.a(codal_target_hal.o)
                0x08000744                fiber_initial_stack_base
 .text.test_codal
                0x0800074c       0x5c .pioenvs\bluepill_f103c8\lib24c\libcm.a(codal_target_hal.o)
                0x0800074c                test_codal
 .text.codal_dmesg_set_flush_fn
                0x080007a8        0xc .pioenvs\bluepill_f103c8\lib635\libcodal-core.a(CodalDmesg.o)
                0x080007a8                codal_dmesg_set_flush_fn
 .text.codal_dmesg_flush
                0x080007b4       0x10 .pioenvs\bluepill_f103c8\lib635\libcodal-core.a(CodalDmesg.o)
                0x080007b4                codal_dmesg_flush
 .text._ZN5codal10EventModel6listenEiiPFvNS_5EventEEt
                0x080007c4       0x60 .pioenvs\bluepill_f103c8\lib635\libcodal-core.a(CodalFiber.o)
                0x080007c4                codal::EventModel::listen(int, int, void (*)(codal::Event), unsigned short)
 .text._ZN5codal14scheduler_tickENS_5EventE
                0x08000824       0x38 .pioenvs\bluepill_f103c8\lib635\libcodal-core.a(CodalFiber.o)
                0x08000824                codal::scheduler_tick(codal::Event)
 .text._ZN5codal15scheduler_eventENS_5EventE
                0x0800085c       0xc0 .pioenvs\bluepill_f103c8\lib635\libcodal-core.a(CodalFiber.o)
                0x0800085c                codal::scheduler_event(codal::Event)
 .text._Z15getFiberContextv
                0x0800091c       0x50 .pioenvs\bluepill_f103c8\lib635\libcodal-core.a(CodalFiber.o)
                0x0800091c                getFiberContext()
 .text._ZL10handle_fobv
                0x0800096c       0x2c .pioenvs\bluepill_f103c8\lib635\libcodal-core.a(CodalFiber.o)
 .text._ZN5codal23fiber_scheduler_runningEv
                0x08000998       0x10 .pioenvs\bluepill_f103c8\lib635\libcodal-core.a(CodalFiber.o)
                0x08000998                codal::fiber_scheduler_running()
 .text._ZN5codal14scheduler_initERNS_10EventModelE
                0x080009a8       0xac .pioenvs\bluepill_f103c8\lib635\libcodal-core.a(CodalFiber.o)
                0x080009a8                codal::scheduler_init(codal::EventModel&)
 .text._ZN5codal19fiber_wake_on_eventEtt
                0x08000a54       0x5c .pioenvs\bluepill_f103c8\lib635\libcodal-core.a(CodalFiber.o)
                0x08000a54                codal::fiber_wake_on_event(unsigned short, unsigned short)
 .text._Z14__create_fibermmmi
                0x08000ab0       0x64 .pioenvs\bluepill_f103c8\lib635\libcodal-core.a(CodalFiber.o)
                0x08000ab0                __create_fiber(unsigned long, unsigned long, unsigned long, int)
 .text._ZN5codal17verify_stack_sizeEPNS_5FiberE
                0x08000b14       0x44 .pioenvs\bluepill_f103c8\lib635\libcodal-core.a(CodalFiber.o)
                0x08000b14                codal::verify_stack_size(codal::Fiber*)
 .text._ZN5codal24scheduler_runqueue_emptyEv
                0x08000b58       0x10 .pioenvs\bluepill_f103c8\lib635\libcodal-core.a(CodalFiber.o)
                0x08000b58                codal::scheduler_runqueue_empty()
 .text._ZN5codal4idleEv
                0x08000b68       0x3c .pioenvs\bluepill_f103c8\lib635\libcodal-core.a(CodalFiber.o)
                0x08000b68                codal::idle()
 .text._ZN5codal8scheduleEv
                0x08000ba4      0x108 .pioenvs\bluepill_f103c8\lib635\libcodal-core.a(CodalFiber.o)
                0x08000ba4                codal::schedule()
 .text._ZN5codal11fiber_sleepEm
                0x08000cac       0x3c .pioenvs\bluepill_f103c8\lib635\libcodal-core.a(CodalFiber.o)
                0x08000cac                codal::fiber_sleep(unsigned long)
 .text._ZN5codal13release_fiberEv
                0x08000ce8       0x6c .pioenvs\bluepill_f103c8\lib635\libcodal-core.a(CodalFiber.o)
                0x08000ce8                codal::release_fiber()
 .text._ZN5codal6invokeEPFvPvES0_
                0x08000d54       0x80 .pioenvs\bluepill_f103c8\lib635\libcodal-core.a(CodalFiber.o)
                0x08000d54                codal::invoke(void (*)(void*), void*)
 .text._Z18device_create_heapmm
                0x08000dd4       0x3c .pioenvs\bluepill_f103c8\lib635\libcodal-core.a(CodalHeapAllocator.o)
                0x08000dd4                device_create_heap(unsigned long, unsigned long)
 .text.device_malloc
                0x08000e10       0x48 .pioenvs\bluepill_f103c8\lib635\libcodal-core.a(CodalHeapAllocator.o)
                0x08000e10                device_malloc
                0x08000e10                malloc
 .text.device_free
                0x08000e58       0x40 .pioenvs\bluepill_f103c8\lib635\libcodal-core.a(CodalHeapAllocator.o)
                0x08000e58                free
                0x08000e58                device_free
 .text._ZN5codal5TimerC2Ev
                0x08000e98       0x34 .pioenvs\bluepill_f103c8\lib635\libcodal-core.a(Timer.o)
                0x08000e98                codal::Timer::Timer()
                0x08000e98                codal::Timer::Timer()
 .text._ZN5codal25system_timer_current_timeEv
                0x08000ecc       0x10 .pioenvs\bluepill_f103c8\lib635\libcodal-core.a(Timer.o)
                0x08000ecc                codal::system_timer_current_time()
 .text._ZN5codal27system_timer_event_every_usEmtt
                0x08000edc       0x24 .pioenvs\bluepill_f103c8\lib635\libcodal-core.a(Timer.o)
                0x08000edc                codal::system_timer_event_every_us(unsigned long, unsigned short, unsigned short)
 .text._ZN5codal5Event4fireEv
                0x08000f00       0x20 .pioenvs\bluepill_f103c8\lib635\libcodal-core.a(Event.o)
                0x08000f00                codal::Event::fire()
 .text._ZN5codal14CodalComponent4initEv
                0x08000f20        0x8 .pioenvs\bluepill_f103c8\libff7\libbluepill.a(STM32BluePill.o)
                0x08000f20                codal::CodalComponent::init()
 .text._ZN5codal14CodalComponentD2Ev
                0x08000f28       0x18 .pioenvs\bluepill_f103c8\libff7\libbluepill.a(STM32BluePill.o)
                0x08000f28                codal::CodalComponent::~CodalComponent()
                0x08000f28                codal::CodalComponent::~CodalComponent()
 .text._ZN5codal13STM32BluePill4initEv
                0x08000f40       0x4c .pioenvs\bluepill_f103c8\libff7\libbluepill.a(STM32BluePill.o)
                0x08000f40                codal::STM32BluePill::init()
 .text._ZN5codal13STM32BluePillC2Ev
                0x08000f8c       0x98 .pioenvs\bluepill_f103c8\libff7\libbluepill.a(STM32BluePill.o)
                0x08000f8c                codal::STM32BluePill::STM32BluePill()
                0x08000f8c                codal::STM32BluePill::STM32BluePill()
 .text._ZN5codal13STM32BluePillD2Ev
                0x08001024       0x40 .pioenvs\bluepill_f103c8\libff7\libbluepill.a(STM32BluePill.o)
                0x08001024                codal::STM32BluePill::~STM32BluePill()
                0x08001024                codal::STM32BluePill::~STM32BluePill()
 .text._ZN5codal15STM32BluePillIOC2Ev
                0x08001064      0xaf0 .pioenvs\bluepill_f103c8\libff7\libbluepill.a(STM32BluePillIO.o)
                0x08001064                codal::STM32BluePillIO::STM32BluePillIO()
                0x08001064                codal::STM32BluePillIO::STM32BluePillIO()
 .text.platform_setup
                0x08001b54       0x4c .pioenvs\bluepill_f103c8\libff7\libbluepill.a(bluepill.o)
                0x08001b54                platform_setup
 .text.enable_debug
                0x08001ba0       0x10 .pioenvs\bluepill_f103c8\libff7\libbluepill.a(bluepill.o)
                0x08001ba0                enable_debug
 .text.led_setup
                0x08001bb0       0x20 .pioenvs\bluepill_f103c8\libff7\libbluepill.a(led.o)
                0x08001bb0                led_setup
 .text.led_on   0x08001bd0       0x10 .pioenvs\bluepill_f103c8\libff7\libbluepill.a(led.o)
                0x08001bd0                led_on
 .text.led_off  0x08001be0       0x10 .pioenvs\bluepill_f103c8\libff7\libbluepill.a(led.o)
                0x08001be0                led_off
 .text.led_wait
                0x08001bf0       0x10 .pioenvs\bluepill_f103c8\libff7\libbluepill.a(led.o)
                0x08001bf0                led_wait
 .text.platform_start_timer
                0x08001c00       0x7c .pioenvs\bluepill_f103c8\libff7\libbluepill.a(timer.o)
                0x08001c00                platform_start_timer
 .text.rtc_isr  0x08001c7c       0x40 .pioenvs\bluepill_f103c8\libff7\libbluepill.a(timer.o)
                0x08001c7c                rtc_isr
 .text.rtc_alarm_isr
                0x08001cbc       0x20 .pioenvs\bluepill_f103c8\libff7\libbluepill.a(timer.o)
                0x08001cbc                rtc_alarm_isr
 .text.platform_alarm_count
                0x08001cdc        0xc .pioenvs\bluepill_f103c8\libff7\libbluepill.a(timer.o)
                0x08001cdc                platform_alarm_count
 .text.usart2_isr
                0x08001ce8       0x50 .pioenvs\bluepill_f103c8\lib492\libuartint.a(uartint.o)
                0x08001ce8                usart2_isr
 .text.startup._GLOBAL__sub_I__ZN13UARTInterfaceC2Ejj
                0x08001d38       0x10 .pioenvs\bluepill_f103c8\lib492\libuartint.a(uartint.o)
 .text.rcc_osc_on.part.0
                0x08001d48       0x10 .pioenvs\bluepill_f103c8\libFrameworkLibOpenCM3.a(rcc.o)
 .text.rcc_wait_for_osc_ready
                0x08001d58       0x64 .pioenvs\bluepill_f103c8\libFrameworkLibOpenCM3.a(rcc.o)
                0x08001d58                rcc_wait_for_osc_ready
 .text.rcc_osc_on
                0x08001dbc       0x54 .pioenvs\bluepill_f103c8\libFrameworkLibOpenCM3.a(rcc.o)
                0x08001dbc                rcc_osc_on
 .text.rcc_set_sysclk_source
                0x08001e10       0x14 .pioenvs\bluepill_f103c8\libFrameworkLibOpenCM3.a(rcc.o)
                0x08001e10                rcc_set_sysclk_source
 .text.rcc_set_pll_multiplication_factor
                0x08001e24       0x14 .pioenvs\bluepill_f103c8\libFrameworkLibOpenCM3.a(rcc.o)
                0x08001e24                rcc_set_pll_multiplication_factor
 .text.rcc_set_pll_source
                0x08001e38       0x14 .pioenvs\bluepill_f103c8\libFrameworkLibOpenCM3.a(rcc.o)
                0x08001e38                rcc_set_pll_source
 .text.rcc_set_pllxtpre
                0x08001e4c       0x14 .pioenvs\bluepill_f103c8\libFrameworkLibOpenCM3.a(rcc.o)
                0x08001e4c                rcc_set_pllxtpre
 .text.rcc_enable_rtc_clock
                0x08001e60       0x10 .pioenvs\bluepill_f103c8\libFrameworkLibOpenCM3.a(rcc.o)
                0x08001e60                rcc_enable_rtc_clock
 .text.rcc_set_adcpre
                0x08001e70       0x14 .pioenvs\bluepill_f103c8\libFrameworkLibOpenCM3.a(rcc.o)
                0x08001e70                rcc_set_adcpre
 .text.rcc_set_ppre2
                0x08001e84       0x14 .pioenvs\bluepill_f103c8\libFrameworkLibOpenCM3.a(rcc.o)
                0x08001e84                rcc_set_ppre2
 .text.rcc_set_ppre1
                0x08001e98       0x14 .pioenvs\bluepill_f103c8\libFrameworkLibOpenCM3.a(rcc.o)
                0x08001e98                rcc_set_ppre1
 .text.rcc_set_hpre
                0x08001eac       0x14 .pioenvs\bluepill_f103c8\libFrameworkLibOpenCM3.a(rcc.o)
                0x08001eac                rcc_set_hpre
 .text.rcc_clock_setup_in_hse_8mhz_out_72mhz
                0x08001ec0       0x8c .pioenvs\bluepill_f103c8\libFrameworkLibOpenCM3.a(rcc.o)
                0x08001ec0                rcc_clock_setup_in_hse_8mhz_out_72mhz
 .text.rtc_enter_config_mode
                0x08001f4c       0x18 .pioenvs\bluepill_f103c8\libFrameworkLibOpenCM3.a(rtc.o)
                0x08001f4c                rtc_enter_config_mode
 .text.rtc_exit_config_mode
                0x08001f64       0x18 .pioenvs\bluepill_f103c8\libFrameworkLibOpenCM3.a(rtc.o)
                0x08001f64                rtc_exit_config_mode
 .text.rtc_set_alarm_time
                0x08001f7c       0x20 .pioenvs\bluepill_f103c8\libFrameworkLibOpenCM3.a(rtc.o)
                0x08001f7c                rtc_set_alarm_time
 .text.rtc_get_counter_val
                0x08001f9c       0x14 .pioenvs\bluepill_f103c8\libFrameworkLibOpenCM3.a(rtc.o)
                0x08001f9c                rtc_get_counter_val
 .text.rtc_set_counter_val
                0x08001fb0       0x1c .pioenvs\bluepill_f103c8\libFrameworkLibOpenCM3.a(rtc.o)
                0x08001fb0                rtc_set_counter_val
 .text.rtc_interrupt_enable
                0x08001fcc       0x3c .pioenvs\bluepill_f103c8\libFrameworkLibOpenCM3.a(rtc.o)
                0x08001fcc                rtc_interrupt_enable
 .text.rtc_interrupt_disable
                0x08002008       0x3c .pioenvs\bluepill_f103c8\libFrameworkLibOpenCM3.a(rtc.o)
                0x08002008                rtc_interrupt_disable
 .text.rtc_clear_flag
                0x08002044       0x30 .pioenvs\bluepill_f103c8\libFrameworkLibOpenCM3.a(rtc.o)
                0x08002044                rtc_clear_flag
 .text.rtc_check_flag
                0x08002074       0x30 .pioenvs\bluepill_f103c8\libFrameworkLibOpenCM3.a(rtc.o)
                0x08002074                rtc_check_flag
 .text.exti_set_trigger
                0x080020a4       0x3c .pioenvs\bluepill_f103c8\libFrameworkLibOpenCM3.a(exti_common_all.o)
                0x080020a4                exti_set_trigger
 .text.exti_enable_request
                0x080020e0       0x14 .pioenvs\bluepill_f103c8\libFrameworkLibOpenCM3.a(exti_common_all.o)
                0x080020e0                exti_enable_request
 .text.exti_reset_request
                0x080020f4        0xc .pioenvs\bluepill_f103c8\libFrameworkLibOpenCM3.a(exti_common_all.o)
                0x080020f4                exti_reset_request
 .text.flash_set_ws
                0x08002100       0x14 .pioenvs\bluepill_f103c8\libFrameworkLibOpenCM3.a(flash_common_f01.o)
                0x08002100                flash_set_ws
 .text.reset_handler
                0x08002114       0x90 .pioenvs\bluepill_f103c8\libFrameworkLibOpenCM3.a(vector.o)
                0x08002114                reset_handler
 .text.UnityTestResultsBegin
                0x080021a4       0x30 .pioenvs\bluepill_f103c8\lib0e4\libunity.a(unity.o)
 .text.UnityConcludeTest
                0x080021d4       0x44 .pioenvs\bluepill_f103c8\lib0e4\libunity.a(unity.o)
                0x080021d4                UnityConcludeTest
 .text.UnityFail
                0x08002218       0x80 .pioenvs\bluepill_f103c8\lib0e4\libunity.a(unity.o)
                0x08002218                UnityFail
 .text.UnityDefaultTestRun
                0x08002298       0x48 .pioenvs\bluepill_f103c8\lib0e4\libunity.a(unity.o)
                0x08002298                UnityDefaultTestRun
 .text.UnityBegin
                0x080022e0       0x20 .pioenvs\bluepill_f103c8\lib0e4\libunity.a(unity.o)
                0x080022e0                UnityBegin
 .text.UnityEnd
                0x08002300       0x74 .pioenvs\bluepill_f103c8\lib0e4\libunity.a(unity.o)
                0x08002300                UnityEnd
 .text._ZN5codal3_cm3I2CC2ERNS_3PinES3_
                0x08002374       0x1c .pioenvs\bluepill_f103c8\lib24c\libcm.a(CmI2C.o)
                0x08002374                codal::_cm::I2C::I2C(codal::Pin&, codal::Pin&)
                0x08002374                codal::_cm::I2C::I2C(codal::Pin&, codal::Pin&)
 .text._ZN5codal3_cm3SPI4initEv
                0x08002390       0x5c .pioenvs\bluepill_f103c8\lib24c\libcm.a(CmSPI.o)
                0x08002390                codal::_cm::SPI::init()
 .text._ZN5codal3_cm3SPIC2ERNS0_3PinES3_S3_S3_
                0x080023ec       0x9c .pioenvs\bluepill_f103c8\lib24c\libcm.a(CmSPI.o)
                0x080023ec                codal::_cm::SPI::SPI(codal::_cm::Pin&, codal::_cm::Pin&, codal::_cm::Pin&, codal::_cm::Pin&)
                0x080023ec                codal::_cm::SPI::SPI(codal::_cm::Pin&, codal::_cm::Pin&, codal::_cm::Pin&, codal::_cm::Pin&)
 .text._ZN5codal3_cm6SerialD2Ev
                0x08002488       0x14 .pioenvs\bluepill_f103c8\lib24c\libcm.a(CmSerial.o)
                0x08002488                codal::_cm::Serial::~Serial()
                0x08002488                codal::_cm::Serial::~Serial()
 .text._ZN5codal3_cm6SerialC2ERNS0_3PinES3_hh
                0x0800249c       0x4c .pioenvs\bluepill_f103c8\lib24c\libcm.a(CmSerial.o)
                0x0800249c                codal::_cm::Serial::Serial(codal::_cm::Pin&, codal::_cm::Pin&, unsigned char, unsigned char)
                0x0800249c                codal::_cm::Serial::Serial(codal::_cm::Pin&, codal::_cm::Pin&, unsigned char, unsigned char)
 .text._ZN5codal3_cm13tick_callbackEv
                0x080024e8       0x10 .pioenvs\bluepill_f103c8\lib24c\libcm.a(CmTimer.o)
                0x080024e8                codal::_cm::tick_callback()
 .text._ZN5codal3_cm5Timer4initEv
                0x080024f8       0x18 .pioenvs\bluepill_f103c8\lib24c\libcm.a(CmTimer.o)
                0x080024f8                codal::_cm::Timer::init()
 .text._ZN5codal3_cm5TimerC2Ev
                0x08002510       0x28 .pioenvs\bluepill_f103c8\lib24c\libcm.a(CmTimer.o)
                0x08002510                codal::_cm::Timer::Timer()
                0x08002510                codal::_cm::Timer::Timer()
 .text.pinmap_peripheral
                0x08002538       0x30 .pioenvs\bluepill_f103c8\lib24c\libcm.a(CmPinMap.o)
                0x08002538                pinmap_peripheral
 .text.pinmap_mode
                0x08002568       0x2c .pioenvs\bluepill_f103c8\lib24c\libcm.a(CmPinMap.o)
                0x08002568                pinmap_mode
 .text.pinmap_cnf
                0x08002594       0x2c .pioenvs\bluepill_f103c8\lib24c\libcm.a(CmPinMap.o)
                0x08002594                pinmap_cnf
 .text._Z18component_callbackN5codal5EventE
                0x080025c0       0x58 .pioenvs\bluepill_f103c8\lib635\libcodal-core.a(CodalComponent.o)
                0x080025c0                component_callback(codal::Event)
 .text._ZN5codal14CodalComponent12addComponentEv
                0x08002618       0x70 .pioenvs\bluepill_f103c8\lib635\libcodal-core.a(CodalComponent.o)
                0x08002618                codal::CodalComponent::addComponent()
 .text._ZN5codal14CodalComponent15removeComponentEv
                0x08002688       0x20 .pioenvs\bluepill_f103c8\lib635\libcodal-core.a(CodalComponent.o)
                0x08002688                codal::CodalComponent::removeComponent()
 .text._ZN5codal3I2CC2ERNS_3PinES2_
                0x080026a8        0xc .pioenvs\bluepill_f103c8\lib635\libcodal-core.a(I2C.o)
                0x080026a8                codal::I2C::I2C(codal::Pin&, codal::Pin&)
                0x080026a8                codal::I2C::I2C(codal::Pin&, codal::Pin&)
 .text._ZN5codal6SerialC2ERNS_3PinES2_hht
                0x080026b4       0x5c .pioenvs\bluepill_f103c8\lib635\libcodal-core.a(Serial.o)
                0x080026b4                codal::Serial::Serial(codal::Pin&, codal::Pin&, unsigned char, unsigned char, unsigned short)
                0x080026b4                codal::Serial::Serial(codal::Pin&, codal::Pin&, unsigned char, unsigned char, unsigned short)
 .text._ZN5codal6SerialD2Ev
                0x08002710       0x1c .pioenvs\bluepill_f103c8\lib635\libcodal-core.a(Serial.o)
                0x08002710                codal::Serial::~Serial()
                0x08002710                codal::Serial::~Serial()
 .text._ZN5codal10EventModel4sendENS_5EventE
                0x0800272c       0x14 .pioenvs\bluepill_f103c8\lib635\libcodal-core.a(MessageBus.o)
                0x0800272c                codal::EventModel::send(codal::Event)
 .text._ZN5codal10EventModel3addEPNS_8ListenerE
                0x08002740        0x8 .pioenvs\bluepill_f103c8\lib635\libcodal-core.a(MessageBus.o)
                0x08002740                codal::EventModel::add(codal::Listener*)
 .text._ZN5codal10EventModel6removeEPNS_8ListenerE
                0x08002748        0x8 .pioenvs\bluepill_f103c8\lib635\libcodal-core.a(MessageBus.o)
                0x08002748                codal::EventModel::remove(codal::Listener*)
 .text._ZN5codal10MessageBus6removeEPNS_8ListenerE
                0x08002750       0x70 .pioenvs\bluepill_f103c8\lib635\libcodal-core.a(MessageBus.o)
                0x08002750                codal::MessageBus::remove(codal::Listener*)
 .text._ZN5codal10MessageBus3addEPNS_8ListenerE
                0x080027c0       0xbc .pioenvs\bluepill_f103c8\lib635\libcodal-core.a(MessageBus.o)
                0x080027c0                codal::MessageBus::add(codal::Listener*)
 .text._ZN5codal10MessageBusD2Ev
                0x0800287c       0x78 .pioenvs\bluepill_f103c8\lib635\libcodal-core.a(MessageBus.o)
                0x0800287c                codal::MessageBus::~MessageBus()
                0x0800287c                codal::MessageBus::~MessageBus()
 .text._ZN5codal10MessageBusC2Ev
                0x080028f4       0xa8 .pioenvs\bluepill_f103c8\lib635\libcodal-core.a(MessageBus.o)
                0x080028f4                codal::MessageBus::MessageBus()
                0x080028f4                codal::MessageBus::MessageBus()
 .text._ZN5codal10MessageBus7processERNS_5EventEb
                0x0800299c       0x84 .pioenvs\bluepill_f103c8\lib635\libcodal-core.a(MessageBus.o)
                0x0800299c                codal::MessageBus::process(codal::Event&, bool)
 .text._ZN5codal19allocateNotifyEventEv
                0x08002a20       0x10 .pioenvs\bluepill_f103c8\lib635\libcodal-core.a(MessageBus.o)
                0x08002a20                codal::allocateNotifyEvent()
 .text._ZN5codal13ManagedStringC2EPKcs
                0x08002a30       0x34 .pioenvs\bluepill_f103c8\lib635\libcodal-core.a(ManagedString.o)
                0x08002a30                codal::ManagedString::ManagedString(char const*, short)
                0x08002a30                codal::ManagedString::ManagedString(char const*, short)
 .text._ZN5codal13ManagedStringC2Ev
                0x08002a64        0xc .pioenvs\bluepill_f103c8\lib635\libcodal-core.a(ManagedString.o)
                0x08002a64                codal::ManagedString::ManagedString()
                0x08002a64                codal::ManagedString::ManagedString()
 .text.startup._GLOBAL__sub_I__ZN5codal13ManagedString9initEmptyEv
                0x08002a70       0x2c .pioenvs\bluepill_f103c8\lib635\libcodal-core.a(ManagedString.o)
 .text._Z10Blink_mainRN5codal13STM32BluePillE
                0x08002a9c       0x30 .pioenvs\bluepill_f103c8\src\main.o
                0x08002a9c                Blink_main(codal::STM32BluePill&)
 .text.startup.main
                0x08002acc       0x26 .pioenvs\bluepill_f103c8\src\main.o
                0x08002acc                main
 .text.debug_print
                0x08002af2       0x1a .pioenvs\bluepill_f103c8\lib931\liblogger.a(logger.o)
                0x08002af2                debug_print
 .text.strlen   0x08002b0c       0x10 .pioenvs\bluepill_f103c8\liba13\libnewlib.a(strlen.o)
                0x08002b0c                strlen
 .text.strncat  0x08002b1c       0x28 .pioenvs\bluepill_f103c8\liba13\libnewlib.a(strncat.o)
                0x08002b1c                strncat
 .text._ZN5codal3Pin15setServoPulseUsEm
                0x08002b44        0x6 .pioenvs\bluepill_f103c8\lib24c\libcm.a(CmPin.o)
                0x08002b44                codal::Pin::setServoPulseUs(unsigned long)
 .text._ZN5codal3Pin17setAnalogPeriodUsEm
                0x08002b4a        0x6 .pioenvs\bluepill_f103c8\lib24c\libcm.a(CmPin.o)
                0x08002b4a                codal::Pin::setAnalogPeriodUs(unsigned long)
 .text._ZN5codal3Pin8drainPinEv
                0x08002b50        0x6 .pioenvs\bluepill_f103c8\lib24c\libcm.a(CmPin.o)
                0x08002b50                codal::Pin::drainPin()
 .text._ZN5codal3_cm3Pin15getDigitalValueEv
                0x08002b56        0x4 .pioenvs\bluepill_f103c8\lib24c\libcm.a(CmPin.o)
                0x08002b56                codal::_cm::Pin::getDigitalValue()
 .text._ZN5codal3_cm3Pin15getDigitalValueENS_8PullModeE
                0x08002b5a       0x16 .pioenvs\bluepill_f103c8\lib24c\libcm.a(CmPin.o)
                0x08002b5a                codal::_cm::Pin::getDigitalValue(codal::PullMode)
 .text._ZN5codal3_cm3Pin14getAnalogValueEv
                0x08002b70        0x4 .pioenvs\bluepill_f103c8\lib24c\libcm.a(CmPin.o)
                0x08002b70                codal::_cm::Pin::getAnalogValue()
 .text._ZN5codal3_cm3Pin7isInputEv
                0x08002b74        0xe .pioenvs\bluepill_f103c8\lib24c\libcm.a(CmPin.o)
                0x08002b74                codal::_cm::Pin::isInput()
 .text._ZN5codal3_cm3Pin8isOutputEv
                0x08002b82        0xe .pioenvs\bluepill_f103c8\lib24c\libcm.a(CmPin.o)
                0x08002b82                codal::_cm::Pin::isOutput()
 .text._ZN5codal3_cm3Pin9isDigitalEv
                0x08002b90        0xc .pioenvs\bluepill_f103c8\lib24c\libcm.a(CmPin.o)
                0x08002b90                codal::_cm::Pin::isDigital()
 .text._ZN5codal3_cm3Pin8isAnalogEv
                0x08002b9c        0xe .pioenvs\bluepill_f103c8\lib24c\libcm.a(CmPin.o)
                0x08002b9c                codal::_cm::Pin::isAnalog()
 .text._ZN5codal3_cm3Pin15getAnalogPeriodEv
                0x08002baa       0x12 .pioenvs\bluepill_f103c8\lib24c\libcm.a(CmPin.o)
                0x08002baa                codal::_cm::Pin::getAnalogPeriod()
 .text._ZN5codal3_cm3Pin7setPullENS_8PullModeE
                0x08002bbc        0x6 .pioenvs\bluepill_f103c8\lib24c\libcm.a(CmPin.o)
                0x08002bbc                codal::_cm::Pin::setPull(codal::PullMode)
 .text._ZN5codal3_cm3Pin5setupEhh
                0x08002bc2       0x1e .pioenvs\bluepill_f103c8\lib24c\libcm.a(CmPin.o)
                0x08002bc2                codal::_cm::Pin::setup(unsigned char, unsigned char)
 .text._ZN5codal3_cm3Pin17setAnalogPeriodUsEi
                0x08002be0       0x12 .pioenvs\bluepill_f103c8\lib24c\libcm.a(CmPin.o)
                0x08002be0                codal::_cm::Pin::setAnalogPeriodUs(int)
 .text._ZN5codal3_cm3Pin15setAnalogPeriodEi
                0x08002bf2        0xa .pioenvs\bluepill_f103c8\lib24c\libcm.a(CmPin.o)
                0x08002bf2                codal::_cm::Pin::setAnalogPeriod(int)
 .text._ZN5codal3_cm3Pin13disableEventsEv
                0x08002bfc       0x10 .pioenvs\bluepill_f103c8\lib24c\libcm.a(CmPin.o)
                0x08002bfc                codal::_cm::Pin::disableEvents()
 .text._ZN5codal3_cm3Pin7eventOnEi
                0x08002c0c       0x26 .pioenvs\bluepill_f103c8\lib24c\libcm.a(CmPin.o)
                0x08002c0c                codal::_cm::Pin::eventOn(int)
 .text.target_enable_debug
                0x08002c32        0x4 .pioenvs\bluepill_f103c8\lib24c\libcm.a(codal_target_hal.o)
                0x08002c32                target_enable_debug
 .text.target_enable_irq
                0x08002c36        0x4 .pioenvs\bluepill_f103c8\lib24c\libcm.a(codal_target_hal.o)
                0x08002c36                target_enable_irq
 .text.target_disable_irq
                0x08002c3a        0x4 .pioenvs\bluepill_f103c8\lib24c\libcm.a(codal_target_hal.o)
                0x08002c3a                target_disable_irq
 .text.target_wait_for_event
                0x08002c3e        0xa .pioenvs\bluepill_f103c8\lib24c\libcm.a(codal_target_hal.o)
                0x08002c3e                target_wait_for_event
 .text.tcb_allocate
                0x08002c48        0x6 .pioenvs\bluepill_f103c8\lib24c\libcm.a(codal_target_hal.o)
                0x08002c48                tcb_allocate
 .text.tcb_configure_lr
                0x08002c4e        0x4 .pioenvs\bluepill_f103c8\lib24c\libcm.a(codal_target_hal.o)
                0x08002c4e                tcb_configure_lr
 .text.tcb_configure_sp
                0x08002c52        0x4 .pioenvs\bluepill_f103c8\lib24c\libcm.a(codal_target_hal.o)
                0x08002c52                tcb_configure_sp
 .text.tcb_configure_stack_base
                0x08002c56        0x4 .pioenvs\bluepill_f103c8\lib24c\libcm.a(codal_target_hal.o)
                0x08002c56                tcb_configure_stack_base
 .text.tcb_get_stack_base
                0x08002c5a        0x4 .pioenvs\bluepill_f103c8\lib24c\libcm.a(codal_target_hal.o)
                0x08002c5a                tcb_get_stack_base
 .text.get_current_sp
                0x08002c5e        0x4 .pioenvs\bluepill_f103c8\lib24c\libcm.a(codal_target_hal.o)
                0x08002c5e                get_current_sp
 .text.tcb_get_sp
                0x08002c62        0x4 .pioenvs\bluepill_f103c8\lib24c\libcm.a(codal_target_hal.o)
                0x08002c62                tcb_get_sp
 .text.tcb_configure_args
                0x08002c66        0x8 .pioenvs\bluepill_f103c8\lib24c\libcm.a(codal_target_hal.o)
                0x08002c66                tcb_configure_args
 .text._fini    0x08002c6e        0x2 .pioenvs\bluepill_f103c8\lib24c\libcm.a(codal_target_hal.o)
                0x08002c6e                _fini
 .text.__aeabi_atexit
                0x08002c70        0x4 .pioenvs\bluepill_f103c8\lib24c\libcm.a(codal_target_hal.o)
                0x08002c70                __aeabi_atexit
 .text._ZN5codal14string_reverseEPc
                0x08002c74       0x2a .pioenvs\bluepill_f103c8\lib635\libcodal-core.a(CodalCompat.o)
                0x08002c74                codal::string_reverse(char*)
 .text._ZN5codal4itoaEiPc
                0x08002c9e       0x50 .pioenvs\bluepill_f103c8\lib635\libcodal-core.a(CodalCompat.o)
                0x08002c9e                codal::itoa(int, char*)
 .text._ZN5codal11queue_fiberEPNS_5FiberEPS1_
                0x08002cee       0x2e .pioenvs\bluepill_f103c8\lib635\libcodal-core.a(CodalFiber.o)
                0x08002cee                codal::queue_fiber(codal::Fiber*, codal::Fiber**)
 .text._ZN5codal13dequeue_fiberEPNS_5FiberE
                0x08002d1c       0x34 .pioenvs\bluepill_f103c8\lib635\libcodal-core.a(CodalFiber.o)
                0x08002d1c                codal::dequeue_fiber(codal::Fiber*)
 .text._ZN5codal12create_fiberEPFvPvES0_S2_
                0x08002d50       0x1e .pioenvs\bluepill_f103c8\lib635\libcodal-core.a(CodalFiber.o)
                0x08002d50                codal::create_fiber(void (*)(void*), void*, void (*)(void*))
 .text._ZN5codal20fiber_wait_for_eventEtt
                0x08002d6e       0x12 .pioenvs\bluepill_f103c8\lib635\libcodal-core.a(CodalFiber.o)
                0x08002d6e                codal::fiber_wait_for_event(unsigned short, unsigned short)
 .text._ZN5codal16launch_new_fiberEPFvvES1_
                0x08002d80       0x10 .pioenvs\bluepill_f103c8\lib635\libcodal-core.a(CodalFiber.o)
                0x08002d80                codal::launch_new_fiber(void (*)(), void (*)())
 .text._ZN5codal13release_fiberEPv
                0x08002d90       0x12 .pioenvs\bluepill_f103c8\lib635\libcodal-core.a(CodalFiber.o)
                0x08002d90                codal::release_fiber(void*)
 .text._ZN5codal22launch_new_fiber_paramEPFvPvES2_S0_
                0x08002da2       0x1a .pioenvs\bluepill_f103c8\lib635\libcodal-core.a(CodalFiber.o)
                0x08002da2                codal::launch_new_fiber_param(void (*)(void*), void (*)(void*), void*)
 .text._ZN5codal9idle_taskEv
                0x08002dbc        0xc .pioenvs\bluepill_f103c8\lib635\libcodal-core.a(CodalFiber.o)
                0x08002dbc                codal::idle_task()
 .text._Z16device_malloc_injR14HeapDefinition
                0x08002dc8       0x84 .pioenvs\bluepill_f103c8\lib635\libcodal-core.a(CodalHeapAllocator.o)
                0x08002dc8                device_malloc_in(unsigned int, HeapDefinition&)
 .text._ZN5codal8ListenerC2EttPFvNS_5EventEEt
                0x08002e4c       0x28 .pioenvs\bluepill_f103c8\lib635\libcodal-core.a(CodalListener.o)
                0x08002e4c                codal::Listener::Listener(unsigned short, unsigned short, void (*)(codal::Event), unsigned short)
                0x08002e4c                codal::Listener::Listener(unsigned short, unsigned short, void (*)(codal::Event), unsigned short)
 .text._ZN5codal8ListenerD2Ev
                0x08002e74       0x14 .pioenvs\bluepill_f103c8\lib635\libcodal-core.a(CodalListener.o)
                0x08002e74                codal::Listener::~Listener()
                0x08002e74                codal::Listener::~Listener()
 .text._ZN5codal8Listener5queueENS_5EventE
                0x08002e88       0x5c .pioenvs\bluepill_f103c8\lib635\libcodal-core.a(CodalListener.o)
                0x08002e88                codal::Listener::queue(codal::Event)
 .text._ZN5codal5Timer17disableInterruptsEv
                0x08002ee4        0xa .pioenvs\bluepill_f103c8\lib635\libcodal-core.a(Timer.o)
                0x08002ee4                codal::Timer::disableInterrupts()
 .text._ZN5codal5Timer16enableInterruptsEv
                0x08002eee        0xa .pioenvs\bluepill_f103c8\lib635\libcodal-core.a(Timer.o)
                0x08002eee                codal::Timer::enableInterrupts()
 .text._ZN5codal5Timer13getTimerEventEv
                0x08002ef8       0x22 .pioenvs\bluepill_f103c8\lib635\libcodal-core.a(Timer.o)
                0x08002ef8                codal::Timer::getTimerEvent()
 .text._ZN5codal5Timer17releaseTimerEventEPNS_10TimerEventE
                0x08002f1a        0xe .pioenvs\bluepill_f103c8\lib635\libcodal-core.a(Timer.o)
                0x08002f1a                codal::Timer::releaseTimerEvent(codal::TimerEvent*)
 .text._ZN5codal5Timer7getTimeEv
                0x08002f28        0xe .pioenvs\bluepill_f103c8\lib635\libcodal-core.a(Timer.o)
                0x08002f28                codal::Timer::getTime()
 .text._ZN5codal5Timer9getTimeUsEv
                0x08002f36        0xe .pioenvs\bluepill_f103c8\lib635\libcodal-core.a(Timer.o)
                0x08002f36                codal::Timer::getTimeUs()
 .text._ZN5codal5Timer8setEventEmttb
                0x08002f44       0x66 .pioenvs\bluepill_f103c8\lib635\libcodal-core.a(Timer.o)
                0x08002f44                codal::Timer::setEvent(unsigned long, unsigned short, unsigned short, bool)
 .text._ZN5codal5Timer12eventEveryUsEmtt
                0x08002faa        0xe .pioenvs\bluepill_f103c8\lib635\libcodal-core.a(Timer.o)
                0x08002faa                codal::Timer::eventEveryUs(unsigned long, unsigned short, unsigned short)
 .text._ZN5codal5Timer4syncEm
                0x08002fb8       0x24 .pioenvs\bluepill_f103c8\lib635\libcodal-core.a(Timer.o)
                0x08002fb8                codal::Timer::sync(unsigned long)
 .text._ZN5codal5Timer7triggerEv
                0x08002fdc       0x92 .pioenvs\bluepill_f103c8\lib635\libcodal-core.a(Timer.o)
                0x08002fdc                codal::Timer::trigger()
 .text._ZN5codal5TimerD2Ev
                0x0800306e        0x2 .pioenvs\bluepill_f103c8\lib635\libcodal-core.a(Timer.o)
                0x0800306e                codal::Timer::~Timer()
                0x0800306e                codal::Timer::~Timer()
 .text._ZN5codal5EventC2Ev
                0x08003070       0x12 .pioenvs\bluepill_f103c8\lib635\libcodal-core.a(Event.o)
                0x08003070                codal::Event::Event()
                0x08003070                codal::Event::Event()
 .text._ZN5codal5EventC2EttNS_15EventLaunchModeE
                0x08003082       0x1c .pioenvs\bluepill_f103c8\lib635\libcodal-core.a(Event.o)
                0x08003082                codal::Event::Event(unsigned short, unsigned short, codal::EventLaunchMode)
                0x08003082                codal::Event::Event(unsigned short, unsigned short, codal::EventLaunchMode)
 .text._ZN5codal5EventC2EttmNS_15EventLaunchModeE
                0x0800309e       0x18 .pioenvs\bluepill_f103c8\lib635\libcodal-core.a(Event.o)
                0x0800309e                codal::Event::Event(unsigned short, unsigned short, unsigned long, codal::EventLaunchMode)
                0x0800309e                codal::Event::Event(unsigned short, unsigned short, unsigned long, codal::EventLaunchMode)
 .text._ZN5codal14EventQueueItemC2ENS_5EventE
                0x080030b6       0x20 .pioenvs\bluepill_f103c8\lib635\libcodal-core.a(Event.o)
                0x080030b6                codal::EventQueueItem::EventQueueItem(codal::Event)
                0x080030b6                codal::EventQueueItem::EventQueueItem(codal::Event)
 .text._ZN5codal14CodalComponent16periodicCallbackEv
                0x080030d6        0x2 .pioenvs\bluepill_f103c8\libff7\libbluepill.a(STM32BluePill.o)
                0x080030d6                codal::CodalComponent::periodicCallback()
 .text._ZN5codal14CodalComponent12idleCallbackEv
                0x080030d8        0x2 .pioenvs\bluepill_f103c8\libff7\libbluepill.a(STM32BluePill.o)
                0x080030d8                codal::CodalComponent::idleCallback()
 .text._ZN5codal13STM32BluePill16periodicCallbackEv
                0x080030da        0x2 .pioenvs\bluepill_f103c8\libff7\libbluepill.a(STM32BluePill.o)
                0x080030da                codal::STM32BluePill::periodicCallback()
 .text._ZN5codal14CodalComponentD0Ev
                0x080030dc       0x12 .pioenvs\bluepill_f103c8\libff7\libbluepill.a(STM32BluePill.o)
                0x080030dc                codal::CodalComponent::~CodalComponent()
 .text._ZN5codal13STM32BluePill12idleCallbackEv
                0x080030ee        0x4 .pioenvs\bluepill_f103c8\libff7\libbluepill.a(STM32BluePill.o)
                0x080030ee                codal::STM32BluePill::idleCallback()
 .text._ZN5codal13STM32BluePillD0Ev
                0x080030f2       0x12 .pioenvs\bluepill_f103c8\libff7\libbluepill.a(STM32BluePill.o)
                0x080030f2                codal::STM32BluePill::~STM32BluePill()
 .text.__cxa_pure_virtual
                0x08003104        0x8 .pioenvs\bluepill_f103c8\libff7\libbluepill.a(bluepill.o)
                0x08003104                __cxa_pure_virtual
 .text._Znwj    0x0800310c        0x4 .pioenvs\bluepill_f103c8\libff7\libbluepill.a(bluepill.o)
                0x0800310c                operator new(unsigned int)
 .text._ZdlPv   0x08003110        0x4 .pioenvs\bluepill_f103c8\libff7\libbluepill.a(bluepill.o)
                0x08003110                operator delete(void*)
 .text.millis   0x08003114        0x4 .pioenvs\bluepill_f103c8\libff7\libbluepill.a(timer.o)
                0x08003114                millis
 .text._ZN13UARTInterfaceC2Ejj
                0x08003118        0x2 .pioenvs\bluepill_f103c8\lib492\libuartint.a(uartint.o)
                0x08003118                UARTInterface::UARTInterface(unsigned int, unsigned int)
                0x08003118                UARTInterface::UARTInterface(unsigned int, unsigned int)
 .text.gpio_set_mode
                0x0800311a       0x62 .pioenvs\bluepill_f103c8\libFrameworkLibOpenCM3.a(gpio.o)
                0x0800311a                gpio_set_mode
 .text.gpio_set
                0x0800317c        0x4 .pioenvs\bluepill_f103c8\libFrameworkLibOpenCM3.a(gpio_common_all.o)
                0x0800317c                gpio_set
 .text.gpio_clear
                0x08003180        0x6 .pioenvs\bluepill_f103c8\libFrameworkLibOpenCM3.a(gpio_common_all.o)
                0x08003180                gpio_clear
 .text.usart_recv
                0x08003186        0x8 .pioenvs\bluepill_f103c8\libFrameworkLibOpenCM3.a(usart_common_f124.o)
                0x08003186                usart_recv
 .text.rcc_periph_clock_enable
                0x0800318e       0x1a .pioenvs\bluepill_f103c8\libFrameworkLibOpenCM3.a(rcc_common_all.o)
                0x0800318e                rcc_periph_clock_enable
 .text.blocking_handler
                0x080031a8        0x2 .pioenvs\bluepill_f103c8\libFrameworkLibOpenCM3.a(vector.o)
                0x080031a8                usart3_isr
                0x080031a8                tim7_isr
                0x080031a8                adc1_2_isr
                0x080031a8                tim1_trg_com_isr
                0x080031a8                usb_hp_can_tx_isr
                0x080031a8                tim6_isr
                0x080031a8                usb_wakeup_isr
                0x080031a8                blocking_handler
                0x080031a8                tim5_isr
                0x080031a8                otg_fs_isr
                0x080031a8                spi1_isr
                0x080031a8                exti2_isr
                0x080031a8                dma1_channel6_isr
                0x080031a8                can_rx1_isr
                0x080031a8                dma1_channel5_isr
                0x080031a8                dma2_channel5_isr
                0x080031a8                usart1_isr
                0x080031a8                usage_fault_handler
                0x080031a8                tim8_trg_com_isr
                0x080031a8                can2_rx0_isr
                0x080031a8                tim1_brk_isr
                0x080031a8                can2_rx1_isr
                0x080031a8                tim1_cc_isr
                0x080031a8                sdio_isr
                0x080031a8                eth_isr
                0x080031a8                dma1_channel4_isr
                0x080031a8                tim8_brk_isr
                0x080031a8                dma2_channel4_5_isr
                0x080031a8                pvd_isr
                0x080031a8                rcc_isr
                0x080031a8                flash_isr
                0x080031a8                uart4_isr
                0x080031a8                exti15_10_isr
                0x080031a8                hard_fault_handler
                0x080031a8                exti1_isr
                0x080031a8                i2c1_ev_isr
                0x080031a8                dma2_channel1_isr
                0x080031a8                spi2_isr
                0x080031a8                tim8_up_isr
                0x080031a8                dma2_channel2_isr
                0x080031a8                exti3_isr
                0x080031a8                adc3_isr
                0x080031a8                tim3_isr
                0x080031a8                usb_lp_can_rx0_isr
                0x080031a8                i2c2_er_isr
                0x080031a8                i2c2_ev_isr
                0x080031a8                uart5_isr
                0x080031a8                fsmc_isr
                0x080031a8                dma1_channel1_isr
                0x080031a8                exti4_isr
                0x080031a8                mem_manage_handler
                0x080031a8                can2_tx_isr
                0x080031a8                exti9_5_isr
                0x080031a8                dma2_channel3_isr
                0x080031a8                dma1_channel7_isr
                0x080031a8                tim1_up_isr
                0x080031a8                can2_sce_isr
                0x080031a8                tim4_isr
                0x080031a8                dma1_channel2_isr
                0x080031a8                i2c1_er_isr
                0x080031a8                can_sce_isr
                0x080031a8                tim8_cc_isr
                0x080031a8                tamper_isr
                0x080031a8                eth_wkup_isr
                0x080031a8                bus_fault_handler
                0x080031a8                wwdg_isr
                0x080031a8                dma1_channel3_isr
                0x080031a8                spi3_isr
                0x080031a8                tim2_isr
                0x080031a8                exti0_isr
 .text.null_handler
                0x080031aa        0x2 .pioenvs\bluepill_f103c8\libFrameworkLibOpenCM3.a(vector.o)
                0x080031aa                sv_call_handler
                0x080031aa                pend_sv_handler
                0x080031aa                debug_monitor_handler
                0x080031aa                sys_tick_handler
                0x080031aa                nmi_handler
                0x080031aa                null_handler
 .text.nvic_enable_irq
                0x080031ac       0x1a .pioenvs\bluepill_f103c8\libFrameworkLibOpenCM3.a(nvic.o)
                0x080031ac                nvic_enable_irq
 .text.memcpy   0x080031c6       0x1c .pioenvs\bluepill_f103c8\liba13\libnewlib.a(memcpy.o)
                0x080031c6                memcpy
 .text.memset   0x080031e2       0x10 .pioenvs\bluepill_f103c8\liba13\libnewlib.a(memset.o)
                0x080031e2                memset
 .text.setUp    0x080031f2        0x2 .pioenvs\bluepill_f103c8\lib0e4\libunity.a(unity.o)
                0x080031f2                setUp
 .text.tearDown
                0x080031f4        0x2 .pioenvs\bluepill_f103c8\lib0e4\libunity.a(unity.o)
                0x080031f4                tearDown
 .text.UnityPrintNumberUnsigned
                0x080031f6       0x34 .pioenvs\bluepill_f103c8\lib0e4\libunity.a(unity.o)
                0x080031f6                UnityPrintNumberUnsigned
 .text.UnityPrintNumber
                0x0800322a       0x18 .pioenvs\bluepill_f103c8\lib0e4\libunity.a(unity.o)
                0x0800322a                UnityPrintNumber
 .text.UnityPrintNumberHex
                0x08003242       0x2e .pioenvs\bluepill_f103c8\lib0e4\libunity.a(unity.o)
                0x08003242                UnityPrintNumberHex
 .text.UnityPrint.part.0
                0x08003270       0x4c .pioenvs\bluepill_f103c8\lib0e4\libunity.a(unity.o)
 .text.UnityPrint
                0x080032bc        0x8 .pioenvs\bluepill_f103c8\lib0e4\libunity.a(unity.o)
                0x080032bc                UnityPrint
 .text._ZN5codal3_cm3I2C12setFrequencyEm
                0x080032c4        0x4 .pioenvs\bluepill_f103c8\lib24c\libcm.a(CmI2C.o)
                0x080032c4                codal::_cm::I2C::setFrequency(unsigned long)
 .text._ZN5codal3_cm3I2C5writeEtPhib
                0x080032c8        0x4 .pioenvs\bluepill_f103c8\lib24c\libcm.a(CmI2C.o)
                0x080032c8                codal::_cm::I2C::write(unsigned short, unsigned char*, int, bool)
                0x080032c8                codal::_cm::I2C::read(unsigned short, unsigned char*, int, bool)
 .text._ZN5codal3_cm3I2C12readRegisterEthPhib
                0x080032cc        0x4 .pioenvs\bluepill_f103c8\lib24c\libcm.a(CmI2C.o)
                0x080032cc                codal::_cm::I2C::readRegister(unsigned short, unsigned char, unsigned char*, int, bool)
 .text._ZN5codal3_cm3SPI12setFrequencyEm
                0x080032d0        0xc .pioenvs\bluepill_f103c8\lib24c\libcm.a(CmSPI.o)
                0x080032d0                codal::_cm::SPI::setFrequency(unsigned long)
 .text._ZN5codal3_cm3SPI5writeEi
                0x080032dc        0xe .pioenvs\bluepill_f103c8\lib24c\libcm.a(CmSPI.o)
                0x080032dc                codal::_cm::SPI::write(int)
 .text._ZN5codal3_cm3SPI8transferEPKhmPhm
                0x080032ea        0x4 .pioenvs\bluepill_f103c8\lib24c\libcm.a(CmSPI.o)
                0x080032ea                codal::_cm::SPI::transfer(unsigned char const*, unsigned long, unsigned char*, unsigned long)
 .text._ZN5codal3_cm3SPI7setModeEii
                0x080032ee       0x18 .pioenvs\bluepill_f103c8\lib24c\libcm.a(CmSPI.o)
                0x080032ee                codal::_cm::SPI::setMode(int, int)
 .text._ZN5codal3_cm16_codal_setup_pinEPNS0_3PinEmPK6PinMap
                0x08003306       0x54 .pioenvs\bluepill_f103c8\lib24c\libcm.a(CmSPI.o)
                0x08003306                codal::_cm::_codal_setup_pin(codal::_cm::Pin*, unsigned long, PinMap const*)
 .text._ZN5codal3_cm3SPI13startTransferEPKhmPhmPFvPvES5_
                0x0800335a       0x28 .pioenvs\bluepill_f103c8\lib24c\libcm.a(CmSPI.o)
                0x0800335a                codal::_cm::SPI::startTransfer(unsigned char const*, unsigned long, unsigned char*, unsigned long, void (*)(void*), void*)
 .text._ZN5codal3_cm6Serial15enableInterruptENS_19SerialInterruptTypeE
                0x08003382        0x4 .pioenvs\bluepill_f103c8\lib24c\libcm.a(CmSerial.o)
                0x08003382                codal::_cm::Serial::enableInterrupt(codal::SerialInterruptType)
 .text._ZN5codal3_cm6Serial16disableInterruptENS_19SerialInterruptTypeE
                0x08003386        0x4 .pioenvs\bluepill_f103c8\lib24c\libcm.a(CmSerial.o)
                0x08003386                codal::_cm::Serial::disableInterrupt(codal::SerialInterruptType)
 .text._ZN5codal3_cm6Serial11setBaudrateEm
                0x0800338a        0x4 .pioenvs\bluepill_f103c8\lib24c\libcm.a(CmSerial.o)
                0x0800338a                codal::_cm::Serial::setBaudrate(unsigned long)
 .text._ZN5codal3_cm6Serial13configurePinsERNS_3PinES3_
                0x0800338e        0x4 .pioenvs\bluepill_f103c8\lib24c\libcm.a(CmSerial.o)
                0x0800338e                codal::_cm::Serial::configurePins(codal::Pin&, codal::Pin&)
 .text._ZN5codal3_cm6Serial4putcEc
                0x08003392        0x4 .pioenvs\bluepill_f103c8\lib24c\libcm.a(CmSerial.o)
                0x08003392                codal::_cm::Serial::putc(char)
 .text._ZN5codal3_cm6Serial4getcEv
                0x08003396        0x6 .pioenvs\bluepill_f103c8\lib24c\libcm.a(CmSerial.o)
                0x08003396                codal::_cm::Serial::getc()
 .text._ZN5codal3_cm6SerialD0Ev
                0x0800339c       0x12 .pioenvs\bluepill_f103c8\lib24c\libcm.a(CmSerial.o)
                0x0800339c                codal::_cm::Serial::~Serial()
 .text._ZN5codal3_cm6Serial12initialiseRxEv
                0x080033ae       0x38 .pioenvs\bluepill_f103c8\lib24c\libcm.a(CmSerial.o)
                0x080033ae                codal::_cm::Serial::initialiseRx()
 .text._ZN5codal3_cm6Serial12circularCopyEPhhS2_tt
                0x080033e6       0x26 .pioenvs\bluepill_f103c8\lib24c\libcm.a(CmSerial.o)
                0x080033e6                codal::_cm::Serial::circularCopy(unsigned char*, unsigned char, unsigned char*, unsigned short, unsigned short)
 .text._ZN5codal3_cm6Serial7eventOnENS_13ManagedStringENS_10SerialModeE
                0x0800340c       0x24 .pioenvs\bluepill_f103c8\lib24c\libcm.a(CmSerial.o)
                0x0800340c                codal::_cm::Serial::eventOn(codal::ManagedString, codal::SerialMode)
 .text._ZN5codal3_cm6Serial9readUntilENS_13ManagedStringENS_10SerialModeE
                0x08003430      0x1a6 .pioenvs\bluepill_f103c8\lib24c\libcm.a(CmSerial.o)
                0x08003430                codal::_cm::Serial::readUntil(codal::ManagedString, codal::SerialMode)
 .text._ZN5codal3_cm5Timer9triggerInEm
                0x080035d6        0x2 .pioenvs\bluepill_f103c8\lib24c\libcm.a(CmTimer.o)
                0x080035d6                codal::_cm::Timer::triggerIn(unsigned long)
 .text._ZN5codal3_cm5Timer11syncRequestEv
                0x080035d8       0x26 .pioenvs\bluepill_f103c8\lib24c\libcm.a(CmTimer.o)
                0x080035d8                codal::_cm::Timer::syncRequest()
 .text._ZN5codal3I2C12setFrequencyEm
                0x080035fe        0x6 .pioenvs\bluepill_f103c8\lib635\libcodal-core.a(I2C.o)
                0x080035fe                codal::I2C::setFrequency(unsigned long)
 .text._ZN5codal3I2C5startEv
                0x08003604        0x6 .pioenvs\bluepill_f103c8\lib635\libcodal-core.a(I2C.o)
                0x08003604                codal::I2C::start()
                0x08003604                codal::I2C::stop()
 .text._ZN5codal3I2C5writeEh
                0x0800360a        0x6 .pioenvs\bluepill_f103c8\lib635\libcodal-core.a(I2C.o)
                0x0800360a                codal::I2C::write(unsigned char)
                0x0800360a                codal::I2C::read(codal::AcknowledgeType)
 .text._ZN5codal3I2C13writeRegisterEthh
                0x08003610       0x1c .pioenvs\bluepill_f103c8\lib635\libcodal-core.a(I2C.o)
                0x08003610                codal::I2C::writeRegister(unsigned short, unsigned char, unsigned char)
 .text._ZN5codal3I2C5writeEtPhib
                0x0800362c       0x50 .pioenvs\bluepill_f103c8\lib635\libcodal-core.a(I2C.o)
                0x0800362c                codal::I2C::write(unsigned short, unsigned char*, int, bool)
 .text._ZN5codal3I2C4readEtPhib
                0x0800367c       0x64 .pioenvs\bluepill_f103c8\lib635\libcodal-core.a(I2C.o)
                0x0800367c                codal::I2C::read(unsigned short, unsigned char*, int, bool)
 .text._ZN5codal3I2C5writeEth
                0x080036e0       0x1c .pioenvs\bluepill_f103c8\lib635\libcodal-core.a(I2C.o)
                0x080036e0                codal::I2C::write(unsigned short, unsigned char)
 .text._ZN5codal3I2C12readRegisterEthPhib
                0x080036fc       0x42 .pioenvs\bluepill_f103c8\lib635\libcodal-core.a(I2C.o)
                0x080036fc                codal::I2C::readRegister(unsigned short, unsigned char, unsigned char*, int, bool)
 .text._ZN5codal6Serial12initialiseRxEv
                0x0800373e       0x4c .pioenvs\bluepill_f103c8\lib635\libcodal-core.a(Serial.o)
                0x0800373e                codal::Serial::initialiseRx()
 .text._ZN5codal6Serial12circularCopyEPhhS1_tt
                0x0800378a       0x26 .pioenvs\bluepill_f103c8\lib635\libcodal-core.a(Serial.o)
                0x0800378a                codal::Serial::circularCopy(unsigned char*, unsigned char, unsigned char*, unsigned short, unsigned short)
 .text._ZN5codal6Serial7eventOnENS_13ManagedStringENS_10SerialModeE
                0x080037b0       0x26 .pioenvs\bluepill_f103c8\lib635\libcodal-core.a(Serial.o)
                0x080037b0                codal::Serial::eventOn(codal::ManagedString, codal::SerialMode)
 .text._ZN5codal6Serial9readUntilENS_13ManagedStringENS_10SerialModeE
                0x080037d6      0x1a6 .pioenvs\bluepill_f103c8\lib635\libcodal-core.a(Serial.o)
                0x080037d6                codal::Serial::readUntil(codal::ManagedString, codal::SerialMode)
 .text._ZN5codal10MessageBus9elementAtEi
                0x0800397c       0x10 .pioenvs\bluepill_f103c8\lib635\libcodal-core.a(MessageBus.o)
                0x0800397c                codal::MessageBus::elementAt(int)
 .text._ZN5codal22MemberFunctionCallback10methodCallINS_10MessageBusEEEvPvPmNS_5EventE
                0x0800398c       0x30 .pioenvs\bluepill_f103c8\lib635\libcodal-core.a(MessageBus.o)
                0x0800398c                void codal::MemberFunctionCallback::methodCall<codal::MessageBus>(void*, unsigned long*, codal::Event)
 .text._Z14async_callbackPv
                0x080039bc       0x7c .pioenvs\bluepill_f103c8\lib635\libcodal-core.a(MessageBus.o)
                0x080039bc                async_callback(void*)
 .text._ZThn8_N5codal10MessageBusD1Ev
                0x08003a38        0x8 .pioenvs\bluepill_f103c8\lib635\libcodal-core.a(MessageBus.o)
                0x08003a38                non-virtual thunk to codal::MessageBus::~MessageBus()
 .text._ZN5codal10MessageBusD0Ev
                0x08003a40       0x12 .pioenvs\bluepill_f103c8\lib635\libcodal-core.a(MessageBus.o)
                0x08003a40                codal::MessageBus::~MessageBus()
 .text._ZThn8_N5codal10MessageBusD0Ev
                0x08003a52        0x8 .pioenvs\bluepill_f103c8\lib635\libcodal-core.a(MessageBus.o)
                0x08003a52                non-virtual thunk to codal::MessageBus::~MessageBus()
 .text._ZN5codal10MessageBus12dequeueEventEv
                0x08003a5a       0x22 .pioenvs\bluepill_f103c8\lib635\libcodal-core.a(MessageBus.o)
                0x08003a5a                codal::MessageBus::dequeueEvent()
 .text._ZN5codal10MessageBus21deleteMarkedListenersEv
                0x08003a7c       0x42 .pioenvs\bluepill_f103c8\lib635\libcodal-core.a(MessageBus.o)
                0x08003a7c                codal::MessageBus::deleteMarkedListeners()
 .text._ZN5codal10MessageBus10queueEventERNS_5EventE
                0x08003abe       0x5e .pioenvs\bluepill_f103c8\lib635\libcodal-core.a(MessageBus.o)
                0x08003abe                codal::MessageBus::queueEvent(codal::Event&)
 .text._ZN5codal10MessageBus4sendENS_5EventE
                0x08003b1c       0x16 .pioenvs\bluepill_f103c8\lib635\libcodal-core.a(MessageBus.o)
                0x08003b1c                codal::MessageBus::send(codal::Event)
 .text._ZN5codal10MessageBus4idleENS_5EventE
                0x08003b32       0x34 .pioenvs\bluepill_f103c8\lib635\libcodal-core.a(MessageBus.o)
                0x08003b32                codal::MessageBus::idle(codal::Event)
 .text._ZN5codal13ManagedStringD2Ev
                0x08003b66        0xe .pioenvs\bluepill_f103c8\lib635\libcodal-core.a(ManagedString.o)
                0x08003b66                codal::ManagedString::~ManagedString()
                0x08003b66                codal::ManagedString::~ManagedString()
 .text._ZN5codal13ManagedString10initStringEPKci
                0x08003b74       0x2e .pioenvs\bluepill_f103c8\lib635\libcodal-core.a(ManagedString.o)
                0x08003b74                codal::ManagedString::initString(char const*, int)
 .text._ZN5codal13ManagedStringC2Ei
                0x08003ba2       0x22 .pioenvs\bluepill_f103c8\lib635\libcodal-core.a(ManagedString.o)
                0x08003ba2                codal::ManagedString::ManagedString(int)
                0x08003ba2                codal::ManagedString::ManagedString(int)
 .text._ZN5codal13ManagedStringC2ERKS0_
                0x08003bc4       0x10 .pioenvs\bluepill_f103c8\lib635\libcodal-core.a(ManagedString.o)
                0x08003bc4                codal::ManagedString::ManagedString(codal::ManagedString const&)
                0x08003bc4                codal::ManagedString::ManagedString(codal::ManagedString const&)
 .text._ZN5codal13ManagedStringaSERKS0_
                0x08003bd4       0x1e .pioenvs\bluepill_f103c8\lib635\libcodal-core.a(ManagedString.o)
                0x08003bd4                codal::ManagedString::operator=(codal::ManagedString const&)
 .text._ZN5codal13ManagedString6charAtEs
                0x08003bf2       0x18 .pioenvs\bluepill_f103c8\lib635\libcodal-core.a(ManagedString.o)
                0x08003bf2                codal::ManagedString::charAt(short)
 .text._ZL16isReadOnlyInlinePN5codal10RefCountedE
                0x08003c0a       0x22 .pioenvs\bluepill_f103c8\lib635\libcodal-core.a(RefCounted.o)
 .text._ZN5codal10RefCounted4incrEv
                0x08003c2c       0x12 .pioenvs\bluepill_f103c8\lib635\libcodal-core.a(RefCounted.o)
                0x08003c2c                codal::RefCounted::incr()
 .text._ZN5codal10RefCounted4decrEv
                0x08003c3e       0x22 .pioenvs\bluepill_f103c8\lib635\libcodal-core.a(RefCounted.o)
                0x08003c3e                codal::RefCounted::decr()
 .text._ZN5codal10RefCounted7destroyEv
                0x08003c60        0x4 .pioenvs\bluepill_f103c8\lib635\libcodal-core.a(RefCountedInit.o)
                0x08003c60                codal::RefCounted::destroy()
 .text._ZN5codal10RefCounted4initEv
                0x08003c64        0x6 .pioenvs\bluepill_f103c8\lib635\libcodal-core.a(RefCountedInit.o)
                0x08003c64                codal::RefCounted::init()
 .text._ZN5codal22MemberFunctionCallback4fireENS_5EventE
                0x08003c6a       0x18 .pioenvs\bluepill_f103c8\lib635\libcodal-core.a(MemberFunctionCallback.o)
                0x08003c6a                codal::MemberFunctionCallback::fire(codal::Event)
 .text._ZN5codal22MemberFunctionCallbackeqERKS0_
                0x08003c82       0x20 .pioenvs\bluepill_f103c8\lib635\libcodal-core.a(MemberFunctionCallback.o)
                0x08003c82                codal::MemberFunctionCallback::operator==(codal::MemberFunctionCallback const&)
 .text.memcmp   0x08003ca2       0x1e .pioenvs\bluepill_f103c8\liba13\libnewlib.a(memcmp.o)
                0x08003ca2                memcmp
                0x08003cc0                . = ALIGN (0x4)
 *(SORT_BY_ALIGNMENT(.rodata*))
 .rodata._ZTVN5codal3_cm3PinE
                0x08003cc0       0x54 .pioenvs\bluepill_f103c8\lib24c\libcm.a(CmPin.o)
                0x08003cc0                vtable for codal::_cm::Pin
 .rodata._ZTVN5codal5TimerE
                0x08003d14       0x18 .pioenvs\bluepill_f103c8\lib635\libcodal-core.a(Timer.o)
                0x08003d14                vtable for codal::Timer
 .rodata._ZTVN5codal14CodalComponentE
                0x08003d2c       0x1c .pioenvs\bluepill_f103c8\libff7\libbluepill.a(STM32BluePill.o)
                0x08003d2c                vtable for codal::CodalComponent
 .rodata._ZTVN5codal13STM32BluePillE
                0x08003d48       0x1c .pioenvs\bluepill_f103c8\libff7\libbluepill.a(STM32BluePill.o)
                0x08003d48                vtable for codal::STM32BluePill
 .rodata.PinMap_SPI_MISO
                0x08003d64       0x48 .pioenvs\bluepill_f103c8\libff7\libbluepill.a(STM32BluePillIO.o)
                0x08003d64                PinMap_SPI_MISO
 .rodata.PinMap_SPI_MOSI
                0x08003dac       0x48 .pioenvs\bluepill_f103c8\libff7\libbluepill.a(STM32BluePillIO.o)
                0x08003dac                PinMap_SPI_MOSI
 .rodata.PinMap_SPI_NSS
                0x08003df4       0x48 .pioenvs\bluepill_f103c8\libff7\libbluepill.a(STM32BluePillIO.o)
                0x08003df4                PinMap_SPI_NSS
 .rodata.PinMap_SPI_SCK
                0x08003e3c       0x48 .pioenvs\bluepill_f103c8\libff7\libbluepill.a(STM32BluePillIO.o)
                0x08003e3c                PinMap_SPI_SCK
 .rodata._ZTVN5codal3_cm3I2CE
                0x08003e84       0x2c .pioenvs\bluepill_f103c8\lib24c\libcm.a(CmI2C.o)
                0x08003e84                vtable for codal::_cm::I2C
 .rodata._ZTVN5codal3_cm3SPIE
                0x08003eb0       0x1c .pioenvs\bluepill_f103c8\lib24c\libcm.a(CmSPI.o)
                0x08003eb0                vtable for codal::_cm::SPI
 .rodata._ZTVN5codal3_cm6SerialE
                0x08003ecc       0x38 .pioenvs\bluepill_f103c8\lib24c\libcm.a(CmSerial.o)
                0x08003ecc                vtable for codal::_cm::Serial
 .rodata._ZTVN5codal3_cm5TimerE
                0x08003f04       0x18 .pioenvs\bluepill_f103c8\lib24c\libcm.a(CmTimer.o)
                0x08003f04                vtable for codal::_cm::Timer
 .rodata._ZTVN5codal3I2CE
                0x08003f1c       0x2c .pioenvs\bluepill_f103c8\lib635\libcodal-core.a(I2C.o)
                0x08003f1c                vtable for codal::I2C
 .rodata._ZTVN5codal6SerialE
                0x08003f48       0x38 .pioenvs\bluepill_f103c8\lib635\libcodal-core.a(Serial.o)
                0x08003f48                vtable for codal::Serial
 .rodata._ZTVN5codal10EventModelE
                0x08003f80       0x14 .pioenvs\bluepill_f103c8\lib635\libcodal-core.a(MessageBus.o)
                0x08003f80                vtable for codal::EventModel
 .rodata._ZTVN5codal10MessageBusE
                0x08003f94       0x3c .pioenvs\bluepill_f103c8\lib635\libcodal-core.a(MessageBus.o)
                0x08003f94                vtable for codal::MessageBus
 .rodata._ZL9emptyData
                0x08003fd0        0x4 .pioenvs\bluepill_f103c8\lib635\libcodal-core.a(ManagedString.o)
 .rodata._Z10debug_dumpv.str1.1
                0x08003fd4        0xc .pioenvs\bluepill_f103c8\src\main.o
                                  0xd (size before relaxing)
 .rodata._Z11debug_printi.str1.1
                0x08003fe0        0x4 .pioenvs\bluepill_f103c8\lib931\liblogger.a(logger.o)
 .rodata._Z11debug_printj.str1.1
                0x08003fe4        0xb .pioenvs\bluepill_f103c8\lib931\liblogger.a(logger.o)
 .rodata.debug_println.str1.1
                0x08003fef        0x2 .pioenvs\bluepill_f103c8\lib931\liblogger.a(logger.o)
 .rodata.test_nanofloat.str1.1
                0x08003ff1       0x24 .pioenvs\bluepill_f103c8\libc64\libnano-float.a(test.o)
 .rodata._ZN5codal3_cm3Pin15setDigitalValueEi.str1.1
                0x08004015       0x42 .pioenvs\bluepill_f103c8\lib24c\libcm.a(CmPin.o)
 .rodata._ZN5codal3_cm3PinC2EhmmtNS_13PinCapabilityE.str1.1
                0x08004057        0xa .pioenvs\bluepill_f103c8\lib24c\libcm.a(CmPin.o)
 .rodata._ZN5codal3_cm3PinC2Ei7PinNameNS_13PinCapabilityE.str1.1
                0x08004061        0xf .pioenvs\bluepill_f103c8\lib24c\libcm.a(CmPin.o)
                                 0x17 (size before relaxing)
 .rodata.target_panic.str1.1
                0x08004070       0x13 .pioenvs\bluepill_f103c8\lib24c\libcm.a(codal_target_hal.o)
 .rodata.target_wait.str1.1
                0x08004083       0x10 .pioenvs\bluepill_f103c8\lib24c\libcm.a(codal_target_hal.o)
 .rodata.test_codal.str1.1
                0x08004093       0x2d .pioenvs\bluepill_f103c8\lib24c\libcm.a(codal_target_hal.o)
 .rodata.platform_setup.str1.1
                0x080040c0       0x13 .pioenvs\bluepill_f103c8\libff7\libbluepill.a(bluepill.o)
 .rodata.UnityStrBreaker
                0x080040d3       0x18 .pioenvs\bluepill_f103c8\lib0e4\libunity.a(unity.o)
 .rodata.UnityStrDetail1Name
                0x080040eb        0xa .pioenvs\bluepill_f103c8\lib0e4\libunity.a(unity.o)
 .rodata.UnityStrDetail2Name
                0x080040f5        0xb .pioenvs\bluepill_f103c8\lib0e4\libunity.a(unity.o)
 .rodata.UnityStrErrDouble
                0x08004100       0x20 .pioenvs\bluepill_f103c8\lib0e4\libunity.a(unity.o)
                0x08004100                UnityStrErrDouble
 .rodata.UnityStrFail
                0x08004120        0x5 .pioenvs\bluepill_f103c8\lib0e4\libunity.a(unity.o)
 .rodata.UnityStrOk
                0x08004125        0x3 .pioenvs\bluepill_f103c8\lib0e4\libunity.a(unity.o)
 .rodata.UnityStrPass
                0x08004128        0x5 .pioenvs\bluepill_f103c8\lib0e4\libunity.a(unity.o)
 .rodata.UnityStrResultsFailures
                0x0800412d        0xb .pioenvs\bluepill_f103c8\lib0e4\libunity.a(unity.o)
 .rodata.UnityStrResultsIgnored
                0x08004138        0xa .pioenvs\bluepill_f103c8\lib0e4\libunity.a(unity.o)
 .rodata.UnityStrResultsTests
                0x08004142        0x8 .pioenvs\bluepill_f103c8\lib0e4\libunity.a(unity.o)
 .rodata.UnityStrSpacer
                0x0800414a        0x3 .pioenvs\bluepill_f103c8\lib0e4\libunity.a(unity.o)
 .rodata._ZN5codal3_cm3SPI4initEv.str1.1
                0x0800414d       0x10 .pioenvs\bluepill_f103c8\lib24c\libcm.a(CmSPI.o)
 .rodata._ZN5codal3_cm3SPIC2ERNS0_3PinES3_S3_.str1.1
                0x0800415d       0x22 .pioenvs\bluepill_f103c8\lib24c\libcm.a(CmSPI.o)
                                 0x23 (size before relaxing)
 .rodata._ZN5codal3_cm3SPIC2ERNS0_3PinES3_S3_S3_.str1.1
                0x0800417f        0x6 .pioenvs\bluepill_f103c8\lib24c\libcm.a(CmSPI.o)
                                 0x10 (size before relaxing)
 .rodata.pinmap_cnf.str1.1
                0x08004185       0x19 .pioenvs\bluepill_f103c8\lib24c\libcm.a(CmPinMap.o)
 .rodata.pinmap_mode.str1.1
                0x0800419e       0x1a .pioenvs\bluepill_f103c8\lib24c\libcm.a(CmPinMap.o)
 .rodata.pinmap_peripheral.str1.1
                0x080041b8       0x20 .pioenvs\bluepill_f103c8\lib24c\libcm.a(CmPinMap.o)
                0x080041d8                . = ALIGN (0x4)

.glue_7         0x080041d8        0x0
 .glue_7        0x080041d8        0x0 linker stubs

.glue_7t        0x080041d8        0x0
 .glue_7t       0x080041d8        0x0 linker stubs

.vfp11_veneer   0x080041d8        0x0
 .vfp11_veneer  0x080041d8        0x0 linker stubs

.v4_bx          0x080041d8        0x0
 .v4_bx         0x080041d8        0x0 linker stubs

.iplt           0x080041d8        0x0
 .iplt          0x080041d8        0x0 asm/CortexContextSwitch.s.o

.rel.dyn        0x080041d8        0x0
 .rel.iplt      0x080041d8        0x0 asm/CortexContextSwitch.s.o

.preinit_array  0x080041d8        0x0
                0x080041d8                . = ALIGN (0x4)
                0x080041d8                __preinit_array_start = .
 *(SORT_BY_ALIGNMENT(.preinit_array))
                0x080041d8                __preinit_array_end = .

.init_array     0x080041d8        0xc
                0x080041d8                . = ALIGN (0x4)
                0x080041d8                __init_array_start = .
 *(SORT_BY_NAME(SORT_BY_ALIGNMENT(.init_array.*)))
 *(SORT_BY_ALIGNMENT(.init_array))
 .init_array    0x080041d8        0x4 .pioenvs\bluepill_f103c8\src\uart.o
 .init_array    0x080041dc        0x4 .pioenvs\bluepill_f103c8\lib492\libuartint.a(uartint.o)
 .init_array    0x080041e0        0x4 .pioenvs\bluepill_f103c8\lib635\libcodal-core.a(ManagedString.o)
                0x080041e4                __init_array_end = .

.fini_array     0x080041e4        0x0
                0x080041e4                . = ALIGN (0x4)
                0x080041e4                __fini_array_start = .
 *(SORT_BY_ALIGNMENT(.fini_array))
 *(SORT_BY_NAME(SORT_BY_ALIGNMENT(.fini_array.*)))
                0x080041e4                __fini_array_end = .

.ARM.extab
 *(SORT_BY_ALIGNMENT(.ARM.extab*))

.ARM.exidx      0x080041e4        0x0
                0x080041e4                __exidx_start = .
 *(SORT_BY_ALIGNMENT(.ARM.exidx*))
                0x080041e4                __exidx_end = .
                0x080041e4                . = ALIGN (0x4)
                0x080041e4                _etext = .

.data           0x20000000       0x14 load address 0x080041e4
                0x20000000                _data = .
 *(SORT_BY_ALIGNMENT(.data*))
 .data.codal_heap_start
                0x20000000        0x4 .pioenvs\bluepill_f103c8\lib24c\libcm.a(codal_target_hal.o)
                0x20000000                codal_heap_start
 .data.rcc_ahb_frequency
                0x20000004        0x4 .pioenvs\bluepill_f103c8\libFrameworkLibOpenCM3.a(rcc.o)
                0x20000004                rcc_ahb_frequency
 .data.rcc_apb1_frequency
                0x20000008        0x4 .pioenvs\bluepill_f103c8\libFrameworkLibOpenCM3.a(rcc.o)
                0x20000008                rcc_apb1_frequency
 .data.rcc_apb2_frequency
                0x2000000c        0x4 .pioenvs\bluepill_f103c8\libFrameworkLibOpenCM3.a(rcc.o)
                0x2000000c                rcc_apb2_frequency
 .data._ZL12userNotifyId
                0x20000010        0x2 .pioenvs\bluepill_f103c8\lib635\libcodal-core.a(MessageBus.o)
                0x20000014                . = ALIGN (0x4)
 *fill*         0x20000012        0x2 
                0x20000014                _edata = .
                0x080041e4                _data_loadaddr = LOADADDR (.data)

.igot.plt       0x20000014        0x0 load address 0x080041f8
 .igot.plt      0x20000014        0x0 asm/CortexContextSwitch.s.o

.bss            0x20000014      0x754 load address 0x080041f8
 *(SORT_BY_ALIGNMENT(.bss*))
 .bss.msgQList  0x20000014       0x20 .pioenvs\bluepill_f103c8\libd0a\libcocoOS_5.0.3.a(os_msgqueue.o)
 .bss.task_list
                0x20000034       0x8c .pioenvs\bluepill_f103c8\libd0a\libcocoOS_5.0.3.a(os_task.o)
 .bss._ZL13tick_callback
                0x200000c0        0x4 .pioenvs\bluepill_f103c8\lib24c\libcm.a(codal_target_hal.o)
 .bss.__dso_handle
                0x200000c4        0x4 .pioenvs\bluepill_f103c8\lib24c\libcm.a(codal_target_hal.o)
                0x200000c4                __dso_handle
 .bss._ZL14dmesg_flush_fn
                0x200000c8        0x4 .pioenvs\bluepill_f103c8\lib635\libcodal-core.a(CodalDmesg.o)
 .bss.codalLogStore
                0x200000cc      0x404 .pioenvs\bluepill_f103c8\lib635\libcodal-core.a(CodalDmesg.o)
                0x200000cc                codalLogStore
 .bss._ZN5codal12currentFiberE
                0x200004d0        0x4 .pioenvs\bluepill_f103c8\lib635\libcodal-core.a(CodalFiber.o)
                0x200004d0                codal::currentFiber
 .bss._ZN5codalL10messageBusE
                0x200004d4        0x4 .pioenvs\bluepill_f103c8\lib635\libcodal-core.a(CodalFiber.o)
 .bss._ZN5codalL10sleepQueueE
                0x200004d8        0x4 .pioenvs\bluepill_f103c8\lib635\libcodal-core.a(CodalFiber.o)
 .bss._ZN5codalL11forkedFiberE
                0x200004dc        0x4 .pioenvs\bluepill_f103c8\lib635\libcodal-core.a(CodalFiber.o)
 .bss._ZN5codalL8runQueueE
                0x200004e0        0x4 .pioenvs\bluepill_f103c8\lib635\libcodal-core.a(CodalFiber.o)
 .bss._ZN5codalL9fiberPoolE
                0x200004e4        0x4 .pioenvs\bluepill_f103c8\lib635\libcodal-core.a(CodalFiber.o)
 .bss._ZN5codalL9idleFiberE
                0x200004e8        0x4 .pioenvs\bluepill_f103c8\lib635\libcodal-core.a(CodalFiber.o)
 .bss._ZN5codalL9waitQueueE
                0x200004ec        0x4 .pioenvs\bluepill_f103c8\lib635\libcodal-core.a(CodalFiber.o)
 .bss.heap      0x200004f0        0x8 .pioenvs\bluepill_f103c8\lib635\libcodal-core.a(CodalHeapAllocator.o)
                0x200004f0                heap
 .bss._ZN5codal12system_timerE
                0x200004f8        0x4 .pioenvs\bluepill_f103c8\lib635\libcodal-core.a(Timer.o)
                0x200004f8                codal::system_timer
 .bss._ZN5codal10EventModel15defaultEventBusE
                0x200004fc        0x4 .pioenvs\bluepill_f103c8\lib635\libcodal-core.a(Event.o)
                0x200004fc                codal::EventModel::defaultEventBus
 .bss._ZL10alarmCount
                0x20000500        0x4 .pioenvs\bluepill_f103c8\libff7\libbluepill.a(timer.o)
 .bss._ZL8tickFunc
                0x20000504        0x4 .pioenvs\bluepill_f103c8\libff7\libbluepill.a(timer.o)
 .bss._ZL9tickCount
                0x20000508        0x4 .pioenvs\bluepill_f103c8\libff7\libbluepill.a(timer.o)
 .bss._ZL13responseQueue
                0x2000050c       0x6c .pioenvs\bluepill_f103c8\lib492\libuartint.a(uartint.o)
 .bss._ZN5codal3_cmL10_instancesE
                0x20000578       0x10 .pioenvs\bluepill_f103c8\lib24c\libcm.a(CmSPI.o)
 .bss._ZN5codal3_cm5Timer8instanceE
                0x20000588        0x4 .pioenvs\bluepill_f103c8\lib24c\libcm.a(CmTimer.o)
                0x20000588                codal::_cm::Timer::instance
 .bss._ZN5codal14CodalComponent10componentsE
                0x2000058c       0xf0 .pioenvs\bluepill_f103c8\lib635\libcodal-core.a(CodalComponent.o)
                0x2000058c                codal::CodalComponent::components
 .bss._ZN5codal13ManagedString11EmptyStringE
                0x2000067c        0x4 .pioenvs\bluepill_f103c8\lib635\libcodal-core.a(ManagedString.o)
                0x2000067c                codal::ManagedString::EmptyString
 .bss.serialPort
                0x20000680        0x1 .pioenvs\bluepill_f103c8\src\uart.o
                0x20000680                serialPort
 .bss._ZL10logEnabled
                0x20000681        0x1 .pioenvs\bluepill_f103c8\lib931\liblogger.a(logger.o)
 .bss._ZL11debugBuffer
                0x20000682       0x51 .pioenvs\bluepill_f103c8\lib931\liblogger.a(logger.o)
 .bss.nEvents   0x200006d3        0x1 .pioenvs\bluepill_f103c8\libd0a\libcocoOS_5.0.3.a(os_event.o)
 .bss.nQueues   0x200006d4        0x1 .pioenvs\bluepill_f103c8\libd0a\libcocoOS_5.0.3.a(os_msgqueue.o)
 .bss.nSemaphores
                0x200006d5        0x1 .pioenvs\bluepill_f103c8\libd0a\libcocoOS_5.0.3.a(os_sem.o)
 .bss.nTasks    0x200006d6        0x1 .pioenvs\bluepill_f103c8\libd0a\libcocoOS_5.0.3.a(os_task.o)
 .bss._ZL11initialised
                0x200006d7        0x1 .pioenvs\bluepill_f103c8\lib24c\libcm.a(codal_target_hal.o)
 .bss._ZN5codalL11fiber_flagsE
                0x200006d8        0x1 .pioenvs\bluepill_f103c8\lib635\libcodal-core.a(CodalFiber.o)
 .bss._ZZ13device_mallocE11initialised
                0x200006d9        0x1 .pioenvs\bluepill_f103c8\lib635\libcodal-core.a(CodalHeapAllocator.o)
 .bss.heap_count
                0x200006da        0x1 .pioenvs\bluepill_f103c8\lib635\libcodal-core.a(CodalHeapAllocator.o)
                0x200006da                heap_count
 .bss._ZL12debugEnabled
                0x200006db        0x1 .pioenvs\bluepill_f103c8\libff7\libbluepill.a(bluepill.o)
 .bss._ZZ20platform_start_timerE12timerStarted
                0x200006dc        0x1 .pioenvs\bluepill_f103c8\libff7\libbluepill.a(timer.o)
 .bss._ZN5codal14CodalComponent13configurationE
                0x200006dd        0x1 .pioenvs\bluepill_f103c8\lib635\libcodal-core.a(CodalComponent.o)
                0x200006dd                codal::CodalComponent::configuration
 *(SORT_BY_ALIGNMENT(COMMON))
 *fill*         0x200006de        0x2 
 COMMON         0x200006e0       0x84 .pioenvs\bluepill_f103c8\lib0e4\libunity.a(unity.o)
                0x200006e0                Unity
 COMMON         0x20000764        0x3 .pioenvs\bluepill_f103c8\libd0a\libcocoOS_5.0.3.a(os_kernel.o)
                0x20000764                running_tid
                0x20000765                running
                0x20000766                last_running_task
                0x20000768                . = ALIGN (0x4)
 *fill*         0x20000767        0x1 
                0x20000768                _ebss = .

/DISCARD/
 *(SORT_BY_ALIGNMENT(.eh_frame))
                0x20000768                . = ALIGN (0x4)
                0x20000768                end = .
                0x20005000                PROVIDE (_stack, (ORIGIN (ram) + LENGTH (ram)))
OUTPUT(.pioenvs\bluepill_f103c8\firmware.elf elf32-littlearm)

.ARM.attributes
                0x00000000       0x2f
 .ARM.attributes
                0x00000000       0x21 asm/CortexContextSwitch.s.o
 .ARM.attributes
                0x00000021       0x33 .pioenvs\bluepill_f103c8\src\main.o
 .ARM.attributes
                0x00000054       0x33 .pioenvs\bluepill_f103c8\src\uart.o
 .ARM.attributes
                0x00000087       0x33 .pioenvs\bluepill_f103c8\lib931\liblogger.a(logger.o)
 .ARM.attributes
                0x000000ba       0x33 .pioenvs\bluepill_f103c8\liba13\libnewlib.a(strlen.o)
 .ARM.attributes
                0x000000ed       0x33 .pioenvs\bluepill_f103c8\liba13\libnewlib.a(strncat.o)
 .ARM.attributes
                0x00000120       0x33 .pioenvs\bluepill_f103c8\libc64\libnano-float.a(test.o)
 .ARM.attributes
                0x00000153       0x33 .pioenvs\bluepill_f103c8\libd0a\libcocoOS_5.0.3.a(os_event.o)
 .ARM.attributes
                0x00000186       0x33 .pioenvs\bluepill_f103c8\libd0a\libcocoOS_5.0.3.a(os_kernel.o)
 .ARM.attributes
                0x000001b9       0x33 .pioenvs\bluepill_f103c8\libd0a\libcocoOS_5.0.3.a(os_msgqueue.o)
 .ARM.attributes
                0x000001ec       0x33 .pioenvs\bluepill_f103c8\libd0a\libcocoOS_5.0.3.a(os_sem.o)
 .ARM.attributes
                0x0000021f       0x33 .pioenvs\bluepill_f103c8\libd0a\libcocoOS_5.0.3.a(os_task.o)
 .ARM.attributes
                0x00000252       0x33 .pioenvs\bluepill_f103c8\lib24c\libcm.a(CmPin.o)
 .ARM.attributes
                0x00000285       0x33 .pioenvs\bluepill_f103c8\lib24c\libcm.a(codal_target_hal.o)
 .ARM.attributes
                0x000002b8       0x33 .pioenvs\bluepill_f103c8\lib635\libcodal-core.a(CodalCompat.o)
 .ARM.attributes
                0x000002eb       0x33 .pioenvs\bluepill_f103c8\lib635\libcodal-core.a(CodalDmesg.o)
 .ARM.attributes
                0x0000031e       0x33 .pioenvs\bluepill_f103c8\lib635\libcodal-core.a(CodalFiber.o)
 .ARM.attributes
                0x00000351       0x33 .pioenvs\bluepill_f103c8\lib635\libcodal-core.a(CodalHeapAllocator.o)
 .ARM.attributes
                0x00000384       0x33 .pioenvs\bluepill_f103c8\lib635\libcodal-core.a(CodalListener.o)
 .ARM.attributes
                0x000003b7       0x33 .pioenvs\bluepill_f103c8\lib635\libcodal-core.a(Timer.o)
 .ARM.attributes
                0x000003ea       0x33 .pioenvs\bluepill_f103c8\lib635\libcodal-core.a(Event.o)
 .ARM.attributes
                0x0000041d       0x33 .pioenvs\bluepill_f103c8\libff7\libbluepill.a(STM32BluePill.o)
 .ARM.attributes
                0x00000450       0x33 .pioenvs\bluepill_f103c8\libff7\libbluepill.a(STM32BluePillIO.o)
 .ARM.attributes
                0x00000483       0x33 .pioenvs\bluepill_f103c8\libff7\libbluepill.a(bluepill.o)
 .ARM.attributes
                0x000004b6       0x33 .pioenvs\bluepill_f103c8\libff7\libbluepill.a(led.o)
 .ARM.attributes
                0x000004e9       0x33 .pioenvs\bluepill_f103c8\libff7\libbluepill.a(timer.o)
 .ARM.attributes
                0x0000051c       0x33 .pioenvs\bluepill_f103c8\lib492\libuartint.a(uartint.o)
 .ARM.attributes
                0x0000054f       0x33 .pioenvs\bluepill_f103c8\libFrameworkLibOpenCM3.a(gpio.o)
 .ARM.attributes
                0x00000582       0x33 .pioenvs\bluepill_f103c8\libFrameworkLibOpenCM3.a(rcc.o)
 .ARM.attributes
                0x000005b5       0x33 .pioenvs\bluepill_f103c8\libFrameworkLibOpenCM3.a(rtc.o)
 .ARM.attributes
                0x000005e8       0x33 .pioenvs\bluepill_f103c8\libFrameworkLibOpenCM3.a(gpio_common_all.o)
 .ARM.attributes
                0x0000061b       0x33 .pioenvs\bluepill_f103c8\libFrameworkLibOpenCM3.a(usart_common_f124.o)
 .ARM.attributes
                0x0000064e       0x33 .pioenvs\bluepill_f103c8\libFrameworkLibOpenCM3.a(rcc_common_all.o)
 .ARM.attributes
                0x00000681       0x33 .pioenvs\bluepill_f103c8\libFrameworkLibOpenCM3.a(exti_common_all.o)
 .ARM.attributes
                0x000006b4       0x33 .pioenvs\bluepill_f103c8\libFrameworkLibOpenCM3.a(flash_common_f01.o)
 .ARM.attributes
                0x000006e7       0x33 .pioenvs\bluepill_f103c8\libFrameworkLibOpenCM3.a(vector.o)
 .ARM.attributes
                0x0000071a       0x33 .pioenvs\bluepill_f103c8\libFrameworkLibOpenCM3.a(nvic.o)
 .ARM.attributes
                0x0000074d       0x33 .pioenvs\bluepill_f103c8\liba13\libnewlib.a(memcpy.o)
 .ARM.attributes
                0x00000780       0x33 .pioenvs\bluepill_f103c8\liba13\libnewlib.a(memset.o)
 .ARM.attributes
                0x000007b3       0x33 .pioenvs\bluepill_f103c8\lib0e4\libunity.a(unity.o)
 .ARM.attributes
                0x000007e6       0x33 .pioenvs\bluepill_f103c8\lib24c\libcm.a(CmI2C.o)
 .ARM.attributes
                0x00000819       0x33 .pioenvs\bluepill_f103c8\lib24c\libcm.a(CmSPI.o)
 .ARM.attributes
                0x0000084c       0x33 .pioenvs\bluepill_f103c8\lib24c\libcm.a(CmSerial.o)
 .ARM.attributes
                0x0000087f       0x33 .pioenvs\bluepill_f103c8\lib24c\libcm.a(CmTimer.o)
 .ARM.attributes
                0x000008b2       0x33 .pioenvs\bluepill_f103c8\lib24c\libcm.a(CmPinMap.o)
 .ARM.attributes
                0x000008e5       0x33 .pioenvs\bluepill_f103c8\lib635\libcodal-core.a(CodalComponent.o)
 .ARM.attributes
                0x00000918       0x33 .pioenvs\bluepill_f103c8\lib635\libcodal-core.a(I2C.o)
 .ARM.attributes
                0x0000094b       0x33 .pioenvs\bluepill_f103c8\lib635\libcodal-core.a(Serial.o)
 .ARM.attributes
                0x0000097e       0x33 .pioenvs\bluepill_f103c8\lib635\libcodal-core.a(MessageBus.o)
 .ARM.attributes
                0x000009b1       0x33 .pioenvs\bluepill_f103c8\lib635\libcodal-core.a(ManagedString.o)
 .ARM.attributes
                0x000009e4       0x33 .pioenvs\bluepill_f103c8\lib635\libcodal-core.a(RefCounted.o)
 .ARM.attributes
                0x00000a17       0x33 .pioenvs\bluepill_f103c8\lib635\libcodal-core.a(RefCountedInit.o)
 .ARM.attributes
                0x00000a4a       0x33 .pioenvs\bluepill_f103c8\lib635\libcodal-core.a(MemberFunctionCallback.o)
 .ARM.attributes
                0x00000a7d       0x33 .pioenvs\bluepill_f103c8\liba13\libnewlib.a(memcmp.o)

.comment        0x00000000       0x7e
 .comment       0x00000000       0x7e .pioenvs\bluepill_f103c8\src\main.o
                                 0x7f (size before relaxing)
 .comment       0x0000007e       0x7f .pioenvs\bluepill_f103c8\src\uart.o
 .comment       0x0000007e       0x7f .pioenvs\bluepill_f103c8\lib931\liblogger.a(logger.o)
 .comment       0x0000007e       0x7f .pioenvs\bluepill_f103c8\liba13\libnewlib.a(strlen.o)
 .comment       0x0000007e       0x7f .pioenvs\bluepill_f103c8\liba13\libnewlib.a(strncat.o)
 .comment       0x0000007e       0x7f .pioenvs\bluepill_f103c8\libc64\libnano-float.a(test.o)
 .comment       0x0000007e       0x7f .pioenvs\bluepill_f103c8\libd0a\libcocoOS_5.0.3.a(os_event.o)
 .comment       0x0000007e       0x7f .pioenvs\bluepill_f103c8\libd0a\libcocoOS_5.0.3.a(os_kernel.o)
 .comment       0x0000007e       0x7f .pioenvs\bluepill_f103c8\libd0a\libcocoOS_5.0.3.a(os_msgqueue.o)
 .comment       0x0000007e       0x7f .pioenvs\bluepill_f103c8\libd0a\libcocoOS_5.0.3.a(os_sem.o)
 .comment       0x0000007e       0x7f .pioenvs\bluepill_f103c8\libd0a\libcocoOS_5.0.3.a(os_task.o)
 .comment       0x0000007e       0x7f .pioenvs\bluepill_f103c8\lib24c\libcm.a(CmPin.o)
 .comment       0x0000007e       0x7f .pioenvs\bluepill_f103c8\lib24c\libcm.a(codal_target_hal.o)
 .comment       0x0000007e       0x7f .pioenvs\bluepill_f103c8\lib635\libcodal-core.a(CodalCompat.o)
 .comment       0x0000007e       0x7f .pioenvs\bluepill_f103c8\lib635\libcodal-core.a(CodalDmesg.o)
 .comment       0x0000007e       0x7f .pioenvs\bluepill_f103c8\lib635\libcodal-core.a(CodalFiber.o)
 .comment       0x0000007e       0x7f .pioenvs\bluepill_f103c8\lib635\libcodal-core.a(CodalHeapAllocator.o)
 .comment       0x0000007e       0x7f .pioenvs\bluepill_f103c8\lib635\libcodal-core.a(CodalListener.o)
 .comment       0x0000007e       0x7f .pioenvs\bluepill_f103c8\lib635\libcodal-core.a(Timer.o)
 .comment       0x0000007e       0x7f .pioenvs\bluepill_f103c8\lib635\libcodal-core.a(Event.o)
 .comment       0x0000007e       0x7f .pioenvs\bluepill_f103c8\libff7\libbluepill.a(STM32BluePill.o)
 .comment       0x0000007e       0x7f .pioenvs\bluepill_f103c8\libff7\libbluepill.a(STM32BluePillIO.o)
 .comment       0x0000007e       0x7f .pioenvs\bluepill_f103c8\libff7\libbluepill.a(bluepill.o)
 .comment       0x0000007e       0x7f .pioenvs\bluepill_f103c8\libff7\libbluepill.a(led.o)
 .comment       0x0000007e       0x7f .pioenvs\bluepill_f103c8\libff7\libbluepill.a(timer.o)
 .comment       0x0000007e       0x7f .pioenvs\bluepill_f103c8\lib492\libuartint.a(uartint.o)
 .comment       0x0000007e       0x7f .pioenvs\bluepill_f103c8\libFrameworkLibOpenCM3.a(gpio.o)
 .comment       0x0000007e       0x7f .pioenvs\bluepill_f103c8\libFrameworkLibOpenCM3.a(rcc.o)
 .comment       0x0000007e       0x7f .pioenvs\bluepill_f103c8\libFrameworkLibOpenCM3.a(rtc.o)
 .comment       0x0000007e       0x7f .pioenvs\bluepill_f103c8\libFrameworkLibOpenCM3.a(gpio_common_all.o)
 .comment       0x0000007e       0x7f .pioenvs\bluepill_f103c8\libFrameworkLibOpenCM3.a(usart_common_f124.o)
 .comment       0x0000007e       0x7f .pioenvs\bluepill_f103c8\libFrameworkLibOpenCM3.a(rcc_common_all.o)
 .comment       0x0000007e       0x7f .pioenvs\bluepill_f103c8\libFrameworkLibOpenCM3.a(exti_common_all.o)