Archive member included to satisfy reference by file (symbol)

.pioenvs/bluepill_f103c8/libd9b/liblogger.a(logger.o)
                              .pioenvs/bluepill_f103c8/libccd/hal/codal_target_hal.o (debug_flush)
.pioenvs/bluepill_f103c8/lib98a/libnewlib.a(strlen.o)
                              .pioenvs/bluepill_f103c8/src/aggregate.o (strlen)
.pioenvs/bluepill_f103c8/lib98a/libnewlib.a(strncat.o)
                              .pioenvs/bluepill_f103c8/src/wisol.o (strncat)
.pioenvs/bluepill_f103c8/lib98a/libnewlib.a(strncmp.o)
                              .pioenvs/bluepill_f103c8/src/aggregate.o (strncmp)
.pioenvs/bluepill_f103c8/lib98a/libnewlib.a(strncpy.o)
                              .pioenvs/bluepill_f103c8/src/aggregate.o (strncpy)
.pioenvs/bluepill_f103c8/lib98a/libnewlib.a(strstr.o)
                              .pioenvs/bluepill_f103c8/src/wisol.o (strstr)
.pioenvs/bluepill_f103c8/lib271/libbluepill.a(bluepill.o)
                              .pioenvs/bluepill_f103c8/libccd/hal/codal_target_hal.o (platform_setup)
.pioenvs/bluepill_f103c8/lib271/libbluepill.a(led.o)
                              .pioenvs/bluepill_f103c8/lib271/libbluepill.a(bluepill.o) (led_setup)
.pioenvs/bluepill_f103c8/lib271/libbluepill.a(timer.o)
                              .pioenvs/bluepill_f103c8/libccd/hal/codal_target_hal.o (platform_start_timer)
.pioenvs/bluepill_f103c8/libb45/libbootloader.a(bootloader.o)
                              .pioenvs/bluepill_f103c8/libccd/hal/reset_handler.o (bootloader_start)
.pioenvs/bluepill_f103c8/libb45/libbootloader.a(target_stm32f103.o)
                              .pioenvs/bluepill_f103c8/libb45/libbootloader.a(bootloader.o) (target_set_led)
.pioenvs/bluepill_f103c8/libb45/libbootloader.a(usb_conf.o)
                              .pioenvs/bluepill_f103c8/libb45/libbootloader.a(bootloader.o) (get_usb_status)
.pioenvs/bluepill_f103c8/libb45/libbootloader.a(webusb.o)
                              .pioenvs/bluepill_f103c8/libb45/libbootloader.a(usb_conf.o) (webusb_setup)
.pioenvs/bluepill_f103c8/libb45/libbootloader.a(winusb.o)
                              .pioenvs/bluepill_f103c8/libb45/libbootloader.a(usb_conf.o) (winusb_setup)
.pioenvs/bluepill_f103c8/libb45/libbootloader.a(cdc.o)
                              .pioenvs/bluepill_f103c8/libb45/libbootloader.a(usb_conf.o) (cdc_setup)
.pioenvs/bluepill_f103c8/libb45/libbootloader.a(hf2.o)
                              .pioenvs/bluepill_f103c8/libb45/libbootloader.a(usb_conf.o) (hf2_setup)
.pioenvs/bluepill_f103c8/libb45/libbootloader.a(backup.o)
                              .pioenvs/bluepill_f103c8/libb45/libbootloader.a(target_stm32f103.o) (backup_write)
.pioenvs/bluepill_f103c8/libb45/libbootloader.a(usb21_standard.o)
                              .pioenvs/bluepill_f103c8/libb45/libbootloader.a(usb_conf.o) (usb21_setup)
.pioenvs/bluepill_f103c8/libb45/libbootloader.a(ghostfat.o)
                              .pioenvs/bluepill_f103c8/libb45/libbootloader.a(hf2.o) (flash_write)
.pioenvs/bluepill_f103c8/libea7/libcocoOS_5.0.3.a(os_cbk.o)
                              .pioenvs/bluepill_f103c8/libccd/hal/codal_target_hal.o (os_cbkSleep)
.pioenvs/bluepill_f103c8/libea7/libcocoOS_5.0.3.a(os_event.o)
                              .pioenvs/bluepill_f103c8/src/wisol.o (event_create)
.pioenvs/bluepill_f103c8/libea7/libcocoOS_5.0.3.a(os_kernel.o)
                              .pioenvs/bluepill_f103c8/libccd/hal/codal_target_hal.o (os_init)
.pioenvs/bluepill_f103c8/libea7/libcocoOS_5.0.3.a(os_msgqueue.o)
                              .pioenvs/bluepill_f103c8/libea7/libcocoOS_5.0.3.a(os_kernel.o) (os_msgQ_init)
.pioenvs/bluepill_f103c8/libea7/libcocoOS_5.0.3.a(os_sem.o)
                              .pioenvs/bluepill_f103c8/libea7/libcocoOS_5.0.3.a(os_kernel.o) (os_sem_init)
.pioenvs/bluepill_f103c8/libea7/libcocoOS_5.0.3.a(os_task.o)
                              .pioenvs/bluepill_f103c8/libea7/libcocoOS_5.0.3.a(os_kernel.o) (os_task_init)
.pioenvs/bluepill_f103c8/libea7/libcocoOS_5.0.3.a(os_assert.o)
                              .pioenvs/bluepill_f103c8/libea7/libcocoOS_5.0.3.a(os_event.o) (os_on_assert)
.pioenvs/bluepill_f103c8/lib3e7/libcodal-core.a(CodalComponent.o)
                              .pioenvs/bluepill_f103c8/src/main.o (codal::CodalComponent::removeComponent())
.pioenvs/bluepill_f103c8/lib3e7/libcodal-core.a(CodalDmesg.o)
                              .pioenvs/bluepill_f103c8/libccd/hal/codal_target_hal.o (codalLogStore)
.pioenvs/bluepill_f103c8/lib3e7/libcodal-core.a(CodalFiber.o)
                              .pioenvs/bluepill_f103c8/src/main.o (codal::fiber_sleep(unsigned long))
.pioenvs/bluepill_f103c8/lib3e7/libcodal-core.a(CodalHeapAllocator.o)
                              .pioenvs/bluepill_f103c8/libccd/hal/codal_target_hal.o (malloc)
.pioenvs/bluepill_f103c8/lib3e7/libcodal-core.a(CodalListener.o)
[...]
Memory Configuration

Name             Origin             Length             Attributes
bootrom          0x0000000008000000 0x0000000000006800 xr
rom              0x0000000008006800 0x0000000000009800 xr
bootram          0x0000000020000000 0x0000000000000c00 xrw
ram              0x0000000020000c00 0x0000000000003bbc xrw
bootbuf          0x00000000200047bc 0x0000000000000844 xrw
*default*        0x0000000000000000 0xffffffffffffffff

Linker script and memory map

                0x0000000000006800                _bootrom_size = 0x6800
                0x0000000000000c00                _bootram_size = 0xc00
                0x0000000000000844                _bootbuf_size = 0x844

.boot_text      0x0000000008000000     0x4114
                0x0000000008000000                _boot_text = .
 *(SORT_BY_ALIGNMENT(.vectors))
 .vectors       0x0000000008000000      0x150 .pioenvs/bluepill_f103c8/libFrameworkLibOpenCM3.a(vector.o)
                0x0000000008000000                vector_table
 :*reset_handler*(SORT_BY_ALIGNMENT(.text*))
 .text.reset_handler
                0x0000000008000150       0xdc .pioenvs/bluepill_f103c8/libccd/hal/reset_handler.o
                0x0000000008000150                reset_handler
 *libhal.a:*reset_handler*(SORT_BY_ALIGNMENT(.text*))
 :*codal_target_hal*(SORT_BY_ALIGNMENT(.text*))
 .text._ZL10timer_tickv
                0x000000000800022c       0x7c .pioenvs/bluepill_f103c8/libccd/hal/codal_target_hal.o
 .text._ZL11timer_alarmv
                0x00000000080002a8       0x2c .pioenvs/bluepill_f103c8/libccd/hal/codal_target_hal.o
 .text._ZL11os_schedulev.part.1
                0x00000000080002d4       0x28 .pioenvs/bluepill_f103c8/libccd/hal/codal_target_hal.o
 .text.target_init
                0x00000000080002fc       0x30 .pioenvs/bluepill_f103c8/libccd/hal/codal_target_hal.o
                0x00000000080002fc                target_init
 .text.target_wait
                0x000000000800032c       0x58 .pioenvs/bluepill_f103c8/libccd/hal/codal_target_hal.o
                0x000000000800032c                target_wait
 .text.target_dmesg_flush
                0x0000000008000384       0x38 .pioenvs/bluepill_f103c8/libccd/hal/codal_target_hal.o
                0x0000000008000384                target_dmesg_flush
 .text.target_wait_for_event
                0x00000000080003bc       0x54 .pioenvs/bluepill_f103c8/libccd/hal/codal_target_hal.o
                0x00000000080003bc                target_wait_for_event
 .text.target_panic
                0x0000000008000410       0x20 .pioenvs/bluepill_f103c8/libccd/hal/codal_target_hal.o
                0x0000000008000410                target_panic
 .text.fiber_initial_stack_base
                0x0000000008000430        0x8 .pioenvs/bluepill_f103c8/libccd/hal/codal_target_hal.o
                0x0000000008000430                fiber_initial_stack_base
 .text.test_codal
                0x0000000008000438       0x70 .pioenvs/bluepill_f103c8/libccd/hal/codal_target_hal.o
                0x0000000008000438                test_codal
 .text.target_set_tick_callback
                0x00000000080004a8        0xc .pioenvs/bluepill_f103c8/libccd/hal/codal_target_hal.o
                0x00000000080004a8                target_set_tick_callback
 .text.target_set_alarm_callback
                0x00000000080004b4        0xc .pioenvs/bluepill_f103c8/libccd/hal/codal_target_hal.o
                0x00000000080004b4                target_set_alarm_callback
 .text.target_set_bootloader_callback
                0x00000000080004c0        0xc .pioenvs/bluepill_f103c8/libccd/hal/codal_target_hal.o
                0x00000000080004c0                target_set_bootloader_callback
 .text.target_wait_us
                0x00000000080004cc        0xc .pioenvs/bluepill_f103c8/libccd/hal/codal_target_hal.o
                0x00000000080004cc                target_wait_us
 .text.target_enable_irq
                0x00000000080004d8        0x4 .pioenvs/bluepill_f103c8/libccd/hal/codal_target_hal.o
                0x00000000080004d8                target_enable_irq
 .text.target_disable_irq
                0x00000000080004dc        0x4 .pioenvs/bluepill_f103c8/libccd/hal/codal_target_hal.o
                0x00000000080004dc                target_disable_irq
 .text.tcb_allocate
                0x00000000080004e0        0x6 .pioenvs/bluepill_f103c8/libccd/hal/codal_target_hal.o
                0x00000000080004e0                tcb_allocate
 .text.tcb_configure_lr
                0x00000000080004e6        0x4 .pioenvs/bluepill_f103c8/libccd/hal/codal_target_hal.o
                0x00000000080004e6                tcb_configure_lr
 .text.tcb_configure_sp
                0x00000000080004ea        0x4 .pioenvs/bluepill_f103c8/libccd/hal/codal_target_hal.o
                0x00000000080004ea                tcb_configure_sp
 .text.tcb_configure_stack_base
                0x00000000080004ee        0x4 .pioenvs/bluepill_f103c8/libccd/hal/codal_target_hal.o
                0x00000000080004ee                tcb_configure_stack_base
 .text.tcb_get_stack_base
                0x00000000080004f2        0x4 .pioenvs/bluepill_f103c8/libccd/hal/codal_target_hal.o
                0x00000000080004f2                tcb_get_stack_base
 .text.get_current_sp
                0x00000000080004f6        0x4 .pioenvs/bluepill_f103c8/libccd/hal/codal_target_hal.o
                0x00000000080004f6                get_current_sp
 .text.tcb_get_sp
                0x00000000080004fa        0x4 .pioenvs/bluepill_f103c8/libccd/hal/codal_target_hal.o
                0x00000000080004fa                tcb_get_sp
 .text.tcb_configure_args
                0x00000000080004fe        0x8 .pioenvs/bluepill_f103c8/libccd/hal/codal_target_hal.o
                0x00000000080004fe                tcb_configure_args
 .text._fini    0x0000000008000506        0x2 .pioenvs/bluepill_f103c8/libccd/hal/codal_target_hal.o
                0x0000000008000506                _fini
 .text.__aeabi_atexit
                0x0000000008000508        0x4 .pioenvs/bluepill_f103c8/libccd/hal/codal_target_hal.o
                0x0000000008000508                __aeabi_atexit
 .text.target_enable_debug
                0x000000000800050c        0x4 .pioenvs/bluepill_f103c8/libccd/hal/codal_target_hal.o
                0x000000000800050c                target_enable_debug
 *libhal.a:*codal_target_hal*(SORT_BY_ALIGNMENT(.text*))
 :*CortexContextSwitch*(SORT_BY_ALIGNMENT(.text*))
 .text          0x0000000008000510      0x124 asm/CortexContextSwitch.s.o
                0x0000000008000510                swap_context
                0x0000000008000592                save_context
                0x00000000080005d6                save_register_context
                0x0000000008000606                restore_register_context
 *libhal.a:(SORT_BY_ALIGNMENT(.text*))
 *liblibopencm3.a:(SORT_BY_ALIGNMENT(.text*))
 *libFrameworkLibOpenCM3.a:(SORT_BY_ALIGNMENT(.text*))
 .text.desig_get_unique_id
                0x0000000008000634       0x20 .pioenvs/bluepill_f103c8/libFrameworkLibOpenCM3.a(desig.o)
                0x0000000008000634                desig_get_unique_id
 .text.desig_get_unique_id_as_string
                0x0000000008000654       0x48 .pioenvs/bluepill_f103c8/libFrameworkLibOpenCM3.a(desig.o)
                0x0000000008000654                desig_get_unique_id_as_string
 .text.flash_get_status_flags
                0x000000000800069c       0x28 .pioenvs/bluepill_f103c8/libFrameworkLibOpenCM3.a(flash.o)
                0x000000000800069c                flash_get_status_flags
 .text.flash_program_half_word
                0x00000000080006c4       0x60 .pioenvs/bluepill_f103c8/libFrameworkLibOpenCM3.a(flash.o)
                0x00000000080006c4                flash_program_half_word
 .text.flash_erase_page
                0x0000000008000724       0x78 .pioenvs/bluepill_f103c8/libFrameworkLibOpenCM3.a(flash.o)
                0x0000000008000724                flash_erase_page
 .text.rcc_osc_on.part.0
                0x000000000800079c       0x10 .pioenvs/bluepill_f103c8/libFrameworkLibOpenCM3.a(rcc.o)
 .text.rcc_wait_for_osc_ready
                0x00000000080007ac       0x64 .pioenvs/bluepill_f103c8/libFrameworkLibOpenCM3.a(rcc.o)
                0x00000000080007ac                rcc_wait_for_osc_ready
 .text.rcc_osc_on
                0x0000000008000810       0x54 .pioenvs/bluepill_f103c8/libFrameworkLibOpenCM3.a(rcc.o)
                0x0000000008000810                rcc_osc_on
 .text.rcc_set_sysclk_source
                0x0000000008000864       0x14 .pioenvs/bluepill_f103c8/libFrameworkLibOpenCM3.a(rcc.o)
                0x0000000008000864                rcc_set_sysclk_source
 .text.rcc_set_pll_multiplication_factor
                0x0000000008000878       0x14 .pioenvs/bluepill_f103c8/libFrameworkLibOpenCM3.a(rcc.o)
                0x0000000008000878                rcc_set_pll_multiplication_factor
 .text.rcc_set_pll_source
                0x000000000800088c       0x14 .pioenvs/bluepill_f103c8/libFrameworkLibOpenCM3.a(rcc.o)
                0x000000000800088c                rcc_set_pll_source
 .text.rcc_set_pllxtpre
                0x00000000080008a0       0x14 .pioenvs/bluepill_f103c8/libFrameworkLibOpenCM3.a(rcc.o)
                0x00000000080008a0                rcc_set_pllxtpre
 .text.rcc_enable_rtc_clock
                0x00000000080008b4       0x10 .pioenvs/bluepill_f103c8/libFrameworkLibOpenCM3.a(rcc.o)
                0x00000000080008b4                rcc_enable_rtc_clock
 .text.rcc_set_rtc_clock_source
                0x00000000080008c4       0x90 .pioenvs/bluepill_f103c8/libFrameworkLibOpenCM3.a(rcc.o)
                0x00000000080008c4                rcc_set_rtc_clock_source
 .text.rcc_set_adcpre
                0x0000000008000954       0x14 .pioenvs/bluepill_f103c8/libFrameworkLibOpenCM3.a(rcc.o)
                0x0000000008000954                rcc_set_adcpre
 .text.rcc_set_ppre2
                0x0000000008000968       0x14 .pioenvs/bluepill_f103c8/libFrameworkLibOpenCM3.a(rcc.o)
                0x0000000008000968                rcc_set_ppre2
 .text.rcc_set_ppre1
                0x000000000800097c       0x14 .pioenvs/bluepill_f103c8/libFrameworkLibOpenCM3.a(rcc.o)
                0x000000000800097c                rcc_set_ppre1
 .text.rcc_set_hpre
                0x0000000008000990       0x14 .pioenvs/bluepill_f103c8/libFrameworkLibOpenCM3.a(rcc.o)
                0x0000000008000990                rcc_set_hpre
 .text.rcc_clock_setup_in_hse_8mhz_out_72mhz
                0x00000000080009a4       0x8c .pioenvs/bluepill_f103c8/libFrameworkLibOpenCM3.a(rcc.o)
                0x00000000080009a4                rcc_clock_setup_in_hse_8mhz_out_72mhz
 .text.rtc_enter_config_mode
                0x0000000008000a30       0x20 .pioenvs/bluepill_f103c8/libFrameworkLibOpenCM3.a(rtc.o)
                0x0000000008000a30                rtc_enter_config_mode
 .text.rtc_exit_config_mode
                0x0000000008000a50       0x20 .pioenvs/bluepill_f103c8/libFrameworkLibOpenCM3.a(rtc.o)
                0x0000000008000a50                rtc_exit_config_mode
 .text.rtc_set_alarm_time
                0x0000000008000a70       0x20 .pioenvs/bluepill_f103c8/libFrameworkLibOpenCM3.a(rtc.o)
                0x0000000008000a70                rtc_set_alarm_time
 .text.rtc_set_prescale_val
                0x0000000008000a90       0x20 .pioenvs/bluepill_f103c8/libFrameworkLibOpenCM3.a(rtc.o)
                0x0000000008000a90                rtc_set_prescale_val
 .text.rtc_get_counter_val
                0x0000000008000ab0       0x14 .pioenvs/bluepill_f103c8/libFrameworkLibOpenCM3.a(rtc.o)
                0x0000000008000ab0                rtc_get_counter_val
 .text.rtc_set_counter_val
                0x0000000008000ac4       0x1c .pioenvs/bluepill_f103c8/libFrameworkLibOpenCM3.a(rtc.o)
                0x0000000008000ac4                rtc_set_counter_val
 .text.rtc_interrupt_enable
                0x0000000008000ae0       0x3c .pioenvs/bluepill_f103c8/libFrameworkLibOpenCM3.a(rtc.o)
                0x0000000008000ae0                rtc_interrupt_enable
 .text.rtc_interrupt_disable
                0x0000000008000b1c       0x3c .pioenvs/bluepill_f103c8/libFrameworkLibOpenCM3.a(rtc.o)
                0x0000000008000b1c                rtc_interrupt_disable
 .text.rtc_clear_flag
                0x0000000008000b58       0x30 .pioenvs/bluepill_f103c8/libFrameworkLibOpenCM3.a(rtc.o)
                0x0000000008000b58                rtc_clear_flag
 .text.rtc_check_flag
                0x0000000008000b88       0x30 .pioenvs/bluepill_f103c8/libFrameworkLibOpenCM3.a(rtc.o)
                0x0000000008000b88                rtc_check_flag
 .text.pwr_disable_backup_domain_write_protect
                0x0000000008000bb8       0x10 .pioenvs/bluepill_f103c8/libFrameworkLibOpenCM3.a(pwr_common_all.o)
                0x0000000008000bb8                pwr_disable_backup_domain_write_protect
 .text.pwr_enable_backup_domain_write_protect
                0x0000000008000bc8       0x10 .pioenvs/bluepill_f103c8/libFrameworkLibOpenCM3.a(pwr_common_all.o)
                0x0000000008000bc8                pwr_enable_backup_domain_write_protect
 .text.exti_set_trigger
                0x0000000008000bd8       0x3c .pioenvs/bluepill_f103c8/libFrameworkLibOpenCM3.a(exti_common_all.o)
                0x0000000008000bd8                exti_set_trigger
 .text.exti_enable_request
                0x0000000008000c14       0x14 .pioenvs/bluepill_f103c8/libFrameworkLibOpenCM3.a(exti_common_all.o)
                0x0000000008000c14                exti_enable_request
 .text.exti_reset_request
                0x0000000008000c28        0xc .pioenvs/bluepill_f103c8/libFrameworkLibOpenCM3.a(exti_common_all.o)
                0x0000000008000c28                exti_reset_request
 .text.flash_set_ws
                0x0000000008000c34       0x14 .pioenvs/bluepill_f103c8/libFrameworkLibOpenCM3.a(flash_common_f01.o)
                0x0000000008000c34                flash_set_ws
 .text.flash_unlock
                0x0000000008000c48       0x24 .pioenvs/bluepill_f103c8/libFrameworkLibOpenCM3.a(flash_common_f01.o)
                0x0000000008000c48                flash_unlock
 .text.flash_lock
                0x0000000008000c6c       0x10 .pioenvs/bluepill_f103c8/libFrameworkLibOpenCM3.a(flash_common_f01.o)
                0x0000000008000c6c                flash_lock
 .text.usbd_init
                0x0000000008000c7c       0x50 .pioenvs/bluepill_f103c8/libFrameworkLibOpenCM3.a(usb.o)
                0x0000000008000c7c                usbd_init
 .text._usbd_standard_request_device
                0x0000000008000ccc       0x48 .pioenvs/bluepill_f103c8/libFrameworkLibOpenCM3.a(usb_standard.o)
                0x0000000008000ccc                _usbd_standard_request_device
 .text._usbd_standard_request_interface
                0x0000000008000d14       0x30 .pioenvs/bluepill_f103c8/libFrameworkLibOpenCM3.a(usb_standard.o)
                0x0000000008000d14                _usbd_standard_request_interface
 .text._usbd_standard_request_endpoint
                0x0000000008000d44       0x3c .pioenvs/bluepill_f103c8/libFrameworkLibOpenCM3.a(usb_standard.o)
                0x0000000008000d44                _usbd_standard_request_endpoint
 .text.st_usbfs_v1_usbd_init
                0x0000000008000d80       0x30 .pioenvs/bluepill_f103c8/libFrameworkLibOpenCM3.a(st_usbfs_v1.o)
 .text.scb_reset_system
                0x0000000008000db0       0x10 .pioenvs/bluepill_f103c8/libFrameworkLibOpenCM3.a(scb.o)
                0x0000000008000db0                scb_reset_system
 .text.st_usbfs_set_address
                0x0000000008000dc0       0x10 .pioenvs/bluepill_f103c8/libFrameworkLibOpenCM3.a(st_usbfs_core.o)
                0x0000000008000dc0                st_usbfs_set_address
 .text.st_usbfs_set_ep_rx_bufsize
                0x0000000008000dd0       0x48 .pioenvs/bluepill_f103c8/libFrameworkLibOpenCM3.a(st_usbfs_core.o)
                0x0000000008000dd0                st_usbfs_set_ep_rx_bufsize
 .text.st_usbfs_ep_setup
                0x0000000008000e18      0x150 .pioenvs/bluepill_f103c8/libFrameworkLibOpenCM3.a(st_usbfs_core.o)
                0x0000000008000e18                st_usbfs_ep_setup
 .text.st_usbfs_endpoints_reset
                0x0000000008000f68       0x44 .pioenvs/bluepill_f103c8/libFrameworkLibOpenCM3.a(st_usbfs_core.o)
                0x0000000008000f68                st_usbfs_endpoints_reset
 .text.st_usbfs_ep_stall_set
                0x0000000008000fac       0xe4 .pioenvs/bluepill_f103c8/libFrameworkLibOpenCM3.a(st_usbfs_core.o)
                0x0000000008000fac                st_usbfs_ep_stall_set
 .text.st_usbfs_ep_nak_set
                0x0000000008001090       0x58 .pioenvs/bluepill_f103c8/libFrameworkLibOpenCM3.a(st_usbfs_core.o)
                0x0000000008001090                st_usbfs_ep_nak_set
 .text.st_usbfs_ep_write_packet
                0x00000000080010e8       0x8c .pioenvs/bluepill_f103c8/libFrameworkLibOpenCM3.a(st_usbfs_core.o)
                0x00000000080010e8                st_usbfs_ep_write_packet
 .text.st_usbfs_ep_read_packet
                0x0000000008001174       0xb8 .pioenvs/bluepill_f103c8/libFrameworkLibOpenCM3.a(st_usbfs_core.o)
                0x0000000008001174                st_usbfs_ep_read_packet
 .text.st_usbfs_poll
                0x000000000800122c       0xd0 .pioenvs/bluepill_f103c8/libFrameworkLibOpenCM3.a(st_usbfs_core.o)
                0x000000000800122c                st_usbfs_poll
 .text.gpio_set_mode
                0x00000000080012fc       0x62 .pioenvs/bluepill_f103c8/libFrameworkLibOpenCM3.a(gpio.o)
                0x00000000080012fc                gpio_set_mode
 .text.gpio_set
                0x000000000800135e        0x4 .pioenvs/bluepill_f103c8/libFrameworkLibOpenCM3.a(gpio_common_all.o)
                0x000000000800135e                gpio_set
 .text.gpio_clear
                0x0000000008001362        0x6 .pioenvs/bluepill_f103c8/libFrameworkLibOpenCM3.a(gpio_common_all.o)
                0x0000000008001362                gpio_clear
 .text.usart_recv
                0x0000000008001368        0x8 .pioenvs/bluepill_f103c8/libFrameworkLibOpenCM3.a(usart_common_f124.o)
                0x0000000008001368                usart_recv
 .text.rcc_periph_clock_enable
                0x0000000008001370       0x1a .pioenvs/bluepill_f103c8/libFrameworkLibOpenCM3.a(rcc_common_all.o)
                0x0000000008001370                rcc_periph_clock_enable
 .text.rcc_periph_reset_pulse
                0x000000000800138a       0x22 .pioenvs/bluepill_f103c8/libFrameworkLibOpenCM3.a(rcc_common_all.o)
                0x000000000800138a                rcc_periph_reset_pulse
 .text.flash_wait_for_last_operation
                0x00000000080013ac        0xc .pioenvs/bluepill_f103c8/libFrameworkLibOpenCM3.a(flash_common_f01.o)
                0x00000000080013ac                flash_wait_for_last_operation
 .text.usbd_register_sof_callback
                0x00000000080013b8        0x4 .pioenvs/bluepill_f103c8/libFrameworkLibOpenCM3.a(usb.o)
                0x00000000080013b8                usbd_register_sof_callback
 .text.usbd_poll
                0x00000000080013bc        0x8 .pioenvs/bluepill_f103c8/libFrameworkLibOpenCM3.a(usb.o)
                0x00000000080013bc                usbd_poll
 .text.usbd_ep_setup
                0x00000000080013c4        0xe .pioenvs/bluepill_f103c8/libFrameworkLibOpenCM3.a(usb.o)
                0x00000000080013c4                usbd_ep_setup
 .text._usbd_reset
                0x00000000080013d2       0x32 .pioenvs/bluepill_f103c8/libFrameworkLibOpenCM3.a(usb.o)
                0x00000000080013d2                _usbd_reset
 .text.usbd_ep_write_packet
                0x0000000008001404        0xe .pioenvs/bluepill_f103c8/libFrameworkLibOpenCM3.a(usb.o)
                0x0000000008001404                usbd_ep_write_packet
 .text.usbd_ep_read_packet
                0x0000000008001412        0xe .pioenvs/bluepill_f103c8/libFrameworkLibOpenCM3.a(usb.o)
                0x0000000008001412                usbd_ep_read_packet
 .text.usbd_ep_stall_set
                0x0000000008001420        0x8 .pioenvs/bluepill_f103c8/libFrameworkLibOpenCM3.a(usb.o)
                0x0000000008001420                usbd_ep_stall_set
 .text.usbd_ep_stall_get
                0x0000000008001428        0x8 .pioenvs/bluepill_f103c8/libFrameworkLibOpenCM3.a(usb.o)
                0x0000000008001428                usbd_ep_stall_get
 .text.stall_transaction
                0x0000000008001430       0x14 .pioenvs/bluepill_f103c8/libFrameworkLibOpenCM3.a(usb_control.o)
 .text.usb_control_recv_chunk
                0x0000000008001444       0x3c .pioenvs/bluepill_f103c8/libFrameworkLibOpenCM3.a(usb_control.o)
 .text.usb_control_send_chunk
                0x0000000008001480       0x44 .pioenvs/bluepill_f103c8/libFrameworkLibOpenCM3.a(usb_control.o)
 .text.usb_control_request_dispatch
                0x00000000080014c4       0x62 .pioenvs/bluepill_f103c8/libFrameworkLibOpenCM3.a(usb_control.o)
 .text.usb_control_setup_read
                0x0000000008001526       0x42 .pioenvs/bluepill_f103c8/libFrameworkLibOpenCM3.a(usb_control.o)
 .text.usbd_register_control_callback
                0x0000000008001568       0x26 .pioenvs/bluepill_f103c8/libFrameworkLibOpenCM3.a(usb_control.o)
                0x0000000008001568                usbd_register_control_callback
 .text._usbd_control_setup
                0x000000000800158e       0x5a .pioenvs/bluepill_f103c8/libFrameworkLibOpenCM3.a(usb_control.o)
                0x000000000800158e                _usbd_control_setup
 .text._usbd_control_out
                0x00000000080015e8       0x82 .pioenvs/bluepill_f103c8/libFrameworkLibOpenCM3.a(usb_control.o)
                0x00000000080015e8                _usbd_control_out
 .text._usbd_control_in
                0x000000000800166a       0x56 .pioenvs/bluepill_f103c8/libFrameworkLibOpenCM3.a(usb_control.o)
                0x000000000800166a                _usbd_control_in
 .text.usb_standard_set_configuration
                0x00000000080016c0       0x92 .pioenvs/bluepill_f103c8/libFrameworkLibOpenCM3.a(usb_standard.o)
 .text.usb_standard_get_configuration
                0x0000000008001752       0x20 .pioenvs/bluepill_f103c8/libFrameworkLibOpenCM3.a(usb_standard.o)
 .text.usb_standard_get_interface
                0x0000000008001772       0x34 .pioenvs/bluepill_f103c8/libFrameworkLibOpenCM3.a(usb_standard.o)
 .text.usb_standard_device_get_status
                0x00000000080017a6       0x18 .pioenvs/bluepill_f103c8/libFrameworkLibOpenCM3.a(usb_standard.o)
 .text.usb_standard_endpoint_get_status
                0x00000000080017be       0x2a .pioenvs/bluepill_f103c8/libFrameworkLibOpenCM3.a(usb_standard.o)
 .text.usb_standard_endpoint_stall
                0x00000000080017e8       0x10 .pioenvs/bluepill_f103c8/libFrameworkLibOpenCM3.a(usb_standard.o)
 .text.usb_standard_endpoint_unstall
                0x00000000080017f8       0x10 .pioenvs/bluepill_f103c8/libFrameworkLibOpenCM3.a(usb_standard.o)
 .text.usb_standard_set_address
                0x0000000008001808       0x28 .pioenvs/bluepill_f103c8/libFrameworkLibOpenCM3.a(usb_standard.o)
 .text.usb_standard_set_interface
                0x0000000008001830       0x4e .pioenvs/bluepill_f103c8/libFrameworkLibOpenCM3.a(usb_standard.o)
 .text.usb_standard_get_descriptor
                0x000000000800187e      0x256 .pioenvs/bluepill_f103c8/libFrameworkLibOpenCM3.a(usb_standard.o)
 .text.usb_standard_interface_get_status
                0x0000000008001ad4       0x18 .pioenvs/bluepill_f103c8/libFrameworkLibOpenCM3.a(usb_standard.o)
 .text.usbd_register_set_config_callback
                0x0000000008001aec       0x26 .pioenvs/bluepill_f103c8/libFrameworkLibOpenCM3.a(usb_standard.o)
                0x0000000008001aec                usbd_register_set_config_callback
 .text._usbd_standard_request
                0x0000000008001b12       0x30 .pioenvs/bluepill_f103c8/libFrameworkLibOpenCM3.a(usb_standard.o)
                0x0000000008001b12                _usbd_standard_request
 .text.st_usbfs_copy_to_pm
                0x0000000008001b42       0x1c .pioenvs/bluepill_f103c8/libFrameworkLibOpenCM3.a(st_usbfs_v1.o)
                0x0000000008001b42                st_usbfs_copy_to_pm
 .text.st_usbfs_copy_from_pm
                0x0000000008001b5e       0x2a .pioenvs/bluepill_f103c8/libFrameworkLibOpenCM3.a(st_usbfs_v1.o)
                0x0000000008001b5e                st_usbfs_copy_from_pm
 .text.blocking_handler
                0x0000000008001b88        0x2 .pioenvs/bluepill_f103c8/libFrameworkLibOpenCM3.a(vector.o)
                0x0000000008001b88                exti0_isr
                0x0000000008001b88                tim7_isr
                0x0000000008001b88                adc1_2_isr
                0x0000000008001b88                tim1_trg_com_isr
                0x0000000008001b88                usb_hp_can_tx_isr
                0x0000000008001b88                tim6_isr
                0x0000000008001b88                usb_wakeup_isr
                0x0000000008001b88                blocking_handler
                0x0000000008001b88                tim5_isr
                0x0000000008001b88                otg_fs_isr
                0x0000000008001b88                spi1_isr
                0x0000000008001b88                exti2_isr
                0x0000000008001b88                dma1_channel6_isr
                0x0000000008001b88                can_rx1_isr
                0x0000000008001b88                dma1_channel5_isr
                0x0000000008001b88                dma2_channel5_isr
                0x0000000008001b88                usart1_isr
                0x0000000008001b88                usage_fault_handler
                0x0000000008001b88                tim8_trg_com_isr
                0x0000000008001b88                can2_rx0_isr
                0x0000000008001b88                tim1_brk_isr
                0x0000000008001b88                can2_rx1_isr
                0x0000000008001b88                tim1_cc_isr
                0x0000000008001b88                sdio_isr
                0x0000000008001b88                eth_isr
                0x0000000008001b88                dma1_channel4_isr
                0x0000000008001b88                tim8_brk_isr
                0x0000000008001b88                dma2_channel4_5_isr
                0x0000000008001b88                pvd_isr
                0x0000000008001b88                rcc_isr
                0x0000000008001b88                flash_isr
                0x0000000008001b88                uart4_isr
                0x0000000008001b88                exti15_10_isr
                0x0000000008001b88                hard_fault_handler
                0x0000000008001b88                exti1_isr
                0x0000000008001b88                i2c1_ev_isr
                0x0000000008001b88                dma2_channel1_isr
                0x0000000008001b88                spi2_isr
                0x0000000008001b88                tim8_up_isr
                0x0000000008001b88                dma2_channel2_isr
                0x0000000008001b88                exti3_isr
                0x0000000008001b88                adc3_isr
                0x0000000008001b88                tim3_isr
                0x0000000008001b88                usb_lp_can_rx0_isr
                0x0000000008001b88                i2c2_er_isr
                0x0000000008001b88                i2c2_ev_isr
                0x0000000008001b88                uart5_isr
                0x0000000008001b88                fsmc_isr
                0x0000000008001b88                dma1_channel1_isr
                0x0000000008001b88                exti4_isr
                0x0000000008001b88                mem_manage_handler
                0x0000000008001b88                can2_tx_isr
                0x0000000008001b88                exti9_5_isr
                0x0000000008001b88                dma2_channel3_isr
                0x0000000008001b88                dma1_channel7_isr
                0x0000000008001b88                tim1_up_isr
                0x0000000008001b88                can2_sce_isr
                0x0000000008001b88                tim4_isr
                0x0000000008001b88                dma1_channel2_isr
                0x0000000008001b88                i2c1_er_isr
                0x0000000008001b88                can_sce_isr
                0x0000000008001b88                tim8_cc_isr
                0x0000000008001b88                tamper_isr
                0x0000000008001b88                eth_wkup_isr
                0x0000000008001b88                bus_fault_handler
                0x0000000008001b88                wwdg_isr
                0x0000000008001b88                dma1_channel3_isr
                0x0000000008001b88                spi3_isr
                0x0000000008001b88                tim2_isr
                0x0000000008001b88                usart3_isr
 .text.null_handler
                0x0000000008001b8a        0x2 .pioenvs/bluepill_f103c8/libFrameworkLibOpenCM3.a(vector.o)
                0x0000000008001b8a                null_handler
                0x0000000008001b8a                sv_call_handler
                0x0000000008001b8a                pend_sv_handler
                0x0000000008001b8a                debug_monitor_handler
                0x0000000008001b8a                sys_tick_handler
                0x0000000008001b8a                nmi_handler
 .text.nvic_enable_irq
                0x0000000008001b8c       0x1a .pioenvs/bluepill_f103c8/libFrameworkLibOpenCM3.a(nvic.o)
                0x0000000008001b8c                nvic_enable_irq
 .text.st_usbfs_ep_stall_get
                0x0000000008001ba6       0x38 .pioenvs/bluepill_f103c8/libFrameworkLibOpenCM3.a(st_usbfs_core.o)
                0x0000000008001ba6                st_usbfs_ep_stall_get
 *libcocoos.a:(SORT_BY_ALIGNMENT(.text*))
 *libcocoOS_?.?.?.a:(SORT_BY_ALIGNMENT(.text*))
 *fill*         0x0000000008001bde        0x2 
 .text.os_event_init
                0x0000000008001be0        0xc .pioenvs/bluepill_f103c8/libea7/libcocoOS_5.0.3.a(os_event.o)
                0x0000000008001be0                os_event_init
 .text.event_create
                0x0000000008001bec       0x34 .pioenvs/bluepill_f103c8/libea7/libcocoOS_5.0.3.a(os_event.o)
                0x0000000008001bec                event_create
 .text.os_signal_event
                0x0000000008001c20        0xc .pioenvs/bluepill_f103c8/libea7/libcocoOS_5.0.3.a(os_event.o)
                0x0000000008001c20                os_signal_event
 .text.os_event_set_signaling_tid
                0x0000000008001c2c       0x10 .pioenvs/bluepill_f103c8/libea7/libcocoOS_5.0.3.a(os_event.o)
                0x0000000008001c2c                os_event_set_signaling_tid
 .text.os_init  0x0000000008001c3c       0x34 .pioenvs/bluepill_f103c8/libea7/libcocoOS_5.0.3.a(os_kernel.o)
                0x0000000008001c3c                os_init
 .text.os_running
                0x0000000008001c70        0xc .pioenvs/bluepill_f103c8/libea7/libcocoOS_5.0.3.a(os_kernel.o)
                0x0000000008001c70                os_running
 .text.os_msgQ_init
                0x0000000008001c7c       0x24 .pioenvs/bluepill_f103c8/libea7/libcocoOS_5.0.3.a(os_msgqueue.o)
                0x0000000008001c7c                os_msgQ_init
 .text.os_msgQ_create
                0x0000000008001ca0       0x54 .pioenvs/bluepill_f103c8/libea7/libcocoOS_5.0.3.a(os_msgqueue.o)
                0x0000000008001ca0                os_msgQ_create
 .text.os_msgQ_tick
                0x0000000008001cf4       0x54 .pioenvs/bluepill_f103c8/libea7/libcocoOS_5.0.3.a(os_msgqueue.o)
                0x0000000008001cf4                os_msgQ_tick
 .text.os_sem_init
                0x0000000008001d48        0xc .pioenvs/bluepill_f103c8/libea7/libcocoOS_5.0.3.a(os_sem.o)
                0x0000000008001d48                os_sem_init
 .text.sem_bin_create
                0x0000000008001d54       0x3c .pioenvs/bluepill_f103c8/libea7/libcocoOS_5.0.3.a(os_sem.o)
                0x0000000008001d54                sem_bin_create
 .text.os_sem_larger_than_zero
                0x0000000008001d90       0x14 .pioenvs/bluepill_f103c8/libea7/libcocoOS_5.0.3.a(os_sem.o)
                0x0000000008001d90                os_sem_larger_than_zero
 .text.os_sem_decrement
                0x0000000008001da4       0x14 .pioenvs/bluepill_f103c8/libea7/libcocoOS_5.0.3.a(os_sem.o)
                0x0000000008001da4                os_sem_decrement
 .text.os_sem_increment
                0x0000000008001db8       0x1c .pioenvs/bluepill_f103c8/libea7/libcocoOS_5.0.3.a(os_sem.o)
                0x0000000008001db8                os_sem_increment
 .text.os_task_init
                0x0000000008001dd4       0x40 .pioenvs/bluepill_f103c8/libea7/libcocoOS_5.0.3.a(os_task.o)
                0x0000000008001dd4                os_task_init
 .text.task_create
                0x0000000008001e14       0xc0 .pioenvs/bluepill_f103c8/libea7/libcocoOS_5.0.3.a(os_task.o)
                0x0000000008001e14                task_create
 .text.os_task_highest_prio_ready_task
                0x0000000008001ed4       0x34 .pioenvs/bluepill_f103c8/libea7/libcocoOS_5.0.3.a(os_task.o)
                0x0000000008001ed4                os_task_highest_prio_ready_task
 .text.os_task_release_waiting_task
                0x0000000008001f08       0x58 .pioenvs/bluepill_f103c8/libea7/libcocoOS_5.0.3.a(os_task.o)
                0x0000000008001f08                os_task_release_waiting_task
 .text.os_task_waiting_this_semaphore
                0x0000000008001f60       0x38 .pioenvs/bluepill_f103c8/libea7/libcocoOS_5.0.3.a(os_task.o)
                0x0000000008001f60                os_task_waiting_this_semaphore
 .text.os_task_wait_sem_set
                0x0000000008001f98       0x34 .pioenvs/bluepill_f103c8/libea7/libcocoOS_5.0.3.a(os_task.o)
                0x0000000008001f98                os_task_wait_sem_set
 .text.os_task_tick
                0x0000000008001fcc       0x88 .pioenvs/bluepill_f103c8/libea7/libcocoOS_5.0.3.a(os_task.o)
                0x0000000008001fcc                os_task_tick
 .text.os_task_signal_event
                0x0000000008002054       0x64 .pioenvs/bluepill_f103c8/libea7/libcocoOS_5.0.3.a(os_task.o)
                0x0000000008002054                os_task_signal_event
 .text.os_task_run
                0x00000000080020b8       0x34 .pioenvs/bluepill_f103c8/libea7/libcocoOS_5.0.3.a(os_task.o)
                0x00000000080020b8                os_task_run
 .text.os_task_internal_state_get
                0x00000000080020ec       0x10 .pioenvs/bluepill_f103c8/libea7/libcocoOS_5.0.3.a(os_task.o)
                0x00000000080020ec                os_task_internal_state_get
 .text.os_task_internal_state_set
                0x00000000080020fc       0x10 .pioenvs/bluepill_f103c8/libea7/libcocoOS_5.0.3.a(os_task.o)
                0x00000000080020fc                os_task_internal_state_set
 .text.os_on_assert
                0x000000000800210c       0x28 .pioenvs/bluepill_f103c8/libea7/libcocoOS_5.0.3.a(os_assert.o)
                0x000000000800210c                os_on_assert
 .text.os_cbkSleep
                0x0000000008002134        0x2 .pioenvs/bluepill_f103c8/libea7/libcocoOS_5.0.3.a(os_cbk.o)
                0x0000000008002134                os_cbkSleep
 .text.os_tick  0x0000000008002136        0x8 .pioenvs/bluepill_f103c8/libea7/libcocoOS_5.0.3.a(os_kernel.o)
                0x0000000008002136                os_tick
 *libgcc.a:(SORT_BY_ALIGNMENT(.text*))
 *libqfplib.a:(SORT_BY_ALIGNMENT(.text*))
 *libnano-float.a:(SORT_BY_ALIGNMENT(.text*))
 *libnewlib.a:(SORT_BY_ALIGNMENT(.text*))
 .text.strlen   0x000000000800213e       0x10 .pioenvs/bluepill_f103c8/lib98a/libnewlib.a(strlen.o)
                0x000000000800213e                strlen
 .text.strncat  0x000000000800214e       0x28 .pioenvs/bluepill_f103c8/lib98a/libnewlib.a(strncat.o)
                0x000000000800214e                strncat
 .text.strncpy  0x0000000008002176       0x2a .pioenvs/bluepill_f103c8/lib98a/libnewlib.a(strncpy.o)
                0x0000000008002176                strncpy
 .text.memcmp   0x00000000080021a0       0x1e .pioenvs/bluepill_f103c8/lib98a/libnewlib.a(memcmp.o)
                0x00000000080021a0                memcmp
 .text.memcpy   0x00000000080021be       0x1c .pioenvs/bluepill_f103c8/lib98a/libnewlib.a(memcpy.o)
                0x00000000080021be                memcpy
 .text.memset   0x00000000080021da       0x10 .pioenvs/bluepill_f103c8/lib98a/libnewlib.a(memset.o)
                0x00000000080021da                memset
 *liblogger.a:(SORT_BY_ALIGNMENT(.text*))
 *fill*         0x00000000080021ea        0x2 
 .text._ZL16write_all_outputPKht
                0x00000000080021ec       0x5c .pioenvs/bluepill_f103c8/libd9b/liblogger.a(logger.o)
 .text.enable_log
                0x0000000008002248        0xc .pioenvs/bluepill_f103c8/libd9b/liblogger.a(logger.o)
                0x0000000008002248                enable_log
 .text.logger_add_output
                0x0000000008002254       0x38 .pioenvs/bluepill_f103c8/libd9b/liblogger.a(logger.o)
                0x0000000008002254                logger_add_output
 .text.debug_flush
                0x000000000800228c       0x20 .pioenvs/bluepill_f103c8/libd9b/liblogger.a(logger.o)
                0x000000000800228c                debug_flush
 .text._ZL12debug_appendPKcj
                0x00000000080022ac       0x48 .pioenvs/bluepill_f103c8/libd9b/liblogger.a(logger.o)
 .text._Z11debug_printj
                0x00000000080022f4       0x7c .pioenvs/bluepill_f103c8/libd9b/liblogger.a(logger.o)
                0x00000000080022f4                debug_print(unsigned int)
 .text._Z11debug_printi
                0x0000000008002370       0x30 .pioenvs/bluepill_f103c8/libd9b/liblogger.a(logger.o)
                0x0000000008002370                debug_print(int)
 .text.debug_println
                0x00000000080023a0       0x1c .pioenvs/bluepill_f103c8/libd9b/liblogger.a(logger.o)
                0x00000000080023a0                debug_println
 .text._Z13debug_printlni
                0x00000000080023bc       0x18 .pioenvs/bluepill_f103c8/libd9b/liblogger.a(logger.o)
                0x00000000080023bc                debug_println(int)
 .text.debug_print
                0x00000000080023d4       0x1a .pioenvs/bluepill_f103c8/libd9b/liblogger.a(logger.o)
                0x00000000080023d4                debug_print
 .text.debug_print_unsigned
                0x00000000080023ee        0x4 .pioenvs/bluepill_f103c8/libd9b/liblogger.a(logger.o)
                0x00000000080023ee                debug_print_unsigned
 .text.debug_printhex
                0x00000000080023f2       0x42 .pioenvs/bluepill_f103c8/libd9b/liblogger.a(logger.o)
                0x00000000080023f2                debug_printhex
 .text.debug_printhex_unsigned
                0x0000000008002434       0x24 .pioenvs/bluepill_f103c8/libd9b/liblogger.a(logger.o)
                0x0000000008002434                debug_printhex_unsigned
 *libbluepill.a:(SORT_BY_ALIGNMENT(.text*))
 .text.platform_setup
                0x0000000008002458       0x4c .pioenvs/bluepill_f103c8/lib271/libbluepill.a(bluepill.o)
                0x0000000008002458                platform_setup
 .text.enable_debug
                0x00000000080024a4       0x10 .pioenvs/bluepill_f103c8/lib271/libbluepill.a(bluepill.o)
                0x00000000080024a4                enable_debug
 .text.led_setup
                0x00000000080024b4       0x20 .pioenvs/bluepill_f103c8/lib271/libbluepill.a(led.o)
                0x00000000080024b4                led_setup
 .text.led_on   0x00000000080024d4       0x10 .pioenvs/bluepill_f103c8/lib271/libbluepill.a(led.o)
                0x00000000080024d4                led_on
 .text.led_off  0x00000000080024e4       0x10 .pioenvs/bluepill_f103c8/lib271/libbluepill.a(led.o)
                0x00000000080024e4                led_off
 .text.led_wait
                0x00000000080024f4       0x10 .pioenvs/bluepill_f103c8/lib271/libbluepill.a(led.o)
                0x00000000080024f4                led_wait
 .text.platform_start_timer
                0x0000000008002504      0x114 .pioenvs/bluepill_f103c8/lib271/libbluepill.a(timer.o)
                0x0000000008002504                platform_start_timer
 .text.platform_set_alarm
                0x0000000008002618       0x30 .pioenvs/bluepill_f103c8/lib271/libbluepill.a(timer.o)
                0x0000000008002618                platform_set_alarm
 .text.rtc_isr  0x0000000008002648       0x30 .pioenvs/bluepill_f103c8/lib271/libbluepill.a(timer.o)
                0x0000000008002648                rtc_isr
 .text.rtc_alarm_isr
                0x0000000008002678       0x30 .pioenvs/bluepill_f103c8/lib271/libbluepill.a(timer.o)
                0x0000000008002678                rtc_alarm_isr
 .text.platform_alarm_count
                0x00000000080026a8        0xc .pioenvs/bluepill_f103c8/lib271/libbluepill.a(timer.o)
                0x00000000080026a8                platform_alarm_count
 .text.__cxa_pure_virtual
                0x00000000080026b4        0x8 .pioenvs/bluepill_f103c8/lib271/libbluepill.a(bluepill.o)
                0x00000000080026b4                __cxa_pure_virtual
 .text._Znwj    0x00000000080026bc        0x4 .pioenvs/bluepill_f103c8/lib271/libbluepill.a(bluepill.o)
                0x00000000080026bc                operator new(unsigned int)
 .text._ZdlPv   0x00000000080026c0        0x4 .pioenvs/bluepill_f103c8/lib271/libbluepill.a(bluepill.o)
                0x00000000080026c0                operator delete(void*)
 .text.millis   0x00000000080026c4        0x4 .pioenvs/bluepill_f103c8/lib271/libbluepill.a(timer.o)
                0x00000000080026c4                millis
 *libbootloader.a:(SORT_BY_ALIGNMENT(.text*))
 .text.bootloader_poll
                0x00000000080026c8       0x44 .pioenvs/bluepill_f103c8/libb45/libbootloader.a(bootloader.o)
                0x00000000080026c8                bootloader_poll
 .text.bootloader_start
                0x000000000800270c       0xe4 .pioenvs/bluepill_f103c8/libb45/libbootloader.a(bootloader.o)
                0x000000000800270c                bootloader_start
 .text.target_set_led
                0x00000000080027f0       0x18 .pioenvs/bluepill_f103c8/libb45/libbootloader.a(target_stm32f103.o)
                0x00000000080027f0                target_set_led
 .text.target_gpio_setup
                0x0000000008002808       0x70 .pioenvs/bluepill_f103c8/libb45/libbootloader.a(target_stm32f103.o)
                0x0000000008002808                target_gpio_setup
 .text.target_usb_init
                0x0000000008002878       0x2c .pioenvs/bluepill_f103c8/libb45/libbootloader.a(target_stm32f103.o)
                0x0000000008002878                target_usb_init
 .text.target_manifest_app
                0x00000000080028a4       0x14 .pioenvs/bluepill_f103c8/libb45/libbootloader.a(target_stm32f103.o)
                0x00000000080028a4                target_manifest_app
 .text.target_manifest_bootloader
                0x00000000080028b8       0x14 .pioenvs/bluepill_f103c8/libb45/libbootloader.a(target_stm32f103.o)
                0x00000000080028b8                target_manifest_bootloader
 .text.target_get_force_bootloader
                0x00000000080028cc       0x34 .pioenvs/bluepill_f103c8/libb45/libbootloader.a(target_stm32f103.o)
                0x00000000080028cc                target_get_force_bootloader
 .text.target_get_startup_mode
                0x0000000008002900       0x7c .pioenvs/bluepill_f103c8/libb45/libbootloader.a(target_stm32f103.o)
                0x0000000008002900                target_get_startup_mode
 .text.target_flash_program_array
                0x000000000800297c       0xdc .pioenvs/bluepill_f103c8/libb45/libbootloader.a(target_stm32f103.o)
                0x000000000800297c                target_flash_program_array
 .text.usb_cdc_transmit
                0x0000000008002a58       0x24 .pioenvs/bluepill_f103c8/libb45/libbootloader.a(usb_conf.o)
 .text.hf2_connected
                0x0000000008002a7c       0x10 .pioenvs/bluepill_f103c8/libb45/libbootloader.a(usb_conf.o)
 .text.sof_callback
                0x0000000008002a8c       0x10 .pioenvs/bluepill_f103c8/libb45/libbootloader.a(usb_conf.o)
                0x0000000008002a8c                sof_callback
 .text.cdc_connected
                0x0000000008002a9c       0x1c .pioenvs/bluepill_f103c8/libb45/libbootloader.a(usb_conf.o)
 .text.set_aggregate_callback
                0x0000000008002ab8       0x5c .pioenvs/bluepill_f103c8/libb45/libbootloader.a(usb_conf.o)
 .text.get_usb_status
                0x0000000008002b14       0x28 .pioenvs/bluepill_f103c8/libb45/libbootloader.a(usb_conf.o)
                0x0000000008002b14                get_usb_status
 .text.usb_setup
                0x0000000008002b3c       0xa8 .pioenvs/bluepill_f103c8/libb45/libbootloader.a(usb_conf.o)
                0x0000000008002b3c                usb_setup
 .text.aggregate_register_config_callback
                0x0000000008002be4       0x38 .pioenvs/bluepill_f103c8/libb45/libbootloader.a(usb_conf.o)
                0x0000000008002be4                aggregate_register_config_callback
 .text.aggregate_register_callback
                0x0000000008002c1c       0x4c .pioenvs/bluepill_f103c8/libb45/libbootloader.a(usb_conf.o)
                0x0000000008002c1c                aggregate_register_callback
 .text.usb_set_serial_number
                0x0000000008002c68       0x1c .pioenvs/bluepill_f103c8/libb45/libbootloader.a(usb_conf.o)
                0x0000000008002c68                usb_set_serial_number
 .text.dump_buffer
                0x0000000008002c84       0x4c .pioenvs/bluepill_f103c8/libb45/libbootloader.a(usb_conf.o)
                0x0000000008002c84                dump_buffer
 .text.dump_usb_request
                0x0000000008002cd0      0x130 .pioenvs/bluepill_f103c8/libb45/libbootloader.a(usb_conf.o)
                0x0000000008002cd0                dump_usb_request
 .text.aggregate_callback
                0x0000000008002e00       0xb8 .pioenvs/bluepill_f103c8/libb45/libbootloader.a(usb_conf.o)
 .text.webusb_set_config
                0x0000000008002eb8       0x28 .pioenvs/bluepill_f103c8/libb45/libbootloader.a(webusb.o)
 .text.webusb_control_vendor_request
                0x0000000008002ee0       0x9c .pioenvs/bluepill_f103c8/libb45/libbootloader.a(webusb.o)
 .text.webusb_setup
                0x0000000008002f7c       0x4c .pioenvs/bluepill_f103c8/libb45/libbootloader.a(webusb.o)
                0x0000000008002f7c                webusb_setup
 .text.winusb_control_vendor_request
                0x0000000008002fc8       0x94 .pioenvs/bluepill_f103c8/libb45/libbootloader.a(winusb.o)
 .text.winusb_set_config
                0x000000000800305c       0x28 .pioenvs/bluepill_f103c8/libb45/libbootloader.a(winusb.o)
 .text.winusb_descriptor_request
                0x0000000008003084       0x48 .pioenvs/bluepill_f103c8/libb45/libbootloader.a(winusb.o)
 .text.winusb_setup
                0x00000000080030cc       0x5c .pioenvs/bluepill_f103c8/libb45/libbootloader.a(winusb.o)
                0x00000000080030cc                winusb_setup
 .text.cdcacm_comm_cb
                0x0000000008003128        0xc .pioenvs/bluepill_f103c8/libb45/libbootloader.a(cdc.o)
 .text.cdcacm_set_config
                0x0000000008003134       0x68 .pioenvs/bluepill_f103c8/libb45/libbootloader.a(cdc.o)
 .text.cdcacm_control_request
                0x000000000800319c       0x64 .pioenvs/bluepill_f103c8/libb45/libbootloader.a(cdc.o)
 .text.cdcadm_transmit
                0x0000000008003200       0x58 .pioenvs/bluepill_f103c8/libb45/libbootloader.a(cdc.o)
                0x0000000008003200                cdcadm_transmit
 .text.cdcacm_data_rx_cb
                0x0000000008003258       0x4c .pioenvs/bluepill_f103c8/libb45/libbootloader.a(cdc.o)
 .text.cdc_setup
                0x00000000080032a4       0x2c .pioenvs/bluepill_f103c8/libb45/libbootloader.a(cdc.o)
                0x00000000080032a4                cdc_setup
 .text.hf2_set_config
                0x00000000080032d0       0x58 .pioenvs/bluepill_f103c8/libb45/libbootloader.a(hf2.o)
 .text.assert.part.0
                0x0000000008003328       0x1c .pioenvs/bluepill_f103c8/libb45/libbootloader.a(hf2.o)
 .text.send_hf2_response.constprop.3
                0x0000000008003344       0x6c .pioenvs/bluepill_f103c8/libb45/libbootloader.a(hf2.o)
 .text.hf2_data_rx_cb
                0x00000000080033b0      0x244 .pioenvs/bluepill_f103c8/libb45/libbootloader.a(hf2.o)
 .text.hf2_setup
                0x00000000080035f4       0x34 .pioenvs/bluepill_f103c8/libb45/libbootloader.a(hf2.o)
                0x00000000080035f4                hf2_setup
 .text.backup_write
                0x0000000008003628       0x38 .pioenvs/bluepill_f103c8/libb45/libbootloader.a(backup.o)
                0x0000000008003628                backup_write
 .text.backup_read
                0x0000000008003660       0x18 .pioenvs/bluepill_f103c8/libb45/libbootloader.a(backup.o)
                0x0000000008003660                backup_read
 .text.usb21_set_config
                0x0000000008003678       0x28 .pioenvs/bluepill_f103c8/libb45/libbootloader.a(usb21_standard.o)
 .text.usb21_standard_get_descriptor
                0x00000000080036a0       0xcc .pioenvs/bluepill_f103c8/libb45/libbootloader.a(usb21_standard.o)
 .text.usb21_setup
                0x000000000800376c       0x38 .pioenvs/bluepill_f103c8/libb45/libbootloader.a(usb21_standard.o)
                0x000000000800376c                usb21_setup
 .text.flushFlash
                0x00000000080037a4       0x94 .pioenvs/bluepill_f103c8/libb45/libbootloader.a(ghostfat.o)
 .text.flash_write
                0x0000000008003838       0x48 .pioenvs/bluepill_f103c8/libb45/libbootloader.a(ghostfat.o)
                0x0000000008003838                flash_write
 .text.target_get_serial_number
                0x0000000008003880        0x6 .pioenvs/bluepill_f103c8/libb45/libbootloader.a(target_stm32f103.o)
                0x0000000008003880                target_get_serial_number
 .text.target_flash_unlock
                0x0000000008003886        0x4 .pioenvs/bluepill_f103c8/libb45/libbootloader.a(target_stm32f103.o)
                0x0000000008003886                target_flash_unlock
 .text.target_flash_lock
                0x000000000800388a        0x4 .pioenvs/bluepill_f103c8/libb45/libbootloader.a(target_stm32f103.o)
                0x000000000800388a                target_flash_lock
 .text.hf2_data_tx_cb
                0x000000000800388e        0x2 .pioenvs/bluepill_f103c8/libb45/libbootloader.a(hf2.o)
                0x0000000008003890                . = ALIGN (0x4)
 :*reset_handler*(SORT_BY_ALIGNMENT(.rodata*))
 .rodata.reset_handler.str1.1
                0x0000000008003890       0x34 .pioenvs/bluepill_f103c8/libccd/hal/reset_handler.o
 *libhal.a:*reset_handler*(SORT_BY_ALIGNMENT(.rodata*))
 :*codal_target_hal*(SORT_BY_ALIGNMENT(.rodata*))
 .rodata._ZL10timer_tickv.str1.1
                0x00000000080038c4        0x7 .pioenvs/bluepill_f103c8/libccd/hal/codal_target_hal.o
 .rodata._ZL11timer_alarmv.str1.1
                0x00000000080038cb        0x4 .pioenvs/bluepill_f103c8/libccd/hal/codal_target_hal.o
 .rodata.target_panic.str1.1
                0x00000000080038cf       0x13 .pioenvs/bluepill_f103c8/libccd/hal/codal_target_hal.o
 .rodata.target_wait.str1.1
                0x00000000080038e2        0x5 .pioenvs/bluepill_f103c8/libccd/hal/codal_target_hal.o
                                          0x8 (size before relaxing)
 .rodata.test_codal.str1.1
                0x00000000080038e7       0x34 .pioenvs/bluepill_f103c8/libccd/hal/codal_target_hal.o
 *libhal.a:*codal_target_hal*(SORT_BY_ALIGNMENT(.rodata*))
 :*CortexContextSwitch*(SORT_BY_ALIGNMENT(.rodata*))
 *libhal.a:(SORT_BY_ALIGNMENT(.rodata*))
 *liblibopencm3.a:(SORT_BY_ALIGNMENT(.rodata*))
 *libFrameworkLibOpenCM3.a:(SORT_BY_ALIGNMENT(.rodata*))
 *fill*         0x000000000800391b        0x1 
 .rodata.st_usbfs_v1_usb_driver
                0x000000000800391c       0x34 .pioenvs/bluepill_f103c8/libFrameworkLibOpenCM3.a(st_usbfs_v1.o)
                0x000000000800391c                st_usbfs_v1_usb_driver
 .rodata.chars.4166
                0x0000000008003950       0x11 .pioenvs/bluepill_f103c8/libFrameworkLibOpenCM3.a(desig.o)
 *libcocoos.a:(SORT_BY_ALIGNMENT(.rodata*))
 *libcocoOS_?.?.?.a:(SORT_BY_ALIGNMENT(.rodata*))
 .rodata.os_on_assert.str1.1
                0x0000000008003961       0x1a .pioenvs/bluepill_f103c8/libea7/libcocoOS_5.0.3.a(os_assert.o)
 *libgcc.a:(SORT_BY_ALIGNMENT(.rodata*))
 *libqfplib.a:(SORT_BY_ALIGNMENT(.rodata*))
 *libnano-float.a:(SORT_BY_ALIGNMENT(.rodata*))
 *libnewlib.a:(SORT_BY_ALIGNMENT(.rodata*))
 *liblogger.a:(SORT_BY_ALIGNMENT(.rodata*))
 .rodata._Z11debug_printi.str1.1
                0x000000000800397b        0x4 .pioenvs/bluepill_f103c8/libd9b/liblogger.a(logger.o)
 .rodata._Z11debug_printj.str1.1
                0x000000000800397f        0xb .pioenvs/bluepill_f103c8/libd9b/liblogger.a(logger.o)
 .rodata.debug_println.str1.1
                0x000000000800398a        0x2 .pioenvs/bluepill_f103c8/libd9b/liblogger.a(logger.o)
 *libbluepill.a:(SORT_BY_ALIGNMENT(.rodata*))
 .rodata.platform_setup.str1.1
                0x000000000800398c       0x13 .pioenvs/bluepill_f103c8/lib271/libbluepill.a(bluepill.o)
 .rodata.platform_set_alarm.str1.1
                0x000000000800399f        0x6 .pioenvs/bluepill_f103c8/lib271/libbluepill.a(timer.o)
 .rodata.platform_start_timer.str1.1
                0x00000000080039a5       0x2f .pioenvs/bluepill_f103c8/lib271/libbluepill.a(timer.o)
 *libbootloader.a:(SORT_BY_ALIGNMENT(.rodata*))
 .rodata.interfaces
                0x00000000080039d4       0x30 .pioenvs/bluepill_f103c8/libb45/libbootloader.a(usb_conf.o)
 .rodata.bootloader_start.str1.1
                0x0000000008003a04       0x58 .pioenvs/bluepill_f103c8/libb45/libbootloader.a(bootloader.o)
 .rodata.target_flash_program_array.str1.1
                0x0000000008003a5c       0x6a .pioenvs/bluepill_f103c8/libb45/libbootloader.a(target_stm32f103.o)
 .rodata.target_get_startup_mode.str1.1
                0x0000000008003ac6       0x31 .pioenvs/bluepill_f103c8/libb45/libbootloader.a(target_stm32f103.o)
                                         0x32 (size before relaxing)
 .rodata.aggregate_callback.str1.1
                0x0000000008003af7        0xc .pioenvs/bluepill_f103c8/libb45/libbootloader.a(usb_conf.o)
                                          0xe (size before relaxing)
 .rodata.aggregate_register_callback.str1.1
                0x0000000008003b03       0x26 .pioenvs/bluepill_f103c8/libb45/libbootloader.a(usb_conf.o)
 .rodata.aggregate_register_config_callback.str1.1
                0x0000000008003b29       0x25 .pioenvs/bluepill_f103c8/libb45/libbootloader.a(usb_conf.o)
 .rodata.bos_descriptor
                0x0000000008003b4e        0x9 .pioenvs/bluepill_f103c8/libb45/libbootloader.a(usb_conf.o)
 .rodata.cdc_iface_assoc
                0x0000000008003b57        0x8 .pioenvs/bluepill_f103c8/libb45/libbootloader.a(usb_conf.o)
 .rodata.cdcacm_functional_descriptors
                0x0000000008003b5f       0x13 .pioenvs/bluepill_f103c8/libb45/libbootloader.a(usb_conf.o)
 .rodata.comm_endp
                0x0000000008003b72        0xf .pioenvs/bluepill_f103c8/libb45/libbootloader.a(usb_conf.o)
 .rodata.comm_iface
                0x0000000008003b81       0x15 .pioenvs/bluepill_f103c8/libb45/libbootloader.a(usb_conf.o)
 .rodata.config
                0x0000000008003b96        0xd .pioenvs/bluepill_f103c8/libb45/libbootloader.a(usb_conf.o)
 .rodata.data_endp
                0x0000000008003ba3       0x1e .pioenvs/bluepill_f103c8/libb45/libbootloader.a(usb_conf.o)
 .rodata.data_iface
                0x0000000008003bc1       0x15 .pioenvs/bluepill_f103c8/libb45/libbootloader.a(usb_conf.o)
 .rodata.dev    0x0000000008003bd6       0x12 .pioenvs/bluepill_f103c8/libb45/libbootloader.a(usb_conf.o)
 .rodata.dump_buffer.str1.1
                0x0000000008003be8        0x4 .pioenvs/bluepill_f103c8/libb45/libbootloader.a(usb_conf.o)
                                          0x7 (size before relaxing)
 .rodata.dump_usb_request.str1.1
                0x0000000008003bec       0x70 .pioenvs/bluepill_f103c8/libb45/libbootloader.a(usb_conf.o)
 .rodata.hf2_endp
                0x0000000008003c5c       0x1e .pioenvs/bluepill_f103c8/libb45/libbootloader.a(usb_conf.o)
 .rodata.hf2_iface
                0x0000000008003c7a       0x15 .pioenvs/bluepill_f103c8/libb45/libbootloader.a(usb_conf.o)
 .rodata.set_aggregate_callback.str1.1
                0x0000000008003c8f       0x40 .pioenvs/bluepill_f103c8/libb45/libbootloader.a(usb_conf.o)
 .rodata.str1.1
                0x0000000008003ccf       0x7e .pioenvs/bluepill_f103c8/libb45/libbootloader.a(usb_conf.o)
 .rodata.usb_setup.str1.1
                0x0000000008003d4d       0x2e .pioenvs/bluepill_f103c8/libb45/libbootloader.a(usb_conf.o)
 .rodata.webusb_control_vendor_request.str1.1
                0x0000000008003d7b       0x3c .pioenvs/bluepill_f103c8/libb45/libbootloader.a(webusb.o)
                                         0x3d (size before relaxing)
 .rodata.webusb_platform_capability_descriptor
                0x0000000008003db7       0x18 .pioenvs/bluepill_f103c8/libb45/libbootloader.a(webusb.o)
                0x0000000008003db7                webusb_platform_capability_descriptor
 .rodata.webusb_set_config.str1.1
                0x0000000008003dcf       0x1d .pioenvs/bluepill_f103c8/libb45/libbootloader.a(webusb.o)
 .rodata.webusb_setup.str1.1
                0x0000000008003dec       0x18 .pioenvs/bluepill_f103c8/libb45/libbootloader.a(webusb.o)
 .rodata.guid   0x0000000008003e04       0x92 .pioenvs/bluepill_f103c8/libb45/libbootloader.a(winusb.o)
 .rodata.microsoft_platform_capability_descriptor
                0x0000000008003e96       0x1c .pioenvs/bluepill_f103c8/libb45/libbootloader.a(winusb.o)
                0x0000000008003e96                microsoft_platform_capability_descriptor
 .rodata.winusb_control_vendor_request.str1.1
                0x0000000008003eb2       0x14 .pioenvs/bluepill_f103c8/libb45/libbootloader.a(winusb.o)
 .rodata.winusb_descriptor_request.str1.1
                0x0000000008003ec6        0x6 .pioenvs/bluepill_f103c8/libb45/libbootloader.a(winusb.o)
 .rodata.winusb_set_config.str1.1
                0x0000000008003ecc       0x1d .pioenvs/bluepill_f103c8/libb45/libbootloader.a(winusb.o)
 .rodata.winusb_setup.str1.1
                0x0000000008003ee9       0x18 .pioenvs/bluepill_f103c8/libb45/libbootloader.a(winusb.o)
 .rodata.winusb_string_descriptor
                0x0000000008003f01       0x12 .pioenvs/bluepill_f103c8/libb45/libbootloader.a(winusb.o)
 .rodata.cdc_setup.str1.1
                0x0000000008003f13       0x15 .pioenvs/bluepill_f103c8/libb45/libbootloader.a(cdc.o)
 .rodata.cdcacm_comm_cb.str1.1
                0x0000000008003f28        0x5 .pioenvs/bluepill_f103c8/libb45/libbootloader.a(cdc.o)
 .rodata.cdcacm_control_request.str1.1
                0x0000000008003f2d       0x28 .pioenvs/bluepill_f103c8/libb45/libbootloader.a(cdc.o)
                                         0x30 (size before relaxing)
 .rodata.cdcacm_set_config.str1.1
                0x0000000008003f55       0x1d .pioenvs/bluepill_f103c8/libb45/libbootloader.a(cdc.o)
 .rodata.line_coding
                0x0000000008003f72        0x7 .pioenvs/bluepill_f103c8/libb45/libbootloader.a(cdc.o)
 .rodata.assert.part.0.str1.1
                0x0000000008003f79        0xc .pioenvs/bluepill_f103c8/libb45/libbootloader.a(hf2.o)
 .rodata.bad_packet_message
                0x0000000008003f85        0xb .pioenvs/bluepill_f103c8/libb45/libbootloader.a(hf2.o)
 .rodata.hf2_data_rx_cb.str1.1
                0x0000000008003f90       0x93 .pioenvs/bluepill_f103c8/libb45/libbootloader.a(hf2.o)
                                         0x9b (size before relaxing)
 .rodata.hf2_set_config.str1.1
                0x0000000008004023        0xb .pioenvs/bluepill_f103c8/libb45/libbootloader.a(hf2.o)
 .rodata.hf2_setup.str1.1
                0x000000000800402e       0x15 .pioenvs/bluepill_f103c8/libb45/libbootloader.a(hf2.o)
 .rodata.send_hf2_response.constprop.3.str1.1
                0x0000000008004043        0x7 .pioenvs/bluepill_f103c8/libb45/libbootloader.a(hf2.o)
 .rodata.usb21_set_config.str1.1
                0x000000000800404a       0x1c .pioenvs/bluepill_f103c8/libb45/libbootloader.a(usb21_standard.o)
 .rodata.usb21_setup.str1.1
                0x0000000008004066       0x17 .pioenvs/bluepill_f103c8/libb45/libbootloader.a(usb21_standard.o)
 .rodata.usb21_standard_get_descriptor.str1.1
                0x000000000800407d       0x21 .pioenvs/bluepill_f103c8/libb45/libbootloader.a(usb21_standard.o)
 .rodata.flushFlash.str1.1
                0x000000000800409e       0x1e .pioenvs/bluepill_f103c8/libb45/libbootloader.a(ghostfat.o)
                                         0x1f (size before relaxing)
 .rodata.infoUf2File
                0x00000000080040bc       0x55 .pioenvs/bluepill_f103c8/libb45/libbootloader.a(ghostfat.o)
                0x00000000080040bc                infoUf2File
                0x0000000008004114                . = ALIGN (0x4)
 *fill*         0x0000000008004111        0x3 
                0x0000000008004114                _boot_etext = .

.text           0x0000000008006800     0x32ec
                0x0000000008006800                . = ALIGN (0x4)
                0x0000000008006800                _text = .
 *(SORT_BY_ALIGNMENT(.text.application_start))
 .text.application_start
                0x0000000008006800       0xc4 .pioenvs/bluepill_f103c8/lib739/libcm.a(application.o)
                0x0000000008006800                application_start
 *(SORT_BY_ALIGNMENT(.text.main))
 *(SORT_BY_ALIGNMENT(.text.startup.main))
 .text.startup.main
                0x00000000080068c4       0x14 .pioenvs/bluepill_f103c8/src/main.o
                0x00000000080068c4                main
 *(SORT_BY_ALIGNMENT(.text*))
 .text._ZN5codal14CodalComponent4initEv
                0x00000000080068d8        0x8 .pioenvs/bluepill_f103c8/src/main.o
                0x00000000080068d8                codal::CodalComponent::init()
 .text._ZN5codal14CodalComponentD2Ev
                0x00000000080068e0       0x18 .pioenvs/bluepill_f103c8/src/main.o
                0x00000000080068e0                codal::CodalComponent::~CodalComponent()
                0x00000000080068e0                codal::CodalComponent::~CodalComponent()
 .text._ZL10debug_dumpRN5codal13STM32BluePillEPKc.isra.0
                0x00000000080068f8       0x40 .pioenvs/bluepill_f103c8/src/main.o
 .text.startup._GLOBAL__sub_I_bluepill
                0x0000000008006938       0x24 .pioenvs/bluepill_f103c8/src/main.o
 .text._Z10Blink_mainRN5codal13STM32BluePillE
                0x000000000800695c       0x70 .pioenvs/bluepill_f103c8/src/main.o
                0x000000000800695c                Blink_main(codal::STM32BluePill&)
 .text._ZN5codal13STM32BluePillD2Ev
                0x00000000080069cc       0x40 .pioenvs/bluepill_f103c8/src/main.o
                0x00000000080069cc                codal::STM32BluePill::~STM32BluePill()
                0x00000000080069cc                codal::STM32BluePill::~STM32BluePill()
 .text.startup._GLOBAL__sub_I_serialPort
                0x0000000008006a0c       0x10 .pioenvs/bluepill_f103c8/src/uart.o
 .text._Z18component_callbackN5codal5EventE
                0x0000000008006a1c       0x58 .pioenvs/bluepill_f103c8/lib3e7/libcodal-core.a(CodalComponent.o)
                0x0000000008006a1c                component_callback(codal::Event)
 .text._ZN5codal10EventModel6listenEiiPFvNS_5EventEEt
                0x0000000008006a74       0x60 .pioenvs/bluepill_f103c8/lib3e7/libcodal-core.a(CodalComponent.o)
                0x0000000008006a74                codal::EventModel::listen(int, int, void (*)(codal::Event), unsigned short)
 .text._ZN5codal14CodalComponent12addComponentEv
                0x0000000008006ad4       0x70 .pioenvs/bluepill_f103c8/lib3e7/libcodal-core.a(CodalComponent.o)
                0x0000000008006ad4                codal::CodalComponent::addComponent()
 .text._ZN5codal14CodalComponent15removeComponentEv
                0x0000000008006b44       0x20 .pioenvs/bluepill_f103c8/lib3e7/libcodal-core.a(CodalComponent.o)
                0x0000000008006b44                codal::CodalComponent::removeComponent()
 .text.codal_dmesg_flush
                0x0000000008006b64       0x10 .pioenvs/bluepill_f103c8/lib3e7/libcodal-core.a(CodalDmesg.o)
                0x0000000008006b64                codal_dmesg_flush
 .text._ZN5codal14scheduler_tickENS_5EventE
                0x0000000008006b74       0x38 .pioenvs/bluepill_f103c8/lib3e7/libcodal-core.a(CodalFiber.o)
                0x0000000008006b74                codal::scheduler_tick(codal::Event)
 .text._ZN5codal15scheduler_eventENS_5EventE
                0x0000000008006bac       0xc0 .pioenvs/bluepill_f103c8/lib3e7/libcodal-core.a(CodalFiber.o)
                0x0000000008006bac                codal::scheduler_event(codal::Event)
 .text._Z15getFiberContextv
                0x0000000008006c6c       0x50 .pioenvs/bluepill_f103c8/lib3e7/libcodal-core.a(CodalFiber.o)
                0x0000000008006c6c                getFiberContext()
 .text._ZL10handle_fobv
                0x0000000008006cbc       0x2c .pioenvs/bluepill_f103c8/lib3e7/libcodal-core.a(CodalFiber.o)
 .text._ZN5codal23fiber_scheduler_runningEv
                0x0000000008006ce8       0x10 .pioenvs/bluepill_f103c8/lib3e7/libcodal-core.a(CodalFiber.o)
                0x0000000008006ce8                codal::fiber_scheduler_running()
 .text._ZN5codal14scheduler_initERNS_10EventModelE
                0x0000000008006cf8       0xac .pioenvs/bluepill_f103c8/lib3e7/libcodal-core.a(CodalFiber.o)
                0x0000000008006cf8                codal::scheduler_init(codal::EventModel&)
 .text._ZN5codal19fiber_wake_on_eventEtt
                0x0000000008006da4       0x5c .pioenvs/bluepill_f103c8/lib3e7/libcodal-core.a(CodalFiber.o)
                0x0000000008006da4                codal::fiber_wake_on_event(unsigned short, unsigned short)
 .text._Z14__create_fibermmmi
                0x0000000008006e00       0x64 .pioenvs/bluepill_f103c8/lib3e7/libcodal-core.a(CodalFiber.o)
                0x0000000008006e00                __create_fiber(unsigned long, unsigned long, unsigned long, int)
 .text._ZN5codal17verify_stack_sizeEPNS_5FiberE
                0x0000000008006e64       0x44 .pioenvs/bluepill_f103c8/lib3e7/libcodal-core.a(CodalFiber.o)
                0x0000000008006e64                codal::verify_stack_size(codal::Fiber*)
 .text._ZN5codal24scheduler_runqueue_emptyEv
                0x0000000008006ea8       0x10 .pioenvs/bluepill_f103c8/lib3e7/libcodal-core.a(CodalFiber.o)
                0x0000000008006ea8                codal::scheduler_runqueue_empty()
 .text._ZN5codal4idleEv
                0x0000000008006eb8       0x3c .pioenvs/bluepill_f103c8/lib3e7/libcodal-core.a(CodalFiber.o)
                0x0000000008006eb8                codal::idle()
 .text._ZN5codal8scheduleEv
                0x0000000008006ef4      0x108 .pioenvs/bluepill_f103c8/lib3e7/libcodal-core.a(CodalFiber.o)
                0x0000000008006ef4                codal::schedule()
 .text._ZN5codal11fiber_sleepEm
                0x0000000008006ffc       0x3c .pioenvs/bluepill_f103c8/lib3e7/libcodal-core.a(CodalFiber.o)
                0x0000000008006ffc                codal::fiber_sleep(unsigned long)
 .text._ZN5codal13release_fiberEv
                0x0000000008007038       0x6c .pioenvs/bluepill_f103c8/lib3e7/libcodal-core.a(CodalFiber.o)
                0x0000000008007038                codal::release_fiber()
 .text._ZN5codal6invokeEPFvPvES0_
                0x00000000080070a4       0x80 .pioenvs/bluepill_f103c8/lib3e7/libcodal-core.a(CodalFiber.o)
                0x00000000080070a4                codal::invoke(void (*)(void*), void*)
 .text._Z18device_create_heapmm
                0x0000000008007124       0x3c .pioenvs/bluepill_f103c8/lib3e7/libcodal-core.a(CodalHeapAllocator.o)
                0x0000000008007124                device_create_heap(unsigned long, unsigned long)
 .text.device_malloc
                0x0000000008007160       0x48 .pioenvs/bluepill_f103c8/lib3e7/libcodal-core.a(CodalHeapAllocator.o)
                0x0000000008007160                malloc
                0x0000000008007160                device_malloc
 .text.device_free
                0x00000000080071a8       0x40 .pioenvs/bluepill_f103c8/lib3e7/libcodal-core.a(CodalHeapAllocator.o)
                0x00000000080071a8                device_free
                0x00000000080071a8                free
 .text._ZN5codal6SerialC2ERNS_3PinES2_hht
                0x00000000080071e8       0x5c .pioenvs/bluepill_f103c8/lib3e7/libcodal-core.a(Serial.o)
                0x00000000080071e8                codal::Serial::Serial(codal::Pin&, codal::Pin&, unsigned char, unsigned char, unsigned short)
                0x00000000080071e8                codal::Serial::Serial(codal::Pin&, codal::Pin&, unsigned char, unsigned char, unsigned short)
 .text._ZN5codal6SerialD2Ev
                0x0000000008007244       0x1c .pioenvs/bluepill_f103c8/lib3e7/libcodal-core.a(Serial.o)
                0x0000000008007244                codal::Serial::~Serial()
                0x0000000008007244                codal::Serial::~Serial()
 .text._ZN5codal5TimerC2Ev
                0x0000000008007260       0x34 .pioenvs/bluepill_f103c8/lib3e7/libcodal-core.a(Timer.o)
                0x0000000008007260                codal::Timer::Timer()
                0x0000000008007260                codal::Timer::Timer()
 .text._ZN5codal25system_timer_current_timeEv
                0x0000000008007294       0x10 .pioenvs/bluepill_f103c8/lib3e7/libcodal-core.a(Timer.o)
                0x0000000008007294                codal::system_timer_current_time()
 .text._ZN5codal27system_timer_event_every_usEmtt
                0x00000000080072a4       0x24 .pioenvs/bluepill_f103c8/lib3e7/libcodal-core.a(Timer.o)
                0x00000000080072a4                codal::system_timer_event_every_us(unsigned long, unsigned short, unsigned short)
 .text._ZN5codal10EventModel4sendENS_5EventE
                0x00000000080072c8       0x14 .pioenvs/bluepill_f103c8/lib3e7/libcodal-core.a(MessageBus.o)
                0x00000000080072c8                codal::EventModel::send(codal::Event)
 .text._ZN5codal10EventModel3addEPNS_8ListenerE
                0x00000000080072dc        0x8 .pioenvs/bluepill_f103c8/lib3e7/libcodal-core.a(MessageBus.o)
                0x00000000080072dc                codal::EventModel::add(codal::Listener*)
 .text._ZN5codal10EventModel6removeEPNS_8ListenerE
                0x00000000080072e4        0x8 .pioenvs/bluepill_f103c8/lib3e7/libcodal-core.a(MessageBus.o)
                0x00000000080072e4                codal::EventModel::remove(codal::Listener*)
 .text._ZN5codal10MessageBus6removeEPNS_8ListenerE
                0x00000000080072ec       0x70 .pioenvs/bluepill_f103c8/lib3e7/libcodal-core.a(MessageBus.o)
                0x00000000080072ec                codal::MessageBus::remove(codal::Listener*)
 .text._ZN5codal10MessageBus3addEPNS_8ListenerE
                0x000000000800735c       0xbc .pioenvs/bluepill_f103c8/lib3e7/libcodal-core.a(MessageBus.o)
                0x000000000800735c                codal::MessageBus::add(codal::Listener*)
 .text._ZN5codal10MessageBusD2Ev
                0x0000000008007418       0x78 .pioenvs/bluepill_f103c8/lib3e7/libcodal-core.a(MessageBus.o)
                0x0000000008007418                codal::MessageBus::~MessageBus()
                0x0000000008007418                codal::MessageBus::~MessageBus()
 .text._ZN5codal10MessageBusC2Ev
                0x0000000008007490       0xa8 .pioenvs/bluepill_f103c8/lib3e7/libcodal-core.a(MessageBus.o)
                0x0000000008007490                codal::MessageBus::MessageBus()
                0x0000000008007490                codal::MessageBus::MessageBus()
 .text._ZN5codal10MessageBus7processERNS_5EventEb
                0x0000000008007538       0x84 .pioenvs/bluepill_f103c8/lib3e7/libcodal-core.a(MessageBus.o)
                0x0000000008007538                codal::MessageBus::process(codal::Event&, bool)
 .text._ZN5codal19allocateNotifyEventEv
                0x00000000080075bc       0x10 .pioenvs/bluepill_f103c8/lib3e7/libcodal-core.a(MessageBus.o)
                0x00000000080075bc                codal::allocateNotifyEvent()
 .text._ZN5codal5Event4fireEv
                0x00000000080075cc       0x20 .pioenvs/bluepill_f103c8/lib3e7/libcodal-core.a(Event.o)
                0x00000000080075cc                codal::Event::fire()
 .text._ZN5codal13ManagedStringC2EPKcs
                0x00000000080075ec       0x34 .pioenvs/bluepill_f103c8/lib3e7/libcodal-core.a(ManagedString.o)
                0x00000000080075ec                codal::ManagedString::ManagedString(char const*, short)
                0x00000000080075ec                codal::ManagedString::ManagedString(char const*, short)
 .text._ZN5codal13ManagedStringC2Ev
                0x0000000008007620        0xc .pioenvs/bluepill_f103c8/lib3e7/libcodal-core.a(ManagedString.o)
                0x0000000008007620                codal::ManagedString::ManagedString()
                0x0000000008007620                codal::ManagedString::ManagedString()
 .text.startup._GLOBAL__sub_I__ZN5codal13ManagedString9initEmptyEv
                0x000000000800762c       0x2c .pioenvs/bluepill_f103c8/lib3e7/libcodal-core.a(ManagedString.o)
 .text._ZN5codal3_cm3Pin14setAnalogValueEi
                0x0000000008007658       0x1c .pioenvs/bluepill_f103c8/lib739/libcm.a(CmPin.o)
                0x0000000008007658                codal::_cm::Pin::setAnalogValue(int)
 .text._ZN5codal3_cm3Pin13setServoValueEiii
                0x0000000008007674       0x2c .pioenvs/bluepill_f103c8/lib739/libcm.a(CmPin.o)
                0x0000000008007674                codal::_cm::Pin::setServoValue(int, int, int)
 .text._ZN5codal3_cm3Pin9isTouchedEv
                0x00000000080076a0        0x8 .pioenvs/bluepill_f103c8/lib739/libcm.a(CmPin.o)
                0x00000000080076a0                codal::_cm::Pin::isTouched()
 .text._ZN5codal3_cm3Pin17getAnalogPeriodUsEv
                0x00000000080076a8        0x8 .pioenvs/bluepill_f103c8/lib739/libcm.a(CmPin.o)
                0x00000000080076a8                codal::_cm::Pin::getAnalogPeriodUs()
 .text._ZN5codal3_cm3Pin15setDigitalValueEi
                0x00000000080076b0       0x50 .pioenvs/bluepill_f103c8/lib739/libcm.a(CmPin.o)
                0x00000000080076b0                codal::_cm::Pin::setDigitalValue(int)
 .text._ZN5codal3_cm3PinC2EhmmtNS_13PinCapabilityE
                0x0000000008007700       0x2c .pioenvs/bluepill_f103c8/lib739/libcm.a(CmPin.o)
                0x0000000008007700                codal::_cm::Pin::Pin(unsigned char, unsigned long, unsigned long, unsigned short, codal::PinCapability)
                0x0000000008007700                codal::_cm::Pin::Pin(unsigned char, unsigned long, unsigned long, unsigned short, codal::PinCapability)
 .text._ZN5codal3_cm6SerialD2Ev
                0x000000000800772c       0x14 .pioenvs/bluepill_f103c8/lib739/libcm.a(CmSerial.o)
                0x000000000800772c                codal::_cm::Serial::~Serial()
                0x000000000800772c                codal::_cm::Serial::~Serial()
 .text._ZN5codal3_cm6SerialC2ERNS0_3PinES3_hh
                0x0000000008007740       0x4c .pioenvs/bluepill_f103c8/lib739/libcm.a(CmSerial.o)
                0x0000000008007740                codal::_cm::Serial::Serial(codal::_cm::Pin&, codal::_cm::Pin&, unsigned char, unsigned char)
                0x0000000008007740                codal::_cm::Serial::Serial(codal::_cm::Pin&, codal::_cm::Pin&, unsigned char, unsigned char)
 .text._ZN5codal3_cm5Timer9triggerInEm
                0x000000000800778c       0x20 .pioenvs/bluepill_f103c8/lib739/libcm.a(CmTimer.o)
                0x000000000800778c                codal::_cm::Timer::triggerIn(unsigned long)
 .text._ZN5codal3_cm14alarm_callbackEv
                0x00000000080077ac       0x28 .pioenvs/bluepill_f103c8/lib739/libcm.a(CmTimer.o)
                0x00000000080077ac                codal::_cm::alarm_callback()
 .text._ZN5codal3_cmL10timer_taskEv
                0x00000000080077d4       0x64 .pioenvs/bluepill_f103c8/lib739/libcm.a(CmTimer.o)
 .text._ZN5codal3_cm5Timer11syncRequestEv
                0x0000000008007838       0x48 .pioenvs/bluepill_f103c8/lib739/libcm.a(CmTimer.o)
                0x0000000008007838                codal::_cm::Timer::syncRequest()
 .text._ZN5codal3_cm5TimerC2Ev
                0x0000000008007880       0x2c .pioenvs/bluepill_f103c8/lib739/libcm.a(CmTimer.o)
                0x0000000008007880                codal::_cm::Timer::Timer()
                0x0000000008007880                codal::_cm::Timer::Timer()
 .text._ZN5codal3_cm5Timer4initEv
                0x00000000080078ac       0x74 .pioenvs/bluepill_f103c8/lib739/libcm.a(CmTimer.o)
                0x00000000080078ac                codal::_cm::Timer::init()
 .text._ZN5codal13STM32BluePill4initEv
                0x0000000008007920       0x78 .pioenvs/bluepill_f103c8/lib2eb/libmodel.a(STM32BluePill.o)
                0x0000000008007920                codal::STM32BluePill::init()
 .text._ZN5codal13STM32BluePillC2Ev
                0x0000000008007998       0xa4 .pioenvs/bluepill_f103c8/lib2eb/libmodel.a(STM32BluePill.o)
                0x0000000008007998                codal::STM32BluePill::STM32BluePill()
                0x0000000008007998                codal::STM32BluePill::STM32BluePill()
 .text._ZN5codal15STM32BluePillIOC2Ev
                0x0000000008007a3c      0xaf0 .pioenvs/bluepill_f103c8/lib2eb/libmodel.a(STM32BluePillIO.o)
                0x0000000008007a3c                codal::STM32BluePillIO::STM32BluePillIO()
                0x0000000008007a3c                codal::STM32BluePillIO::STM32BluePillIO()
 .text.usart2_isr
                0x000000000800852c       0x50 .pioenvs/bluepill_f103c8/lib33e/libuartint.a(uartint.o)
                0x000000000800852c                usart2_isr
 .text.startup._GLOBAL__sub_I__ZN13UARTInterfaceC2Ejj
                0x000000000800857c       0x10 .pioenvs/bluepill_f103c8/lib33e/libuartint.a(uartint.o)
 .text._ZN5codal3_cm3I2CC2ERNS_3PinES3_
                0x000000000800858c       0x1c .pioenvs/bluepill_f103c8/lib739/libcm.a(CmI2C.o)
                0x000000000800858c                codal::_cm::I2C::I2C(codal::Pin&, codal::Pin&)
                0x000000000800858c                codal::_cm::I2C::I2C(codal::Pin&, codal::Pin&)
 .text._ZN5codal3_cm3SPI4initEv
                0x00000000080085a8       0x5c .pioenvs/bluepill_f103c8/lib739/libcm.a(CmSPI.o)
                0x00000000080085a8                codal::_cm::SPI::init()
 .text._ZN5codal3_cm3SPIC2ERNS0_3PinES3_S3_S3_
                0x0000000008008604       0x9c .pioenvs/bluepill_f103c8/lib739/libcm.a(CmSPI.o)
                0x0000000008008604                codal::_cm::SPI::SPI(codal::_cm::Pin&, codal::_cm::Pin&, codal::_cm::Pin&, codal::_cm::Pin&)
                0x0000000008008604                codal::_cm::SPI::SPI(codal::_cm::Pin&, codal::_cm::Pin&, codal::_cm::Pin&, codal::_cm::Pin&)
 .text.pinmap_peripheral
                0x00000000080086a0       0x30 .pioenvs/bluepill_f103c8/lib739/libcm.a(CmPinMap.o)
                0x00000000080086a0                pinmap_peripheral
 .text.pinmap_mode
                0x00000000080086d0       0x2c .pioenvs/bluepill_f103c8/lib739/libcm.a(CmPinMap.o)
                0x00000000080086d0                pinmap_mode
 .text.pinmap_cnf
                0x00000000080086fc       0x2c .pioenvs/bluepill_f103c8/lib739/libcm.a(CmPinMap.o)
                0x00000000080086fc                pinmap_cnf
 .text._ZN5codal3I2CC2ERNS_3PinES2_
                0x0000000008008728        0xc .pioenvs/bluepill_f103c8/lib3e7/libcodal-core.a(I2C.o)
                0x0000000008008728                codal::I2C::I2C(codal::Pin&, codal::Pin&)
                0x0000000008008728                codal::I2C::I2C(codal::Pin&, codal::Pin&)
 .text._ZN5codal14CodalComponent16periodicCallbackEv
                0x0000000008008734        0x2 .pioenvs/bluepill_f103c8/src/main.o
                0x0000000008008734                codal::CodalComponent::periodicCallback()
 .text._ZN5codal14CodalComponent12idleCallbackEv
                0x0000000008008736        0x2 .pioenvs/bluepill_f103c8/src/main.o
                0x0000000008008736                codal::CodalComponent::idleCallback()
 .text._ZN5codal14CodalComponentD0Ev
                0x0000000008008738       0x12 .pioenvs/bluepill_f103c8/src/main.o
                0x0000000008008738                codal::CodalComponent::~CodalComponent()
 .text._ZN5codal13STM32BluePillD0Ev
                0x000000000800874a       0x12 .pioenvs/bluepill_f103c8/src/main.o
                0x000000000800874a                codal::STM32BluePill::~STM32BluePill()
 .text._ZN5codal11queue_fiberEPNS_5FiberEPS1_
                0x000000000800875c       0x2e .pioenvs/bluepill_f103c8/lib3e7/libcodal-core.a(CodalFiber.o)
                0x000000000800875c                codal::queue_fiber(codal::Fiber*, codal::Fiber**)
 .text._ZN5codal13dequeue_fiberEPNS_5FiberE
                0x000000000800878a       0x34 .pioenvs/bluepill_f103c8/lib3e7/libcodal-core.a(CodalFiber.o)
                0x000000000800878a                codal::dequeue_fiber(codal::Fiber*)
 .text._ZN5codal12create_fiberEPFvPvES0_S2_
                0x00000000080087be       0x1e .pioenvs/bluepill_f103c8/lib3e7/libcodal-core.a(CodalFiber.o)
                0x00000000080087be                codal::create_fiber(void (*)(void*), void*, void (*)(void*))
 .text._ZN5codal20fiber_wait_for_eventEtt
                0x00000000080087dc       0x12 .pioenvs/bluepill_f103c8/lib3e7/libcodal-core.a(CodalFiber.o)
                0x00000000080087dc                codal::fiber_wait_for_event(unsigned short, unsigned short)
 .text._ZN5codal16launch_new_fiberEPFvvES1_
                0x00000000080087ee       0x10 .pioenvs/bluepill_f103c8/lib3e7/libcodal-core.a(CodalFiber.o)
                0x00000000080087ee                codal::launch_new_fiber(void (*)(), void (*)())
 .text._ZN5codal13release_fiberEPv
                0x00000000080087fe       0x12 .pioenvs/bluepill_f103c8/lib3e7/libcodal-core.a(CodalFiber.o)
                0x00000000080087fe                codal::release_fiber(void*)
 .text._ZN5codal22launch_new_fiber_paramEPFvPvES2_S0_
                0x0000000008008810       0x1a .pioenvs/bluepill_f103c8/lib3e7/libcodal-core.a(CodalFiber.o)
                0x0000000008008810                codal::launch_new_fiber_param(void (*)(void*), void (*)(void*), void*)
 .text._ZN5codal9idle_taskEv
                0x000000000800882a        0xc .pioenvs/bluepill_f103c8/lib3e7/libcodal-core.a(CodalFiber.o)
                0x000000000800882a                codal::idle_task()
 .text._Z16device_malloc_injR14HeapDefinition
                0x0000000008008836       0x84 .pioenvs/bluepill_f103c8/lib3e7/libcodal-core.a(CodalHeapAllocator.o)
                0x0000000008008836                device_malloc_in(unsigned int, HeapDefinition&)
 .text._ZN5codal8ListenerC2EttPFvNS_5EventEEt
                0x00000000080088ba       0x28 .pioenvs/bluepill_f103c8/lib3e7/libcodal-core.a(CodalListener.o)
                0x00000000080088ba                codal::Listener::Listener(unsigned short, unsigned short, void (*)(codal::Event), unsigned short)
                0x00000000080088ba                codal::Listener::Listener(unsigned short, unsigned short, void (*)(codal::Event), unsigned short)
 .text._ZN5codal8ListenerD2Ev
                0x00000000080088e2       0x14 .pioenvs/bluepill_f103c8/lib3e7/libcodal-core.a(CodalListener.o)
                0x00000000080088e2                codal::Listener::~Listener()
                0x00000000080088e2                codal::Listener::~Listener()
 .text._ZN5codal8Listener5queueENS_5EventE
                0x00000000080088f6       0x5c .pioenvs/bluepill_f103c8/lib3e7/libcodal-core.a(CodalListener.o)
                0x00000000080088f6                codal::Listener::queue(codal::Event)
 .text._ZN5codal6Serial12initialiseRxEv
                0x0000000008008952       0x4c .pioenvs/bluepill_f103c8/lib3e7/libcodal-core.a(Serial.o)
                0x0000000008008952                codal::Serial::initialiseRx()
 .text._ZN5codal6Serial12circularCopyEPhhS1_tt
                0x000000000800899e       0x26 .pioenvs/bluepill_f103c8/lib3e7/libcodal-core.a(Serial.o)
                0x000000000800899e                codal::Serial::circularCopy(unsigned char*, unsigned char, unsigned char*, unsigned short, unsigned short)
 .text._ZN5codal6Serial7eventOnENS_13ManagedStringENS_10SerialModeE
                0x00000000080089c4       0x26 .pioenvs/bluepill_f103c8/lib3e7/libcodal-core.a(Serial.o)
                0x00000000080089c4                codal::Serial::eventOn(codal::ManagedString, codal::SerialMode)
 .text._ZN5codal6Serial9readUntilENS_13ManagedStringENS_10SerialModeE
                0x00000000080089ea      0x1a6 .pioenvs/bluepill_f103c8/lib3e7/libcodal-core.a(Serial.o)
                0x00000000080089ea                codal::Serial::readUntil(codal::ManagedString, codal::SerialMode)
 .text._ZN5codal5Timer17disableInterruptsEv
                0x0000000008008b90        0xa .pioenvs/bluepill_f103c8/lib3e7/libcodal-core.a(Timer.o)
                0x0000000008008b90                codal::Timer::disableInterrupts()
 .text._ZN5codal5Timer16enableInterruptsEv
                0x0000000008008b9a        0xa .pioenvs/bluepill_f103c8/lib3e7/libcodal-core.a(Timer.o)
                0x0000000008008b9a                codal::Timer::enableInterrupts()
 .text._ZN5codal5Timer13getTimerEventEv
                0x0000000008008ba4       0x22 .pioenvs/bluepill_f103c8/lib3e7/libcodal-core.a(Timer.o)
                0x0000000008008ba4                codal::Timer::getTimerEvent()
 .text._ZN5codal5Timer17releaseTimerEventEPNS_10TimerEventE
                0x0000000008008bc6        0xe .pioenvs/bluepill_f103c8/lib3e7/libcodal-core.a(Timer.o)
                0x0000000008008bc6                codal::Timer::releaseTimerEvent(codal::TimerEvent*)
 .text._ZN5codal5Timer7getTimeEv
                0x0000000008008bd4        0xe .pioenvs/bluepill_f103c8/lib3e7/libcodal-core.a(Timer.o)
                0x0000000008008bd4                codal::Timer::getTime()
 .text._ZN5codal5Timer9getTimeUsEv
                0x0000000008008be2        0xe .pioenvs/bluepill_f103c8/lib3e7/libcodal-core.a(Timer.o)
                0x0000000008008be2                codal::Timer::getTimeUs()
 .text._ZN5codal5Timer8setEventEmttb
                0x0000000008008bf0       0x66 .pioenvs/bluepill_f103c8/lib3e7/libcodal-core.a(Timer.o)
                0x0000000008008bf0                codal::Timer::setEvent(unsigned long, unsigned short, unsigned short, bool)
 .text._ZN5codal5Timer12eventEveryUsEmtt
                0x0000000008008c56        0xe .pioenvs/bluepill_f103c8/lib3e7/libcodal-core.a(Timer.o)
                0x0000000008008c56                codal::Timer::eventEveryUs(unsigned long, unsigned short, unsigned short)
 .text._ZN5codal5Timer4syncEm
                0x0000000008008c64       0x24 .pioenvs/bluepill_f103c8/lib3e7/libcodal-core.a(Timer.o)
                0x0000000008008c64                codal::Timer::sync(unsigned long)
 .text._ZN5codal5Timer7triggerEv
                0x0000000008008c88       0x92 .pioenvs/bluepill_f103c8/lib3e7/libcodal-core.a(Timer.o)
                0x0000000008008c88                codal::Timer::trigger()
 .text._ZN5codal5TimerD2Ev
                0x0000000008008d1a        0x2 .pioenvs/bluepill_f103c8/lib3e7/libcodal-core.a(Timer.o)
                0x0000000008008d1a                codal::Timer::~Timer()
                0x0000000008008d1a                codal::Timer::~Timer()
 .text._ZN5codal10MessageBus9elementAtEi
                0x0000000008008d1c       0x10 .pioenvs/bluepill_f103c8/lib3e7/libcodal-core.a(MessageBus.o)
                0x0000000008008d1c                codal::MessageBus::elementAt(int)
 .text._ZN5codal22MemberFunctionCallback10methodCallINS_10MessageBusEEEvPvPmNS_5EventE
                0x0000000008008d2c       0x30 .pioenvs/bluepill_f103c8/lib3e7/libcodal-core.a(MessageBus.o)
                0x0000000008008d2c                void codal::MemberFunctionCallback::methodCall<codal::MessageBus>(void*, unsigned long*, codal::Event)
 .text._Z14async_callbackPv
                0x0000000008008d5c       0x7c .pioenvs/bluepill_f103c8/lib3e7/libcodal-core.a(MessageBus.o)
                0x0000000008008d5c                async_callback(void*)
 .text._ZThn8_N5codal10MessageBusD1Ev
                0x0000000008008dd8        0x8 .pioenvs/bluepill_f103c8/lib3e7/libcodal-core.a(MessageBus.o)
                0x0000000008008dd8                non-virtual thunk to codal::MessageBus::~MessageBus()
 .text._ZN5codal10MessageBusD0Ev
                0x0000000008008de0       0x12 .pioenvs/bluepill_f103c8/lib3e7/libcodal-core.a(MessageBus.o)
                0x0000000008008de0                codal::MessageBus::~MessageBus()
 .text._ZThn8_N5codal10MessageBusD0Ev
                0x0000000008008df2        0x8 .pioenvs/bluepill_f103c8/lib3e7/libcodal-core.a(MessageBus.o)
                0x0000000008008df2                non-virtual thunk to codal::MessageBus::~MessageBus()
 .text._ZN5codal10MessageBus12dequeueEventEv
                0x0000000008008dfa       0x22 .pioenvs/bluepill_f103c8/lib3e7/libcodal-core.a(MessageBus.o)
                0x0000000008008dfa                codal::MessageBus::dequeueEvent()
 .text._ZN5codal10MessageBus21deleteMarkedListenersEv
                0x0000000008008e1c       0x42 .pioenvs/bluepill_f103c8/lib3e7/libcodal-core.a(MessageBus.o)
                0x0000000008008e1c                codal::MessageBus::deleteMarkedListeners()
 .text._ZN5codal10MessageBus10queueEventERNS_5EventE
                0x0000000008008e5e       0x5e .pioenvs/bluepill_f103c8/lib3e7/libcodal-core.a(MessageBus.o)
                0x0000000008008e5e                codal::MessageBus::queueEvent(codal::Event&)
 .text._ZN5codal10MessageBus4sendENS_5EventE
                0x0000000008008ebc       0x16 .pioenvs/bluepill_f103c8/lib3e7/libcodal-core.a(MessageBus.o)
                0x0000000008008ebc                codal::MessageBus::send(codal::Event)
 .text._ZN5codal10MessageBus4idleENS_5EventE
                0x0000000008008ed2       0x34 .pioenvs/bluepill_f103c8/lib3e7/libcodal-core.a(MessageBus.o)
                0x0000000008008ed2                codal::MessageBus::idle(codal::Event)
 .text._ZN5codal5EventC2Ev
                0x0000000008008f06       0x12 .pioenvs/bluepill_f103c8/lib3e7/libcodal-core.a(Event.o)
                0x0000000008008f06                codal::Event::Event()
                0x0000000008008f06                codal::Event::Event()
 .text._ZN5codal5EventC2EttNS_15EventLaunchModeE
                0x0000000008008f18       0x1c .pioenvs/bluepill_f103c8/lib3e7/libcodal-core.a(Event.o)
                0x0000000008008f18                codal::Event::Event(unsigned short, unsigned short, codal::EventLaunchMode)
                0x0000000008008f18                codal::Event::Event(unsigned short, unsigned short, codal::EventLaunchMode)
 .text._ZN5codal5EventC2EttmNS_15EventLaunchModeE
                0x0000000008008f34       0x18 .pioenvs/bluepill_f103c8/lib3e7/libcodal-core.a(Event.o)
                0x0000000008008f34                codal::Event::Event(unsigned short, unsigned short, unsigned long, codal::EventLaunchMode)
                0x0000000008008f34                codal::Event::Event(unsigned short, unsigned short, unsigned long, codal::EventLaunchMode)
 .text._ZN5codal14EventQueueItemC2ENS_5EventE
                0x0000000008008f4c       0x20 .pioenvs/bluepill_f103c8/lib3e7/libcodal-core.a(Event.o)
                0x0000000008008f4c                codal::EventQueueItem::EventQueueItem(codal::Event)
                0x0000000008008f4c                codal::EventQueueItem::EventQueueItem(codal::Event)
 .text._ZN5codal13ManagedStringD2Ev
                0x0000000008008f6c        0xe .pioenvs/bluepill_f103c8/lib3e7/libcodal-core.a(ManagedString.o)
                0x0000000008008f6c                codal::ManagedString::~ManagedString()
                0x0000000008008f6c                codal::ManagedString::~ManagedString()
 .text._ZN5codal13ManagedString10initStringEPKci
                0x0000000008008f7a       0x2e .pioenvs/bluepill_f103c8/lib3e7/libcodal-core.a(ManagedString.o)
                0x0000000008008f7a                codal::ManagedString::initString(char const*, int)
 .text._ZN5codal13ManagedStringC2Ei
                0x0000000008008fa8       0x22 .pioenvs/bluepill_f103c8/lib3e7/libcodal-core.a(ManagedString.o)
                0x0000000008008fa8                codal::ManagedString::ManagedString(int)
                0x0000000008008fa8                codal::ManagedString::ManagedString(int)
 .text._ZN5codal13ManagedStringC2ERKS0_
                0x0000000008008fca       0x10 .pioenvs/bluepill_f103c8/lib3e7/libcodal-core.a(ManagedString.o)
                0x0000000008008fca                codal::ManagedString::ManagedString(codal::ManagedString const&)
                0x0000000008008fca                codal::ManagedString::ManagedString(codal::ManagedString const&)
 .text._ZN5codal13ManagedStringaSERKS0_
                0x0000000008008fda       0x1e .pioenvs/bluepill_f103c8/lib3e7/libcodal-core.a(ManagedString.o)
                0x0000000008008fda                codal::ManagedString::operator=(codal::ManagedString const&)
 .text._ZN5codal13ManagedString6charAtEs
                0x0000000008008ff8       0x18 .pioenvs/bluepill_f103c8/lib3e7/libcodal-core.a(ManagedString.o)
                0x0000000008008ff8                codal::ManagedString::charAt(short)
 .text._ZL16isReadOnlyInlinePN5codal10RefCountedE
                0x0000000008009010       0x22 .pioenvs/bluepill_f103c8/lib3e7/libcodal-core.a(RefCounted.o)
 .text._ZN5codal10RefCounted4incrEv
                0x0000000008009032       0x12 .pioenvs/bluepill_f103c8/lib3e7/libcodal-core.a(RefCounted.o)
                0x0000000008009032                codal::RefCounted::incr()
 .text._ZN5codal10RefCounted4decrEv