Archive member included to satisfy reference by file (symbol)

.pioenvs/bluepill_f103c8/libd9b/liblogger.a(logger.o)
                              .pioenvs/bluepill_f103c8/libccd/hal/codal_target_hal.o (debug_flush)
.pioenvs/bluepill_f103c8/libd88/libnano-float.a(functions.o)
                              .pioenvs/bluepill_f103c8/src/aggregate.o (pow)
.pioenvs/bluepill_f103c8/lib98a/libnewlib.a(memcpy.o)
                              .pioenvs/bluepill_f103c8/libd9b/liblogger.a(logger.o) (memcpy)
.pioenvs/bluepill_f103c8/lib98a/libnewlib.a(strlen.o)
                              .pioenvs/bluepill_f103c8/src/aggregate.o (strlen)
.pioenvs/bluepill_f103c8/lib98a/libnewlib.a(strncat.o)
                              .pioenvs/bluepill_f103c8/src/wisol.o (strncat)
.pioenvs/bluepill_f103c8/lib98a/libnewlib.a(strncmp.o)
                              .pioenvs/bluepill_f103c8/src/aggregate.o (strncmp)
.pioenvs/bluepill_f103c8/lib98a/libnewlib.a(strncpy.o)
                              .pioenvs/bluepill_f103c8/src/aggregate.o (strncpy)
.pioenvs/bluepill_f103c8/lib98a/libnewlib.a(strstr.o)
                              .pioenvs/bluepill_f103c8/src/wisol.o (strstr)
.pioenvs/bluepill_f103c8/lib271/libbluepill.a(bluepill.o)
                              .pioenvs/bluepill_f103c8/libccd/hal/codal_target_hal.o (platform_setup)
.pioenvs/bluepill_f103c8/lib271/libbluepill.a(led.o)
                              .pioenvs/bluepill_f103c8/lib271/libbluepill.a(bluepill.o) (led_setup)
.pioenvs/bluepill_f103c8/lib271/libbluepill.a(timer.o)
                              .pioenvs/bluepill_f103c8/libccd/hal/codal_target_hal.o (platform_start_timer)
.pioenvs/bluepill_f103c8/libb45/libbootloader.a(bootloader.o)
                              .pioenvs/bluepill_f103c8/libccd/hal/reset_handler.o (bootloader_start)
.pioenvs/bluepill_f103c8/libb45/libbootloader.a(target_stm32f103.o)
                              .pioenvs/bluepill_f103c8/libb45/libbootloader.a(bootloader.o) (target_set_led)
.pioenvs/bluepill_f103c8/libb45/libbootloader.a(usb_conf.o)
                              .pioenvs/bluepill_f103c8/libb45/libbootloader.a(bootloader.o) (usb_setup)
.pioenvs/bluepill_f103c8/libb45/libbootloader.a(webusb.o)
                              .pioenvs/bluepill_f103c8/libb45/libbootloader.a(usb_conf.o) (webusb_setup)
.pioenvs/bluepill_f103c8/libb45/libbootloader.a(winusb.o)
                              .pioenvs/bluepill_f103c8/libb45/libbootloader.a(usb_conf.o) (winusb_setup)
.pioenvs/bluepill_f103c8/libb45/libbootloader.a(cdc.o)
                              .pioenvs/bluepill_f103c8/libb45/libbootloader.a(usb_conf.o) (cdcadm_transmit)
.pioenvs/bluepill_f103c8/libb45/libbootloader.a(hf2.o)
                              .pioenvs/bluepill_f103c8/libb45/libbootloader.a(usb_conf.o) (hf2_setup)
.pioenvs/bluepill_f103c8/libb45/libbootloader.a(backup.o)
                              .pioenvs/bluepill_f103c8/libb45/libbootloader.a(target_stm32f103.o) (backup_write)
.pioenvs/bluepill_f103c8/libb45/libbootloader.a(usb21_standard.o)
                              .pioenvs/bluepill_f103c8/libb45/libbootloader.a(usb_conf.o) (usb21_setup)
.pioenvs/bluepill_f103c8/libb45/libbootloader.a(ghostfat.o)
                              .pioenvs/bluepill_f103c8/libb45/libbootloader.a(hf2.o) (flash_flush)
.pioenvs/bluepill_f103c8/libea7/libcocoOS_5.0.3.a(os_cbk.o)
                              .pioenvs/bluepill_f103c8/libccd/hal/codal_target_hal.o (os_cbkSleep)
.pioenvs/bluepill_f103c8/libea7/libcocoOS_5.0.3.a(os_event.o)
                              .pioenvs/bluepill_f103c8/src/wisol.o (event_create)
.pioenvs/bluepill_f103c8/libea7/libcocoOS_5.0.3.a(os_kernel.o)
                              .pioenvs/bluepill_f103c8/libccd/hal/codal_target_hal.o (running_tid)
.pioenvs/bluepill_f103c8/libea7/libcocoOS_5.0.3.a(os_msgqueue.o)
                              .pioenvs/bluepill_f103c8/libea7/libcocoOS_5.0.3.a(os_kernel.o) (os_msgQ_init)
.pioenvs/bluepill_f103c8/libea7/libcocoOS_5.0.3.a(os_sem.o)
                              .pioenvs/bluepill_f103c8/libea7/libcocoOS_5.0.3.a(os_kernel.o) (os_sem_init)
.pioenvs/bluepill_f103c8/libea7/libcocoOS_5.0.3.a(os_task.o)
                              .pioenvs/bluepill_f103c8/libea7/libcocoOS_5.0.3.a(os_kernel.o) (os_task_init)
.pioenvs/bluepill_f103c8/libea7/libcocoOS_5.0.3.a(os_assert.o)
                              .pioenvs/bluepill_f103c8/libea7/libcocoOS_5.0.3.a(os_event.o) (os_on_assert)
.pioenvs/bluepill_f103c8/lib3e7/libcodal-core.a(CodalComponent.o)
                              .pioenvs/bluepill_f103c8/src/main.o (codal::CodalComponent::removeComponent())
.pioenvs/bluepill_f103c8/lib3e7/libcodal-core.a(CodalDmesg.o)
                              .pioenvs/bluepill_f103c8/libccd/hal/codal_target_hal.o (codalLogStore)
.pioenvs/bluepill_f103c8/lib3e7/libcodal-core.a(CodalFiber.o)
                              .pioenvs/bluepill_f103c8/src/main.o (codal::fiber_sleep(unsigned long))
[...]
Memory Configuration

Name             Origin             Length             Attributes
bootrom          0x0000000008000000 0x0000000000006800 xr
rom              0x0000000008006800 0x0000000000009800 xr
bootram          0x0000000020000000 0x0000000000001000 xrw
ram              0x0000000020001000 0x00000000000037bc xrw
bootbuf          0x00000000200047bc 0x0000000000000844 xrw
*default*        0x0000000000000000 0xffffffffffffffff

Linker script and memory map

                0x0000000000006800                _bootrom_size = 0x6800
                0x0000000000001000                _bootram_size = 0x1000
                0x0000000000000844                _bootbuf_size = 0x844

.boot_text      0x0000000008000000     0x4a0c
                0x0000000008000000                _boot_text = .
 *(SORT_BY_ALIGNMENT(.vectors))
 .vectors       0x0000000008000000      0x150 .pioenvs/bluepill_f103c8/libFrameworkLibOpenCM3.a(vector.o)
                0x0000000008000000                vector_table
 :*reset_handler*(SORT_BY_ALIGNMENT(.text*))
 .text.pre_main
                0x0000000008000150       0x50 .pioenvs/bluepill_f103c8/libccd/hal/reset_handler.o
 .text.reset_handler
                0x00000000080001a0       0x98 .pioenvs/bluepill_f103c8/libccd/hal/reset_handler.o
                0x00000000080001a0                reset_handler
 *libhal.a:*reset_handler*(SORT_BY_ALIGNMENT(.text*))
 :*codal_target_hal*(SORT_BY_ALIGNMENT(.text*))
 .text._ZL11timer_alarmv
                0x0000000008000238       0x24 .pioenvs/bluepill_f103c8/libccd/hal/codal_target_hal.o
 .text._ZL15poll_bootloaderv
                0x000000000800025c       0x70 .pioenvs/bluepill_f103c8/libccd/hal/codal_target_hal.o
 .text._ZL10timer_tickv
                0x00000000080002cc       0x18 .pioenvs/bluepill_f103c8/libccd/hal/codal_target_hal.o
 .text._ZL11os_schedulev
                0x00000000080002e4       0x2c .pioenvs/bluepill_f103c8/libccd/hal/codal_target_hal.o
 .text.target_init
                0x0000000008000310       0x30 .pioenvs/bluepill_f103c8/libccd/hal/codal_target_hal.o
                0x0000000008000310                target_init
 .text.target_wait_for_event
                0x0000000008000340       0x10 .pioenvs/bluepill_f103c8/libccd/hal/codal_target_hal.o
                0x0000000008000340                target_wait_for_event
 .text.target_wait
                0x0000000008000350       0x5c .pioenvs/bluepill_f103c8/libccd/hal/codal_target_hal.o
                0x0000000008000350                target_wait
 .text.target_wait_us
                0x00000000080003ac       0x14 .pioenvs/bluepill_f103c8/libccd/hal/codal_target_hal.o
                0x00000000080003ac                target_wait_us
 .text.target_panic
                0x00000000080003c0       0x20 .pioenvs/bluepill_f103c8/libccd/hal/codal_target_hal.o
                0x00000000080003c0                target_panic
 .text.fiber_initial_stack_base
                0x00000000080003e0        0x8 .pioenvs/bluepill_f103c8/libccd/hal/codal_target_hal.o
                0x00000000080003e0                fiber_initial_stack_base
 .text.test_codal
                0x00000000080003e8       0x74 .pioenvs/bluepill_f103c8/libccd/hal/codal_target_hal.o
                0x00000000080003e8                test_codal
 .text.target_set_tick_callback
                0x000000000800045c        0xc .pioenvs/bluepill_f103c8/libccd/hal/codal_target_hal.o
                0x000000000800045c                target_set_tick_callback
 .text.target_set_alarm_callback
                0x0000000008000468        0xc .pioenvs/bluepill_f103c8/libccd/hal/codal_target_hal.o
                0x0000000008000468                target_set_alarm_callback
 .text.target_set_bootloader_callback
                0x0000000008000474        0xc .pioenvs/bluepill_f103c8/libccd/hal/codal_target_hal.o
                0x0000000008000474                target_set_bootloader_callback
 .text.target_enable_irq
                0x0000000008000480        0x4 .pioenvs/bluepill_f103c8/libccd/hal/codal_target_hal.o
                0x0000000008000480                target_enable_irq
 .text.target_disable_irq
                0x0000000008000484        0x4 .pioenvs/bluepill_f103c8/libccd/hal/codal_target_hal.o
                0x0000000008000484                target_disable_irq
 .text.tcb_allocate
                0x0000000008000488        0xa .pioenvs/bluepill_f103c8/libccd/hal/codal_target_hal.o
                0x0000000008000488                tcb_allocate
 .text.tcb_configure_lr
                0x0000000008000492        0x4 .pioenvs/bluepill_f103c8/libccd/hal/codal_target_hal.o
                0x0000000008000492                tcb_configure_lr
 .text.tcb_configure_sp
                0x0000000008000496        0x4 .pioenvs/bluepill_f103c8/libccd/hal/codal_target_hal.o
                0x0000000008000496                tcb_configure_sp
 .text.tcb_configure_stack_base
                0x000000000800049a        0x4 .pioenvs/bluepill_f103c8/libccd/hal/codal_target_hal.o
                0x000000000800049a                tcb_configure_stack_base
 .text.tcb_get_stack_base
                0x000000000800049e        0x4 .pioenvs/bluepill_f103c8/libccd/hal/codal_target_hal.o
                0x000000000800049e                tcb_get_stack_base
 .text.get_current_sp
                0x00000000080004a2        0x4 .pioenvs/bluepill_f103c8/libccd/hal/codal_target_hal.o
                0x00000000080004a2                get_current_sp
 .text.tcb_get_sp
                0x00000000080004a6        0x4 .pioenvs/bluepill_f103c8/libccd/hal/codal_target_hal.o
                0x00000000080004a6                tcb_get_sp
 .text.tcb_configure_args
                0x00000000080004aa        0x8 .pioenvs/bluepill_f103c8/libccd/hal/codal_target_hal.o
                0x00000000080004aa                tcb_configure_args
 .text._fini    0x00000000080004b2        0x2 .pioenvs/bluepill_f103c8/libccd/hal/codal_target_hal.o
                0x00000000080004b2                _fini
 .text.__aeabi_atexit
                0x00000000080004b4        0x4 .pioenvs/bluepill_f103c8/libccd/hal/codal_target_hal.o
                0x00000000080004b4                __aeabi_atexit
 .text.target_enable_debug
                0x00000000080004b8        0x8 .pioenvs/bluepill_f103c8/libccd/hal/codal_target_hal.o
                0x00000000080004b8                target_enable_debug
 *libhal.a:*codal_target_hal*(SORT_BY_ALIGNMENT(.text*))
 :*CortexContextSwitch*(SORT_BY_ALIGNMENT(.text*))
 .text          0x00000000080004c0      0x124 asm/CortexContextSwitch.s.o
                0x00000000080004c0                swap_context
                0x0000000008000542                save_context
                0x0000000008000586                save_register_context
                0x00000000080005b6                restore_register_context
 *libhal.a:(SORT_BY_ALIGNMENT(.text*))
 *liblibopencm3.a:(SORT_BY_ALIGNMENT(.text*))
 *libFrameworkLibOpenCM3.a:(SORT_BY_ALIGNMENT(.text*))
 .text.desig_get_unique_id
                0x00000000080005e4       0x20 .pioenvs/bluepill_f103c8/libFrameworkLibOpenCM3.a(desig.o)
                0x00000000080005e4                desig_get_unique_id
 .text.desig_get_unique_id_as_string
                0x0000000008000604       0x50 .pioenvs/bluepill_f103c8/libFrameworkLibOpenCM3.a(desig.o)
                0x0000000008000604                desig_get_unique_id_as_string
 .text.flash_get_status_flags
                0x0000000008000654       0x2c .pioenvs/bluepill_f103c8/libFrameworkLibOpenCM3.a(flash.o)
                0x0000000008000654                flash_get_status_flags
 .text.flash_program_half_word
                0x0000000008000680       0x70 .pioenvs/bluepill_f103c8/libFrameworkLibOpenCM3.a(flash.o)
                0x0000000008000680                flash_program_half_word
 .text.flash_erase_page
                0x00000000080006f0       0x8c .pioenvs/bluepill_f103c8/libFrameworkLibOpenCM3.a(flash.o)
                0x00000000080006f0                flash_erase_page
 .text.rcc_wait_for_osc_ready
                0x000000000800077c       0x70 .pioenvs/bluepill_f103c8/libFrameworkLibOpenCM3.a(rcc.o)
                0x000000000800077c                rcc_wait_for_osc_ready
 .text.rcc_osc_on
                0x00000000080007ec       0x70 .pioenvs/bluepill_f103c8/libFrameworkLibOpenCM3.a(rcc.o)
                0x00000000080007ec                rcc_osc_on
 .text.rcc_set_sysclk_source
                0x000000000800085c       0x14 .pioenvs/bluepill_f103c8/libFrameworkLibOpenCM3.a(rcc.o)
                0x000000000800085c                rcc_set_sysclk_source
 .text.rcc_set_pll_multiplication_factor
                0x0000000008000870       0x14 .pioenvs/bluepill_f103c8/libFrameworkLibOpenCM3.a(rcc.o)
                0x0000000008000870                rcc_set_pll_multiplication_factor
 .text.rcc_set_pll_source
                0x0000000008000884       0x14 .pioenvs/bluepill_f103c8/libFrameworkLibOpenCM3.a(rcc.o)
                0x0000000008000884                rcc_set_pll_source
 .text.rcc_set_pllxtpre
                0x0000000008000898       0x14 .pioenvs/bluepill_f103c8/libFrameworkLibOpenCM3.a(rcc.o)
                0x0000000008000898                rcc_set_pllxtpre
 .text.rcc_enable_rtc_clock
                0x00000000080008ac       0x10 .pioenvs/bluepill_f103c8/libFrameworkLibOpenCM3.a(rcc.o)
                0x00000000080008ac                rcc_enable_rtc_clock
 .text.rcc_set_rtc_clock_source
                0x00000000080008bc       0xa0 .pioenvs/bluepill_f103c8/libFrameworkLibOpenCM3.a(rcc.o)
                0x00000000080008bc                rcc_set_rtc_clock_source
 .text.rcc_set_adcpre
                0x000000000800095c       0x14 .pioenvs/bluepill_f103c8/libFrameworkLibOpenCM3.a(rcc.o)
                0x000000000800095c                rcc_set_adcpre
 .text.rcc_set_ppre2
                0x0000000008000970       0x14 .pioenvs/bluepill_f103c8/libFrameworkLibOpenCM3.a(rcc.o)
                0x0000000008000970                rcc_set_ppre2
 .text.rcc_set_ppre1
                0x0000000008000984       0x14 .pioenvs/bluepill_f103c8/libFrameworkLibOpenCM3.a(rcc.o)
                0x0000000008000984                rcc_set_ppre1
 .text.rcc_set_hpre
                0x0000000008000998       0x14 .pioenvs/bluepill_f103c8/libFrameworkLibOpenCM3.a(rcc.o)
                0x0000000008000998                rcc_set_hpre
 .text.rcc_clock_setup_in_hse_8mhz_out_72mhz
                0x00000000080009ac       0x90 .pioenvs/bluepill_f103c8/libFrameworkLibOpenCM3.a(rcc.o)
                0x00000000080009ac                rcc_clock_setup_in_hse_8mhz_out_72mhz
 .text.rtc_enter_config_mode
                0x0000000008000a3c       0x24 .pioenvs/bluepill_f103c8/libFrameworkLibOpenCM3.a(rtc.o)
                0x0000000008000a3c                rtc_enter_config_mode
 .text.rtc_exit_config_mode
                0x0000000008000a60       0x24 .pioenvs/bluepill_f103c8/libFrameworkLibOpenCM3.a(rtc.o)
                0x0000000008000a60                rtc_exit_config_mode
 .text.rtc_set_alarm_time
                0x0000000008000a84       0x20 .pioenvs/bluepill_f103c8/libFrameworkLibOpenCM3.a(rtc.o)
                0x0000000008000a84                rtc_set_alarm_time
 .text.rtc_set_prescale_val
                0x0000000008000aa4       0x20 .pioenvs/bluepill_f103c8/libFrameworkLibOpenCM3.a(rtc.o)
                0x0000000008000aa4                rtc_set_prescale_val
 .text.rtc_get_counter_val
                0x0000000008000ac4       0x14 .pioenvs/bluepill_f103c8/libFrameworkLibOpenCM3.a(rtc.o)
                0x0000000008000ac4                rtc_get_counter_val
 .text.rtc_set_counter_val
                0x0000000008000ad8       0x20 .pioenvs/bluepill_f103c8/libFrameworkLibOpenCM3.a(rtc.o)
                0x0000000008000ad8                rtc_set_counter_val
 .text.rtc_interrupt_enable
                0x0000000008000af8       0x40 .pioenvs/bluepill_f103c8/libFrameworkLibOpenCM3.a(rtc.o)
                0x0000000008000af8                rtc_interrupt_enable
 .text.rtc_interrupt_disable
                0x0000000008000b38       0x40 .pioenvs/bluepill_f103c8/libFrameworkLibOpenCM3.a(rtc.o)
                0x0000000008000b38                rtc_interrupt_disable
 .text.rtc_clear_flag
                0x0000000008000b78       0x34 .pioenvs/bluepill_f103c8/libFrameworkLibOpenCM3.a(rtc.o)
                0x0000000008000b78                rtc_clear_flag
 .text.rtc_check_flag
                0x0000000008000bac       0x30 .pioenvs/bluepill_f103c8/libFrameworkLibOpenCM3.a(rtc.o)
                0x0000000008000bac                rtc_check_flag
 .text.pwr_disable_backup_domain_write_protect
                0x0000000008000bdc       0x10 .pioenvs/bluepill_f103c8/libFrameworkLibOpenCM3.a(pwr_common_all.o)
                0x0000000008000bdc                pwr_disable_backup_domain_write_protect
 .text.pwr_enable_backup_domain_write_protect
                0x0000000008000bec       0x10 .pioenvs/bluepill_f103c8/libFrameworkLibOpenCM3.a(pwr_common_all.o)
                0x0000000008000bec                pwr_enable_backup_domain_write_protect
 .text.exti_set_trigger
                0x0000000008000bfc       0x4c .pioenvs/bluepill_f103c8/libFrameworkLibOpenCM3.a(exti_common_all.o)
                0x0000000008000bfc                exti_set_trigger
 .text.exti_enable_request
                0x0000000008000c48       0x18 .pioenvs/bluepill_f103c8/libFrameworkLibOpenCM3.a(exti_common_all.o)
                0x0000000008000c48                exti_enable_request
 .text.exti_reset_request
                0x0000000008000c60        0xc .pioenvs/bluepill_f103c8/libFrameworkLibOpenCM3.a(exti_common_all.o)
                0x0000000008000c60                exti_reset_request
 .text.flash_set_ws
                0x0000000008000c6c       0x14 .pioenvs/bluepill_f103c8/libFrameworkLibOpenCM3.a(flash_common_f01.o)
                0x0000000008000c6c                flash_set_ws
 .text.flash_unlock
                0x0000000008000c80       0x24 .pioenvs/bluepill_f103c8/libFrameworkLibOpenCM3.a(flash_common_f01.o)
                0x0000000008000c80                flash_unlock
 .text.flash_lock
                0x0000000008000ca4       0x10 .pioenvs/bluepill_f103c8/libFrameworkLibOpenCM3.a(flash_common_f01.o)
                0x0000000008000ca4                flash_lock
 .text.usbd_init
                0x0000000008000cb4       0x58 .pioenvs/bluepill_f103c8/libFrameworkLibOpenCM3.a(usb.o)
                0x0000000008000cb4                usbd_init
 .text._usbd_standard_request_device
                0x0000000008000d0c       0x4c .pioenvs/bluepill_f103c8/libFrameworkLibOpenCM3.a(usb_standard.o)
                0x0000000008000d0c                _usbd_standard_request_device
 .text._usbd_standard_request_interface
                0x0000000008000d58       0x34 .pioenvs/bluepill_f103c8/libFrameworkLibOpenCM3.a(usb_standard.o)
                0x0000000008000d58                _usbd_standard_request_interface
 .text._usbd_standard_request_endpoint
                0x0000000008000d8c       0x44 .pioenvs/bluepill_f103c8/libFrameworkLibOpenCM3.a(usb_standard.o)
                0x0000000008000d8c                _usbd_standard_request_endpoint
 .text.st_usbfs_v1_usbd_init
                0x0000000008000dd0       0x30 .pioenvs/bluepill_f103c8/libFrameworkLibOpenCM3.a(st_usbfs_v1.o)
 .text.scb_reset_system
                0x0000000008000e00       0x10 .pioenvs/bluepill_f103c8/libFrameworkLibOpenCM3.a(scb.o)
                0x0000000008000e00                scb_reset_system
 .text.st_usbfs_set_address
                0x0000000008000e10       0x10 .pioenvs/bluepill_f103c8/libFrameworkLibOpenCM3.a(st_usbfs_core.o)
                0x0000000008000e10                st_usbfs_set_address
 .text.st_usbfs_set_ep_rx_bufsize
                0x0000000008000e20       0x60 .pioenvs/bluepill_f103c8/libFrameworkLibOpenCM3.a(st_usbfs_core.o)
                0x0000000008000e20                st_usbfs_set_ep_rx_bufsize
 .text.st_usbfs_ep_setup
                0x0000000008000e80      0x160 .pioenvs/bluepill_f103c8/libFrameworkLibOpenCM3.a(st_usbfs_core.o)
                0x0000000008000e80                st_usbfs_ep_setup
 .text.st_usbfs_ep_nak_set
                0x0000000008000fe0       0x80 .pioenvs/bluepill_f103c8/libFrameworkLibOpenCM3.a(st_usbfs_core.o)
                0x0000000008000fe0                st_usbfs_ep_nak_set
 .text.st_usbfs_ep_write_packet
                0x0000000008001060       0x90 .pioenvs/bluepill_f103c8/libFrameworkLibOpenCM3.a(st_usbfs_core.o)
                0x0000000008001060                st_usbfs_ep_write_packet
 .text.st_usbfs_ep_read_packet
                0x00000000080010f0       0xd4 .pioenvs/bluepill_f103c8/libFrameworkLibOpenCM3.a(st_usbfs_core.o)
                0x00000000080010f0                st_usbfs_ep_read_packet
 .text.st_usbfs_poll
                0x00000000080011c4       0xfc .pioenvs/bluepill_f103c8/libFrameworkLibOpenCM3.a(st_usbfs_core.o)
                0x00000000080011c4                st_usbfs_poll
 .text.gpio_set_mode
                0x00000000080012c0       0x6c .pioenvs/bluepill_f103c8/libFrameworkLibOpenCM3.a(gpio.o)
                0x00000000080012c0                gpio_set_mode
 .text.gpio_set
                0x000000000800132c        0x4 .pioenvs/bluepill_f103c8/libFrameworkLibOpenCM3.a(gpio_common_all.o)
                0x000000000800132c                gpio_set
 .text.gpio_clear
                0x0000000008001330        0x6 .pioenvs/bluepill_f103c8/libFrameworkLibOpenCM3.a(gpio_common_all.o)
                0x0000000008001330                gpio_clear
 .text.usart_recv
                0x0000000008001336        0x8 .pioenvs/bluepill_f103c8/libFrameworkLibOpenCM3.a(usart_common_f124.o)
                0x0000000008001336                usart_recv
 .text.rcc_periph_clock_enable
                0x000000000800133e       0x1c .pioenvs/bluepill_f103c8/libFrameworkLibOpenCM3.a(rcc_common_all.o)
                0x000000000800133e                rcc_periph_clock_enable
 .text.rcc_periph_reset_pulse
                0x000000000800135a       0x22 .pioenvs/bluepill_f103c8/libFrameworkLibOpenCM3.a(rcc_common_all.o)
                0x000000000800135a                rcc_periph_reset_pulse
 .text.flash_wait_for_last_operation
                0x000000000800137c        0xe .pioenvs/bluepill_f103c8/libFrameworkLibOpenCM3.a(flash_common_f01.o)
                0x000000000800137c                flash_wait_for_last_operation
 .text.usbd_register_sof_callback
                0x000000000800138a        0x4 .pioenvs/bluepill_f103c8/libFrameworkLibOpenCM3.a(usb.o)
                0x000000000800138a                usbd_register_sof_callback
 .text.usbd_poll
                0x000000000800138e        0xc .pioenvs/bluepill_f103c8/libFrameworkLibOpenCM3.a(usb.o)
                0x000000000800138e                usbd_poll
 .text.usbd_ep_setup
                0x000000000800139a       0x14 .pioenvs/bluepill_f103c8/libFrameworkLibOpenCM3.a(usb.o)
                0x000000000800139a                usbd_ep_setup
 .text._usbd_reset
                0x00000000080013ae       0x30 .pioenvs/bluepill_f103c8/libFrameworkLibOpenCM3.a(usb.o)
                0x00000000080013ae                _usbd_reset
 .text.usbd_ep_write_packet
                0x00000000080013de        0xc .pioenvs/bluepill_f103c8/libFrameworkLibOpenCM3.a(usb.o)
                0x00000000080013de                usbd_ep_write_packet
 .text.usbd_ep_read_packet
                0x00000000080013ea        0xc .pioenvs/bluepill_f103c8/libFrameworkLibOpenCM3.a(usb.o)
                0x00000000080013ea                usbd_ep_read_packet
 .text.usbd_ep_stall_set
                0x00000000080013f6        0xc .pioenvs/bluepill_f103c8/libFrameworkLibOpenCM3.a(usb.o)
                0x00000000080013f6                usbd_ep_stall_set
 .text.usbd_ep_stall_get
                0x0000000008001402        0xc .pioenvs/bluepill_f103c8/libFrameworkLibOpenCM3.a(usb.o)
                0x0000000008001402                usbd_ep_stall_get
 .text.stall_transaction
                0x000000000800140e       0x14 .pioenvs/bluepill_f103c8/libFrameworkLibOpenCM3.a(usb_control.o)
 .text.usb_control_setup_write
                0x0000000008001422       0x32 .pioenvs/bluepill_f103c8/libFrameworkLibOpenCM3.a(usb_control.o)
 .text.usb_control_recv_chunk
                0x0000000008001454       0x3c .pioenvs/bluepill_f103c8/libFrameworkLibOpenCM3.a(usb_control.o)
 .text.usb_control_send_chunk
                0x0000000008001490       0x48 .pioenvs/bluepill_f103c8/libFrameworkLibOpenCM3.a(usb_control.o)
 .text.usb_control_request_dispatch
                0x00000000080014d8       0x60 .pioenvs/bluepill_f103c8/libFrameworkLibOpenCM3.a(usb_control.o)
 .text.usb_control_setup_read
                0x0000000008001538       0x3a .pioenvs/bluepill_f103c8/libFrameworkLibOpenCM3.a(usb_control.o)
 .text.usbd_register_control_callback
                0x0000000008001572       0x30 .pioenvs/bluepill_f103c8/libFrameworkLibOpenCM3.a(usb_control.o)
                0x0000000008001572                usbd_register_control_callback
 .text._usbd_control_setup
                0x00000000080015a2       0x4a .pioenvs/bluepill_f103c8/libFrameworkLibOpenCM3.a(usb_control.o)
                0x00000000080015a2                _usbd_control_setup
 .text._usbd_control_out
                0x00000000080015ec       0x8a .pioenvs/bluepill_f103c8/libFrameworkLibOpenCM3.a(usb_control.o)
                0x00000000080015ec                _usbd_control_out
 .text._usbd_control_in
                0x0000000008001676       0x56 .pioenvs/bluepill_f103c8/libFrameworkLibOpenCM3.a(usb_control.o)
                0x0000000008001676                _usbd_control_in
 .text.usb_descriptor_type
                0x00000000080016cc        0x4 .pioenvs/bluepill_f103c8/libFrameworkLibOpenCM3.a(usb_standard.o)
 .text.usb_descriptor_index
                0x00000000080016d0        0x4 .pioenvs/bluepill_f103c8/libFrameworkLibOpenCM3.a(usb_standard.o)
 .text.usb_standard_set_address
                0x00000000080016d4       0x30 .pioenvs/bluepill_f103c8/libFrameworkLibOpenCM3.a(usb_standard.o)
 .text.usb_standard_set_configuration
                0x0000000008001704       0xba .pioenvs/bluepill_f103c8/libFrameworkLibOpenCM3.a(usb_standard.o)
 .text.usb_standard_get_configuration
                0x00000000080017be       0x24 .pioenvs/bluepill_f103c8/libFrameworkLibOpenCM3.a(usb_standard.o)
 .text.usb_standard_set_interface
                0x00000000080017e2       0x56 .pioenvs/bluepill_f103c8/libFrameworkLibOpenCM3.a(usb_standard.o)
 .text.usb_standard_get_interface
                0x0000000008001838       0x3e .pioenvs/bluepill_f103c8/libFrameworkLibOpenCM3.a(usb_standard.o)
 .text.usb_standard_device_get_status
                0x0000000008001876       0x18 .pioenvs/bluepill_f103c8/libFrameworkLibOpenCM3.a(usb_standard.o)
 .text.usb_standard_interface_get_status
                0x000000000800188e       0x18 .pioenvs/bluepill_f103c8/libFrameworkLibOpenCM3.a(usb_standard.o)
 .text.build_config_descriptor
                0x00000000080018a6      0x1ba .pioenvs/bluepill_f103c8/libFrameworkLibOpenCM3.a(usb_standard.o)
 .text.usb_standard_get_descriptor
                0x0000000008001a60       0xe6 .pioenvs/bluepill_f103c8/libFrameworkLibOpenCM3.a(usb_standard.o)
 .text.usb_standard_endpoint_get_status
                0x0000000008001b46       0x2a .pioenvs/bluepill_f103c8/libFrameworkLibOpenCM3.a(usb_standard.o)
 .text.usb_standard_endpoint_stall
                0x0000000008001b70       0x10 .pioenvs/bluepill_f103c8/libFrameworkLibOpenCM3.a(usb_standard.o)
 .text.usb_standard_endpoint_unstall
                0x0000000008001b80       0x10 .pioenvs/bluepill_f103c8/libFrameworkLibOpenCM3.a(usb_standard.o)
 .text.usbd_register_set_config_callback
                0x0000000008001b90       0x28 .pioenvs/bluepill_f103c8/libFrameworkLibOpenCM3.a(usb_standard.o)
                0x0000000008001b90                usbd_register_set_config_callback
 .text._usbd_standard_request
                0x0000000008001bb8       0x32 .pioenvs/bluepill_f103c8/libFrameworkLibOpenCM3.a(usb_standard.o)
                0x0000000008001bb8                _usbd_standard_request
 .text.st_usbfs_copy_to_pm
                0x0000000008001bea       0x18 .pioenvs/bluepill_f103c8/libFrameworkLibOpenCM3.a(st_usbfs_v1.o)
                0x0000000008001bea                st_usbfs_copy_to_pm
 .text.st_usbfs_copy_from_pm
                0x0000000008001c02       0x24 .pioenvs/bluepill_f103c8/libFrameworkLibOpenCM3.a(st_usbfs_v1.o)
                0x0000000008001c02                st_usbfs_copy_from_pm
 .text.blocking_handler
                0x0000000008001c26        0x2 .pioenvs/bluepill_f103c8/libFrameworkLibOpenCM3.a(vector.o)
                0x0000000008001c26                exti0_isr
                0x0000000008001c26                tim7_isr
                0x0000000008001c26                adc1_2_isr
                0x0000000008001c26                tim1_trg_com_isr
                0x0000000008001c26                usb_hp_can_tx_isr
                0x0000000008001c26                tim6_isr
                0x0000000008001c26                usb_wakeup_isr
                0x0000000008001c26                blocking_handler
                0x0000000008001c26                tim5_isr
                0x0000000008001c26                otg_fs_isr
                0x0000000008001c26                spi1_isr
                0x0000000008001c26                exti2_isr
                0x0000000008001c26                dma1_channel6_isr
                0x0000000008001c26                can_rx1_isr
                0x0000000008001c26                dma1_channel5_isr
                0x0000000008001c26                dma2_channel5_isr
                0x0000000008001c26                usart1_isr
                0x0000000008001c26                usage_fault_handler
                0x0000000008001c26                tim8_trg_com_isr
                0x0000000008001c26                can2_rx0_isr
                0x0000000008001c26                tim1_brk_isr
                0x0000000008001c26                can2_rx1_isr
                0x0000000008001c26                tim1_cc_isr
                0x0000000008001c26                sdio_isr
                0x0000000008001c26                eth_isr
                0x0000000008001c26                dma1_channel4_isr
                0x0000000008001c26                tim8_brk_isr
                0x0000000008001c26                dma2_channel4_5_isr
                0x0000000008001c26                pvd_isr
                0x0000000008001c26                rcc_isr
                0x0000000008001c26                flash_isr
                0x0000000008001c26                uart4_isr
                0x0000000008001c26                exti15_10_isr
                0x0000000008001c26                hard_fault_handler
                0x0000000008001c26                exti1_isr
                0x0000000008001c26                i2c1_ev_isr
                0x0000000008001c26                dma2_channel1_isr
                0x0000000008001c26                spi2_isr
                0x0000000008001c26                tim8_up_isr
                0x0000000008001c26                dma2_channel2_isr
                0x0000000008001c26                exti3_isr
                0x0000000008001c26                adc3_isr
                0x0000000008001c26                tim3_isr
                0x0000000008001c26                usb_lp_can_rx0_isr
                0x0000000008001c26                i2c2_er_isr
                0x0000000008001c26                i2c2_ev_isr
                0x0000000008001c26                uart5_isr
                0x0000000008001c26                fsmc_isr
                0x0000000008001c26                dma1_channel1_isr
                0x0000000008001c26                exti4_isr
                0x0000000008001c26                mem_manage_handler
                0x0000000008001c26                can2_tx_isr
                0x0000000008001c26                exti9_5_isr
                0x0000000008001c26                dma2_channel3_isr
                0x0000000008001c26                dma1_channel7_isr
                0x0000000008001c26                tim1_up_isr
                0x0000000008001c26                can2_sce_isr
                0x0000000008001c26                tim4_isr
                0x0000000008001c26                dma1_channel2_isr
                0x0000000008001c26                i2c1_er_isr
                0x0000000008001c26                can_sce_isr
                0x0000000008001c26                tim8_cc_isr
                0x0000000008001c26                tamper_isr
                0x0000000008001c26                eth_wkup_isr
                0x0000000008001c26                bus_fault_handler
                0x0000000008001c26                wwdg_isr
                0x0000000008001c26                dma1_channel3_isr
                0x0000000008001c26                spi3_isr
                0x0000000008001c26                tim2_isr
                0x0000000008001c26                usart3_isr
 .text.null_handler
                0x0000000008001c28        0x2 .pioenvs/bluepill_f103c8/libFrameworkLibOpenCM3.a(vector.o)
                0x0000000008001c28                null_handler
                0x0000000008001c28                sv_call_handler
                0x0000000008001c28                pend_sv_handler
                0x0000000008001c28                debug_monitor_handler
                0x0000000008001c28                sys_tick_handler
                0x0000000008001c28                nmi_handler
 .text.nvic_enable_irq
                0x0000000008001c2a       0x18 .pioenvs/bluepill_f103c8/libFrameworkLibOpenCM3.a(nvic.o)
                0x0000000008001c2a                nvic_enable_irq
 .text.st_usbfs_endpoints_reset
                0x0000000008001c42       0x6c .pioenvs/bluepill_f103c8/libFrameworkLibOpenCM3.a(st_usbfs_core.o)
                0x0000000008001c42                st_usbfs_endpoints_reset
 .text.st_usbfs_ep_stall_set
                0x0000000008001cae      0x108 .pioenvs/bluepill_f103c8/libFrameworkLibOpenCM3.a(st_usbfs_core.o)
                0x0000000008001cae                st_usbfs_ep_stall_set
 .text.st_usbfs_ep_stall_get
                0x0000000008001db6       0x44 .pioenvs/bluepill_f103c8/libFrameworkLibOpenCM3.a(st_usbfs_core.o)
                0x0000000008001db6                st_usbfs_ep_stall_get
 *libcocoos.a:(SORT_BY_ALIGNMENT(.text*))
 *libcocoOS_?.?.?.a:(SORT_BY_ALIGNMENT(.text*))
 *fill*         0x0000000008001dfa        0x2 
 .text.os_event_init
                0x0000000008001dfc        0xc .pioenvs/bluepill_f103c8/libea7/libcocoOS_5.0.3.a(os_event.o)
                0x0000000008001dfc                os_event_init
 .text.event_create
                0x0000000008001e08       0x38 .pioenvs/bluepill_f103c8/libea7/libcocoOS_5.0.3.a(os_event.o)
                0x0000000008001e08                event_create
 .text.os_signal_event
                0x0000000008001e40       0x10 .pioenvs/bluepill_f103c8/libea7/libcocoOS_5.0.3.a(os_event.o)
                0x0000000008001e40                os_signal_event
 .text.os_event_set_signaling_tid
                0x0000000008001e50       0x10 .pioenvs/bluepill_f103c8/libea7/libcocoOS_5.0.3.a(os_event.o)
                0x0000000008001e50                os_event_set_signaling_tid
 .text.os_init  0x0000000008001e60       0x30 .pioenvs/bluepill_f103c8/libea7/libcocoOS_5.0.3.a(os_kernel.o)
                0x0000000008001e60                os_init
 .text.os_running
                0x0000000008001e90        0xc .pioenvs/bluepill_f103c8/libea7/libcocoOS_5.0.3.a(os_kernel.o)
                0x0000000008001e90                os_running
 .text.os_msgQ_init
                0x0000000008001e9c       0x38 .pioenvs/bluepill_f103c8/libea7/libcocoOS_5.0.3.a(os_msgqueue.o)
                0x0000000008001e9c                os_msgQ_init
 .text.os_msgQ_create
                0x0000000008001ed4       0x58 .pioenvs/bluepill_f103c8/libea7/libcocoOS_5.0.3.a(os_msgqueue.o)
                0x0000000008001ed4                os_msgQ_create
 .text.os_msgQ_tick
                0x0000000008001f2c       0x74 .pioenvs/bluepill_f103c8/libea7/libcocoOS_5.0.3.a(os_msgqueue.o)
                0x0000000008001f2c                os_msgQ_tick
 .text.os_sem_create
                0x0000000008001fa0       0x3c .pioenvs/bluepill_f103c8/libea7/libcocoOS_5.0.3.a(os_sem.o)
 .text.os_sem_init
                0x0000000008001fdc        0xc .pioenvs/bluepill_f103c8/libea7/libcocoOS_5.0.3.a(os_sem.o)
                0x0000000008001fdc                os_sem_init
 .text.os_sem_larger_than_zero
                0x0000000008001fe8       0x14 .pioenvs/bluepill_f103c8/libea7/libcocoOS_5.0.3.a(os_sem.o)
                0x0000000008001fe8                os_sem_larger_than_zero
 .text.os_sem_decrement
                0x0000000008001ffc       0x1c .pioenvs/bluepill_f103c8/libea7/libcocoOS_5.0.3.a(os_sem.o)
                0x0000000008001ffc                os_sem_decrement
 .text.os_task_wait_queue_empty
                0x0000000008002018       0x1c .pioenvs/bluepill_f103c8/libea7/libcocoOS_5.0.3.a(os_task.o)
 .text.task_wait_sem_set
                0x0000000008002034       0x1c .pioenvs/bluepill_f103c8/libea7/libcocoOS_5.0.3.a(os_task.o)
 .text.task_ready_set
                0x0000000008002050       0x14 .pioenvs/bluepill_f103c8/libea7/libcocoOS_5.0.3.a(os_task.o)
 .text.os_task_init
                0x0000000008002064       0x74 .pioenvs/bluepill_f103c8/libea7/libcocoOS_5.0.3.a(os_task.o)
                0x0000000008002064                os_task_init
 .text.os_task_highest_prio_ready_task
                0x00000000080020d8       0x44 .pioenvs/bluepill_f103c8/libea7/libcocoOS_5.0.3.a(os_task.o)
                0x00000000080020d8                os_task_highest_prio_ready_task
 .text.os_task_wait_sem_set
                0x000000000800211c       0x38 .pioenvs/bluepill_f103c8/libea7/libcocoOS_5.0.3.a(os_task.o)
                0x000000000800211c                os_task_wait_sem_set
 .text.os_task_clear_wait_queue
                0x0000000008002154       0x1c .pioenvs/bluepill_f103c8/libea7/libcocoOS_5.0.3.a(os_task.o)
                0x0000000008002154                os_task_clear_wait_queue
 .text.task_create
                0x0000000008002170       0xdc .pioenvs/bluepill_f103c8/libea7/libcocoOS_5.0.3.a(os_task.o)
                0x0000000008002170                task_create
 .text.os_task_tick
                0x000000000800224c       0xac .pioenvs/bluepill_f103c8/libea7/libcocoOS_5.0.3.a(os_task.o)
                0x000000000800224c                os_task_tick
 .text.os_task_signal_event
                0x00000000080022f8       0x98 .pioenvs/bluepill_f103c8/libea7/libcocoOS_5.0.3.a(os_task.o)
                0x00000000080022f8                os_task_signal_event
 .text.os_task_run
                0x0000000008002390       0x38 .pioenvs/bluepill_f103c8/libea7/libcocoOS_5.0.3.a(os_task.o)
                0x0000000008002390                os_task_run
 .text.os_task_internal_state_get
                0x00000000080023c8       0x14 .pioenvs/bluepill_f103c8/libea7/libcocoOS_5.0.3.a(os_task.o)
                0x00000000080023c8                os_task_internal_state_get
 .text.os_task_internal_state_set
                0x00000000080023dc       0x14 .pioenvs/bluepill_f103c8/libea7/libcocoOS_5.0.3.a(os_task.o)
                0x00000000080023dc                os_task_internal_state_set
 .text.os_on_assert
                0x00000000080023f0       0x28 .pioenvs/bluepill_f103c8/libea7/libcocoOS_5.0.3.a(os_assert.o)
                0x00000000080023f0                os_on_assert
 .text.os_cbkSleep
                0x0000000008002418        0x2 .pioenvs/bluepill_f103c8/libea7/libcocoOS_5.0.3.a(os_cbk.o)
                0x0000000008002418                os_cbkSleep
 .text.os_tick  0x000000000800241a        0xc .pioenvs/bluepill_f103c8/libea7/libcocoOS_5.0.3.a(os_kernel.o)
                0x000000000800241a                os_tick
 .text.sem_bin_create
                0x0000000008002426       0x10 .pioenvs/bluepill_f103c8/libea7/libcocoOS_5.0.3.a(os_sem.o)
                0x0000000008002426                sem_bin_create
 *libgcc.a:(SORT_BY_ALIGNMENT(.text*))
 *libqfplib.a:(SORT_BY_ALIGNMENT(.text*))
 *libnano-float.a:(SORT_BY_ALIGNMENT(.text*))
 *libnewlib.a:(SORT_BY_ALIGNMENT(.text*))
 .text.memcpy   0x0000000008002436       0x1a .pioenvs/bluepill_f103c8/lib98a/libnewlib.a(memcpy.o)
                0x0000000008002436                memcpy
 .text.strlen   0x0000000008002450       0x10 .pioenvs/bluepill_f103c8/lib98a/libnewlib.a(strlen.o)
                0x0000000008002450                strlen
 .text.strncpy  0x0000000008002460       0x40 .pioenvs/bluepill_f103c8/lib98a/libnewlib.a(strncpy.o)
                0x0000000008002460                strncpy
 .text.memcmp   0x00000000080024a0       0x20 .pioenvs/bluepill_f103c8/lib98a/libnewlib.a(memcmp.o)
                0x00000000080024a0                memcmp
 .text.memset   0x00000000080024c0       0x16 .pioenvs/bluepill_f103c8/lib98a/libnewlib.a(memset.o)
                0x00000000080024c0                memset
 *liblogger.a:(SORT_BY_ALIGNMENT(.text*))
 *fill*         0x00000000080024d6        0x2 
 .text._ZL10__semihostiPv
                0x00000000080024d8       0x24 .pioenvs/bluepill_f103c8/libd9b/liblogger.a(logger.o)
 .text._ZL13target_in_isrv
                0x00000000080024fc       0x10 .pioenvs/bluepill_f103c8/libd9b/liblogger.a(logger.o)
 .text._ZL16write_all_outputPKhtb
                0x000000000800250c       0x44 .pioenvs/bluepill_f103c8/libd9b/liblogger.a(logger.o)
 .text._ZL12debug_appendPKcj
                0x0000000008002550       0x40 .pioenvs/bluepill_f103c8/libd9b/liblogger.a(logger.o)
 .text.enable_log
                0x0000000008002590        0xc .pioenvs/bluepill_f103c8/libd9b/liblogger.a(logger.o)
                0x0000000008002590                enable_log
 .text.logger_add_output
                0x000000000800259c       0x48 .pioenvs/bluepill_f103c8/libd9b/liblogger.a(logger.o)
                0x000000000800259c                logger_add_output
 .text._Z20debug_flush_internalb
                0x00000000080025e4       0x50 .pioenvs/bluepill_f103c8/libd9b/liblogger.a(logger.o)
                0x00000000080025e4                debug_flush_internal(bool)
 .text.debug_force_flush
                0x0000000008002634       0x20 .pioenvs/bluepill_f103c8/libd9b/liblogger.a(logger.o)
                0x0000000008002634                debug_force_flush
 .text._Z11debug_printj
                0x0000000008002654       0x88 .pioenvs/bluepill_f103c8/libd9b/liblogger.a(logger.o)
                0x0000000008002654                debug_print(unsigned int)
 .text._Z11debug_printi
                0x00000000080026dc       0x34 .pioenvs/bluepill_f103c8/libd9b/liblogger.a(logger.o)
                0x00000000080026dc                debug_print(int)
 .text.debug_println
                0x0000000008002710       0x1c .pioenvs/bluepill_f103c8/libd9b/liblogger.a(logger.o)
                0x0000000008002710                debug_println
 .text._Z13debug_printlni
                0x000000000800272c       0x14 .pioenvs/bluepill_f103c8/libd9b/liblogger.a(logger.o)
                0x000000000800272c                debug_println(int)
 .text._ZL14semihost_writemPKhj
                0x0000000008002740       0x1e .pioenvs/bluepill_f103c8/libd9b/liblogger.a(logger.o)
 .text.debug_flush
                0x000000000800275e        0xa .pioenvs/bluepill_f103c8/libd9b/liblogger.a(logger.o)
                0x000000000800275e                debug_flush
 .text.debug_print
                0x0000000008002768       0x18 .pioenvs/bluepill_f103c8/libd9b/liblogger.a(logger.o)
                0x0000000008002768                debug_print
 .text.debug_print_unsigned
                0x0000000008002780        0x8 .pioenvs/bluepill_f103c8/libd9b/liblogger.a(logger.o)
                0x0000000008002780                debug_print_unsigned
 .text.debug_printhex
                0x0000000008002788       0x70 .pioenvs/bluepill_f103c8/libd9b/liblogger.a(logger.o)
                0x0000000008002788                debug_printhex
 .text.debug_printhex_unsigned
                0x00000000080027f8       0x1c .pioenvs/bluepill_f103c8/libd9b/liblogger.a(logger.o)
                0x00000000080027f8                debug_printhex_unsigned
 *libbluepill.a:(SORT_BY_ALIGNMENT(.text*))
 .text.platform_setup
                0x0000000008002814       0x4c .pioenvs/bluepill_f103c8/lib271/libbluepill.a(bluepill.o)
                0x0000000008002814                platform_setup
 .text.enable_debug
                0x0000000008002860       0x14 .pioenvs/bluepill_f103c8/lib271/libbluepill.a(bluepill.o)
                0x0000000008002860                enable_debug
 .text.led_setup
                0x0000000008002874       0x20 .pioenvs/bluepill_f103c8/lib271/libbluepill.a(led.o)
                0x0000000008002874                led_setup
 .text.led_on   0x0000000008002894       0x14 .pioenvs/bluepill_f103c8/lib271/libbluepill.a(led.o)
                0x0000000008002894                led_on
 .text.led_off  0x00000000080028a8       0x14 .pioenvs/bluepill_f103c8/lib271/libbluepill.a(led.o)
                0x00000000080028a8                led_off
 .text.led_wait
                0x00000000080028bc       0x14 .pioenvs/bluepill_f103c8/lib271/libbluepill.a(led.o)
                0x00000000080028bc                led_wait
 .text._ZL25custom_rtc_awake_from_off7rcc_osc
                0x00000000080028d0       0x74 .pioenvs/bluepill_f103c8/lib271/libbluepill.a(timer.o)
 .text._ZL9rtc_setupv
                0x0000000008002944       0x90 .pioenvs/bluepill_f103c8/lib271/libbluepill.a(timer.o)
 .text.platform_start_timer
                0x00000000080029d4       0x34 .pioenvs/bluepill_f103c8/lib271/libbluepill.a(timer.o)
                0x00000000080029d4                platform_start_timer
 .text.platform_set_alarm
                0x0000000008002a08       0x34 .pioenvs/bluepill_f103c8/lib271/libbluepill.a(timer.o)
                0x0000000008002a08                platform_set_alarm
 .text.rtc_isr  0x0000000008002a3c       0x30 .pioenvs/bluepill_f103c8/lib271/libbluepill.a(timer.o)
                0x0000000008002a3c                rtc_isr
 .text.rtc_alarm_isr
                0x0000000008002a6c       0x2c .pioenvs/bluepill_f103c8/lib271/libbluepill.a(timer.o)
                0x0000000008002a6c                rtc_alarm_isr
 .text.platform_alarm_count
                0x0000000008002a98        0xc .pioenvs/bluepill_f103c8/lib271/libbluepill.a(timer.o)
                0x0000000008002a98                platform_alarm_count
 .text.__cxa_pure_virtual
                0x0000000008002aa4        0xc .pioenvs/bluepill_f103c8/lib271/libbluepill.a(bluepill.o)
                0x0000000008002aa4                __cxa_pure_virtual
 .text._Znwj    0x0000000008002ab0        0x8 .pioenvs/bluepill_f103c8/lib271/libbluepill.a(bluepill.o)
                0x0000000008002ab0                operator new(unsigned int)
 .text._ZdlPv   0x0000000008002ab8        0x8 .pioenvs/bluepill_f103c8/lib271/libbluepill.a(bluepill.o)
                0x0000000008002ab8                operator delete(void*)
 .text.millis   0x0000000008002ac0        0x8 .pioenvs/bluepill_f103c8/lib271/libbluepill.a(timer.o)
                0x0000000008002ac0                millis
 *libbootloader.a:(SORT_BY_ALIGNMENT(.text*))
 .text.get_serial_number
                0x0000000008002ac8       0x34 .pioenvs/bluepill_f103c8/libb45/libbootloader.a(bootloader.o)
 .text.poll_loop
                0x0000000008002afc       0x88 .pioenvs/bluepill_f103c8/libb45/libbootloader.a(bootloader.o)
 .text.bootloader_poll
                0x0000000008002b84       0x48 .pioenvs/bluepill_f103c8/libb45/libbootloader.a(bootloader.o)
                0x0000000008002b84                bootloader_poll
 .text.bootloader_start
                0x0000000008002bcc       0x64 .pioenvs/bluepill_f103c8/libb45/libbootloader.a(bootloader.o)
                0x0000000008002bcc                bootloader_start
 .text.get_flash_end
                0x0000000008002c30        0x8 .pioenvs/bluepill_f103c8/libb45/libbootloader.a(target_stm32f103.o)
 .text.validate_application
                0x0000000008002c38       0x5c .pioenvs/bluepill_f103c8/libb45/libbootloader.a(target_stm32f103.o)
 .text.target_set_led
                0x0000000008002c94       0x20 .pioenvs/bluepill_f103c8/libb45/libbootloader.a(target_stm32f103.o)
                0x0000000008002c94                target_set_led
 .text.target_gpio_setup
                0x0000000008002cb4       0x6c .pioenvs/bluepill_f103c8/libb45/libbootloader.a(target_stm32f103.o)
                0x0000000008002cb4                target_gpio_setup
 .text.target_usb_init
                0x0000000008002d20       0x34 .pioenvs/bluepill_f103c8/libb45/libbootloader.a(target_stm32f103.o)
                0x0000000008002d20                target_usb_init
 .text.target_manifest_app
                0x0000000008002d54       0x18 .pioenvs/bluepill_f103c8/libb45/libbootloader.a(target_stm32f103.o)
                0x0000000008002d54                target_manifest_app
 .text.target_manifest_bootloader
                0x0000000008002d6c       0x18 .pioenvs/bluepill_f103c8/libb45/libbootloader.a(target_stm32f103.o)
                0x0000000008002d6c                target_manifest_bootloader
 .text.target_get_force_bootloader
                0x0000000008002d84       0x40 .pioenvs/bluepill_f103c8/libb45/libbootloader.a(target_stm32f103.o)
                0x0000000008002d84                target_get_force_bootloader
 .text.target_get_startup_mode
                0x0000000008002dc4       0x58 .pioenvs/bluepill_f103c8/libb45/libbootloader.a(target_stm32f103.o)
                0x0000000008002dc4                target_get_startup_mode
 .text.target_flash_program_array
                0x0000000008002e1c       0xc8 .pioenvs/bluepill_f103c8/libb45/libbootloader.a(target_stm32f103.o)
                0x0000000008002e1c                target_flash_program_array
 .text.hf2_connected
                0x0000000008002ee4       0x14 .pioenvs/bluepill_f103c8/libb45/libbootloader.a(usb_conf.o)
 .text.cdc_connected
                0x0000000008002ef8       0x20 .pioenvs/bluepill_f103c8/libb45/libbootloader.a(usb_conf.o)
 .text.usb_cdc_transmit
                0x0000000008002f18       0x30 .pioenvs/bluepill_f103c8/libb45/libbootloader.a(usb_conf.o)
 .text.sof_callback
                0x0000000008002f48       0x10 .pioenvs/bluepill_f103c8/libb45/libbootloader.a(usb_conf.o)
 .text.set_aggregate_callback
                0x0000000008002f58       0x50 .pioenvs/bluepill_f103c8/libb45/libbootloader.a(usb_conf.o)
 .text.usb_setup
                0x0000000008002fa8       0xac .pioenvs/bluepill_f103c8/libb45/libbootloader.a(usb_conf.o)
                0x0000000008002fa8                usb_setup
 .text.set_usb_busy
                0x0000000008003054       0x1c .pioenvs/bluepill_f103c8/libb45/libbootloader.a(usb_conf.o)
                0x0000000008003054                set_usb_busy
 .text.get_usb_status
                0x0000000008003070       0x38 .pioenvs/bluepill_f103c8/libb45/libbootloader.a(usb_conf.o)
                0x0000000008003070                get_usb_status
 .text.aggregate_register_config_callback
                0x00000000080030a8       0x40 .pioenvs/bluepill_f103c8/libb45/libbootloader.a(usb_conf.o)
                0x00000000080030a8                aggregate_register_config_callback
 .text.aggregate_register_callback
                0x00000000080030e8       0x60 .pioenvs/bluepill_f103c8/libb45/libbootloader.a(usb_conf.o)
                0x00000000080030e8                aggregate_register_callback
 .text.usb_set_serial_number
                0x0000000008003148       0x24 .pioenvs/bluepill_f103c8/libb45/libbootloader.a(usb_conf.o)
                0x0000000008003148                usb_set_serial_number
 .text.dump_buffer
                0x000000000800316c       0x48 .pioenvs/bluepill_f103c8/libb45/libbootloader.a(usb_conf.o)
                0x000000000800316c                dump_buffer
 .text.dump_usb_request
                0x00000000080031b4      0x1a4 .pioenvs/bluepill_f103c8/libb45/libbootloader.a(usb_conf.o)
                0x00000000080031b4                dump_usb_request
 .text.aggregate_callback
                0x0000000008003358       0xa8 .pioenvs/bluepill_f103c8/libb45/libbootloader.a(usb_conf.o)
 .text.webusb_set_config
                0x0000000008003400       0x28 .pioenvs/bluepill_f103c8/libb45/libbootloader.a(webusb.o)
 .text.webusb_control_vendor_request
                0x0000000008003428       0xd0 .pioenvs/bluepill_f103c8/libb45/libbootloader.a(webusb.o)
 .text.webusb_setup
                0x00000000080034f8       0x4c .pioenvs/bluepill_f103c8/libb45/libbootloader.a(webusb.o)
                0x00000000080034f8                webusb_setup
 .text.winusb_set_config
                0x0000000008003544       0x28 .pioenvs/bluepill_f103c8/libb45/libbootloader.a(winusb.o)
 .text.winusb_descriptor_request
                0x000000000800356c       0x60 .pioenvs/bluepill_f103c8/libb45/libbootloader.a(winusb.o)
 .text.winusb_control_vendor_request
                0x00000000080035cc       0xc0 .pioenvs/bluepill_f103c8/libb45/libbootloader.a(winusb.o)
 .text.winusb_setup
                0x000000000800368c       0x58 .pioenvs/bluepill_f103c8/libb45/libbootloader.a(winusb.o)
                0x000000000800368c                winusb_setup
 .text.cdcacm_comm_cb
                0x00000000080036e4       0x10 .pioenvs/bluepill_f103c8/libb45/libbootloader.a(cdc.o)
 .text.cdcacm_set_config
                0x00000000080036f4       0x64 .pioenvs/bluepill_f103c8/libb45/libbootloader.a(cdc.o)
 .text.cdcacm_control_request
                0x0000000008003758       0x8c .pioenvs/bluepill_f103c8/libb45/libbootloader.a(cdc.o)
 .text.cdcadm_transmit
                0x00000000080037e4       0x68 .pioenvs/bluepill_f103c8/libb45/libbootloader.a(cdc.o)
                0x00000000080037e4                cdcadm_transmit
 .text.cdcacm_data_rx_cb
                0x000000000800384c       0x4c .pioenvs/bluepill_f103c8/libb45/libbootloader.a(cdc.o)
 .text.cdc_setup
                0x0000000008003898       0x2c .pioenvs/bluepill_f103c8/libb45/libbootloader.a(cdc.o)
                0x0000000008003898                cdc_setup
 .text.pokeSend
                0x00000000080038c4       0xa8 .pioenvs/bluepill_f103c8/libb45/libbootloader.a(hf2.o)
 .text.hf2_data_tx_cb
                0x000000000800396c       0x28 .pioenvs/bluepill_f103c8/libb45/libbootloader.a(hf2.o)
 .text.assert   0x0000000008003994       0x20 .pioenvs/bluepill_f103c8/libb45/libbootloader.a(hf2.o)
 .text.hf2_set_config
                0x00000000080039b4       0x3c .pioenvs/bluepill_f103c8/libb45/libbootloader.a(hf2.o)
 .text.handle_command
                0x00000000080039f0      0x248 .pioenvs/bluepill_f103c8/libb45/libbootloader.a(hf2.o)
 .text.hf2_data_rx_cb
                0x0000000008003c38      0x124 .pioenvs/bluepill_f103c8/libb45/libbootloader.a(hf2.o)
 .text.hf2_setup
                0x0000000008003d5c       0x84 .pioenvs/bluepill_f103c8/libb45/libbootloader.a(hf2.o)
                0x0000000008003d5c                hf2_setup
 .text.backup_write
                0x0000000008003de0       0x34 .pioenvs/bluepill_f103c8/libb45/libbootloader.a(backup.o)
                0x0000000008003de0                backup_write
 .text.backup_read
                0x0000000008003e14       0x18 .pioenvs/bluepill_f103c8/libb45/libbootloader.a(backup.o)
                0x0000000008003e14                backup_read
 .text.usb21_set_config
                0x0000000008003e2c       0x28 .pioenvs/bluepill_f103c8/libb45/libbootloader.a(usb21_standard.o)
 .text.usb21_standard_get_descriptor
                0x0000000008003e54       0x5c .pioenvs/bluepill_f103c8/libb45/libbootloader.a(usb21_standard.o)
 .text.usb21_setup
                0x0000000008003eb0       0x34 .pioenvs/bluepill_f103c8/libb45/libbootloader.a(usb21_standard.o)
                0x0000000008003eb0                usb21_setup
 .text.flash_flush
                0x0000000008003ee4       0x80 .pioenvs/bluepill_f103c8/libb45/libbootloader.a(ghostfat.o)
                0x0000000008003ee4                flash_flush
 .text.flash_write
                0x0000000008003f64       0x48 .pioenvs/bluepill_f103c8/libb45/libbootloader.a(ghostfat.o)
                0x0000000008003f64                flash_write
 .text.sleep_us
                0x0000000008003fac       0x14 .pioenvs/bluepill_f103c8/libb45/libbootloader.a(target_stm32f103.o)
 .text.target_get_serial_number
                0x0000000008003fc0        0xa .pioenvs/bluepill_f103c8/libb45/libbootloader.a(target_stm32f103.o)
                0x0000000008003fc0                target_get_serial_number
 .text.target_flash_unlock
                0x0000000008003fca        0x8 .pioenvs/bluepill_f103c8/libb45/libbootloader.a(target_stm32f103.o)
                0x0000000008003fca                target_flash_unlock
 .text.target_flash_lock
                0x0000000008003fd2        0x8 .pioenvs/bluepill_f103c8/libb45/libbootloader.a(target_stm32f103.o)
                0x0000000008003fd2                target_flash_lock
 .text.usb_descriptor_type
                0x0000000008003fda        0x4 .pioenvs/bluepill_f103c8/libb45/libbootloader.a(usb_conf.o)
 .text.usb_descriptor_index
                0x0000000008003fde        0x4 .pioenvs/bluepill_f103c8/libb45/libbootloader.a(usb_conf.o)
 .text.usb_descriptor_type
                0x0000000008003fe2        0x4 .pioenvs/bluepill_f103c8/libb45/libbootloader.a(winusb.o)
 .text.usb_descriptor_index
                0x0000000008003fe6        0x4 .pioenvs/bluepill_f103c8/libb45/libbootloader.a(winusb.o)
 .text.send_hf2_response
                0x0000000008003fea       0x18 .pioenvs/bluepill_f103c8/libb45/libbootloader.a(hf2.o)
 .text.build_bos_descriptor
                0x0000000008004002       0x7c .pioenvs/bluepill_f103c8/libb45/libbootloader.a(usb21_standard.o)
                0x0000000008004080                . = ALIGN (0x4)
 *fill*         0x000000000800407e        0x2 
 :*reset_handler*(SORT_BY_ALIGNMENT(.rodata*))
 .rodata.pre_main.str1.4
                0x0000000008004080       0x37 .pioenvs/bluepill_f103c8/libccd/hal/reset_handler.o
 *libhal.a:*reset_handler*(SORT_BY_ALIGNMENT(.rodata*))
 :*codal_target_hal*(SORT_BY_ALIGNMENT(.rodata*))
 *fill*         0x00000000080040b7        0x1 
 .rodata._ZL11timer_alarmv.str1.4
                0x00000000080040b8        0x4 .pioenvs/bluepill_f103c8/libccd/hal/codal_target_hal.o
 .rodata._ZL15poll_bootloaderv.str1.4
                0x00000000080040bc        0x7 .pioenvs/bluepill_f103c8/libccd/hal/codal_target_hal.o
 *fill*         0x00000000080040c3        0x1 
 .rodata.target_panic.str1.4
                0x00000000080040c4       0x13 .pioenvs/bluepill_f103c8/libccd/hal/codal_target_hal.o
 *fill*         0x00000000080040d7        0x1 
 .rodata.target_wait.str1.4
                0x00000000080040d8        0xb .pioenvs/bluepill_f103c8/libccd/hal/codal_target_hal.o
 *fill*         0x00000000080040e3        0x1 
 .rodata.test_codal.str1.4
                0x00000000080040e4       0x3c .pioenvs/bluepill_f103c8/libccd/hal/codal_target_hal.o
 *libhal.a:*codal_target_hal*(SORT_BY_ALIGNMENT(.rodata*))
 :*CortexContextSwitch*(SORT_BY_ALIGNMENT(.rodata*))
 *libhal.a:(SORT_BY_ALIGNMENT(.rodata*))
 *liblibopencm3.a:(SORT_BY_ALIGNMENT(.rodata*))
 *libFrameworkLibOpenCM3.a:(SORT_BY_ALIGNMENT(.rodata*))
 .rodata.chars.4166
                0x0000000008004120       0x11 .pioenvs/bluepill_f103c8/libFrameworkLibOpenCM3.a(desig.o)
 *fill*         0x0000000008004131        0x3 
 .rodata.st_usbfs_v1_usb_driver
                0x0000000008004134       0x34 .pioenvs/bluepill_f103c8/libFrameworkLibOpenCM3.a(st_usbfs_v1.o)
                0x0000000008004134                st_usbfs_v1_usb_driver
 .rodata        0x0000000008004168        0x8 .pioenvs/bluepill_f103c8/libFrameworkLibOpenCM3.a(st_usbfs_core.o)
 *libcocoos.a:(SORT_BY_ALIGNMENT(.rodata*))
 *libcocoOS_?.?.?.a:(SORT_BY_ALIGNMENT(.rodata*))
 .rodata.os_on_assert.str1.4
                0x0000000008004170       0x1c .pioenvs/bluepill_f103c8/libea7/libcocoOS_5.0.3.a(os_assert.o)
                                         0x1a (size before relaxing)
 *libgcc.a:(SORT_BY_ALIGNMENT(.rodata*))
 *libqfplib.a:(SORT_BY_ALIGNMENT(.rodata*))
 *libnano-float.a:(SORT_BY_ALIGNMENT(.rodata*))
 *libnewlib.a:(SORT_BY_ALIGNMENT(.rodata*))
 *liblogger.a:(SORT_BY_ALIGNMENT(.rodata*))
 .rodata._Z11debug_printi.str1.4
                0x000000000800418c        0x6 .pioenvs/bluepill_f103c8/libd9b/liblogger.a(logger.o)
 *fill*         0x0000000008004192        0x2 
 .rodata._Z11debug_printj.str1.4
                0x0000000008004194        0xb .pioenvs/bluepill_f103c8/libd9b/liblogger.a(logger.o)
 *fill*         0x000000000800419f        0x1 
 .rodata.debug_println.str1.4
                0x00000000080041a0        0x3 .pioenvs/bluepill_f103c8/libd9b/liblogger.a(logger.o)
 *libbluepill.a:(SORT_BY_ALIGNMENT(.rodata*))
 *fill*         0x00000000080041a3        0x1 
 .rodata.platform_setup.str1.4
                0x00000000080041a4       0x13 .pioenvs/bluepill_f103c8/lib271/libbluepill.a(bluepill.o)
 *fill*         0x00000000080041b7        0x1 
 .rodata._ZL9rtc_setupv.str1.4
                0x00000000080041b8       0x1d .pioenvs/bluepill_f103c8/lib271/libbluepill.a(timer.o)
 *fill*         0x00000000080041d5        0x3 
 .rodata.platform_set_alarm.str1.4
                0x00000000080041d8        0x6 .pioenvs/bluepill_f103c8/lib271/libbluepill.a(timer.o)
 *fill*         0x00000000080041de        0x2 
 .rodata.platform_start_timer.str1.4
                0x00000000080041e0       0x15 .pioenvs/bluepill_f103c8/lib271/libbluepill.a(timer.o)
 *libbootloader.a:(SORT_BY_ALIGNMENT(.rodata*))
 *fill*         0x00000000080041f5        0x3 
 .rodata.bootloader_start.str1.4
                0x00000000080041f8       0x1a .pioenvs/bluepill_f103c8/libb45/libbootloader.a(bootloader.o)
 *fill*         0x0000000008004212        0x2 
 .rodata.get_serial_number.str1.4
                0x0000000008004214       0x32 .pioenvs/bluepill_f103c8/libb45/libbootloader.a(bootloader.o)
 *fill*         0x0000000008004246        0x2 
 .rodata.poll_loop.str1.4
                0x0000000008004248       0x10 .pioenvs/bluepill_f103c8/libb45/libbootloader.a(bootloader.o)
 .rodata.target_flash_program_array.str1.4
                0x0000000008004258       0x43 .pioenvs/bluepill_f103c8/libb45/libbootloader.a(target_stm32f103.o)
 *fill*         0x000000000800429b        0x1 
 .rodata.target_get_startup_mode.str1.4
                0x000000000800429c       0x55 .pioenvs/bluepill_f103c8/libb45/libbootloader.a(target_stm32f103.o)
 *fill*         0x00000000080042f1        0x3 
 .rodata.validate_application.str1.4
                0x00000000080042f4       0x20 .pioenvs/bluepill_f103c8/libb45/libbootloader.a(target_stm32f103.o)
                                         0x21 (size before relaxing)
 .rodata.aggregate_callback.str1.4
                0x0000000008004314        0xc .pioenvs/bluepill_f103c8/libb45/libbootloader.a(usb_conf.o)
 .rodata.aggregate_register_callback.str1.4
                0x0000000008004320       0x26 .pioenvs/bluepill_f103c8/libb45/libbootloader.a(usb_conf.o)
 *fill*         0x0000000008004346        0x2 
 .rodata.aggregate_register_config_callback.str1.4
                0x0000000008004348       0x25 .pioenvs/bluepill_f103c8/libb45/libbootloader.a(usb_conf.o)
 *fill*         0x000000000800436d        0x3 
 .rodata.bos_descriptor
                0x0000000008004370        0x9 .pioenvs/bluepill_f103c8/libb45/libbootloader.a(usb_conf.o)
 *fill*         0x0000000008004379        0x3 
 .rodata.cdc_iface_assoc
                0x000000000800437c        0x8 .pioenvs/bluepill_f103c8/libb45/libbootloader.a(usb_conf.o)
 .rodata.cdcacm_functional_descriptors
                0x0000000008004384       0x13 .pioenvs/bluepill_f103c8/libb45/libbootloader.a(usb_conf.o)
 *fill*         0x0000000008004397        0x1 
 .rodata.comm_endp
                0x0000000008004398        0xf .pioenvs/bluepill_f103c8/libb45/libbootloader.a(usb_conf.o)
 *fill*         0x00000000080043a7        0x1 
 .rodata.comm_iface
                0x00000000080043a8       0x15 .pioenvs/bluepill_f103c8/libb45/libbootloader.a(usb_conf.o)
 *fill*         0x00000000080043bd        0x3 
 .rodata.config
                0x00000000080043c0        0xd .pioenvs/bluepill_f103c8/libb45/libbootloader.a(usb_conf.o)
 *fill*         0x00000000080043cd        0x3 
 .rodata.data_endp
                0x00000000080043d0       0x1e .pioenvs/bluepill_f103c8/libb45/libbootloader.a(usb_conf.o)
 *fill*         0x00000000080043ee        0x2 
 .rodata.data_iface
                0x00000000080043f0       0x15 .pioenvs/bluepill_f103c8/libb45/libbootloader.a(usb_conf.o)
 *fill*         0x0000000008004405        0x3 
 .rodata.dev    0x0000000008004408       0x12 .pioenvs/bluepill_f103c8/libb45/libbootloader.a(usb_conf.o)
 *fill*         0x000000000800441a        0x2 
 .rodata.dump_buffer.str1.4
                0x000000000800441c        0x4 .pioenvs/bluepill_f103c8/libb45/libbootloader.a(usb_conf.o)
                                          0x9 (size before relaxing)
 .rodata.dump_usb_request.str1.4
                0x0000000008004420       0x90 .pioenvs/bluepill_f103c8/libb45/libbootloader.a(usb_conf.o)
 .rodata.hf2_endp
                0x00000000080044b0       0x1e .pioenvs/bluepill_f103c8/libb45/libbootloader.a(usb_conf.o)
 *fill*         0x00000000080044ce        0x2 
 .rodata.hf2_iface
                0x00000000080044d0       0x15 .pioenvs/bluepill_f103c8/libb45/libbootloader.a(usb_conf.o)
 *fill*         0x00000000080044e5        0x3 
 .rodata.interfaces
                0x00000000080044e8       0x30 .pioenvs/bluepill_f103c8/libb45/libbootloader.a(usb_conf.o)
 .rodata.set_aggregate_callback.str1.4
                0x0000000008004518       0x29 .pioenvs/bluepill_f103c8/libb45/libbootloader.a(usb_conf.o)
 *fill*         0x0000000008004541        0x3 
 .rodata.set_usb_busy.str1.4
                0x0000000008004544        0x2 .pioenvs/bluepill_f103c8/libb45/libbootloader.a(usb_conf.o)
 *fill*         0x0000000008004546        0x2 
 .rodata.str1.4
                0x0000000008004548       0x86 .pioenvs/bluepill_f103c8/libb45/libbootloader.a(usb_conf.o)
 *fill*         0x00000000080045ce        0x2 
 .rodata.usb_setup.str1.4
                0x00000000080045d0       0x31 .pioenvs/bluepill_f103c8/libb45/libbootloader.a(usb_conf.o)
 *fill*         0x0000000008004601        0x3 
 .rodata.webusb_control_vendor_request.str1.4
                0x0000000008004604       0x3f .pioenvs/bluepill_f103c8/libb45/libbootloader.a(webusb.o)
                                         0x43 (size before relaxing)
 *fill*         0x0000000008004643        0x1 
 .rodata.webusb_platform_capability_descriptor
                0x0000000008004644       0x18 .pioenvs/bluepill_f103c8/libb45/libbootloader.a(webusb.o)
                0x0000000008004644                webusb_platform_capability_descriptor
 .rodata.webusb_set_config.str1.4
                0x000000000800465c       0x1d .pioenvs/bluepill_f103c8/libb45/libbootloader.a(webusb.o)
 *fill*         0x0000000008004679        0x3 
 .rodata.webusb_setup.str1.4
                0x000000000800467c       0x18 .pioenvs/bluepill_f103c8/libb45/libbootloader.a(webusb.o)
 .rodata.guid   0x0000000008004694       0x92 .pioenvs/bluepill_f103c8/libb45/libbootloader.a(winusb.o)
 *fill*         0x0000000008004726        0x2 
 .rodata.microsoft_platform_capability_descriptor
                0x0000000008004728       0x1c .pioenvs/bluepill_f103c8/libb45/libbootloader.a(winusb.o)
                0x0000000008004728                microsoft_platform_capability_descriptor
 .rodata.winusb_control_vendor_request.str1.4
                0x0000000008004744       0x17 .pioenvs/bluepill_f103c8/libb45/libbootloader.a(winusb.o)
 *fill*         0x000000000800475b        0x1 
 .rodata.winusb_descriptor_request.str1.4
                0x000000000800475c        0x6 .pioenvs/bluepill_f103c8/libb45/libbootloader.a(winusb.o)
 *fill*         0x0000000008004762        0x2 
 .rodata.winusb_set_config.str1.4
                0x0000000008004764       0x1d .pioenvs/bluepill_f103c8/libb45/libbootloader.a(winusb.o)
 *fill*         0x0000000008004781        0x3 
 .rodata.winusb_setup.str1.4
                0x0000000008004784       0x18 .pioenvs/bluepill_f103c8/libb45/libbootloader.a(winusb.o)
 .rodata.winusb_string_descriptor
                0x000000000800479c       0x12 .pioenvs/bluepill_f103c8/libb45/libbootloader.a(winusb.o)
 *fill*         0x00000000080047ae        0x2 
 .rodata.cdc_setup.str1.4
                0x00000000080047b0       0x15 .pioenvs/bluepill_f103c8/libb45/libbootloader.a(cdc.o)
 *fill*         0x00000000080047c5        0x3 
 .rodata.cdcacm_comm_cb.str1.4
                0x00000000080047c8        0x5 .pioenvs/bluepill_f103c8/libb45/libbootloader.a(cdc.o)
 *fill*         0x00000000080047cd        0x3 
 .rodata.cdcacm_control_request.str1.4
                0x00000000080047d0       0x28 .pioenvs/bluepill_f103c8/libb45/libbootloader.a(cdc.o)
                                         0x31 (size before relaxing)
 .rodata.cdcacm_set_config.str1.4
                0x00000000080047f8       0x1d .pioenvs/bluepill_f103c8/libb45/libbootloader.a(cdc.o)
 *fill*         0x0000000008004815        0x3 
 .rodata.line_coding
                0x0000000008004818        0x7 .pioenvs/bluepill_f103c8/libb45/libbootloader.a(cdc.o)
 *fill*         0x000000000800481f        0x1 
 .rodata.assert.str1.4
                0x0000000008004820        0xc .pioenvs/bluepill_f103c8/libb45/libbootloader.a(hf2.o)
 .rodata.bad_packet_message
                0x000000000800482c        0xb .pioenvs/bluepill_f103c8/libb45/libbootloader.a(hf2.o)
 *fill*         0x0000000008004837        0x1 
 .rodata.handle_command.str1.4
                0x0000000008004838       0xcd .pioenvs/bluepill_f103c8/libb45/libbootloader.a(hf2.o)
                                         0xd1 (size before relaxing)
 *fill*         0x0000000008004905        0x3 
 .rodata.hf2_data_rx_cb.str1.4
                0x0000000008004908       0x13 .pioenvs/bluepill_f103c8/libb45/libbootloader.a(hf2.o)
                                         0x1b (size before relaxing)
 *fill*         0x000000000800491b        0x1 
 .rodata.hf2_set_config.str1.4
                0x000000000800491c        0xb .pioenvs/bluepill_f103c8/libb45/libbootloader.a(hf2.o)
 *fill*         0x0000000008004927        0x1 
 .rodata.hf2_setup.str1.4
                0x0000000008004928       0x25 .pioenvs/bluepill_f103c8/libb45/libbootloader.a(hf2.o)
                                         0x2d (size before relaxing)
 *fill*         0x000000000800494d        0x3 
 .rodata.pokeSend.str1.4
                0x0000000008004950        0xa .pioenvs/bluepill_f103c8/libb45/libbootloader.a(hf2.o)
 *fill*         0x000000000800495a        0x2 
 .rodata.usb21_set_config.str1.4
                0x000000000800495c       0x1c .pioenvs/bluepill_f103c8/libb45/libbootloader.a(usb21_standard.o)
 .rodata.usb21_setup.str1.4
                0x0000000008004978       0x17 .pioenvs/bluepill_f103c8/libb45/libbootloader.a(usb21_standard.o)
 *fill*         0x000000000800498f        0x1 
 .rodata.usb21_standard_get_descriptor.str1.4
                0x0000000008004990       0x24 .pioenvs/bluepill_f103c8/libb45/libbootloader.a(usb21_standard.o)
 .rodata.flash_flush.str1.4
                0x00000000080049b4       0x24 .pioenvs/bluepill_f103c8/libb45/libbootloader.a(ghostfat.o)
                                          0x9 (size before relaxing)
 .rodata.infoUf2File
                0x00000000080049b4       0x55 .pioenvs/bluepill_f103c8/libb45/libbootloader.a(ghostfat.o)
                0x00000000080049b4                infoUf2File
                0x0000000008004a0c                . = ALIGN (0x4)
 *fill*         0x0000000008004a09        0x3 
                0x0000000008004a0c                _boot_etext = .

.text           0x0000000008006800     0x39c8
                0x0000000008006800                . = ALIGN (0x4)
                0x0000000008006800                _text = .
 *(SORT_BY_ALIGNMENT(.text.application_start))
 .text.application_start
                0x0000000008006800       0x88 .pioenvs/bluepill_f103c8/lib739/libcm.a(application.o)
                0x0000000008006800                application_start
 *(SORT_BY_ALIGNMENT(.text.main))
 .text.main     0x0000000008006888       0x14 .pioenvs/bluepill_f103c8/src/main.o
                0x0000000008006888                main
 *(SORT_BY_ALIGNMENT(.text.startup.main))
 *(SORT_BY_ALIGNMENT(.text*))
 .text._ZN5codal14CodalComponent4initEv
                0x000000000800689c        0x8 .pioenvs/bluepill_f103c8/src/main.o
                0x000000000800689c                codal::CodalComponent::init()
 .text._ZL10debug_dumpRN5codal13STM32BluePillEPKc
                0x00000000080068a4       0x44 .pioenvs/bluepill_f103c8/src/main.o
 .text._Z41__static_initialization_and_destruction_0ii
                0x00000000080068e8       0x30 .pioenvs/bluepill_f103c8/src/main.o
 .text._ZN5codal14CodalComponentD2Ev
                0x0000000008006918       0x18 .pioenvs/bluepill_f103c8/src/main.o
                0x0000000008006918                codal::CodalComponent::~CodalComponent()
                0x0000000008006918                codal::CodalComponent::~CodalComponent()
 .text._ZN5codal14CodalComponentD0Ev
                0x0000000008006930       0x20 .pioenvs/bluepill_f103c8/src/main.o
                0x0000000008006930                codal::CodalComponent::~CodalComponent()
 .text._Z10Blink_mainRN5codal13STM32BluePillE
                0x0000000008006950       0x74 .pioenvs/bluepill_f103c8/src/main.o
                0x0000000008006950                Blink_main(codal::STM32BluePill&)
 .text._ZN5codal13STM32BluePillD2Ev
                0x00000000080069c4       0x4c .pioenvs/bluepill_f103c8/src/main.o
                0x00000000080069c4                codal::STM32BluePill::~STM32BluePill()
                0x00000000080069c4                codal::STM32BluePill::~STM32BluePill()
 .text._ZN5codal13STM32BluePillD0Ev
                0x0000000008006a10       0x54 .pioenvs/bluepill_f103c8/src/main.o
                0x0000000008006a10                codal::STM32BluePill::~STM32BluePill()
 .text._Z41__static_initialization_and_destruction_0ii
                0x0000000008006a64       0x24 .pioenvs/bluepill_f103c8/src/uart.o
 .text._Z18component_callbackN5codal5EventE
                0x0000000008006a88       0x68 .pioenvs/bluepill_f103c8/lib3e7/libcodal-core.a(CodalComponent.o)
                0x0000000008006a88                component_callback(codal::Event)
 .text._ZN5codal14CodalComponent12addComponentEv
                0x0000000008006af0       0xcc .pioenvs/bluepill_f103c8/lib3e7/libcodal-core.a(CodalComponent.o)
                0x0000000008006af0                codal::CodalComponent::addComponent()
 .text._ZN5codal14CodalComponent15removeComponentEv
                0x0000000008006bbc       0x28 .pioenvs/bluepill_f103c8/lib3e7/libcodal-core.a(CodalComponent.o)
                0x0000000008006bbc                codal::CodalComponent::removeComponent()
 .text.codal_dmesg_flush
                0x0000000008006be4       0x10 .pioenvs/bluepill_f103c8/lib3e7/libcodal-core.a(CodalDmesg.o)
                0x0000000008006be4                codal_dmesg_flush
 .text._ZN5codal14scheduler_tickENS_5EventE
                0x0000000008006bf4       0x3c .pioenvs/bluepill_f103c8/lib3e7/libcodal-core.a(CodalFiber.o)
                0x0000000008006bf4                codal::scheduler_tick(codal::Event)
 .text._ZN5codal15scheduler_eventENS_5EventE
                0x0000000008006c30       0xc0 .pioenvs/bluepill_f103c8/lib3e7/libcodal-core.a(CodalFiber.o)
                0x0000000008006c30                codal::scheduler_event(codal::Event)
 .text._Z15getFiberContextv
                0x0000000008006cf0       0x58 .pioenvs/bluepill_f103c8/lib3e7/libcodal-core.a(CodalFiber.o)
                0x0000000008006cf0                getFiberContext()
 .text._ZL10handle_fobv
                0x0000000008006d48       0x34 .pioenvs/bluepill_f103c8/lib3e7/libcodal-core.a(CodalFiber.o)
 .text._ZN5codal23fiber_scheduler_runningEv
                0x0000000008006d7c       0x18 .pioenvs/bluepill_f103c8/lib3e7/libcodal-core.a(CodalFiber.o)
                0x0000000008006d7c                codal::fiber_scheduler_running()
 .text._ZN5codal14scheduler_initERNS_10EventModelE
                0x0000000008006d94      0x11c .pioenvs/bluepill_f103c8/lib3e7/libcodal-core.a(CodalFiber.o)
                0x0000000008006d94                codal::scheduler_init(codal::EventModel&)
 .text._ZN5codal19fiber_wake_on_eventEtt
                0x0000000008006eb0       0x90 .pioenvs/bluepill_f103c8/lib3e7/libcodal-core.a(CodalFiber.o)
                0x0000000008006eb0                codal::fiber_wake_on_event(unsigned short, unsigned short)
 .text._Z14__create_fibermmmi
                0x0000000008006f40       0x68 .pioenvs/bluepill_f103c8/lib3e7/libcodal-core.a(CodalFiber.o)
                0x0000000008006f40                __create_fiber(unsigned long, unsigned long, unsigned long, int)
 .text._ZN5codal24scheduler_runqueue_emptyEv
                0x0000000008006fa8       0x10 .pioenvs/bluepill_f103c8/lib3e7/libcodal-core.a(CodalFiber.o)
                0x0000000008006fa8                codal::scheduler_runqueue_empty()
 .text._ZN5codal4idleEv
                0x0000000008006fb8       0x44 .pioenvs/bluepill_f103c8/lib3e7/libcodal-core.a(CodalFiber.o)
                0x0000000008006fb8                codal::idle()
 .text._ZN5codal8scheduleEv
                0x0000000008006ffc      0x1b8 .pioenvs/bluepill_f103c8/lib3e7/libcodal-core.a(CodalFiber.o)
                0x0000000008006ffc                codal::schedule()
 .text._ZN5codal11fiber_sleepEm
                0x00000000080071b4       0x38 .pioenvs/bluepill_f103c8/lib3e7/libcodal-core.a(CodalFiber.o)
                0x00000000080071b4                codal::fiber_sleep(unsigned long)
 .text._ZN5codal13release_fiberEv
                0x00000000080071ec       0x70 .pioenvs/bluepill_f103c8/lib3e7/libcodal-core.a(CodalFiber.o)
                0x00000000080071ec                codal::release_fiber()
 .text._ZN5codal6invokeEPFvPvES0_
                0x000000000800725c       0x90 .pioenvs/bluepill_f103c8/lib3e7/libcodal-core.a(CodalFiber.o)
                0x000000000800725c                codal::invoke(void (*)(void*), void*)
 .text._Z18device_create_heapmm
                0x00000000080072ec       0x3c .pioenvs/bluepill_f103c8/lib3e7/libcodal-core.a(CodalHeapAllocator.o)
                0x00000000080072ec                device_create_heap(unsigned long, unsigned long)
 .text.device_malloc
                0x0000000008007328       0x54 .pioenvs/bluepill_f103c8/lib3e7/libcodal-core.a(CodalHeapAllocator.o)
                0x0000000008007328                malloc
                0x0000000008007328                device_malloc
 .text.device_free
                0x000000000800737c       0x44 .pioenvs/bluepill_f103c8/lib3e7/libcodal-core.a(CodalHeapAllocator.o)
                0x000000000800737c                device_free
                0x000000000800737c                free
 .text._ZN5codal6SerialC2ERNS_3PinES2_hht
                0x00000000080073c0       0x60 .pioenvs/bluepill_f103c8/lib3e7/libcodal-core.a(Serial.o)
                0x00000000080073c0                codal::Serial::Serial(codal::Pin&, codal::Pin&, unsigned char, unsigned char, unsigned short)
                0x00000000080073c0                codal::Serial::Serial(codal::Pin&, codal::Pin&, unsigned char, unsigned char, unsigned short)
 .text._ZN5codal6SerialD2Ev
                0x0000000008007420       0x28 .pioenvs/bluepill_f103c8/lib3e7/libcodal-core.a(Serial.o)
                0x0000000008007420                codal::Serial::~Serial()
                0x0000000008007420                codal::Serial::~Serial()
 .text._ZN5codal5TimerC2Ev
                0x0000000008007448       0x34 .pioenvs/bluepill_f103c8/lib3e7/libcodal-core.a(Timer.o)
                0x0000000008007448                codal::Timer::Timer()
                0x0000000008007448                codal::Timer::Timer()
 .text._ZN5codal25system_timer_current_timeEv
                0x000000000800747c       0x18 .pioenvs/bluepill_f103c8/lib3e7/libcodal-core.a(Timer.o)
                0x000000000800747c                codal::system_timer_current_time()
 .text._ZN5codal27system_timer_event_every_usEmtt
                0x0000000008007494       0x24 .pioenvs/bluepill_f103c8/lib3e7/libcodal-core.a(Timer.o)
                0x0000000008007494                codal::system_timer_event_every_us(unsigned long, unsigned short, unsigned short)
 .text._ZN5codal10EventModel4sendENS_5EventE
                0x00000000080074b8       0x14 .pioenvs/bluepill_f103c8/lib3e7/libcodal-core.a(MessageBus.o)
                0x00000000080074b8                codal::EventModel::send(codal::Event)
 .text._ZN5codal10EventModel3addEPNS_8ListenerE
                0x00000000080074cc        0x8 .pioenvs/bluepill_f103c8/lib3e7/libcodal-core.a(MessageBus.o)
                0x00000000080074cc                codal::EventModel::add(codal::Listener*)
 .text._ZN5codal10EventModel6removeEPNS_8ListenerE
                0x00000000080074d4        0x8 .pioenvs/bluepill_f103c8/lib3e7/libcodal-core.a(MessageBus.o)
                0x00000000080074d4                codal::EventModel::remove(codal::Listener*)
 .text._ZN5codal10MessageBus3addEPNS_8ListenerE
                0x00000000080074dc       0xe8 .pioenvs/bluepill_f103c8/lib3e7/libcodal-core.a(MessageBus.o)
                0x00000000080074dc                codal::MessageBus::add(codal::Listener*)
 .text._ZN5codal10MessageBus7processERNS_5EventEb
                0x00000000080075c4       0x88 .pioenvs/bluepill_f103c8/lib3e7/libcodal-core.a(MessageBus.o)
                0x00000000080075c4                codal::MessageBus::process(codal::Event&, bool)
 .text._ZN5codal19allocateNotifyEventEv
                0x000000000800764c       0x10 .pioenvs/bluepill_f103c8/lib3e7/libcodal-core.a(MessageBus.o)
                0x000000000800764c                codal::allocateNotifyEvent()
 .text._ZN5codal22MemberFunctionCallbackC2INS_10MessageBusEEEPT_MS3_FvNS_5EventEE
                0x000000000800765c       0x30 .pioenvs/bluepill_f103c8/lib3e7/libcodal-core.a(MessageBus.o)
                0x000000000800765c                codal::MemberFunctionCallback::MemberFunctionCallback<codal::MessageBus>(codal::MessageBus*, void (codal::MessageBus::*)(codal::Event))
                0x000000000800765c                codal::MemberFunctionCallback::MemberFunctionCallback<codal::MessageBus>(codal::MessageBus*, void (codal::MessageBus::*)(codal::Event))
 .text._ZN5codal10EventModel6listenINS_10MessageBusEEEittPT_MS3_FvNS_5EventEEt
                0x000000000800768c       0x8c .pioenvs/bluepill_f103c8/lib3e7/libcodal-core.a(MessageBus.o)
                0x000000000800768c                int codal::EventModel::listen<codal::MessageBus>(unsigned short, unsigned short, codal::MessageBus*, void (codal::MessageBus::*)(codal::Event), unsigned short)
 .text._ZN5codal10MessageBusC2Ev
                0x0000000008007718       0x74 .pioenvs/bluepill_f103c8/lib3e7/libcodal-core.a(MessageBus.o)
                0x0000000008007718                codal::MessageBus::MessageBus()
                0x0000000008007718                codal::MessageBus::MessageBus()
 .text._ZN5codal10MessageBusD2Ev
                0x000000000800778c       0x50 .pioenvs/bluepill_f103c8/lib3e7/libcodal-core.a(MessageBus.o)
                0x000000000800778c                codal::MessageBus::~MessageBus()
                0x000000000800778c                codal::MessageBus::~MessageBus()
 .text._ZN5codal5Event4fireEv
                0x00000000080077dc       0x1c .pioenvs/bluepill_f103c8/lib3e7/libcodal-core.a(Event.o)
                0x00000000080077dc                codal::Event::fire()
 .text._ZN5codal13ManagedString9initEmptyEv
                0x00000000080077f8        0xc .pioenvs/bluepill_f103c8/lib3e7/libcodal-core.a(ManagedString.o)
                0x00000000080077f8                codal::ManagedString::initEmpty()
 .text._Z41__static_initialization_and_destruction_0ii
                0x0000000008007804       0x38 .pioenvs/bluepill_f103c8/lib3e7/libcodal-core.a(ManagedString.o)
 .text._ZN5codal4itoaEiPc
                0x000000000800783c       0x68 .pioenvs/bluepill_f103c8/lib3e7/libcodal-core.a(CodalCompat.o)
                0x000000000800783c                codal::itoa(int, char*)
 .text._ZN5codal3_cm3Pin14setAnalogValueEi
                0x00000000080078a4       0x20 .pioenvs/bluepill_f103c8/lib739/libcm.a(CmPin.o)
                0x00000000080078a4                codal::_cm::Pin::setAnalogValue(int)
 .text._ZN5codal3_cm3Pin9isTouchedEv
                0x00000000080078c4        0x8 .pioenvs/bluepill_f103c8/lib739/libcm.a(CmPin.o)
                0x00000000080078c4                codal::_cm::Pin::isTouched()
 .text._ZN5codal3_cm3Pin17getAnalogPeriodUsEv
                0x00000000080078cc        0x8 .pioenvs/bluepill_f103c8/lib739/libcm.a(CmPin.o)
                0x00000000080078cc                codal::_cm::Pin::getAnalogPeriodUs()
 .text._ZN5codal3_cm3Pin15getAnalogPeriodEv
                0x00000000080078d4       0x18 .pioenvs/bluepill_f103c8/lib739/libcm.a(CmPin.o)
                0x00000000080078d4                codal::_cm::Pin::getAnalogPeriod()
 .text._ZN5codal3_cm3Pin15setDigitalValueEi
                0x00000000080078ec       0x58 .pioenvs/bluepill_f103c8/lib739/libcm.a(CmPin.o)
                0x00000000080078ec                codal::_cm::Pin::setDigitalValue(int)
 .text._ZN5codal3_cm3PinC2EhmmtNS_13PinCapabilityE
                0x0000000008007944       0x2c .pioenvs/bluepill_f103c8/lib739/libcm.a(CmPin.o)
                0x0000000008007944                codal::_cm::Pin::Pin(unsigned char, unsigned long, unsigned long, unsigned short, codal::PinCapability)
                0x0000000008007944                codal::_cm::Pin::Pin(unsigned char, unsigned long, unsigned long, unsigned short, codal::PinCapability)
 .text._ZN5codal3_cm3Pin13setServoValueEiii
                0x0000000008007970       0x78 .pioenvs/bluepill_f103c8/lib739/libcm.a(CmPin.o)
                0x0000000008007970                codal::_cm::Pin::setServoValue(int, int, int)
 .text._ZN5codal3_cm6SerialD2Ev
                0x00000000080079e8       0x14 .pioenvs/bluepill_f103c8/lib739/libcm.a(CmSerial.o)
                0x00000000080079e8                codal::_cm::Serial::~Serial()
                0x00000000080079e8                codal::_cm::Serial::~Serial()
 .text._ZN5codal3_cm6SerialD0Ev
                0x00000000080079fc       0x1c .pioenvs/bluepill_f103c8/lib739/libcm.a(CmSerial.o)
                0x00000000080079fc                codal::_cm::Serial::~Serial()
 .text._ZN5codal3_cm6SerialC2ERNS0_3PinES3_hh
                0x0000000008007a18       0x50 .pioenvs/bluepill_f103c8/lib739/libcm.a(CmSerial.o)
                0x0000000008007a18                codal::_cm::Serial::Serial(codal::_cm::Pin&, codal::_cm::Pin&, unsigned char, unsigned char)
                0x0000000008007a18                codal::_cm::Serial::Serial(codal::_cm::Pin&, codal::_cm::Pin&, unsigned char, unsigned char)
 .text._ZN5codal3_cm14alarm_callbackEv
                0x0000000008007a68       0x34 .pioenvs/bluepill_f103c8/lib739/libcm.a(CmTimer.o)
                0x0000000008007a68                codal::_cm::alarm_callback()
 .text._ZN5codal3_cmL10timer_taskEv
                0x0000000008007a9c       0x58 .pioenvs/bluepill_f103c8/lib739/libcm.a(CmTimer.o)
 .text._ZN5codal3_cm5Timer9triggerInEm
                0x0000000008007af4       0x24 .pioenvs/bluepill_f103c8/lib739/libcm.a(CmTimer.o)
                0x0000000008007af4                codal::_cm::Timer::triggerIn(unsigned long)
 .text._ZN5codal3_cm5Timer11syncRequestEv
                0x0000000008007b18       0x48 .pioenvs/bluepill_f103c8/lib739/libcm.a(CmTimer.o)
                0x0000000008007b18                codal::_cm::Timer::syncRequest()
 .text._ZN5codal3_cm5TimerC2Ev
                0x0000000008007b60       0x2c .pioenvs/bluepill_f103c8/lib739/libcm.a(CmTimer.o)
                0x0000000008007b60                codal::_cm::Timer::Timer()
                0x0000000008007b60                codal::_cm::Timer::Timer()
 .text._ZN5codal3_cm5Timer4initEv
                0x0000000008007b8c       0x7c .pioenvs/bluepill_f103c8/lib739/libcm.a(CmTimer.o)
                0x0000000008007b8c                codal::_cm::Timer::init()
 .text._ZL8pre_mainv
                0x0000000008007c08       0x48 .pioenvs/bluepill_f103c8/lib739/libcm.a(application.o)
 .text._ZN5codal13STM32BluePill4initEv
                0x0000000008007c50       0x80 .pioenvs/bluepill_f103c8/lib2eb/libmodel.a(STM32BluePill.o)
                0x0000000008007c50                codal::STM32BluePill::init()
 .text._ZN5codal13STM32BluePillC2Ev
                0x0000000008007cd0       0xa8 .pioenvs/bluepill_f103c8/lib2eb/libmodel.a(STM32BluePill.o)
                0x0000000008007cd0                codal::STM32BluePill::STM32BluePill()
                0x0000000008007cd0                codal::STM32BluePill::STM32BluePill()
 .text._ZN5codal15STM32BluePillIOC2Ev
                0x0000000008007d78      0xb58 .pioenvs/bluepill_f103c8/lib2eb/libmodel.a(STM32BluePillIO.o)
                0x0000000008007d78                codal::STM32BluePillIO::STM32BluePillIO()
                0x0000000008007d78                codal::STM32BluePillIO::STM32BluePillIO()
 .text._Z41__static_initialization_and_destruction_0ii
                0x00000000080088d0       0x1c .pioenvs/bluepill_f103c8/lib33e/libuartint.a(uartint.o)
 .text.usart2_isr
                0x00000000080088ec       0x5c .pioenvs/bluepill_f103c8/lib33e/libuartint.a(uartint.o)
                0x00000000080088ec                usart2_isr
 .text._ZN5codal3_cm3I2CC2ERNS_3PinES3_
                0x0000000008008948       0x1c .pioenvs/bluepill_f103c8/lib739/libcm.a(CmI2C.o)
                0x0000000008008948                codal::_cm::I2C::I2C(codal::Pin&, codal::Pin&)
                0x0000000008008948                codal::_cm::I2C::I2C(codal::Pin&, codal::Pin&)
 .text._ZN5codal3_cm3SPI4initEv
                0x0000000008008964       0x5c .pioenvs/bluepill_f103c8/lib739/libcm.a(CmSPI.o)
                0x0000000008008964                codal::_cm::SPI::init()
 .text._ZN5codal3_cm3SPIC2ERNS0_3PinES3_S3_S3_
                0x00000000080089c0       0x9c .pioenvs/bluepill_f103c8/lib739/libcm.a(CmSPI.o)
                0x00000000080089c0                codal::_cm::SPI::SPI(codal::_cm::Pin&, codal::_cm::Pin&, codal::_cm::Pin&, codal::_cm::Pin&)
                0x00000000080089c0                codal::_cm::SPI::SPI(codal::_cm::Pin&, codal::_cm::Pin&, codal::_cm::Pin&, codal::_cm::Pin&)
 .text.pinmap_peripheral
                0x0000000008008a5c       0x2c .pioenvs/bluepill_f103c8/lib739/libcm.a(CmPinMap.o)
                0x0000000008008a5c                pinmap_peripheral
 .text.pinmap_mode
                0x0000000008008a88       0x28 .pioenvs/bluepill_f103c8/lib739/libcm.a(CmPinMap.o)
                0x0000000008008a88                pinmap_mode
 .text.pinmap_cnf
                0x0000000008008ab0       0x28 .pioenvs/bluepill_f103c8/lib739/libcm.a(CmPinMap.o)
                0x0000000008008ab0                pinmap_cnf
 .text._ZN5codal3I2CC2ERNS_3PinES2_
                0x0000000008008ad8        0xc .pioenvs/bluepill_f103c8/lib3e7/libcodal-core.a(I2C.o)
                0x0000000008008ad8                codal::I2C::I2C(codal::Pin&, codal::Pin&)
                0x0000000008008ad8                codal::I2C::I2C(codal::Pin&, codal::Pin&)
 .text._ZN5codal14CodalComponent16periodicCallbackEv
                0x0000000008008ae4        0x2 .pioenvs/bluepill_f103c8/src/main.o
                0x0000000008008ae4                codal::CodalComponent::periodicCallback()
 .text._ZN5codal14CodalComponent12idleCallbackEv
                0x0000000008008ae6        0x2 .pioenvs/bluepill_f103c8/src/main.o
                0x0000000008008ae6                codal::CodalComponent::idleCallback()
 .text._GLOBAL__sub_I_bluepill
                0x0000000008008ae8        0xe .pioenvs/bluepill_f103c8/src/main.o
 .text._GLOBAL__sub_I_serialPort
                0x0000000008008af6        0xe .pioenvs/bluepill_f103c8/src/uart.o
 .text._ZN5codal11queue_fiberEPNS_5FiberEPS1_
                0x0000000008008b04       0x2e .pioenvs/bluepill_f103c8/lib3e7/libcodal-core.a(CodalFiber.o)
                0x0000000008008b04                codal::queue_fiber(codal::Fiber*, codal::Fiber**)
 .text._ZN5codal13dequeue_fiberEPNS_5FiberE
                0x0000000008008b32       0x34 .pioenvs/bluepill_f103c8/lib3e7/libcodal-core.a(CodalFiber.o)
                0x0000000008008b32                codal::dequeue_fiber(codal::Fiber*)
 .text._ZN5codal12create_fiberEPFvvES1_
                0x0000000008008b66       0x1e .pioenvs/bluepill_f103c8/lib3e7/libcodal-core.a(CodalFiber.o)
                0x0000000008008b66                codal::create_fiber(void (*)(), void (*)())
 .text._ZN5codal12create_fiberEPFvPvES0_S2_
                0x0000000008008b84       0x20 .pioenvs/bluepill_f103c8/lib3e7/libcodal-core.a(CodalFiber.o)
                0x0000000008008b84                codal::create_fiber(void (*)(void*), void*, void (*)(void*))
 .text._ZN5codal20fiber_wait_for_eventEtt
                0x0000000008008ba4       0x14 .pioenvs/bluepill_f103c8/lib3e7/libcodal-core.a(CodalFiber.o)
                0x0000000008008ba4                codal::fiber_wait_for_event(unsigned short, unsigned short)
 .text._ZN5codal16launch_new_fiberEPFvvES1_
                0x0000000008008bb8        0xe .pioenvs/bluepill_f103c8/lib3e7/libcodal-core.a(CodalFiber.o)
                0x0000000008008bb8                codal::launch_new_fiber(void (*)(), void (*)())
 .text._ZN5codal13release_fiberEPv
                0x0000000008008bc6       0x10 .pioenvs/bluepill_f103c8/lib3e7/libcodal-core.a(CodalFiber.o)
                0x0000000008008bc6                codal::release_fiber(void*)
 .text._ZN5codal22launch_new_fiber_paramEPFvPvES2_S0_
                0x0000000008008bd6       0x18 .pioenvs/bluepill_f103c8/lib3e7/libcodal-core.a(CodalFiber.o)
                0x0000000008008bd6                codal::launch_new_fiber_param(void (*)(void*), void (*)(void*), void*)
 .text._ZN5codal9idle_taskEv
                0x0000000008008bee        0xc .pioenvs/bluepill_f103c8/lib3e7/libcodal-core.a(CodalFiber.o)
                0x0000000008008bee                codal::idle_task()
 .text._Z16device_malloc_injR14HeapDefinition
                0x0000000008008bfa       0xa0 .pioenvs/bluepill_f103c8/lib3e7/libcodal-core.a(CodalHeapAllocator.o)
                0x0000000008008bfa                device_malloc_in(unsigned int, HeapDefinition&)
 .text._ZN5codal8ListenerC2EttPFvNS_5EventEEt
                0x0000000008008c9a       0x28 .pioenvs/bluepill_f103c8/lib3e7/libcodal-core.a(CodalListener.o)
                0x0000000008008c9a                codal::Listener::Listener(unsigned short, unsigned short, void (*)(codal::Event), unsigned short)
                0x0000000008008c9a                codal::Listener::Listener(unsigned short, unsigned short, void (*)(codal::Event), unsigned short)
 .text._ZN5codal8ListenerD2Ev
                0x0000000008008cc2       0x18 .pioenvs/bluepill_f103c8/lib3e7/libcodal-core.a(CodalListener.o)
                0x0000000008008cc2                codal::Listener::~Listener()
                0x0000000008008cc2                codal::Listener::~Listener()
 .text._ZN5codal8Listener5queueENS_5EventE
                0x0000000008008cda       0x62 .pioenvs/bluepill_f103c8/lib3e7/libcodal-core.a(CodalListener.o)
                0x0000000008008cda                codal::Listener::queue(codal::Event)
 .text._ZN5codal6Serial6lockRxEv
                0x0000000008008d3c        0xa .pioenvs/bluepill_f103c8/lib3e7/libcodal-core.a(Serial.o)
                0x0000000008008d3c                codal::Serial::lockRx()
 .text._ZN5codal6Serial8unlockRxEv
                0x0000000008008d46        0xa .pioenvs/bluepill_f103c8/lib3e7/libcodal-core.a(Serial.o)
                0x0000000008008d46                codal::Serial::unlockRx()
 .text._ZN5codal6Serial12initialiseRxEv
                0x0000000008008d50       0x50 .pioenvs/bluepill_f103c8/lib3e7/libcodal-core.a(Serial.o)
                0x0000000008008d50                codal::Serial::initialiseRx()
 .text._ZN5codal6Serial12circularCopyEPhhS1_tt
                0x0000000008008da0       0x28 .pioenvs/bluepill_f103c8/lib3e7/libcodal-core.a(Serial.o)
                0x0000000008008da0                codal::Serial::circularCopy(unsigned char*, unsigned char, unsigned char*, unsigned short, unsigned short)
 .text._ZN5codal6Serial7eventOnENS_13ManagedStringENS_10SerialModeE
                0x0000000008008dc8       0x2a .pioenvs/bluepill_f103c8/lib3e7/libcodal-core.a(Serial.o)
                0x0000000008008dc8                codal::Serial::eventOn(codal::ManagedString, codal::SerialMode)
 .text._ZN5codal6Serial7rxInUseEv
                0x0000000008008df2        0x8 .pioenvs/bluepill_f103c8/lib3e7/libcodal-core.a(Serial.o)
                0x0000000008008df2                codal::Serial::rxInUse()
 .text._ZN5codal6Serial9readUntilENS_13ManagedStringENS_10SerialModeE
                0x0000000008008dfa      0x1cc .pioenvs/bluepill_f103c8/lib3e7/libcodal-core.a(Serial.o)
                0x0000000008008dfa                codal::Serial::readUntil(codal::ManagedString, codal::SerialMode)
 .text._ZN5codal5Timer17disableInterruptsEv
                0x0000000008008fc6        0xa .pioenvs/bluepill_f103c8/lib3e7/libcodal-core.a(Timer.o)
                0x0000000008008fc6                codal::Timer::disableInterrupts()
 .text._ZN5codal5Timer16enableInterruptsEv
                0x0000000008008fd0        0xa .pioenvs/bluepill_f103c8/lib3e7/libcodal-core.a(Timer.o)
                0x0000000008008fd0                codal::Timer::enableInterrupts()
 .text._ZN5codal5Timer13getTimerEventEv
                0x0000000008008fda       0x24 .pioenvs/bluepill_f103c8/lib3e7/libcodal-core.a(Timer.o)
                0x0000000008008fda                codal::Timer::getTimerEvent()
 .text._ZN5codal5Timer17releaseTimerEventEPNS_10TimerEventE
                0x0000000008008ffe       0x12 .pioenvs/bluepill_f103c8/lib3e7/libcodal-core.a(Timer.o)