Archive member included to satisfy reference by file (symbol)

.pioenvs/bluepill_f103c8/libd9b/liblogger.a(logger.o)
                              .pioenvs/bluepill_f103c8/src/main.o (debug_flush)
.pioenvs/bluepill_f103c8/lib98a/libnewlib.a(strlen.o)
                              .pioenvs/bluepill_f103c8/src/aggregate.o (strlen)
.pioenvs/bluepill_f103c8/lib98a/libnewlib.a(strncat.o)
                              .pioenvs/bluepill_f103c8/src/wisol.o (strncat)
.pioenvs/bluepill_f103c8/lib98a/libnewlib.a(strncmp.o)
                              .pioenvs/bluepill_f103c8/src/aggregate.o (strncmp)
.pioenvs/bluepill_f103c8/lib98a/libnewlib.a(strncpy.o)
                              .pioenvs/bluepill_f103c8/src/aggregate.o (strncpy)
.pioenvs/bluepill_f103c8/lib98a/libnewlib.a(strstr.o)
                              .pioenvs/bluepill_f103c8/src/wisol.o (strstr)
.pioenvs/bluepill_f103c8/lib271/libbluepill.a(led.o)
                              .pioenvs/bluepill_f103c8/src/aggregate.o (led_toggle)
.pioenvs/bluepill_f103c8/lib271/libbluepill.a(timer.o)
                              .pioenvs/bluepill_f103c8/src/aggregate.o (millis)
.pioenvs/bluepill_f103c8/lib739/libcm.a(CmPin.o)
                              .pioenvs/bluepill_f103c8/src/main.o (codal::_cm::Pin::setDigitalValue(int))
.pioenvs/bluepill_f103c8/libea7/libcocoOS_5.0.3.a(os_event.o)
                              .pioenvs/bluepill_f103c8/src/wisol.o (event_create)
.pioenvs/bluepill_f103c8/libea7/libcocoOS_5.0.3.a(os_kernel.o)
                              .pioenvs/bluepill_f103c8/src/uart.o (running_tid)
.pioenvs/bluepill_f103c8/libea7/libcocoOS_5.0.3.a(os_msgqueue.o)
                              .pioenvs/bluepill_f103c8/libea7/libcocoOS_5.0.3.a(os_kernel.o) (os_msgQ_init)
.pioenvs/bluepill_f103c8/libea7/libcocoOS_5.0.3.a(os_sem.o)
                              .pioenvs/bluepill_f103c8/libea7/libcocoOS_5.0.3.a(os_kernel.o) (os_sem_init)
.pioenvs/bluepill_f103c8/libea7/libcocoOS_5.0.3.a(os_task.o)
                              .pioenvs/bluepill_f103c8/libea7/libcocoOS_5.0.3.a(os_kernel.o) (os_task_init)
.pioenvs/bluepill_f103c8/libea7/libcocoOS_5.0.3.a(os_assert.o)
                              .pioenvs/bluepill_f103c8/libea7/libcocoOS_5.0.3.a(os_event.o) (os_on_assert)
.pioenvs/bluepill_f103c8/libea7/libcocoOS_5.0.3.a(os_cbk.o)
                              .pioenvs/bluepill_f103c8/libea7/libcocoOS_5.0.3.a(os_kernel.o) (os_cbkSleep)
.pioenvs/bluepill_f103c8/libccd/libhal.a(codal_target_hal.o)
                              .pioenvs/bluepill_f103c8/src/main.o (target_wait_us)
.pioenvs/bluepill_f103c8/lib3e7/libcodal-core.a(CodalCompat.o)
                              .pioenvs/bluepill_f103c8/libccd/libhal.a(codal_target_hal.o) (codal::seed_random(unsigned long))
.pioenvs/bluepill_f103c8/lib3e7/libcodal-core.a(CodalDmesg.o)
                              .pioenvs/bluepill_f103c8/libccd/libhal.a(codal_target_hal.o) (codal_dmesg_set_flush_fn)
.pioenvs/bluepill_f103c8/lib3e7/libcodal-core.a(CodalFiber.o)
                              .pioenvs/bluepill_f103c8/src/main.o (codal::fiber_sleep(unsigned long))
.pioenvs/bluepill_f103c8/lib3e7/libcodal-core.a(CodalHeapAllocator.o)
                              .pioenvs/bluepill_f103c8/libccd/libhal.a(codal_target_hal.o) (malloc)
.pioenvs/bluepill_f103c8/lib3e7/libcodal-core.a(CodalListener.o)
                              .pioenvs/bluepill_f103c8/lib3e7/libcodal-core.a(CodalFiber.o) (codal::Listener::Listener(unsigned short, unsigned short, void (*)(codal::Event), unsigned short))
.pioenvs/bluepill_f103c8/lib3e7/libcodal-core.a(Timer.o)
                              .pioenvs/bluepill_f103c8/src/main.o (codal::Timer::getTime())
.pioenvs/bluepill_f103c8/lib3e7/libcodal-core.a(Event.o)
                              .pioenvs/bluepill_f103c8/lib3e7/libcodal-core.a(CodalListener.o) (codal::Event::Event())
.pioenvs/bluepill_f103c8/lib2eb/libmodel.a(STM32BluePill.o)
                              .pioenvs/bluepill_f103c8/src/main.o (codal::STM32BluePill::init())
.pioenvs/bluepill_f103c8/lib2eb/libmodel.a(STM32BluePillIO.o)
                              .pioenvs/bluepill_f103c8/lib2eb/libmodel.a(STM32BluePill.o) (codal::STM32BluePillIO::STM32BluePillIO())
.pioenvs/bluepill_f103c8/lib33e/libuartint.a(uartint.o)
                              .pioenvs/bluepill_f103c8/src/uart.o (UARTInterface::UARTInterface(unsigned int, unsigned int))
/Users/Luppy/.platformio/packages/toolchain-gccarmnoneeabi/bin/../lib/gcc/arm-none-eabi/7.2.1/thumb/v7-m/libgcc.a(_arm_addsubdf3.o)
                              .pioenvs/bluepill_f103c8/src/aggregate.o (__aeabi_i2d)
/Users/Luppy/.platformio/packages/toolchain-gccarmnoneeabi/bin/../lib/gcc/arm-none-eabi/7.2.1/thumb/v7-m/libgcc.a(_arm_cmpdf2.o)
                              .pioenvs/bluepill_f103c8/src/aggregate.o (__aeabi_dcmpge)
/Users/Luppy/.platformio/packages/toolchain-gccarmnoneeabi/bin/../lib/gcc/arm-none-eabi/7.2.1/thumb/v7-m/libgcc.a(_arm_muldivsf3.o)
[...]
Memory Configuration

Name             Origin             Length             Attributes
bootrom          0x0000000008000000 0x0000000000008000 xr
rom              0x0000000008008000 0x0000000000008000 xr
bootram          0x0000000020000000 0x0000000000002800 xrw
ram              0x0000000020002800 0x0000000000002800 xrw
*default*        0x0000000000000000 0xffffffffffffffff

Linker script and memory map


.boot_text      0x0000000008000000      0x4a4
 *(SORT_BY_ALIGNMENT(.vectors))
 .vectors       0x0000000008000000      0x150 .pioenvs/bluepill_f103c8/libFrameworkLibOpenCM3.a(vector.o)
                0x0000000008000000                vector_table
 *liblibopencm3.a:(SORT_BY_ALIGNMENT(.text*))
 *libFrameworkLibOpenCM3.a:(SORT_BY_ALIGNMENT(.text*))
 .text.rtc_clear_flag
                0x0000000008000150       0x30 .pioenvs/bluepill_f103c8/libFrameworkLibOpenCM3.a(rtc.o)
                0x0000000008000150                rtc_clear_flag
 .text.rtc_check_flag
                0x0000000008000180       0x30 .pioenvs/bluepill_f103c8/libFrameworkLibOpenCM3.a(rtc.o)
                0x0000000008000180                rtc_check_flag
 .text.exti_reset_request
                0x00000000080001b0        0xc .pioenvs/bluepill_f103c8/libFrameworkLibOpenCM3.a(exti_common_all.o)
                0x00000000080001b0                exti_reset_request
 .text.reset_handler
                0x00000000080001bc       0x90 .pioenvs/bluepill_f103c8/libFrameworkLibOpenCM3.a(vector.o)
                0x00000000080001bc                reset_handler
 .text.usart_recv
                0x000000000800024c        0x8 .pioenvs/bluepill_f103c8/libFrameworkLibOpenCM3.a(usart_common_f124.o)
                0x000000000800024c                usart_recv
 .text.blocking_handler
                0x0000000008000254        0x2 .pioenvs/bluepill_f103c8/libFrameworkLibOpenCM3.a(vector.o)
                0x0000000008000254                exti0_isr
                0x0000000008000254                tim7_isr
                0x0000000008000254                adc1_2_isr
                0x0000000008000254                tim1_trg_com_isr
                0x0000000008000254                usb_hp_can_tx_isr
                0x0000000008000254                tim6_isr
                0x0000000008000254                usb_wakeup_isr
                0x0000000008000254                blocking_handler
                0x0000000008000254                tim5_isr
                0x0000000008000254                otg_fs_isr
                0x0000000008000254                spi1_isr
                0x0000000008000254                exti2_isr
                0x0000000008000254                dma1_channel6_isr
                0x0000000008000254                can_rx1_isr
                0x0000000008000254                dma1_channel5_isr
                0x0000000008000254                dma2_channel5_isr
                0x0000000008000254                usart1_isr
                0x0000000008000254                usage_fault_handler
                0x0000000008000254                tim8_trg_com_isr
                0x0000000008000254                can2_rx0_isr
                0x0000000008000254                tim1_brk_isr
                0x0000000008000254                can2_rx1_isr
                0x0000000008000254                tim1_cc_isr
                0x0000000008000254                sdio_isr
                0x0000000008000254                eth_isr
                0x0000000008000254                dma1_channel4_isr
                0x0000000008000254                tim8_brk_isr
                0x0000000008000254                dma2_channel4_5_isr
                0x0000000008000254                pvd_isr
                0x0000000008000254                rcc_isr
                0x0000000008000254                flash_isr
                0x0000000008000254                uart4_isr
                0x0000000008000254                exti15_10_isr
                0x0000000008000254                hard_fault_handler
                0x0000000008000254                exti1_isr
                0x0000000008000254                i2c1_ev_isr
                0x0000000008000254                dma2_channel1_isr
                0x0000000008000254                spi2_isr
                0x0000000008000254                tim8_up_isr
                0x0000000008000254                dma2_channel2_isr
                0x0000000008000254                exti3_isr
                0x0000000008000254                adc3_isr
                0x0000000008000254                tim3_isr
                0x0000000008000254                usb_lp_can_rx0_isr
                0x0000000008000254                i2c2_er_isr
                0x0000000008000254                i2c2_ev_isr
                0x0000000008000254                uart5_isr
                0x0000000008000254                fsmc_isr
                0x0000000008000254                dma1_channel1_isr
                0x0000000008000254                exti4_isr
                0x0000000008000254                mem_manage_handler
                0x0000000008000254                can2_tx_isr
                0x0000000008000254                exti9_5_isr
                0x0000000008000254                dma2_channel3_isr
                0x0000000008000254                dma1_channel7_isr
                0x0000000008000254                tim1_up_isr
                0x0000000008000254                can2_sce_isr
                0x0000000008000254                tim4_isr
                0x0000000008000254                dma1_channel2_isr
                0x0000000008000254                i2c1_er_isr
                0x0000000008000254                can_sce_isr
                0x0000000008000254                tim8_cc_isr
                0x0000000008000254                tamper_isr
                0x0000000008000254                eth_wkup_isr
                0x0000000008000254                bus_fault_handler
                0x0000000008000254                wwdg_isr
                0x0000000008000254                dma1_channel3_isr
                0x0000000008000254                spi3_isr
                0x0000000008000254                tim2_isr
                0x0000000008000254                usart3_isr
 .text.null_handler
                0x0000000008000256        0x2 .pioenvs/bluepill_f103c8/libFrameworkLibOpenCM3.a(vector.o)
                0x0000000008000256                null_handler
                0x0000000008000256                sv_call_handler
                0x0000000008000256                pend_sv_handler
                0x0000000008000256                debug_monitor_handler
                0x0000000008000256                sys_tick_handler
                0x0000000008000256                nmi_handler
 *libunity.a:(SORT_BY_ALIGNMENT(.text*))
 *libqfplib.a:(SORT_BY_ALIGNMENT(.text*))
 *libnano-float.a:(SORT_BY_ALIGNMENT(.text*))
 *libnewlib.a:(SORT_BY_ALIGNMENT(.text*))
 .text.strlen   0x0000000008000258       0x10 .pioenvs/bluepill_f103c8/lib98a/libnewlib.a(strlen.o)
                0x0000000008000258                strlen
 .text.strncat  0x0000000008000268       0x28 .pioenvs/bluepill_f103c8/lib98a/libnewlib.a(strncat.o)
                0x0000000008000268                strncat
 *liblogger.a:(SORT_BY_ALIGNMENT(.text*))
 .text.debug_flush
                0x0000000008000290       0x38 .pioenvs/bluepill_f103c8/libd9b/liblogger.a(logger.o)
                0x0000000008000290                debug_flush
 .text._ZL12debug_appendPKcj
                0x00000000080002c8       0x50 .pioenvs/bluepill_f103c8/libd9b/liblogger.a(logger.o)
 .text._Z11debug_printj
                0x0000000008000318       0x7c .pioenvs/bluepill_f103c8/libd9b/liblogger.a(logger.o)
                0x0000000008000318                debug_print(unsigned int)
 .text._Z11debug_printi
                0x0000000008000394       0x30 .pioenvs/bluepill_f103c8/libd9b/liblogger.a(logger.o)
                0x0000000008000394                debug_print(int)
 .text._Z13debug_printlni
                0x00000000080003c4       0x18 .pioenvs/bluepill_f103c8/libd9b/liblogger.a(logger.o)
                0x00000000080003c4                debug_println(int)
 .text.debug_print
                0x00000000080003dc       0x1a .pioenvs/bluepill_f103c8/libd9b/liblogger.a(logger.o)
                0x00000000080003dc                debug_print
 *libbluepill.a:(SORT_BY_ALIGNMENT(.text*))
 *fill*         0x00000000080003f6        0x2 
 .text.rtc_isr  0x00000000080003f8       0x30 .pioenvs/bluepill_f103c8/lib271/libbluepill.a(timer.o)
                0x00000000080003f8                rtc_isr
 .text.rtc_alarm_isr
                0x0000000008000428       0x30 .pioenvs/bluepill_f103c8/lib271/libbluepill.a(timer.o)
                0x0000000008000428                rtc_alarm_isr
 *libbootloader.a:(SORT_BY_ALIGNMENT(.text*))
 *libhal.a:(SORT_BY_ALIGNMENT(.text*))
 .text.target_panic
                0x0000000008000458       0x20 .pioenvs/bluepill_f103c8/libccd/libhal.a(codal_target_hal.o)
                0x0000000008000458                target_panic
 .text._fini    0x0000000008000478        0x2 .pioenvs/bluepill_f103c8/libccd/libhal.a(codal_target_hal.o)
                0x0000000008000478                _fini
 .text.__aeabi_atexit
                0x000000000800047a        0x4 .pioenvs/bluepill_f103c8/libccd/libhal.a(codal_target_hal.o)
                0x000000000800047a                __aeabi_atexit
                0x0000000008000480                . = ALIGN (0x4)
 *fill*         0x000000000800047e        0x2 
 *liblibopencm3.a:(SORT_BY_ALIGNMENT(.rodata*))
 *libFrameworkLibOpenCM3.a:(SORT_BY_ALIGNMENT(.rodata*))
 *libunity.a:(SORT_BY_ALIGNMENT(.rodata*))
 *libqfplib.a:(SORT_BY_ALIGNMENT(.rodata*))
 *libnano-float.a:(SORT_BY_ALIGNMENT(.rodata*))
 *libnewlib.a:(SORT_BY_ALIGNMENT(.rodata*))
 *liblogger.a:(SORT_BY_ALIGNMENT(.rodata*))
 .rodata._Z11debug_printi.str1.1
                0x0000000008000480        0x4 .pioenvs/bluepill_f103c8/libd9b/liblogger.a(logger.o)
 .rodata._Z11debug_printj.str1.1
                0x0000000008000484        0xb .pioenvs/bluepill_f103c8/libd9b/liblogger.a(logger.o)
 .rodata.debug_println.str1.1
                0x000000000800048f        0x2 .pioenvs/bluepill_f103c8/libd9b/liblogger.a(logger.o)
 *libbluepill.a:(SORT_BY_ALIGNMENT(.rodata*))
 *libbootloader.a:(SORT_BY_ALIGNMENT(.rodata*))
 *libhal.a:(SORT_BY_ALIGNMENT(.rodata*))
 .rodata.target_panic.str1.1
                0x0000000008000491       0x13 .pioenvs/bluepill_f103c8/libccd/libhal.a(codal_target_hal.o)
                0x00000000080004a4                . = ALIGN (0x4)

.text           0x0000000008008000      0x14c
 *(SORT_BY_ALIGNMENT(.vectors))
 *(SORT_BY_ALIGNMENT(.text*))
 .text.startup._GLOBAL__sub_I_serialPort
                0x0000000008008000       0x10 .pioenvs/bluepill_f103c8/src/uart.o
 .text.device_free
                0x0000000008008010       0x40 .pioenvs/bluepill_f103c8/lib3e7/libcodal-core.a(CodalHeapAllocator.o)
                0x0000000008008010                device_free
                0x0000000008008010                free
 .text.usart2_isr
                0x0000000008008050       0x50 .pioenvs/bluepill_f103c8/lib33e/libuartint.a(uartint.o)
                0x0000000008008050                usart2_isr
 .text.startup._GLOBAL__sub_I__ZN13UARTInterfaceC2Ejj
                0x00000000080080a0       0x10 .pioenvs/bluepill_f103c8/lib33e/libuartint.a(uartint.o)
 .text.startup._GLOBAL__sub_I__ZN5codal13ManagedString9initEmptyEv
                0x00000000080080b0       0x2c .pioenvs/bluepill_f103c8/lib3e7/libcodal-core.a(ManagedString.o)
 .text._ZN13UARTInterfaceC2Ejj
                0x00000000080080dc        0x2 .pioenvs/bluepill_f103c8/lib33e/libuartint.a(uartint.o)
                0x00000000080080dc                UARTInterface::UARTInterface(unsigned int, unsigned int)
                0x00000000080080dc                UARTInterface::UARTInterface(unsigned int, unsigned int)
 .text._ZN5codal13ManagedStringD2Ev
                0x00000000080080de        0xe .pioenvs/bluepill_f103c8/lib3e7/libcodal-core.a(ManagedString.o)
                0x00000000080080de                codal::ManagedString::~ManagedString()
                0x00000000080080de                codal::ManagedString::~ManagedString()
 .text._ZL16isReadOnlyInlinePN5codal10RefCountedE
                0x00000000080080ec       0x22 .pioenvs/bluepill_f103c8/lib3e7/libcodal-core.a(RefCounted.o)
 .text._ZN5codal10RefCounted4incrEv
                0x000000000800810e       0x12 .pioenvs/bluepill_f103c8/lib3e7/libcodal-core.a(RefCounted.o)
                0x000000000800810e                codal::RefCounted::incr()
 .text._ZN5codal10RefCounted4decrEv
                0x0000000008008120       0x22 .pioenvs/bluepill_f103c8/lib3e7/libcodal-core.a(RefCounted.o)
                0x0000000008008120                codal::RefCounted::decr()
 .text._ZN5codal10RefCounted7destroyEv
                0x0000000008008142        0x4 .pioenvs/bluepill_f103c8/lib3e7/libcodal-core.a(RefCountedInit.o)
                0x0000000008008142                codal::RefCounted::destroy()
                0x0000000008008148                . = ALIGN (0x4)
 *fill*         0x0000000008008146        0x2 
 *(SORT_BY_ALIGNMENT(.rodata*))
 .rodata._ZL9emptyData
                0x0000000008008148        0x4 .pioenvs/bluepill_f103c8/lib3e7/libcodal-core.a(ManagedString.o)
                0x000000000800814c                . = ALIGN (0x4)

.glue_7         0x000000000800814c        0x0
 .glue_7        0x000000000800814c        0x0 linker stubs

.glue_7t        0x000000000800814c        0x0
 .glue_7t       0x000000000800814c        0x0 linker stubs

.vfp11_veneer   0x000000000800814c        0x0
 .vfp11_veneer  0x000000000800814c        0x0 linker stubs

.v4_bx          0x000000000800814c        0x0
 .v4_bx         0x000000000800814c        0x0 linker stubs

.iplt           0x000000000800814c        0x0
 .iplt          0x000000000800814c        0x0 .pioenvs/bluepill_f103c8/src/uart.o

.rel.dyn        0x000000000800814c        0x0
 .rel.iplt      0x000000000800814c        0x0 .pioenvs/bluepill_f103c8/src/uart.o

.boot_preinit_array
                0x00000000080004a4        0x0
                0x00000000080004a4                . = ALIGN (0x4)
                0x00000000080004a4                __boot_preinit_array_start = .
 *liblibopencm3.a:(SORT_BY_ALIGNMENT(.preinit_array))
 *libFrameworkLibOpenCM3.a:(SORT_BY_ALIGNMENT(.preinit_array))
 *libunity.a:(SORT_BY_ALIGNMENT(.preinit_array))
 *libqfplib.a:(SORT_BY_ALIGNMENT(.preinit_array))
 *libnano-float.a:(SORT_BY_ALIGNMENT(.preinit_array))
 *libnewlib.a:(SORT_BY_ALIGNMENT(.preinit_array))
 *liblogger.a:(SORT_BY_ALIGNMENT(.preinit_array))
 *libbluepill.a:(SORT_BY_ALIGNMENT(.preinit_array))
 *libbootloader.a:(SORT_BY_ALIGNMENT(.preinit_array))
 *libhal.a:(SORT_BY_ALIGNMENT(.preinit_array))
                0x00000000080004a4                __boot_preinit_array_end = .

.preinit_array  0x000000000800814c        0x0
                0x000000000800814c                . = ALIGN (0x4)
                0x000000000800814c                __preinit_array_start = .
 *(SORT_BY_ALIGNMENT(.preinit_array))
                0x000000000800814c                __preinit_array_end = .

.boot_init_array
                0x00000000080004a4        0x0
                0x00000000080004a4                . = ALIGN (0x4)
                0x00000000080004a4                __boot_init_array_start = .
 *liblibopencm3.a:(SORT_BY_NAME(SORT_BY_ALIGNMENT(.init_array.*)))
 *libFrameworkLibOpenCM3.a:(SORT_BY_NAME(SORT_BY_ALIGNMENT(.init_array.*)))
 *libunity.a:(SORT_BY_NAME(SORT_BY_ALIGNMENT(.init_array.*)))
 *libqfplib.a:(SORT_BY_NAME(SORT_BY_ALIGNMENT(.init_array.*)))
 *libnano-float.a:(SORT_BY_NAME(SORT_BY_ALIGNMENT(.init_array.*)))
 *libnewlib.a:(SORT_BY_NAME(SORT_BY_ALIGNMENT(.init_array.*)))
 *liblogger.a:(SORT_BY_NAME(SORT_BY_ALIGNMENT(.init_array.*)))
 *libbluepill.a:(SORT_BY_NAME(SORT_BY_ALIGNMENT(.init_array.*)))
 *libbootloader.a:(SORT_BY_NAME(SORT_BY_ALIGNMENT(.init_array.*)))
 *libhal.a:(SORT_BY_NAME(SORT_BY_ALIGNMENT(.init_array.*)))
 *liblibopencm3.a:(SORT_BY_ALIGNMENT(.init_array))
 *libFrameworkLibOpenCM3.a:(SORT_BY_ALIGNMENT(.init_array))
 *libunity.a:(SORT_BY_ALIGNMENT(.init_array))
 *libqfplib.a:(SORT_BY_ALIGNMENT(.init_array))
 *libnano-float.a:(SORT_BY_ALIGNMENT(.init_array))
 *libnewlib.a:(SORT_BY_ALIGNMENT(.init_array))
 *liblogger.a:(SORT_BY_ALIGNMENT(.init_array))
 *libbluepill.a:(SORT_BY_ALIGNMENT(.init_array))
 *libbootloader.a:(SORT_BY_ALIGNMENT(.init_array))
 *libhal.a:(SORT_BY_ALIGNMENT(.init_array))
                0x00000000080004a4                __boot_init_array_end = .
                0x00000000080004a4                . = ALIGN (0x4)
                0x00000000080004a4                _boot_etext = .

.init_array     0x000000000800814c        0xc
                0x000000000800814c                . = ALIGN (0x4)
                0x000000000800814c                __init_array_start = .
 *(SORT_BY_NAME(SORT_BY_ALIGNMENT(.init_array.*)))
 *(SORT_BY_ALIGNMENT(.init_array))
 .init_array    0x000000000800814c        0x4 .pioenvs/bluepill_f103c8/src/uart.o
 .init_array    0x0000000008008150        0x4 .pioenvs/bluepill_f103c8/lib33e/libuartint.a(uartint.o)
 .init_array    0x0000000008008154        0x4 .pioenvs/bluepill_f103c8/lib3e7/libcodal-core.a(ManagedString.o)
                0x0000000008008158                __init_array_end = .
                0x0000000008008158                . = ALIGN (0x4)
                0x0000000008008158                _etext = .

.fini_array     0x0000000008008158        0x0
                0x0000000008008158                . = ALIGN (0x4)
                0x0000000008008158                __fini_array_start = .
                0x0000000008008158                __fini_array_end = .

.boot_data      0x0000000020000000        0x0 load address 0x00000000080004a4
                0x0000000020000000                _boot_data = .
 *liblibopencm3.a:(SORT_BY_ALIGNMENT(.data*))
 *libFrameworkLibOpenCM3.a:(SORT_BY_ALIGNMENT(.data*))
 *libunity.a:(SORT_BY_ALIGNMENT(.data*))
 *libqfplib.a:(SORT_BY_ALIGNMENT(.data*))
 *libnano-float.a:(SORT_BY_ALIGNMENT(.data*))
 *libnewlib.a:(SORT_BY_ALIGNMENT(.data*))
 *liblogger.a:(SORT_BY_ALIGNMENT(.data*))
 *libbluepill.a:(SORT_BY_ALIGNMENT(.data*))
 *libbootloader.a:(SORT_BY_ALIGNMENT(.data*))
 *libhal.a:(SORT_BY_ALIGNMENT(.data*))
                0x0000000020000000                . = ALIGN (0x4)
                0x0000000020000000                _boot_edata = .
                0x00000000080004a4                _boot_data_loadaddr = LOADADDR (.boot_data)

.data           0x0000000020002800        0x0 load address 0x0000000008008158
                0x0000000020002800                _data = .
 *(SORT_BY_ALIGNMENT(.data*))
                0x0000000020002800                . = ALIGN (0x4)
                0x0000000020002800                _edata = .
                0x0000000008008158                _data_loadaddr = LOADADDR (.data)

.igot.plt       0x0000000020002800        0x0 load address 0x0000000008008158
 .igot.plt      0x0000000020002800        0x0 .pioenvs/bluepill_f103c8/src/uart.o

.boot_bss       0x0000000020000000      0x118
 *liblibopencm3.a:(SORT_BY_ALIGNMENT(.bss*))
 *libFrameworkLibOpenCM3.a:(SORT_BY_ALIGNMENT(.bss*))
 *libunity.a:(SORT_BY_ALIGNMENT(.bss*))
 *libqfplib.a:(SORT_BY_ALIGNMENT(.bss*))
 *libnano-float.a:(SORT_BY_ALIGNMENT(.bss*))
 *libnewlib.a:(SORT_BY_ALIGNMENT(.bss*))
 *liblogger.a:(SORT_BY_ALIGNMENT(.bss*))
 .bss._ZL10logEnabled
                0x0000000020000000        0x1 .pioenvs/bluepill_f103c8/libd9b/liblogger.a(logger.o)
 .bss._ZL11debugBuffer
                0x0000000020000001      0x101 .pioenvs/bluepill_f103c8/libd9b/liblogger.a(logger.o)
 *libbluepill.a:(SORT_BY_ALIGNMENT(.bss*))
 *fill*         0x0000000020000102        0x2 
 .bss._ZL10alarmCount
                0x0000000020000104        0x4 .pioenvs/bluepill_f103c8/lib271/libbluepill.a(timer.o)
 .bss._ZL8tickFunc
                0x0000000020000108        0x4 .pioenvs/bluepill_f103c8/lib271/libbluepill.a(timer.o)
 .bss._ZL9alarmFunc
                0x000000002000010c        0x4 .pioenvs/bluepill_f103c8/lib271/libbluepill.a(timer.o)
 .bss._ZL9tickCount
                0x0000000020000110        0x4 .pioenvs/bluepill_f103c8/lib271/libbluepill.a(timer.o)
 *libbootloader.a:(SORT_BY_ALIGNMENT(.bss*))
 *libhal.a:(SORT_BY_ALIGNMENT(.bss*))
 .bss.__dso_handle
                0x0000000020000114        0x4 .pioenvs/bluepill_f103c8/libccd/libhal.a(codal_target_hal.o)
                0x0000000020000114                __dso_handle
 *liblibopencm3.a:(SORT_BY_ALIGNMENT(COMMON))
 *libFrameworkLibOpenCM3.a:(SORT_BY_ALIGNMENT(COMMON))
 *libunity.a:(SORT_BY_ALIGNMENT(COMMON))
 *libqfplib.a:(SORT_BY_ALIGNMENT(COMMON))
 *libnano-float.a:(SORT_BY_ALIGNMENT(COMMON))
 *libnewlib.a:(SORT_BY_ALIGNMENT(COMMON))
 *liblogger.a:(SORT_BY_ALIGNMENT(COMMON))
 *libbluepill.a:(SORT_BY_ALIGNMENT(COMMON))
 *libbootloader.a:(SORT_BY_ALIGNMENT(COMMON))
 *libhal.a:(SORT_BY_ALIGNMENT(COMMON))
                0x0000000020000118                . = ALIGN (0x4)
                0x0000000020000118                _boot_ebss = .
                0x0000000020000118                . = ALIGN (0x4)
                0x0000000020000118                boot_end = .

.bss            0x0000000020002800       0x7c
 *(SORT_BY_ALIGNMENT(.bss*))
 .bss.heap      0x0000000020002800        0x8 .pioenvs/bluepill_f103c8/lib3e7/libcodal-core.a(CodalHeapAllocator.o)
                0x0000000020002800                heap
 .bss._ZL13responseQueue
                0x0000000020002808       0x6c .pioenvs/bluepill_f103c8/lib33e/libuartint.a(uartint.o)
 .bss._ZN5codal13ManagedString11EmptyStringE
                0x0000000020002874        0x4 .pioenvs/bluepill_f103c8/lib3e7/libcodal-core.a(ManagedString.o)
                0x0000000020002874                codal::ManagedString::EmptyString
 .bss.serialPort
                0x0000000020002878        0x1 .pioenvs/bluepill_f103c8/src/uart.o
                0x0000000020002878                serialPort
 *(SORT_BY_ALIGNMENT(COMMON))
                0x000000002000287c                . = ALIGN (0x4)
 *fill*         0x0000000020002879        0x3 
                0x000000002000287c                _ebss = .
                0x000000002000287c                . = ALIGN (0x4)
                0x000000002000287c                end = .
                0x0000000020005000                PROVIDE (_stack, (ORIGIN (ram) + LENGTH (ram)))
LOAD asm/CortexContextSwitch.s.o
LOAD .pioenvs/bluepill_f103c8/src/aggregate.o
LOAD .pioenvs/bluepill_f103c8/src/downlink.o
LOAD .pioenvs/bluepill_f103c8/src/main.o
LOAD .pioenvs/bluepill_f103c8/src/sensor.o
LOAD .pioenvs/bluepill_f103c8/src/sensor_display.o
LOAD .pioenvs/bluepill_f103c8/src/uart.o
LOAD .pioenvs/bluepill_f103c8/src/wisol.o
LOAD .pioenvs/bluepill_f103c8/src/wstring.o
START GROUP
LOAD .pioenvs/bluepill_f103c8/libfdb/libunity.a
LOAD .pioenvs/bluepill_f103c8/libf85/libqfplib.a
LOAD .pioenvs/bluepill_f103c8/libd9b/liblogger.a
LOAD .pioenvs/bluepill_f103c8/libd88/libnano-float.a
LOAD .pioenvs/bluepill_f103c8/lib98a/libnewlib.a
LOAD .pioenvs/bluepill_f103c8/lib271/libbluepill.a
LOAD .pioenvs/bluepill_f103c8/libb45/libbootloader.a
LOAD .pioenvs/bluepill_f103c8/lib739/libcm.a
LOAD .pioenvs/bluepill_f103c8/libea7/libcocoOS_5.0.3.a
LOAD .pioenvs/bluepill_f103c8/libccd/libhal.a
LOAD .pioenvs/bluepill_f103c8/lib3e7/libcodal-core.a
LOAD .pioenvs/bluepill_f103c8/lib2eb/libmodel.a
LOAD .pioenvs/bluepill_f103c8/libc3f/libsimulator.a
LOAD .pioenvs/bluepill_f103c8/lib91e/libspiint.a
LOAD .pioenvs/bluepill_f103c8/libea2/libi2cint.a
LOAD .pioenvs/bluepill_f103c8/lib9ba/libporting.a
LOAD .pioenvs/bluepill_f103c8/libdc9/libBME280.a
LOAD .pioenvs/bluepill_f103c8/lib23b/libboost_config.a
LOAD .pioenvs/bluepill_f103c8/libf3d/libboost_assert.a
LOAD .pioenvs/bluepill_f103c8/lib3c5/libboost_core.a
LOAD .pioenvs/bluepill_f103c8/lib186/libboost_static_assert.a
LOAD .pioenvs/bluepill_f103c8/lib047/libboost_type_traits.a
LOAD .pioenvs/bluepill_f103c8/libd23/libboost_preprocessor.a
LOAD .pioenvs/bluepill_f103c8/lib95e/libboost_detail.a
LOAD .pioenvs/bluepill_f103c8/lib64e/libboost_predef.a
LOAD .pioenvs/bluepill_f103c8/libd30/libboost_utility.a
LOAD .pioenvs/bluepill_f103c8/libe2b/libboost_mpl.a
LOAD .pioenvs/bluepill_f103c8/lib609/libboost_iterator.a
LOAD .pioenvs/bluepill_f103c8/libcea/libboost_parameter.a
LOAD .pioenvs/bluepill_f103c8/lib7b0/libboost_lockfree.a
LOAD .pioenvs/bluepill_f103c8/lib33e/libuartint.a
LOAD .pioenvs/bluepill_f103c8/lib573/libadcint.a
LOAD /Users/Luppy/.platformio/packages/toolchain-gccarmnoneeabi/bin/../lib/gcc/arm-none-eabi/7.2.1/thumb/v7-m/libgcc.a
LOAD .pioenvs/bluepill_f103c8/libFrameworkLibOpenCM3.a
END GROUP
OUTPUT(.pioenvs/bluepill_f103c8/firmware.elf elf32-littlearm)

.comment        0x0000000000000000       0x7e
 .comment       0x0000000000000000       0x7e .pioenvs/bluepill_f103c8/src/uart.o
                                         0x7f (size before relaxing)
 .comment       0x000000000000007e       0x7f .pioenvs/bluepill_f103c8/libd9b/liblogger.a(logger.o)
 .comment       0x000000000000007e       0x7f .pioenvs/bluepill_f103c8/lib98a/libnewlib.a(strlen.o)
 .comment       0x000000000000007e       0x7f .pioenvs/bluepill_f103c8/lib98a/libnewlib.a(strncat.o)
 .comment       0x000000000000007e       0x7f .pioenvs/bluepill_f103c8/lib271/libbluepill.a(timer.o)
 .comment       0x000000000000007e       0x7f .pioenvs/bluepill_f103c8/libccd/libhal.a(codal_target_hal.o)
 .comment       0x000000000000007e       0x7f .pioenvs/bluepill_f103c8/lib3e7/libcodal-core.a(CodalHeapAllocator.o)
 .comment       0x000000000000007e       0x7f .pioenvs/bluepill_f103c8/lib33e/libuartint.a(uartint.o)
 .comment       0x000000000000007e       0x7f .pioenvs/bluepill_f103c8/libFrameworkLibOpenCM3.a(rtc.o)
 .comment       0x000000000000007e       0x7f .pioenvs/bluepill_f103c8/libFrameworkLibOpenCM3.a(usart_common_f124.o)
 .comment       0x000000000000007e       0x7f .pioenvs/bluepill_f103c8/libFrameworkLibOpenCM3.a(exti_common_all.o)
 .comment       0x000000000000007e       0x7f .pioenvs/bluepill_f103c8/libFrameworkLibOpenCM3.a(vector.o)
 .comment       0x000000000000007e       0x7f .pioenvs/bluepill_f103c8/lib3e7/libcodal-core.a(ManagedString.o)
 .comment       0x000000000000007e       0x7f .pioenvs/bluepill_f103c8/lib3e7/libcodal-core.a(RefCounted.o)
 .comment       0x000000000000007e       0x7f .pioenvs/bluepill_f103c8/lib3e7/libcodal-core.a(RefCountedInit.o)

.ARM.attributes
                0x0000000000000000       0x2f
 .ARM.attributes
                0x0000000000000000       0x33 .pioenvs/bluepill_f103c8/src/uart.o
 .ARM.attributes
                0x0000000000000033       0x33 .pioenvs/bluepill_f103c8/libd9b/liblogger.a(logger.o)
 .ARM.attributes
                0x0000000000000066       0x33 .pioenvs/bluepill_f103c8/lib98a/libnewlib.a(strlen.o)
 .ARM.attributes
                0x0000000000000099       0x33 .pioenvs/bluepill_f103c8/lib98a/libnewlib.a(strncat.o)
 .ARM.attributes
                0x00000000000000cc       0x33 .pioenvs/bluepill_f103c8/lib271/libbluepill.a(timer.o)
 .ARM.attributes
                0x00000000000000ff       0x33 .pioenvs/bluepill_f103c8/libccd/libhal.a(codal_target_hal.o)
 .ARM.attributes
                0x0000000000000132       0x33 .pioenvs/bluepill_f103c8/lib3e7/libcodal-core.a(CodalHeapAllocator.o)
 .ARM.attributes
                0x0000000000000165       0x33 .pioenvs/bluepill_f103c8/lib33e/libuartint.a(uartint.o)
 .ARM.attributes
                0x0000000000000198       0x33 .pioenvs/bluepill_f103c8/libFrameworkLibOpenCM3.a(rtc.o)
 .ARM.attributes
                0x00000000000001cb       0x33 .pioenvs/bluepill_f103c8/libFrameworkLibOpenCM3.a(usart_common_f124.o)
 .ARM.attributes
                0x00000000000001fe       0x33 .pioenvs/bluepill_f103c8/libFrameworkLibOpenCM3.a(exti_common_all.o)
 .ARM.attributes
                0x0000000000000231       0x33 .pioenvs/bluepill_f103c8/libFrameworkLibOpenCM3.a(vector.o)
 .ARM.attributes
                0x0000000000000264       0x33 .pioenvs/bluepill_f103c8/lib3e7/libcodal-core.a(ManagedString.o)
 .ARM.attributes
                0x0000000000000297       0x33 .pioenvs/bluepill_f103c8/lib3e7/libcodal-core.a(RefCounted.o)
 .ARM.attributes
                0x00000000000002ca       0x33 .pioenvs/bluepill_f103c8/lib3e7/libcodal-core.a(RefCountedInit.o)
