Archive member included to satisfy reference by file (symbol)

.pioenvs/bluepill_f103c8/libd9b/liblogger.a(logger.o)
                              .pioenvs/bluepill_f103c8/libccd/hal/codal_target_hal.o (debug_flush)
.pioenvs/bluepill_f103c8/lib271/libbluepill.a(bluepill.o)
                              .pioenvs/bluepill_f103c8/libccd/hal/codal_target_hal.o (platform_setup)
.pioenvs/bluepill_f103c8/lib271/libbluepill.a(led.o)
                              .pioenvs/bluepill_f103c8/lib271/libbluepill.a(bluepill.o) (led_setup)
.pioenvs/bluepill_f103c8/lib271/libbluepill.a(timer.o)
                              .pioenvs/bluepill_f103c8/libccd/hal/codal_target_hal.o (platform_start_timer)
.pioenvs/bluepill_f103c8/lib6b9/libbaseloader.a(baseloader.o)
                              (base_vector_table)
.pioenvs/bluepill_f103c8/libb45/libbootloader.a(bootloader.o)
                              .pioenvs/bluepill_f103c8/libccd/hal/reset_handler.o (bootloader_start)
.pioenvs/bluepill_f103c8/libb45/libbootloader.a(target_stm32f103.o)
                              .pioenvs/bluepill_f103c8/libb45/libbootloader.a(bootloader.o) (boot_target_get_startup_mode)
.pioenvs/bluepill_f103c8/libb45/libbootloader.a(usb_conf.o)
                              .pioenvs/bluepill_f103c8/libb45/libbootloader.a(bootloader.o) (usb_setup)
.pioenvs/bluepill_f103c8/libb45/libbootloader.a(webusb.o)
                              .pioenvs/bluepill_f103c8/libb45/libbootloader.a(usb_conf.o) (webusb_setup)
.pioenvs/bluepill_f103c8/libb45/libbootloader.a(winusb.o)
                              .pioenvs/bluepill_f103c8/libb45/libbootloader.a(usb_conf.o) (winusb_setup)
.pioenvs/bluepill_f103c8/libb45/libbootloader.a(cdc.o)
                              .pioenvs/bluepill_f103c8/libb45/libbootloader.a(usb_conf.o) (cdcadm_transmit)
.pioenvs/bluepill_f103c8/libb45/libbootloader.a(hf2.o)
                              .pioenvs/bluepill_f103c8/libb45/libbootloader.a(usb_conf.o) (hf2_setup)
.pioenvs/bluepill_f103c8/libb45/libbootloader.a(backup.o)
                              .pioenvs/bluepill_f103c8/libb45/libbootloader.a(target_stm32f103.o) (backup_write)
.pioenvs/bluepill_f103c8/libb45/libbootloader.a(usb21_standard.o)
                              .pioenvs/bluepill_f103c8/libb45/libbootloader.a(usb_conf.o) (usb21_setup)
.pioenvs/bluepill_f103c8/libb45/libbootloader.a(ghostfat.o)
                              .pioenvs/bluepill_f103c8/libb45/libbootloader.a(hf2.o) (flash_flush)
.pioenvs/bluepill_f103c8/lib98a/libnewlib.a(memcmp.o)
                              .pioenvs/bluepill_f103c8/libb45/libbootloader.a(hf2.o) (memcmp)
.pioenvs/bluepill_f103c8/lib98a/libnewlib.a(memcpy.o)
                              .pioenvs/bluepill_f103c8/libd9b/liblogger.a(logger.o) (memcpy)
.pioenvs/bluepill_f103c8/lib98a/libnewlib.a(memset.o)
                              .pioenvs/bluepill_f103c8/libb45/libbootloader.a(hf2.o) (memset)
.pioenvs/bluepill_f103c8/lib98a/libnewlib.a(strcpy.o)
                              .pioenvs/bluepill_f103c8/libd9b/liblogger.a(logger.o) (strcpy)
.pioenvs/bluepill_f103c8/lib98a/libnewlib.a(strlen.o)
                              .pioenvs/bluepill_f103c8/src/aggregate.o (strlen)
.pioenvs/bluepill_f103c8/lib98a/libnewlib.a(strncat.o)
                              .pioenvs/bluepill_f103c8/src/wisol.o (strncat)
.pioenvs/bluepill_f103c8/lib98a/libnewlib.a(strncmp.o)
                              .pioenvs/bluepill_f103c8/src/aggregate.o (strncmp)
.pioenvs/bluepill_f103c8/lib98a/libnewlib.a(strncpy.o)
                              .pioenvs/bluepill_f103c8/src/aggregate.o (strncpy)
.pioenvs/bluepill_f103c8/lib98a/libnewlib.a(strstr.o)
                              .pioenvs/bluepill_f103c8/src/wisol.o (strstr)
.pioenvs/bluepill_f103c8/libea7/libcocoOS_5.0.3.a(os_cbk.o)
                              .pioenvs/bluepill_f103c8/libccd/hal/codal_target_hal.o (os_cbkSleep)
.pioenvs/bluepill_f103c8/libea7/libcocoOS_5.0.3.a(os_event.o)
                              .pioenvs/bluepill_f103c8/src/wisol.o (event_create)
.pioenvs/bluepill_f103c8/libea7/libcocoOS_5.0.3.a(os_kernel.o)
                              .pioenvs/bluepill_f103c8/libccd/hal/codal_target_hal.o (os_init)
.pioenvs/bluepill_f103c8/libea7/libcocoOS_5.0.3.a(os_msgqueue.o)
                              .pioenvs/bluepill_f103c8/libea7/libcocoOS_5.0.3.a(os_kernel.o) (os_msgQ_init)
.pioenvs/bluepill_f103c8/libea7/libcocoOS_5.0.3.a(os_sem.o)
                              .pioenvs/bluepill_f103c8/libea7/libcocoOS_5.0.3.a(os_kernel.o) (os_sem_init)
.pioenvs/bluepill_f103c8/libea7/libcocoOS_5.0.3.a(os_task.o)
                              .pioenvs/bluepill_f103c8/libea7/libcocoOS_5.0.3.a(os_kernel.o) (os_task_init)
.pioenvs/bluepill_f103c8/libea7/libcocoOS_5.0.3.a(os_assert.o)
                              .pioenvs/bluepill_f103c8/libea7/libcocoOS_5.0.3.a(os_event.o) (os_on_assert)
.pioenvs/bluepill_f103c8/lib3e7/libcodal-core.a(CodalComponent.o)
[...]
Memory Configuration

Name             Origin             Length             Attributes
bootrom          0x0000000008000000 0x0000000000007000 xr
rom              0x0000000008007000 0x0000000000009000 xr
bootram          0x0000000020000000 0x0000000000001000 xrw
ram              0x0000000020001000 0x00000000000037bc xrw
bootbuf          0x00000000200047bc 0x0000000000000844 xrw
*default*        0x0000000000000000 0xffffffffffffffff

Linker script and memory map

                0x0000000000007000                _bootrom_size = 0x7000
                0x0000000000001000                _bootram_size = 0x1000
                0x0000000000000844                _bootbuf_size = 0x844

.boot_text      0x0000000008000000     0x4a40
                0x0000000008000000                _boot_text = .
 *(SORT_BY_ALIGNMENT(.vectors))
 .vectors       0x0000000008000000      0x150 .pioenvs/bluepill_f103c8/libFrameworkLibOpenCM3.a(vector.o)
                0x0000000008000000                vector_table
 *(SORT_BY_ALIGNMENT(.base_vectors))
 .base_vectors  0x0000000008000150       0x18 .pioenvs/bluepill_f103c8/lib6b9/libbaseloader.a(baseloader.o)
                0x0000000008000150                base_vector_table
 *libbaseloader.a:(SORT_BY_ALIGNMENT(.text*))
 .text.baseloader_start
                0x0000000008000168      0x448 .pioenvs/bluepill_f103c8/lib6b9/libbaseloader.a(baseloader.o)
                0x0000000008000168                baseloader_start
 .text.baseloader_fetch
                0x00000000080005b0       0xc4 .pioenvs/bluepill_f103c8/lib6b9/libbaseloader.a(baseloader.o)
                0x00000000080005b0                baseloader_fetch
                0x0000000008000674                . = ALIGN (0x4)
 *libbaseloader.a:(SORT_BY_ALIGNMENT(.rodata*))
                0x0000000008000674                . = ALIGN (0x4)
                0x0000000008000674                _base_etext = .
 *(SORT_BY_ALIGNMENT(.text.blocking_handler*))
 .text.blocking_handler
                0x0000000008000674        0x2 .pioenvs/bluepill_f103c8/libFrameworkLibOpenCM3.a(vector.o)
                0x0000000008000674                exti0_isr
                0x0000000008000674                tim7_isr
                0x0000000008000674                adc1_2_isr
                0x0000000008000674                tim1_trg_com_isr
                0x0000000008000674                usb_hp_can_tx_isr
                0x0000000008000674                tim6_isr
                0x0000000008000674                usb_wakeup_isr
                0x0000000008000674                blocking_handler
                0x0000000008000674                tim5_isr
                0x0000000008000674                otg_fs_isr
                0x0000000008000674                spi1_isr
                0x0000000008000674                exti2_isr
                0x0000000008000674                dma1_channel6_isr
                0x0000000008000674                can_rx1_isr
                0x0000000008000674                dma1_channel5_isr
                0x0000000008000674                dma2_channel5_isr
                0x0000000008000674                usart1_isr
                0x0000000008000674                usage_fault_handler
                0x0000000008000674                tim8_trg_com_isr
                0x0000000008000674                can2_rx0_isr
                0x0000000008000674                tim1_brk_isr
                0x0000000008000674                can2_rx1_isr
                0x0000000008000674                tim1_cc_isr
                0x0000000008000674                sdio_isr
                0x0000000008000674                eth_isr
                0x0000000008000674                dma1_channel4_isr
                0x0000000008000674                tim8_brk_isr
                0x0000000008000674                dma2_channel4_5_isr
                0x0000000008000674                pvd_isr
                0x0000000008000674                rcc_isr
                0x0000000008000674                flash_isr
                0x0000000008000674                uart4_isr
                0x0000000008000674                exti15_10_isr
                0x0000000008000674                hard_fault_handler
                0x0000000008000674                exti1_isr
                0x0000000008000674                i2c1_ev_isr
                0x0000000008000674                dma2_channel1_isr
                0x0000000008000674                spi2_isr
                0x0000000008000674                tim8_up_isr
                0x0000000008000674                dma2_channel2_isr
                0x0000000008000674                exti3_isr
                0x0000000008000674                adc3_isr
                0x0000000008000674                tim3_isr
                0x0000000008000674                usb_lp_can_rx0_isr
                0x0000000008000674                i2c2_er_isr
                0x0000000008000674                i2c2_ev_isr
                0x0000000008000674                uart5_isr
                0x0000000008000674                fsmc_isr
                0x0000000008000674                dma1_channel1_isr
                0x0000000008000674                exti4_isr
                0x0000000008000674                mem_manage_handler
                0x0000000008000674                can2_tx_isr
                0x0000000008000674                exti9_5_isr
                0x0000000008000674                dma2_channel3_isr
                0x0000000008000674                dma1_channel7_isr
                0x0000000008000674                tim1_up_isr
                0x0000000008000674                can2_sce_isr
                0x0000000008000674                tim4_isr
                0x0000000008000674                dma1_channel2_isr
                0x0000000008000674                i2c1_er_isr
                0x0000000008000674                can_sce_isr
                0x0000000008000674                tim8_cc_isr
                0x0000000008000674                tamper_isr
                0x0000000008000674                eth_wkup_isr
                0x0000000008000674                bus_fault_handler
                0x0000000008000674                wwdg_isr
                0x0000000008000674                dma1_channel3_isr
                0x0000000008000674                spi3_isr
                0x0000000008000674                tim2_isr
                0x0000000008000674                usart3_isr
 *(SORT_BY_ALIGNMENT(.text.null_handler*))
 .text.null_handler
                0x0000000008000676        0x2 .pioenvs/bluepill_f103c8/libFrameworkLibOpenCM3.a(vector.o)
                0x0000000008000676                null_handler
                0x0000000008000676                sv_call_handler
                0x0000000008000676                pend_sv_handler
                0x0000000008000676                debug_monitor_handler
                0x0000000008000676                sys_tick_handler
                0x0000000008000676                nmi_handler
 *(SORT_BY_ALIGNMENT(.text.*_isr))
 .text.rtc_isr  0x0000000008000678       0x30 .pioenvs/bluepill_f103c8/lib271/libbluepill.a(timer.o)
                0x0000000008000678                rtc_isr
 .text.rtc_alarm_isr
                0x00000000080006a8       0x30 .pioenvs/bluepill_f103c8/lib271/libbluepill.a(timer.o)
                0x00000000080006a8                rtc_alarm_isr
 .text.usart2_isr
                0x00000000080006d8       0x50 .pioenvs/bluepill_f103c8/lib33e/libuartint.a(uartint.o)
                0x00000000080006d8                usart2_isr
 :*reset_handler*(SORT_BY_ALIGNMENT(.text*))
 .text.reset_handler
                0x0000000008000728       0xdc .pioenvs/bluepill_f103c8/libccd/hal/reset_handler.o
                0x0000000008000728                reset_handler
 :*codal_target_hal*(SORT_BY_ALIGNMENT(.text*))
 .text._ZL10timer_tickv
                0x0000000008000804       0x7c .pioenvs/bluepill_f103c8/libccd/hal/codal_target_hal.o
 .text._ZL11timer_alarmv
                0x0000000008000880       0x2c .pioenvs/bluepill_f103c8/libccd/hal/codal_target_hal.o
 .text.target_init
                0x00000000080008ac       0x30 .pioenvs/bluepill_f103c8/libccd/hal/codal_target_hal.o
                0x00000000080008ac                target_init
 .text.target_wait_for_event
                0x00000000080008dc       0x10 .pioenvs/bluepill_f103c8/libccd/hal/codal_target_hal.o
                0x00000000080008dc                target_wait_for_event
 .text.target_wait
                0x00000000080008ec       0x74 .pioenvs/bluepill_f103c8/libccd/hal/codal_target_hal.o
                0x00000000080008ec                target_wait
 .text.target_panic
                0x0000000008000960       0x20 .pioenvs/bluepill_f103c8/libccd/hal/codal_target_hal.o
                0x0000000008000960                target_panic
 .text.fiber_initial_stack_base
                0x0000000008000980        0x8 .pioenvs/bluepill_f103c8/libccd/hal/codal_target_hal.o
                0x0000000008000980                fiber_initial_stack_base
 .text.test_codal
                0x0000000008000988       0x70 .pioenvs/bluepill_f103c8/libccd/hal/codal_target_hal.o
                0x0000000008000988                test_codal
 .text.target_set_tick_callback
                0x00000000080009f8        0xc .pioenvs/bluepill_f103c8/libccd/hal/codal_target_hal.o
                0x00000000080009f8                target_set_tick_callback
 .text.target_set_alarm_callback
                0x0000000008000a04        0xc .pioenvs/bluepill_f103c8/libccd/hal/codal_target_hal.o
                0x0000000008000a04                target_set_alarm_callback
 .text.target_set_bootloader_callback
                0x0000000008000a10        0xc .pioenvs/bluepill_f103c8/libccd/hal/codal_target_hal.o
                0x0000000008000a10                target_set_bootloader_callback
 .text.target_wait_us
                0x0000000008000a1c        0xc .pioenvs/bluepill_f103c8/libccd/hal/codal_target_hal.o
                0x0000000008000a1c                target_wait_us
 .text.target_enable_irq
                0x0000000008000a28        0x4 .pioenvs/bluepill_f103c8/libccd/hal/codal_target_hal.o
                0x0000000008000a28                target_enable_irq
 .text.target_disable_irq
                0x0000000008000a2c        0x4 .pioenvs/bluepill_f103c8/libccd/hal/codal_target_hal.o
                0x0000000008000a2c                target_disable_irq
 .text.tcb_allocate
                0x0000000008000a30        0x6 .pioenvs/bluepill_f103c8/libccd/hal/codal_target_hal.o
                0x0000000008000a30                tcb_allocate
 .text.tcb_configure_lr
                0x0000000008000a36        0x4 .pioenvs/bluepill_f103c8/libccd/hal/codal_target_hal.o
                0x0000000008000a36                tcb_configure_lr
 .text.tcb_configure_sp
                0x0000000008000a3a        0x4 .pioenvs/bluepill_f103c8/libccd/hal/codal_target_hal.o
                0x0000000008000a3a                tcb_configure_sp
 .text.tcb_configure_stack_base
                0x0000000008000a3e        0x4 .pioenvs/bluepill_f103c8/libccd/hal/codal_target_hal.o
                0x0000000008000a3e                tcb_configure_stack_base
 .text.tcb_get_stack_base
                0x0000000008000a42        0x4 .pioenvs/bluepill_f103c8/libccd/hal/codal_target_hal.o
                0x0000000008000a42                tcb_get_stack_base
 .text.get_current_sp
                0x0000000008000a46        0x4 .pioenvs/bluepill_f103c8/libccd/hal/codal_target_hal.o
                0x0000000008000a46                get_current_sp
 .text.tcb_get_sp
                0x0000000008000a4a        0x4 .pioenvs/bluepill_f103c8/libccd/hal/codal_target_hal.o
                0x0000000008000a4a                tcb_get_sp
 .text.tcb_configure_args
                0x0000000008000a4e        0x8 .pioenvs/bluepill_f103c8/libccd/hal/codal_target_hal.o
                0x0000000008000a4e                tcb_configure_args
 .text._fini    0x0000000008000a56        0x2 .pioenvs/bluepill_f103c8/libccd/hal/codal_target_hal.o
                0x0000000008000a56                _fini
 .text.__aeabi_atexit
                0x0000000008000a58        0x4 .pioenvs/bluepill_f103c8/libccd/hal/codal_target_hal.o
                0x0000000008000a58                __aeabi_atexit
 .text.target_enable_debug
                0x0000000008000a5c        0x4 .pioenvs/bluepill_f103c8/libccd/hal/codal_target_hal.o
                0x0000000008000a5c                target_enable_debug
 *libhal.a:*codal_target_hal*(SORT_BY_ALIGNMENT(.text*))
 :*CortexContextSwitch*(SORT_BY_ALIGNMENT(.text*))
 .text          0x0000000008000a60      0x124 asm/CortexContextSwitch.s.o
                0x0000000008000a60                swap_context
                0x0000000008000ae2                save_context
                0x0000000008000b26                save_register_context
                0x0000000008000b56                restore_register_context
 *libhal.a:(SORT_BY_ALIGNMENT(.text*))
 *liblibopencm3.a:(SORT_BY_ALIGNMENT(.text*))
 *libFrameworkLibOpenCM3.a:(SORT_BY_ALIGNMENT(.text*))
 .text.desig_get_unique_id
                0x0000000008000b84       0x20 .pioenvs/bluepill_f103c8/libFrameworkLibOpenCM3.a(desig.o)
                0x0000000008000b84                desig_get_unique_id
 .text.desig_get_unique_id_as_string
                0x0000000008000ba4       0x48 .pioenvs/bluepill_f103c8/libFrameworkLibOpenCM3.a(desig.o)
                0x0000000008000ba4                desig_get_unique_id_as_string
 .text.rcc_osc_on.part.0
                0x0000000008000bec       0x10 .pioenvs/bluepill_f103c8/libFrameworkLibOpenCM3.a(rcc.o)
 .text.rcc_wait_for_osc_ready
                0x0000000008000bfc       0x64 .pioenvs/bluepill_f103c8/libFrameworkLibOpenCM3.a(rcc.o)
                0x0000000008000bfc                rcc_wait_for_osc_ready
 .text.rcc_osc_on
                0x0000000008000c60       0x54 .pioenvs/bluepill_f103c8/libFrameworkLibOpenCM3.a(rcc.o)
                0x0000000008000c60                rcc_osc_on
 .text.rcc_set_sysclk_source
                0x0000000008000cb4       0x14 .pioenvs/bluepill_f103c8/libFrameworkLibOpenCM3.a(rcc.o)
                0x0000000008000cb4                rcc_set_sysclk_source
 .text.rcc_set_pll_multiplication_factor
                0x0000000008000cc8       0x14 .pioenvs/bluepill_f103c8/libFrameworkLibOpenCM3.a(rcc.o)
                0x0000000008000cc8                rcc_set_pll_multiplication_factor
 .text.rcc_set_pll_source
                0x0000000008000cdc       0x14 .pioenvs/bluepill_f103c8/libFrameworkLibOpenCM3.a(rcc.o)
                0x0000000008000cdc                rcc_set_pll_source
 .text.rcc_set_pllxtpre
                0x0000000008000cf0       0x14 .pioenvs/bluepill_f103c8/libFrameworkLibOpenCM3.a(rcc.o)
                0x0000000008000cf0                rcc_set_pllxtpre
 .text.rcc_enable_rtc_clock
                0x0000000008000d04       0x10 .pioenvs/bluepill_f103c8/libFrameworkLibOpenCM3.a(rcc.o)
                0x0000000008000d04                rcc_enable_rtc_clock
 .text.rcc_set_rtc_clock_source
                0x0000000008000d14       0x90 .pioenvs/bluepill_f103c8/libFrameworkLibOpenCM3.a(rcc.o)
                0x0000000008000d14                rcc_set_rtc_clock_source
 .text.rcc_set_adcpre
                0x0000000008000da4       0x14 .pioenvs/bluepill_f103c8/libFrameworkLibOpenCM3.a(rcc.o)
                0x0000000008000da4                rcc_set_adcpre
 .text.rcc_set_ppre2
                0x0000000008000db8       0x14 .pioenvs/bluepill_f103c8/libFrameworkLibOpenCM3.a(rcc.o)
                0x0000000008000db8                rcc_set_ppre2
 .text.rcc_set_ppre1
                0x0000000008000dcc       0x14 .pioenvs/bluepill_f103c8/libFrameworkLibOpenCM3.a(rcc.o)
                0x0000000008000dcc                rcc_set_ppre1
 .text.rcc_set_hpre
                0x0000000008000de0       0x14 .pioenvs/bluepill_f103c8/libFrameworkLibOpenCM3.a(rcc.o)
                0x0000000008000de0                rcc_set_hpre
 .text.rcc_clock_setup_in_hse_8mhz_out_72mhz
                0x0000000008000df4       0x8c .pioenvs/bluepill_f103c8/libFrameworkLibOpenCM3.a(rcc.o)
                0x0000000008000df4                rcc_clock_setup_in_hse_8mhz_out_72mhz
 .text.rtc_enter_config_mode
                0x0000000008000e80       0x20 .pioenvs/bluepill_f103c8/libFrameworkLibOpenCM3.a(rtc.o)
                0x0000000008000e80                rtc_enter_config_mode
 .text.rtc_exit_config_mode
                0x0000000008000ea0       0x20 .pioenvs/bluepill_f103c8/libFrameworkLibOpenCM3.a(rtc.o)
                0x0000000008000ea0                rtc_exit_config_mode
 .text.rtc_set_alarm_time
                0x0000000008000ec0       0x20 .pioenvs/bluepill_f103c8/libFrameworkLibOpenCM3.a(rtc.o)
                0x0000000008000ec0                rtc_set_alarm_time
 .text.rtc_set_prescale_val
                0x0000000008000ee0       0x20 .pioenvs/bluepill_f103c8/libFrameworkLibOpenCM3.a(rtc.o)
                0x0000000008000ee0                rtc_set_prescale_val
 .text.rtc_get_counter_val
                0x0000000008000f00       0x14 .pioenvs/bluepill_f103c8/libFrameworkLibOpenCM3.a(rtc.o)
                0x0000000008000f00                rtc_get_counter_val
 .text.rtc_set_counter_val
                0x0000000008000f14       0x1c .pioenvs/bluepill_f103c8/libFrameworkLibOpenCM3.a(rtc.o)
                0x0000000008000f14                rtc_set_counter_val
 .text.rtc_interrupt_enable
                0x0000000008000f30       0x3c .pioenvs/bluepill_f103c8/libFrameworkLibOpenCM3.a(rtc.o)
                0x0000000008000f30                rtc_interrupt_enable
 .text.rtc_interrupt_disable
                0x0000000008000f6c       0x3c .pioenvs/bluepill_f103c8/libFrameworkLibOpenCM3.a(rtc.o)
                0x0000000008000f6c                rtc_interrupt_disable
 .text.rtc_clear_flag
                0x0000000008000fa8       0x30 .pioenvs/bluepill_f103c8/libFrameworkLibOpenCM3.a(rtc.o)
                0x0000000008000fa8                rtc_clear_flag
 .text.rtc_check_flag
                0x0000000008000fd8       0x30 .pioenvs/bluepill_f103c8/libFrameworkLibOpenCM3.a(rtc.o)
                0x0000000008000fd8                rtc_check_flag
 .text.pwr_disable_backup_domain_write_protect
                0x0000000008001008       0x10 .pioenvs/bluepill_f103c8/libFrameworkLibOpenCM3.a(pwr_common_all.o)
                0x0000000008001008                pwr_disable_backup_domain_write_protect
 .text.pwr_enable_backup_domain_write_protect
                0x0000000008001018       0x10 .pioenvs/bluepill_f103c8/libFrameworkLibOpenCM3.a(pwr_common_all.o)
                0x0000000008001018                pwr_enable_backup_domain_write_protect
 .text.exti_set_trigger
                0x0000000008001028       0x3c .pioenvs/bluepill_f103c8/libFrameworkLibOpenCM3.a(exti_common_all.o)
                0x0000000008001028                exti_set_trigger
 .text.exti_enable_request
                0x0000000008001064       0x14 .pioenvs/bluepill_f103c8/libFrameworkLibOpenCM3.a(exti_common_all.o)
                0x0000000008001064                exti_enable_request
 .text.exti_reset_request
                0x0000000008001078        0xc .pioenvs/bluepill_f103c8/libFrameworkLibOpenCM3.a(exti_common_all.o)
                0x0000000008001078                exti_reset_request
 .text.flash_set_ws
                0x0000000008001084       0x14 .pioenvs/bluepill_f103c8/libFrameworkLibOpenCM3.a(flash_common_f01.o)
                0x0000000008001084                flash_set_ws
 .text.usbd_init
                0x0000000008001098       0x50 .pioenvs/bluepill_f103c8/libFrameworkLibOpenCM3.a(usb.o)
                0x0000000008001098                usbd_init
 .text._usbd_standard_request_device
                0x00000000080010e8       0x48 .pioenvs/bluepill_f103c8/libFrameworkLibOpenCM3.a(usb_standard.o)
                0x00000000080010e8                _usbd_standard_request_device
 .text._usbd_standard_request_interface
                0x0000000008001130       0x30 .pioenvs/bluepill_f103c8/libFrameworkLibOpenCM3.a(usb_standard.o)
                0x0000000008001130                _usbd_standard_request_interface
 .text._usbd_standard_request_endpoint
                0x0000000008001160       0x3c .pioenvs/bluepill_f103c8/libFrameworkLibOpenCM3.a(usb_standard.o)
                0x0000000008001160                _usbd_standard_request_endpoint
 .text.st_usbfs_v1_usbd_init
                0x000000000800119c       0x30 .pioenvs/bluepill_f103c8/libFrameworkLibOpenCM3.a(st_usbfs_v1.o)
 .text.scb_reset_system
                0x00000000080011cc       0x10 .pioenvs/bluepill_f103c8/libFrameworkLibOpenCM3.a(scb.o)
                0x00000000080011cc                scb_reset_system
 .text.st_usbfs_set_address
                0x00000000080011dc       0x10 .pioenvs/bluepill_f103c8/libFrameworkLibOpenCM3.a(st_usbfs_core.o)
                0x00000000080011dc                st_usbfs_set_address
 .text.st_usbfs_set_ep_rx_bufsize
                0x00000000080011ec       0x48 .pioenvs/bluepill_f103c8/libFrameworkLibOpenCM3.a(st_usbfs_core.o)
                0x00000000080011ec                st_usbfs_set_ep_rx_bufsize
 .text.st_usbfs_ep_setup
                0x0000000008001234      0x150 .pioenvs/bluepill_f103c8/libFrameworkLibOpenCM3.a(st_usbfs_core.o)
                0x0000000008001234                st_usbfs_ep_setup
 .text.st_usbfs_endpoints_reset
                0x0000000008001384       0x44 .pioenvs/bluepill_f103c8/libFrameworkLibOpenCM3.a(st_usbfs_core.o)
                0x0000000008001384                st_usbfs_endpoints_reset
 .text.st_usbfs_ep_stall_set
                0x00000000080013c8       0xe4 .pioenvs/bluepill_f103c8/libFrameworkLibOpenCM3.a(st_usbfs_core.o)
                0x00000000080013c8                st_usbfs_ep_stall_set
 .text.st_usbfs_ep_nak_set
                0x00000000080014ac       0x58 .pioenvs/bluepill_f103c8/libFrameworkLibOpenCM3.a(st_usbfs_core.o)
                0x00000000080014ac                st_usbfs_ep_nak_set
 .text.st_usbfs_ep_write_packet
                0x0000000008001504       0x8c .pioenvs/bluepill_f103c8/libFrameworkLibOpenCM3.a(st_usbfs_core.o)
                0x0000000008001504                st_usbfs_ep_write_packet
 .text.st_usbfs_ep_read_packet
                0x0000000008001590       0xb8 .pioenvs/bluepill_f103c8/libFrameworkLibOpenCM3.a(st_usbfs_core.o)
                0x0000000008001590                st_usbfs_ep_read_packet
 .text.st_usbfs_poll
                0x0000000008001648       0xd0 .pioenvs/bluepill_f103c8/libFrameworkLibOpenCM3.a(st_usbfs_core.o)
                0x0000000008001648                st_usbfs_poll
 .text.gpio_set_mode
                0x0000000008001718       0x62 .pioenvs/bluepill_f103c8/libFrameworkLibOpenCM3.a(gpio.o)
                0x0000000008001718                gpio_set_mode
 .text.gpio_set
                0x000000000800177a        0x4 .pioenvs/bluepill_f103c8/libFrameworkLibOpenCM3.a(gpio_common_all.o)
                0x000000000800177a                gpio_set
 .text.gpio_clear
                0x000000000800177e        0x6 .pioenvs/bluepill_f103c8/libFrameworkLibOpenCM3.a(gpio_common_all.o)
                0x000000000800177e                gpio_clear
 .text.usart_recv
                0x0000000008001784        0x8 .pioenvs/bluepill_f103c8/libFrameworkLibOpenCM3.a(usart_common_f124.o)
                0x0000000008001784                usart_recv
 .text.rcc_periph_clock_enable
                0x000000000800178c       0x1a .pioenvs/bluepill_f103c8/libFrameworkLibOpenCM3.a(rcc_common_all.o)
                0x000000000800178c                rcc_periph_clock_enable
 .text.rcc_periph_reset_pulse
                0x00000000080017a6       0x22 .pioenvs/bluepill_f103c8/libFrameworkLibOpenCM3.a(rcc_common_all.o)
                0x00000000080017a6                rcc_periph_reset_pulse
 .text.usbd_register_sof_callback
                0x00000000080017c8        0x4 .pioenvs/bluepill_f103c8/libFrameworkLibOpenCM3.a(usb.o)
                0x00000000080017c8                usbd_register_sof_callback
 .text.usbd_poll
                0x00000000080017cc        0x8 .pioenvs/bluepill_f103c8/libFrameworkLibOpenCM3.a(usb.o)
                0x00000000080017cc                usbd_poll
 .text.usbd_ep_setup
                0x00000000080017d4        0xe .pioenvs/bluepill_f103c8/libFrameworkLibOpenCM3.a(usb.o)
                0x00000000080017d4                usbd_ep_setup
 .text._usbd_reset
                0x00000000080017e2       0x32 .pioenvs/bluepill_f103c8/libFrameworkLibOpenCM3.a(usb.o)
                0x00000000080017e2                _usbd_reset
 .text.usbd_ep_write_packet
                0x0000000008001814        0xe .pioenvs/bluepill_f103c8/libFrameworkLibOpenCM3.a(usb.o)
                0x0000000008001814                usbd_ep_write_packet
 .text.usbd_ep_read_packet
                0x0000000008001822        0xe .pioenvs/bluepill_f103c8/libFrameworkLibOpenCM3.a(usb.o)
                0x0000000008001822                usbd_ep_read_packet
 .text.usbd_ep_stall_set
                0x0000000008001830        0x8 .pioenvs/bluepill_f103c8/libFrameworkLibOpenCM3.a(usb.o)
                0x0000000008001830                usbd_ep_stall_set
 .text.usbd_ep_stall_get
                0x0000000008001838        0x8 .pioenvs/bluepill_f103c8/libFrameworkLibOpenCM3.a(usb.o)
                0x0000000008001838                usbd_ep_stall_get
 .text.stall_transaction
                0x0000000008001840       0x14 .pioenvs/bluepill_f103c8/libFrameworkLibOpenCM3.a(usb_control.o)
 .text.usb_control_recv_chunk
                0x0000000008001854       0x3c .pioenvs/bluepill_f103c8/libFrameworkLibOpenCM3.a(usb_control.o)
 .text.usb_control_send_chunk
                0x0000000008001890       0x44 .pioenvs/bluepill_f103c8/libFrameworkLibOpenCM3.a(usb_control.o)
 .text.usb_control_request_dispatch
                0x00000000080018d4       0x62 .pioenvs/bluepill_f103c8/libFrameworkLibOpenCM3.a(usb_control.o)
 .text.usb_control_setup_read
                0x0000000008001936       0x42 .pioenvs/bluepill_f103c8/libFrameworkLibOpenCM3.a(usb_control.o)
 .text.usbd_register_control_callback
                0x0000000008001978       0x26 .pioenvs/bluepill_f103c8/libFrameworkLibOpenCM3.a(usb_control.o)
                0x0000000008001978                usbd_register_control_callback
 .text._usbd_control_setup
                0x000000000800199e       0x5a .pioenvs/bluepill_f103c8/libFrameworkLibOpenCM3.a(usb_control.o)
                0x000000000800199e                _usbd_control_setup
 .text._usbd_control_out
                0x00000000080019f8       0x82 .pioenvs/bluepill_f103c8/libFrameworkLibOpenCM3.a(usb_control.o)
                0x00000000080019f8                _usbd_control_out
 .text._usbd_control_in
                0x0000000008001a7a       0x56 .pioenvs/bluepill_f103c8/libFrameworkLibOpenCM3.a(usb_control.o)
                0x0000000008001a7a                _usbd_control_in
 .text.usb_standard_set_configuration
                0x0000000008001ad0       0x92 .pioenvs/bluepill_f103c8/libFrameworkLibOpenCM3.a(usb_standard.o)
 .text.usb_standard_get_configuration
                0x0000000008001b62       0x20 .pioenvs/bluepill_f103c8/libFrameworkLibOpenCM3.a(usb_standard.o)
 .text.usb_standard_get_interface
                0x0000000008001b82       0x34 .pioenvs/bluepill_f103c8/libFrameworkLibOpenCM3.a(usb_standard.o)
 .text.usb_standard_device_get_status
                0x0000000008001bb6       0x18 .pioenvs/bluepill_f103c8/libFrameworkLibOpenCM3.a(usb_standard.o)
 .text.usb_standard_endpoint_get_status
                0x0000000008001bce       0x2a .pioenvs/bluepill_f103c8/libFrameworkLibOpenCM3.a(usb_standard.o)
 .text.usb_standard_endpoint_stall
                0x0000000008001bf8       0x10 .pioenvs/bluepill_f103c8/libFrameworkLibOpenCM3.a(usb_standard.o)
 .text.usb_standard_endpoint_unstall
                0x0000000008001c08       0x10 .pioenvs/bluepill_f103c8/libFrameworkLibOpenCM3.a(usb_standard.o)
 .text.usb_standard_set_address
                0x0000000008001c18       0x28 .pioenvs/bluepill_f103c8/libFrameworkLibOpenCM3.a(usb_standard.o)
 .text.usb_standard_set_interface
                0x0000000008001c40       0x4e .pioenvs/bluepill_f103c8/libFrameworkLibOpenCM3.a(usb_standard.o)
 .text.usb_standard_get_descriptor
                0x0000000008001c8e      0x256 .pioenvs/bluepill_f103c8/libFrameworkLibOpenCM3.a(usb_standard.o)
 .text.usb_standard_interface_get_status
                0x0000000008001ee4       0x18 .pioenvs/bluepill_f103c8/libFrameworkLibOpenCM3.a(usb_standard.o)
 .text.usbd_register_set_config_callback
                0x0000000008001efc       0x26 .pioenvs/bluepill_f103c8/libFrameworkLibOpenCM3.a(usb_standard.o)
                0x0000000008001efc                usbd_register_set_config_callback
 .text._usbd_standard_request
                0x0000000008001f22       0x30 .pioenvs/bluepill_f103c8/libFrameworkLibOpenCM3.a(usb_standard.o)
                0x0000000008001f22                _usbd_standard_request
 .text.st_usbfs_copy_to_pm
                0x0000000008001f52       0x1c .pioenvs/bluepill_f103c8/libFrameworkLibOpenCM3.a(st_usbfs_v1.o)
                0x0000000008001f52                st_usbfs_copy_to_pm
 .text.st_usbfs_copy_from_pm
                0x0000000008001f6e       0x2a .pioenvs/bluepill_f103c8/libFrameworkLibOpenCM3.a(st_usbfs_v1.o)
                0x0000000008001f6e                st_usbfs_copy_from_pm
 .text.nvic_enable_irq
                0x0000000008001f98       0x1a .pioenvs/bluepill_f103c8/libFrameworkLibOpenCM3.a(nvic.o)
                0x0000000008001f98                nvic_enable_irq
 .text.st_usbfs_ep_stall_get
                0x0000000008001fb2       0x38 .pioenvs/bluepill_f103c8/libFrameworkLibOpenCM3.a(st_usbfs_core.o)
                0x0000000008001fb2                st_usbfs_ep_stall_get
 *libcocoos.a:(SORT_BY_ALIGNMENT(.text*))
 *libcocoOS_?.?.?.a:(SORT_BY_ALIGNMENT(.text*))
 *fill*         0x0000000008001fea        0x2 
 .text.os_event_init
                0x0000000008001fec        0xc .pioenvs/bluepill_f103c8/libea7/libcocoOS_5.0.3.a(os_event.o)
                0x0000000008001fec                os_event_init
 .text.os_signal_event
                0x0000000008001ff8        0xc .pioenvs/bluepill_f103c8/libea7/libcocoOS_5.0.3.a(os_event.o)
                0x0000000008001ff8                os_signal_event
 .text.os_event_set_signaling_tid
                0x0000000008002004       0x10 .pioenvs/bluepill_f103c8/libea7/libcocoOS_5.0.3.a(os_event.o)
                0x0000000008002004                os_event_set_signaling_tid
 .text.os_init  0x0000000008002014       0x34 .pioenvs/bluepill_f103c8/libea7/libcocoOS_5.0.3.a(os_kernel.o)
                0x0000000008002014                os_init
 .text.os_running
                0x0000000008002048        0xc .pioenvs/bluepill_f103c8/libea7/libcocoOS_5.0.3.a(os_kernel.o)
                0x0000000008002048                os_running
 .text.os_msgQ_init
                0x0000000008002054       0x24 .pioenvs/bluepill_f103c8/libea7/libcocoOS_5.0.3.a(os_msgqueue.o)
                0x0000000008002054                os_msgQ_init
 .text.os_msgQ_tick
                0x0000000008002078       0x54 .pioenvs/bluepill_f103c8/libea7/libcocoOS_5.0.3.a(os_msgqueue.o)
                0x0000000008002078                os_msgQ_tick
 .text.os_sem_init
                0x00000000080020cc        0xc .pioenvs/bluepill_f103c8/libea7/libcocoOS_5.0.3.a(os_sem.o)
                0x00000000080020cc                os_sem_init
 .text.os_task_init
                0x00000000080020d8       0x40 .pioenvs/bluepill_f103c8/libea7/libcocoOS_5.0.3.a(os_task.o)
                0x00000000080020d8                os_task_init
 .text.os_task_highest_prio_ready_task
                0x0000000008002118       0x34 .pioenvs/bluepill_f103c8/libea7/libcocoOS_5.0.3.a(os_task.o)
                0x0000000008002118                os_task_highest_prio_ready_task
 .text.os_task_tick
                0x000000000800214c       0x88 .pioenvs/bluepill_f103c8/libea7/libcocoOS_5.0.3.a(os_task.o)
                0x000000000800214c                os_task_tick
 .text.os_task_signal_event
                0x00000000080021d4       0x64 .pioenvs/bluepill_f103c8/libea7/libcocoOS_5.0.3.a(os_task.o)
                0x00000000080021d4                os_task_signal_event
 .text.os_task_run
                0x0000000008002238       0x34 .pioenvs/bluepill_f103c8/libea7/libcocoOS_5.0.3.a(os_task.o)
                0x0000000008002238                os_task_run
 .text.os_on_assert
                0x000000000800226c       0x28 .pioenvs/bluepill_f103c8/libea7/libcocoOS_5.0.3.a(os_assert.o)
                0x000000000800226c                os_on_assert
 .text.os_cbkSleep
                0x0000000008002294        0x2 .pioenvs/bluepill_f103c8/libea7/libcocoOS_5.0.3.a(os_cbk.o)
                0x0000000008002294                os_cbkSleep
 .text.os_tick  0x0000000008002296        0x8 .pioenvs/bluepill_f103c8/libea7/libcocoOS_5.0.3.a(os_kernel.o)
                0x0000000008002296                os_tick
 *libgcc.a:(SORT_BY_ALIGNMENT(.text*))
 *libqfplib.a:(SORT_BY_ALIGNMENT(.text*))
 *libnano-float.a:(SORT_BY_ALIGNMENT(.text*))
 *libnewlib.a:(SORT_BY_ALIGNMENT(.text*))
 .text.memcmp   0x000000000800229e       0x1e .pioenvs/bluepill_f103c8/lib98a/libnewlib.a(memcmp.o)
                0x000000000800229e                memcmp
 .text.memcpy   0x00000000080022bc       0x1c .pioenvs/bluepill_f103c8/lib98a/libnewlib.a(memcpy.o)
                0x00000000080022bc                memcpy
 .text.memset   0x00000000080022d8       0x10 .pioenvs/bluepill_f103c8/lib98a/libnewlib.a(memset.o)
                0x00000000080022d8                memset
 .text.strcpy   0x00000000080022e8       0x10 .pioenvs/bluepill_f103c8/lib98a/libnewlib.a(strcpy.o)
                0x00000000080022e8                strcpy
 .text.strlen   0x00000000080022f8       0x10 .pioenvs/bluepill_f103c8/lib98a/libnewlib.a(strlen.o)
                0x00000000080022f8                strlen
 .text.strncpy  0x0000000008002308       0x2a .pioenvs/bluepill_f103c8/lib98a/libnewlib.a(strncpy.o)
                0x0000000008002308                strncpy
 *liblogger.a:(SORT_BY_ALIGNMENT(.text*))
 *fill*         0x0000000008002332        0x2 
 .text._ZL12debug_appendPKcj
                0x0000000008002334       0x54 .pioenvs/bluepill_f103c8/libd9b/liblogger.a(logger.o)
 .text.enable_log
                0x0000000008002388        0xc .pioenvs/bluepill_f103c8/libd9b/liblogger.a(logger.o)
                0x0000000008002388                enable_log
 .text.logger_add_output
                0x0000000008002394       0x38 .pioenvs/bluepill_f103c8/libd9b/liblogger.a(logger.o)
                0x0000000008002394                logger_add_output
 .text._Z20debug_flush_internalb
                0x00000000080023cc       0x8c .pioenvs/bluepill_f103c8/libd9b/liblogger.a(logger.o)
                0x00000000080023cc                debug_flush_internal(bool)
 .text.debug_force_flush
                0x0000000008002458       0x1c .pioenvs/bluepill_f103c8/libd9b/liblogger.a(logger.o)
                0x0000000008002458                debug_force_flush
 .text._Z11debug_printj
                0x0000000008002474       0x7c .pioenvs/bluepill_f103c8/libd9b/liblogger.a(logger.o)
                0x0000000008002474                debug_print(unsigned int)
 .text._Z11debug_printi
                0x00000000080024f0       0x30 .pioenvs/bluepill_f103c8/libd9b/liblogger.a(logger.o)
                0x00000000080024f0                debug_print(int)
 .text.debug_println
                0x0000000008002520       0x1c .pioenvs/bluepill_f103c8/libd9b/liblogger.a(logger.o)
                0x0000000008002520                debug_println
 .text._Z13debug_printlni
                0x000000000800253c       0x18 .pioenvs/bluepill_f103c8/libd9b/liblogger.a(logger.o)
                0x000000000800253c                debug_println(int)
 .text.debug_flush
                0x0000000008002554        0x6 .pioenvs/bluepill_f103c8/libd9b/liblogger.a(logger.o)
                0x0000000008002554                debug_flush
 .text.debug_print
                0x000000000800255a       0x1a .pioenvs/bluepill_f103c8/libd9b/liblogger.a(logger.o)
                0x000000000800255a                debug_print
 .text.debug_print_int
                0x0000000008002574        0x4 .pioenvs/bluepill_f103c8/libd9b/liblogger.a(logger.o)
                0x0000000008002574                debug_print_int
 .text.debug_print_unsigned
                0x0000000008002578        0x4 .pioenvs/bluepill_f103c8/libd9b/liblogger.a(logger.o)
                0x0000000008002578                debug_print_unsigned
 .text.debug_printhex
                0x000000000800257c       0x42 .pioenvs/bluepill_f103c8/libd9b/liblogger.a(logger.o)
                0x000000000800257c                debug_printhex
 .text.debug_printhex_unsigned
                0x00000000080025be       0x24 .pioenvs/bluepill_f103c8/libd9b/liblogger.a(logger.o)
                0x00000000080025be                debug_printhex_unsigned
 *libbluepill.a:(SORT_BY_ALIGNMENT(.text*))
 *fill*         0x00000000080025e2        0x2 
 .text.platform_setup
                0x00000000080025e4       0x4c .pioenvs/bluepill_f103c8/lib271/libbluepill.a(bluepill.o)
                0x00000000080025e4                platform_setup
 .text.enable_debug
                0x0000000008002630       0x10 .pioenvs/bluepill_f103c8/lib271/libbluepill.a(bluepill.o)
                0x0000000008002630                enable_debug
 .text.led_setup
                0x0000000008002640       0x20 .pioenvs/bluepill_f103c8/lib271/libbluepill.a(led.o)
                0x0000000008002640                led_setup
 .text.led_on   0x0000000008002660       0x10 .pioenvs/bluepill_f103c8/lib271/libbluepill.a(led.o)
                0x0000000008002660                led_on
 .text.led_off  0x0000000008002670       0x10 .pioenvs/bluepill_f103c8/lib271/libbluepill.a(led.o)
                0x0000000008002670                led_off
 .text.led_wait
                0x0000000008002680       0x10 .pioenvs/bluepill_f103c8/lib271/libbluepill.a(led.o)
                0x0000000008002680                led_wait
 .text.platform_start_timer
                0x0000000008002690      0x114 .pioenvs/bluepill_f103c8/lib271/libbluepill.a(timer.o)
                0x0000000008002690                platform_start_timer
 .text.platform_set_alarm
                0x00000000080027a4       0x30 .pioenvs/bluepill_f103c8/lib271/libbluepill.a(timer.o)
                0x00000000080027a4                platform_set_alarm
 .text.platform_alarm_count
                0x00000000080027d4        0xc .pioenvs/bluepill_f103c8/lib271/libbluepill.a(timer.o)
                0x00000000080027d4                platform_alarm_count
 .text.__cxa_pure_virtual
                0x00000000080027e0        0x8 .pioenvs/bluepill_f103c8/lib271/libbluepill.a(bluepill.o)
                0x00000000080027e0                __cxa_pure_virtual
 .text._Znwj    0x00000000080027e8        0x4 .pioenvs/bluepill_f103c8/lib271/libbluepill.a(bluepill.o)
                0x00000000080027e8                operator new(unsigned int)
 .text._ZdlPv   0x00000000080027ec        0x4 .pioenvs/bluepill_f103c8/lib271/libbluepill.a(bluepill.o)
                0x00000000080027ec                operator delete(void*)
 .text.millis   0x00000000080027f0        0x4 .pioenvs/bluepill_f103c8/lib271/libbluepill.a(timer.o)
                0x00000000080027f0                millis
 *libbootloader.a:(SORT_BY_ALIGNMENT(.text*))
 .text.poll_restart_callback
                0x00000000080027f4       0x20 .pioenvs/bluepill_f103c8/libb45/libbootloader.a(bootloader.o)
                0x00000000080027f4                poll_restart_callback
 .text.bootloader_poll
                0x0000000008002814       0x30 .pioenvs/bluepill_f103c8/libb45/libbootloader.a(bootloader.o)
                0x0000000008002814                bootloader_poll
 .text.bootloader_start
                0x0000000008002844      0x2b8 .pioenvs/bluepill_f103c8/libb45/libbootloader.a(bootloader.o)
                0x0000000008002844                bootloader_start
 .text.boot_target_get_startup_mode
                0x0000000008002afc       0xe4 .pioenvs/bluepill_f103c8/libb45/libbootloader.a(target_stm32f103.o)
                0x0000000008002afc                boot_target_get_startup_mode
 .text.boot_target_set_led
                0x0000000008002be0       0x18 .pioenvs/bluepill_f103c8/libb45/libbootloader.a(target_stm32f103.o)
                0x0000000008002be0                boot_target_set_led
 .text.boot_target_gpio_setup
                0x0000000008002bf8       0x70 .pioenvs/bluepill_f103c8/libb45/libbootloader.a(target_stm32f103.o)
                0x0000000008002bf8                boot_target_gpio_setup
 .text.boot_target_usb_init
                0x0000000008002c68       0x2c .pioenvs/bluepill_f103c8/libb45/libbootloader.a(target_stm32f103.o)
                0x0000000008002c68                boot_target_usb_init
 .text.boot_target_set_restart_callback
                0x0000000008002c94       0x24 .pioenvs/bluepill_f103c8/libb45/libbootloader.a(target_stm32f103.o)
                0x0000000008002c94                boot_target_set_restart_callback
 .text.boot_target_manifest_app
                0x0000000008002cb8       0x20 .pioenvs/bluepill_f103c8/libb45/libbootloader.a(target_stm32f103.o)
                0x0000000008002cb8                boot_target_manifest_app
 .text.boot_target_manifest_bootloader
                0x0000000008002cd8       0x20 .pioenvs/bluepill_f103c8/libb45/libbootloader.a(target_stm32f103.o)
                0x0000000008002cd8                boot_target_manifest_bootloader
 .text.hf2_connected
                0x0000000008002cf8       0x10 .pioenvs/bluepill_f103c8/libb45/libbootloader.a(usb_conf.o)
 .text.usb_cdc_transmit
                0x0000000008002d08       0x24 .pioenvs/bluepill_f103c8/libb45/libbootloader.a(usb_conf.o)
 .text.sof_callback
                0x0000000008002d2c       0x10 .pioenvs/bluepill_f103c8/libb45/libbootloader.a(usb_conf.o)
 .text.cdc_connected
                0x0000000008002d3c       0x1c .pioenvs/bluepill_f103c8/libb45/libbootloader.a(usb_conf.o)
 .text.set_aggregate_callback
                0x0000000008002d58       0x50 .pioenvs/bluepill_f103c8/libb45/libbootloader.a(usb_conf.o)
 .text.usb_setup
                0x0000000008002da8       0xa8 .pioenvs/bluepill_f103c8/libb45/libbootloader.a(usb_conf.o)
                0x0000000008002da8                usb_setup
 .text.set_usb_busy
                0x0000000008002e50       0x1c .pioenvs/bluepill_f103c8/libb45/libbootloader.a(usb_conf.o)
                0x0000000008002e50                set_usb_busy
 .text.get_usb_status
                0x0000000008002e6c       0x2c .pioenvs/bluepill_f103c8/libb45/libbootloader.a(usb_conf.o)
                0x0000000008002e6c                get_usb_status
 .text.aggregate_register_config_callback
                0x0000000008002e98       0x38 .pioenvs/bluepill_f103c8/libb45/libbootloader.a(usb_conf.o)
                0x0000000008002e98                aggregate_register_config_callback
 .text.aggregate_register_callback
                0x0000000008002ed0       0x4c .pioenvs/bluepill_f103c8/libb45/libbootloader.a(usb_conf.o)
                0x0000000008002ed0                aggregate_register_callback
 .text.usb_set_serial_number
                0x0000000008002f1c       0x1c .pioenvs/bluepill_f103c8/libb45/libbootloader.a(usb_conf.o)
                0x0000000008002f1c                usb_set_serial_number
 .text.dump_buffer
                0x0000000008002f38       0x4c .pioenvs/bluepill_f103c8/libb45/libbootloader.a(usb_conf.o)
                0x0000000008002f38                dump_buffer
 .text.dump_usb_request
                0x0000000008002f84      0x130 .pioenvs/bluepill_f103c8/libb45/libbootloader.a(usb_conf.o)
                0x0000000008002f84                dump_usb_request
 .text.aggregate_callback
                0x00000000080030b4       0x9c .pioenvs/bluepill_f103c8/libb45/libbootloader.a(usb_conf.o)
 .text.webusb_set_config
                0x0000000008003150       0x28 .pioenvs/bluepill_f103c8/libb45/libbootloader.a(webusb.o)
 .text.webusb_control_vendor_request
                0x0000000008003178       0x9c .pioenvs/bluepill_f103c8/libb45/libbootloader.a(webusb.o)
 .text.webusb_setup
                0x0000000008003214       0x4c .pioenvs/bluepill_f103c8/libb45/libbootloader.a(webusb.o)
                0x0000000008003214                webusb_setup
 .text.winusb_control_vendor_request
                0x0000000008003260       0x94 .pioenvs/bluepill_f103c8/libb45/libbootloader.a(winusb.o)
 .text.winusb_set_config
                0x00000000080032f4       0x28 .pioenvs/bluepill_f103c8/libb45/libbootloader.a(winusb.o)
 .text.winusb_descriptor_request
                0x000000000800331c       0x48 .pioenvs/bluepill_f103c8/libb45/libbootloader.a(winusb.o)
 .text.winusb_setup
                0x0000000008003364       0x5c .pioenvs/bluepill_f103c8/libb45/libbootloader.a(winusb.o)
                0x0000000008003364                winusb_setup
 .text.cdcacm_comm_cb
                0x00000000080033c0        0xc .pioenvs/bluepill_f103c8/libb45/libbootloader.a(cdc.o)
 .text.cdcacm_set_config
                0x00000000080033cc       0x68 .pioenvs/bluepill_f103c8/libb45/libbootloader.a(cdc.o)
 .text.cdcacm_control_request
                0x0000000008003434       0x64 .pioenvs/bluepill_f103c8/libb45/libbootloader.a(cdc.o)
 .text.cdcadm_transmit
                0x0000000008003498       0x58 .pioenvs/bluepill_f103c8/libb45/libbootloader.a(cdc.o)
                0x0000000008003498                cdcadm_transmit
 .text.cdcacm_data_rx_cb
                0x00000000080034f0       0x4c .pioenvs/bluepill_f103c8/libb45/libbootloader.a(cdc.o)
 .text.cdc_setup
                0x000000000800353c       0x2c .pioenvs/bluepill_f103c8/libb45/libbootloader.a(cdc.o)
                0x000000000800353c                cdc_setup
 .text.hf2_set_config
                0x0000000008003568       0x40 .pioenvs/bluepill_f103c8/libb45/libbootloader.a(hf2.o)
 .text.assert.part.0
                0x00000000080035a8       0x1c .pioenvs/bluepill_f103c8/libb45/libbootloader.a(hf2.o)
 .text.pokeSend
                0x00000000080035c4       0xcc .pioenvs/bluepill_f103c8/libb45/libbootloader.a(hf2.o)
 .text.hf2_data_tx_cb
                0x0000000008003690       0x4c .pioenvs/bluepill_f103c8/libb45/libbootloader.a(hf2.o)
 .text.hf2_data_rx_cb
                0x00000000080036dc      0x55c .pioenvs/bluepill_f103c8/libb45/libbootloader.a(hf2.o)
 .text.hf2_setup
                0x0000000008003c38       0x80 .pioenvs/bluepill_f103c8/libb45/libbootloader.a(hf2.o)
                0x0000000008003c38                hf2_setup
 .text.backup_write
                0x0000000008003cb8       0x38 .pioenvs/bluepill_f103c8/libb45/libbootloader.a(backup.o)
                0x0000000008003cb8                backup_write
 .text.backup_read
                0x0000000008003cf0       0x18 .pioenvs/bluepill_f103c8/libb45/libbootloader.a(backup.o)
                0x0000000008003cf0                backup_read
 .text.usb21_set_config
                0x0000000008003d08       0x28 .pioenvs/bluepill_f103c8/libb45/libbootloader.a(usb21_standard.o)
 .text.usb21_standard_get_descriptor
                0x0000000008003d30       0xcc .pioenvs/bluepill_f103c8/libb45/libbootloader.a(usb21_standard.o)
 .text.usb21_setup
                0x0000000008003dfc       0x38 .pioenvs/bluepill_f103c8/libb45/libbootloader.a(usb21_standard.o)
                0x0000000008003dfc                usb21_setup
 .text.base_flash_program_array
                0x0000000008003e34       0x28 .pioenvs/bluepill_f103c8/libb45/libbootloader.a(ghostfat.o)
                0x0000000008003e34                base_flash_program_array
 .text.flash_flush
                0x0000000008003e5c       0x90 .pioenvs/bluepill_f103c8/libb45/libbootloader.a(ghostfat.o)
                0x0000000008003e5c                flash_flush
 .text.flash_write
                0x0000000008003eec       0xe0 .pioenvs/bluepill_f103c8/libb45/libbootloader.a(ghostfat.o)
                0x0000000008003eec                flash_write
 .text.bootloader_set_restart_callback
                0x0000000008003fcc        0xa .pioenvs/bluepill_f103c8/libb45/libbootloader.a(bootloader.o)
                0x0000000008003fcc                bootloader_set_restart_callback
 .text.boot_target_get_serial_number
                0x0000000008003fd6        0x6 .pioenvs/bluepill_f103c8/libb45/libbootloader.a(target_stm32f103.o)
                0x0000000008003fd6                boot_target_get_serial_number
 .text.send_hf2_response
                0x0000000008003fdc       0x12 .pioenvs/bluepill_f103c8/libb45/libbootloader.a(hf2.o)
                0x0000000008003ff0                . = ALIGN (0x4)
 *fill*         0x0000000008003fee        0x2 
 *(SORT_BY_ALIGNMENT(.rodata.blocking_handler*))
 *(SORT_BY_ALIGNMENT(.rodata.null_handler*))
 *(SORT_BY_ALIGNMENT(.rodata.*_isr))
 :*reset_handler*(SORT_BY_ALIGNMENT(.rodata*))
 .rodata.reset_handler.str1.1
                0x0000000008003ff0       0x34 .pioenvs/bluepill_f103c8/libccd/hal/reset_handler.o
 :*codal_target_hal*(SORT_BY_ALIGNMENT(.rodata*))
 .rodata._ZL10timer_tickv.str1.1
                0x0000000008004024        0x7 .pioenvs/bluepill_f103c8/libccd/hal/codal_target_hal.o
 .rodata._ZL11timer_alarmv.str1.1
                0x000000000800402b        0x4 .pioenvs/bluepill_f103c8/libccd/hal/codal_target_hal.o
 .rodata.target_panic.str1.1
                0x000000000800402f       0x13 .pioenvs/bluepill_f103c8/libccd/hal/codal_target_hal.o
 .rodata.target_wait.str1.1
                0x0000000008004042        0x5 .pioenvs/bluepill_f103c8/libccd/hal/codal_target_hal.o
                                          0x8 (size before relaxing)
 .rodata.test_codal.str1.1
                0x0000000008004047       0x34 .pioenvs/bluepill_f103c8/libccd/hal/codal_target_hal.o
 *libhal.a:*codal_target_hal*(SORT_BY_ALIGNMENT(.rodata*))
 :*CortexContextSwitch*(SORT_BY_ALIGNMENT(.rodata*))
 *libhal.a:(SORT_BY_ALIGNMENT(.rodata*))
 *liblibopencm3.a:(SORT_BY_ALIGNMENT(.rodata*))
 *libFrameworkLibOpenCM3.a:(SORT_BY_ALIGNMENT(.rodata*))
 *fill*         0x000000000800407b        0x1 
 .rodata.st_usbfs_v1_usb_driver
                0x000000000800407c       0x34 .pioenvs/bluepill_f103c8/libFrameworkLibOpenCM3.a(st_usbfs_v1.o)
                0x000000000800407c                st_usbfs_v1_usb_driver
 .rodata.chars.4166
                0x00000000080040b0       0x11 .pioenvs/bluepill_f103c8/libFrameworkLibOpenCM3.a(desig.o)
 *libcocoos.a:(SORT_BY_ALIGNMENT(.rodata*))
 *libcocoOS_?.?.?.a:(SORT_BY_ALIGNMENT(.rodata*))
 .rodata.os_on_assert.str1.1
                0x00000000080040c1       0x1a .pioenvs/bluepill_f103c8/libea7/libcocoOS_5.0.3.a(os_assert.o)
 *libgcc.a:(SORT_BY_ALIGNMENT(.rodata*))
 *libqfplib.a:(SORT_BY_ALIGNMENT(.rodata*))
 *libnano-float.a:(SORT_BY_ALIGNMENT(.rodata*))
 *libnewlib.a:(SORT_BY_ALIGNMENT(.rodata*))
 *liblogger.a:(SORT_BY_ALIGNMENT(.rodata*))
 .rodata._Z11debug_printi.str1.1
                0x00000000080040db        0x4 .pioenvs/bluepill_f103c8/libd9b/liblogger.a(logger.o)
 .rodata._Z11debug_printj.str1.1
                0x00000000080040df        0xb .pioenvs/bluepill_f103c8/libd9b/liblogger.a(logger.o)
 .rodata._ZL12debug_appendPKcj.str1.1
                0x00000000080040ea        0xa .pioenvs/bluepill_f103c8/libd9b/liblogger.a(logger.o)
 .rodata.debug_println.str1.1
                0x00000000080040f4        0x3 .pioenvs/bluepill_f103c8/libd9b/liblogger.a(logger.o)
 *libbluepill.a:(SORT_BY_ALIGNMENT(.rodata*))
 .rodata.platform_setup.str1.1
                0x00000000080040f7       0x13 .pioenvs/bluepill_f103c8/lib271/libbluepill.a(bluepill.o)
 .rodata.platform_set_alarm.str1.1
                0x000000000800410a        0x6 .pioenvs/bluepill_f103c8/lib271/libbluepill.a(timer.o)
 .rodata.platform_start_timer.str1.1
                0x0000000008004110       0x2f .pioenvs/bluepill_f103c8/lib271/libbluepill.a(timer.o)
 *libbootloader.a:(SORT_BY_ALIGNMENT(.rodata*))
 *fill*         0x000000000800413f        0x1 
 .rodata.interfaces
                0x0000000008004140       0x30 .pioenvs/bluepill_f103c8/libb45/libbootloader.a(usb_conf.o)
 .rodata.bootloader_start.str1.1
                0x0000000008004170       0xdf .pioenvs/bluepill_f103c8/libb45/libbootloader.a(bootloader.o)
                                         0xea (size before relaxing)
 .rodata.poll_restart_callback.str1.1
                0x000000000800424f       0x11 .pioenvs/bluepill_f103c8/libb45/libbootloader.a(bootloader.o)
 .rodata.boot_target_get_startup_mode.str1.1
                0x0000000008004260       0x67 .pioenvs/bluepill_f103c8/libb45/libbootloader.a(target_stm32f103.o)
                                         0x76 (size before relaxing)
 .rodata.boot_target_manifest_app.str1.1
                0x00000000080042c7        0x9 .pioenvs/bluepill_f103c8/libb45/libbootloader.a(target_stm32f103.o)
 .rodata.boot_target_manifest_bootloader.str1.1
                0x00000000080042d0       0x10 .pioenvs/bluepill_f103c8/libb45/libbootloader.a(target_stm32f103.o)
 .rodata.boot_target_set_restart_callback.str1.1
                0x00000000080042e0       0x16 .pioenvs/bluepill_f103c8/libb45/libbootloader.a(target_stm32f103.o)
 .rodata.aggregate_callback.str1.1
                0x00000000080042f6        0xc .pioenvs/bluepill_f103c8/libb45/libbootloader.a(usb_conf.o)
 .rodata.aggregate_register_callback.str1.1
                0x0000000008004302       0x26 .pioenvs/bluepill_f103c8/libb45/libbootloader.a(usb_conf.o)
 .rodata.aggregate_register_config_callback.str1.1
                0x0000000008004328       0x25 .pioenvs/bluepill_f103c8/libb45/libbootloader.a(usb_conf.o)
 .rodata.bos_descriptor
                0x000000000800434d        0x9 .pioenvs/bluepill_f103c8/libb45/libbootloader.a(usb_conf.o)
 .rodata.cdc_iface_assoc
                0x0000000008004356        0x8 .pioenvs/bluepill_f103c8/libb45/libbootloader.a(usb_conf.o)
 .rodata.cdcacm_functional_descriptors
                0x000000000800435e       0x13 .pioenvs/bluepill_f103c8/libb45/libbootloader.a(usb_conf.o)
 .rodata.comm_endp
                0x0000000008004371        0xf .pioenvs/bluepill_f103c8/libb45/libbootloader.a(usb_conf.o)
 .rodata.comm_iface
                0x0000000008004380       0x15 .pioenvs/bluepill_f103c8/libb45/libbootloader.a(usb_conf.o)
 .rodata.config
                0x0000000008004395        0xd .pioenvs/bluepill_f103c8/libb45/libbootloader.a(usb_conf.o)
 .rodata.data_endp
                0x00000000080043a2       0x1e .pioenvs/bluepill_f103c8/libb45/libbootloader.a(usb_conf.o)
 .rodata.data_iface
                0x00000000080043c0       0x15 .pioenvs/bluepill_f103c8/libb45/libbootloader.a(usb_conf.o)
 .rodata.dev    0x00000000080043d5       0x12 .pioenvs/bluepill_f103c8/libb45/libbootloader.a(usb_conf.o)
 .rodata.dump_buffer.str1.1
                0x00000000080043e7        0x4 .pioenvs/bluepill_f103c8/libb45/libbootloader.a(usb_conf.o)
                                          0x7 (size before relaxing)
 .rodata.dump_usb_request.str1.1
                0x00000000080043eb       0x69 .pioenvs/bluepill_f103c8/libb45/libbootloader.a(usb_conf.o)
                                         0x70 (size before relaxing)
 .rodata.hf2_endp
                0x0000000008004454       0x1e .pioenvs/bluepill_f103c8/libb45/libbootloader.a(usb_conf.o)
 .rodata.hf2_iface
                0x0000000008004472       0x15 .pioenvs/bluepill_f103c8/libb45/libbootloader.a(usb_conf.o)
 .rodata.set_aggregate_callback.str1.1
                0x0000000008004487       0x29 .pioenvs/bluepill_f103c8/libb45/libbootloader.a(usb_conf.o)
 .rodata.set_usb_busy.str1.1
                0x00000000080044b0       0x29 .pioenvs/bluepill_f103c8/libb45/libbootloader.a(usb_conf.o)
                                          0x2 (size before relaxing)
 .rodata.str1.1
                0x00000000080044b0       0x7e .pioenvs/bluepill_f103c8/libb45/libbootloader.a(usb_conf.o)
 .rodata.usb_setup.str1.1
                0x000000000800452e       0x2e .pioenvs/bluepill_f103c8/libb45/libbootloader.a(usb_conf.o)
 .rodata.webusb_control_vendor_request.str1.1
                0x000000000800455c       0x3c .pioenvs/bluepill_f103c8/libb45/libbootloader.a(webusb.o)
                                         0x3d (size before relaxing)
 .rodata.webusb_platform_capability_descriptor
                0x0000000008004598       0x18 .pioenvs/bluepill_f103c8/libb45/libbootloader.a(webusb.o)
                0x0000000008004598                webusb_platform_capability_descriptor
 .rodata.webusb_set_config.str1.1
                0x00000000080045b0       0x1d .pioenvs/bluepill_f103c8/libb45/libbootloader.a(webusb.o)
 .rodata.webusb_setup.str1.1
                0x00000000080045cd       0x18 .pioenvs/bluepill_f103c8/libb45/libbootloader.a(webusb.o)
 .rodata.guid   0x00000000080045e5       0x92 .pioenvs/bluepill_f103c8/libb45/libbootloader.a(winusb.o)
 .rodata.microsoft_platform_capability_descriptor
                0x0000000008004677       0x1c .pioenvs/bluepill_f103c8/libb45/libbootloader.a(winusb.o)
                0x0000000008004677                microsoft_platform_capability_descriptor
 .rodata.winusb_control_vendor_request.str1.1
                0x0000000008004693       0x14 .pioenvs/bluepill_f103c8/libb45/libbootloader.a(winusb.o)
 .rodata.winusb_descriptor_request.str1.1
                0x00000000080046a7        0x6 .pioenvs/bluepill_f103c8/libb45/libbootloader.a(winusb.o)
 .rodata.winusb_set_config.str1.1
                0x00000000080046ad       0x1d .pioenvs/bluepill_f103c8/libb45/libbootloader.a(winusb.o)
 .rodata.winusb_setup.str1.1
                0x00000000080046ca       0x18 .pioenvs/bluepill_f103c8/libb45/libbootloader.a(winusb.o)
 .rodata.winusb_string_descriptor
                0x00000000080046e2       0x12 .pioenvs/bluepill_f103c8/libb45/libbootloader.a(winusb.o)
 .rodata.cdc_setup.str1.1
                0x00000000080046f4       0x15 .pioenvs/bluepill_f103c8/libb45/libbootloader.a(cdc.o)
 .rodata.cdcacm_comm_cb.str1.1
                0x0000000008004709        0x5 .pioenvs/bluepill_f103c8/libb45/libbootloader.a(cdc.o)
 .rodata.cdcacm_control_request.str1.1
                0x000000000800470e       0x28 .pioenvs/bluepill_f103c8/libb45/libbootloader.a(cdc.o)
                                         0x30 (size before relaxing)
 .rodata.cdcacm_set_config.str1.1
                0x0000000008004736       0x1d .pioenvs/bluepill_f103c8/libb45/libbootloader.a(cdc.o)
 .rodata.line_coding
                0x0000000008004753        0x7 .pioenvs/bluepill_f103c8/libb45/libbootloader.a(cdc.o)
 .rodata.assert.part.0.str1.1
                0x000000000800475a        0xc .pioenvs/bluepill_f103c8/libb45/libbootloader.a(hf2.o)
 .rodata.bad_packet_message
                0x0000000008004766        0xb .pioenvs/bluepill_f103c8/libb45/libbootloader.a(hf2.o)
 .rodata.hf2_data_rx_cb.str1.1
                0x0000000008004771      0x1a0 .pioenvs/bluepill_f103c8/libb45/libbootloader.a(hf2.o)
                                        0x1bb (size before relaxing)
 .rodata.hf2_set_config.str1.1
                0x0000000008004911        0xf .pioenvs/bluepill_f103c8/libb45/libbootloader.a(hf2.o)
 .rodata.hf2_setup.str1.1
                0x0000000008004920       0x22 .pioenvs/bluepill_f103c8/libb45/libbootloader.a(hf2.o)
                                         0x27 (size before relaxing)
 .rodata.pokeSend.str1.1
                0x0000000008004942        0xf .pioenvs/bluepill_f103c8/libb45/libbootloader.a(hf2.o)
                                         0x10 (size before relaxing)
 .rodata.usb21_set_config.str1.1
                0x0000000008004951       0x1c .pioenvs/bluepill_f103c8/libb45/libbootloader.a(usb21_standard.o)
 .rodata.usb21_setup.str1.1
                0x000000000800496d       0x17 .pioenvs/bluepill_f103c8/libb45/libbootloader.a(usb21_standard.o)
 .rodata.usb21_standard_get_descriptor.str1.1
                0x0000000008004984       0x21 .pioenvs/bluepill_f103c8/libb45/libbootloader.a(usb21_standard.o)
 .rodata.flash_flush.str1.1
                0x00000000080049a5       0x1d .pioenvs/bluepill_f103c8/libb45/libbootloader.a(ghostfat.o)
                                         0x20 (size before relaxing)
 .rodata.flash_write.str1.1
                0x00000000080049c2       0x26 .pioenvs/bluepill_f103c8/libb45/libbootloader.a(ghostfat.o)
                                         0x34 (size before relaxing)
 .rodata.infoUf2File
                0x00000000080049e8       0x55 .pioenvs/bluepill_f103c8/libb45/libbootloader.a(ghostfat.o)
                0x00000000080049e8                infoUf2File
                0x0000000008004a40                . = ALIGN (0x4)
 *fill*         0x0000000008004a3d        0x3 
                0x0000000008004a40                _boot_etext = .

.text           0x0000000008007000     0x3500
                0x0000000008007000                . = ALIGN (0x4)
                0x0000000008007000                _text = .
 *(SORT_BY_ALIGNMENT(.text.application_start))
 .text.application_start
                0x0000000008007000       0xc4 .pioenvs/bluepill_f103c8/lib739/libcm.a(application.o)
                0x0000000008007000                application_start
 *(SORT_BY_ALIGNMENT(.text.main))
 *(SORT_BY_ALIGNMENT(.text.startup.main))
 .text.startup.main
                0x00000000080070c4       0x14 .pioenvs/bluepill_f103c8/src/main.o
                0x00000000080070c4                main
 *(SORT_BY_ALIGNMENT(.text*))
 .text._ZN5codal14CodalComponent4initEv
                0x00000000080070d8        0x8 .pioenvs/bluepill_f103c8/src/main.o
                0x00000000080070d8                codal::CodalComponent::init()
 .text._ZN5codal14CodalComponentD2Ev
                0x00000000080070e0       0x18 .pioenvs/bluepill_f103c8/src/main.o
                0x00000000080070e0                codal::CodalComponent::~CodalComponent()
                0x00000000080070e0                codal::CodalComponent::~CodalComponent()
 .text._ZL10debug_dumpRN5codal13STM32BluePillEPKc.isra.0
                0x00000000080070f8       0x40 .pioenvs/bluepill_f103c8/src/main.o
 .text.startup._GLOBAL__sub_I_bluepill
                0x0000000008007138       0x24 .pioenvs/bluepill_f103c8/src/main.o
 .text._Z10Blink_mainRN5codal13STM32BluePillE
                0x000000000800715c       0x70 .pioenvs/bluepill_f103c8/src/main.o
                0x000000000800715c                Blink_main(codal::STM32BluePill&)
 .text._ZN5codal13STM32BluePillD2Ev
                0x00000000080071cc       0x40 .pioenvs/bluepill_f103c8/src/main.o
                0x00000000080071cc                codal::STM32BluePill::~STM32BluePill()
                0x00000000080071cc                codal::STM32BluePill::~STM32BluePill()
 .text.startup._GLOBAL__sub_I_serialPort
                0x000000000800720c       0x10 .pioenvs/bluepill_f103c8/src/uart.o
 .text._Z18component_callbackN5codal5EventE
                0x000000000800721c       0x58 .pioenvs/bluepill_f103c8/lib3e7/libcodal-core.a(CodalComponent.o)
                0x000000000800721c                component_callback(codal::Event)
 .text._ZN5codal10EventModel6listenEiiPFvNS_5EventEEt
                0x0000000008007274       0x60 .pioenvs/bluepill_f103c8/lib3e7/libcodal-core.a(CodalComponent.o)
                0x0000000008007274                codal::EventModel::listen(int, int, void (*)(codal::Event), unsigned short)
 .text._ZN5codal14CodalComponent12addComponentEv
                0x00000000080072d4       0x70 .pioenvs/bluepill_f103c8/lib3e7/libcodal-core.a(CodalComponent.o)
                0x00000000080072d4                codal::CodalComponent::addComponent()
 .text._ZN5codal14CodalComponent15removeComponentEv
                0x0000000008007344       0x20 .pioenvs/bluepill_f103c8/lib3e7/libcodal-core.a(CodalComponent.o)
                0x0000000008007344                codal::CodalComponent::removeComponent()
 .text.codal_dmesg_flush
                0x0000000008007364       0x10 .pioenvs/bluepill_f103c8/lib3e7/libcodal-core.a(CodalDmesg.o)
                0x0000000008007364                codal_dmesg_flush
 .text._ZN5codal14scheduler_tickENS_5EventE
                0x0000000008007374       0x38 .pioenvs/bluepill_f103c8/lib3e7/libcodal-core.a(CodalFiber.o)
                0x0000000008007374                codal::scheduler_tick(codal::Event)
 .text._ZN5codal15scheduler_eventENS_5EventE
                0x00000000080073ac       0xc0 .pioenvs/bluepill_f103c8/lib3e7/libcodal-core.a(CodalFiber.o)
                0x00000000080073ac                codal::scheduler_event(codal::Event)
 .text._Z15getFiberContextv
                0x000000000800746c       0x50 .pioenvs/bluepill_f103c8/lib3e7/libcodal-core.a(CodalFiber.o)
                0x000000000800746c                getFiberContext()
 .text._ZL10handle_fobv
                0x00000000080074bc       0x2c .pioenvs/bluepill_f103c8/lib3e7/libcodal-core.a(CodalFiber.o)
 .text._ZN5codal23fiber_scheduler_runningEv
                0x00000000080074e8       0x10 .pioenvs/bluepill_f103c8/lib3e7/libcodal-core.a(CodalFiber.o)
                0x00000000080074e8                codal::fiber_scheduler_running()
 .text._ZN5codal14scheduler_initERNS_10EventModelE
                0x00000000080074f8       0xac .pioenvs/bluepill_f103c8/lib3e7/libcodal-core.a(CodalFiber.o)
                0x00000000080074f8                codal::scheduler_init(codal::EventModel&)
 .text._ZN5codal19fiber_wake_on_eventEtt
                0x00000000080075a4       0x5c .pioenvs/bluepill_f103c8/lib3e7/libcodal-core.a(CodalFiber.o)
                0x00000000080075a4                codal::fiber_wake_on_event(unsigned short, unsigned short)
 .text._Z14__create_fibermmmi
                0x0000000008007600       0x64 .pioenvs/bluepill_f103c8/lib3e7/libcodal-core.a(CodalFiber.o)
                0x0000000008007600                __create_fiber(unsigned long, unsigned long, unsigned long, int)
 .text._ZN5codal17verify_stack_sizeEPNS_5FiberE
                0x0000000008007664       0x44 .pioenvs/bluepill_f103c8/lib3e7/libcodal-core.a(CodalFiber.o)
                0x0000000008007664                codal::verify_stack_size(codal::Fiber*)
 .text._ZN5codal24scheduler_runqueue_emptyEv
                0x00000000080076a8       0x10 .pioenvs/bluepill_f103c8/lib3e7/libcodal-core.a(CodalFiber.o)
                0x00000000080076a8                codal::scheduler_runqueue_empty()
 .text._ZN5codal4idleEv
                0x00000000080076b8       0x3c .pioenvs/bluepill_f103c8/lib3e7/libcodal-core.a(CodalFiber.o)
                0x00000000080076b8                codal::idle()
 .text._ZN5codal8scheduleEv
                0x00000000080076f4      0x108 .pioenvs/bluepill_f103c8/lib3e7/libcodal-core.a(CodalFiber.o)
                0x00000000080076f4                codal::schedule()
 .text._ZN5codal11fiber_sleepEm
                0x00000000080077fc       0x3c .pioenvs/bluepill_f103c8/lib3e7/libcodal-core.a(CodalFiber.o)
                0x00000000080077fc                codal::fiber_sleep(unsigned long)
 .text._ZN5codal13release_fiberEv
                0x0000000008007838       0x6c .pioenvs/bluepill_f103c8/lib3e7/libcodal-core.a(CodalFiber.o)
                0x0000000008007838                codal::release_fiber()
 .text._ZN5codal6invokeEPFvPvES0_
                0x00000000080078a4       0x80 .pioenvs/bluepill_f103c8/lib3e7/libcodal-core.a(CodalFiber.o)
                0x00000000080078a4                codal::invoke(void (*)(void*), void*)
 .text._Z18device_create_heapmm
                0x0000000008007924       0x3c .pioenvs/bluepill_f103c8/lib3e7/libcodal-core.a(CodalHeapAllocator.o)
                0x0000000008007924                device_create_heap(unsigned long, unsigned long)
 .text.device_malloc
                0x0000000008007960       0x48 .pioenvs/bluepill_f103c8/lib3e7/libcodal-core.a(CodalHeapAllocator.o)
                0x0000000008007960                malloc
                0x0000000008007960                device_malloc
 .text.device_free
                0x00000000080079a8       0x40 .pioenvs/bluepill_f103c8/lib3e7/libcodal-core.a(CodalHeapAllocator.o)
                0x00000000080079a8                device_free
                0x00000000080079a8                free
 .text._ZN5codal6SerialC2ERNS_3PinES2_hht
                0x00000000080079e8       0x5c .pioenvs/bluepill_f103c8/lib3e7/libcodal-core.a(Serial.o)
                0x00000000080079e8                codal::Serial::Serial(codal::Pin&, codal::Pin&, unsigned char, unsigned char, unsigned short)
                0x00000000080079e8                codal::Serial::Serial(codal::Pin&, codal::Pin&, unsigned char, unsigned char, unsigned short)
 .text._ZN5codal6SerialD2Ev
                0x0000000008007a44       0x1c .pioenvs/bluepill_f103c8/lib3e7/libcodal-core.a(Serial.o)
                0x0000000008007a44                codal::Serial::~Serial()
                0x0000000008007a44                codal::Serial::~Serial()
 .text._ZN5codal5TimerC2Ev
                0x0000000008007a60       0x34 .pioenvs/bluepill_f103c8/lib3e7/libcodal-core.a(Timer.o)
                0x0000000008007a60                codal::Timer::Timer()
                0x0000000008007a60                codal::Timer::Timer()
 .text._ZN5codal25system_timer_current_timeEv
                0x0000000008007a94       0x10 .pioenvs/bluepill_f103c8/lib3e7/libcodal-core.a(Timer.o)
                0x0000000008007a94                codal::system_timer_current_time()
 .text._ZN5codal27system_timer_event_every_usEmtt
                0x0000000008007aa4       0x24 .pioenvs/bluepill_f103c8/lib3e7/libcodal-core.a(Timer.o)
                0x0000000008007aa4                codal::system_timer_event_every_us(unsigned long, unsigned short, unsigned short)
 .text._ZN5codal10EventModel4sendENS_5EventE
                0x0000000008007ac8       0x14 .pioenvs/bluepill_f103c8/lib3e7/libcodal-core.a(MessageBus.o)
                0x0000000008007ac8                codal::EventModel::send(codal::Event)
 .text._ZN5codal10EventModel3addEPNS_8ListenerE
                0x0000000008007adc        0x8 .pioenvs/bluepill_f103c8/lib3e7/libcodal-core.a(MessageBus.o)
                0x0000000008007adc                codal::EventModel::add(codal::Listener*)
 .text._ZN5codal10EventModel6removeEPNS_8ListenerE
                0x0000000008007ae4        0x8 .pioenvs/bluepill_f103c8/lib3e7/libcodal-core.a(MessageBus.o)
                0x0000000008007ae4                codal::EventModel::remove(codal::Listener*)
 .text._ZN5codal10MessageBus6removeEPNS_8ListenerE
                0x0000000008007aec       0x70 .pioenvs/bluepill_f103c8/lib3e7/libcodal-core.a(MessageBus.o)
                0x0000000008007aec                codal::MessageBus::remove(codal::Listener*)
 .text._ZN5codal10MessageBus3addEPNS_8ListenerE
                0x0000000008007b5c       0xbc .pioenvs/bluepill_f103c8/lib3e7/libcodal-core.a(MessageBus.o)
                0x0000000008007b5c                codal::MessageBus::add(codal::Listener*)
 .text._ZN5codal10MessageBusD2Ev
                0x0000000008007c18       0x78 .pioenvs/bluepill_f103c8/lib3e7/libcodal-core.a(MessageBus.o)
                0x0000000008007c18                codal::MessageBus::~MessageBus()
                0x0000000008007c18                codal::MessageBus::~MessageBus()
 .text._ZN5codal10MessageBusC2Ev
                0x0000000008007c90       0xa8 .pioenvs/bluepill_f103c8/lib3e7/libcodal-core.a(MessageBus.o)
                0x0000000008007c90                codal::MessageBus::MessageBus()
                0x0000000008007c90                codal::MessageBus::MessageBus()
 .text._ZN5codal10MessageBus7processERNS_5EventEb
                0x0000000008007d38       0x84 .pioenvs/bluepill_f103c8/lib3e7/libcodal-core.a(MessageBus.o)
                0x0000000008007d38                codal::MessageBus::process(codal::Event&, bool)
 .text._ZN5codal19allocateNotifyEventEv
                0x0000000008007dbc       0x10 .pioenvs/bluepill_f103c8/lib3e7/libcodal-core.a(MessageBus.o)
                0x0000000008007dbc                codal::allocateNotifyEvent()
 .text._ZN5codal5Event4fireEv
                0x0000000008007dcc       0x20 .pioenvs/bluepill_f103c8/lib3e7/libcodal-core.a(Event.o)
                0x0000000008007dcc                codal::Event::fire()
 .text._ZN5codal13ManagedStringC2EPKcs
                0x0000000008007dec       0x34 .pioenvs/bluepill_f103c8/lib3e7/libcodal-core.a(ManagedString.o)
                0x0000000008007dec                codal::ManagedString::ManagedString(char const*, short)
                0x0000000008007dec                codal::ManagedString::ManagedString(char const*, short)
 .text._ZN5codal13ManagedStringC2Ev
                0x0000000008007e20        0xc .pioenvs/bluepill_f103c8/lib3e7/libcodal-core.a(ManagedString.o)
                0x0000000008007e20                codal::ManagedString::ManagedString()
                0x0000000008007e20                codal::ManagedString::ManagedString()
 .text.startup._GLOBAL__sub_I__ZN5codal13ManagedString9initEmptyEv
                0x0000000008007e2c       0x2c .pioenvs/bluepill_f103c8/lib3e7/libcodal-core.a(ManagedString.o)
 .text._ZN5codal3_cm3Pin14setAnalogValueEi
                0x0000000008007e58       0x1c .pioenvs/bluepill_f103c8/lib739/libcm.a(CmPin.o)
                0x0000000008007e58                codal::_cm::Pin::setAnalogValue(int)
 .text._ZN5codal3_cm3Pin13setServoValueEiii
                0x0000000008007e74       0x2c .pioenvs/bluepill_f103c8/lib739/libcm.a(CmPin.o)
                0x0000000008007e74                codal::_cm::Pin::setServoValue(int, int, int)
 .text._ZN5codal3_cm3Pin9isTouchedEv
                0x0000000008007ea0        0x8 .pioenvs/bluepill_f103c8/lib739/libcm.a(CmPin.o)
                0x0000000008007ea0                codal::_cm::Pin::isTouched()
 .text._ZN5codal3_cm3Pin17getAnalogPeriodUsEv
                0x0000000008007ea8        0x8 .pioenvs/bluepill_f103c8/lib739/libcm.a(CmPin.o)
                0x0000000008007ea8                codal::_cm::Pin::getAnalogPeriodUs()
 .text._ZN5codal3_cm3Pin15setDigitalValueEi
                0x0000000008007eb0       0x60 .pioenvs/bluepill_f103c8/lib739/libcm.a(CmPin.o)
                0x0000000008007eb0                codal::_cm::Pin::setDigitalValue(int)
 .text._ZN5codal3_cm3PinC2EhmmtNS_13PinCapabilityE
                0x0000000008007f10       0x2c .pioenvs/bluepill_f103c8/lib739/libcm.a(CmPin.o)
                0x0000000008007f10                codal::_cm::Pin::Pin(unsigned char, unsigned long, unsigned long, unsigned short, codal::PinCapability)
                0x0000000008007f10                codal::_cm::Pin::Pin(unsigned char, unsigned long, unsigned long, unsigned short, codal::PinCapability)
 .text._ZN5codal3_cm6SerialD2Ev
                0x0000000008007f3c       0x14 .pioenvs/bluepill_f103c8/lib739/libcm.a(CmSerial.o)
                0x0000000008007f3c                codal::_cm::Serial::~Serial()
                0x0000000008007f3c                codal::_cm::Serial::~Serial()
 .text._ZN5codal3_cm6SerialC2ERNS0_3PinES3_hh
                0x0000000008007f50       0x4c .pioenvs/bluepill_f103c8/lib739/libcm.a(CmSerial.o)
                0x0000000008007f50                codal::_cm::Serial::Serial(codal::_cm::Pin&, codal::_cm::Pin&, unsigned char, unsigned char)
                0x0000000008007f50                codal::_cm::Serial::Serial(codal::_cm::Pin&, codal::_cm::Pin&, unsigned char, unsigned char)
 .text._ZN5codal3_cm14alarm_callbackEv
                0x0000000008007f9c       0x10 .pioenvs/bluepill_f103c8/lib739/libcm.a(CmTimer.o)
                0x0000000008007f9c                codal::_cm::alarm_callback()
 .text._ZN5codal3_cm5Timer9triggerInEm
                0x0000000008007fac       0x20 .pioenvs/bluepill_f103c8/lib739/libcm.a(CmTimer.o)
                0x0000000008007fac                codal::_cm::Timer::triggerIn(unsigned long)
 .text._ZN5codal3_cm13tick_callbackEv
                0x0000000008007fcc       0x2c .pioenvs/bluepill_f103c8/lib739/libcm.a(CmTimer.o)
                0x0000000008007fcc                codal::_cm::tick_callback()
 .text._ZN5codal3_cm5Timer11syncRequestEv
                0x0000000008007ff8       0x48 .pioenvs/bluepill_f103c8/lib739/libcm.a(CmTimer.o)
                0x0000000008007ff8                codal::_cm::Timer::syncRequest()
 .text._ZN5codal3_cm5TimerC2Ev
                0x0000000008008040       0x34 .pioenvs/bluepill_f103c8/lib739/libcm.a(CmTimer.o)
                0x0000000008008040                codal::_cm::Timer::Timer()
                0x0000000008008040                codal::_cm::Timer::Timer()
 .text._ZN5codal3_cm5Timer4initEv
                0x0000000008008074       0x5c .pioenvs/bluepill_f103c8/lib739/libcm.a(CmTimer.o)
                0x0000000008008074                codal::_cm::Timer::init()
 .text._ZL10flush_taskv
                0x00000000080080d0       0x18 .pioenvs/bluepill_f103c8/lib739/libcm.a(tasks.o)
 .text._ZL15restart_handlerN5codal5EventE
                0x00000000080080e8       0x4c .pioenvs/bluepill_f103c8/lib739/libcm.a(tasks.o)
 .text.restart_callback
                0x0000000008008134       0x5c .pioenvs/bluepill_f103c8/lib739/libcm.a(tasks.o)
                0x0000000008008134                restart_callback
 .text.start_background_tasks
                0x0000000008008190       0xc0 .pioenvs/bluepill_f103c8/lib739/libcm.a(tasks.o)
                0x0000000008008190                start_background_tasks
 .text.startup._GLOBAL__sub_I_restart_callback
                0x0000000008008250       0x14 .pioenvs/bluepill_f103c8/lib739/libcm.a(tasks.o)
 .text._ZN5codal13STM32BluePill4initEv
                0x0000000008008264       0x78 .pioenvs/bluepill_f103c8/lib2eb/libmodel.a(STM32BluePill.o)
                0x0000000008008264                codal::STM32BluePill::init()
 .text._ZN5codal13STM32BluePillC2Ev
                0x00000000080082dc       0xa4 .pioenvs/bluepill_f103c8/lib2eb/libmodel.a(STM32BluePill.o)
                0x00000000080082dc                codal::STM32BluePill::STM32BluePill()
                0x00000000080082dc                codal::STM32BluePill::STM32BluePill()
 .text._ZN5codal15STM32BluePillIOC2Ev
                0x0000000008008380      0xaf0 .pioenvs/bluepill_f103c8/lib2eb/libmodel.a(STM32BluePillIO.o)
                0x0000000008008380                codal::STM32BluePillIO::STM32BluePillIO()
                0x0000000008008380                codal::STM32BluePillIO::STM32BluePillIO()
 .text.startup._GLOBAL__sub_I__ZN13UARTInterfaceC2Ejj
                0x0000000008008e70       0x10 .pioenvs/bluepill_f103c8/lib33e/libuartint.a(uartint.o)
 .text._ZN5codal3_cm3I2CC2ERNS_3PinES3_
                0x0000000008008e80       0x1c .pioenvs/bluepill_f103c8/lib739/libcm.a(CmI2C.o)
                0x0000000008008e80                codal::_cm::I2C::I2C(codal::Pin&, codal::Pin&)
                0x0000000008008e80                codal::_cm::I2C::I2C(codal::Pin&, codal::Pin&)
 .text._ZN5codal3_cm3SPI4initEv
                0x0000000008008e9c       0x5c .pioenvs/bluepill_f103c8/lib739/libcm.a(CmSPI.o)
                0x0000000008008e9c                codal::_cm::SPI::init()
 .text._ZN5codal3_cm3SPIC2ERNS0_3PinES3_S3_S3_
                0x0000000008008ef8       0x9c .pioenvs/bluepill_f103c8/lib739/libcm.a(CmSPI.o)
                0x0000000008008ef8                codal::_cm::SPI::SPI(codal::_cm::Pin&, codal::_cm::Pin&, codal::_cm::Pin&, codal::_cm::Pin&)
                0x0000000008008ef8                codal::_cm::SPI::SPI(codal::_cm::Pin&, codal::_cm::Pin&, codal::_cm::Pin&, codal::_cm::Pin&)
 .text.pinmap_peripheral
                0x0000000008008f94       0x30 .pioenvs/bluepill_f103c8/lib739/libcm.a(CmPinMap.o)
                0x0000000008008f94                pinmap_peripheral
 .text.pinmap_mode
                0x0000000008008fc4       0x2c .pioenvs/bluepill_f103c8/lib739/libcm.a(CmPinMap.o)
                0x0000000008008fc4                pinmap_mode
 .text.pinmap_cnf
                0x0000000008008ff0       0x2c .pioenvs/bluepill_f103c8/lib739/libcm.a(CmPinMap.o)
                0x0000000008008ff0                pinmap_cnf
 .text._ZN5codal3I2CC2ERNS_3PinES2_
                0x000000000800901c        0xc .pioenvs/bluepill_f103c8/lib3e7/libcodal-core.a(I2C.o)
                0x000000000800901c                codal::I2C::I2C(codal::Pin&, codal::Pin&)
                0x000000000800901c                codal::I2C::I2C(codal::Pin&, codal::Pin&)
 .text._ZN5codal14CodalComponent16periodicCallbackEv
                0x0000000008009028        0x2 .pioenvs/bluepill_f103c8/src/main.o
                0x0000000008009028                codal::CodalComponent::periodicCallback()
 .text._ZN5codal14CodalComponent12idleCallbackEv
                0x000000000800902a        0x2 .pioenvs/bluepill_f103c8/src/main.o
                0x000000000800902a                codal::CodalComponent::idleCallback()
 .text._ZN5codal14CodalComponentD0Ev
                0x000000000800902c       0x12 .pioenvs/bluepill_f103c8/src/main.o
                0x000000000800902c                codal::CodalComponent::~CodalComponent()
 .text._ZN5codal13STM32BluePillD0Ev
                0x000000000800903e       0x12 .pioenvs/bluepill_f103c8/src/main.o
                0x000000000800903e                codal::STM32BluePill::~STM32BluePill()
 .text._ZN5codal11queue_fiberEPNS_5FiberEPS1_
                0x0000000008009050       0x2e .pioenvs/bluepill_f103c8/lib3e7/libcodal-core.a(CodalFiber.o)
                0x0000000008009050                codal::queue_fiber(codal::Fiber*, codal::Fiber**)
 .text._ZN5codal13dequeue_fiberEPNS_5FiberE
                0x000000000800907e       0x34 .pioenvs/bluepill_f103c8/lib3e7/libcodal-core.a(CodalFiber.o)
                0x000000000800907e                codal::dequeue_fiber(codal::Fiber*)
 .text._ZN5codal12create_fiberEPFvvES1_
                0x00000000080090b2       0x1a .pioenvs/bluepill_f103c8/lib3e7/libcodal-core.a(CodalFiber.o)
                0x00000000080090b2                codal::create_fiber(void (*)(), void (*)())
 .text._ZN5codal12create_fiberEPFvPvES0_S2_
                0x00000000080090cc       0x1e .pioenvs/bluepill_f103c8/lib3e7/libcodal-core.a(CodalFiber.o)
                0x00000000080090cc                codal::create_fiber(void (*)(void*), void*, void (*)(void*))
 .text._ZN5codal20fiber_wait_for_eventEtt
                0x00000000080090ea       0x12 .pioenvs/bluepill_f103c8/lib3e7/libcodal-core.a(CodalFiber.o)
                0x00000000080090ea                codal::fiber_wait_for_event(unsigned short, unsigned short)
 .text._ZN5codal16launch_new_fiberEPFvvES1_
                0x00000000080090fc       0x10 .pioenvs/bluepill_f103c8/lib3e7/libcodal-core.a(CodalFiber.o)
                0x00000000080090fc                codal::launch_new_fiber(void (*)(), void (*)())
 .text._ZN5codal13release_fiberEPv
                0x000000000800910c       0x12 .pioenvs/bluepill_f103c8/lib3e7/libcodal-core.a(CodalFiber.o)
                0x000000000800910c                codal::release_fiber(void*)
 .text._ZN5codal22launch_new_fiber_paramEPFvPvES2_S0_
                0x000000000800911e       0x1a .pioenvs/bluepill_f103c8/lib3e7/libcodal-core.a(CodalFiber.o)
                0x000000000800911e                codal::launch_new_fiber_param(void (*)(void*), void (*)(void*), void*)
 .text._ZN5codal9idle_taskEv
                0x0000000008009138        0xc .pioenvs/bluepill_f103c8/lib3e7/libcodal-core.a(CodalFiber.o)
                0x0000000008009138                codal::idle_task()
 .text._Z16device_malloc_injR14HeapDefinition
                0x0000000008009144       0x84 .pioenvs/bluepill_f103c8/lib3e7/libcodal-core.a(CodalHeapAllocator.o)
                0x0000000008009144                device_malloc_in(unsigned int, HeapDefinition&)
 .text._ZN5codal8ListenerC2EttPFvNS_5EventEEt
                0x00000000080091c8       0x28 .pioenvs/bluepill_f103c8/lib3e7/libcodal-core.a(CodalListener.o)
                0x00000000080091c8                codal::Listener::Listener(unsigned short, unsigned short, void (*)(codal::Event), unsigned short)
                0x00000000080091c8                codal::Listener::Listener(unsigned short, unsigned short, void (*)(codal::Event), unsigned short)
 .text._ZN5codal8ListenerD2Ev
                0x00000000080091f0       0x14 .pioenvs/bluepill_f103c8/lib3e7/libcodal-core.a(CodalListener.o)
                0x00000000080091f0                codal::Listener::~Listener()
                0x00000000080091f0                codal::Listener::~Listener()
 .text._ZN5codal8Listener5queueENS_5EventE
                0x0000000008009204       0x5c .pioenvs/bluepill_f103c8/lib3e7/libcodal-core.a(CodalListener.o)
                0x0000000008009204                codal::Listener::queue(codal::Event)
 .text._ZN5codal6Serial12initialiseRxEv
                0x0000000008009260       0x4c .pioenvs/bluepill_f103c8/lib3e7/libcodal-core.a(Serial.o)
                0x0000000008009260                codal::Serial::initialiseRx()
 .text._ZN5codal6Serial12circularCopyEPhhS1_tt
                0x00000000080092ac       0x26 .pioenvs/bluepill_f103c8/lib3e7/libcodal-core.a(Serial.o)
                0x00000000080092ac                codal::Serial::circularCopy(unsigned char*, unsigned char, unsigned char*, unsigned short, unsigned short)
 .text._ZN5codal6Serial7eventOnENS_13ManagedStringENS_10SerialModeE
                0x00000000080092d2       0x26 .pioenvs/bluepill_f103c8/lib3e7/libcodal-core.a(Serial.o)
                0x00000000080092d2                codal::Serial::eventOn(codal::ManagedString, codal::SerialMode)
 .text._ZN5codal6Serial9readUntilENS_13ManagedStringENS_10SerialModeE
                0x00000000080092f8      0x1a6 .pioenvs/bluepill_f103c8/lib3e7/libcodal-core.a(Serial.o)
                0x00000000080092f8                codal::Serial::readUntil(codal::ManagedString, codal::SerialMode)
 .text._ZN5codal5Timer17disableInterruptsEv
                0x000000000800949e        0xa .pioenvs/bluepill_f103c8/lib3e7/libcodal-core.a(Timer.o)
                0x000000000800949e                codal::Timer::disableInterrupts()
 .text._ZN5codal5Timer16enableInterruptsEv
                0x00000000080094a8        0xa .pioenvs/bluepill_f103c8/lib3e7/libcodal-core.a(Timer.o)
                0x00000000080094a8                codal::Timer::enableInterrupts()
 .text._ZN5codal5Timer13getTimerEventEv
                0x00000000080094b2       0x22 .pioenvs/bluepill_f103c8/lib3e7/libcodal-core.a(Timer.o)
                0x00000000080094b2                codal::Timer::getTimerEvent()
 .text._ZN5codal5Timer17releaseTimerEventEPNS_10TimerEventE
                0x00000000080094d4        0xe .pioenvs/bluepill_f103c8/lib3e7/libcodal-core.a(Timer.o)
                0x00000000080094d4                codal::Timer::releaseTimerEvent(codal::TimerEvent*)
 .text._ZN5codal5Timer7getTimeEv
                0x00000000080094e2        0xe .pioenvs/bluepill_f103c8/lib3e7/libcodal-core.a(Timer.o)
                0x00000000080094e2                codal::Timer::getTime()
 .text._ZN5codal5Timer9getTimeUsEv
                0x00000000080094f0        0xe .pioenvs/bluepill_f103c8/lib3e7/libcodal-core.a(Timer.o)
                0x00000000080094f0                codal::Timer::getTimeUs()
 .text._ZN5codal5Timer8setEventEmttb
                0x00000000080094fe       0x66 .pioenvs/bluepill_f103c8/lib3e7/libcodal-core.a(Timer.o)
                0x00000000080094fe                codal::Timer::setEvent(unsigned long, unsigned short, unsigned short, bool)
 .text._ZN5codal5Timer12eventEveryUsEmtt
                0x0000000008009564        0xe .pioenvs/bluepill_f103c8/lib3e7/libcodal-core.a(Timer.o)
                0x0000000008009564                codal::Timer::eventEveryUs(unsigned long, unsigned short, unsigned short)
 .text._ZN5codal5Timer4syncEm
                0x0000000008009572       0x24 .pioenvs/bluepill_f103c8/lib3e7/libcodal-core.a(Timer.o)
                0x0000000008009572                codal::Timer::sync(unsigned long)
 .text._ZN5codal5Timer7triggerEv
                0x0000000008009596       0x92 .pioenvs/bluepill_f103c8/lib3e7/libcodal-core.a(Timer.o)
                0x0000000008009596                codal::Timer::trigger()
 .text._ZN5codal5TimerD2Ev
                0x0000000008009628        0x2 .pioenvs/bluepill_f103c8/lib3e7/libcodal-core.a(Timer.o)
                0x0000000008009628                codal::Timer::~Timer()
                0x0000000008009628                codal::Timer::~Timer()
 .text._ZN5codal10MessageBus9elementAtEi
                0x000000000800962a       0x10 .pioenvs/bluepill_f103c8/lib3e7/libcodal-core.a(MessageBus.o)
                0x000000000800962a                codal::MessageBus::elementAt(int)
 .text._ZN5codal22MemberFunctionCallback10methodCallINS_10MessageBusEEEvPvPmNS_5EventE
                0x000000000800963a       0x30 .pioenvs/bluepill_f103c8/lib3e7/libcodal-core.a(MessageBus.o)
                0x000000000800963a                void codal::MemberFunctionCallback::methodCall<codal::MessageBus>(void*, unsigned long*, codal::Event)
 .text._Z14async_callbackPv
                0x000000000800966a       0x7c .pioenvs/bluepill_f103c8/lib3e7/libcodal-core.a(MessageBus.o)
                0x000000000800966a                async_callback(void*)
 .text._ZThn8_N5codal10MessageBusD1Ev
                0x00000000080096e6        0x8 .pioenvs/bluepill_f103c8/lib3e7/libcodal-core.a(MessageBus.o)
                0x00000000080096e6                non-virtual thunk to codal::MessageBus::~MessageBus()
 .text._ZN5codal10MessageBusD0Ev
                0x00000000080096ee       0x12 .pioenvs/bluepill_f103c8/lib3e7/libcodal-core.a(MessageBus.o)
                0x00000000080096ee                codal::MessageBus::~MessageBus()
 .text._ZThn8_N5codal10MessageBusD0Ev
                0x0000000008009700        0x8 .pioenvs/bluepill_f103c8/lib3e7/libcodal-core.a(MessageBus.o)
                0x0000000008009700                non-virtual thunk to codal::MessageBus::~MessageBus()
 .text._ZN5codal10MessageBus12dequeueEventEv
                0x0000000008009708       0x22 .pioenvs/bluepill_f103c8/lib3e7/libcodal-core.a(MessageBus.o)
                0x0000000008009708                codal::MessageBus::dequeueEvent()
 .text._ZN5codal10MessageBus21deleteMarkedListenersEv
                0x000000000800972a       0x42 .pioenvs/bluepill_f103c8/lib3e7/libcodal-core.a(MessageBus.o)
                0x000000000800972a                codal::MessageBus::deleteMarkedListeners()
 .text._ZN5codal10MessageBus10queueEventERNS_5EventE
                0x000000000800976c       0x5e .pioenvs/bluepill_f103c8/lib3e7/libcodal-core.a(MessageBus.o)
                0x000000000800976c                codal::MessageBus::queueEvent(codal::Event&)
 .text._ZN5codal10MessageBus4sendENS_5EventE
                0x00000000080097ca       0x16 .pioenvs/bluepill_f103c8/lib3e7/libcodal-core.a(MessageBus.o)
                0x00000000080097ca                codal::MessageBus::send(codal::Event)
 .text._ZN5codal10MessageBus4idleENS_5EventE
                0x00000000080097e0       0x34 .pioenvs/bluepill_f103c8/lib3e7/libcodal-core.a(MessageBus.o)
                0x00000000080097e0                codal::MessageBus::idle(codal::Event)
 .text._ZN5codal5EventC2Ev
                0x0000000008009814       0x12 .pioenvs/bluepill_f103c8/lib3e7/libcodal-core.a(Event.o)
                0x0000000008009814                codal::Event::Event()
                0x0000000008009814                codal::Event::Event()
 .text._ZN5codal5EventC2EttNS_15EventLaunchModeE
                0x0000000008009826       0x1c .pioenvs/bluepill_f103c8/lib3e7/libcodal-core.a(Event.o)
                0x0000000008009826                codal::Event::Event(unsigned short, unsigned short, codal::EventLaunchMode)
                0x0000000008009826                codal::Event::Event(unsigned short, unsigned short, codal::EventLaunchMode)
 .text._ZN5codal5EventC2EttmNS_15EventLaunchModeE
                0x0000000008009842       0x18 .pioenvs/bluepill_f103c8/lib3e7/libcodal-core.a(Event.o)
                0x0000000008009842                codal::Event::Event(unsigned short, unsigned short, unsigned long, codal::EventLaunchMode)
                0x0000000008009842                codal::Event::Event(unsigned short, unsigned short, unsigned long, codal::EventLaunchMode)
 .text._ZN5codal14EventQueueItemC2ENS_5EventE
                0x000000000800985a       0x20 .pioenvs/bluepill_f103c8/lib3e7/libcodal-core.a(Event.o)
                0x000000000800985a                codal::EventQueueItem::EventQueueItem(codal::Event)
                0x000000000800985a                codal::EventQueueItem::EventQueueItem(codal::Event)
 .text._ZN5codal13ManagedStringD2Ev
                0x000000000800987a        0xe .pioenvs/bluepill_f103c8/lib3e7/libcodal-core.a(ManagedString.o)
                0x000000000800987a                codal::ManagedString::~ManagedString()
                0x000000000800987a                codal::ManagedString::~ManagedString()
 .text._ZN5codal13ManagedString10initStringEPKci
                0x0000000008009888       0x2e .pioenvs/bluepill_f103c8/lib3e7/libcodal-core.a(ManagedString.o)
                0x0000000008009888                codal::ManagedString::initString(char const*, int)
 .text._ZN5codal13ManagedStringC2Ei
                0x00000000080098b6       0x22 .pioenvs/bluepill_f103c8/lib3e7/libcodal-core.a(ManagedString.o)
                0x00000000080098b6                codal::ManagedString::ManagedString(int)
                0x00000000080098b6                codal::ManagedString::ManagedString(int)
 .text._ZN5codal13ManagedStringC2ERKS0_
                0x00000000080098d8       0x10 .pioenvs/bluepill_f103c8/lib3e7/libcodal-core.a(ManagedString.o)
                0x00000000080098d8                codal::ManagedString::ManagedString(codal::ManagedString const&)
                0x00000000080098d8                codal::ManagedString::ManagedString(codal::ManagedString const&)
 .text._ZN5codal13ManagedStringaSERKS0_
                0x00000000080098e8       0x1e .pioenvs/bluepill_f103c8/lib3e7/libcodal-core.a(ManagedString.o)
                0x00000000080098e8                codal::ManagedString::operator=(codal::ManagedString const&)
 .text._ZN5codal13ManagedString6charAtEs
                0x0000000008009906       0x18 .pioenvs/bluepill_f103c8/lib3e7/libcodal-core.a(ManagedString.o)
                0x0000000008009906                codal::ManagedString::charAt(short)
 .text._ZL16isReadOnlyInlinePN5codal10RefCountedE