Archive member included to satisfy reference by file (symbol)

.pioenvs/bluepill_f103c8/libd9b/liblogger.a(logger.o)
                              .pioenvs/bluepill_f103c8/libccd/hal/codal_target_hal.o (debug_flush)
.pioenvs/bluepill_f103c8/lib271/libbluepill.a(bluepill.o)
                              .pioenvs/bluepill_f103c8/libccd/hal/codal_target_hal.o (platform_setup)
.pioenvs/bluepill_f103c8/lib271/libbluepill.a(led.o)
                              .pioenvs/bluepill_f103c8/lib271/libbluepill.a(bluepill.o) (led_setup)
.pioenvs/bluepill_f103c8/lib271/libbluepill.a(timer.o)
                              .pioenvs/bluepill_f103c8/libccd/hal/codal_target_hal.o (platform_start_timer)
.pioenvs/bluepill_f103c8/lib6b9/libbaseloader.a(baseloader.o)
                              (base_vector_table)
.pioenvs/bluepill_f103c8/libb45/libbootloader.a(bootloader.o)
                              .pioenvs/bluepill_f103c8/libccd/hal/reset_handler.o (bootloader_start)
.pioenvs/bluepill_f103c8/libb45/libbootloader.a(ghostfat.o)
                              .pioenvs/bluepill_f103c8/libb45/libbootloader.a(bootloader.o) (flashBuf)
.pioenvs/bluepill_f103c8/libb45/libbootloader.a(target_stm32f103.o)
                              .pioenvs/bluepill_f103c8/libb45/libbootloader.a(bootloader.o) (boot_target_get_startup_mode)
.pioenvs/bluepill_f103c8/libb45/libbootloader.a(usb_conf.o)
                              .pioenvs/bluepill_f103c8/libb45/libbootloader.a(bootloader.o) (usb_setup)
.pioenvs/bluepill_f103c8/libb45/libbootloader.a(webusb.o)
                              .pioenvs/bluepill_f103c8/libb45/libbootloader.a(usb_conf.o) (webusb_setup)
.pioenvs/bluepill_f103c8/libb45/libbootloader.a(winusb.o)
                              .pioenvs/bluepill_f103c8/libb45/libbootloader.a(usb_conf.o) (winusb_setup)
.pioenvs/bluepill_f103c8/libb45/libbootloader.a(cdc.o)
                              .pioenvs/bluepill_f103c8/libb45/libbootloader.a(usb_conf.o) (cdcadm_transmit)
.pioenvs/bluepill_f103c8/libb45/libbootloader.a(hf2.o)
                              .pioenvs/bluepill_f103c8/libb45/libbootloader.a(usb_conf.o) (hf2_setup)
.pioenvs/bluepill_f103c8/libb45/libbootloader.a(backup.o)
                              .pioenvs/bluepill_f103c8/libb45/libbootloader.a(target_stm32f103.o) (backup_write)
.pioenvs/bluepill_f103c8/libb45/libbootloader.a(usb21_standard.o)
                              .pioenvs/bluepill_f103c8/libb45/libbootloader.a(usb_conf.o) (usb21_setup)
.pioenvs/bluepill_f103c8/lib98a/libnewlib.a(memcmp.o)
                              .pioenvs/bluepill_f103c8/libb45/libbootloader.a(ghostfat.o) (memcmp)
.pioenvs/bluepill_f103c8/lib98a/libnewlib.a(memcpy.o)
                              .pioenvs/bluepill_f103c8/libd9b/liblogger.a(logger.o) (memcpy)
.pioenvs/bluepill_f103c8/lib98a/libnewlib.a(memset.o)
                              .pioenvs/bluepill_f103c8/libb45/libbootloader.a(ghostfat.o) (memset)
.pioenvs/bluepill_f103c8/lib98a/libnewlib.a(strcpy.o)
                              .pioenvs/bluepill_f103c8/libd9b/liblogger.a(logger.o) (strcpy)
.pioenvs/bluepill_f103c8/lib98a/libnewlib.a(strlen.o)
                              .pioenvs/bluepill_f103c8/src/aggregate.o (strlen)
.pioenvs/bluepill_f103c8/lib98a/libnewlib.a(strncat.o)
                              .pioenvs/bluepill_f103c8/src/wisol.o (strncat)
.pioenvs/bluepill_f103c8/lib98a/libnewlib.a(strncmp.o)
                              .pioenvs/bluepill_f103c8/src/aggregate.o (strncmp)
.pioenvs/bluepill_f103c8/lib98a/libnewlib.a(strncpy.o)
                              .pioenvs/bluepill_f103c8/src/aggregate.o (strncpy)
.pioenvs/bluepill_f103c8/lib98a/libnewlib.a(strstr.o)
                              .pioenvs/bluepill_f103c8/src/wisol.o (strstr)
.pioenvs/bluepill_f103c8/libea7/libcocoOS_5.0.3.a(os_cbk.o)
                              .pioenvs/bluepill_f103c8/libccd/hal/codal_target_hal.o (os_cbkSleep)
.pioenvs/bluepill_f103c8/libea7/libcocoOS_5.0.3.a(os_event.o)
                              .pioenvs/bluepill_f103c8/src/wisol.o (event_create)
.pioenvs/bluepill_f103c8/libea7/libcocoOS_5.0.3.a(os_kernel.o)
                              .pioenvs/bluepill_f103c8/libccd/hal/codal_target_hal.o (os_init)
.pioenvs/bluepill_f103c8/libea7/libcocoOS_5.0.3.a(os_msgqueue.o)
                              .pioenvs/bluepill_f103c8/libea7/libcocoOS_5.0.3.a(os_kernel.o) (os_msgQ_init)
.pioenvs/bluepill_f103c8/libea7/libcocoOS_5.0.3.a(os_sem.o)
                              .pioenvs/bluepill_f103c8/libea7/libcocoOS_5.0.3.a(os_kernel.o) (os_sem_init)
.pioenvs/bluepill_f103c8/libea7/libcocoOS_5.0.3.a(os_task.o)
                              .pioenvs/bluepill_f103c8/libea7/libcocoOS_5.0.3.a(os_kernel.o) (os_task_init)
.pioenvs/bluepill_f103c8/libea7/libcocoOS_5.0.3.a(os_assert.o)
                              .pioenvs/bluepill_f103c8/libea7/libcocoOS_5.0.3.a(os_event.o) (os_on_assert)
.pioenvs/bluepill_f103c8/lib3e7/libcodal-core.a(CodalComponent.o)
[...]
Memory Configuration

Name             Origin             Length             Attributes
bootrom          0x0000000008000000 0x0000000000007400 xr
rom              0x0000000008007400 0x0000000000008c00 xr
bootram          0x0000000020000000 0x0000000000001000 xrw
ram              0x0000000020001000 0x00000000000037bc xrw
bootbuf          0x00000000200047bc 0x0000000000000844 xrw
*default*        0x0000000000000000 0xffffffffffffffff

Linker script and memory map

                0x0000000000007400                _bootrom_size = 0x7400
                0x0000000000001000                _bootram_size = 0x1000
                0x0000000000000844                _bootbuf_size = 0x844

.boot_text      0x0000000008000000     0x4fe0
                0x0000000008000000                _boot_text = .
 *(SORT_BY_ALIGNMENT(.vectors))
 .vectors       0x0000000008000000      0x150 .pioenvs/bluepill_f103c8/libFrameworkLibOpenCM3.a(vector.o)
                0x0000000008000000                vector_table
 *(SORT_BY_ALIGNMENT(.base_vectors))
 .base_vectors  0x0000000008000150       0x18 .pioenvs/bluepill_f103c8/lib6b9/libbaseloader.a(baseloader.o)
                0x0000000008000150                base_vector_table
 *libbaseloader.a:(SORT_BY_ALIGNMENT(.text*))
 .text.baseloader_start
                0x0000000008000168      0x7c4 .pioenvs/bluepill_f103c8/lib6b9/libbaseloader.a(baseloader.o)
                0x0000000008000168                baseloader_start
 .text.baseloader_fetch
                0x000000000800092c       0xc4 .pioenvs/bluepill_f103c8/lib6b9/libbaseloader.a(baseloader.o)
                0x000000000800092c                baseloader_fetch
                0x00000000080009f0                . = ALIGN (0x4)
 *libbaseloader.a:(SORT_BY_ALIGNMENT(.rodata*))
                0x00000000080009f0                . = ALIGN (0x4)
                0x00000000080009f0                _base_etext = .
 *(SORT_BY_ALIGNMENT(.text.blocking_handler*))
 .text.blocking_handler
                0x00000000080009f0        0x2 .pioenvs/bluepill_f103c8/libFrameworkLibOpenCM3.a(vector.o)
                0x00000000080009f0                exti0_isr
                0x00000000080009f0                tim7_isr
                0x00000000080009f0                adc1_2_isr
                0x00000000080009f0                tim1_trg_com_isr
                0x00000000080009f0                usb_hp_can_tx_isr
                0x00000000080009f0                tim6_isr
                0x00000000080009f0                usb_wakeup_isr
                0x00000000080009f0                blocking_handler
                0x00000000080009f0                tim5_isr
                0x00000000080009f0                otg_fs_isr
                0x00000000080009f0                spi1_isr
                0x00000000080009f0                exti2_isr
                0x00000000080009f0                dma1_channel6_isr
                0x00000000080009f0                can_rx1_isr
                0x00000000080009f0                dma1_channel5_isr
                0x00000000080009f0                dma2_channel5_isr
                0x00000000080009f0                usart1_isr
                0x00000000080009f0                usage_fault_handler
                0x00000000080009f0                tim8_trg_com_isr
                0x00000000080009f0                can2_rx0_isr
                0x00000000080009f0                tim1_brk_isr
                0x00000000080009f0                can2_rx1_isr
                0x00000000080009f0                tim1_cc_isr
                0x00000000080009f0                sdio_isr
                0x00000000080009f0                eth_isr
                0x00000000080009f0                dma1_channel4_isr
                0x00000000080009f0                tim8_brk_isr
                0x00000000080009f0                dma2_channel4_5_isr
                0x00000000080009f0                pvd_isr
                0x00000000080009f0                rcc_isr
                0x00000000080009f0                flash_isr
                0x00000000080009f0                uart4_isr
                0x00000000080009f0                exti15_10_isr
                0x00000000080009f0                hard_fault_handler
                0x00000000080009f0                exti1_isr
                0x00000000080009f0                i2c1_ev_isr
                0x00000000080009f0                dma2_channel1_isr
                0x00000000080009f0                spi2_isr
                0x00000000080009f0                tim8_up_isr
                0x00000000080009f0                dma2_channel2_isr
                0x00000000080009f0                exti3_isr
                0x00000000080009f0                adc3_isr
                0x00000000080009f0                tim3_isr
                0x00000000080009f0                usb_lp_can_rx0_isr
                0x00000000080009f0                i2c2_er_isr
                0x00000000080009f0                i2c2_ev_isr
                0x00000000080009f0                uart5_isr
                0x00000000080009f0                fsmc_isr
                0x00000000080009f0                dma1_channel1_isr
                0x00000000080009f0                exti4_isr
                0x00000000080009f0                mem_manage_handler
                0x00000000080009f0                can2_tx_isr
                0x00000000080009f0                exti9_5_isr
                0x00000000080009f0                dma2_channel3_isr
                0x00000000080009f0                dma1_channel7_isr
                0x00000000080009f0                tim1_up_isr
                0x00000000080009f0                can2_sce_isr
                0x00000000080009f0                tim4_isr
                0x00000000080009f0                dma1_channel2_isr
                0x00000000080009f0                i2c1_er_isr
                0x00000000080009f0                can_sce_isr
                0x00000000080009f0                tim8_cc_isr
                0x00000000080009f0                tamper_isr
                0x00000000080009f0                eth_wkup_isr
                0x00000000080009f0                bus_fault_handler
                0x00000000080009f0                wwdg_isr
                0x00000000080009f0                dma1_channel3_isr
                0x00000000080009f0                spi3_isr
                0x00000000080009f0                tim2_isr
                0x00000000080009f0                usart3_isr
 *(SORT_BY_ALIGNMENT(.text.null_handler*))
 .text.null_handler
                0x00000000080009f2        0x2 .pioenvs/bluepill_f103c8/libFrameworkLibOpenCM3.a(vector.o)
                0x00000000080009f2                null_handler
                0x00000000080009f2                sv_call_handler
                0x00000000080009f2                pend_sv_handler
                0x00000000080009f2                debug_monitor_handler
                0x00000000080009f2                sys_tick_handler
                0x00000000080009f2                nmi_handler
 *(SORT_BY_ALIGNMENT(.text.*_isr))
 .text.rtc_isr  0x00000000080009f4       0x30 .pioenvs/bluepill_f103c8/lib271/libbluepill.a(timer.o)
                0x00000000080009f4                rtc_isr
 .text.rtc_alarm_isr
                0x0000000008000a24       0x30 .pioenvs/bluepill_f103c8/lib271/libbluepill.a(timer.o)
                0x0000000008000a24                rtc_alarm_isr
 .text.usart2_isr
                0x0000000008000a54       0x50 .pioenvs/bluepill_f103c8/lib33e/libuartint.a(uartint.o)
                0x0000000008000a54                usart2_isr
 :*reset_handler*(SORT_BY_ALIGNMENT(.text*))
 .text.reset_handler
                0x0000000008000aa4       0xdc .pioenvs/bluepill_f103c8/libccd/hal/reset_handler.o
                0x0000000008000aa4                reset_handler
 :*codal_target_hal*(SORT_BY_ALIGNMENT(.text*))
 .text._ZL10timer_tickv
                0x0000000008000b80       0x7c .pioenvs/bluepill_f103c8/libccd/hal/codal_target_hal.o
 .text._ZL11timer_alarmv
                0x0000000008000bfc       0x2c .pioenvs/bluepill_f103c8/libccd/hal/codal_target_hal.o
 .text.target_init
                0x0000000008000c28       0x30 .pioenvs/bluepill_f103c8/libccd/hal/codal_target_hal.o
                0x0000000008000c28                target_init
 .text.target_wait_for_event
                0x0000000008000c58       0x10 .pioenvs/bluepill_f103c8/libccd/hal/codal_target_hal.o
                0x0000000008000c58                target_wait_for_event
 .text.target_wait
                0x0000000008000c68       0x74 .pioenvs/bluepill_f103c8/libccd/hal/codal_target_hal.o
                0x0000000008000c68                target_wait
 .text.target_panic
                0x0000000008000cdc       0x20 .pioenvs/bluepill_f103c8/libccd/hal/codal_target_hal.o
                0x0000000008000cdc                target_panic
 .text.fiber_initial_stack_base
                0x0000000008000cfc        0x8 .pioenvs/bluepill_f103c8/libccd/hal/codal_target_hal.o
                0x0000000008000cfc                fiber_initial_stack_base
 .text.test_codal
                0x0000000008000d04       0x70 .pioenvs/bluepill_f103c8/libccd/hal/codal_target_hal.o
                0x0000000008000d04                test_codal
 .text.target_set_tick_callback
                0x0000000008000d74        0xc .pioenvs/bluepill_f103c8/libccd/hal/codal_target_hal.o
                0x0000000008000d74                target_set_tick_callback
 .text.target_set_alarm_callback
                0x0000000008000d80        0xc .pioenvs/bluepill_f103c8/libccd/hal/codal_target_hal.o
                0x0000000008000d80                target_set_alarm_callback
 .text.target_set_bootloader_callback
                0x0000000008000d8c        0xc .pioenvs/bluepill_f103c8/libccd/hal/codal_target_hal.o
                0x0000000008000d8c                target_set_bootloader_callback
 .text.target_wait_us
                0x0000000008000d98        0xc .pioenvs/bluepill_f103c8/libccd/hal/codal_target_hal.o
                0x0000000008000d98                target_wait_us
 .text.target_enable_irq
                0x0000000008000da4        0x4 .pioenvs/bluepill_f103c8/libccd/hal/codal_target_hal.o
                0x0000000008000da4                target_enable_irq
 .text.target_disable_irq
                0x0000000008000da8        0x4 .pioenvs/bluepill_f103c8/libccd/hal/codal_target_hal.o
                0x0000000008000da8                target_disable_irq
 .text.tcb_allocate
                0x0000000008000dac        0x6 .pioenvs/bluepill_f103c8/libccd/hal/codal_target_hal.o
                0x0000000008000dac                tcb_allocate
 .text.tcb_configure_lr
                0x0000000008000db2        0x4 .pioenvs/bluepill_f103c8/libccd/hal/codal_target_hal.o
                0x0000000008000db2                tcb_configure_lr
 .text.tcb_configure_sp
                0x0000000008000db6        0x4 .pioenvs/bluepill_f103c8/libccd/hal/codal_target_hal.o
                0x0000000008000db6                tcb_configure_sp
 .text.tcb_configure_stack_base
                0x0000000008000dba        0x4 .pioenvs/bluepill_f103c8/libccd/hal/codal_target_hal.o
                0x0000000008000dba                tcb_configure_stack_base
 .text.tcb_get_stack_base
                0x0000000008000dbe        0x4 .pioenvs/bluepill_f103c8/libccd/hal/codal_target_hal.o
                0x0000000008000dbe                tcb_get_stack_base
 .text.get_current_sp
                0x0000000008000dc2        0x4 .pioenvs/bluepill_f103c8/libccd/hal/codal_target_hal.o
                0x0000000008000dc2                get_current_sp
 .text.tcb_get_sp
                0x0000000008000dc6        0x4 .pioenvs/bluepill_f103c8/libccd/hal/codal_target_hal.o
                0x0000000008000dc6                tcb_get_sp
 .text.tcb_configure_args
                0x0000000008000dca        0x8 .pioenvs/bluepill_f103c8/libccd/hal/codal_target_hal.o
                0x0000000008000dca                tcb_configure_args
 .text._fini    0x0000000008000dd2        0x2 .pioenvs/bluepill_f103c8/libccd/hal/codal_target_hal.o
                0x0000000008000dd2                _fini
 .text.__aeabi_atexit
                0x0000000008000dd4        0x4 .pioenvs/bluepill_f103c8/libccd/hal/codal_target_hal.o
                0x0000000008000dd4                __aeabi_atexit
 .text.target_enable_debug
                0x0000000008000dd8        0x4 .pioenvs/bluepill_f103c8/libccd/hal/codal_target_hal.o
                0x0000000008000dd8                target_enable_debug
 *libhal.a:*codal_target_hal*(SORT_BY_ALIGNMENT(.text*))
 :*CortexContextSwitch*(SORT_BY_ALIGNMENT(.text*))
 .text          0x0000000008000ddc      0x124 asm/CortexContextSwitch.s.o
                0x0000000008000ddc                swap_context
                0x0000000008000e5e                save_context
                0x0000000008000ea2                save_register_context
                0x0000000008000ed2                restore_register_context
 *libhal.a:(SORT_BY_ALIGNMENT(.text*))
 *liblibopencm3.a:(SORT_BY_ALIGNMENT(.text*))
 *libFrameworkLibOpenCM3.a:(SORT_BY_ALIGNMENT(.text*))
 .text.desig_get_unique_id
                0x0000000008000f00       0x20 .pioenvs/bluepill_f103c8/libFrameworkLibOpenCM3.a(desig.o)
                0x0000000008000f00                desig_get_unique_id
 .text.desig_get_unique_id_as_string
                0x0000000008000f20       0x48 .pioenvs/bluepill_f103c8/libFrameworkLibOpenCM3.a(desig.o)
                0x0000000008000f20                desig_get_unique_id_as_string
 .text.rcc_osc_on.part.0
                0x0000000008000f68       0x10 .pioenvs/bluepill_f103c8/libFrameworkLibOpenCM3.a(rcc.o)
 .text.rcc_wait_for_osc_ready
                0x0000000008000f78       0x64 .pioenvs/bluepill_f103c8/libFrameworkLibOpenCM3.a(rcc.o)
                0x0000000008000f78                rcc_wait_for_osc_ready
 .text.rcc_osc_on
                0x0000000008000fdc       0x54 .pioenvs/bluepill_f103c8/libFrameworkLibOpenCM3.a(rcc.o)
                0x0000000008000fdc                rcc_osc_on
 .text.rcc_set_sysclk_source
                0x0000000008001030       0x14 .pioenvs/bluepill_f103c8/libFrameworkLibOpenCM3.a(rcc.o)
                0x0000000008001030                rcc_set_sysclk_source
 .text.rcc_set_pll_multiplication_factor
                0x0000000008001044       0x14 .pioenvs/bluepill_f103c8/libFrameworkLibOpenCM3.a(rcc.o)
                0x0000000008001044                rcc_set_pll_multiplication_factor
 .text.rcc_set_pll_source
                0x0000000008001058       0x14 .pioenvs/bluepill_f103c8/libFrameworkLibOpenCM3.a(rcc.o)
                0x0000000008001058                rcc_set_pll_source
 .text.rcc_set_pllxtpre
                0x000000000800106c       0x14 .pioenvs/bluepill_f103c8/libFrameworkLibOpenCM3.a(rcc.o)
                0x000000000800106c                rcc_set_pllxtpre
 .text.rcc_enable_rtc_clock
                0x0000000008001080       0x10 .pioenvs/bluepill_f103c8/libFrameworkLibOpenCM3.a(rcc.o)
                0x0000000008001080                rcc_enable_rtc_clock
 .text.rcc_set_rtc_clock_source
                0x0000000008001090       0x90 .pioenvs/bluepill_f103c8/libFrameworkLibOpenCM3.a(rcc.o)
                0x0000000008001090                rcc_set_rtc_clock_source
 .text.rcc_set_adcpre
                0x0000000008001120       0x14 .pioenvs/bluepill_f103c8/libFrameworkLibOpenCM3.a(rcc.o)
                0x0000000008001120                rcc_set_adcpre
 .text.rcc_set_ppre2
                0x0000000008001134       0x14 .pioenvs/bluepill_f103c8/libFrameworkLibOpenCM3.a(rcc.o)
                0x0000000008001134                rcc_set_ppre2
 .text.rcc_set_ppre1
                0x0000000008001148       0x14 .pioenvs/bluepill_f103c8/libFrameworkLibOpenCM3.a(rcc.o)
                0x0000000008001148                rcc_set_ppre1
 .text.rcc_set_hpre
                0x000000000800115c       0x14 .pioenvs/bluepill_f103c8/libFrameworkLibOpenCM3.a(rcc.o)
                0x000000000800115c                rcc_set_hpre
 .text.rcc_clock_setup_in_hse_8mhz_out_72mhz
                0x0000000008001170       0x8c .pioenvs/bluepill_f103c8/libFrameworkLibOpenCM3.a(rcc.o)
                0x0000000008001170                rcc_clock_setup_in_hse_8mhz_out_72mhz
 .text.rtc_enter_config_mode
                0x00000000080011fc       0x20 .pioenvs/bluepill_f103c8/libFrameworkLibOpenCM3.a(rtc.o)
                0x00000000080011fc                rtc_enter_config_mode
 .text.rtc_exit_config_mode
                0x000000000800121c       0x20 .pioenvs/bluepill_f103c8/libFrameworkLibOpenCM3.a(rtc.o)
                0x000000000800121c                rtc_exit_config_mode
 .text.rtc_set_alarm_time
                0x000000000800123c       0x20 .pioenvs/bluepill_f103c8/libFrameworkLibOpenCM3.a(rtc.o)
                0x000000000800123c                rtc_set_alarm_time
 .text.rtc_set_prescale_val
                0x000000000800125c       0x20 .pioenvs/bluepill_f103c8/libFrameworkLibOpenCM3.a(rtc.o)
                0x000000000800125c                rtc_set_prescale_val
 .text.rtc_get_counter_val
                0x000000000800127c       0x14 .pioenvs/bluepill_f103c8/libFrameworkLibOpenCM3.a(rtc.o)
                0x000000000800127c                rtc_get_counter_val
 .text.rtc_set_counter_val
                0x0000000008001290       0x1c .pioenvs/bluepill_f103c8/libFrameworkLibOpenCM3.a(rtc.o)
                0x0000000008001290                rtc_set_counter_val
 .text.rtc_interrupt_enable
                0x00000000080012ac       0x3c .pioenvs/bluepill_f103c8/libFrameworkLibOpenCM3.a(rtc.o)
                0x00000000080012ac                rtc_interrupt_enable
 .text.rtc_interrupt_disable
                0x00000000080012e8       0x3c .pioenvs/bluepill_f103c8/libFrameworkLibOpenCM3.a(rtc.o)
                0x00000000080012e8                rtc_interrupt_disable
 .text.rtc_clear_flag
                0x0000000008001324       0x30 .pioenvs/bluepill_f103c8/libFrameworkLibOpenCM3.a(rtc.o)
                0x0000000008001324                rtc_clear_flag
 .text.rtc_check_flag
                0x0000000008001354       0x30 .pioenvs/bluepill_f103c8/libFrameworkLibOpenCM3.a(rtc.o)
                0x0000000008001354                rtc_check_flag
 .text.pwr_disable_backup_domain_write_protect
                0x0000000008001384       0x10 .pioenvs/bluepill_f103c8/libFrameworkLibOpenCM3.a(pwr_common_all.o)
                0x0000000008001384                pwr_disable_backup_domain_write_protect
 .text.pwr_enable_backup_domain_write_protect
                0x0000000008001394       0x10 .pioenvs/bluepill_f103c8/libFrameworkLibOpenCM3.a(pwr_common_all.o)
                0x0000000008001394                pwr_enable_backup_domain_write_protect
 .text.exti_set_trigger
                0x00000000080013a4       0x3c .pioenvs/bluepill_f103c8/libFrameworkLibOpenCM3.a(exti_common_all.o)
                0x00000000080013a4                exti_set_trigger
 .text.exti_enable_request
                0x00000000080013e0       0x14 .pioenvs/bluepill_f103c8/libFrameworkLibOpenCM3.a(exti_common_all.o)
                0x00000000080013e0                exti_enable_request
 .text.exti_reset_request
                0x00000000080013f4        0xc .pioenvs/bluepill_f103c8/libFrameworkLibOpenCM3.a(exti_common_all.o)
                0x00000000080013f4                exti_reset_request
 .text.flash_set_ws
                0x0000000008001400       0x14 .pioenvs/bluepill_f103c8/libFrameworkLibOpenCM3.a(flash_common_f01.o)
                0x0000000008001400                flash_set_ws
 .text.usbd_init
                0x0000000008001414       0x50 .pioenvs/bluepill_f103c8/libFrameworkLibOpenCM3.a(usb.o)
                0x0000000008001414                usbd_init
 .text._usbd_standard_request_device
                0x0000000008001464       0x48 .pioenvs/bluepill_f103c8/libFrameworkLibOpenCM3.a(usb_standard.o)
                0x0000000008001464                _usbd_standard_request_device
 .text._usbd_standard_request_interface
                0x00000000080014ac       0x30 .pioenvs/bluepill_f103c8/libFrameworkLibOpenCM3.a(usb_standard.o)
                0x00000000080014ac                _usbd_standard_request_interface
 .text._usbd_standard_request_endpoint
                0x00000000080014dc       0x3c .pioenvs/bluepill_f103c8/libFrameworkLibOpenCM3.a(usb_standard.o)
                0x00000000080014dc                _usbd_standard_request_endpoint
 .text.st_usbfs_v1_usbd_init
                0x0000000008001518       0x30 .pioenvs/bluepill_f103c8/libFrameworkLibOpenCM3.a(st_usbfs_v1.o)
 .text.scb_reset_system
                0x0000000008001548       0x10 .pioenvs/bluepill_f103c8/libFrameworkLibOpenCM3.a(scb.o)
                0x0000000008001548                scb_reset_system
 .text.st_usbfs_set_address
                0x0000000008001558       0x10 .pioenvs/bluepill_f103c8/libFrameworkLibOpenCM3.a(st_usbfs_core.o)
                0x0000000008001558                st_usbfs_set_address
 .text.st_usbfs_set_ep_rx_bufsize
                0x0000000008001568       0x48 .pioenvs/bluepill_f103c8/libFrameworkLibOpenCM3.a(st_usbfs_core.o)
                0x0000000008001568                st_usbfs_set_ep_rx_bufsize
 .text.st_usbfs_ep_setup
                0x00000000080015b0      0x150 .pioenvs/bluepill_f103c8/libFrameworkLibOpenCM3.a(st_usbfs_core.o)
                0x00000000080015b0                st_usbfs_ep_setup
 .text.st_usbfs_endpoints_reset
                0x0000000008001700       0x44 .pioenvs/bluepill_f103c8/libFrameworkLibOpenCM3.a(st_usbfs_core.o)
                0x0000000008001700                st_usbfs_endpoints_reset
 .text.st_usbfs_ep_stall_set
                0x0000000008001744       0xe4 .pioenvs/bluepill_f103c8/libFrameworkLibOpenCM3.a(st_usbfs_core.o)
                0x0000000008001744                st_usbfs_ep_stall_set
 .text.st_usbfs_ep_nak_set
                0x0000000008001828       0x58 .pioenvs/bluepill_f103c8/libFrameworkLibOpenCM3.a(st_usbfs_core.o)
                0x0000000008001828                st_usbfs_ep_nak_set
 .text.st_usbfs_ep_write_packet
                0x0000000008001880       0x8c .pioenvs/bluepill_f103c8/libFrameworkLibOpenCM3.a(st_usbfs_core.o)
                0x0000000008001880                st_usbfs_ep_write_packet
 .text.st_usbfs_ep_read_packet
                0x000000000800190c       0xb8 .pioenvs/bluepill_f103c8/libFrameworkLibOpenCM3.a(st_usbfs_core.o)
                0x000000000800190c                st_usbfs_ep_read_packet
 .text.st_usbfs_poll
                0x00000000080019c4       0xd0 .pioenvs/bluepill_f103c8/libFrameworkLibOpenCM3.a(st_usbfs_core.o)
                0x00000000080019c4                st_usbfs_poll
 .text.gpio_set_mode
                0x0000000008001a94       0x62 .pioenvs/bluepill_f103c8/libFrameworkLibOpenCM3.a(gpio.o)
                0x0000000008001a94                gpio_set_mode
 .text.gpio_set
                0x0000000008001af6        0x4 .pioenvs/bluepill_f103c8/libFrameworkLibOpenCM3.a(gpio_common_all.o)
                0x0000000008001af6                gpio_set
 .text.gpio_clear
                0x0000000008001afa        0x6 .pioenvs/bluepill_f103c8/libFrameworkLibOpenCM3.a(gpio_common_all.o)
                0x0000000008001afa                gpio_clear
 .text.usart_recv
                0x0000000008001b00        0x8 .pioenvs/bluepill_f103c8/libFrameworkLibOpenCM3.a(usart_common_f124.o)
                0x0000000008001b00                usart_recv
 .text.rcc_periph_clock_enable
                0x0000000008001b08       0x1a .pioenvs/bluepill_f103c8/libFrameworkLibOpenCM3.a(rcc_common_all.o)
                0x0000000008001b08                rcc_periph_clock_enable
 .text.rcc_periph_reset_pulse
                0x0000000008001b22       0x22 .pioenvs/bluepill_f103c8/libFrameworkLibOpenCM3.a(rcc_common_all.o)
                0x0000000008001b22                rcc_periph_reset_pulse
 .text.usbd_register_sof_callback
                0x0000000008001b44        0x4 .pioenvs/bluepill_f103c8/libFrameworkLibOpenCM3.a(usb.o)
                0x0000000008001b44                usbd_register_sof_callback
 .text.usbd_poll
                0x0000000008001b48        0x8 .pioenvs/bluepill_f103c8/libFrameworkLibOpenCM3.a(usb.o)
                0x0000000008001b48                usbd_poll
 .text.usbd_ep_setup
                0x0000000008001b50        0xe .pioenvs/bluepill_f103c8/libFrameworkLibOpenCM3.a(usb.o)
                0x0000000008001b50                usbd_ep_setup
 .text._usbd_reset
                0x0000000008001b5e       0x32 .pioenvs/bluepill_f103c8/libFrameworkLibOpenCM3.a(usb.o)
                0x0000000008001b5e                _usbd_reset
 .text.usbd_ep_write_packet
                0x0000000008001b90        0xe .pioenvs/bluepill_f103c8/libFrameworkLibOpenCM3.a(usb.o)
                0x0000000008001b90                usbd_ep_write_packet
 .text.usbd_ep_read_packet
                0x0000000008001b9e        0xe .pioenvs/bluepill_f103c8/libFrameworkLibOpenCM3.a(usb.o)
                0x0000000008001b9e                usbd_ep_read_packet
 .text.usbd_ep_stall_set
                0x0000000008001bac        0x8 .pioenvs/bluepill_f103c8/libFrameworkLibOpenCM3.a(usb.o)
                0x0000000008001bac                usbd_ep_stall_set
 .text.usbd_ep_stall_get
                0x0000000008001bb4        0x8 .pioenvs/bluepill_f103c8/libFrameworkLibOpenCM3.a(usb.o)
                0x0000000008001bb4                usbd_ep_stall_get
 .text.stall_transaction
                0x0000000008001bbc       0x14 .pioenvs/bluepill_f103c8/libFrameworkLibOpenCM3.a(usb_control.o)
 .text.usb_control_recv_chunk
                0x0000000008001bd0       0x3c .pioenvs/bluepill_f103c8/libFrameworkLibOpenCM3.a(usb_control.o)
 .text.usb_control_send_chunk
                0x0000000008001c0c       0x44 .pioenvs/bluepill_f103c8/libFrameworkLibOpenCM3.a(usb_control.o)
 .text.usb_control_request_dispatch
                0x0000000008001c50       0x62 .pioenvs/bluepill_f103c8/libFrameworkLibOpenCM3.a(usb_control.o)
 .text.usb_control_setup_read
                0x0000000008001cb2       0x42 .pioenvs/bluepill_f103c8/libFrameworkLibOpenCM3.a(usb_control.o)
 .text.usbd_register_control_callback
                0x0000000008001cf4       0x26 .pioenvs/bluepill_f103c8/libFrameworkLibOpenCM3.a(usb_control.o)
                0x0000000008001cf4                usbd_register_control_callback
 .text._usbd_control_setup
                0x0000000008001d1a       0x5a .pioenvs/bluepill_f103c8/libFrameworkLibOpenCM3.a(usb_control.o)
                0x0000000008001d1a                _usbd_control_setup
 .text._usbd_control_out
                0x0000000008001d74       0x82 .pioenvs/bluepill_f103c8/libFrameworkLibOpenCM3.a(usb_control.o)
                0x0000000008001d74                _usbd_control_out
 .text._usbd_control_in
                0x0000000008001df6       0x56 .pioenvs/bluepill_f103c8/libFrameworkLibOpenCM3.a(usb_control.o)
                0x0000000008001df6                _usbd_control_in
 .text.usb_standard_set_configuration
                0x0000000008001e4c       0x92 .pioenvs/bluepill_f103c8/libFrameworkLibOpenCM3.a(usb_standard.o)
 .text.usb_standard_get_configuration
                0x0000000008001ede       0x20 .pioenvs/bluepill_f103c8/libFrameworkLibOpenCM3.a(usb_standard.o)
 .text.usb_standard_get_interface
                0x0000000008001efe       0x34 .pioenvs/bluepill_f103c8/libFrameworkLibOpenCM3.a(usb_standard.o)
 .text.usb_standard_device_get_status
                0x0000000008001f32       0x18 .pioenvs/bluepill_f103c8/libFrameworkLibOpenCM3.a(usb_standard.o)
 .text.usb_standard_endpoint_get_status
                0x0000000008001f4a       0x2a .pioenvs/bluepill_f103c8/libFrameworkLibOpenCM3.a(usb_standard.o)
 .text.usb_standard_endpoint_stall
                0x0000000008001f74       0x10 .pioenvs/bluepill_f103c8/libFrameworkLibOpenCM3.a(usb_standard.o)
 .text.usb_standard_endpoint_unstall
                0x0000000008001f84       0x10 .pioenvs/bluepill_f103c8/libFrameworkLibOpenCM3.a(usb_standard.o)
 .text.usb_standard_set_address
                0x0000000008001f94       0x28 .pioenvs/bluepill_f103c8/libFrameworkLibOpenCM3.a(usb_standard.o)
 .text.usb_standard_set_interface
                0x0000000008001fbc       0x4e .pioenvs/bluepill_f103c8/libFrameworkLibOpenCM3.a(usb_standard.o)
 .text.usb_standard_get_descriptor
                0x000000000800200a      0x256 .pioenvs/bluepill_f103c8/libFrameworkLibOpenCM3.a(usb_standard.o)
 .text.usb_standard_interface_get_status
                0x0000000008002260       0x18 .pioenvs/bluepill_f103c8/libFrameworkLibOpenCM3.a(usb_standard.o)
 .text.usbd_register_set_config_callback
                0x0000000008002278       0x26 .pioenvs/bluepill_f103c8/libFrameworkLibOpenCM3.a(usb_standard.o)
                0x0000000008002278                usbd_register_set_config_callback
 .text._usbd_standard_request
                0x000000000800229e       0x30 .pioenvs/bluepill_f103c8/libFrameworkLibOpenCM3.a(usb_standard.o)
                0x000000000800229e                _usbd_standard_request
 .text.st_usbfs_copy_to_pm
                0x00000000080022ce       0x1c .pioenvs/bluepill_f103c8/libFrameworkLibOpenCM3.a(st_usbfs_v1.o)
                0x00000000080022ce                st_usbfs_copy_to_pm
 .text.st_usbfs_copy_from_pm
                0x00000000080022ea       0x2a .pioenvs/bluepill_f103c8/libFrameworkLibOpenCM3.a(st_usbfs_v1.o)
                0x00000000080022ea                st_usbfs_copy_from_pm
 .text.nvic_enable_irq
                0x0000000008002314       0x1a .pioenvs/bluepill_f103c8/libFrameworkLibOpenCM3.a(nvic.o)
                0x0000000008002314                nvic_enable_irq
 .text.st_usbfs_ep_stall_get
                0x000000000800232e       0x38 .pioenvs/bluepill_f103c8/libFrameworkLibOpenCM3.a(st_usbfs_core.o)
                0x000000000800232e                st_usbfs_ep_stall_get
 *libcocoos.a:(SORT_BY_ALIGNMENT(.text*))
 *libcocoOS_?.?.?.a:(SORT_BY_ALIGNMENT(.text*))
 *fill*         0x0000000008002366        0x2 
 .text.os_event_init
                0x0000000008002368        0xc .pioenvs/bluepill_f103c8/libea7/libcocoOS_5.0.3.a(os_event.o)
                0x0000000008002368                os_event_init
 .text.os_signal_event
                0x0000000008002374        0xc .pioenvs/bluepill_f103c8/libea7/libcocoOS_5.0.3.a(os_event.o)
                0x0000000008002374                os_signal_event
 .text.os_event_set_signaling_tid
                0x0000000008002380       0x10 .pioenvs/bluepill_f103c8/libea7/libcocoOS_5.0.3.a(os_event.o)
                0x0000000008002380                os_event_set_signaling_tid
 .text.os_init  0x0000000008002390       0x34 .pioenvs/bluepill_f103c8/libea7/libcocoOS_5.0.3.a(os_kernel.o)
                0x0000000008002390                os_init
 .text.os_running
                0x00000000080023c4        0xc .pioenvs/bluepill_f103c8/libea7/libcocoOS_5.0.3.a(os_kernel.o)
                0x00000000080023c4                os_running
 .text.os_msgQ_init
                0x00000000080023d0       0x24 .pioenvs/bluepill_f103c8/libea7/libcocoOS_5.0.3.a(os_msgqueue.o)
                0x00000000080023d0                os_msgQ_init
 .text.os_msgQ_tick
                0x00000000080023f4       0x54 .pioenvs/bluepill_f103c8/libea7/libcocoOS_5.0.3.a(os_msgqueue.o)
                0x00000000080023f4                os_msgQ_tick
 .text.os_sem_init
                0x0000000008002448        0xc .pioenvs/bluepill_f103c8/libea7/libcocoOS_5.0.3.a(os_sem.o)
                0x0000000008002448                os_sem_init
 .text.os_task_init
                0x0000000008002454       0x40 .pioenvs/bluepill_f103c8/libea7/libcocoOS_5.0.3.a(os_task.o)
                0x0000000008002454                os_task_init
 .text.os_task_highest_prio_ready_task
                0x0000000008002494       0x34 .pioenvs/bluepill_f103c8/libea7/libcocoOS_5.0.3.a(os_task.o)
                0x0000000008002494                os_task_highest_prio_ready_task
 .text.os_task_tick
                0x00000000080024c8       0x88 .pioenvs/bluepill_f103c8/libea7/libcocoOS_5.0.3.a(os_task.o)
                0x00000000080024c8                os_task_tick
 .text.os_task_signal_event
                0x0000000008002550       0x64 .pioenvs/bluepill_f103c8/libea7/libcocoOS_5.0.3.a(os_task.o)
                0x0000000008002550                os_task_signal_event
 .text.os_task_run
                0x00000000080025b4       0x34 .pioenvs/bluepill_f103c8/libea7/libcocoOS_5.0.3.a(os_task.o)
                0x00000000080025b4                os_task_run
 .text.os_on_assert
                0x00000000080025e8       0x28 .pioenvs/bluepill_f103c8/libea7/libcocoOS_5.0.3.a(os_assert.o)
                0x00000000080025e8                os_on_assert
 .text.os_cbkSleep
                0x0000000008002610        0x2 .pioenvs/bluepill_f103c8/libea7/libcocoOS_5.0.3.a(os_cbk.o)
                0x0000000008002610                os_cbkSleep
 .text.os_tick  0x0000000008002612        0x8 .pioenvs/bluepill_f103c8/libea7/libcocoOS_5.0.3.a(os_kernel.o)
                0x0000000008002612                os_tick
 *libgcc.a:(SORT_BY_ALIGNMENT(.text*))
 *libqfplib.a:(SORT_BY_ALIGNMENT(.text*))
 *libnano-float.a:(SORT_BY_ALIGNMENT(.text*))
 *libnewlib.a:(SORT_BY_ALIGNMENT(.text*))
 .text.memcmp   0x000000000800261a       0x1e .pioenvs/bluepill_f103c8/lib98a/libnewlib.a(memcmp.o)
                0x000000000800261a                memcmp
 .text.memcpy   0x0000000008002638       0x1c .pioenvs/bluepill_f103c8/lib98a/libnewlib.a(memcpy.o)
                0x0000000008002638                memcpy
 .text.memset   0x0000000008002654       0x10 .pioenvs/bluepill_f103c8/lib98a/libnewlib.a(memset.o)
                0x0000000008002654                memset
 .text.strcpy   0x0000000008002664       0x10 .pioenvs/bluepill_f103c8/lib98a/libnewlib.a(strcpy.o)
                0x0000000008002664                strcpy
 .text.strlen   0x0000000008002674       0x10 .pioenvs/bluepill_f103c8/lib98a/libnewlib.a(strlen.o)
                0x0000000008002674                strlen
 .text.strncpy  0x0000000008002684       0x2a .pioenvs/bluepill_f103c8/lib98a/libnewlib.a(strncpy.o)
                0x0000000008002684                strncpy
 *liblogger.a:(SORT_BY_ALIGNMENT(.text*))
 *fill*         0x00000000080026ae        0x2 
 .text._ZL12debug_appendPKcj
                0x00000000080026b0       0x54 .pioenvs/bluepill_f103c8/libd9b/liblogger.a(logger.o)
 .text.enable_log
                0x0000000008002704        0xc .pioenvs/bluepill_f103c8/libd9b/liblogger.a(logger.o)
                0x0000000008002704                enable_log
 .text.logger_add_output
                0x0000000008002710       0x38 .pioenvs/bluepill_f103c8/libd9b/liblogger.a(logger.o)
                0x0000000008002710                logger_add_output
 .text._Z20debug_flush_internalb
                0x0000000008002748       0x90 .pioenvs/bluepill_f103c8/libd9b/liblogger.a(logger.o)
                0x0000000008002748                debug_flush_internal(bool)
 .text.debug_force_flush
                0x00000000080027d8       0x1c .pioenvs/bluepill_f103c8/libd9b/liblogger.a(logger.o)
                0x00000000080027d8                debug_force_flush
 .text._Z11debug_printj
                0x00000000080027f4       0x7c .pioenvs/bluepill_f103c8/libd9b/liblogger.a(logger.o)
                0x00000000080027f4                debug_print(unsigned int)
 .text._Z11debug_printi
                0x0000000008002870       0x30 .pioenvs/bluepill_f103c8/libd9b/liblogger.a(logger.o)
                0x0000000008002870                debug_print(int)
 .text.debug_println
                0x00000000080028a0       0x1c .pioenvs/bluepill_f103c8/libd9b/liblogger.a(logger.o)
                0x00000000080028a0                debug_println
 .text._Z13debug_printlni
                0x00000000080028bc       0x18 .pioenvs/bluepill_f103c8/libd9b/liblogger.a(logger.o)
                0x00000000080028bc                debug_println(int)
 .text.debug_flush
                0x00000000080028d4        0x6 .pioenvs/bluepill_f103c8/libd9b/liblogger.a(logger.o)
                0x00000000080028d4                debug_flush
 .text.debug_print
                0x00000000080028da       0x1a .pioenvs/bluepill_f103c8/libd9b/liblogger.a(logger.o)
                0x00000000080028da                debug_print
 .text.debug_print_int
                0x00000000080028f4        0x4 .pioenvs/bluepill_f103c8/libd9b/liblogger.a(logger.o)
                0x00000000080028f4                debug_print_int
 .text.debug_print_unsigned
                0x00000000080028f8        0x4 .pioenvs/bluepill_f103c8/libd9b/liblogger.a(logger.o)
                0x00000000080028f8                debug_print_unsigned
 .text.debug_printhex
                0x00000000080028fc       0x42 .pioenvs/bluepill_f103c8/libd9b/liblogger.a(logger.o)
                0x00000000080028fc                debug_printhex
 .text.debug_printhex_unsigned
                0x000000000800293e       0x24 .pioenvs/bluepill_f103c8/libd9b/liblogger.a(logger.o)
                0x000000000800293e                debug_printhex_unsigned
 *libbluepill.a:(SORT_BY_ALIGNMENT(.text*))
 *fill*         0x0000000008002962        0x2 
 .text.platform_setup
                0x0000000008002964       0x4c .pioenvs/bluepill_f103c8/lib271/libbluepill.a(bluepill.o)
                0x0000000008002964                platform_setup
 .text.enable_debug
                0x00000000080029b0       0x10 .pioenvs/bluepill_f103c8/lib271/libbluepill.a(bluepill.o)
                0x00000000080029b0                enable_debug
 .text.led_setup
                0x00000000080029c0       0x20 .pioenvs/bluepill_f103c8/lib271/libbluepill.a(led.o)
                0x00000000080029c0                led_setup
 .text.led_on   0x00000000080029e0       0x10 .pioenvs/bluepill_f103c8/lib271/libbluepill.a(led.o)
                0x00000000080029e0                led_on
 .text.led_off  0x00000000080029f0       0x10 .pioenvs/bluepill_f103c8/lib271/libbluepill.a(led.o)
                0x00000000080029f0                led_off
 .text.led_wait
                0x0000000008002a00       0x10 .pioenvs/bluepill_f103c8/lib271/libbluepill.a(led.o)
                0x0000000008002a00                led_wait
 .text.platform_start_timer
                0x0000000008002a10      0x114 .pioenvs/bluepill_f103c8/lib271/libbluepill.a(timer.o)
                0x0000000008002a10                platform_start_timer
 .text.platform_set_alarm
                0x0000000008002b24       0x30 .pioenvs/bluepill_f103c8/lib271/libbluepill.a(timer.o)
                0x0000000008002b24                platform_set_alarm
 .text.platform_alarm_count
                0x0000000008002b54        0xc .pioenvs/bluepill_f103c8/lib271/libbluepill.a(timer.o)
                0x0000000008002b54                platform_alarm_count
 .text.__cxa_pure_virtual
                0x0000000008002b60        0x8 .pioenvs/bluepill_f103c8/lib271/libbluepill.a(bluepill.o)
                0x0000000008002b60                __cxa_pure_virtual
 .text._Znwj    0x0000000008002b68        0x4 .pioenvs/bluepill_f103c8/lib271/libbluepill.a(bluepill.o)
                0x0000000008002b68                operator new(unsigned int)
 .text._ZdlPv   0x0000000008002b6c        0x4 .pioenvs/bluepill_f103c8/lib271/libbluepill.a(bluepill.o)
                0x0000000008002b6c                operator delete(void*)
 .text.millis   0x0000000008002b70        0x4 .pioenvs/bluepill_f103c8/lib271/libbluepill.a(timer.o)
                0x0000000008002b70                millis
 *libbootloader.a:(SORT_BY_ALIGNMENT(.text*))
 .text.poll_restart_callback
                0x0000000008002b74       0x20 .pioenvs/bluepill_f103c8/libb45/libbootloader.a(bootloader.o)
                0x0000000008002b74                poll_restart_callback
 .text.bootloader_poll
                0x0000000008002b94       0x30 .pioenvs/bluepill_f103c8/libb45/libbootloader.a(bootloader.o)
                0x0000000008002b94                bootloader_poll
 .text.prepare_baseloader
                0x0000000008002bc4      0x250 .pioenvs/bluepill_f103c8/libb45/libbootloader.a(bootloader.o)
                0x0000000008002bc4                prepare_baseloader
 .text.bootloader_start
                0x0000000008002e14      0x150 .pioenvs/bluepill_f103c8/libb45/libbootloader.a(bootloader.o)
                0x0000000008002e14                bootloader_start
 .text.base_flash_program_array
                0x0000000008002f64       0x30 .pioenvs/bluepill_f103c8/libb45/libbootloader.a(ghostfat.o)
                0x0000000008002f64                base_flash_program_array
 .text.flash_flush
                0x0000000008002f94       0x90 .pioenvs/bluepill_f103c8/libb45/libbootloader.a(ghostfat.o)
                0x0000000008002f94                flash_flush
 .text.flash_write
                0x0000000008003024       0xe0 .pioenvs/bluepill_f103c8/libb45/libbootloader.a(ghostfat.o)
                0x0000000008003024                flash_write
 .text.boot_target_get_startup_mode
                0x0000000008003104      0x104 .pioenvs/bluepill_f103c8/libb45/libbootloader.a(target_stm32f103.o)
                0x0000000008003104                boot_target_get_startup_mode
 .text.boot_target_set_led
                0x0000000008003208       0x18 .pioenvs/bluepill_f103c8/libb45/libbootloader.a(target_stm32f103.o)
                0x0000000008003208                boot_target_set_led
 .text.boot_target_gpio_setup
                0x0000000008003220       0x70 .pioenvs/bluepill_f103c8/libb45/libbootloader.a(target_stm32f103.o)
                0x0000000008003220                boot_target_gpio_setup
 .text.boot_target_usb_init
                0x0000000008003290       0x2c .pioenvs/bluepill_f103c8/libb45/libbootloader.a(target_stm32f103.o)
                0x0000000008003290                boot_target_usb_init
 .text.boot_target_set_restart_callback
                0x00000000080032bc       0x24 .pioenvs/bluepill_f103c8/libb45/libbootloader.a(target_stm32f103.o)
                0x00000000080032bc                boot_target_set_restart_callback
 .text.boot_target_manifest_app
                0x00000000080032e0       0x20 .pioenvs/bluepill_f103c8/libb45/libbootloader.a(target_stm32f103.o)
                0x00000000080032e0                boot_target_manifest_app
 .text.boot_target_manifest_baseloader
                0x0000000008003300       0x20 .pioenvs/bluepill_f103c8/libb45/libbootloader.a(target_stm32f103.o)
                0x0000000008003300                boot_target_manifest_baseloader
 .text.boot_target_manifest_bootloader
                0x0000000008003320       0x20 .pioenvs/bluepill_f103c8/libb45/libbootloader.a(target_stm32f103.o)
                0x0000000008003320                boot_target_manifest_bootloader
 .text.hf2_connected
                0x0000000008003340       0x10 .pioenvs/bluepill_f103c8/libb45/libbootloader.a(usb_conf.o)
 .text.usb_cdc_transmit
                0x0000000008003350       0x24 .pioenvs/bluepill_f103c8/libb45/libbootloader.a(usb_conf.o)
 .text.sof_callback
                0x0000000008003374       0x10 .pioenvs/bluepill_f103c8/libb45/libbootloader.a(usb_conf.o)
 .text.cdc_connected
                0x0000000008003384       0x1c .pioenvs/bluepill_f103c8/libb45/libbootloader.a(usb_conf.o)
 .text.set_aggregate_callback
                0x00000000080033a0       0x50 .pioenvs/bluepill_f103c8/libb45/libbootloader.a(usb_conf.o)
 .text.usb_setup
                0x00000000080033f0       0xa8 .pioenvs/bluepill_f103c8/libb45/libbootloader.a(usb_conf.o)
                0x00000000080033f0                usb_setup
 .text.set_usb_busy
                0x0000000008003498       0x1c .pioenvs/bluepill_f103c8/libb45/libbootloader.a(usb_conf.o)
                0x0000000008003498                set_usb_busy
 .text.get_usb_status
                0x00000000080034b4       0x2c .pioenvs/bluepill_f103c8/libb45/libbootloader.a(usb_conf.o)
                0x00000000080034b4                get_usb_status
 .text.aggregate_register_config_callback
                0x00000000080034e0       0x38 .pioenvs/bluepill_f103c8/libb45/libbootloader.a(usb_conf.o)
                0x00000000080034e0                aggregate_register_config_callback
 .text.aggregate_register_callback
                0x0000000008003518       0x4c .pioenvs/bluepill_f103c8/libb45/libbootloader.a(usb_conf.o)
                0x0000000008003518                aggregate_register_callback
 .text.usb_set_serial_number
                0x0000000008003564       0x1c .pioenvs/bluepill_f103c8/libb45/libbootloader.a(usb_conf.o)
                0x0000000008003564                usb_set_serial_number
 .text.dump_buffer
                0x0000000008003580       0x4c .pioenvs/bluepill_f103c8/libb45/libbootloader.a(usb_conf.o)
                0x0000000008003580                dump_buffer
 .text.dump_usb_request
                0x00000000080035cc      0x130 .pioenvs/bluepill_f103c8/libb45/libbootloader.a(usb_conf.o)
                0x00000000080035cc                dump_usb_request
 .text.aggregate_callback
                0x00000000080036fc       0x9c .pioenvs/bluepill_f103c8/libb45/libbootloader.a(usb_conf.o)
 .text.webusb_set_config
                0x0000000008003798       0x28 .pioenvs/bluepill_f103c8/libb45/libbootloader.a(webusb.o)
 .text.webusb_control_vendor_request
                0x00000000080037c0       0x9c .pioenvs/bluepill_f103c8/libb45/libbootloader.a(webusb.o)
 .text.webusb_setup
                0x000000000800385c       0x4c .pioenvs/bluepill_f103c8/libb45/libbootloader.a(webusb.o)
                0x000000000800385c                webusb_setup
 .text.winusb_control_vendor_request
                0x00000000080038a8       0x94 .pioenvs/bluepill_f103c8/libb45/libbootloader.a(winusb.o)
 .text.winusb_set_config
                0x000000000800393c       0x28 .pioenvs/bluepill_f103c8/libb45/libbootloader.a(winusb.o)
 .text.winusb_descriptor_request
                0x0000000008003964       0x48 .pioenvs/bluepill_f103c8/libb45/libbootloader.a(winusb.o)
 .text.winusb_setup
                0x00000000080039ac       0x5c .pioenvs/bluepill_f103c8/libb45/libbootloader.a(winusb.o)
                0x00000000080039ac                winusb_setup
 .text.cdcacm_comm_cb
                0x0000000008003a08        0xc .pioenvs/bluepill_f103c8/libb45/libbootloader.a(cdc.o)
 .text.cdcacm_set_config
                0x0000000008003a14       0x68 .pioenvs/bluepill_f103c8/libb45/libbootloader.a(cdc.o)
 .text.cdcacm_control_request
                0x0000000008003a7c       0x64 .pioenvs/bluepill_f103c8/libb45/libbootloader.a(cdc.o)
 .text.cdcadm_transmit
                0x0000000008003ae0       0x58 .pioenvs/bluepill_f103c8/libb45/libbootloader.a(cdc.o)
                0x0000000008003ae0                cdcadm_transmit
 .text.cdcacm_data_rx_cb
                0x0000000008003b38       0x4c .pioenvs/bluepill_f103c8/libb45/libbootloader.a(cdc.o)
 .text.cdc_setup
                0x0000000008003b84       0x2c .pioenvs/bluepill_f103c8/libb45/libbootloader.a(cdc.o)
                0x0000000008003b84                cdc_setup
 .text.hf2_set_config
                0x0000000008003bb0       0x40 .pioenvs/bluepill_f103c8/libb45/libbootloader.a(hf2.o)
 .text.assert.part.0
                0x0000000008003bf0       0x1c .pioenvs/bluepill_f103c8/libb45/libbootloader.a(hf2.o)
 .text.pokeSend
                0x0000000008003c0c       0xcc .pioenvs/bluepill_f103c8/libb45/libbootloader.a(hf2.o)
 .text.hf2_data_tx_cb
                0x0000000008003cd8       0x58 .pioenvs/bluepill_f103c8/libb45/libbootloader.a(hf2.o)
 .text.hf2_data_rx_cb
                0x0000000008003d30      0x5a4 .pioenvs/bluepill_f103c8/libb45/libbootloader.a(hf2.o)
 .text.hf2_setup
                0x00000000080042d4       0x80 .pioenvs/bluepill_f103c8/libb45/libbootloader.a(hf2.o)
                0x00000000080042d4                hf2_setup
 .text.backup_write
                0x0000000008004354       0x38 .pioenvs/bluepill_f103c8/libb45/libbootloader.a(backup.o)
                0x0000000008004354                backup_write
 .text.backup_read
                0x000000000800438c       0x18 .pioenvs/bluepill_f103c8/libb45/libbootloader.a(backup.o)
                0x000000000800438c                backup_read
 .text.usb21_set_config
                0x00000000080043a4       0x28 .pioenvs/bluepill_f103c8/libb45/libbootloader.a(usb21_standard.o)
 .text.usb21_standard_get_descriptor
                0x00000000080043cc       0xcc .pioenvs/bluepill_f103c8/libb45/libbootloader.a(usb21_standard.o)
 .text.usb21_setup
                0x0000000008004498       0x38 .pioenvs/bluepill_f103c8/libb45/libbootloader.a(usb21_standard.o)
                0x0000000008004498                usb21_setup
 .text.bootloader_set_restart_callback
                0x00000000080044d0        0xa .pioenvs/bluepill_f103c8/libb45/libbootloader.a(bootloader.o)
                0x00000000080044d0                bootloader_set_restart_callback
 .text.boot_target_get_serial_number
                0x00000000080044da        0x6 .pioenvs/bluepill_f103c8/libb45/libbootloader.a(target_stm32f103.o)
                0x00000000080044da                boot_target_get_serial_number
 .text.send_hf2_response
                0x00000000080044e0       0x12 .pioenvs/bluepill_f103c8/libb45/libbootloader.a(hf2.o)
                0x00000000080044f4                . = ALIGN (0x4)
 *fill*         0x00000000080044f2        0x2 
 *(SORT_BY_ALIGNMENT(.rodata.blocking_handler*))
 *(SORT_BY_ALIGNMENT(.rodata.null_handler*))
 *(SORT_BY_ALIGNMENT(.rodata.*_isr))
 :*reset_handler*(SORT_BY_ALIGNMENT(.rodata*))
 .rodata.reset_handler.str1.1
                0x00000000080044f4       0x34 .pioenvs/bluepill_f103c8/libccd/hal/reset_handler.o
 :*codal_target_hal*(SORT_BY_ALIGNMENT(.rodata*))
 .rodata._ZL10timer_tickv.str1.1
                0x0000000008004528        0x7 .pioenvs/bluepill_f103c8/libccd/hal/codal_target_hal.o
 .rodata._ZL11timer_alarmv.str1.1
                0x000000000800452f        0x4 .pioenvs/bluepill_f103c8/libccd/hal/codal_target_hal.o
 .rodata.target_panic.str1.1
                0x0000000008004533       0x13 .pioenvs/bluepill_f103c8/libccd/hal/codal_target_hal.o
 .rodata.target_wait.str1.1
                0x0000000008004546        0x5 .pioenvs/bluepill_f103c8/libccd/hal/codal_target_hal.o
                                          0x8 (size before relaxing)
 .rodata.test_codal.str1.1
                0x000000000800454b       0x34 .pioenvs/bluepill_f103c8/libccd/hal/codal_target_hal.o
 *libhal.a:*codal_target_hal*(SORT_BY_ALIGNMENT(.rodata*))
 :*CortexContextSwitch*(SORT_BY_ALIGNMENT(.rodata*))
 *libhal.a:(SORT_BY_ALIGNMENT(.rodata*))
 *liblibopencm3.a:(SORT_BY_ALIGNMENT(.rodata*))
 *libFrameworkLibOpenCM3.a:(SORT_BY_ALIGNMENT(.rodata*))
 *fill*         0x000000000800457f        0x1 
 .rodata.st_usbfs_v1_usb_driver
                0x0000000008004580       0x34 .pioenvs/bluepill_f103c8/libFrameworkLibOpenCM3.a(st_usbfs_v1.o)
                0x0000000008004580                st_usbfs_v1_usb_driver
 .rodata.chars.4166
                0x00000000080045b4       0x11 .pioenvs/bluepill_f103c8/libFrameworkLibOpenCM3.a(desig.o)
 *libcocoos.a:(SORT_BY_ALIGNMENT(.rodata*))
 *libcocoOS_?.?.?.a:(SORT_BY_ALIGNMENT(.rodata*))
 .rodata.os_on_assert.str1.1
                0x00000000080045c5       0x1a .pioenvs/bluepill_f103c8/libea7/libcocoOS_5.0.3.a(os_assert.o)
 *libgcc.a:(SORT_BY_ALIGNMENT(.rodata*))
 *libqfplib.a:(SORT_BY_ALIGNMENT(.rodata*))
 *libnano-float.a:(SORT_BY_ALIGNMENT(.rodata*))
 *libnewlib.a:(SORT_BY_ALIGNMENT(.rodata*))
 *liblogger.a:(SORT_BY_ALIGNMENT(.rodata*))
 .rodata._Z11debug_printi.str1.1
                0x00000000080045df        0x4 .pioenvs/bluepill_f103c8/libd9b/liblogger.a(logger.o)
 .rodata._Z11debug_printj.str1.1
                0x00000000080045e3        0xb .pioenvs/bluepill_f103c8/libd9b/liblogger.a(logger.o)
 .rodata._ZL12debug_appendPKcj.str1.1
                0x00000000080045ee        0xa .pioenvs/bluepill_f103c8/libd9b/liblogger.a(logger.o)
 .rodata.debug_println.str1.1
                0x00000000080045f8        0x3 .pioenvs/bluepill_f103c8/libd9b/liblogger.a(logger.o)
 *libbluepill.a:(SORT_BY_ALIGNMENT(.rodata*))
 .rodata.platform_setup.str1.1
                0x00000000080045fb       0x13 .pioenvs/bluepill_f103c8/lib271/libbluepill.a(bluepill.o)
 .rodata.platform_set_alarm.str1.1
                0x000000000800460e        0x6 .pioenvs/bluepill_f103c8/lib271/libbluepill.a(timer.o)
 .rodata.platform_start_timer.str1.1
                0x0000000008004614       0x2f .pioenvs/bluepill_f103c8/lib271/libbluepill.a(timer.o)
 *libbootloader.a:(SORT_BY_ALIGNMENT(.rodata*))
 *fill*         0x0000000008004643        0x1 
 .rodata.interfaces
                0x0000000008004644       0x30 .pioenvs/bluepill_f103c8/libb45/libbootloader.a(usb_conf.o)
 .rodata.bootloader_start.str1.1
                0x0000000008004674       0x70 .pioenvs/bluepill_f103c8/libb45/libbootloader.a(bootloader.o)
 .rodata.poll_restart_callback.str1.1
                0x00000000080046e4       0x11 .pioenvs/bluepill_f103c8/libb45/libbootloader.a(bootloader.o)
 .rodata.prepare_baseloader.str1.1
                0x00000000080046f5       0xe1 .pioenvs/bluepill_f103c8/libb45/libbootloader.a(bootloader.o)
                                         0xeb (size before relaxing)
 .rodata.flash_flush.str1.1
                0x00000000080047d6       0x1d .pioenvs/bluepill_f103c8/libb45/libbootloader.a(ghostfat.o)
                                         0x20 (size before relaxing)
 .rodata.flash_write.str1.1
                0x00000000080047f3       0x26 .pioenvs/bluepill_f103c8/libb45/libbootloader.a(ghostfat.o)
                                         0x34 (size before relaxing)
 .rodata.infoUf2File
                0x0000000008004819       0x55 .pioenvs/bluepill_f103c8/libb45/libbootloader.a(ghostfat.o)
                0x0000000008004819                infoUf2File
 .rodata.boot_target_get_startup_mode.str1.1
                0x000000000800486e       0x84 .pioenvs/bluepill_f103c8/libb45/libbootloader.a(target_stm32f103.o)
                                         0x93 (size before relaxing)
 .rodata.boot_target_manifest_app.str1.1
                0x00000000080048f2        0x9 .pioenvs/bluepill_f103c8/libb45/libbootloader.a(target_stm32f103.o)
 .rodata.boot_target_manifest_baseloader.str1.1
                0x00000000080048fb       0x10 .pioenvs/bluepill_f103c8/libb45/libbootloader.a(target_stm32f103.o)
 .rodata.boot_target_manifest_bootloader.str1.1
                0x000000000800490b       0x10 .pioenvs/bluepill_f103c8/libb45/libbootloader.a(target_stm32f103.o)
 .rodata.boot_target_set_restart_callback.str1.1
                0x000000000800491b       0x16 .pioenvs/bluepill_f103c8/libb45/libbootloader.a(target_stm32f103.o)
 .rodata.aggregate_callback.str1.1
                0x0000000008004931        0xc .pioenvs/bluepill_f103c8/libb45/libbootloader.a(usb_conf.o)
 .rodata.aggregate_register_callback.str1.1
                0x000000000800493d       0x26 .pioenvs/bluepill_f103c8/libb45/libbootloader.a(usb_conf.o)
 .rodata.aggregate_register_config_callback.str1.1
                0x0000000008004963       0x25 .pioenvs/bluepill_f103c8/libb45/libbootloader.a(usb_conf.o)
 .rodata.bos_descriptor
                0x0000000008004988        0x9 .pioenvs/bluepill_f103c8/libb45/libbootloader.a(usb_conf.o)
 .rodata.cdc_iface_assoc
                0x0000000008004991        0x8 .pioenvs/bluepill_f103c8/libb45/libbootloader.a(usb_conf.o)
 .rodata.cdcacm_functional_descriptors
                0x0000000008004999       0x13 .pioenvs/bluepill_f103c8/libb45/libbootloader.a(usb_conf.o)
 .rodata.comm_endp
                0x00000000080049ac        0xf .pioenvs/bluepill_f103c8/libb45/libbootloader.a(usb_conf.o)
 .rodata.comm_iface
                0x00000000080049bb       0x15 .pioenvs/bluepill_f103c8/libb45/libbootloader.a(usb_conf.o)
 .rodata.config
                0x00000000080049d0        0xd .pioenvs/bluepill_f103c8/libb45/libbootloader.a(usb_conf.o)
 .rodata.data_endp
                0x00000000080049dd       0x1e .pioenvs/bluepill_f103c8/libb45/libbootloader.a(usb_conf.o)
 .rodata.data_iface
                0x00000000080049fb       0x15 .pioenvs/bluepill_f103c8/libb45/libbootloader.a(usb_conf.o)
 .rodata.dev    0x0000000008004a10       0x12 .pioenvs/bluepill_f103c8/libb45/libbootloader.a(usb_conf.o)
 .rodata.dump_buffer.str1.1
                0x0000000008004a22        0x4 .pioenvs/bluepill_f103c8/libb45/libbootloader.a(usb_conf.o)
                                          0x7 (size before relaxing)
 .rodata.dump_usb_request.str1.1
                0x0000000008004a26       0x69 .pioenvs/bluepill_f103c8/libb45/libbootloader.a(usb_conf.o)
                                         0x70 (size before relaxing)
 .rodata.hf2_endp
                0x0000000008004a8f       0x1e .pioenvs/bluepill_f103c8/libb45/libbootloader.a(usb_conf.o)
 .rodata.hf2_iface
                0x0000000008004aad       0x15 .pioenvs/bluepill_f103c8/libb45/libbootloader.a(usb_conf.o)
 .rodata.set_aggregate_callback.str1.1
                0x0000000008004ac2       0x29 .pioenvs/bluepill_f103c8/libb45/libbootloader.a(usb_conf.o)
 .rodata.set_usb_busy.str1.1
                0x0000000008004aeb       0x29 .pioenvs/bluepill_f103c8/libb45/libbootloader.a(usb_conf.o)
                                          0x2 (size before relaxing)
 .rodata.str1.1
                0x0000000008004aeb       0x7e .pioenvs/bluepill_f103c8/libb45/libbootloader.a(usb_conf.o)
 .rodata.usb_setup.str1.1
                0x0000000008004b69       0x2e .pioenvs/bluepill_f103c8/libb45/libbootloader.a(usb_conf.o)
 .rodata.webusb_control_vendor_request.str1.1
                0x0000000008004b97       0x3c .pioenvs/bluepill_f103c8/libb45/libbootloader.a(webusb.o)
                                         0x3d (size before relaxing)
 .rodata.webusb_platform_capability_descriptor
                0x0000000008004bd3       0x18 .pioenvs/bluepill_f103c8/libb45/libbootloader.a(webusb.o)
                0x0000000008004bd3                webusb_platform_capability_descriptor
 .rodata.webusb_set_config.str1.1
                0x0000000008004beb       0x1d .pioenvs/bluepill_f103c8/libb45/libbootloader.a(webusb.o)
 .rodata.webusb_setup.str1.1
                0x0000000008004c08       0x18 .pioenvs/bluepill_f103c8/libb45/libbootloader.a(webusb.o)
 .rodata.guid   0x0000000008004c20       0x92 .pioenvs/bluepill_f103c8/libb45/libbootloader.a(winusb.o)
 .rodata.microsoft_platform_capability_descriptor
                0x0000000008004cb2       0x1c .pioenvs/bluepill_f103c8/libb45/libbootloader.a(winusb.o)
                0x0000000008004cb2                microsoft_platform_capability_descriptor
 .rodata.winusb_control_vendor_request.str1.1
                0x0000000008004cce       0x14 .pioenvs/bluepill_f103c8/libb45/libbootloader.a(winusb.o)
 .rodata.winusb_descriptor_request.str1.1
                0x0000000008004ce2        0x6 .pioenvs/bluepill_f103c8/libb45/libbootloader.a(winusb.o)
 .rodata.winusb_set_config.str1.1
                0x0000000008004ce8       0x1d .pioenvs/bluepill_f103c8/libb45/libbootloader.a(winusb.o)
 .rodata.winusb_setup.str1.1
                0x0000000008004d05       0x18 .pioenvs/bluepill_f103c8/libb45/libbootloader.a(winusb.o)
 .rodata.winusb_string_descriptor
                0x0000000008004d1d       0x12 .pioenvs/bluepill_f103c8/libb45/libbootloader.a(winusb.o)
 .rodata.cdc_setup.str1.1
                0x0000000008004d2f       0x15 .pioenvs/bluepill_f103c8/libb45/libbootloader.a(cdc.o)
 .rodata.cdcacm_comm_cb.str1.1
                0x0000000008004d44        0x5 .pioenvs/bluepill_f103c8/libb45/libbootloader.a(cdc.o)
 .rodata.cdcacm_control_request.str1.1
                0x0000000008004d49       0x28 .pioenvs/bluepill_f103c8/libb45/libbootloader.a(cdc.o)
                                         0x30 (size before relaxing)
 .rodata.cdcacm_set_config.str1.1
                0x0000000008004d71       0x1d .pioenvs/bluepill_f103c8/libb45/libbootloader.a(cdc.o)
 .rodata.line_coding
                0x0000000008004d8e        0x7 .pioenvs/bluepill_f103c8/libb45/libbootloader.a(cdc.o)
 .rodata.assert.part.0.str1.1
                0x0000000008004d95        0xc .pioenvs/bluepill_f103c8/libb45/libbootloader.a(hf2.o)
 .rodata.bad_packet_message
                0x0000000008004da1        0xb .pioenvs/bluepill_f103c8/libb45/libbootloader.a(hf2.o)
 .rodata.hf2_data_rx_cb.str1.1
                0x0000000008004dac      0x1a0 .pioenvs/bluepill_f103c8/libb45/libbootloader.a(hf2.o)
                                        0x1bb (size before relaxing)
 .rodata.hf2_set_config.str1.1
                0x0000000008004f4c        0xf .pioenvs/bluepill_f103c8/libb45/libbootloader.a(hf2.o)
 .rodata.hf2_setup.str1.1
                0x0000000008004f5b       0x22 .pioenvs/bluepill_f103c8/libb45/libbootloader.a(hf2.o)
                                         0x27 (size before relaxing)
 .rodata.pokeSend.str1.1
                0x0000000008004f7d        0xf .pioenvs/bluepill_f103c8/libb45/libbootloader.a(hf2.o)
                                         0x10 (size before relaxing)
 .rodata.usb21_set_config.str1.1
                0x0000000008004f8c       0x1c .pioenvs/bluepill_f103c8/libb45/libbootloader.a(usb21_standard.o)
 .rodata.usb21_setup.str1.1
                0x0000000008004fa8       0x17 .pioenvs/bluepill_f103c8/libb45/libbootloader.a(usb21_standard.o)
 .rodata.usb21_standard_get_descriptor.str1.1
                0x0000000008004fbf       0x21 .pioenvs/bluepill_f103c8/libb45/libbootloader.a(usb21_standard.o)
                0x0000000008004fe0                . = ALIGN (0x4)
                0x0000000008004fe0                _boot_etext = .

.text           0x0000000008007400     0x3500
                0x0000000008007400                . = ALIGN (0x4)
                0x0000000008007400                _text = .
 *(SORT_BY_ALIGNMENT(.text.application_start))
 .text.application_start
                0x0000000008007400       0xc4 .pioenvs/bluepill_f103c8/lib739/libcm.a(application.o)
                0x0000000008007400                application_start
 *(SORT_BY_ALIGNMENT(.text.main))
 *(SORT_BY_ALIGNMENT(.text.startup.main))
 .text.startup.main
                0x00000000080074c4       0x14 .pioenvs/bluepill_f103c8/src/main.o
                0x00000000080074c4                main
 *(SORT_BY_ALIGNMENT(.text*))
 .text._ZN5codal14CodalComponent4initEv
                0x00000000080074d8        0x8 .pioenvs/bluepill_f103c8/src/main.o
                0x00000000080074d8                codal::CodalComponent::init()
 .text._ZN5codal14CodalComponentD2Ev
                0x00000000080074e0       0x18 .pioenvs/bluepill_f103c8/src/main.o
                0x00000000080074e0                codal::CodalComponent::~CodalComponent()
                0x00000000080074e0                codal::CodalComponent::~CodalComponent()
 .text._ZL10debug_dumpRN5codal13STM32BluePillEPKc.isra.0
                0x00000000080074f8       0x40 .pioenvs/bluepill_f103c8/src/main.o
 .text.startup._GLOBAL__sub_I_bluepill
                0x0000000008007538       0x24 .pioenvs/bluepill_f103c8/src/main.o
 .text._Z10Blink_mainRN5codal13STM32BluePillE
                0x000000000800755c       0x70 .pioenvs/bluepill_f103c8/src/main.o
                0x000000000800755c                Blink_main(codal::STM32BluePill&)
 .text._ZN5codal13STM32BluePillD2Ev
                0x00000000080075cc       0x40 .pioenvs/bluepill_f103c8/src/main.o
                0x00000000080075cc                codal::STM32BluePill::~STM32BluePill()
                0x00000000080075cc                codal::STM32BluePill::~STM32BluePill()
 .text.startup._GLOBAL__sub_I_serialPort
                0x000000000800760c       0x10 .pioenvs/bluepill_f103c8/src/uart.o
 .text._Z18component_callbackN5codal5EventE
                0x000000000800761c       0x58 .pioenvs/bluepill_f103c8/lib3e7/libcodal-core.a(CodalComponent.o)
                0x000000000800761c                component_callback(codal::Event)
 .text._ZN5codal10EventModel6listenEiiPFvNS_5EventEEt
                0x0000000008007674       0x60 .pioenvs/bluepill_f103c8/lib3e7/libcodal-core.a(CodalComponent.o)
                0x0000000008007674                codal::EventModel::listen(int, int, void (*)(codal::Event), unsigned short)
 .text._ZN5codal14CodalComponent12addComponentEv
                0x00000000080076d4       0x70 .pioenvs/bluepill_f103c8/lib3e7/libcodal-core.a(CodalComponent.o)
                0x00000000080076d4                codal::CodalComponent::addComponent()
 .text._ZN5codal14CodalComponent15removeComponentEv
                0x0000000008007744       0x20 .pioenvs/bluepill_f103c8/lib3e7/libcodal-core.a(CodalComponent.o)
                0x0000000008007744                codal::CodalComponent::removeComponent()
 .text.codal_dmesg_flush
                0x0000000008007764       0x10 .pioenvs/bluepill_f103c8/lib3e7/libcodal-core.a(CodalDmesg.o)
                0x0000000008007764                codal_dmesg_flush
 .text._ZN5codal14scheduler_tickENS_5EventE
                0x0000000008007774       0x38 .pioenvs/bluepill_f103c8/lib3e7/libcodal-core.a(CodalFiber.o)
                0x0000000008007774                codal::scheduler_tick(codal::Event)
 .text._ZN5codal15scheduler_eventENS_5EventE
                0x00000000080077ac       0xc0 .pioenvs/bluepill_f103c8/lib3e7/libcodal-core.a(CodalFiber.o)
                0x00000000080077ac                codal::scheduler_event(codal::Event)
 .text._Z15getFiberContextv
                0x000000000800786c       0x50 .pioenvs/bluepill_f103c8/lib3e7/libcodal-core.a(CodalFiber.o)
                0x000000000800786c                getFiberContext()
 .text._ZL10handle_fobv
                0x00000000080078bc       0x2c .pioenvs/bluepill_f103c8/lib3e7/libcodal-core.a(CodalFiber.o)
 .text._ZN5codal23fiber_scheduler_runningEv
                0x00000000080078e8       0x10 .pioenvs/bluepill_f103c8/lib3e7/libcodal-core.a(CodalFiber.o)
                0x00000000080078e8                codal::fiber_scheduler_running()
 .text._ZN5codal14scheduler_initERNS_10EventModelE
                0x00000000080078f8       0xac .pioenvs/bluepill_f103c8/lib3e7/libcodal-core.a(CodalFiber.o)
                0x00000000080078f8                codal::scheduler_init(codal::EventModel&)
 .text._ZN5codal19fiber_wake_on_eventEtt
                0x00000000080079a4       0x5c .pioenvs/bluepill_f103c8/lib3e7/libcodal-core.a(CodalFiber.o)
                0x00000000080079a4                codal::fiber_wake_on_event(unsigned short, unsigned short)
 .text._Z14__create_fibermmmi
                0x0000000008007a00       0x64 .pioenvs/bluepill_f103c8/lib3e7/libcodal-core.a(CodalFiber.o)
                0x0000000008007a00                __create_fiber(unsigned long, unsigned long, unsigned long, int)
 .text._ZN5codal17verify_stack_sizeEPNS_5FiberE
                0x0000000008007a64       0x44 .pioenvs/bluepill_f103c8/lib3e7/libcodal-core.a(CodalFiber.o)
                0x0000000008007a64                codal::verify_stack_size(codal::Fiber*)
 .text._ZN5codal24scheduler_runqueue_emptyEv
                0x0000000008007aa8       0x10 .pioenvs/bluepill_f103c8/lib3e7/libcodal-core.a(CodalFiber.o)
                0x0000000008007aa8                codal::scheduler_runqueue_empty()
 .text._ZN5codal4idleEv
                0x0000000008007ab8       0x3c .pioenvs/bluepill_f103c8/lib3e7/libcodal-core.a(CodalFiber.o)
                0x0000000008007ab8                codal::idle()
 .text._ZN5codal8scheduleEv
                0x0000000008007af4      0x108 .pioenvs/bluepill_f103c8/lib3e7/libcodal-core.a(CodalFiber.o)
                0x0000000008007af4                codal::schedule()
 .text._ZN5codal11fiber_sleepEm
                0x0000000008007bfc       0x3c .pioenvs/bluepill_f103c8/lib3e7/libcodal-core.a(CodalFiber.o)
                0x0000000008007bfc                codal::fiber_sleep(unsigned long)
 .text._ZN5codal13release_fiberEv
                0x0000000008007c38       0x6c .pioenvs/bluepill_f103c8/lib3e7/libcodal-core.a(CodalFiber.o)
                0x0000000008007c38                codal::release_fiber()
 .text._ZN5codal6invokeEPFvPvES0_
                0x0000000008007ca4       0x80 .pioenvs/bluepill_f103c8/lib3e7/libcodal-core.a(CodalFiber.o)
                0x0000000008007ca4                codal::invoke(void (*)(void*), void*)
 .text._Z18device_create_heapmm
                0x0000000008007d24       0x3c .pioenvs/bluepill_f103c8/lib3e7/libcodal-core.a(CodalHeapAllocator.o)
                0x0000000008007d24                device_create_heap(unsigned long, unsigned long)
 .text.device_malloc
                0x0000000008007d60       0x48 .pioenvs/bluepill_f103c8/lib3e7/libcodal-core.a(CodalHeapAllocator.o)
                0x0000000008007d60                malloc
                0x0000000008007d60                device_malloc
 .text.device_free
                0x0000000008007da8       0x40 .pioenvs/bluepill_f103c8/lib3e7/libcodal-core.a(CodalHeapAllocator.o)
                0x0000000008007da8                device_free
                0x0000000008007da8                free
 .text._ZN5codal6SerialC2ERNS_3PinES2_hht
                0x0000000008007de8       0x5c .pioenvs/bluepill_f103c8/lib3e7/libcodal-core.a(Serial.o)
                0x0000000008007de8                codal::Serial::Serial(codal::Pin&, codal::Pin&, unsigned char, unsigned char, unsigned short)
                0x0000000008007de8                codal::Serial::Serial(codal::Pin&, codal::Pin&, unsigned char, unsigned char, unsigned short)
 .text._ZN5codal6SerialD2Ev
                0x0000000008007e44       0x1c .pioenvs/bluepill_f103c8/lib3e7/libcodal-core.a(Serial.o)
                0x0000000008007e44                codal::Serial::~Serial()
                0x0000000008007e44                codal::Serial::~Serial()
 .text._ZN5codal5TimerC2Ev
                0x0000000008007e60       0x34 .pioenvs/bluepill_f103c8/lib3e7/libcodal-core.a(Timer.o)
                0x0000000008007e60                codal::Timer::Timer()
                0x0000000008007e60                codal::Timer::Timer()
 .text._ZN5codal25system_timer_current_timeEv
                0x0000000008007e94       0x10 .pioenvs/bluepill_f103c8/lib3e7/libcodal-core.a(Timer.o)
                0x0000000008007e94                codal::system_timer_current_time()
 .text._ZN5codal27system_timer_event_every_usEmtt
                0x0000000008007ea4       0x24 .pioenvs/bluepill_f103c8/lib3e7/libcodal-core.a(Timer.o)
                0x0000000008007ea4                codal::system_timer_event_every_us(unsigned long, unsigned short, unsigned short)
 .text._ZN5codal10EventModel4sendENS_5EventE
                0x0000000008007ec8       0x14 .pioenvs/bluepill_f103c8/lib3e7/libcodal-core.a(MessageBus.o)
                0x0000000008007ec8                codal::EventModel::send(codal::Event)
 .text._ZN5codal10EventModel3addEPNS_8ListenerE
                0x0000000008007edc        0x8 .pioenvs/bluepill_f103c8/lib3e7/libcodal-core.a(MessageBus.o)
                0x0000000008007edc                codal::EventModel::add(codal::Listener*)
 .text._ZN5codal10EventModel6removeEPNS_8ListenerE
                0x0000000008007ee4        0x8 .pioenvs/bluepill_f103c8/lib3e7/libcodal-core.a(MessageBus.o)
                0x0000000008007ee4                codal::EventModel::remove(codal::Listener*)
 .text._ZN5codal10MessageBus6removeEPNS_8ListenerE
                0x0000000008007eec       0x70 .pioenvs/bluepill_f103c8/lib3e7/libcodal-core.a(MessageBus.o)
                0x0000000008007eec                codal::MessageBus::remove(codal::Listener*)
 .text._ZN5codal10MessageBus3addEPNS_8ListenerE
                0x0000000008007f5c       0xbc .pioenvs/bluepill_f103c8/lib3e7/libcodal-core.a(MessageBus.o)
                0x0000000008007f5c                codal::MessageBus::add(codal::Listener*)
 .text._ZN5codal10MessageBusD2Ev
                0x0000000008008018       0x78 .pioenvs/bluepill_f103c8/lib3e7/libcodal-core.a(MessageBus.o)
                0x0000000008008018                codal::MessageBus::~MessageBus()
                0x0000000008008018                codal::MessageBus::~MessageBus()
 .text._ZN5codal10MessageBusC2Ev
                0x0000000008008090       0xa8 .pioenvs/bluepill_f103c8/lib3e7/libcodal-core.a(MessageBus.o)
                0x0000000008008090                codal::MessageBus::MessageBus()
                0x0000000008008090                codal::MessageBus::MessageBus()
 .text._ZN5codal10MessageBus7processERNS_5EventEb
                0x0000000008008138       0x84 .pioenvs/bluepill_f103c8/lib3e7/libcodal-core.a(MessageBus.o)
                0x0000000008008138                codal::MessageBus::process(codal::Event&, bool)
 .text._ZN5codal19allocateNotifyEventEv
                0x00000000080081bc       0x10 .pioenvs/bluepill_f103c8/lib3e7/libcodal-core.a(MessageBus.o)
                0x00000000080081bc                codal::allocateNotifyEvent()
 .text._ZN5codal5Event4fireEv
                0x00000000080081cc       0x20 .pioenvs/bluepill_f103c8/lib3e7/libcodal-core.a(Event.o)
                0x00000000080081cc                codal::Event::fire()
 .text._ZN5codal13ManagedStringC2EPKcs
                0x00000000080081ec       0x34 .pioenvs/bluepill_f103c8/lib3e7/libcodal-core.a(ManagedString.o)
                0x00000000080081ec                codal::ManagedString::ManagedString(char const*, short)
                0x00000000080081ec                codal::ManagedString::ManagedString(char const*, short)
 .text._ZN5codal13ManagedStringC2Ev
                0x0000000008008220        0xc .pioenvs/bluepill_f103c8/lib3e7/libcodal-core.a(ManagedString.o)
                0x0000000008008220                codal::ManagedString::ManagedString()
                0x0000000008008220                codal::ManagedString::ManagedString()
 .text.startup._GLOBAL__sub_I__ZN5codal13ManagedString9initEmptyEv
                0x000000000800822c       0x2c .pioenvs/bluepill_f103c8/lib3e7/libcodal-core.a(ManagedString.o)
 .text._ZN5codal3_cm3Pin14setAnalogValueEi
                0x0000000008008258       0x1c .pioenvs/bluepill_f103c8/lib739/libcm.a(CmPin.o)
                0x0000000008008258                codal::_cm::Pin::setAnalogValue(int)
 .text._ZN5codal3_cm3Pin13setServoValueEiii
                0x0000000008008274       0x2c .pioenvs/bluepill_f103c8/lib739/libcm.a(CmPin.o)
                0x0000000008008274                codal::_cm::Pin::setServoValue(int, int, int)
 .text._ZN5codal3_cm3Pin9isTouchedEv
                0x00000000080082a0        0x8 .pioenvs/bluepill_f103c8/lib739/libcm.a(CmPin.o)
                0x00000000080082a0                codal::_cm::Pin::isTouched()
 .text._ZN5codal3_cm3Pin17getAnalogPeriodUsEv
                0x00000000080082a8        0x8 .pioenvs/bluepill_f103c8/lib739/libcm.a(CmPin.o)
                0x00000000080082a8                codal::_cm::Pin::getAnalogPeriodUs()
 .text._ZN5codal3_cm3Pin15setDigitalValueEi
                0x00000000080082b0       0x60 .pioenvs/bluepill_f103c8/lib739/libcm.a(CmPin.o)
                0x00000000080082b0                codal::_cm::Pin::setDigitalValue(int)
 .text._ZN5codal3_cm3PinC2EhmmtNS_13PinCapabilityE
                0x0000000008008310       0x2c .pioenvs/bluepill_f103c8/lib739/libcm.a(CmPin.o)
                0x0000000008008310                codal::_cm::Pin::Pin(unsigned char, unsigned long, unsigned long, unsigned short, codal::PinCapability)
                0x0000000008008310                codal::_cm::Pin::Pin(unsigned char, unsigned long, unsigned long, unsigned short, codal::PinCapability)
 .text._ZN5codal3_cm6SerialD2Ev
                0x000000000800833c       0x14 .pioenvs/bluepill_f103c8/lib739/libcm.a(CmSerial.o)
                0x000000000800833c                codal::_cm::Serial::~Serial()
                0x000000000800833c                codal::_cm::Serial::~Serial()
 .text._ZN5codal3_cm6SerialC2ERNS0_3PinES3_hh
                0x0000000008008350       0x4c .pioenvs/bluepill_f103c8/lib739/libcm.a(CmSerial.o)
                0x0000000008008350                codal::_cm::Serial::Serial(codal::_cm::Pin&, codal::_cm::Pin&, unsigned char, unsigned char)
                0x0000000008008350                codal::_cm::Serial::Serial(codal::_cm::Pin&, codal::_cm::Pin&, unsigned char, unsigned char)
 .text._ZN5codal3_cm14alarm_callbackEv
                0x000000000800839c       0x10 .pioenvs/bluepill_f103c8/lib739/libcm.a(CmTimer.o)
                0x000000000800839c                codal::_cm::alarm_callback()
 .text._ZN5codal3_cm5Timer9triggerInEm
                0x00000000080083ac       0x20 .pioenvs/bluepill_f103c8/lib739/libcm.a(CmTimer.o)
                0x00000000080083ac                codal::_cm::Timer::triggerIn(unsigned long)
 .text._ZN5codal3_cm13tick_callbackEv
                0x00000000080083cc       0x2c .pioenvs/bluepill_f103c8/lib739/libcm.a(CmTimer.o)
                0x00000000080083cc                codal::_cm::tick_callback()
 .text._ZN5codal3_cm5Timer11syncRequestEv
                0x00000000080083f8       0x48 .pioenvs/bluepill_f103c8/lib739/libcm.a(CmTimer.o)
                0x00000000080083f8                codal::_cm::Timer::syncRequest()
 .text._ZN5codal3_cm5TimerC2Ev
                0x0000000008008440       0x34 .pioenvs/bluepill_f103c8/lib739/libcm.a(CmTimer.o)
                0x0000000008008440                codal::_cm::Timer::Timer()
                0x0000000008008440                codal::_cm::Timer::Timer()
 .text._ZN5codal3_cm5Timer4initEv
                0x0000000008008474       0x5c .pioenvs/bluepill_f103c8/lib739/libcm.a(CmTimer.o)
                0x0000000008008474                codal::_cm::Timer::init()
 .text._ZL10flush_taskv
                0x00000000080084d0       0x18 .pioenvs/bluepill_f103c8/lib739/libcm.a(tasks.o)
 .text._ZL15restart_handlerN5codal5EventE
                0x00000000080084e8       0x4c .pioenvs/bluepill_f103c8/lib739/libcm.a(tasks.o)
 .text.restart_callback
                0x0000000008008534       0x5c .pioenvs/bluepill_f103c8/lib739/libcm.a(tasks.o)
                0x0000000008008534                restart_callback
 .text.start_background_tasks
                0x0000000008008590       0xc0 .pioenvs/bluepill_f103c8/lib739/libcm.a(tasks.o)
                0x0000000008008590                start_background_tasks
 .text.startup._GLOBAL__sub_I_restart_callback
                0x0000000008008650       0x14 .pioenvs/bluepill_f103c8/lib739/libcm.a(tasks.o)
 .text._ZN5codal13STM32BluePill4initEv
                0x0000000008008664       0x78 .pioenvs/bluepill_f103c8/lib2eb/libmodel.a(STM32BluePill.o)
                0x0000000008008664                codal::STM32BluePill::init()
 .text._ZN5codal13STM32BluePillC2Ev
                0x00000000080086dc       0xa4 .pioenvs/bluepill_f103c8/lib2eb/libmodel.a(STM32BluePill.o)
                0x00000000080086dc                codal::STM32BluePill::STM32BluePill()
                0x00000000080086dc                codal::STM32BluePill::STM32BluePill()
 .text._ZN5codal15STM32BluePillIOC2Ev
                0x0000000008008780      0xaf0 .pioenvs/bluepill_f103c8/lib2eb/libmodel.a(STM32BluePillIO.o)
                0x0000000008008780                codal::STM32BluePillIO::STM32BluePillIO()
                0x0000000008008780                codal::STM32BluePillIO::STM32BluePillIO()
 .text.startup._GLOBAL__sub_I__ZN13UARTInterfaceC2Ejj
                0x0000000008009270       0x10 .pioenvs/bluepill_f103c8/lib33e/libuartint.a(uartint.o)
 .text._ZN5codal3_cm3I2CC2ERNS_3PinES3_
                0x0000000008009280       0x1c .pioenvs/bluepill_f103c8/lib739/libcm.a(CmI2C.o)
                0x0000000008009280                codal::_cm::I2C::I2C(codal::Pin&, codal::Pin&)
                0x0000000008009280                codal::_cm::I2C::I2C(codal::Pin&, codal::Pin&)
 .text._ZN5codal3_cm3SPI4initEv
                0x000000000800929c       0x5c .pioenvs/bluepill_f103c8/lib739/libcm.a(CmSPI.o)
                0x000000000800929c                codal::_cm::SPI::init()
 .text._ZN5codal3_cm3SPIC2ERNS0_3PinES3_S3_S3_
                0x00000000080092f8       0x9c .pioenvs/bluepill_f103c8/lib739/libcm.a(CmSPI.o)
                0x00000000080092f8                codal::_cm::SPI::SPI(codal::_cm::Pin&, codal::_cm::Pin&, codal::_cm::Pin&, codal::_cm::Pin&)
                0x00000000080092f8                codal::_cm::SPI::SPI(codal::_cm::Pin&, codal::_cm::Pin&, codal::_cm::Pin&, codal::_cm::Pin&)
 .text.pinmap_peripheral
                0x0000000008009394       0x30 .pioenvs/bluepill_f103c8/lib739/libcm.a(CmPinMap.o)
                0x0000000008009394                pinmap_peripheral
 .text.pinmap_mode
                0x00000000080093c4       0x2c .pioenvs/bluepill_f103c8/lib739/libcm.a(CmPinMap.o)
                0x00000000080093c4                pinmap_mode
 .text.pinmap_cnf
                0x00000000080093f0       0x2c .pioenvs/bluepill_f103c8/lib739/libcm.a(CmPinMap.o)
                0x00000000080093f0                pinmap_cnf
 .text._ZN5codal3I2CC2ERNS_3PinES2_
                0x000000000800941c        0xc .pioenvs/bluepill_f103c8/lib3e7/libcodal-core.a(I2C.o)
                0x000000000800941c                codal::I2C::I2C(codal::Pin&, codal::Pin&)
                0x000000000800941c                codal::I2C::I2C(codal::Pin&, codal::Pin&)
 .text._ZN5codal14CodalComponent16periodicCallbackEv
                0x0000000008009428        0x2 .pioenvs/bluepill_f103c8/src/main.o
                0x0000000008009428                codal::CodalComponent::periodicCallback()
 .text._ZN5codal14CodalComponent12idleCallbackEv
                0x000000000800942a        0x2 .pioenvs/bluepill_f103c8/src/main.o
                0x000000000800942a                codal::CodalComponent::idleCallback()
 .text._ZN5codal14CodalComponentD0Ev
                0x000000000800942c       0x12 .pioenvs/bluepill_f103c8/src/main.o
                0x000000000800942c                codal::CodalComponent::~CodalComponent()
 .text._ZN5codal13STM32BluePillD0Ev
                0x000000000800943e       0x12 .pioenvs/bluepill_f103c8/src/main.o
                0x000000000800943e                codal::STM32BluePill::~STM32BluePill()
 .text._ZN5codal11queue_fiberEPNS_5FiberEPS1_
                0x0000000008009450       0x2e .pioenvs/bluepill_f103c8/lib3e7/libcodal-core.a(CodalFiber.o)
                0x0000000008009450                codal::queue_fiber(codal::Fiber*, codal::Fiber**)
 .text._ZN5codal13dequeue_fiberEPNS_5FiberE
                0x000000000800947e       0x34 .pioenvs/bluepill_f103c8/lib3e7/libcodal-core.a(CodalFiber.o)
                0x000000000800947e                codal::dequeue_fiber(codal::Fiber*)
 .text._ZN5codal12create_fiberEPFvvES1_
                0x00000000080094b2       0x1a .pioenvs/bluepill_f103c8/lib3e7/libcodal-core.a(CodalFiber.o)
                0x00000000080094b2                codal::create_fiber(void (*)(), void (*)())
 .text._ZN5codal12create_fiberEPFvPvES0_S2_
                0x00000000080094cc       0x1e .pioenvs/bluepill_f103c8/lib3e7/libcodal-core.a(CodalFiber.o)
                0x00000000080094cc                codal::create_fiber(void (*)(void*), void*, void (*)(void*))
 .text._ZN5codal20fiber_wait_for_eventEtt
                0x00000000080094ea       0x12 .pioenvs/bluepill_f103c8/lib3e7/libcodal-core.a(CodalFiber.o)
                0x00000000080094ea                codal::fiber_wait_for_event(unsigned short, unsigned short)
 .text._ZN5codal16launch_new_fiberEPFvvES1_
                0x00000000080094fc       0x10 .pioenvs/bluepill_f103c8/lib3e7/libcodal-core.a(CodalFiber.o)
                0x00000000080094fc                codal::launch_new_fiber(void (*)(), void (*)())
 .text._ZN5codal13release_fiberEPv
                0x000000000800950c       0x12 .pioenvs/bluepill_f103c8/lib3e7/libcodal-core.a(CodalFiber.o)
                0x000000000800950c                codal::release_fiber(void*)
 .text._ZN5codal22launch_new_fiber_paramEPFvPvES2_S0_
                0x000000000800951e       0x1a .pioenvs/bluepill_f103c8/lib3e7/libcodal-core.a(CodalFiber.o)
                0x000000000800951e                codal::launch_new_fiber_param(void (*)(void*), void (*)(void*), void*)
 .text._ZN5codal9idle_taskEv
                0x0000000008009538        0xc .pioenvs/bluepill_f103c8/lib3e7/libcodal-core.a(CodalFiber.o)
                0x0000000008009538                codal::idle_task()
 .text._Z16device_malloc_injR14HeapDefinition
                0x0000000008009544       0x84 .pioenvs/bluepill_f103c8/lib3e7/libcodal-core.a(CodalHeapAllocator.o)
                0x0000000008009544                device_malloc_in(unsigned int, HeapDefinition&)
 .text._ZN5codal8ListenerC2EttPFvNS_5EventEEt
                0x00000000080095c8       0x28 .pioenvs/bluepill_f103c8/lib3e7/libcodal-core.a(CodalListener.o)
                0x00000000080095c8                codal::Listener::Listener(unsigned short, unsigned short, void (*)(codal::Event), unsigned short)
                0x00000000080095c8                codal::Listener::Listener(unsigned short, unsigned short, void (*)(codal::Event), unsigned short)
 .text._ZN5codal8ListenerD2Ev
                0x00000000080095f0       0x14 .pioenvs/bluepill_f103c8/lib3e7/libcodal-core.a(CodalListener.o)
                0x00000000080095f0                codal::Listener::~Listener()
                0x00000000080095f0                codal::Listener::~Listener()
 .text._ZN5codal8Listener5queueENS_5EventE
                0x0000000008009604       0x5c .pioenvs/bluepill_f103c8/lib3e7/libcodal-core.a(CodalListener.o)
                0x0000000008009604                codal::Listener::queue(codal::Event)
 .text._ZN5codal6Serial12initialiseRxEv
                0x0000000008009660       0x4c .pioenvs/bluepill_f103c8/lib3e7/libcodal-core.a(Serial.o)
                0x0000000008009660                codal::Serial::initialiseRx()
 .text._ZN5codal6Serial12circularCopyEPhhS1_tt
                0x00000000080096ac       0x26 .pioenvs/bluepill_f103c8/lib3e7/libcodal-core.a(Serial.o)
                0x00000000080096ac                codal::Serial::circularCopy(unsigned char*, unsigned char, unsigned char*, unsigned short, unsigned short)
 .text._ZN5codal6Serial7eventOnENS_13ManagedStringENS_10SerialModeE
                0x00000000080096d2       0x26 .pioenvs/bluepill_f103c8/lib3e7/libcodal-core.a(Serial.o)
                0x00000000080096d2                codal::Serial::eventOn(codal::ManagedString, codal::SerialMode)
 .text._ZN5codal6Serial9readUntilENS_13ManagedStringENS_10SerialModeE
                0x00000000080096f8      0x1a6 .pioenvs/bluepill_f103c8/lib3e7/libcodal-core.a(Serial.o)
                0x00000000080096f8                codal::Serial::readUntil(codal::ManagedString, codal::SerialMode)
 .text._ZN5codal5Timer17disableInterruptsEv
                0x000000000800989e        0xa .pioenvs/bluepill_f103c8/lib3e7/libcodal-core.a(Timer.o)
                0x000000000800989e                codal::Timer::disableInterrupts()
 .text._ZN5codal5Timer16enableInterruptsEv
                0x00000000080098a8        0xa .pioenvs/bluepill_f103c8/lib3e7/libcodal-core.a(Timer.o)
                0x00000000080098a8                codal::Timer::enableInterrupts()
 .text._ZN5codal5Timer13getTimerEventEv
                0x00000000080098b2       0x22 .pioenvs/bluepill_f103c8/lib3e7/libcodal-core.a(Timer.o)
                0x00000000080098b2                codal::Timer::getTimerEvent()
 .text._ZN5codal5Timer17releaseTimerEventEPNS_10TimerEventE
                0x00000000080098d4        0xe .pioenvs/bluepill_f103c8/lib3e7/libcodal-core.a(Timer.o)
                0x00000000080098d4                codal::Timer::releaseTimerEvent(codal::TimerEvent*)
 .text._ZN5codal5Timer7getTimeEv
                0x00000000080098e2        0xe .pioenvs/bluepill_f103c8/lib3e7/libcodal-core.a(Timer.o)
                0x00000000080098e2                codal::Timer::getTime()
 .text._ZN5codal5Timer9getTimeUsEv
                0x00000000080098f0        0xe .pioenvs/bluepill_f103c8/lib3e7/libcodal-core.a(Timer.o)
                0x00000000080098f0                codal::Timer::getTimeUs()
 .text._ZN5codal5Timer8setEventEmttb
                0x00000000080098fe       0x66 .pioenvs/bluepill_f103c8/lib3e7/libcodal-core.a(Timer.o)
                0x00000000080098fe                codal::Timer::setEvent(unsigned long, unsigned short, unsigned short, bool)
 .text._ZN5codal5Timer12eventEveryUsEmtt
                0x0000000008009964        0xe .pioenvs/bluepill_f103c8/lib3e7/libcodal-core.a(Timer.o)
                0x0000000008009964                codal::Timer::eventEveryUs(unsigned long, unsigned short, unsigned short)
 .text._ZN5codal5Timer4syncEm
                0x0000000008009972       0x24 .pioenvs/bluepill_f103c8/lib3e7/libcodal-core.a(Timer.o)
                0x0000000008009972                codal::Timer::sync(unsigned long)
 .text._ZN5codal5Timer7triggerEv
                0x0000000008009996       0x92 .pioenvs/bluepill_f103c8/lib3e7/libcodal-core.a(Timer.o)
                0x0000000008009996                codal::Timer::trigger()
 .text._ZN5codal5TimerD2Ev
                0x0000000008009a28        0x2 .pioenvs/bluepill_f103c8/lib3e7/libcodal-core.a(Timer.o)
                0x0000000008009a28                codal::Timer::~Timer()
                0x0000000008009a28                codal::Timer::~Timer()
 .text._ZN5codal10MessageBus9elementAtEi
                0x0000000008009a2a       0x10 .pioenvs/bluepill_f103c8/lib3e7/libcodal-core.a(MessageBus.o)
                0x0000000008009a2a                codal::MessageBus::elementAt(int)
 .text._ZN5codal22MemberFunctionCallback10methodCallINS_10MessageBusEEEvPvPmNS_5EventE
                0x0000000008009a3a       0x30 .pioenvs/bluepill_f103c8/lib3e7/libcodal-core.a(MessageBus.o)
                0x0000000008009a3a                void codal::MemberFunctionCallback::methodCall<codal::MessageBus>(void*, unsigned long*, codal::Event)
 .text._Z14async_callbackPv
                0x0000000008009a6a       0x7c .pioenvs/bluepill_f103c8/lib3e7/libcodal-core.a(MessageBus.o)
                0x0000000008009a6a                async_callback(void*)
 .text._ZThn8_N5codal10MessageBusD1Ev
                0x0000000008009ae6        0x8 .pioenvs/bluepill_f103c8/lib3e7/libcodal-core.a(MessageBus.o)
                0x0000000008009ae6                non-virtual thunk to codal::MessageBus::~MessageBus()
 .text._ZN5codal10MessageBusD0Ev
                0x0000000008009aee       0x12 .pioenvs/bluepill_f103c8/lib3e7/libcodal-core.a(MessageBus.o)
                0x0000000008009aee                codal::MessageBus::~MessageBus()
 .text._ZThn8_N5codal10MessageBusD0Ev
                0x0000000008009b00        0x8 .pioenvs/bluepill_f103c8/lib3e7/libcodal-core.a(MessageBus.o)
                0x0000000008009b00                non-virtual thunk to codal::MessageBus::~MessageBus()
 .text._ZN5codal10MessageBus12dequeueEventEv
                0x0000000008009b08       0x22 .pioenvs/bluepill_f103c8/lib3e7/libcodal-core.a(MessageBus.o)
                0x0000000008009b08                codal::MessageBus::dequeueEvent()
 .text._ZN5codal10MessageBus21deleteMarkedListenersEv
                0x0000000008009b2a       0x42 .pioenvs/bluepill_f103c8/lib3e7/libcodal-core.a(MessageBus.o)
                0x0000000008009b2a                codal::MessageBus::deleteMarkedListeners()
 .text._ZN5codal10MessageBus10queueEventERNS_5EventE
                0x0000000008009b6c       0x5e .pioenvs/bluepill_f103c8/lib3e7/libcodal-core.a(MessageBus.o)
                0x0000000008009b6c                codal::MessageBus::queueEvent(codal::Event&)
 .text._ZN5codal10MessageBus4sendENS_5EventE
                0x0000000008009bca       0x16 .pioenvs/bluepill_f103c8/lib3e7/libcodal-core.a(MessageBus.o)
                0x0000000008009bca                codal::MessageBus::send(codal::Event)
 .text._ZN5codal10MessageBus4idleENS_5EventE
                0x0000000008009be0       0x34 .pioenvs/bluepill_f103c8/lib3e7/libcodal-core.a(MessageBus.o)
                0x0000000008009be0                codal::MessageBus::idle(codal::Event)
 .text._ZN5codal5EventC2Ev
                0x0000000008009c14       0x12 .pioenvs/bluepill_f103c8/lib3e7/libcodal-core.a(Event.o)
                0x0000000008009c14                codal::Event::Event()
                0x0000000008009c14                codal::Event::Event()
 .text._ZN5codal5EventC2EttNS_15EventLaunchModeE
                0x0000000008009c26       0x1c .pioenvs/bluepill_f103c8/lib3e7/libcodal-core.a(Event.o)
                0x0000000008009c26                codal::Event::Event(unsigned short, unsigned short, codal::EventLaunchMode)
                0x0000000008009c26                codal::Event::Event(unsigned short, unsigned short, codal::EventLaunchMode)
 .text._ZN5codal5EventC2EttmNS_15EventLaunchModeE
                0x0000000008009c42       0x18 .pioenvs/bluepill_f103c8/lib3e7/libcodal-core.a(Event.o)
                0x0000000008009c42                codal::Event::Event(unsigned short, unsigned short, unsigned long, codal::EventLaunchMode)
                0x0000000008009c42                codal::Event::Event(unsigned short, unsigned short, unsigned long, codal::EventLaunchMode)
 .text._ZN5codal14EventQueueItemC2ENS_5EventE
                0x0000000008009c5a       0x20 .pioenvs/bluepill_f103c8/lib3e7/libcodal-core.a(Event.o)
                0x0000000008009c5a                codal::EventQueueItem::EventQueueItem(codal::Event)
                0x0000000008009c5a                codal::EventQueueItem::EventQueueItem(codal::Event)
 .text._ZN5codal13ManagedStringD2Ev
                0x0000000008009c7a        0xe .pioenvs/bluepill_f103c8/lib3e7/libcodal-core.a(ManagedString.o)
                0x0000000008009c7a                codal::ManagedString::~ManagedString()
                0x0000000008009c7a                codal::ManagedString::~ManagedString()
 .text._ZN5codal13ManagedString10initStringEPKci
                0x0000000008009c88       0x2e .pioenvs/bluepill_f103c8/lib3e7/libcodal-core.a(ManagedString.o)
                0x0000000008009c88                codal::ManagedString::initString(char const*, int)
 .text._ZN5codal13ManagedStringC2Ei
                0x0000000008009cb6       0x22 .pioenvs/bluepill_f103c8/lib3e7/libcodal-core.a(ManagedString.o)
                0x0000000008009cb6                codal::ManagedString::ManagedString(int)
                0x0000000008009cb6                codal::ManagedString::ManagedString(int)
 .text._ZN5codal13ManagedStringC2ERKS0_
                0x0000000008009cd8       0x10 .pioenvs/bluepill_f103c8/lib3e7/libcodal-core.a(ManagedString.o)
                0x0000000008009cd8                codal::ManagedString::ManagedString(codal::ManagedString const&)