Archive member included to satisfy reference by file (symbol)

.pioenvs/bluepill_f103c8/libfdb/libunity.a(unity.o)
                              .pioenvs/bluepill_f103c8/src/unit_test.o (UnityAssertEqualNumber)
.pioenvs/bluepill_f103c8/libd9b/liblogger.a(logger.o)
                              .pioenvs/bluepill_f103c8/src/main.o (debug_flush)
.pioenvs/bluepill_f103c8/libd88/libnano-float.a(functions.o)
                              .pioenvs/bluepill_f103c8/src/unit_test.o (get_float_usage)
.pioenvs/bluepill_f103c8/lib98a/libnewlib.a(memset.o)
                              .pioenvs/bluepill_f103c8/libfdb/libunity.a(unity.o) (memset)
.pioenvs/bluepill_f103c8/lib98a/libnewlib.a(strlen.o)
                              .pioenvs/bluepill_f103c8/src/aggregate.o (strlen)
.pioenvs/bluepill_f103c8/lib98a/libnewlib.a(strncat.o)
                              .pioenvs/bluepill_f103c8/src/wisol.o (strncat)
.pioenvs/bluepill_f103c8/lib98a/libnewlib.a(strncmp.o)
                              .pioenvs/bluepill_f103c8/src/aggregate.o (strncmp)
.pioenvs/bluepill_f103c8/lib98a/libnewlib.a(strncpy.o)
                              .pioenvs/bluepill_f103c8/src/aggregate.o (strncpy)
.pioenvs/bluepill_f103c8/lib98a/libnewlib.a(strstr.o)
                              .pioenvs/bluepill_f103c8/src/wisol.o (strstr)
.pioenvs/bluepill_f103c8/lib271/libbluepill.a(led.o)
                              .pioenvs/bluepill_f103c8/src/aggregate.o (led_toggle)
.pioenvs/bluepill_f103c8/lib271/libbluepill.a(timer.o)
                              .pioenvs/bluepill_f103c8/src/aggregate.o (millis)
.pioenvs/bluepill_f103c8/lib739/libcm.a(CmPin.o)
                              .pioenvs/bluepill_f103c8/src/main.o (codal::_cm::Pin::setDigitalValue(int))
.pioenvs/bluepill_f103c8/libea7/libcocoOS_5.0.3.a(os_event.o)
                              .pioenvs/bluepill_f103c8/src/wisol.o (event_create)
.pioenvs/bluepill_f103c8/libea7/libcocoOS_5.0.3.a(os_kernel.o)
                              .pioenvs/bluepill_f103c8/src/uart.o (running_tid)
.pioenvs/bluepill_f103c8/libea7/libcocoOS_5.0.3.a(os_msgqueue.o)
                              .pioenvs/bluepill_f103c8/libea7/libcocoOS_5.0.3.a(os_kernel.o) (os_msgQ_init)
.pioenvs/bluepill_f103c8/libea7/libcocoOS_5.0.3.a(os_sem.o)
                              .pioenvs/bluepill_f103c8/libea7/libcocoOS_5.0.3.a(os_kernel.o) (os_sem_init)
.pioenvs/bluepill_f103c8/libea7/libcocoOS_5.0.3.a(os_task.o)
                              .pioenvs/bluepill_f103c8/libea7/libcocoOS_5.0.3.a(os_kernel.o) (os_task_init)
.pioenvs/bluepill_f103c8/libea7/libcocoOS_5.0.3.a(os_assert.o)
                              .pioenvs/bluepill_f103c8/libea7/libcocoOS_5.0.3.a(os_event.o) (os_on_assert)
.pioenvs/bluepill_f103c8/libea7/libcocoOS_5.0.3.a(os_cbk.o)
                              .pioenvs/bluepill_f103c8/libea7/libcocoOS_5.0.3.a(os_kernel.o) (os_cbkSleep)
.pioenvs/bluepill_f103c8/libccd/libhal.a(codal_target_hal.o)
                              .pioenvs/bluepill_f103c8/src/main.o (target_enable_debug)
.pioenvs/bluepill_f103c8/lib3e7/libcodal-core.a(CodalCompat.o)
                              .pioenvs/bluepill_f103c8/libccd/libhal.a(codal_target_hal.o) (codal::seed_random(unsigned long))
.pioenvs/bluepill_f103c8/lib3e7/libcodal-core.a(CodalDmesg.o)
                              .pioenvs/bluepill_f103c8/libccd/libhal.a(codal_target_hal.o) (codal_dmesg_set_flush_fn)
.pioenvs/bluepill_f103c8/lib3e7/libcodal-core.a(CodalFiber.o)
                              .pioenvs/bluepill_f103c8/src/main.o (codal::fiber_sleep(unsigned long))
.pioenvs/bluepill_f103c8/lib3e7/libcodal-core.a(CodalHeapAllocator.o)
                              .pioenvs/bluepill_f103c8/libccd/libhal.a(codal_target_hal.o) (malloc)
.pioenvs/bluepill_f103c8/lib3e7/libcodal-core.a(CodalListener.o)
                              .pioenvs/bluepill_f103c8/lib3e7/libcodal-core.a(CodalFiber.o) (codal::Listener::Listener(unsigned short, unsigned short, void (*)(codal::Event), unsigned short))
.pioenvs/bluepill_f103c8/lib3e7/libcodal-core.a(Timer.o)
                              .pioenvs/bluepill_f103c8/src/main.o (codal::Timer::getTime())
.pioenvs/bluepill_f103c8/lib3e7/libcodal-core.a(Event.o)
                              .pioenvs/bluepill_f103c8/lib3e7/libcodal-core.a(CodalListener.o) (codal::Event::Event())
.pioenvs/bluepill_f103c8/lib2eb/libmodel.a(STM32BluePill.o)
                              .pioenvs/bluepill_f103c8/src/main.o (codal::STM32BluePill::init())
.pioenvs/bluepill_f103c8/lib2eb/libmodel.a(STM32BluePillIO.o)
                              .pioenvs/bluepill_f103c8/lib2eb/libmodel.a(STM32BluePill.o) (codal::STM32BluePillIO::STM32BluePillIO())
.pioenvs/bluepill_f103c8/lib33e/libuartint.a(uartint.o)
                              .pioenvs/bluepill_f103c8/src/uart.o (UARTInterface::UARTInterface(unsigned int, unsigned int))
/Users/Luppy/.platformio/packages/toolchain-gccarmnoneeabi/bin/../lib/gcc/arm-none-eabi/7.2.1/thumb/v7-m/libgcc.a(_arm_addsubdf3.o)
[...]
Memory Configuration

Name             Origin             Length             Attributes
bootrom          0x0000000008000000 0x0000000000008000 xr
rom              0x0000000008008000 0x0000000000008000 xr
bootram          0x0000000020000000 0x0000000000002800 xrw
ram              0x0000000020002800 0x0000000000002800 xrw
*default*        0x0000000000000000 0xffffffffffffffff

Linker script and memory map


.boot_text      0x0000000008000000     0x56c0
 *(SORT_BY_ALIGNMENT(.vectors))
 .vectors       0x0000000008000000      0x150 .pioenvs/bluepill_f103c8/libFrameworkLibOpenCM3.a(vector.o)
                0x0000000008000000                vector_table
 *liblibopencm3.a:(SORT_BY_ALIGNMENT(.text*))
 *libFrameworkLibOpenCM3.a:(SORT_BY_ALIGNMENT(.text*))
 .text.rcc_osc_on.part.0
                0x0000000008000150       0x10 .pioenvs/bluepill_f103c8/libFrameworkLibOpenCM3.a(rcc.o)
 .text.rcc_wait_for_osc_ready
                0x0000000008000160       0x64 .pioenvs/bluepill_f103c8/libFrameworkLibOpenCM3.a(rcc.o)
                0x0000000008000160                rcc_wait_for_osc_ready
 .text.rcc_osc_on
                0x00000000080001c4       0x54 .pioenvs/bluepill_f103c8/libFrameworkLibOpenCM3.a(rcc.o)
                0x00000000080001c4                rcc_osc_on
 .text.rcc_set_sysclk_source
                0x0000000008000218       0x14 .pioenvs/bluepill_f103c8/libFrameworkLibOpenCM3.a(rcc.o)
                0x0000000008000218                rcc_set_sysclk_source
 .text.rcc_set_pll_multiplication_factor
                0x000000000800022c       0x14 .pioenvs/bluepill_f103c8/libFrameworkLibOpenCM3.a(rcc.o)
                0x000000000800022c                rcc_set_pll_multiplication_factor
 .text.rcc_set_pll_source
                0x0000000008000240       0x14 .pioenvs/bluepill_f103c8/libFrameworkLibOpenCM3.a(rcc.o)
                0x0000000008000240                rcc_set_pll_source
 .text.rcc_set_pllxtpre
                0x0000000008000254       0x14 .pioenvs/bluepill_f103c8/libFrameworkLibOpenCM3.a(rcc.o)
                0x0000000008000254                rcc_set_pllxtpre
 .text.rcc_enable_rtc_clock
                0x0000000008000268       0x10 .pioenvs/bluepill_f103c8/libFrameworkLibOpenCM3.a(rcc.o)
                0x0000000008000268                rcc_enable_rtc_clock
 .text.rcc_set_rtc_clock_source
                0x0000000008000278       0x90 .pioenvs/bluepill_f103c8/libFrameworkLibOpenCM3.a(rcc.o)
                0x0000000008000278                rcc_set_rtc_clock_source
 .text.rcc_set_adcpre
                0x0000000008000308       0x14 .pioenvs/bluepill_f103c8/libFrameworkLibOpenCM3.a(rcc.o)
                0x0000000008000308                rcc_set_adcpre
 .text.rcc_set_ppre2
                0x000000000800031c       0x14 .pioenvs/bluepill_f103c8/libFrameworkLibOpenCM3.a(rcc.o)
                0x000000000800031c                rcc_set_ppre2
 .text.rcc_set_ppre1
                0x0000000008000330       0x14 .pioenvs/bluepill_f103c8/libFrameworkLibOpenCM3.a(rcc.o)
                0x0000000008000330                rcc_set_ppre1
 .text.rcc_set_hpre
                0x0000000008000344       0x14 .pioenvs/bluepill_f103c8/libFrameworkLibOpenCM3.a(rcc.o)
                0x0000000008000344                rcc_set_hpre
 .text.rcc_clock_setup_in_hse_8mhz_out_72mhz
                0x0000000008000358       0x8c .pioenvs/bluepill_f103c8/libFrameworkLibOpenCM3.a(rcc.o)
                0x0000000008000358                rcc_clock_setup_in_hse_8mhz_out_72mhz
 .text.rtc_enter_config_mode
                0x00000000080003e4       0x18 .pioenvs/bluepill_f103c8/libFrameworkLibOpenCM3.a(rtc.o)
                0x00000000080003e4                rtc_enter_config_mode
 .text.rtc_exit_config_mode
                0x00000000080003fc       0x18 .pioenvs/bluepill_f103c8/libFrameworkLibOpenCM3.a(rtc.o)
                0x00000000080003fc                rtc_exit_config_mode
 .text.rtc_set_alarm_time
                0x0000000008000414       0x20 .pioenvs/bluepill_f103c8/libFrameworkLibOpenCM3.a(rtc.o)
                0x0000000008000414                rtc_set_alarm_time
 .text.rtc_set_prescale_val
                0x0000000008000434       0x20 .pioenvs/bluepill_f103c8/libFrameworkLibOpenCM3.a(rtc.o)
                0x0000000008000434                rtc_set_prescale_val
 .text.rtc_get_counter_val
                0x0000000008000454       0x14 .pioenvs/bluepill_f103c8/libFrameworkLibOpenCM3.a(rtc.o)
                0x0000000008000454                rtc_get_counter_val
 .text.rtc_set_counter_val
                0x0000000008000468       0x1c .pioenvs/bluepill_f103c8/libFrameworkLibOpenCM3.a(rtc.o)
                0x0000000008000468                rtc_set_counter_val
 .text.rtc_interrupt_enable
                0x0000000008000484       0x3c .pioenvs/bluepill_f103c8/libFrameworkLibOpenCM3.a(rtc.o)
                0x0000000008000484                rtc_interrupt_enable
 .text.rtc_interrupt_disable
                0x00000000080004c0       0x3c .pioenvs/bluepill_f103c8/libFrameworkLibOpenCM3.a(rtc.o)
                0x00000000080004c0                rtc_interrupt_disable
 .text.rtc_clear_flag
                0x00000000080004fc       0x30 .pioenvs/bluepill_f103c8/libFrameworkLibOpenCM3.a(rtc.o)
                0x00000000080004fc                rtc_clear_flag
 .text.rtc_check_flag
                0x000000000800052c       0x30 .pioenvs/bluepill_f103c8/libFrameworkLibOpenCM3.a(rtc.o)
                0x000000000800052c                rtc_check_flag
 .text.pwr_disable_backup_domain_write_protect
                0x000000000800055c       0x10 .pioenvs/bluepill_f103c8/libFrameworkLibOpenCM3.a(pwr_common_all.o)
                0x000000000800055c                pwr_disable_backup_domain_write_protect
 .text.pwr_enable_backup_domain_write_protect
                0x000000000800056c       0x10 .pioenvs/bluepill_f103c8/libFrameworkLibOpenCM3.a(pwr_common_all.o)
                0x000000000800056c                pwr_enable_backup_domain_write_protect
 .text.exti_set_trigger
                0x000000000800057c       0x3c .pioenvs/bluepill_f103c8/libFrameworkLibOpenCM3.a(exti_common_all.o)
                0x000000000800057c                exti_set_trigger
 .text.exti_enable_request
                0x00000000080005b8       0x14 .pioenvs/bluepill_f103c8/libFrameworkLibOpenCM3.a(exti_common_all.o)
                0x00000000080005b8                exti_enable_request
 .text.exti_reset_request
                0x00000000080005cc        0xc .pioenvs/bluepill_f103c8/libFrameworkLibOpenCM3.a(exti_common_all.o)
                0x00000000080005cc                exti_reset_request
 .text.flash_set_ws
                0x00000000080005d8       0x14 .pioenvs/bluepill_f103c8/libFrameworkLibOpenCM3.a(flash_common_f01.o)
                0x00000000080005d8                flash_set_ws
 .text.flash_unlock
                0x00000000080005ec       0x24 .pioenvs/bluepill_f103c8/libFrameworkLibOpenCM3.a(flash_common_f01.o)
                0x00000000080005ec                flash_unlock
 .text.flash_lock
                0x0000000008000610       0x10 .pioenvs/bluepill_f103c8/libFrameworkLibOpenCM3.a(flash_common_f01.o)
                0x0000000008000610                flash_lock
 .text.reset_handler
                0x0000000008000620       0x90 .pioenvs/bluepill_f103c8/libFrameworkLibOpenCM3.a(vector.o)
                0x0000000008000620                reset_handler
 .text.flash_get_status_flags
                0x00000000080006b0       0x28 .pioenvs/bluepill_f103c8/libFrameworkLibOpenCM3.a(flash.o)
                0x00000000080006b0                flash_get_status_flags
 .text.flash_program_half_word
                0x00000000080006d8       0x60 .pioenvs/bluepill_f103c8/libFrameworkLibOpenCM3.a(flash.o)
                0x00000000080006d8                flash_program_half_word
 .text.flash_erase_page
                0x0000000008000738       0x78 .pioenvs/bluepill_f103c8/libFrameworkLibOpenCM3.a(flash.o)
                0x0000000008000738                flash_erase_page
 .text.desig_get_unique_id
                0x00000000080007b0       0x20 .pioenvs/bluepill_f103c8/libFrameworkLibOpenCM3.a(desig.o)
                0x00000000080007b0                desig_get_unique_id
 .text.desig_get_unique_id_as_string
                0x00000000080007d0       0x48 .pioenvs/bluepill_f103c8/libFrameworkLibOpenCM3.a(desig.o)
                0x00000000080007d0                desig_get_unique_id_as_string
 .text.usbd_init
                0x0000000008000818       0x50 .pioenvs/bluepill_f103c8/libFrameworkLibOpenCM3.a(usb.o)
                0x0000000008000818                usbd_init
 .text._usbd_standard_request_device
                0x0000000008000868       0x48 .pioenvs/bluepill_f103c8/libFrameworkLibOpenCM3.a(usb_standard.o)
                0x0000000008000868                _usbd_standard_request_device
 .text._usbd_standard_request_interface
                0x00000000080008b0       0x30 .pioenvs/bluepill_f103c8/libFrameworkLibOpenCM3.a(usb_standard.o)
                0x00000000080008b0                _usbd_standard_request_interface
 .text._usbd_standard_request_endpoint
                0x00000000080008e0       0x3c .pioenvs/bluepill_f103c8/libFrameworkLibOpenCM3.a(usb_standard.o)
                0x00000000080008e0                _usbd_standard_request_endpoint
 .text.st_usbfs_v1_usbd_init
                0x000000000800091c       0x30 .pioenvs/bluepill_f103c8/libFrameworkLibOpenCM3.a(st_usbfs_v1.o)
 .text.st_usbfs_set_address
                0x000000000800094c       0x10 .pioenvs/bluepill_f103c8/libFrameworkLibOpenCM3.a(st_usbfs_core.o)
                0x000000000800094c                st_usbfs_set_address
 .text.st_usbfs_set_ep_rx_bufsize
                0x000000000800095c       0x48 .pioenvs/bluepill_f103c8/libFrameworkLibOpenCM3.a(st_usbfs_core.o)
                0x000000000800095c                st_usbfs_set_ep_rx_bufsize
 .text.st_usbfs_ep_setup
                0x00000000080009a4      0x150 .pioenvs/bluepill_f103c8/libFrameworkLibOpenCM3.a(st_usbfs_core.o)
                0x00000000080009a4                st_usbfs_ep_setup
 .text.st_usbfs_endpoints_reset
                0x0000000008000af4       0x44 .pioenvs/bluepill_f103c8/libFrameworkLibOpenCM3.a(st_usbfs_core.o)
                0x0000000008000af4                st_usbfs_endpoints_reset
 .text.st_usbfs_ep_stall_set
                0x0000000008000b38       0xe4 .pioenvs/bluepill_f103c8/libFrameworkLibOpenCM3.a(st_usbfs_core.o)
                0x0000000008000b38                st_usbfs_ep_stall_set
 .text.st_usbfs_ep_nak_set
                0x0000000008000c1c       0x58 .pioenvs/bluepill_f103c8/libFrameworkLibOpenCM3.a(st_usbfs_core.o)
                0x0000000008000c1c                st_usbfs_ep_nak_set
 .text.st_usbfs_ep_write_packet
                0x0000000008000c74       0x8c .pioenvs/bluepill_f103c8/libFrameworkLibOpenCM3.a(st_usbfs_core.o)
                0x0000000008000c74                st_usbfs_ep_write_packet
 .text.st_usbfs_ep_read_packet
                0x0000000008000d00       0xb8 .pioenvs/bluepill_f103c8/libFrameworkLibOpenCM3.a(st_usbfs_core.o)
                0x0000000008000d00                st_usbfs_ep_read_packet
 .text.st_usbfs_poll
                0x0000000008000db8       0xd0 .pioenvs/bluepill_f103c8/libFrameworkLibOpenCM3.a(st_usbfs_core.o)
                0x0000000008000db8                st_usbfs_poll
 .text.gpio_set_mode
                0x0000000008000e88       0x62 .pioenvs/bluepill_f103c8/libFrameworkLibOpenCM3.a(gpio.o)
                0x0000000008000e88                gpio_set_mode
 .text.gpio_set
                0x0000000008000eea        0x4 .pioenvs/bluepill_f103c8/libFrameworkLibOpenCM3.a(gpio_common_all.o)
                0x0000000008000eea                gpio_set
 .text.gpio_clear
                0x0000000008000eee        0x6 .pioenvs/bluepill_f103c8/libFrameworkLibOpenCM3.a(gpio_common_all.o)
                0x0000000008000eee                gpio_clear
 .text.usart_recv
                0x0000000008000ef4        0x8 .pioenvs/bluepill_f103c8/libFrameworkLibOpenCM3.a(usart_common_f124.o)
                0x0000000008000ef4                usart_recv
 .text.rcc_periph_clock_enable
                0x0000000008000efc       0x1a .pioenvs/bluepill_f103c8/libFrameworkLibOpenCM3.a(rcc_common_all.o)
                0x0000000008000efc                rcc_periph_clock_enable
 .text.rcc_periph_reset_pulse
                0x0000000008000f16       0x22 .pioenvs/bluepill_f103c8/libFrameworkLibOpenCM3.a(rcc_common_all.o)
                0x0000000008000f16                rcc_periph_reset_pulse
 .text.flash_wait_for_last_operation
                0x0000000008000f38        0xc .pioenvs/bluepill_f103c8/libFrameworkLibOpenCM3.a(flash_common_f01.o)
                0x0000000008000f38                flash_wait_for_last_operation
 .text.blocking_handler
                0x0000000008000f44        0x2 .pioenvs/bluepill_f103c8/libFrameworkLibOpenCM3.a(vector.o)
                0x0000000008000f44                exti0_isr
                0x0000000008000f44                tim7_isr
                0x0000000008000f44                adc1_2_isr
                0x0000000008000f44                tim1_trg_com_isr
                0x0000000008000f44                usb_hp_can_tx_isr
                0x0000000008000f44                tim6_isr
                0x0000000008000f44                usb_wakeup_isr
                0x0000000008000f44                blocking_handler
                0x0000000008000f44                tim5_isr
                0x0000000008000f44                otg_fs_isr
                0x0000000008000f44                spi1_isr
                0x0000000008000f44                exti2_isr
                0x0000000008000f44                dma1_channel6_isr
                0x0000000008000f44                can_rx1_isr
                0x0000000008000f44                dma1_channel5_isr
                0x0000000008000f44                dma2_channel5_isr
                0x0000000008000f44                usart1_isr
                0x0000000008000f44                usage_fault_handler
                0x0000000008000f44                tim8_trg_com_isr
                0x0000000008000f44                can2_rx0_isr
                0x0000000008000f44                tim1_brk_isr
                0x0000000008000f44                can2_rx1_isr
                0x0000000008000f44                tim1_cc_isr
                0x0000000008000f44                sdio_isr
                0x0000000008000f44                eth_isr
                0x0000000008000f44                dma1_channel4_isr
                0x0000000008000f44                tim8_brk_isr
                0x0000000008000f44                dma2_channel4_5_isr
                0x0000000008000f44                pvd_isr
                0x0000000008000f44                rcc_isr
                0x0000000008000f44                flash_isr
                0x0000000008000f44                uart4_isr
                0x0000000008000f44                exti15_10_isr
                0x0000000008000f44                hard_fault_handler
                0x0000000008000f44                exti1_isr
                0x0000000008000f44                i2c1_ev_isr
                0x0000000008000f44                dma2_channel1_isr
                0x0000000008000f44                spi2_isr
                0x0000000008000f44                tim8_up_isr
                0x0000000008000f44                dma2_channel2_isr
                0x0000000008000f44                exti3_isr
                0x0000000008000f44                adc3_isr
                0x0000000008000f44                tim3_isr
                0x0000000008000f44                usb_lp_can_rx0_isr
                0x0000000008000f44                i2c2_er_isr
                0x0000000008000f44                i2c2_ev_isr
                0x0000000008000f44                uart5_isr
                0x0000000008000f44                fsmc_isr
                0x0000000008000f44                dma1_channel1_isr
                0x0000000008000f44                exti4_isr
                0x0000000008000f44                mem_manage_handler
                0x0000000008000f44                can2_tx_isr
                0x0000000008000f44                exti9_5_isr
                0x0000000008000f44                dma2_channel3_isr
                0x0000000008000f44                dma1_channel7_isr
                0x0000000008000f44                tim1_up_isr
                0x0000000008000f44                can2_sce_isr
                0x0000000008000f44                tim4_isr
                0x0000000008000f44                dma1_channel2_isr
                0x0000000008000f44                i2c1_er_isr
                0x0000000008000f44                can_sce_isr
                0x0000000008000f44                tim8_cc_isr
                0x0000000008000f44                tamper_isr
                0x0000000008000f44                eth_wkup_isr
                0x0000000008000f44                bus_fault_handler
                0x0000000008000f44                wwdg_isr
                0x0000000008000f44                dma1_channel3_isr
                0x0000000008000f44                spi3_isr
                0x0000000008000f44                tim2_isr
                0x0000000008000f44                usart3_isr
 .text.null_handler
                0x0000000008000f46        0x2 .pioenvs/bluepill_f103c8/libFrameworkLibOpenCM3.a(vector.o)
                0x0000000008000f46                null_handler
                0x0000000008000f46                sv_call_handler
                0x0000000008000f46                pend_sv_handler
                0x0000000008000f46                debug_monitor_handler
                0x0000000008000f46                sys_tick_handler
                0x0000000008000f46                nmi_handler
 .text.nvic_enable_irq
                0x0000000008000f48       0x1a .pioenvs/bluepill_f103c8/libFrameworkLibOpenCM3.a(nvic.o)
                0x0000000008000f48                nvic_enable_irq
 .text.usbd_poll
                0x0000000008000f62        0x8 .pioenvs/bluepill_f103c8/libFrameworkLibOpenCM3.a(usb.o)
                0x0000000008000f62                usbd_poll
 .text.usbd_ep_setup
                0x0000000008000f6a        0xe .pioenvs/bluepill_f103c8/libFrameworkLibOpenCM3.a(usb.o)
                0x0000000008000f6a                usbd_ep_setup
 .text._usbd_reset
                0x0000000008000f78       0x32 .pioenvs/bluepill_f103c8/libFrameworkLibOpenCM3.a(usb.o)
                0x0000000008000f78                _usbd_reset
 .text.usbd_ep_write_packet
                0x0000000008000faa        0xe .pioenvs/bluepill_f103c8/libFrameworkLibOpenCM3.a(usb.o)
                0x0000000008000faa                usbd_ep_write_packet
 .text.usbd_ep_read_packet
                0x0000000008000fb8        0xe .pioenvs/bluepill_f103c8/libFrameworkLibOpenCM3.a(usb.o)
                0x0000000008000fb8                usbd_ep_read_packet
 .text.usbd_ep_stall_set
                0x0000000008000fc6        0x8 .pioenvs/bluepill_f103c8/libFrameworkLibOpenCM3.a(usb.o)
                0x0000000008000fc6                usbd_ep_stall_set
 .text.usbd_ep_stall_get
                0x0000000008000fce        0x8 .pioenvs/bluepill_f103c8/libFrameworkLibOpenCM3.a(usb.o)
                0x0000000008000fce                usbd_ep_stall_get
 .text.stall_transaction
                0x0000000008000fd6       0x14 .pioenvs/bluepill_f103c8/libFrameworkLibOpenCM3.a(usb_control.o)
 .text.usb_control_recv_chunk
                0x0000000008000fea       0x3c .pioenvs/bluepill_f103c8/libFrameworkLibOpenCM3.a(usb_control.o)
 .text.usb_control_send_chunk
                0x0000000008001026       0x44 .pioenvs/bluepill_f103c8/libFrameworkLibOpenCM3.a(usb_control.o)
 .text.usb_control_request_dispatch
                0x000000000800106a       0x62 .pioenvs/bluepill_f103c8/libFrameworkLibOpenCM3.a(usb_control.o)
 .text.usb_control_setup_read
                0x00000000080010cc       0x42 .pioenvs/bluepill_f103c8/libFrameworkLibOpenCM3.a(usb_control.o)
 .text.usbd_register_control_callback
                0x000000000800110e       0x26 .pioenvs/bluepill_f103c8/libFrameworkLibOpenCM3.a(usb_control.o)
                0x000000000800110e                usbd_register_control_callback
 .text._usbd_control_setup
                0x0000000008001134       0x5a .pioenvs/bluepill_f103c8/libFrameworkLibOpenCM3.a(usb_control.o)
                0x0000000008001134                _usbd_control_setup
 .text._usbd_control_out
                0x000000000800118e       0x82 .pioenvs/bluepill_f103c8/libFrameworkLibOpenCM3.a(usb_control.o)
                0x000000000800118e                _usbd_control_out
 .text._usbd_control_in
                0x0000000008001210       0x56 .pioenvs/bluepill_f103c8/libFrameworkLibOpenCM3.a(usb_control.o)
                0x0000000008001210                _usbd_control_in
 .text.usb_standard_set_configuration
                0x0000000008001266       0x92 .pioenvs/bluepill_f103c8/libFrameworkLibOpenCM3.a(usb_standard.o)
 .text.usb_standard_get_configuration
                0x00000000080012f8       0x20 .pioenvs/bluepill_f103c8/libFrameworkLibOpenCM3.a(usb_standard.o)
 .text.usb_standard_get_interface
                0x0000000008001318       0x34 .pioenvs/bluepill_f103c8/libFrameworkLibOpenCM3.a(usb_standard.o)
 .text.usb_standard_device_get_status
                0x000000000800134c       0x18 .pioenvs/bluepill_f103c8/libFrameworkLibOpenCM3.a(usb_standard.o)
 .text.usb_standard_endpoint_get_status
                0x0000000008001364       0x2a .pioenvs/bluepill_f103c8/libFrameworkLibOpenCM3.a(usb_standard.o)
 .text.usb_standard_endpoint_stall
                0x000000000800138e       0x10 .pioenvs/bluepill_f103c8/libFrameworkLibOpenCM3.a(usb_standard.o)
 .text.usb_standard_endpoint_unstall
                0x000000000800139e       0x10 .pioenvs/bluepill_f103c8/libFrameworkLibOpenCM3.a(usb_standard.o)
 .text.usb_standard_set_address
                0x00000000080013ae       0x28 .pioenvs/bluepill_f103c8/libFrameworkLibOpenCM3.a(usb_standard.o)
 .text.usb_standard_set_interface
                0x00000000080013d6       0x4e .pioenvs/bluepill_f103c8/libFrameworkLibOpenCM3.a(usb_standard.o)
 .text.usb_standard_get_descriptor
                0x0000000008001424      0x256 .pioenvs/bluepill_f103c8/libFrameworkLibOpenCM3.a(usb_standard.o)
 .text.usb_standard_interface_get_status
                0x000000000800167a       0x18 .pioenvs/bluepill_f103c8/libFrameworkLibOpenCM3.a(usb_standard.o)
 .text.usbd_register_set_config_callback
                0x0000000008001692       0x26 .pioenvs/bluepill_f103c8/libFrameworkLibOpenCM3.a(usb_standard.o)
                0x0000000008001692                usbd_register_set_config_callback
 .text._usbd_standard_request
                0x00000000080016b8       0x30 .pioenvs/bluepill_f103c8/libFrameworkLibOpenCM3.a(usb_standard.o)
                0x00000000080016b8                _usbd_standard_request
 .text.st_usbfs_copy_to_pm
                0x00000000080016e8       0x1c .pioenvs/bluepill_f103c8/libFrameworkLibOpenCM3.a(st_usbfs_v1.o)
                0x00000000080016e8                st_usbfs_copy_to_pm
 .text.st_usbfs_copy_from_pm
                0x0000000008001704       0x2a .pioenvs/bluepill_f103c8/libFrameworkLibOpenCM3.a(st_usbfs_v1.o)
                0x0000000008001704                st_usbfs_copy_from_pm
 .text.st_usbfs_ep_stall_get
                0x000000000800172e       0x38 .pioenvs/bluepill_f103c8/libFrameworkLibOpenCM3.a(st_usbfs_core.o)
                0x000000000800172e                st_usbfs_ep_stall_get
 *libunity.a:(SORT_BY_ALIGNMENT(.text*))
 *fill*         0x0000000008001766        0x2 
 .text.UnityPrintFloat
                0x0000000008001768      0x344 .pioenvs/bluepill_f103c8/libfdb/libunity.a(unity.o)
                0x0000000008001768                UnityPrintFloat
 .text.UnityTestResultsBegin
                0x0000000008001aac       0x30 .pioenvs/bluepill_f103c8/libfdb/libunity.a(unity.o)
 .text.UnityTestResultsFailBegin
                0x0000000008001adc       0x24 .pioenvs/bluepill_f103c8/libfdb/libunity.a(unity.o)
 .text.UnityAddMsgIfSpecified
                0x0000000008001b00       0x50 .pioenvs/bluepill_f103c8/libfdb/libunity.a(unity.o)
 .text.UnityConcludeTest
                0x0000000008001b50       0x44 .pioenvs/bluepill_f103c8/libfdb/libunity.a(unity.o)
                0x0000000008001b50                UnityConcludeTest
 .text.UnityAssertEqualNumber
                0x0000000008001b94       0x58 .pioenvs/bluepill_f103c8/libfdb/libunity.a(unity.o)
                0x0000000008001b94                UnityAssertEqualNumber
 .text.UnityAssertFloatsWithin
                0x0000000008001bec       0x58 .pioenvs/bluepill_f103c8/libfdb/libunity.a(unity.o)
                0x0000000008001bec                UnityAssertFloatsWithin
 .text.UnityAssertDoublesWithin
                0x0000000008001c44       0x60 .pioenvs/bluepill_f103c8/libfdb/libunity.a(unity.o)
                0x0000000008001c44                UnityAssertDoublesWithin
 .text.UnityDefaultTestRun
                0x0000000008001ca4       0x2c .pioenvs/bluepill_f103c8/libfdb/libunity.a(unity.o)
                0x0000000008001ca4                UnityDefaultTestRun
 .text.UnityBegin
                0x0000000008001cd0       0x20 .pioenvs/bluepill_f103c8/libfdb/libunity.a(unity.o)
                0x0000000008001cd0                UnityBegin
 .text.UnityEnd
                0x0000000008001cf0       0x74 .pioenvs/bluepill_f103c8/libfdb/libunity.a(unity.o)
                0x0000000008001cf0                UnityEnd
 .text.UnityFloatsWithin
                0x0000000008001d64       0xe4 .pioenvs/bluepill_f103c8/libfdb/libunity.a(unity.o)
 .text.UnityDoublesWithin
                0x0000000008001e48      0x11c .pioenvs/bluepill_f103c8/libfdb/libunity.a(unity.o)
 .text.setUp    0x0000000008001f64        0x2 .pioenvs/bluepill_f103c8/libfdb/libunity.a(unity.o)
                0x0000000008001f64                setUp
 .text.tearDown
                0x0000000008001f66        0x2 .pioenvs/bluepill_f103c8/libfdb/libunity.a(unity.o)
                0x0000000008001f66                tearDown
 .text.UnityPrintNumberUnsigned
                0x0000000008001f68       0x34 .pioenvs/bluepill_f103c8/libfdb/libunity.a(unity.o)
                0x0000000008001f68                UnityPrintNumberUnsigned
 .text.UnityPrintNumber
                0x0000000008001f9c       0x18 .pioenvs/bluepill_f103c8/libfdb/libunity.a(unity.o)
                0x0000000008001f9c                UnityPrintNumber
 .text.UnityPrintNumberHex
                0x0000000008001fb4       0x2e .pioenvs/bluepill_f103c8/libfdb/libunity.a(unity.o)
                0x0000000008001fb4                UnityPrintNumberHex
 .text.UnityPrint.part.0
                0x0000000008001fe2       0x4c .pioenvs/bluepill_f103c8/libfdb/libunity.a(unity.o)
 .text.UnityPrint
                0x000000000800202e        0x8 .pioenvs/bluepill_f103c8/libfdb/libunity.a(unity.o)
                0x000000000800202e                UnityPrint
 .text.UnityPrintNumberByStyle
                0x0000000008002036       0x3a .pioenvs/bluepill_f103c8/libfdb/libunity.a(unity.o)
                0x0000000008002036                UnityPrintNumberByStyle
 *libqfplib.a:(SORT_BY_ALIGNMENT(.text*))
 .text          0x0000000008002070      0x4c8 .pioenvs/bluepill_f103c8/libf85/libqfplib.a(qfplib.o)
                0x0000000008002138                qfp_fsub
                0x000000000800213e                qfp_fadd
                0x0000000008002180                qfp_fcmp
                0x000000000800219c                qfp_fmul
                0x00000000080021ac                qfp_fdiv
                0x00000000080021ee                qfp_fdiv_fast
                0x000000000800223e                qfp_fsqrt_fast
                0x00000000080022b4                qfp_float2int
                0x00000000080022b6                qfp_float2fix
                0x00000000080022de                qfp_float2uint
                0x00000000080022e0                qfp_float2ufix
                0x00000000080022fa                qfp_int2float
                0x00000000080022fc                qfp_fix2float
                0x0000000008002306                qfp_uint2float
                0x0000000008002308                qfp_ufix2float
                0x000000000800239e                qfp_fsin
                0x00000000080023e0                qfp_fcos
                0x00000000080023ea                qfp_ftan
                0x00000000080023f2                qfp_fexp
                0x0000000008002422                qfp_fsqrt
                0x000000000800245c                qfp_fln
                0x0000000008002480                qfp_fatan2
 *libnano-float.a:(SORT_BY_ALIGNMENT(.text*))
 .text.acos     0x0000000008002538       0xbc .pioenvs/bluepill_f103c8/libd88/libnano-float.a(functions.o)
                0x0000000008002538                acos
 .text.get_float_usage
                0x00000000080025f4        0xc .pioenvs/bluepill_f103c8/libd88/libnano-float.a(functions.o)
                0x00000000080025f4                get_float_usage
 .text.__wrap___aeabi_ddiv
                0x0000000008002600       0x30 .pioenvs/bluepill_f103c8/libd88/libnano-float.a(functions.o)
                0x0000000008002600                __wrap___aeabi_ddiv
 .text.__wrap___aeabi_dmul
                0x0000000008002630       0x30 .pioenvs/bluepill_f103c8/libd88/libnano-float.a(functions.o)
                0x0000000008002630                __wrap___aeabi_dmul
 .text.__wrap___aeabi_dcmpeq
                0x0000000008002660       0x34 .pioenvs/bluepill_f103c8/libd88/libnano-float.a(functions.o)
                0x0000000008002660                __wrap___aeabi_dcmpeq
 .text.__wrap___aeabi_dcmplt
                0x0000000008002694       0x30 .pioenvs/bluepill_f103c8/libd88/libnano-float.a(functions.o)
                0x0000000008002694                __wrap___aeabi_dcmplt
 .text.__wrap___aeabi_dcmple
                0x00000000080026c4       0x34 .pioenvs/bluepill_f103c8/libd88/libnano-float.a(functions.o)
                0x00000000080026c4                __wrap___aeabi_dcmple
 .text.__wrap___aeabi_dcmpge
                0x00000000080026f8       0x30 .pioenvs/bluepill_f103c8/libd88/libnano-float.a(functions.o)
                0x00000000080026f8                __wrap___aeabi_dcmpge
 .text.__wrap___aeabi_dcmpgt
                0x0000000008002728       0x34 .pioenvs/bluepill_f103c8/libd88/libnano-float.a(functions.o)
                0x0000000008002728                __wrap___aeabi_dcmpgt
 .text.__wrap___aeabi_dcmpun
                0x000000000800275c       0x34 .pioenvs/bluepill_f103c8/libd88/libnano-float.a(functions.o)
                0x000000000800275c                __wrap___aeabi_dcmpun
 .text.__wrap___aeabi_fdiv
                0x0000000008002790       0x10 .pioenvs/bluepill_f103c8/libd88/libnano-float.a(functions.o)
                0x0000000008002790                __wrap___aeabi_fdiv
 .text.__wrap___aeabi_d2iz
                0x00000000080027a0       0x2c .pioenvs/bluepill_f103c8/libd88/libnano-float.a(functions.o)
                0x00000000080027a0                __wrap___aeabi_d2iz
 .text.__wrap___aeabi_d2uiz
                0x00000000080027cc       0x38 .pioenvs/bluepill_f103c8/libd88/libnano-float.a(functions.o)
                0x00000000080027cc                __wrap___aeabi_d2uiz
 .text.sqrt     0x0000000008002804       0x1c .pioenvs/bluepill_f103c8/libd88/libnano-float.a(functions.o)
                0x0000000008002804                sqrt
 .text.log      0x0000000008002820       0x1c .pioenvs/bluepill_f103c8/libd88/libnano-float.a(functions.o)
                0x0000000008002820                log
 .text.exp      0x000000000800283c       0x1c .pioenvs/bluepill_f103c8/libd88/libnano-float.a(functions.o)
                0x000000000800283c                exp
 .text.log2     0x0000000008002858       0x28 .pioenvs/bluepill_f103c8/libd88/libnano-float.a(functions.o)
                0x0000000008002858                log2
 .text.log10    0x0000000008002880       0x28 .pioenvs/bluepill_f103c8/libd88/libnano-float.a(functions.o)
                0x0000000008002880                log10
 .text.pow      0x00000000080028a8       0x88 .pioenvs/bluepill_f103c8/libd88/libnano-float.a(functions.o)
                0x00000000080028a8                pow
 .text.ldexp    0x0000000008002930       0x40 .pioenvs/bluepill_f103c8/libd88/libnano-float.a(functions.o)
                0x0000000008002930                ldexp
 .text.sin      0x0000000008002970       0x1c .pioenvs/bluepill_f103c8/libd88/libnano-float.a(functions.o)
                0x0000000008002970                sin
 .text.cos      0x000000000800298c       0x34 .pioenvs/bluepill_f103c8/libd88/libnano-float.a(functions.o)
                0x000000000800298c                cos
 .text.tan      0x00000000080029c0       0x1c .pioenvs/bluepill_f103c8/libd88/libnano-float.a(functions.o)
                0x00000000080029c0                tan
 .text.atan2    0x00000000080029dc       0x50 .pioenvs/bluepill_f103c8/libd88/libnano-float.a(functions.o)
                0x00000000080029dc                atan2
 .text.atan     0x0000000008002a2c       0xa8 .pioenvs/bluepill_f103c8/libd88/libnano-float.a(functions.o)
                0x0000000008002a2c                atan
 .text.asin     0x0000000008002ad4       0x88 .pioenvs/bluepill_f103c8/libd88/libnano-float.a(functions.o)
                0x0000000008002ad4                asin
 .text.sinh     0x0000000008002b5c       0x94 .pioenvs/bluepill_f103c8/libd88/libnano-float.a(functions.o)
                0x0000000008002b5c                sinh
 .text.cosh     0x0000000008002bf0       0x9c .pioenvs/bluepill_f103c8/libd88/libnano-float.a(functions.o)
                0x0000000008002bf0                cosh
 .text.tanh     0x0000000008002c8c       0xac .pioenvs/bluepill_f103c8/libd88/libnano-float.a(functions.o)
                0x0000000008002c8c                tanh
 .text.asinh    0x0000000008002d38       0x94 .pioenvs/bluepill_f103c8/libd88/libnano-float.a(functions.o)
                0x0000000008002d38                asinh
 .text.acosh    0x0000000008002dcc       0xac .pioenvs/bluepill_f103c8/libd88/libnano-float.a(functions.o)
                0x0000000008002dcc                acosh
 .text.atanh    0x0000000008002e78       0xbc .pioenvs/bluepill_f103c8/libd88/libnano-float.a(functions.o)
                0x0000000008002e78                atanh
 .text.trunc    0x0000000008002f34       0x80 .pioenvs/bluepill_f103c8/libd88/libnano-float.a(functions.o)
                0x0000000008002f34                trunc
 .text.floor    0x0000000008002fb4       0x7c .pioenvs/bluepill_f103c8/libd88/libnano-float.a(functions.o)
                0x0000000008002fb4                floor
 .text.ceil     0x0000000008003030       0x80 .pioenvs/bluepill_f103c8/libd88/libnano-float.a(functions.o)
                0x0000000008003030                ceil
 .text.fmod     0x00000000080030b0      0x148 .pioenvs/bluepill_f103c8/libd88/libnano-float.a(functions.o)
                0x00000000080030b0                fmod
 *libnewlib.a:(SORT_BY_ALIGNMENT(.text*))
 .text.memset   0x00000000080031f8       0x10 .pioenvs/bluepill_f103c8/lib98a/libnewlib.a(memset.o)
                0x00000000080031f8                memset
 .text.strlen   0x0000000008003208       0x10 .pioenvs/bluepill_f103c8/lib98a/libnewlib.a(strlen.o)
                0x0000000008003208                strlen
 .text.strncat  0x0000000008003218       0x28 .pioenvs/bluepill_f103c8/lib98a/libnewlib.a(strncat.o)
                0x0000000008003218                strncat
 .text.strncpy  0x0000000008003240       0x2a .pioenvs/bluepill_f103c8/lib98a/libnewlib.a(strncpy.o)
                0x0000000008003240                strncpy
 .text.memcpy   0x000000000800326a       0x1c .pioenvs/bluepill_f103c8/lib98a/libnewlib.a(memcpy.o)
                0x000000000800326a                memcpy
 .text.memcmp   0x0000000008003286       0x1e .pioenvs/bluepill_f103c8/lib98a/libnewlib.a(memcmp.o)
                0x0000000008003286                memcmp
 *liblogger.a:(SORT_BY_ALIGNMENT(.text*))
 .text.enable_log
                0x00000000080032a4       0x18 .pioenvs/bluepill_f103c8/libd9b/liblogger.a(logger.o)
                0x00000000080032a4                enable_log
 .text.debug_flush
                0x00000000080032bc       0x38 .pioenvs/bluepill_f103c8/libd9b/liblogger.a(logger.o)
                0x00000000080032bc                debug_flush
 .text._ZL12debug_appendPKcj
                0x00000000080032f4       0x50 .pioenvs/bluepill_f103c8/libd9b/liblogger.a(logger.o)
 .text._Z11debug_printj
                0x0000000008003344       0x7c .pioenvs/bluepill_f103c8/libd9b/liblogger.a(logger.o)
                0x0000000008003344                debug_print(unsigned int)
 .text._Z11debug_printi
                0x00000000080033c0       0x30 .pioenvs/bluepill_f103c8/libd9b/liblogger.a(logger.o)
                0x00000000080033c0                debug_print(int)
 .text.debug_println
                0x00000000080033f0       0x1c .pioenvs/bluepill_f103c8/libd9b/liblogger.a(logger.o)
                0x00000000080033f0                debug_println
 .text._Z13debug_printlni
                0x000000000800340c       0x18 .pioenvs/bluepill_f103c8/libd9b/liblogger.a(logger.o)
                0x000000000800340c                debug_println(int)
 .text.debug_write
                0x0000000008003424       0x16 .pioenvs/bluepill_f103c8/libd9b/liblogger.a(logger.o)
                0x0000000008003424                debug_write
 .text.debug_print
                0x000000000800343a       0x1a .pioenvs/bluepill_f103c8/libd9b/liblogger.a(logger.o)
                0x000000000800343a                debug_print
 .text.debug_print_unsigned
                0x0000000008003454        0x4 .pioenvs/bluepill_f103c8/libd9b/liblogger.a(logger.o)
                0x0000000008003454                debug_print_unsigned
 .text.debug_printhex
                0x0000000008003458       0x42 .pioenvs/bluepill_f103c8/libd9b/liblogger.a(logger.o)
                0x0000000008003458                debug_printhex
 .text.debug_printhex_unsigned
                0x000000000800349a       0x24 .pioenvs/bluepill_f103c8/libd9b/liblogger.a(logger.o)
                0x000000000800349a                debug_printhex_unsigned
 *libbluepill.a:(SORT_BY_ALIGNMENT(.text*))
 *fill*         0x00000000080034be        0x2 
 .text.led_setup
                0x00000000080034c0       0x20 .pioenvs/bluepill_f103c8/lib271/libbluepill.a(led.o)
                0x00000000080034c0                led_setup
 .text.led_on   0x00000000080034e0       0x10 .pioenvs/bluepill_f103c8/lib271/libbluepill.a(led.o)
                0x00000000080034e0                led_on
 .text.led_off  0x00000000080034f0       0x10 .pioenvs/bluepill_f103c8/lib271/libbluepill.a(led.o)
                0x00000000080034f0                led_off
 .text.led_wait
                0x0000000008003500       0x10 .pioenvs/bluepill_f103c8/lib271/libbluepill.a(led.o)
                0x0000000008003500                led_wait
 .text.platform_start_timer
                0x0000000008003510      0x114 .pioenvs/bluepill_f103c8/lib271/libbluepill.a(timer.o)
                0x0000000008003510                platform_start_timer
 .text.rtc_isr  0x0000000008003624       0x30 .pioenvs/bluepill_f103c8/lib271/libbluepill.a(timer.o)
                0x0000000008003624                rtc_isr
 .text.rtc_alarm_isr
                0x0000000008003654       0x30 .pioenvs/bluepill_f103c8/lib271/libbluepill.a(timer.o)
                0x0000000008003654                rtc_alarm_isr
 .text.platform_alarm_count
                0x0000000008003684        0xc .pioenvs/bluepill_f103c8/lib271/libbluepill.a(timer.o)
                0x0000000008003684                platform_alarm_count
 .text.platform_tick_count
                0x0000000008003690        0xc .pioenvs/bluepill_f103c8/lib271/libbluepill.a(timer.o)
                0x0000000008003690                platform_tick_count
 .text.platform_setup
                0x000000000800369c       0x4c .pioenvs/bluepill_f103c8/lib271/libbluepill.a(bluepill.o)
                0x000000000800369c                platform_setup
 .text.enable_debug
                0x00000000080036e8       0x10 .pioenvs/bluepill_f103c8/lib271/libbluepill.a(bluepill.o)
                0x00000000080036e8                enable_debug
 .text.platform_set_alarm
                0x00000000080036f8        0x4 .pioenvs/bluepill_f103c8/lib271/libbluepill.a(timer.o)
                0x00000000080036f8                platform_set_alarm
 .text.millis   0x00000000080036fc        0x4 .pioenvs/bluepill_f103c8/lib271/libbluepill.a(timer.o)
                0x00000000080036fc                millis
 .text.__cxa_pure_virtual
                0x0000000008003700        0x8 .pioenvs/bluepill_f103c8/lib271/libbluepill.a(bluepill.o)
                0x0000000008003700                __cxa_pure_virtual
 .text._Znwj    0x0000000008003708        0x4 .pioenvs/bluepill_f103c8/lib271/libbluepill.a(bluepill.o)
                0x0000000008003708                operator new(unsigned int)
 .text._ZdlPv   0x000000000800370c        0x4 .pioenvs/bluepill_f103c8/lib271/libbluepill.a(bluepill.o)
                0x000000000800370c                operator delete(void*)
 *libbootloader.a:(SORT_BY_ALIGNMENT(.text*))
 .text.bootloader_start
                0x0000000008003710       0xcc .pioenvs/bluepill_f103c8/libb45/libbootloader.a(bootloader.o)
                0x0000000008003710                bootloader_start
 .text.target_set_led
                0x00000000080037dc       0x18 .pioenvs/bluepill_f103c8/libb45/libbootloader.a(target_stm32f103.o)
                0x00000000080037dc                target_set_led
 .text.target_gpio_setup
                0x00000000080037f4       0x70 .pioenvs/bluepill_f103c8/libb45/libbootloader.a(target_stm32f103.o)
                0x00000000080037f4                target_gpio_setup
 .text.target_usb_init
                0x0000000008003864       0x2c .pioenvs/bluepill_f103c8/libb45/libbootloader.a(target_stm32f103.o)
                0x0000000008003864                target_usb_init
 .text.target_get_force_bootloader
                0x0000000008003890       0x34 .pioenvs/bluepill_f103c8/libb45/libbootloader.a(target_stm32f103.o)
                0x0000000008003890                target_get_force_bootloader
 .text.target_flash_program_array
                0x00000000080038c4       0xdc .pioenvs/bluepill_f103c8/libb45/libbootloader.a(target_stm32f103.o)
                0x00000000080038c4                target_flash_program_array
 .text.set_aggregate_callback
                0x00000000080039a0       0x5c .pioenvs/bluepill_f103c8/libb45/libbootloader.a(usb_conf.o)
 .text.usb_setup
                0x00000000080039fc       0x90 .pioenvs/bluepill_f103c8/libb45/libbootloader.a(usb_conf.o)
                0x00000000080039fc                usb_setup
 .text.aggregate_register_config_callback
                0x0000000008003a8c       0x38 .pioenvs/bluepill_f103c8/libb45/libbootloader.a(usb_conf.o)
                0x0000000008003a8c                aggregate_register_config_callback
 .text.aggregate_register_callback
                0x0000000008003ac4       0x4c .pioenvs/bluepill_f103c8/libb45/libbootloader.a(usb_conf.o)
                0x0000000008003ac4                aggregate_register_callback
 .text.usb_set_serial_number
                0x0000000008003b10       0x1c .pioenvs/bluepill_f103c8/libb45/libbootloader.a(usb_conf.o)
                0x0000000008003b10                usb_set_serial_number
 .text.dump_buffer
                0x0000000008003b2c       0x4c .pioenvs/bluepill_f103c8/libb45/libbootloader.a(usb_conf.o)
                0x0000000008003b2c                dump_buffer
 .text.dump_usb_request
                0x0000000008003b78      0x130 .pioenvs/bluepill_f103c8/libb45/libbootloader.a(usb_conf.o)
                0x0000000008003b78                dump_usb_request
 .text.aggregate_callback
                0x0000000008003ca8       0x64 .pioenvs/bluepill_f103c8/libb45/libbootloader.a(usb_conf.o)
 .text.webusb_set_config
                0x0000000008003d0c       0x28 .pioenvs/bluepill_f103c8/libb45/libbootloader.a(webusb.o)
 .text.webusb_control_vendor_request
                0x0000000008003d34       0x9c .pioenvs/bluepill_f103c8/libb45/libbootloader.a(webusb.o)
 .text.webusb_setup
                0x0000000008003dd0       0x4c .pioenvs/bluepill_f103c8/libb45/libbootloader.a(webusb.o)
                0x0000000008003dd0                webusb_setup
 .text.winusb_control_vendor_request
                0x0000000008003e1c       0x94 .pioenvs/bluepill_f103c8/libb45/libbootloader.a(winusb.o)
 .text.winusb_set_config
                0x0000000008003eb0       0x28 .pioenvs/bluepill_f103c8/libb45/libbootloader.a(winusb.o)
 .text.winusb_descriptor_request
                0x0000000008003ed8       0x48 .pioenvs/bluepill_f103c8/libb45/libbootloader.a(winusb.o)
 .text.winusb_setup
                0x0000000008003f20       0x5c .pioenvs/bluepill_f103c8/libb45/libbootloader.a(winusb.o)
                0x0000000008003f20                winusb_setup
 .text.cdcacm_comm_cb
                0x0000000008003f7c       0x14 .pioenvs/bluepill_f103c8/libb45/libbootloader.a(cdc.o)
 .text.cdcacm_data_rx_cb
                0x0000000008003f90       0x4c .pioenvs/bluepill_f103c8/libb45/libbootloader.a(cdc.o)
 .text.cdcacm_set_config
                0x0000000008003fdc       0x68 .pioenvs/bluepill_f103c8/libb45/libbootloader.a(cdc.o)
 .text.cdcacm_control_request
                0x0000000008004044       0x68 .pioenvs/bluepill_f103c8/libb45/libbootloader.a(cdc.o)
 .text.cdc_setup
                0x00000000080040ac       0x24 .pioenvs/bluepill_f103c8/libb45/libbootloader.a(cdc.o)
                0x00000000080040ac                cdc_setup
 .text.hf2_set_config
                0x00000000080040d0       0x3c .pioenvs/bluepill_f103c8/libb45/libbootloader.a(hf2.o)
 .text.assert.part.0
                0x000000000800410c       0x1c .pioenvs/bluepill_f103c8/libb45/libbootloader.a(hf2.o)
 .text.pokeSend
                0x0000000008004128       0x84 .pioenvs/bluepill_f103c8/libb45/libbootloader.a(hf2.o)
 .text.send_hf2_response
                0x00000000080041ac       0x38 .pioenvs/bluepill_f103c8/libb45/libbootloader.a(hf2.o)
 .text.hf2_data_rx_cb
                0x00000000080041e4      0x19c .pioenvs/bluepill_f103c8/libb45/libbootloader.a(hf2.o)
 .text.hf2_setup
                0x0000000008004380       0x2c .pioenvs/bluepill_f103c8/libb45/libbootloader.a(hf2.o)
                0x0000000008004380                hf2_setup
 .text.backup_write
                0x00000000080043ac       0x38 .pioenvs/bluepill_f103c8/libb45/libbootloader.a(backup.o)
                0x00000000080043ac                backup_write
 .text.backup_read
                0x00000000080043e4       0x18 .pioenvs/bluepill_f103c8/libb45/libbootloader.a(backup.o)
                0x00000000080043e4                backup_read
 .text.usb21_set_config
                0x00000000080043fc       0x28 .pioenvs/bluepill_f103c8/libb45/libbootloader.a(usb21_standard.o)
 .text.usb21_standard_get_descriptor
                0x0000000008004424       0xcc .pioenvs/bluepill_f103c8/libb45/libbootloader.a(usb21_standard.o)
 .text.usb21_setup
                0x00000000080044f0       0x38 .pioenvs/bluepill_f103c8/libb45/libbootloader.a(usb21_standard.o)
                0x00000000080044f0                usb21_setup
 .text.flushFlash
                0x0000000008004528       0x94 .pioenvs/bluepill_f103c8/libb45/libbootloader.a(ghostfat.o)
 .text.flash_write
                0x00000000080045bc       0x48 .pioenvs/bluepill_f103c8/libb45/libbootloader.a(ghostfat.o)
                0x00000000080045bc                flash_write
 .text.target_get_serial_number
                0x0000000008004604        0x6 .pioenvs/bluepill_f103c8/libb45/libbootloader.a(target_stm32f103.o)
                0x0000000008004604                target_get_serial_number
 .text.target_flash_unlock
                0x000000000800460a        0x4 .pioenvs/bluepill_f103c8/libb45/libbootloader.a(target_stm32f103.o)
                0x000000000800460a                target_flash_unlock
 .text.target_flash_lock
                0x000000000800460e        0x4 .pioenvs/bluepill_f103c8/libb45/libbootloader.a(target_stm32f103.o)
                0x000000000800460e                target_flash_lock
 .text.hf2_data_tx_cb
                0x0000000008004612        0x4 .pioenvs/bluepill_f103c8/libb45/libbootloader.a(hf2.o)
 *libhal.a:(SORT_BY_ALIGNMENT(.text*))
 *fill*         0x0000000008004616        0x2 
 .text._ZL10timer_tickv
                0x0000000008004618       0x10 .pioenvs/bluepill_f103c8/libccd/libhal.a(codal_target_hal.o)
 .text._ZL11timer_alarmv
                0x0000000008004628       0x10 .pioenvs/bluepill_f103c8/libccd/libhal.a(codal_target_hal.o)
 .text._Z25stm32bluepill_dmesg_flushv
                0x0000000008004638       0x38 .pioenvs/bluepill_f103c8/libccd/libhal.a(codal_target_hal.o)
                0x0000000008004638                stm32bluepill_dmesg_flush()
 .text.target_set_tick_callback
                0x0000000008004670        0xc .pioenvs/bluepill_f103c8/libccd/libhal.a(codal_target_hal.o)
                0x0000000008004670                target_set_tick_callback
 .text.target_set_alarm_callback
                0x000000000800467c        0xc .pioenvs/bluepill_f103c8/libccd/libhal.a(codal_target_hal.o)
                0x000000000800467c                target_set_alarm_callback
 .text.target_init
                0x0000000008004688       0x3c .pioenvs/bluepill_f103c8/libccd/libhal.a(codal_target_hal.o)
                0x0000000008004688                target_init
 .text.target_wait
                0x00000000080046c4       0x24 .pioenvs/bluepill_f103c8/libccd/libhal.a(codal_target_hal.o)
                0x00000000080046c4                target_wait
 .text.target_wait_us
                0x00000000080046e8       0x2c .pioenvs/bluepill_f103c8/libccd/libhal.a(codal_target_hal.o)
                0x00000000080046e8                target_wait_us
 .text.target_panic
                0x0000000008004714       0x20 .pioenvs/bluepill_f103c8/libccd/libhal.a(codal_target_hal.o)
                0x0000000008004714                target_panic
 .text.fiber_initial_stack_base
                0x0000000008004734        0x8 .pioenvs/bluepill_f103c8/libccd/libhal.a(codal_target_hal.o)
                0x0000000008004734                fiber_initial_stack_base
 .text.test_codal
                0x000000000800473c       0x70 .pioenvs/bluepill_f103c8/libccd/libhal.a(codal_target_hal.o)
                0x000000000800473c                test_codal
 .text.target_enable_debug
                0x00000000080047ac        0x4 .pioenvs/bluepill_f103c8/libccd/libhal.a(codal_target_hal.o)
                0x00000000080047ac                target_enable_debug
 .text.target_enable_irq
                0x00000000080047b0        0x4 .pioenvs/bluepill_f103c8/libccd/libhal.a(codal_target_hal.o)
                0x00000000080047b0                target_enable_irq
 .text.target_disable_irq
                0x00000000080047b4        0x4 .pioenvs/bluepill_f103c8/libccd/libhal.a(codal_target_hal.o)
                0x00000000080047b4                target_disable_irq
 .text.target_wait_for_event
                0x00000000080047b8        0xa .pioenvs/bluepill_f103c8/libccd/libhal.a(codal_target_hal.o)
                0x00000000080047b8                target_wait_for_event
 .text.tcb_allocate
                0x00000000080047c2        0x6 .pioenvs/bluepill_f103c8/libccd/libhal.a(codal_target_hal.o)
                0x00000000080047c2                tcb_allocate
 .text.tcb_configure_lr
                0x00000000080047c8        0x4 .pioenvs/bluepill_f103c8/libccd/libhal.a(codal_target_hal.o)
                0x00000000080047c8                tcb_configure_lr
 .text.tcb_configure_sp
                0x00000000080047cc        0x4 .pioenvs/bluepill_f103c8/libccd/libhal.a(codal_target_hal.o)
                0x00000000080047cc                tcb_configure_sp
 .text.tcb_configure_stack_base
                0x00000000080047d0        0x4 .pioenvs/bluepill_f103c8/libccd/libhal.a(codal_target_hal.o)
                0x00000000080047d0                tcb_configure_stack_base
 .text.tcb_get_stack_base
                0x00000000080047d4        0x4 .pioenvs/bluepill_f103c8/libccd/libhal.a(codal_target_hal.o)
                0x00000000080047d4                tcb_get_stack_base
 .text.get_current_sp
                0x00000000080047d8        0x4 .pioenvs/bluepill_f103c8/libccd/libhal.a(codal_target_hal.o)
                0x00000000080047d8                get_current_sp
 .text.tcb_get_sp
                0x00000000080047dc        0x4 .pioenvs/bluepill_f103c8/libccd/libhal.a(codal_target_hal.o)
                0x00000000080047dc                tcb_get_sp
 .text.tcb_configure_args
                0x00000000080047e0        0x8 .pioenvs/bluepill_f103c8/libccd/libhal.a(codal_target_hal.o)
                0x00000000080047e0                tcb_configure_args
 .text._fini    0x00000000080047e8        0x2 .pioenvs/bluepill_f103c8/libccd/libhal.a(codal_target_hal.o)
                0x00000000080047e8                _fini
 .text.__aeabi_atexit
                0x00000000080047ea        0x4 .pioenvs/bluepill_f103c8/libccd/libhal.a(codal_target_hal.o)
                0x00000000080047ea                __aeabi_atexit
                0x00000000080047f0                . = ALIGN (0x4)
 *fill*         0x00000000080047ee        0x2 
 *(SORT_BY_ALIGNMENT(.rodata*))
 .rodata._ZTVN5codal3_cm3PinE
                0x00000000080047f0       0x54 .pioenvs/bluepill_f103c8/lib739/libcm.a(CmPin.o)
                0x00000000080047f0                vtable for codal::_cm::Pin
 .rodata._ZTVN5codal5TimerE
                0x0000000008004844       0x18 .pioenvs/bluepill_f103c8/lib3e7/libcodal-core.a(Timer.o)
                0x0000000008004844                vtable for codal::Timer
 .rodata._ZTVN5codal14CodalComponentE
                0x000000000800485c       0x1c .pioenvs/bluepill_f103c8/lib2eb/libmodel.a(STM32BluePill.o)
                0x000000000800485c                vtable for codal::CodalComponent
 .rodata._ZTVN5codal13STM32BluePillE
                0x0000000008004878       0x1c .pioenvs/bluepill_f103c8/lib2eb/libmodel.a(STM32BluePill.o)
                0x0000000008004878                vtable for codal::STM32BluePill
 .rodata.PinMap_SPI_MISO
                0x0000000008004894       0x48 .pioenvs/bluepill_f103c8/lib2eb/libmodel.a(STM32BluePillIO.o)
                0x0000000008004894                PinMap_SPI_MISO
 .rodata.PinMap_SPI_MOSI
                0x00000000080048dc       0x48 .pioenvs/bluepill_f103c8/lib2eb/libmodel.a(STM32BluePillIO.o)
                0x00000000080048dc                PinMap_SPI_MOSI
 .rodata.PinMap_SPI_NSS
                0x0000000008004924       0x48 .pioenvs/bluepill_f103c8/lib2eb/libmodel.a(STM32BluePillIO.o)
                0x0000000008004924                PinMap_SPI_NSS
 .rodata.PinMap_SPI_SCK
                0x000000000800496c       0x48 .pioenvs/bluepill_f103c8/lib2eb/libmodel.a(STM32BluePillIO.o)
                0x000000000800496c                PinMap_SPI_SCK
 .rodata.interfaces
                0x00000000080049b4       0x30 .pioenvs/bluepill_f103c8/libb45/libbootloader.a(usb_conf.o)
 .rodata._ZTVN5codal3_cm3I2CE
                0x00000000080049e4       0x2c .pioenvs/bluepill_f103c8/lib739/libcm.a(CmI2C.o)
                0x00000000080049e4                vtable for codal::_cm::I2C
 .rodata._ZTVN5codal3_cm3SPIE
                0x0000000008004a10       0x1c .pioenvs/bluepill_f103c8/lib739/libcm.a(CmSPI.o)
                0x0000000008004a10                vtable for codal::_cm::SPI
 .rodata._ZTVN5codal3_cm6SerialE
                0x0000000008004a2c       0x38 .pioenvs/bluepill_f103c8/lib739/libcm.a(CmSerial.o)
                0x0000000008004a2c                vtable for codal::_cm::Serial
 .rodata._ZTVN5codal3_cm5TimerE
                0x0000000008004a64       0x18 .pioenvs/bluepill_f103c8/lib739/libcm.a(CmTimer.o)
                0x0000000008004a64                vtable for codal::_cm::Timer
 .rodata._ZTVN5codal3I2CE
                0x0000000008004a7c       0x2c .pioenvs/bluepill_f103c8/lib3e7/libcodal-core.a(I2C.o)
                0x0000000008004a7c                vtable for codal::I2C
 .rodata._ZTVN5codal6SerialE
                0x0000000008004aa8       0x38 .pioenvs/bluepill_f103c8/lib3e7/libcodal-core.a(Serial.o)
                0x0000000008004aa8                vtable for codal::Serial
 .rodata._ZTVN5codal10EventModelE
                0x0000000008004ae0       0x14 .pioenvs/bluepill_f103c8/lib3e7/libcodal-core.a(MessageBus.o)
                0x0000000008004ae0                vtable for codal::EventModel
 .rodata._ZTVN5codal10MessageBusE
                0x0000000008004af4       0x3c .pioenvs/bluepill_f103c8/lib3e7/libcodal-core.a(MessageBus.o)
                0x0000000008004af4                vtable for codal::MessageBus
 .rodata._ZL9emptyData
                0x0000000008004b30        0x4 .pioenvs/bluepill_f103c8/lib3e7/libcodal-core.a(ManagedString.o)
 .rodata.st_usbfs_v1_usb_driver
                0x0000000008004b34       0x34 .pioenvs/bluepill_f103c8/libFrameworkLibOpenCM3.a(st_usbfs_v1.o)
                0x0000000008004b34                st_usbfs_v1_usb_driver
 .rodata._Z10Blink_mainRN5codal13STM32BluePillE.str1.1
                0x0000000008004b68       0x1f .pioenvs/bluepill_f103c8/src/main.o
 .rodata._ZL10debug_dumpRN5codal13STM32BluePillEPKc.str1.1
                0x0000000008004b87       0x21 .pioenvs/bluepill_f103c8/src/main.o
                                         0x22 (size before relaxing)
 .rodata.test_nanofloat.str1.1
                0x0000000008004ba8      0x21f .pioenvs/bluepill_f103c8/src/unit_test.o
                                        0x220 (size before relaxing)
 .rodata.UnityPrintFloat.str1.1
                0x0000000008004dc7        0x8 .pioenvs/bluepill_f103c8/libfdb/libunity.a(unity.o)
                                          0xa (size before relaxing)
 .rodata.UnityStrBreaker
                0x0000000008004dcf       0x18 .pioenvs/bluepill_f103c8/libfdb/libunity.a(unity.o)
 .rodata.UnityStrDetail1Name
                0x0000000008004de7        0xa .pioenvs/bluepill_f103c8/libfdb/libunity.a(unity.o)
 .rodata.UnityStrDetail2Name
                0x0000000008004df1        0xb .pioenvs/bluepill_f103c8/libfdb/libunity.a(unity.o)
 .rodata.UnityStrExpected
                0x0000000008004dfc        0xb .pioenvs/bluepill_f103c8/libfdb/libunity.a(unity.o)
 .rodata.UnityStrFail
                0x0000000008004e07        0x5 .pioenvs/bluepill_f103c8/libfdb/libunity.a(unity.o)
 .rodata.UnityStrOk
                0x0000000008004e0c        0x3 .pioenvs/bluepill_f103c8/libfdb/libunity.a(unity.o)
 .rodata.UnityStrPass
                0x0000000008004e0f        0x5 .pioenvs/bluepill_f103c8/libfdb/libunity.a(unity.o)
 .rodata.UnityStrResultsFailures
                0x0000000008004e14        0xb .pioenvs/bluepill_f103c8/libfdb/libunity.a(unity.o)
 .rodata.UnityStrResultsIgnored
                0x0000000008004e1f        0xa .pioenvs/bluepill_f103c8/libfdb/libunity.a(unity.o)
 .rodata.UnityStrResultsTests
                0x0000000008004e29        0x8 .pioenvs/bluepill_f103c8/libfdb/libunity.a(unity.o)
 .rodata.UnityStrSpacer
                0x0000000008004e31        0x3 .pioenvs/bluepill_f103c8/libfdb/libunity.a(unity.o)
 .rodata.UnityStrWas
                0x0000000008004e34        0x6 .pioenvs/bluepill_f103c8/libfdb/libunity.a(unity.o)
 .rodata._Z11debug_printi.str1.1
                0x0000000008004e3a        0x2 .pioenvs/bluepill_f103c8/libd9b/liblogger.a(logger.o)
                                          0x4 (size before relaxing)
 .rodata._Z11debug_printj.str1.1
                0x0000000008004e3c        0xb .pioenvs/bluepill_f103c8/libd9b/liblogger.a(logger.o)
 .rodata.debug_println.str1.1
                0x0000000008004e47        0x2 .pioenvs/bluepill_f103c8/libd9b/liblogger.a(logger.o)
 .rodata.platform_start_timer.str1.1
                0x0000000008004e49       0x2f .pioenvs/bluepill_f103c8/lib271/libbluepill.a(timer.o)
 .rodata._ZN5codal3_cm3Pin15setDigitalValueEi.str1.1
                0x0000000008004e78       0x42 .pioenvs/bluepill_f103c8/lib739/libcm.a(CmPin.o)
 .rodata.target_panic.str1.1
                0x0000000008004eba       0x13 .pioenvs/bluepill_f103c8/libccd/libhal.a(codal_target_hal.o)
 .rodata.target_wait.str1.1
                0x0000000008004ecd       0x10 .pioenvs/bluepill_f103c8/libccd/libhal.a(codal_target_hal.o)
 .rodata.target_wait_us.str1.1
                0x0000000008004edd       0x13 .pioenvs/bluepill_f103c8/libccd/libhal.a(codal_target_hal.o)
 .rodata.test_codal.str1.1
                0x0000000008004ef0       0x34 .pioenvs/bluepill_f103c8/libccd/libhal.a(codal_target_hal.o)
 .rodata.platform_setup.str1.1
                0x0000000008004f24       0x13 .pioenvs/bluepill_f103c8/lib271/libbluepill.a(bluepill.o)
 .rodata.bootloader_start.str1.1
                0x0000000008004f37       0x74 .pioenvs/bluepill_f103c8/libb45/libbootloader.a(bootloader.o)
 .rodata.target_flash_program_array.str1.1
                0x0000000008004fab       0x6a .pioenvs/bluepill_f103c8/libb45/libbootloader.a(target_stm32f103.o)
                                         0x6b (size before relaxing)
 .rodata.aggregate_callback.str1.1
                0x0000000008005015        0x4 .pioenvs/bluepill_f103c8/libb45/libbootloader.a(usb_conf.o)
 .rodata.aggregate_register_callback.str1.1
                0x0000000008005019       0x26 .pioenvs/bluepill_f103c8/libb45/libbootloader.a(usb_conf.o)
 .rodata.aggregate_register_config_callback.str1.1
                0x000000000800503f       0x25 .pioenvs/bluepill_f103c8/libb45/libbootloader.a(usb_conf.o)
 .rodata.bos_descriptor
                0x0000000008005064        0x9 .pioenvs/bluepill_f103c8/libb45/libbootloader.a(usb_conf.o)
 .rodata.cdc_iface_assoc
                0x000000000800506d        0x8 .pioenvs/bluepill_f103c8/libb45/libbootloader.a(usb_conf.o)
 .rodata.cdcacm_functional_descriptors
                0x0000000008005075       0x13 .pioenvs/bluepill_f103c8/libb45/libbootloader.a(usb_conf.o)
 .rodata.comm_endp
                0x0000000008005088        0xf .pioenvs/bluepill_f103c8/libb45/libbootloader.a(usb_conf.o)
 .rodata.comm_iface
                0x0000000008005097       0x15 .pioenvs/bluepill_f103c8/libb45/libbootloader.a(usb_conf.o)
 .rodata.config
                0x00000000080050ac        0xd .pioenvs/bluepill_f103c8/libb45/libbootloader.a(usb_conf.o)
 .rodata.data_endp
                0x00000000080050b9       0x1e .pioenvs/bluepill_f103c8/libb45/libbootloader.a(usb_conf.o)
 .rodata.data_iface
                0x00000000080050d7       0x15 .pioenvs/bluepill_f103c8/libb45/libbootloader.a(usb_conf.o)
 .rodata.dev    0x00000000080050ec       0x12 .pioenvs/bluepill_f103c8/libb45/libbootloader.a(usb_conf.o)
 .rodata.dump_buffer.str1.1
                0x00000000080050fe       0x25 .pioenvs/bluepill_f103c8/libb45/libbootloader.a(usb_conf.o)
                                          0x7 (size before relaxing)
 .rodata.dump_usb_request.str1.1
                0x00000000080050fe       0x6c .pioenvs/bluepill_f103c8/libb45/libbootloader.a(usb_conf.o)
                                         0x70 (size before relaxing)
 .rodata.hf2_endp
                0x000000000800516a       0x1e .pioenvs/bluepill_f103c8/libb45/libbootloader.a(usb_conf.o)
 .rodata.hf2_iface
                0x0000000008005188       0x15 .pioenvs/bluepill_f103c8/libb45/libbootloader.a(usb_conf.o)
 .rodata.set_aggregate_callback.str1.1
                0x000000000800519d       0x40 .pioenvs/bluepill_f103c8/libb45/libbootloader.a(usb_conf.o)
 .rodata.str1.1
                0x00000000080051dd       0x7e .pioenvs/bluepill_f103c8/libb45/libbootloader.a(usb_conf.o)
 .rodata.usb_setup.str1.1
                0x000000000800525b       0x2e .pioenvs/bluepill_f103c8/libb45/libbootloader.a(usb_conf.o)
 .rodata.webusb_control_vendor_request.str1.1
                0x0000000008005289       0x3c .pioenvs/bluepill_f103c8/libb45/libbootloader.a(webusb.o)
                                         0x3d (size before relaxing)
 .rodata.webusb_platform_capability_descriptor
                0x00000000080052c5       0x18 .pioenvs/bluepill_f103c8/libb45/libbootloader.a(webusb.o)
                0x00000000080052c5                webusb_platform_capability_descriptor
 .rodata.webusb_set_config.str1.1
                0x00000000080052dd       0x1d .pioenvs/bluepill_f103c8/libb45/libbootloader.a(webusb.o)
 .rodata.webusb_setup.str1.1
                0x00000000080052fa       0x18 .pioenvs/bluepill_f103c8/libb45/libbootloader.a(webusb.o)
 .rodata.guid   0x0000000008005312       0x92 .pioenvs/bluepill_f103c8/libb45/libbootloader.a(winusb.o)
 .rodata.microsoft_platform_capability_descriptor
                0x00000000080053a4       0x1c .pioenvs/bluepill_f103c8/libb45/libbootloader.a(winusb.o)
                0x00000000080053a4                microsoft_platform_capability_descriptor
 .rodata.winusb_control_vendor_request.str1.1
                0x00000000080053c0       0x14 .pioenvs/bluepill_f103c8/libb45/libbootloader.a(winusb.o)
 .rodata.winusb_descriptor_request.str1.1
                0x00000000080053d4        0x6 .pioenvs/bluepill_f103c8/libb45/libbootloader.a(winusb.o)
 .rodata.winusb_set_config.str1.1
                0x00000000080053da       0x1d .pioenvs/bluepill_f103c8/libb45/libbootloader.a(winusb.o)
 .rodata.winusb_setup.str1.1
                0x00000000080053f7       0x18 .pioenvs/bluepill_f103c8/libb45/libbootloader.a(winusb.o)
 .rodata.winusb_string_descriptor
                0x000000000800540f       0x12 .pioenvs/bluepill_f103c8/libb45/libbootloader.a(winusb.o)
 .rodata.cdc_setup.str1.1
                0x0000000008005421       0x15 .pioenvs/bluepill_f103c8/libb45/libbootloader.a(cdc.o)
 .rodata.cdcacm_comm_cb.str1.1
                0x0000000008005436        0x5 .pioenvs/bluepill_f103c8/libb45/libbootloader.a(cdc.o)
 .rodata.cdcacm_control_request.str1.1
                0x000000000800543b       0x28 .pioenvs/bluepill_f103c8/libb45/libbootloader.a(cdc.o)
                                         0x30 (size before relaxing)
 .rodata.cdcacm_data_rx_cb.str1.1
                0x0000000008005463        0x4 .pioenvs/bluepill_f103c8/libb45/libbootloader.a(cdc.o)
 .rodata.cdcacm_set_config.str1.1
                0x0000000008005467       0x1d .pioenvs/bluepill_f103c8/libb45/libbootloader.a(cdc.o)
 .rodata.line_coding
                0x0000000008005484        0x7 .pioenvs/bluepill_f103c8/libb45/libbootloader.a(cdc.o)
 .rodata.assert.part.0.str1.1
                0x000000000800548b        0xc .pioenvs/bluepill_f103c8/libb45/libbootloader.a(hf2.o)
 .rodata.bad_packet_message
                0x0000000008005497        0xb .pioenvs/bluepill_f103c8/libb45/libbootloader.a(hf2.o)
 .rodata.hf2_data_rx_cb.str1.1
                0x00000000080054a2       0x88 .pioenvs/bluepill_f103c8/libb45/libbootloader.a(hf2.o)
                                         0x89 (size before relaxing)
 .rodata.hf2_set_config.str1.1
                0x000000000800552a        0xb .pioenvs/bluepill_f103c8/libb45/libbootloader.a(hf2.o)
 .rodata.hf2_setup.str1.1
                0x0000000008005535       0x15 .pioenvs/bluepill_f103c8/libb45/libbootloader.a(hf2.o)
 .rodata.send_hf2_response.str1.1
                0x000000000800554a        0x7 .pioenvs/bluepill_f103c8/libb45/libbootloader.a(hf2.o)
 .rodata.usb21_set_config.str1.1
                0x0000000008005551       0x1c .pioenvs/bluepill_f103c8/libb45/libbootloader.a(usb21_standard.o)
 .rodata.usb21_setup.str1.1
                0x000000000800556d       0x17 .pioenvs/bluepill_f103c8/libb45/libbootloader.a(usb21_standard.o)
 .rodata.usb21_standard_get_descriptor.str1.1
                0x0000000008005584       0x21 .pioenvs/bluepill_f103c8/libb45/libbootloader.a(usb21_standard.o)
 .rodata.flushFlash.str1.1
                0x00000000080055a5       0x1e .pioenvs/bluepill_f103c8/libb45/libbootloader.a(ghostfat.o)
                                         0x1f (size before relaxing)
 .rodata.infoUf2File
                0x00000000080055c3       0x55 .pioenvs/bluepill_f103c8/libb45/libbootloader.a(ghostfat.o)
                0x00000000080055c3                infoUf2File
 .rodata._ZN5codal3_cm3SPI4initEv.str1.1
                0x0000000008005618       0x10 .pioenvs/bluepill_f103c8/lib739/libcm.a(CmSPI.o)
 .rodata._ZN5codal3_cm3SPIC2ERNS0_3PinES3_S3_.str1.1
                0x0000000008005628       0x22 .pioenvs/bluepill_f103c8/lib739/libcm.a(CmSPI.o)
                                         0x23 (size before relaxing)
 .rodata._ZN5codal3_cm3SPIC2ERNS0_3PinES3_S3_S3_.str1.1
                0x000000000800564a        0x6 .pioenvs/bluepill_f103c8/lib739/libcm.a(CmSPI.o)
                                         0x10 (size before relaxing)
 .rodata._ZN5codal3_cm5Timer4initEv.str1.1
                0x0000000008005650        0xb .pioenvs/bluepill_f103c8/lib739/libcm.a(CmTimer.o)
 .rodata.pinmap_cnf.str1.1
                0x000000000800565b       0x19 .pioenvs/bluepill_f103c8/lib739/libcm.a(CmPinMap.o)
 .rodata.pinmap_mode.str1.1
                0x0000000008005674       0x1a .pioenvs/bluepill_f103c8/lib739/libcm.a(CmPinMap.o)
 .rodata.pinmap_peripheral.str1.1
                0x000000000800568e       0x20 .pioenvs/bluepill_f103c8/lib739/libcm.a(CmPinMap.o)
 .rodata.chars.4166
                0x00000000080056ae       0x11 .pioenvs/bluepill_f103c8/libFrameworkLibOpenCM3.a(desig.o)
                0x00000000080056c0                . = ALIGN (0x4)
 *fill*         0x00000000080056bf        0x1 

.text           0x0000000008008000     0x6e70
 *(SORT_BY_ALIGNMENT(.vectors))
 *(SORT_BY_ALIGNMENT(.text*))
 .text.test_fabs
                0x0000000008008000      0x160 .pioenvs/bluepill_f103c8/src/unit_test.o
                0x0000000008008000                test_fabs
 .text.test_aeabi_ddiv
                0x0000000008008160      0x19c .pioenvs/bluepill_f103c8/src/unit_test.o
                0x0000000008008160                test_aeabi_ddiv
 *fill*         0x00000000080082fc        0x4 
 .text.test_aeabi_dmul
                0x0000000008008300      0x19c .pioenvs/bluepill_f103c8/src/unit_test.o
                0x0000000008008300                test_aeabi_dmul
 *fill*         0x000000000800849c        0x4 
 .text.test_aeabi_dcmpeq
                0x00000000080084a0      0x1a4 .pioenvs/bluepill_f103c8/src/unit_test.o
                0x00000000080084a0                test_aeabi_dcmpeq
 *fill*         0x0000000008008644        0x4 
 .text.test_aeabi_dcmplt
                0x0000000008008648      0x1a4 .pioenvs/bluepill_f103c8/src/unit_test.o
                0x0000000008008648                test_aeabi_dcmplt
 *fill*         0x00000000080087ec        0x4 
 .text.test_aeabi_dcmple
                0x00000000080087f0      0x1a4 .pioenvs/bluepill_f103c8/src/unit_test.o
                0x00000000080087f0                test_aeabi_dcmple
 *fill*         0x0000000008008994        0x4 
 .text.test_aeabi_dcmpge
                0x0000000008008998      0x1a4 .pioenvs/bluepill_f103c8/src/unit_test.o
                0x0000000008008998                test_aeabi_dcmpge
 *fill*         0x0000000008008b3c        0x4 
 .text.test_aeabi_dcmpgt
                0x0000000008008b40      0x1a4 .pioenvs/bluepill_f103c8/src/unit_test.o
                0x0000000008008b40                test_aeabi_dcmpgt
 *fill*         0x0000000008008ce4        0x4 
 .text.test_aeabi_dcmpun
                0x0000000008008ce8      0x1a4 .pioenvs/bluepill_f103c8/src/unit_test.o
                0x0000000008008ce8                test_aeabi_dcmpun
 *fill*         0x0000000008008e8c        0x4 
 .text.test_aeabi_d2iz
                0x0000000008008e90       0x94 .pioenvs/bluepill_f103c8/src/unit_test.o
                0x0000000008008e90                test_aeabi_d2iz
 *fill*         0x0000000008008f24        0x4 
 .text.test_aeabi_d2uiz
                0x0000000008008f28       0x90 .pioenvs/bluepill_f103c8/src/unit_test.o
                0x0000000008008f28                test_aeabi_d2uiz
 .text.test_sqrt
                0x0000000008008fb8       0xc8 .pioenvs/bluepill_f103c8/src/unit_test.o
                0x0000000008008fb8                test_sqrt
 .text.test_log
                0x0000000008009080       0xd0 .pioenvs/bluepill_f103c8/src/unit_test.o
                0x0000000008009080                test_log
 .text.test_exp
                0x0000000008009150      0x128 .pioenvs/bluepill_f103c8/src/unit_test.o
                0x0000000008009150                test_exp
 .text.test_log2
                0x0000000008009278      0x10c .pioenvs/bluepill_f103c8/src/unit_test.o
                0x0000000008009278                test_log2
 *fill*         0x0000000008009384        0x4 
 .text.test_log10
                0x0000000008009388       0xd0 .pioenvs/bluepill_f103c8/src/unit_test.o
                0x0000000008009388                test_log10
 .text.test_pow
                0x0000000008009458      0x110 .pioenvs/bluepill_f103c8/src/unit_test.o
                0x0000000008009458                test_pow
 .text.test_ldexp
                0x0000000008009568       0xc4 .pioenvs/bluepill_f103c8/src/unit_test.o
                0x0000000008009568                test_ldexp
 *fill*         0x000000000800962c        0x4 
 .text.test_sin
                0x0000000008009630      0x150 .pioenvs/bluepill_f103c8/src/unit_test.o
                0x0000000008009630                test_sin
 .text.test_cos
                0x0000000008009780      0x158 .pioenvs/bluepill_f103c8/src/unit_test.o
                0x0000000008009780                test_cos
 .text.test_tan
                0x00000000080098d8      0x148 .pioenvs/bluepill_f103c8/src/unit_test.o
                0x00000000080098d8                test_tan
 .text.test_atan2
                0x0000000008009a20      0x218 .pioenvs/bluepill_f103c8/src/unit_test.o
                0x0000000008009a20                test_atan2
 .text.test_atan
                0x0000000008009c38       0xc4 .pioenvs/bluepill_f103c8/src/unit_test.o
                0x0000000008009c38                test_atan
 *fill*         0x0000000008009cfc        0x4 
 .text.test_asin
                0x0000000008009d00       0xa8 .pioenvs/bluepill_f103c8/src/unit_test.o
                0x0000000008009d00                test_asin
 .text.test_acos
                0x0000000008009da8      0x174 .pioenvs/bluepill_f103c8/src/unit_test.o
                0x0000000008009da8                test_acos
 *fill*         0x0000000008009f1c        0x4 
 .text.test_sinh
                0x0000000008009f20      0x110 .pioenvs/bluepill_f103c8/src/unit_test.o
                0x0000000008009f20                test_sinh
 .text.test_cosh
                0x000000000800a030      0x110 .pioenvs/bluepill_f103c8/src/unit_test.o
                0x000000000800a030                test_cosh
 .text.test_tanh
                0x000000000800a140      0x110 .pioenvs/bluepill_f103c8/src/unit_test.o
                0x000000000800a140                test_tanh
 .text.test_asinh
                0x000000000800a250      0x110 .pioenvs/bluepill_f103c8/src/unit_test.o
                0x000000000800a250                test_asinh
 .text.test_acosh
                0x000000000800a360       0x90 .pioenvs/bluepill_f103c8/src/unit_test.o
                0x000000000800a360                test_acosh
 .text.test_atanh
                0x000000000800a3f0       0xc8 .pioenvs/bluepill_f103c8/src/unit_test.o
                0x000000000800a3f0                test_atanh
 .text.test_trunc
                0x000000000800a4b8      0x178 .pioenvs/bluepill_f103c8/src/unit_test.o
                0x000000000800a4b8                test_trunc
 .text.test_floor
                0x000000000800a630      0x17c .pioenvs/bluepill_f103c8/src/unit_test.o
                0x000000000800a630                test_floor
 *fill*         0x000000000800a7ac        0x4 
 .text.test_ceil
                0x000000000800a7b0      0x17c .pioenvs/bluepill_f103c8/src/unit_test.o
                0x000000000800a7b0                test_ceil
 *fill*         0x000000000800a92c        0x4 
 .text.test_fmod
                0x000000000800a930      0x1d8 .pioenvs/bluepill_f103c8/src/unit_test.o
                0x000000000800a930                test_fmod
 .text          0x000000000800ab08      0x124 asm/CortexContextSwitch.s.o
                0x000000000800ab08                swap_context
                0x000000000800ab8a                save_context
                0x000000000800abce                save_register_context
                0x000000000800abfe                restore_register_context
 .text._ZL10debug_dumpRN5codal13STM32BluePillEPKc
                0x000000000800ac2c       0x7c .pioenvs/bluepill_f103c8/src/main.o
 .text._Z10Blink_mainRN5codal13STM32BluePillE
                0x000000000800aca8       0x74 .pioenvs/bluepill_f103c8/src/main.o
                0x000000000800aca8                Blink_main(codal::STM32BluePill&)
 .text.startup._GLOBAL__sub_I_serialPort
                0x000000000800ad1c       0x10 .pioenvs/bluepill_f103c8/src/uart.o
 .text.test_aeabi_fdiv
                0x000000000800ad2c      0x100 .pioenvs/bluepill_f103c8/src/unit_test.o
                0x000000000800ad2c                test_aeabi_fdiv
 .text.test_nanofloat
                0x000000000800ae2c      0x438 .pioenvs/bluepill_f103c8/src/unit_test.o
                0x000000000800ae2c                test_nanofloat
 .text._ZN5codal3_cm3Pin14setAnalogValueEi
                0x000000000800b264       0x1c .pioenvs/bluepill_f103c8/lib739/libcm.a(CmPin.o)
                0x000000000800b264                codal::_cm::Pin::setAnalogValue(int)
 .text._ZN5codal3_cm3Pin13setServoValueEiii
                0x000000000800b280       0x2c .pioenvs/bluepill_f103c8/lib739/libcm.a(CmPin.o)
                0x000000000800b280                codal::_cm::Pin::setServoValue(int, int, int)
 .text._ZN5codal3_cm3Pin9isTouchedEv
                0x000000000800b2ac        0x8 .pioenvs/bluepill_f103c8/lib739/libcm.a(CmPin.o)
                0x000000000800b2ac                codal::_cm::Pin::isTouched()
 .text._ZN5codal3_cm3Pin17getAnalogPeriodUsEv
                0x000000000800b2b4        0x8 .pioenvs/bluepill_f103c8/lib739/libcm.a(CmPin.o)
                0x000000000800b2b4                codal::_cm::Pin::getAnalogPeriodUs()
 .text._ZN5codal3_cm3Pin15setDigitalValueEi
                0x000000000800b2bc       0x80 .pioenvs/bluepill_f103c8/lib739/libcm.a(CmPin.o)
                0x000000000800b2bc                codal::_cm::Pin::setDigitalValue(int)
 .text._ZN5codal3_cm3PinC2EhmmtNS_13PinCapabilityE
                0x000000000800b33c       0x2c .pioenvs/bluepill_f103c8/lib739/libcm.a(CmPin.o)
                0x000000000800b33c                codal::_cm::Pin::Pin(unsigned char, unsigned long, unsigned long, unsigned short, codal::PinCapability)
                0x000000000800b33c                codal::_cm::Pin::Pin(unsigned char, unsigned long, unsigned long, unsigned short, codal::PinCapability)
 .text.os_event_init
                0x000000000800b368        0xc .pioenvs/bluepill_f103c8/libea7/libcocoOS_5.0.3.a(os_event.o)
                0x000000000800b368                os_event_init
 .text.os_init  0x000000000800b374       0x34 .pioenvs/bluepill_f103c8/libea7/libcocoOS_5.0.3.a(os_kernel.o)
                0x000000000800b374                os_init
 .text.os_msgQ_init
                0x000000000800b3a8       0x24 .pioenvs/bluepill_f103c8/libea7/libcocoOS_5.0.3.a(os_msgqueue.o)
                0x000000000800b3a8                os_msgQ_init
 .text.os_sem_init
                0x000000000800b3cc        0xc .pioenvs/bluepill_f103c8/libea7/libcocoOS_5.0.3.a(os_sem.o)
                0x000000000800b3cc                os_sem_init
 .text.os_task_init
                0x000000000800b3d8       0x40 .pioenvs/bluepill_f103c8/libea7/libcocoOS_5.0.3.a(os_task.o)
                0x000000000800b3d8                os_task_init
 .text.codal_dmesg_set_flush_fn
                0x000000000800b418        0xc .pioenvs/bluepill_f103c8/lib3e7/libcodal-core.a(CodalDmesg.o)
                0x000000000800b418                codal_dmesg_set_flush_fn
 .text.codal_dmesg_flush
                0x000000000800b424       0x10 .pioenvs/bluepill_f103c8/lib3e7/libcodal-core.a(CodalDmesg.o)
                0x000000000800b424                codal_dmesg_flush
 .text._ZN5codal10EventModel6listenEiiPFvNS_5EventEEt
                0x000000000800b434       0x60 .pioenvs/bluepill_f103c8/lib3e7/libcodal-core.a(CodalFiber.o)
                0x000000000800b434                codal::EventModel::listen(int, int, void (*)(codal::Event), unsigned short)
 .text._ZN5codal14scheduler_tickENS_5EventE
                0x000000000800b494       0x38 .pioenvs/bluepill_f103c8/lib3e7/libcodal-core.a(CodalFiber.o)
                0x000000000800b494                codal::scheduler_tick(codal::Event)
 .text._ZN5codal15scheduler_eventENS_5EventE
                0x000000000800b4cc       0xc0 .pioenvs/bluepill_f103c8/lib3e7/libcodal-core.a(CodalFiber.o)
                0x000000000800b4cc                codal::scheduler_event(codal::Event)
 .text._Z15getFiberContextv
                0x000000000800b58c       0x50 .pioenvs/bluepill_f103c8/lib3e7/libcodal-core.a(CodalFiber.o)
                0x000000000800b58c                getFiberContext()
 .text._ZL10handle_fobv
                0x000000000800b5dc       0x2c .pioenvs/bluepill_f103c8/lib3e7/libcodal-core.a(CodalFiber.o)
 .text._ZN5codal23fiber_scheduler_runningEv
                0x000000000800b608       0x10 .pioenvs/bluepill_f103c8/lib3e7/libcodal-core.a(CodalFiber.o)
                0x000000000800b608                codal::fiber_scheduler_running()
 .text._ZN5codal14scheduler_initERNS_10EventModelE
                0x000000000800b618       0xac .pioenvs/bluepill_f103c8/lib3e7/libcodal-core.a(CodalFiber.o)
                0x000000000800b618                codal::scheduler_init(codal::EventModel&)
 .text._ZN5codal19fiber_wake_on_eventEtt
                0x000000000800b6c4       0x5c .pioenvs/bluepill_f103c8/lib3e7/libcodal-core.a(CodalFiber.o)
                0x000000000800b6c4                codal::fiber_wake_on_event(unsigned short, unsigned short)
 .text._Z14__create_fibermmmi
                0x000000000800b720       0x64 .pioenvs/bluepill_f103c8/lib3e7/libcodal-core.a(CodalFiber.o)
                0x000000000800b720                __create_fiber(unsigned long, unsigned long, unsigned long, int)
 .text._ZN5codal17verify_stack_sizeEPNS_5FiberE
                0x000000000800b784       0x44 .pioenvs/bluepill_f103c8/lib3e7/libcodal-core.a(CodalFiber.o)
                0x000000000800b784                codal::verify_stack_size(codal::Fiber*)
 .text._ZN5codal24scheduler_runqueue_emptyEv
                0x000000000800b7c8       0x10 .pioenvs/bluepill_f103c8/lib3e7/libcodal-core.a(CodalFiber.o)
                0x000000000800b7c8                codal::scheduler_runqueue_empty()
 .text._ZN5codal4idleEv
                0x000000000800b7d8       0x3c .pioenvs/bluepill_f103c8/lib3e7/libcodal-core.a(CodalFiber.o)
                0x000000000800b7d8                codal::idle()
 .text._ZN5codal8scheduleEv
                0x000000000800b814      0x108 .pioenvs/bluepill_f103c8/lib3e7/libcodal-core.a(CodalFiber.o)
                0x000000000800b814                codal::schedule()
 .text._ZN5codal11fiber_sleepEm
                0x000000000800b91c       0x3c .pioenvs/bluepill_f103c8/lib3e7/libcodal-core.a(CodalFiber.o)
                0x000000000800b91c                codal::fiber_sleep(unsigned long)
 .text._ZN5codal13release_fiberEv
                0x000000000800b958       0x6c .pioenvs/bluepill_f103c8/lib3e7/libcodal-core.a(CodalFiber.o)
                0x000000000800b958                codal::release_fiber()
 .text._ZN5codal6invokeEPFvPvES0_
                0x000000000800b9c4       0x80 .pioenvs/bluepill_f103c8/lib3e7/libcodal-core.a(CodalFiber.o)
                0x000000000800b9c4                codal::invoke(void (*)(void*), void*)
 .text._Z18device_create_heapmm
                0x000000000800ba44       0x3c .pioenvs/bluepill_f103c8/lib3e7/libcodal-core.a(CodalHeapAllocator.o)
                0x000000000800ba44                device_create_heap(unsigned long, unsigned long)
 .text.device_malloc
                0x000000000800ba80       0x48 .pioenvs/bluepill_f103c8/lib3e7/libcodal-core.a(CodalHeapAllocator.o)
                0x000000000800ba80                malloc
                0x000000000800ba80                device_malloc
 .text.device_free
                0x000000000800bac8       0x40 .pioenvs/bluepill_f103c8/lib3e7/libcodal-core.a(CodalHeapAllocator.o)
                0x000000000800bac8                device_free
                0x000000000800bac8                free
 .text._ZN5codal5TimerC2Ev
                0x000000000800bb08       0x34 .pioenvs/bluepill_f103c8/lib3e7/libcodal-core.a(Timer.o)
                0x000000000800bb08                codal::Timer::Timer()
                0x000000000800bb08                codal::Timer::Timer()
 .text._ZN5codal25system_timer_current_timeEv
                0x000000000800bb3c       0x10 .pioenvs/bluepill_f103c8/lib3e7/libcodal-core.a(Timer.o)
                0x000000000800bb3c                codal::system_timer_current_time()
 .text._ZN5codal27system_timer_event_every_usEmtt
                0x000000000800bb4c       0x24 .pioenvs/bluepill_f103c8/lib3e7/libcodal-core.a(Timer.o)
                0x000000000800bb4c                codal::system_timer_event_every_us(unsigned long, unsigned short, unsigned short)
 .text._ZN5codal5Event4fireEv
                0x000000000800bb70       0x20 .pioenvs/bluepill_f103c8/lib3e7/libcodal-core.a(Event.o)
                0x000000000800bb70                codal::Event::fire()
 .text._ZN5codal14CodalComponent4initEv
                0x000000000800bb90        0x8 .pioenvs/bluepill_f103c8/lib2eb/libmodel.a(STM32BluePill.o)
                0x000000000800bb90                codal::CodalComponent::init()
 .text._ZN5codal14CodalComponentD2Ev
                0x000000000800bb98       0x18 .pioenvs/bluepill_f103c8/lib2eb/libmodel.a(STM32BluePill.o)
                0x000000000800bb98                codal::CodalComponent::~CodalComponent()
                0x000000000800bb98                codal::CodalComponent::~CodalComponent()
 .text._ZN5codal13STM32BluePill4initEv
                0x000000000800bbb0       0x4c .pioenvs/bluepill_f103c8/lib2eb/libmodel.a(STM32BluePill.o)
                0x000000000800bbb0                codal::STM32BluePill::init()
 .text._ZN5codal13STM32BluePillC2Ev
                0x000000000800bbfc       0x98 .pioenvs/bluepill_f103c8/lib2eb/libmodel.a(STM32BluePill.o)
                0x000000000800bbfc                codal::STM32BluePill::STM32BluePill()
                0x000000000800bbfc                codal::STM32BluePill::STM32BluePill()
 .text._ZN5codal13STM32BluePillD2Ev
                0x000000000800bc94       0x40 .pioenvs/bluepill_f103c8/lib2eb/libmodel.a(STM32BluePill.o)
                0x000000000800bc94                codal::STM32BluePill::~STM32BluePill()
                0x000000000800bc94                codal::STM32BluePill::~STM32BluePill()
 .text._ZN5codal15STM32BluePillIOC2Ev
                0x000000000800bcd4      0xaf0 .pioenvs/bluepill_f103c8/lib2eb/libmodel.a(STM32BluePillIO.o)
                0x000000000800bcd4                codal::STM32BluePillIO::STM32BluePillIO()
                0x000000000800bcd4                codal::STM32BluePillIO::STM32BluePillIO()
 .text.usart2_isr
                0x000000000800c7c4       0x50 .pioenvs/bluepill_f103c8/lib33e/libuartint.a(uartint.o)
                0x000000000800c7c4                usart2_isr
 .text.startup._GLOBAL__sub_I__ZN13UARTInterfaceC2Ejj
                0x000000000800c814       0x10 .pioenvs/bluepill_f103c8/lib33e/libuartint.a(uartint.o)
 .text          0x000000000800c824      0x378 /Users/Luppy/.platformio/packages/toolchain-gccarmnoneeabi/bin/../lib/gcc/arm-none-eabi/7.2.1/thumb/v7-m/libgcc.a(_arm_addsubdf3.o)
                0x000000000800c824                __aeabi_drsub
                0x000000000800c82c                __subdf3
                0x000000000800c82c                __aeabi_dsub
                0x000000000800c830                __aeabi_dadd
                0x000000000800c830                __adddf3
                0x000000000800caa8                __aeabi_ui2d
                0x000000000800caa8                __floatunsidf
                0x000000000800cac8                __floatsidf
                0x000000000800cac8                __aeabi_i2d
                0x000000000800caec                __extendsfdf2
                0x000000000800caec                __aeabi_f2d
                0x000000000800cb30                __aeabi_ul2d
                0x000000000800cb30                __floatundidf
                0x000000000800cb40                __aeabi_l2d
                0x000000000800cb40                __floatdidf
 .text          0x000000000800cb9c      0x424 /Users/Luppy/.platformio/packages/toolchain-gccarmnoneeabi/bin/../lib/gcc/arm-none-eabi/7.2.1/thumb/v7-m/libgcc.a(_arm_muldivdf3.o)
                0x000000000800cb9c                __aeabi_dmul
                0x000000000800cb9c                __muldf3
                0x000000000800cdf0                __aeabi_ddiv
                0x000000000800cdf0                __divdf3
 .text          0x000000000800cfc0      0x110 /Users/Luppy/.platformio/packages/toolchain-gccarmnoneeabi/bin/../lib/gcc/arm-none-eabi/7.2.1/thumb/v7-m/libgcc.a(_arm_cmpdf2.o)
                0x000000000800cfc0                __gedf2
                0x000000000800cfc0                __gtdf2
                0x000000000800cfc8                __ledf2
                0x000000000800cfc8                __ltdf2
                0x000000000800cfd0                __cmpdf2
                0x000000000800cfd0                __eqdf2
                0x000000000800cfd0                __nedf2
                0x000000000800d04c                __aeabi_cdrcmple
                0x000000000800d05c                __aeabi_cdcmple
                0x000000000800d05c                __aeabi_cdcmpeq
                0x000000000800d06c                __aeabi_dcmpeq
                0x000000000800d080                __aeabi_dcmplt
                0x000000000800d094                __aeabi_dcmple
                0x000000000800d0a8                __aeabi_dcmpge
                0x000000000800d0bc                __aeabi_dcmpgt
 .text          0x000000000800d0d0       0x2c /Users/Luppy/.platformio/packages/toolchain-gccarmnoneeabi/bin/../lib/gcc/arm-none-eabi/7.2.1/thumb/v7-m/libgcc.a(_arm_unorddf2.o)
                0x000000000800d0d0                __aeabi_dcmpun
                0x000000000800d0d0                __unorddf2
 .text          0x000000000800d0fc       0x50 /Users/Luppy/.platformio/packages/toolchain-gccarmnoneeabi/bin/../lib/gcc/arm-none-eabi/7.2.1/thumb/v7-m/libgcc.a(_arm_fixdfsi.o)
                0x000000000800d0fc                __fixdfsi
                0x000000000800d0fc                __aeabi_d2iz
 .text          0x000000000800d14c       0xa0 /Users/Luppy/.platformio/packages/toolchain-gccarmnoneeabi/bin/../lib/gcc/arm-none-eabi/7.2.1/thumb/v7-m/libgcc.a(_arm_truncdfsf2.o)
                0x000000000800d14c                __aeabi_d2f
                0x000000000800d14c                __truncdfsf2
 .text          0x000000000800d1ec      0x21c /Users/Luppy/.platformio/packages/toolchain-gccarmnoneeabi/bin/../lib/gcc/arm-none-eabi/7.2.1/thumb/v7-m/libgcc.a(_arm_addsubsf3.o)
                0x000000000800d1ec                __aeabi_frsub
                0x000000000800d1f4                __aeabi_fsub
                0x000000000800d1f4                __subsf3
                0x000000000800d1f8                __aeabi_fadd
                0x000000000800d1f8                __addsf3
                0x000000000800d358                __aeabi_ui2f
                0x000000000800d358                __floatunsisf
                0x000000000800d360                __floatsisf
                0x000000000800d360                __aeabi_i2f
                0x000000000800d37c                __aeabi_ul2f
                0x000000000800d37c                __floatundisf
                0x000000000800d38c                __aeabi_l2f
                0x000000000800d38c                __floatdisf
 .text          0x000000000800d408      0x2a0 /Users/Luppy/.platformio/packages/toolchain-gccarmnoneeabi/bin/../lib/gcc/arm-none-eabi/7.2.1/thumb/v7-m/libgcc.a(_arm_muldivsf3.o)
                0x000000000800d408                __mulsf3
                0x000000000800d408                __aeabi_fmul
                0x000000000800d570                __divsf3
                0x000000000800d570                __aeabi_fdiv
 .text          0x000000000800d6a8       0xec /Users/Luppy/.platformio/packages/toolchain-gccarmnoneeabi/bin/../lib/gcc/arm-none-eabi/7.2.1/thumb/v7-m/libgcc.a(_arm_cmpsf2.o)
                0x000000000800d6a8                __gesf2
                0x000000000800d6a8                __gtsf2
                0x000000000800d6b0                __ltsf2
                0x000000000800d6b0                __lesf2
                0x000000000800d6b8                __nesf2
                0x000000000800d6b8                __eqsf2
                0x000000000800d6b8                __cmpsf2
                0x000000000800d718                __aeabi_cfrcmple
                0x000000000800d720                __aeabi_cfcmpeq
                0x000000000800d720                __aeabi_cfcmple
                0x000000000800d730                __aeabi_fcmpeq
                0x000000000800d744                __aeabi_fcmplt
                0x000000000800d758                __aeabi_fcmple
                0x000000000800d76c                __aeabi_fcmpge
                0x000000000800d780                __aeabi_fcmpgt
 .text._ZN5codal3_cm3I2CC2ERNS_3PinES3_
                0x000000000800d794       0x1c .pioenvs/bluepill_f103c8/lib739/libcm.a(CmI2C.o)
                0x000000000800d794                codal::_cm::I2C::I2C(codal::Pin&, codal::Pin&)
                0x000000000800d794                codal::_cm::I2C::I2C(codal::Pin&, codal::Pin&)
 .text._ZN5codal3_cm3SPI4initEv
                0x000000000800d7b0       0x5c .pioenvs/bluepill_f103c8/lib739/libcm.a(CmSPI.o)
                0x000000000800d7b0                codal::_cm::SPI::init()
 .text._ZN5codal3_cm3SPIC2ERNS0_3PinES3_S3_S3_
                0x000000000800d80c       0x9c .pioenvs/bluepill_f103c8/lib739/libcm.a(CmSPI.o)