Archive member included to satisfy reference by file (symbol)

.pioenvs/bluepill_f103c8/libd9b/liblogger.a(logger.o)
                              .pioenvs/bluepill_f103c8/libccd/hal/codal_target_hal.o (debug_flush)
.pioenvs/bluepill_f103c8/lib98a/libnewlib.a(strlen.o)
                              .pioenvs/bluepill_f103c8/src/aggregate.o (strlen)
.pioenvs/bluepill_f103c8/lib98a/libnewlib.a(strncat.o)
                              .pioenvs/bluepill_f103c8/src/wisol.o (strncat)
.pioenvs/bluepill_f103c8/lib98a/libnewlib.a(strncmp.o)
                              .pioenvs/bluepill_f103c8/src/aggregate.o (strncmp)
.pioenvs/bluepill_f103c8/lib98a/libnewlib.a(strncpy.o)
                              .pioenvs/bluepill_f103c8/src/aggregate.o (strncpy)
.pioenvs/bluepill_f103c8/lib98a/libnewlib.a(strstr.o)
                              .pioenvs/bluepill_f103c8/src/wisol.o (strstr)
.pioenvs/bluepill_f103c8/lib271/libbluepill.a(bluepill.o)
                              .pioenvs/bluepill_f103c8/libccd/hal/codal_target_hal.o (platform_setup)
.pioenvs/bluepill_f103c8/lib271/libbluepill.a(led.o)
                              .pioenvs/bluepill_f103c8/lib271/libbluepill.a(bluepill.o) (led_setup)
.pioenvs/bluepill_f103c8/lib271/libbluepill.a(timer.o)
                              .pioenvs/bluepill_f103c8/libccd/hal/codal_target_hal.o (platform_start_timer)
.pioenvs/bluepill_f103c8/libb45/libbootloader.a(bootloader.o)
                              .pioenvs/bluepill_f103c8/libccd/hal/reset_handler.o (bootloader_start)
.pioenvs/bluepill_f103c8/libb45/libbootloader.a(target_stm32f103.o)
                              .pioenvs/bluepill_f103c8/libb45/libbootloader.a(bootloader.o) (target_set_led)
.pioenvs/bluepill_f103c8/libb45/libbootloader.a(usb_conf.o)
                              .pioenvs/bluepill_f103c8/libb45/libbootloader.a(bootloader.o) (usb_setup)
.pioenvs/bluepill_f103c8/libb45/libbootloader.a(webusb.o)
                              .pioenvs/bluepill_f103c8/libb45/libbootloader.a(usb_conf.o) (webusb_setup)
.pioenvs/bluepill_f103c8/libb45/libbootloader.a(winusb.o)
                              .pioenvs/bluepill_f103c8/libb45/libbootloader.a(usb_conf.o) (winusb_setup)
.pioenvs/bluepill_f103c8/libb45/libbootloader.a(cdc.o)
                              .pioenvs/bluepill_f103c8/libb45/libbootloader.a(usb_conf.o) (cdc_setup)
.pioenvs/bluepill_f103c8/libb45/libbootloader.a(hf2.o)
                              .pioenvs/bluepill_f103c8/libb45/libbootloader.a(usb_conf.o) (hf2_setup)
.pioenvs/bluepill_f103c8/libb45/libbootloader.a(backup.o)
                              .pioenvs/bluepill_f103c8/libb45/libbootloader.a(target_stm32f103.o) (backup_write)
.pioenvs/bluepill_f103c8/libb45/libbootloader.a(usb21_standard.o)
                              .pioenvs/bluepill_f103c8/libb45/libbootloader.a(usb_conf.o) (usb21_setup)
.pioenvs/bluepill_f103c8/libb45/libbootloader.a(ghostfat.o)
                              .pioenvs/bluepill_f103c8/libb45/libbootloader.a(hf2.o) (flash_write)
.pioenvs/bluepill_f103c8/libea7/libcocoOS_5.0.3.a(os_event.o)
                              .pioenvs/bluepill_f103c8/src/wisol.o (event_create)
.pioenvs/bluepill_f103c8/libea7/libcocoOS_5.0.3.a(os_kernel.o)
                              .pioenvs/bluepill_f103c8/src/uart.o (running_tid)
.pioenvs/bluepill_f103c8/libea7/libcocoOS_5.0.3.a(os_msgqueue.o)
                              .pioenvs/bluepill_f103c8/libea7/libcocoOS_5.0.3.a(os_kernel.o) (os_msgQ_init)
.pioenvs/bluepill_f103c8/libea7/libcocoOS_5.0.3.a(os_sem.o)
                              .pioenvs/bluepill_f103c8/libea7/libcocoOS_5.0.3.a(os_kernel.o) (os_sem_init)
.pioenvs/bluepill_f103c8/libea7/libcocoOS_5.0.3.a(os_task.o)
                              .pioenvs/bluepill_f103c8/libea7/libcocoOS_5.0.3.a(os_kernel.o) (os_task_init)
.pioenvs/bluepill_f103c8/libea7/libcocoOS_5.0.3.a(os_assert.o)
                              .pioenvs/bluepill_f103c8/libea7/libcocoOS_5.0.3.a(os_event.o) (os_on_assert)
.pioenvs/bluepill_f103c8/libea7/libcocoOS_5.0.3.a(os_cbk.o)
                              .pioenvs/bluepill_f103c8/libea7/libcocoOS_5.0.3.a(os_kernel.o) (os_cbkSleep)
.pioenvs/bluepill_f103c8/lib3e7/libcodal-core.a(CodalDmesg.o)
                              .pioenvs/bluepill_f103c8/libccd/hal/codal_target_hal.o (codalLogStore)
.pioenvs/bluepill_f103c8/lib3e7/libcodal-core.a(CodalFiber.o)
                              .pioenvs/bluepill_f103c8/src/main.o (codal::fiber_sleep(unsigned long))
.pioenvs/bluepill_f103c8/lib3e7/libcodal-core.a(CodalHeapAllocator.o)
                              .pioenvs/bluepill_f103c8/libccd/hal/codal_target_hal.o (malloc)
.pioenvs/bluepill_f103c8/lib3e7/libcodal-core.a(CodalListener.o)
                              .pioenvs/bluepill_f103c8/lib3e7/libcodal-core.a(CodalFiber.o) (codal::Listener::Listener(unsigned short, unsigned short, void (*)(codal::Event), unsigned short))
.pioenvs/bluepill_f103c8/lib3e7/libcodal-core.a(Timer.o)
[...]
Memory Configuration

Name             Origin             Length             Attributes
bootrom          0x0000000008000000 0x0000000000006000 xr
rom              0x0000000008006000 0x000000000000a000 xr
bootram          0x0000000020000000 0x0000000000002800 xrw
ram              0x0000000020002800 0x0000000000002800 xrw
*default*        0x0000000000000000 0xffffffffffffffff

Linker script and memory map


.boot_text      0x0000000008000000     0x5b78
                0x0000000008000000                _boot_text = .
 *(SORT_BY_ALIGNMENT(.vectors))
 .vectors       0x0000000008000000      0x150 .pioenvs/bluepill_f103c8/libFrameworkLibOpenCM3.a(vector.o)
                0x0000000008000000                vector_table
 :*reset_handler*(SORT_BY_ALIGNMENT(.text*))
 .text.reset_handler
                0x0000000008000150       0xcc .pioenvs/bluepill_f103c8/libccd/hal/reset_handler.o
                0x0000000008000150                reset_handler
 .text.pre_main
                0x000000000800021c       0x16 .pioenvs/bluepill_f103c8/libccd/hal/reset_handler.o
                0x000000000800021c                pre_main
 *libhal.a:*reset_handler*(SORT_BY_ALIGNMENT(.text*))
 :*codal_target_hal*(SORT_BY_ALIGNMENT(.text*))
 *fill*         0x0000000008000232        0x2 
 .text._ZL10timer_tickv
                0x0000000008000234       0x20 .pioenvs/bluepill_f103c8/libccd/hal/codal_target_hal.o
 .text._ZL11timer_alarmv
                0x0000000008000254       0x20 .pioenvs/bluepill_f103c8/libccd/hal/codal_target_hal.o
 .text.target_set_tick_callback
                0x0000000008000274        0xc .pioenvs/bluepill_f103c8/libccd/hal/codal_target_hal.o
                0x0000000008000274                target_set_tick_callback
 .text.target_set_alarm_callback
                0x0000000008000280        0xc .pioenvs/bluepill_f103c8/libccd/hal/codal_target_hal.o
                0x0000000008000280                target_set_alarm_callback
 .text.target_set_bootloader_callback
                0x000000000800028c        0xc .pioenvs/bluepill_f103c8/libccd/hal/codal_target_hal.o
                0x000000000800028c                target_set_bootloader_callback
 .text.target_init
                0x0000000008000298       0x30 .pioenvs/bluepill_f103c8/libccd/hal/codal_target_hal.o
                0x0000000008000298                target_init
 .text.target_dmesg_flush
                0x00000000080002c8       0x38 .pioenvs/bluepill_f103c8/libccd/hal/codal_target_hal.o
                0x00000000080002c8                target_dmesg_flush
 .text.target_wait
                0x0000000008000300       0x24 .pioenvs/bluepill_f103c8/libccd/hal/codal_target_hal.o
                0x0000000008000300                target_wait
 .text.target_wait_us
                0x0000000008000324       0x2c .pioenvs/bluepill_f103c8/libccd/hal/codal_target_hal.o
                0x0000000008000324                target_wait_us
 .text.target_panic
                0x0000000008000350       0x20 .pioenvs/bluepill_f103c8/libccd/hal/codal_target_hal.o
                0x0000000008000350                target_panic
 .text.fiber_initial_stack_base
                0x0000000008000370        0x8 .pioenvs/bluepill_f103c8/libccd/hal/codal_target_hal.o
                0x0000000008000370                fiber_initial_stack_base
 .text.test_codal
                0x0000000008000378       0x70 .pioenvs/bluepill_f103c8/libccd/hal/codal_target_hal.o
                0x0000000008000378                test_codal
 .text.target_enable_debug
                0x00000000080003e8        0x4 .pioenvs/bluepill_f103c8/libccd/hal/codal_target_hal.o
                0x00000000080003e8                target_enable_debug
 .text.target_enable_irq
                0x00000000080003ec        0x4 .pioenvs/bluepill_f103c8/libccd/hal/codal_target_hal.o
                0x00000000080003ec                target_enable_irq
 .text.target_disable_irq
                0x00000000080003f0        0x4 .pioenvs/bluepill_f103c8/libccd/hal/codal_target_hal.o
                0x00000000080003f0                target_disable_irq
 .text.target_wait_for_event
                0x00000000080003f4        0xa .pioenvs/bluepill_f103c8/libccd/hal/codal_target_hal.o
                0x00000000080003f4                target_wait_for_event
 .text.tcb_allocate
                0x00000000080003fe        0x6 .pioenvs/bluepill_f103c8/libccd/hal/codal_target_hal.o
                0x00000000080003fe                tcb_allocate
 .text.tcb_configure_lr
                0x0000000008000404        0x4 .pioenvs/bluepill_f103c8/libccd/hal/codal_target_hal.o
                0x0000000008000404                tcb_configure_lr
 .text.tcb_configure_sp
                0x0000000008000408        0x4 .pioenvs/bluepill_f103c8/libccd/hal/codal_target_hal.o
                0x0000000008000408                tcb_configure_sp
 .text.tcb_configure_stack_base
                0x000000000800040c        0x4 .pioenvs/bluepill_f103c8/libccd/hal/codal_target_hal.o
                0x000000000800040c                tcb_configure_stack_base
 .text.tcb_get_stack_base
                0x0000000008000410        0x4 .pioenvs/bluepill_f103c8/libccd/hal/codal_target_hal.o
                0x0000000008000410                tcb_get_stack_base
 .text.get_current_sp
                0x0000000008000414        0x4 .pioenvs/bluepill_f103c8/libccd/hal/codal_target_hal.o
                0x0000000008000414                get_current_sp
 .text.tcb_get_sp
                0x0000000008000418        0x4 .pioenvs/bluepill_f103c8/libccd/hal/codal_target_hal.o
                0x0000000008000418                tcb_get_sp
 .text.tcb_configure_args
                0x000000000800041c        0x8 .pioenvs/bluepill_f103c8/libccd/hal/codal_target_hal.o
                0x000000000800041c                tcb_configure_args
 .text._fini    0x0000000008000424        0x2 .pioenvs/bluepill_f103c8/libccd/hal/codal_target_hal.o
                0x0000000008000424                _fini
 .text.__aeabi_atexit
                0x0000000008000426        0x4 .pioenvs/bluepill_f103c8/libccd/hal/codal_target_hal.o
                0x0000000008000426                __aeabi_atexit
 *libhal.a:*codal_target_hal*(SORT_BY_ALIGNMENT(.text*))
 :*CortexContextSwitch*(SORT_BY_ALIGNMENT(.text*))
 *fill*         0x000000000800042a        0x2 
 .text          0x000000000800042c      0x124 asm/CortexContextSwitch.s.o
                0x000000000800042c                swap_context
                0x00000000080004ae                save_context
                0x00000000080004f2                save_register_context
                0x0000000008000522                restore_register_context
 *libhal.a:(SORT_BY_ALIGNMENT(.text*))
 *liblibopencm3.a:(SORT_BY_ALIGNMENT(.text*))
 *libFrameworkLibOpenCM3.a:(SORT_BY_ALIGNMENT(.text*))
 .text.desig_get_unique_id
                0x0000000008000550       0x20 .pioenvs/bluepill_f103c8/libFrameworkLibOpenCM3.a(desig.o)
                0x0000000008000550                desig_get_unique_id
 .text.desig_get_unique_id_as_string
                0x0000000008000570       0x48 .pioenvs/bluepill_f103c8/libFrameworkLibOpenCM3.a(desig.o)
                0x0000000008000570                desig_get_unique_id_as_string
 .text.flash_get_status_flags
                0x00000000080005b8       0x28 .pioenvs/bluepill_f103c8/libFrameworkLibOpenCM3.a(flash.o)
                0x00000000080005b8                flash_get_status_flags
 .text.flash_program_half_word
                0x00000000080005e0       0x60 .pioenvs/bluepill_f103c8/libFrameworkLibOpenCM3.a(flash.o)
                0x00000000080005e0                flash_program_half_word
 .text.flash_erase_page
                0x0000000008000640       0x78 .pioenvs/bluepill_f103c8/libFrameworkLibOpenCM3.a(flash.o)
                0x0000000008000640                flash_erase_page
 .text.rcc_osc_on.part.0
                0x00000000080006b8       0x10 .pioenvs/bluepill_f103c8/libFrameworkLibOpenCM3.a(rcc.o)
 .text.rcc_wait_for_osc_ready
                0x00000000080006c8       0x64 .pioenvs/bluepill_f103c8/libFrameworkLibOpenCM3.a(rcc.o)
                0x00000000080006c8                rcc_wait_for_osc_ready
 .text.rcc_osc_on
                0x000000000800072c       0x54 .pioenvs/bluepill_f103c8/libFrameworkLibOpenCM3.a(rcc.o)
                0x000000000800072c                rcc_osc_on
 .text.rcc_set_sysclk_source
                0x0000000008000780       0x14 .pioenvs/bluepill_f103c8/libFrameworkLibOpenCM3.a(rcc.o)
                0x0000000008000780                rcc_set_sysclk_source
 .text.rcc_set_pll_multiplication_factor
                0x0000000008000794       0x14 .pioenvs/bluepill_f103c8/libFrameworkLibOpenCM3.a(rcc.o)
                0x0000000008000794                rcc_set_pll_multiplication_factor
 .text.rcc_set_pll_source
                0x00000000080007a8       0x14 .pioenvs/bluepill_f103c8/libFrameworkLibOpenCM3.a(rcc.o)
                0x00000000080007a8                rcc_set_pll_source
 .text.rcc_set_pllxtpre
                0x00000000080007bc       0x14 .pioenvs/bluepill_f103c8/libFrameworkLibOpenCM3.a(rcc.o)
                0x00000000080007bc                rcc_set_pllxtpre
 .text.rcc_enable_rtc_clock
                0x00000000080007d0       0x10 .pioenvs/bluepill_f103c8/libFrameworkLibOpenCM3.a(rcc.o)
                0x00000000080007d0                rcc_enable_rtc_clock
 .text.rcc_set_rtc_clock_source
                0x00000000080007e0       0x90 .pioenvs/bluepill_f103c8/libFrameworkLibOpenCM3.a(rcc.o)
                0x00000000080007e0                rcc_set_rtc_clock_source
 .text.rcc_set_adcpre
                0x0000000008000870       0x14 .pioenvs/bluepill_f103c8/libFrameworkLibOpenCM3.a(rcc.o)
                0x0000000008000870                rcc_set_adcpre
 .text.rcc_set_ppre2
                0x0000000008000884       0x14 .pioenvs/bluepill_f103c8/libFrameworkLibOpenCM3.a(rcc.o)
                0x0000000008000884                rcc_set_ppre2
 .text.rcc_set_ppre1
                0x0000000008000898       0x14 .pioenvs/bluepill_f103c8/libFrameworkLibOpenCM3.a(rcc.o)
                0x0000000008000898                rcc_set_ppre1
 .text.rcc_set_hpre
                0x00000000080008ac       0x14 .pioenvs/bluepill_f103c8/libFrameworkLibOpenCM3.a(rcc.o)
                0x00000000080008ac                rcc_set_hpre
 .text.rcc_clock_setup_in_hse_8mhz_out_72mhz
                0x00000000080008c0       0x8c .pioenvs/bluepill_f103c8/libFrameworkLibOpenCM3.a(rcc.o)
                0x00000000080008c0                rcc_clock_setup_in_hse_8mhz_out_72mhz
 .text.rtc_enter_config_mode
                0x000000000800094c       0x18 .pioenvs/bluepill_f103c8/libFrameworkLibOpenCM3.a(rtc.o)
                0x000000000800094c                rtc_enter_config_mode
 .text.rtc_exit_config_mode
                0x0000000008000964       0x18 .pioenvs/bluepill_f103c8/libFrameworkLibOpenCM3.a(rtc.o)
                0x0000000008000964                rtc_exit_config_mode
 .text.rtc_set_alarm_time
                0x000000000800097c       0x20 .pioenvs/bluepill_f103c8/libFrameworkLibOpenCM3.a(rtc.o)
                0x000000000800097c                rtc_set_alarm_time
 .text.rtc_set_prescale_val
                0x000000000800099c       0x20 .pioenvs/bluepill_f103c8/libFrameworkLibOpenCM3.a(rtc.o)
                0x000000000800099c                rtc_set_prescale_val
 .text.rtc_get_counter_val
                0x00000000080009bc       0x14 .pioenvs/bluepill_f103c8/libFrameworkLibOpenCM3.a(rtc.o)
                0x00000000080009bc                rtc_get_counter_val
 .text.rtc_set_counter_val
                0x00000000080009d0       0x1c .pioenvs/bluepill_f103c8/libFrameworkLibOpenCM3.a(rtc.o)
                0x00000000080009d0                rtc_set_counter_val
 .text.rtc_interrupt_enable
                0x00000000080009ec       0x3c .pioenvs/bluepill_f103c8/libFrameworkLibOpenCM3.a(rtc.o)
                0x00000000080009ec                rtc_interrupt_enable
 .text.rtc_interrupt_disable
                0x0000000008000a28       0x3c .pioenvs/bluepill_f103c8/libFrameworkLibOpenCM3.a(rtc.o)
                0x0000000008000a28                rtc_interrupt_disable
 .text.rtc_clear_flag
                0x0000000008000a64       0x30 .pioenvs/bluepill_f103c8/libFrameworkLibOpenCM3.a(rtc.o)
                0x0000000008000a64                rtc_clear_flag
 .text.rtc_check_flag
                0x0000000008000a94       0x30 .pioenvs/bluepill_f103c8/libFrameworkLibOpenCM3.a(rtc.o)
                0x0000000008000a94                rtc_check_flag
 .text.pwr_disable_backup_domain_write_protect
                0x0000000008000ac4       0x10 .pioenvs/bluepill_f103c8/libFrameworkLibOpenCM3.a(pwr_common_all.o)
                0x0000000008000ac4                pwr_disable_backup_domain_write_protect
 .text.pwr_enable_backup_domain_write_protect
                0x0000000008000ad4       0x10 .pioenvs/bluepill_f103c8/libFrameworkLibOpenCM3.a(pwr_common_all.o)
                0x0000000008000ad4                pwr_enable_backup_domain_write_protect
 .text.exti_set_trigger
                0x0000000008000ae4       0x3c .pioenvs/bluepill_f103c8/libFrameworkLibOpenCM3.a(exti_common_all.o)
                0x0000000008000ae4                exti_set_trigger
 .text.exti_enable_request
                0x0000000008000b20       0x14 .pioenvs/bluepill_f103c8/libFrameworkLibOpenCM3.a(exti_common_all.o)
                0x0000000008000b20                exti_enable_request
 .text.exti_reset_request
                0x0000000008000b34        0xc .pioenvs/bluepill_f103c8/libFrameworkLibOpenCM3.a(exti_common_all.o)
                0x0000000008000b34                exti_reset_request
 .text.flash_set_ws
                0x0000000008000b40       0x14 .pioenvs/bluepill_f103c8/libFrameworkLibOpenCM3.a(flash_common_f01.o)
                0x0000000008000b40                flash_set_ws
 .text.flash_unlock
                0x0000000008000b54       0x24 .pioenvs/bluepill_f103c8/libFrameworkLibOpenCM3.a(flash_common_f01.o)
                0x0000000008000b54                flash_unlock
 .text.flash_lock
                0x0000000008000b78       0x10 .pioenvs/bluepill_f103c8/libFrameworkLibOpenCM3.a(flash_common_f01.o)
                0x0000000008000b78                flash_lock
 .text.usbd_init
                0x0000000008000b88       0x50 .pioenvs/bluepill_f103c8/libFrameworkLibOpenCM3.a(usb.o)
                0x0000000008000b88                usbd_init
 .text._usbd_standard_request_device
                0x0000000008000bd8       0x48 .pioenvs/bluepill_f103c8/libFrameworkLibOpenCM3.a(usb_standard.o)
                0x0000000008000bd8                _usbd_standard_request_device
 .text._usbd_standard_request_interface
                0x0000000008000c20       0x30 .pioenvs/bluepill_f103c8/libFrameworkLibOpenCM3.a(usb_standard.o)
                0x0000000008000c20                _usbd_standard_request_interface
 .text._usbd_standard_request_endpoint
                0x0000000008000c50       0x3c .pioenvs/bluepill_f103c8/libFrameworkLibOpenCM3.a(usb_standard.o)
                0x0000000008000c50                _usbd_standard_request_endpoint
 .text.st_usbfs_v1_usbd_init
                0x0000000008000c8c       0x30 .pioenvs/bluepill_f103c8/libFrameworkLibOpenCM3.a(st_usbfs_v1.o)
 .text.scb_reset_system
                0x0000000008000cbc       0x10 .pioenvs/bluepill_f103c8/libFrameworkLibOpenCM3.a(scb.o)
                0x0000000008000cbc                scb_reset_system
 .text.st_usbfs_set_address
                0x0000000008000ccc       0x10 .pioenvs/bluepill_f103c8/libFrameworkLibOpenCM3.a(st_usbfs_core.o)
                0x0000000008000ccc                st_usbfs_set_address
 .text.st_usbfs_set_ep_rx_bufsize
                0x0000000008000cdc       0x48 .pioenvs/bluepill_f103c8/libFrameworkLibOpenCM3.a(st_usbfs_core.o)
                0x0000000008000cdc                st_usbfs_set_ep_rx_bufsize
 .text.st_usbfs_ep_setup
                0x0000000008000d24      0x150 .pioenvs/bluepill_f103c8/libFrameworkLibOpenCM3.a(st_usbfs_core.o)
                0x0000000008000d24                st_usbfs_ep_setup
 .text.st_usbfs_endpoints_reset
                0x0000000008000e74       0x44 .pioenvs/bluepill_f103c8/libFrameworkLibOpenCM3.a(st_usbfs_core.o)
                0x0000000008000e74                st_usbfs_endpoints_reset
 .text.st_usbfs_ep_stall_set
                0x0000000008000eb8       0xe4 .pioenvs/bluepill_f103c8/libFrameworkLibOpenCM3.a(st_usbfs_core.o)
                0x0000000008000eb8                st_usbfs_ep_stall_set
 .text.st_usbfs_ep_nak_set
                0x0000000008000f9c       0x58 .pioenvs/bluepill_f103c8/libFrameworkLibOpenCM3.a(st_usbfs_core.o)
                0x0000000008000f9c                st_usbfs_ep_nak_set
 .text.st_usbfs_ep_write_packet
                0x0000000008000ff4       0x8c .pioenvs/bluepill_f103c8/libFrameworkLibOpenCM3.a(st_usbfs_core.o)
                0x0000000008000ff4                st_usbfs_ep_write_packet
 .text.st_usbfs_ep_read_packet
                0x0000000008001080       0xb8 .pioenvs/bluepill_f103c8/libFrameworkLibOpenCM3.a(st_usbfs_core.o)
                0x0000000008001080                st_usbfs_ep_read_packet
 .text.st_usbfs_poll
                0x0000000008001138       0xd0 .pioenvs/bluepill_f103c8/libFrameworkLibOpenCM3.a(st_usbfs_core.o)
                0x0000000008001138                st_usbfs_poll
 .text.gpio_set_mode
                0x0000000008001208       0x62 .pioenvs/bluepill_f103c8/libFrameworkLibOpenCM3.a(gpio.o)
                0x0000000008001208                gpio_set_mode
 .text.gpio_set
                0x000000000800126a        0x4 .pioenvs/bluepill_f103c8/libFrameworkLibOpenCM3.a(gpio_common_all.o)
                0x000000000800126a                gpio_set
 .text.gpio_clear
                0x000000000800126e        0x6 .pioenvs/bluepill_f103c8/libFrameworkLibOpenCM3.a(gpio_common_all.o)
                0x000000000800126e                gpio_clear
 .text.usart_recv
                0x0000000008001274        0x8 .pioenvs/bluepill_f103c8/libFrameworkLibOpenCM3.a(usart_common_f124.o)
                0x0000000008001274                usart_recv
 .text.rcc_periph_clock_enable
                0x000000000800127c       0x1a .pioenvs/bluepill_f103c8/libFrameworkLibOpenCM3.a(rcc_common_all.o)
                0x000000000800127c                rcc_periph_clock_enable
 .text.rcc_periph_reset_pulse
                0x0000000008001296       0x22 .pioenvs/bluepill_f103c8/libFrameworkLibOpenCM3.a(rcc_common_all.o)
                0x0000000008001296                rcc_periph_reset_pulse
 .text.flash_wait_for_last_operation
                0x00000000080012b8        0xc .pioenvs/bluepill_f103c8/libFrameworkLibOpenCM3.a(flash_common_f01.o)
                0x00000000080012b8                flash_wait_for_last_operation
 .text.usbd_poll
                0x00000000080012c4        0x8 .pioenvs/bluepill_f103c8/libFrameworkLibOpenCM3.a(usb.o)
                0x00000000080012c4                usbd_poll
 .text.usbd_ep_setup
                0x00000000080012cc        0xe .pioenvs/bluepill_f103c8/libFrameworkLibOpenCM3.a(usb.o)
                0x00000000080012cc                usbd_ep_setup
 .text._usbd_reset
                0x00000000080012da       0x32 .pioenvs/bluepill_f103c8/libFrameworkLibOpenCM3.a(usb.o)
                0x00000000080012da                _usbd_reset
 .text.usbd_ep_write_packet
                0x000000000800130c        0xe .pioenvs/bluepill_f103c8/libFrameworkLibOpenCM3.a(usb.o)
                0x000000000800130c                usbd_ep_write_packet
 .text.usbd_ep_read_packet
                0x000000000800131a        0xe .pioenvs/bluepill_f103c8/libFrameworkLibOpenCM3.a(usb.o)
                0x000000000800131a                usbd_ep_read_packet
 .text.usbd_ep_stall_set
                0x0000000008001328        0x8 .pioenvs/bluepill_f103c8/libFrameworkLibOpenCM3.a(usb.o)
                0x0000000008001328                usbd_ep_stall_set
 .text.usbd_ep_stall_get
                0x0000000008001330        0x8 .pioenvs/bluepill_f103c8/libFrameworkLibOpenCM3.a(usb.o)
                0x0000000008001330                usbd_ep_stall_get
 .text.stall_transaction
                0x0000000008001338       0x14 .pioenvs/bluepill_f103c8/libFrameworkLibOpenCM3.a(usb_control.o)
 .text.usb_control_recv_chunk
                0x000000000800134c       0x3c .pioenvs/bluepill_f103c8/libFrameworkLibOpenCM3.a(usb_control.o)
 .text.usb_control_send_chunk
                0x0000000008001388       0x44 .pioenvs/bluepill_f103c8/libFrameworkLibOpenCM3.a(usb_control.o)
 .text.usb_control_request_dispatch
                0x00000000080013cc       0x62 .pioenvs/bluepill_f103c8/libFrameworkLibOpenCM3.a(usb_control.o)
 .text.usb_control_setup_read
                0x000000000800142e       0x42 .pioenvs/bluepill_f103c8/libFrameworkLibOpenCM3.a(usb_control.o)
 .text.usbd_register_control_callback
                0x0000000008001470       0x26 .pioenvs/bluepill_f103c8/libFrameworkLibOpenCM3.a(usb_control.o)
                0x0000000008001470                usbd_register_control_callback
 .text._usbd_control_setup
                0x0000000008001496       0x5a .pioenvs/bluepill_f103c8/libFrameworkLibOpenCM3.a(usb_control.o)
                0x0000000008001496                _usbd_control_setup
 .text._usbd_control_out
                0x00000000080014f0       0x82 .pioenvs/bluepill_f103c8/libFrameworkLibOpenCM3.a(usb_control.o)
                0x00000000080014f0                _usbd_control_out
 .text._usbd_control_in
                0x0000000008001572       0x56 .pioenvs/bluepill_f103c8/libFrameworkLibOpenCM3.a(usb_control.o)
                0x0000000008001572                _usbd_control_in
 .text.usb_standard_set_configuration
                0x00000000080015c8       0x92 .pioenvs/bluepill_f103c8/libFrameworkLibOpenCM3.a(usb_standard.o)
 .text.usb_standard_get_configuration
                0x000000000800165a       0x20 .pioenvs/bluepill_f103c8/libFrameworkLibOpenCM3.a(usb_standard.o)
 .text.usb_standard_get_interface
                0x000000000800167a       0x34 .pioenvs/bluepill_f103c8/libFrameworkLibOpenCM3.a(usb_standard.o)
 .text.usb_standard_device_get_status
                0x00000000080016ae       0x18 .pioenvs/bluepill_f103c8/libFrameworkLibOpenCM3.a(usb_standard.o)
 .text.usb_standard_endpoint_get_status
                0x00000000080016c6       0x2a .pioenvs/bluepill_f103c8/libFrameworkLibOpenCM3.a(usb_standard.o)
 .text.usb_standard_endpoint_stall
                0x00000000080016f0       0x10 .pioenvs/bluepill_f103c8/libFrameworkLibOpenCM3.a(usb_standard.o)
 .text.usb_standard_endpoint_unstall
                0x0000000008001700       0x10 .pioenvs/bluepill_f103c8/libFrameworkLibOpenCM3.a(usb_standard.o)
 .text.usb_standard_set_address
                0x0000000008001710       0x28 .pioenvs/bluepill_f103c8/libFrameworkLibOpenCM3.a(usb_standard.o)
 .text.usb_standard_set_interface
                0x0000000008001738       0x4e .pioenvs/bluepill_f103c8/libFrameworkLibOpenCM3.a(usb_standard.o)
 .text.usb_standard_get_descriptor
                0x0000000008001786      0x256 .pioenvs/bluepill_f103c8/libFrameworkLibOpenCM3.a(usb_standard.o)
 .text.usb_standard_interface_get_status
                0x00000000080019dc       0x18 .pioenvs/bluepill_f103c8/libFrameworkLibOpenCM3.a(usb_standard.o)
 .text.usbd_register_set_config_callback
                0x00000000080019f4       0x26 .pioenvs/bluepill_f103c8/libFrameworkLibOpenCM3.a(usb_standard.o)
                0x00000000080019f4                usbd_register_set_config_callback
 .text._usbd_standard_request
                0x0000000008001a1a       0x30 .pioenvs/bluepill_f103c8/libFrameworkLibOpenCM3.a(usb_standard.o)
                0x0000000008001a1a                _usbd_standard_request
 .text.st_usbfs_copy_to_pm
                0x0000000008001a4a       0x1c .pioenvs/bluepill_f103c8/libFrameworkLibOpenCM3.a(st_usbfs_v1.o)
                0x0000000008001a4a                st_usbfs_copy_to_pm
 .text.st_usbfs_copy_from_pm
                0x0000000008001a66       0x2a .pioenvs/bluepill_f103c8/libFrameworkLibOpenCM3.a(st_usbfs_v1.o)
                0x0000000008001a66                st_usbfs_copy_from_pm
 .text.blocking_handler
                0x0000000008001a90        0x2 .pioenvs/bluepill_f103c8/libFrameworkLibOpenCM3.a(vector.o)
                0x0000000008001a90                exti0_isr
                0x0000000008001a90                tim7_isr
                0x0000000008001a90                adc1_2_isr
                0x0000000008001a90                tim1_trg_com_isr
                0x0000000008001a90                usb_hp_can_tx_isr
                0x0000000008001a90                tim6_isr
                0x0000000008001a90                usb_wakeup_isr
                0x0000000008001a90                blocking_handler
                0x0000000008001a90                tim5_isr
                0x0000000008001a90                otg_fs_isr
                0x0000000008001a90                spi1_isr
                0x0000000008001a90                exti2_isr
                0x0000000008001a90                dma1_channel6_isr
                0x0000000008001a90                can_rx1_isr
                0x0000000008001a90                dma1_channel5_isr
                0x0000000008001a90                dma2_channel5_isr
                0x0000000008001a90                usart1_isr
                0x0000000008001a90                usage_fault_handler
                0x0000000008001a90                tim8_trg_com_isr
                0x0000000008001a90                can2_rx0_isr
                0x0000000008001a90                tim1_brk_isr
                0x0000000008001a90                can2_rx1_isr
                0x0000000008001a90                tim1_cc_isr
                0x0000000008001a90                sdio_isr
                0x0000000008001a90                eth_isr
                0x0000000008001a90                dma1_channel4_isr
                0x0000000008001a90                tim8_brk_isr
                0x0000000008001a90                dma2_channel4_5_isr
                0x0000000008001a90                pvd_isr
                0x0000000008001a90                rcc_isr
                0x0000000008001a90                flash_isr
                0x0000000008001a90                uart4_isr
                0x0000000008001a90                exti15_10_isr
                0x0000000008001a90                hard_fault_handler
                0x0000000008001a90                exti1_isr
                0x0000000008001a90                i2c1_ev_isr
                0x0000000008001a90                dma2_channel1_isr
                0x0000000008001a90                spi2_isr
                0x0000000008001a90                tim8_up_isr
                0x0000000008001a90                dma2_channel2_isr
                0x0000000008001a90                exti3_isr
                0x0000000008001a90                adc3_isr
                0x0000000008001a90                tim3_isr
                0x0000000008001a90                usb_lp_can_rx0_isr
                0x0000000008001a90                i2c2_er_isr
                0x0000000008001a90                i2c2_ev_isr
                0x0000000008001a90                uart5_isr
                0x0000000008001a90                fsmc_isr
                0x0000000008001a90                dma1_channel1_isr
                0x0000000008001a90                exti4_isr
                0x0000000008001a90                mem_manage_handler
                0x0000000008001a90                can2_tx_isr
                0x0000000008001a90                exti9_5_isr
                0x0000000008001a90                dma2_channel3_isr
                0x0000000008001a90                dma1_channel7_isr
                0x0000000008001a90                tim1_up_isr
                0x0000000008001a90                can2_sce_isr
                0x0000000008001a90                tim4_isr
                0x0000000008001a90                dma1_channel2_isr
                0x0000000008001a90                i2c1_er_isr
                0x0000000008001a90                can_sce_isr
                0x0000000008001a90                tim8_cc_isr
                0x0000000008001a90                tamper_isr
                0x0000000008001a90                eth_wkup_isr
                0x0000000008001a90                bus_fault_handler
                0x0000000008001a90                wwdg_isr
                0x0000000008001a90                dma1_channel3_isr
                0x0000000008001a90                spi3_isr
                0x0000000008001a90                tim2_isr
                0x0000000008001a90                usart3_isr
 .text.null_handler
                0x0000000008001a92        0x2 .pioenvs/bluepill_f103c8/libFrameworkLibOpenCM3.a(vector.o)
                0x0000000008001a92                null_handler
                0x0000000008001a92                sv_call_handler
                0x0000000008001a92                pend_sv_handler
                0x0000000008001a92                debug_monitor_handler
                0x0000000008001a92                sys_tick_handler
                0x0000000008001a92                nmi_handler
 .text.nvic_enable_irq
                0x0000000008001a94       0x1a .pioenvs/bluepill_f103c8/libFrameworkLibOpenCM3.a(nvic.o)
                0x0000000008001a94                nvic_enable_irq
 .text.st_usbfs_ep_stall_get
                0x0000000008001aae       0x38 .pioenvs/bluepill_f103c8/libFrameworkLibOpenCM3.a(st_usbfs_core.o)
                0x0000000008001aae                st_usbfs_ep_stall_get
 *libcocoos.a:(SORT_BY_ALIGNMENT(.text*))
 *libcocoOS_?.?.?.a:(SORT_BY_ALIGNMENT(.text*))
 *fill*         0x0000000008001ae6        0x2 
 .text.os_event_init
                0x0000000008001ae8        0xc .pioenvs/bluepill_f103c8/libea7/libcocoOS_5.0.3.a(os_event.o)
                0x0000000008001ae8                os_event_init
 .text.os_init  0x0000000008001af4       0x34 .pioenvs/bluepill_f103c8/libea7/libcocoOS_5.0.3.a(os_kernel.o)
                0x0000000008001af4                os_init
 .text.os_msgQ_init
                0x0000000008001b28       0x24 .pioenvs/bluepill_f103c8/libea7/libcocoOS_5.0.3.a(os_msgqueue.o)
                0x0000000008001b28                os_msgQ_init
 .text.os_sem_init
                0x0000000008001b4c        0xc .pioenvs/bluepill_f103c8/libea7/libcocoOS_5.0.3.a(os_sem.o)
                0x0000000008001b4c                os_sem_init
 .text.os_task_init
                0x0000000008001b58       0x40 .pioenvs/bluepill_f103c8/libea7/libcocoOS_5.0.3.a(os_task.o)
                0x0000000008001b58                os_task_init
 *libgcc.a:(SORT_BY_ALIGNMENT(.text*))
 .text          0x0000000008001b98      0x378 /Users/Luppy/.platformio/packages/toolchain-gccarmnoneeabi/bin/../lib/gcc/arm-none-eabi/7.2.1/thumb/v7-m/libgcc.a(_arm_addsubdf3.o)
                0x0000000008001b98                __aeabi_drsub
                0x0000000008001ba0                __subdf3
                0x0000000008001ba0                __aeabi_dsub
                0x0000000008001ba4                __aeabi_dadd
                0x0000000008001ba4                __adddf3
                0x0000000008001e1c                __aeabi_ui2d
                0x0000000008001e1c                __floatunsidf
                0x0000000008001e3c                __floatsidf
                0x0000000008001e3c                __aeabi_i2d
                0x0000000008001e60                __extendsfdf2
                0x0000000008001e60                __aeabi_f2d
                0x0000000008001ea4                __aeabi_ul2d
                0x0000000008001ea4                __floatundidf
                0x0000000008001eb4                __aeabi_l2d
                0x0000000008001eb4                __floatdidf
 .text          0x0000000008001f10      0x424 /Users/Luppy/.platformio/packages/toolchain-gccarmnoneeabi/bin/../lib/gcc/arm-none-eabi/7.2.1/thumb/v7-m/libgcc.a(_arm_muldivdf3.o)
                0x0000000008001f10                __aeabi_dmul
                0x0000000008001f10                __muldf3
                0x0000000008002164                __aeabi_ddiv
                0x0000000008002164                __divdf3
 .text          0x0000000008002334      0x110 /Users/Luppy/.platformio/packages/toolchain-gccarmnoneeabi/bin/../lib/gcc/arm-none-eabi/7.2.1/thumb/v7-m/libgcc.a(_arm_cmpdf2.o)
                0x0000000008002334                __gedf2
                0x0000000008002334                __gtdf2
                0x000000000800233c                __ledf2
                0x000000000800233c                __ltdf2
                0x0000000008002344                __cmpdf2
                0x0000000008002344                __eqdf2
                0x0000000008002344                __nedf2
                0x00000000080023c0                __aeabi_cdrcmple
                0x00000000080023d0                __aeabi_cdcmple
                0x00000000080023d0                __aeabi_cdcmpeq
                0x00000000080023e0                __aeabi_dcmpeq
                0x00000000080023f4                __aeabi_dcmplt
                0x0000000008002408                __aeabi_dcmple
                0x000000000800241c                __aeabi_dcmpge
                0x0000000008002430                __aeabi_dcmpgt
 .text          0x0000000008002444       0x50 /Users/Luppy/.platformio/packages/toolchain-gccarmnoneeabi/bin/../lib/gcc/arm-none-eabi/7.2.1/thumb/v7-m/libgcc.a(_arm_fixdfsi.o)
                0x0000000008002444                __fixdfsi
                0x0000000008002444                __aeabi_d2iz
 .text          0x0000000008002494      0x2a0 /Users/Luppy/.platformio/packages/toolchain-gccarmnoneeabi/bin/../lib/gcc/arm-none-eabi/7.2.1/thumb/v7-m/libgcc.a(_arm_muldivsf3.o)
                0x0000000008002494                __mulsf3
                0x0000000008002494                __aeabi_fmul
                0x00000000080025fc                __divsf3
                0x00000000080025fc                __aeabi_fdiv
 .text          0x0000000008002734       0xec /Users/Luppy/.platformio/packages/toolchain-gccarmnoneeabi/bin/../lib/gcc/arm-none-eabi/7.2.1/thumb/v7-m/libgcc.a(_arm_cmpsf2.o)
                0x0000000008002734                __gesf2
                0x0000000008002734                __gtsf2
                0x000000000800273c                __ltsf2
                0x000000000800273c                __lesf2
                0x0000000008002744                __nesf2
                0x0000000008002744                __eqsf2
                0x0000000008002744                __cmpsf2
                0x00000000080027a4                __aeabi_cfrcmple
                0x00000000080027ac                __aeabi_cfcmpeq
                0x00000000080027ac                __aeabi_cfcmple
                0x00000000080027bc                __aeabi_fcmpeq
                0x00000000080027d0                __aeabi_fcmplt
                0x00000000080027e4                __aeabi_fcmple
                0x00000000080027f8                __aeabi_fcmpge
                0x000000000800280c                __aeabi_fcmpgt
 .text          0x0000000008002820       0x2c /Users/Luppy/.platformio/packages/toolchain-gccarmnoneeabi/bin/../lib/gcc/arm-none-eabi/7.2.1/thumb/v7-m/libgcc.a(_arm_unorddf2.o)
                0x0000000008002820                __aeabi_dcmpun
                0x0000000008002820                __unorddf2
 .text          0x000000000800284c       0xa0 /Users/Luppy/.platformio/packages/toolchain-gccarmnoneeabi/bin/../lib/gcc/arm-none-eabi/7.2.1/thumb/v7-m/libgcc.a(_arm_truncdfsf2.o)
                0x000000000800284c                __aeabi_d2f
                0x000000000800284c                __truncdfsf2
 .text          0x00000000080028ec      0x21c /Users/Luppy/.platformio/packages/toolchain-gccarmnoneeabi/bin/../lib/gcc/arm-none-eabi/7.2.1/thumb/v7-m/libgcc.a(_arm_addsubsf3.o)
                0x00000000080028ec                __aeabi_frsub
                0x00000000080028f4                __aeabi_fsub
                0x00000000080028f4                __subsf3
                0x00000000080028f8                __aeabi_fadd
                0x00000000080028f8                __addsf3
                0x0000000008002a58                __aeabi_ui2f
                0x0000000008002a58                __floatunsisf
                0x0000000008002a60                __floatsisf
                0x0000000008002a60                __aeabi_i2f
                0x0000000008002a7c                __aeabi_ul2f
                0x0000000008002a7c                __floatundisf
                0x0000000008002a8c                __aeabi_l2f
                0x0000000008002a8c                __floatdisf
 *libqfplib.a:(SORT_BY_ALIGNMENT(.text*))
 .text          0x0000000008002b08      0x4c8 .pioenvs/bluepill_f103c8/libf85/libqfplib.a(qfplib.o)
                0x0000000008002bd0                qfp_fsub
                0x0000000008002bd6                qfp_fadd
                0x0000000008002c18                qfp_fcmp
                0x0000000008002c34                qfp_fmul
                0x0000000008002c44                qfp_fdiv
                0x0000000008002c86                qfp_fdiv_fast
                0x0000000008002cd6                qfp_fsqrt_fast
                0x0000000008002d4c                qfp_float2int
                0x0000000008002d4e                qfp_float2fix
                0x0000000008002d76                qfp_float2uint
                0x0000000008002d78                qfp_float2ufix
                0x0000000008002d92                qfp_int2float
                0x0000000008002d94                qfp_fix2float
                0x0000000008002d9e                qfp_uint2float
                0x0000000008002da0                qfp_ufix2float
                0x0000000008002e36                qfp_fsin
                0x0000000008002e78                qfp_fcos
                0x0000000008002e82                qfp_ftan
                0x0000000008002e8a                qfp_fexp
                0x0000000008002eba                qfp_fsqrt
                0x0000000008002ef4                qfp_fln
                0x0000000008002f18                qfp_fatan2
 *libnano-float.a:(SORT_BY_ALIGNMENT(.text*))
 .text.acos     0x0000000008002fd0       0xcc .pioenvs/bluepill_f103c8/libd88/libnano-float.a(functions.o)
                0x0000000008002fd0                acos
 .text.get_float_usage
                0x000000000800309c        0xc .pioenvs/bluepill_f103c8/libd88/libnano-float.a(functions.o)
                0x000000000800309c                get_float_usage
 .text.__wrap___aeabi_ddiv
                0x00000000080030a8       0x30 .pioenvs/bluepill_f103c8/libd88/libnano-float.a(functions.o)
                0x00000000080030a8                __wrap___aeabi_ddiv
 .text.__wrap___aeabi_dmul
                0x00000000080030d8       0x30 .pioenvs/bluepill_f103c8/libd88/libnano-float.a(functions.o)
                0x00000000080030d8                __wrap___aeabi_dmul
 .text.__wrap___aeabi_dadd
                0x0000000008003108       0x30 .pioenvs/bluepill_f103c8/libd88/libnano-float.a(functions.o)
                0x0000000008003108                __wrap___aeabi_dadd
 .text.__wrap___aeabi_dsub
                0x0000000008003138       0x30 .pioenvs/bluepill_f103c8/libd88/libnano-float.a(functions.o)
                0x0000000008003138                __wrap___aeabi_dsub
 .text.__wrap___aeabi_dcmpeq
                0x0000000008003168       0x34 .pioenvs/bluepill_f103c8/libd88/libnano-float.a(functions.o)
                0x0000000008003168                __wrap___aeabi_dcmpeq
 .text.__wrap___aeabi_dcmplt
                0x000000000800319c       0x30 .pioenvs/bluepill_f103c8/libd88/libnano-float.a(functions.o)
                0x000000000800319c                __wrap___aeabi_dcmplt
 .text.__wrap___aeabi_dcmple
                0x00000000080031cc       0x34 .pioenvs/bluepill_f103c8/libd88/libnano-float.a(functions.o)
                0x00000000080031cc                __wrap___aeabi_dcmple
 .text.__wrap___aeabi_dcmpge
                0x0000000008003200       0x30 .pioenvs/bluepill_f103c8/libd88/libnano-float.a(functions.o)
                0x0000000008003200                __wrap___aeabi_dcmpge
 .text.__wrap___aeabi_dcmpgt
                0x0000000008003230       0x34 .pioenvs/bluepill_f103c8/libd88/libnano-float.a(functions.o)
                0x0000000008003230                __wrap___aeabi_dcmpgt
 .text.__wrap___aeabi_dcmpun
                0x0000000008003264       0x34 .pioenvs/bluepill_f103c8/libd88/libnano-float.a(functions.o)
                0x0000000008003264                __wrap___aeabi_dcmpun
 .text.__wrap___aeabi_fdiv
                0x0000000008003298       0x10 .pioenvs/bluepill_f103c8/libd88/libnano-float.a(functions.o)
                0x0000000008003298                __wrap___aeabi_fdiv
 .text.__wrap___aeabi_fadd
                0x00000000080032a8       0x10 .pioenvs/bluepill_f103c8/libd88/libnano-float.a(functions.o)
                0x00000000080032a8                __wrap___aeabi_fadd
 .text.__wrap___aeabi_fsub
                0x00000000080032b8       0x10 .pioenvs/bluepill_f103c8/libd88/libnano-float.a(functions.o)
                0x00000000080032b8                __wrap___aeabi_fsub
 .text.__wrap___aeabi_fmul
                0x00000000080032c8       0x10 .pioenvs/bluepill_f103c8/libd88/libnano-float.a(functions.o)
                0x00000000080032c8                __wrap___aeabi_fmul
 .text.__wrap___aeabi_d2iz
                0x00000000080032d8       0x2c .pioenvs/bluepill_f103c8/libd88/libnano-float.a(functions.o)
                0x00000000080032d8                __wrap___aeabi_d2iz
 .text.__wrap___aeabi_d2uiz
                0x0000000008003304       0x38 .pioenvs/bluepill_f103c8/libd88/libnano-float.a(functions.o)
                0x0000000008003304                __wrap___aeabi_d2uiz
 .text.__wrap___addsf3
                0x000000000800333c       0x10 .pioenvs/bluepill_f103c8/libd88/libnano-float.a(functions.o)
                0x000000000800333c                __wrap___addsf3
 .text.__wrap___subsf3
                0x000000000800334c       0x10 .pioenvs/bluepill_f103c8/libd88/libnano-float.a(functions.o)
                0x000000000800334c                __wrap___subsf3
 .text.__wrap___mulsf3
                0x000000000800335c       0x10 .pioenvs/bluepill_f103c8/libd88/libnano-float.a(functions.o)
                0x000000000800335c                __wrap___mulsf3
 .text.__wrap___divsf3
                0x000000000800336c       0x10 .pioenvs/bluepill_f103c8/libd88/libnano-float.a(functions.o)
                0x000000000800336c                __wrap___divsf3
 .text.sqrt     0x000000000800337c       0x1c .pioenvs/bluepill_f103c8/libd88/libnano-float.a(functions.o)
                0x000000000800337c                sqrt
 .text.log      0x0000000008003398       0x1c .pioenvs/bluepill_f103c8/libd88/libnano-float.a(functions.o)
                0x0000000008003398                log
 .text.exp      0x00000000080033b4       0x1c .pioenvs/bluepill_f103c8/libd88/libnano-float.a(functions.o)
                0x00000000080033b4                exp
 .text.log2     0x00000000080033d0       0x28 .pioenvs/bluepill_f103c8/libd88/libnano-float.a(functions.o)
                0x00000000080033d0                log2
 .text.log10    0x00000000080033f8       0x28 .pioenvs/bluepill_f103c8/libd88/libnano-float.a(functions.o)
                0x00000000080033f8                log10
 .text.pow      0x0000000008003420       0x88 .pioenvs/bluepill_f103c8/libd88/libnano-float.a(functions.o)
                0x0000000008003420                pow
 .text.ldexp    0x00000000080034a8       0x40 .pioenvs/bluepill_f103c8/libd88/libnano-float.a(functions.o)
                0x00000000080034a8                ldexp
 .text.sin      0x00000000080034e8       0x1c .pioenvs/bluepill_f103c8/libd88/libnano-float.a(functions.o)
                0x00000000080034e8                sin
 .text.cos      0x0000000008003504       0x34 .pioenvs/bluepill_f103c8/libd88/libnano-float.a(functions.o)
                0x0000000008003504                cos
 .text.tan      0x0000000008003538       0x1c .pioenvs/bluepill_f103c8/libd88/libnano-float.a(functions.o)
                0x0000000008003538                tan
 .text.atan2    0x0000000008003554       0x50 .pioenvs/bluepill_f103c8/libd88/libnano-float.a(functions.o)
                0x0000000008003554                atan2
 .text.atan     0x00000000080035a4       0xac .pioenvs/bluepill_f103c8/libd88/libnano-float.a(functions.o)
                0x00000000080035a4                atan
 .text.asin     0x0000000008003650       0x8c .pioenvs/bluepill_f103c8/libd88/libnano-float.a(functions.o)
                0x0000000008003650                asin
 .text.sinh     0x00000000080036dc       0x98 .pioenvs/bluepill_f103c8/libd88/libnano-float.a(functions.o)
                0x00000000080036dc                sinh
 .text.cosh     0x0000000008003774       0xa4 .pioenvs/bluepill_f103c8/libd88/libnano-float.a(functions.o)
                0x0000000008003774                cosh
 .text.tanh     0x0000000008003818       0xb0 .pioenvs/bluepill_f103c8/libd88/libnano-float.a(functions.o)
                0x0000000008003818                tanh
 .text.asinh    0x00000000080038c8       0x98 .pioenvs/bluepill_f103c8/libd88/libnano-float.a(functions.o)
                0x00000000080038c8                asinh
 .text.acosh    0x0000000008003960       0xb0 .pioenvs/bluepill_f103c8/libd88/libnano-float.a(functions.o)
                0x0000000008003960                acosh
 .text.atanh    0x0000000008003a10       0xc0 .pioenvs/bluepill_f103c8/libd88/libnano-float.a(functions.o)
                0x0000000008003a10                atanh
 .text.trunc    0x0000000008003ad0       0x80 .pioenvs/bluepill_f103c8/libd88/libnano-float.a(functions.o)
                0x0000000008003ad0                trunc
 .text.floor    0x0000000008003b50       0x7c .pioenvs/bluepill_f103c8/libd88/libnano-float.a(functions.o)
                0x0000000008003b50                floor
 .text.ceil     0x0000000008003bcc       0x80 .pioenvs/bluepill_f103c8/libd88/libnano-float.a(functions.o)
                0x0000000008003bcc                ceil
 .text.fmod     0x0000000008003c4c      0x144 .pioenvs/bluepill_f103c8/libd88/libnano-float.a(functions.o)
                0x0000000008003c4c                fmod
 *libnewlib.a:(SORT_BY_ALIGNMENT(.text*))
 .text.strlen   0x0000000008003d90       0x10 .pioenvs/bluepill_f103c8/lib98a/libnewlib.a(strlen.o)
                0x0000000008003d90                strlen
 .text.strncat  0x0000000008003da0       0x28 .pioenvs/bluepill_f103c8/lib98a/libnewlib.a(strncat.o)
                0x0000000008003da0                strncat
 .text.strncpy  0x0000000008003dc8       0x2a .pioenvs/bluepill_f103c8/lib98a/libnewlib.a(strncpy.o)
                0x0000000008003dc8                strncpy
 .text.memcmp   0x0000000008003df2       0x1e .pioenvs/bluepill_f103c8/lib98a/libnewlib.a(memcmp.o)
                0x0000000008003df2                memcmp
 .text.memcpy   0x0000000008003e10       0x1c .pioenvs/bluepill_f103c8/lib98a/libnewlib.a(memcpy.o)
                0x0000000008003e10                memcpy
 .text.memset   0x0000000008003e2c       0x10 .pioenvs/bluepill_f103c8/lib98a/libnewlib.a(memset.o)
                0x0000000008003e2c                memset
 *liblogger.a:(SORT_BY_ALIGNMENT(.text*))
 .text.enable_log
                0x0000000008003e3c       0x18 .pioenvs/bluepill_f103c8/libd9b/liblogger.a(logger.o)
                0x0000000008003e3c                enable_log
 .text.debug_flush
                0x0000000008003e54       0x38 .pioenvs/bluepill_f103c8/libd9b/liblogger.a(logger.o)
                0x0000000008003e54                debug_flush
 .text._ZL12debug_appendPKcj
                0x0000000008003e8c       0x50 .pioenvs/bluepill_f103c8/libd9b/liblogger.a(logger.o)
 .text._Z11debug_printj
                0x0000000008003edc       0x7c .pioenvs/bluepill_f103c8/libd9b/liblogger.a(logger.o)
                0x0000000008003edc                debug_print(unsigned int)
 .text._Z11debug_printi
                0x0000000008003f58       0x30 .pioenvs/bluepill_f103c8/libd9b/liblogger.a(logger.o)
                0x0000000008003f58                debug_print(int)
 .text.debug_println
                0x0000000008003f88       0x1c .pioenvs/bluepill_f103c8/libd9b/liblogger.a(logger.o)
                0x0000000008003f88                debug_println
 .text._Z13debug_printlni
                0x0000000008003fa4       0x18 .pioenvs/bluepill_f103c8/libd9b/liblogger.a(logger.o)
                0x0000000008003fa4                debug_println(int)
 .text.debug_write
                0x0000000008003fbc       0x16 .pioenvs/bluepill_f103c8/libd9b/liblogger.a(logger.o)
                0x0000000008003fbc                debug_write
 .text.debug_print
                0x0000000008003fd2       0x1a .pioenvs/bluepill_f103c8/libd9b/liblogger.a(logger.o)
                0x0000000008003fd2                debug_print
 .text.debug_print_unsigned
                0x0000000008003fec        0x4 .pioenvs/bluepill_f103c8/libd9b/liblogger.a(logger.o)
                0x0000000008003fec                debug_print_unsigned
 .text.debug_printhex
                0x0000000008003ff0       0x42 .pioenvs/bluepill_f103c8/libd9b/liblogger.a(logger.o)
                0x0000000008003ff0                debug_printhex
 .text.debug_printhex_unsigned
                0x0000000008004032       0x24 .pioenvs/bluepill_f103c8/libd9b/liblogger.a(logger.o)
                0x0000000008004032                debug_printhex_unsigned
 *libbluepill.a:(SORT_BY_ALIGNMENT(.text*))
 *fill*         0x0000000008004056        0x2 
 .text.platform_setup
                0x0000000008004058       0x4c .pioenvs/bluepill_f103c8/lib271/libbluepill.a(bluepill.o)
                0x0000000008004058                platform_setup
 .text.enable_debug
                0x00000000080040a4       0x10 .pioenvs/bluepill_f103c8/lib271/libbluepill.a(bluepill.o)
                0x00000000080040a4                enable_debug
 .text.led_setup
                0x00000000080040b4       0x20 .pioenvs/bluepill_f103c8/lib271/libbluepill.a(led.o)
                0x00000000080040b4                led_setup
 .text.led_on   0x00000000080040d4       0x10 .pioenvs/bluepill_f103c8/lib271/libbluepill.a(led.o)
                0x00000000080040d4                led_on
 .text.led_off  0x00000000080040e4       0x10 .pioenvs/bluepill_f103c8/lib271/libbluepill.a(led.o)
                0x00000000080040e4                led_off
 .text.led_wait
                0x00000000080040f4       0x10 .pioenvs/bluepill_f103c8/lib271/libbluepill.a(led.o)
                0x00000000080040f4                led_wait
 .text.platform_start_timer
                0x0000000008004104      0x114 .pioenvs/bluepill_f103c8/lib271/libbluepill.a(timer.o)
                0x0000000008004104                platform_start_timer
 .text.rtc_isr  0x0000000008004218       0x30 .pioenvs/bluepill_f103c8/lib271/libbluepill.a(timer.o)
                0x0000000008004218                rtc_isr
 .text.rtc_alarm_isr
                0x0000000008004248       0x30 .pioenvs/bluepill_f103c8/lib271/libbluepill.a(timer.o)
                0x0000000008004248                rtc_alarm_isr
 .text.platform_alarm_count
                0x0000000008004278        0xc .pioenvs/bluepill_f103c8/lib271/libbluepill.a(timer.o)
                0x0000000008004278                platform_alarm_count
 .text.platform_tick_count
                0x0000000008004284        0xc .pioenvs/bluepill_f103c8/lib271/libbluepill.a(timer.o)
                0x0000000008004284                platform_tick_count
 .text.__cxa_pure_virtual
                0x0000000008004290        0x8 .pioenvs/bluepill_f103c8/lib271/libbluepill.a(bluepill.o)
                0x0000000008004290                __cxa_pure_virtual
 .text._Znwj    0x0000000008004298        0x4 .pioenvs/bluepill_f103c8/lib271/libbluepill.a(bluepill.o)
                0x0000000008004298                operator new(unsigned int)
 .text._ZdlPv   0x000000000800429c        0x4 .pioenvs/bluepill_f103c8/lib271/libbluepill.a(bluepill.o)
                0x000000000800429c                operator delete(void*)
 .text.platform_set_alarm
                0x00000000080042a0        0x4 .pioenvs/bluepill_f103c8/lib271/libbluepill.a(timer.o)
                0x00000000080042a0                platform_set_alarm
 .text.millis   0x00000000080042a4        0x4 .pioenvs/bluepill_f103c8/lib271/libbluepill.a(timer.o)
                0x00000000080042a4                millis
 *libbootloader.a:(SORT_BY_ALIGNMENT(.text*))
 .text.bootloader_poll
                0x00000000080042a8       0x1c .pioenvs/bluepill_f103c8/libb45/libbootloader.a(bootloader.o)
                0x00000000080042a8                bootloader_poll
 .text.bootloader_start
                0x00000000080042c4       0xd8 .pioenvs/bluepill_f103c8/libb45/libbootloader.a(bootloader.o)
                0x00000000080042c4                bootloader_start
 .text.target_set_led
                0x000000000800439c       0x18 .pioenvs/bluepill_f103c8/libb45/libbootloader.a(target_stm32f103.o)
                0x000000000800439c                target_set_led
 .text.target_gpio_setup
                0x00000000080043b4       0x70 .pioenvs/bluepill_f103c8/libb45/libbootloader.a(target_stm32f103.o)
                0x00000000080043b4                target_gpio_setup
 .text.target_usb_init
                0x0000000008004424       0x2c .pioenvs/bluepill_f103c8/libb45/libbootloader.a(target_stm32f103.o)
                0x0000000008004424                target_usb_init
 .text.target_manifest_app
                0x0000000008004450       0x14 .pioenvs/bluepill_f103c8/libb45/libbootloader.a(target_stm32f103.o)
                0x0000000008004450                target_manifest_app
 .text.target_manifest_bootloader
                0x0000000008004464       0x14 .pioenvs/bluepill_f103c8/libb45/libbootloader.a(target_stm32f103.o)
                0x0000000008004464                target_manifest_bootloader
 .text.target_get_force_bootloader
                0x0000000008004478       0x34 .pioenvs/bluepill_f103c8/libb45/libbootloader.a(target_stm32f103.o)
                0x0000000008004478                target_get_force_bootloader
 .text.target_get_startup_mode
                0x00000000080044ac       0x70 .pioenvs/bluepill_f103c8/libb45/libbootloader.a(target_stm32f103.o)
                0x00000000080044ac                target_get_startup_mode
 .text.target_flash_program_array
                0x000000000800451c       0xdc .pioenvs/bluepill_f103c8/libb45/libbootloader.a(target_stm32f103.o)
                0x000000000800451c                target_flash_program_array
 .text.set_aggregate_callback
                0x00000000080045f8       0x5c .pioenvs/bluepill_f103c8/libb45/libbootloader.a(usb_conf.o)
 .text.usb_setup
                0x0000000008004654       0x90 .pioenvs/bluepill_f103c8/libb45/libbootloader.a(usb_conf.o)
                0x0000000008004654                usb_setup
 .text.aggregate_register_config_callback
                0x00000000080046e4       0x38 .pioenvs/bluepill_f103c8/libb45/libbootloader.a(usb_conf.o)
                0x00000000080046e4                aggregate_register_config_callback
 .text.aggregate_register_callback
                0x000000000800471c       0x4c .pioenvs/bluepill_f103c8/libb45/libbootloader.a(usb_conf.o)
                0x000000000800471c                aggregate_register_callback
 .text.usb_set_serial_number
                0x0000000008004768       0x1c .pioenvs/bluepill_f103c8/libb45/libbootloader.a(usb_conf.o)
                0x0000000008004768                usb_set_serial_number
 .text.dump_buffer
                0x0000000008004784       0x4c .pioenvs/bluepill_f103c8/libb45/libbootloader.a(usb_conf.o)
                0x0000000008004784                dump_buffer
 .text.dump_usb_request
                0x00000000080047d0      0x130 .pioenvs/bluepill_f103c8/libb45/libbootloader.a(usb_conf.o)
                0x00000000080047d0                dump_usb_request
 .text.aggregate_callback
                0x0000000008004900       0x64 .pioenvs/bluepill_f103c8/libb45/libbootloader.a(usb_conf.o)
 .text.webusb_set_config
                0x0000000008004964       0x28 .pioenvs/bluepill_f103c8/libb45/libbootloader.a(webusb.o)
 .text.webusb_control_vendor_request
                0x000000000800498c       0x9c .pioenvs/bluepill_f103c8/libb45/libbootloader.a(webusb.o)
 .text.webusb_setup
                0x0000000008004a28       0x4c .pioenvs/bluepill_f103c8/libb45/libbootloader.a(webusb.o)
                0x0000000008004a28                webusb_setup
 .text.winusb_control_vendor_request
                0x0000000008004a74       0x94 .pioenvs/bluepill_f103c8/libb45/libbootloader.a(winusb.o)
 .text.winusb_set_config
                0x0000000008004b08       0x28 .pioenvs/bluepill_f103c8/libb45/libbootloader.a(winusb.o)
 .text.winusb_descriptor_request
                0x0000000008004b30       0x48 .pioenvs/bluepill_f103c8/libb45/libbootloader.a(winusb.o)
 .text.winusb_setup
                0x0000000008004b78       0x5c .pioenvs/bluepill_f103c8/libb45/libbootloader.a(winusb.o)
                0x0000000008004b78                winusb_setup
 .text.cdcacm_comm_cb
                0x0000000008004bd4       0x14 .pioenvs/bluepill_f103c8/libb45/libbootloader.a(cdc.o)
 .text.cdcacm_data_rx_cb
                0x0000000008004be8       0x4c .pioenvs/bluepill_f103c8/libb45/libbootloader.a(cdc.o)
 .text.cdcacm_set_config
                0x0000000008004c34       0x68 .pioenvs/bluepill_f103c8/libb45/libbootloader.a(cdc.o)
 .text.cdcacm_control_request
                0x0000000008004c9c       0x68 .pioenvs/bluepill_f103c8/libb45/libbootloader.a(cdc.o)
 .text.cdc_setup
                0x0000000008004d04       0x24 .pioenvs/bluepill_f103c8/libb45/libbootloader.a(cdc.o)
                0x0000000008004d04                cdc_setup
 .text.hf2_set_config
                0x0000000008004d28       0x3c .pioenvs/bluepill_f103c8/libb45/libbootloader.a(hf2.o)
 .text.assert.part.0
                0x0000000008004d64       0x1c .pioenvs/bluepill_f103c8/libb45/libbootloader.a(hf2.o)
 .text.pokeSend
                0x0000000008004d80       0x84 .pioenvs/bluepill_f103c8/libb45/libbootloader.a(hf2.o)
 .text.send_hf2_response
                0x0000000008004e04       0x38 .pioenvs/bluepill_f103c8/libb45/libbootloader.a(hf2.o)
 .text.hf2_data_rx_cb
                0x0000000008004e3c      0x1f4 .pioenvs/bluepill_f103c8/libb45/libbootloader.a(hf2.o)
 .text.dump_pkt
                0x0000000008005030       0x48 .pioenvs/bluepill_f103c8/libb45/libbootloader.a(hf2.o)
                0x0000000008005030                dump_pkt
 .text.hf2_setup
                0x0000000008005078       0x34 .pioenvs/bluepill_f103c8/libb45/libbootloader.a(hf2.o)
                0x0000000008005078                hf2_setup
 .text.backup_write
                0x00000000080050ac       0x38 .pioenvs/bluepill_f103c8/libb45/libbootloader.a(backup.o)
                0x00000000080050ac                backup_write
 .text.backup_read
                0x00000000080050e4       0x18 .pioenvs/bluepill_f103c8/libb45/libbootloader.a(backup.o)
                0x00000000080050e4                backup_read
 .text.usb21_set_config
                0x00000000080050fc       0x28 .pioenvs/bluepill_f103c8/libb45/libbootloader.a(usb21_standard.o)
 .text.usb21_standard_get_descriptor
                0x0000000008005124       0xcc .pioenvs/bluepill_f103c8/libb45/libbootloader.a(usb21_standard.o)
 .text.usb21_setup
                0x00000000080051f0       0x38 .pioenvs/bluepill_f103c8/libb45/libbootloader.a(usb21_standard.o)
                0x00000000080051f0                usb21_setup
 .text.flushFlash
                0x0000000008005228       0x94 .pioenvs/bluepill_f103c8/libb45/libbootloader.a(ghostfat.o)
 .text.flash_write
                0x00000000080052bc       0x48 .pioenvs/bluepill_f103c8/libb45/libbootloader.a(ghostfat.o)
                0x00000000080052bc                flash_write
 .text.target_get_serial_number
                0x0000000008005304        0x6 .pioenvs/bluepill_f103c8/libb45/libbootloader.a(target_stm32f103.o)
                0x0000000008005304                target_get_serial_number
 .text.target_flash_unlock
                0x000000000800530a        0x4 .pioenvs/bluepill_f103c8/libb45/libbootloader.a(target_stm32f103.o)
                0x000000000800530a                target_flash_unlock
 .text.target_flash_lock
                0x000000000800530e        0x4 .pioenvs/bluepill_f103c8/libb45/libbootloader.a(target_stm32f103.o)
                0x000000000800530e                target_flash_lock
 .text.hf2_data_tx_cb
                0x0000000008005312        0x4 .pioenvs/bluepill_f103c8/libb45/libbootloader.a(hf2.o)
                0x0000000008005318                . = ALIGN (0x4)
 *fill*         0x0000000008005316        0x2 
 :*reset_handler*(SORT_BY_ALIGNMENT(.rodata*))
 *libhal.a:*reset_handler*(SORT_BY_ALIGNMENT(.rodata*))
 :*codal_target_hal*(SORT_BY_ALIGNMENT(.rodata*))
 .rodata.target_panic.str1.1
                0x0000000008005318       0x13 .pioenvs/bluepill_f103c8/libccd/hal/codal_target_hal.o
 .rodata.target_wait.str1.1
                0x000000000800532b       0x10 .pioenvs/bluepill_f103c8/libccd/hal/codal_target_hal.o
 .rodata.target_wait_us.str1.1
                0x000000000800533b       0x13 .pioenvs/bluepill_f103c8/libccd/hal/codal_target_hal.o
 .rodata.test_codal.str1.1
                0x000000000800534e       0x34 .pioenvs/bluepill_f103c8/libccd/hal/codal_target_hal.o
 *libhal.a:*codal_target_hal*(SORT_BY_ALIGNMENT(.rodata*))
 :*CortexContextSwitch*(SORT_BY_ALIGNMENT(.rodata*))
 *libhal.a:(SORT_BY_ALIGNMENT(.rodata*))
 *liblibopencm3.a:(SORT_BY_ALIGNMENT(.rodata*))
 *libFrameworkLibOpenCM3.a:(SORT_BY_ALIGNMENT(.rodata*))
 *fill*         0x0000000008005382        0x2 
 .rodata.st_usbfs_v1_usb_driver
                0x0000000008005384       0x34 .pioenvs/bluepill_f103c8/libFrameworkLibOpenCM3.a(st_usbfs_v1.o)
                0x0000000008005384                st_usbfs_v1_usb_driver
 .rodata.chars.4166
                0x00000000080053b8       0x11 .pioenvs/bluepill_f103c8/libFrameworkLibOpenCM3.a(desig.o)
 *libcocoos.a:(SORT_BY_ALIGNMENT(.rodata*))
 *libcocoOS_?.?.?.a:(SORT_BY_ALIGNMENT(.rodata*))
 *libgcc.a:(SORT_BY_ALIGNMENT(.rodata*))
 *libqfplib.a:(SORT_BY_ALIGNMENT(.rodata*))
 *libnano-float.a:(SORT_BY_ALIGNMENT(.rodata*))
 *libnewlib.a:(SORT_BY_ALIGNMENT(.rodata*))
 *liblogger.a:(SORT_BY_ALIGNMENT(.rodata*))
 .rodata._Z11debug_printi.str1.1
                0x00000000080053c9        0x4 .pioenvs/bluepill_f103c8/libd9b/liblogger.a(logger.o)
 .rodata._Z11debug_printj.str1.1
                0x00000000080053cd        0xb .pioenvs/bluepill_f103c8/libd9b/liblogger.a(logger.o)
 .rodata.debug_println.str1.1
                0x00000000080053d8        0x2 .pioenvs/bluepill_f103c8/libd9b/liblogger.a(logger.o)
 *libbluepill.a:(SORT_BY_ALIGNMENT(.rodata*))
 .rodata.platform_setup.str1.1
                0x00000000080053da       0x13 .pioenvs/bluepill_f103c8/lib271/libbluepill.a(bluepill.o)
 .rodata.platform_start_timer.str1.1
                0x00000000080053ed       0x2f .pioenvs/bluepill_f103c8/lib271/libbluepill.a(timer.o)
 *libbootloader.a:(SORT_BY_ALIGNMENT(.rodata*))
 .rodata.interfaces
                0x000000000800541c       0x30 .pioenvs/bluepill_f103c8/libb45/libbootloader.a(usb_conf.o)
 .rodata.bootloader_start.str1.1
                0x000000000800544c       0x58 .pioenvs/bluepill_f103c8/libb45/libbootloader.a(bootloader.o)
 .rodata.target_flash_program_array.str1.1
                0x00000000080054a4       0x6a .pioenvs/bluepill_f103c8/libb45/libbootloader.a(target_stm32f103.o)
 .rodata.target_get_startup_mode.str1.1
                0x000000000800550e       0x31 .pioenvs/bluepill_f103c8/libb45/libbootloader.a(target_stm32f103.o)
                                         0x32 (size before relaxing)
 .rodata.aggregate_callback.str1.1
                0x000000000800553f        0x4 .pioenvs/bluepill_f103c8/libb45/libbootloader.a(usb_conf.o)
 .rodata.aggregate_register_callback.str1.1
                0x0000000008005543       0x26 .pioenvs/bluepill_f103c8/libb45/libbootloader.a(usb_conf.o)
 .rodata.aggregate_register_config_callback.str1.1
                0x0000000008005569       0x25 .pioenvs/bluepill_f103c8/libb45/libbootloader.a(usb_conf.o)
 .rodata.bos_descriptor
                0x000000000800558e        0x9 .pioenvs/bluepill_f103c8/libb45/libbootloader.a(usb_conf.o)
 .rodata.cdc_iface_assoc
                0x0000000008005597        0x8 .pioenvs/bluepill_f103c8/libb45/libbootloader.a(usb_conf.o)
 .rodata.cdcacm_functional_descriptors
                0x000000000800559f       0x13 .pioenvs/bluepill_f103c8/libb45/libbootloader.a(usb_conf.o)
 .rodata.comm_endp
                0x00000000080055b2        0xf .pioenvs/bluepill_f103c8/libb45/libbootloader.a(usb_conf.o)
 .rodata.comm_iface
                0x00000000080055c1       0x15 .pioenvs/bluepill_f103c8/libb45/libbootloader.a(usb_conf.o)
 .rodata.config
                0x00000000080055d6        0xd .pioenvs/bluepill_f103c8/libb45/libbootloader.a(usb_conf.o)
 .rodata.data_endp
                0x00000000080055e3       0x1e .pioenvs/bluepill_f103c8/libb45/libbootloader.a(usb_conf.o)
 .rodata.data_iface
                0x0000000008005601       0x15 .pioenvs/bluepill_f103c8/libb45/libbootloader.a(usb_conf.o)
 .rodata.dev    0x0000000008005616       0x12 .pioenvs/bluepill_f103c8/libb45/libbootloader.a(usb_conf.o)
 .rodata.dump_buffer.str1.1
                0x0000000008005628        0x4 .pioenvs/bluepill_f103c8/libb45/libbootloader.a(usb_conf.o)
                                          0x7 (size before relaxing)
 .rodata.dump_usb_request.str1.1
                0x000000000800562c       0x70 .pioenvs/bluepill_f103c8/libb45/libbootloader.a(usb_conf.o)
 .rodata.hf2_endp
                0x000000000800569c       0x1e .pioenvs/bluepill_f103c8/libb45/libbootloader.a(usb_conf.o)
 .rodata.hf2_iface
                0x00000000080056ba       0x15 .pioenvs/bluepill_f103c8/libb45/libbootloader.a(usb_conf.o)
 .rodata.set_aggregate_callback.str1.1
                0x00000000080056cf       0x40 .pioenvs/bluepill_f103c8/libb45/libbootloader.a(usb_conf.o)
 .rodata.str1.1
                0x000000000800570f       0x7e .pioenvs/bluepill_f103c8/libb45/libbootloader.a(usb_conf.o)
 .rodata.usb_setup.str1.1
                0x000000000800578d       0x2e .pioenvs/bluepill_f103c8/libb45/libbootloader.a(usb_conf.o)
 .rodata.webusb_control_vendor_request.str1.1
                0x00000000080057bb       0x3c .pioenvs/bluepill_f103c8/libb45/libbootloader.a(webusb.o)
                                         0x3d (size before relaxing)
 .rodata.webusb_platform_capability_descriptor
                0x00000000080057f7       0x18 .pioenvs/bluepill_f103c8/libb45/libbootloader.a(webusb.o)
                0x00000000080057f7                webusb_platform_capability_descriptor
 .rodata.webusb_set_config.str1.1
                0x000000000800580f       0x1d .pioenvs/bluepill_f103c8/libb45/libbootloader.a(webusb.o)
 .rodata.webusb_setup.str1.1
                0x000000000800582c       0x18 .pioenvs/bluepill_f103c8/libb45/libbootloader.a(webusb.o)
 .rodata.guid   0x0000000008005844       0x92 .pioenvs/bluepill_f103c8/libb45/libbootloader.a(winusb.o)
 .rodata.microsoft_platform_capability_descriptor
                0x00000000080058d6       0x1c .pioenvs/bluepill_f103c8/libb45/libbootloader.a(winusb.o)
                0x00000000080058d6                microsoft_platform_capability_descriptor
 .rodata.winusb_control_vendor_request.str1.1
                0x00000000080058f2       0x14 .pioenvs/bluepill_f103c8/libb45/libbootloader.a(winusb.o)
 .rodata.winusb_descriptor_request.str1.1
                0x0000000008005906        0x6 .pioenvs/bluepill_f103c8/libb45/libbootloader.a(winusb.o)
 .rodata.winusb_set_config.str1.1
                0x000000000800590c       0x1d .pioenvs/bluepill_f103c8/libb45/libbootloader.a(winusb.o)
 .rodata.winusb_setup.str1.1
                0x0000000008005929       0x18 .pioenvs/bluepill_f103c8/libb45/libbootloader.a(winusb.o)
 .rodata.winusb_string_descriptor
                0x0000000008005941       0x12 .pioenvs/bluepill_f103c8/libb45/libbootloader.a(winusb.o)
 .rodata.cdc_setup.str1.1
                0x0000000008005953       0x15 .pioenvs/bluepill_f103c8/libb45/libbootloader.a(cdc.o)
 .rodata.cdcacm_comm_cb.str1.1
                0x0000000008005968        0x5 .pioenvs/bluepill_f103c8/libb45/libbootloader.a(cdc.o)
 .rodata.cdcacm_control_request.str1.1
                0x000000000800596d       0x28 .pioenvs/bluepill_f103c8/libb45/libbootloader.a(cdc.o)
                                         0x30 (size before relaxing)
 .rodata.cdcacm_data_rx_cb.str1.1
                0x0000000008005995        0x4 .pioenvs/bluepill_f103c8/libb45/libbootloader.a(cdc.o)
 .rodata.cdcacm_set_config.str1.1
                0x0000000008005999       0x1d .pioenvs/bluepill_f103c8/libb45/libbootloader.a(cdc.o)
 .rodata.line_coding
                0x00000000080059b6        0x7 .pioenvs/bluepill_f103c8/libb45/libbootloader.a(cdc.o)
 .rodata.assert.part.0.str1.1
                0x00000000080059bd        0xc .pioenvs/bluepill_f103c8/libb45/libbootloader.a(hf2.o)
 .rodata.bad_packet_message
                0x00000000080059c9        0xb .pioenvs/bluepill_f103c8/libb45/libbootloader.a(hf2.o)
 .rodata.dump_pkt.str1.1
                0x00000000080059d4       0x2d .pioenvs/bluepill_f103c8/libb45/libbootloader.a(hf2.o)
 .rodata.hf2_data_rx_cb.str1.1
                0x0000000008005a01       0x88 .pioenvs/bluepill_f103c8/libb45/libbootloader.a(hf2.o)
                                         0x89 (size before relaxing)
 .rodata.hf2_set_config.str1.1
                0x0000000008005a89        0xb .pioenvs/bluepill_f103c8/libb45/libbootloader.a(hf2.o)
 .rodata.hf2_setup.str1.1
                0x0000000008005a94       0x15 .pioenvs/bluepill_f103c8/libb45/libbootloader.a(hf2.o)
 .rodata.send_hf2_response.str1.1
                0x0000000008005aa9        0x7 .pioenvs/bluepill_f103c8/libb45/libbootloader.a(hf2.o)
 .rodata.usb21_set_config.str1.1
                0x0000000008005ab0       0x1c .pioenvs/bluepill_f103c8/libb45/libbootloader.a(usb21_standard.o)
 .rodata.usb21_setup.str1.1
                0x0000000008005acc       0x17 .pioenvs/bluepill_f103c8/libb45/libbootloader.a(usb21_standard.o)
 .rodata.usb21_standard_get_descriptor.str1.1
                0x0000000008005ae3       0x21 .pioenvs/bluepill_f103c8/libb45/libbootloader.a(usb21_standard.o)
 .rodata.flushFlash.str1.1
                0x0000000008005b04       0x1e .pioenvs/bluepill_f103c8/libb45/libbootloader.a(ghostfat.o)
                                         0x1f (size before relaxing)
 .rodata.infoUf2File
                0x0000000008005b22       0x55 .pioenvs/bluepill_f103c8/libb45/libbootloader.a(ghostfat.o)
                0x0000000008005b22                infoUf2File
                0x0000000008005b78                . = ALIGN (0x4)
 *fill*         0x0000000008005b77        0x1 
                0x0000000008005b78                _boot_etext = .

.text           0x0000000008006000     0x7a6c
                0x0000000008006000                . = ALIGN (0x4)
                0x0000000008006000                _text = .
 *(SORT_BY_ALIGNMENT(.text.startup.main))
 .text.startup.main
                0x0000000008006000       0x1a .pioenvs/bluepill_f103c8/src/main.o
                0x0000000008006000                main
 *libunity.a:(SORT_BY_ALIGNMENT(.text*))
 *fill*         0x000000000800601a        0x6 
 .text.UnityPrintFloat
                0x0000000008006020      0x344 .pioenvs/bluepill_f103c8/libfdb/libunity.a(unity.o)
                0x0000000008006020                UnityPrintFloat
 .text.UnityTestResultsBegin
                0x0000000008006364       0x30 .pioenvs/bluepill_f103c8/libfdb/libunity.a(unity.o)
 .text.UnityTestResultsFailBegin
                0x0000000008006394       0x24 .pioenvs/bluepill_f103c8/libfdb/libunity.a(unity.o)
 .text.UnityAddMsgIfSpecified
                0x00000000080063b8       0x50 .pioenvs/bluepill_f103c8/libfdb/libunity.a(unity.o)
 .text.UnityConcludeTest
                0x0000000008006408       0x44 .pioenvs/bluepill_f103c8/libfdb/libunity.a(unity.o)
                0x0000000008006408                UnityConcludeTest
 .text.UnityAssertEqualNumber
                0x000000000800644c       0x58 .pioenvs/bluepill_f103c8/libfdb/libunity.a(unity.o)
                0x000000000800644c                UnityAssertEqualNumber
 .text.UnityAssertFloatsWithin
                0x00000000080064a4       0x58 .pioenvs/bluepill_f103c8/libfdb/libunity.a(unity.o)
                0x00000000080064a4                UnityAssertFloatsWithin
 .text.UnityAssertDoublesWithin
                0x00000000080064fc       0x60 .pioenvs/bluepill_f103c8/libfdb/libunity.a(unity.o)
                0x00000000080064fc                UnityAssertDoublesWithin
 .text.UnityDefaultTestRun
                0x000000000800655c       0x2c .pioenvs/bluepill_f103c8/libfdb/libunity.a(unity.o)
                0x000000000800655c                UnityDefaultTestRun
 .text.UnityBegin
                0x0000000008006588       0x20 .pioenvs/bluepill_f103c8/libfdb/libunity.a(unity.o)
                0x0000000008006588                UnityBegin
 .text.UnityEnd
                0x00000000080065a8       0x74 .pioenvs/bluepill_f103c8/libfdb/libunity.a(unity.o)
                0x00000000080065a8                UnityEnd
 .text.UnityFloatsWithin
                0x000000000800661c       0xe4 .pioenvs/bluepill_f103c8/libfdb/libunity.a(unity.o)
 .text.UnityDoublesWithin
                0x0000000008006700      0x11c .pioenvs/bluepill_f103c8/libfdb/libunity.a(unity.o)
 .text.setUp    0x000000000800681c        0x2 .pioenvs/bluepill_f103c8/libfdb/libunity.a(unity.o)
                0x000000000800681c                setUp
 .text.tearDown
                0x000000000800681e        0x2 .pioenvs/bluepill_f103c8/libfdb/libunity.a(unity.o)
                0x000000000800681e                tearDown
 .text.UnityPrintNumberUnsigned
                0x0000000008006820       0x34 .pioenvs/bluepill_f103c8/libfdb/libunity.a(unity.o)
                0x0000000008006820                UnityPrintNumberUnsigned
 .text.UnityPrintNumber
                0x0000000008006854       0x18 .pioenvs/bluepill_f103c8/libfdb/libunity.a(unity.o)
                0x0000000008006854                UnityPrintNumber
 .text.UnityPrintNumberHex
                0x000000000800686c       0x2e .pioenvs/bluepill_f103c8/libfdb/libunity.a(unity.o)
                0x000000000800686c                UnityPrintNumberHex
 .text.UnityPrint.part.0
                0x000000000800689a       0x4c .pioenvs/bluepill_f103c8/libfdb/libunity.a(unity.o)
 .text.UnityPrint
                0x00000000080068e6        0x8 .pioenvs/bluepill_f103c8/libfdb/libunity.a(unity.o)
                0x00000000080068e6                UnityPrint
 .text.UnityPrintNumberByStyle
                0x00000000080068ee       0x3a .pioenvs/bluepill_f103c8/libfdb/libunity.a(unity.o)
                0x00000000080068ee                UnityPrintNumberByStyle
 :*unit_test.o(SORT_BY_ALIGNMENT(.text*))
 *(SORT_BY_ALIGNMENT(.text*))
 .text.test_fabs
                0x0000000008006928      0x160 .pioenvs/bluepill_f103c8/lib533/libunittest.a(unittest.o)
                0x0000000008006928                test_fabs
 .text.test_aeabi_ddiv
                0x0000000008006a88      0x19c .pioenvs/bluepill_f103c8/lib533/libunittest.a(unittest.o)
                0x0000000008006a88                test_aeabi_ddiv
 *fill*         0x0000000008006c24        0x4 
 .text.test_aeabi_dmul
                0x0000000008006c28      0x19c .pioenvs/bluepill_f103c8/lib533/libunittest.a(unittest.o)
                0x0000000008006c28                test_aeabi_dmul
 *fill*         0x0000000008006dc4        0x4 
 .text.test_aeabi_dadd
                0x0000000008006dc8      0x17c .pioenvs/bluepill_f103c8/lib533/libunittest.a(unittest.o)
                0x0000000008006dc8                test_aeabi_dadd
 *fill*         0x0000000008006f44        0x4 
 .text.test_aeabi_dsub
                0x0000000008006f48      0x17c .pioenvs/bluepill_f103c8/lib533/libunittest.a(unittest.o)
                0x0000000008006f48                test_aeabi_dsub
 *fill*         0x00000000080070c4        0x4 
 .text.test_aeabi_dcmpeq
                0x00000000080070c8      0x1a4 .pioenvs/bluepill_f103c8/lib533/libunittest.a(unittest.o)
                0x00000000080070c8                test_aeabi_dcmpeq
 *fill*         0x000000000800726c        0x4 
 .text.test_aeabi_dcmplt
                0x0000000008007270      0x1a4 .pioenvs/bluepill_f103c8/lib533/libunittest.a(unittest.o)
                0x0000000008007270                test_aeabi_dcmplt
 *fill*         0x0000000008007414        0x4 
 .text.test_aeabi_dcmple
                0x0000000008007418      0x1a4 .pioenvs/bluepill_f103c8/lib533/libunittest.a(unittest.o)
                0x0000000008007418                test_aeabi_dcmple
 *fill*         0x00000000080075bc        0x4 
 .text.test_aeabi_dcmpge
                0x00000000080075c0      0x1a4 .pioenvs/bluepill_f103c8/lib533/libunittest.a(unittest.o)
                0x00000000080075c0                test_aeabi_dcmpge
 *fill*         0x0000000008007764        0x4 
 .text.test_aeabi_dcmpgt
                0x0000000008007768      0x1a4 .pioenvs/bluepill_f103c8/lib533/libunittest.a(unittest.o)
                0x0000000008007768                test_aeabi_dcmpgt
 *fill*         0x000000000800790c        0x4 
 .text.test_aeabi_dcmpun
                0x0000000008007910      0x1a4 .pioenvs/bluepill_f103c8/lib533/libunittest.a(unittest.o)
                0x0000000008007910                test_aeabi_dcmpun
 *fill*         0x0000000008007ab4        0x4 
 .text.test_aeabi_fadd
                0x0000000008007ab8      0x14c .pioenvs/bluepill_f103c8/lib533/libunittest.a(unittest.o)
                0x0000000008007ab8                test_aeabi_fadd
 *fill*         0x0000000008007c04        0x4 
 .text.test_aeabi_fsub
                0x0000000008007c08      0x14c .pioenvs/bluepill_f103c8/lib533/libunittest.a(unittest.o)
                0x0000000008007c08                test_aeabi_fsub
 *fill*         0x0000000008007d54        0x4 
 .text.test_aeabi_fmul
                0x0000000008007d58      0x12c .pioenvs/bluepill_f103c8/lib533/libunittest.a(unittest.o)
                0x0000000008007d58                test_aeabi_fmul
 *fill*         0x0000000008007e84        0x4 
 .text.test_aeabi_d2iz
                0x0000000008007e88       0x94 .pioenvs/bluepill_f103c8/lib533/libunittest.a(unittest.o)
                0x0000000008007e88                test_aeabi_d2iz
 *fill*         0x0000000008007f1c        0x4 
 .text.test_aeabi_d2uiz
                0x0000000008007f20       0x90 .pioenvs/bluepill_f103c8/lib533/libunittest.a(unittest.o)
                0x0000000008007f20                test_aeabi_d2uiz
 .text.test_addsf3
                0x0000000008007fb0      0x14c .pioenvs/bluepill_f103c8/lib533/libunittest.a(unittest.o)
                0x0000000008007fb0                test_addsf3
 *fill*         0x00000000080080fc        0x4 
 .text.test_subsf3
                0x0000000008008100      0x14c .pioenvs/bluepill_f103c8/lib533/libunittest.a(unittest.o)
                0x0000000008008100                test_subsf3
 *fill*         0x000000000800824c        0x4 
 .text.test_mulsf3
                0x0000000008008250      0x12c .pioenvs/bluepill_f103c8/lib533/libunittest.a(unittest.o)
                0x0000000008008250                test_mulsf3
 *fill*         0x000000000800837c        0x4 
 .text.test_divsf3
                0x0000000008008380      0x12c .pioenvs/bluepill_f103c8/lib533/libunittest.a(unittest.o)
                0x0000000008008380                test_divsf3
 *fill*         0x00000000080084ac        0x4 
 .text.test_sqrt
                0x00000000080084b0       0xc8 .pioenvs/bluepill_f103c8/lib533/libunittest.a(unittest.o)
                0x00000000080084b0                test_sqrt
 .text.test_log
                0x0000000008008578       0xd0 .pioenvs/bluepill_f103c8/lib533/libunittest.a(unittest.o)
                0x0000000008008578                test_log
 .text.test_exp
                0x0000000008008648      0x128 .pioenvs/bluepill_f103c8/lib533/libunittest.a(unittest.o)
                0x0000000008008648                test_exp
 .text.test_log2
                0x0000000008008770      0x114 .pioenvs/bluepill_f103c8/lib533/libunittest.a(unittest.o)
                0x0000000008008770                test_log2
 *fill*         0x0000000008008884        0x4 
 .text.test_log10
                0x0000000008008888       0xd8 .pioenvs/bluepill_f103c8/lib533/libunittest.a(unittest.o)
                0x0000000008008888                test_log10
 .text.test_pow
                0x0000000008008960      0x118 .pioenvs/bluepill_f103c8/lib533/libunittest.a(unittest.o)
                0x0000000008008960                test_pow
 .text.test_ldexp
                0x0000000008008a78       0xcc .pioenvs/bluepill_f103c8/lib533/libunittest.a(unittest.o)
                0x0000000008008a78                test_ldexp
 *fill*         0x0000000008008b44        0x4 
 .text.test_sin
                0x0000000008008b48      0x158 .pioenvs/bluepill_f103c8/lib533/libunittest.a(unittest.o)
                0x0000000008008b48                test_sin
 .text.test_cos
                0x0000000008008ca0      0x160 .pioenvs/bluepill_f103c8/lib533/libunittest.a(unittest.o)
                0x0000000008008ca0                test_cos
 .text.test_tan
                0x0000000008008e00      0x150 .pioenvs/bluepill_f103c8/lib533/libunittest.a(unittest.o)
                0x0000000008008e00                test_tan
 .text.test_atan2
                0x0000000008008f50      0x220 .pioenvs/bluepill_f103c8/lib533/libunittest.a(unittest.o)
                0x0000000008008f50                test_atan2
 .text.test_atan
                0x0000000008009170       0xcc .pioenvs/bluepill_f103c8/lib533/libunittest.a(unittest.o)
                0x0000000008009170                test_atan
 *fill*         0x000000000800923c        0x4 
 .text.test_asin
                0x0000000008009240       0xa8 .pioenvs/bluepill_f103c8/lib533/libunittest.a(unittest.o)
                0x0000000008009240                test_asin
 .text.test_acos
                0x00000000080092e8      0x174 .pioenvs/bluepill_f103c8/lib533/libunittest.a(unittest.o)
                0x00000000080092e8                test_acos
 *fill*         0x000000000800945c        0x4 
 .text.test_sinh
                0x0000000008009460      0x110 .pioenvs/bluepill_f103c8/lib533/libunittest.a(unittest.o)
                0x0000000008009460                test_sinh
 .text.test_cosh
                0x0000000008009570      0x110 .pioenvs/bluepill_f103c8/lib533/libunittest.a(unittest.o)
                0x0000000008009570                test_cosh
 .text.test_tanh
                0x0000000008009680      0x110 .pioenvs/bluepill_f103c8/lib533/libunittest.a(unittest.o)
                0x0000000008009680                test_tanh
 .text.test_asinh
                0x0000000008009790      0x110 .pioenvs/bluepill_f103c8/lib533/libunittest.a(unittest.o)
                0x0000000008009790                test_asinh
 .text.test_acosh
                0x00000000080098a0       0x90 .pioenvs/bluepill_f103c8/lib533/libunittest.a(unittest.o)
                0x00000000080098a0                test_acosh
 .text.test_atanh
                0x0000000008009930       0xc8 .pioenvs/bluepill_f103c8/lib533/libunittest.a(unittest.o)
                0x0000000008009930                test_atanh
 .text.test_trunc
                0x00000000080099f8      0x178 .pioenvs/bluepill_f103c8/lib533/libunittest.a(unittest.o)
                0x00000000080099f8                test_trunc
 .text.test_floor
                0x0000000008009b70      0x17c .pioenvs/bluepill_f103c8/lib533/libunittest.a(unittest.o)
                0x0000000008009b70                test_floor
 *fill*         0x0000000008009cec        0x4 
 .text.test_ceil
                0x0000000008009cf0      0x17c .pioenvs/bluepill_f103c8/lib533/libunittest.a(unittest.o)
                0x0000000008009cf0                test_ceil
 *fill*         0x0000000008009e6c        0x4 
 .text.test_fmod
                0x0000000008009e70      0x1d8 .pioenvs/bluepill_f103c8/lib533/libunittest.a(unittest.o)
                0x0000000008009e70                test_fmod
 .text._ZL10debug_dumpRN5codal13STM32BluePillEPKc
                0x000000000800a048       0x7c .pioenvs/bluepill_f103c8/src/main.o
 .text._Z10Blink_mainRN5codal13STM32BluePillE
                0x000000000800a0c4       0x74 .pioenvs/bluepill_f103c8/src/main.o
                0x000000000800a0c4                Blink_main(codal::STM32BluePill&)
 .text.startup._GLOBAL__sub_I_serialPort
                0x000000000800a138       0x10 .pioenvs/bluepill_f103c8/src/uart.o
 .text.codal_dmesg_flush
                0x000000000800a148       0x10 .pioenvs/bluepill_f103c8/lib3e7/libcodal-core.a(CodalDmesg.o)
                0x000000000800a148                codal_dmesg_flush
 .text._ZN5codal10EventModel6listenEiiPFvNS_5EventEEt
                0x000000000800a158       0x60 .pioenvs/bluepill_f103c8/lib3e7/libcodal-core.a(CodalFiber.o)
                0x000000000800a158                codal::EventModel::listen(int, int, void (*)(codal::Event), unsigned short)
 .text._ZN5codal14scheduler_tickENS_5EventE
                0x000000000800a1b8       0x38 .pioenvs/bluepill_f103c8/lib3e7/libcodal-core.a(CodalFiber.o)
                0x000000000800a1b8                codal::scheduler_tick(codal::Event)
 .text._ZN5codal15scheduler_eventENS_5EventE
                0x000000000800a1f0       0xc0 .pioenvs/bluepill_f103c8/lib3e7/libcodal-core.a(CodalFiber.o)
                0x000000000800a1f0                codal::scheduler_event(codal::Event)
 .text._Z15getFiberContextv
                0x000000000800a2b0       0x50 .pioenvs/bluepill_f103c8/lib3e7/libcodal-core.a(CodalFiber.o)
                0x000000000800a2b0                getFiberContext()
 .text._ZL10handle_fobv
                0x000000000800a300       0x2c .pioenvs/bluepill_f103c8/lib3e7/libcodal-core.a(CodalFiber.o)
 .text._ZN5codal23fiber_scheduler_runningEv
                0x000000000800a32c       0x10 .pioenvs/bluepill_f103c8/lib3e7/libcodal-core.a(CodalFiber.o)
                0x000000000800a32c                codal::fiber_scheduler_running()
 .text._ZN5codal14scheduler_initERNS_10EventModelE
                0x000000000800a33c       0xac .pioenvs/bluepill_f103c8/lib3e7/libcodal-core.a(CodalFiber.o)
                0x000000000800a33c                codal::scheduler_init(codal::EventModel&)
 .text._ZN5codal19fiber_wake_on_eventEtt
                0x000000000800a3e8       0x5c .pioenvs/bluepill_f103c8/lib3e7/libcodal-core.a(CodalFiber.o)
                0x000000000800a3e8                codal::fiber_wake_on_event(unsigned short, unsigned short)
 .text._Z14__create_fibermmmi
                0x000000000800a444       0x64 .pioenvs/bluepill_f103c8/lib3e7/libcodal-core.a(CodalFiber.o)
                0x000000000800a444                __create_fiber(unsigned long, unsigned long, unsigned long, int)
 .text._ZN5codal17verify_stack_sizeEPNS_5FiberE
                0x000000000800a4a8       0x44 .pioenvs/bluepill_f103c8/lib3e7/libcodal-core.a(CodalFiber.o)
                0x000000000800a4a8                codal::verify_stack_size(codal::Fiber*)
 .text._ZN5codal24scheduler_runqueue_emptyEv
                0x000000000800a4ec       0x10 .pioenvs/bluepill_f103c8/lib3e7/libcodal-core.a(CodalFiber.o)
                0x000000000800a4ec                codal::scheduler_runqueue_empty()
 .text._ZN5codal4idleEv
                0x000000000800a4fc       0x3c .pioenvs/bluepill_f103c8/lib3e7/libcodal-core.a(CodalFiber.o)
                0x000000000800a4fc                codal::idle()
 .text._ZN5codal8scheduleEv
                0x000000000800a538      0x108 .pioenvs/bluepill_f103c8/lib3e7/libcodal-core.a(CodalFiber.o)
                0x000000000800a538                codal::schedule()
 .text._ZN5codal11fiber_sleepEm
                0x000000000800a640       0x3c .pioenvs/bluepill_f103c8/lib3e7/libcodal-core.a(CodalFiber.o)
                0x000000000800a640                codal::fiber_sleep(unsigned long)
 .text._ZN5codal13release_fiberEv
                0x000000000800a67c       0x6c .pioenvs/bluepill_f103c8/lib3e7/libcodal-core.a(CodalFiber.o)
                0x000000000800a67c                codal::release_fiber()
 .text._ZN5codal6invokeEPFvPvES0_
                0x000000000800a6e8       0x80 .pioenvs/bluepill_f103c8/lib3e7/libcodal-core.a(CodalFiber.o)
                0x000000000800a6e8                codal::invoke(void (*)(void*), void*)
 .text._Z18device_create_heapmm
                0x000000000800a768       0x3c .pioenvs/bluepill_f103c8/lib3e7/libcodal-core.a(CodalHeapAllocator.o)
                0x000000000800a768                device_create_heap(unsigned long, unsigned long)
 .text.device_malloc
                0x000000000800a7a4       0x48 .pioenvs/bluepill_f103c8/lib3e7/libcodal-core.a(CodalHeapAllocator.o)
                0x000000000800a7a4                malloc
                0x000000000800a7a4                device_malloc
 .text.device_free
                0x000000000800a7ec       0x40 .pioenvs/bluepill_f103c8/lib3e7/libcodal-core.a(CodalHeapAllocator.o)
                0x000000000800a7ec                device_free
                0x000000000800a7ec                free
 .text._ZN5codal5TimerC2Ev
                0x000000000800a82c       0x34 .pioenvs/bluepill_f103c8/lib3e7/libcodal-core.a(Timer.o)
                0x000000000800a82c                codal::Timer::Timer()
                0x000000000800a82c                codal::Timer::Timer()
 .text._ZN5codal25system_timer_current_timeEv
                0x000000000800a860       0x10 .pioenvs/bluepill_f103c8/lib3e7/libcodal-core.a(Timer.o)
                0x000000000800a860                codal::system_timer_current_time()
 .text._ZN5codal27system_timer_event_every_usEmtt
                0x000000000800a870       0x24 .pioenvs/bluepill_f103c8/lib3e7/libcodal-core.a(Timer.o)
                0x000000000800a870                codal::system_timer_event_every_us(unsigned long, unsigned short, unsigned short)
 .text._ZN5codal5Event4fireEv
                0x000000000800a894       0x20 .pioenvs/bluepill_f103c8/lib3e7/libcodal-core.a(Event.o)
                0x000000000800a894                codal::Event::fire()
 .text._ZN5codal3_cm3Pin14setAnalogValueEi
                0x000000000800a8b4       0x1c .pioenvs/bluepill_f103c8/lib739/libcm.a(CmPin.o)
                0x000000000800a8b4                codal::_cm::Pin::setAnalogValue(int)
 .text._ZN5codal3_cm3Pin13setServoValueEiii
                0x000000000800a8d0       0x2c .pioenvs/bluepill_f103c8/lib739/libcm.a(CmPin.o)
                0x000000000800a8d0                codal::_cm::Pin::setServoValue(int, int, int)
 .text._ZN5codal3_cm3Pin9isTouchedEv
                0x000000000800a8fc        0x8 .pioenvs/bluepill_f103c8/lib739/libcm.a(CmPin.o)
                0x000000000800a8fc                codal::_cm::Pin::isTouched()
 .text._ZN5codal3_cm3Pin17getAnalogPeriodUsEv
                0x000000000800a904        0x8 .pioenvs/bluepill_f103c8/lib739/libcm.a(CmPin.o)
                0x000000000800a904                codal::_cm::Pin::getAnalogPeriodUs()
 .text._ZN5codal3_cm3Pin15setDigitalValueEi
                0x000000000800a90c       0x88 .pioenvs/bluepill_f103c8/lib739/libcm.a(CmPin.o)
                0x000000000800a90c                codal::_cm::Pin::setDigitalValue(int)
 .text._ZN5codal3_cm3PinC2EhmmtNS_13PinCapabilityE
                0x000000000800a994       0x2c .pioenvs/bluepill_f103c8/lib739/libcm.a(CmPin.o)
                0x000000000800a994                codal::_cm::Pin::Pin(unsigned char, unsigned long, unsigned long, unsigned short, codal::PinCapability)
                0x000000000800a994                codal::_cm::Pin::Pin(unsigned char, unsigned long, unsigned long, unsigned short, codal::PinCapability)
 .text._ZN5codal14CodalComponent4initEv
                0x000000000800a9c0        0x8 .pioenvs/bluepill_f103c8/lib2eb/libmodel.a(STM32BluePill.o)
                0x000000000800a9c0                codal::CodalComponent::init()
 .text._ZN5codal14CodalComponentD2Ev
                0x000000000800a9c8       0x18 .pioenvs/bluepill_f103c8/lib2eb/libmodel.a(STM32BluePill.o)
                0x000000000800a9c8                codal::CodalComponent::~CodalComponent()
                0x000000000800a9c8                codal::CodalComponent::~CodalComponent()
 .text._ZN5codal13STM32BluePill4initEv
                0x000000000800a9e0       0x4c .pioenvs/bluepill_f103c8/lib2eb/libmodel.a(STM32BluePill.o)
                0x000000000800a9e0                codal::STM32BluePill::init()
 .text._ZN5codal13STM32BluePillC2Ev
                0x000000000800aa2c       0x98 .pioenvs/bluepill_f103c8/lib2eb/libmodel.a(STM32BluePill.o)
                0x000000000800aa2c                codal::STM32BluePill::STM32BluePill()
                0x000000000800aa2c                codal::STM32BluePill::STM32BluePill()
 .text._ZN5codal13STM32BluePillD2Ev
                0x000000000800aac4       0x40 .pioenvs/bluepill_f103c8/lib2eb/libmodel.a(STM32BluePill.o)
                0x000000000800aac4                codal::STM32BluePill::~STM32BluePill()
                0x000000000800aac4                codal::STM32BluePill::~STM32BluePill()
 .text._ZN5codal15STM32BluePillIOC2Ev
                0x000000000800ab04      0xaf0 .pioenvs/bluepill_f103c8/lib2eb/libmodel.a(STM32BluePillIO.o)
                0x000000000800ab04                codal::STM32BluePillIO::STM32BluePillIO()
                0x000000000800ab04                codal::STM32BluePillIO::STM32BluePillIO()
 .text.test_aeabi_fdiv
                0x000000000800b5f4      0x100 .pioenvs/bluepill_f103c8/lib533/libunittest.a(unittest.o)
                0x000000000800b5f4                test_aeabi_fdiv
 .text.test_nanofloat
                0x000000000800b6f4      0x510 .pioenvs/bluepill_f103c8/lib533/libunittest.a(unittest.o)
                0x000000000800b6f4                test_nanofloat
 .text.usart2_isr
                0x000000000800bc04       0x50 .pioenvs/bluepill_f103c8/lib33e/libuartint.a(uartint.o)
                0x000000000800bc04                usart2_isr
 .text.startup._GLOBAL__sub_I__ZN13UARTInterfaceC2Ejj