Archive member included to satisfy reference by file (symbol)

.pioenvs\bluepill_f103c8\lib931\liblogger.a(logger.o)
                              .pioenvs\bluepill_f103c8\src\main.o (debug_flush)
.pioenvs\bluepill_f103c8\lib635\libcodal-core.a(CodalFiber.o)
                              .pioenvs\bluepill_f103c8\src\main.o (codal::fiber_sleep(unsigned long))
.pioenvs\bluepill_f103c8\lib635\libcodal-core.a(CodalHeapAllocator.o)
                              .pioenvs\bluepill_f103c8\lib635\libcodal-core.a(CodalFiber.o) (malloc)
.pioenvs\bluepill_f103c8\lib635\libcodal-core.a(CodalListener.o)
                              .pioenvs\bluepill_f103c8\lib635\libcodal-core.a(CodalFiber.o) (codal::Listener::Listener(unsigned short, unsigned short, void (*)(codal::Event), unsigned short))
.pioenvs\bluepill_f103c8\lib635\libcodal-core.a(Timer.o)
                              .pioenvs\bluepill_f103c8\lib635\libcodal-core.a(CodalFiber.o) (codal::system_timer_current_time())
.pioenvs\bluepill_f103c8\lib635\libcodal-core.a(Event.o)
                              .pioenvs\bluepill_f103c8\lib635\libcodal-core.a(CodalListener.o) (codal::Event::Event())
.pioenvs\bluepill_f103c8\lib0e4\libunity.a(unity.o)
                              .pioenvs\bluepill_f103c8\src\unit_test.o (UnityAssertDoublesWithin)
.pioenvs\bluepill_f103c8\libc64\libnano-float.a(functions.o)
                              .pioenvs\bluepill_f103c8\src\unit_test.o (get_float_usage)
.pioenvs\bluepill_f103c8\libd0a\libcocoOS_5.0.3.a(os_event.o)
                              .pioenvs\bluepill_f103c8\src\wisol.o (event_create)
.pioenvs\bluepill_f103c8\libd0a\libcocoOS_5.0.3.a(os_kernel.o)
                              .pioenvs\bluepill_f103c8\src\uart.o (running_tid)
.pioenvs\bluepill_f103c8\libd0a\libcocoOS_5.0.3.a(os_msgqueue.o)
                              .pioenvs\bluepill_f103c8\libd0a\libcocoOS_5.0.3.a(os_kernel.o) (os_msgQ_init)
.pioenvs\bluepill_f103c8\libd0a\libcocoOS_5.0.3.a(os_sem.o)
                              .pioenvs\bluepill_f103c8\libd0a\libcocoOS_5.0.3.a(os_kernel.o) (os_sem_init)
.pioenvs\bluepill_f103c8\libd0a\libcocoOS_5.0.3.a(os_task.o)
                              .pioenvs\bluepill_f103c8\libd0a\libcocoOS_5.0.3.a(os_kernel.o) (os_task_init)
.pioenvs\bluepill_f103c8\libd0a\libcocoOS_5.0.3.a(os_assert.o)
                              .pioenvs\bluepill_f103c8\libd0a\libcocoOS_5.0.3.a(os_event.o) (os_on_assert)
.pioenvs\bluepill_f103c8\libd0a\libcocoOS_5.0.3.a(os_cbk.o)
                              .pioenvs\bluepill_f103c8\libd0a\libcocoOS_5.0.3.a(os_kernel.o) (os_cbkSleep)
.pioenvs\bluepill_f103c8\liba13\libnewlib.a(memcpy.o)
                              .pioenvs\bluepill_f103c8\lib635\libcodal-core.a(CodalHeapAllocator.o) (memcpy)
.pioenvs\bluepill_f103c8\liba13\libnewlib.a(memset.o)
                              .pioenvs\bluepill_f103c8\lib635\libcodal-core.a(CodalFiber.o) (memset)
.pioenvs\bluepill_f103c8\liba13\libnewlib.a(strlen.o)
                              .pioenvs\bluepill_f103c8\src\aggregate.o (strlen)
.pioenvs\bluepill_f103c8\liba13\libnewlib.a(strncat.o)
                              .pioenvs\bluepill_f103c8\src\wisol.o (strncat)
.pioenvs\bluepill_f103c8\liba13\libnewlib.a(strncmp.o)
                              .pioenvs\bluepill_f103c8\src\aggregate.o (strncmp)
.pioenvs\bluepill_f103c8\liba13\libnewlib.a(strncpy.o)
                              .pioenvs\bluepill_f103c8\src\aggregate.o (strncpy)
.pioenvs\bluepill_f103c8\liba13\libnewlib.a(strstr.o)
                              .pioenvs\bluepill_f103c8\src\wisol.o (strstr)
.pioenvs\bluepill_f103c8\lib24c\libcm.a(CmPin.o)
                              .pioenvs\bluepill_f103c8\src\main.o (codal::_cm::Pin::setDigitalValue(int))
.pioenvs\bluepill_f103c8\lib24c\libcm.a(codal_target_hal.o)
                              .pioenvs\bluepill_f103c8\src\main.o (target_enable_debug)
.pioenvs\bluepill_f103c8\libff7\libbluepill.a(STM32BluePill.o)
                              .pioenvs\bluepill_f103c8\src\main.o (codal::STM32BluePill::init())
.pioenvs\bluepill_f103c8\libff7\libbluepill.a(STM32BluePillIO.o)
                              .pioenvs\bluepill_f103c8\libff7\libbluepill.a(STM32BluePill.o) (codal::STM32BluePillIO::STM32BluePillIO())
.pioenvs\bluepill_f103c8\libff7\libbluepill.a(bluepill.o)
                              .pioenvs\bluepill_f103c8\lib24c\libcm.a(codal_target_hal.o) (platform_setup)
.pioenvs\bluepill_f103c8\libff7\libbluepill.a(led.o)
                              .pioenvs\bluepill_f103c8\libff7\libbluepill.a(bluepill.o) (led_setup)
.pioenvs\bluepill_f103c8\libff7\libbluepill.a(timer.o)
                              .pioenvs\bluepill_f103c8\lib24c\libcm.a(codal_target_hal.o) (platform_start_timer)
.pioenvs\bluepill_f103c8\lib492\libuartint.a(uartint.o)
                              .pioenvs\bluepill_f103c8\src\uart.o (UARTInterface::UARTInterface(unsigned int, unsigned int))
[...]
Memory Configuration

Name             Origin             Length             Attributes
rom              0x08000000         0x00010000         xr
ram              0x20000000         0x00005000         xrw
*default*        0x00000000         0xffffffff

Linker script and memory map

LOAD asm/CortexContextSwitch.s.o
LOAD .pioenvs\bluepill_f103c8\src\aggregate.o
LOAD .pioenvs\bluepill_f103c8\src\downlink.o
LOAD .pioenvs\bluepill_f103c8\src\main.o
LOAD .pioenvs\bluepill_f103c8\src\sensor.o
LOAD .pioenvs\bluepill_f103c8\src\sensor_display.o
LOAD .pioenvs\bluepill_f103c8\src\uart.o
LOAD .pioenvs\bluepill_f103c8\src\unit_test.o
LOAD .pioenvs\bluepill_f103c8\src\wisol.o
LOAD .pioenvs\bluepill_f103c8\src\wstring.o
START GROUP
LOAD .pioenvs\bluepill_f103c8\lib6b9\libboost_config.a
LOAD .pioenvs\bluepill_f103c8\libd55\libboost_static_assert.a
LOAD .pioenvs\bluepill_f103c8\lib43c\libboost_type_traits.a
LOAD .pioenvs\bluepill_f103c8\lib95e\libboost_assert.a
LOAD .pioenvs\bluepill_f103c8\libb77\libboost_core.a
LOAD .pioenvs\bluepill_f103c8\libf2c\libboost_preprocessor.a
LOAD .pioenvs\bluepill_f103c8\lib0fe\libboost_utility.a
LOAD .pioenvs\bluepill_f103c8\lib2eb\libboost_predef.a
LOAD .pioenvs\bluepill_f103c8\libffd\libboost_mpl.a
LOAD .pioenvs\bluepill_f103c8\libb93\libboost_detail.a
LOAD .pioenvs\bluepill_f103c8\lib3f0\libboost_iterator.a
LOAD .pioenvs\bluepill_f103c8\lib337\libboost_parameter.a
LOAD .pioenvs\bluepill_f103c8\libcaf\libboost_lockfree.a
LOAD .pioenvs\bluepill_f103c8\lib931\liblogger.a
LOAD .pioenvs\bluepill_f103c8\lib635\libcodal-core.a
LOAD .pioenvs\bluepill_f103c8\lib0e4\libunity.a
LOAD .pioenvs\bluepill_f103c8\lib46d\libqfplib.a
LOAD .pioenvs\bluepill_f103c8\libc64\libnano-float.a
LOAD .pioenvs\bluepill_f103c8\libd0a\libcocoOS_5.0.3.a
LOAD .pioenvs\bluepill_f103c8\liba13\libnewlib.a
LOAD .pioenvs\bluepill_f103c8\lib24c\libcm.a
LOAD .pioenvs\bluepill_f103c8\libff7\libbluepill.a
LOAD .pioenvs\bluepill_f103c8\lib492\libuartint.a
LOAD .pioenvs\bluepill_f103c8\lib257\libsimulator.a
LOAD .pioenvs\bluepill_f103c8\lib743\libspiint.a
LOAD .pioenvs\bluepill_f103c8\lib59a\libi2cint.a
LOAD .pioenvs\bluepill_f103c8\libe9f\libporting.a
LOAD .pioenvs\bluepill_f103c8\lib167\libBME280.a
LOAD .pioenvs\bluepill_f103c8\lib7c6\libadcint.a
LOAD c:/users/guppy/.platformio/packages/toolchain-gccarmnoneeabi/bin/../lib/gcc/arm-none-eabi/7.2.1/thumb/v7-m\libgcc.a
LOAD .pioenvs\bluepill_f103c8\libFrameworkLibOpenCM3.a
END GROUP

.text           0x08000000     0x53c4
 *(SORT_BY_ALIGNMENT(.vectors))
 .vectors       0x08000000      0x150 .pioenvs\bluepill_f103c8\libFrameworkLibOpenCM3.a(vector.o)
                0x08000000                vector_table
 *(SORT_BY_ALIGNMENT(.text*))
 .text.test_sqrt
                0x08000150       0xb8 .pioenvs\bluepill_f103c8\src\unit_test.o
                0x08000150                test_sqrt
 .text.UnityPrintFloat
                0x08000208      0x344 .pioenvs\bluepill_f103c8\lib0e4\libunity.a(unity.o)
                0x08000208                UnityPrintFloat
 .text          0x0800054c      0x124 asm/CortexContextSwitch.s.o
                0x0800054c                swap_context
                0x080005ce                save_context
                0x08000612                save_register_context
                0x08000642                restore_register_context
 .text._Z10debug_dumpv
                0x08000670       0x38 .pioenvs\bluepill_f103c8\src\main.o
                0x08000670                debug_dump()
 .text.startup._GLOBAL__sub_I_serialPort
                0x080006a8       0x10 .pioenvs\bluepill_f103c8\src\uart.o
 .text.test_nanofloat
                0x080006b8       0xa4 .pioenvs\bluepill_f103c8\src\unit_test.o
                0x080006b8                test_nanofloat
 .text.enable_log
                0x0800075c       0x18 .pioenvs\bluepill_f103c8\lib931\liblogger.a(logger.o)
                0x0800075c                enable_log
 .text.debug_flush
                0x08000774       0x38 .pioenvs\bluepill_f103c8\lib931\liblogger.a(logger.o)
                0x08000774                debug_flush
 .text._ZL12debug_appendPKcj
                0x080007ac       0x50 .pioenvs\bluepill_f103c8\lib931\liblogger.a(logger.o)
 .text._Z11debug_printj
                0x080007fc       0x7c .pioenvs\bluepill_f103c8\lib931\liblogger.a(logger.o)
                0x080007fc                debug_print(unsigned int)
 .text._Z11debug_printi
                0x08000878       0x30 .pioenvs\bluepill_f103c8\lib931\liblogger.a(logger.o)
                0x08000878                debug_print(int)
 .text.debug_println
                0x080008a8       0x1c .pioenvs\bluepill_f103c8\lib931\liblogger.a(logger.o)
                0x080008a8                debug_println
 .text._Z13debug_printlni
                0x080008c4       0x18 .pioenvs\bluepill_f103c8\lib931\liblogger.a(logger.o)
                0x080008c4                debug_println(int)
 .text._Z13debug_printlnj
                0x080008dc       0x18 .pioenvs\bluepill_f103c8\lib931\liblogger.a(logger.o)
                0x080008dc                debug_println(unsigned int)
 .text._ZN5codal10EventModel6listenEiiPFvNS_5EventEEt
                0x080008f4       0x60 .pioenvs\bluepill_f103c8\lib635\libcodal-core.a(CodalFiber.o)
                0x080008f4                codal::EventModel::listen(int, int, void (*)(codal::Event), unsigned short)
 .text._ZN5codal14scheduler_tickENS_5EventE
                0x08000954       0x38 .pioenvs\bluepill_f103c8\lib635\libcodal-core.a(CodalFiber.o)
                0x08000954                codal::scheduler_tick(codal::Event)
 .text._ZN5codal15scheduler_eventENS_5EventE
                0x0800098c       0xc0 .pioenvs\bluepill_f103c8\lib635\libcodal-core.a(CodalFiber.o)
                0x0800098c                codal::scheduler_event(codal::Event)
 .text._Z15getFiberContextv
                0x08000a4c       0x50 .pioenvs\bluepill_f103c8\lib635\libcodal-core.a(CodalFiber.o)
                0x08000a4c                getFiberContext()
 .text._ZL10handle_fobv
                0x08000a9c       0x2c .pioenvs\bluepill_f103c8\lib635\libcodal-core.a(CodalFiber.o)
 .text._ZN5codal23fiber_scheduler_runningEv
                0x08000ac8       0x10 .pioenvs\bluepill_f103c8\lib635\libcodal-core.a(CodalFiber.o)
                0x08000ac8                codal::fiber_scheduler_running()
 .text._ZN5codal14scheduler_initERNS_10EventModelE
                0x08000ad8       0xac .pioenvs\bluepill_f103c8\lib635\libcodal-core.a(CodalFiber.o)
                0x08000ad8                codal::scheduler_init(codal::EventModel&)
 .text._ZN5codal19fiber_wake_on_eventEtt
                0x08000b84       0x5c .pioenvs\bluepill_f103c8\lib635\libcodal-core.a(CodalFiber.o)
                0x08000b84                codal::fiber_wake_on_event(unsigned short, unsigned short)
 .text._Z14__create_fibermmmi
                0x08000be0       0x64 .pioenvs\bluepill_f103c8\lib635\libcodal-core.a(CodalFiber.o)
                0x08000be0                __create_fiber(unsigned long, unsigned long, unsigned long, int)
 .text._ZN5codal17verify_stack_sizeEPNS_5FiberE
                0x08000c44       0x44 .pioenvs\bluepill_f103c8\lib635\libcodal-core.a(CodalFiber.o)
                0x08000c44                codal::verify_stack_size(codal::Fiber*)
 .text._ZN5codal24scheduler_runqueue_emptyEv
                0x08000c88       0x10 .pioenvs\bluepill_f103c8\lib635\libcodal-core.a(CodalFiber.o)
                0x08000c88                codal::scheduler_runqueue_empty()
 .text._ZN5codal4idleEv
                0x08000c98       0x3c .pioenvs\bluepill_f103c8\lib635\libcodal-core.a(CodalFiber.o)
                0x08000c98                codal::idle()
 .text._ZN5codal8scheduleEv
                0x08000cd4      0x108 .pioenvs\bluepill_f103c8\lib635\libcodal-core.a(CodalFiber.o)
                0x08000cd4                codal::schedule()
 .text._ZN5codal11fiber_sleepEm
                0x08000ddc       0x3c .pioenvs\bluepill_f103c8\lib635\libcodal-core.a(CodalFiber.o)
                0x08000ddc                codal::fiber_sleep(unsigned long)
 .text._ZN5codal13release_fiberEv
                0x08000e18       0x6c .pioenvs\bluepill_f103c8\lib635\libcodal-core.a(CodalFiber.o)
                0x08000e18                codal::release_fiber()
 .text._ZN5codal6invokeEPFvPvES0_
                0x08000e84       0x80 .pioenvs\bluepill_f103c8\lib635\libcodal-core.a(CodalFiber.o)
                0x08000e84                codal::invoke(void (*)(void*), void*)
 .text._Z18device_create_heapmm
                0x08000f04       0x3c .pioenvs\bluepill_f103c8\lib635\libcodal-core.a(CodalHeapAllocator.o)
                0x08000f04                device_create_heap(unsigned long, unsigned long)
 .text.device_malloc
                0x08000f40       0x48 .pioenvs\bluepill_f103c8\lib635\libcodal-core.a(CodalHeapAllocator.o)
                0x08000f40                device_malloc
                0x08000f40                malloc
 .text.device_free
                0x08000f88       0x40 .pioenvs\bluepill_f103c8\lib635\libcodal-core.a(CodalHeapAllocator.o)
                0x08000f88                free
                0x08000f88                device_free
 .text._ZN5codal5TimerC2Ev
                0x08000fc8       0x34 .pioenvs\bluepill_f103c8\lib635\libcodal-core.a(Timer.o)
                0x08000fc8                codal::Timer::Timer()
                0x08000fc8                codal::Timer::Timer()
 .text._ZN5codal25system_timer_current_timeEv
                0x08000ffc       0x10 .pioenvs\bluepill_f103c8\lib635\libcodal-core.a(Timer.o)
                0x08000ffc                codal::system_timer_current_time()
 .text._ZN5codal27system_timer_event_every_usEmtt
                0x0800100c       0x24 .pioenvs\bluepill_f103c8\lib635\libcodal-core.a(Timer.o)
                0x0800100c                codal::system_timer_event_every_us(unsigned long, unsigned short, unsigned short)
 .text._ZN5codal5Event4fireEv
                0x08001030       0x20 .pioenvs\bluepill_f103c8\lib635\libcodal-core.a(Event.o)
                0x08001030                codal::Event::fire()
 .text.UnityTestResultsBegin
                0x08001050       0x30 .pioenvs\bluepill_f103c8\lib0e4\libunity.a(unity.o)
 .text.UnityTestResultsFailBegin
                0x08001080       0x24 .pioenvs\bluepill_f103c8\lib0e4\libunity.a(unity.o)
 .text.UnityAddMsgIfSpecified
                0x080010a4       0x50 .pioenvs\bluepill_f103c8\lib0e4\libunity.a(unity.o)
 .text.UnityConcludeTest
                0x080010f4       0x44 .pioenvs\bluepill_f103c8\lib0e4\libunity.a(unity.o)
                0x080010f4                UnityConcludeTest
 .text.UnityAssertDoublesWithin
                0x08001138       0x60 .pioenvs\bluepill_f103c8\lib0e4\libunity.a(unity.o)
                0x08001138                UnityAssertDoublesWithin
 .text.UnityDefaultTestRun
                0x08001198       0x2c .pioenvs\bluepill_f103c8\lib0e4\libunity.a(unity.o)
                0x08001198                UnityDefaultTestRun
 .text.UnityBegin
                0x080011c4       0x20 .pioenvs\bluepill_f103c8\lib0e4\libunity.a(unity.o)
                0x080011c4                UnityBegin
 .text.UnityEnd
                0x080011e4       0x74 .pioenvs\bluepill_f103c8\lib0e4\libunity.a(unity.o)
                0x080011e4                UnityEnd
 .text.get_float_usage
                0x08001258        0xc .pioenvs\bluepill_f103c8\libc64\libnano-float.a(functions.o)
                0x08001258                get_float_usage
 .text.__wrap___aeabi_ddiv
                0x08001264       0x30 .pioenvs\bluepill_f103c8\libc64\libnano-float.a(functions.o)
                0x08001264                __wrap___aeabi_ddiv
 .text.__wrap___aeabi_dmul
                0x08001294       0x30 .pioenvs\bluepill_f103c8\libc64\libnano-float.a(functions.o)
                0x08001294                __wrap___aeabi_dmul
 .text.sqrt     0x080012c4       0x1c .pioenvs\bluepill_f103c8\libc64\libnano-float.a(functions.o)
                0x080012c4                sqrt
 .text.os_event_init
                0x080012e0        0xc .pioenvs\bluepill_f103c8\libd0a\libcocoOS_5.0.3.a(os_event.o)
                0x080012e0                os_event_init
 .text.os_init  0x080012ec       0x34 .pioenvs\bluepill_f103c8\libd0a\libcocoOS_5.0.3.a(os_kernel.o)
                0x080012ec                os_init
 .text.os_msgQ_init
                0x08001320       0x24 .pioenvs\bluepill_f103c8\libd0a\libcocoOS_5.0.3.a(os_msgqueue.o)
                0x08001320                os_msgQ_init
 .text.os_sem_init
                0x08001344        0xc .pioenvs\bluepill_f103c8\libd0a\libcocoOS_5.0.3.a(os_sem.o)
                0x08001344                os_sem_init
 .text.os_task_init
                0x08001350       0x40 .pioenvs\bluepill_f103c8\libd0a\libcocoOS_5.0.3.a(os_task.o)
                0x08001350                os_task_init
 .text._ZN5codal3_cm3Pin14setAnalogValueEi
                0x08001390       0x1c .pioenvs\bluepill_f103c8\lib24c\libcm.a(CmPin.o)
                0x08001390                codal::_cm::Pin::setAnalogValue(int)
 .text._ZN5codal3_cm3Pin13setServoValueEiii
                0x080013ac       0x2c .pioenvs\bluepill_f103c8\lib24c\libcm.a(CmPin.o)
                0x080013ac                codal::_cm::Pin::setServoValue(int, int, int)
 .text._ZN5codal3_cm3Pin9isTouchedEv
                0x080013d8        0x8 .pioenvs\bluepill_f103c8\lib24c\libcm.a(CmPin.o)
                0x080013d8                codal::_cm::Pin::isTouched()
 .text._ZN5codal3_cm3Pin17getAnalogPeriodUsEv
                0x080013e0        0x8 .pioenvs\bluepill_f103c8\lib24c\libcm.a(CmPin.o)
                0x080013e0                codal::_cm::Pin::getAnalogPeriodUs()
 .text._ZN5codal3_cm3Pin15setDigitalValueEi
                0x080013e8       0x80 .pioenvs\bluepill_f103c8\lib24c\libcm.a(CmPin.o)
                0x080013e8                codal::_cm::Pin::setDigitalValue(int)
 .text._ZN5codal3_cm3PinC2EhmmtNS_13PinCapabilityE
                0x08001468       0x50 .pioenvs\bluepill_f103c8\lib24c\libcm.a(CmPin.o)
                0x08001468                codal::_cm::Pin::Pin(unsigned char, unsigned long, unsigned long, unsigned short, codal::PinCapability)
                0x08001468                codal::_cm::Pin::Pin(unsigned char, unsigned long, unsigned long, unsigned short, codal::PinCapability)
 .text._ZL10timer_tickv
                0x080014b8       0x10 .pioenvs\bluepill_f103c8\lib24c\libcm.a(codal_target_hal.o)
 .text._Z25stm32bluepill_dmesg_flushv
                0x080014c8       0x38 .pioenvs\bluepill_f103c8\lib24c\libcm.a(codal_target_hal.o)
                0x080014c8                stm32bluepill_dmesg_flush()
 .text.target_set_tick_callback
                0x08001500        0xc .pioenvs\bluepill_f103c8\lib24c\libcm.a(codal_target_hal.o)
                0x08001500                target_set_tick_callback
 .text.target_init
                0x0800150c       0x34 .pioenvs\bluepill_f103c8\lib24c\libcm.a(codal_target_hal.o)
                0x0800150c                target_init
 .text.target_wait
                0x08001540       0x24 .pioenvs\bluepill_f103c8\lib24c\libcm.a(codal_target_hal.o)
                0x08001540                target_wait
 .text.target_panic
                0x08001564       0x20 .pioenvs\bluepill_f103c8\lib24c\libcm.a(codal_target_hal.o)
                0x08001564                target_panic
 .text.fiber_initial_stack_base
                0x08001584        0x8 .pioenvs\bluepill_f103c8\lib24c\libcm.a(codal_target_hal.o)
                0x08001584                fiber_initial_stack_base
 .text.test_codal
                0x0800158c       0x60 .pioenvs\bluepill_f103c8\lib24c\libcm.a(codal_target_hal.o)
                0x0800158c                test_codal
 .text._ZN5codal14CodalComponent4initEv
                0x080015ec        0x8 .pioenvs\bluepill_f103c8\libff7\libbluepill.a(STM32BluePill.o)
                0x080015ec                codal::CodalComponent::init()
 .text._ZN5codal14CodalComponentD2Ev
                0x080015f4       0x18 .pioenvs\bluepill_f103c8\libff7\libbluepill.a(STM32BluePill.o)
                0x080015f4                codal::CodalComponent::~CodalComponent()
                0x080015f4                codal::CodalComponent::~CodalComponent()
 .text._ZN5codal13STM32BluePill4initEv
                0x0800160c       0x4c .pioenvs\bluepill_f103c8\libff7\libbluepill.a(STM32BluePill.o)
                0x0800160c                codal::STM32BluePill::init()
 .text._ZN5codal13STM32BluePillC2Ev
                0x08001658       0x98 .pioenvs\bluepill_f103c8\libff7\libbluepill.a(STM32BluePill.o)
                0x08001658                codal::STM32BluePill::STM32BluePill()
                0x08001658                codal::STM32BluePill::STM32BluePill()
 .text._ZN5codal13STM32BluePillD2Ev
                0x080016f0       0x40 .pioenvs\bluepill_f103c8\libff7\libbluepill.a(STM32BluePill.o)
                0x080016f0                codal::STM32BluePill::~STM32BluePill()
                0x080016f0                codal::STM32BluePill::~STM32BluePill()
 .text._ZN5codal15STM32BluePillIOC2Ev
                0x08001730      0xaf0 .pioenvs\bluepill_f103c8\libff7\libbluepill.a(STM32BluePillIO.o)
                0x08001730                codal::STM32BluePillIO::STM32BluePillIO()
                0x08001730                codal::STM32BluePillIO::STM32BluePillIO()
 .text.platform_setup
                0x08002220       0x4c .pioenvs\bluepill_f103c8\libff7\libbluepill.a(bluepill.o)
                0x08002220                platform_setup
 .text.enable_debug
                0x0800226c       0x10 .pioenvs\bluepill_f103c8\libff7\libbluepill.a(bluepill.o)
                0x0800226c                enable_debug
 .text.led_setup
                0x0800227c       0x20 .pioenvs\bluepill_f103c8\libff7\libbluepill.a(led.o)
                0x0800227c                led_setup
 .text.led_on   0x0800229c       0x10 .pioenvs\bluepill_f103c8\libff7\libbluepill.a(led.o)
                0x0800229c                led_on
 .text.led_off  0x080022ac       0x10 .pioenvs\bluepill_f103c8\libff7\libbluepill.a(led.o)
                0x080022ac                led_off
 .text.led_wait
                0x080022bc       0x10 .pioenvs\bluepill_f103c8\libff7\libbluepill.a(led.o)
                0x080022bc                led_wait
 .text.platform_start_timer
                0x080022cc       0x7c .pioenvs\bluepill_f103c8\libff7\libbluepill.a(timer.o)
                0x080022cc                platform_start_timer
 .text.rtc_isr  0x08002348       0x40 .pioenvs\bluepill_f103c8\libff7\libbluepill.a(timer.o)
                0x08002348                rtc_isr
 .text.rtc_alarm_isr
                0x08002388       0x20 .pioenvs\bluepill_f103c8\libff7\libbluepill.a(timer.o)
                0x08002388                rtc_alarm_isr
 .text.platform_alarm_count
                0x080023a8        0xc .pioenvs\bluepill_f103c8\libff7\libbluepill.a(timer.o)
                0x080023a8                platform_alarm_count
 .text.usart2_isr
                0x080023b4       0x50 .pioenvs\bluepill_f103c8\lib492\libuartint.a(uartint.o)
                0x080023b4                usart2_isr
 .text.startup._GLOBAL__sub_I__ZN13UARTInterfaceC2Ejj
                0x08002404       0x10 .pioenvs\bluepill_f103c8\lib492\libuartint.a(uartint.o)
 .text          0x08002414      0x378 c:/users/guppy/.platformio/packages/toolchain-gccarmnoneeabi/bin/../lib/gcc/arm-none-eabi/7.2.1/thumb/v7-m\libgcc.a(_arm_addsubdf3.o)
                0x08002414                __aeabi_drsub
                0x0800241c                __aeabi_dsub
                0x0800241c                __subdf3
                0x08002420                __aeabi_dadd
                0x08002420                __adddf3
                0x08002698                __floatunsidf
                0x08002698                __aeabi_ui2d
                0x080026b8                __floatsidf
                0x080026b8                __aeabi_i2d
                0x080026dc                __aeabi_f2d
                0x080026dc                __extendsfdf2
                0x08002720                __floatundidf
                0x08002720                __aeabi_ul2d
                0x08002730                __floatdidf
                0x08002730                __aeabi_l2d
 .text          0x0800278c      0x110 c:/users/guppy/.platformio/packages/toolchain-gccarmnoneeabi/bin/../lib/gcc/arm-none-eabi/7.2.1/thumb/v7-m\libgcc.a(_arm_cmpdf2.o)
                0x0800278c                __gtdf2
                0x0800278c                __gedf2
                0x08002794                __ltdf2
                0x08002794                __ledf2
                0x0800279c                __nedf2
                0x0800279c                __eqdf2
                0x0800279c                __cmpdf2
                0x08002818                __aeabi_cdrcmple
                0x08002828                __aeabi_cdcmpeq
                0x08002828                __aeabi_cdcmple
                0x08002838                __aeabi_dcmpeq
                0x0800284c                __aeabi_dcmplt
                0x08002860                __aeabi_dcmple
                0x08002874                __aeabi_dcmpge
                0x08002888                __aeabi_dcmpgt
 .text          0x0800289c       0x50 c:/users/guppy/.platformio/packages/toolchain-gccarmnoneeabi/bin/../lib/gcc/arm-none-eabi/7.2.1/thumb/v7-m\libgcc.a(_arm_fixdfsi.o)
                0x0800289c                __aeabi_d2iz
                0x0800289c                __fixdfsi
 .text          0x080028ec       0xa0 c:/users/guppy/.platformio/packages/toolchain-gccarmnoneeabi/bin/../lib/gcc/arm-none-eabi/7.2.1/thumb/v7-m\libgcc.a(_arm_truncdfsf2.o)
                0x080028ec                __truncdfsf2
                0x080028ec                __aeabi_d2f
 .text.rcc_osc_on.part.0
                0x0800298c       0x10 .pioenvs\bluepill_f103c8\libFrameworkLibOpenCM3.a(rcc.o)
 .text.rcc_wait_for_osc_ready
                0x0800299c       0x64 .pioenvs\bluepill_f103c8\libFrameworkLibOpenCM3.a(rcc.o)
                0x0800299c                rcc_wait_for_osc_ready
 .text.rcc_osc_on
                0x08002a00       0x54 .pioenvs\bluepill_f103c8\libFrameworkLibOpenCM3.a(rcc.o)
                0x08002a00                rcc_osc_on
 .text.rcc_set_sysclk_source
                0x08002a54       0x14 .pioenvs\bluepill_f103c8\libFrameworkLibOpenCM3.a(rcc.o)
                0x08002a54                rcc_set_sysclk_source
 .text.rcc_set_pll_multiplication_factor
                0x08002a68       0x14 .pioenvs\bluepill_f103c8\libFrameworkLibOpenCM3.a(rcc.o)
                0x08002a68                rcc_set_pll_multiplication_factor
 .text.rcc_set_pll_source
                0x08002a7c       0x14 .pioenvs\bluepill_f103c8\libFrameworkLibOpenCM3.a(rcc.o)
                0x08002a7c                rcc_set_pll_source
 .text.rcc_set_pllxtpre
                0x08002a90       0x14 .pioenvs\bluepill_f103c8\libFrameworkLibOpenCM3.a(rcc.o)
                0x08002a90                rcc_set_pllxtpre
 .text.rcc_enable_rtc_clock
                0x08002aa4       0x10 .pioenvs\bluepill_f103c8\libFrameworkLibOpenCM3.a(rcc.o)
                0x08002aa4                rcc_enable_rtc_clock
 .text.rcc_set_rtc_clock_source
                0x08002ab4       0x90 .pioenvs\bluepill_f103c8\libFrameworkLibOpenCM3.a(rcc.o)
                0x08002ab4                rcc_set_rtc_clock_source
 .text.rcc_set_adcpre
                0x08002b44       0x14 .pioenvs\bluepill_f103c8\libFrameworkLibOpenCM3.a(rcc.o)
                0x08002b44                rcc_set_adcpre
 .text.rcc_set_ppre2
                0x08002b58       0x14 .pioenvs\bluepill_f103c8\libFrameworkLibOpenCM3.a(rcc.o)
                0x08002b58                rcc_set_ppre2
 .text.rcc_set_ppre1
                0x08002b6c       0x14 .pioenvs\bluepill_f103c8\libFrameworkLibOpenCM3.a(rcc.o)
                0x08002b6c                rcc_set_ppre1
 .text.rcc_set_hpre
                0x08002b80       0x14 .pioenvs\bluepill_f103c8\libFrameworkLibOpenCM3.a(rcc.o)
                0x08002b80                rcc_set_hpre
 .text.rcc_clock_setup_in_hse_8mhz_out_72mhz
                0x08002b94       0x8c .pioenvs\bluepill_f103c8\libFrameworkLibOpenCM3.a(rcc.o)
                0x08002b94                rcc_clock_setup_in_hse_8mhz_out_72mhz
 .text.rtc_enter_config_mode
                0x08002c20       0x18 .pioenvs\bluepill_f103c8\libFrameworkLibOpenCM3.a(rtc.o)
                0x08002c20                rtc_enter_config_mode
 .text.rtc_exit_config_mode
                0x08002c38       0x18 .pioenvs\bluepill_f103c8\libFrameworkLibOpenCM3.a(rtc.o)
                0x08002c38                rtc_exit_config_mode
 .text.rtc_awake_from_off
                0x08002c50       0x6c .pioenvs\bluepill_f103c8\libFrameworkLibOpenCM3.a(rtc.o)
                0x08002c50                rtc_awake_from_off
 .text.rtc_set_alarm_time
                0x08002cbc       0x20 .pioenvs\bluepill_f103c8\libFrameworkLibOpenCM3.a(rtc.o)
                0x08002cbc                rtc_set_alarm_time
 .text.rtc_get_counter_val
                0x08002cdc       0x14 .pioenvs\bluepill_f103c8\libFrameworkLibOpenCM3.a(rtc.o)
                0x08002cdc                rtc_get_counter_val
 .text.rtc_set_counter_val
                0x08002cf0       0x1c .pioenvs\bluepill_f103c8\libFrameworkLibOpenCM3.a(rtc.o)
                0x08002cf0                rtc_set_counter_val
 .text.rtc_interrupt_enable
                0x08002d0c       0x3c .pioenvs\bluepill_f103c8\libFrameworkLibOpenCM3.a(rtc.o)
                0x08002d0c                rtc_interrupt_enable
 .text.rtc_interrupt_disable
                0x08002d48       0x3c .pioenvs\bluepill_f103c8\libFrameworkLibOpenCM3.a(rtc.o)
                0x08002d48                rtc_interrupt_disable
 .text.rtc_clear_flag
                0x08002d84       0x30 .pioenvs\bluepill_f103c8\libFrameworkLibOpenCM3.a(rtc.o)
                0x08002d84                rtc_clear_flag
 .text.rtc_check_flag
                0x08002db4       0x30 .pioenvs\bluepill_f103c8\libFrameworkLibOpenCM3.a(rtc.o)
                0x08002db4                rtc_check_flag
 .text.pwr_disable_backup_domain_write_protect
                0x08002de4       0x10 .pioenvs\bluepill_f103c8\libFrameworkLibOpenCM3.a(pwr_common_all.o)
                0x08002de4                pwr_disable_backup_domain_write_protect
 .text.exti_set_trigger
                0x08002df4       0x3c .pioenvs\bluepill_f103c8\libFrameworkLibOpenCM3.a(exti_common_all.o)
                0x08002df4                exti_set_trigger
 .text.exti_enable_request
                0x08002e30       0x14 .pioenvs\bluepill_f103c8\libFrameworkLibOpenCM3.a(exti_common_all.o)
                0x08002e30                exti_enable_request
 .text.exti_reset_request
                0x08002e44        0xc .pioenvs\bluepill_f103c8\libFrameworkLibOpenCM3.a(exti_common_all.o)
                0x08002e44                exti_reset_request
 .text.flash_set_ws
                0x08002e50       0x14 .pioenvs\bluepill_f103c8\libFrameworkLibOpenCM3.a(flash_common_f01.o)
                0x08002e50                flash_set_ws
 .text.reset_handler
                0x08002e64       0x90 .pioenvs\bluepill_f103c8\libFrameworkLibOpenCM3.a(vector.o)
                0x08002e64                reset_handler
 .text._Z18component_callbackN5codal5EventE
                0x08002ef4       0x58 .pioenvs\bluepill_f103c8\lib635\libcodal-core.a(CodalComponent.o)
                0x08002ef4                component_callback(codal::Event)
 .text._ZN5codal14CodalComponent12addComponentEv
                0x08002f4c       0x70 .pioenvs\bluepill_f103c8\lib635\libcodal-core.a(CodalComponent.o)
                0x08002f4c                codal::CodalComponent::addComponent()
 .text._ZN5codal14CodalComponent15removeComponentEv
                0x08002fbc       0x20 .pioenvs\bluepill_f103c8\lib635\libcodal-core.a(CodalComponent.o)
                0x08002fbc                codal::CodalComponent::removeComponent()
 .text.codal_dmesg_set_flush_fn
                0x08002fdc        0xc .pioenvs\bluepill_f103c8\lib635\libcodal-core.a(CodalDmesg.o)
                0x08002fdc                codal_dmesg_set_flush_fn
 .text.codal_dmesg_flush
                0x08002fe8       0x10 .pioenvs\bluepill_f103c8\lib635\libcodal-core.a(CodalDmesg.o)
                0x08002fe8                codal_dmesg_flush
 .text._ZN5codal6SerialC2ERNS_3PinES2_hht
                0x08002ff8       0x5c .pioenvs\bluepill_f103c8\lib635\libcodal-core.a(Serial.o)
                0x08002ff8                codal::Serial::Serial(codal::Pin&, codal::Pin&, unsigned char, unsigned char, unsigned short)
                0x08002ff8                codal::Serial::Serial(codal::Pin&, codal::Pin&, unsigned char, unsigned char, unsigned short)
 .text._ZN5codal6SerialD2Ev
                0x08003054       0x1c .pioenvs\bluepill_f103c8\lib635\libcodal-core.a(Serial.o)
                0x08003054                codal::Serial::~Serial()
                0x08003054                codal::Serial::~Serial()
 .text._ZN5codal10EventModel4sendENS_5EventE
                0x08003070       0x14 .pioenvs\bluepill_f103c8\lib635\libcodal-core.a(MessageBus.o)
                0x08003070                codal::EventModel::send(codal::Event)
 .text._ZN5codal10EventModel3addEPNS_8ListenerE
                0x08003084        0x8 .pioenvs\bluepill_f103c8\lib635\libcodal-core.a(MessageBus.o)
                0x08003084                codal::EventModel::add(codal::Listener*)
 .text._ZN5codal10EventModel6removeEPNS_8ListenerE
                0x0800308c        0x8 .pioenvs\bluepill_f103c8\lib635\libcodal-core.a(MessageBus.o)
                0x0800308c                codal::EventModel::remove(codal::Listener*)
 .text._ZN5codal10MessageBus6removeEPNS_8ListenerE
                0x08003094       0x70 .pioenvs\bluepill_f103c8\lib635\libcodal-core.a(MessageBus.o)
                0x08003094                codal::MessageBus::remove(codal::Listener*)
 .text._ZN5codal10MessageBus3addEPNS_8ListenerE
                0x08003104       0xbc .pioenvs\bluepill_f103c8\lib635\libcodal-core.a(MessageBus.o)
                0x08003104                codal::MessageBus::add(codal::Listener*)
 .text._ZN5codal10MessageBusD2Ev
                0x080031c0       0x78 .pioenvs\bluepill_f103c8\lib635\libcodal-core.a(MessageBus.o)
                0x080031c0                codal::MessageBus::~MessageBus()
                0x080031c0                codal::MessageBus::~MessageBus()
 .text._ZN5codal10MessageBusC2Ev
                0x08003238       0xa8 .pioenvs\bluepill_f103c8\lib635\libcodal-core.a(MessageBus.o)
                0x08003238                codal::MessageBus::MessageBus()
                0x08003238                codal::MessageBus::MessageBus()
 .text._ZN5codal10MessageBus7processERNS_5EventEb
                0x080032e0       0x84 .pioenvs\bluepill_f103c8\lib635\libcodal-core.a(MessageBus.o)
                0x080032e0                codal::MessageBus::process(codal::Event&, bool)
 .text._ZN5codal19allocateNotifyEventEv
                0x08003364       0x10 .pioenvs\bluepill_f103c8\lib635\libcodal-core.a(MessageBus.o)
                0x08003364                codal::allocateNotifyEvent()
 .text._ZN5codal13ManagedStringC2EPKcs
                0x08003374       0x34 .pioenvs\bluepill_f103c8\lib635\libcodal-core.a(ManagedString.o)
                0x08003374                codal::ManagedString::ManagedString(char const*, short)
                0x08003374                codal::ManagedString::ManagedString(char const*, short)
 .text._ZN5codal13ManagedStringC2Ev
                0x080033a8        0xc .pioenvs\bluepill_f103c8\lib635\libcodal-core.a(ManagedString.o)
                0x080033a8                codal::ManagedString::ManagedString()
                0x080033a8                codal::ManagedString::ManagedString()
 .text.startup._GLOBAL__sub_I__ZN5codal13ManagedString9initEmptyEv
                0x080033b4       0x2c .pioenvs\bluepill_f103c8\lib635\libcodal-core.a(ManagedString.o)
 .text          0x080033e0      0x4c8 .pioenvs\bluepill_f103c8\lib46d\libqfplib.a(qfplib.o)
                0x080034a8                qfp_fsub
                0x080034ae                qfp_fadd
                0x080034f0                qfp_fcmp
                0x0800350c                qfp_fmul
                0x0800351c                qfp_fdiv
                0x0800355e                qfp_fdiv_fast
                0x080035ae                qfp_fsqrt_fast
                0x08003624                qfp_float2int
                0x08003626                qfp_float2fix
                0x0800364e                qfp_float2uint
                0x08003650                qfp_float2ufix
                0x0800366a                qfp_int2float
                0x0800366c                qfp_fix2float
                0x08003676                qfp_uint2float
                0x08003678                qfp_ufix2float
                0x0800370e                qfp_fsin
                0x08003750                qfp_fcos
                0x0800375a                qfp_ftan
                0x08003762                qfp_fexp
                0x08003792                qfp_fsqrt
                0x080037cc                qfp_fln
                0x080037f0                qfp_fatan2
 .text._ZN5codal3_cm3I2CC2ERNS_3PinES3_
                0x080038a8       0x1c .pioenvs\bluepill_f103c8\lib24c\libcm.a(CmI2C.o)
                0x080038a8                codal::_cm::I2C::I2C(codal::Pin&, codal::Pin&)
                0x080038a8                codal::_cm::I2C::I2C(codal::Pin&, codal::Pin&)
 .text._ZN5codal3_cm3SPI4initEv
                0x080038c4       0x5c .pioenvs\bluepill_f103c8\lib24c\libcm.a(CmSPI.o)
                0x080038c4                codal::_cm::SPI::init()
 .text._ZN5codal3_cm3SPIC2ERNS0_3PinES3_S3_S3_
                0x08003920       0x9c .pioenvs\bluepill_f103c8\lib24c\libcm.a(CmSPI.o)
                0x08003920                codal::_cm::SPI::SPI(codal::_cm::Pin&, codal::_cm::Pin&, codal::_cm::Pin&, codal::_cm::Pin&)
                0x08003920                codal::_cm::SPI::SPI(codal::_cm::Pin&, codal::_cm::Pin&, codal::_cm::Pin&, codal::_cm::Pin&)
 .text._ZN5codal3_cm6SerialD2Ev
                0x080039bc       0x14 .pioenvs\bluepill_f103c8\lib24c\libcm.a(CmSerial.o)
                0x080039bc                codal::_cm::Serial::~Serial()
                0x080039bc                codal::_cm::Serial::~Serial()
 .text._ZN5codal3_cm6SerialC2ERNS0_3PinES3_hh
                0x080039d0       0x4c .pioenvs\bluepill_f103c8\lib24c\libcm.a(CmSerial.o)
                0x080039d0                codal::_cm::Serial::Serial(codal::_cm::Pin&, codal::_cm::Pin&, unsigned char, unsigned char)
                0x080039d0                codal::_cm::Serial::Serial(codal::_cm::Pin&, codal::_cm::Pin&, unsigned char, unsigned char)
 .text._ZN5codal3_cm13tick_callbackEv
                0x08003a1c       0x10 .pioenvs\bluepill_f103c8\lib24c\libcm.a(CmTimer.o)
                0x08003a1c                codal::_cm::tick_callback()
 .text._ZN5codal3_cm5Timer4initEv
                0x08003a2c       0x18 .pioenvs\bluepill_f103c8\lib24c\libcm.a(CmTimer.o)
                0x08003a2c                codal::_cm::Timer::init()
 .text._ZN5codal3_cm5TimerC2Ev
                0x08003a44       0x28 .pioenvs\bluepill_f103c8\lib24c\libcm.a(CmTimer.o)
                0x08003a44                codal::_cm::Timer::Timer()
                0x08003a44                codal::_cm::Timer::Timer()
 .text.pinmap_peripheral
                0x08003a6c       0x30 .pioenvs\bluepill_f103c8\lib24c\libcm.a(CmPinMap.o)
                0x08003a6c                pinmap_peripheral
 .text.pinmap_mode
                0x08003a9c       0x2c .pioenvs\bluepill_f103c8\lib24c\libcm.a(CmPinMap.o)
                0x08003a9c                pinmap_mode
 .text.pinmap_cnf
                0x08003ac8       0x2c .pioenvs\bluepill_f103c8\lib24c\libcm.a(CmPinMap.o)
                0x08003ac8                pinmap_cnf
 .text._ZN5codal3I2CC2ERNS_3PinES2_
                0x08003af4        0xc .pioenvs\bluepill_f103c8\lib635\libcodal-core.a(I2C.o)
                0x08003af4                codal::I2C::I2C(codal::Pin&, codal::Pin&)
                0x08003af4                codal::I2C::I2C(codal::Pin&, codal::Pin&)
 .text._Z10Blink_mainRN5codal13STM32BluePillE
                0x08003b00       0x30 .pioenvs\bluepill_f103c8\src\main.o
                0x08003b00                Blink_main(codal::STM32BluePill&)
 .text.startup.main
                0x08003b30       0x26 .pioenvs\bluepill_f103c8\src\main.o
                0x08003b30                main
 .text.unity_output_char
                0x08003b56        0x6 .pioenvs\bluepill_f103c8\src\unit_test.o
                0x08003b56                unity_output_char
 .text.debug_write
                0x08003b5c       0x16 .pioenvs\bluepill_f103c8\lib931\liblogger.a(logger.o)
                0x08003b5c                debug_write
 .text.debug_print
                0x08003b72       0x1a .pioenvs\bluepill_f103c8\lib931\liblogger.a(logger.o)
                0x08003b72                debug_print
 .text.debug_printhex
                0x08003b8c       0x42 .pioenvs\bluepill_f103c8\lib931\liblogger.a(logger.o)
                0x08003b8c                debug_printhex
 .text._ZN5codal11queue_fiberEPNS_5FiberEPS1_
                0x08003bce       0x2e .pioenvs\bluepill_f103c8\lib635\libcodal-core.a(CodalFiber.o)
                0x08003bce                codal::queue_fiber(codal::Fiber*, codal::Fiber**)
 .text._ZN5codal13dequeue_fiberEPNS_5FiberE
                0x08003bfc       0x34 .pioenvs\bluepill_f103c8\lib635\libcodal-core.a(CodalFiber.o)
                0x08003bfc                codal::dequeue_fiber(codal::Fiber*)
 .text._ZN5codal12create_fiberEPFvPvES0_S2_
                0x08003c30       0x1e .pioenvs\bluepill_f103c8\lib635\libcodal-core.a(CodalFiber.o)
                0x08003c30                codal::create_fiber(void (*)(void*), void*, void (*)(void*))
 .text._ZN5codal20fiber_wait_for_eventEtt
                0x08003c4e       0x12 .pioenvs\bluepill_f103c8\lib635\libcodal-core.a(CodalFiber.o)
                0x08003c4e                codal::fiber_wait_for_event(unsigned short, unsigned short)
 .text._ZN5codal16launch_new_fiberEPFvvES1_
                0x08003c60       0x10 .pioenvs\bluepill_f103c8\lib635\libcodal-core.a(CodalFiber.o)
                0x08003c60                codal::launch_new_fiber(void (*)(), void (*)())
 .text._ZN5codal13release_fiberEPv
                0x08003c70       0x12 .pioenvs\bluepill_f103c8\lib635\libcodal-core.a(CodalFiber.o)
                0x08003c70                codal::release_fiber(void*)
 .text._ZN5codal22launch_new_fiber_paramEPFvPvES2_S0_
                0x08003c82       0x1a .pioenvs\bluepill_f103c8\lib635\libcodal-core.a(CodalFiber.o)
                0x08003c82                codal::launch_new_fiber_param(void (*)(void*), void (*)(void*), void*)
 .text._ZN5codal9idle_taskEv
                0x08003c9c        0xc .pioenvs\bluepill_f103c8\lib635\libcodal-core.a(CodalFiber.o)
                0x08003c9c                codal::idle_task()
 .text._Z16device_malloc_injR14HeapDefinition
                0x08003ca8       0x84 .pioenvs\bluepill_f103c8\lib635\libcodal-core.a(CodalHeapAllocator.o)
                0x08003ca8                device_malloc_in(unsigned int, HeapDefinition&)
 .text._ZN5codal8ListenerC2EttPFvNS_5EventEEt
                0x08003d2c       0x28 .pioenvs\bluepill_f103c8\lib635\libcodal-core.a(CodalListener.o)
                0x08003d2c                codal::Listener::Listener(unsigned short, unsigned short, void (*)(codal::Event), unsigned short)
                0x08003d2c                codal::Listener::Listener(unsigned short, unsigned short, void (*)(codal::Event), unsigned short)
 .text._ZN5codal8ListenerD2Ev
                0x08003d54       0x14 .pioenvs\bluepill_f103c8\lib635\libcodal-core.a(CodalListener.o)
                0x08003d54                codal::Listener::~Listener()
                0x08003d54                codal::Listener::~Listener()
 .text._ZN5codal8Listener5queueENS_5EventE
                0x08003d68       0x5c .pioenvs\bluepill_f103c8\lib635\libcodal-core.a(CodalListener.o)
                0x08003d68                codal::Listener::queue(codal::Event)
 .text._ZN5codal5Timer17disableInterruptsEv
                0x08003dc4        0xa .pioenvs\bluepill_f103c8\lib635\libcodal-core.a(Timer.o)
                0x08003dc4                codal::Timer::disableInterrupts()
 .text._ZN5codal5Timer16enableInterruptsEv
                0x08003dce        0xa .pioenvs\bluepill_f103c8\lib635\libcodal-core.a(Timer.o)
                0x08003dce                codal::Timer::enableInterrupts()
 .text._ZN5codal5Timer13getTimerEventEv
                0x08003dd8       0x22 .pioenvs\bluepill_f103c8\lib635\libcodal-core.a(Timer.o)
                0x08003dd8                codal::Timer::getTimerEvent()
 .text._ZN5codal5Timer17releaseTimerEventEPNS_10TimerEventE
                0x08003dfa        0xe .pioenvs\bluepill_f103c8\lib635\libcodal-core.a(Timer.o)
                0x08003dfa                codal::Timer::releaseTimerEvent(codal::TimerEvent*)
 .text._ZN5codal5Timer7getTimeEv
                0x08003e08        0xe .pioenvs\bluepill_f103c8\lib635\libcodal-core.a(Timer.o)
                0x08003e08                codal::Timer::getTime()
 .text._ZN5codal5Timer9getTimeUsEv
                0x08003e16        0xe .pioenvs\bluepill_f103c8\lib635\libcodal-core.a(Timer.o)
                0x08003e16                codal::Timer::getTimeUs()
 .text._ZN5codal5Timer8setEventEmttb
                0x08003e24       0x66 .pioenvs\bluepill_f103c8\lib635\libcodal-core.a(Timer.o)
                0x08003e24                codal::Timer::setEvent(unsigned long, unsigned short, unsigned short, bool)
 .text._ZN5codal5Timer12eventEveryUsEmtt
                0x08003e8a        0xe .pioenvs\bluepill_f103c8\lib635\libcodal-core.a(Timer.o)
                0x08003e8a                codal::Timer::eventEveryUs(unsigned long, unsigned short, unsigned short)
 .text._ZN5codal5Timer4syncEm
                0x08003e98       0x24 .pioenvs\bluepill_f103c8\lib635\libcodal-core.a(Timer.o)
                0x08003e98                codal::Timer::sync(unsigned long)
 .text._ZN5codal5Timer7triggerEv
                0x08003ebc       0x92 .pioenvs\bluepill_f103c8\lib635\libcodal-core.a(Timer.o)
                0x08003ebc                codal::Timer::trigger()
 .text._ZN5codal5TimerD2Ev
                0x08003f4e        0x2 .pioenvs\bluepill_f103c8\lib635\libcodal-core.a(Timer.o)
                0x08003f4e                codal::Timer::~Timer()
                0x08003f4e                codal::Timer::~Timer()
 .text._ZN5codal5EventC2Ev
                0x08003f50       0x12 .pioenvs\bluepill_f103c8\lib635\libcodal-core.a(Event.o)
                0x08003f50                codal::Event::Event()
                0x08003f50                codal::Event::Event()
 .text._ZN5codal5EventC2EttNS_15EventLaunchModeE
                0x08003f62       0x1c .pioenvs\bluepill_f103c8\lib635\libcodal-core.a(Event.o)
                0x08003f62                codal::Event::Event(unsigned short, unsigned short, codal::EventLaunchMode)
                0x08003f62                codal::Event::Event(unsigned short, unsigned short, codal::EventLaunchMode)
 .text._ZN5codal5EventC2EttmNS_15EventLaunchModeE
                0x08003f7e       0x18 .pioenvs\bluepill_f103c8\lib635\libcodal-core.a(Event.o)
                0x08003f7e                codal::Event::Event(unsigned short, unsigned short, unsigned long, codal::EventLaunchMode)
                0x08003f7e                codal::Event::Event(unsigned short, unsigned short, unsigned long, codal::EventLaunchMode)
 .text._ZN5codal14EventQueueItemC2ENS_5EventE
                0x08003f96       0x20 .pioenvs\bluepill_f103c8\lib635\libcodal-core.a(Event.o)
                0x08003f96                codal::EventQueueItem::EventQueueItem(codal::Event)
                0x08003f96                codal::EventQueueItem::EventQueueItem(codal::Event)
 .text.UnityDoublesWithin
                0x08003fb6      0x11c .pioenvs\bluepill_f103c8\lib0e4\libunity.a(unity.o)
 .text.setUp    0x080040d2        0x2 .pioenvs\bluepill_f103c8\lib0e4\libunity.a(unity.o)
                0x080040d2                setUp
 .text.tearDown
                0x080040d4        0x2 .pioenvs\bluepill_f103c8\lib0e4\libunity.a(unity.o)
                0x080040d4                tearDown
 .text.UnityPrintNumberUnsigned
                0x080040d6       0x34 .pioenvs\bluepill_f103c8\lib0e4\libunity.a(unity.o)
                0x080040d6                UnityPrintNumberUnsigned
 .text.UnityPrintNumber
                0x0800410a       0x18 .pioenvs\bluepill_f103c8\lib0e4\libunity.a(unity.o)
                0x0800410a                UnityPrintNumber
 .text.UnityPrintNumberHex
                0x08004122       0x2e .pioenvs\bluepill_f103c8\lib0e4\libunity.a(unity.o)
                0x08004122                UnityPrintNumberHex
 .text.UnityPrint.part.0
                0x08004150       0x4c .pioenvs\bluepill_f103c8\lib0e4\libunity.a(unity.o)
 .text.UnityPrint
                0x0800419c        0x8 .pioenvs\bluepill_f103c8\lib0e4\libunity.a(unity.o)
                0x0800419c                UnityPrint
 .text.memcpy   0x080041a4       0x1c .pioenvs\bluepill_f103c8\liba13\libnewlib.a(memcpy.o)
                0x080041a4                memcpy
 .text.memset   0x080041c0       0x10 .pioenvs\bluepill_f103c8\liba13\libnewlib.a(memset.o)
                0x080041c0                memset
 .text.strlen   0x080041d0       0x10 .pioenvs\bluepill_f103c8\liba13\libnewlib.a(strlen.o)
                0x080041d0                strlen
 .text.strncat  0x080041e0       0x28 .pioenvs\bluepill_f103c8\liba13\libnewlib.a(strncat.o)
                0x080041e0                strncat
 .text._ZN5codal3Pin15setServoPulseUsEm
                0x08004208        0x6 .pioenvs\bluepill_f103c8\lib24c\libcm.a(CmPin.o)
                0x08004208                codal::Pin::setServoPulseUs(unsigned long)
 .text._ZN5codal3Pin17setAnalogPeriodUsEm
                0x0800420e        0x6 .pioenvs\bluepill_f103c8\lib24c\libcm.a(CmPin.o)
                0x0800420e                codal::Pin::setAnalogPeriodUs(unsigned long)
 .text._ZN5codal3Pin8drainPinEv
                0x08004214        0x6 .pioenvs\bluepill_f103c8\lib24c\libcm.a(CmPin.o)
                0x08004214                codal::Pin::drainPin()
 .text._ZN5codal3_cm3Pin15getDigitalValueEv
                0x0800421a        0x4 .pioenvs\bluepill_f103c8\lib24c\libcm.a(CmPin.o)
                0x0800421a                codal::_cm::Pin::getDigitalValue()
 .text._ZN5codal3_cm3Pin15getDigitalValueENS_8PullModeE
                0x0800421e       0x16 .pioenvs\bluepill_f103c8\lib24c\libcm.a(CmPin.o)
                0x0800421e                codal::_cm::Pin::getDigitalValue(codal::PullMode)
 .text._ZN5codal3_cm3Pin14getAnalogValueEv
                0x08004234        0x4 .pioenvs\bluepill_f103c8\lib24c\libcm.a(CmPin.o)
                0x08004234                codal::_cm::Pin::getAnalogValue()
 .text._ZN5codal3_cm3Pin7isInputEv
                0x08004238        0xe .pioenvs\bluepill_f103c8\lib24c\libcm.a(CmPin.o)
                0x08004238                codal::_cm::Pin::isInput()
 .text._ZN5codal3_cm3Pin8isOutputEv
                0x08004246        0xe .pioenvs\bluepill_f103c8\lib24c\libcm.a(CmPin.o)
                0x08004246                codal::_cm::Pin::isOutput()
 .text._ZN5codal3_cm3Pin9isDigitalEv
                0x08004254        0xc .pioenvs\bluepill_f103c8\lib24c\libcm.a(CmPin.o)
                0x08004254                codal::_cm::Pin::isDigital()
 .text._ZN5codal3_cm3Pin8isAnalogEv
                0x08004260        0xe .pioenvs\bluepill_f103c8\lib24c\libcm.a(CmPin.o)
                0x08004260                codal::_cm::Pin::isAnalog()
 .text._ZN5codal3_cm3Pin15getAnalogPeriodEv
                0x0800426e       0x12 .pioenvs\bluepill_f103c8\lib24c\libcm.a(CmPin.o)
                0x0800426e                codal::_cm::Pin::getAnalogPeriod()
 .text._ZN5codal3_cm3Pin7setPullENS_8PullModeE
                0x08004280        0x6 .pioenvs\bluepill_f103c8\lib24c\libcm.a(CmPin.o)
                0x08004280                codal::_cm::Pin::setPull(codal::PullMode)
 .text._ZN5codal3_cm3Pin5setupEhh
                0x08004286       0x1e .pioenvs\bluepill_f103c8\lib24c\libcm.a(CmPin.o)
                0x08004286                codal::_cm::Pin::setup(unsigned char, unsigned char)
 .text._ZN5codal3_cm3Pin17setAnalogPeriodUsEi
                0x080042a4       0x12 .pioenvs\bluepill_f103c8\lib24c\libcm.a(CmPin.o)
                0x080042a4                codal::_cm::Pin::setAnalogPeriodUs(int)
 .text._ZN5codal3_cm3Pin15setAnalogPeriodEi
                0x080042b6        0xa .pioenvs\bluepill_f103c8\lib24c\libcm.a(CmPin.o)
                0x080042b6                codal::_cm::Pin::setAnalogPeriod(int)
 .text._ZN5codal3_cm3Pin13disableEventsEv
                0x080042c0       0x10 .pioenvs\bluepill_f103c8\lib24c\libcm.a(CmPin.o)
                0x080042c0                codal::_cm::Pin::disableEvents()
 .text._ZN5codal3_cm3Pin7eventOnEi
                0x080042d0       0x26 .pioenvs\bluepill_f103c8\lib24c\libcm.a(CmPin.o)
                0x080042d0                codal::_cm::Pin::eventOn(int)
 .text.target_enable_debug
                0x080042f6        0x4 .pioenvs\bluepill_f103c8\lib24c\libcm.a(codal_target_hal.o)
                0x080042f6                target_enable_debug
 .text.target_enable_irq
                0x080042fa        0x4 .pioenvs\bluepill_f103c8\lib24c\libcm.a(codal_target_hal.o)
                0x080042fa                target_enable_irq
 .text.target_disable_irq
                0x080042fe        0x4 .pioenvs\bluepill_f103c8\lib24c\libcm.a(codal_target_hal.o)
                0x080042fe                target_disable_irq
 .text.target_wait_for_event
                0x08004302        0xa .pioenvs\bluepill_f103c8\lib24c\libcm.a(codal_target_hal.o)
                0x08004302                target_wait_for_event
 .text.tcb_allocate
                0x0800430c        0x6 .pioenvs\bluepill_f103c8\lib24c\libcm.a(codal_target_hal.o)
                0x0800430c                tcb_allocate
 .text.tcb_configure_lr
                0x08004312        0x4 .pioenvs\bluepill_f103c8\lib24c\libcm.a(codal_target_hal.o)
                0x08004312                tcb_configure_lr
 .text.tcb_configure_sp
                0x08004316        0x4 .pioenvs\bluepill_f103c8\lib24c\libcm.a(codal_target_hal.o)
                0x08004316                tcb_configure_sp
 .text.tcb_configure_stack_base
                0x0800431a        0x4 .pioenvs\bluepill_f103c8\lib24c\libcm.a(codal_target_hal.o)
                0x0800431a                tcb_configure_stack_base
 .text.tcb_get_stack_base
                0x0800431e        0x4 .pioenvs\bluepill_f103c8\lib24c\libcm.a(codal_target_hal.o)
                0x0800431e                tcb_get_stack_base
 .text.get_current_sp
                0x08004322        0x4 .pioenvs\bluepill_f103c8\lib24c\libcm.a(codal_target_hal.o)
                0x08004322                get_current_sp
 .text.tcb_get_sp
                0x08004326        0x4 .pioenvs\bluepill_f103c8\lib24c\libcm.a(codal_target_hal.o)
                0x08004326                tcb_get_sp
 .text.tcb_configure_args
                0x0800432a        0x8 .pioenvs\bluepill_f103c8\lib24c\libcm.a(codal_target_hal.o)
                0x0800432a                tcb_configure_args
 .text._fini    0x08004332        0x2 .pioenvs\bluepill_f103c8\lib24c\libcm.a(codal_target_hal.o)
                0x08004332                _fini
 .text.__aeabi_atexit
                0x08004334        0x4 .pioenvs\bluepill_f103c8\lib24c\libcm.a(codal_target_hal.o)
                0x08004334                __aeabi_atexit
 .text._ZN5codal14CodalComponent16periodicCallbackEv
                0x08004338        0x2 .pioenvs\bluepill_f103c8\libff7\libbluepill.a(STM32BluePill.o)
                0x08004338                codal::CodalComponent::periodicCallback()
 .text._ZN5codal14CodalComponent12idleCallbackEv
                0x0800433a        0x2 .pioenvs\bluepill_f103c8\libff7\libbluepill.a(STM32BluePill.o)
                0x0800433a                codal::CodalComponent::idleCallback()
 .text._ZN5codal13STM32BluePill16periodicCallbackEv
                0x0800433c        0x2 .pioenvs\bluepill_f103c8\libff7\libbluepill.a(STM32BluePill.o)
                0x0800433c                codal::STM32BluePill::periodicCallback()
 .text._ZN5codal14CodalComponentD0Ev
                0x0800433e       0x12 .pioenvs\bluepill_f103c8\libff7\libbluepill.a(STM32BluePill.o)
                0x0800433e                codal::CodalComponent::~CodalComponent()
 .text._ZN5codal13STM32BluePill12idleCallbackEv
                0x08004350        0x4 .pioenvs\bluepill_f103c8\libff7\libbluepill.a(STM32BluePill.o)
                0x08004350                codal::STM32BluePill::idleCallback()
 .text._ZN5codal13STM32BluePillD0Ev
                0x08004354       0x12 .pioenvs\bluepill_f103c8\libff7\libbluepill.a(STM32BluePill.o)
                0x08004354                codal::STM32BluePill::~STM32BluePill()
 .text.__cxa_pure_virtual
                0x08004366        0x8 .pioenvs\bluepill_f103c8\libff7\libbluepill.a(bluepill.o)
                0x08004366                __cxa_pure_virtual
 .text._Znwj    0x0800436e        0x4 .pioenvs\bluepill_f103c8\libff7\libbluepill.a(bluepill.o)
                0x0800436e                operator new(unsigned int)
 .text._ZdlPv   0x08004372        0x4 .pioenvs\bluepill_f103c8\libff7\libbluepill.a(bluepill.o)
                0x08004372                operator delete(void*)
 .text.millis   0x08004376        0x4 .pioenvs\bluepill_f103c8\libff7\libbluepill.a(timer.o)
                0x08004376                millis
 .text._ZN13UARTInterfaceC2Ejj
                0x0800437a        0x2 .pioenvs\bluepill_f103c8\lib492\libuartint.a(uartint.o)
                0x0800437a                UARTInterface::UARTInterface(unsigned int, unsigned int)
                0x0800437a                UARTInterface::UARTInterface(unsigned int, unsigned int)
 .text.gpio_set_mode
                0x0800437c       0x62 .pioenvs\bluepill_f103c8\libFrameworkLibOpenCM3.a(gpio.o)
                0x0800437c                gpio_set_mode
 .text.gpio_set
                0x080043de        0x4 .pioenvs\bluepill_f103c8\libFrameworkLibOpenCM3.a(gpio_common_all.o)
                0x080043de                gpio_set
 .text.gpio_clear
                0x080043e2        0x6 .pioenvs\bluepill_f103c8\libFrameworkLibOpenCM3.a(gpio_common_all.o)
                0x080043e2                gpio_clear
 .text.usart_recv
                0x080043e8        0x8 .pioenvs\bluepill_f103c8\libFrameworkLibOpenCM3.a(usart_common_f124.o)
                0x080043e8                usart_recv
 .text.rcc_periph_clock_enable
                0x080043f0       0x1a .pioenvs\bluepill_f103c8\libFrameworkLibOpenCM3.a(rcc_common_all.o)
                0x080043f0                rcc_periph_clock_enable
 .text.blocking_handler
                0x0800440a        0x2 .pioenvs\bluepill_f103c8\libFrameworkLibOpenCM3.a(vector.o)
                0x0800440a                usart3_isr
                0x0800440a                tim7_isr
                0x0800440a                adc1_2_isr
                0x0800440a                tim1_trg_com_isr
                0x0800440a                usb_hp_can_tx_isr
                0x0800440a                tim6_isr
                0x0800440a                usb_wakeup_isr
                0x0800440a                blocking_handler
                0x0800440a                tim5_isr
                0x0800440a                otg_fs_isr
                0x0800440a                spi1_isr
                0x0800440a                exti2_isr
                0x0800440a                dma1_channel6_isr
                0x0800440a                can_rx1_isr
                0x0800440a                dma1_channel5_isr
                0x0800440a                dma2_channel5_isr
                0x0800440a                usart1_isr
                0x0800440a                usage_fault_handler
                0x0800440a                tim8_trg_com_isr
                0x0800440a                can2_rx0_isr
                0x0800440a                tim1_brk_isr
                0x0800440a                can2_rx1_isr
                0x0800440a                tim1_cc_isr
                0x0800440a                sdio_isr
                0x0800440a                eth_isr
                0x0800440a                dma1_channel4_isr
                0x0800440a                tim8_brk_isr
                0x0800440a                dma2_channel4_5_isr
                0x0800440a                pvd_isr
                0x0800440a                rcc_isr
                0x0800440a                flash_isr
                0x0800440a                uart4_isr
                0x0800440a                exti15_10_isr
                0x0800440a                hard_fault_handler
                0x0800440a                exti1_isr
                0x0800440a                i2c1_ev_isr
                0x0800440a                dma2_channel1_isr
                0x0800440a                spi2_isr
                0x0800440a                tim8_up_isr
                0x0800440a                dma2_channel2_isr
                0x0800440a                exti3_isr
                0x0800440a                adc3_isr
                0x0800440a                tim3_isr
                0x0800440a                usb_lp_can_rx0_isr
                0x0800440a                i2c2_er_isr
                0x0800440a                i2c2_ev_isr
                0x0800440a                uart5_isr
                0x0800440a                fsmc_isr
                0x0800440a                dma1_channel1_isr
                0x0800440a                exti4_isr
                0x0800440a                mem_manage_handler
                0x0800440a                can2_tx_isr
                0x0800440a                exti9_5_isr
                0x0800440a                dma2_channel3_isr
                0x0800440a                dma1_channel7_isr
                0x0800440a                tim1_up_isr
                0x0800440a                can2_sce_isr
                0x0800440a                tim4_isr
                0x0800440a                dma1_channel2_isr
                0x0800440a                i2c1_er_isr
                0x0800440a                can_sce_isr
                0x0800440a                tim8_cc_isr
                0x0800440a                tamper_isr
                0x0800440a                eth_wkup_isr
                0x0800440a                bus_fault_handler
                0x0800440a                wwdg_isr
                0x0800440a                dma1_channel3_isr
                0x0800440a                spi3_isr
                0x0800440a                tim2_isr
                0x0800440a                exti0_isr
 .text.null_handler
                0x0800440c        0x2 .pioenvs\bluepill_f103c8\libFrameworkLibOpenCM3.a(vector.o)
                0x0800440c                sv_call_handler
                0x0800440c                pend_sv_handler
                0x0800440c                debug_monitor_handler
                0x0800440c                sys_tick_handler
                0x0800440c                nmi_handler
                0x0800440c                null_handler
 .text.nvic_enable_irq
                0x0800440e       0x1a .pioenvs\bluepill_f103c8\libFrameworkLibOpenCM3.a(nvic.o)
                0x0800440e                nvic_enable_irq
 .text._ZN5codal14string_reverseEPc
                0x08004428       0x2a .pioenvs\bluepill_f103c8\lib635\libcodal-core.a(CodalCompat.o)
                0x08004428                codal::string_reverse(char*)
 .text._ZN5codal4itoaEiPc
                0x08004452       0x50 .pioenvs\bluepill_f103c8\lib635\libcodal-core.a(CodalCompat.o)
                0x08004452                codal::itoa(int, char*)
 .text._ZN5codal6Serial12initialiseRxEv
                0x080044a2       0x4c .pioenvs\bluepill_f103c8\lib635\libcodal-core.a(Serial.o)
                0x080044a2                codal::Serial::initialiseRx()
 .text._ZN5codal6Serial12circularCopyEPhhS1_tt
                0x080044ee       0x26 .pioenvs\bluepill_f103c8\lib635\libcodal-core.a(Serial.o)
                0x080044ee                codal::Serial::circularCopy(unsigned char*, unsigned char, unsigned char*, unsigned short, unsigned short)
 .text._ZN5codal6Serial7eventOnENS_13ManagedStringENS_10SerialModeE
                0x08004514       0x26 .pioenvs\bluepill_f103c8\lib635\libcodal-core.a(Serial.o)
                0x08004514                codal::Serial::eventOn(codal::ManagedString, codal::SerialMode)
 .text._ZN5codal6Serial9readUntilENS_13ManagedStringENS_10SerialModeE
                0x0800453a      0x1a6 .pioenvs\bluepill_f103c8\lib635\libcodal-core.a(Serial.o)
                0x0800453a                codal::Serial::readUntil(codal::ManagedString, codal::SerialMode)
 .text._ZN5codal10MessageBus9elementAtEi
                0x080046e0       0x10 .pioenvs\bluepill_f103c8\lib635\libcodal-core.a(MessageBus.o)
                0x080046e0                codal::MessageBus::elementAt(int)
 .text._ZN5codal22MemberFunctionCallback10methodCallINS_10MessageBusEEEvPvPmNS_5EventE
                0x080046f0       0x30 .pioenvs\bluepill_f103c8\lib635\libcodal-core.a(MessageBus.o)
                0x080046f0                void codal::MemberFunctionCallback::methodCall<codal::MessageBus>(void*, unsigned long*, codal::Event)
 .text._Z14async_callbackPv
                0x08004720       0x7c .pioenvs\bluepill_f103c8\lib635\libcodal-core.a(MessageBus.o)
                0x08004720                async_callback(void*)
 .text._ZThn8_N5codal10MessageBusD1Ev
                0x0800479c        0x8 .pioenvs\bluepill_f103c8\lib635\libcodal-core.a(MessageBus.o)
                0x0800479c                non-virtual thunk to codal::MessageBus::~MessageBus()
 .text._ZN5codal10MessageBusD0Ev
                0x080047a4       0x12 .pioenvs\bluepill_f103c8\lib635\libcodal-core.a(MessageBus.o)
                0x080047a4                codal::MessageBus::~MessageBus()
 .text._ZThn8_N5codal10MessageBusD0Ev
                0x080047b6        0x8 .pioenvs\bluepill_f103c8\lib635\libcodal-core.a(MessageBus.o)
                0x080047b6                non-virtual thunk to codal::MessageBus::~MessageBus()
 .text._ZN5codal10MessageBus12dequeueEventEv
                0x080047be       0x22 .pioenvs\bluepill_f103c8\lib635\libcodal-core.a(MessageBus.o)
                0x080047be                codal::MessageBus::dequeueEvent()
 .text._ZN5codal10MessageBus21deleteMarkedListenersEv
                0x080047e0       0x42 .pioenvs\bluepill_f103c8\lib635\libcodal-core.a(MessageBus.o)
                0x080047e0                codal::MessageBus::deleteMarkedListeners()
 .text._ZN5codal10MessageBus10queueEventERNS_5EventE
                0x08004822       0x5e .pioenvs\bluepill_f103c8\lib635\libcodal-core.a(MessageBus.o)
                0x08004822                codal::MessageBus::queueEvent(codal::Event&)
 .text._ZN5codal10MessageBus4sendENS_5EventE
                0x08004880       0x16 .pioenvs\bluepill_f103c8\lib635\libcodal-core.a(MessageBus.o)
                0x08004880                codal::MessageBus::send(codal::Event)
 .text._ZN5codal10MessageBus4idleENS_5EventE
                0x08004896       0x34 .pioenvs\bluepill_f103c8\lib635\libcodal-core.a(MessageBus.o)
                0x08004896                codal::MessageBus::idle(codal::Event)
 .text._ZN5codal13ManagedStringD2Ev
                0x080048ca        0xe .pioenvs\bluepill_f103c8\lib635\libcodal-core.a(ManagedString.o)
                0x080048ca                codal::ManagedString::~ManagedString()
                0x080048ca                codal::ManagedString::~ManagedString()
 .text._ZN5codal13ManagedString10initStringEPKci
                0x080048d8       0x2e .pioenvs\bluepill_f103c8\lib635\libcodal-core.a(ManagedString.o)
                0x080048d8                codal::ManagedString::initString(char const*, int)
 .text._ZN5codal13ManagedStringC2Ei
                0x08004906       0x22 .pioenvs\bluepill_f103c8\lib635\libcodal-core.a(ManagedString.o)
                0x08004906                codal::ManagedString::ManagedString(int)
                0x08004906                codal::ManagedString::ManagedString(int)
 .text._ZN5codal13ManagedStringC2ERKS0_
                0x08004928       0x10 .pioenvs\bluepill_f103c8\lib635\libcodal-core.a(ManagedString.o)
                0x08004928                codal::ManagedString::ManagedString(codal::ManagedString const&)
                0x08004928                codal::ManagedString::ManagedString(codal::ManagedString const&)
 .text._ZN5codal13ManagedStringaSERKS0_
                0x08004938       0x1e .pioenvs\bluepill_f103c8\lib635\libcodal-core.a(ManagedString.o)
                0x08004938                codal::ManagedString::operator=(codal::ManagedString const&)
 .text._ZN5codal13ManagedString6charAtEs
                0x08004956       0x18 .pioenvs\bluepill_f103c8\lib635\libcodal-core.a(ManagedString.o)
                0x08004956                codal::ManagedString::charAt(short)
 .text._ZL16isReadOnlyInlinePN5codal10RefCountedE
                0x0800496e       0x22 .pioenvs\bluepill_f103c8\lib635\libcodal-core.a(RefCounted.o)
 .text._ZN5codal10RefCounted4incrEv
                0x08004990       0x12 .pioenvs\bluepill_f103c8\lib635\libcodal-core.a(RefCounted.o)
                0x08004990                codal::RefCounted::incr()
 .text._ZN5codal10RefCounted4decrEv
                0x080049a2       0x22 .pioenvs\bluepill_f103c8\lib635\libcodal-core.a(RefCounted.o)
                0x080049a2                codal::RefCounted::decr()
 .text._ZN5codal10RefCounted7destroyEv
                0x080049c4        0x4 .pioenvs\bluepill_f103c8\lib635\libcodal-core.a(RefCountedInit.o)
                0x080049c4                codal::RefCounted::destroy()
 .text._ZN5codal10RefCounted4initEv
                0x080049c8        0x6 .pioenvs\bluepill_f103c8\lib635\libcodal-core.a(RefCountedInit.o)
                0x080049c8                codal::RefCounted::init()
 .text._ZN5codal22MemberFunctionCallback4fireENS_5EventE
                0x080049ce       0x18 .pioenvs\bluepill_f103c8\lib635\libcodal-core.a(MemberFunctionCallback.o)
                0x080049ce                codal::MemberFunctionCallback::fire(codal::Event)
 .text._ZN5codal22MemberFunctionCallbackeqERKS0_
                0x080049e6       0x20 .pioenvs\bluepill_f103c8\lib635\libcodal-core.a(MemberFunctionCallback.o)
                0x080049e6                codal::MemberFunctionCallback::operator==(codal::MemberFunctionCallback const&)
 .text.memcmp   0x08004a06       0x1e .pioenvs\bluepill_f103c8\liba13\libnewlib.a(memcmp.o)
                0x08004a06                memcmp
 .text._ZN5codal3_cm3I2C12setFrequencyEm
                0x08004a24        0x4 .pioenvs\bluepill_f103c8\lib24c\libcm.a(CmI2C.o)
                0x08004a24                codal::_cm::I2C::setFrequency(unsigned long)
 .text._ZN5codal3_cm3I2C5writeEtPhib
                0x08004a28        0x4 .pioenvs\bluepill_f103c8\lib24c\libcm.a(CmI2C.o)
                0x08004a28                codal::_cm::I2C::write(unsigned short, unsigned char*, int, bool)
                0x08004a28                codal::_cm::I2C::read(unsigned short, unsigned char*, int, bool)
 .text._ZN5codal3_cm3I2C12readRegisterEthPhib
                0x08004a2c        0x4 .pioenvs\bluepill_f103c8\lib24c\libcm.a(CmI2C.o)
                0x08004a2c                codal::_cm::I2C::readRegister(unsigned short, unsigned char, unsigned char*, int, bool)
 .text._ZN5codal3_cm3SPI12setFrequencyEm
                0x08004a30        0xc .pioenvs\bluepill_f103c8\lib24c\libcm.a(CmSPI.o)
                0x08004a30                codal::_cm::SPI::setFrequency(unsigned long)
 .text._ZN5codal3_cm3SPI5writeEi
                0x08004a3c        0xe .pioenvs\bluepill_f103c8\lib24c\libcm.a(CmSPI.o)
                0x08004a3c                codal::_cm::SPI::write(int)
 .text._ZN5codal3_cm3SPI8transferEPKhmPhm
                0x08004a4a        0x4 .pioenvs\bluepill_f103c8\lib24c\libcm.a(CmSPI.o)
                0x08004a4a                codal::_cm::SPI::transfer(unsigned char const*, unsigned long, unsigned char*, unsigned long)
 .text._ZN5codal3_cm3SPI7setModeEii
                0x08004a4e       0x18 .pioenvs\bluepill_f103c8\lib24c\libcm.a(CmSPI.o)
                0x08004a4e                codal::_cm::SPI::setMode(int, int)
 .text._ZN5codal3_cm16_codal_setup_pinEPNS0_3PinEmPK6PinMap
                0x08004a66       0x54 .pioenvs\bluepill_f103c8\lib24c\libcm.a(CmSPI.o)
                0x08004a66                codal::_cm::_codal_setup_pin(codal::_cm::Pin*, unsigned long, PinMap const*)
 .text._ZN5codal3_cm3SPI13startTransferEPKhmPhmPFvPvES5_
                0x08004aba       0x28 .pioenvs\bluepill_f103c8\lib24c\libcm.a(CmSPI.o)
                0x08004aba                codal::_cm::SPI::startTransfer(unsigned char const*, unsigned long, unsigned char*, unsigned long, void (*)(void*), void*)
 .text._ZN5codal3_cm6Serial15enableInterruptENS_19SerialInterruptTypeE
                0x08004ae2        0x4 .pioenvs\bluepill_f103c8\lib24c\libcm.a(CmSerial.o)
                0x08004ae2                codal::_cm::Serial::enableInterrupt(codal::SerialInterruptType)
 .text._ZN5codal3_cm6Serial16disableInterruptENS_19SerialInterruptTypeE
                0x08004ae6        0x4 .pioenvs\bluepill_f103c8\lib24c\libcm.a(CmSerial.o)
                0x08004ae6                codal::_cm::Serial::disableInterrupt(codal::SerialInterruptType)
 .text._ZN5codal3_cm6Serial11setBaudrateEm
                0x08004aea        0x4 .pioenvs\bluepill_f103c8\lib24c\libcm.a(CmSerial.o)
                0x08004aea                codal::_cm::Serial::setBaudrate(unsigned long)
 .text._ZN5codal3_cm6Serial13configurePinsERNS_3PinES3_
                0x08004aee        0x4 .pioenvs\bluepill_f103c8\lib24c\libcm.a(CmSerial.o)
                0x08004aee                codal::_cm::Serial::configurePins(codal::Pin&, codal::Pin&)
 .text._ZN5codal3_cm6Serial4putcEc
                0x08004af2        0x4 .pioenvs\bluepill_f103c8\lib24c\libcm.a(CmSerial.o)
                0x08004af2                codal::_cm::Serial::putc(char)
 .text._ZN5codal3_cm6Serial4getcEv
                0x08004af6        0x6 .pioenvs\bluepill_f103c8\lib24c\libcm.a(CmSerial.o)
                0x08004af6                codal::_cm::Serial::getc()
 .text._ZN5codal3_cm6SerialD0Ev
                0x08004afc       0x12 .pioenvs\bluepill_f103c8\lib24c\libcm.a(CmSerial.o)
                0x08004afc                codal::_cm::Serial::~Serial()
 .text._ZN5codal3_cm6Serial12initialiseRxEv
                0x08004b0e       0x38 .pioenvs\bluepill_f103c8\lib24c\libcm.a(CmSerial.o)
                0x08004b0e                codal::_cm::Serial::initialiseRx()
 .text._ZN5codal3_cm6Serial12circularCopyEPhhS2_tt
                0x08004b46       0x26 .pioenvs\bluepill_f103c8\lib24c\libcm.a(CmSerial.o)
                0x08004b46                codal::_cm::Serial::circularCopy(unsigned char*, unsigned char, unsigned char*, unsigned short, unsigned short)
 .text._ZN5codal3_cm6Serial7eventOnENS_13ManagedStringENS_10SerialModeE
                0x08004b6c       0x24 .pioenvs\bluepill_f103c8\lib24c\libcm.a(CmSerial.o)
                0x08004b6c                codal::_cm::Serial::eventOn(codal::ManagedString, codal::SerialMode)
 .text._ZN5codal3_cm6Serial9readUntilENS_13ManagedStringENS_10SerialModeE
                0x08004b90      0x1a6 .pioenvs\bluepill_f103c8\lib24c\libcm.a(CmSerial.o)
                0x08004b90                codal::_cm::Serial::readUntil(codal::ManagedString, codal::SerialMode)
 .text._ZN5codal3_cm5Timer9triggerInEm
                0x08004d36        0x2 .pioenvs\bluepill_f103c8\lib24c\libcm.a(CmTimer.o)
                0x08004d36                codal::_cm::Timer::triggerIn(unsigned long)
 .text._ZN5codal3_cm5Timer11syncRequestEv
                0x08004d38       0x26 .pioenvs\bluepill_f103c8\lib24c\libcm.a(CmTimer.o)
                0x08004d38                codal::_cm::Timer::syncRequest()
 .text._ZN5codal3I2C12setFrequencyEm
                0x08004d5e        0x6 .pioenvs\bluepill_f103c8\lib635\libcodal-core.a(I2C.o)
                0x08004d5e                codal::I2C::setFrequency(unsigned long)
 .text._ZN5codal3I2C5startEv
                0x08004d64        0x6 .pioenvs\bluepill_f103c8\lib635\libcodal-core.a(I2C.o)
                0x08004d64                codal::I2C::start()
                0x08004d64                codal::I2C::stop()
 .text._ZN5codal3I2C5writeEh
                0x08004d6a        0x6 .pioenvs\bluepill_f103c8\lib635\libcodal-core.a(I2C.o)
                0x08004d6a                codal::I2C::write(unsigned char)
                0x08004d6a                codal::I2C::read(codal::AcknowledgeType)
 .text._ZN5codal3I2C13writeRegisterEthh
                0x08004d70       0x1c .pioenvs\bluepill_f103c8\lib635\libcodal-core.a(I2C.o)
                0x08004d70                codal::I2C::writeRegister(unsigned short, unsigned char, unsigned char)
 .text._ZN5codal3I2C5writeEtPhib
                0x08004d8c       0x50 .pioenvs\bluepill_f103c8\lib635\libcodal-core.a(I2C.o)
                0x08004d8c                codal::I2C::write(unsigned short, unsigned char*, int, bool)
 .text._ZN5codal3I2C4readEtPhib
                0x08004ddc       0x64 .pioenvs\bluepill_f103c8\lib635\libcodal-core.a(I2C.o)
                0x08004ddc                codal::I2C::read(unsigned short, unsigned char*, int, bool)
 .text._ZN5codal3I2C5writeEth
                0x08004e40       0x1c .pioenvs\bluepill_f103c8\lib635\libcodal-core.a(I2C.o)
                0x08004e40                codal::I2C::write(unsigned short, unsigned char)
 .text._ZN5codal3I2C12readRegisterEthPhib
                0x08004e5c       0x42 .pioenvs\bluepill_f103c8\lib635\libcodal-core.a(I2C.o)
                0x08004e5c                codal::I2C::readRegister(unsigned short, unsigned char, unsigned char*, int, bool)
                0x08004ea0                . = ALIGN (0x4)
 *fill*         0x08004e9e        0x2 
 *(SORT_BY_ALIGNMENT(.rodata*))
 .rodata._ZTVN5codal5TimerE
                0x08004ea0       0x18 .pioenvs\bluepill_f103c8\lib635\libcodal-core.a(Timer.o)
                0x08004ea0                vtable for codal::Timer
 .rodata._ZTVN5codal3_cm3PinE
                0x08004eb8       0x54 .pioenvs\bluepill_f103c8\lib24c\libcm.a(CmPin.o)
                0x08004eb8                vtable for codal::_cm::Pin
 .rodata._ZTVN5codal14CodalComponentE
                0x08004f0c       0x1c .pioenvs\bluepill_f103c8\libff7\libbluepill.a(STM32BluePill.o)
                0x08004f0c                vtable for codal::CodalComponent
 .rodata._ZTVN5codal13STM32BluePillE
                0x08004f28       0x1c .pioenvs\bluepill_f103c8\libff7\libbluepill.a(STM32BluePill.o)
                0x08004f28                vtable for codal::STM32BluePill
 .rodata.PinMap_SPI_MISO
                0x08004f44       0x48 .pioenvs\bluepill_f103c8\libff7\libbluepill.a(STM32BluePillIO.o)
                0x08004f44                PinMap_SPI_MISO
 .rodata.PinMap_SPI_MOSI
                0x08004f8c       0x48 .pioenvs\bluepill_f103c8\libff7\libbluepill.a(STM32BluePillIO.o)
                0x08004f8c                PinMap_SPI_MOSI
 .rodata.PinMap_SPI_NSS
                0x08004fd4       0x48 .pioenvs\bluepill_f103c8\libff7\libbluepill.a(STM32BluePillIO.o)
                0x08004fd4                PinMap_SPI_NSS
 .rodata.PinMap_SPI_SCK
                0x0800501c       0x48 .pioenvs\bluepill_f103c8\libff7\libbluepill.a(STM32BluePillIO.o)
                0x0800501c                PinMap_SPI_SCK
 .rodata._ZTVN5codal6SerialE
                0x08005064       0x38 .pioenvs\bluepill_f103c8\lib635\libcodal-core.a(Serial.o)
                0x08005064                vtable for codal::Serial
 .rodata._ZTVN5codal10EventModelE
                0x0800509c       0x14 .pioenvs\bluepill_f103c8\lib635\libcodal-core.a(MessageBus.o)
                0x0800509c                vtable for codal::EventModel
 .rodata._ZTVN5codal10MessageBusE
                0x080050b0       0x3c .pioenvs\bluepill_f103c8\lib635\libcodal-core.a(MessageBus.o)
                0x080050b0                vtable for codal::MessageBus
 .rodata._ZL9emptyData
                0x080050ec        0x4 .pioenvs\bluepill_f103c8\lib635\libcodal-core.a(ManagedString.o)
 .rodata._ZTVN5codal3_cm3I2CE
                0x080050f0       0x2c .pioenvs\bluepill_f103c8\lib24c\libcm.a(CmI2C.o)
                0x080050f0                vtable for codal::_cm::I2C
 .rodata._ZTVN5codal3_cm3SPIE
                0x0800511c       0x1c .pioenvs\bluepill_f103c8\lib24c\libcm.a(CmSPI.o)
                0x0800511c                vtable for codal::_cm::SPI
 .rodata._ZTVN5codal3_cm6SerialE
                0x08005138       0x38 .pioenvs\bluepill_f103c8\lib24c\libcm.a(CmSerial.o)
                0x08005138                vtable for codal::_cm::Serial
 .rodata._ZTVN5codal3_cm5TimerE
                0x08005170       0x18 .pioenvs\bluepill_f103c8\lib24c\libcm.a(CmTimer.o)
                0x08005170                vtable for codal::_cm::Timer
 .rodata._ZTVN5codal3I2CE
                0x08005188       0x2c .pioenvs\bluepill_f103c8\lib635\libcodal-core.a(I2C.o)
                0x08005188                vtable for codal::I2C
 .rodata._Z10debug_dumpv.str1.1
                0x080051b4        0xc .pioenvs\bluepill_f103c8\src\main.o
                                  0xd (size before relaxing)
 .rodata.test_nanofloat.str1.1
                0x080051c0       0x34 .pioenvs\bluepill_f103c8\src\unit_test.o
                                 0x35 (size before relaxing)
 .rodata._Z11debug_printi.str1.1
                0x080051f4        0x4 .pioenvs\bluepill_f103c8\lib931\liblogger.a(logger.o)
 .rodata._Z11debug_printj.str1.1
                0x080051f8        0xb .pioenvs\bluepill_f103c8\lib931\liblogger.a(logger.o)
 .rodata.debug_println.str1.1
                0x08005203        0x2 .pioenvs\bluepill_f103c8\lib931\liblogger.a(logger.o)
 .rodata.UnityPrintFloat.str1.1
                0x08005205        0x8 .pioenvs\bluepill_f103c8\lib0e4\libunity.a(unity.o)
                                  0xa (size before relaxing)
 .rodata.UnityStrBreaker
                0x0800520d       0x18 .pioenvs\bluepill_f103c8\lib0e4\libunity.a(unity.o)
 .rodata.UnityStrDetail1Name
                0x08005225        0xa .pioenvs\bluepill_f103c8\lib0e4\libunity.a(unity.o)
 .rodata.UnityStrDetail2Name
                0x0800522f        0xb .pioenvs\bluepill_f103c8\lib0e4\libunity.a(unity.o)
 .rodata.UnityStrExpected
                0x0800523a        0xb .pioenvs\bluepill_f103c8\lib0e4\libunity.a(unity.o)
 .rodata.UnityStrFail
                0x08005245        0x5 .pioenvs\bluepill_f103c8\lib0e4\libunity.a(unity.o)
 .rodata.UnityStrOk
                0x0800524a        0x3 .pioenvs\bluepill_f103c8\lib0e4\libunity.a(unity.o)
 .rodata.UnityStrPass
                0x0800524d        0x5 .pioenvs\bluepill_f103c8\lib0e4\libunity.a(unity.o)
 .rodata.UnityStrResultsFailures
                0x08005252        0xb .pioenvs\bluepill_f103c8\lib0e4\libunity.a(unity.o)
 .rodata.UnityStrResultsIgnored
                0x0800525d        0xa .pioenvs\bluepill_f103c8\lib0e4\libunity.a(unity.o)
 .rodata.UnityStrResultsTests
                0x08005267        0x8 .pioenvs\bluepill_f103c8\lib0e4\libunity.a(unity.o)
 .rodata.UnityStrSpacer
                0x0800526f        0x3 .pioenvs\bluepill_f103c8\lib0e4\libunity.a(unity.o)
 .rodata.UnityStrWas
                0x08005272        0x6 .pioenvs\bluepill_f103c8\lib0e4\libunity.a(unity.o)
 .rodata._ZN5codal3_cm3Pin15setDigitalValueEi.str1.1
                0x08005278       0x42 .pioenvs\bluepill_f103c8\lib24c\libcm.a(CmPin.o)
 .rodata._ZN5codal3_cm3PinC2EhmmtNS_13PinCapabilityE.str1.1
                0x080052ba        0xa .pioenvs\bluepill_f103c8\lib24c\libcm.a(CmPin.o)
 .rodata._ZN5codal3_cm3PinC2Ei7PinNameNS_13PinCapabilityE.str1.1
                0x080052c4        0xf .pioenvs\bluepill_f103c8\lib24c\libcm.a(CmPin.o)
                                 0x17 (size before relaxing)
 .rodata.target_panic.str1.1
                0x080052d3       0x13 .pioenvs\bluepill_f103c8\lib24c\libcm.a(codal_target_hal.o)
 .rodata.target_wait.str1.1
                0x080052e6       0x10 .pioenvs\bluepill_f103c8\lib24c\libcm.a(codal_target_hal.o)
 .rodata.test_codal.str1.1
                0x080052f6       0x2d .pioenvs\bluepill_f103c8\lib24c\libcm.a(codal_target_hal.o)
 .rodata.platform_setup.str1.1
                0x08005323       0x13 .pioenvs\bluepill_f103c8\libff7\libbluepill.a(bluepill.o)
 .rodata._ZN5codal3_cm3SPI4initEv.str1.1
                0x08005336       0x10 .pioenvs\bluepill_f103c8\lib24c\libcm.a(CmSPI.o)
 .rodata._ZN5codal3_cm3SPIC2ERNS0_3PinES3_S3_.str1.1
                0x08005346       0x22 .pioenvs\bluepill_f103c8\lib24c\libcm.a(CmSPI.o)
                                 0x23 (size before relaxing)
 .rodata._ZN5codal3_cm3SPIC2ERNS0_3PinES3_S3_S3_.str1.1
                0x08005368        0x6 .pioenvs\bluepill_f103c8\lib24c\libcm.a(CmSPI.o)
                                 0x10 (size before relaxing)
 .rodata.pinmap_cnf.str1.1
                0x0800536e       0x19 .pioenvs\bluepill_f103c8\lib24c\libcm.a(CmPinMap.o)
 .rodata.pinmap_mode.str1.1
                0x08005387       0x1a .pioenvs\bluepill_f103c8\lib24c\libcm.a(CmPinMap.o)
 .rodata.pinmap_peripheral.str1.1
                0x080053a1       0x20 .pioenvs\bluepill_f103c8\lib24c\libcm.a(CmPinMap.o)
                0x080053c4                . = ALIGN (0x4)
 *fill*         0x080053c1        0x3 

.glue_7         0x080053c4        0x0
 .glue_7        0x080053c4        0x0 linker stubs

.glue_7t        0x080053c4        0x0
 .glue_7t       0x080053c4        0x0 linker stubs

.vfp11_veneer   0x080053c4        0x0
 .vfp11_veneer  0x080053c4        0x0 linker stubs

.v4_bx          0x080053c4        0x0
 .v4_bx         0x080053c4        0x0 linker stubs

.iplt           0x080053c4        0x0
 .iplt          0x080053c4        0x0 asm/CortexContextSwitch.s.o

.rel.dyn        0x080053c4        0x0
 .rel.iplt      0x080053c4        0x0 asm/CortexContextSwitch.s.o

.preinit_array  0x080053c4        0x0
                0x080053c4                . = ALIGN (0x4)
                0x080053c4                __preinit_array_start = .
 *(SORT_BY_ALIGNMENT(.preinit_array))
                0x080053c4                __preinit_array_end = .

.init_array     0x080053c4        0xc
                0x080053c4                . = ALIGN (0x4)
                0x080053c4                __init_array_start = .
 *(SORT_BY_NAME(SORT_BY_ALIGNMENT(.init_array.*)))
 *(SORT_BY_ALIGNMENT(.init_array))
 .init_array    0x080053c4        0x4 .pioenvs\bluepill_f103c8\src\uart.o
 .init_array    0x080053c8        0x4 .pioenvs\bluepill_f103c8\lib492\libuartint.a(uartint.o)
 .init_array    0x080053cc        0x4 .pioenvs\bluepill_f103c8\lib635\libcodal-core.a(ManagedString.o)
                0x080053d0                __init_array_end = .

.fini_array     0x080053d0        0x0
                0x080053d0                . = ALIGN (0x4)
                0x080053d0                __fini_array_start = .
 *(SORT_BY_ALIGNMENT(.fini_array))
 *(SORT_BY_NAME(SORT_BY_ALIGNMENT(.fini_array.*)))
                0x080053d0                __fini_array_end = .

.ARM.extab
 *(SORT_BY_ALIGNMENT(.ARM.extab*))

.ARM.exidx      0x080053d0        0x0
                0x080053d0                __exidx_start = .
 *(SORT_BY_ALIGNMENT(.ARM.exidx*))
                0x080053d0                __exidx_end = .
                0x080053d0                . = ALIGN (0x4)
                0x080053d0                _etext = .

.data           0x20000000       0x14 load address 0x080053d0
                0x20000000                _data = .
 *(SORT_BY_ALIGNMENT(.data*))
 .data.codal_heap_start
                0x20000000        0x4 .pioenvs\bluepill_f103c8\lib24c\libcm.a(codal_target_hal.o)
                0x20000000                codal_heap_start
 .data.rcc_ahb_frequency
                0x20000004        0x4 .pioenvs\bluepill_f103c8\libFrameworkLibOpenCM3.a(rcc.o)
                0x20000004                rcc_ahb_frequency
 .data.rcc_apb1_frequency
                0x20000008        0x4 .pioenvs\bluepill_f103c8\libFrameworkLibOpenCM3.a(rcc.o)
                0x20000008                rcc_apb1_frequency
 .data.rcc_apb2_frequency
                0x2000000c        0x4 .pioenvs\bluepill_f103c8\libFrameworkLibOpenCM3.a(rcc.o)
                0x2000000c                rcc_apb2_frequency
 .data._ZL12userNotifyId
                0x20000010        0x2 .pioenvs\bluepill_f103c8\lib635\libcodal-core.a(MessageBus.o)
                0x20000014                . = ALIGN (0x4)
 *fill*         0x20000012        0x2 
                0x20000014                _edata = .
                0x080053d0                _data_loadaddr = LOADADDR (.data)

.igot.plt       0x20000014        0x0 load address 0x080053e4
 .igot.plt      0x20000014        0x0 asm/CortexContextSwitch.s.o

.bss            0x20000018      0x724 load address 0x080053e4
 *(SORT_BY_ALIGNMENT(.bss*))
 .bss.r         0x20000018        0x8 .pioenvs\bluepill_f103c8\src\unit_test.o
                0x20000018                r
 .bss.x         0x20000020        0x8 .pioenvs\bluepill_f103c8\src\unit_test.o
                0x20000020                x
 .bss._ZN5codal12currentFiberE
                0x20000028        0x4 .pioenvs\bluepill_f103c8\lib635\libcodal-core.a(CodalFiber.o)
                0x20000028                codal::currentFiber
 .bss._ZN5codalL10messageBusE
                0x2000002c        0x4 .pioenvs\bluepill_f103c8\lib635\libcodal-core.a(CodalFiber.o)
 .bss._ZN5codalL10sleepQueueE
                0x20000030        0x4 .pioenvs\bluepill_f103c8\lib635\libcodal-core.a(CodalFiber.o)
 .bss._ZN5codalL11forkedFiberE
                0x20000034        0x4 .pioenvs\bluepill_f103c8\lib635\libcodal-core.a(CodalFiber.o)
 .bss._ZN5codalL8runQueueE
                0x20000038        0x4 .pioenvs\bluepill_f103c8\lib635\libcodal-core.a(CodalFiber.o)
 .bss._ZN5codalL9fiberPoolE
                0x2000003c        0x4 .pioenvs\bluepill_f103c8\lib635\libcodal-core.a(CodalFiber.o)
 .bss._ZN5codalL9idleFiberE
                0x20000040        0x4 .pioenvs\bluepill_f103c8\lib635\libcodal-core.a(CodalFiber.o)
 .bss._ZN5codalL9waitQueueE
                0x20000044        0x4 .pioenvs\bluepill_f103c8\lib635\libcodal-core.a(CodalFiber.o)
 .bss.heap      0x20000048        0x8 .pioenvs\bluepill_f103c8\lib635\libcodal-core.a(CodalHeapAllocator.o)
                0x20000048                heap
 .bss._ZN5codal12system_timerE
                0x20000050        0x4 .pioenvs\bluepill_f103c8\lib635\libcodal-core.a(Timer.o)
                0x20000050                codal::system_timer
 .bss._ZN5codal10EventModel15defaultEventBusE
                0x20000054        0x4 .pioenvs\bluepill_f103c8\lib635\libcodal-core.a(Event.o)
                0x20000054                codal::EventModel::defaultEventBus
 .bss.msgQList  0x20000058       0x20 .pioenvs\bluepill_f103c8\libd0a\libcocoOS_5.0.3.a(os_msgqueue.o)
 .bss.task_list
                0x20000078       0x8c .pioenvs\bluepill_f103c8\libd0a\libcocoOS_5.0.3.a(os_task.o)
 .bss._ZL13tick_callback
                0x20000104        0x4 .pioenvs\bluepill_f103c8\lib24c\libcm.a(codal_target_hal.o)
 .bss.__dso_handle
                0x20000108        0x4 .pioenvs\bluepill_f103c8\lib24c\libcm.a(codal_target_hal.o)
                0x20000108                __dso_handle
 .bss._ZL10alarmCount
                0x2000010c        0x4 .pioenvs\bluepill_f103c8\libff7\libbluepill.a(timer.o)
 .bss._ZL8tickFunc
                0x20000110        0x4 .pioenvs\bluepill_f103c8\libff7\libbluepill.a(timer.o)
 .bss._ZL9tickCount
                0x20000114        0x4 .pioenvs\bluepill_f103c8\libff7\libbluepill.a(timer.o)
 .bss._ZL13responseQueue
                0x20000118       0x6c .pioenvs\bluepill_f103c8\lib492\libuartint.a(uartint.o)
 .bss._ZN5codal14CodalComponent10componentsE
                0x20000184       0xf0 .pioenvs\bluepill_f103c8\lib635\libcodal-core.a(CodalComponent.o)
                0x20000184                codal::CodalComponent::components
 .bss._ZL14dmesg_flush_fn
                0x20000274        0x4 .pioenvs\bluepill_f103c8\lib635\libcodal-core.a(CodalDmesg.o)
 .bss.codalLogStore
                0x20000278      0x404 .pioenvs\bluepill_f103c8\lib635\libcodal-core.a(CodalDmesg.o)
                0x20000278                codalLogStore
 .bss._ZN5codal13ManagedString11EmptyStringE
                0x2000067c        0x4 .pioenvs\bluepill_f103c8\lib635\libcodal-core.a(ManagedString.o)
                0x2000067c                codal::ManagedString::EmptyString
 .bss._ZN5codal3_cmL10_instancesE
                0x20000680       0x10 .pioenvs\bluepill_f103c8\lib24c\libcm.a(CmSPI.o)
 .bss._ZN5codal3_cm5Timer8instanceE
                0x20000690        0x4 .pioenvs\bluepill_f103c8\lib24c\libcm.a(CmTimer.o)
                0x20000690                codal::_cm::Timer::instance
 .bss.serialPort
                0x20000694        0x1 .pioenvs\bluepill_f103c8\src\uart.o
                0x20000694                serialPort
 .bss._ZL10logEnabled
                0x20000695        0x1 .pioenvs\bluepill_f103c8\lib931\liblogger.a(logger.o)
 .bss._ZL11debugBuffer
                0x20000696       0x51 .pioenvs\bluepill_f103c8\lib931\liblogger.a(logger.o)
 .bss._ZN5codalL11fiber_flagsE
                0x200006e7        0x1 .pioenvs\bluepill_f103c8\lib635\libcodal-core.a(CodalFiber.o)
 .bss._ZZ13device_mallocE11initialised
                0x200006e8        0x1 .pioenvs\bluepill_f103c8\lib635\libcodal-core.a(CodalHeapAllocator.o)
 .bss.heap_count
                0x200006e9        0x1 .pioenvs\bluepill_f103c8\lib635\libcodal-core.a(CodalHeapAllocator.o)
                0x200006e9                heap_count
 .bss.float_usage
                0x200006ea       0x1e .pioenvs\bluepill_f103c8\libc64\libnano-float.a(functions.o)
 .bss.nEvents   0x20000708        0x1 .pioenvs\bluepill_f103c8\libd0a\libcocoOS_5.0.3.a(os_event.o)
 .bss.nQueues   0x20000709        0x1 .pioenvs\bluepill_f103c8\libd0a\libcocoOS_5.0.3.a(os_msgqueue.o)
 .bss.nSemaphores
                0x2000070a        0x1 .pioenvs\bluepill_f103c8\libd0a\libcocoOS_5.0.3.a(os_sem.o)
 .bss.nTasks    0x2000070b        0x1 .pioenvs\bluepill_f103c8\libd0a\libcocoOS_5.0.3.a(os_task.o)
 .bss._ZL11initialised
                0x2000070c        0x1 .pioenvs\bluepill_f103c8\lib24c\libcm.a(codal_target_hal.o)
 .bss._ZL12debugEnabled
                0x2000070d        0x1 .pioenvs\bluepill_f103c8\libff7\libbluepill.a(bluepill.o)
 .bss._ZZ20platform_start_timerE12timerStarted
                0x2000070e        0x1 .pioenvs\bluepill_f103c8\libff7\libbluepill.a(timer.o)
 .bss._ZN5codal14CodalComponent13configurationE
                0x2000070f        0x1 .pioenvs\bluepill_f103c8\lib635\libcodal-core.a(CodalComponent.o)
                0x2000070f                codal::CodalComponent::configuration
 *(SORT_BY_ALIGNMENT(COMMON))
 COMMON         0x20000710       0x28 .pioenvs\bluepill_f103c8\lib0e4\libunity.a(unity.o)
                0x20000710                Unity
 COMMON         0x20000738        0x3 .pioenvs\bluepill_f103c8\libd0a\libcocoOS_5.0.3.a(os_kernel.o)
                0x20000738                running_tid
                0x20000739                running
                0x2000073a                last_running_task
                0x2000073c                . = ALIGN (0x4)
 *fill*         0x2000073b        0x1 
                0x2000073c                _ebss = .

/DISCARD/
 *(SORT_BY_ALIGNMENT(.eh_frame))
                0x2000073c                . = ALIGN (0x4)
                0x2000073c                end = .
                0x20005000                PROVIDE (_stack, (ORIGIN (ram) + LENGTH (ram)))
OUTPUT(.pioenvs\bluepill_f103c8\firmware.elf elf32-littlearm)

.ARM.attributes
                0x00000000       0x2f
 .ARM.attributes
                0x00000000       0x21 asm/CortexContextSwitch.s.o
 .ARM.attributes
                0x00000021       0x33 .pioenvs\bluepill_f103c8\src\main.o
 .ARM.attributes
                0x00000054       0x33 .pioenvs\bluepill_f103c8\src\uart.o
 .ARM.attributes
                0x00000087       0x33 .pioenvs\bluepill_f103c8\src\unit_test.o
 .ARM.attributes
                0x000000ba       0x33 .pioenvs\bluepill_f103c8\lib931\liblogger.a(logger.o)
 .ARM.attributes
                0x000000ed       0x33 .pioenvs\bluepill_f103c8\lib635\libcodal-core.a(CodalFiber.o)
 .ARM.attributes
                0x00000120       0x33 .pioenvs\bluepill_f103c8\lib635\libcodal-core.a(CodalHeapAllocator.o)
 .ARM.attributes
                0x00000153       0x33 .pioenvs\bluepill_f103c8\lib635\libcodal-core.a(CodalListener.o)
 .ARM.attributes
                0x00000186       0x33 .pioenvs\bluepill_f103c8\lib635\libcodal-core.a(Timer.o)
 .ARM.attributes
                0x000001b9       0x33 .pioenvs\bluepill_f103c8\lib635\libcodal-core.a(Event.o)
 .ARM.attributes
                0x000001ec       0x33 .pioenvs\bluepill_f103c8\lib0e4\libunity.a(unity.o)
 .ARM.attributes
                0x0000021f       0x33 .pioenvs\bluepill_f103c8\libc64\libnano-float.a(functions.o)
 .ARM.attributes
                0x00000252       0x33 .pioenvs\bluepill_f103c8\libd0a\libcocoOS_5.0.3.a(os_event.o)
 .ARM.attributes
                0x00000285       0x33 .pioenvs\bluepill_f103c8\libd0a\libcocoOS_5.0.3.a(os_kernel.o)
 .ARM.attributes
                0x000002b8       0x33 .pioenvs\bluepill_f103c8\libd0a\libcocoOS_5.0.3.a(os_msgqueue.o)
 .ARM.attributes
                0x000002eb       0x33 .pioenvs\bluepill_f103c8\libd0a\libcocoOS_5.0.3.a(os_sem.o)
 .ARM.attributes
                0x0000031e       0x33 .pioenvs\bluepill_f103c8\libd0a\libcocoOS_5.0.3.a(os_task.o)
 .ARM.attributes
                0x00000351       0x33 .pioenvs\bluepill_f103c8\liba13\libnewlib.a(memcpy.o)
 .ARM.attributes
                0x00000384       0x33 .pioenvs\bluepill_f103c8\liba13\libnewlib.a(memset.o)
 .ARM.attributes
                0x000003b7       0x33 .pioenvs\bluepill_f103c8\liba13\libnewlib.a(strlen.o)
 .ARM.attributes
                0x000003ea       0x33 .pioenvs\bluepill_f103c8\liba13\libnewlib.a(strncat.o)
 .ARM.attributes
                0x0000041d       0x33 .pioenvs\bluepill_f103c8\lib24c\libcm.a(CmPin.o)
 .ARM.attributes