Archive member included to satisfy reference by file (symbol)

.pioenvs/bluepill_f103c8/libd9b/liblogger.a(logger.o)
                              .pioenvs/bluepill_f103c8/libccd/hal/codal_target_hal.o (debug_flush)
.pioenvs/bluepill_f103c8/libd88/libnano-float.a(functions.o)
                              .pioenvs/bluepill_f103c8/src/aggregate.o (pow)
.pioenvs/bluepill_f103c8/lib98a/libnewlib.a(strlen.o)
                              .pioenvs/bluepill_f103c8/src/aggregate.o (strlen)
.pioenvs/bluepill_f103c8/lib98a/libnewlib.a(strncat.o)
                              .pioenvs/bluepill_f103c8/src/wisol.o (strncat)
.pioenvs/bluepill_f103c8/lib98a/libnewlib.a(strncmp.o)
                              .pioenvs/bluepill_f103c8/src/aggregate.o (strncmp)
.pioenvs/bluepill_f103c8/lib98a/libnewlib.a(strncpy.o)
                              .pioenvs/bluepill_f103c8/src/aggregate.o (strncpy)
.pioenvs/bluepill_f103c8/lib98a/libnewlib.a(strstr.o)
                              .pioenvs/bluepill_f103c8/src/wisol.o (strstr)
.pioenvs/bluepill_f103c8/lib271/libbluepill.a(bluepill.o)
                              .pioenvs/bluepill_f103c8/libccd/hal/codal_target_hal.o (platform_setup)
.pioenvs/bluepill_f103c8/lib271/libbluepill.a(led.o)
                              .pioenvs/bluepill_f103c8/lib271/libbluepill.a(bluepill.o) (led_setup)
.pioenvs/bluepill_f103c8/lib271/libbluepill.a(timer.o)
                              .pioenvs/bluepill_f103c8/libccd/hal/codal_target_hal.o (platform_start_timer)
.pioenvs/bluepill_f103c8/libb45/libbootloader.a(bootloader.o)
                              .pioenvs/bluepill_f103c8/libccd/hal/reset_handler.o (bootloader_start)
.pioenvs/bluepill_f103c8/libb45/libbootloader.a(target_stm32f103.o)
                              .pioenvs/bluepill_f103c8/libb45/libbootloader.a(bootloader.o) (target_set_led)
.pioenvs/bluepill_f103c8/libb45/libbootloader.a(usb_conf.o)
                              .pioenvs/bluepill_f103c8/libb45/libbootloader.a(bootloader.o) (usb_setup)
.pioenvs/bluepill_f103c8/libb45/libbootloader.a(webusb.o)
                              .pioenvs/bluepill_f103c8/libb45/libbootloader.a(usb_conf.o) (webusb_setup)
.pioenvs/bluepill_f103c8/libb45/libbootloader.a(winusb.o)
                              .pioenvs/bluepill_f103c8/libb45/libbootloader.a(usb_conf.o) (winusb_setup)
.pioenvs/bluepill_f103c8/libb45/libbootloader.a(cdc.o)
                              .pioenvs/bluepill_f103c8/libb45/libbootloader.a(usb_conf.o) (cdc_setup)
.pioenvs/bluepill_f103c8/libb45/libbootloader.a(hf2.o)
                              .pioenvs/bluepill_f103c8/libb45/libbootloader.a(usb_conf.o) (hf2_setup)
.pioenvs/bluepill_f103c8/libb45/libbootloader.a(backup.o)
                              .pioenvs/bluepill_f103c8/libb45/libbootloader.a(target_stm32f103.o) (backup_write)
.pioenvs/bluepill_f103c8/libb45/libbootloader.a(usb21_standard.o)
                              .pioenvs/bluepill_f103c8/libb45/libbootloader.a(usb_conf.o) (usb21_setup)
.pioenvs/bluepill_f103c8/libb45/libbootloader.a(ghostfat.o)
                              .pioenvs/bluepill_f103c8/libb45/libbootloader.a(hf2.o) (flash_write)
.pioenvs/bluepill_f103c8/libea7/libcocoOS_5.0.3.a(os_cbk.o)
                              .pioenvs/bluepill_f103c8/libccd/hal/codal_target_hal.o (os_cbkSleep)
.pioenvs/bluepill_f103c8/libea7/libcocoOS_5.0.3.a(os_event.o)
                              .pioenvs/bluepill_f103c8/src/wisol.o (event_create)
.pioenvs/bluepill_f103c8/libea7/libcocoOS_5.0.3.a(os_kernel.o)
                              .pioenvs/bluepill_f103c8/libccd/hal/codal_target_hal.o (running_tid)
.pioenvs/bluepill_f103c8/libea7/libcocoOS_5.0.3.a(os_msgqueue.o)
                              .pioenvs/bluepill_f103c8/libea7/libcocoOS_5.0.3.a(os_kernel.o) (os_msgQ_init)
.pioenvs/bluepill_f103c8/libea7/libcocoOS_5.0.3.a(os_sem.o)
                              .pioenvs/bluepill_f103c8/libea7/libcocoOS_5.0.3.a(os_kernel.o) (os_sem_init)
.pioenvs/bluepill_f103c8/libea7/libcocoOS_5.0.3.a(os_task.o)
                              .pioenvs/bluepill_f103c8/libea7/libcocoOS_5.0.3.a(os_kernel.o) (os_task_init)
.pioenvs/bluepill_f103c8/libea7/libcocoOS_5.0.3.a(os_assert.o)
                              .pioenvs/bluepill_f103c8/libea7/libcocoOS_5.0.3.a(os_event.o) (os_on_assert)
.pioenvs/bluepill_f103c8/lib3e7/libcodal-core.a(CodalComponent.o)
                              .pioenvs/bluepill_f103c8/src/main.o (codal::CodalComponent::removeComponent())
.pioenvs/bluepill_f103c8/lib3e7/libcodal-core.a(CodalDmesg.o)
                              .pioenvs/bluepill_f103c8/libccd/hal/codal_target_hal.o (codalLogStore)
.pioenvs/bluepill_f103c8/lib3e7/libcodal-core.a(CodalFiber.o)
                              .pioenvs/bluepill_f103c8/src/main.o (codal::fiber_sleep(unsigned long))
.pioenvs/bluepill_f103c8/lib3e7/libcodal-core.a(CodalHeapAllocator.o)
                              .pioenvs/bluepill_f103c8/libccd/hal/codal_target_hal.o (malloc)
[...]
Memory Configuration

Name             Origin             Length             Attributes
bootrom          0x0000000008000000 0x0000000000004800 xr
rom              0x0000000008004800 0x000000000000b800 xr
bootram          0x0000000020000000 0x0000000000000800 xrw
ram              0x0000000020000800 0x0000000000003fbc xrw
bootbuf          0x00000000200047bc 0x0000000000000844 xrw
*default*        0x0000000000000000 0xffffffffffffffff

Linker script and memory map

                0x0000000000004800                _bootrom_size = 0x4800
                0x0000000000000800                _bootram_size = 0x800
                0x0000000000000844                _bootbuf_size = 0x844

/DISCARD/
 *(SORT_BY_ALIGNMENT(.data.impure_data))
 *(SORT_BY_ALIGNMENT(.data._impure_ptr))

.boot_text      0x0000000008000000     0x42e0
                0x0000000008000000                _boot_text = .
 *(SORT_BY_ALIGNMENT(.vectors))
 .vectors       0x0000000008000000      0x150 .pioenvs/bluepill_f103c8/libFrameworkLibOpenCM3.a(vector.o)
                0x0000000008000000                vector_table
 :*reset_handler*(SORT_BY_ALIGNMENT(.text*))
 .text.pre_main
                0x0000000008000150       0x50 .pioenvs/bluepill_f103c8/libccd/hal/reset_handler.o
 .text.reset_handler
                0x00000000080001a0       0x98 .pioenvs/bluepill_f103c8/libccd/hal/reset_handler.o
                0x00000000080001a0                reset_handler
 *libhal.a:*reset_handler*(SORT_BY_ALIGNMENT(.text*))
 :*codal_target_hal*(SORT_BY_ALIGNMENT(.text*))
 .text._ZL11timer_alarmv
                0x0000000008000238       0x1c .pioenvs/bluepill_f103c8/libccd/hal/codal_target_hal.o
 .text._ZL10timer_tickv
                0x0000000008000254       0x14 .pioenvs/bluepill_f103c8/libccd/hal/codal_target_hal.o
 .text._ZL11os_schedulev
                0x0000000008000268       0x24 .pioenvs/bluepill_f103c8/libccd/hal/codal_target_hal.o
 .text.target_init
                0x000000000800028c       0x34 .pioenvs/bluepill_f103c8/libccd/hal/codal_target_hal.o
                0x000000000800028c                target_init
 .text.target_dmesg_flush
                0x00000000080002c0       0x3c .pioenvs/bluepill_f103c8/libccd/hal/codal_target_hal.o
                0x00000000080002c0                target_dmesg_flush
 .text.target_wait
                0x00000000080002fc       0x24 .pioenvs/bluepill_f103c8/libccd/hal/codal_target_hal.o
                0x00000000080002fc                target_wait
 .text.target_wait_us
                0x0000000008000320       0x30 .pioenvs/bluepill_f103c8/libccd/hal/codal_target_hal.o
                0x0000000008000320                target_wait_us
 .text.target_panic
                0x0000000008000350       0x20 .pioenvs/bluepill_f103c8/libccd/hal/codal_target_hal.o
                0x0000000008000350                target_panic
 .text.fiber_initial_stack_base
                0x0000000008000370        0x8 .pioenvs/bluepill_f103c8/libccd/hal/codal_target_hal.o
                0x0000000008000370                fiber_initial_stack_base
 .text.test_codal
                0x0000000008000378       0x74 .pioenvs/bluepill_f103c8/libccd/hal/codal_target_hal.o
                0x0000000008000378                test_codal
 .text.target_set_bootloader_callback
                0x00000000080003ec        0x2 .pioenvs/bluepill_f103c8/libccd/hal/codal_target_hal.o
                0x00000000080003ec                target_set_bootloader_callback
 .text.target_enable_debug
                0x00000000080003ee        0x8 .pioenvs/bluepill_f103c8/libccd/hal/codal_target_hal.o
                0x00000000080003ee                target_enable_debug
 .text.target_enable_irq
                0x00000000080003f6        0x4 .pioenvs/bluepill_f103c8/libccd/hal/codal_target_hal.o
                0x00000000080003f6                target_enable_irq
 .text.target_disable_irq
                0x00000000080003fa        0x4 .pioenvs/bluepill_f103c8/libccd/hal/codal_target_hal.o
                0x00000000080003fa                target_disable_irq
 .text.target_wait_for_event
                0x00000000080003fe        0xe .pioenvs/bluepill_f103c8/libccd/hal/codal_target_hal.o
                0x00000000080003fe                target_wait_for_event
 .text.tcb_allocate
                0x000000000800040c        0xa .pioenvs/bluepill_f103c8/libccd/hal/codal_target_hal.o
                0x000000000800040c                tcb_allocate
 .text.tcb_configure_lr
                0x0000000008000416        0x4 .pioenvs/bluepill_f103c8/libccd/hal/codal_target_hal.o
                0x0000000008000416                tcb_configure_lr
 .text.tcb_configure_sp
                0x000000000800041a        0x4 .pioenvs/bluepill_f103c8/libccd/hal/codal_target_hal.o
                0x000000000800041a                tcb_configure_sp
 .text.tcb_configure_stack_base
                0x000000000800041e        0x4 .pioenvs/bluepill_f103c8/libccd/hal/codal_target_hal.o
                0x000000000800041e                tcb_configure_stack_base
 .text.tcb_get_stack_base
                0x0000000008000422        0x4 .pioenvs/bluepill_f103c8/libccd/hal/codal_target_hal.o
                0x0000000008000422                tcb_get_stack_base
 .text.get_current_sp
                0x0000000008000426        0x4 .pioenvs/bluepill_f103c8/libccd/hal/codal_target_hal.o
                0x0000000008000426                get_current_sp
 .text.tcb_get_sp
                0x000000000800042a        0x4 .pioenvs/bluepill_f103c8/libccd/hal/codal_target_hal.o
                0x000000000800042a                tcb_get_sp
 .text.tcb_configure_args
                0x000000000800042e        0x8 .pioenvs/bluepill_f103c8/libccd/hal/codal_target_hal.o
                0x000000000800042e                tcb_configure_args
 .text._fini    0x0000000008000436        0x2 .pioenvs/bluepill_f103c8/libccd/hal/codal_target_hal.o
                0x0000000008000436                _fini
 .text.__aeabi_atexit
                0x0000000008000438        0x4 .pioenvs/bluepill_f103c8/libccd/hal/codal_target_hal.o
                0x0000000008000438                __aeabi_atexit
 *libhal.a:*codal_target_hal*(SORT_BY_ALIGNMENT(.text*))
 :*CortexContextSwitch*(SORT_BY_ALIGNMENT(.text*))
 .text          0x000000000800043c      0x124 asm/CortexContextSwitch.s.o
                0x000000000800043c                swap_context
                0x00000000080004be                save_context
                0x0000000008000502                save_register_context
                0x0000000008000532                restore_register_context
 *libhal.a:(SORT_BY_ALIGNMENT(.text*))
 *liblibopencm3.a:(SORT_BY_ALIGNMENT(.text*))
 *libFrameworkLibOpenCM3.a:(SORT_BY_ALIGNMENT(.text*))
 .text.desig_get_unique_id
                0x0000000008000560       0x20 .pioenvs/bluepill_f103c8/libFrameworkLibOpenCM3.a(desig.o)
                0x0000000008000560                desig_get_unique_id
 .text.desig_get_unique_id_as_string
                0x0000000008000580       0x50 .pioenvs/bluepill_f103c8/libFrameworkLibOpenCM3.a(desig.o)
                0x0000000008000580                desig_get_unique_id_as_string
 .text.flash_get_status_flags
                0x00000000080005d0       0x2c .pioenvs/bluepill_f103c8/libFrameworkLibOpenCM3.a(flash.o)
                0x00000000080005d0                flash_get_status_flags
 .text.flash_program_half_word
                0x00000000080005fc       0x70 .pioenvs/bluepill_f103c8/libFrameworkLibOpenCM3.a(flash.o)
                0x00000000080005fc                flash_program_half_word
 .text.flash_erase_page
                0x000000000800066c       0x8c .pioenvs/bluepill_f103c8/libFrameworkLibOpenCM3.a(flash.o)
                0x000000000800066c                flash_erase_page
 .text.rcc_wait_for_osc_ready
                0x00000000080006f8       0x70 .pioenvs/bluepill_f103c8/libFrameworkLibOpenCM3.a(rcc.o)
                0x00000000080006f8                rcc_wait_for_osc_ready
 .text.rcc_osc_on
                0x0000000008000768       0x70 .pioenvs/bluepill_f103c8/libFrameworkLibOpenCM3.a(rcc.o)
                0x0000000008000768                rcc_osc_on
 .text.rcc_set_sysclk_source
                0x00000000080007d8       0x14 .pioenvs/bluepill_f103c8/libFrameworkLibOpenCM3.a(rcc.o)
                0x00000000080007d8                rcc_set_sysclk_source
 .text.rcc_set_pll_multiplication_factor
                0x00000000080007ec       0x14 .pioenvs/bluepill_f103c8/libFrameworkLibOpenCM3.a(rcc.o)
                0x00000000080007ec                rcc_set_pll_multiplication_factor
 .text.rcc_set_pll_source
                0x0000000008000800       0x14 .pioenvs/bluepill_f103c8/libFrameworkLibOpenCM3.a(rcc.o)
                0x0000000008000800                rcc_set_pll_source
 .text.rcc_set_pllxtpre
                0x0000000008000814       0x14 .pioenvs/bluepill_f103c8/libFrameworkLibOpenCM3.a(rcc.o)
                0x0000000008000814                rcc_set_pllxtpre
 .text.rcc_enable_rtc_clock
                0x0000000008000828       0x10 .pioenvs/bluepill_f103c8/libFrameworkLibOpenCM3.a(rcc.o)
                0x0000000008000828                rcc_enable_rtc_clock
 .text.rcc_set_rtc_clock_source
                0x0000000008000838       0xa0 .pioenvs/bluepill_f103c8/libFrameworkLibOpenCM3.a(rcc.o)
                0x0000000008000838                rcc_set_rtc_clock_source
 .text.rcc_set_adcpre
                0x00000000080008d8       0x14 .pioenvs/bluepill_f103c8/libFrameworkLibOpenCM3.a(rcc.o)
                0x00000000080008d8                rcc_set_adcpre
 .text.rcc_set_ppre2
                0x00000000080008ec       0x14 .pioenvs/bluepill_f103c8/libFrameworkLibOpenCM3.a(rcc.o)
                0x00000000080008ec                rcc_set_ppre2
 .text.rcc_set_ppre1
                0x0000000008000900       0x14 .pioenvs/bluepill_f103c8/libFrameworkLibOpenCM3.a(rcc.o)
                0x0000000008000900                rcc_set_ppre1
 .text.rcc_set_hpre
                0x0000000008000914       0x14 .pioenvs/bluepill_f103c8/libFrameworkLibOpenCM3.a(rcc.o)
                0x0000000008000914                rcc_set_hpre
 .text.rcc_clock_setup_in_hse_8mhz_out_72mhz
                0x0000000008000928       0x90 .pioenvs/bluepill_f103c8/libFrameworkLibOpenCM3.a(rcc.o)
                0x0000000008000928                rcc_clock_setup_in_hse_8mhz_out_72mhz
 .text.rtc_enter_config_mode
                0x00000000080009b8       0x24 .pioenvs/bluepill_f103c8/libFrameworkLibOpenCM3.a(rtc.o)
                0x00000000080009b8                rtc_enter_config_mode
 .text.rtc_exit_config_mode
                0x00000000080009dc       0x24 .pioenvs/bluepill_f103c8/libFrameworkLibOpenCM3.a(rtc.o)
                0x00000000080009dc                rtc_exit_config_mode
 .text.rtc_set_prescale_val
                0x0000000008000a00       0x20 .pioenvs/bluepill_f103c8/libFrameworkLibOpenCM3.a(rtc.o)
                0x0000000008000a00                rtc_set_prescale_val
 .text.rtc_get_counter_val
                0x0000000008000a20       0x14 .pioenvs/bluepill_f103c8/libFrameworkLibOpenCM3.a(rtc.o)
                0x0000000008000a20                rtc_get_counter_val
 .text.rtc_set_counter_val
                0x0000000008000a34       0x20 .pioenvs/bluepill_f103c8/libFrameworkLibOpenCM3.a(rtc.o)
                0x0000000008000a34                rtc_set_counter_val
 .text.rtc_interrupt_enable
                0x0000000008000a54       0x40 .pioenvs/bluepill_f103c8/libFrameworkLibOpenCM3.a(rtc.o)
                0x0000000008000a54                rtc_interrupt_enable
 .text.rtc_interrupt_disable
                0x0000000008000a94       0x40 .pioenvs/bluepill_f103c8/libFrameworkLibOpenCM3.a(rtc.o)
                0x0000000008000a94                rtc_interrupt_disable
 .text.rtc_clear_flag
                0x0000000008000ad4       0x34 .pioenvs/bluepill_f103c8/libFrameworkLibOpenCM3.a(rtc.o)
                0x0000000008000ad4                rtc_clear_flag
 .text.rtc_check_flag
                0x0000000008000b08       0x30 .pioenvs/bluepill_f103c8/libFrameworkLibOpenCM3.a(rtc.o)
                0x0000000008000b08                rtc_check_flag
 .text.pwr_disable_backup_domain_write_protect
                0x0000000008000b38       0x10 .pioenvs/bluepill_f103c8/libFrameworkLibOpenCM3.a(pwr_common_all.o)
                0x0000000008000b38                pwr_disable_backup_domain_write_protect
 .text.pwr_enable_backup_domain_write_protect
                0x0000000008000b48       0x10 .pioenvs/bluepill_f103c8/libFrameworkLibOpenCM3.a(pwr_common_all.o)
                0x0000000008000b48                pwr_enable_backup_domain_write_protect
 .text.exti_set_trigger
                0x0000000008000b58       0x4c .pioenvs/bluepill_f103c8/libFrameworkLibOpenCM3.a(exti_common_all.o)
                0x0000000008000b58                exti_set_trigger
 .text.exti_enable_request
                0x0000000008000ba4       0x18 .pioenvs/bluepill_f103c8/libFrameworkLibOpenCM3.a(exti_common_all.o)
                0x0000000008000ba4                exti_enable_request
 .text.exti_reset_request
                0x0000000008000bbc        0xc .pioenvs/bluepill_f103c8/libFrameworkLibOpenCM3.a(exti_common_all.o)
                0x0000000008000bbc                exti_reset_request
 .text.flash_set_ws
                0x0000000008000bc8       0x14 .pioenvs/bluepill_f103c8/libFrameworkLibOpenCM3.a(flash_common_f01.o)
                0x0000000008000bc8                flash_set_ws
 .text.flash_unlock
                0x0000000008000bdc       0x24 .pioenvs/bluepill_f103c8/libFrameworkLibOpenCM3.a(flash_common_f01.o)
                0x0000000008000bdc                flash_unlock
 .text.flash_lock
                0x0000000008000c00       0x10 .pioenvs/bluepill_f103c8/libFrameworkLibOpenCM3.a(flash_common_f01.o)
                0x0000000008000c00                flash_lock
 .text.usbd_init
                0x0000000008000c10       0x58 .pioenvs/bluepill_f103c8/libFrameworkLibOpenCM3.a(usb.o)
                0x0000000008000c10                usbd_init
 .text._usbd_standard_request_device
                0x0000000008000c68       0x4c .pioenvs/bluepill_f103c8/libFrameworkLibOpenCM3.a(usb_standard.o)
                0x0000000008000c68                _usbd_standard_request_device
 .text._usbd_standard_request_interface
                0x0000000008000cb4       0x34 .pioenvs/bluepill_f103c8/libFrameworkLibOpenCM3.a(usb_standard.o)
                0x0000000008000cb4                _usbd_standard_request_interface
 .text._usbd_standard_request_endpoint
                0x0000000008000ce8       0x44 .pioenvs/bluepill_f103c8/libFrameworkLibOpenCM3.a(usb_standard.o)
                0x0000000008000ce8                _usbd_standard_request_endpoint
 .text.st_usbfs_v1_usbd_init
                0x0000000008000d2c       0x30 .pioenvs/bluepill_f103c8/libFrameworkLibOpenCM3.a(st_usbfs_v1.o)
 .text.scb_reset_system
                0x0000000008000d5c       0x10 .pioenvs/bluepill_f103c8/libFrameworkLibOpenCM3.a(scb.o)
                0x0000000008000d5c                scb_reset_system
 .text.st_usbfs_set_address
                0x0000000008000d6c       0x10 .pioenvs/bluepill_f103c8/libFrameworkLibOpenCM3.a(st_usbfs_core.o)
                0x0000000008000d6c                st_usbfs_set_address
 .text.st_usbfs_set_ep_rx_bufsize
                0x0000000008000d7c       0x60 .pioenvs/bluepill_f103c8/libFrameworkLibOpenCM3.a(st_usbfs_core.o)
                0x0000000008000d7c                st_usbfs_set_ep_rx_bufsize
 .text.st_usbfs_ep_setup
                0x0000000008000ddc      0x160 .pioenvs/bluepill_f103c8/libFrameworkLibOpenCM3.a(st_usbfs_core.o)
                0x0000000008000ddc                st_usbfs_ep_setup
 .text.st_usbfs_ep_nak_set
                0x0000000008000f3c       0x80 .pioenvs/bluepill_f103c8/libFrameworkLibOpenCM3.a(st_usbfs_core.o)
                0x0000000008000f3c                st_usbfs_ep_nak_set
 .text.st_usbfs_ep_write_packet
                0x0000000008000fbc       0x90 .pioenvs/bluepill_f103c8/libFrameworkLibOpenCM3.a(st_usbfs_core.o)
                0x0000000008000fbc                st_usbfs_ep_write_packet
 .text.st_usbfs_ep_read_packet
                0x000000000800104c       0xd4 .pioenvs/bluepill_f103c8/libFrameworkLibOpenCM3.a(st_usbfs_core.o)
                0x000000000800104c                st_usbfs_ep_read_packet
 .text.st_usbfs_poll
                0x0000000008001120       0xfc .pioenvs/bluepill_f103c8/libFrameworkLibOpenCM3.a(st_usbfs_core.o)
                0x0000000008001120                st_usbfs_poll
 .text.gpio_set_mode
                0x000000000800121c       0x6c .pioenvs/bluepill_f103c8/libFrameworkLibOpenCM3.a(gpio.o)
                0x000000000800121c                gpio_set_mode
 .text.gpio_set
                0x0000000008001288        0x4 .pioenvs/bluepill_f103c8/libFrameworkLibOpenCM3.a(gpio_common_all.o)
                0x0000000008001288                gpio_set
 .text.gpio_clear
                0x000000000800128c        0x6 .pioenvs/bluepill_f103c8/libFrameworkLibOpenCM3.a(gpio_common_all.o)
                0x000000000800128c                gpio_clear
 .text.usart_recv
                0x0000000008001292        0x8 .pioenvs/bluepill_f103c8/libFrameworkLibOpenCM3.a(usart_common_f124.o)
                0x0000000008001292                usart_recv
 .text.rcc_periph_clock_enable
                0x000000000800129a       0x1c .pioenvs/bluepill_f103c8/libFrameworkLibOpenCM3.a(rcc_common_all.o)
                0x000000000800129a                rcc_periph_clock_enable
 .text.rcc_periph_reset_pulse
                0x00000000080012b6       0x22 .pioenvs/bluepill_f103c8/libFrameworkLibOpenCM3.a(rcc_common_all.o)
                0x00000000080012b6                rcc_periph_reset_pulse
 .text.flash_wait_for_last_operation
                0x00000000080012d8        0xe .pioenvs/bluepill_f103c8/libFrameworkLibOpenCM3.a(flash_common_f01.o)
                0x00000000080012d8                flash_wait_for_last_operation
 .text.usbd_poll
                0x00000000080012e6        0xc .pioenvs/bluepill_f103c8/libFrameworkLibOpenCM3.a(usb.o)
                0x00000000080012e6                usbd_poll
 .text.usbd_ep_setup
                0x00000000080012f2       0x14 .pioenvs/bluepill_f103c8/libFrameworkLibOpenCM3.a(usb.o)
                0x00000000080012f2                usbd_ep_setup
 .text._usbd_reset
                0x0000000008001306       0x30 .pioenvs/bluepill_f103c8/libFrameworkLibOpenCM3.a(usb.o)
                0x0000000008001306                _usbd_reset
 .text.usbd_ep_write_packet
                0x0000000008001336        0xc .pioenvs/bluepill_f103c8/libFrameworkLibOpenCM3.a(usb.o)
                0x0000000008001336                usbd_ep_write_packet
 .text.usbd_ep_read_packet
                0x0000000008001342        0xc .pioenvs/bluepill_f103c8/libFrameworkLibOpenCM3.a(usb.o)
                0x0000000008001342                usbd_ep_read_packet
 .text.usbd_ep_stall_set
                0x000000000800134e        0xc .pioenvs/bluepill_f103c8/libFrameworkLibOpenCM3.a(usb.o)
                0x000000000800134e                usbd_ep_stall_set
 .text.usbd_ep_stall_get
                0x000000000800135a        0xc .pioenvs/bluepill_f103c8/libFrameworkLibOpenCM3.a(usb.o)
                0x000000000800135a                usbd_ep_stall_get
 .text.stall_transaction
                0x0000000008001366       0x14 .pioenvs/bluepill_f103c8/libFrameworkLibOpenCM3.a(usb_control.o)
 .text.usb_control_setup_write
                0x000000000800137a       0x32 .pioenvs/bluepill_f103c8/libFrameworkLibOpenCM3.a(usb_control.o)
 .text.usb_control_recv_chunk
                0x00000000080013ac       0x3c .pioenvs/bluepill_f103c8/libFrameworkLibOpenCM3.a(usb_control.o)
 .text.usb_control_send_chunk
                0x00000000080013e8       0x48 .pioenvs/bluepill_f103c8/libFrameworkLibOpenCM3.a(usb_control.o)
 .text.usb_control_request_dispatch
                0x0000000008001430       0x60 .pioenvs/bluepill_f103c8/libFrameworkLibOpenCM3.a(usb_control.o)
 .text.usb_control_setup_read
                0x0000000008001490       0x3a .pioenvs/bluepill_f103c8/libFrameworkLibOpenCM3.a(usb_control.o)
 .text.usbd_register_control_callback
                0x00000000080014ca       0x30 .pioenvs/bluepill_f103c8/libFrameworkLibOpenCM3.a(usb_control.o)
                0x00000000080014ca                usbd_register_control_callback
 .text._usbd_control_setup
                0x00000000080014fa       0x4a .pioenvs/bluepill_f103c8/libFrameworkLibOpenCM3.a(usb_control.o)
                0x00000000080014fa                _usbd_control_setup
 .text._usbd_control_out
                0x0000000008001544       0x8a .pioenvs/bluepill_f103c8/libFrameworkLibOpenCM3.a(usb_control.o)
                0x0000000008001544                _usbd_control_out
 .text._usbd_control_in
                0x00000000080015ce       0x56 .pioenvs/bluepill_f103c8/libFrameworkLibOpenCM3.a(usb_control.o)
                0x00000000080015ce                _usbd_control_in
 .text.usb_descriptor_type
                0x0000000008001624        0x4 .pioenvs/bluepill_f103c8/libFrameworkLibOpenCM3.a(usb_standard.o)
 .text.usb_descriptor_index
                0x0000000008001628        0x4 .pioenvs/bluepill_f103c8/libFrameworkLibOpenCM3.a(usb_standard.o)
 .text.usb_standard_set_address
                0x000000000800162c       0x30 .pioenvs/bluepill_f103c8/libFrameworkLibOpenCM3.a(usb_standard.o)
 .text.usb_standard_set_configuration
                0x000000000800165c       0xba .pioenvs/bluepill_f103c8/libFrameworkLibOpenCM3.a(usb_standard.o)
 .text.usb_standard_get_configuration
                0x0000000008001716       0x24 .pioenvs/bluepill_f103c8/libFrameworkLibOpenCM3.a(usb_standard.o)
 .text.usb_standard_set_interface
                0x000000000800173a       0x56 .pioenvs/bluepill_f103c8/libFrameworkLibOpenCM3.a(usb_standard.o)
 .text.usb_standard_get_interface
                0x0000000008001790       0x3e .pioenvs/bluepill_f103c8/libFrameworkLibOpenCM3.a(usb_standard.o)
 .text.usb_standard_device_get_status
                0x00000000080017ce       0x18 .pioenvs/bluepill_f103c8/libFrameworkLibOpenCM3.a(usb_standard.o)
 .text.usb_standard_interface_get_status
                0x00000000080017e6       0x18 .pioenvs/bluepill_f103c8/libFrameworkLibOpenCM3.a(usb_standard.o)
 .text.build_config_descriptor
                0x00000000080017fe      0x1ba .pioenvs/bluepill_f103c8/libFrameworkLibOpenCM3.a(usb_standard.o)
 .text.usb_standard_get_descriptor
                0x00000000080019b8       0xe6 .pioenvs/bluepill_f103c8/libFrameworkLibOpenCM3.a(usb_standard.o)
 .text.usb_standard_endpoint_get_status
                0x0000000008001a9e       0x2a .pioenvs/bluepill_f103c8/libFrameworkLibOpenCM3.a(usb_standard.o)
 .text.usb_standard_endpoint_stall
                0x0000000008001ac8       0x10 .pioenvs/bluepill_f103c8/libFrameworkLibOpenCM3.a(usb_standard.o)
 .text.usb_standard_endpoint_unstall
                0x0000000008001ad8       0x10 .pioenvs/bluepill_f103c8/libFrameworkLibOpenCM3.a(usb_standard.o)
 .text.usbd_register_set_config_callback
                0x0000000008001ae8       0x28 .pioenvs/bluepill_f103c8/libFrameworkLibOpenCM3.a(usb_standard.o)
                0x0000000008001ae8                usbd_register_set_config_callback
 .text._usbd_standard_request
                0x0000000008001b10       0x32 .pioenvs/bluepill_f103c8/libFrameworkLibOpenCM3.a(usb_standard.o)
                0x0000000008001b10                _usbd_standard_request
 .text.st_usbfs_copy_to_pm
                0x0000000008001b42       0x18 .pioenvs/bluepill_f103c8/libFrameworkLibOpenCM3.a(st_usbfs_v1.o)
                0x0000000008001b42                st_usbfs_copy_to_pm
 .text.st_usbfs_copy_from_pm
                0x0000000008001b5a       0x24 .pioenvs/bluepill_f103c8/libFrameworkLibOpenCM3.a(st_usbfs_v1.o)
                0x0000000008001b5a                st_usbfs_copy_from_pm
 .text.blocking_handler
                0x0000000008001b7e        0x2 .pioenvs/bluepill_f103c8/libFrameworkLibOpenCM3.a(vector.o)
                0x0000000008001b7e                exti0_isr
                0x0000000008001b7e                tim7_isr
                0x0000000008001b7e                adc1_2_isr
                0x0000000008001b7e                tim1_trg_com_isr
                0x0000000008001b7e                usb_hp_can_tx_isr
                0x0000000008001b7e                tim6_isr
                0x0000000008001b7e                usb_wakeup_isr
                0x0000000008001b7e                blocking_handler
                0x0000000008001b7e                tim5_isr
                0x0000000008001b7e                otg_fs_isr
                0x0000000008001b7e                spi1_isr
                0x0000000008001b7e                exti2_isr
                0x0000000008001b7e                dma1_channel6_isr
                0x0000000008001b7e                can_rx1_isr
                0x0000000008001b7e                dma1_channel5_isr
                0x0000000008001b7e                dma2_channel5_isr
                0x0000000008001b7e                usart1_isr
                0x0000000008001b7e                usage_fault_handler
                0x0000000008001b7e                tim8_trg_com_isr
                0x0000000008001b7e                can2_rx0_isr
                0x0000000008001b7e                tim1_brk_isr
                0x0000000008001b7e                can2_rx1_isr
                0x0000000008001b7e                tim1_cc_isr
                0x0000000008001b7e                sdio_isr
                0x0000000008001b7e                eth_isr
                0x0000000008001b7e                dma1_channel4_isr
                0x0000000008001b7e                tim8_brk_isr
                0x0000000008001b7e                dma2_channel4_5_isr
                0x0000000008001b7e                pvd_isr
                0x0000000008001b7e                rcc_isr
                0x0000000008001b7e                flash_isr
                0x0000000008001b7e                uart4_isr
                0x0000000008001b7e                exti15_10_isr
                0x0000000008001b7e                hard_fault_handler
                0x0000000008001b7e                exti1_isr
                0x0000000008001b7e                i2c1_ev_isr
                0x0000000008001b7e                dma2_channel1_isr
                0x0000000008001b7e                spi2_isr
                0x0000000008001b7e                tim8_up_isr
                0x0000000008001b7e                dma2_channel2_isr
                0x0000000008001b7e                exti3_isr
                0x0000000008001b7e                adc3_isr
                0x0000000008001b7e                tim3_isr
                0x0000000008001b7e                usb_lp_can_rx0_isr
                0x0000000008001b7e                i2c2_er_isr
                0x0000000008001b7e                i2c2_ev_isr
                0x0000000008001b7e                uart5_isr
                0x0000000008001b7e                fsmc_isr
                0x0000000008001b7e                dma1_channel1_isr
                0x0000000008001b7e                exti4_isr
                0x0000000008001b7e                mem_manage_handler
                0x0000000008001b7e                can2_tx_isr
                0x0000000008001b7e                exti9_5_isr
                0x0000000008001b7e                dma2_channel3_isr
                0x0000000008001b7e                dma1_channel7_isr
                0x0000000008001b7e                tim1_up_isr
                0x0000000008001b7e                can2_sce_isr
                0x0000000008001b7e                tim4_isr
                0x0000000008001b7e                dma1_channel2_isr
                0x0000000008001b7e                i2c1_er_isr
                0x0000000008001b7e                can_sce_isr
                0x0000000008001b7e                tim8_cc_isr
                0x0000000008001b7e                tamper_isr
                0x0000000008001b7e                eth_wkup_isr
                0x0000000008001b7e                bus_fault_handler
                0x0000000008001b7e                wwdg_isr
                0x0000000008001b7e                dma1_channel3_isr
                0x0000000008001b7e                spi3_isr
                0x0000000008001b7e                tim2_isr
                0x0000000008001b7e                usart3_isr
 .text.null_handler
                0x0000000008001b80        0x2 .pioenvs/bluepill_f103c8/libFrameworkLibOpenCM3.a(vector.o)
                0x0000000008001b80                null_handler
                0x0000000008001b80                sv_call_handler
                0x0000000008001b80                pend_sv_handler
                0x0000000008001b80                debug_monitor_handler
                0x0000000008001b80                sys_tick_handler
                0x0000000008001b80                nmi_handler
 .text.nvic_enable_irq
                0x0000000008001b82       0x18 .pioenvs/bluepill_f103c8/libFrameworkLibOpenCM3.a(nvic.o)
                0x0000000008001b82                nvic_enable_irq
 .text.st_usbfs_endpoints_reset
                0x0000000008001b9a       0x6c .pioenvs/bluepill_f103c8/libFrameworkLibOpenCM3.a(st_usbfs_core.o)
                0x0000000008001b9a                st_usbfs_endpoints_reset
 .text.st_usbfs_ep_stall_set
                0x0000000008001c06      0x108 .pioenvs/bluepill_f103c8/libFrameworkLibOpenCM3.a(st_usbfs_core.o)
                0x0000000008001c06                st_usbfs_ep_stall_set
 .text.st_usbfs_ep_stall_get
                0x0000000008001d0e       0x44 .pioenvs/bluepill_f103c8/libFrameworkLibOpenCM3.a(st_usbfs_core.o)
                0x0000000008001d0e                st_usbfs_ep_stall_get
 *libcocoos.a:(SORT_BY_ALIGNMENT(.text*))
 *libcocoOS_?.?.?.a:(SORT_BY_ALIGNMENT(.text*))
 *fill*         0x0000000008001d52        0x2 
 .text.os_event_init
                0x0000000008001d54        0xc .pioenvs/bluepill_f103c8/libea7/libcocoOS_5.0.3.a(os_event.o)
                0x0000000008001d54                os_event_init
 .text.os_signal_event
                0x0000000008001d60       0x10 .pioenvs/bluepill_f103c8/libea7/libcocoOS_5.0.3.a(os_event.o)
                0x0000000008001d60                os_signal_event
 .text.os_event_set_signaling_tid
                0x0000000008001d70       0x10 .pioenvs/bluepill_f103c8/libea7/libcocoOS_5.0.3.a(os_event.o)
                0x0000000008001d70                os_event_set_signaling_tid
 .text.os_init  0x0000000008001d80       0x30 .pioenvs/bluepill_f103c8/libea7/libcocoOS_5.0.3.a(os_kernel.o)
                0x0000000008001d80                os_init
 .text.os_msgQ_init
                0x0000000008001db0       0x38 .pioenvs/bluepill_f103c8/libea7/libcocoOS_5.0.3.a(os_msgqueue.o)
                0x0000000008001db0                os_msgQ_init
 .text.os_msgQ_tick
                0x0000000008001de8       0x74 .pioenvs/bluepill_f103c8/libea7/libcocoOS_5.0.3.a(os_msgqueue.o)
                0x0000000008001de8                os_msgQ_tick
 .text.os_sem_init
                0x0000000008001e5c        0xc .pioenvs/bluepill_f103c8/libea7/libcocoOS_5.0.3.a(os_sem.o)
                0x0000000008001e5c                os_sem_init
 .text.os_task_wait_queue_empty
                0x0000000008001e68       0x1c .pioenvs/bluepill_f103c8/libea7/libcocoOS_5.0.3.a(os_task.o)
 .text.task_ready_set
                0x0000000008001e84       0x14 .pioenvs/bluepill_f103c8/libea7/libcocoOS_5.0.3.a(os_task.o)
 .text.os_task_init
                0x0000000008001e98       0x74 .pioenvs/bluepill_f103c8/libea7/libcocoOS_5.0.3.a(os_task.o)
                0x0000000008001e98                os_task_init
 .text.os_task_highest_prio_ready_task
                0x0000000008001f0c       0x44 .pioenvs/bluepill_f103c8/libea7/libcocoOS_5.0.3.a(os_task.o)
                0x0000000008001f0c                os_task_highest_prio_ready_task
 .text.os_task_clear_wait_queue
                0x0000000008001f50       0x1c .pioenvs/bluepill_f103c8/libea7/libcocoOS_5.0.3.a(os_task.o)
                0x0000000008001f50                os_task_clear_wait_queue
 .text.os_task_tick
                0x0000000008001f6c       0xac .pioenvs/bluepill_f103c8/libea7/libcocoOS_5.0.3.a(os_task.o)
                0x0000000008001f6c                os_task_tick
 .text.os_task_signal_event
                0x0000000008002018       0x98 .pioenvs/bluepill_f103c8/libea7/libcocoOS_5.0.3.a(os_task.o)
                0x0000000008002018                os_task_signal_event
 .text.os_task_run
                0x00000000080020b0       0x38 .pioenvs/bluepill_f103c8/libea7/libcocoOS_5.0.3.a(os_task.o)
                0x00000000080020b0                os_task_run
 .text.os_on_assert
                0x00000000080020e8       0x10 .pioenvs/bluepill_f103c8/libea7/libcocoOS_5.0.3.a(os_assert.o)
                0x00000000080020e8                os_on_assert
 .text.os_cbkSleep
                0x00000000080020f8        0x2 .pioenvs/bluepill_f103c8/libea7/libcocoOS_5.0.3.a(os_cbk.o)
                0x00000000080020f8                os_cbkSleep
 .text.os_tick  0x00000000080020fa        0xc .pioenvs/bluepill_f103c8/libea7/libcocoOS_5.0.3.a(os_kernel.o)
                0x00000000080020fa                os_tick
 *libgcc.a:(SORT_BY_ALIGNMENT(.text*))
 *libqfplib.a:(SORT_BY_ALIGNMENT(.text*))
 *libnano-float.a:(SORT_BY_ALIGNMENT(.text*))
 *libnewlib.a:(SORT_BY_ALIGNMENT(.text*))
 .text.strlen   0x0000000008002106       0x10 .pioenvs/bluepill_f103c8/lib98a/libnewlib.a(strlen.o)
                0x0000000008002106                strlen
 .text.strncat  0x0000000008002116       0x32 .pioenvs/bluepill_f103c8/lib98a/libnewlib.a(strncat.o)
                0x0000000008002116                strncat
 .text.strncpy  0x0000000008002148       0x40 .pioenvs/bluepill_f103c8/lib98a/libnewlib.a(strncpy.o)
                0x0000000008002148                strncpy
 .text.memcmp   0x0000000008002188       0x20 .pioenvs/bluepill_f103c8/lib98a/libnewlib.a(memcmp.o)
                0x0000000008002188                memcmp
 .text.memcpy   0x00000000080021a8       0x1a .pioenvs/bluepill_f103c8/lib98a/libnewlib.a(memcpy.o)
                0x00000000080021a8                memcpy
 .text.memset   0x00000000080021c2       0x16 .pioenvs/bluepill_f103c8/lib98a/libnewlib.a(memset.o)
                0x00000000080021c2                memset
 *liblogger.a:(SORT_BY_ALIGNMENT(.text*))
 .text._ZL10__semihostiPv
                0x00000000080021d8       0x24 .pioenvs/bluepill_f103c8/libd9b/liblogger.a(logger.o)
 .text.enable_log
                0x00000000080021fc        0xc .pioenvs/bluepill_f103c8/libd9b/liblogger.a(logger.o)
                0x00000000080021fc                enable_log
 .text.debug_flush
                0x0000000008002208       0x28 .pioenvs/bluepill_f103c8/libd9b/liblogger.a(logger.o)
                0x0000000008002208                debug_flush
 .text._ZL12debug_appendPKcj
                0x0000000008002230       0x38 .pioenvs/bluepill_f103c8/libd9b/liblogger.a(logger.o)
 .text._Z11debug_printj
                0x0000000008002268       0x88 .pioenvs/bluepill_f103c8/libd9b/liblogger.a(logger.o)
                0x0000000008002268                debug_print(unsigned int)
 .text._Z11debug_printi
                0x00000000080022f0       0x34 .pioenvs/bluepill_f103c8/libd9b/liblogger.a(logger.o)
                0x00000000080022f0                debug_print(int)
 .text.debug_println
                0x0000000008002324       0x1c .pioenvs/bluepill_f103c8/libd9b/liblogger.a(logger.o)
                0x0000000008002324                debug_println
 .text._Z13debug_printlni
                0x0000000008002340       0x14 .pioenvs/bluepill_f103c8/libd9b/liblogger.a(logger.o)
                0x0000000008002340                debug_println(int)
 .text._ZL14semihost_writemPKhj
                0x0000000008002354       0x1e .pioenvs/bluepill_f103c8/libd9b/liblogger.a(logger.o)
 .text.debug_print
                0x0000000008002372       0x18 .pioenvs/bluepill_f103c8/libd9b/liblogger.a(logger.o)
                0x0000000008002372                debug_print
 .text.debug_print_unsigned
                0x000000000800238a        0x8 .pioenvs/bluepill_f103c8/libd9b/liblogger.a(logger.o)
                0x000000000800238a                debug_print_unsigned
 .text.debug_printhex
                0x0000000008002392       0x70 .pioenvs/bluepill_f103c8/libd9b/liblogger.a(logger.o)
                0x0000000008002392                debug_printhex
 .text.debug_printhex_unsigned
                0x0000000008002402       0x1c .pioenvs/bluepill_f103c8/libd9b/liblogger.a(logger.o)
                0x0000000008002402                debug_printhex_unsigned
 *libbluepill.a:(SORT_BY_ALIGNMENT(.text*))
 *fill*         0x000000000800241e        0x2 
 .text.platform_setup
                0x0000000008002420       0x4c .pioenvs/bluepill_f103c8/lib271/libbluepill.a(bluepill.o)
                0x0000000008002420                platform_setup
 .text.enable_debug
                0x000000000800246c       0x14 .pioenvs/bluepill_f103c8/lib271/libbluepill.a(bluepill.o)
                0x000000000800246c                enable_debug
 .text.led_setup
                0x0000000008002480       0x20 .pioenvs/bluepill_f103c8/lib271/libbluepill.a(led.o)
                0x0000000008002480                led_setup
 .text.led_on   0x00000000080024a0       0x14 .pioenvs/bluepill_f103c8/lib271/libbluepill.a(led.o)
                0x00000000080024a0                led_on
 .text.led_off  0x00000000080024b4       0x14 .pioenvs/bluepill_f103c8/lib271/libbluepill.a(led.o)
                0x00000000080024b4                led_off
 .text.led_wait
                0x00000000080024c8       0x14 .pioenvs/bluepill_f103c8/lib271/libbluepill.a(led.o)
                0x00000000080024c8                led_wait
 .text._ZL27custom_rtc_exit_config_modev
                0x00000000080024dc       0x2c .pioenvs/bluepill_f103c8/lib271/libbluepill.a(timer.o)
 .text._ZL25custom_rtc_set_alarm_timem
                0x0000000008002508       0x20 .pioenvs/bluepill_f103c8/lib271/libbluepill.a(timer.o)
 .text._ZL25custom_rtc_awake_from_off7rcc_osc
                0x0000000008002528       0x74 .pioenvs/bluepill_f103c8/lib271/libbluepill.a(timer.o)
 .text._ZL9rtc_setupv
                0x000000000800259c       0x94 .pioenvs/bluepill_f103c8/lib271/libbluepill.a(timer.o)
 .text.platform_start_timer
                0x0000000008002630       0x34 .pioenvs/bluepill_f103c8/lib271/libbluepill.a(timer.o)
                0x0000000008002630                platform_start_timer
 .text.platform_set_alarm
                0x0000000008002664       0x4c .pioenvs/bluepill_f103c8/lib271/libbluepill.a(timer.o)
                0x0000000008002664                platform_set_alarm
 .text.rtc_isr  0x00000000080026b0       0x30 .pioenvs/bluepill_f103c8/lib271/libbluepill.a(timer.o)
                0x00000000080026b0                rtc_isr
 .text.rtc_alarm_isr
                0x00000000080026e0       0x2c .pioenvs/bluepill_f103c8/lib271/libbluepill.a(timer.o)
                0x00000000080026e0                rtc_alarm_isr
 .text.platform_alarm_count
                0x000000000800270c        0xc .pioenvs/bluepill_f103c8/lib271/libbluepill.a(timer.o)
                0x000000000800270c                platform_alarm_count
 .text.platform_tick_count
                0x0000000008002718        0xc .pioenvs/bluepill_f103c8/lib271/libbluepill.a(timer.o)
                0x0000000008002718                platform_tick_count
 .text.__cxa_pure_virtual
                0x0000000008002724        0xc .pioenvs/bluepill_f103c8/lib271/libbluepill.a(bluepill.o)
                0x0000000008002724                __cxa_pure_virtual
 .text._Znwj    0x0000000008002730        0x8 .pioenvs/bluepill_f103c8/lib271/libbluepill.a(bluepill.o)
                0x0000000008002730                operator new(unsigned int)
 .text._ZdlPv   0x0000000008002738        0x8 .pioenvs/bluepill_f103c8/lib271/libbluepill.a(bluepill.o)
                0x0000000008002738                operator delete(void*)
 .text.millis   0x0000000008002740        0x8 .pioenvs/bluepill_f103c8/lib271/libbluepill.a(timer.o)
                0x0000000008002740                millis
 *libbootloader.a:(SORT_BY_ALIGNMENT(.text*))
 .text.bootloader_poll
                0x0000000008002748       0x1c .pioenvs/bluepill_f103c8/libb45/libbootloader.a(bootloader.o)
                0x0000000008002748                bootloader_poll
 .text.get_serial_number
                0x0000000008002764       0x34 .pioenvs/bluepill_f103c8/libb45/libbootloader.a(bootloader.o)
 .text.poll_loop
                0x0000000008002798       0x68 .pioenvs/bluepill_f103c8/libb45/libbootloader.a(bootloader.o)
 .text.bootloader_start
                0x0000000008002800       0x58 .pioenvs/bluepill_f103c8/libb45/libbootloader.a(bootloader.o)
                0x0000000008002800                bootloader_start
 .text.get_flash_end
                0x0000000008002858        0x8 .pioenvs/bluepill_f103c8/libb45/libbootloader.a(target_stm32f103.o)
 .text.validate_application
                0x0000000008002860       0x4c .pioenvs/bluepill_f103c8/libb45/libbootloader.a(target_stm32f103.o)
 .text.target_set_led
                0x00000000080028ac       0x20 .pioenvs/bluepill_f103c8/libb45/libbootloader.a(target_stm32f103.o)
                0x00000000080028ac                target_set_led
 .text.target_gpio_setup
                0x00000000080028cc       0x6c .pioenvs/bluepill_f103c8/libb45/libbootloader.a(target_stm32f103.o)
                0x00000000080028cc                target_gpio_setup
 .text.target_usb_init
                0x0000000008002938       0x34 .pioenvs/bluepill_f103c8/libb45/libbootloader.a(target_stm32f103.o)
                0x0000000008002938                target_usb_init
 .text.target_manifest_app
                0x000000000800296c       0x14 .pioenvs/bluepill_f103c8/libb45/libbootloader.a(target_stm32f103.o)
                0x000000000800296c                target_manifest_app
 .text.target_manifest_bootloader
                0x0000000008002980       0x14 .pioenvs/bluepill_f103c8/libb45/libbootloader.a(target_stm32f103.o)
                0x0000000008002980                target_manifest_bootloader
 .text.target_get_force_bootloader
                0x0000000008002994       0x40 .pioenvs/bluepill_f103c8/libb45/libbootloader.a(target_stm32f103.o)
                0x0000000008002994                target_get_force_bootloader
 .text.target_get_startup_mode
                0x00000000080029d4       0x44 .pioenvs/bluepill_f103c8/libb45/libbootloader.a(target_stm32f103.o)
                0x00000000080029d4                target_get_startup_mode
 .text.target_flash_program_array
                0x0000000008002a18       0xdc .pioenvs/bluepill_f103c8/libb45/libbootloader.a(target_stm32f103.o)
                0x0000000008002a18                target_flash_program_array
 .text.set_aggregate_callback
                0x0000000008002af4       0x5c .pioenvs/bluepill_f103c8/libb45/libbootloader.a(usb_conf.o)
 .text.usb_setup
                0x0000000008002b50       0x94 .pioenvs/bluepill_f103c8/libb45/libbootloader.a(usb_conf.o)
                0x0000000008002b50                usb_setup
 .text.aggregate_register_config_callback
                0x0000000008002be4       0x40 .pioenvs/bluepill_f103c8/libb45/libbootloader.a(usb_conf.o)
                0x0000000008002be4                aggregate_register_config_callback
 .text.aggregate_register_callback
                0x0000000008002c24       0x60 .pioenvs/bluepill_f103c8/libb45/libbootloader.a(usb_conf.o)
                0x0000000008002c24                aggregate_register_callback
 .text.usb_set_serial_number
                0x0000000008002c84       0x24 .pioenvs/bluepill_f103c8/libb45/libbootloader.a(usb_conf.o)
                0x0000000008002c84                usb_set_serial_number
 .text.dump_buffer
                0x0000000008002ca8       0x48 .pioenvs/bluepill_f103c8/libb45/libbootloader.a(usb_conf.o)
                0x0000000008002ca8                dump_buffer
 .text.dump_usb_request
                0x0000000008002cf0      0x1a8 .pioenvs/bluepill_f103c8/libb45/libbootloader.a(usb_conf.o)
                0x0000000008002cf0                dump_usb_request
 .text.aggregate_callback
                0x0000000008002e98       0x78 .pioenvs/bluepill_f103c8/libb45/libbootloader.a(usb_conf.o)
 .text.webusb_set_config
                0x0000000008002f10       0x28 .pioenvs/bluepill_f103c8/libb45/libbootloader.a(webusb.o)
 .text.webusb_control_vendor_request
                0x0000000008002f38       0xd0 .pioenvs/bluepill_f103c8/libb45/libbootloader.a(webusb.o)
 .text.webusb_setup
                0x0000000008003008       0x4c .pioenvs/bluepill_f103c8/libb45/libbootloader.a(webusb.o)
                0x0000000008003008                webusb_setup
 .text.winusb_set_config
                0x0000000008003054       0x28 .pioenvs/bluepill_f103c8/libb45/libbootloader.a(winusb.o)
 .text.winusb_descriptor_request
                0x000000000800307c       0x60 .pioenvs/bluepill_f103c8/libb45/libbootloader.a(winusb.o)
 .text.winusb_control_vendor_request
                0x00000000080030dc       0xc0 .pioenvs/bluepill_f103c8/libb45/libbootloader.a(winusb.o)
 .text.winusb_setup
                0x000000000800319c       0x58 .pioenvs/bluepill_f103c8/libb45/libbootloader.a(winusb.o)
                0x000000000800319c                winusb_setup
 .text.cdcacm_comm_cb
                0x00000000080031f4       0x14 .pioenvs/bluepill_f103c8/libb45/libbootloader.a(cdc.o)
 .text.cdcacm_set_config
                0x0000000008003208       0x64 .pioenvs/bluepill_f103c8/libb45/libbootloader.a(cdc.o)
 .text.cdcacm_control_request
                0x000000000800326c       0x94 .pioenvs/bluepill_f103c8/libb45/libbootloader.a(cdc.o)
 .text.cdcacm_data_rx_cb
                0x0000000008003300       0x4c .pioenvs/bluepill_f103c8/libb45/libbootloader.a(cdc.o)
 .text.cdc_setup
                0x000000000800334c       0x24 .pioenvs/bluepill_f103c8/libb45/libbootloader.a(cdc.o)
                0x000000000800334c                cdc_setup
 .text.hf2_set_config
                0x0000000008003370       0x3c .pioenvs/bluepill_f103c8/libb45/libbootloader.a(hf2.o)
 .text.assert   0x00000000080033ac       0x20 .pioenvs/bluepill_f103c8/libb45/libbootloader.a(hf2.o)
 .text.pokeSend
                0x00000000080033cc       0x84 .pioenvs/bluepill_f103c8/libb45/libbootloader.a(hf2.o)
 .text.send_hf2_response
                0x0000000008003450       0x38 .pioenvs/bluepill_f103c8/libb45/libbootloader.a(hf2.o)
 .text.handle_command
                0x0000000008003488      0x18c .pioenvs/bluepill_f103c8/libb45/libbootloader.a(hf2.o)
 .text.hf2_data_rx_cb
                0x0000000008003614       0xa4 .pioenvs/bluepill_f103c8/libb45/libbootloader.a(hf2.o)
 .text.hf2_setup
                0x00000000080036b8       0x2c .pioenvs/bluepill_f103c8/libb45/libbootloader.a(hf2.o)
                0x00000000080036b8                hf2_setup
 .text.backup_write
                0x00000000080036e4       0x34 .pioenvs/bluepill_f103c8/libb45/libbootloader.a(backup.o)
                0x00000000080036e4                backup_write
 .text.backup_read
                0x0000000008003718       0x18 .pioenvs/bluepill_f103c8/libb45/libbootloader.a(backup.o)
                0x0000000008003718                backup_read
 .text.usb21_set_config
                0x0000000008003730       0x28 .pioenvs/bluepill_f103c8/libb45/libbootloader.a(usb21_standard.o)
 .text.usb21_standard_get_descriptor
                0x0000000008003758       0x5c .pioenvs/bluepill_f103c8/libb45/libbootloader.a(usb21_standard.o)
 .text.usb21_setup
                0x00000000080037b4       0x34 .pioenvs/bluepill_f103c8/libb45/libbootloader.a(usb21_standard.o)
                0x00000000080037b4                usb21_setup
 .text.flushFlash
                0x00000000080037e8       0xa0 .pioenvs/bluepill_f103c8/libb45/libbootloader.a(ghostfat.o)
 .text.flash_write
                0x0000000008003888       0x48 .pioenvs/bluepill_f103c8/libb45/libbootloader.a(ghostfat.o)
                0x0000000008003888                flash_write
 .text.sleep_us
                0x00000000080038d0       0x14 .pioenvs/bluepill_f103c8/libb45/libbootloader.a(target_stm32f103.o)
 .text.target_get_serial_number
                0x00000000080038e4        0xa .pioenvs/bluepill_f103c8/libb45/libbootloader.a(target_stm32f103.o)
                0x00000000080038e4                target_get_serial_number
 .text.target_flash_unlock
                0x00000000080038ee        0x8 .pioenvs/bluepill_f103c8/libb45/libbootloader.a(target_stm32f103.o)
                0x00000000080038ee                target_flash_unlock
 .text.target_flash_lock
                0x00000000080038f6        0x8 .pioenvs/bluepill_f103c8/libb45/libbootloader.a(target_stm32f103.o)
                0x00000000080038f6                target_flash_lock
 .text.usb_descriptor_type
                0x00000000080038fe        0x4 .pioenvs/bluepill_f103c8/libb45/libbootloader.a(usb_conf.o)
 .text.usb_descriptor_index
                0x0000000008003902        0x4 .pioenvs/bluepill_f103c8/libb45/libbootloader.a(usb_conf.o)
 .text.usb_descriptor_type
                0x0000000008003906        0x4 .pioenvs/bluepill_f103c8/libb45/libbootloader.a(winusb.o)
 .text.usb_descriptor_index
                0x000000000800390a        0x4 .pioenvs/bluepill_f103c8/libb45/libbootloader.a(winusb.o)
 .text.hf2_data_tx_cb
                0x000000000800390e        0x8 .pioenvs/bluepill_f103c8/libb45/libbootloader.a(hf2.o)
 .text.build_bos_descriptor
                0x0000000008003916       0x7c .pioenvs/bluepill_f103c8/libb45/libbootloader.a(usb21_standard.o)
                0x0000000008003994                . = ALIGN (0x4)
 *fill*         0x0000000008003992        0x2 
 :*reset_handler*(SORT_BY_ALIGNMENT(.rodata*))
 .rodata.pre_main.str1.4
                0x0000000008003994       0x37 .pioenvs/bluepill_f103c8/libccd/hal/reset_handler.o
 *libhal.a:*reset_handler*(SORT_BY_ALIGNMENT(.rodata*))
 :*codal_target_hal*(SORT_BY_ALIGNMENT(.rodata*))
 *fill*         0x00000000080039cb        0x1 
 .rodata._ZL11timer_alarmv.str1.4
                0x00000000080039cc        0x4 .pioenvs/bluepill_f103c8/libccd/hal/codal_target_hal.o
 .rodata.target_panic.str1.4
                0x00000000080039d0       0x13 .pioenvs/bluepill_f103c8/libccd/hal/codal_target_hal.o
 *fill*         0x00000000080039e3        0x1 
 .rodata.target_wait.str1.4
                0x00000000080039e4       0x10 .pioenvs/bluepill_f103c8/libccd/hal/codal_target_hal.o
 .rodata.target_wait_us.str1.4
                0x00000000080039f4       0x13 .pioenvs/bluepill_f103c8/libccd/hal/codal_target_hal.o
 *fill*         0x0000000008003a07        0x1 
 .rodata.test_codal.str1.4
                0x0000000008003a08       0x3c .pioenvs/bluepill_f103c8/libccd/hal/codal_target_hal.o
 *libhal.a:*codal_target_hal*(SORT_BY_ALIGNMENT(.rodata*))
 :*CortexContextSwitch*(SORT_BY_ALIGNMENT(.rodata*))
 *libhal.a:(SORT_BY_ALIGNMENT(.rodata*))
 *liblibopencm3.a:(SORT_BY_ALIGNMENT(.rodata*))
 *libFrameworkLibOpenCM3.a:(SORT_BY_ALIGNMENT(.rodata*))
 .rodata.chars.4166
                0x0000000008003a44       0x11 .pioenvs/bluepill_f103c8/libFrameworkLibOpenCM3.a(desig.o)
 *fill*         0x0000000008003a55        0x3 
 .rodata.st_usbfs_v1_usb_driver
                0x0000000008003a58       0x34 .pioenvs/bluepill_f103c8/libFrameworkLibOpenCM3.a(st_usbfs_v1.o)
                0x0000000008003a58                st_usbfs_v1_usb_driver
 .rodata        0x0000000008003a8c        0x8 .pioenvs/bluepill_f103c8/libFrameworkLibOpenCM3.a(st_usbfs_core.o)
 *libcocoos.a:(SORT_BY_ALIGNMENT(.rodata*))
 *libcocoOS_?.?.?.a:(SORT_BY_ALIGNMENT(.rodata*))
 *libgcc.a:(SORT_BY_ALIGNMENT(.rodata*))
 *libqfplib.a:(SORT_BY_ALIGNMENT(.rodata*))
 *libnano-float.a:(SORT_BY_ALIGNMENT(.rodata*))
 *libnewlib.a:(SORT_BY_ALIGNMENT(.rodata*))
 *liblogger.a:(SORT_BY_ALIGNMENT(.rodata*))
 .rodata._Z11debug_printi.str1.4
                0x0000000008003a94        0x6 .pioenvs/bluepill_f103c8/libd9b/liblogger.a(logger.o)
 *fill*         0x0000000008003a9a        0x2 
 .rodata._Z11debug_printj.str1.4
                0x0000000008003a9c        0xb .pioenvs/bluepill_f103c8/libd9b/liblogger.a(logger.o)
 *fill*         0x0000000008003aa7        0x1 
 .rodata.debug_println.str1.4
                0x0000000008003aa8        0x2 .pioenvs/bluepill_f103c8/libd9b/liblogger.a(logger.o)
 *libbluepill.a:(SORT_BY_ALIGNMENT(.rodata*))
 *fill*         0x0000000008003aaa        0x2 
 .rodata.platform_setup.str1.4
                0x0000000008003aac       0x13 .pioenvs/bluepill_f103c8/lib271/libbluepill.a(bluepill.o)
 *fill*         0x0000000008003abf        0x1 
 .rodata._ZL9rtc_setupv.str1.4
                0x0000000008003ac0       0x1d .pioenvs/bluepill_f103c8/lib271/libbluepill.a(timer.o)
 *fill*         0x0000000008003add        0x3 
 .rodata.platform_set_alarm.str1.4
                0x0000000008003ae0        0xf .pioenvs/bluepill_f103c8/lib271/libbluepill.a(timer.o)
 *fill*         0x0000000008003aef        0x1 
 .rodata.platform_start_timer.str1.4
                0x0000000008003af0       0x15 .pioenvs/bluepill_f103c8/lib271/libbluepill.a(timer.o)
 *libbootloader.a:(SORT_BY_ALIGNMENT(.rodata*))
 *fill*         0x0000000008003b05        0x3 
 .rodata.bootloader_start.str1.4
                0x0000000008003b08       0x1a .pioenvs/bluepill_f103c8/libb45/libbootloader.a(bootloader.o)
 *fill*         0x0000000008003b22        0x2 
 .rodata.get_serial_number.str1.4
                0x0000000008003b24       0x32 .pioenvs/bluepill_f103c8/libb45/libbootloader.a(bootloader.o)
 *fill*         0x0000000008003b56        0x2 
 .rodata.poll_loop.str1.4
                0x0000000008003b58       0x10 .pioenvs/bluepill_f103c8/libb45/libbootloader.a(bootloader.o)
 .rodata.target_flash_program_array.str1.4
                0x0000000008003b68       0x73 .pioenvs/bluepill_f103c8/libb45/libbootloader.a(target_stm32f103.o)
 *fill*         0x0000000008003bdb        0x1 
 .rodata.target_get_startup_mode.str1.4
                0x0000000008003bdc       0x19 .pioenvs/bluepill_f103c8/libb45/libbootloader.a(target_stm32f103.o)
 *fill*         0x0000000008003bf5        0x3 
 .rodata.validate_application.str1.4
                0x0000000008003bf8       0x19 .pioenvs/bluepill_f103c8/libb45/libbootloader.a(target_stm32f103.o)
                                         0x1d (size before relaxing)
 *fill*         0x0000000008003c11        0x3 
 .rodata.aggregate_callback.str1.4
                0x0000000008003c14        0x4 .pioenvs/bluepill_f103c8/libb45/libbootloader.a(usb_conf.o)
 .rodata.aggregate_register_callback.str1.4
                0x0000000008003c18       0x26 .pioenvs/bluepill_f103c8/libb45/libbootloader.a(usb_conf.o)
 *fill*         0x0000000008003c3e        0x2 
 .rodata.aggregate_register_config_callback.str1.4
                0x0000000008003c40       0x25 .pioenvs/bluepill_f103c8/libb45/libbootloader.a(usb_conf.o)
 *fill*         0x0000000008003c65        0x3 
 .rodata.bos_descriptor
                0x0000000008003c68        0x9 .pioenvs/bluepill_f103c8/libb45/libbootloader.a(usb_conf.o)
 *fill*         0x0000000008003c71        0x3 
 .rodata.cdc_iface_assoc
                0x0000000008003c74        0x8 .pioenvs/bluepill_f103c8/libb45/libbootloader.a(usb_conf.o)
 .rodata.cdcacm_functional_descriptors
                0x0000000008003c7c       0x13 .pioenvs/bluepill_f103c8/libb45/libbootloader.a(usb_conf.o)
 *fill*         0x0000000008003c8f        0x1 
 .rodata.comm_endp
                0x0000000008003c90        0xf .pioenvs/bluepill_f103c8/libb45/libbootloader.a(usb_conf.o)
 *fill*         0x0000000008003c9f        0x1 
 .rodata.comm_iface
                0x0000000008003ca0       0x15 .pioenvs/bluepill_f103c8/libb45/libbootloader.a(usb_conf.o)
 *fill*         0x0000000008003cb5        0x3 
 .rodata.config
                0x0000000008003cb8        0xd .pioenvs/bluepill_f103c8/libb45/libbootloader.a(usb_conf.o)
 *fill*         0x0000000008003cc5        0x3 
 .rodata.data_endp
                0x0000000008003cc8       0x1e .pioenvs/bluepill_f103c8/libb45/libbootloader.a(usb_conf.o)
 *fill*         0x0000000008003ce6        0x2 
 .rodata.data_iface
                0x0000000008003ce8       0x15 .pioenvs/bluepill_f103c8/libb45/libbootloader.a(usb_conf.o)
 *fill*         0x0000000008003cfd        0x3 
 .rodata.dev    0x0000000008003d00       0x12 .pioenvs/bluepill_f103c8/libb45/libbootloader.a(usb_conf.o)
 *fill*         0x0000000008003d12        0x2 
 .rodata.dump_buffer.str1.4
                0x0000000008003d14        0x4 .pioenvs/bluepill_f103c8/libb45/libbootloader.a(usb_conf.o)
                                          0x9 (size before relaxing)
 .rodata.dump_usb_request.str1.4
                0x0000000008003d18       0x90 .pioenvs/bluepill_f103c8/libb45/libbootloader.a(usb_conf.o)
 .rodata.hf2_endp
                0x0000000008003da8       0x1e .pioenvs/bluepill_f103c8/libb45/libbootloader.a(usb_conf.o)
 *fill*         0x0000000008003dc6        0x2 
 .rodata.hf2_iface
                0x0000000008003dc8       0x15 .pioenvs/bluepill_f103c8/libb45/libbootloader.a(usb_conf.o)
 *fill*         0x0000000008003ddd        0x3 
 .rodata.interfaces
                0x0000000008003de0       0x30 .pioenvs/bluepill_f103c8/libb45/libbootloader.a(usb_conf.o)
 .rodata.set_aggregate_callback.str1.4
                0x0000000008003e10       0x41 .pioenvs/bluepill_f103c8/libb45/libbootloader.a(usb_conf.o)
 *fill*         0x0000000008003e51        0x3 
 .rodata.str1.4
                0x0000000008003e54       0x86 .pioenvs/bluepill_f103c8/libb45/libbootloader.a(usb_conf.o)
 *fill*         0x0000000008003eda        0x2 
 .rodata.usb_setup.str1.4
                0x0000000008003edc       0x31 .pioenvs/bluepill_f103c8/libb45/libbootloader.a(usb_conf.o)
 *fill*         0x0000000008003f0d        0x3 
 .rodata.webusb_control_vendor_request.str1.4
                0x0000000008003f10       0x3f .pioenvs/bluepill_f103c8/libb45/libbootloader.a(webusb.o)
                                         0x43 (size before relaxing)
 *fill*         0x0000000008003f4f        0x1 
 .rodata.webusb_platform_capability_descriptor
                0x0000000008003f50       0x18 .pioenvs/bluepill_f103c8/libb45/libbootloader.a(webusb.o)
                0x0000000008003f50                webusb_platform_capability_descriptor
 .rodata.webusb_set_config.str1.4
                0x0000000008003f68       0x1d .pioenvs/bluepill_f103c8/libb45/libbootloader.a(webusb.o)
 *fill*         0x0000000008003f85        0x3 
 .rodata.webusb_setup.str1.4
                0x0000000008003f88       0x18 .pioenvs/bluepill_f103c8/libb45/libbootloader.a(webusb.o)
 .rodata.guid   0x0000000008003fa0       0x92 .pioenvs/bluepill_f103c8/libb45/libbootloader.a(winusb.o)
 *fill*         0x0000000008004032        0x2 
 .rodata.microsoft_platform_capability_descriptor
                0x0000000008004034       0x1c .pioenvs/bluepill_f103c8/libb45/libbootloader.a(winusb.o)
                0x0000000008004034                microsoft_platform_capability_descriptor
 .rodata.winusb_control_vendor_request.str1.4
                0x0000000008004050       0x17 .pioenvs/bluepill_f103c8/libb45/libbootloader.a(winusb.o)
 *fill*         0x0000000008004067        0x1 
 .rodata.winusb_descriptor_request.str1.4
                0x0000000008004068        0x6 .pioenvs/bluepill_f103c8/libb45/libbootloader.a(winusb.o)
 *fill*         0x000000000800406e        0x2 
 .rodata.winusb_set_config.str1.4
                0x0000000008004070       0x1d .pioenvs/bluepill_f103c8/libb45/libbootloader.a(winusb.o)
 *fill*         0x000000000800408d        0x3 
 .rodata.winusb_setup.str1.4
                0x0000000008004090       0x18 .pioenvs/bluepill_f103c8/libb45/libbootloader.a(winusb.o)
 .rodata.winusb_string_descriptor
                0x00000000080040a8       0x12 .pioenvs/bluepill_f103c8/libb45/libbootloader.a(winusb.o)
 *fill*         0x00000000080040ba        0x2 
 .rodata.cdc_setup.str1.4
                0x00000000080040bc       0x15 .pioenvs/bluepill_f103c8/libb45/libbootloader.a(cdc.o)
 *fill*         0x00000000080040d1        0x3 
 .rodata.cdcacm_comm_cb.str1.4
                0x00000000080040d4        0x5 .pioenvs/bluepill_f103c8/libb45/libbootloader.a(cdc.o)
 *fill*         0x00000000080040d9        0x3 
 .rodata.cdcacm_control_request.str1.4
                0x00000000080040dc       0x28 .pioenvs/bluepill_f103c8/libb45/libbootloader.a(cdc.o)
                                         0x31 (size before relaxing)
 .rodata.cdcacm_data_rx_cb.str1.4
                0x0000000008004104        0x6 .pioenvs/bluepill_f103c8/libb45/libbootloader.a(cdc.o)
 *fill*         0x000000000800410a        0x2 
 .rodata.cdcacm_set_config.str1.4
                0x000000000800410c       0x1d .pioenvs/bluepill_f103c8/libb45/libbootloader.a(cdc.o)
 *fill*         0x0000000008004129        0x3 
 .rodata.line_coding
                0x000000000800412c        0x7 .pioenvs/bluepill_f103c8/libb45/libbootloader.a(cdc.o)
 *fill*         0x0000000008004133        0x1 
 .rodata.assert.str1.4
                0x0000000008004134        0xc .pioenvs/bluepill_f103c8/libb45/libbootloader.a(hf2.o)
 .rodata.bad_packet_message
                0x0000000008004140        0xb .pioenvs/bluepill_f103c8/libb45/libbootloader.a(hf2.o)
 *fill*         0x000000000800414b        0x1 
 .rodata.handle_command.str1.4
                0x000000000800414c       0x89 .pioenvs/bluepill_f103c8/libb45/libbootloader.a(hf2.o)
                                         0x8d (size before relaxing)
 *fill*         0x00000000080041d5        0x3 
 .rodata.hf2_data_rx_cb.str1.4
                0x00000000080041d8        0xc .pioenvs/bluepill_f103c8/libb45/libbootloader.a(hf2.o)
 .rodata.hf2_set_config.str1.4
                0x00000000080041e4        0xb .pioenvs/bluepill_f103c8/libb45/libbootloader.a(hf2.o)
 *fill*         0x00000000080041ef        0x1 
 .rodata.hf2_setup.str1.4
                0x00000000080041f0       0x15 .pioenvs/bluepill_f103c8/libb45/libbootloader.a(hf2.o)
 *fill*         0x0000000008004205        0x3 
 .rodata.send_hf2_response.str1.4
                0x0000000008004208        0x7 .pioenvs/bluepill_f103c8/libb45/libbootloader.a(hf2.o)
 *fill*         0x000000000800420f        0x1 
 .rodata.usb21_set_config.str1.4
                0x0000000008004210       0x1c .pioenvs/bluepill_f103c8/libb45/libbootloader.a(usb21_standard.o)
 .rodata.usb21_setup.str1.4
                0x000000000800422c       0x17 .pioenvs/bluepill_f103c8/libb45/libbootloader.a(usb21_standard.o)
 *fill*         0x0000000008004243        0x1 
 .rodata.usb21_standard_get_descriptor.str1.4
                0x0000000008004244       0x24 .pioenvs/bluepill_f103c8/libb45/libbootloader.a(usb21_standard.o)
 .rodata.flushFlash.str1.4
                0x0000000008004268       0x20 .pioenvs/bluepill_f103c8/libb45/libbootloader.a(ghostfat.o)
                                         0x22 (size before relaxing)
 .rodata.infoUf2File
                0x0000000008004288       0x55 .pioenvs/bluepill_f103c8/libb45/libbootloader.a(ghostfat.o)
                0x0000000008004288                infoUf2File
                0x00000000080042e0                . = ALIGN (0x4)
 *fill*         0x00000000080042dd        0x3 
                0x00000000080042e0                _boot_etext = .

.text           0x0000000008004800     0x3808
                0x0000000008004800                . = ALIGN (0x4)
                0x0000000008004800                _text = .
 *(SORT_BY_ALIGNMENT(.text.application_start))
 .text.application_start
                0x0000000008004800       0x88 .pioenvs/bluepill_f103c8/lib739/libcm.a(application.o)
                0x0000000008004800                application_start
 *(SORT_BY_ALIGNMENT(.text.main))
 .text.main     0x0000000008004888       0x14 .pioenvs/bluepill_f103c8/src/main.o
                0x0000000008004888                main
 *(SORT_BY_ALIGNMENT(.text.startup.main))
 *(SORT_BY_ALIGNMENT(.text*))
 .text._ZN5codal14CodalComponent4initEv
                0x000000000800489c        0x8 .pioenvs/bluepill_f103c8/src/main.o
                0x000000000800489c                codal::CodalComponent::init()
 .text._ZL10debug_dumpRN5codal13STM32BluePillEPKc
                0x00000000080048a4       0x7c .pioenvs/bluepill_f103c8/src/main.o
 .text._Z41__static_initialization_and_destruction_0ii
                0x0000000008004920       0x30 .pioenvs/bluepill_f103c8/src/main.o
 .text._ZN5codal14CodalComponentD2Ev
                0x0000000008004950       0x18 .pioenvs/bluepill_f103c8/src/main.o
                0x0000000008004950                codal::CodalComponent::~CodalComponent()
                0x0000000008004950                codal::CodalComponent::~CodalComponent()
 .text._ZN5codal14CodalComponentD0Ev
                0x0000000008004968       0x20 .pioenvs/bluepill_f103c8/src/main.o
                0x0000000008004968                codal::CodalComponent::~CodalComponent()
 .text._Z10Blink_mainRN5codal13STM32BluePillE
                0x0000000008004988       0x70 .pioenvs/bluepill_f103c8/src/main.o
                0x0000000008004988                Blink_main(codal::STM32BluePill&)
 .text._ZN5codal13STM32BluePillD2Ev
                0x00000000080049f8       0x4c .pioenvs/bluepill_f103c8/src/main.o
                0x00000000080049f8                codal::STM32BluePill::~STM32BluePill()
                0x00000000080049f8                codal::STM32BluePill::~STM32BluePill()
 .text._ZN5codal13STM32BluePillD0Ev
                0x0000000008004a44       0x54 .pioenvs/bluepill_f103c8/src/main.o
                0x0000000008004a44                codal::STM32BluePill::~STM32BluePill()
 .text._Z41__static_initialization_and_destruction_0ii
                0x0000000008004a98       0x24 .pioenvs/bluepill_f103c8/src/uart.o
 .text._Z18component_callbackN5codal5EventE
                0x0000000008004abc       0x68 .pioenvs/bluepill_f103c8/lib3e7/libcodal-core.a(CodalComponent.o)
                0x0000000008004abc                component_callback(codal::Event)
 .text._ZN5codal14CodalComponent12addComponentEv
                0x0000000008004b24       0xcc .pioenvs/bluepill_f103c8/lib3e7/libcodal-core.a(CodalComponent.o)
                0x0000000008004b24                codal::CodalComponent::addComponent()
 .text._ZN5codal14CodalComponent15removeComponentEv
                0x0000000008004bf0       0x28 .pioenvs/bluepill_f103c8/lib3e7/libcodal-core.a(CodalComponent.o)
                0x0000000008004bf0                codal::CodalComponent::removeComponent()
 .text.codal_dmesg_flush
                0x0000000008004c18       0x10 .pioenvs/bluepill_f103c8/lib3e7/libcodal-core.a(CodalDmesg.o)
                0x0000000008004c18                codal_dmesg_flush
 .text._ZN5codal14scheduler_tickENS_5EventE
                0x0000000008004c28       0x3c .pioenvs/bluepill_f103c8/lib3e7/libcodal-core.a(CodalFiber.o)
                0x0000000008004c28                codal::scheduler_tick(codal::Event)
 .text._ZN5codal15scheduler_eventENS_5EventE
                0x0000000008004c64       0xc0 .pioenvs/bluepill_f103c8/lib3e7/libcodal-core.a(CodalFiber.o)
                0x0000000008004c64                codal::scheduler_event(codal::Event)
 .text._Z15getFiberContextv
                0x0000000008004d24       0x58 .pioenvs/bluepill_f103c8/lib3e7/libcodal-core.a(CodalFiber.o)
                0x0000000008004d24                getFiberContext()
 .text._ZL10handle_fobv
                0x0000000008004d7c       0x34 .pioenvs/bluepill_f103c8/lib3e7/libcodal-core.a(CodalFiber.o)
 .text._ZN5codal23fiber_scheduler_runningEv
                0x0000000008004db0       0x18 .pioenvs/bluepill_f103c8/lib3e7/libcodal-core.a(CodalFiber.o)
                0x0000000008004db0                codal::fiber_scheduler_running()
 .text._ZN5codal14scheduler_initERNS_10EventModelE
                0x0000000008004dc8      0x11c .pioenvs/bluepill_f103c8/lib3e7/libcodal-core.a(CodalFiber.o)
                0x0000000008004dc8                codal::scheduler_init(codal::EventModel&)
 .text._ZN5codal19fiber_wake_on_eventEtt
                0x0000000008004ee4       0x90 .pioenvs/bluepill_f103c8/lib3e7/libcodal-core.a(CodalFiber.o)
                0x0000000008004ee4                codal::fiber_wake_on_event(unsigned short, unsigned short)
 .text._Z14__create_fibermmmi
                0x0000000008004f74       0x68 .pioenvs/bluepill_f103c8/lib3e7/libcodal-core.a(CodalFiber.o)
                0x0000000008004f74                __create_fiber(unsigned long, unsigned long, unsigned long, int)
 .text._ZN5codal24scheduler_runqueue_emptyEv
                0x0000000008004fdc       0x10 .pioenvs/bluepill_f103c8/lib3e7/libcodal-core.a(CodalFiber.o)
                0x0000000008004fdc                codal::scheduler_runqueue_empty()
 .text._ZN5codal4idleEv
                0x0000000008004fec       0x44 .pioenvs/bluepill_f103c8/lib3e7/libcodal-core.a(CodalFiber.o)
                0x0000000008004fec                codal::idle()
 .text._ZN5codal8scheduleEv
                0x0000000008005030      0x1b8 .pioenvs/bluepill_f103c8/lib3e7/libcodal-core.a(CodalFiber.o)
                0x0000000008005030                codal::schedule()
 .text._ZN5codal11fiber_sleepEm
                0x00000000080051e8       0x38 .pioenvs/bluepill_f103c8/lib3e7/libcodal-core.a(CodalFiber.o)
                0x00000000080051e8                codal::fiber_sleep(unsigned long)
 .text._ZN5codal13release_fiberEv
                0x0000000008005220       0x70 .pioenvs/bluepill_f103c8/lib3e7/libcodal-core.a(CodalFiber.o)
                0x0000000008005220                codal::release_fiber()
 .text._ZN5codal6invokeEPFvPvES0_
                0x0000000008005290       0x90 .pioenvs/bluepill_f103c8/lib3e7/libcodal-core.a(CodalFiber.o)
                0x0000000008005290                codal::invoke(void (*)(void*), void*)
 .text._Z18device_create_heapmm
                0x0000000008005320       0x3c .pioenvs/bluepill_f103c8/lib3e7/libcodal-core.a(CodalHeapAllocator.o)
                0x0000000008005320                device_create_heap(unsigned long, unsigned long)
 .text.device_malloc
                0x000000000800535c       0x54 .pioenvs/bluepill_f103c8/lib3e7/libcodal-core.a(CodalHeapAllocator.o)
                0x000000000800535c                malloc
                0x000000000800535c                device_malloc
 .text.device_free
                0x00000000080053b0       0x44 .pioenvs/bluepill_f103c8/lib3e7/libcodal-core.a(CodalHeapAllocator.o)
                0x00000000080053b0                device_free
                0x00000000080053b0                free
 .text._ZN5codal6SerialC2ERNS_3PinES2_hht
                0x00000000080053f4       0x60 .pioenvs/bluepill_f103c8/lib3e7/libcodal-core.a(Serial.o)
                0x00000000080053f4                codal::Serial::Serial(codal::Pin&, codal::Pin&, unsigned char, unsigned char, unsigned short)
                0x00000000080053f4                codal::Serial::Serial(codal::Pin&, codal::Pin&, unsigned char, unsigned char, unsigned short)
 .text._ZN5codal6SerialD2Ev
                0x0000000008005454       0x28 .pioenvs/bluepill_f103c8/lib3e7/libcodal-core.a(Serial.o)
                0x0000000008005454                codal::Serial::~Serial()
                0x0000000008005454                codal::Serial::~Serial()
 .text._ZN5codal5TimerC2Ev
                0x000000000800547c       0x34 .pioenvs/bluepill_f103c8/lib3e7/libcodal-core.a(Timer.o)
                0x000000000800547c                codal::Timer::Timer()
                0x000000000800547c                codal::Timer::Timer()
 .text._ZN5codal25system_timer_current_timeEv
                0x00000000080054b0       0x18 .pioenvs/bluepill_f103c8/lib3e7/libcodal-core.a(Timer.o)
                0x00000000080054b0                codal::system_timer_current_time()
 .text._ZN5codal27system_timer_event_every_usEmtt
                0x00000000080054c8       0x24 .pioenvs/bluepill_f103c8/lib3e7/libcodal-core.a(Timer.o)
                0x00000000080054c8                codal::system_timer_event_every_us(unsigned long, unsigned short, unsigned short)
 .text._ZN5codal10EventModel4sendENS_5EventE
                0x00000000080054ec       0x14 .pioenvs/bluepill_f103c8/lib3e7/libcodal-core.a(MessageBus.o)
                0x00000000080054ec                codal::EventModel::send(codal::Event)
 .text._ZN5codal10EventModel3addEPNS_8ListenerE
                0x0000000008005500        0x8 .pioenvs/bluepill_f103c8/lib3e7/libcodal-core.a(MessageBus.o)
                0x0000000008005500                codal::EventModel::add(codal::Listener*)
 .text._ZN5codal10EventModel6removeEPNS_8ListenerE
                0x0000000008005508        0x8 .pioenvs/bluepill_f103c8/lib3e7/libcodal-core.a(MessageBus.o)
                0x0000000008005508                codal::EventModel::remove(codal::Listener*)
 .text._ZN5codal10MessageBus3addEPNS_8ListenerE
                0x0000000008005510       0xe8 .pioenvs/bluepill_f103c8/lib3e7/libcodal-core.a(MessageBus.o)
                0x0000000008005510                codal::MessageBus::add(codal::Listener*)
 .text._ZN5codal10MessageBus7processERNS_5EventEb
                0x00000000080055f8       0x88 .pioenvs/bluepill_f103c8/lib3e7/libcodal-core.a(MessageBus.o)
                0x00000000080055f8                codal::MessageBus::process(codal::Event&, bool)
 .text._ZN5codal19allocateNotifyEventEv
                0x0000000008005680       0x10 .pioenvs/bluepill_f103c8/lib3e7/libcodal-core.a(MessageBus.o)
                0x0000000008005680                codal::allocateNotifyEvent()
 .text._ZN5codal22MemberFunctionCallbackC2INS_10MessageBusEEEPT_MS3_FvNS_5EventEE
                0x0000000008005690       0x30 .pioenvs/bluepill_f103c8/lib3e7/libcodal-core.a(MessageBus.o)
                0x0000000008005690                codal::MemberFunctionCallback::MemberFunctionCallback<codal::MessageBus>(codal::MessageBus*, void (codal::MessageBus::*)(codal::Event))
                0x0000000008005690                codal::MemberFunctionCallback::MemberFunctionCallback<codal::MessageBus>(codal::MessageBus*, void (codal::MessageBus::*)(codal::Event))
 .text._ZN5codal10EventModel6listenINS_10MessageBusEEEittPT_MS3_FvNS_5EventEEt
                0x00000000080056c0       0x8c .pioenvs/bluepill_f103c8/lib3e7/libcodal-core.a(MessageBus.o)
                0x00000000080056c0                int codal::EventModel::listen<codal::MessageBus>(unsigned short, unsigned short, codal::MessageBus*, void (codal::MessageBus::*)(codal::Event), unsigned short)
 .text._ZN5codal10MessageBusC2Ev
                0x000000000800574c       0x74 .pioenvs/bluepill_f103c8/lib3e7/libcodal-core.a(MessageBus.o)
                0x000000000800574c                codal::MessageBus::MessageBus()
                0x000000000800574c                codal::MessageBus::MessageBus()
 .text._ZN5codal10MessageBusD2Ev
                0x00000000080057c0       0x50 .pioenvs/bluepill_f103c8/lib3e7/libcodal-core.a(MessageBus.o)
                0x00000000080057c0                codal::MessageBus::~MessageBus()
                0x00000000080057c0                codal::MessageBus::~MessageBus()
 .text._ZN5codal5Event4fireEv
                0x0000000008005810       0x1c .pioenvs/bluepill_f103c8/lib3e7/libcodal-core.a(Event.o)
                0x0000000008005810                codal::Event::fire()
 .text._ZN5codal13ManagedString9initEmptyEv
                0x000000000800582c        0xc .pioenvs/bluepill_f103c8/lib3e7/libcodal-core.a(ManagedString.o)
                0x000000000800582c                codal::ManagedString::initEmpty()
 .text._Z41__static_initialization_and_destruction_0ii
                0x0000000008005838       0x38 .pioenvs/bluepill_f103c8/lib3e7/libcodal-core.a(ManagedString.o)
 .text._ZN5codal4itoaEiPc
                0x0000000008005870       0x68 .pioenvs/bluepill_f103c8/lib3e7/libcodal-core.a(CodalCompat.o)
                0x0000000008005870                codal::itoa(int, char*)
 .text._ZN5codal3_cm3Pin14setAnalogValueEi
                0x00000000080058d8       0x20 .pioenvs/bluepill_f103c8/lib739/libcm.a(CmPin.o)
                0x00000000080058d8                codal::_cm::Pin::setAnalogValue(int)
 .text._ZN5codal3_cm3Pin9isTouchedEv
                0x00000000080058f8        0x8 .pioenvs/bluepill_f103c8/lib739/libcm.a(CmPin.o)
                0x00000000080058f8                codal::_cm::Pin::isTouched()
 .text._ZN5codal3_cm3Pin17getAnalogPeriodUsEv
                0x0000000008005900        0x8 .pioenvs/bluepill_f103c8/lib739/libcm.a(CmPin.o)
                0x0000000008005900                codal::_cm::Pin::getAnalogPeriodUs()
 .text._ZN5codal3_cm3Pin15getAnalogPeriodEv
                0x0000000008005908       0x18 .pioenvs/bluepill_f103c8/lib739/libcm.a(CmPin.o)
                0x0000000008005908                codal::_cm::Pin::getAnalogPeriod()
 .text._ZN5codal3_cm3Pin15setDigitalValueEi
                0x0000000008005920       0x88 .pioenvs/bluepill_f103c8/lib739/libcm.a(CmPin.o)
                0x0000000008005920                codal::_cm::Pin::setDigitalValue(int)
 .text._ZN5codal3_cm3PinC2EhmmtNS_13PinCapabilityE
                0x00000000080059a8       0x2c .pioenvs/bluepill_f103c8/lib739/libcm.a(CmPin.o)
                0x00000000080059a8                codal::_cm::Pin::Pin(unsigned char, unsigned long, unsigned long, unsigned short, codal::PinCapability)
                0x00000000080059a8                codal::_cm::Pin::Pin(unsigned char, unsigned long, unsigned long, unsigned short, codal::PinCapability)
 .text._ZN5codal3_cm3Pin13setServoValueEiii
                0x00000000080059d4       0x78 .pioenvs/bluepill_f103c8/lib739/libcm.a(CmPin.o)
                0x00000000080059d4                codal::_cm::Pin::setServoValue(int, int, int)
 .text._ZN5codal3_cm6SerialD2Ev
                0x0000000008005a4c       0x14 .pioenvs/bluepill_f103c8/lib739/libcm.a(CmSerial.o)
                0x0000000008005a4c                codal::_cm::Serial::~Serial()
                0x0000000008005a4c                codal::_cm::Serial::~Serial()
 .text._ZN5codal3_cm6SerialD0Ev
                0x0000000008005a60       0x1c .pioenvs/bluepill_f103c8/lib739/libcm.a(CmSerial.o)
                0x0000000008005a60                codal::_cm::Serial::~Serial()
 .text._ZN5codal3_cm6SerialC2ERNS0_3PinES3_hh
                0x0000000008005a7c       0x50 .pioenvs/bluepill_f103c8/lib739/libcm.a(CmSerial.o)
                0x0000000008005a7c                codal::_cm::Serial::Serial(codal::_cm::Pin&, codal::_cm::Pin&, unsigned char, unsigned char)
                0x0000000008005a7c                codal::_cm::Serial::Serial(codal::_cm::Pin&, codal::_cm::Pin&, unsigned char, unsigned char)
 .text._ZN5codal3_cm5TimerC2Ev
                0x0000000008005acc       0x20 .pioenvs/bluepill_f103c8/lib739/libcm.a(CmTimer.o)
                0x0000000008005acc                codal::_cm::Timer::Timer()
                0x0000000008005acc                codal::_cm::Timer::Timer()
 .text._ZL8pre_mainv
                0x0000000008005aec       0x48 .pioenvs/bluepill_f103c8/lib739/libcm.a(application.o)
 .text._ZN5codal13STM32BluePill4initEv
                0x0000000008005b34       0x78 .pioenvs/bluepill_f103c8/lib2eb/libmodel.a(STM32BluePill.o)
                0x0000000008005b34                codal::STM32BluePill::init()
 .text._ZN5codal13STM32BluePillC2Ev
                0x0000000008005bac       0xa8 .pioenvs/bluepill_f103c8/lib2eb/libmodel.a(STM32BluePill.o)
                0x0000000008005bac                codal::STM32BluePill::STM32BluePill()
                0x0000000008005bac                codal::STM32BluePill::STM32BluePill()
 .text._ZN5codal15STM32BluePillIOC2Ev
                0x0000000008005c54      0xb58 .pioenvs/bluepill_f103c8/lib2eb/libmodel.a(STM32BluePillIO.o)
                0x0000000008005c54                codal::STM32BluePillIO::STM32BluePillIO()
                0x0000000008005c54                codal::STM32BluePillIO::STM32BluePillIO()
 .text._Z41__static_initialization_and_destruction_0ii
                0x00000000080067ac       0x1c .pioenvs/bluepill_f103c8/lib33e/libuartint.a(uartint.o)
 .text.usart2_isr
                0x00000000080067c8       0x5c .pioenvs/bluepill_f103c8/lib33e/libuartint.a(uartint.o)
                0x00000000080067c8                usart2_isr
 .text._ZN5codal3_cm3I2CC2ERNS_3PinES3_
                0x0000000008006824       0x1c .pioenvs/bluepill_f103c8/lib739/libcm.a(CmI2C.o)
                0x0000000008006824                codal::_cm::I2C::I2C(codal::Pin&, codal::Pin&)
                0x0000000008006824                codal::_cm::I2C::I2C(codal::Pin&, codal::Pin&)
 .text._ZN5codal3_cm3SPI4initEv
                0x0000000008006840       0x5c .pioenvs/bluepill_f103c8/lib739/libcm.a(CmSPI.o)
                0x0000000008006840                codal::_cm::SPI::init()
 .text._ZN5codal3_cm3SPIC2ERNS0_3PinES3_S3_S3_
                0x000000000800689c       0x9c .pioenvs/bluepill_f103c8/lib739/libcm.a(CmSPI.o)
                0x000000000800689c                codal::_cm::SPI::SPI(codal::_cm::Pin&, codal::_cm::Pin&, codal::_cm::Pin&, codal::_cm::Pin&)
                0x000000000800689c                codal::_cm::SPI::SPI(codal::_cm::Pin&, codal::_cm::Pin&, codal::_cm::Pin&, codal::_cm::Pin&)
 .text.pinmap_peripheral
                0x0000000008006938       0x2c .pioenvs/bluepill_f103c8/lib739/libcm.a(CmPinMap.o)
                0x0000000008006938                pinmap_peripheral
 .text.pinmap_mode
                0x0000000008006964       0x28 .pioenvs/bluepill_f103c8/lib739/libcm.a(CmPinMap.o)
                0x0000000008006964                pinmap_mode
 .text.pinmap_cnf
                0x000000000800698c       0x28 .pioenvs/bluepill_f103c8/lib739/libcm.a(CmPinMap.o)
                0x000000000800698c                pinmap_cnf
 .text._ZN5codal3I2CC2ERNS_3PinES2_
                0x00000000080069b4        0xc .pioenvs/bluepill_f103c8/lib3e7/libcodal-core.a(I2C.o)
                0x00000000080069b4                codal::I2C::I2C(codal::Pin&, codal::Pin&)
                0x00000000080069b4                codal::I2C::I2C(codal::Pin&, codal::Pin&)
 .text._ZN5codal14CodalComponent16periodicCallbackEv
                0x00000000080069c0        0x2 .pioenvs/bluepill_f103c8/src/main.o
                0x00000000080069c0                codal::CodalComponent::periodicCallback()
 .text._ZN5codal14CodalComponent12idleCallbackEv
                0x00000000080069c2        0x2 .pioenvs/bluepill_f103c8/src/main.o
                0x00000000080069c2                codal::CodalComponent::idleCallback()
 .text._GLOBAL__sub_I_bluepill
                0x00000000080069c4        0xe .pioenvs/bluepill_f103c8/src/main.o
 .text._GLOBAL__sub_I_serialPort
                0x00000000080069d2        0xe .pioenvs/bluepill_f103c8/src/uart.o
 .text._ZN5codal11queue_fiberEPNS_5FiberEPS1_
                0x00000000080069e0       0x2e .pioenvs/bluepill_f103c8/lib3e7/libcodal-core.a(CodalFiber.o)
                0x00000000080069e0                codal::queue_fiber(codal::Fiber*, codal::Fiber**)
 .text._ZN5codal13dequeue_fiberEPNS_5FiberE
                0x0000000008006a0e       0x34 .pioenvs/bluepill_f103c8/lib3e7/libcodal-core.a(CodalFiber.o)
                0x0000000008006a0e                codal::dequeue_fiber(codal::Fiber*)
 .text._ZN5codal12create_fiberEPFvPvES0_S2_
                0x0000000008006a42       0x20 .pioenvs/bluepill_f103c8/lib3e7/libcodal-core.a(CodalFiber.o)
                0x0000000008006a42                codal::create_fiber(void (*)(void*), void*, void (*)(void*))
 .text._ZN5codal20fiber_wait_for_eventEtt
                0x0000000008006a62       0x14 .pioenvs/bluepill_f103c8/lib3e7/libcodal-core.a(CodalFiber.o)
                0x0000000008006a62                codal::fiber_wait_for_event(unsigned short, unsigned short)
 .text._ZN5codal16launch_new_fiberEPFvvES1_
                0x0000000008006a76        0xe .pioenvs/bluepill_f103c8/lib3e7/libcodal-core.a(CodalFiber.o)
                0x0000000008006a76                codal::launch_new_fiber(void (*)(), void (*)())
 .text._ZN5codal13release_fiberEPv
                0x0000000008006a84       0x10 .pioenvs/bluepill_f103c8/lib3e7/libcodal-core.a(CodalFiber.o)
                0x0000000008006a84                codal::release_fiber(void*)
 .text._ZN5codal22launch_new_fiber_paramEPFvPvES2_S0_
                0x0000000008006a94       0x18 .pioenvs/bluepill_f103c8/lib3e7/libcodal-core.a(CodalFiber.o)
                0x0000000008006a94                codal::launch_new_fiber_param(void (*)(void*), void (*)(void*), void*)
 .text._ZN5codal9idle_taskEv
                0x0000000008006aac        0xc .pioenvs/bluepill_f103c8/lib3e7/libcodal-core.a(CodalFiber.o)
                0x0000000008006aac                codal::idle_task()
 .text._Z16device_malloc_injR14HeapDefinition
                0x0000000008006ab8       0xa0 .pioenvs/bluepill_f103c8/lib3e7/libcodal-core.a(CodalHeapAllocator.o)
                0x0000000008006ab8                device_malloc_in(unsigned int, HeapDefinition&)
 .text._ZN5codal8ListenerC2EttPFvNS_5EventEEt
                0x0000000008006b58       0x28 .pioenvs/bluepill_f103c8/lib3e7/libcodal-core.a(CodalListener.o)
                0x0000000008006b58                codal::Listener::Listener(unsigned short, unsigned short, void (*)(codal::Event), unsigned short)
                0x0000000008006b58                codal::Listener::Listener(unsigned short, unsigned short, void (*)(codal::Event), unsigned short)
 .text._ZN5codal8ListenerD2Ev
                0x0000000008006b80       0x18 .pioenvs/bluepill_f103c8/lib3e7/libcodal-core.a(CodalListener.o)
                0x0000000008006b80                codal::Listener::~Listener()
                0x0000000008006b80                codal::Listener::~Listener()
 .text._ZN5codal8Listener5queueENS_5EventE
                0x0000000008006b98       0x62 .pioenvs/bluepill_f103c8/lib3e7/libcodal-core.a(CodalListener.o)
                0x0000000008006b98                codal::Listener::queue(codal::Event)
 .text._ZN5codal6Serial6lockRxEv
                0x0000000008006bfa        0xa .pioenvs/bluepill_f103c8/lib3e7/libcodal-core.a(Serial.o)
                0x0000000008006bfa                codal::Serial::lockRx()
 .text._ZN5codal6Serial8unlockRxEv
                0x0000000008006c04        0xa .pioenvs/bluepill_f103c8/lib3e7/libcodal-core.a(Serial.o)
                0x0000000008006c04                codal::Serial::unlockRx()
 .text._ZN5codal6Serial12initialiseRxEv
                0x0000000008006c0e       0x50 .pioenvs/bluepill_f103c8/lib3e7/libcodal-core.a(Serial.o)
                0x0000000008006c0e                codal::Serial::initialiseRx()
 .text._ZN5codal6Serial12circularCopyEPhhS1_tt
                0x0000000008006c5e       0x28 .pioenvs/bluepill_f103c8/lib3e7/libcodal-core.a(Serial.o)
                0x0000000008006c5e                codal::Serial::circularCopy(unsigned char*, unsigned char, unsigned char*, unsigned short, unsigned short)
 .text._ZN5codal6Serial7eventOnENS_13ManagedStringENS_10SerialModeE
                0x0000000008006c86       0x2a .pioenvs/bluepill_f103c8/lib3e7/libcodal-core.a(Serial.o)
                0x0000000008006c86                codal::Serial::eventOn(codal::ManagedString, codal::SerialMode)
 .text._ZN5codal6Serial7rxInUseEv
                0x0000000008006cb0        0x8 .pioenvs/bluepill_f103c8/lib3e7/libcodal-core.a(Serial.o)
                0x0000000008006cb0                codal::Serial::rxInUse()
 .text._ZN5codal6Serial9readUntilENS_13ManagedStringENS_10SerialModeE
                0x0000000008006cb8      0x1cc .pioenvs/bluepill_f103c8/lib3e7/libcodal-core.a(Serial.o)
                0x0000000008006cb8                codal::Serial::readUntil(codal::ManagedString, codal::SerialMode)
 .text._ZN5codal5Timer17disableInterruptsEv
                0x0000000008006e84        0xa .pioenvs/bluepill_f103c8/lib3e7/libcodal-core.a(Timer.o)
                0x0000000008006e84                codal::Timer::disableInterrupts()
 .text._ZN5codal5Timer16enableInterruptsEv
                0x0000000008006e8e        0xa .pioenvs/bluepill_f103c8/lib3e7/libcodal-core.a(Timer.o)
                0x0000000008006e8e                codal::Timer::enableInterrupts()
 .text._ZN5codal5Timer13getTimerEventEv
                0x0000000008006e98       0x24 .pioenvs/bluepill_f103c8/lib3e7/libcodal-core.a(Timer.o)
                0x0000000008006e98                codal::Timer::getTimerEvent()
 .text._ZN5codal5Timer7getTimeEv
                0x0000000008006ebc        0xe .pioenvs/bluepill_f103c8/lib3e7/libcodal-core.a(Timer.o)
                0x0000000008006ebc                codal::Timer::getTime()
 .text._ZN5codal5Timer9getTimeUsEv
                0x0000000008006eca        0xe .pioenvs/bluepill_f103c8/lib3e7/libcodal-core.a(Timer.o)
                0x0000000008006eca                codal::Timer::getTimeUs()
 .text._ZN5codal5Timer8setEventEmttb
                0x0000000008006ed8       0x6a .pioenvs/bluepill_f103c8/lib3e7/libcodal-core.a(Timer.o)
                0x0000000008006ed8                codal::Timer::setEvent(unsigned long, unsigned short, unsigned short, bool)
 .text._ZN5codal5Timer12eventEveryUsEmtt
                0x0000000008006f42       0x10 .pioenvs/bluepill_f103c8/lib3e7/libcodal-core.a(Timer.o)
                0x0000000008006f42                codal::Timer::eventEveryUs(unsigned long, unsigned short, unsigned short)
 .text._ZN5codal5Timer4syncEm
                0x0000000008006f52       0x24 .pioenvs/bluepill_f103c8/lib3e7/libcodal-core.a(Timer.o)
                0x0000000008006f52                codal::Timer::sync(unsigned long)
 .text._ZN5codal5TimerD2Ev
                0x0000000008006f76        0x2 .pioenvs/bluepill_f103c8/lib3e7/libcodal-core.a(Timer.o)
                0x0000000008006f76                codal::Timer::~Timer()
                0x0000000008006f76                codal::Timer::~Timer()
 .text._ZN5codal10MessageBus9elementAtEi
                0x0000000008006f78       0x10 .pioenvs/bluepill_f103c8/lib3e7/libcodal-core.a(MessageBus.o)
                0x0000000008006f78                codal::MessageBus::elementAt(int)
 .text._ZN5codal22MemberFunctionCallback10methodCallINS_10MessageBusEEEvPvPmNS_5EventE
                0x0000000008006f88       0x36 .pioenvs/bluepill_f103c8/lib3e7/libcodal-core.a(MessageBus.o)
                0x0000000008006f88                void codal::MemberFunctionCallback::methodCall<codal::MessageBus>(void*, unsigned long*, codal::Event)
 .text._Z14async_callbackPv
                0x0000000008006fbe       0x96 .pioenvs/bluepill_f103c8/lib3e7/libcodal-core.a(MessageBus.o)
                0x0000000008006fbe                async_callback(void*)
 .text._ZN5codal10MessageBus6removeEPNS_8ListenerE
                0x0000000008007054       0x76 .pioenvs/bluepill_f103c8/lib3e7/libcodal-core.a(MessageBus.o)
                0x0000000008007054                codal::MessageBus::remove(codal::Listener*)
 .text._ZN5codal10MessageBus12dequeueEventEv
                0x00000000080070ca       0x24 .pioenvs/bluepill_f103c8/lib3e7/libcodal-core.a(MessageBus.o)
                0x00000000080070ca                codal::MessageBus::dequeueEvent()
 .text._ZN5codal10MessageBus21deleteMarkedListenersEv
                0x00000000080070ee       0x4c .pioenvs/bluepill_f103c8/lib3e7/libcodal-core.a(MessageBus.o)
                0x00000000080070ee                codal::MessageBus::deleteMarkedListeners()
 .text._ZN5codal10MessageBus10queueEventERNS_5EventE
                0x000000000800713a       0x5e .pioenvs/bluepill_f103c8/lib3e7/libcodal-core.a(MessageBus.o)
                0x000000000800713a                codal::MessageBus::queueEvent(codal::Event&)
 .text._ZN5codal10MessageBus4sendENS_5EventE
                0x0000000008007198       0x18 .pioenvs/bluepill_f103c8/lib3e7/libcodal-core.a(MessageBus.o)
                0x0000000008007198                codal::MessageBus::send(codal::Event)
 .text._ZN5codal10MessageBus4idleENS_5EventE
                0x00000000080071b0       0x3e .pioenvs/bluepill_f103c8/lib3e7/libcodal-core.a(MessageBus.o)
                0x00000000080071b0                codal::MessageBus::idle(codal::Event)
 .text._ZN5codal8ListenerC2INS_10MessageBusEEEttPT_MS3_FvNS_5EventEEt
                0x00000000080071ee       0x3e .pioenvs/bluepill_f103c8/lib3e7/libcodal-core.a(MessageBus.o)
                0x00000000080071ee                codal::Listener::Listener<codal::MessageBus>(unsigned short, unsigned short, codal::MessageBus*, void (codal::MessageBus::*)(codal::Event), unsigned short)
                0x00000000080071ee                codal::Listener::Listener<codal::MessageBus>(unsigned short, unsigned short, codal::MessageBus*, void (codal::MessageBus::*)(codal::Event), unsigned short)
 .text._ZN5codal10EventModel6ignoreINS_10MessageBusEEEittPT_MS3_FvNS_5EventEE
                0x000000000800722c       0x44 .pioenvs/bluepill_f103c8/lib3e7/libcodal-core.a(MessageBus.o)
                0x000000000800722c                int codal::EventModel::ignore<codal::MessageBus>(unsigned short, unsigned short, codal::MessageBus*, void (codal::MessageBus::*)(codal::Event))
 .text._ZThn8_N5codal10MessageBusD1Ev
                0x0000000008007270        0x8 .pioenvs/bluepill_f103c8/lib3e7/libcodal-core.a(MessageBus.o)
                0x0000000008007270                non-virtual thunk to codal::MessageBus::~MessageBus()
 .text._ZN5codal10MessageBusD0Ev
                0x0000000008007278       0x12 .pioenvs/bluepill_f103c8/lib3e7/libcodal-core.a(MessageBus.o)
                0x0000000008007278                codal::MessageBus::~MessageBus()
 .text._ZThn8_N5codal10MessageBusD0Ev
                0x000000000800728a        0x8 .pioenvs/bluepill_f103c8/lib3e7/libcodal-core.a(MessageBus.o)
                0x000000000800728a                non-virtual thunk to codal::MessageBus::~MessageBus()
 .text._ZN5codal5EventC2Ev
                0x0000000008007292       0x14 .pioenvs/bluepill_f103c8/lib3e7/libcodal-core.a(Event.o)
                0x0000000008007292                codal::Event::Event()
                0x0000000008007292                codal::Event::Event()
 .text._ZN5codal5EventC2EttNS_15EventLaunchModeE
                0x00000000080072a6       0x1e .pioenvs/bluepill_f103c8/lib3e7/libcodal-core.a(Event.o)
                0x00000000080072a6                codal::Event::Event(unsigned short, unsigned short, codal::EventLaunchMode)
                0x00000000080072a6                codal::Event::Event(unsigned short, unsigned short, codal::EventLaunchMode)
 .text._ZN5codal14EventQueueItemC2ENS_5EventE