Archive member included to satisfy reference by file (symbol)

.pioenvs\bluepill_f103c8\libd0a\libcocoOS_5.0.3.a(os_event.o)
                              .pioenvs\bluepill_f103c8\src\wisol.o (event_create)
.pioenvs\bluepill_f103c8\libd0a\libcocoOS_5.0.3.a(os_kernel.o)
                              .pioenvs\bluepill_f103c8\src\uart.o (running_tid)
.pioenvs\bluepill_f103c8\libd0a\libcocoOS_5.0.3.a(os_msgqueue.o)
                              .pioenvs\bluepill_f103c8\libd0a\libcocoOS_5.0.3.a(os_kernel.o) (os_msgQ_init)
.pioenvs\bluepill_f103c8\libd0a\libcocoOS_5.0.3.a(os_sem.o)
                              .pioenvs\bluepill_f103c8\libd0a\libcocoOS_5.0.3.a(os_kernel.o) (os_sem_init)
.pioenvs\bluepill_f103c8\libd0a\libcocoOS_5.0.3.a(os_task.o)
                              .pioenvs\bluepill_f103c8\libd0a\libcocoOS_5.0.3.a(os_kernel.o) (os_task_init)
.pioenvs\bluepill_f103c8\libd0a\libcocoOS_5.0.3.a(os_assert.o)
                              .pioenvs\bluepill_f103c8\libd0a\libcocoOS_5.0.3.a(os_event.o) (os_on_assert)
.pioenvs\bluepill_f103c8\libd0a\libcocoOS_5.0.3.a(os_cbk.o)
                              .pioenvs\bluepill_f103c8\libd0a\libcocoOS_5.0.3.a(os_kernel.o) (os_cbkSleep)
.pioenvs\bluepill_f103c8\lib931\liblogger.a(logger.o)
                              .pioenvs\bluepill_f103c8\src\main.o (debug_flush)
.pioenvs\bluepill_f103c8\liba13\libnewlib.a(strlen.o)
                              .pioenvs\bluepill_f103c8\src\aggregate.o (strlen)
.pioenvs\bluepill_f103c8\liba13\libnewlib.a(strncat.o)
                              .pioenvs\bluepill_f103c8\src\wisol.o (strncat)
.pioenvs\bluepill_f103c8\liba13\libnewlib.a(strncmp.o)
                              .pioenvs\bluepill_f103c8\src\aggregate.o (strncmp)
.pioenvs\bluepill_f103c8\liba13\libnewlib.a(strncpy.o)
                              .pioenvs\bluepill_f103c8\src\aggregate.o (strncpy)
.pioenvs\bluepill_f103c8\liba13\libnewlib.a(strstr.o)
                              .pioenvs\bluepill_f103c8\src\wisol.o (strstr)
.pioenvs\bluepill_f103c8\lib0e4\libunity.a(unity.o)
                              .pioenvs\bluepill_f103c8\src\unit_test.o (UnityAssertEqualNumber)
.pioenvs\bluepill_f103c8\libc64\libnano-float.a(functions.o)
                              .pioenvs\bluepill_f103c8\src\unit_test.o (get_float_usage)
.pioenvs\bluepill_f103c8\lib24c\libcm.a(CmPin.o)
                              .pioenvs\bluepill_f103c8\src\main.o (codal::_cm::Pin::setDigitalValue(int))
.pioenvs\bluepill_f103c8\lib24c\libcm.a(codal_target_hal.o)
                              .pioenvs\bluepill_f103c8\src\main.o (target_enable_debug)
.pioenvs\bluepill_f103c8\lib635\libcodal-core.a(CodalCompat.o)
                              .pioenvs\bluepill_f103c8\lib24c\libcm.a(codal_target_hal.o) (codal::seed_random(unsigned long))
.pioenvs\bluepill_f103c8\lib635\libcodal-core.a(CodalDmesg.o)
                              .pioenvs\bluepill_f103c8\lib24c\libcm.a(codal_target_hal.o) (codal_dmesg_set_flush_fn)
.pioenvs\bluepill_f103c8\lib635\libcodal-core.a(CodalFiber.o)
                              .pioenvs\bluepill_f103c8\src\main.o (codal::fiber_sleep(unsigned long))
.pioenvs\bluepill_f103c8\lib635\libcodal-core.a(CodalHeapAllocator.o)
                              .pioenvs\bluepill_f103c8\lib24c\libcm.a(codal_target_hal.o) (malloc)
.pioenvs\bluepill_f103c8\lib635\libcodal-core.a(CodalListener.o)
                              .pioenvs\bluepill_f103c8\lib635\libcodal-core.a(CodalFiber.o) (codal::Listener::Listener(unsigned short, unsigned short, void (*)(codal::Event), unsigned short))
.pioenvs\bluepill_f103c8\lib635\libcodal-core.a(Timer.o)
                              .pioenvs\bluepill_f103c8\src\main.o (codal::Timer::getTime())
.pioenvs\bluepill_f103c8\lib635\libcodal-core.a(Event.o)
                              .pioenvs\bluepill_f103c8\lib635\libcodal-core.a(CodalListener.o) (codal::Event::Event())
.pioenvs\bluepill_f103c8\libff7\libbluepill.a(STM32BluePill.o)
                              .pioenvs\bluepill_f103c8\src\main.o (codal::STM32BluePill::init())
.pioenvs\bluepill_f103c8\libff7\libbluepill.a(STM32BluePillIO.o)
                              .pioenvs\bluepill_f103c8\libff7\libbluepill.a(STM32BluePill.o) (codal::STM32BluePillIO::STM32BluePillIO())
.pioenvs\bluepill_f103c8\libff7\libbluepill.a(bluepill.o)
                              .pioenvs\bluepill_f103c8\lib24c\libcm.a(codal_target_hal.o) (platform_setup)
.pioenvs\bluepill_f103c8\libff7\libbluepill.a(led.o)
                              .pioenvs\bluepill_f103c8\libff7\libbluepill.a(bluepill.o) (led_setup)
.pioenvs\bluepill_f103c8\libff7\libbluepill.a(timer.o)
                              .pioenvs\bluepill_f103c8\lib24c\libcm.a(codal_target_hal.o) (platform_start_timer)
.pioenvs\bluepill_f103c8\lib492\libuartint.a(uartint.o)
                              .pioenvs\bluepill_f103c8\src\uart.o (UARTInterface::UARTInterface(unsigned int, unsigned int))
[...]
Memory Configuration

Name             Origin             Length             Attributes
rom              0x08000000         0x00010000         xr
ram              0x20000000         0x00005000         xrw
*default*        0x00000000         0xffffffff

Linker script and memory map

LOAD asm/CortexContextSwitch.s.o
LOAD .pioenvs\bluepill_f103c8\src\aggregate.o
LOAD .pioenvs\bluepill_f103c8\src\downlink.o
LOAD .pioenvs\bluepill_f103c8\src\main.o
LOAD .pioenvs\bluepill_f103c8\src\sensor.o
LOAD .pioenvs\bluepill_f103c8\src\sensor_display.o
LOAD .pioenvs\bluepill_f103c8\src\uart.o
LOAD .pioenvs\bluepill_f103c8\src\unit_test.o
LOAD .pioenvs\bluepill_f103c8\src\wisol.o
LOAD .pioenvs\bluepill_f103c8\src\wstring.o
START GROUP
LOAD .pioenvs\bluepill_f103c8\libd0a\libcocoOS_5.0.3.a
LOAD .pioenvs\bluepill_f103c8\lib931\liblogger.a
LOAD .pioenvs\bluepill_f103c8\liba13\libnewlib.a
LOAD .pioenvs\bluepill_f103c8\lib0e4\libunity.a
LOAD .pioenvs\bluepill_f103c8\lib46d\libqfplib.a
LOAD .pioenvs\bluepill_f103c8\libc64\libnano-float.a
LOAD .pioenvs\bluepill_f103c8\lib24c\libcm.a
LOAD .pioenvs\bluepill_f103c8\lib635\libcodal-core.a
LOAD .pioenvs\bluepill_f103c8\libff7\libbluepill.a
LOAD .pioenvs\bluepill_f103c8\lib257\libsimulator.a
LOAD .pioenvs\bluepill_f103c8\lib743\libspiint.a
LOAD .pioenvs\bluepill_f103c8\lib59a\libi2cint.a
LOAD .pioenvs\bluepill_f103c8\libe9f\libporting.a
LOAD .pioenvs\bluepill_f103c8\lib167\libBME280.a
LOAD .pioenvs\bluepill_f103c8\lib7c6\libadcint.a
LOAD .pioenvs\bluepill_f103c8\lib6b9\libboost_config.a
LOAD .pioenvs\bluepill_f103c8\libd55\libboost_static_assert.a
LOAD .pioenvs\bluepill_f103c8\lib43c\libboost_type_traits.a
LOAD .pioenvs\bluepill_f103c8\libf2c\libboost_preprocessor.a
LOAD .pioenvs\bluepill_f103c8\lib95e\libboost_assert.a
LOAD .pioenvs\bluepill_f103c8\libb77\libboost_core.a
LOAD .pioenvs\bluepill_f103c8\libb93\libboost_detail.a
LOAD .pioenvs\bluepill_f103c8\lib2eb\libboost_predef.a
LOAD .pioenvs\bluepill_f103c8\lib0fe\libboost_utility.a
LOAD .pioenvs\bluepill_f103c8\libffd\libboost_mpl.a
LOAD .pioenvs\bluepill_f103c8\lib3f0\libboost_iterator.a
LOAD .pioenvs\bluepill_f103c8\lib337\libboost_parameter.a
LOAD .pioenvs\bluepill_f103c8\libcaf\libboost_lockfree.a
LOAD .pioenvs\bluepill_f103c8\lib492\libuartint.a
LOAD c:/users/guppy/.platformio/packages/toolchain-gccarmnoneeabi/bin/../lib/gcc/arm-none-eabi/7.2.1/thumb/v7-m\libgcc.a
LOAD .pioenvs\bluepill_f103c8\libFrameworkLibOpenCM3.a
END GROUP

.text           0x08000000     0x9e54
 *(SORT_BY_ALIGNMENT(.vectors))
 .vectors       0x08000000      0x150 .pioenvs\bluepill_f103c8\libFrameworkLibOpenCM3.a(vector.o)
                0x08000000                vector_table
 *(SORT_BY_ALIGNMENT(.text*))
 .text.test_fabs
                0x08000150      0x160 .pioenvs\bluepill_f103c8\src\unit_test.o
                0x08000150                test_fabs
 .text.test_aeabi_ddiv
                0x080002b0      0x19c .pioenvs\bluepill_f103c8\src\unit_test.o
                0x080002b0                test_aeabi_ddiv
 *fill*         0x0800044c        0x4 
 .text.test_aeabi_dmul
                0x08000450      0x19c .pioenvs\bluepill_f103c8\src\unit_test.o
                0x08000450                test_aeabi_dmul
 *fill*         0x080005ec        0x4 
 .text.test_aeabi_dcmpeq
                0x080005f0      0x1a4 .pioenvs\bluepill_f103c8\src\unit_test.o
                0x080005f0                test_aeabi_dcmpeq
 *fill*         0x08000794        0x4 
 .text.test_aeabi_dcmplt
                0x08000798      0x1a4 .pioenvs\bluepill_f103c8\src\unit_test.o
                0x08000798                test_aeabi_dcmplt
 *fill*         0x0800093c        0x4 
 .text.test_aeabi_dcmple
                0x08000940      0x1a4 .pioenvs\bluepill_f103c8\src\unit_test.o
                0x08000940                test_aeabi_dcmple
 *fill*         0x08000ae4        0x4 
 .text.test_aeabi_dcmpge
                0x08000ae8      0x1a4 .pioenvs\bluepill_f103c8\src\unit_test.o
                0x08000ae8                test_aeabi_dcmpge
 *fill*         0x08000c8c        0x4 
 .text.test_aeabi_dcmpgt
                0x08000c90      0x1a4 .pioenvs\bluepill_f103c8\src\unit_test.o
                0x08000c90                test_aeabi_dcmpgt
 *fill*         0x08000e34        0x4 
 .text.test_aeabi_dcmpun
                0x08000e38      0x1a4 .pioenvs\bluepill_f103c8\src\unit_test.o
                0x08000e38                test_aeabi_dcmpun
 *fill*         0x08000fdc        0x4 
 .text.test_aeabi_d2iz
                0x08000fe0       0x94 .pioenvs\bluepill_f103c8\src\unit_test.o
                0x08000fe0                test_aeabi_d2iz
 *fill*         0x08001074        0x4 
 .text.test_aeabi_d2uiz
                0x08001078       0x90 .pioenvs\bluepill_f103c8\src\unit_test.o
                0x08001078                test_aeabi_d2uiz
 .text.test_sqrt
                0x08001108       0xc8 .pioenvs\bluepill_f103c8\src\unit_test.o
                0x08001108                test_sqrt
 .text.test_log
                0x080011d0       0xd0 .pioenvs\bluepill_f103c8\src\unit_test.o
                0x080011d0                test_log
 .text.test_exp
                0x080012a0      0x128 .pioenvs\bluepill_f103c8\src\unit_test.o
                0x080012a0                test_exp
 .text.test_log2
                0x080013c8      0x10c .pioenvs\bluepill_f103c8\src\unit_test.o
                0x080013c8                test_log2
 *fill*         0x080014d4        0x4 
 .text.test_log10
                0x080014d8       0xd0 .pioenvs\bluepill_f103c8\src\unit_test.o
                0x080014d8                test_log10
 .text.test_pow
                0x080015a8      0x110 .pioenvs\bluepill_f103c8\src\unit_test.o
                0x080015a8                test_pow
 .text.test_ldexp
                0x080016b8       0xc4 .pioenvs\bluepill_f103c8\src\unit_test.o
                0x080016b8                test_ldexp
 *fill*         0x0800177c        0x4 
 .text.test_sin
                0x08001780      0x150 .pioenvs\bluepill_f103c8\src\unit_test.o
                0x08001780                test_sin
 .text.test_cos
                0x080018d0      0x158 .pioenvs\bluepill_f103c8\src\unit_test.o
                0x080018d0                test_cos
 .text.test_tan
                0x08001a28      0x148 .pioenvs\bluepill_f103c8\src\unit_test.o
                0x08001a28                test_tan
 .text.test_atan2
                0x08001b70      0x218 .pioenvs\bluepill_f103c8\src\unit_test.o
                0x08001b70                test_atan2
 .text.test_atan
                0x08001d88       0xc4 .pioenvs\bluepill_f103c8\src\unit_test.o
                0x08001d88                test_atan
 *fill*         0x08001e4c        0x4 
 .text.test_asin
                0x08001e50       0xa8 .pioenvs\bluepill_f103c8\src\unit_test.o
                0x08001e50                test_asin
 .text.test_acos
                0x08001ef8      0x174 .pioenvs\bluepill_f103c8\src\unit_test.o
                0x08001ef8                test_acos
 *fill*         0x0800206c        0x4 
 .text.test_sinh
                0x08002070      0x110 .pioenvs\bluepill_f103c8\src\unit_test.o
                0x08002070                test_sinh
 .text.test_cosh
                0x08002180      0x110 .pioenvs\bluepill_f103c8\src\unit_test.o
                0x08002180                test_cosh
 .text.test_tanh
                0x08002290      0x110 .pioenvs\bluepill_f103c8\src\unit_test.o
                0x08002290                test_tanh
 .text.test_asinh
                0x080023a0      0x110 .pioenvs\bluepill_f103c8\src\unit_test.o
                0x080023a0                test_asinh
 .text.test_acosh
                0x080024b0       0x90 .pioenvs\bluepill_f103c8\src\unit_test.o
                0x080024b0                test_acosh
 .text.test_atanh
                0x08002540       0xc8 .pioenvs\bluepill_f103c8\src\unit_test.o
                0x08002540                test_atanh
 .text.test_trunc
                0x08002608      0x178 .pioenvs\bluepill_f103c8\src\unit_test.o
                0x08002608                test_trunc
 .text.test_floor
                0x08002780      0x17c .pioenvs\bluepill_f103c8\src\unit_test.o
                0x08002780                test_floor
 *fill*         0x080028fc        0x4 
 .text.test_ceil
                0x08002900      0x17c .pioenvs\bluepill_f103c8\src\unit_test.o
                0x08002900                test_ceil
 *fill*         0x08002a7c        0x4 
 .text.test_fmod
                0x08002a80      0x1d8 .pioenvs\bluepill_f103c8\src\unit_test.o
                0x08002a80                test_fmod
 .text.UnityPrintFloat
                0x08002c58      0x344 .pioenvs\bluepill_f103c8\lib0e4\libunity.a(unity.o)
                0x08002c58                UnityPrintFloat
 *fill*         0x08002f9c        0x4 
 .text.acos     0x08002fa0       0xbc .pioenvs\bluepill_f103c8\libc64\libnano-float.a(functions.o)
                0x08002fa0                acos
 .text          0x0800305c      0x124 asm/CortexContextSwitch.s.o
                0x0800305c                swap_context
                0x080030de                save_context
                0x08003122                save_register_context
                0x08003152                restore_register_context
 .text._ZL10debug_dumpRN5codal13STM32BluePillEPKc
                0x08003180       0x7c .pioenvs\bluepill_f103c8\src\main.o
 .text._Z10Blink_mainRN5codal13STM32BluePillE
                0x080031fc       0x74 .pioenvs\bluepill_f103c8\src\main.o
                0x080031fc                Blink_main(codal::STM32BluePill&)
 .text.startup._GLOBAL__sub_I_serialPort
                0x08003270       0x10 .pioenvs\bluepill_f103c8\src\uart.o
 .text.test_aeabi_fdiv
                0x08003280      0x100 .pioenvs\bluepill_f103c8\src\unit_test.o
                0x08003280                test_aeabi_fdiv
 .text.test_nanofloat
                0x08003380      0x438 .pioenvs\bluepill_f103c8\src\unit_test.o
                0x08003380                test_nanofloat
 .text.os_event_init
                0x080037b8        0xc .pioenvs\bluepill_f103c8\libd0a\libcocoOS_5.0.3.a(os_event.o)
                0x080037b8                os_event_init
 .text.os_init  0x080037c4       0x34 .pioenvs\bluepill_f103c8\libd0a\libcocoOS_5.0.3.a(os_kernel.o)
                0x080037c4                os_init
 .text.os_msgQ_init
                0x080037f8       0x24 .pioenvs\bluepill_f103c8\libd0a\libcocoOS_5.0.3.a(os_msgqueue.o)
                0x080037f8                os_msgQ_init
 .text.os_sem_init
                0x0800381c        0xc .pioenvs\bluepill_f103c8\libd0a\libcocoOS_5.0.3.a(os_sem.o)
                0x0800381c                os_sem_init
 .text.os_task_init
                0x08003828       0x40 .pioenvs\bluepill_f103c8\libd0a\libcocoOS_5.0.3.a(os_task.o)
                0x08003828                os_task_init
 .text.enable_log
                0x08003868       0x18 .pioenvs\bluepill_f103c8\lib931\liblogger.a(logger.o)
                0x08003868                enable_log
 .text.debug_flush
                0x08003880       0x38 .pioenvs\bluepill_f103c8\lib931\liblogger.a(logger.o)
                0x08003880                debug_flush
 .text._ZL12debug_appendPKcj
                0x080038b8       0x50 .pioenvs\bluepill_f103c8\lib931\liblogger.a(logger.o)
 .text._Z11debug_printj
                0x08003908       0x7c .pioenvs\bluepill_f103c8\lib931\liblogger.a(logger.o)
                0x08003908                debug_print(unsigned int)
 .text._Z11debug_printi
                0x08003984       0x30 .pioenvs\bluepill_f103c8\lib931\liblogger.a(logger.o)
                0x08003984                debug_print(int)
 .text.debug_println
                0x080039b4       0x1c .pioenvs\bluepill_f103c8\lib931\liblogger.a(logger.o)
                0x080039b4                debug_println
 .text._Z13debug_printlni
                0x080039d0       0x18 .pioenvs\bluepill_f103c8\lib931\liblogger.a(logger.o)
                0x080039d0                debug_println(int)
 .text.UnityTestResultsBegin
                0x080039e8       0x30 .pioenvs\bluepill_f103c8\lib0e4\libunity.a(unity.o)
 .text.UnityTestResultsFailBegin
                0x08003a18       0x24 .pioenvs\bluepill_f103c8\lib0e4\libunity.a(unity.o)
 .text.UnityAddMsgIfSpecified
                0x08003a3c       0x50 .pioenvs\bluepill_f103c8\lib0e4\libunity.a(unity.o)
 .text.UnityConcludeTest
                0x08003a8c       0x44 .pioenvs\bluepill_f103c8\lib0e4\libunity.a(unity.o)
                0x08003a8c                UnityConcludeTest
 .text.UnityAssertEqualNumber
                0x08003ad0       0x58 .pioenvs\bluepill_f103c8\lib0e4\libunity.a(unity.o)
                0x08003ad0                UnityAssertEqualNumber
 .text.UnityAssertFloatsWithin
                0x08003b28       0x58 .pioenvs\bluepill_f103c8\lib0e4\libunity.a(unity.o)
                0x08003b28                UnityAssertFloatsWithin
 .text.UnityAssertDoublesWithin
                0x08003b80       0x60 .pioenvs\bluepill_f103c8\lib0e4\libunity.a(unity.o)
                0x08003b80                UnityAssertDoublesWithin
 .text.UnityDefaultTestRun
                0x08003be0       0x2c .pioenvs\bluepill_f103c8\lib0e4\libunity.a(unity.o)
                0x08003be0                UnityDefaultTestRun
 .text.UnityBegin
                0x08003c0c       0x20 .pioenvs\bluepill_f103c8\lib0e4\libunity.a(unity.o)
                0x08003c0c                UnityBegin
 .text.UnityEnd
                0x08003c2c       0x74 .pioenvs\bluepill_f103c8\lib0e4\libunity.a(unity.o)
                0x08003c2c                UnityEnd
 .text.get_float_usage
                0x08003ca0        0xc .pioenvs\bluepill_f103c8\libc64\libnano-float.a(functions.o)
                0x08003ca0                get_float_usage
 .text.__wrap___aeabi_ddiv
                0x08003cac       0x30 .pioenvs\bluepill_f103c8\libc64\libnano-float.a(functions.o)
                0x08003cac                __wrap___aeabi_ddiv
 .text.__wrap___aeabi_dmul
                0x08003cdc       0x30 .pioenvs\bluepill_f103c8\libc64\libnano-float.a(functions.o)
                0x08003cdc                __wrap___aeabi_dmul
 .text.__wrap___aeabi_dcmpeq
                0x08003d0c       0x34 .pioenvs\bluepill_f103c8\libc64\libnano-float.a(functions.o)
                0x08003d0c                __wrap___aeabi_dcmpeq
 .text.__wrap___aeabi_dcmplt
                0x08003d40       0x30 .pioenvs\bluepill_f103c8\libc64\libnano-float.a(functions.o)
                0x08003d40                __wrap___aeabi_dcmplt
 .text.__wrap___aeabi_dcmple
                0x08003d70       0x34 .pioenvs\bluepill_f103c8\libc64\libnano-float.a(functions.o)
                0x08003d70                __wrap___aeabi_dcmple
 .text.__wrap___aeabi_dcmpge
                0x08003da4       0x30 .pioenvs\bluepill_f103c8\libc64\libnano-float.a(functions.o)
                0x08003da4                __wrap___aeabi_dcmpge
 .text.__wrap___aeabi_dcmpgt
                0x08003dd4       0x34 .pioenvs\bluepill_f103c8\libc64\libnano-float.a(functions.o)
                0x08003dd4                __wrap___aeabi_dcmpgt
 .text.__wrap___aeabi_dcmpun
                0x08003e08       0x34 .pioenvs\bluepill_f103c8\libc64\libnano-float.a(functions.o)
                0x08003e08                __wrap___aeabi_dcmpun
 .text.__wrap___aeabi_fdiv
                0x08003e3c       0x10 .pioenvs\bluepill_f103c8\libc64\libnano-float.a(functions.o)
                0x08003e3c                __wrap___aeabi_fdiv
 .text.__wrap___aeabi_d2iz
                0x08003e4c       0x2c .pioenvs\bluepill_f103c8\libc64\libnano-float.a(functions.o)
                0x08003e4c                __wrap___aeabi_d2iz
 .text.__wrap___aeabi_d2uiz
                0x08003e78       0x38 .pioenvs\bluepill_f103c8\libc64\libnano-float.a(functions.o)
                0x08003e78                __wrap___aeabi_d2uiz
 .text.sqrt     0x08003eb0       0x1c .pioenvs\bluepill_f103c8\libc64\libnano-float.a(functions.o)
                0x08003eb0                sqrt
 .text.log      0x08003ecc       0x1c .pioenvs\bluepill_f103c8\libc64\libnano-float.a(functions.o)
                0x08003ecc                log
 .text.exp      0x08003ee8       0x1c .pioenvs\bluepill_f103c8\libc64\libnano-float.a(functions.o)
                0x08003ee8                exp
 .text.log2     0x08003f04       0x28 .pioenvs\bluepill_f103c8\libc64\libnano-float.a(functions.o)
                0x08003f04                log2
 .text.log10    0x08003f2c       0x28 .pioenvs\bluepill_f103c8\libc64\libnano-float.a(functions.o)
                0x08003f2c                log10
 .text.pow      0x08003f54       0x88 .pioenvs\bluepill_f103c8\libc64\libnano-float.a(functions.o)
                0x08003f54                pow
 .text.ldexp    0x08003fdc       0x40 .pioenvs\bluepill_f103c8\libc64\libnano-float.a(functions.o)
                0x08003fdc                ldexp
 .text.sin      0x0800401c       0x1c .pioenvs\bluepill_f103c8\libc64\libnano-float.a(functions.o)
                0x0800401c                sin
 .text.cos      0x08004038       0x34 .pioenvs\bluepill_f103c8\libc64\libnano-float.a(functions.o)
                0x08004038                cos
 .text.tan      0x0800406c       0x1c .pioenvs\bluepill_f103c8\libc64\libnano-float.a(functions.o)
                0x0800406c                tan
 .text.atan2    0x08004088       0x50 .pioenvs\bluepill_f103c8\libc64\libnano-float.a(functions.o)
                0x08004088                atan2
 .text.atan     0x080040d8       0xa8 .pioenvs\bluepill_f103c8\libc64\libnano-float.a(functions.o)
                0x080040d8                atan
 .text.asin     0x08004180       0x88 .pioenvs\bluepill_f103c8\libc64\libnano-float.a(functions.o)
                0x08004180                asin
 .text.sinh     0x08004208       0x94 .pioenvs\bluepill_f103c8\libc64\libnano-float.a(functions.o)
                0x08004208                sinh
 .text.cosh     0x0800429c       0x9c .pioenvs\bluepill_f103c8\libc64\libnano-float.a(functions.o)
                0x0800429c                cosh
 .text.tanh     0x08004338       0xac .pioenvs\bluepill_f103c8\libc64\libnano-float.a(functions.o)
                0x08004338                tanh
 .text.asinh    0x080043e4       0x94 .pioenvs\bluepill_f103c8\libc64\libnano-float.a(functions.o)
                0x080043e4                asinh
 .text.acosh    0x08004478       0xac .pioenvs\bluepill_f103c8\libc64\libnano-float.a(functions.o)
                0x08004478                acosh
 .text.atanh    0x08004524       0xbc .pioenvs\bluepill_f103c8\libc64\libnano-float.a(functions.o)
                0x08004524                atanh
 .text.trunc    0x080045e0       0x80 .pioenvs\bluepill_f103c8\libc64\libnano-float.a(functions.o)
                0x080045e0                trunc
 .text.floor    0x08004660       0x7c .pioenvs\bluepill_f103c8\libc64\libnano-float.a(functions.o)
                0x08004660                floor
 .text.ceil     0x080046dc       0x80 .pioenvs\bluepill_f103c8\libc64\libnano-float.a(functions.o)
                0x080046dc                ceil
 .text.fmod     0x0800475c      0x148 .pioenvs\bluepill_f103c8\libc64\libnano-float.a(functions.o)
                0x0800475c                fmod
 .text._ZN5codal3_cm3Pin14setAnalogValueEi
                0x080048a4       0x1c .pioenvs\bluepill_f103c8\lib24c\libcm.a(CmPin.o)
                0x080048a4                codal::_cm::Pin::setAnalogValue(int)
 .text._ZN5codal3_cm3Pin13setServoValueEiii
                0x080048c0       0x2c .pioenvs\bluepill_f103c8\lib24c\libcm.a(CmPin.o)
                0x080048c0                codal::_cm::Pin::setServoValue(int, int, int)
 .text._ZN5codal3_cm3Pin9isTouchedEv
                0x080048ec        0x8 .pioenvs\bluepill_f103c8\lib24c\libcm.a(CmPin.o)
                0x080048ec                codal::_cm::Pin::isTouched()
 .text._ZN5codal3_cm3Pin17getAnalogPeriodUsEv
                0x080048f4        0x8 .pioenvs\bluepill_f103c8\lib24c\libcm.a(CmPin.o)
                0x080048f4                codal::_cm::Pin::getAnalogPeriodUs()
 .text._ZN5codal3_cm3Pin15setDigitalValueEi
                0x080048fc       0x80 .pioenvs\bluepill_f103c8\lib24c\libcm.a(CmPin.o)
                0x080048fc                codal::_cm::Pin::setDigitalValue(int)
 .text._ZN5codal3_cm3PinC2EhmmtNS_13PinCapabilityE
                0x0800497c       0x2c .pioenvs\bluepill_f103c8\lib24c\libcm.a(CmPin.o)
                0x0800497c                codal::_cm::Pin::Pin(unsigned char, unsigned long, unsigned long, unsigned short, codal::PinCapability)
                0x0800497c                codal::_cm::Pin::Pin(unsigned char, unsigned long, unsigned long, unsigned short, codal::PinCapability)
 .text._ZL10timer_tickv
                0x080049a8       0x10 .pioenvs\bluepill_f103c8\lib24c\libcm.a(codal_target_hal.o)
 .text._ZL11timer_alarmv
                0x080049b8       0x10 .pioenvs\bluepill_f103c8\lib24c\libcm.a(codal_target_hal.o)
 .text._Z25stm32bluepill_dmesg_flushv
                0x080049c8       0x38 .pioenvs\bluepill_f103c8\lib24c\libcm.a(codal_target_hal.o)
                0x080049c8                stm32bluepill_dmesg_flush()
 .text.target_set_tick_callback
                0x08004a00        0xc .pioenvs\bluepill_f103c8\lib24c\libcm.a(codal_target_hal.o)
                0x08004a00                target_set_tick_callback
 .text.target_set_alarm_callback
                0x08004a0c        0xc .pioenvs\bluepill_f103c8\lib24c\libcm.a(codal_target_hal.o)
                0x08004a0c                target_set_alarm_callback
 .text.target_init
                0x08004a18       0x38 .pioenvs\bluepill_f103c8\lib24c\libcm.a(codal_target_hal.o)
                0x08004a18                target_init
 .text.target_wait
                0x08004a50       0x24 .pioenvs\bluepill_f103c8\lib24c\libcm.a(codal_target_hal.o)
                0x08004a50                target_wait
 .text.target_wait_us
                0x08004a74       0x2c .pioenvs\bluepill_f103c8\lib24c\libcm.a(codal_target_hal.o)
                0x08004a74                target_wait_us
 .text.target_panic
                0x08004aa0       0x20 .pioenvs\bluepill_f103c8\lib24c\libcm.a(codal_target_hal.o)
                0x08004aa0                target_panic
 .text.fiber_initial_stack_base
                0x08004ac0        0x8 .pioenvs\bluepill_f103c8\lib24c\libcm.a(codal_target_hal.o)
                0x08004ac0                fiber_initial_stack_base
 .text.test_codal
                0x08004ac8       0x70 .pioenvs\bluepill_f103c8\lib24c\libcm.a(codal_target_hal.o)
                0x08004ac8                test_codal
 .text.codal_dmesg_set_flush_fn
                0x08004b38        0xc .pioenvs\bluepill_f103c8\lib635\libcodal-core.a(CodalDmesg.o)
                0x08004b38                codal_dmesg_set_flush_fn
 .text.codal_dmesg_flush
                0x08004b44       0x10 .pioenvs\bluepill_f103c8\lib635\libcodal-core.a(CodalDmesg.o)
                0x08004b44                codal_dmesg_flush
 .text._ZN5codal10EventModel6listenEiiPFvNS_5EventEEt
                0x08004b54       0x60 .pioenvs\bluepill_f103c8\lib635\libcodal-core.a(CodalFiber.o)
                0x08004b54                codal::EventModel::listen(int, int, void (*)(codal::Event), unsigned short)
 .text._ZN5codal14scheduler_tickENS_5EventE
                0x08004bb4       0x38 .pioenvs\bluepill_f103c8\lib635\libcodal-core.a(CodalFiber.o)
                0x08004bb4                codal::scheduler_tick(codal::Event)
 .text._ZN5codal15scheduler_eventENS_5EventE
                0x08004bec       0xc0 .pioenvs\bluepill_f103c8\lib635\libcodal-core.a(CodalFiber.o)
                0x08004bec                codal::scheduler_event(codal::Event)
 .text._Z15getFiberContextv
                0x08004cac       0x50 .pioenvs\bluepill_f103c8\lib635\libcodal-core.a(CodalFiber.o)
                0x08004cac                getFiberContext()
 .text._ZL10handle_fobv
                0x08004cfc       0x2c .pioenvs\bluepill_f103c8\lib635\libcodal-core.a(CodalFiber.o)
 .text._ZN5codal23fiber_scheduler_runningEv
                0x08004d28       0x10 .pioenvs\bluepill_f103c8\lib635\libcodal-core.a(CodalFiber.o)
                0x08004d28                codal::fiber_scheduler_running()
 .text._ZN5codal14scheduler_initERNS_10EventModelE
                0x08004d38       0xac .pioenvs\bluepill_f103c8\lib635\libcodal-core.a(CodalFiber.o)
                0x08004d38                codal::scheduler_init(codal::EventModel&)
 .text._ZN5codal19fiber_wake_on_eventEtt
                0x08004de4       0x5c .pioenvs\bluepill_f103c8\lib635\libcodal-core.a(CodalFiber.o)
                0x08004de4                codal::fiber_wake_on_event(unsigned short, unsigned short)
 .text._Z14__create_fibermmmi
                0x08004e40       0x64 .pioenvs\bluepill_f103c8\lib635\libcodal-core.a(CodalFiber.o)
                0x08004e40                __create_fiber(unsigned long, unsigned long, unsigned long, int)
 .text._ZN5codal17verify_stack_sizeEPNS_5FiberE
                0x08004ea4       0x44 .pioenvs\bluepill_f103c8\lib635\libcodal-core.a(CodalFiber.o)
                0x08004ea4                codal::verify_stack_size(codal::Fiber*)
 .text._ZN5codal24scheduler_runqueue_emptyEv
                0x08004ee8       0x10 .pioenvs\bluepill_f103c8\lib635\libcodal-core.a(CodalFiber.o)
                0x08004ee8                codal::scheduler_runqueue_empty()
 .text._ZN5codal4idleEv
                0x08004ef8       0x3c .pioenvs\bluepill_f103c8\lib635\libcodal-core.a(CodalFiber.o)
                0x08004ef8                codal::idle()
 .text._ZN5codal8scheduleEv
                0x08004f34      0x108 .pioenvs\bluepill_f103c8\lib635\libcodal-core.a(CodalFiber.o)
                0x08004f34                codal::schedule()
 .text._ZN5codal11fiber_sleepEm
                0x0800503c       0x3c .pioenvs\bluepill_f103c8\lib635\libcodal-core.a(CodalFiber.o)
                0x0800503c                codal::fiber_sleep(unsigned long)
 .text._ZN5codal13release_fiberEv
                0x08005078       0x6c .pioenvs\bluepill_f103c8\lib635\libcodal-core.a(CodalFiber.o)
                0x08005078                codal::release_fiber()
 .text._ZN5codal6invokeEPFvPvES0_
                0x080050e4       0x80 .pioenvs\bluepill_f103c8\lib635\libcodal-core.a(CodalFiber.o)
                0x080050e4                codal::invoke(void (*)(void*), void*)
 .text._Z18device_create_heapmm
                0x08005164       0x3c .pioenvs\bluepill_f103c8\lib635\libcodal-core.a(CodalHeapAllocator.o)
                0x08005164                device_create_heap(unsigned long, unsigned long)
 .text.device_malloc
                0x080051a0       0x48 .pioenvs\bluepill_f103c8\lib635\libcodal-core.a(CodalHeapAllocator.o)
                0x080051a0                device_malloc
                0x080051a0                malloc
 .text.device_free
                0x080051e8       0x40 .pioenvs\bluepill_f103c8\lib635\libcodal-core.a(CodalHeapAllocator.o)
                0x080051e8                free
                0x080051e8                device_free
 .text._ZN5codal5TimerC2Ev
                0x08005228       0x34 .pioenvs\bluepill_f103c8\lib635\libcodal-core.a(Timer.o)
                0x08005228                codal::Timer::Timer()
                0x08005228                codal::Timer::Timer()
 .text._ZN5codal25system_timer_current_timeEv
                0x0800525c       0x10 .pioenvs\bluepill_f103c8\lib635\libcodal-core.a(Timer.o)
                0x0800525c                codal::system_timer_current_time()
 .text._ZN5codal27system_timer_event_every_usEmtt
                0x0800526c       0x24 .pioenvs\bluepill_f103c8\lib635\libcodal-core.a(Timer.o)
                0x0800526c                codal::system_timer_event_every_us(unsigned long, unsigned short, unsigned short)
 .text._ZN5codal5Event4fireEv
                0x08005290       0x20 .pioenvs\bluepill_f103c8\lib635\libcodal-core.a(Event.o)
                0x08005290                codal::Event::fire()
 .text._ZN5codal14CodalComponent4initEv
                0x080052b0        0x8 .pioenvs\bluepill_f103c8\libff7\libbluepill.a(STM32BluePill.o)
                0x080052b0                codal::CodalComponent::init()
 .text._ZN5codal14CodalComponentD2Ev
                0x080052b8       0x18 .pioenvs\bluepill_f103c8\libff7\libbluepill.a(STM32BluePill.o)
                0x080052b8                codal::CodalComponent::~CodalComponent()
                0x080052b8                codal::CodalComponent::~CodalComponent()
 .text._ZN5codal13STM32BluePill4initEv
                0x080052d0       0x4c .pioenvs\bluepill_f103c8\libff7\libbluepill.a(STM32BluePill.o)
                0x080052d0                codal::STM32BluePill::init()
 .text._ZN5codal13STM32BluePillC2Ev
                0x0800531c       0x98 .pioenvs\bluepill_f103c8\libff7\libbluepill.a(STM32BluePill.o)
                0x0800531c                codal::STM32BluePill::STM32BluePill()
                0x0800531c                codal::STM32BluePill::STM32BluePill()
 .text._ZN5codal13STM32BluePillD2Ev
                0x080053b4       0x40 .pioenvs\bluepill_f103c8\libff7\libbluepill.a(STM32BluePill.o)
                0x080053b4                codal::STM32BluePill::~STM32BluePill()
                0x080053b4                codal::STM32BluePill::~STM32BluePill()
 .text._ZN5codal15STM32BluePillIOC2Ev
                0x080053f4      0xaf0 .pioenvs\bluepill_f103c8\libff7\libbluepill.a(STM32BluePillIO.o)
                0x080053f4                codal::STM32BluePillIO::STM32BluePillIO()
                0x080053f4                codal::STM32BluePillIO::STM32BluePillIO()
 .text.platform_setup
                0x08005ee4       0x4c .pioenvs\bluepill_f103c8\libff7\libbluepill.a(bluepill.o)
                0x08005ee4                platform_setup
 .text.enable_debug
                0x08005f30       0x10 .pioenvs\bluepill_f103c8\libff7\libbluepill.a(bluepill.o)
                0x08005f30                enable_debug
 .text.led_setup
                0x08005f40       0x20 .pioenvs\bluepill_f103c8\libff7\libbluepill.a(led.o)
                0x08005f40                led_setup
 .text.led_on   0x08005f60       0x10 .pioenvs\bluepill_f103c8\libff7\libbluepill.a(led.o)
                0x08005f60                led_on
 .text.led_off  0x08005f70       0x10 .pioenvs\bluepill_f103c8\libff7\libbluepill.a(led.o)
                0x08005f70                led_off
 .text.led_wait
                0x08005f80       0x10 .pioenvs\bluepill_f103c8\libff7\libbluepill.a(led.o)
                0x08005f80                led_wait
 .text.platform_start_timer
                0x08005f90      0x118 .pioenvs\bluepill_f103c8\libff7\libbluepill.a(timer.o)
                0x08005f90                platform_start_timer
 .text.rtc_isr  0x080060a8       0x30 .pioenvs\bluepill_f103c8\libff7\libbluepill.a(timer.o)
                0x080060a8                rtc_isr
 .text.rtc_alarm_isr
                0x080060d8       0x30 .pioenvs\bluepill_f103c8\libff7\libbluepill.a(timer.o)
                0x080060d8                rtc_alarm_isr
 .text.platform_alarm_count
                0x08006108        0xc .pioenvs\bluepill_f103c8\libff7\libbluepill.a(timer.o)
                0x08006108                platform_alarm_count
 .text.platform_tick_count
                0x08006114        0xc .pioenvs\bluepill_f103c8\libff7\libbluepill.a(timer.o)
                0x08006114                platform_tick_count
 .text.usart2_isr
                0x08006120       0x50 .pioenvs\bluepill_f103c8\lib492\libuartint.a(uartint.o)
                0x08006120                usart2_isr
 .text.startup._GLOBAL__sub_I__ZN13UARTInterfaceC2Ejj
                0x08006170       0x10 .pioenvs\bluepill_f103c8\lib492\libuartint.a(uartint.o)
 .text          0x08006180      0x378 c:/users/guppy/.platformio/packages/toolchain-gccarmnoneeabi/bin/../lib/gcc/arm-none-eabi/7.2.1/thumb/v7-m\libgcc.a(_arm_addsubdf3.o)
                0x08006180                __aeabi_drsub
                0x08006188                __aeabi_dsub
                0x08006188                __subdf3
                0x0800618c                __aeabi_dadd
                0x0800618c                __adddf3
                0x08006404                __floatunsidf
                0x08006404                __aeabi_ui2d
                0x08006424                __floatsidf
                0x08006424                __aeabi_i2d
                0x08006448                __aeabi_f2d
                0x08006448                __extendsfdf2
                0x0800648c                __floatundidf
                0x0800648c                __aeabi_ul2d
                0x0800649c                __floatdidf
                0x0800649c                __aeabi_l2d
 .text          0x080064f8      0x424 c:/users/guppy/.platformio/packages/toolchain-gccarmnoneeabi/bin/../lib/gcc/arm-none-eabi/7.2.1/thumb/v7-m\libgcc.a(_arm_muldivdf3.o)
                0x080064f8                __aeabi_dmul
                0x080064f8                __muldf3
                0x0800674c                __divdf3
                0x0800674c                __aeabi_ddiv
 .text          0x0800691c      0x110 c:/users/guppy/.platformio/packages/toolchain-gccarmnoneeabi/bin/../lib/gcc/arm-none-eabi/7.2.1/thumb/v7-m\libgcc.a(_arm_cmpdf2.o)
                0x0800691c                __gtdf2
                0x0800691c                __gedf2
                0x08006924                __ltdf2
                0x08006924                __ledf2
                0x0800692c                __nedf2
                0x0800692c                __eqdf2
                0x0800692c                __cmpdf2
                0x080069a8                __aeabi_cdrcmple
                0x080069b8                __aeabi_cdcmpeq
                0x080069b8                __aeabi_cdcmple
                0x080069c8                __aeabi_dcmpeq
                0x080069dc                __aeabi_dcmplt
                0x080069f0                __aeabi_dcmple
                0x08006a04                __aeabi_dcmpge
                0x08006a18                __aeabi_dcmpgt
 .text          0x08006a2c       0x2c c:/users/guppy/.platformio/packages/toolchain-gccarmnoneeabi/bin/../lib/gcc/arm-none-eabi/7.2.1/thumb/v7-m\libgcc.a(_arm_unorddf2.o)
                0x08006a2c                __unorddf2
                0x08006a2c                __aeabi_dcmpun
 .text          0x08006a58       0x50 c:/users/guppy/.platformio/packages/toolchain-gccarmnoneeabi/bin/../lib/gcc/arm-none-eabi/7.2.1/thumb/v7-m\libgcc.a(_arm_fixdfsi.o)
                0x08006a58                __aeabi_d2iz
                0x08006a58                __fixdfsi
 .text          0x08006aa8       0xa0 c:/users/guppy/.platformio/packages/toolchain-gccarmnoneeabi/bin/../lib/gcc/arm-none-eabi/7.2.1/thumb/v7-m\libgcc.a(_arm_truncdfsf2.o)
                0x08006aa8                __truncdfsf2
                0x08006aa8                __aeabi_d2f
 .text          0x08006b48      0x21c c:/users/guppy/.platformio/packages/toolchain-gccarmnoneeabi/bin/../lib/gcc/arm-none-eabi/7.2.1/thumb/v7-m\libgcc.a(_arm_addsubsf3.o)
                0x08006b48                __aeabi_frsub
                0x08006b50                __subsf3
                0x08006b50                __aeabi_fsub
                0x08006b54                __aeabi_fadd
                0x08006b54                __addsf3
                0x08006cb4                __aeabi_ui2f
                0x08006cb4                __floatunsisf
                0x08006cbc                __aeabi_i2f
                0x08006cbc                __floatsisf
                0x08006cd8                __aeabi_ul2f
                0x08006cd8                __floatundisf
                0x08006ce8                __aeabi_l2f
                0x08006ce8                __floatdisf
 .text          0x08006d64      0x2a0 c:/users/guppy/.platformio/packages/toolchain-gccarmnoneeabi/bin/../lib/gcc/arm-none-eabi/7.2.1/thumb/v7-m\libgcc.a(_arm_muldivsf3.o)
                0x08006d64                __mulsf3
                0x08006d64                __aeabi_fmul
                0x08006ecc                __aeabi_fdiv
                0x08006ecc                __divsf3
 .text          0x08007004       0xec c:/users/guppy/.platformio/packages/toolchain-gccarmnoneeabi/bin/../lib/gcc/arm-none-eabi/7.2.1/thumb/v7-m\libgcc.a(_arm_cmpsf2.o)
                0x08007004                __gesf2
                0x08007004                __gtsf2
                0x0800700c                __lesf2
                0x0800700c                __ltsf2
                0x08007014                __nesf2
                0x08007014                __eqsf2
                0x08007014                __cmpsf2
                0x08007074                __aeabi_cfrcmple
                0x0800707c                __aeabi_cfcmpeq
                0x0800707c                __aeabi_cfcmple
                0x0800708c                __aeabi_fcmpeq
                0x080070a0                __aeabi_fcmplt
                0x080070b4                __aeabi_fcmple
                0x080070c8                __aeabi_fcmpge
                0x080070dc                __aeabi_fcmpgt
 .text.rcc_osc_on.part.0
                0x080070f0       0x10 .pioenvs\bluepill_f103c8\libFrameworkLibOpenCM3.a(rcc.o)
 .text.rcc_wait_for_osc_ready
                0x08007100       0x64 .pioenvs\bluepill_f103c8\libFrameworkLibOpenCM3.a(rcc.o)
                0x08007100                rcc_wait_for_osc_ready
 .text.rcc_osc_on
                0x08007164       0x54 .pioenvs\bluepill_f103c8\libFrameworkLibOpenCM3.a(rcc.o)
                0x08007164                rcc_osc_on
 .text.rcc_set_sysclk_source
                0x080071b8       0x14 .pioenvs\bluepill_f103c8\libFrameworkLibOpenCM3.a(rcc.o)
                0x080071b8                rcc_set_sysclk_source
 .text.rcc_set_pll_multiplication_factor
                0x080071cc       0x14 .pioenvs\bluepill_f103c8\libFrameworkLibOpenCM3.a(rcc.o)
                0x080071cc                rcc_set_pll_multiplication_factor
 .text.rcc_set_pll_source
                0x080071e0       0x14 .pioenvs\bluepill_f103c8\libFrameworkLibOpenCM3.a(rcc.o)
                0x080071e0                rcc_set_pll_source
 .text.rcc_set_pllxtpre
                0x080071f4       0x14 .pioenvs\bluepill_f103c8\libFrameworkLibOpenCM3.a(rcc.o)
                0x080071f4                rcc_set_pllxtpre
 .text.rcc_enable_rtc_clock
                0x08007208       0x10 .pioenvs\bluepill_f103c8\libFrameworkLibOpenCM3.a(rcc.o)
                0x08007208                rcc_enable_rtc_clock
 .text.rcc_set_rtc_clock_source
                0x08007218       0x90 .pioenvs\bluepill_f103c8\libFrameworkLibOpenCM3.a(rcc.o)
                0x08007218                rcc_set_rtc_clock_source
 .text.rcc_set_adcpre
                0x080072a8       0x14 .pioenvs\bluepill_f103c8\libFrameworkLibOpenCM3.a(rcc.o)
                0x080072a8                rcc_set_adcpre
 .text.rcc_set_ppre2
                0x080072bc       0x14 .pioenvs\bluepill_f103c8\libFrameworkLibOpenCM3.a(rcc.o)
                0x080072bc                rcc_set_ppre2
 .text.rcc_set_ppre1
                0x080072d0       0x14 .pioenvs\bluepill_f103c8\libFrameworkLibOpenCM3.a(rcc.o)
                0x080072d0                rcc_set_ppre1
 .text.rcc_set_hpre
                0x080072e4       0x14 .pioenvs\bluepill_f103c8\libFrameworkLibOpenCM3.a(rcc.o)
                0x080072e4                rcc_set_hpre
 .text.rcc_clock_setup_in_hse_8mhz_out_72mhz
                0x080072f8       0x8c .pioenvs\bluepill_f103c8\libFrameworkLibOpenCM3.a(rcc.o)
                0x080072f8                rcc_clock_setup_in_hse_8mhz_out_72mhz
 .text.rtc_enter_config_mode
                0x08007384       0x18 .pioenvs\bluepill_f103c8\libFrameworkLibOpenCM3.a(rtc.o)
                0x08007384                rtc_enter_config_mode
 .text.rtc_exit_config_mode
                0x0800739c       0x18 .pioenvs\bluepill_f103c8\libFrameworkLibOpenCM3.a(rtc.o)
                0x0800739c                rtc_exit_config_mode
 .text.rtc_set_alarm_time
                0x080073b4       0x20 .pioenvs\bluepill_f103c8\libFrameworkLibOpenCM3.a(rtc.o)
                0x080073b4                rtc_set_alarm_time
 .text.rtc_set_prescale_val
                0x080073d4       0x20 .pioenvs\bluepill_f103c8\libFrameworkLibOpenCM3.a(rtc.o)
                0x080073d4                rtc_set_prescale_val
 .text.rtc_get_counter_val
                0x080073f4       0x14 .pioenvs\bluepill_f103c8\libFrameworkLibOpenCM3.a(rtc.o)
                0x080073f4                rtc_get_counter_val
 .text.rtc_set_counter_val
                0x08007408       0x1c .pioenvs\bluepill_f103c8\libFrameworkLibOpenCM3.a(rtc.o)
                0x08007408                rtc_set_counter_val
 .text.rtc_interrupt_enable
                0x08007424       0x3c .pioenvs\bluepill_f103c8\libFrameworkLibOpenCM3.a(rtc.o)
                0x08007424                rtc_interrupt_enable
 .text.rtc_interrupt_disable
                0x08007460       0x3c .pioenvs\bluepill_f103c8\libFrameworkLibOpenCM3.a(rtc.o)
                0x08007460                rtc_interrupt_disable
 .text.rtc_clear_flag
                0x0800749c       0x30 .pioenvs\bluepill_f103c8\libFrameworkLibOpenCM3.a(rtc.o)
                0x0800749c                rtc_clear_flag
 .text.rtc_check_flag
                0x080074cc       0x30 .pioenvs\bluepill_f103c8\libFrameworkLibOpenCM3.a(rtc.o)
                0x080074cc                rtc_check_flag
 .text.pwr_disable_backup_domain_write_protect
                0x080074fc       0x10 .pioenvs\bluepill_f103c8\libFrameworkLibOpenCM3.a(pwr_common_all.o)
                0x080074fc                pwr_disable_backup_domain_write_protect
 .text.exti_set_trigger
                0x0800750c       0x3c .pioenvs\bluepill_f103c8\libFrameworkLibOpenCM3.a(exti_common_all.o)
                0x0800750c                exti_set_trigger
 .text.exti_enable_request
                0x08007548       0x14 .pioenvs\bluepill_f103c8\libFrameworkLibOpenCM3.a(exti_common_all.o)
                0x08007548                exti_enable_request
 .text.exti_reset_request
                0x0800755c        0xc .pioenvs\bluepill_f103c8\libFrameworkLibOpenCM3.a(exti_common_all.o)
                0x0800755c                exti_reset_request
 .text.flash_set_ws
                0x08007568       0x14 .pioenvs\bluepill_f103c8\libFrameworkLibOpenCM3.a(flash_common_f01.o)
                0x08007568                flash_set_ws
 .text.reset_handler
                0x0800757c       0x90 .pioenvs\bluepill_f103c8\libFrameworkLibOpenCM3.a(vector.o)
                0x0800757c                reset_handler
 .text          0x0800760c      0x4c8 .pioenvs\bluepill_f103c8\lib46d\libqfplib.a(qfplib.o)
                0x080076d4                qfp_fsub
                0x080076da                qfp_fadd
                0x0800771c                qfp_fcmp
                0x08007738                qfp_fmul
                0x08007748                qfp_fdiv
                0x0800778a                qfp_fdiv_fast
                0x080077da                qfp_fsqrt_fast
                0x08007850                qfp_float2int
                0x08007852                qfp_float2fix
                0x0800787a                qfp_float2uint
                0x0800787c                qfp_float2ufix
                0x08007896                qfp_int2float
                0x08007898                qfp_fix2float
                0x080078a2                qfp_uint2float
                0x080078a4                qfp_ufix2float
                0x0800793a                qfp_fsin
                0x0800797c                qfp_fcos
                0x08007986                qfp_ftan
                0x0800798e                qfp_fexp
                0x080079be                qfp_fsqrt
                0x080079f8                qfp_fln
                0x08007a1c                qfp_fatan2
 .text._ZN5codal3_cm3I2CC2ERNS_3PinES3_
                0x08007ad4       0x1c .pioenvs\bluepill_f103c8\lib24c\libcm.a(CmI2C.o)
                0x08007ad4                codal::_cm::I2C::I2C(codal::Pin&, codal::Pin&)
                0x08007ad4                codal::_cm::I2C::I2C(codal::Pin&, codal::Pin&)
 .text._ZN5codal3_cm3SPI4initEv
                0x08007af0       0x5c .pioenvs\bluepill_f103c8\lib24c\libcm.a(CmSPI.o)
                0x08007af0                codal::_cm::SPI::init()
 .text._ZN5codal3_cm3SPIC2ERNS0_3PinES3_S3_S3_
                0x08007b4c       0x9c .pioenvs\bluepill_f103c8\lib24c\libcm.a(CmSPI.o)
                0x08007b4c                codal::_cm::SPI::SPI(codal::_cm::Pin&, codal::_cm::Pin&, codal::_cm::Pin&, codal::_cm::Pin&)
                0x08007b4c                codal::_cm::SPI::SPI(codal::_cm::Pin&, codal::_cm::Pin&, codal::_cm::Pin&, codal::_cm::Pin&)
 .text._ZN5codal3_cm6SerialD2Ev
                0x08007be8       0x14 .pioenvs\bluepill_f103c8\lib24c\libcm.a(CmSerial.o)
                0x08007be8                codal::_cm::Serial::~Serial()
                0x08007be8                codal::_cm::Serial::~Serial()
 .text._ZN5codal3_cm6SerialC2ERNS0_3PinES3_hh
                0x08007bfc       0x4c .pioenvs\bluepill_f103c8\lib24c\libcm.a(CmSerial.o)
                0x08007bfc                codal::_cm::Serial::Serial(codal::_cm::Pin&, codal::_cm::Pin&, unsigned char, unsigned char)
                0x08007bfc                codal::_cm::Serial::Serial(codal::_cm::Pin&, codal::_cm::Pin&, unsigned char, unsigned char)
 .text._ZN5codal3_cm13tick_callbackEv
                0x08007c48       0x10 .pioenvs\bluepill_f103c8\lib24c\libcm.a(CmTimer.o)
                0x08007c48                codal::_cm::tick_callback()
 .text._ZN5codal3_cm5Timer4initEv
                0x08007c58       0x2c .pioenvs\bluepill_f103c8\lib24c\libcm.a(CmTimer.o)
                0x08007c58                codal::_cm::Timer::init()
 .text._ZN5codal3_cm5TimerC2Ev
                0x08007c84       0x28 .pioenvs\bluepill_f103c8\lib24c\libcm.a(CmTimer.o)
                0x08007c84                codal::_cm::Timer::Timer()
                0x08007c84                codal::_cm::Timer::Timer()
 .text.pinmap_peripheral
                0x08007cac       0x30 .pioenvs\bluepill_f103c8\lib24c\libcm.a(CmPinMap.o)
                0x08007cac                pinmap_peripheral
 .text.pinmap_mode
                0x08007cdc       0x2c .pioenvs\bluepill_f103c8\lib24c\libcm.a(CmPinMap.o)
                0x08007cdc                pinmap_mode
 .text.pinmap_cnf
                0x08007d08       0x2c .pioenvs\bluepill_f103c8\lib24c\libcm.a(CmPinMap.o)
                0x08007d08                pinmap_cnf
 .text._Z18component_callbackN5codal5EventE
                0x08007d34       0x58 .pioenvs\bluepill_f103c8\lib635\libcodal-core.a(CodalComponent.o)
                0x08007d34                component_callback(codal::Event)
 .text._ZN5codal14CodalComponent12addComponentEv
                0x08007d8c       0x70 .pioenvs\bluepill_f103c8\lib635\libcodal-core.a(CodalComponent.o)
                0x08007d8c                codal::CodalComponent::addComponent()
 .text._ZN5codal14CodalComponent15removeComponentEv
                0x08007dfc       0x20 .pioenvs\bluepill_f103c8\lib635\libcodal-core.a(CodalComponent.o)
                0x08007dfc                codal::CodalComponent::removeComponent()
 .text._ZN5codal3I2CC2ERNS_3PinES2_
                0x08007e1c        0xc .pioenvs\bluepill_f103c8\lib635\libcodal-core.a(I2C.o)
                0x08007e1c                codal::I2C::I2C(codal::Pin&, codal::Pin&)
                0x08007e1c                codal::I2C::I2C(codal::Pin&, codal::Pin&)
 .text._ZN5codal6SerialC2ERNS_3PinES2_hht
                0x08007e28       0x5c .pioenvs\bluepill_f103c8\lib635\libcodal-core.a(Serial.o)
                0x08007e28                codal::Serial::Serial(codal::Pin&, codal::Pin&, unsigned char, unsigned char, unsigned short)
                0x08007e28                codal::Serial::Serial(codal::Pin&, codal::Pin&, unsigned char, unsigned char, unsigned short)
 .text._ZN5codal6SerialD2Ev
                0x08007e84       0x1c .pioenvs\bluepill_f103c8\lib635\libcodal-core.a(Serial.o)
                0x08007e84                codal::Serial::~Serial()
                0x08007e84                codal::Serial::~Serial()
 .text._ZN5codal10EventModel4sendENS_5EventE
                0x08007ea0       0x14 .pioenvs\bluepill_f103c8\lib635\libcodal-core.a(MessageBus.o)
                0x08007ea0                codal::EventModel::send(codal::Event)
 .text._ZN5codal10EventModel3addEPNS_8ListenerE
                0x08007eb4        0x8 .pioenvs\bluepill_f103c8\lib635\libcodal-core.a(MessageBus.o)
                0x08007eb4                codal::EventModel::add(codal::Listener*)
 .text._ZN5codal10EventModel6removeEPNS_8ListenerE
                0x08007ebc        0x8 .pioenvs\bluepill_f103c8\lib635\libcodal-core.a(MessageBus.o)
                0x08007ebc                codal::EventModel::remove(codal::Listener*)
 .text._ZN5codal10MessageBus6removeEPNS_8ListenerE
                0x08007ec4       0x70 .pioenvs\bluepill_f103c8\lib635\libcodal-core.a(MessageBus.o)
                0x08007ec4                codal::MessageBus::remove(codal::Listener*)
 .text._ZN5codal10MessageBus3addEPNS_8ListenerE
                0x08007f34       0xbc .pioenvs\bluepill_f103c8\lib635\libcodal-core.a(MessageBus.o)
                0x08007f34                codal::MessageBus::add(codal::Listener*)
 .text._ZN5codal10MessageBusD2Ev
                0x08007ff0       0x78 .pioenvs\bluepill_f103c8\lib635\libcodal-core.a(MessageBus.o)
                0x08007ff0                codal::MessageBus::~MessageBus()
                0x08007ff0                codal::MessageBus::~MessageBus()
 .text._ZN5codal10MessageBusC2Ev
                0x08008068       0xa8 .pioenvs\bluepill_f103c8\lib635\libcodal-core.a(MessageBus.o)
                0x08008068                codal::MessageBus::MessageBus()
                0x08008068                codal::MessageBus::MessageBus()
 .text._ZN5codal10MessageBus7processERNS_5EventEb
                0x08008110       0x84 .pioenvs\bluepill_f103c8\lib635\libcodal-core.a(MessageBus.o)
                0x08008110                codal::MessageBus::process(codal::Event&, bool)
 .text._ZN5codal19allocateNotifyEventEv
                0x08008194       0x10 .pioenvs\bluepill_f103c8\lib635\libcodal-core.a(MessageBus.o)
                0x08008194                codal::allocateNotifyEvent()
 .text._ZN5codal13ManagedStringC2EPKcs
                0x080081a4       0x34 .pioenvs\bluepill_f103c8\lib635\libcodal-core.a(ManagedString.o)
                0x080081a4                codal::ManagedString::ManagedString(char const*, short)
                0x080081a4                codal::ManagedString::ManagedString(char const*, short)
 .text._ZN5codal13ManagedStringC2Ev
                0x080081d8        0xc .pioenvs\bluepill_f103c8\lib635\libcodal-core.a(ManagedString.o)
                0x080081d8                codal::ManagedString::ManagedString()
                0x080081d8                codal::ManagedString::ManagedString()
 .text.startup._GLOBAL__sub_I__ZN5codal13ManagedString9initEmptyEv
                0x080081e4       0x2c .pioenvs\bluepill_f103c8\lib635\libcodal-core.a(ManagedString.o)
 .text.startup.main
                0x08008210       0x26 .pioenvs\bluepill_f103c8\src\main.o
                0x08008210                main
 .text.unity_output_char
                0x08008236        0x6 .pioenvs\bluepill_f103c8\src\unit_test.o
                0x08008236                unity_output_char
 .text.debug_write
                0x0800823c       0x16 .pioenvs\bluepill_f103c8\lib931\liblogger.a(logger.o)
                0x0800823c                debug_write
 .text.debug_print
                0x08008252       0x1a .pioenvs\bluepill_f103c8\lib931\liblogger.a(logger.o)
                0x08008252                debug_print
 .text.debug_printhex
                0x0800826c       0x42 .pioenvs\bluepill_f103c8\lib931\liblogger.a(logger.o)
                0x0800826c                debug_printhex
 .text.debug_printhex_unsigned
                0x080082ae       0x24 .pioenvs\bluepill_f103c8\lib931\liblogger.a(logger.o)
                0x080082ae                debug_printhex_unsigned
 .text.strlen   0x080082d2       0x10 .pioenvs\bluepill_f103c8\liba13\libnewlib.a(strlen.o)
                0x080082d2                strlen
 .text.strncat  0x080082e2       0x28 .pioenvs\bluepill_f103c8\liba13\libnewlib.a(strncat.o)
                0x080082e2                strncat
 .text.UnityFloatsWithin
                0x0800830a       0xe4 .pioenvs\bluepill_f103c8\lib0e4\libunity.a(unity.o)
 .text.UnityDoublesWithin
                0x080083ee      0x11c .pioenvs\bluepill_f103c8\lib0e4\libunity.a(unity.o)
 .text.setUp    0x0800850a        0x2 .pioenvs\bluepill_f103c8\lib0e4\libunity.a(unity.o)
                0x0800850a                setUp
 .text.tearDown
                0x0800850c        0x2 .pioenvs\bluepill_f103c8\lib0e4\libunity.a(unity.o)
                0x0800850c                tearDown
 .text.UnityPrintNumberUnsigned
                0x0800850e       0x34 .pioenvs\bluepill_f103c8\lib0e4\libunity.a(unity.o)
                0x0800850e                UnityPrintNumberUnsigned
 .text.UnityPrintNumber
                0x08008542       0x18 .pioenvs\bluepill_f103c8\lib0e4\libunity.a(unity.o)
                0x08008542                UnityPrintNumber
 .text.UnityPrintNumberHex
                0x0800855a       0x2e .pioenvs\bluepill_f103c8\lib0e4\libunity.a(unity.o)
                0x0800855a                UnityPrintNumberHex
 .text.UnityPrint.part.0
                0x08008588       0x4c .pioenvs\bluepill_f103c8\lib0e4\libunity.a(unity.o)
 .text.UnityPrint
                0x080085d4        0x8 .pioenvs\bluepill_f103c8\lib0e4\libunity.a(unity.o)
                0x080085d4                UnityPrint
 .text.UnityPrintNumberByStyle
                0x080085dc       0x3a .pioenvs\bluepill_f103c8\lib0e4\libunity.a(unity.o)
                0x080085dc                UnityPrintNumberByStyle
 .text._ZN5codal3Pin15setServoPulseUsEm
                0x08008616        0x6 .pioenvs\bluepill_f103c8\lib24c\libcm.a(CmPin.o)
                0x08008616                codal::Pin::setServoPulseUs(unsigned long)
 .text._ZN5codal3Pin17setAnalogPeriodUsEm
                0x0800861c        0x6 .pioenvs\bluepill_f103c8\lib24c\libcm.a(CmPin.o)
                0x0800861c                codal::Pin::setAnalogPeriodUs(unsigned long)
 .text._ZN5codal3Pin8drainPinEv
                0x08008622        0x6 .pioenvs\bluepill_f103c8\lib24c\libcm.a(CmPin.o)
                0x08008622                codal::Pin::drainPin()
 .text._ZN5codal3_cm3Pin15getDigitalValueEv
                0x08008628        0x4 .pioenvs\bluepill_f103c8\lib24c\libcm.a(CmPin.o)
                0x08008628                codal::_cm::Pin::getDigitalValue()
 .text._ZN5codal3_cm3Pin15getDigitalValueENS_8PullModeE
                0x0800862c       0x16 .pioenvs\bluepill_f103c8\lib24c\libcm.a(CmPin.o)
                0x0800862c                codal::_cm::Pin::getDigitalValue(codal::PullMode)
 .text._ZN5codal3_cm3Pin14getAnalogValueEv
                0x08008642        0x4 .pioenvs\bluepill_f103c8\lib24c\libcm.a(CmPin.o)
                0x08008642                codal::_cm::Pin::getAnalogValue()
 .text._ZN5codal3_cm3Pin7isInputEv
                0x08008646        0xe .pioenvs\bluepill_f103c8\lib24c\libcm.a(CmPin.o)
                0x08008646                codal::_cm::Pin::isInput()
 .text._ZN5codal3_cm3Pin8isOutputEv
                0x08008654        0xe .pioenvs\bluepill_f103c8\lib24c\libcm.a(CmPin.o)
                0x08008654                codal::_cm::Pin::isOutput()
 .text._ZN5codal3_cm3Pin9isDigitalEv
                0x08008662        0xc .pioenvs\bluepill_f103c8\lib24c\libcm.a(CmPin.o)
                0x08008662                codal::_cm::Pin::isDigital()
 .text._ZN5codal3_cm3Pin8isAnalogEv
                0x0800866e        0xe .pioenvs\bluepill_f103c8\lib24c\libcm.a(CmPin.o)
                0x0800866e                codal::_cm::Pin::isAnalog()
 .text._ZN5codal3_cm3Pin15getAnalogPeriodEv
                0x0800867c       0x12 .pioenvs\bluepill_f103c8\lib24c\libcm.a(CmPin.o)
                0x0800867c                codal::_cm::Pin::getAnalogPeriod()
 .text._ZN5codal3_cm3Pin7setPullENS_8PullModeE
                0x0800868e        0x6 .pioenvs\bluepill_f103c8\lib24c\libcm.a(CmPin.o)
                0x0800868e                codal::_cm::Pin::setPull(codal::PullMode)
 .text._ZN5codal3_cm3Pin5setupEhh
                0x08008694       0x1e .pioenvs\bluepill_f103c8\lib24c\libcm.a(CmPin.o)
                0x08008694                codal::_cm::Pin::setup(unsigned char, unsigned char)
 .text._ZN5codal3_cm3Pin17setAnalogPeriodUsEi
                0x080086b2       0x12 .pioenvs\bluepill_f103c8\lib24c\libcm.a(CmPin.o)
                0x080086b2                codal::_cm::Pin::setAnalogPeriodUs(int)
 .text._ZN5codal3_cm3Pin15setAnalogPeriodEi
                0x080086c4        0xa .pioenvs\bluepill_f103c8\lib24c\libcm.a(CmPin.o)
                0x080086c4                codal::_cm::Pin::setAnalogPeriod(int)
 .text._ZN5codal3_cm3Pin13disableEventsEv
                0x080086ce       0x10 .pioenvs\bluepill_f103c8\lib24c\libcm.a(CmPin.o)
                0x080086ce                codal::_cm::Pin::disableEvents()
 .text._ZN5codal3_cm3Pin7eventOnEi
                0x080086de       0x26 .pioenvs\bluepill_f103c8\lib24c\libcm.a(CmPin.o)
                0x080086de                codal::_cm::Pin::eventOn(int)
 .text.target_enable_debug
                0x08008704        0x4 .pioenvs\bluepill_f103c8\lib24c\libcm.a(codal_target_hal.o)
                0x08008704                target_enable_debug
 .text.target_enable_irq
                0x08008708        0x4 .pioenvs\bluepill_f103c8\lib24c\libcm.a(codal_target_hal.o)
                0x08008708                target_enable_irq
 .text.target_disable_irq
                0x0800870c        0x4 .pioenvs\bluepill_f103c8\lib24c\libcm.a(codal_target_hal.o)
                0x0800870c                target_disable_irq
 .text.target_wait_for_event
                0x08008710        0xa .pioenvs\bluepill_f103c8\lib24c\libcm.a(codal_target_hal.o)
                0x08008710                target_wait_for_event
 .text.tcb_allocate
                0x0800871a        0x6 .pioenvs\bluepill_f103c8\lib24c\libcm.a(codal_target_hal.o)
                0x0800871a                tcb_allocate
 .text.tcb_configure_lr
                0x08008720        0x4 .pioenvs\bluepill_f103c8\lib24c\libcm.a(codal_target_hal.o)
                0x08008720                tcb_configure_lr
 .text.tcb_configure_sp
                0x08008724        0x4 .pioenvs\bluepill_f103c8\lib24c\libcm.a(codal_target_hal.o)
                0x08008724                tcb_configure_sp
 .text.tcb_configure_stack_base
                0x08008728        0x4 .pioenvs\bluepill_f103c8\lib24c\libcm.a(codal_target_hal.o)
                0x08008728                tcb_configure_stack_base
 .text.tcb_get_stack_base
                0x0800872c        0x4 .pioenvs\bluepill_f103c8\lib24c\libcm.a(codal_target_hal.o)
                0x0800872c                tcb_get_stack_base
 .text.get_current_sp
                0x08008730        0x4 .pioenvs\bluepill_f103c8\lib24c\libcm.a(codal_target_hal.o)
                0x08008730                get_current_sp
 .text.tcb_get_sp
                0x08008734        0x4 .pioenvs\bluepill_f103c8\lib24c\libcm.a(codal_target_hal.o)
                0x08008734                tcb_get_sp
 .text.tcb_configure_args
                0x08008738        0x8 .pioenvs\bluepill_f103c8\lib24c\libcm.a(codal_target_hal.o)
                0x08008738                tcb_configure_args
 .text._fini    0x08008740        0x2 .pioenvs\bluepill_f103c8\lib24c\libcm.a(codal_target_hal.o)
                0x08008740                _fini
 .text.__aeabi_atexit
                0x08008742        0x4 .pioenvs\bluepill_f103c8\lib24c\libcm.a(codal_target_hal.o)
                0x08008742                __aeabi_atexit
 .text._ZN5codal14string_reverseEPc
                0x08008746       0x2a .pioenvs\bluepill_f103c8\lib635\libcodal-core.a(CodalCompat.o)
                0x08008746                codal::string_reverse(char*)
 .text._ZN5codal4itoaEiPc
                0x08008770       0x50 .pioenvs\bluepill_f103c8\lib635\libcodal-core.a(CodalCompat.o)
                0x08008770                codal::itoa(int, char*)
 .text._ZN5codal11queue_fiberEPNS_5FiberEPS1_
                0x080087c0       0x2e .pioenvs\bluepill_f103c8\lib635\libcodal-core.a(CodalFiber.o)
                0x080087c0                codal::queue_fiber(codal::Fiber*, codal::Fiber**)
 .text._ZN5codal13dequeue_fiberEPNS_5FiberE
                0x080087ee       0x34 .pioenvs\bluepill_f103c8\lib635\libcodal-core.a(CodalFiber.o)
                0x080087ee                codal::dequeue_fiber(codal::Fiber*)
 .text._ZN5codal12create_fiberEPFvPvES0_S2_
                0x08008822       0x1e .pioenvs\bluepill_f103c8\lib635\libcodal-core.a(CodalFiber.o)
                0x08008822                codal::create_fiber(void (*)(void*), void*, void (*)(void*))
 .text._ZN5codal20fiber_wait_for_eventEtt
                0x08008840       0x12 .pioenvs\bluepill_f103c8\lib635\libcodal-core.a(CodalFiber.o)
                0x08008840                codal::fiber_wait_for_event(unsigned short, unsigned short)
 .text._ZN5codal16launch_new_fiberEPFvvES1_
                0x08008852       0x10 .pioenvs\bluepill_f103c8\lib635\libcodal-core.a(CodalFiber.o)
                0x08008852                codal::launch_new_fiber(void (*)(), void (*)())
 .text._ZN5codal13release_fiberEPv
                0x08008862       0x12 .pioenvs\bluepill_f103c8\lib635\libcodal-core.a(CodalFiber.o)
                0x08008862                codal::release_fiber(void*)
 .text._ZN5codal22launch_new_fiber_paramEPFvPvES2_S0_
                0x08008874       0x1a .pioenvs\bluepill_f103c8\lib635\libcodal-core.a(CodalFiber.o)
                0x08008874                codal::launch_new_fiber_param(void (*)(void*), void (*)(void*), void*)
 .text._ZN5codal9idle_taskEv
                0x0800888e        0xc .pioenvs\bluepill_f103c8\lib635\libcodal-core.a(CodalFiber.o)
                0x0800888e                codal::idle_task()
 .text._Z16device_malloc_injR14HeapDefinition
                0x0800889a       0x84 .pioenvs\bluepill_f103c8\lib635\libcodal-core.a(CodalHeapAllocator.o)
                0x0800889a                device_malloc_in(unsigned int, HeapDefinition&)
 .text._ZN5codal8ListenerC2EttPFvNS_5EventEEt
                0x0800891e       0x28 .pioenvs\bluepill_f103c8\lib635\libcodal-core.a(CodalListener.o)
                0x0800891e                codal::Listener::Listener(unsigned short, unsigned short, void (*)(codal::Event), unsigned short)
                0x0800891e                codal::Listener::Listener(unsigned short, unsigned short, void (*)(codal::Event), unsigned short)
 .text._ZN5codal8ListenerD2Ev
                0x08008946       0x14 .pioenvs\bluepill_f103c8\lib635\libcodal-core.a(CodalListener.o)
                0x08008946                codal::Listener::~Listener()
                0x08008946                codal::Listener::~Listener()
 .text._ZN5codal8Listener5queueENS_5EventE
                0x0800895a       0x5c .pioenvs\bluepill_f103c8\lib635\libcodal-core.a(CodalListener.o)
                0x0800895a                codal::Listener::queue(codal::Event)
 .text._ZN5codal5Timer17disableInterruptsEv
                0x080089b6        0xa .pioenvs\bluepill_f103c8\lib635\libcodal-core.a(Timer.o)
                0x080089b6                codal::Timer::disableInterrupts()
 .text._ZN5codal5Timer16enableInterruptsEv
                0x080089c0        0xa .pioenvs\bluepill_f103c8\lib635\libcodal-core.a(Timer.o)
                0x080089c0                codal::Timer::enableInterrupts()
 .text._ZN5codal5Timer13getTimerEventEv
                0x080089ca       0x22 .pioenvs\bluepill_f103c8\lib635\libcodal-core.a(Timer.o)
                0x080089ca                codal::Timer::getTimerEvent()
 .text._ZN5codal5Timer17releaseTimerEventEPNS_10TimerEventE
                0x080089ec        0xe .pioenvs\bluepill_f103c8\lib635\libcodal-core.a(Timer.o)
                0x080089ec                codal::Timer::releaseTimerEvent(codal::TimerEvent*)
 .text._ZN5codal5Timer7getTimeEv
                0x080089fa        0xe .pioenvs\bluepill_f103c8\lib635\libcodal-core.a(Timer.o)
                0x080089fa                codal::Timer::getTime()
 .text._ZN5codal5Timer9getTimeUsEv
                0x08008a08        0xe .pioenvs\bluepill_f103c8\lib635\libcodal-core.a(Timer.o)
                0x08008a08                codal::Timer::getTimeUs()
 .text._ZN5codal5Timer8setEventEmttb
                0x08008a16       0x66 .pioenvs\bluepill_f103c8\lib635\libcodal-core.a(Timer.o)
                0x08008a16                codal::Timer::setEvent(unsigned long, unsigned short, unsigned short, bool)
 .text._ZN5codal5Timer12eventEveryUsEmtt
                0x08008a7c        0xe .pioenvs\bluepill_f103c8\lib635\libcodal-core.a(Timer.o)
                0x08008a7c                codal::Timer::eventEveryUs(unsigned long, unsigned short, unsigned short)
 .text._ZN5codal5Timer4syncEm
                0x08008a8a       0x24 .pioenvs\bluepill_f103c8\lib635\libcodal-core.a(Timer.o)
                0x08008a8a                codal::Timer::sync(unsigned long)
 .text._ZN5codal5Timer7triggerEv
                0x08008aae       0x92 .pioenvs\bluepill_f103c8\lib635\libcodal-core.a(Timer.o)
                0x08008aae                codal::Timer::trigger()
 .text._ZN5codal5TimerD2Ev
                0x08008b40        0x2 .pioenvs\bluepill_f103c8\lib635\libcodal-core.a(Timer.o)
                0x08008b40                codal::Timer::~Timer()
                0x08008b40                codal::Timer::~Timer()
 .text._ZN5codal5EventC2Ev
                0x08008b42       0x12 .pioenvs\bluepill_f103c8\lib635\libcodal-core.a(Event.o)
                0x08008b42                codal::Event::Event()
                0x08008b42                codal::Event::Event()
 .text._ZN5codal5EventC2EttNS_15EventLaunchModeE
                0x08008b54       0x1c .pioenvs\bluepill_f103c8\lib635\libcodal-core.a(Event.o)
                0x08008b54                codal::Event::Event(unsigned short, unsigned short, codal::EventLaunchMode)
                0x08008b54                codal::Event::Event(unsigned short, unsigned short, codal::EventLaunchMode)
 .text._ZN5codal5EventC2EttmNS_15EventLaunchModeE
                0x08008b70       0x18 .pioenvs\bluepill_f103c8\lib635\libcodal-core.a(Event.o)
                0x08008b70                codal::Event::Event(unsigned short, unsigned short, unsigned long, codal::EventLaunchMode)
                0x08008b70                codal::Event::Event(unsigned short, unsigned short, unsigned long, codal::EventLaunchMode)
 .text._ZN5codal14EventQueueItemC2ENS_5EventE
                0x08008b88       0x20 .pioenvs\bluepill_f103c8\lib635\libcodal-core.a(Event.o)
                0x08008b88                codal::EventQueueItem::EventQueueItem(codal::Event)
                0x08008b88                codal::EventQueueItem::EventQueueItem(codal::Event)
 .text._ZN5codal14CodalComponent16periodicCallbackEv
                0x08008ba8        0x2 .pioenvs\bluepill_f103c8\libff7\libbluepill.a(STM32BluePill.o)
                0x08008ba8                codal::CodalComponent::periodicCallback()
 .text._ZN5codal14CodalComponent12idleCallbackEv
                0x08008baa        0x2 .pioenvs\bluepill_f103c8\libff7\libbluepill.a(STM32BluePill.o)
                0x08008baa                codal::CodalComponent::idleCallback()
 .text._ZN5codal13STM32BluePill16periodicCallbackEv
                0x08008bac        0x2 .pioenvs\bluepill_f103c8\libff7\libbluepill.a(STM32BluePill.o)
                0x08008bac                codal::STM32BluePill::periodicCallback()
 .text._ZN5codal14CodalComponentD0Ev
                0x08008bae       0x12 .pioenvs\bluepill_f103c8\libff7\libbluepill.a(STM32BluePill.o)
                0x08008bae                codal::CodalComponent::~CodalComponent()
 .text._ZN5codal13STM32BluePill12idleCallbackEv
                0x08008bc0        0x4 .pioenvs\bluepill_f103c8\libff7\libbluepill.a(STM32BluePill.o)
                0x08008bc0                codal::STM32BluePill::idleCallback()
 .text._ZN5codal13STM32BluePillD0Ev
                0x08008bc4       0x12 .pioenvs\bluepill_f103c8\libff7\libbluepill.a(STM32BluePill.o)
                0x08008bc4                codal::STM32BluePill::~STM32BluePill()
 .text.__cxa_pure_virtual
                0x08008bd6        0x8 .pioenvs\bluepill_f103c8\libff7\libbluepill.a(bluepill.o)
                0x08008bd6                __cxa_pure_virtual
 .text._Znwj    0x08008bde        0x4 .pioenvs\bluepill_f103c8\libff7\libbluepill.a(bluepill.o)
                0x08008bde                operator new(unsigned int)
 .text._ZdlPv   0x08008be2        0x4 .pioenvs\bluepill_f103c8\libff7\libbluepill.a(bluepill.o)
                0x08008be2                operator delete(void*)
 .text.platform_set_alarm
                0x08008be6        0x4 .pioenvs\bluepill_f103c8\libff7\libbluepill.a(timer.o)
                0x08008be6                platform_set_alarm
 .text.millis   0x08008bea        0x4 .pioenvs\bluepill_f103c8\libff7\libbluepill.a(timer.o)
                0x08008bea                millis
 .text._ZN13UARTInterfaceC2Ejj
                0x08008bee        0x2 .pioenvs\bluepill_f103c8\lib492\libuartint.a(uartint.o)
                0x08008bee                UARTInterface::UARTInterface(unsigned int, unsigned int)
                0x08008bee                UARTInterface::UARTInterface(unsigned int, unsigned int)
 .text.gpio_set_mode
                0x08008bf0       0x62 .pioenvs\bluepill_f103c8\libFrameworkLibOpenCM3.a(gpio.o)
                0x08008bf0                gpio_set_mode
 .text.gpio_set
                0x08008c52        0x4 .pioenvs\bluepill_f103c8\libFrameworkLibOpenCM3.a(gpio_common_all.o)
                0x08008c52                gpio_set
 .text.gpio_clear
                0x08008c56        0x6 .pioenvs\bluepill_f103c8\libFrameworkLibOpenCM3.a(gpio_common_all.o)
                0x08008c56                gpio_clear
 .text.usart_recv
                0x08008c5c        0x8 .pioenvs\bluepill_f103c8\libFrameworkLibOpenCM3.a(usart_common_f124.o)
                0x08008c5c                usart_recv
 .text.rcc_periph_clock_enable
                0x08008c64       0x1a .pioenvs\bluepill_f103c8\libFrameworkLibOpenCM3.a(rcc_common_all.o)
                0x08008c64                rcc_periph_clock_enable
 .text.blocking_handler
                0x08008c7e        0x2 .pioenvs\bluepill_f103c8\libFrameworkLibOpenCM3.a(vector.o)
                0x08008c7e                usart3_isr
                0x08008c7e                tim7_isr
                0x08008c7e                adc1_2_isr
                0x08008c7e                tim1_trg_com_isr
                0x08008c7e                usb_hp_can_tx_isr
                0x08008c7e                tim6_isr
                0x08008c7e                usb_wakeup_isr
                0x08008c7e                blocking_handler
                0x08008c7e                tim5_isr
                0x08008c7e                otg_fs_isr
                0x08008c7e                spi1_isr
                0x08008c7e                exti2_isr
                0x08008c7e                dma1_channel6_isr
                0x08008c7e                can_rx1_isr
                0x08008c7e                dma1_channel5_isr
                0x08008c7e                dma2_channel5_isr
                0x08008c7e                usart1_isr
                0x08008c7e                usage_fault_handler
                0x08008c7e                tim8_trg_com_isr
                0x08008c7e                can2_rx0_isr
                0x08008c7e                tim1_brk_isr
                0x08008c7e                can2_rx1_isr
                0x08008c7e                tim1_cc_isr
                0x08008c7e                sdio_isr
                0x08008c7e                eth_isr
                0x08008c7e                dma1_channel4_isr
                0x08008c7e                tim8_brk_isr
                0x08008c7e                dma2_channel4_5_isr
                0x08008c7e                pvd_isr
                0x08008c7e                rcc_isr
                0x08008c7e                flash_isr
                0x08008c7e                uart4_isr
                0x08008c7e                exti15_10_isr
                0x08008c7e                hard_fault_handler
                0x08008c7e                exti1_isr
                0x08008c7e                i2c1_ev_isr
                0x08008c7e                dma2_channel1_isr
                0x08008c7e                spi2_isr
                0x08008c7e                tim8_up_isr
                0x08008c7e                dma2_channel2_isr
                0x08008c7e                exti3_isr
                0x08008c7e                adc3_isr
                0x08008c7e                tim3_isr
                0x08008c7e                usb_lp_can_rx0_isr
                0x08008c7e                i2c2_er_isr
                0x08008c7e                i2c2_ev_isr
                0x08008c7e                uart5_isr
                0x08008c7e                fsmc_isr
                0x08008c7e                dma1_channel1_isr
                0x08008c7e                exti4_isr
                0x08008c7e                mem_manage_handler
                0x08008c7e                can2_tx_isr
                0x08008c7e                exti9_5_isr
                0x08008c7e                dma2_channel3_isr
                0x08008c7e                dma1_channel7_isr
                0x08008c7e                tim1_up_isr
                0x08008c7e                can2_sce_isr
                0x08008c7e                tim4_isr
                0x08008c7e                dma1_channel2_isr
                0x08008c7e                i2c1_er_isr
                0x08008c7e                can_sce_isr
                0x08008c7e                tim8_cc_isr
                0x08008c7e                tamper_isr
                0x08008c7e                eth_wkup_isr
                0x08008c7e                bus_fault_handler
                0x08008c7e                wwdg_isr
                0x08008c7e                dma1_channel3_isr
                0x08008c7e                spi3_isr
                0x08008c7e                tim2_isr
                0x08008c7e                exti0_isr
 .text.null_handler
                0x08008c80        0x2 .pioenvs\bluepill_f103c8\libFrameworkLibOpenCM3.a(vector.o)
                0x08008c80                sv_call_handler
                0x08008c80                pend_sv_handler
                0x08008c80                debug_monitor_handler
                0x08008c80                sys_tick_handler
                0x08008c80                nmi_handler
                0x08008c80                null_handler
 .text.nvic_enable_irq
                0x08008c82       0x1a .pioenvs\bluepill_f103c8\libFrameworkLibOpenCM3.a(nvic.o)
                0x08008c82                nvic_enable_irq
 .text.memcpy   0x08008c9c       0x1c .pioenvs\bluepill_f103c8\liba13\libnewlib.a(memcpy.o)
                0x08008c9c                memcpy
 .text.memset   0x08008cb8       0x10 .pioenvs\bluepill_f103c8\liba13\libnewlib.a(memset.o)
                0x08008cb8                memset
 .text._ZN5codal3_cm3I2C12setFrequencyEm
                0x08008cc8        0x4 .pioenvs\bluepill_f103c8\lib24c\libcm.a(CmI2C.o)
                0x08008cc8                codal::_cm::I2C::setFrequency(unsigned long)
 .text._ZN5codal3_cm3I2C5writeEtPhib
                0x08008ccc        0x4 .pioenvs\bluepill_f103c8\lib24c\libcm.a(CmI2C.o)
                0x08008ccc                codal::_cm::I2C::write(unsigned short, unsigned char*, int, bool)
                0x08008ccc                codal::_cm::I2C::read(unsigned short, unsigned char*, int, bool)
 .text._ZN5codal3_cm3I2C12readRegisterEthPhib
                0x08008cd0        0x4 .pioenvs\bluepill_f103c8\lib24c\libcm.a(CmI2C.o)
                0x08008cd0                codal::_cm::I2C::readRegister(unsigned short, unsigned char, unsigned char*, int, bool)
 .text._ZN5codal3_cm3SPI12setFrequencyEm
                0x08008cd4        0xc .pioenvs\bluepill_f103c8\lib24c\libcm.a(CmSPI.o)
                0x08008cd4                codal::_cm::SPI::setFrequency(unsigned long)
 .text._ZN5codal3_cm3SPI5writeEi
                0x08008ce0        0xe .pioenvs\bluepill_f103c8\lib24c\libcm.a(CmSPI.o)
                0x08008ce0                codal::_cm::SPI::write(int)
 .text._ZN5codal3_cm3SPI8transferEPKhmPhm
                0x08008cee        0x4 .pioenvs\bluepill_f103c8\lib24c\libcm.a(CmSPI.o)
                0x08008cee                codal::_cm::SPI::transfer(unsigned char const*, unsigned long, unsigned char*, unsigned long)
 .text._ZN5codal3_cm3SPI7setModeEii
                0x08008cf2       0x18 .pioenvs\bluepill_f103c8\lib24c\libcm.a(CmSPI.o)
                0x08008cf2                codal::_cm::SPI::setMode(int, int)
 .text._ZN5codal3_cm16_codal_setup_pinEPNS0_3PinEmPK6PinMap
                0x08008d0a       0x54 .pioenvs\bluepill_f103c8\lib24c\libcm.a(CmSPI.o)
                0x08008d0a                codal::_cm::_codal_setup_pin(codal::_cm::Pin*, unsigned long, PinMap const*)
 .text._ZN5codal3_cm3SPI13startTransferEPKhmPhmPFvPvES5_
                0x08008d5e       0x28 .pioenvs\bluepill_f103c8\lib24c\libcm.a(CmSPI.o)
                0x08008d5e                codal::_cm::SPI::startTransfer(unsigned char const*, unsigned long, unsigned char*, unsigned long, void (*)(void*), void*)
 .text._ZN5codal3_cm6Serial15enableInterruptENS_19SerialInterruptTypeE
                0x08008d86        0x4 .pioenvs\bluepill_f103c8\lib24c\libcm.a(CmSerial.o)
                0x08008d86                codal::_cm::Serial::enableInterrupt(codal::SerialInterruptType)
 .text._ZN5codal3_cm6Serial16disableInterruptENS_19SerialInterruptTypeE
                0x08008d8a        0x4 .pioenvs\bluepill_f103c8\lib24c\libcm.a(CmSerial.o)
                0x08008d8a                codal::_cm::Serial::disableInterrupt(codal::SerialInterruptType)
 .text._ZN5codal3_cm6Serial11setBaudrateEm
                0x08008d8e        0x4 .pioenvs\bluepill_f103c8\lib24c\libcm.a(CmSerial.o)
                0x08008d8e                codal::_cm::Serial::setBaudrate(unsigned long)
 .text._ZN5codal3_cm6Serial13configurePinsERNS_3PinES3_
                0x08008d92        0x4 .pioenvs\bluepill_f103c8\lib24c\libcm.a(CmSerial.o)
                0x08008d92                codal::_cm::Serial::configurePins(codal::Pin&, codal::Pin&)
 .text._ZN5codal3_cm6Serial4putcEc
                0x08008d96        0x4 .pioenvs\bluepill_f103c8\lib24c\libcm.a(CmSerial.o)
                0x08008d96                codal::_cm::Serial::putc(char)
 .text._ZN5codal3_cm6Serial4getcEv
                0x08008d9a        0x6 .pioenvs\bluepill_f103c8\lib24c\libcm.a(CmSerial.o)
                0x08008d9a                codal::_cm::Serial::getc()
 .text._ZN5codal3_cm6SerialD0Ev
                0x08008da0       0x12 .pioenvs\bluepill_f103c8\lib24c\libcm.a(CmSerial.o)
                0x08008da0                codal::_cm::Serial::~Serial()
 .text._ZN5codal3_cm6Serial12initialiseRxEv
                0x08008db2       0x38 .pioenvs\bluepill_f103c8\lib24c\libcm.a(CmSerial.o)
                0x08008db2                codal::_cm::Serial::initialiseRx()
 .text._ZN5codal3_cm6Serial12circularCopyEPhhS2_tt
                0x08008dea       0x26 .pioenvs\bluepill_f103c8\lib24c\libcm.a(CmSerial.o)
                0x08008dea                codal::_cm::Serial::circularCopy(unsigned char*, unsigned char, unsigned char*, unsigned short, unsigned short)
 .text._ZN5codal3_cm6Serial7eventOnENS_13ManagedStringENS_10SerialModeE
                0x08008e10       0x24 .pioenvs\bluepill_f103c8\lib24c\libcm.a(CmSerial.o)
                0x08008e10                codal::_cm::Serial::eventOn(codal::ManagedString, codal::SerialMode)
 .text._ZN5codal3_cm6Serial9readUntilENS_13ManagedStringENS_10SerialModeE
                0x08008e34      0x1a6 .pioenvs\bluepill_f103c8\lib24c\libcm.a(CmSerial.o)
                0x08008e34                codal::_cm::Serial::readUntil(codal::ManagedString, codal::SerialMode)
 .text._ZN5codal3_cm14alarm_callbackEv
                0x08008fda        0x4 .pioenvs\bluepill_f103c8\lib24c\libcm.a(CmTimer.o)
                0x08008fda                codal::_cm::alarm_callback()
 .text._ZN5codal3_cm5Timer9triggerInEm
                0x08008fde       0x12 .pioenvs\bluepill_f103c8\lib24c\libcm.a(CmTimer.o)
                0x08008fde                codal::_cm::Timer::triggerIn(unsigned long)
 .text._ZN5codal3_cm5Timer11syncRequestEv
                0x08008ff0       0x26 .pioenvs\bluepill_f103c8\lib24c\libcm.a(CmTimer.o)
                0x08008ff0                codal::_cm::Timer::syncRequest()
 .text._ZN5codal3I2C12setFrequencyEm
                0x08009016        0x6 .pioenvs\bluepill_f103c8\lib635\libcodal-core.a(I2C.o)
                0x08009016                codal::I2C::setFrequency(unsigned long)
 .text._ZN5codal3I2C5startEv
                0x0800901c        0x6 .pioenvs\bluepill_f103c8\lib635\libcodal-core.a(I2C.o)
                0x0800901c                codal::I2C::start()
                0x0800901c                codal::I2C::stop()
 .text._ZN5codal3I2C5writeEh
                0x08009022        0x6 .pioenvs\bluepill_f103c8\lib635\libcodal-core.a(I2C.o)
                0x08009022                codal::I2C::write(unsigned char)
                0x08009022                codal::I2C::read(codal::AcknowledgeType)
 .text._ZN5codal3I2C13writeRegisterEthh
                0x08009028       0x1c .pioenvs\bluepill_f103c8\lib635\libcodal-core.a(I2C.o)
                0x08009028                codal::I2C::writeRegister(unsigned short, unsigned char, unsigned char)
 .text._ZN5codal3I2C5writeEtPhib
                0x08009044       0x50 .pioenvs\bluepill_f103c8\lib635\libcodal-core.a(I2C.o)
                0x08009044                codal::I2C::write(unsigned short, unsigned char*, int, bool)
 .text._ZN5codal3I2C4readEtPhib
                0x08009094       0x64 .pioenvs\bluepill_f103c8\lib635\libcodal-core.a(I2C.o)
                0x08009094                codal::I2C::read(unsigned short, unsigned char*, int, bool)
 .text._ZN5codal3I2C5writeEth
                0x080090f8       0x1c .pioenvs\bluepill_f103c8\lib635\libcodal-core.a(I2C.o)
                0x080090f8                codal::I2C::write(unsigned short, unsigned char)
 .text._ZN5codal3I2C12readRegisterEthPhib
                0x08009114       0x42 .pioenvs\bluepill_f103c8\lib635\libcodal-core.a(I2C.o)
                0x08009114                codal::I2C::readRegister(unsigned short, unsigned char, unsigned char*, int, bool)
 .text._ZN5codal6Serial12initialiseRxEv
                0x08009156       0x4c .pioenvs\bluepill_f103c8\lib635\libcodal-core.a(Serial.o)
                0x08009156                codal::Serial::initialiseRx()
 .text._ZN5codal6Serial12circularCopyEPhhS1_tt
                0x080091a2       0x26 .pioenvs\bluepill_f103c8\lib635\libcodal-core.a(Serial.o)
                0x080091a2                codal::Serial::circularCopy(unsigned char*, unsigned char, unsigned char*, unsigned short, unsigned short)
 .text._ZN5codal6Serial7eventOnENS_13ManagedStringENS_10SerialModeE
                0x080091c8       0x26 .pioenvs\bluepill_f103c8\lib635\libcodal-core.a(Serial.o)
                0x080091c8                codal::Serial::eventOn(codal::ManagedString, codal::SerialMode)
 .text._ZN5codal6Serial9readUntilENS_13ManagedStringENS_10SerialModeE
                0x080091ee      0x1a6 .pioenvs\bluepill_f103c8\lib635\libcodal-core.a(Serial.o)
                0x080091ee                codal::Serial::readUntil(codal::ManagedString, codal::SerialMode)
 .text._ZN5codal10MessageBus9elementAtEi
                0x08009394       0x10 .pioenvs\bluepill_f103c8\lib635\libcodal-core.a(MessageBus.o)
                0x08009394                codal::MessageBus::elementAt(int)
 .text._ZN5codal22MemberFunctionCallback10methodCallINS_10MessageBusEEEvPvPmNS_5EventE
                0x080093a4       0x30 .pioenvs\bluepill_f103c8\lib635\libcodal-core.a(MessageBus.o)
                0x080093a4                void codal::MemberFunctionCallback::methodCall<codal::MessageBus>(void*, unsigned long*, codal::Event)
 .text._Z14async_callbackPv
                0x080093d4       0x7c .pioenvs\bluepill_f103c8\lib635\libcodal-core.a(MessageBus.o)
                0x080093d4                async_callback(void*)
 .text._ZThn8_N5codal10MessageBusD1Ev
                0x08009450        0x8 .pioenvs\bluepill_f103c8\lib635\libcodal-core.a(MessageBus.o)
                0x08009450                non-virtual thunk to codal::MessageBus::~MessageBus()
 .text._ZN5codal10MessageBusD0Ev
                0x08009458       0x12 .pioenvs\bluepill_f103c8\lib635\libcodal-core.a(MessageBus.o)
                0x08009458                codal::MessageBus::~MessageBus()
 .text._ZThn8_N5codal10MessageBusD0Ev
                0x0800946a        0x8 .pioenvs\bluepill_f103c8\lib635\libcodal-core.a(MessageBus.o)
                0x0800946a                non-virtual thunk to codal::MessageBus::~MessageBus()
 .text._ZN5codal10MessageBus12dequeueEventEv
                0x08009472       0x22 .pioenvs\bluepill_f103c8\lib635\libcodal-core.a(MessageBus.o)
                0x08009472                codal::MessageBus::dequeueEvent()
 .text._ZN5codal10MessageBus21deleteMarkedListenersEv
                0x08009494       0x42 .pioenvs\bluepill_f103c8\lib635\libcodal-core.a(MessageBus.o)
                0x08009494                codal::MessageBus::deleteMarkedListeners()
 .text._ZN5codal10MessageBus10queueEventERNS_5EventE
                0x080094d6       0x5e .pioenvs\bluepill_f103c8\lib635\libcodal-core.a(MessageBus.o)
                0x080094d6                codal::MessageBus::queueEvent(codal::Event&)
 .text._ZN5codal10MessageBus4sendENS_5EventE
                0x08009534       0x16 .pioenvs\bluepill_f103c8\lib635\libcodal-core.a(MessageBus.o)
                0x08009534                codal::MessageBus::send(codal::Event)
 .text._ZN5codal10MessageBus4idleENS_5EventE
                0x0800954a       0x34 .pioenvs\bluepill_f103c8\lib635\libcodal-core.a(MessageBus.o)
                0x0800954a                codal::MessageBus::idle(codal::Event)
 .text._ZN5codal13ManagedStringD2Ev
                0x0800957e        0xe .pioenvs\bluepill_f103c8\lib635\libcodal-core.a(ManagedString.o)
                0x0800957e                codal::ManagedString::~ManagedString()
                0x0800957e                codal::ManagedString::~ManagedString()
 .text._ZN5codal13ManagedString10initStringEPKci
                0x0800958c       0x2e .pioenvs\bluepill_f103c8\lib635\libcodal-core.a(ManagedString.o)
                0x0800958c                codal::ManagedString::initString(char const*, int)
 .text._ZN5codal13ManagedStringC2Ei
                0x080095ba       0x22 .pioenvs\bluepill_f103c8\lib635\libcodal-core.a(ManagedString.o)
                0x080095ba                codal::ManagedString::ManagedString(int)
                0x080095ba                codal::ManagedString::ManagedString(int)
 .text._ZN5codal13ManagedStringC2ERKS0_
                0x080095dc       0x10 .pioenvs\bluepill_f103c8\lib635\libcodal-core.a(ManagedString.o)
                0x080095dc                codal::ManagedString::ManagedString(codal::ManagedString const&)
                0x080095dc                codal::ManagedString::ManagedString(codal::ManagedString const&)
 .text._ZN5codal13ManagedStringaSERKS0_
                0x080095ec       0x1e .pioenvs\bluepill_f103c8\lib635\libcodal-core.a(ManagedString.o)
                0x080095ec                codal::ManagedString::operator=(codal::ManagedString const&)
 .text._ZN5codal13ManagedString6charAtEs
                0x0800960a       0x18 .pioenvs\bluepill_f103c8\lib635\libcodal-core.a(ManagedString.o)
                0x0800960a                codal::ManagedString::charAt(short)
 .text._ZL16isReadOnlyInlinePN5codal10RefCountedE
                0x08009622       0x22 .pioenvs\bluepill_f103c8\lib635\libcodal-core.a(RefCounted.o)
 .text._ZN5codal10RefCounted4incrEv
                0x08009644       0x12 .pioenvs\bluepill_f103c8\lib635\libcodal-core.a(RefCounted.o)
                0x08009644                codal::RefCounted::incr()
 .text._ZN5codal10RefCounted4decrEv
                0x08009656       0x22 .pioenvs\bluepill_f103c8\lib635\libcodal-core.a(RefCounted.o)
                0x08009656                codal::RefCounted::decr()
 .text._ZN5codal10RefCounted7destroyEv
                0x08009678        0x4 .pioenvs\bluepill_f103c8\lib635\libcodal-core.a(RefCountedInit.o)
                0x08009678                codal::RefCounted::destroy()
 .text._ZN5codal10RefCounted4initEv
                0x0800967c        0x6 .pioenvs\bluepill_f103c8\lib635\libcodal-core.a(RefCountedInit.o)
                0x0800967c                codal::RefCounted::init()
 .text._ZN5codal22MemberFunctionCallback4fireENS_5EventE
                0x08009682       0x18 .pioenvs\bluepill_f103c8\lib635\libcodal-core.a(MemberFunctionCallback.o)
                0x08009682                codal::MemberFunctionCallback::fire(codal::Event)
 .text._ZN5codal22MemberFunctionCallbackeqERKS0_
                0x0800969a       0x20 .pioenvs\bluepill_f103c8\lib635\libcodal-core.a(MemberFunctionCallback.o)
                0x0800969a                codal::MemberFunctionCallback::operator==(codal::MemberFunctionCallback const&)
 .text.memcmp   0x080096ba       0x1e .pioenvs\bluepill_f103c8\liba13\libnewlib.a(memcmp.o)
                0x080096ba                memcmp
                0x080096d8                . = ALIGN (0x4)
 *(SORT_BY_ALIGNMENT(.rodata*))
 .rodata._ZTVN5codal3_cm3PinE
                0x080096d8       0x54 .pioenvs\bluepill_f103c8\lib24c\libcm.a(CmPin.o)
                0x080096d8                vtable for codal::_cm::Pin
 .rodata._ZTVN5codal5TimerE
                0x0800972c       0x18 .pioenvs\bluepill_f103c8\lib635\libcodal-core.a(Timer.o)
                0x0800972c                vtable for codal::Timer
 .rodata._ZTVN5codal14CodalComponentE
                0x08009744       0x1c .pioenvs\bluepill_f103c8\libff7\libbluepill.a(STM32BluePill.o)
                0x08009744                vtable for codal::CodalComponent
 .rodata._ZTVN5codal13STM32BluePillE
                0x08009760       0x1c .pioenvs\bluepill_f103c8\libff7\libbluepill.a(STM32BluePill.o)
                0x08009760                vtable for codal::STM32BluePill
 .rodata.PinMap_SPI_MISO
                0x0800977c       0x48 .pioenvs\bluepill_f103c8\libff7\libbluepill.a(STM32BluePillIO.o)
                0x0800977c                PinMap_SPI_MISO
 .rodata.PinMap_SPI_MOSI
                0x080097c4       0x48 .pioenvs\bluepill_f103c8\libff7\libbluepill.a(STM32BluePillIO.o)
                0x080097c4                PinMap_SPI_MOSI
 .rodata.PinMap_SPI_NSS
                0x0800980c       0x48 .pioenvs\bluepill_f103c8\libff7\libbluepill.a(STM32BluePillIO.o)
                0x0800980c                PinMap_SPI_NSS
 .rodata.PinMap_SPI_SCK
                0x08009854       0x48 .pioenvs\bluepill_f103c8\libff7\libbluepill.a(STM32BluePillIO.o)
                0x08009854                PinMap_SPI_SCK
 .rodata._ZTVN5codal3_cm3I2CE
                0x0800989c       0x2c .pioenvs\bluepill_f103c8\lib24c\libcm.a(CmI2C.o)
                0x0800989c                vtable for codal::_cm::I2C
 .rodata._ZTVN5codal3_cm3SPIE
                0x080098c8       0x1c .pioenvs\bluepill_f103c8\lib24c\libcm.a(CmSPI.o)
                0x080098c8                vtable for codal::_cm::SPI
 .rodata._ZTVN5codal3_cm6SerialE
                0x080098e4       0x38 .pioenvs\bluepill_f103c8\lib24c\libcm.a(CmSerial.o)
                0x080098e4                vtable for codal::_cm::Serial
 .rodata._ZTVN5codal3_cm5TimerE
                0x0800991c       0x18 .pioenvs\bluepill_f103c8\lib24c\libcm.a(CmTimer.o)
                0x0800991c                vtable for codal::_cm::Timer
 .rodata._ZTVN5codal3I2CE
                0x08009934       0x2c .pioenvs\bluepill_f103c8\lib635\libcodal-core.a(I2C.o)
                0x08009934                vtable for codal::I2C
 .rodata._ZTVN5codal6SerialE
                0x08009960       0x38 .pioenvs\bluepill_f103c8\lib635\libcodal-core.a(Serial.o)
                0x08009960                vtable for codal::Serial
 .rodata._ZTVN5codal10EventModelE
                0x08009998       0x14 .pioenvs\bluepill_f103c8\lib635\libcodal-core.a(MessageBus.o)
                0x08009998                vtable for codal::EventModel
 .rodata._ZTVN5codal10MessageBusE
                0x080099ac       0x3c .pioenvs\bluepill_f103c8\lib635\libcodal-core.a(MessageBus.o)
                0x080099ac                vtable for codal::MessageBus
 .rodata._ZL9emptyData
                0x080099e8        0x4 .pioenvs\bluepill_f103c8\lib635\libcodal-core.a(ManagedString.o)
 .rodata._Z10Blink_mainRN5codal13STM32BluePillE.str1.1
                0x080099ec       0x1f .pioenvs\bluepill_f103c8\src\main.o
 .rodata._ZL10debug_dumpRN5codal13STM32BluePillEPKc.str1.1
                0x08009a0b       0x21 .pioenvs\bluepill_f103c8\src\main.o
                                 0x22 (size before relaxing)
 .rodata.test_nanofloat.str1.1
                0x08009a2c      0x21f .pioenvs\bluepill_f103c8\src\unit_test.o
                                0x220 (size before relaxing)
 .rodata._Z11debug_printi.str1.1
                0x08009c4b        0x2 .pioenvs\bluepill_f103c8\lib931\liblogger.a(logger.o)
                                  0x4 (size before relaxing)
 .rodata._Z11debug_printj.str1.1
                0x08009c4d        0xb .pioenvs\bluepill_f103c8\lib931\liblogger.a(logger.o)
 .rodata.debug_println.str1.1
                0x08009c58        0x2 .pioenvs\bluepill_f103c8\lib931\liblogger.a(logger.o)
 .rodata.UnityPrintFloat.str1.1
                0x08009c5a        0x8 .pioenvs\bluepill_f103c8\lib0e4\libunity.a(unity.o)
                                  0xa (size before relaxing)
 .rodata.UnityStrBreaker
                0x08009c62       0x18 .pioenvs\bluepill_f103c8\lib0e4\libunity.a(unity.o)
 .rodata.UnityStrDetail1Name
                0x08009c7a        0xa .pioenvs\bluepill_f103c8\lib0e4\libunity.a(unity.o)
 .rodata.UnityStrDetail2Name
                0x08009c84        0xb .pioenvs\bluepill_f103c8\lib0e4\libunity.a(unity.o)
 .rodata.UnityStrExpected