Archive member included to satisfy reference by file (symbol)

.pioenvs/bluepill_f103c8/libd9b/liblogger.a(logger.o)
                              .pioenvs/bluepill_f103c8/src/main.o (debug_flush)
.pioenvs/bluepill_f103c8/lib3e7/libcodal-core.a(CodalFiber.o)
                              .pioenvs/bluepill_f103c8/src/main.o (codal::fiber_sleep(unsigned long))
.pioenvs/bluepill_f103c8/lib3e7/libcodal-core.a(CodalHeapAllocator.o)
                              .pioenvs/bluepill_f103c8/lib3e7/libcodal-core.a(CodalFiber.o) (malloc)
.pioenvs/bluepill_f103c8/lib3e7/libcodal-core.a(CodalListener.o)
                              .pioenvs/bluepill_f103c8/lib3e7/libcodal-core.a(CodalFiber.o) (codal::Listener::Listener(unsigned short, unsigned short, void (*)(codal::Event), unsigned short))
.pioenvs/bluepill_f103c8/lib3e7/libcodal-core.a(Timer.o)
                              .pioenvs/bluepill_f103c8/lib3e7/libcodal-core.a(CodalFiber.o) (codal::system_timer_current_time())
.pioenvs/bluepill_f103c8/lib3e7/libcodal-core.a(Event.o)
                              .pioenvs/bluepill_f103c8/lib3e7/libcodal-core.a(CodalListener.o) (codal::Event::Event())
.pioenvs/bluepill_f103c8/libfdb/libunity.a(unity.o)
                              .pioenvs/bluepill_f103c8/src/unit_test.o (UnityAssertFloatsWithin)
.pioenvs/bluepill_f103c8/libd88/libnano-float.a(functions.o)
                              .pioenvs/bluepill_f103c8/src/unit_test.o (get_float_usage)
.pioenvs/bluepill_f103c8/libea7/libcocoOS_5.0.3.a(os_event.o)
                              .pioenvs/bluepill_f103c8/src/wisol.o (event_create)
.pioenvs/bluepill_f103c8/libea7/libcocoOS_5.0.3.a(os_kernel.o)
                              .pioenvs/bluepill_f103c8/src/uart.o (running_tid)
.pioenvs/bluepill_f103c8/libea7/libcocoOS_5.0.3.a(os_msgqueue.o)
                              .pioenvs/bluepill_f103c8/libea7/libcocoOS_5.0.3.a(os_kernel.o) (os_msgQ_init)
.pioenvs/bluepill_f103c8/libea7/libcocoOS_5.0.3.a(os_sem.o)
                              .pioenvs/bluepill_f103c8/libea7/libcocoOS_5.0.3.a(os_kernel.o) (os_sem_init)
.pioenvs/bluepill_f103c8/libea7/libcocoOS_5.0.3.a(os_task.o)
                              .pioenvs/bluepill_f103c8/libea7/libcocoOS_5.0.3.a(os_kernel.o) (os_task_init)
.pioenvs/bluepill_f103c8/libea7/libcocoOS_5.0.3.a(os_assert.o)
                              .pioenvs/bluepill_f103c8/libea7/libcocoOS_5.0.3.a(os_event.o) (os_on_assert)
.pioenvs/bluepill_f103c8/libea7/libcocoOS_5.0.3.a(os_cbk.o)
                              .pioenvs/bluepill_f103c8/libea7/libcocoOS_5.0.3.a(os_kernel.o) (os_cbkSleep)
.pioenvs/bluepill_f103c8/lib98a/libnewlib.a(memcpy.o)
                              .pioenvs/bluepill_f103c8/lib3e7/libcodal-core.a(CodalHeapAllocator.o) (memcpy)
.pioenvs/bluepill_f103c8/lib98a/libnewlib.a(memset.o)
                              .pioenvs/bluepill_f103c8/lib3e7/libcodal-core.a(CodalFiber.o) (memset)
.pioenvs/bluepill_f103c8/lib98a/libnewlib.a(strlen.o)
                              .pioenvs/bluepill_f103c8/src/aggregate.o (strlen)
.pioenvs/bluepill_f103c8/lib98a/libnewlib.a(strncat.o)
                              .pioenvs/bluepill_f103c8/src/wisol.o (strncat)
.pioenvs/bluepill_f103c8/lib98a/libnewlib.a(strncmp.o)
                              .pioenvs/bluepill_f103c8/src/aggregate.o (strncmp)
.pioenvs/bluepill_f103c8/lib98a/libnewlib.a(strncpy.o)
                              .pioenvs/bluepill_f103c8/src/aggregate.o (strncpy)
.pioenvs/bluepill_f103c8/lib98a/libnewlib.a(strstr.o)
                              .pioenvs/bluepill_f103c8/src/wisol.o (strstr)
.pioenvs/bluepill_f103c8/lib739/libcm.a(CmPin.o)
                              .pioenvs/bluepill_f103c8/src/main.o (codal::_cm::Pin::setDigitalValue(int))
.pioenvs/bluepill_f103c8/lib739/libcm.a(codal_target_hal.o)
                              .pioenvs/bluepill_f103c8/src/main.o (target_enable_debug)
.pioenvs/bluepill_f103c8/lib271/libbluepill.a(STM32BluePill.o)
                              .pioenvs/bluepill_f103c8/src/main.o (codal::STM32BluePill::init())
.pioenvs/bluepill_f103c8/lib271/libbluepill.a(STM32BluePillIO.o)
                              .pioenvs/bluepill_f103c8/lib271/libbluepill.a(STM32BluePill.o) (codal::STM32BluePillIO::STM32BluePillIO())
.pioenvs/bluepill_f103c8/lib271/libbluepill.a(bluepill.o)
                              .pioenvs/bluepill_f103c8/lib739/libcm.a(codal_target_hal.o) (platform_setup)
.pioenvs/bluepill_f103c8/lib271/libbluepill.a(led.o)
                              .pioenvs/bluepill_f103c8/lib271/libbluepill.a(bluepill.o) (led_setup)
.pioenvs/bluepill_f103c8/lib271/libbluepill.a(timer.o)
                              .pioenvs/bluepill_f103c8/lib739/libcm.a(codal_target_hal.o) (platform_start_timer)
.pioenvs/bluepill_f103c8/lib33e/libuartint.a(uartint.o)
                              .pioenvs/bluepill_f103c8/src/uart.o (UARTInterface::UARTInterface(unsigned int, unsigned int))
[...]
Memory Configuration

Name             Origin             Length             Attributes
rom              0x0000000008000000 0x0000000000010000 xr
ram              0x0000000020000000 0x0000000000005000 xrw
*default*        0x0000000000000000 0xffffffffffffffff

Linker script and memory map

LOAD asm/CortexContextSwitch.s.o
LOAD .pioenvs/bluepill_f103c8/src/aggregate.o
LOAD .pioenvs/bluepill_f103c8/src/downlink.o
LOAD .pioenvs/bluepill_f103c8/src/main.o
LOAD .pioenvs/bluepill_f103c8/src/sensor.o
LOAD .pioenvs/bluepill_f103c8/src/sensor_display.o
LOAD .pioenvs/bluepill_f103c8/src/uart.o
LOAD .pioenvs/bluepill_f103c8/src/unit_test.o
LOAD .pioenvs/bluepill_f103c8/src/wisol.o
LOAD .pioenvs/bluepill_f103c8/src/wstring.o
START GROUP
LOAD .pioenvs/bluepill_f103c8/lib23b/libboost_config.a
LOAD .pioenvs/bluepill_f103c8/lib186/libboost_static_assert.a
LOAD .pioenvs/bluepill_f103c8/lib047/libboost_type_traits.a
LOAD .pioenvs/bluepill_f103c8/libd23/libboost_preprocessor.a
LOAD .pioenvs/bluepill_f103c8/libf3d/libboost_assert.a
LOAD .pioenvs/bluepill_f103c8/lib3c5/libboost_core.a
LOAD .pioenvs/bluepill_f103c8/lib95e/libboost_detail.a
LOAD .pioenvs/bluepill_f103c8/lib64e/libboost_predef.a
LOAD .pioenvs/bluepill_f103c8/libd30/libboost_utility.a
LOAD .pioenvs/bluepill_f103c8/libe2b/libboost_mpl.a
LOAD .pioenvs/bluepill_f103c8/lib609/libboost_iterator.a
LOAD .pioenvs/bluepill_f103c8/libcea/libboost_parameter.a
LOAD .pioenvs/bluepill_f103c8/lib7b0/libboost_lockfree.a
LOAD .pioenvs/bluepill_f103c8/libd9b/liblogger.a
LOAD .pioenvs/bluepill_f103c8/lib3e7/libcodal-core.a
LOAD .pioenvs/bluepill_f103c8/libfdb/libunity.a
LOAD .pioenvs/bluepill_f103c8/libf85/libqfplib.a
LOAD .pioenvs/bluepill_f103c8/libd88/libnano-float.a
LOAD .pioenvs/bluepill_f103c8/libea7/libcocoOS_5.0.3.a
LOAD .pioenvs/bluepill_f103c8/lib98a/libnewlib.a
LOAD .pioenvs/bluepill_f103c8/lib739/libcm.a
LOAD .pioenvs/bluepill_f103c8/lib271/libbluepill.a
LOAD .pioenvs/bluepill_f103c8/lib91e/libspiint.a
LOAD .pioenvs/bluepill_f103c8/libc3f/libsimulator.a
LOAD .pioenvs/bluepill_f103c8/libea2/libi2cint.a
LOAD .pioenvs/bluepill_f103c8/lib9ba/libporting.a
LOAD .pioenvs/bluepill_f103c8/lib573/libadcint.a
LOAD .pioenvs/bluepill_f103c8/lib33e/libuartint.a
LOAD .pioenvs/bluepill_f103c8/libdc9/libBME280.a
LOAD /Users/Luppy/.platformio/packages/toolchain-gccarmnoneeabi/bin/../lib/gcc/arm-none-eabi/7.2.1/thumb/v7-m/libgcc.a
LOAD .pioenvs/bluepill_f103c8/libFrameworkLibOpenCM3.a
END GROUP

.text           0x0000000008000000     0x7f40
 *(SORT_BY_ALIGNMENT(.vectors))
 .vectors       0x0000000008000000      0x150 .pioenvs/bluepill_f103c8/libFrameworkLibOpenCM3.a(vector.o)
                0x0000000008000000                vector_table
 *(SORT_BY_ALIGNMENT(.text*))
 .text.test_aeabi_ddiv
                0x0000000008000150       0x84 .pioenvs/bluepill_f103c8/src/unit_test.o
                0x0000000008000150                test_aeabi_ddiv
 *fill*         0x00000000080001d4        0x4 
 .text.test_aeabi_dmul
                0x00000000080001d8       0x84 .pioenvs/bluepill_f103c8/src/unit_test.o
                0x00000000080001d8                test_aeabi_dmul
 *fill*         0x000000000800025c        0x4 
 .text.test_fabs
                0x0000000008000260      0x158 .pioenvs/bluepill_f103c8/src/unit_test.o
                0x0000000008000260                test_fabs
 .text.test_sqrt
                0x00000000080003b8       0xc8 .pioenvs/bluepill_f103c8/src/unit_test.o
                0x00000000080003b8                test_sqrt
 .text.test_log
                0x0000000008000480       0xd0 .pioenvs/bluepill_f103c8/src/unit_test.o
                0x0000000008000480                test_log
 .text.test_exp
                0x0000000008000550      0x128 .pioenvs/bluepill_f103c8/src/unit_test.o
                0x0000000008000550                test_exp
 .text.test_log10
                0x0000000008000678       0xd0 .pioenvs/bluepill_f103c8/src/unit_test.o
                0x0000000008000678                test_log10
 .text.test_pow
                0x0000000008000748      0x110 .pioenvs/bluepill_f103c8/src/unit_test.o
                0x0000000008000748                test_pow
 .text.test_ldexp
                0x0000000008000858       0xc4 .pioenvs/bluepill_f103c8/src/unit_test.o
                0x0000000008000858                test_ldexp
 *fill*         0x000000000800091c        0x4 
 .text.test_sin
                0x0000000008000920      0x150 .pioenvs/bluepill_f103c8/src/unit_test.o
                0x0000000008000920                test_sin
 .text.test_cos
                0x0000000008000a70      0x158 .pioenvs/bluepill_f103c8/src/unit_test.o
                0x0000000008000a70                test_cos
 .text.test_tan
                0x0000000008000bc8      0x148 .pioenvs/bluepill_f103c8/src/unit_test.o
                0x0000000008000bc8                test_tan
 .text.test_atan2
                0x0000000008000d10      0x218 .pioenvs/bluepill_f103c8/src/unit_test.o
                0x0000000008000d10                test_atan2
 .text.test_atan
                0x0000000008000f28       0xc4 .pioenvs/bluepill_f103c8/src/unit_test.o
                0x0000000008000f28                test_atan
 *fill*         0x0000000008000fec        0x4 
 .text.test_asin
                0x0000000008000ff0       0xa0 .pioenvs/bluepill_f103c8/src/unit_test.o
                0x0000000008000ff0                test_asin
 .text.test_acos
                0x0000000008001090      0x16c .pioenvs/bluepill_f103c8/src/unit_test.o
                0x0000000008001090                test_acos
 *fill*         0x00000000080011fc        0x4 
 .text.test_trunc
                0x0000000008001200      0x170 .pioenvs/bluepill_f103c8/src/unit_test.o
                0x0000000008001200                test_trunc
 .text.test_floor
                0x0000000008001370      0x16c .pioenvs/bluepill_f103c8/src/unit_test.o
                0x0000000008001370                test_floor
 *fill*         0x00000000080014dc        0x4 
 .text.test_ceil
                0x00000000080014e0      0x16c .pioenvs/bluepill_f103c8/src/unit_test.o
                0x00000000080014e0                test_ceil
 *fill*         0x000000000800164c        0x4 
 .text.test_fmod
                0x0000000008001650      0x1d0 .pioenvs/bluepill_f103c8/src/unit_test.o
                0x0000000008001650                test_fmod
 .text.UnityPrintFloat
                0x0000000008001820      0x344 .pioenvs/bluepill_f103c8/libfdb/libunity.a(unity.o)
                0x0000000008001820                UnityPrintFloat
 *fill*         0x0000000008001b64        0x4 
 .text.acos     0x0000000008001b68       0xbc .pioenvs/bluepill_f103c8/libd88/libnano-float.a(functions.o)
                0x0000000008001b68                acos
 .text          0x0000000008001c24      0x124 asm/CortexContextSwitch.s.o
                0x0000000008001c24                swap_context
                0x0000000008001ca6                save_context
                0x0000000008001cea                save_register_context
                0x0000000008001d1a                restore_register_context
 .text._Z10debug_dumpv
                0x0000000008001d48       0x38 .pioenvs/bluepill_f103c8/src/main.o
                0x0000000008001d48                debug_dump()
 .text.startup._GLOBAL__sub_I_serialPort
                0x0000000008001d80       0x10 .pioenvs/bluepill_f103c8/src/uart.o
 .text.test_aeabi_fdiv
                0x0000000008001d90       0x4c .pioenvs/bluepill_f103c8/src/unit_test.o
                0x0000000008001d90                test_aeabi_fdiv
 .text.test_nanofloat
                0x0000000008001ddc      0x2ac .pioenvs/bluepill_f103c8/src/unit_test.o
                0x0000000008001ddc                test_nanofloat
 .text.enable_log
                0x0000000008002088       0x18 .pioenvs/bluepill_f103c8/libd9b/liblogger.a(logger.o)
                0x0000000008002088                enable_log
 .text.debug_flush
                0x00000000080020a0       0x38 .pioenvs/bluepill_f103c8/libd9b/liblogger.a(logger.o)
                0x00000000080020a0                debug_flush
 .text._ZL12debug_appendPKcj
                0x00000000080020d8       0x50 .pioenvs/bluepill_f103c8/libd9b/liblogger.a(logger.o)
 .text._Z11debug_printj
                0x0000000008002128       0x7c .pioenvs/bluepill_f103c8/libd9b/liblogger.a(logger.o)
                0x0000000008002128                debug_print(unsigned int)
 .text._Z11debug_printi
                0x00000000080021a4       0x30 .pioenvs/bluepill_f103c8/libd9b/liblogger.a(logger.o)
                0x00000000080021a4                debug_print(int)
 .text.debug_println
                0x00000000080021d4       0x1c .pioenvs/bluepill_f103c8/libd9b/liblogger.a(logger.o)
                0x00000000080021d4                debug_println
 .text._Z13debug_printlni
                0x00000000080021f0       0x18 .pioenvs/bluepill_f103c8/libd9b/liblogger.a(logger.o)
                0x00000000080021f0                debug_println(int)
 .text._ZN5codal10EventModel6listenEiiPFvNS_5EventEEt
                0x0000000008002208       0x60 .pioenvs/bluepill_f103c8/lib3e7/libcodal-core.a(CodalFiber.o)
                0x0000000008002208                codal::EventModel::listen(int, int, void (*)(codal::Event), unsigned short)
 .text._ZN5codal14scheduler_tickENS_5EventE
                0x0000000008002268       0x38 .pioenvs/bluepill_f103c8/lib3e7/libcodal-core.a(CodalFiber.o)
                0x0000000008002268                codal::scheduler_tick(codal::Event)
 .text._ZN5codal15scheduler_eventENS_5EventE
                0x00000000080022a0       0xc0 .pioenvs/bluepill_f103c8/lib3e7/libcodal-core.a(CodalFiber.o)
                0x00000000080022a0                codal::scheduler_event(codal::Event)
 .text._Z15getFiberContextv
                0x0000000008002360       0x50 .pioenvs/bluepill_f103c8/lib3e7/libcodal-core.a(CodalFiber.o)
                0x0000000008002360                getFiberContext()
 .text._ZL10handle_fobv
                0x00000000080023b0       0x2c .pioenvs/bluepill_f103c8/lib3e7/libcodal-core.a(CodalFiber.o)
 .text._ZN5codal23fiber_scheduler_runningEv
                0x00000000080023dc       0x10 .pioenvs/bluepill_f103c8/lib3e7/libcodal-core.a(CodalFiber.o)
                0x00000000080023dc                codal::fiber_scheduler_running()
 .text._ZN5codal14scheduler_initERNS_10EventModelE
                0x00000000080023ec       0xac .pioenvs/bluepill_f103c8/lib3e7/libcodal-core.a(CodalFiber.o)
                0x00000000080023ec                codal::scheduler_init(codal::EventModel&)
 .text._ZN5codal19fiber_wake_on_eventEtt
                0x0000000008002498       0x5c .pioenvs/bluepill_f103c8/lib3e7/libcodal-core.a(CodalFiber.o)
                0x0000000008002498                codal::fiber_wake_on_event(unsigned short, unsigned short)
 .text._Z14__create_fibermmmi
                0x00000000080024f4       0x64 .pioenvs/bluepill_f103c8/lib3e7/libcodal-core.a(CodalFiber.o)
                0x00000000080024f4                __create_fiber(unsigned long, unsigned long, unsigned long, int)
 .text._ZN5codal17verify_stack_sizeEPNS_5FiberE
                0x0000000008002558       0x44 .pioenvs/bluepill_f103c8/lib3e7/libcodal-core.a(CodalFiber.o)
                0x0000000008002558                codal::verify_stack_size(codal::Fiber*)
 .text._ZN5codal24scheduler_runqueue_emptyEv
                0x000000000800259c       0x10 .pioenvs/bluepill_f103c8/lib3e7/libcodal-core.a(CodalFiber.o)
                0x000000000800259c                codal::scheduler_runqueue_empty()
 .text._ZN5codal4idleEv
                0x00000000080025ac       0x3c .pioenvs/bluepill_f103c8/lib3e7/libcodal-core.a(CodalFiber.o)
                0x00000000080025ac                codal::idle()
 .text._ZN5codal8scheduleEv
                0x00000000080025e8      0x108 .pioenvs/bluepill_f103c8/lib3e7/libcodal-core.a(CodalFiber.o)
                0x00000000080025e8                codal::schedule()
 .text._ZN5codal11fiber_sleepEm
                0x00000000080026f0       0x3c .pioenvs/bluepill_f103c8/lib3e7/libcodal-core.a(CodalFiber.o)
                0x00000000080026f0                codal::fiber_sleep(unsigned long)
 .text._ZN5codal13release_fiberEv
                0x000000000800272c       0x6c .pioenvs/bluepill_f103c8/lib3e7/libcodal-core.a(CodalFiber.o)
                0x000000000800272c                codal::release_fiber()
 .text._ZN5codal6invokeEPFvPvES0_
                0x0000000008002798       0x80 .pioenvs/bluepill_f103c8/lib3e7/libcodal-core.a(CodalFiber.o)
                0x0000000008002798                codal::invoke(void (*)(void*), void*)
 .text._Z18device_create_heapmm
                0x0000000008002818       0x3c .pioenvs/bluepill_f103c8/lib3e7/libcodal-core.a(CodalHeapAllocator.o)
                0x0000000008002818                device_create_heap(unsigned long, unsigned long)
 .text.device_malloc
                0x0000000008002854       0x48 .pioenvs/bluepill_f103c8/lib3e7/libcodal-core.a(CodalHeapAllocator.o)
                0x0000000008002854                malloc
                0x0000000008002854                device_malloc
 .text.device_free
                0x000000000800289c       0x40 .pioenvs/bluepill_f103c8/lib3e7/libcodal-core.a(CodalHeapAllocator.o)
                0x000000000800289c                device_free
                0x000000000800289c                free
 .text._ZN5codal5TimerC2Ev
                0x00000000080028dc       0x34 .pioenvs/bluepill_f103c8/lib3e7/libcodal-core.a(Timer.o)
                0x00000000080028dc                codal::Timer::Timer()
                0x00000000080028dc                codal::Timer::Timer()
 .text._ZN5codal25system_timer_current_timeEv
                0x0000000008002910       0x10 .pioenvs/bluepill_f103c8/lib3e7/libcodal-core.a(Timer.o)
                0x0000000008002910                codal::system_timer_current_time()
 .text._ZN5codal27system_timer_event_every_usEmtt
                0x0000000008002920       0x24 .pioenvs/bluepill_f103c8/lib3e7/libcodal-core.a(Timer.o)
                0x0000000008002920                codal::system_timer_event_every_us(unsigned long, unsigned short, unsigned short)
 .text._ZN5codal5Event4fireEv
                0x0000000008002944       0x20 .pioenvs/bluepill_f103c8/lib3e7/libcodal-core.a(Event.o)
                0x0000000008002944                codal::Event::fire()
 .text.UnityTestResultsBegin
                0x0000000008002964       0x30 .pioenvs/bluepill_f103c8/libfdb/libunity.a(unity.o)
 .text.UnityTestResultsFailBegin
                0x0000000008002994       0x24 .pioenvs/bluepill_f103c8/libfdb/libunity.a(unity.o)
 .text.UnityAddMsgIfSpecified
                0x00000000080029b8       0x50 .pioenvs/bluepill_f103c8/libfdb/libunity.a(unity.o)
 .text.UnityConcludeTest
                0x0000000008002a08       0x44 .pioenvs/bluepill_f103c8/libfdb/libunity.a(unity.o)
                0x0000000008002a08                UnityConcludeTest
 .text.UnityAssertFloatsWithin
                0x0000000008002a4c       0x58 .pioenvs/bluepill_f103c8/libfdb/libunity.a(unity.o)
                0x0000000008002a4c                UnityAssertFloatsWithin
 .text.UnityAssertDoublesWithin
                0x0000000008002aa4       0x60 .pioenvs/bluepill_f103c8/libfdb/libunity.a(unity.o)
                0x0000000008002aa4                UnityAssertDoublesWithin
 .text.UnityDefaultTestRun
                0x0000000008002b04       0x2c .pioenvs/bluepill_f103c8/libfdb/libunity.a(unity.o)
                0x0000000008002b04                UnityDefaultTestRun
 .text.UnityBegin
                0x0000000008002b30       0x20 .pioenvs/bluepill_f103c8/libfdb/libunity.a(unity.o)
                0x0000000008002b30                UnityBegin
 .text.UnityEnd
                0x0000000008002b50       0x74 .pioenvs/bluepill_f103c8/libfdb/libunity.a(unity.o)
                0x0000000008002b50                UnityEnd
 .text.get_float_usage
                0x0000000008002bc4        0xc .pioenvs/bluepill_f103c8/libd88/libnano-float.a(functions.o)
                0x0000000008002bc4                get_float_usage
 .text.sqrt     0x0000000008002bd0       0x1c .pioenvs/bluepill_f103c8/libd88/libnano-float.a(functions.o)
                0x0000000008002bd0                sqrt
 .text.log      0x0000000008002bec       0x1c .pioenvs/bluepill_f103c8/libd88/libnano-float.a(functions.o)
                0x0000000008002bec                log
 .text.exp      0x0000000008002c08       0x1c .pioenvs/bluepill_f103c8/libd88/libnano-float.a(functions.o)
                0x0000000008002c08                exp
 .text.log10    0x0000000008002c24       0x28 .pioenvs/bluepill_f103c8/libd88/libnano-float.a(functions.o)
                0x0000000008002c24                log10
 .text.pow      0x0000000008002c4c       0x88 .pioenvs/bluepill_f103c8/libd88/libnano-float.a(functions.o)
                0x0000000008002c4c                pow
 .text.ldexp    0x0000000008002cd4       0x40 .pioenvs/bluepill_f103c8/libd88/libnano-float.a(functions.o)
                0x0000000008002cd4                ldexp
 .text.sin      0x0000000008002d14       0x1c .pioenvs/bluepill_f103c8/libd88/libnano-float.a(functions.o)
                0x0000000008002d14                sin
 .text.cos      0x0000000008002d30       0x34 .pioenvs/bluepill_f103c8/libd88/libnano-float.a(functions.o)
                0x0000000008002d30                cos
 .text.tan      0x0000000008002d64       0x1c .pioenvs/bluepill_f103c8/libd88/libnano-float.a(functions.o)
                0x0000000008002d64                tan
 .text.atan2    0x0000000008002d80       0x50 .pioenvs/bluepill_f103c8/libd88/libnano-float.a(functions.o)
                0x0000000008002d80                atan2
 .text.atan     0x0000000008002dd0       0xa8 .pioenvs/bluepill_f103c8/libd88/libnano-float.a(functions.o)
                0x0000000008002dd0                atan
 .text.asin     0x0000000008002e78       0x88 .pioenvs/bluepill_f103c8/libd88/libnano-float.a(functions.o)
                0x0000000008002e78                asin
 .text.trunc    0x0000000008002f00       0x7c .pioenvs/bluepill_f103c8/libd88/libnano-float.a(functions.o)
                0x0000000008002f00                trunc
 .text.floor    0x0000000008002f7c       0x78 .pioenvs/bluepill_f103c8/libd88/libnano-float.a(functions.o)
                0x0000000008002f7c                floor
 .text.ceil     0x0000000008002ff4       0x7c .pioenvs/bluepill_f103c8/libd88/libnano-float.a(functions.o)
                0x0000000008002ff4                ceil
 .text.fmod     0x0000000008003070      0x144 .pioenvs/bluepill_f103c8/libd88/libnano-float.a(functions.o)
                0x0000000008003070                fmod
 .text.os_event_init
                0x00000000080031b4        0xc .pioenvs/bluepill_f103c8/libea7/libcocoOS_5.0.3.a(os_event.o)
                0x00000000080031b4                os_event_init
 .text.os_init  0x00000000080031c0       0x34 .pioenvs/bluepill_f103c8/libea7/libcocoOS_5.0.3.a(os_kernel.o)
                0x00000000080031c0                os_init
 .text.os_msgQ_init
                0x00000000080031f4       0x24 .pioenvs/bluepill_f103c8/libea7/libcocoOS_5.0.3.a(os_msgqueue.o)
                0x00000000080031f4                os_msgQ_init
 .text.os_sem_init
                0x0000000008003218        0xc .pioenvs/bluepill_f103c8/libea7/libcocoOS_5.0.3.a(os_sem.o)
                0x0000000008003218                os_sem_init
 .text.os_task_init
                0x0000000008003224       0x40 .pioenvs/bluepill_f103c8/libea7/libcocoOS_5.0.3.a(os_task.o)
                0x0000000008003224                os_task_init
 .text._ZN5codal3_cm3Pin14setAnalogValueEi
                0x0000000008003264       0x1c .pioenvs/bluepill_f103c8/lib739/libcm.a(CmPin.o)
                0x0000000008003264                codal::_cm::Pin::setAnalogValue(int)
 .text._ZN5codal3_cm3Pin13setServoValueEiii
                0x0000000008003280       0x2c .pioenvs/bluepill_f103c8/lib739/libcm.a(CmPin.o)
                0x0000000008003280                codal::_cm::Pin::setServoValue(int, int, int)
 .text._ZN5codal3_cm3Pin9isTouchedEv
                0x00000000080032ac        0x8 .pioenvs/bluepill_f103c8/lib739/libcm.a(CmPin.o)
                0x00000000080032ac                codal::_cm::Pin::isTouched()
 .text._ZN5codal3_cm3Pin17getAnalogPeriodUsEv
                0x00000000080032b4        0x8 .pioenvs/bluepill_f103c8/lib739/libcm.a(CmPin.o)
                0x00000000080032b4                codal::_cm::Pin::getAnalogPeriodUs()
 .text._ZN5codal3_cm3Pin15setDigitalValueEi
                0x00000000080032bc       0x80 .pioenvs/bluepill_f103c8/lib739/libcm.a(CmPin.o)
                0x00000000080032bc                codal::_cm::Pin::setDigitalValue(int)
 .text._ZN5codal3_cm3PinC2EhmmtNS_13PinCapabilityE
                0x000000000800333c       0x2c .pioenvs/bluepill_f103c8/lib739/libcm.a(CmPin.o)
                0x000000000800333c                codal::_cm::Pin::Pin(unsigned char, unsigned long, unsigned long, unsigned short, codal::PinCapability)
                0x000000000800333c                codal::_cm::Pin::Pin(unsigned char, unsigned long, unsigned long, unsigned short, codal::PinCapability)
 .text._ZL10timer_tickv
                0x0000000008003368       0x10 .pioenvs/bluepill_f103c8/lib739/libcm.a(codal_target_hal.o)
 .text._Z25stm32bluepill_dmesg_flushv
                0x0000000008003378       0x38 .pioenvs/bluepill_f103c8/lib739/libcm.a(codal_target_hal.o)
                0x0000000008003378                stm32bluepill_dmesg_flush()
 .text.target_set_tick_callback
                0x00000000080033b0        0xc .pioenvs/bluepill_f103c8/lib739/libcm.a(codal_target_hal.o)
                0x00000000080033b0                target_set_tick_callback
 .text.target_init
                0x00000000080033bc       0x34 .pioenvs/bluepill_f103c8/lib739/libcm.a(codal_target_hal.o)
                0x00000000080033bc                target_init
 .text.target_wait
                0x00000000080033f0       0x24 .pioenvs/bluepill_f103c8/lib739/libcm.a(codal_target_hal.o)
                0x00000000080033f0                target_wait
 .text.target_panic
                0x0000000008003414       0x20 .pioenvs/bluepill_f103c8/lib739/libcm.a(codal_target_hal.o)
                0x0000000008003414                target_panic
 .text.fiber_initial_stack_base
                0x0000000008003434        0x8 .pioenvs/bluepill_f103c8/lib739/libcm.a(codal_target_hal.o)
                0x0000000008003434                fiber_initial_stack_base
 .text.test_codal
                0x000000000800343c       0x70 .pioenvs/bluepill_f103c8/lib739/libcm.a(codal_target_hal.o)
                0x000000000800343c                test_codal
 .text._ZN5codal14CodalComponent4initEv
                0x00000000080034ac        0x8 .pioenvs/bluepill_f103c8/lib271/libbluepill.a(STM32BluePill.o)
                0x00000000080034ac                codal::CodalComponent::init()
 .text._ZN5codal14CodalComponentD2Ev
                0x00000000080034b4       0x18 .pioenvs/bluepill_f103c8/lib271/libbluepill.a(STM32BluePill.o)
                0x00000000080034b4                codal::CodalComponent::~CodalComponent()
                0x00000000080034b4                codal::CodalComponent::~CodalComponent()
 .text._ZN5codal13STM32BluePill4initEv
                0x00000000080034cc       0x4c .pioenvs/bluepill_f103c8/lib271/libbluepill.a(STM32BluePill.o)
                0x00000000080034cc                codal::STM32BluePill::init()
 .text._ZN5codal13STM32BluePillC2Ev
                0x0000000008003518       0x98 .pioenvs/bluepill_f103c8/lib271/libbluepill.a(STM32BluePill.o)
                0x0000000008003518                codal::STM32BluePill::STM32BluePill()
                0x0000000008003518                codal::STM32BluePill::STM32BluePill()
 .text._ZN5codal13STM32BluePillD2Ev
                0x00000000080035b0       0x40 .pioenvs/bluepill_f103c8/lib271/libbluepill.a(STM32BluePill.o)
                0x00000000080035b0                codal::STM32BluePill::~STM32BluePill()
                0x00000000080035b0                codal::STM32BluePill::~STM32BluePill()
 .text._ZN5codal15STM32BluePillIOC2Ev
                0x00000000080035f0      0xaf0 .pioenvs/bluepill_f103c8/lib271/libbluepill.a(STM32BluePillIO.o)
                0x00000000080035f0                codal::STM32BluePillIO::STM32BluePillIO()
                0x00000000080035f0                codal::STM32BluePillIO::STM32BluePillIO()
 .text.platform_setup
                0x00000000080040e0       0x4c .pioenvs/bluepill_f103c8/lib271/libbluepill.a(bluepill.o)
                0x00000000080040e0                platform_setup
 .text.enable_debug
                0x000000000800412c       0x10 .pioenvs/bluepill_f103c8/lib271/libbluepill.a(bluepill.o)
                0x000000000800412c                enable_debug
 .text.led_setup
                0x000000000800413c       0x20 .pioenvs/bluepill_f103c8/lib271/libbluepill.a(led.o)
                0x000000000800413c                led_setup
 .text.led_on   0x000000000800415c       0x10 .pioenvs/bluepill_f103c8/lib271/libbluepill.a(led.o)
                0x000000000800415c                led_on
 .text.led_off  0x000000000800416c       0x10 .pioenvs/bluepill_f103c8/lib271/libbluepill.a(led.o)
                0x000000000800416c                led_off
 .text.led_wait
                0x000000000800417c       0x10 .pioenvs/bluepill_f103c8/lib271/libbluepill.a(led.o)
                0x000000000800417c                led_wait
 .text.platform_start_timer
                0x000000000800418c      0x100 .pioenvs/bluepill_f103c8/lib271/libbluepill.a(timer.o)
                0x000000000800418c                platform_start_timer
 .text.rtc_isr  0x000000000800428c       0x40 .pioenvs/bluepill_f103c8/lib271/libbluepill.a(timer.o)
                0x000000000800428c                rtc_isr
 .text.rtc_alarm_isr
                0x00000000080042cc       0x20 .pioenvs/bluepill_f103c8/lib271/libbluepill.a(timer.o)
                0x00000000080042cc                rtc_alarm_isr
 .text.platform_alarm_count
                0x00000000080042ec        0xc .pioenvs/bluepill_f103c8/lib271/libbluepill.a(timer.o)
                0x00000000080042ec                platform_alarm_count
 .text.usart2_isr
                0x00000000080042f8       0x50 .pioenvs/bluepill_f103c8/lib33e/libuartint.a(uartint.o)
                0x00000000080042f8                usart2_isr
 .text.startup._GLOBAL__sub_I__ZN13UARTInterfaceC2Ejj
                0x0000000008004348       0x10 .pioenvs/bluepill_f103c8/lib33e/libuartint.a(uartint.o)
 .text          0x0000000008004358      0x378 /Users/Luppy/.platformio/packages/toolchain-gccarmnoneeabi/bin/../lib/gcc/arm-none-eabi/7.2.1/thumb/v7-m/libgcc.a(_arm_addsubdf3.o)
                0x0000000008004358                __aeabi_drsub
                0x0000000008004360                __subdf3
                0x0000000008004360                __aeabi_dsub
                0x0000000008004364                __aeabi_dadd
                0x0000000008004364                __adddf3
                0x00000000080045dc                __aeabi_ui2d
                0x00000000080045dc                __floatunsidf
                0x00000000080045fc                __floatsidf
                0x00000000080045fc                __aeabi_i2d
                0x0000000008004620                __extendsfdf2
                0x0000000008004620                __aeabi_f2d
                0x0000000008004664                __aeabi_ul2d
                0x0000000008004664                __floatundidf
                0x0000000008004674                __aeabi_l2d
                0x0000000008004674                __floatdidf
 .text          0x00000000080046d0      0x424 /Users/Luppy/.platformio/packages/toolchain-gccarmnoneeabi/bin/../lib/gcc/arm-none-eabi/7.2.1/thumb/v7-m/libgcc.a(_arm_muldivdf3.o)
                0x00000000080046d0                __aeabi_dmul
                0x00000000080046d0                __muldf3
                0x0000000008004924                __aeabi_ddiv
                0x0000000008004924                __divdf3
 .text          0x0000000008004af4      0x110 /Users/Luppy/.platformio/packages/toolchain-gccarmnoneeabi/bin/../lib/gcc/arm-none-eabi/7.2.1/thumb/v7-m/libgcc.a(_arm_cmpdf2.o)
                0x0000000008004af4                __gedf2
                0x0000000008004af4                __gtdf2
                0x0000000008004afc                __ledf2
                0x0000000008004afc                __ltdf2
                0x0000000008004b04                __cmpdf2
                0x0000000008004b04                __eqdf2
                0x0000000008004b04                __nedf2
                0x0000000008004b80                __aeabi_cdrcmple
                0x0000000008004b90                __aeabi_cdcmple
                0x0000000008004b90                __aeabi_cdcmpeq
                0x0000000008004ba0                __aeabi_dcmpeq
                0x0000000008004bb4                __aeabi_dcmplt
                0x0000000008004bc8                __aeabi_dcmple
                0x0000000008004bdc                __aeabi_dcmpge
                0x0000000008004bf0                __aeabi_dcmpgt
 .text          0x0000000008004c04       0x2c /Users/Luppy/.platformio/packages/toolchain-gccarmnoneeabi/bin/../lib/gcc/arm-none-eabi/7.2.1/thumb/v7-m/libgcc.a(_arm_unorddf2.o)
                0x0000000008004c04                __aeabi_dcmpun
                0x0000000008004c04                __unorddf2
 .text          0x0000000008004c30       0x50 /Users/Luppy/.platformio/packages/toolchain-gccarmnoneeabi/bin/../lib/gcc/arm-none-eabi/7.2.1/thumb/v7-m/libgcc.a(_arm_fixdfsi.o)
                0x0000000008004c30                __fixdfsi
                0x0000000008004c30                __aeabi_d2iz
 .text          0x0000000008004c80       0xa0 /Users/Luppy/.platformio/packages/toolchain-gccarmnoneeabi/bin/../lib/gcc/arm-none-eabi/7.2.1/thumb/v7-m/libgcc.a(_arm_truncdfsf2.o)
                0x0000000008004c80                __aeabi_d2f
                0x0000000008004c80                __truncdfsf2
 .text          0x0000000008004d20      0x21c /Users/Luppy/.platformio/packages/toolchain-gccarmnoneeabi/bin/../lib/gcc/arm-none-eabi/7.2.1/thumb/v7-m/libgcc.a(_arm_addsubsf3.o)
                0x0000000008004d20                __aeabi_frsub
                0x0000000008004d28                __aeabi_fsub
                0x0000000008004d28                __subsf3
                0x0000000008004d2c                __aeabi_fadd
                0x0000000008004d2c                __addsf3
                0x0000000008004e8c                __aeabi_ui2f
                0x0000000008004e8c                __floatunsisf
                0x0000000008004e94                __floatsisf
                0x0000000008004e94                __aeabi_i2f
                0x0000000008004eb0                __aeabi_ul2f
                0x0000000008004eb0                __floatundisf
                0x0000000008004ec0                __aeabi_l2f
                0x0000000008004ec0                __floatdisf
 .text          0x0000000008004f3c      0x2a0 /Users/Luppy/.platformio/packages/toolchain-gccarmnoneeabi/bin/../lib/gcc/arm-none-eabi/7.2.1/thumb/v7-m/libgcc.a(_arm_muldivsf3.o)
                0x0000000008004f3c                __mulsf3
                0x0000000008004f3c                __aeabi_fmul
                0x00000000080050a4                __divsf3
                0x00000000080050a4                __aeabi_fdiv
 .text          0x00000000080051dc       0xec /Users/Luppy/.platformio/packages/toolchain-gccarmnoneeabi/bin/../lib/gcc/arm-none-eabi/7.2.1/thumb/v7-m/libgcc.a(_arm_cmpsf2.o)
                0x00000000080051dc                __gesf2
                0x00000000080051dc                __gtsf2
                0x00000000080051e4                __ltsf2
                0x00000000080051e4                __lesf2
                0x00000000080051ec                __nesf2
                0x00000000080051ec                __eqsf2
                0x00000000080051ec                __cmpsf2
                0x000000000800524c                __aeabi_cfrcmple
                0x0000000008005254                __aeabi_cfcmpeq
                0x0000000008005254                __aeabi_cfcmple
                0x0000000008005264                __aeabi_fcmpeq
                0x0000000008005278                __aeabi_fcmplt
                0x000000000800528c                __aeabi_fcmple
                0x00000000080052a0                __aeabi_fcmpge
                0x00000000080052b4                __aeabi_fcmpgt
 .text.rcc_osc_on.part.0
                0x00000000080052c8       0x10 .pioenvs/bluepill_f103c8/libFrameworkLibOpenCM3.a(rcc.o)
 .text.rcc_wait_for_osc_ready
                0x00000000080052d8       0x64 .pioenvs/bluepill_f103c8/libFrameworkLibOpenCM3.a(rcc.o)
                0x00000000080052d8                rcc_wait_for_osc_ready
 .text.rcc_osc_on
                0x000000000800533c       0x54 .pioenvs/bluepill_f103c8/libFrameworkLibOpenCM3.a(rcc.o)
                0x000000000800533c                rcc_osc_on
 .text.rcc_set_sysclk_source
                0x0000000008005390       0x14 .pioenvs/bluepill_f103c8/libFrameworkLibOpenCM3.a(rcc.o)
                0x0000000008005390                rcc_set_sysclk_source
 .text.rcc_set_pll_multiplication_factor
                0x00000000080053a4       0x14 .pioenvs/bluepill_f103c8/libFrameworkLibOpenCM3.a(rcc.o)
                0x00000000080053a4                rcc_set_pll_multiplication_factor
 .text.rcc_set_pll_source
                0x00000000080053b8       0x14 .pioenvs/bluepill_f103c8/libFrameworkLibOpenCM3.a(rcc.o)
                0x00000000080053b8                rcc_set_pll_source
 .text.rcc_set_pllxtpre
                0x00000000080053cc       0x14 .pioenvs/bluepill_f103c8/libFrameworkLibOpenCM3.a(rcc.o)
                0x00000000080053cc                rcc_set_pllxtpre
 .text.rcc_enable_rtc_clock
                0x00000000080053e0       0x10 .pioenvs/bluepill_f103c8/libFrameworkLibOpenCM3.a(rcc.o)
                0x00000000080053e0                rcc_enable_rtc_clock
 .text.rcc_set_rtc_clock_source
                0x00000000080053f0       0x90 .pioenvs/bluepill_f103c8/libFrameworkLibOpenCM3.a(rcc.o)
                0x00000000080053f0                rcc_set_rtc_clock_source
 .text.rcc_set_adcpre
                0x0000000008005480       0x14 .pioenvs/bluepill_f103c8/libFrameworkLibOpenCM3.a(rcc.o)
                0x0000000008005480                rcc_set_adcpre
 .text.rcc_set_ppre2
                0x0000000008005494       0x14 .pioenvs/bluepill_f103c8/libFrameworkLibOpenCM3.a(rcc.o)
                0x0000000008005494                rcc_set_ppre2
 .text.rcc_set_ppre1
                0x00000000080054a8       0x14 .pioenvs/bluepill_f103c8/libFrameworkLibOpenCM3.a(rcc.o)
                0x00000000080054a8                rcc_set_ppre1
 .text.rcc_set_hpre
                0x00000000080054bc       0x14 .pioenvs/bluepill_f103c8/libFrameworkLibOpenCM3.a(rcc.o)
                0x00000000080054bc                rcc_set_hpre
 .text.rcc_clock_setup_in_hse_8mhz_out_72mhz
                0x00000000080054d0       0x8c .pioenvs/bluepill_f103c8/libFrameworkLibOpenCM3.a(rcc.o)
                0x00000000080054d0                rcc_clock_setup_in_hse_8mhz_out_72mhz
 .text.rtc_enter_config_mode
                0x000000000800555c       0x18 .pioenvs/bluepill_f103c8/libFrameworkLibOpenCM3.a(rtc.o)
                0x000000000800555c                rtc_enter_config_mode
 .text.rtc_exit_config_mode
                0x0000000008005574       0x18 .pioenvs/bluepill_f103c8/libFrameworkLibOpenCM3.a(rtc.o)
                0x0000000008005574                rtc_exit_config_mode
 .text.rtc_awake_from_off
                0x000000000800558c       0x6c .pioenvs/bluepill_f103c8/libFrameworkLibOpenCM3.a(rtc.o)
                0x000000000800558c                rtc_awake_from_off
 .text.rtc_set_alarm_time
                0x00000000080055f8       0x20 .pioenvs/bluepill_f103c8/libFrameworkLibOpenCM3.a(rtc.o)
                0x00000000080055f8                rtc_set_alarm_time
 .text.rtc_set_prescale_val
                0x0000000008005618       0x20 .pioenvs/bluepill_f103c8/libFrameworkLibOpenCM3.a(rtc.o)
                0x0000000008005618                rtc_set_prescale_val
 .text.rtc_get_counter_val
                0x0000000008005638       0x14 .pioenvs/bluepill_f103c8/libFrameworkLibOpenCM3.a(rtc.o)
                0x0000000008005638                rtc_get_counter_val
 .text.rtc_set_counter_val
                0x000000000800564c       0x1c .pioenvs/bluepill_f103c8/libFrameworkLibOpenCM3.a(rtc.o)
                0x000000000800564c                rtc_set_counter_val
 .text.rtc_interrupt_enable
                0x0000000008005668       0x3c .pioenvs/bluepill_f103c8/libFrameworkLibOpenCM3.a(rtc.o)
                0x0000000008005668                rtc_interrupt_enable
 .text.rtc_interrupt_disable
                0x00000000080056a4       0x3c .pioenvs/bluepill_f103c8/libFrameworkLibOpenCM3.a(rtc.o)
                0x00000000080056a4                rtc_interrupt_disable
 .text.rtc_clear_flag
                0x00000000080056e0       0x30 .pioenvs/bluepill_f103c8/libFrameworkLibOpenCM3.a(rtc.o)
                0x00000000080056e0                rtc_clear_flag
 .text.rtc_check_flag
                0x0000000008005710       0x30 .pioenvs/bluepill_f103c8/libFrameworkLibOpenCM3.a(rtc.o)
                0x0000000008005710                rtc_check_flag
 .text.pwr_disable_backup_domain_write_protect
                0x0000000008005740       0x10 .pioenvs/bluepill_f103c8/libFrameworkLibOpenCM3.a(pwr_common_all.o)
                0x0000000008005740                pwr_disable_backup_domain_write_protect
 .text.exti_set_trigger
                0x0000000008005750       0x3c .pioenvs/bluepill_f103c8/libFrameworkLibOpenCM3.a(exti_common_all.o)
                0x0000000008005750                exti_set_trigger
 .text.exti_enable_request
                0x000000000800578c       0x14 .pioenvs/bluepill_f103c8/libFrameworkLibOpenCM3.a(exti_common_all.o)
                0x000000000800578c                exti_enable_request
 .text.exti_reset_request
                0x00000000080057a0        0xc .pioenvs/bluepill_f103c8/libFrameworkLibOpenCM3.a(exti_common_all.o)
                0x00000000080057a0                exti_reset_request
 .text.flash_set_ws
                0x00000000080057ac       0x14 .pioenvs/bluepill_f103c8/libFrameworkLibOpenCM3.a(flash_common_f01.o)
                0x00000000080057ac                flash_set_ws
 .text.reset_handler
                0x00000000080057c0       0x90 .pioenvs/bluepill_f103c8/libFrameworkLibOpenCM3.a(vector.o)
                0x00000000080057c0                reset_handler
 .text._Z18component_callbackN5codal5EventE
                0x0000000008005850       0x58 .pioenvs/bluepill_f103c8/lib3e7/libcodal-core.a(CodalComponent.o)
                0x0000000008005850                component_callback(codal::Event)
 .text._ZN5codal14CodalComponent12addComponentEv
                0x00000000080058a8       0x70 .pioenvs/bluepill_f103c8/lib3e7/libcodal-core.a(CodalComponent.o)
                0x00000000080058a8                codal::CodalComponent::addComponent()
 .text._ZN5codal14CodalComponent15removeComponentEv
                0x0000000008005918       0x20 .pioenvs/bluepill_f103c8/lib3e7/libcodal-core.a(CodalComponent.o)
                0x0000000008005918                codal::CodalComponent::removeComponent()
 .text.codal_dmesg_set_flush_fn
                0x0000000008005938        0xc .pioenvs/bluepill_f103c8/lib3e7/libcodal-core.a(CodalDmesg.o)
                0x0000000008005938                codal_dmesg_set_flush_fn
 .text.codal_dmesg_flush
                0x0000000008005944       0x10 .pioenvs/bluepill_f103c8/lib3e7/libcodal-core.a(CodalDmesg.o)
                0x0000000008005944                codal_dmesg_flush
 .text._ZN5codal6SerialC2ERNS_3PinES2_hht
                0x0000000008005954       0x5c .pioenvs/bluepill_f103c8/lib3e7/libcodal-core.a(Serial.o)
                0x0000000008005954                codal::Serial::Serial(codal::Pin&, codal::Pin&, unsigned char, unsigned char, unsigned short)
                0x0000000008005954                codal::Serial::Serial(codal::Pin&, codal::Pin&, unsigned char, unsigned char, unsigned short)
 .text._ZN5codal6SerialD2Ev
                0x00000000080059b0       0x1c .pioenvs/bluepill_f103c8/lib3e7/libcodal-core.a(Serial.o)
                0x00000000080059b0                codal::Serial::~Serial()
                0x00000000080059b0                codal::Serial::~Serial()
 .text._ZN5codal10EventModel4sendENS_5EventE
                0x00000000080059cc       0x14 .pioenvs/bluepill_f103c8/lib3e7/libcodal-core.a(MessageBus.o)
                0x00000000080059cc                codal::EventModel::send(codal::Event)
 .text._ZN5codal10EventModel3addEPNS_8ListenerE
                0x00000000080059e0        0x8 .pioenvs/bluepill_f103c8/lib3e7/libcodal-core.a(MessageBus.o)
                0x00000000080059e0                codal::EventModel::add(codal::Listener*)
 .text._ZN5codal10EventModel6removeEPNS_8ListenerE
                0x00000000080059e8        0x8 .pioenvs/bluepill_f103c8/lib3e7/libcodal-core.a(MessageBus.o)
                0x00000000080059e8                codal::EventModel::remove(codal::Listener*)
 .text._ZN5codal10MessageBus6removeEPNS_8ListenerE
                0x00000000080059f0       0x70 .pioenvs/bluepill_f103c8/lib3e7/libcodal-core.a(MessageBus.o)
                0x00000000080059f0                codal::MessageBus::remove(codal::Listener*)
 .text._ZN5codal10MessageBus3addEPNS_8ListenerE
                0x0000000008005a60       0xbc .pioenvs/bluepill_f103c8/lib3e7/libcodal-core.a(MessageBus.o)
                0x0000000008005a60                codal::MessageBus::add(codal::Listener*)
 .text._ZN5codal10MessageBusD2Ev
                0x0000000008005b1c       0x78 .pioenvs/bluepill_f103c8/lib3e7/libcodal-core.a(MessageBus.o)
                0x0000000008005b1c                codal::MessageBus::~MessageBus()
                0x0000000008005b1c                codal::MessageBus::~MessageBus()
 .text._ZN5codal10MessageBusC2Ev
                0x0000000008005b94       0xa8 .pioenvs/bluepill_f103c8/lib3e7/libcodal-core.a(MessageBus.o)
                0x0000000008005b94                codal::MessageBus::MessageBus()
                0x0000000008005b94                codal::MessageBus::MessageBus()
 .text._ZN5codal10MessageBus7processERNS_5EventEb
                0x0000000008005c3c       0x84 .pioenvs/bluepill_f103c8/lib3e7/libcodal-core.a(MessageBus.o)
                0x0000000008005c3c                codal::MessageBus::process(codal::Event&, bool)
 .text._ZN5codal19allocateNotifyEventEv
                0x0000000008005cc0       0x10 .pioenvs/bluepill_f103c8/lib3e7/libcodal-core.a(MessageBus.o)
                0x0000000008005cc0                codal::allocateNotifyEvent()
 .text._ZN5codal13ManagedStringC2EPKcs
                0x0000000008005cd0       0x34 .pioenvs/bluepill_f103c8/lib3e7/libcodal-core.a(ManagedString.o)
                0x0000000008005cd0                codal::ManagedString::ManagedString(char const*, short)
                0x0000000008005cd0                codal::ManagedString::ManagedString(char const*, short)
 .text._ZN5codal13ManagedStringC2Ev
                0x0000000008005d04        0xc .pioenvs/bluepill_f103c8/lib3e7/libcodal-core.a(ManagedString.o)
                0x0000000008005d04                codal::ManagedString::ManagedString()
                0x0000000008005d04                codal::ManagedString::ManagedString()
 .text.startup._GLOBAL__sub_I__ZN5codal13ManagedString9initEmptyEv
                0x0000000008005d10       0x2c .pioenvs/bluepill_f103c8/lib3e7/libcodal-core.a(ManagedString.o)
 .text          0x0000000008005d3c      0x4c8 .pioenvs/bluepill_f103c8/libf85/libqfplib.a(qfplib.o)
                0x0000000008005e04                qfp_fsub
                0x0000000008005e0a                qfp_fadd
                0x0000000008005e4c                qfp_fcmp
                0x0000000008005e68                qfp_fmul
                0x0000000008005e78                qfp_fdiv
                0x0000000008005eba                qfp_fdiv_fast
                0x0000000008005f0a                qfp_fsqrt_fast
                0x0000000008005f80                qfp_float2int
                0x0000000008005f82                qfp_float2fix
                0x0000000008005faa                qfp_float2uint
                0x0000000008005fac                qfp_float2ufix
                0x0000000008005fc6                qfp_int2float
                0x0000000008005fc8                qfp_fix2float
                0x0000000008005fd2                qfp_uint2float
                0x0000000008005fd4                qfp_ufix2float
                0x000000000800606a                qfp_fsin
                0x00000000080060ac                qfp_fcos
                0x00000000080060b6                qfp_ftan
                0x00000000080060be                qfp_fexp
                0x00000000080060ee                qfp_fsqrt
                0x0000000008006128                qfp_fln
                0x000000000800614c                qfp_fatan2
 .text._ZN5codal3_cm3I2CC2ERNS_3PinES3_
                0x0000000008006204       0x1c .pioenvs/bluepill_f103c8/lib739/libcm.a(CmI2C.o)
                0x0000000008006204                codal::_cm::I2C::I2C(codal::Pin&, codal::Pin&)
                0x0000000008006204                codal::_cm::I2C::I2C(codal::Pin&, codal::Pin&)
 .text._ZN5codal3_cm3SPI4initEv
                0x0000000008006220       0x5c .pioenvs/bluepill_f103c8/lib739/libcm.a(CmSPI.o)
                0x0000000008006220                codal::_cm::SPI::init()
 .text._ZN5codal3_cm3SPIC2ERNS0_3PinES3_S3_S3_
                0x000000000800627c       0x9c .pioenvs/bluepill_f103c8/lib739/libcm.a(CmSPI.o)
                0x000000000800627c                codal::_cm::SPI::SPI(codal::_cm::Pin&, codal::_cm::Pin&, codal::_cm::Pin&, codal::_cm::Pin&)
                0x000000000800627c                codal::_cm::SPI::SPI(codal::_cm::Pin&, codal::_cm::Pin&, codal::_cm::Pin&, codal::_cm::Pin&)
 .text._ZN5codal3_cm6SerialD2Ev
                0x0000000008006318       0x14 .pioenvs/bluepill_f103c8/lib739/libcm.a(CmSerial.o)
                0x0000000008006318                codal::_cm::Serial::~Serial()
                0x0000000008006318                codal::_cm::Serial::~Serial()
 .text._ZN5codal3_cm6SerialC2ERNS0_3PinES3_hh
                0x000000000800632c       0x4c .pioenvs/bluepill_f103c8/lib739/libcm.a(CmSerial.o)
                0x000000000800632c                codal::_cm::Serial::Serial(codal::_cm::Pin&, codal::_cm::Pin&, unsigned char, unsigned char)
                0x000000000800632c                codal::_cm::Serial::Serial(codal::_cm::Pin&, codal::_cm::Pin&, unsigned char, unsigned char)
 .text._ZN5codal3_cm13tick_callbackEv
                0x0000000008006378       0x10 .pioenvs/bluepill_f103c8/lib739/libcm.a(CmTimer.o)
                0x0000000008006378                codal::_cm::tick_callback()
 .text._ZN5codal3_cm5Timer4initEv
                0x0000000008006388       0x18 .pioenvs/bluepill_f103c8/lib739/libcm.a(CmTimer.o)
                0x0000000008006388                codal::_cm::Timer::init()
 .text._ZN5codal3_cm5TimerC2Ev
                0x00000000080063a0       0x28 .pioenvs/bluepill_f103c8/lib739/libcm.a(CmTimer.o)
                0x00000000080063a0                codal::_cm::Timer::Timer()
                0x00000000080063a0                codal::_cm::Timer::Timer()
 .text.pinmap_peripheral
                0x00000000080063c8       0x30 .pioenvs/bluepill_f103c8/lib739/libcm.a(CmPinMap.o)
                0x00000000080063c8                pinmap_peripheral
 .text.pinmap_mode
                0x00000000080063f8       0x2c .pioenvs/bluepill_f103c8/lib739/libcm.a(CmPinMap.o)
                0x00000000080063f8                pinmap_mode
 .text.pinmap_cnf
                0x0000000008006424       0x2c .pioenvs/bluepill_f103c8/lib739/libcm.a(CmPinMap.o)
                0x0000000008006424                pinmap_cnf
 .text._ZN5codal3I2CC2ERNS_3PinES2_
                0x0000000008006450        0xc .pioenvs/bluepill_f103c8/lib3e7/libcodal-core.a(I2C.o)
                0x0000000008006450                codal::I2C::I2C(codal::Pin&, codal::Pin&)
                0x0000000008006450                codal::I2C::I2C(codal::Pin&, codal::Pin&)
 .text._Z10Blink_mainRN5codal13STM32BluePillE
                0x000000000800645c       0x30 .pioenvs/bluepill_f103c8/src/main.o
                0x000000000800645c                Blink_main(codal::STM32BluePill&)
 .text.startup.main
                0x000000000800648c       0x26 .pioenvs/bluepill_f103c8/src/main.o
                0x000000000800648c                main
 .text.unity_output_char
                0x00000000080064b2        0x6 .pioenvs/bluepill_f103c8/src/unit_test.o
                0x00000000080064b2                unity_output_char
 .text.debug_write
                0x00000000080064b8       0x16 .pioenvs/bluepill_f103c8/libd9b/liblogger.a(logger.o)
                0x00000000080064b8                debug_write
 .text.debug_print
                0x00000000080064ce       0x1a .pioenvs/bluepill_f103c8/libd9b/liblogger.a(logger.o)
                0x00000000080064ce                debug_print
 .text.debug_printhex
                0x00000000080064e8       0x42 .pioenvs/bluepill_f103c8/libd9b/liblogger.a(logger.o)
                0x00000000080064e8                debug_printhex
 .text.debug_printhex_unsigned
                0x000000000800652a       0x24 .pioenvs/bluepill_f103c8/libd9b/liblogger.a(logger.o)
                0x000000000800652a                debug_printhex_unsigned
 .text._ZN5codal11queue_fiberEPNS_5FiberEPS1_
                0x000000000800654e       0x2e .pioenvs/bluepill_f103c8/lib3e7/libcodal-core.a(CodalFiber.o)
                0x000000000800654e                codal::queue_fiber(codal::Fiber*, codal::Fiber**)
 .text._ZN5codal13dequeue_fiberEPNS_5FiberE
                0x000000000800657c       0x34 .pioenvs/bluepill_f103c8/lib3e7/libcodal-core.a(CodalFiber.o)
                0x000000000800657c                codal::dequeue_fiber(codal::Fiber*)
 .text._ZN5codal12create_fiberEPFvPvES0_S2_
                0x00000000080065b0       0x1e .pioenvs/bluepill_f103c8/lib3e7/libcodal-core.a(CodalFiber.o)
                0x00000000080065b0                codal::create_fiber(void (*)(void*), void*, void (*)(void*))
 .text._ZN5codal20fiber_wait_for_eventEtt
                0x00000000080065ce       0x12 .pioenvs/bluepill_f103c8/lib3e7/libcodal-core.a(CodalFiber.o)
                0x00000000080065ce                codal::fiber_wait_for_event(unsigned short, unsigned short)
 .text._ZN5codal16launch_new_fiberEPFvvES1_
                0x00000000080065e0       0x10 .pioenvs/bluepill_f103c8/lib3e7/libcodal-core.a(CodalFiber.o)
                0x00000000080065e0                codal::launch_new_fiber(void (*)(), void (*)())
 .text._ZN5codal13release_fiberEPv
                0x00000000080065f0       0x12 .pioenvs/bluepill_f103c8/lib3e7/libcodal-core.a(CodalFiber.o)
                0x00000000080065f0                codal::release_fiber(void*)
 .text._ZN5codal22launch_new_fiber_paramEPFvPvES2_S0_
                0x0000000008006602       0x1a .pioenvs/bluepill_f103c8/lib3e7/libcodal-core.a(CodalFiber.o)
                0x0000000008006602                codal::launch_new_fiber_param(void (*)(void*), void (*)(void*), void*)
 .text._ZN5codal9idle_taskEv
                0x000000000800661c        0xc .pioenvs/bluepill_f103c8/lib3e7/libcodal-core.a(CodalFiber.o)
                0x000000000800661c                codal::idle_task()
 .text._Z16device_malloc_injR14HeapDefinition
                0x0000000008006628       0x84 .pioenvs/bluepill_f103c8/lib3e7/libcodal-core.a(CodalHeapAllocator.o)
                0x0000000008006628                device_malloc_in(unsigned int, HeapDefinition&)
 .text._ZN5codal8ListenerC2EttPFvNS_5EventEEt
                0x00000000080066ac       0x28 .pioenvs/bluepill_f103c8/lib3e7/libcodal-core.a(CodalListener.o)
                0x00000000080066ac                codal::Listener::Listener(unsigned short, unsigned short, void (*)(codal::Event), unsigned short)
                0x00000000080066ac                codal::Listener::Listener(unsigned short, unsigned short, void (*)(codal::Event), unsigned short)
 .text._ZN5codal8ListenerD2Ev
                0x00000000080066d4       0x14 .pioenvs/bluepill_f103c8/lib3e7/libcodal-core.a(CodalListener.o)
                0x00000000080066d4                codal::Listener::~Listener()
                0x00000000080066d4                codal::Listener::~Listener()
 .text._ZN5codal8Listener5queueENS_5EventE
                0x00000000080066e8       0x5c .pioenvs/bluepill_f103c8/lib3e7/libcodal-core.a(CodalListener.o)
                0x00000000080066e8                codal::Listener::queue(codal::Event)
 .text._ZN5codal5Timer17disableInterruptsEv
                0x0000000008006744        0xa .pioenvs/bluepill_f103c8/lib3e7/libcodal-core.a(Timer.o)
                0x0000000008006744                codal::Timer::disableInterrupts()
 .text._ZN5codal5Timer16enableInterruptsEv
                0x000000000800674e        0xa .pioenvs/bluepill_f103c8/lib3e7/libcodal-core.a(Timer.o)
                0x000000000800674e                codal::Timer::enableInterrupts()
 .text._ZN5codal5Timer13getTimerEventEv
                0x0000000008006758       0x22 .pioenvs/bluepill_f103c8/lib3e7/libcodal-core.a(Timer.o)
                0x0000000008006758                codal::Timer::getTimerEvent()
 .text._ZN5codal5Timer17releaseTimerEventEPNS_10TimerEventE
                0x000000000800677a        0xe .pioenvs/bluepill_f103c8/lib3e7/libcodal-core.a(Timer.o)
                0x000000000800677a                codal::Timer::releaseTimerEvent(codal::TimerEvent*)
 .text._ZN5codal5Timer7getTimeEv
                0x0000000008006788        0xe .pioenvs/bluepill_f103c8/lib3e7/libcodal-core.a(Timer.o)
                0x0000000008006788                codal::Timer::getTime()
 .text._ZN5codal5Timer9getTimeUsEv
                0x0000000008006796        0xe .pioenvs/bluepill_f103c8/lib3e7/libcodal-core.a(Timer.o)
                0x0000000008006796                codal::Timer::getTimeUs()
 .text._ZN5codal5Timer8setEventEmttb
                0x00000000080067a4       0x66 .pioenvs/bluepill_f103c8/lib3e7/libcodal-core.a(Timer.o)
                0x00000000080067a4                codal::Timer::setEvent(unsigned long, unsigned short, unsigned short, bool)
 .text._ZN5codal5Timer12eventEveryUsEmtt
                0x000000000800680a        0xe .pioenvs/bluepill_f103c8/lib3e7/libcodal-core.a(Timer.o)
                0x000000000800680a                codal::Timer::eventEveryUs(unsigned long, unsigned short, unsigned short)
 .text._ZN5codal5Timer4syncEm
                0x0000000008006818       0x24 .pioenvs/bluepill_f103c8/lib3e7/libcodal-core.a(Timer.o)
                0x0000000008006818                codal::Timer::sync(unsigned long)
 .text._ZN5codal5Timer7triggerEv
                0x000000000800683c       0x92 .pioenvs/bluepill_f103c8/lib3e7/libcodal-core.a(Timer.o)
                0x000000000800683c                codal::Timer::trigger()
 .text._ZN5codal5TimerD2Ev
                0x00000000080068ce        0x2 .pioenvs/bluepill_f103c8/lib3e7/libcodal-core.a(Timer.o)
                0x00000000080068ce                codal::Timer::~Timer()
                0x00000000080068ce                codal::Timer::~Timer()
 .text._ZN5codal5EventC2Ev
                0x00000000080068d0       0x12 .pioenvs/bluepill_f103c8/lib3e7/libcodal-core.a(Event.o)
                0x00000000080068d0                codal::Event::Event()
                0x00000000080068d0                codal::Event::Event()
 .text._ZN5codal5EventC2EttNS_15EventLaunchModeE
                0x00000000080068e2       0x1c .pioenvs/bluepill_f103c8/lib3e7/libcodal-core.a(Event.o)
                0x00000000080068e2                codal::Event::Event(unsigned short, unsigned short, codal::EventLaunchMode)
                0x00000000080068e2                codal::Event::Event(unsigned short, unsigned short, codal::EventLaunchMode)
 .text._ZN5codal5EventC2EttmNS_15EventLaunchModeE
                0x00000000080068fe       0x18 .pioenvs/bluepill_f103c8/lib3e7/libcodal-core.a(Event.o)
                0x00000000080068fe                codal::Event::Event(unsigned short, unsigned short, unsigned long, codal::EventLaunchMode)
                0x00000000080068fe                codal::Event::Event(unsigned short, unsigned short, unsigned long, codal::EventLaunchMode)
 .text._ZN5codal14EventQueueItemC2ENS_5EventE
                0x0000000008006916       0x20 .pioenvs/bluepill_f103c8/lib3e7/libcodal-core.a(Event.o)
                0x0000000008006916                codal::EventQueueItem::EventQueueItem(codal::Event)
                0x0000000008006916                codal::EventQueueItem::EventQueueItem(codal::Event)
 .text.UnityFloatsWithin
                0x0000000008006936       0xe4 .pioenvs/bluepill_f103c8/libfdb/libunity.a(unity.o)
 .text.UnityDoublesWithin
                0x0000000008006a1a      0x11c .pioenvs/bluepill_f103c8/libfdb/libunity.a(unity.o)
 .text.setUp    0x0000000008006b36        0x2 .pioenvs/bluepill_f103c8/libfdb/libunity.a(unity.o)
                0x0000000008006b36                setUp
 .text.tearDown
                0x0000000008006b38        0x2 .pioenvs/bluepill_f103c8/libfdb/libunity.a(unity.o)
                0x0000000008006b38                tearDown
 .text.UnityPrintNumberUnsigned
                0x0000000008006b3a       0x34 .pioenvs/bluepill_f103c8/libfdb/libunity.a(unity.o)
                0x0000000008006b3a                UnityPrintNumberUnsigned
 .text.UnityPrintNumber
                0x0000000008006b6e       0x18 .pioenvs/bluepill_f103c8/libfdb/libunity.a(unity.o)
                0x0000000008006b6e                UnityPrintNumber
 .text.UnityPrintNumberHex
                0x0000000008006b86       0x2e .pioenvs/bluepill_f103c8/libfdb/libunity.a(unity.o)
                0x0000000008006b86                UnityPrintNumberHex
 .text.UnityPrint.part.0
                0x0000000008006bb4       0x4c .pioenvs/bluepill_f103c8/libfdb/libunity.a(unity.o)
 .text.UnityPrint
                0x0000000008006c00        0x8 .pioenvs/bluepill_f103c8/libfdb/libunity.a(unity.o)
                0x0000000008006c00                UnityPrint
 .text.memcpy   0x0000000008006c08       0x1c .pioenvs/bluepill_f103c8/lib98a/libnewlib.a(memcpy.o)
                0x0000000008006c08                memcpy
 .text.memset   0x0000000008006c24       0x10 .pioenvs/bluepill_f103c8/lib98a/libnewlib.a(memset.o)
                0x0000000008006c24                memset
 .text.strlen   0x0000000008006c34       0x10 .pioenvs/bluepill_f103c8/lib98a/libnewlib.a(strlen.o)
                0x0000000008006c34                strlen
 .text.strncat  0x0000000008006c44       0x28 .pioenvs/bluepill_f103c8/lib98a/libnewlib.a(strncat.o)
                0x0000000008006c44                strncat
 .text._ZN5codal3Pin15setServoPulseUsEm
                0x0000000008006c6c        0x6 .pioenvs/bluepill_f103c8/lib739/libcm.a(CmPin.o)
                0x0000000008006c6c                codal::Pin::setServoPulseUs(unsigned long)
 .text._ZN5codal3Pin17setAnalogPeriodUsEm
                0x0000000008006c72        0x6 .pioenvs/bluepill_f103c8/lib739/libcm.a(CmPin.o)
                0x0000000008006c72                codal::Pin::setAnalogPeriodUs(unsigned long)
 .text._ZN5codal3Pin8drainPinEv
                0x0000000008006c78        0x6 .pioenvs/bluepill_f103c8/lib739/libcm.a(CmPin.o)
                0x0000000008006c78                codal::Pin::drainPin()
 .text._ZN5codal3_cm3Pin15getDigitalValueEv
                0x0000000008006c7e        0x4 .pioenvs/bluepill_f103c8/lib739/libcm.a(CmPin.o)
                0x0000000008006c7e                codal::_cm::Pin::getDigitalValue()
 .text._ZN5codal3_cm3Pin15getDigitalValueENS_8PullModeE
                0x0000000008006c82       0x16 .pioenvs/bluepill_f103c8/lib739/libcm.a(CmPin.o)
                0x0000000008006c82                codal::_cm::Pin::getDigitalValue(codal::PullMode)
 .text._ZN5codal3_cm3Pin14getAnalogValueEv
                0x0000000008006c98        0x4 .pioenvs/bluepill_f103c8/lib739/libcm.a(CmPin.o)
                0x0000000008006c98                codal::_cm::Pin::getAnalogValue()
 .text._ZN5codal3_cm3Pin7isInputEv
                0x0000000008006c9c        0xe .pioenvs/bluepill_f103c8/lib739/libcm.a(CmPin.o)
                0x0000000008006c9c                codal::_cm::Pin::isInput()
 .text._ZN5codal3_cm3Pin8isOutputEv
                0x0000000008006caa        0xe .pioenvs/bluepill_f103c8/lib739/libcm.a(CmPin.o)
                0x0000000008006caa                codal::_cm::Pin::isOutput()
 .text._ZN5codal3_cm3Pin9isDigitalEv
                0x0000000008006cb8        0xc .pioenvs/bluepill_f103c8/lib739/libcm.a(CmPin.o)
                0x0000000008006cb8                codal::_cm::Pin::isDigital()
 .text._ZN5codal3_cm3Pin8isAnalogEv
                0x0000000008006cc4        0xe .pioenvs/bluepill_f103c8/lib739/libcm.a(CmPin.o)
                0x0000000008006cc4                codal::_cm::Pin::isAnalog()
 .text._ZN5codal3_cm3Pin15getAnalogPeriodEv
                0x0000000008006cd2       0x12 .pioenvs/bluepill_f103c8/lib739/libcm.a(CmPin.o)
                0x0000000008006cd2                codal::_cm::Pin::getAnalogPeriod()
 .text._ZN5codal3_cm3Pin7setPullENS_8PullModeE
                0x0000000008006ce4        0x6 .pioenvs/bluepill_f103c8/lib739/libcm.a(CmPin.o)
                0x0000000008006ce4                codal::_cm::Pin::setPull(codal::PullMode)
 .text._ZN5codal3_cm3Pin5setupEhh
                0x0000000008006cea       0x1e .pioenvs/bluepill_f103c8/lib739/libcm.a(CmPin.o)
                0x0000000008006cea                codal::_cm::Pin::setup(unsigned char, unsigned char)
 .text._ZN5codal3_cm3Pin17setAnalogPeriodUsEi
                0x0000000008006d08       0x12 .pioenvs/bluepill_f103c8/lib739/libcm.a(CmPin.o)
                0x0000000008006d08                codal::_cm::Pin::setAnalogPeriodUs(int)
 .text._ZN5codal3_cm3Pin15setAnalogPeriodEi
                0x0000000008006d1a        0xa .pioenvs/bluepill_f103c8/lib739/libcm.a(CmPin.o)
                0x0000000008006d1a                codal::_cm::Pin::setAnalogPeriod(int)
 .text._ZN5codal3_cm3Pin13disableEventsEv
                0x0000000008006d24       0x10 .pioenvs/bluepill_f103c8/lib739/libcm.a(CmPin.o)
                0x0000000008006d24                codal::_cm::Pin::disableEvents()
 .text._ZN5codal3_cm3Pin7eventOnEi
                0x0000000008006d34       0x26 .pioenvs/bluepill_f103c8/lib739/libcm.a(CmPin.o)
                0x0000000008006d34                codal::_cm::Pin::eventOn(int)
 .text.target_enable_debug
                0x0000000008006d5a        0x4 .pioenvs/bluepill_f103c8/lib739/libcm.a(codal_target_hal.o)
                0x0000000008006d5a                target_enable_debug
 .text.target_enable_irq
                0x0000000008006d5e        0x4 .pioenvs/bluepill_f103c8/lib739/libcm.a(codal_target_hal.o)
                0x0000000008006d5e                target_enable_irq
 .text.target_disable_irq
                0x0000000008006d62        0x4 .pioenvs/bluepill_f103c8/lib739/libcm.a(codal_target_hal.o)
                0x0000000008006d62                target_disable_irq
 .text.target_wait_for_event
                0x0000000008006d66        0xa .pioenvs/bluepill_f103c8/lib739/libcm.a(codal_target_hal.o)
                0x0000000008006d66                target_wait_for_event
 .text.tcb_allocate
                0x0000000008006d70        0x6 .pioenvs/bluepill_f103c8/lib739/libcm.a(codal_target_hal.o)
                0x0000000008006d70                tcb_allocate
 .text.tcb_configure_lr
                0x0000000008006d76        0x4 .pioenvs/bluepill_f103c8/lib739/libcm.a(codal_target_hal.o)
                0x0000000008006d76                tcb_configure_lr
 .text.tcb_configure_sp
                0x0000000008006d7a        0x4 .pioenvs/bluepill_f103c8/lib739/libcm.a(codal_target_hal.o)
                0x0000000008006d7a                tcb_configure_sp
 .text.tcb_configure_stack_base
                0x0000000008006d7e        0x4 .pioenvs/bluepill_f103c8/lib739/libcm.a(codal_target_hal.o)
                0x0000000008006d7e                tcb_configure_stack_base
 .text.tcb_get_stack_base
                0x0000000008006d82        0x4 .pioenvs/bluepill_f103c8/lib739/libcm.a(codal_target_hal.o)
                0x0000000008006d82                tcb_get_stack_base
 .text.get_current_sp
                0x0000000008006d86        0x4 .pioenvs/bluepill_f103c8/lib739/libcm.a(codal_target_hal.o)
                0x0000000008006d86                get_current_sp
 .text.tcb_get_sp
                0x0000000008006d8a        0x4 .pioenvs/bluepill_f103c8/lib739/libcm.a(codal_target_hal.o)
                0x0000000008006d8a                tcb_get_sp
 .text.tcb_configure_args
                0x0000000008006d8e        0x8 .pioenvs/bluepill_f103c8/lib739/libcm.a(codal_target_hal.o)
                0x0000000008006d8e                tcb_configure_args
 .text._fini    0x0000000008006d96        0x2 .pioenvs/bluepill_f103c8/lib739/libcm.a(codal_target_hal.o)
                0x0000000008006d96                _fini
 .text.__aeabi_atexit
                0x0000000008006d98        0x4 .pioenvs/bluepill_f103c8/lib739/libcm.a(codal_target_hal.o)
                0x0000000008006d98                __aeabi_atexit
 .text._ZN5codal14CodalComponent16periodicCallbackEv
                0x0000000008006d9c        0x2 .pioenvs/bluepill_f103c8/lib271/libbluepill.a(STM32BluePill.o)
                0x0000000008006d9c                codal::CodalComponent::periodicCallback()
 .text._ZN5codal14CodalComponent12idleCallbackEv
                0x0000000008006d9e        0x2 .pioenvs/bluepill_f103c8/lib271/libbluepill.a(STM32BluePill.o)
                0x0000000008006d9e                codal::CodalComponent::idleCallback()
 .text._ZN5codal13STM32BluePill16periodicCallbackEv
                0x0000000008006da0        0x2 .pioenvs/bluepill_f103c8/lib271/libbluepill.a(STM32BluePill.o)
                0x0000000008006da0                codal::STM32BluePill::periodicCallback()
 .text._ZN5codal14CodalComponentD0Ev
                0x0000000008006da2       0x12 .pioenvs/bluepill_f103c8/lib271/libbluepill.a(STM32BluePill.o)
                0x0000000008006da2                codal::CodalComponent::~CodalComponent()
 .text._ZN5codal13STM32BluePill12idleCallbackEv
                0x0000000008006db4        0x4 .pioenvs/bluepill_f103c8/lib271/libbluepill.a(STM32BluePill.o)
                0x0000000008006db4                codal::STM32BluePill::idleCallback()
 .text._ZN5codal13STM32BluePillD0Ev
                0x0000000008006db8       0x12 .pioenvs/bluepill_f103c8/lib271/libbluepill.a(STM32BluePill.o)
                0x0000000008006db8                codal::STM32BluePill::~STM32BluePill()
 .text.__cxa_pure_virtual
                0x0000000008006dca        0x8 .pioenvs/bluepill_f103c8/lib271/libbluepill.a(bluepill.o)
                0x0000000008006dca                __cxa_pure_virtual
 .text._Znwj    0x0000000008006dd2        0x4 .pioenvs/bluepill_f103c8/lib271/libbluepill.a(bluepill.o)
                0x0000000008006dd2                operator new(unsigned int)
 .text._ZdlPv   0x0000000008006dd6        0x4 .pioenvs/bluepill_f103c8/lib271/libbluepill.a(bluepill.o)
                0x0000000008006dd6                operator delete(void*)
 .text.millis   0x0000000008006dda        0x4 .pioenvs/bluepill_f103c8/lib271/libbluepill.a(timer.o)
                0x0000000008006dda                millis
 .text._ZN13UARTInterfaceC2Ejj
                0x0000000008006dde        0x2 .pioenvs/bluepill_f103c8/lib33e/libuartint.a(uartint.o)
                0x0000000008006dde                UARTInterface::UARTInterface(unsigned int, unsigned int)
                0x0000000008006dde                UARTInterface::UARTInterface(unsigned int, unsigned int)
 .text.gpio_set_mode
                0x0000000008006de0       0x62 .pioenvs/bluepill_f103c8/libFrameworkLibOpenCM3.a(gpio.o)
                0x0000000008006de0                gpio_set_mode
 .text.gpio_set
                0x0000000008006e42        0x4 .pioenvs/bluepill_f103c8/libFrameworkLibOpenCM3.a(gpio_common_all.o)
                0x0000000008006e42                gpio_set
 .text.gpio_clear
                0x0000000008006e46        0x6 .pioenvs/bluepill_f103c8/libFrameworkLibOpenCM3.a(gpio_common_all.o)
                0x0000000008006e46                gpio_clear
 .text.usart_recv
                0x0000000008006e4c        0x8 .pioenvs/bluepill_f103c8/libFrameworkLibOpenCM3.a(usart_common_f124.o)
                0x0000000008006e4c                usart_recv
 .text.rcc_periph_clock_enable
                0x0000000008006e54       0x1a .pioenvs/bluepill_f103c8/libFrameworkLibOpenCM3.a(rcc_common_all.o)
                0x0000000008006e54                rcc_periph_clock_enable
 .text.blocking_handler
                0x0000000008006e6e        0x2 .pioenvs/bluepill_f103c8/libFrameworkLibOpenCM3.a(vector.o)
                0x0000000008006e6e                exti0_isr
                0x0000000008006e6e                tim7_isr
                0x0000000008006e6e                adc1_2_isr
                0x0000000008006e6e                tim1_trg_com_isr
                0x0000000008006e6e                usb_hp_can_tx_isr
                0x0000000008006e6e                tim6_isr
                0x0000000008006e6e                usb_wakeup_isr
                0x0000000008006e6e                blocking_handler
                0x0000000008006e6e                tim5_isr
                0x0000000008006e6e                otg_fs_isr
                0x0000000008006e6e                spi1_isr
                0x0000000008006e6e                exti2_isr
                0x0000000008006e6e                dma1_channel6_isr
                0x0000000008006e6e                can_rx1_isr
                0x0000000008006e6e                dma1_channel5_isr
                0x0000000008006e6e                dma2_channel5_isr
                0x0000000008006e6e                usart1_isr
                0x0000000008006e6e                usage_fault_handler
                0x0000000008006e6e                tim8_trg_com_isr
                0x0000000008006e6e                can2_rx0_isr
                0x0000000008006e6e                tim1_brk_isr
                0x0000000008006e6e                can2_rx1_isr
                0x0000000008006e6e                tim1_cc_isr
                0x0000000008006e6e                sdio_isr
                0x0000000008006e6e                eth_isr
                0x0000000008006e6e                dma1_channel4_isr
                0x0000000008006e6e                tim8_brk_isr
                0x0000000008006e6e                dma2_channel4_5_isr
                0x0000000008006e6e                pvd_isr
                0x0000000008006e6e                rcc_isr
                0x0000000008006e6e                flash_isr
                0x0000000008006e6e                uart4_isr
                0x0000000008006e6e                exti15_10_isr
                0x0000000008006e6e                hard_fault_handler
                0x0000000008006e6e                exti1_isr
                0x0000000008006e6e                i2c1_ev_isr
                0x0000000008006e6e                dma2_channel1_isr
                0x0000000008006e6e                spi2_isr
                0x0000000008006e6e                tim8_up_isr
                0x0000000008006e6e                dma2_channel2_isr
                0x0000000008006e6e                exti3_isr
                0x0000000008006e6e                adc3_isr
                0x0000000008006e6e                tim3_isr
                0x0000000008006e6e                usb_lp_can_rx0_isr
                0x0000000008006e6e                i2c2_er_isr
                0x0000000008006e6e                i2c2_ev_isr
                0x0000000008006e6e                uart5_isr
                0x0000000008006e6e                fsmc_isr
                0x0000000008006e6e                dma1_channel1_isr
                0x0000000008006e6e                exti4_isr
                0x0000000008006e6e                mem_manage_handler
                0x0000000008006e6e                can2_tx_isr
                0x0000000008006e6e                exti9_5_isr
                0x0000000008006e6e                dma2_channel3_isr
                0x0000000008006e6e                dma1_channel7_isr
                0x0000000008006e6e                tim1_up_isr
                0x0000000008006e6e                can2_sce_isr
                0x0000000008006e6e                tim4_isr
                0x0000000008006e6e                dma1_channel2_isr
                0x0000000008006e6e                i2c1_er_isr
                0x0000000008006e6e                can_sce_isr
                0x0000000008006e6e                tim8_cc_isr
                0x0000000008006e6e                tamper_isr
                0x0000000008006e6e                eth_wkup_isr
                0x0000000008006e6e                bus_fault_handler
                0x0000000008006e6e                wwdg_isr
                0x0000000008006e6e                dma1_channel3_isr
                0x0000000008006e6e                spi3_isr
                0x0000000008006e6e                tim2_isr
                0x0000000008006e6e                usart3_isr
 .text.null_handler
                0x0000000008006e70        0x2 .pioenvs/bluepill_f103c8/libFrameworkLibOpenCM3.a(vector.o)
                0x0000000008006e70                null_handler
                0x0000000008006e70                sv_call_handler
                0x0000000008006e70                pend_sv_handler
                0x0000000008006e70                debug_monitor_handler
                0x0000000008006e70                sys_tick_handler
                0x0000000008006e70                nmi_handler
 .text.nvic_enable_irq
                0x0000000008006e72       0x1a .pioenvs/bluepill_f103c8/libFrameworkLibOpenCM3.a(nvic.o)
                0x0000000008006e72                nvic_enable_irq
 .text._ZN5codal14string_reverseEPc
                0x0000000008006e8c       0x2a .pioenvs/bluepill_f103c8/lib3e7/libcodal-core.a(CodalCompat.o)
                0x0000000008006e8c                codal::string_reverse(char*)
 .text._ZN5codal4itoaEiPc
                0x0000000008006eb6       0x50 .pioenvs/bluepill_f103c8/lib3e7/libcodal-core.a(CodalCompat.o)
                0x0000000008006eb6                codal::itoa(int, char*)
 .text._ZN5codal6Serial12initialiseRxEv
                0x0000000008006f06       0x4c .pioenvs/bluepill_f103c8/lib3e7/libcodal-core.a(Serial.o)
                0x0000000008006f06                codal::Serial::initialiseRx()
 .text._ZN5codal6Serial12circularCopyEPhhS1_tt
                0x0000000008006f52       0x26 .pioenvs/bluepill_f103c8/lib3e7/libcodal-core.a(Serial.o)
                0x0000000008006f52                codal::Serial::circularCopy(unsigned char*, unsigned char, unsigned char*, unsigned short, unsigned short)
 .text._ZN5codal6Serial7eventOnENS_13ManagedStringENS_10SerialModeE
                0x0000000008006f78       0x26 .pioenvs/bluepill_f103c8/lib3e7/libcodal-core.a(Serial.o)
                0x0000000008006f78                codal::Serial::eventOn(codal::ManagedString, codal::SerialMode)
 .text._ZN5codal6Serial9readUntilENS_13ManagedStringENS_10SerialModeE
                0x0000000008006f9e      0x1a6 .pioenvs/bluepill_f103c8/lib3e7/libcodal-core.a(Serial.o)
                0x0000000008006f9e                codal::Serial::readUntil(codal::ManagedString, codal::SerialMode)
 .text._ZN5codal10MessageBus9elementAtEi
                0x0000000008007144       0x10 .pioenvs/bluepill_f103c8/lib3e7/libcodal-core.a(MessageBus.o)
                0x0000000008007144                codal::MessageBus::elementAt(int)
 .text._ZN5codal22MemberFunctionCallback10methodCallINS_10MessageBusEEEvPvPmNS_5EventE
                0x0000000008007154       0x30 .pioenvs/bluepill_f103c8/lib3e7/libcodal-core.a(MessageBus.o)
                0x0000000008007154                void codal::MemberFunctionCallback::methodCall<codal::MessageBus>(void*, unsigned long*, codal::Event)
 .text._Z14async_callbackPv
                0x0000000008007184       0x7c .pioenvs/bluepill_f103c8/lib3e7/libcodal-core.a(MessageBus.o)
                0x0000000008007184                async_callback(void*)
 .text._ZThn8_N5codal10MessageBusD1Ev
                0x0000000008007200        0x8 .pioenvs/bluepill_f103c8/lib3e7/libcodal-core.a(MessageBus.o)
                0x0000000008007200                non-virtual thunk to codal::MessageBus::~MessageBus()
 .text._ZN5codal10MessageBusD0Ev
                0x0000000008007208       0x12 .pioenvs/bluepill_f103c8/lib3e7/libcodal-core.a(MessageBus.o)
                0x0000000008007208                codal::MessageBus::~MessageBus()
 .text._ZThn8_N5codal10MessageBusD0Ev
                0x000000000800721a        0x8 .pioenvs/bluepill_f103c8/lib3e7/libcodal-core.a(MessageBus.o)
                0x000000000800721a                non-virtual thunk to codal::MessageBus::~MessageBus()
 .text._ZN5codal10MessageBus12dequeueEventEv
                0x0000000008007222       0x22 .pioenvs/bluepill_f103c8/lib3e7/libcodal-core.a(MessageBus.o)
                0x0000000008007222                codal::MessageBus::dequeueEvent()
 .text._ZN5codal10MessageBus21deleteMarkedListenersEv
                0x0000000008007244       0x42 .pioenvs/bluepill_f103c8/lib3e7/libcodal-core.a(MessageBus.o)
                0x0000000008007244                codal::MessageBus::deleteMarkedListeners()
 .text._ZN5codal10MessageBus10queueEventERNS_5EventE
                0x0000000008007286       0x5e .pioenvs/bluepill_f103c8/lib3e7/libcodal-core.a(MessageBus.o)
                0x0000000008007286                codal::MessageBus::queueEvent(codal::Event&)
 .text._ZN5codal10MessageBus4sendENS_5EventE
                0x00000000080072e4       0x16 .pioenvs/bluepill_f103c8/lib3e7/libcodal-core.a(MessageBus.o)
                0x00000000080072e4                codal::MessageBus::send(codal::Event)
 .text._ZN5codal10MessageBus4idleENS_5EventE
                0x00000000080072fa       0x34 .pioenvs/bluepill_f103c8/lib3e7/libcodal-core.a(MessageBus.o)
                0x00000000080072fa                codal::MessageBus::idle(codal::Event)
 .text._ZN5codal13ManagedStringD2Ev
                0x000000000800732e        0xe .pioenvs/bluepill_f103c8/lib3e7/libcodal-core.a(ManagedString.o)
                0x000000000800732e                codal::ManagedString::~ManagedString()
                0x000000000800732e                codal::ManagedString::~ManagedString()
 .text._ZN5codal13ManagedString10initStringEPKci
                0x000000000800733c       0x2e .pioenvs/bluepill_f103c8/lib3e7/libcodal-core.a(ManagedString.o)
                0x000000000800733c                codal::ManagedString::initString(char const*, int)
 .text._ZN5codal13ManagedStringC2Ei
                0x000000000800736a       0x22 .pioenvs/bluepill_f103c8/lib3e7/libcodal-core.a(ManagedString.o)
                0x000000000800736a                codal::ManagedString::ManagedString(int)
                0x000000000800736a                codal::ManagedString::ManagedString(int)
 .text._ZN5codal13ManagedStringC2ERKS0_
                0x000000000800738c       0x10 .pioenvs/bluepill_f103c8/lib3e7/libcodal-core.a(ManagedString.o)
                0x000000000800738c                codal::ManagedString::ManagedString(codal::ManagedString const&)
                0x000000000800738c                codal::ManagedString::ManagedString(codal::ManagedString const&)
 .text._ZN5codal13ManagedStringaSERKS0_
                0x000000000800739c       0x1e .pioenvs/bluepill_f103c8/lib3e7/libcodal-core.a(ManagedString.o)
                0x000000000800739c                codal::ManagedString::operator=(codal::ManagedString const&)
 .text._ZN5codal13ManagedString6charAtEs
                0x00000000080073ba       0x18 .pioenvs/bluepill_f103c8/lib3e7/libcodal-core.a(ManagedString.o)
                0x00000000080073ba                codal::ManagedString::charAt(short)
 .text._ZL16isReadOnlyInlinePN5codal10RefCountedE
                0x00000000080073d2       0x22 .pioenvs/bluepill_f103c8/lib3e7/libcodal-core.a(RefCounted.o)
 .text._ZN5codal10RefCounted4incrEv
                0x00000000080073f4       0x12 .pioenvs/bluepill_f103c8/lib3e7/libcodal-core.a(RefCounted.o)
                0x00000000080073f4                codal::RefCounted::incr()
 .text._ZN5codal10RefCounted4decrEv
                0x0000000008007406       0x22 .pioenvs/bluepill_f103c8/lib3e7/libcodal-core.a(RefCounted.o)
                0x0000000008007406                codal::RefCounted::decr()
 .text._ZN5codal10RefCounted7destroyEv
                0x0000000008007428        0x4 .pioenvs/bluepill_f103c8/lib3e7/libcodal-core.a(RefCountedInit.o)
                0x0000000008007428                codal::RefCounted::destroy()
 .text._ZN5codal10RefCounted4initEv
                0x000000000800742c        0x6 .pioenvs/bluepill_f103c8/lib3e7/libcodal-core.a(RefCountedInit.o)
                0x000000000800742c                codal::RefCounted::init()
 .text._ZN5codal22MemberFunctionCallback4fireENS_5EventE
                0x0000000008007432       0x18 .pioenvs/bluepill_f103c8/lib3e7/libcodal-core.a(MemberFunctionCallback.o)
                0x0000000008007432                codal::MemberFunctionCallback::fire(codal::Event)
 .text._ZN5codal22MemberFunctionCallbackeqERKS0_
                0x000000000800744a       0x20 .pioenvs/bluepill_f103c8/lib3e7/libcodal-core.a(MemberFunctionCallback.o)
                0x000000000800744a                codal::MemberFunctionCallback::operator==(codal::MemberFunctionCallback const&)
 .text.memcmp   0x000000000800746a       0x1e .pioenvs/bluepill_f103c8/lib98a/libnewlib.a(memcmp.o)
                0x000000000800746a                memcmp
 .text._ZN5codal3_cm3I2C12setFrequencyEm
                0x0000000008007488        0x4 .pioenvs/bluepill_f103c8/lib739/libcm.a(CmI2C.o)
                0x0000000008007488                codal::_cm::I2C::setFrequency(unsigned long)
 .text._ZN5codal3_cm3I2C5writeEtPhib
                0x000000000800748c        0x4 .pioenvs/bluepill_f103c8/lib739/libcm.a(CmI2C.o)
                0x000000000800748c                codal::_cm::I2C::read(unsigned short, unsigned char*, int, bool)
                0x000000000800748c                codal::_cm::I2C::write(unsigned short, unsigned char*, int, bool)
 .text._ZN5codal3_cm3I2C12readRegisterEthPhib
                0x0000000008007490        0x4 .pioenvs/bluepill_f103c8/lib739/libcm.a(CmI2C.o)
                0x0000000008007490                codal::_cm::I2C::readRegister(unsigned short, unsigned char, unsigned char*, int, bool)
 .text._ZN5codal3_cm3SPI12setFrequencyEm
                0x0000000008007494        0xc .pioenvs/bluepill_f103c8/lib739/libcm.a(CmSPI.o)
                0x0000000008007494                codal::_cm::SPI::setFrequency(unsigned long)
 .text._ZN5codal3_cm3SPI5writeEi
                0x00000000080074a0        0xe .pioenvs/bluepill_f103c8/lib739/libcm.a(CmSPI.o)
                0x00000000080074a0                codal::_cm::SPI::write(int)
 .text._ZN5codal3_cm3SPI8transferEPKhmPhm
                0x00000000080074ae        0x4 .pioenvs/bluepill_f103c8/lib739/libcm.a(CmSPI.o)
                0x00000000080074ae                codal::_cm::SPI::transfer(unsigned char const*, unsigned long, unsigned char*, unsigned long)
 .text._ZN5codal3_cm3SPI7setModeEii
                0x00000000080074b2       0x18 .pioenvs/bluepill_f103c8/lib739/libcm.a(CmSPI.o)
                0x00000000080074b2                codal::_cm::SPI::setMode(int, int)
 .text._ZN5codal3_cm16_codal_setup_pinEPNS0_3PinEmPK6PinMap
                0x00000000080074ca       0x54 .pioenvs/bluepill_f103c8/lib739/libcm.a(CmSPI.o)
                0x00000000080074ca                codal::_cm::_codal_setup_pin(codal::_cm::Pin*, unsigned long, PinMap const*)
 .text._ZN5codal3_cm3SPI13startTransferEPKhmPhmPFvPvES5_
                0x000000000800751e       0x28 .pioenvs/bluepill_f103c8/lib739/libcm.a(CmSPI.o)
                0x000000000800751e                codal::_cm::SPI::startTransfer(unsigned char const*, unsigned long, unsigned char*, unsigned long, void (*)(void*), void*)
 .text._ZN5codal3_cm6Serial15enableInterruptENS_19SerialInterruptTypeE
                0x0000000008007546        0x4 .pioenvs/bluepill_f103c8/lib739/libcm.a(CmSerial.o)
                0x0000000008007546                codal::_cm::Serial::enableInterrupt(codal::SerialInterruptType)
 .text._ZN5codal3_cm6Serial16disableInterruptENS_19SerialInterruptTypeE
                0x000000000800754a        0x4 .pioenvs/bluepill_f103c8/lib739/libcm.a(CmSerial.o)
                0x000000000800754a                codal::_cm::Serial::disableInterrupt(codal::SerialInterruptType)
 .text._ZN5codal3_cm6Serial11setBaudrateEm
                0x000000000800754e        0x4 .pioenvs/bluepill_f103c8/lib739/libcm.a(CmSerial.o)
                0x000000000800754e                codal::_cm::Serial::setBaudrate(unsigned long)
 .text._ZN5codal3_cm6Serial13configurePinsERNS_3PinES3_
                0x0000000008007552        0x4 .pioenvs/bluepill_f103c8/lib739/libcm.a(CmSerial.o)
                0x0000000008007552                codal::_cm::Serial::configurePins(codal::Pin&, codal::Pin&)
 .text._ZN5codal3_cm6Serial4putcEc
                0x0000000008007556        0x4 .pioenvs/bluepill_f103c8/lib739/libcm.a(CmSerial.o)
                0x0000000008007556                codal::_cm::Serial::putc(char)
 .text._ZN5codal3_cm6Serial4getcEv
                0x000000000800755a        0x6 .pioenvs/bluepill_f103c8/lib739/libcm.a(CmSerial.o)
                0x000000000800755a                codal::_cm::Serial::getc()
 .text._ZN5codal3_cm6SerialD0Ev
                0x0000000008007560       0x12 .pioenvs/bluepill_f103c8/lib739/libcm.a(CmSerial.o)
                0x0000000008007560                codal::_cm::Serial::~Serial()
 .text._ZN5codal3_cm6Serial12initialiseRxEv
                0x0000000008007572       0x38 .pioenvs/bluepill_f103c8/lib739/libcm.a(CmSerial.o)
                0x0000000008007572                codal::_cm::Serial::initialiseRx()
 .text._ZN5codal3_cm6Serial12circularCopyEPhhS2_tt
                0x00000000080075aa       0x26 .pioenvs/bluepill_f103c8/lib739/libcm.a(CmSerial.o)
                0x00000000080075aa                codal::_cm::Serial::circularCopy(unsigned char*, unsigned char, unsigned char*, unsigned short, unsigned short)
 .text._ZN5codal3_cm6Serial7eventOnENS_13ManagedStringENS_10SerialModeE
                0x00000000080075d0       0x24 .pioenvs/bluepill_f103c8/lib739/libcm.a(CmSerial.o)
                0x00000000080075d0                codal::_cm::Serial::eventOn(codal::ManagedString, codal::SerialMode)
 .text._ZN5codal3_cm6Serial9readUntilENS_13ManagedStringENS_10SerialModeE
                0x00000000080075f4      0x1a6 .pioenvs/bluepill_f103c8/lib739/libcm.a(CmSerial.o)
                0x00000000080075f4                codal::_cm::Serial::readUntil(codal::ManagedString, codal::SerialMode)
 .text._ZN5codal3_cm5Timer9triggerInEm
                0x000000000800779a        0x2 .pioenvs/bluepill_f103c8/lib739/libcm.a(CmTimer.o)
                0x000000000800779a                codal::_cm::Timer::triggerIn(unsigned long)
 .text._ZN5codal3_cm5Timer11syncRequestEv
                0x000000000800779c       0x26 .pioenvs/bluepill_f103c8/lib739/libcm.a(CmTimer.o)
                0x000000000800779c                codal::_cm::Timer::syncRequest()
 .text._ZN5codal3I2C12setFrequencyEm
                0x00000000080077c2        0x6 .pioenvs/bluepill_f103c8/lib3e7/libcodal-core.a(I2C.o)
                0x00000000080077c2                codal::I2C::setFrequency(unsigned long)
 .text._ZN5codal3I2C5startEv
                0x00000000080077c8        0x6 .pioenvs/bluepill_f103c8/lib3e7/libcodal-core.a(I2C.o)
                0x00000000080077c8                codal::I2C::stop()
                0x00000000080077c8                codal::I2C::start()
 .text._ZN5codal3I2C5writeEh
                0x00000000080077ce        0x6 .pioenvs/bluepill_f103c8/lib3e7/libcodal-core.a(I2C.o)
                0x00000000080077ce                codal::I2C::read(codal::AcknowledgeType)
                0x00000000080077ce                codal::I2C::write(unsigned char)
 .text._ZN5codal3I2C13writeRegisterEthh
                0x00000000080077d4       0x1c .pioenvs/bluepill_f103c8/lib3e7/libcodal-core.a(I2C.o)
                0x00000000080077d4                codal::I2C::writeRegister(unsigned short, unsigned char, unsigned char)
 .text._ZN5codal3I2C5writeEtPhib
                0x00000000080077f0       0x50 .pioenvs/bluepill_f103c8/lib3e7/libcodal-core.a(I2C.o)
                0x00000000080077f0                codal::I2C::write(unsigned short, unsigned char*, int, bool)
 .text._ZN5codal3I2C4readEtPhib
                0x0000000008007840       0x64 .pioenvs/bluepill_f103c8/lib3e7/libcodal-core.a(I2C.o)
                0x0000000008007840                codal::I2C::read(unsigned short, unsigned char*, int, bool)
 .text._ZN5codal3I2C5writeEth
                0x00000000080078a4       0x1c .pioenvs/bluepill_f103c8/lib3e7/libcodal-core.a(I2C.o)
                0x00000000080078a4                codal::I2C::write(unsigned short, unsigned char)
 .text._ZN5codal3I2C12readRegisterEthPhib
                0x00000000080078c0       0x42 .pioenvs/bluepill_f103c8/lib3e7/libcodal-core.a(I2C.o)
                0x00000000080078c0                codal::I2C::readRegister(unsigned short, unsigned char, unsigned char*, int, bool)
                0x0000000008007904                . = ALIGN (0x4)
 *fill*         0x0000000008007902        0x2 
 *(SORT_BY_ALIGNMENT(.rodata*))
 .rodata._ZTVN5codal5TimerE
                0x0000000008007904       0x18 .pioenvs/bluepill_f103c8/lib3e7/libcodal-core.a(Timer.o)
                0x0000000008007904                vtable for codal::Timer
 .rodata._ZTVN5codal3_cm3PinE
                0x000000000800791c       0x54 .pioenvs/bluepill_f103c8/lib739/libcm.a(CmPin.o)
                0x000000000800791c                vtable for codal::_cm::Pin
 .rodata._ZTVN5codal14CodalComponentE
                0x0000000008007970       0x1c .pioenvs/bluepill_f103c8/lib271/libbluepill.a(STM32BluePill.o)
                0x0000000008007970                vtable for codal::CodalComponent
 .rodata._ZTVN5codal13STM32BluePillE
                0x000000000800798c       0x1c .pioenvs/bluepill_f103c8/lib271/libbluepill.a(STM32BluePill.o)
                0x000000000800798c                vtable for codal::STM32BluePill
 .rodata.PinMap_SPI_MISO
                0x00000000080079a8       0x48 .pioenvs/bluepill_f103c8/lib271/libbluepill.a(STM32BluePillIO.o)
                0x00000000080079a8                PinMap_SPI_MISO
 .rodata.PinMap_SPI_MOSI
                0x00000000080079f0       0x48 .pioenvs/bluepill_f103c8/lib271/libbluepill.a(STM32BluePillIO.o)
                0x00000000080079f0                PinMap_SPI_MOSI
 .rodata.PinMap_SPI_NSS
                0x0000000008007a38       0x48 .pioenvs/bluepill_f103c8/lib271/libbluepill.a(STM32BluePillIO.o)
                0x0000000008007a38                PinMap_SPI_NSS
 .rodata.PinMap_SPI_SCK
                0x0000000008007a80       0x48 .pioenvs/bluepill_f103c8/lib271/libbluepill.a(STM32BluePillIO.o)
                0x0000000008007a80                PinMap_SPI_SCK
 .rodata._ZTVN5codal6SerialE
                0x0000000008007ac8       0x38 .pioenvs/bluepill_f103c8/lib3e7/libcodal-core.a(Serial.o)
                0x0000000008007ac8                vtable for codal::Serial
 .rodata._ZTVN5codal10EventModelE
                0x0000000008007b00       0x14 .pioenvs/bluepill_f103c8/lib3e7/libcodal-core.a(MessageBus.o)
                0x0000000008007b00                vtable for codal::EventModel
 .rodata._ZTVN5codal10MessageBusE
                0x0000000008007b14       0x3c .pioenvs/bluepill_f103c8/lib3e7/libcodal-core.a(MessageBus.o)
                0x0000000008007b14                vtable for codal::MessageBus
 .rodata._ZL9emptyData
                0x0000000008007b50        0x4 .pioenvs/bluepill_f103c8/lib3e7/libcodal-core.a(ManagedString.o)
 .rodata._ZTVN5codal3_cm3I2CE
                0x0000000008007b54       0x2c .pioenvs/bluepill_f103c8/lib739/libcm.a(CmI2C.o)
                0x0000000008007b54                vtable for codal::_cm::I2C
 .rodata._ZTVN5codal3_cm3SPIE
                0x0000000008007b80       0x1c .pioenvs/bluepill_f103c8/lib739/libcm.a(CmSPI.o)
                0x0000000008007b80                vtable for codal::_cm::SPI
 .rodata._ZTVN5codal3_cm6SerialE
                0x0000000008007b9c       0x38 .pioenvs/bluepill_f103c8/lib739/libcm.a(CmSerial.o)
                0x0000000008007b9c                vtable for codal::_cm::Serial
 .rodata._ZTVN5codal3_cm5TimerE
                0x0000000008007bd4       0x18 .pioenvs/bluepill_f103c8/lib739/libcm.a(CmTimer.o)
                0x0000000008007bd4                vtable for codal::_cm::Timer
 .rodata._ZTVN5codal3I2CE
                0x0000000008007bec       0x2c .pioenvs/bluepill_f103c8/lib3e7/libcodal-core.a(I2C.o)
                0x0000000008007bec                vtable for codal::I2C
 .rodata._Z10debug_dumpv.str1.1
                0x0000000008007c18        0xc .pioenvs/bluepill_f103c8/src/main.o
                                          0xd (size before relaxing)
 .rodata.test_nanofloat.str1.1
                0x0000000008007c24      0x149 .pioenvs/bluepill_f103c8/src/unit_test.o
                                        0x14a (size before relaxing)
 .rodata._Z11debug_printi.str1.1
                0x0000000008007d6d        0x2 .pioenvs/bluepill_f103c8/libd9b/liblogger.a(logger.o)
                                          0x4 (size before relaxing)
 .rodata._Z11debug_printj.str1.1
                0x0000000008007d6f        0xb .pioenvs/bluepill_f103c8/libd9b/liblogger.a(logger.o)
 .rodata.debug_println.str1.1
                0x0000000008007d7a        0x2 .pioenvs/bluepill_f103c8/libd9b/liblogger.a(logger.o)
 .rodata.UnityPrintFloat.str1.1
                0x0000000008007d7c        0x8 .pioenvs/bluepill_f103c8/libfdb/libunity.a(unity.o)
                                          0xa (size before relaxing)
 .rodata.UnityStrBreaker