Archive member included to satisfy reference by file (symbol)

.pioenvs/bluepill_f103c8/libfdb/libunity.a(unity.o)
                              .pioenvs/bluepill_f103c8/libccd/hal/unit_test.o (UnityAssertEqualNumber)
.pioenvs/bluepill_f103c8/libd9b/liblogger.a(logger.o)
                              .pioenvs/bluepill_f103c8/libccd/hal/codal_target_hal.o (debug_flush)
.pioenvs/bluepill_f103c8/libd88/libnano-float.a(functions.o)
                              .pioenvs/bluepill_f103c8/libccd/hal/unit_test.o (get_float_usage)
.pioenvs/bluepill_f103c8/lib98a/libnewlib.a(memset.o)
                              .pioenvs/bluepill_f103c8/libfdb/libunity.a(unity.o) (memset)
.pioenvs/bluepill_f103c8/lib98a/libnewlib.a(strlen.o)
                              .pioenvs/bluepill_f103c8/src/aggregate.o (strlen)
.pioenvs/bluepill_f103c8/lib98a/libnewlib.a(strncat.o)
                              .pioenvs/bluepill_f103c8/src/wisol.o (strncat)
.pioenvs/bluepill_f103c8/lib98a/libnewlib.a(strncmp.o)
                              .pioenvs/bluepill_f103c8/src/aggregate.o (strncmp)
.pioenvs/bluepill_f103c8/lib98a/libnewlib.a(strncpy.o)
                              .pioenvs/bluepill_f103c8/src/aggregate.o (strncpy)
.pioenvs/bluepill_f103c8/lib98a/libnewlib.a(strstr.o)
                              .pioenvs/bluepill_f103c8/src/wisol.o (strstr)
.pioenvs/bluepill_f103c8/lib271/libbluepill.a(bluepill.o)
                              .pioenvs/bluepill_f103c8/libccd/hal/codal_target_hal.o (platform_setup)
.pioenvs/bluepill_f103c8/lib271/libbluepill.a(led.o)
                              .pioenvs/bluepill_f103c8/lib271/libbluepill.a(bluepill.o) (led_setup)
.pioenvs/bluepill_f103c8/lib271/libbluepill.a(timer.o)
                              .pioenvs/bluepill_f103c8/libccd/hal/codal_target_hal.o (platform_start_timer)
.pioenvs/bluepill_f103c8/libb45/libbootloader.a(bootloader.o)
                              .pioenvs/bluepill_f103c8/libccd/hal/codal_target_hal.o (bootloader_start)
.pioenvs/bluepill_f103c8/libb45/libbootloader.a(target_stm32f103.o)
                              .pioenvs/bluepill_f103c8/libb45/libbootloader.a(bootloader.o) (target_set_led)
.pioenvs/bluepill_f103c8/libb45/libbootloader.a(usb_conf.o)
                              .pioenvs/bluepill_f103c8/libb45/libbootloader.a(bootloader.o) (usb_setup)
.pioenvs/bluepill_f103c8/libb45/libbootloader.a(webusb.o)
                              .pioenvs/bluepill_f103c8/libb45/libbootloader.a(usb_conf.o) (webusb_setup)
.pioenvs/bluepill_f103c8/libb45/libbootloader.a(winusb.o)
                              .pioenvs/bluepill_f103c8/libb45/libbootloader.a(usb_conf.o) (winusb_setup)
.pioenvs/bluepill_f103c8/libb45/libbootloader.a(cdc.o)
                              .pioenvs/bluepill_f103c8/libb45/libbootloader.a(usb_conf.o) (cdc_setup)
.pioenvs/bluepill_f103c8/libb45/libbootloader.a(hf2.o)
                              .pioenvs/bluepill_f103c8/libb45/libbootloader.a(usb_conf.o) (hf2_setup)
.pioenvs/bluepill_f103c8/libb45/libbootloader.a(backup.o)
                              .pioenvs/bluepill_f103c8/libb45/libbootloader.a(target_stm32f103.o) (backup_write)
.pioenvs/bluepill_f103c8/libb45/libbootloader.a(usb21_standard.o)
                              .pioenvs/bluepill_f103c8/libb45/libbootloader.a(usb_conf.o) (usb21_setup)
.pioenvs/bluepill_f103c8/libb45/libbootloader.a(ghostfat.o)
                              .pioenvs/bluepill_f103c8/libb45/libbootloader.a(hf2.o) (flash_write)
.pioenvs/bluepill_f103c8/lib739/libcm.a(CmPin.o)
                              .pioenvs/bluepill_f103c8/src/main.o (codal::_cm::Pin::setDigitalValue(int))
.pioenvs/bluepill_f103c8/libea7/libcocoOS_5.0.3.a(os_event.o)
                              .pioenvs/bluepill_f103c8/src/wisol.o (event_create)
.pioenvs/bluepill_f103c8/libea7/libcocoOS_5.0.3.a(os_kernel.o)
                              .pioenvs/bluepill_f103c8/src/uart.o (running_tid)
.pioenvs/bluepill_f103c8/libea7/libcocoOS_5.0.3.a(os_msgqueue.o)
                              .pioenvs/bluepill_f103c8/libea7/libcocoOS_5.0.3.a(os_kernel.o) (os_msgQ_init)
.pioenvs/bluepill_f103c8/libea7/libcocoOS_5.0.3.a(os_sem.o)
                              .pioenvs/bluepill_f103c8/libea7/libcocoOS_5.0.3.a(os_kernel.o) (os_sem_init)
.pioenvs/bluepill_f103c8/libea7/libcocoOS_5.0.3.a(os_task.o)
                              .pioenvs/bluepill_f103c8/libea7/libcocoOS_5.0.3.a(os_kernel.o) (os_task_init)
.pioenvs/bluepill_f103c8/libea7/libcocoOS_5.0.3.a(os_assert.o)
                              .pioenvs/bluepill_f103c8/libea7/libcocoOS_5.0.3.a(os_event.o) (os_on_assert)
.pioenvs/bluepill_f103c8/libea7/libcocoOS_5.0.3.a(os_cbk.o)
                              .pioenvs/bluepill_f103c8/libea7/libcocoOS_5.0.3.a(os_kernel.o) (os_cbkSleep)
.pioenvs/bluepill_f103c8/lib3e7/libcodal-core.a(CodalCompat.o)
                              .pioenvs/bluepill_f103c8/libccd/hal/codal_target_hal.o (codal::seed_random(unsigned long))
.pioenvs/bluepill_f103c8/lib3e7/libcodal-core.a(CodalDmesg.o)
[...]
Memory Configuration

Name             Origin             Length             Attributes
bootrom          0x0000000008000000 0x0000000000008000 xr
rom              0x0000000008008000 0x0000000000008000 xr
bootram          0x0000000020000000 0x0000000000002800 xrw
ram              0x0000000020002800 0x0000000000002800 xrw
*default*        0x0000000000000000 0xffffffffffffffff

Linker script and memory map


.boot_text      0x0000000008000000     0x8348
 *(SORT_BY_ALIGNMENT(.vectors))
 .vectors       0x0000000008000000      0x150 .pioenvs/bluepill_f103c8/libFrameworkLibOpenCM3.a(vector.o)
                0x0000000008000000                vector_table
 :*reset_handler.o(SORT_BY_ALIGNMENT(.text*))
 .text.reset_handler
                0x0000000008000150       0xc8 .pioenvs/bluepill_f103c8/libccd/hal/reset_handler.o
                0x0000000008000150                reset_handler
 .text.pre_main
                0x0000000008000218       0x12 .pioenvs/bluepill_f103c8/libccd/hal/reset_handler.o
                0x0000000008000218                pre_main
 :*codal_target_hal.o(SORT_BY_ALIGNMENT(.text*))
 *fill*         0x000000000800022a        0x2 
 .text._ZL10timer_tickv
                0x000000000800022c       0x10 .pioenvs/bluepill_f103c8/libccd/hal/codal_target_hal.o
 .text._ZL11timer_alarmv
                0x000000000800023c       0x10 .pioenvs/bluepill_f103c8/libccd/hal/codal_target_hal.o
 .text._Z25stm32bluepill_dmesg_flushv
                0x000000000800024c       0x38 .pioenvs/bluepill_f103c8/libccd/hal/codal_target_hal.o
                0x000000000800024c                stm32bluepill_dmesg_flush()
 .text.target_set_tick_callback
                0x0000000008000284        0xc .pioenvs/bluepill_f103c8/libccd/hal/codal_target_hal.o
                0x0000000008000284                target_set_tick_callback
 .text.target_set_alarm_callback
                0x0000000008000290        0xc .pioenvs/bluepill_f103c8/libccd/hal/codal_target_hal.o
                0x0000000008000290                target_set_alarm_callback
 .text.target_init
                0x000000000800029c       0x3c .pioenvs/bluepill_f103c8/libccd/hal/codal_target_hal.o
                0x000000000800029c                target_init
 .text.target_wait
                0x00000000080002d8       0x24 .pioenvs/bluepill_f103c8/libccd/hal/codal_target_hal.o
                0x00000000080002d8                target_wait
 .text.target_wait_us
                0x00000000080002fc       0x2c .pioenvs/bluepill_f103c8/libccd/hal/codal_target_hal.o
                0x00000000080002fc                target_wait_us
 .text.target_panic
                0x0000000008000328       0x20 .pioenvs/bluepill_f103c8/libccd/hal/codal_target_hal.o
                0x0000000008000328                target_panic
 .text.fiber_initial_stack_base
                0x0000000008000348        0x8 .pioenvs/bluepill_f103c8/libccd/hal/codal_target_hal.o
                0x0000000008000348                fiber_initial_stack_base
 .text.test_codal
                0x0000000008000350       0x70 .pioenvs/bluepill_f103c8/libccd/hal/codal_target_hal.o
                0x0000000008000350                test_codal
 .text.target_enable_debug
                0x00000000080003c0        0x4 .pioenvs/bluepill_f103c8/libccd/hal/codal_target_hal.o
                0x00000000080003c0                target_enable_debug
 .text.target_enable_irq
                0x00000000080003c4        0x4 .pioenvs/bluepill_f103c8/libccd/hal/codal_target_hal.o
                0x00000000080003c4                target_enable_irq
 .text.target_disable_irq
                0x00000000080003c8        0x4 .pioenvs/bluepill_f103c8/libccd/hal/codal_target_hal.o
                0x00000000080003c8                target_disable_irq
 .text.target_wait_for_event
                0x00000000080003cc        0xa .pioenvs/bluepill_f103c8/libccd/hal/codal_target_hal.o
                0x00000000080003cc                target_wait_for_event
 .text.tcb_allocate
                0x00000000080003d6        0x6 .pioenvs/bluepill_f103c8/libccd/hal/codal_target_hal.o
                0x00000000080003d6                tcb_allocate
 .text.tcb_configure_lr
                0x00000000080003dc        0x4 .pioenvs/bluepill_f103c8/libccd/hal/codal_target_hal.o
                0x00000000080003dc                tcb_configure_lr
 .text.tcb_configure_sp
                0x00000000080003e0        0x4 .pioenvs/bluepill_f103c8/libccd/hal/codal_target_hal.o
                0x00000000080003e0                tcb_configure_sp
 .text.tcb_configure_stack_base
                0x00000000080003e4        0x4 .pioenvs/bluepill_f103c8/libccd/hal/codal_target_hal.o
                0x00000000080003e4                tcb_configure_stack_base
 .text.tcb_get_stack_base
                0x00000000080003e8        0x4 .pioenvs/bluepill_f103c8/libccd/hal/codal_target_hal.o
                0x00000000080003e8                tcb_get_stack_base
 .text.get_current_sp
                0x00000000080003ec        0x4 .pioenvs/bluepill_f103c8/libccd/hal/codal_target_hal.o
                0x00000000080003ec                get_current_sp
 .text.tcb_get_sp
                0x00000000080003f0        0x4 .pioenvs/bluepill_f103c8/libccd/hal/codal_target_hal.o
                0x00000000080003f0                tcb_get_sp
 .text.tcb_configure_args
                0x00000000080003f4        0x8 .pioenvs/bluepill_f103c8/libccd/hal/codal_target_hal.o
                0x00000000080003f4                tcb_configure_args
 .text._fini    0x00000000080003fc        0x2 .pioenvs/bluepill_f103c8/libccd/hal/codal_target_hal.o
                0x00000000080003fc                _fini
 .text.__aeabi_atexit
                0x00000000080003fe        0x4 .pioenvs/bluepill_f103c8/libccd/hal/codal_target_hal.o
                0x00000000080003fe                __aeabi_atexit
 :*unit_test.o(SORT_BY_ALIGNMENT(.text*))
 *fill*         0x0000000008000402        0x6 
 .text.test_fabs
                0x0000000008000408      0x160 .pioenvs/bluepill_f103c8/libccd/hal/unit_test.o
                0x0000000008000408                test_fabs
 .text.test_aeabi_ddiv
                0x0000000008000568      0x19c .pioenvs/bluepill_f103c8/libccd/hal/unit_test.o
                0x0000000008000568                test_aeabi_ddiv
 *fill*         0x0000000008000704        0x4 
 .text.test_aeabi_dmul
                0x0000000008000708      0x19c .pioenvs/bluepill_f103c8/libccd/hal/unit_test.o
                0x0000000008000708                test_aeabi_dmul
 *fill*         0x00000000080008a4        0x4 
 .text.test_aeabi_dcmpeq
                0x00000000080008a8      0x1a4 .pioenvs/bluepill_f103c8/libccd/hal/unit_test.o
                0x00000000080008a8                test_aeabi_dcmpeq
 *fill*         0x0000000008000a4c        0x4 
 .text.test_aeabi_dcmplt
                0x0000000008000a50      0x1a4 .pioenvs/bluepill_f103c8/libccd/hal/unit_test.o
                0x0000000008000a50                test_aeabi_dcmplt
 *fill*         0x0000000008000bf4        0x4 
 .text.test_aeabi_dcmple
                0x0000000008000bf8      0x1a4 .pioenvs/bluepill_f103c8/libccd/hal/unit_test.o
                0x0000000008000bf8                test_aeabi_dcmple
 *fill*         0x0000000008000d9c        0x4 
 .text.test_aeabi_dcmpge
                0x0000000008000da0      0x1a4 .pioenvs/bluepill_f103c8/libccd/hal/unit_test.o
                0x0000000008000da0                test_aeabi_dcmpge
 *fill*         0x0000000008000f44        0x4 
 .text.test_aeabi_dcmpgt
                0x0000000008000f48      0x1a4 .pioenvs/bluepill_f103c8/libccd/hal/unit_test.o
                0x0000000008000f48                test_aeabi_dcmpgt
 *fill*         0x00000000080010ec        0x4 
 .text.test_aeabi_dcmpun
                0x00000000080010f0      0x1a4 .pioenvs/bluepill_f103c8/libccd/hal/unit_test.o
                0x00000000080010f0                test_aeabi_dcmpun
 *fill*         0x0000000008001294        0x4 
 .text.test_aeabi_d2iz
                0x0000000008001298       0x94 .pioenvs/bluepill_f103c8/libccd/hal/unit_test.o
                0x0000000008001298                test_aeabi_d2iz
 *fill*         0x000000000800132c        0x4 
 .text.test_aeabi_d2uiz
                0x0000000008001330       0x90 .pioenvs/bluepill_f103c8/libccd/hal/unit_test.o
                0x0000000008001330                test_aeabi_d2uiz
 .text.test_sqrt
                0x00000000080013c0       0xc8 .pioenvs/bluepill_f103c8/libccd/hal/unit_test.o
                0x00000000080013c0                test_sqrt
 .text.test_log
                0x0000000008001488       0xd0 .pioenvs/bluepill_f103c8/libccd/hal/unit_test.o
                0x0000000008001488                test_log
 .text.test_exp
                0x0000000008001558      0x128 .pioenvs/bluepill_f103c8/libccd/hal/unit_test.o
                0x0000000008001558                test_exp
 .text.test_log2
                0x0000000008001680      0x10c .pioenvs/bluepill_f103c8/libccd/hal/unit_test.o
                0x0000000008001680                test_log2
 *fill*         0x000000000800178c        0x4 
 .text.test_log10
                0x0000000008001790       0xd0 .pioenvs/bluepill_f103c8/libccd/hal/unit_test.o
                0x0000000008001790                test_log10
 .text.test_pow
                0x0000000008001860      0x110 .pioenvs/bluepill_f103c8/libccd/hal/unit_test.o
                0x0000000008001860                test_pow
 .text.test_ldexp
                0x0000000008001970       0xc4 .pioenvs/bluepill_f103c8/libccd/hal/unit_test.o
                0x0000000008001970                test_ldexp
 *fill*         0x0000000008001a34        0x4 
 .text.test_sin
                0x0000000008001a38      0x150 .pioenvs/bluepill_f103c8/libccd/hal/unit_test.o
                0x0000000008001a38                test_sin
 .text.test_cos
                0x0000000008001b88      0x158 .pioenvs/bluepill_f103c8/libccd/hal/unit_test.o
                0x0000000008001b88                test_cos
 .text.test_tan
                0x0000000008001ce0      0x148 .pioenvs/bluepill_f103c8/libccd/hal/unit_test.o
                0x0000000008001ce0                test_tan
 .text.test_atan2
                0x0000000008001e28      0x218 .pioenvs/bluepill_f103c8/libccd/hal/unit_test.o
                0x0000000008001e28                test_atan2
 .text.test_atan
                0x0000000008002040       0xc4 .pioenvs/bluepill_f103c8/libccd/hal/unit_test.o
                0x0000000008002040                test_atan
 *fill*         0x0000000008002104        0x4 
 .text.test_asin
                0x0000000008002108       0xa8 .pioenvs/bluepill_f103c8/libccd/hal/unit_test.o
                0x0000000008002108                test_asin
 .text.test_acos
                0x00000000080021b0      0x174 .pioenvs/bluepill_f103c8/libccd/hal/unit_test.o
                0x00000000080021b0                test_acos
 *fill*         0x0000000008002324        0x4 
 .text.test_sinh
                0x0000000008002328      0x110 .pioenvs/bluepill_f103c8/libccd/hal/unit_test.o
                0x0000000008002328                test_sinh
 .text.test_cosh
                0x0000000008002438      0x110 .pioenvs/bluepill_f103c8/libccd/hal/unit_test.o
                0x0000000008002438                test_cosh
 .text.test_tanh
                0x0000000008002548      0x110 .pioenvs/bluepill_f103c8/libccd/hal/unit_test.o
                0x0000000008002548                test_tanh
 .text.test_asinh
                0x0000000008002658      0x110 .pioenvs/bluepill_f103c8/libccd/hal/unit_test.o
                0x0000000008002658                test_asinh
 .text.test_acosh
                0x0000000008002768       0x90 .pioenvs/bluepill_f103c8/libccd/hal/unit_test.o
                0x0000000008002768                test_acosh
 .text.test_atanh
                0x00000000080027f8       0xc8 .pioenvs/bluepill_f103c8/libccd/hal/unit_test.o
                0x00000000080027f8                test_atanh
 .text.test_trunc
                0x00000000080028c0      0x178 .pioenvs/bluepill_f103c8/libccd/hal/unit_test.o
                0x00000000080028c0                test_trunc
 .text.test_floor
                0x0000000008002a38      0x17c .pioenvs/bluepill_f103c8/libccd/hal/unit_test.o
                0x0000000008002a38                test_floor
 *fill*         0x0000000008002bb4        0x4 
 .text.test_ceil
                0x0000000008002bb8      0x17c .pioenvs/bluepill_f103c8/libccd/hal/unit_test.o
                0x0000000008002bb8                test_ceil
 *fill*         0x0000000008002d34        0x4 
 .text.test_fmod
                0x0000000008002d38      0x1d8 .pioenvs/bluepill_f103c8/libccd/hal/unit_test.o
                0x0000000008002d38                test_fmod
 .text.test_aeabi_fdiv
                0x0000000008002f10      0x100 .pioenvs/bluepill_f103c8/libccd/hal/unit_test.o
                0x0000000008002f10                test_aeabi_fdiv
 .text.test_nanofloat
                0x0000000008003010      0x438 .pioenvs/bluepill_f103c8/libccd/hal/unit_test.o
                0x0000000008003010                test_nanofloat
 .text.unity_output_char
                0x0000000008003448        0x6 .pioenvs/bluepill_f103c8/libccd/hal/unit_test.o
                0x0000000008003448                unity_output_char
 .text.run_unit_test
                0x000000000800344e        0x4 .pioenvs/bluepill_f103c8/libccd/hal/unit_test.o
                0x000000000800344e                run_unit_test
 *liblibopencm3.a:(SORT_BY_ALIGNMENT(.text*))
 *libFrameworkLibOpenCM3.a:(SORT_BY_ALIGNMENT(.text*))
 *fill*         0x0000000008003452        0x2 
 .text.desig_get_unique_id
                0x0000000008003454       0x20 .pioenvs/bluepill_f103c8/libFrameworkLibOpenCM3.a(desig.o)
                0x0000000008003454                desig_get_unique_id
 .text.desig_get_unique_id_as_string
                0x0000000008003474       0x48 .pioenvs/bluepill_f103c8/libFrameworkLibOpenCM3.a(desig.o)
                0x0000000008003474                desig_get_unique_id_as_string
 .text.flash_get_status_flags
                0x00000000080034bc       0x28 .pioenvs/bluepill_f103c8/libFrameworkLibOpenCM3.a(flash.o)
                0x00000000080034bc                flash_get_status_flags
 .text.flash_program_half_word
                0x00000000080034e4       0x60 .pioenvs/bluepill_f103c8/libFrameworkLibOpenCM3.a(flash.o)
                0x00000000080034e4                flash_program_half_word
 .text.flash_erase_page
                0x0000000008003544       0x78 .pioenvs/bluepill_f103c8/libFrameworkLibOpenCM3.a(flash.o)
                0x0000000008003544                flash_erase_page
 .text.rcc_osc_on.part.0
                0x00000000080035bc       0x10 .pioenvs/bluepill_f103c8/libFrameworkLibOpenCM3.a(rcc.o)
 .text.rcc_wait_for_osc_ready
                0x00000000080035cc       0x64 .pioenvs/bluepill_f103c8/libFrameworkLibOpenCM3.a(rcc.o)
                0x00000000080035cc                rcc_wait_for_osc_ready
 .text.rcc_osc_on
                0x0000000008003630       0x54 .pioenvs/bluepill_f103c8/libFrameworkLibOpenCM3.a(rcc.o)
                0x0000000008003630                rcc_osc_on
 .text.rcc_set_sysclk_source
                0x0000000008003684       0x14 .pioenvs/bluepill_f103c8/libFrameworkLibOpenCM3.a(rcc.o)
                0x0000000008003684                rcc_set_sysclk_source
 .text.rcc_set_pll_multiplication_factor
                0x0000000008003698       0x14 .pioenvs/bluepill_f103c8/libFrameworkLibOpenCM3.a(rcc.o)
                0x0000000008003698                rcc_set_pll_multiplication_factor
 .text.rcc_set_pll_source
                0x00000000080036ac       0x14 .pioenvs/bluepill_f103c8/libFrameworkLibOpenCM3.a(rcc.o)
                0x00000000080036ac                rcc_set_pll_source
 .text.rcc_set_pllxtpre
                0x00000000080036c0       0x14 .pioenvs/bluepill_f103c8/libFrameworkLibOpenCM3.a(rcc.o)
                0x00000000080036c0                rcc_set_pllxtpre
 .text.rcc_enable_rtc_clock
                0x00000000080036d4       0x10 .pioenvs/bluepill_f103c8/libFrameworkLibOpenCM3.a(rcc.o)
                0x00000000080036d4                rcc_enable_rtc_clock
 .text.rcc_set_rtc_clock_source
                0x00000000080036e4       0x90 .pioenvs/bluepill_f103c8/libFrameworkLibOpenCM3.a(rcc.o)
                0x00000000080036e4                rcc_set_rtc_clock_source
 .text.rcc_set_adcpre
                0x0000000008003774       0x14 .pioenvs/bluepill_f103c8/libFrameworkLibOpenCM3.a(rcc.o)
                0x0000000008003774                rcc_set_adcpre
 .text.rcc_set_ppre2
                0x0000000008003788       0x14 .pioenvs/bluepill_f103c8/libFrameworkLibOpenCM3.a(rcc.o)
                0x0000000008003788                rcc_set_ppre2
 .text.rcc_set_ppre1
                0x000000000800379c       0x14 .pioenvs/bluepill_f103c8/libFrameworkLibOpenCM3.a(rcc.o)
                0x000000000800379c                rcc_set_ppre1
 .text.rcc_set_hpre
                0x00000000080037b0       0x14 .pioenvs/bluepill_f103c8/libFrameworkLibOpenCM3.a(rcc.o)
                0x00000000080037b0                rcc_set_hpre
 .text.rcc_clock_setup_in_hse_8mhz_out_72mhz
                0x00000000080037c4       0x8c .pioenvs/bluepill_f103c8/libFrameworkLibOpenCM3.a(rcc.o)
                0x00000000080037c4                rcc_clock_setup_in_hse_8mhz_out_72mhz
 .text.rtc_enter_config_mode
                0x0000000008003850       0x18 .pioenvs/bluepill_f103c8/libFrameworkLibOpenCM3.a(rtc.o)
                0x0000000008003850                rtc_enter_config_mode
 .text.rtc_exit_config_mode
                0x0000000008003868       0x18 .pioenvs/bluepill_f103c8/libFrameworkLibOpenCM3.a(rtc.o)
                0x0000000008003868                rtc_exit_config_mode
 .text.rtc_set_alarm_time
                0x0000000008003880       0x20 .pioenvs/bluepill_f103c8/libFrameworkLibOpenCM3.a(rtc.o)
                0x0000000008003880                rtc_set_alarm_time
 .text.rtc_set_prescale_val
                0x00000000080038a0       0x20 .pioenvs/bluepill_f103c8/libFrameworkLibOpenCM3.a(rtc.o)
                0x00000000080038a0                rtc_set_prescale_val
 .text.rtc_get_counter_val
                0x00000000080038c0       0x14 .pioenvs/bluepill_f103c8/libFrameworkLibOpenCM3.a(rtc.o)
                0x00000000080038c0                rtc_get_counter_val
 .text.rtc_set_counter_val
                0x00000000080038d4       0x1c .pioenvs/bluepill_f103c8/libFrameworkLibOpenCM3.a(rtc.o)
                0x00000000080038d4                rtc_set_counter_val
 .text.rtc_interrupt_enable
                0x00000000080038f0       0x3c .pioenvs/bluepill_f103c8/libFrameworkLibOpenCM3.a(rtc.o)
                0x00000000080038f0                rtc_interrupt_enable
 .text.rtc_interrupt_disable
                0x000000000800392c       0x3c .pioenvs/bluepill_f103c8/libFrameworkLibOpenCM3.a(rtc.o)
                0x000000000800392c                rtc_interrupt_disable
 .text.rtc_clear_flag
                0x0000000008003968       0x30 .pioenvs/bluepill_f103c8/libFrameworkLibOpenCM3.a(rtc.o)
                0x0000000008003968                rtc_clear_flag
 .text.rtc_check_flag
                0x0000000008003998       0x30 .pioenvs/bluepill_f103c8/libFrameworkLibOpenCM3.a(rtc.o)
                0x0000000008003998                rtc_check_flag
 .text.pwr_disable_backup_domain_write_protect
                0x00000000080039c8       0x10 .pioenvs/bluepill_f103c8/libFrameworkLibOpenCM3.a(pwr_common_all.o)
                0x00000000080039c8                pwr_disable_backup_domain_write_protect
 .text.pwr_enable_backup_domain_write_protect
                0x00000000080039d8       0x10 .pioenvs/bluepill_f103c8/libFrameworkLibOpenCM3.a(pwr_common_all.o)
                0x00000000080039d8                pwr_enable_backup_domain_write_protect
 .text.exti_set_trigger
                0x00000000080039e8       0x3c .pioenvs/bluepill_f103c8/libFrameworkLibOpenCM3.a(exti_common_all.o)
                0x00000000080039e8                exti_set_trigger
 .text.exti_enable_request
                0x0000000008003a24       0x14 .pioenvs/bluepill_f103c8/libFrameworkLibOpenCM3.a(exti_common_all.o)
                0x0000000008003a24                exti_enable_request
 .text.exti_reset_request
                0x0000000008003a38        0xc .pioenvs/bluepill_f103c8/libFrameworkLibOpenCM3.a(exti_common_all.o)
                0x0000000008003a38                exti_reset_request
 .text.flash_set_ws
                0x0000000008003a44       0x14 .pioenvs/bluepill_f103c8/libFrameworkLibOpenCM3.a(flash_common_f01.o)
                0x0000000008003a44                flash_set_ws
 .text.flash_unlock
                0x0000000008003a58       0x24 .pioenvs/bluepill_f103c8/libFrameworkLibOpenCM3.a(flash_common_f01.o)
                0x0000000008003a58                flash_unlock
 .text.flash_lock
                0x0000000008003a7c       0x10 .pioenvs/bluepill_f103c8/libFrameworkLibOpenCM3.a(flash_common_f01.o)
                0x0000000008003a7c                flash_lock
 .text.usbd_init
                0x0000000008003a8c       0x50 .pioenvs/bluepill_f103c8/libFrameworkLibOpenCM3.a(usb.o)
                0x0000000008003a8c                usbd_init
 .text._usbd_standard_request_device
                0x0000000008003adc       0x48 .pioenvs/bluepill_f103c8/libFrameworkLibOpenCM3.a(usb_standard.o)
                0x0000000008003adc                _usbd_standard_request_device
 .text._usbd_standard_request_interface
                0x0000000008003b24       0x30 .pioenvs/bluepill_f103c8/libFrameworkLibOpenCM3.a(usb_standard.o)
                0x0000000008003b24                _usbd_standard_request_interface
 .text._usbd_standard_request_endpoint
                0x0000000008003b54       0x3c .pioenvs/bluepill_f103c8/libFrameworkLibOpenCM3.a(usb_standard.o)
                0x0000000008003b54                _usbd_standard_request_endpoint
 .text.st_usbfs_v1_usbd_init
                0x0000000008003b90       0x30 .pioenvs/bluepill_f103c8/libFrameworkLibOpenCM3.a(st_usbfs_v1.o)
 .text.st_usbfs_set_address
                0x0000000008003bc0       0x10 .pioenvs/bluepill_f103c8/libFrameworkLibOpenCM3.a(st_usbfs_core.o)
                0x0000000008003bc0                st_usbfs_set_address
 .text.st_usbfs_set_ep_rx_bufsize
                0x0000000008003bd0       0x48 .pioenvs/bluepill_f103c8/libFrameworkLibOpenCM3.a(st_usbfs_core.o)
                0x0000000008003bd0                st_usbfs_set_ep_rx_bufsize
 .text.st_usbfs_ep_setup
                0x0000000008003c18      0x150 .pioenvs/bluepill_f103c8/libFrameworkLibOpenCM3.a(st_usbfs_core.o)
                0x0000000008003c18                st_usbfs_ep_setup
 .text.st_usbfs_endpoints_reset
                0x0000000008003d68       0x44 .pioenvs/bluepill_f103c8/libFrameworkLibOpenCM3.a(st_usbfs_core.o)
                0x0000000008003d68                st_usbfs_endpoints_reset
 .text.st_usbfs_ep_stall_set
                0x0000000008003dac       0xe4 .pioenvs/bluepill_f103c8/libFrameworkLibOpenCM3.a(st_usbfs_core.o)
                0x0000000008003dac                st_usbfs_ep_stall_set
 .text.st_usbfs_ep_nak_set
                0x0000000008003e90       0x58 .pioenvs/bluepill_f103c8/libFrameworkLibOpenCM3.a(st_usbfs_core.o)
                0x0000000008003e90                st_usbfs_ep_nak_set
 .text.st_usbfs_ep_write_packet
                0x0000000008003ee8       0x8c .pioenvs/bluepill_f103c8/libFrameworkLibOpenCM3.a(st_usbfs_core.o)
                0x0000000008003ee8                st_usbfs_ep_write_packet
 .text.st_usbfs_ep_read_packet
                0x0000000008003f74       0xb8 .pioenvs/bluepill_f103c8/libFrameworkLibOpenCM3.a(st_usbfs_core.o)
                0x0000000008003f74                st_usbfs_ep_read_packet
 .text.st_usbfs_poll
                0x000000000800402c       0xd0 .pioenvs/bluepill_f103c8/libFrameworkLibOpenCM3.a(st_usbfs_core.o)
                0x000000000800402c                st_usbfs_poll
 .text.gpio_set_mode
                0x00000000080040fc       0x62 .pioenvs/bluepill_f103c8/libFrameworkLibOpenCM3.a(gpio.o)
                0x00000000080040fc                gpio_set_mode
 .text.gpio_set
                0x000000000800415e        0x4 .pioenvs/bluepill_f103c8/libFrameworkLibOpenCM3.a(gpio_common_all.o)
                0x000000000800415e                gpio_set
 .text.gpio_clear
                0x0000000008004162        0x6 .pioenvs/bluepill_f103c8/libFrameworkLibOpenCM3.a(gpio_common_all.o)
                0x0000000008004162                gpio_clear
 .text.usart_recv
                0x0000000008004168        0x8 .pioenvs/bluepill_f103c8/libFrameworkLibOpenCM3.a(usart_common_f124.o)
                0x0000000008004168                usart_recv
 .text.rcc_periph_clock_enable
                0x0000000008004170       0x1a .pioenvs/bluepill_f103c8/libFrameworkLibOpenCM3.a(rcc_common_all.o)
                0x0000000008004170                rcc_periph_clock_enable
 .text.rcc_periph_reset_pulse
                0x000000000800418a       0x22 .pioenvs/bluepill_f103c8/libFrameworkLibOpenCM3.a(rcc_common_all.o)
                0x000000000800418a                rcc_periph_reset_pulse
 .text.flash_wait_for_last_operation
                0x00000000080041ac        0xc .pioenvs/bluepill_f103c8/libFrameworkLibOpenCM3.a(flash_common_f01.o)
                0x00000000080041ac                flash_wait_for_last_operation
 .text.usbd_poll
                0x00000000080041b8        0x8 .pioenvs/bluepill_f103c8/libFrameworkLibOpenCM3.a(usb.o)
                0x00000000080041b8                usbd_poll
 .text.usbd_ep_setup
                0x00000000080041c0        0xe .pioenvs/bluepill_f103c8/libFrameworkLibOpenCM3.a(usb.o)
                0x00000000080041c0                usbd_ep_setup
 .text._usbd_reset
                0x00000000080041ce       0x32 .pioenvs/bluepill_f103c8/libFrameworkLibOpenCM3.a(usb.o)
                0x00000000080041ce                _usbd_reset
 .text.usbd_ep_write_packet
                0x0000000008004200        0xe .pioenvs/bluepill_f103c8/libFrameworkLibOpenCM3.a(usb.o)
                0x0000000008004200                usbd_ep_write_packet
 .text.usbd_ep_read_packet
                0x000000000800420e        0xe .pioenvs/bluepill_f103c8/libFrameworkLibOpenCM3.a(usb.o)
                0x000000000800420e                usbd_ep_read_packet
 .text.usbd_ep_stall_set
                0x000000000800421c        0x8 .pioenvs/bluepill_f103c8/libFrameworkLibOpenCM3.a(usb.o)
                0x000000000800421c                usbd_ep_stall_set
 .text.usbd_ep_stall_get
                0x0000000008004224        0x8 .pioenvs/bluepill_f103c8/libFrameworkLibOpenCM3.a(usb.o)
                0x0000000008004224                usbd_ep_stall_get
 .text.stall_transaction
                0x000000000800422c       0x14 .pioenvs/bluepill_f103c8/libFrameworkLibOpenCM3.a(usb_control.o)
 .text.usb_control_recv_chunk
                0x0000000008004240       0x3c .pioenvs/bluepill_f103c8/libFrameworkLibOpenCM3.a(usb_control.o)
 .text.usb_control_send_chunk
                0x000000000800427c       0x44 .pioenvs/bluepill_f103c8/libFrameworkLibOpenCM3.a(usb_control.o)
 .text.usb_control_request_dispatch
                0x00000000080042c0       0x62 .pioenvs/bluepill_f103c8/libFrameworkLibOpenCM3.a(usb_control.o)
 .text.usb_control_setup_read
                0x0000000008004322       0x42 .pioenvs/bluepill_f103c8/libFrameworkLibOpenCM3.a(usb_control.o)
 .text.usbd_register_control_callback
                0x0000000008004364       0x26 .pioenvs/bluepill_f103c8/libFrameworkLibOpenCM3.a(usb_control.o)
                0x0000000008004364                usbd_register_control_callback
 .text._usbd_control_setup
                0x000000000800438a       0x5a .pioenvs/bluepill_f103c8/libFrameworkLibOpenCM3.a(usb_control.o)
                0x000000000800438a                _usbd_control_setup
 .text._usbd_control_out
                0x00000000080043e4       0x82 .pioenvs/bluepill_f103c8/libFrameworkLibOpenCM3.a(usb_control.o)
                0x00000000080043e4                _usbd_control_out
 .text._usbd_control_in
                0x0000000008004466       0x56 .pioenvs/bluepill_f103c8/libFrameworkLibOpenCM3.a(usb_control.o)
                0x0000000008004466                _usbd_control_in
 .text.usb_standard_set_configuration
                0x00000000080044bc       0x92 .pioenvs/bluepill_f103c8/libFrameworkLibOpenCM3.a(usb_standard.o)
 .text.usb_standard_get_configuration
                0x000000000800454e       0x20 .pioenvs/bluepill_f103c8/libFrameworkLibOpenCM3.a(usb_standard.o)
 .text.usb_standard_get_interface
                0x000000000800456e       0x34 .pioenvs/bluepill_f103c8/libFrameworkLibOpenCM3.a(usb_standard.o)
 .text.usb_standard_device_get_status
                0x00000000080045a2       0x18 .pioenvs/bluepill_f103c8/libFrameworkLibOpenCM3.a(usb_standard.o)
 .text.usb_standard_endpoint_get_status
                0x00000000080045ba       0x2a .pioenvs/bluepill_f103c8/libFrameworkLibOpenCM3.a(usb_standard.o)
 .text.usb_standard_endpoint_stall
                0x00000000080045e4       0x10 .pioenvs/bluepill_f103c8/libFrameworkLibOpenCM3.a(usb_standard.o)
 .text.usb_standard_endpoint_unstall
                0x00000000080045f4       0x10 .pioenvs/bluepill_f103c8/libFrameworkLibOpenCM3.a(usb_standard.o)
 .text.usb_standard_set_address
                0x0000000008004604       0x28 .pioenvs/bluepill_f103c8/libFrameworkLibOpenCM3.a(usb_standard.o)
 .text.usb_standard_set_interface
                0x000000000800462c       0x4e .pioenvs/bluepill_f103c8/libFrameworkLibOpenCM3.a(usb_standard.o)
 .text.usb_standard_get_descriptor
                0x000000000800467a      0x256 .pioenvs/bluepill_f103c8/libFrameworkLibOpenCM3.a(usb_standard.o)
 .text.usb_standard_interface_get_status
                0x00000000080048d0       0x18 .pioenvs/bluepill_f103c8/libFrameworkLibOpenCM3.a(usb_standard.o)
 .text.usbd_register_set_config_callback
                0x00000000080048e8       0x26 .pioenvs/bluepill_f103c8/libFrameworkLibOpenCM3.a(usb_standard.o)
                0x00000000080048e8                usbd_register_set_config_callback
 .text._usbd_standard_request
                0x000000000800490e       0x30 .pioenvs/bluepill_f103c8/libFrameworkLibOpenCM3.a(usb_standard.o)
                0x000000000800490e                _usbd_standard_request
 .text.st_usbfs_copy_to_pm
                0x000000000800493e       0x1c .pioenvs/bluepill_f103c8/libFrameworkLibOpenCM3.a(st_usbfs_v1.o)
                0x000000000800493e                st_usbfs_copy_to_pm
 .text.st_usbfs_copy_from_pm
                0x000000000800495a       0x2a .pioenvs/bluepill_f103c8/libFrameworkLibOpenCM3.a(st_usbfs_v1.o)
                0x000000000800495a                st_usbfs_copy_from_pm
 .text.blocking_handler
                0x0000000008004984        0x2 .pioenvs/bluepill_f103c8/libFrameworkLibOpenCM3.a(vector.o)
                0x0000000008004984                exti0_isr
                0x0000000008004984                tim7_isr
                0x0000000008004984                adc1_2_isr
                0x0000000008004984                tim1_trg_com_isr
                0x0000000008004984                usb_hp_can_tx_isr
                0x0000000008004984                tim6_isr
                0x0000000008004984                usb_wakeup_isr
                0x0000000008004984                blocking_handler
                0x0000000008004984                tim5_isr
                0x0000000008004984                otg_fs_isr
                0x0000000008004984                spi1_isr
                0x0000000008004984                exti2_isr
                0x0000000008004984                dma1_channel6_isr
                0x0000000008004984                can_rx1_isr
                0x0000000008004984                dma1_channel5_isr
                0x0000000008004984                dma2_channel5_isr
                0x0000000008004984                usart1_isr
                0x0000000008004984                usage_fault_handler
                0x0000000008004984                tim8_trg_com_isr
                0x0000000008004984                can2_rx0_isr
                0x0000000008004984                tim1_brk_isr
                0x0000000008004984                can2_rx1_isr
                0x0000000008004984                tim1_cc_isr
                0x0000000008004984                sdio_isr
                0x0000000008004984                eth_isr
                0x0000000008004984                dma1_channel4_isr
                0x0000000008004984                tim8_brk_isr
                0x0000000008004984                dma2_channel4_5_isr
                0x0000000008004984                pvd_isr
                0x0000000008004984                rcc_isr
                0x0000000008004984                flash_isr
                0x0000000008004984                uart4_isr
                0x0000000008004984                exti15_10_isr
                0x0000000008004984                hard_fault_handler
                0x0000000008004984                exti1_isr
                0x0000000008004984                i2c1_ev_isr
                0x0000000008004984                dma2_channel1_isr
                0x0000000008004984                spi2_isr
                0x0000000008004984                tim8_up_isr
                0x0000000008004984                dma2_channel2_isr
                0x0000000008004984                exti3_isr
                0x0000000008004984                adc3_isr
                0x0000000008004984                tim3_isr
                0x0000000008004984                usb_lp_can_rx0_isr
                0x0000000008004984                i2c2_er_isr
                0x0000000008004984                i2c2_ev_isr
                0x0000000008004984                uart5_isr
                0x0000000008004984                fsmc_isr
                0x0000000008004984                dma1_channel1_isr
                0x0000000008004984                exti4_isr
                0x0000000008004984                mem_manage_handler
                0x0000000008004984                can2_tx_isr
                0x0000000008004984                exti9_5_isr
                0x0000000008004984                dma2_channel3_isr
                0x0000000008004984                dma1_channel7_isr
                0x0000000008004984                tim1_up_isr
                0x0000000008004984                can2_sce_isr
                0x0000000008004984                tim4_isr
                0x0000000008004984                dma1_channel2_isr
                0x0000000008004984                i2c1_er_isr
                0x0000000008004984                can_sce_isr
                0x0000000008004984                tim8_cc_isr
                0x0000000008004984                tamper_isr
                0x0000000008004984                eth_wkup_isr
                0x0000000008004984                bus_fault_handler
                0x0000000008004984                wwdg_isr
                0x0000000008004984                dma1_channel3_isr
                0x0000000008004984                spi3_isr
                0x0000000008004984                tim2_isr
                0x0000000008004984                usart3_isr
 .text.null_handler
                0x0000000008004986        0x2 .pioenvs/bluepill_f103c8/libFrameworkLibOpenCM3.a(vector.o)
                0x0000000008004986                null_handler
                0x0000000008004986                sv_call_handler
                0x0000000008004986                pend_sv_handler
                0x0000000008004986                debug_monitor_handler
                0x0000000008004986                sys_tick_handler
                0x0000000008004986                nmi_handler
 .text.nvic_enable_irq
                0x0000000008004988       0x1a .pioenvs/bluepill_f103c8/libFrameworkLibOpenCM3.a(nvic.o)
                0x0000000008004988                nvic_enable_irq
 .text.st_usbfs_ep_stall_get
                0x00000000080049a2       0x38 .pioenvs/bluepill_f103c8/libFrameworkLibOpenCM3.a(st_usbfs_core.o)
                0x00000000080049a2                st_usbfs_ep_stall_get
 *libunity.a:(SORT_BY_ALIGNMENT(.text*))
 *fill*         0x00000000080049da        0x6 
 .text.UnityPrintFloat
                0x00000000080049e0      0x344 .pioenvs/bluepill_f103c8/libfdb/libunity.a(unity.o)
                0x00000000080049e0                UnityPrintFloat
 .text.UnityTestResultsBegin
                0x0000000008004d24       0x30 .pioenvs/bluepill_f103c8/libfdb/libunity.a(unity.o)
 .text.UnityTestResultsFailBegin
                0x0000000008004d54       0x24 .pioenvs/bluepill_f103c8/libfdb/libunity.a(unity.o)
 .text.UnityAddMsgIfSpecified
                0x0000000008004d78       0x50 .pioenvs/bluepill_f103c8/libfdb/libunity.a(unity.o)
 .text.UnityConcludeTest
                0x0000000008004dc8       0x44 .pioenvs/bluepill_f103c8/libfdb/libunity.a(unity.o)
                0x0000000008004dc8                UnityConcludeTest
 .text.UnityAssertEqualNumber
                0x0000000008004e0c       0x58 .pioenvs/bluepill_f103c8/libfdb/libunity.a(unity.o)
                0x0000000008004e0c                UnityAssertEqualNumber
 .text.UnityAssertFloatsWithin
                0x0000000008004e64       0x58 .pioenvs/bluepill_f103c8/libfdb/libunity.a(unity.o)
                0x0000000008004e64                UnityAssertFloatsWithin
 .text.UnityAssertDoublesWithin
                0x0000000008004ebc       0x60 .pioenvs/bluepill_f103c8/libfdb/libunity.a(unity.o)
                0x0000000008004ebc                UnityAssertDoublesWithin
 .text.UnityDefaultTestRun
                0x0000000008004f1c       0x2c .pioenvs/bluepill_f103c8/libfdb/libunity.a(unity.o)
                0x0000000008004f1c                UnityDefaultTestRun
 .text.UnityBegin
                0x0000000008004f48       0x20 .pioenvs/bluepill_f103c8/libfdb/libunity.a(unity.o)
                0x0000000008004f48                UnityBegin
 .text.UnityEnd
                0x0000000008004f68       0x74 .pioenvs/bluepill_f103c8/libfdb/libunity.a(unity.o)
                0x0000000008004f68                UnityEnd
 .text.UnityFloatsWithin
                0x0000000008004fdc       0xe4 .pioenvs/bluepill_f103c8/libfdb/libunity.a(unity.o)
 .text.UnityDoublesWithin
                0x00000000080050c0      0x11c .pioenvs/bluepill_f103c8/libfdb/libunity.a(unity.o)
 .text.setUp    0x00000000080051dc        0x2 .pioenvs/bluepill_f103c8/libfdb/libunity.a(unity.o)
                0x00000000080051dc                setUp
 .text.tearDown
                0x00000000080051de        0x2 .pioenvs/bluepill_f103c8/libfdb/libunity.a(unity.o)
                0x00000000080051de                tearDown
 .text.UnityPrintNumberUnsigned
                0x00000000080051e0       0x34 .pioenvs/bluepill_f103c8/libfdb/libunity.a(unity.o)
                0x00000000080051e0                UnityPrintNumberUnsigned
 .text.UnityPrintNumber
                0x0000000008005214       0x18 .pioenvs/bluepill_f103c8/libfdb/libunity.a(unity.o)
                0x0000000008005214                UnityPrintNumber
 .text.UnityPrintNumberHex
                0x000000000800522c       0x2e .pioenvs/bluepill_f103c8/libfdb/libunity.a(unity.o)
                0x000000000800522c                UnityPrintNumberHex
 .text.UnityPrint.part.0
                0x000000000800525a       0x4c .pioenvs/bluepill_f103c8/libfdb/libunity.a(unity.o)
 .text.UnityPrint
                0x00000000080052a6        0x8 .pioenvs/bluepill_f103c8/libfdb/libunity.a(unity.o)
                0x00000000080052a6                UnityPrint
 .text.UnityPrintNumberByStyle
                0x00000000080052ae       0x3a .pioenvs/bluepill_f103c8/libfdb/libunity.a(unity.o)
                0x00000000080052ae                UnityPrintNumberByStyle
 *libqfplib.a:(SORT_BY_ALIGNMENT(.text*))
 .text          0x00000000080052e8      0x4c8 .pioenvs/bluepill_f103c8/libf85/libqfplib.a(qfplib.o)
                0x00000000080053b0                qfp_fsub
                0x00000000080053b6                qfp_fadd
                0x00000000080053f8                qfp_fcmp
                0x0000000008005414                qfp_fmul
                0x0000000008005424                qfp_fdiv
                0x0000000008005466                qfp_fdiv_fast
                0x00000000080054b6                qfp_fsqrt_fast
                0x000000000800552c                qfp_float2int
                0x000000000800552e                qfp_float2fix
                0x0000000008005556                qfp_float2uint
                0x0000000008005558                qfp_float2ufix
                0x0000000008005572                qfp_int2float
                0x0000000008005574                qfp_fix2float
                0x000000000800557e                qfp_uint2float
                0x0000000008005580                qfp_ufix2float
                0x0000000008005616                qfp_fsin
                0x0000000008005658                qfp_fcos
                0x0000000008005662                qfp_ftan
                0x000000000800566a                qfp_fexp
                0x000000000800569a                qfp_fsqrt
                0x00000000080056d4                qfp_fln
                0x00000000080056f8                qfp_fatan2
 *libnano-float.a:(SORT_BY_ALIGNMENT(.text*))
 .text.acos     0x00000000080057b0       0xbc .pioenvs/bluepill_f103c8/libd88/libnano-float.a(functions.o)
                0x00000000080057b0                acos
 .text.get_float_usage
                0x000000000800586c        0xc .pioenvs/bluepill_f103c8/libd88/libnano-float.a(functions.o)
                0x000000000800586c                get_float_usage
 .text.__wrap___aeabi_ddiv
                0x0000000008005878       0x30 .pioenvs/bluepill_f103c8/libd88/libnano-float.a(functions.o)
                0x0000000008005878                __wrap___aeabi_ddiv
 .text.__wrap___aeabi_dmul
                0x00000000080058a8       0x30 .pioenvs/bluepill_f103c8/libd88/libnano-float.a(functions.o)
                0x00000000080058a8                __wrap___aeabi_dmul
 .text.__wrap___aeabi_dcmpeq
                0x00000000080058d8       0x34 .pioenvs/bluepill_f103c8/libd88/libnano-float.a(functions.o)
                0x00000000080058d8                __wrap___aeabi_dcmpeq
 .text.__wrap___aeabi_dcmplt
                0x000000000800590c       0x30 .pioenvs/bluepill_f103c8/libd88/libnano-float.a(functions.o)
                0x000000000800590c                __wrap___aeabi_dcmplt
 .text.__wrap___aeabi_dcmple
                0x000000000800593c       0x34 .pioenvs/bluepill_f103c8/libd88/libnano-float.a(functions.o)
                0x000000000800593c                __wrap___aeabi_dcmple
 .text.__wrap___aeabi_dcmpge
                0x0000000008005970       0x30 .pioenvs/bluepill_f103c8/libd88/libnano-float.a(functions.o)
                0x0000000008005970                __wrap___aeabi_dcmpge
 .text.__wrap___aeabi_dcmpgt
                0x00000000080059a0       0x34 .pioenvs/bluepill_f103c8/libd88/libnano-float.a(functions.o)
                0x00000000080059a0                __wrap___aeabi_dcmpgt
 .text.__wrap___aeabi_dcmpun
                0x00000000080059d4       0x34 .pioenvs/bluepill_f103c8/libd88/libnano-float.a(functions.o)
                0x00000000080059d4                __wrap___aeabi_dcmpun
 .text.__wrap___aeabi_fdiv
                0x0000000008005a08       0x10 .pioenvs/bluepill_f103c8/libd88/libnano-float.a(functions.o)
                0x0000000008005a08                __wrap___aeabi_fdiv
 .text.__wrap___aeabi_d2iz
                0x0000000008005a18       0x2c .pioenvs/bluepill_f103c8/libd88/libnano-float.a(functions.o)
                0x0000000008005a18                __wrap___aeabi_d2iz
 .text.__wrap___aeabi_d2uiz
                0x0000000008005a44       0x38 .pioenvs/bluepill_f103c8/libd88/libnano-float.a(functions.o)
                0x0000000008005a44                __wrap___aeabi_d2uiz
 .text.sqrt     0x0000000008005a7c       0x1c .pioenvs/bluepill_f103c8/libd88/libnano-float.a(functions.o)
                0x0000000008005a7c                sqrt
 .text.log      0x0000000008005a98       0x1c .pioenvs/bluepill_f103c8/libd88/libnano-float.a(functions.o)
                0x0000000008005a98                log
 .text.exp      0x0000000008005ab4       0x1c .pioenvs/bluepill_f103c8/libd88/libnano-float.a(functions.o)
                0x0000000008005ab4                exp
 .text.log2     0x0000000008005ad0       0x28 .pioenvs/bluepill_f103c8/libd88/libnano-float.a(functions.o)
                0x0000000008005ad0                log2
 .text.log10    0x0000000008005af8       0x28 .pioenvs/bluepill_f103c8/libd88/libnano-float.a(functions.o)
                0x0000000008005af8                log10
 .text.pow      0x0000000008005b20       0x88 .pioenvs/bluepill_f103c8/libd88/libnano-float.a(functions.o)
                0x0000000008005b20                pow
 .text.ldexp    0x0000000008005ba8       0x40 .pioenvs/bluepill_f103c8/libd88/libnano-float.a(functions.o)
                0x0000000008005ba8                ldexp
 .text.sin      0x0000000008005be8       0x1c .pioenvs/bluepill_f103c8/libd88/libnano-float.a(functions.o)
                0x0000000008005be8                sin
 .text.cos      0x0000000008005c04       0x34 .pioenvs/bluepill_f103c8/libd88/libnano-float.a(functions.o)
                0x0000000008005c04                cos
 .text.tan      0x0000000008005c38       0x1c .pioenvs/bluepill_f103c8/libd88/libnano-float.a(functions.o)
                0x0000000008005c38                tan
 .text.atan2    0x0000000008005c54       0x50 .pioenvs/bluepill_f103c8/libd88/libnano-float.a(functions.o)
                0x0000000008005c54                atan2
 .text.atan     0x0000000008005ca4       0xa8 .pioenvs/bluepill_f103c8/libd88/libnano-float.a(functions.o)
                0x0000000008005ca4                atan
 .text.asin     0x0000000008005d4c       0x88 .pioenvs/bluepill_f103c8/libd88/libnano-float.a(functions.o)
                0x0000000008005d4c                asin
 .text.sinh     0x0000000008005dd4       0x94 .pioenvs/bluepill_f103c8/libd88/libnano-float.a(functions.o)
                0x0000000008005dd4                sinh
 .text.cosh     0x0000000008005e68       0x9c .pioenvs/bluepill_f103c8/libd88/libnano-float.a(functions.o)
                0x0000000008005e68                cosh
 .text.tanh     0x0000000008005f04       0xac .pioenvs/bluepill_f103c8/libd88/libnano-float.a(functions.o)
                0x0000000008005f04                tanh
 .text.asinh    0x0000000008005fb0       0x94 .pioenvs/bluepill_f103c8/libd88/libnano-float.a(functions.o)
                0x0000000008005fb0                asinh
 .text.acosh    0x0000000008006044       0xac .pioenvs/bluepill_f103c8/libd88/libnano-float.a(functions.o)
                0x0000000008006044                acosh
 .text.atanh    0x00000000080060f0       0xbc .pioenvs/bluepill_f103c8/libd88/libnano-float.a(functions.o)
                0x00000000080060f0                atanh
 .text.trunc    0x00000000080061ac       0x80 .pioenvs/bluepill_f103c8/libd88/libnano-float.a(functions.o)
                0x00000000080061ac                trunc
 .text.floor    0x000000000800622c       0x7c .pioenvs/bluepill_f103c8/libd88/libnano-float.a(functions.o)
                0x000000000800622c                floor
 .text.ceil     0x00000000080062a8       0x80 .pioenvs/bluepill_f103c8/libd88/libnano-float.a(functions.o)
                0x00000000080062a8                ceil
 .text.fmod     0x0000000008006328      0x148 .pioenvs/bluepill_f103c8/libd88/libnano-float.a(functions.o)
                0x0000000008006328                fmod
 *libnewlib.a:(SORT_BY_ALIGNMENT(.text*))
 .text.memset   0x0000000008006470       0x10 .pioenvs/bluepill_f103c8/lib98a/libnewlib.a(memset.o)
                0x0000000008006470                memset
 .text.strlen   0x0000000008006480       0x10 .pioenvs/bluepill_f103c8/lib98a/libnewlib.a(strlen.o)
                0x0000000008006480                strlen
 .text.strncat  0x0000000008006490       0x28 .pioenvs/bluepill_f103c8/lib98a/libnewlib.a(strncat.o)
                0x0000000008006490                strncat
 .text.strncpy  0x00000000080064b8       0x2a .pioenvs/bluepill_f103c8/lib98a/libnewlib.a(strncpy.o)
                0x00000000080064b8                strncpy
 .text.memcmp   0x00000000080064e2       0x1e .pioenvs/bluepill_f103c8/lib98a/libnewlib.a(memcmp.o)
                0x00000000080064e2                memcmp
 .text.memcpy   0x0000000008006500       0x1c .pioenvs/bluepill_f103c8/lib98a/libnewlib.a(memcpy.o)
                0x0000000008006500                memcpy
 *liblogger.a:(SORT_BY_ALIGNMENT(.text*))
 .text.enable_log
                0x000000000800651c       0x18 .pioenvs/bluepill_f103c8/libd9b/liblogger.a(logger.o)
                0x000000000800651c                enable_log
 .text.debug_flush
                0x0000000008006534       0x38 .pioenvs/bluepill_f103c8/libd9b/liblogger.a(logger.o)
                0x0000000008006534                debug_flush
 .text._ZL12debug_appendPKcj
                0x000000000800656c       0x50 .pioenvs/bluepill_f103c8/libd9b/liblogger.a(logger.o)
 .text._Z11debug_printj
                0x00000000080065bc       0x7c .pioenvs/bluepill_f103c8/libd9b/liblogger.a(logger.o)
                0x00000000080065bc                debug_print(unsigned int)
 .text._Z11debug_printi
                0x0000000008006638       0x30 .pioenvs/bluepill_f103c8/libd9b/liblogger.a(logger.o)
                0x0000000008006638                debug_print(int)
 .text.debug_println
                0x0000000008006668       0x1c .pioenvs/bluepill_f103c8/libd9b/liblogger.a(logger.o)
                0x0000000008006668                debug_println
 .text._Z13debug_printlni
                0x0000000008006684       0x18 .pioenvs/bluepill_f103c8/libd9b/liblogger.a(logger.o)
                0x0000000008006684                debug_println(int)
 .text.debug_write
                0x000000000800669c       0x16 .pioenvs/bluepill_f103c8/libd9b/liblogger.a(logger.o)
                0x000000000800669c                debug_write
 .text.debug_print
                0x00000000080066b2       0x1a .pioenvs/bluepill_f103c8/libd9b/liblogger.a(logger.o)
                0x00000000080066b2                debug_print
 .text.debug_print_unsigned
                0x00000000080066cc        0x4 .pioenvs/bluepill_f103c8/libd9b/liblogger.a(logger.o)
                0x00000000080066cc                debug_print_unsigned
 .text.debug_printhex
                0x00000000080066d0       0x42 .pioenvs/bluepill_f103c8/libd9b/liblogger.a(logger.o)
                0x00000000080066d0                debug_printhex
 .text.debug_printhex_unsigned
                0x0000000008006712       0x24 .pioenvs/bluepill_f103c8/libd9b/liblogger.a(logger.o)
                0x0000000008006712                debug_printhex_unsigned
 *libbluepill.a:(SORT_BY_ALIGNMENT(.text*))
 *fill*         0x0000000008006736        0x2 
 .text.platform_setup
                0x0000000008006738       0x4c .pioenvs/bluepill_f103c8/lib271/libbluepill.a(bluepill.o)
                0x0000000008006738                platform_setup
 .text.enable_debug
                0x0000000008006784       0x10 .pioenvs/bluepill_f103c8/lib271/libbluepill.a(bluepill.o)
                0x0000000008006784                enable_debug
 .text.led_setup
                0x0000000008006794       0x20 .pioenvs/bluepill_f103c8/lib271/libbluepill.a(led.o)
                0x0000000008006794                led_setup
 .text.led_on   0x00000000080067b4       0x10 .pioenvs/bluepill_f103c8/lib271/libbluepill.a(led.o)
                0x00000000080067b4                led_on
 .text.led_off  0x00000000080067c4       0x10 .pioenvs/bluepill_f103c8/lib271/libbluepill.a(led.o)
                0x00000000080067c4                led_off
 .text.led_wait
                0x00000000080067d4       0x10 .pioenvs/bluepill_f103c8/lib271/libbluepill.a(led.o)
                0x00000000080067d4                led_wait
 .text.platform_start_timer
                0x00000000080067e4      0x114 .pioenvs/bluepill_f103c8/lib271/libbluepill.a(timer.o)
                0x00000000080067e4                platform_start_timer
 .text.rtc_isr  0x00000000080068f8       0x30 .pioenvs/bluepill_f103c8/lib271/libbluepill.a(timer.o)
                0x00000000080068f8                rtc_isr
 .text.rtc_alarm_isr
                0x0000000008006928       0x30 .pioenvs/bluepill_f103c8/lib271/libbluepill.a(timer.o)
                0x0000000008006928                rtc_alarm_isr
 .text.platform_alarm_count
                0x0000000008006958        0xc .pioenvs/bluepill_f103c8/lib271/libbluepill.a(timer.o)
                0x0000000008006958                platform_alarm_count
 .text.platform_tick_count
                0x0000000008006964        0xc .pioenvs/bluepill_f103c8/lib271/libbluepill.a(timer.o)
                0x0000000008006964                platform_tick_count
 .text.__cxa_pure_virtual
                0x0000000008006970        0x8 .pioenvs/bluepill_f103c8/lib271/libbluepill.a(bluepill.o)
                0x0000000008006970                __cxa_pure_virtual
 .text._Znwj    0x0000000008006978        0x4 .pioenvs/bluepill_f103c8/lib271/libbluepill.a(bluepill.o)
                0x0000000008006978                operator new(unsigned int)
 .text._ZdlPv   0x000000000800697c        0x4 .pioenvs/bluepill_f103c8/lib271/libbluepill.a(bluepill.o)
                0x000000000800697c                operator delete(void*)
 .text.platform_set_alarm
                0x0000000008006980        0x4 .pioenvs/bluepill_f103c8/lib271/libbluepill.a(timer.o)
                0x0000000008006980                platform_set_alarm
 .text.millis   0x0000000008006984        0x4 .pioenvs/bluepill_f103c8/lib271/libbluepill.a(timer.o)
                0x0000000008006984                millis
 *libbootloader.a:(SORT_BY_ALIGNMENT(.text*))
 .text.bootloader_start
                0x0000000008006988       0xcc .pioenvs/bluepill_f103c8/libb45/libbootloader.a(bootloader.o)
                0x0000000008006988                bootloader_start
 .text.target_set_led
                0x0000000008006a54       0x18 .pioenvs/bluepill_f103c8/libb45/libbootloader.a(target_stm32f103.o)
                0x0000000008006a54                target_set_led
 .text.target_gpio_setup
                0x0000000008006a6c       0x70 .pioenvs/bluepill_f103c8/libb45/libbootloader.a(target_stm32f103.o)
                0x0000000008006a6c                target_gpio_setup
 .text.target_usb_init
                0x0000000008006adc       0x2c .pioenvs/bluepill_f103c8/libb45/libbootloader.a(target_stm32f103.o)
                0x0000000008006adc                target_usb_init
 .text.target_get_force_bootloader
                0x0000000008006b08       0x34 .pioenvs/bluepill_f103c8/libb45/libbootloader.a(target_stm32f103.o)
                0x0000000008006b08                target_get_force_bootloader
 .text.target_flash_program_array
                0x0000000008006b3c       0xdc .pioenvs/bluepill_f103c8/libb45/libbootloader.a(target_stm32f103.o)
                0x0000000008006b3c                target_flash_program_array
 .text.set_aggregate_callback
                0x0000000008006c18       0x5c .pioenvs/bluepill_f103c8/libb45/libbootloader.a(usb_conf.o)
 .text.usb_setup
                0x0000000008006c74       0x90 .pioenvs/bluepill_f103c8/libb45/libbootloader.a(usb_conf.o)
                0x0000000008006c74                usb_setup
 .text.aggregate_register_config_callback
                0x0000000008006d04       0x38 .pioenvs/bluepill_f103c8/libb45/libbootloader.a(usb_conf.o)
                0x0000000008006d04                aggregate_register_config_callback
 .text.aggregate_register_callback
                0x0000000008006d3c       0x4c .pioenvs/bluepill_f103c8/libb45/libbootloader.a(usb_conf.o)
                0x0000000008006d3c                aggregate_register_callback
 .text.usb_set_serial_number
                0x0000000008006d88       0x1c .pioenvs/bluepill_f103c8/libb45/libbootloader.a(usb_conf.o)
                0x0000000008006d88                usb_set_serial_number
 .text.dump_buffer
                0x0000000008006da4       0x4c .pioenvs/bluepill_f103c8/libb45/libbootloader.a(usb_conf.o)
                0x0000000008006da4                dump_buffer
 .text.dump_usb_request
                0x0000000008006df0      0x130 .pioenvs/bluepill_f103c8/libb45/libbootloader.a(usb_conf.o)
                0x0000000008006df0                dump_usb_request
 .text.aggregate_callback
                0x0000000008006f20       0x64 .pioenvs/bluepill_f103c8/libb45/libbootloader.a(usb_conf.o)
 .text.webusb_set_config
                0x0000000008006f84       0x28 .pioenvs/bluepill_f103c8/libb45/libbootloader.a(webusb.o)
 .text.webusb_control_vendor_request
                0x0000000008006fac       0x9c .pioenvs/bluepill_f103c8/libb45/libbootloader.a(webusb.o)
 .text.webusb_setup
                0x0000000008007048       0x4c .pioenvs/bluepill_f103c8/libb45/libbootloader.a(webusb.o)
                0x0000000008007048                webusb_setup
 .text.winusb_control_vendor_request
                0x0000000008007094       0x94 .pioenvs/bluepill_f103c8/libb45/libbootloader.a(winusb.o)
 .text.winusb_set_config
                0x0000000008007128       0x28 .pioenvs/bluepill_f103c8/libb45/libbootloader.a(winusb.o)
 .text.winusb_descriptor_request
                0x0000000008007150       0x48 .pioenvs/bluepill_f103c8/libb45/libbootloader.a(winusb.o)
 .text.winusb_setup
                0x0000000008007198       0x5c .pioenvs/bluepill_f103c8/libb45/libbootloader.a(winusb.o)
                0x0000000008007198                winusb_setup
 .text.cdcacm_comm_cb
                0x00000000080071f4       0x14 .pioenvs/bluepill_f103c8/libb45/libbootloader.a(cdc.o)
 .text.cdcacm_data_rx_cb
                0x0000000008007208       0x4c .pioenvs/bluepill_f103c8/libb45/libbootloader.a(cdc.o)
 .text.cdcacm_set_config
                0x0000000008007254       0x68 .pioenvs/bluepill_f103c8/libb45/libbootloader.a(cdc.o)
 .text.cdcacm_control_request
                0x00000000080072bc       0x68 .pioenvs/bluepill_f103c8/libb45/libbootloader.a(cdc.o)
 .text.cdc_setup
                0x0000000008007324       0x24 .pioenvs/bluepill_f103c8/libb45/libbootloader.a(cdc.o)
                0x0000000008007324                cdc_setup
 .text.hf2_set_config
                0x0000000008007348       0x3c .pioenvs/bluepill_f103c8/libb45/libbootloader.a(hf2.o)
 .text.assert.part.0
                0x0000000008007384       0x1c .pioenvs/bluepill_f103c8/libb45/libbootloader.a(hf2.o)
 .text.pokeSend
                0x00000000080073a0       0x84 .pioenvs/bluepill_f103c8/libb45/libbootloader.a(hf2.o)
 .text.send_hf2_response
                0x0000000008007424       0x38 .pioenvs/bluepill_f103c8/libb45/libbootloader.a(hf2.o)
 .text.hf2_data_rx_cb
                0x000000000800745c      0x19c .pioenvs/bluepill_f103c8/libb45/libbootloader.a(hf2.o)
 .text.hf2_setup
                0x00000000080075f8       0x2c .pioenvs/bluepill_f103c8/libb45/libbootloader.a(hf2.o)
                0x00000000080075f8                hf2_setup
 .text.backup_write
                0x0000000008007624       0x38 .pioenvs/bluepill_f103c8/libb45/libbootloader.a(backup.o)
                0x0000000008007624                backup_write
 .text.backup_read
                0x000000000800765c       0x18 .pioenvs/bluepill_f103c8/libb45/libbootloader.a(backup.o)
                0x000000000800765c                backup_read
 .text.usb21_set_config
                0x0000000008007674       0x28 .pioenvs/bluepill_f103c8/libb45/libbootloader.a(usb21_standard.o)
 .text.usb21_standard_get_descriptor
                0x000000000800769c       0xcc .pioenvs/bluepill_f103c8/libb45/libbootloader.a(usb21_standard.o)
 .text.usb21_setup
                0x0000000008007768       0x38 .pioenvs/bluepill_f103c8/libb45/libbootloader.a(usb21_standard.o)
                0x0000000008007768                usb21_setup
 .text.flushFlash
                0x00000000080077a0       0x94 .pioenvs/bluepill_f103c8/libb45/libbootloader.a(ghostfat.o)
 .text.flash_write
                0x0000000008007834       0x48 .pioenvs/bluepill_f103c8/libb45/libbootloader.a(ghostfat.o)
                0x0000000008007834                flash_write
 .text.target_get_serial_number
                0x000000000800787c        0x6 .pioenvs/bluepill_f103c8/libb45/libbootloader.a(target_stm32f103.o)
                0x000000000800787c                target_get_serial_number
 .text.target_flash_unlock
                0x0000000008007882        0x4 .pioenvs/bluepill_f103c8/libb45/libbootloader.a(target_stm32f103.o)
                0x0000000008007882                target_flash_unlock
 .text.target_flash_lock
                0x0000000008007886        0x4 .pioenvs/bluepill_f103c8/libb45/libbootloader.a(target_stm32f103.o)
                0x0000000008007886                target_flash_lock
 .text.hf2_data_tx_cb
                0x000000000800788a        0x4 .pioenvs/bluepill_f103c8/libb45/libbootloader.a(hf2.o)
 *libhal.a:(SORT_BY_ALIGNMENT(.text*))
                0x0000000008007890                . = ALIGN (0x4)
 *fill*         0x000000000800788e        0x2 
 *reset_handler.o(SORT_BY_ALIGNMENT(.rodata*))
 *codal_target_hal.o(SORT_BY_ALIGNMENT(.rodata*))
 .rodata.target_panic.str1.1
                0x0000000008007890       0x13 .pioenvs/bluepill_f103c8/libccd/hal/codal_target_hal.o
 .rodata.target_wait.str1.1
                0x00000000080078a3       0x10 .pioenvs/bluepill_f103c8/libccd/hal/codal_target_hal.o
 .rodata.target_wait_us.str1.1
                0x00000000080078b3       0x13 .pioenvs/bluepill_f103c8/libccd/hal/codal_target_hal.o
 .rodata.test_codal.str1.1
                0x00000000080078c6       0x34 .pioenvs/bluepill_f103c8/libccd/hal/codal_target_hal.o
 *unit_test.o(SORT_BY_ALIGNMENT(.rodata*))
 .rodata.test_nanofloat.str1.1
                0x00000000080078fa      0x228 .pioenvs/bluepill_f103c8/libccd/hal/unit_test.o
                                        0x229 (size before relaxing)
 *liblibopencm3.a:(SORT_BY_ALIGNMENT(.rodata*))
 *libFrameworkLibOpenCM3.a:(SORT_BY_ALIGNMENT(.rodata*))
 *fill*         0x0000000008007b22        0x2 
 .rodata.st_usbfs_v1_usb_driver
                0x0000000008007b24       0x34 .pioenvs/bluepill_f103c8/libFrameworkLibOpenCM3.a(st_usbfs_v1.o)
                0x0000000008007b24                st_usbfs_v1_usb_driver
 .rodata.chars.4166
                0x0000000008007b58       0x11 .pioenvs/bluepill_f103c8/libFrameworkLibOpenCM3.a(desig.o)
 *libunity.a:(SORT_BY_ALIGNMENT(.rodata*))
 .rodata.UnityPrintFloat.str1.1
                0x0000000008007b69        0x8 .pioenvs/bluepill_f103c8/libfdb/libunity.a(unity.o)
                                          0xa (size before relaxing)
 .rodata.UnityStrBreaker
                0x0000000008007b71       0x18 .pioenvs/bluepill_f103c8/libfdb/libunity.a(unity.o)
 .rodata.UnityStrDetail1Name
                0x0000000008007b89        0xa .pioenvs/bluepill_f103c8/libfdb/libunity.a(unity.o)
 .rodata.UnityStrDetail2Name
                0x0000000008007b93        0xb .pioenvs/bluepill_f103c8/libfdb/libunity.a(unity.o)
 .rodata.UnityStrExpected
                0x0000000008007b9e        0xb .pioenvs/bluepill_f103c8/libfdb/libunity.a(unity.o)
 .rodata.UnityStrFail
                0x0000000008007ba9        0x5 .pioenvs/bluepill_f103c8/libfdb/libunity.a(unity.o)
 .rodata.UnityStrOk
                0x0000000008007bae        0x3 .pioenvs/bluepill_f103c8/libfdb/libunity.a(unity.o)
 .rodata.UnityStrPass
                0x0000000008007bb1        0x5 .pioenvs/bluepill_f103c8/libfdb/libunity.a(unity.o)
 .rodata.UnityStrResultsFailures
                0x0000000008007bb6        0xb .pioenvs/bluepill_f103c8/libfdb/libunity.a(unity.o)
 .rodata.UnityStrResultsIgnored
                0x0000000008007bc1        0xa .pioenvs/bluepill_f103c8/libfdb/libunity.a(unity.o)
 .rodata.UnityStrResultsTests
                0x0000000008007bcb        0x8 .pioenvs/bluepill_f103c8/libfdb/libunity.a(unity.o)
 .rodata.UnityStrSpacer
                0x0000000008007bd3        0x3 .pioenvs/bluepill_f103c8/libfdb/libunity.a(unity.o)
 .rodata.UnityStrWas
                0x0000000008007bd6        0x6 .pioenvs/bluepill_f103c8/libfdb/libunity.a(unity.o)
 *libqfplib.a:(SORT_BY_ALIGNMENT(.rodata*))
 *libnano-float.a:(SORT_BY_ALIGNMENT(.rodata*))
 *libnewlib.a:(SORT_BY_ALIGNMENT(.rodata*))
 *liblogger.a:(SORT_BY_ALIGNMENT(.rodata*))
 .rodata._Z11debug_printi.str1.1
                0x0000000008007bdc        0x2 .pioenvs/bluepill_f103c8/libd9b/liblogger.a(logger.o)
                                          0x4 (size before relaxing)
 .rodata._Z11debug_printj.str1.1
                0x0000000008007bde        0xb .pioenvs/bluepill_f103c8/libd9b/liblogger.a(logger.o)
 .rodata.debug_println.str1.1
                0x0000000008007be9        0x2 .pioenvs/bluepill_f103c8/libd9b/liblogger.a(logger.o)
 *libbluepill.a:(SORT_BY_ALIGNMENT(.rodata*))
 .rodata.platform_setup.str1.1
                0x0000000008007beb       0x13 .pioenvs/bluepill_f103c8/lib271/libbluepill.a(bluepill.o)
 .rodata.platform_start_timer.str1.1
                0x0000000008007bfe       0x2f .pioenvs/bluepill_f103c8/lib271/libbluepill.a(timer.o)
 *libbootloader.a:(SORT_BY_ALIGNMENT(.rodata*))
 *fill*         0x0000000008007c2d        0x3 
 .rodata.interfaces
                0x0000000008007c30       0x30 .pioenvs/bluepill_f103c8/libb45/libbootloader.a(usb_conf.o)
 .rodata.bootloader_start.str1.1
                0x0000000008007c60       0x74 .pioenvs/bluepill_f103c8/libb45/libbootloader.a(bootloader.o)
 .rodata.target_flash_program_array.str1.1
                0x0000000008007cd4       0x6a .pioenvs/bluepill_f103c8/libb45/libbootloader.a(target_stm32f103.o)
                                         0x6b (size before relaxing)
 .rodata.aggregate_callback.str1.1
                0x0000000008007d3e        0x4 .pioenvs/bluepill_f103c8/libb45/libbootloader.a(usb_conf.o)
 .rodata.aggregate_register_callback.str1.1
                0x0000000008007d42       0x26 .pioenvs/bluepill_f103c8/libb45/libbootloader.a(usb_conf.o)
 .rodata.aggregate_register_config_callback.str1.1
                0x0000000008007d68       0x25 .pioenvs/bluepill_f103c8/libb45/libbootloader.a(usb_conf.o)
 .rodata.bos_descriptor
                0x0000000008007d8d        0x9 .pioenvs/bluepill_f103c8/libb45/libbootloader.a(usb_conf.o)
 .rodata.cdc_iface_assoc
                0x0000000008007d96        0x8 .pioenvs/bluepill_f103c8/libb45/libbootloader.a(usb_conf.o)
 .rodata.cdcacm_functional_descriptors
                0x0000000008007d9e       0x13 .pioenvs/bluepill_f103c8/libb45/libbootloader.a(usb_conf.o)
 .rodata.comm_endp
                0x0000000008007db1        0xf .pioenvs/bluepill_f103c8/libb45/libbootloader.a(usb_conf.o)
 .rodata.comm_iface
                0x0000000008007dc0       0x15 .pioenvs/bluepill_f103c8/libb45/libbootloader.a(usb_conf.o)
 .rodata.config
                0x0000000008007dd5        0xd .pioenvs/bluepill_f103c8/libb45/libbootloader.a(usb_conf.o)
 .rodata.data_endp
                0x0000000008007de2       0x1e .pioenvs/bluepill_f103c8/libb45/libbootloader.a(usb_conf.o)
 .rodata.data_iface
                0x0000000008007e00       0x15 .pioenvs/bluepill_f103c8/libb45/libbootloader.a(usb_conf.o)
 .rodata.dev    0x0000000008007e15       0x12 .pioenvs/bluepill_f103c8/libb45/libbootloader.a(usb_conf.o)
 .rodata.dump_buffer.str1.1
                0x0000000008007e27       0x25 .pioenvs/bluepill_f103c8/libb45/libbootloader.a(usb_conf.o)
                                          0x7 (size before relaxing)
 .rodata.dump_usb_request.str1.1
                0x0000000008007e27       0x70 .pioenvs/bluepill_f103c8/libb45/libbootloader.a(usb_conf.o)
 .rodata.hf2_endp
                0x0000000008007e97       0x1e .pioenvs/bluepill_f103c8/libb45/libbootloader.a(usb_conf.o)
 .rodata.hf2_iface
                0x0000000008007eb5       0x15 .pioenvs/bluepill_f103c8/libb45/libbootloader.a(usb_conf.o)
 .rodata.set_aggregate_callback.str1.1
                0x0000000008007eca       0x40 .pioenvs/bluepill_f103c8/libb45/libbootloader.a(usb_conf.o)
 .rodata.str1.1
                0x0000000008007f0a       0x7e .pioenvs/bluepill_f103c8/libb45/libbootloader.a(usb_conf.o)
 .rodata.usb_setup.str1.1
                0x0000000008007f88       0x2e .pioenvs/bluepill_f103c8/libb45/libbootloader.a(usb_conf.o)
 .rodata.webusb_control_vendor_request.str1.1
                0x0000000008007fb6       0x3c .pioenvs/bluepill_f103c8/libb45/libbootloader.a(webusb.o)
                                         0x3d (size before relaxing)
 .rodata.webusb_platform_capability_descriptor
                0x0000000008007ff2       0x18 .pioenvs/bluepill_f103c8/libb45/libbootloader.a(webusb.o)
                0x0000000008007ff2                webusb_platform_capability_descriptor
 .rodata.webusb_set_config.str1.1
                0x000000000800800a       0x1d .pioenvs/bluepill_f103c8/libb45/libbootloader.a(webusb.o)
 .rodata.webusb_setup.str1.1
                0x0000000008008027       0x18 .pioenvs/bluepill_f103c8/libb45/libbootloader.a(webusb.o)
 .rodata.guid   0x000000000800803f       0x92 .pioenvs/bluepill_f103c8/libb45/libbootloader.a(winusb.o)
 .rodata.microsoft_platform_capability_descriptor
                0x00000000080080d1       0x1c .pioenvs/bluepill_f103c8/libb45/libbootloader.a(winusb.o)
                0x00000000080080d1                microsoft_platform_capability_descriptor
 .rodata.winusb_control_vendor_request.str1.1
                0x00000000080080ed       0x14 .pioenvs/bluepill_f103c8/libb45/libbootloader.a(winusb.o)
 .rodata.winusb_descriptor_request.str1.1
                0x0000000008008101        0x6 .pioenvs/bluepill_f103c8/libb45/libbootloader.a(winusb.o)
 .rodata.winusb_set_config.str1.1
                0x0000000008008107       0x1d .pioenvs/bluepill_f103c8/libb45/libbootloader.a(winusb.o)
 .rodata.winusb_setup.str1.1
                0x0000000008008124       0x18 .pioenvs/bluepill_f103c8/libb45/libbootloader.a(winusb.o)
 .rodata.winusb_string_descriptor
                0x000000000800813c       0x12 .pioenvs/bluepill_f103c8/libb45/libbootloader.a(winusb.o)
 .rodata.cdc_setup.str1.1
                0x000000000800814e       0x15 .pioenvs/bluepill_f103c8/libb45/libbootloader.a(cdc.o)
 .rodata.cdcacm_comm_cb.str1.1
                0x0000000008008163        0x5 .pioenvs/bluepill_f103c8/libb45/libbootloader.a(cdc.o)
 .rodata.cdcacm_control_request.str1.1
                0x0000000008008168       0x28 .pioenvs/bluepill_f103c8/libb45/libbootloader.a(cdc.o)
                                         0x30 (size before relaxing)
 .rodata.cdcacm_data_rx_cb.str1.1
                0x0000000008008190        0x4 .pioenvs/bluepill_f103c8/libb45/libbootloader.a(cdc.o)
 .rodata.cdcacm_set_config.str1.1
                0x0000000008008194       0x1d .pioenvs/bluepill_f103c8/libb45/libbootloader.a(cdc.o)
 .rodata.line_coding
                0x00000000080081b1        0x7 .pioenvs/bluepill_f103c8/libb45/libbootloader.a(cdc.o)
 .rodata.assert.part.0.str1.1
                0x00000000080081b8        0xc .pioenvs/bluepill_f103c8/libb45/libbootloader.a(hf2.o)
 .rodata.bad_packet_message
                0x00000000080081c4        0xb .pioenvs/bluepill_f103c8/libb45/libbootloader.a(hf2.o)
 .rodata.hf2_data_rx_cb.str1.1
                0x00000000080081cf       0x88 .pioenvs/bluepill_f103c8/libb45/libbootloader.a(hf2.o)
                                         0x89 (size before relaxing)
 .rodata.hf2_set_config.str1.1
                0x0000000008008257        0xb .pioenvs/bluepill_f103c8/libb45/libbootloader.a(hf2.o)
 .rodata.hf2_setup.str1.1
                0x0000000008008262       0x15 .pioenvs/bluepill_f103c8/libb45/libbootloader.a(hf2.o)
 .rodata.send_hf2_response.str1.1
                0x0000000008008277        0x7 .pioenvs/bluepill_f103c8/libb45/libbootloader.a(hf2.o)
 .rodata.usb21_set_config.str1.1
                0x000000000800827e       0x1c .pioenvs/bluepill_f103c8/libb45/libbootloader.a(usb21_standard.o)
 .rodata.usb21_setup.str1.1
                0x000000000800829a       0x17 .pioenvs/bluepill_f103c8/libb45/libbootloader.a(usb21_standard.o)
 .rodata.usb21_standard_get_descriptor.str1.1
                0x00000000080082b1       0x21 .pioenvs/bluepill_f103c8/libb45/libbootloader.a(usb21_standard.o)
 .rodata.flushFlash.str1.1
                0x00000000080082d2       0x1e .pioenvs/bluepill_f103c8/libb45/libbootloader.a(ghostfat.o)
                                         0x1f (size before relaxing)
 .rodata.infoUf2File
                0x00000000080082f0       0x55 .pioenvs/bluepill_f103c8/libb45/libbootloader.a(ghostfat.o)
                0x00000000080082f0                infoUf2File
 *libhal.a:(SORT_BY_ALIGNMENT(.rodata*))
                0x0000000008008348                . = ALIGN (0x4)
 *fill*         0x0000000008008345        0x3 

.text           0x0000000008008000     0x4248
 *(SORT_BY_ALIGNMENT(.vectors))
 *(SORT_BY_ALIGNMENT(.text*))
 .text          0x0000000008008000      0x124 asm/CortexContextSwitch.s.o
                0x0000000008008000                swap_context
                0x0000000008008082                save_context
                0x00000000080080c6                save_register_context
                0x00000000080080f6                restore_register_context
 .text._ZL10debug_dumpRN5codal13STM32BluePillEPKc
                0x0000000008008124       0x7c .pioenvs/bluepill_f103c8/src/main.o
 .text._Z10Blink_mainRN5codal13STM32BluePillE
                0x00000000080081a0       0x74 .pioenvs/bluepill_f103c8/src/main.o
                0x00000000080081a0                Blink_main(codal::STM32BluePill&)
 .text.startup._GLOBAL__sub_I_serialPort
                0x0000000008008214       0x10 .pioenvs/bluepill_f103c8/src/uart.o
 .text._ZN5codal3_cm3Pin14setAnalogValueEi
                0x0000000008008224       0x1c .pioenvs/bluepill_f103c8/lib739/libcm.a(CmPin.o)
                0x0000000008008224                codal::_cm::Pin::setAnalogValue(int)
 .text._ZN5codal3_cm3Pin13setServoValueEiii
                0x0000000008008240       0x2c .pioenvs/bluepill_f103c8/lib739/libcm.a(CmPin.o)
                0x0000000008008240                codal::_cm::Pin::setServoValue(int, int, int)
 .text._ZN5codal3_cm3Pin9isTouchedEv
                0x000000000800826c        0x8 .pioenvs/bluepill_f103c8/lib739/libcm.a(CmPin.o)
                0x000000000800826c                codal::_cm::Pin::isTouched()
 .text._ZN5codal3_cm3Pin17getAnalogPeriodUsEv
                0x0000000008008274        0x8 .pioenvs/bluepill_f103c8/lib739/libcm.a(CmPin.o)
                0x0000000008008274                codal::_cm::Pin::getAnalogPeriodUs()
 .text._ZN5codal3_cm3Pin15setDigitalValueEi
                0x000000000800827c       0x80 .pioenvs/bluepill_f103c8/lib739/libcm.a(CmPin.o)
                0x000000000800827c                codal::_cm::Pin::setDigitalValue(int)
 .text._ZN5codal3_cm3PinC2EhmmtNS_13PinCapabilityE
                0x00000000080082fc       0x2c .pioenvs/bluepill_f103c8/lib739/libcm.a(CmPin.o)
                0x00000000080082fc                codal::_cm::Pin::Pin(unsigned char, unsigned long, unsigned long, unsigned short, codal::PinCapability)
                0x00000000080082fc                codal::_cm::Pin::Pin(unsigned char, unsigned long, unsigned long, unsigned short, codal::PinCapability)
 .text.os_event_init
                0x0000000008008328        0xc .pioenvs/bluepill_f103c8/libea7/libcocoOS_5.0.3.a(os_event.o)
                0x0000000008008328                os_event_init
 .text.os_init  0x0000000008008334       0x34 .pioenvs/bluepill_f103c8/libea7/libcocoOS_5.0.3.a(os_kernel.o)
                0x0000000008008334                os_init
 .text.os_msgQ_init
                0x0000000008008368       0x24 .pioenvs/bluepill_f103c8/libea7/libcocoOS_5.0.3.a(os_msgqueue.o)
                0x0000000008008368                os_msgQ_init
 .text.os_sem_init
                0x000000000800838c        0xc .pioenvs/bluepill_f103c8/libea7/libcocoOS_5.0.3.a(os_sem.o)
                0x000000000800838c                os_sem_init
 .text.os_task_init
                0x0000000008008398       0x40 .pioenvs/bluepill_f103c8/libea7/libcocoOS_5.0.3.a(os_task.o)
                0x0000000008008398                os_task_init
 .text.codal_dmesg_set_flush_fn
                0x00000000080083d8        0xc .pioenvs/bluepill_f103c8/lib3e7/libcodal-core.a(CodalDmesg.o)
                0x00000000080083d8                codal_dmesg_set_flush_fn
 .text.codal_dmesg_flush
                0x00000000080083e4       0x10 .pioenvs/bluepill_f103c8/lib3e7/libcodal-core.a(CodalDmesg.o)
                0x00000000080083e4                codal_dmesg_flush
 .text._ZN5codal10EventModel6listenEiiPFvNS_5EventEEt
                0x00000000080083f4       0x60 .pioenvs/bluepill_f103c8/lib3e7/libcodal-core.a(CodalFiber.o)
                0x00000000080083f4                codal::EventModel::listen(int, int, void (*)(codal::Event), unsigned short)
 .text._ZN5codal14scheduler_tickENS_5EventE
                0x0000000008008454       0x38 .pioenvs/bluepill_f103c8/lib3e7/libcodal-core.a(CodalFiber.o)
                0x0000000008008454                codal::scheduler_tick(codal::Event)
 .text._ZN5codal15scheduler_eventENS_5EventE
                0x000000000800848c       0xc0 .pioenvs/bluepill_f103c8/lib3e7/libcodal-core.a(CodalFiber.o)
                0x000000000800848c                codal::scheduler_event(codal::Event)
 .text._Z15getFiberContextv
                0x000000000800854c       0x50 .pioenvs/bluepill_f103c8/lib3e7/libcodal-core.a(CodalFiber.o)
                0x000000000800854c                getFiberContext()
 .text._ZL10handle_fobv
                0x000000000800859c       0x2c .pioenvs/bluepill_f103c8/lib3e7/libcodal-core.a(CodalFiber.o)
 .text._ZN5codal23fiber_scheduler_runningEv
                0x00000000080085c8       0x10 .pioenvs/bluepill_f103c8/lib3e7/libcodal-core.a(CodalFiber.o)
                0x00000000080085c8                codal::fiber_scheduler_running()
 .text._ZN5codal14scheduler_initERNS_10EventModelE
                0x00000000080085d8       0xac .pioenvs/bluepill_f103c8/lib3e7/libcodal-core.a(CodalFiber.o)
                0x00000000080085d8                codal::scheduler_init(codal::EventModel&)
 .text._ZN5codal19fiber_wake_on_eventEtt
                0x0000000008008684       0x5c .pioenvs/bluepill_f103c8/lib3e7/libcodal-core.a(CodalFiber.o)
                0x0000000008008684                codal::fiber_wake_on_event(unsigned short, unsigned short)
 .text._Z14__create_fibermmmi
                0x00000000080086e0       0x64 .pioenvs/bluepill_f103c8/lib3e7/libcodal-core.a(CodalFiber.o)
                0x00000000080086e0                __create_fiber(unsigned long, unsigned long, unsigned long, int)
 .text._ZN5codal17verify_stack_sizeEPNS_5FiberE
                0x0000000008008744       0x44 .pioenvs/bluepill_f103c8/lib3e7/libcodal-core.a(CodalFiber.o)
                0x0000000008008744                codal::verify_stack_size(codal::Fiber*)
 .text._ZN5codal24scheduler_runqueue_emptyEv
                0x0000000008008788       0x10 .pioenvs/bluepill_f103c8/lib3e7/libcodal-core.a(CodalFiber.o)
                0x0000000008008788                codal::scheduler_runqueue_empty()
 .text._ZN5codal4idleEv
                0x0000000008008798       0x3c .pioenvs/bluepill_f103c8/lib3e7/libcodal-core.a(CodalFiber.o)
                0x0000000008008798                codal::idle()
 .text._ZN5codal8scheduleEv
                0x00000000080087d4      0x108 .pioenvs/bluepill_f103c8/lib3e7/libcodal-core.a(CodalFiber.o)
                0x00000000080087d4                codal::schedule()
 .text._ZN5codal11fiber_sleepEm
                0x00000000080088dc       0x3c .pioenvs/bluepill_f103c8/lib3e7/libcodal-core.a(CodalFiber.o)
                0x00000000080088dc                codal::fiber_sleep(unsigned long)
 .text._ZN5codal13release_fiberEv
                0x0000000008008918       0x6c .pioenvs/bluepill_f103c8/lib3e7/libcodal-core.a(CodalFiber.o)
                0x0000000008008918                codal::release_fiber()
 .text._ZN5codal6invokeEPFvPvES0_
                0x0000000008008984       0x80 .pioenvs/bluepill_f103c8/lib3e7/libcodal-core.a(CodalFiber.o)
                0x0000000008008984                codal::invoke(void (*)(void*), void*)
 .text._Z18device_create_heapmm
                0x0000000008008a04       0x3c .pioenvs/bluepill_f103c8/lib3e7/libcodal-core.a(CodalHeapAllocator.o)
                0x0000000008008a04                device_create_heap(unsigned long, unsigned long)
 .text.device_malloc
                0x0000000008008a40       0x48 .pioenvs/bluepill_f103c8/lib3e7/libcodal-core.a(CodalHeapAllocator.o)
                0x0000000008008a40                malloc
                0x0000000008008a40                device_malloc
 .text.device_free
                0x0000000008008a88       0x40 .pioenvs/bluepill_f103c8/lib3e7/libcodal-core.a(CodalHeapAllocator.o)
                0x0000000008008a88                device_free
                0x0000000008008a88                free
 .text._ZN5codal5TimerC2Ev
                0x0000000008008ac8       0x34 .pioenvs/bluepill_f103c8/lib3e7/libcodal-core.a(Timer.o)
                0x0000000008008ac8                codal::Timer::Timer()
                0x0000000008008ac8                codal::Timer::Timer()
 .text._ZN5codal25system_timer_current_timeEv
                0x0000000008008afc       0x10 .pioenvs/bluepill_f103c8/lib3e7/libcodal-core.a(Timer.o)
                0x0000000008008afc                codal::system_timer_current_time()
 .text._ZN5codal27system_timer_event_every_usEmtt
                0x0000000008008b0c       0x24 .pioenvs/bluepill_f103c8/lib3e7/libcodal-core.a(Timer.o)
                0x0000000008008b0c                codal::system_timer_event_every_us(unsigned long, unsigned short, unsigned short)
 .text._ZN5codal5Event4fireEv
                0x0000000008008b30       0x20 .pioenvs/bluepill_f103c8/lib3e7/libcodal-core.a(Event.o)
                0x0000000008008b30                codal::Event::fire()
 .text._ZN5codal14CodalComponent4initEv
                0x0000000008008b50        0x8 .pioenvs/bluepill_f103c8/lib2eb/libmodel.a(STM32BluePill.o)
                0x0000000008008b50                codal::CodalComponent::init()
 .text._ZN5codal14CodalComponentD2Ev
                0x0000000008008b58       0x18 .pioenvs/bluepill_f103c8/lib2eb/libmodel.a(STM32BluePill.o)
                0x0000000008008b58                codal::CodalComponent::~CodalComponent()
                0x0000000008008b58                codal::CodalComponent::~CodalComponent()
 .text._ZN5codal13STM32BluePill4initEv
                0x0000000008008b70       0x4c .pioenvs/bluepill_f103c8/lib2eb/libmodel.a(STM32BluePill.o)
                0x0000000008008b70                codal::STM32BluePill::init()
 .text._ZN5codal13STM32BluePillC2Ev
                0x0000000008008bbc       0x98 .pioenvs/bluepill_f103c8/lib2eb/libmodel.a(STM32BluePill.o)
                0x0000000008008bbc                codal::STM32BluePill::STM32BluePill()
                0x0000000008008bbc                codal::STM32BluePill::STM32BluePill()
 .text._ZN5codal13STM32BluePillD2Ev
                0x0000000008008c54       0x40 .pioenvs/bluepill_f103c8/lib2eb/libmodel.a(STM32BluePill.o)
                0x0000000008008c54                codal::STM32BluePill::~STM32BluePill()
                0x0000000008008c54                codal::STM32BluePill::~STM32BluePill()
 .text._ZN5codal15STM32BluePillIOC2Ev
                0x0000000008008c94      0xaf0 .pioenvs/bluepill_f103c8/lib2eb/libmodel.a(STM32BluePillIO.o)
                0x0000000008008c94                codal::STM32BluePillIO::STM32BluePillIO()
                0x0000000008008c94                codal::STM32BluePillIO::STM32BluePillIO()
 .text.usart2_isr
                0x0000000008009784       0x50 .pioenvs/bluepill_f103c8/lib33e/libuartint.a(uartint.o)
                0x0000000008009784                usart2_isr
 .text.startup._GLOBAL__sub_I__ZN13UARTInterfaceC2Ejj
                0x00000000080097d4       0x10 .pioenvs/bluepill_f103c8/lib33e/libuartint.a(uartint.o)
 .text          0x00000000080097e4      0x378 /Users/Luppy/.platformio/packages/toolchain-gccarmnoneeabi/bin/../lib/gcc/arm-none-eabi/7.2.1/thumb/v7-m/libgcc.a(_arm_addsubdf3.o)
                0x00000000080097e4                __aeabi_drsub
                0x00000000080097ec                __subdf3
                0x00000000080097ec                __aeabi_dsub
                0x00000000080097f0                __aeabi_dadd
                0x00000000080097f0                __adddf3
                0x0000000008009a68                __aeabi_ui2d
                0x0000000008009a68                __floatunsidf
                0x0000000008009a88                __floatsidf
                0x0000000008009a88                __aeabi_i2d
                0x0000000008009aac                __extendsfdf2
                0x0000000008009aac                __aeabi_f2d
                0x0000000008009af0                __aeabi_ul2d
                0x0000000008009af0                __floatundidf
                0x0000000008009b00                __aeabi_l2d
                0x0000000008009b00                __floatdidf
 .text          0x0000000008009b5c      0x424 /Users/Luppy/.platformio/packages/toolchain-gccarmnoneeabi/bin/../lib/gcc/arm-none-eabi/7.2.1/thumb/v7-m/libgcc.a(_arm_muldivdf3.o)
                0x0000000008009b5c                __aeabi_dmul
                0x0000000008009b5c                __muldf3
                0x0000000008009db0                __aeabi_ddiv
                0x0000000008009db0                __divdf3
 .text          0x0000000008009f80      0x110 /Users/Luppy/.platformio/packages/toolchain-gccarmnoneeabi/bin/../lib/gcc/arm-none-eabi/7.2.1/thumb/v7-m/libgcc.a(_arm_cmpdf2.o)
                0x0000000008009f80                __gedf2
                0x0000000008009f80                __gtdf2
                0x0000000008009f88                __ledf2
                0x0000000008009f88                __ltdf2
                0x0000000008009f90                __cmpdf2
                0x0000000008009f90                __eqdf2
                0x0000000008009f90                __nedf2
                0x000000000800a00c                __aeabi_cdrcmple
                0x000000000800a01c                __aeabi_cdcmple
                0x000000000800a01c                __aeabi_cdcmpeq
                0x000000000800a02c                __aeabi_dcmpeq
                0x000000000800a040                __aeabi_dcmplt
                0x000000000800a054                __aeabi_dcmple
                0x000000000800a068                __aeabi_dcmpge
                0x000000000800a07c                __aeabi_dcmpgt
 .text          0x000000000800a090       0x2c /Users/Luppy/.platformio/packages/toolchain-gccarmnoneeabi/bin/../lib/gcc/arm-none-eabi/7.2.1/thumb/v7-m/libgcc.a(_arm_unorddf2.o)
                0x000000000800a090                __aeabi_dcmpun
                0x000000000800a090                __unorddf2
 .text          0x000000000800a0bc       0x50 /Users/Luppy/.platformio/packages/toolchain-gccarmnoneeabi/bin/../lib/gcc/arm-none-eabi/7.2.1/thumb/v7-m/libgcc.a(_arm_fixdfsi.o)
                0x000000000800a0bc                __fixdfsi
                0x000000000800a0bc                __aeabi_d2iz
 .text          0x000000000800a10c       0xa0 /Users/Luppy/.platformio/packages/toolchain-gccarmnoneeabi/bin/../lib/gcc/arm-none-eabi/7.2.1/thumb/v7-m/libgcc.a(_arm_truncdfsf2.o)
                0x000000000800a10c                __aeabi_d2f
                0x000000000800a10c                __truncdfsf2
 .text          0x000000000800a1ac      0x21c /Users/Luppy/.platformio/packages/toolchain-gccarmnoneeabi/bin/../lib/gcc/arm-none-eabi/7.2.1/thumb/v7-m/libgcc.a(_arm_addsubsf3.o)
                0x000000000800a1ac                __aeabi_frsub
                0x000000000800a1b4                __aeabi_fsub
                0x000000000800a1b4                __subsf3
                0x000000000800a1b8                __aeabi_fadd
                0x000000000800a1b8                __addsf3
                0x000000000800a318                __aeabi_ui2f
                0x000000000800a318                __floatunsisf
                0x000000000800a320                __floatsisf
                0x000000000800a320                __aeabi_i2f
                0x000000000800a33c                __aeabi_ul2f
                0x000000000800a33c                __floatundisf
                0x000000000800a34c                __aeabi_l2f
                0x000000000800a34c                __floatdisf
 .text          0x000000000800a3c8      0x2a0 /Users/Luppy/.platformio/packages/toolchain-gccarmnoneeabi/bin/../lib/gcc/arm-none-eabi/7.2.1/thumb/v7-m/libgcc.a(_arm_muldivsf3.o)
                0x000000000800a3c8                __mulsf3
                0x000000000800a3c8                __aeabi_fmul
                0x000000000800a530                __divsf3
                0x000000000800a530                __aeabi_fdiv
 .text          0x000000000800a668       0xec /Users/Luppy/.platformio/packages/toolchain-gccarmnoneeabi/bin/../lib/gcc/arm-none-eabi/7.2.1/thumb/v7-m/libgcc.a(_arm_cmpsf2.o)
                0x000000000800a668                __gesf2
                0x000000000800a668                __gtsf2
                0x000000000800a670                __ltsf2
                0x000000000800a670                __lesf2
                0x000000000800a678                __nesf2
                0x000000000800a678                __eqsf2
                0x000000000800a678                __cmpsf2
                0x000000000800a6d8                __aeabi_cfrcmple
                0x000000000800a6e0                __aeabi_cfcmpeq
                0x000000000800a6e0                __aeabi_cfcmple
                0x000000000800a6f0                __aeabi_fcmpeq
                0x000000000800a704                __aeabi_fcmplt
                0x000000000800a718                __aeabi_fcmple
                0x000000000800a72c                __aeabi_fcmpge
                0x000000000800a740                __aeabi_fcmpgt
 .text._ZN5codal3_cm3I2CC2ERNS_3PinES3_
                0x000000000800a754       0x1c .pioenvs/bluepill_f103c8/lib739/libcm.a(CmI2C.o)
                0x000000000800a754                codal::_cm::I2C::I2C(codal::Pin&, codal::Pin&)
                0x000000000800a754                codal::_cm::I2C::I2C(codal::Pin&, codal::Pin&)
 .text._ZN5codal3_cm3SPI4initEv
                0x000000000800a770       0x5c .pioenvs/bluepill_f103c8/lib739/libcm.a(CmSPI.o)
                0x000000000800a770                codal::_cm::SPI::init()
 .text._ZN5codal3_cm3SPIC2ERNS0_3PinES3_S3_S3_
                0x000000000800a7cc       0x9c .pioenvs/bluepill_f103c8/lib739/libcm.a(CmSPI.o)
                0x000000000800a7cc                codal::_cm::SPI::SPI(codal::_cm::Pin&, codal::_cm::Pin&, codal::_cm::Pin&, codal::_cm::Pin&)
                0x000000000800a7cc                codal::_cm::SPI::SPI(codal::_cm::Pin&, codal::_cm::Pin&, codal::_cm::Pin&, codal::_cm::Pin&)
 .text._ZN5codal3_cm6SerialD2Ev
                0x000000000800a868       0x14 .pioenvs/bluepill_f103c8/lib739/libcm.a(CmSerial.o)
                0x000000000800a868                codal::_cm::Serial::~Serial()
                0x000000000800a868                codal::_cm::Serial::~Serial()
 .text._ZN5codal3_cm6SerialC2ERNS0_3PinES3_hh
                0x000000000800a87c       0x4c .pioenvs/bluepill_f103c8/lib739/libcm.a(CmSerial.o)
                0x000000000800a87c                codal::_cm::Serial::Serial(codal::_cm::Pin&, codal::_cm::Pin&, unsigned char, unsigned char)
                0x000000000800a87c                codal::_cm::Serial::Serial(codal::_cm::Pin&, codal::_cm::Pin&, unsigned char, unsigned char)
 .text._ZN5codal3_cm13tick_callbackEv
                0x000000000800a8c8       0x10 .pioenvs/bluepill_f103c8/lib739/libcm.a(CmTimer.o)
                0x000000000800a8c8                codal::_cm::tick_callback()
 .text._ZN5codal3_cm5Timer4initEv
                0x000000000800a8d8       0x2c .pioenvs/bluepill_f103c8/lib739/libcm.a(CmTimer.o)
                0x000000000800a8d8                codal::_cm::Timer::init()
 .text._ZN5codal3_cm5TimerC2Ev
                0x000000000800a904       0x28 .pioenvs/bluepill_f103c8/lib739/libcm.a(CmTimer.o)
                0x000000000800a904                codal::_cm::Timer::Timer()
                0x000000000800a904                codal::_cm::Timer::Timer()
 .text.pinmap_peripheral
                0x000000000800a92c       0x30 .pioenvs/bluepill_f103c8/lib739/libcm.a(CmPinMap.o)
                0x000000000800a92c                pinmap_peripheral
 .text.pinmap_mode
                0x000000000800a95c       0x2c .pioenvs/bluepill_f103c8/lib739/libcm.a(CmPinMap.o)
                0x000000000800a95c                pinmap_mode
 .text.pinmap_cnf
                0x000000000800a988       0x2c .pioenvs/bluepill_f103c8/lib739/libcm.a(CmPinMap.o)
                0x000000000800a988                pinmap_cnf
 .text._Z18component_callbackN5codal5EventE
                0x000000000800a9b4       0x58 .pioenvs/bluepill_f103c8/lib3e7/libcodal-core.a(CodalComponent.o)
                0x000000000800a9b4                component_callback(codal::Event)
 .text._ZN5codal14CodalComponent12addComponentEv
                0x000000000800aa0c       0x70 .pioenvs/bluepill_f103c8/lib3e7/libcodal-core.a(CodalComponent.o)
                0x000000000800aa0c                codal::CodalComponent::addComponent()
 .text._ZN5codal14CodalComponent15removeComponentEv
                0x000000000800aa7c       0x20 .pioenvs/bluepill_f103c8/lib3e7/libcodal-core.a(CodalComponent.o)
                0x000000000800aa7c                codal::CodalComponent::removeComponent()
 .text._ZN5codal3I2CC2ERNS_3PinES2_
                0x000000000800aa9c        0xc .pioenvs/bluepill_f103c8/lib3e7/libcodal-core.a(I2C.o)
                0x000000000800aa9c                codal::I2C::I2C(codal::Pin&, codal::Pin&)
                0x000000000800aa9c                codal::I2C::I2C(codal::Pin&, codal::Pin&)
 .text._ZN5codal6SerialC2ERNS_3PinES2_hht
                0x000000000800aaa8       0x5c .pioenvs/bluepill_f103c8/lib3e7/libcodal-core.a(Serial.o)
                0x000000000800aaa8                codal::Serial::Serial(codal::Pin&, codal::Pin&, unsigned char, unsigned char, unsigned short)