Archive member included to satisfy reference by file (symbol)

.pioenvs\bluepill_f103c8\lib931\liblogger.a(logger.o)
                              .pioenvs\bluepill_f103c8\libff2\hal\codal_target_hal.o (debug_flush)
.pioenvs\bluepill_f103c8\liba13\libnewlib.a(strlen.o)
                              .pioenvs\bluepill_f103c8\src\aggregate.o (strlen)
.pioenvs\bluepill_f103c8\liba13\libnewlib.a(strncat.o)
                              .pioenvs\bluepill_f103c8\src\wisol.o (strncat)
.pioenvs\bluepill_f103c8\liba13\libnewlib.a(strncmp.o)
                              .pioenvs\bluepill_f103c8\src\aggregate.o (strncmp)
.pioenvs\bluepill_f103c8\liba13\libnewlib.a(strncpy.o)
                              .pioenvs\bluepill_f103c8\src\aggregate.o (strncpy)
.pioenvs\bluepill_f103c8\liba13\libnewlib.a(strstr.o)
                              .pioenvs\bluepill_f103c8\src\wisol.o (strstr)
.pioenvs\bluepill_f103c8\libff7\libbluepill.a(bluepill.o)
                              .pioenvs\bluepill_f103c8\libff2\hal\codal_target_hal.o (platform_setup)
.pioenvs\bluepill_f103c8\libff7\libbluepill.a(led.o)
                              .pioenvs\bluepill_f103c8\libff7\libbluepill.a(bluepill.o) (led_setup)
.pioenvs\bluepill_f103c8\libff7\libbluepill.a(timer.o)
                              .pioenvs\bluepill_f103c8\libff2\hal\codal_target_hal.o (platform_start_timer)
.pioenvs\bluepill_f103c8\lib443\libbootloader.a(bootloader.o)
                              .pioenvs\bluepill_f103c8\libff2\hal\reset_handler.o (bootloader_start)
.pioenvs\bluepill_f103c8\lib443\libbootloader.a(target_stm32f103.o)
                              .pioenvs\bluepill_f103c8\lib443\libbootloader.a(bootloader.o) (target_set_led)
.pioenvs\bluepill_f103c8\lib443\libbootloader.a(usb_conf.o)
                              .pioenvs\bluepill_f103c8\lib443\libbootloader.a(bootloader.o) (usb_setup)
.pioenvs\bluepill_f103c8\lib443\libbootloader.a(webusb.o)
                              .pioenvs\bluepill_f103c8\lib443\libbootloader.a(usb_conf.o) (webusb_setup)
.pioenvs\bluepill_f103c8\lib443\libbootloader.a(winusb.o)
                              .pioenvs\bluepill_f103c8\lib443\libbootloader.a(usb_conf.o) (winusb_setup)
.pioenvs\bluepill_f103c8\lib443\libbootloader.a(cdc.o)
                              .pioenvs\bluepill_f103c8\lib443\libbootloader.a(usb_conf.o) (cdc_setup)
.pioenvs\bluepill_f103c8\lib443\libbootloader.a(hf2.o)
                              .pioenvs\bluepill_f103c8\lib443\libbootloader.a(usb_conf.o) (hf2_setup)
.pioenvs\bluepill_f103c8\lib443\libbootloader.a(backup.o)
                              .pioenvs\bluepill_f103c8\lib443\libbootloader.a(target_stm32f103.o) (backup_write)
.pioenvs\bluepill_f103c8\lib443\libbootloader.a(usb21_standard.o)
                              .pioenvs\bluepill_f103c8\lib443\libbootloader.a(usb_conf.o) (usb21_setup)
.pioenvs\bluepill_f103c8\lib443\libbootloader.a(ghostfat.o)
                              .pioenvs\bluepill_f103c8\lib443\libbootloader.a(hf2.o) (flash_write)
.pioenvs\bluepill_f103c8\libd0a\libcocoOS_5.0.3.a(os_event.o)
                              .pioenvs\bluepill_f103c8\src\wisol.o (event_create)
.pioenvs\bluepill_f103c8\libd0a\libcocoOS_5.0.3.a(os_kernel.o)
                              .pioenvs\bluepill_f103c8\libff2\hal\codal_target_hal.o (os_init)
.pioenvs\bluepill_f103c8\libd0a\libcocoOS_5.0.3.a(os_msgqueue.o)
                              .pioenvs\bluepill_f103c8\libd0a\libcocoOS_5.0.3.a(os_kernel.o) (os_msgQ_init)
.pioenvs\bluepill_f103c8\libd0a\libcocoOS_5.0.3.a(os_sem.o)
                              .pioenvs\bluepill_f103c8\libd0a\libcocoOS_5.0.3.a(os_kernel.o) (os_sem_init)
.pioenvs\bluepill_f103c8\libd0a\libcocoOS_5.0.3.a(os_task.o)
                              .pioenvs\bluepill_f103c8\libd0a\libcocoOS_5.0.3.a(os_kernel.o) (os_task_init)
.pioenvs\bluepill_f103c8\libd0a\libcocoOS_5.0.3.a(os_assert.o)
                              .pioenvs\bluepill_f103c8\libd0a\libcocoOS_5.0.3.a(os_event.o) (os_on_assert)
.pioenvs\bluepill_f103c8\libd0a\libcocoOS_5.0.3.a(os_cbk.o)
                              .pioenvs\bluepill_f103c8\libd0a\libcocoOS_5.0.3.a(os_kernel.o) (os_cbkSleep)
.pioenvs\bluepill_f103c8\lib635\libcodal-core.a(CodalComponent.o)
                              .pioenvs\bluepill_f103c8\src\main.o (codal::CodalComponent::removeComponent())
.pioenvs\bluepill_f103c8\lib635\libcodal-core.a(CodalDmesg.o)
                              .pioenvs\bluepill_f103c8\libff2\hal\codal_target_hal.o (codalLogStore)
.pioenvs\bluepill_f103c8\lib635\libcodal-core.a(CodalFiber.o)
                              .pioenvs\bluepill_f103c8\src\main.o (codal::fiber_sleep(unsigned long))
.pioenvs\bluepill_f103c8\lib635\libcodal-core.a(CodalHeapAllocator.o)
                              .pioenvs\bluepill_f103c8\libff2\hal\codal_target_hal.o (malloc)
.pioenvs\bluepill_f103c8\lib635\libcodal-core.a(CodalListener.o)
[...]
Memory Configuration

Name             Origin             Length             Attributes
bootrom          0x08000000         0x00006000         xr
rom              0x08006000         0x0000a000         xr
bootram          0x20000000         0x00000800         xrw
ram              0x20000800         0x00003fbc         xrw
bootbuf          0x200047bc         0x00000844         xrw
*default*        0x00000000         0xffffffff

Linker script and memory map

                0x00006000                _bootrom_size = 0x6000
                0x00000800                _bootram_size = 0x800
                0x00000844                _bootbuf_size = 0x844

/DISCARD/
 *(SORT_BY_ALIGNMENT(.data.impure_data))
 *(SORT_BY_ALIGNMENT(.data._impure_ptr))

.boot_text      0x08000000     0x3958
                0x08000000                _boot_text = .
 *(SORT_BY_ALIGNMENT(.vectors))
 .vectors       0x08000000      0x150 .pioenvs\bluepill_f103c8\libFrameworkLibOpenCM3.a(vector.o)
                0x08000000                vector_table
 :*reset_handler*(SORT_BY_ALIGNMENT(.text*))
 .text.reset_handler
                0x08000150       0xdc .pioenvs\bluepill_f103c8\libff2\hal\reset_handler.o
                0x08000150                reset_handler
 *libhal.a:*reset_handler*(SORT_BY_ALIGNMENT(.text*))
 :*codal_target_hal*(SORT_BY_ALIGNMENT(.text*))
 .text._ZL10timer_tickv
                0x0800022c       0x10 .pioenvs\bluepill_f103c8\libff2\hal\codal_target_hal.o
 .text._ZL11timer_alarmv
                0x0800023c       0x10 .pioenvs\bluepill_f103c8\libff2\hal\codal_target_hal.o
 .text.target_set_tick_callback
                0x0800024c        0xc .pioenvs\bluepill_f103c8\libff2\hal\codal_target_hal.o
                0x0800024c                target_set_tick_callback
 .text.target_set_alarm_callback
                0x08000258        0xc .pioenvs\bluepill_f103c8\libff2\hal\codal_target_hal.o
                0x08000258                target_set_alarm_callback
 .text.target_init
                0x08000264       0x30 .pioenvs\bluepill_f103c8\libff2\hal\codal_target_hal.o
                0x08000264                target_init
 .text.target_dmesg_flush
                0x08000294       0x38 .pioenvs\bluepill_f103c8\libff2\hal\codal_target_hal.o
                0x08000294                target_dmesg_flush
 .text.target_wait
                0x080002cc       0x24 .pioenvs\bluepill_f103c8\libff2\hal\codal_target_hal.o
                0x080002cc                target_wait
 .text.target_wait_us
                0x080002f0       0x2c .pioenvs\bluepill_f103c8\libff2\hal\codal_target_hal.o
                0x080002f0                target_wait_us
 .text.target_panic
                0x0800031c       0x20 .pioenvs\bluepill_f103c8\libff2\hal\codal_target_hal.o
                0x0800031c                target_panic
 .text.fiber_initial_stack_base
                0x0800033c        0x8 .pioenvs\bluepill_f103c8\libff2\hal\codal_target_hal.o
                0x0800033c                fiber_initial_stack_base
 .text.test_codal
                0x08000344       0x70 .pioenvs\bluepill_f103c8\libff2\hal\codal_target_hal.o
                0x08000344                test_codal
 .text.target_set_bootloader_callback
                0x080003b4        0x2 .pioenvs\bluepill_f103c8\libff2\hal\codal_target_hal.o
                0x080003b4                target_set_bootloader_callback
 .text.target_enable_debug
                0x080003b6        0x4 .pioenvs\bluepill_f103c8\libff2\hal\codal_target_hal.o
                0x080003b6                target_enable_debug
 .text.target_enable_irq
                0x080003ba        0x4 .pioenvs\bluepill_f103c8\libff2\hal\codal_target_hal.o
                0x080003ba                target_enable_irq
 .text.target_disable_irq
                0x080003be        0x4 .pioenvs\bluepill_f103c8\libff2\hal\codal_target_hal.o
                0x080003be                target_disable_irq
 .text.target_wait_for_event
                0x080003c2        0xa .pioenvs\bluepill_f103c8\libff2\hal\codal_target_hal.o
                0x080003c2                target_wait_for_event
 .text.tcb_allocate
                0x080003cc        0x6 .pioenvs\bluepill_f103c8\libff2\hal\codal_target_hal.o
                0x080003cc                tcb_allocate
 .text.tcb_configure_lr
                0x080003d2        0x4 .pioenvs\bluepill_f103c8\libff2\hal\codal_target_hal.o
                0x080003d2                tcb_configure_lr
 .text.tcb_configure_sp
                0x080003d6        0x4 .pioenvs\bluepill_f103c8\libff2\hal\codal_target_hal.o
                0x080003d6                tcb_configure_sp
 .text.tcb_configure_stack_base
                0x080003da        0x4 .pioenvs\bluepill_f103c8\libff2\hal\codal_target_hal.o
                0x080003da                tcb_configure_stack_base
 .text.tcb_get_stack_base
                0x080003de        0x4 .pioenvs\bluepill_f103c8\libff2\hal\codal_target_hal.o
                0x080003de                tcb_get_stack_base
 .text.get_current_sp
                0x080003e2        0x4 .pioenvs\bluepill_f103c8\libff2\hal\codal_target_hal.o
                0x080003e2                get_current_sp
 .text.tcb_get_sp
                0x080003e6        0x4 .pioenvs\bluepill_f103c8\libff2\hal\codal_target_hal.o
                0x080003e6                tcb_get_sp
 .text.tcb_configure_args
                0x080003ea        0x8 .pioenvs\bluepill_f103c8\libff2\hal\codal_target_hal.o
                0x080003ea                tcb_configure_args
 .text._fini    0x080003f2        0x2 .pioenvs\bluepill_f103c8\libff2\hal\codal_target_hal.o
                0x080003f2                _fini
 .text.__aeabi_atexit
                0x080003f4        0x4 .pioenvs\bluepill_f103c8\libff2\hal\codal_target_hal.o
                0x080003f4                __aeabi_atexit
 *libhal.a:*codal_target_hal*(SORT_BY_ALIGNMENT(.text*))
 :*CortexContextSwitch*(SORT_BY_ALIGNMENT(.text*))
 .text          0x080003f8      0x124 asm/CortexContextSwitch.s.o
                0x080003f8                swap_context
                0x0800047a                save_context
                0x080004be                save_register_context
                0x080004ee                restore_register_context
 *libhal.a:(SORT_BY_ALIGNMENT(.text*))
 *liblibopencm3.a:(SORT_BY_ALIGNMENT(.text*))
 *libFrameworkLibOpenCM3.a:(SORT_BY_ALIGNMENT(.text*))
 .text.desig_get_unique_id
                0x0800051c       0x20 .pioenvs\bluepill_f103c8\libFrameworkLibOpenCM3.a(desig.o)
                0x0800051c                desig_get_unique_id
 .text.desig_get_unique_id_as_string
                0x0800053c       0x48 .pioenvs\bluepill_f103c8\libFrameworkLibOpenCM3.a(desig.o)
                0x0800053c                desig_get_unique_id_as_string
 .text.flash_get_status_flags
                0x08000584       0x28 .pioenvs\bluepill_f103c8\libFrameworkLibOpenCM3.a(flash.o)
                0x08000584                flash_get_status_flags
 .text.flash_program_half_word
                0x080005ac       0x60 .pioenvs\bluepill_f103c8\libFrameworkLibOpenCM3.a(flash.o)
                0x080005ac                flash_program_half_word
 .text.flash_erase_page
                0x0800060c       0x78 .pioenvs\bluepill_f103c8\libFrameworkLibOpenCM3.a(flash.o)
                0x0800060c                flash_erase_page
 .text.rcc_osc_on.part.0
                0x08000684       0x10 .pioenvs\bluepill_f103c8\libFrameworkLibOpenCM3.a(rcc.o)
 .text.rcc_wait_for_osc_ready
                0x08000694       0x64 .pioenvs\bluepill_f103c8\libFrameworkLibOpenCM3.a(rcc.o)
                0x08000694                rcc_wait_for_osc_ready
 .text.rcc_osc_on
                0x080006f8       0x54 .pioenvs\bluepill_f103c8\libFrameworkLibOpenCM3.a(rcc.o)
                0x080006f8                rcc_osc_on
 .text.rcc_set_sysclk_source
                0x0800074c       0x14 .pioenvs\bluepill_f103c8\libFrameworkLibOpenCM3.a(rcc.o)
                0x0800074c                rcc_set_sysclk_source
 .text.rcc_set_pll_multiplication_factor
                0x08000760       0x14 .pioenvs\bluepill_f103c8\libFrameworkLibOpenCM3.a(rcc.o)
                0x08000760                rcc_set_pll_multiplication_factor
 .text.rcc_set_pll_source
                0x08000774       0x14 .pioenvs\bluepill_f103c8\libFrameworkLibOpenCM3.a(rcc.o)
                0x08000774                rcc_set_pll_source
 .text.rcc_set_pllxtpre
                0x08000788       0x14 .pioenvs\bluepill_f103c8\libFrameworkLibOpenCM3.a(rcc.o)
                0x08000788                rcc_set_pllxtpre
 .text.rcc_enable_rtc_clock
                0x0800079c       0x10 .pioenvs\bluepill_f103c8\libFrameworkLibOpenCM3.a(rcc.o)
                0x0800079c                rcc_enable_rtc_clock
 .text.rcc_set_rtc_clock_source
                0x080007ac       0x90 .pioenvs\bluepill_f103c8\libFrameworkLibOpenCM3.a(rcc.o)
                0x080007ac                rcc_set_rtc_clock_source
 .text.rcc_set_adcpre
                0x0800083c       0x14 .pioenvs\bluepill_f103c8\libFrameworkLibOpenCM3.a(rcc.o)
                0x0800083c                rcc_set_adcpre
 .text.rcc_set_ppre2
                0x08000850       0x14 .pioenvs\bluepill_f103c8\libFrameworkLibOpenCM3.a(rcc.o)
                0x08000850                rcc_set_ppre2
 .text.rcc_set_ppre1
                0x08000864       0x14 .pioenvs\bluepill_f103c8\libFrameworkLibOpenCM3.a(rcc.o)
                0x08000864                rcc_set_ppre1
 .text.rcc_set_hpre
                0x08000878       0x14 .pioenvs\bluepill_f103c8\libFrameworkLibOpenCM3.a(rcc.o)
                0x08000878                rcc_set_hpre
 .text.rcc_clock_setup_in_hse_8mhz_out_72mhz
                0x0800088c       0x8c .pioenvs\bluepill_f103c8\libFrameworkLibOpenCM3.a(rcc.o)
                0x0800088c                rcc_clock_setup_in_hse_8mhz_out_72mhz
 .text.rtc_enter_config_mode
                0x08000918       0x18 .pioenvs\bluepill_f103c8\libFrameworkLibOpenCM3.a(rtc.o)
                0x08000918                rtc_enter_config_mode
 .text.rtc_exit_config_mode
                0x08000930       0x18 .pioenvs\bluepill_f103c8\libFrameworkLibOpenCM3.a(rtc.o)
                0x08000930                rtc_exit_config_mode
 .text.rtc_set_prescale_val
                0x08000948       0x20 .pioenvs\bluepill_f103c8\libFrameworkLibOpenCM3.a(rtc.o)
                0x08000948                rtc_set_prescale_val
 .text.rtc_get_counter_val
                0x08000968       0x14 .pioenvs\bluepill_f103c8\libFrameworkLibOpenCM3.a(rtc.o)
                0x08000968                rtc_get_counter_val
 .text.rtc_set_counter_val
                0x0800097c       0x1c .pioenvs\bluepill_f103c8\libFrameworkLibOpenCM3.a(rtc.o)
                0x0800097c                rtc_set_counter_val
 .text.rtc_interrupt_enable
                0x08000998       0x3c .pioenvs\bluepill_f103c8\libFrameworkLibOpenCM3.a(rtc.o)
                0x08000998                rtc_interrupt_enable
 .text.rtc_interrupt_disable
                0x080009d4       0x3c .pioenvs\bluepill_f103c8\libFrameworkLibOpenCM3.a(rtc.o)
                0x080009d4                rtc_interrupt_disable
 .text.rtc_clear_flag
                0x08000a10       0x30 .pioenvs\bluepill_f103c8\libFrameworkLibOpenCM3.a(rtc.o)
                0x08000a10                rtc_clear_flag
 .text.rtc_check_flag
                0x08000a40       0x30 .pioenvs\bluepill_f103c8\libFrameworkLibOpenCM3.a(rtc.o)
                0x08000a40                rtc_check_flag
 .text.pwr_disable_backup_domain_write_protect
                0x08000a70       0x10 .pioenvs\bluepill_f103c8\libFrameworkLibOpenCM3.a(pwr_common_all.o)
                0x08000a70                pwr_disable_backup_domain_write_protect
 .text.pwr_enable_backup_domain_write_protect
                0x08000a80       0x10 .pioenvs\bluepill_f103c8\libFrameworkLibOpenCM3.a(pwr_common_all.o)
                0x08000a80                pwr_enable_backup_domain_write_protect
 .text.exti_set_trigger
                0x08000a90       0x3c .pioenvs\bluepill_f103c8\libFrameworkLibOpenCM3.a(exti_common_all.o)
                0x08000a90                exti_set_trigger
 .text.exti_enable_request
                0x08000acc       0x14 .pioenvs\bluepill_f103c8\libFrameworkLibOpenCM3.a(exti_common_all.o)
                0x08000acc                exti_enable_request
 .text.exti_reset_request
                0x08000ae0        0xc .pioenvs\bluepill_f103c8\libFrameworkLibOpenCM3.a(exti_common_all.o)
                0x08000ae0                exti_reset_request
 .text.flash_set_ws
                0x08000aec       0x14 .pioenvs\bluepill_f103c8\libFrameworkLibOpenCM3.a(flash_common_f01.o)
                0x08000aec                flash_set_ws
 .text.flash_unlock
                0x08000b00       0x24 .pioenvs\bluepill_f103c8\libFrameworkLibOpenCM3.a(flash_common_f01.o)
                0x08000b00                flash_unlock
 .text.flash_lock
                0x08000b24       0x10 .pioenvs\bluepill_f103c8\libFrameworkLibOpenCM3.a(flash_common_f01.o)
                0x08000b24                flash_lock
 .text.usbd_init
                0x08000b34       0x50 .pioenvs\bluepill_f103c8\libFrameworkLibOpenCM3.a(usb.o)
                0x08000b34                usbd_init
 .text._usbd_standard_request_device
                0x08000b84       0x48 .pioenvs\bluepill_f103c8\libFrameworkLibOpenCM3.a(usb_standard.o)
                0x08000b84                _usbd_standard_request_device
 .text._usbd_standard_request_interface
                0x08000bcc       0x30 .pioenvs\bluepill_f103c8\libFrameworkLibOpenCM3.a(usb_standard.o)
                0x08000bcc                _usbd_standard_request_interface
 .text._usbd_standard_request_endpoint
                0x08000bfc       0x3c .pioenvs\bluepill_f103c8\libFrameworkLibOpenCM3.a(usb_standard.o)
                0x08000bfc                _usbd_standard_request_endpoint
 .text.st_usbfs_v1_usbd_init
                0x08000c38       0x30 .pioenvs\bluepill_f103c8\libFrameworkLibOpenCM3.a(st_usbfs_v1.o)
 .text.scb_reset_system
                0x08000c68       0x10 .pioenvs\bluepill_f103c8\libFrameworkLibOpenCM3.a(scb.o)
                0x08000c68                scb_reset_system
 .text.st_usbfs_set_address
                0x08000c78       0x10 .pioenvs\bluepill_f103c8\libFrameworkLibOpenCM3.a(st_usbfs_core.o)
                0x08000c78                st_usbfs_set_address
 .text.st_usbfs_set_ep_rx_bufsize
                0x08000c88       0x48 .pioenvs\bluepill_f103c8\libFrameworkLibOpenCM3.a(st_usbfs_core.o)
                0x08000c88                st_usbfs_set_ep_rx_bufsize
 .text.st_usbfs_ep_setup
                0x08000cd0      0x150 .pioenvs\bluepill_f103c8\libFrameworkLibOpenCM3.a(st_usbfs_core.o)
                0x08000cd0                st_usbfs_ep_setup
 .text.st_usbfs_endpoints_reset
                0x08000e20       0x44 .pioenvs\bluepill_f103c8\libFrameworkLibOpenCM3.a(st_usbfs_core.o)
                0x08000e20                st_usbfs_endpoints_reset
 .text.st_usbfs_ep_stall_set
                0x08000e64       0xe4 .pioenvs\bluepill_f103c8\libFrameworkLibOpenCM3.a(st_usbfs_core.o)
                0x08000e64                st_usbfs_ep_stall_set
 .text.st_usbfs_ep_nak_set
                0x08000f48       0x58 .pioenvs\bluepill_f103c8\libFrameworkLibOpenCM3.a(st_usbfs_core.o)
                0x08000f48                st_usbfs_ep_nak_set
 .text.st_usbfs_ep_write_packet
                0x08000fa0       0x8c .pioenvs\bluepill_f103c8\libFrameworkLibOpenCM3.a(st_usbfs_core.o)
                0x08000fa0                st_usbfs_ep_write_packet
 .text.st_usbfs_ep_read_packet
                0x0800102c       0xb8 .pioenvs\bluepill_f103c8\libFrameworkLibOpenCM3.a(st_usbfs_core.o)
                0x0800102c                st_usbfs_ep_read_packet
 .text.st_usbfs_poll
                0x080010e4       0xd0 .pioenvs\bluepill_f103c8\libFrameworkLibOpenCM3.a(st_usbfs_core.o)
                0x080010e4                st_usbfs_poll
 .text.gpio_set_mode
                0x080011b4       0x62 .pioenvs\bluepill_f103c8\libFrameworkLibOpenCM3.a(gpio.o)
                0x080011b4                gpio_set_mode
 .text.gpio_set
                0x08001216        0x4 .pioenvs\bluepill_f103c8\libFrameworkLibOpenCM3.a(gpio_common_all.o)
                0x08001216                gpio_set
 .text.gpio_clear
                0x0800121a        0x6 .pioenvs\bluepill_f103c8\libFrameworkLibOpenCM3.a(gpio_common_all.o)
                0x0800121a                gpio_clear
 .text.usart_recv
                0x08001220        0x8 .pioenvs\bluepill_f103c8\libFrameworkLibOpenCM3.a(usart_common_f124.o)
                0x08001220                usart_recv
 .text.rcc_periph_clock_enable
                0x08001228       0x1a .pioenvs\bluepill_f103c8\libFrameworkLibOpenCM3.a(rcc_common_all.o)
                0x08001228                rcc_periph_clock_enable
 .text.rcc_periph_reset_pulse
                0x08001242       0x22 .pioenvs\bluepill_f103c8\libFrameworkLibOpenCM3.a(rcc_common_all.o)
                0x08001242                rcc_periph_reset_pulse
 .text.flash_wait_for_last_operation
                0x08001264        0xc .pioenvs\bluepill_f103c8\libFrameworkLibOpenCM3.a(flash_common_f01.o)
                0x08001264                flash_wait_for_last_operation
 .text.usbd_poll
                0x08001270        0x8 .pioenvs\bluepill_f103c8\libFrameworkLibOpenCM3.a(usb.o)
                0x08001270                usbd_poll
 .text.usbd_ep_setup
                0x08001278        0xe .pioenvs\bluepill_f103c8\libFrameworkLibOpenCM3.a(usb.o)
                0x08001278                usbd_ep_setup
 .text._usbd_reset
                0x08001286       0x32 .pioenvs\bluepill_f103c8\libFrameworkLibOpenCM3.a(usb.o)
                0x08001286                _usbd_reset
 .text.usbd_ep_write_packet
                0x080012b8        0xe .pioenvs\bluepill_f103c8\libFrameworkLibOpenCM3.a(usb.o)
                0x080012b8                usbd_ep_write_packet
 .text.usbd_ep_read_packet
                0x080012c6        0xe .pioenvs\bluepill_f103c8\libFrameworkLibOpenCM3.a(usb.o)
                0x080012c6                usbd_ep_read_packet
 .text.usbd_ep_stall_set
                0x080012d4        0x8 .pioenvs\bluepill_f103c8\libFrameworkLibOpenCM3.a(usb.o)
                0x080012d4                usbd_ep_stall_set
 .text.usbd_ep_stall_get
                0x080012dc        0x8 .pioenvs\bluepill_f103c8\libFrameworkLibOpenCM3.a(usb.o)
                0x080012dc                usbd_ep_stall_get
 .text.stall_transaction
                0x080012e4       0x14 .pioenvs\bluepill_f103c8\libFrameworkLibOpenCM3.a(usb_control.o)
 .text.usb_control_recv_chunk
                0x080012f8       0x3c .pioenvs\bluepill_f103c8\libFrameworkLibOpenCM3.a(usb_control.o)
 .text.usb_control_send_chunk
                0x08001334       0x44 .pioenvs\bluepill_f103c8\libFrameworkLibOpenCM3.a(usb_control.o)
 .text.usb_control_request_dispatch
                0x08001378       0x62 .pioenvs\bluepill_f103c8\libFrameworkLibOpenCM3.a(usb_control.o)
 .text.usb_control_setup_read
                0x080013da       0x42 .pioenvs\bluepill_f103c8\libFrameworkLibOpenCM3.a(usb_control.o)
 .text.usbd_register_control_callback
                0x0800141c       0x26 .pioenvs\bluepill_f103c8\libFrameworkLibOpenCM3.a(usb_control.o)
                0x0800141c                usbd_register_control_callback
 .text._usbd_control_setup
                0x08001442       0x5a .pioenvs\bluepill_f103c8\libFrameworkLibOpenCM3.a(usb_control.o)
                0x08001442                _usbd_control_setup
 .text._usbd_control_out
                0x0800149c       0x82 .pioenvs\bluepill_f103c8\libFrameworkLibOpenCM3.a(usb_control.o)
                0x0800149c                _usbd_control_out
 .text._usbd_control_in
                0x0800151e       0x56 .pioenvs\bluepill_f103c8\libFrameworkLibOpenCM3.a(usb_control.o)
                0x0800151e                _usbd_control_in
 .text.usb_standard_set_configuration
                0x08001574       0x92 .pioenvs\bluepill_f103c8\libFrameworkLibOpenCM3.a(usb_standard.o)
 .text.usb_standard_get_configuration
                0x08001606       0x20 .pioenvs\bluepill_f103c8\libFrameworkLibOpenCM3.a(usb_standard.o)
 .text.usb_standard_get_interface
                0x08001626       0x34 .pioenvs\bluepill_f103c8\libFrameworkLibOpenCM3.a(usb_standard.o)
 .text.usb_standard_device_get_status
                0x0800165a       0x18 .pioenvs\bluepill_f103c8\libFrameworkLibOpenCM3.a(usb_standard.o)
 .text.usb_standard_endpoint_get_status
                0x08001672       0x2a .pioenvs\bluepill_f103c8\libFrameworkLibOpenCM3.a(usb_standard.o)
 .text.usb_standard_endpoint_stall
                0x0800169c       0x10 .pioenvs\bluepill_f103c8\libFrameworkLibOpenCM3.a(usb_standard.o)
 .text.usb_standard_endpoint_unstall
                0x080016ac       0x10 .pioenvs\bluepill_f103c8\libFrameworkLibOpenCM3.a(usb_standard.o)
 .text.usb_standard_set_address
                0x080016bc       0x28 .pioenvs\bluepill_f103c8\libFrameworkLibOpenCM3.a(usb_standard.o)
 .text.usb_standard_set_interface
                0x080016e4       0x4e .pioenvs\bluepill_f103c8\libFrameworkLibOpenCM3.a(usb_standard.o)
 .text.usb_standard_get_descriptor
                0x08001732      0x256 .pioenvs\bluepill_f103c8\libFrameworkLibOpenCM3.a(usb_standard.o)
 .text.usb_standard_interface_get_status
                0x08001988       0x18 .pioenvs\bluepill_f103c8\libFrameworkLibOpenCM3.a(usb_standard.o)
 .text.usbd_register_set_config_callback
                0x080019a0       0x26 .pioenvs\bluepill_f103c8\libFrameworkLibOpenCM3.a(usb_standard.o)
                0x080019a0                usbd_register_set_config_callback
 .text._usbd_standard_request
                0x080019c6       0x30 .pioenvs\bluepill_f103c8\libFrameworkLibOpenCM3.a(usb_standard.o)
                0x080019c6                _usbd_standard_request
 .text.st_usbfs_copy_to_pm
                0x080019f6       0x1c .pioenvs\bluepill_f103c8\libFrameworkLibOpenCM3.a(st_usbfs_v1.o)
                0x080019f6                st_usbfs_copy_to_pm
 .text.st_usbfs_copy_from_pm
                0x08001a12       0x2a .pioenvs\bluepill_f103c8\libFrameworkLibOpenCM3.a(st_usbfs_v1.o)
                0x08001a12                st_usbfs_copy_from_pm
 .text.blocking_handler
                0x08001a3c        0x2 .pioenvs\bluepill_f103c8\libFrameworkLibOpenCM3.a(vector.o)
                0x08001a3c                usart3_isr
                0x08001a3c                tim7_isr
                0x08001a3c                adc1_2_isr
                0x08001a3c                tim1_trg_com_isr
                0x08001a3c                usb_hp_can_tx_isr
                0x08001a3c                tim6_isr
                0x08001a3c                usb_wakeup_isr
                0x08001a3c                blocking_handler
                0x08001a3c                tim5_isr
                0x08001a3c                otg_fs_isr
                0x08001a3c                spi1_isr
                0x08001a3c                exti2_isr
                0x08001a3c                dma1_channel6_isr
                0x08001a3c                can_rx1_isr
                0x08001a3c                dma1_channel5_isr
                0x08001a3c                dma2_channel5_isr
                0x08001a3c                usart1_isr
                0x08001a3c                usage_fault_handler
                0x08001a3c                tim8_trg_com_isr
                0x08001a3c                can2_rx0_isr
                0x08001a3c                tim1_brk_isr
                0x08001a3c                can2_rx1_isr
                0x08001a3c                tim1_cc_isr
                0x08001a3c                sdio_isr
                0x08001a3c                eth_isr
                0x08001a3c                dma1_channel4_isr
                0x08001a3c                tim8_brk_isr
                0x08001a3c                dma2_channel4_5_isr
                0x08001a3c                pvd_isr
                0x08001a3c                rcc_isr
                0x08001a3c                flash_isr
                0x08001a3c                uart4_isr
                0x08001a3c                exti15_10_isr
                0x08001a3c                hard_fault_handler
                0x08001a3c                exti1_isr
                0x08001a3c                i2c1_ev_isr
                0x08001a3c                dma2_channel1_isr
                0x08001a3c                spi2_isr
                0x08001a3c                tim8_up_isr
                0x08001a3c                dma2_channel2_isr
                0x08001a3c                exti3_isr
                0x08001a3c                adc3_isr
                0x08001a3c                tim3_isr
                0x08001a3c                usb_lp_can_rx0_isr
                0x08001a3c                i2c2_er_isr
                0x08001a3c                i2c2_ev_isr
                0x08001a3c                uart5_isr
                0x08001a3c                fsmc_isr
                0x08001a3c                dma1_channel1_isr
                0x08001a3c                exti4_isr
                0x08001a3c                mem_manage_handler
                0x08001a3c                can2_tx_isr
                0x08001a3c                exti9_5_isr
                0x08001a3c                dma2_channel3_isr
                0x08001a3c                dma1_channel7_isr
                0x08001a3c                tim1_up_isr
                0x08001a3c                can2_sce_isr
                0x08001a3c                tim4_isr
                0x08001a3c                dma1_channel2_isr
                0x08001a3c                i2c1_er_isr
                0x08001a3c                can_sce_isr
                0x08001a3c                tim8_cc_isr
                0x08001a3c                tamper_isr
                0x08001a3c                eth_wkup_isr
                0x08001a3c                bus_fault_handler
                0x08001a3c                wwdg_isr
                0x08001a3c                dma1_channel3_isr
                0x08001a3c                spi3_isr
                0x08001a3c                tim2_isr
                0x08001a3c                exti0_isr
 .text.null_handler
                0x08001a3e        0x2 .pioenvs\bluepill_f103c8\libFrameworkLibOpenCM3.a(vector.o)
                0x08001a3e                sv_call_handler
                0x08001a3e                pend_sv_handler
                0x08001a3e                debug_monitor_handler
                0x08001a3e                sys_tick_handler
                0x08001a3e                nmi_handler
                0x08001a3e                null_handler
 .text.nvic_enable_irq
                0x08001a40       0x1a .pioenvs\bluepill_f103c8\libFrameworkLibOpenCM3.a(nvic.o)
                0x08001a40                nvic_enable_irq
 .text.st_usbfs_ep_stall_get
                0x08001a5a       0x38 .pioenvs\bluepill_f103c8\libFrameworkLibOpenCM3.a(st_usbfs_core.o)
                0x08001a5a                st_usbfs_ep_stall_get
 *libcocoos.a:(SORT_BY_ALIGNMENT(.text*))
 *libcocoOS_?.?.?.a:(SORT_BY_ALIGNMENT(.text*))
 *fill*         0x08001a92        0x2 
 .text.os_event_init
                0x08001a94        0xc .pioenvs\bluepill_f103c8\libd0a\libcocoOS_5.0.3.a(os_event.o)
                0x08001a94                os_event_init
 .text.os_init  0x08001aa0       0x34 .pioenvs\bluepill_f103c8\libd0a\libcocoOS_5.0.3.a(os_kernel.o)
                0x08001aa0                os_init
 .text.os_msgQ_init
                0x08001ad4       0x24 .pioenvs\bluepill_f103c8\libd0a\libcocoOS_5.0.3.a(os_msgqueue.o)
                0x08001ad4                os_msgQ_init
 .text.os_sem_init
                0x08001af8        0xc .pioenvs\bluepill_f103c8\libd0a\libcocoOS_5.0.3.a(os_sem.o)
                0x08001af8                os_sem_init
 .text.os_task_init
                0x08001b04       0x40 .pioenvs\bluepill_f103c8\libd0a\libcocoOS_5.0.3.a(os_task.o)
                0x08001b04                os_task_init
 *libgcc.a:(SORT_BY_ALIGNMENT(.text*))
 *libqfplib.a:(SORT_BY_ALIGNMENT(.text*))
 *libnano-float.a:(SORT_BY_ALIGNMENT(.text*))
 *libnewlib.a:(SORT_BY_ALIGNMENT(.text*))
 .text.strlen   0x08001b44       0x10 .pioenvs\bluepill_f103c8\liba13\libnewlib.a(strlen.o)
                0x08001b44                strlen
 .text.strncat  0x08001b54       0x28 .pioenvs\bluepill_f103c8\liba13\libnewlib.a(strncat.o)
                0x08001b54                strncat
 .text.strncpy  0x08001b7c       0x2a .pioenvs\bluepill_f103c8\liba13\libnewlib.a(strncpy.o)
                0x08001b7c                strncpy
 .text.memcmp   0x08001ba6       0x1e .pioenvs\bluepill_f103c8\liba13\libnewlib.a(memcmp.o)
                0x08001ba6                memcmp
 .text.memcpy   0x08001bc4       0x1c .pioenvs\bluepill_f103c8\liba13\libnewlib.a(memcpy.o)
                0x08001bc4                memcpy
 .text.memset   0x08001be0       0x10 .pioenvs\bluepill_f103c8\liba13\libnewlib.a(memset.o)
                0x08001be0                memset
 *liblogger.a:(SORT_BY_ALIGNMENT(.text*))
 .text.enable_log
                0x08001bf0        0xc .pioenvs\bluepill_f103c8\lib931\liblogger.a(logger.o)
                0x08001bf0                enable_log
 .text.debug_flush
                0x08001bfc       0x38 .pioenvs\bluepill_f103c8\lib931\liblogger.a(logger.o)
                0x08001bfc                debug_flush
 .text._ZL12debug_appendPKcj
                0x08001c34       0x50 .pioenvs\bluepill_f103c8\lib931\liblogger.a(logger.o)
 .text._Z11debug_printj
                0x08001c84       0x7c .pioenvs\bluepill_f103c8\lib931\liblogger.a(logger.o)
                0x08001c84                debug_print(unsigned int)
 .text._Z11debug_printi
                0x08001d00       0x30 .pioenvs\bluepill_f103c8\lib931\liblogger.a(logger.o)
                0x08001d00                debug_print(int)
 .text.debug_println
                0x08001d30       0x1c .pioenvs\bluepill_f103c8\lib931\liblogger.a(logger.o)
                0x08001d30                debug_println
 .text._Z13debug_printlni
                0x08001d4c       0x18 .pioenvs\bluepill_f103c8\lib931\liblogger.a(logger.o)
                0x08001d4c                debug_println(int)
 .text.debug_print
                0x08001d64       0x1a .pioenvs\bluepill_f103c8\lib931\liblogger.a(logger.o)
                0x08001d64                debug_print
 .text.debug_print_unsigned
                0x08001d7e        0x4 .pioenvs\bluepill_f103c8\lib931\liblogger.a(logger.o)
                0x08001d7e                debug_print_unsigned
 .text.debug_printhex
                0x08001d82       0x42 .pioenvs\bluepill_f103c8\lib931\liblogger.a(logger.o)
                0x08001d82                debug_printhex
 .text.debug_printhex_unsigned
                0x08001dc4       0x24 .pioenvs\bluepill_f103c8\lib931\liblogger.a(logger.o)
                0x08001dc4                debug_printhex_unsigned
 *libbluepill.a:(SORT_BY_ALIGNMENT(.text*))
 .text.platform_setup
                0x08001de8       0x4c .pioenvs\bluepill_f103c8\libff7\libbluepill.a(bluepill.o)
                0x08001de8                platform_setup
 .text.enable_debug
                0x08001e34       0x10 .pioenvs\bluepill_f103c8\libff7\libbluepill.a(bluepill.o)
                0x08001e34                enable_debug
 .text.led_setup
                0x08001e44       0x20 .pioenvs\bluepill_f103c8\libff7\libbluepill.a(led.o)
                0x08001e44                led_setup
 .text.led_on   0x08001e64       0x10 .pioenvs\bluepill_f103c8\libff7\libbluepill.a(led.o)
                0x08001e64                led_on
 .text.led_off  0x08001e74       0x10 .pioenvs\bluepill_f103c8\libff7\libbluepill.a(led.o)
                0x08001e74                led_off
 .text.led_wait
                0x08001e84       0x10 .pioenvs\bluepill_f103c8\libff7\libbluepill.a(led.o)
                0x08001e84                led_wait
 .text._ZL27custom_rtc_exit_config_modev
                0x08001e94       0x28 .pioenvs\bluepill_f103c8\libff7\libbluepill.a(timer.o)
 .text.platform_start_timer
                0x08001ebc      0x124 .pioenvs\bluepill_f103c8\libff7\libbluepill.a(timer.o)
                0x08001ebc                platform_start_timer
 .text.platform_set_alarm
                0x08001fe0       0x44 .pioenvs\bluepill_f103c8\libff7\libbluepill.a(timer.o)
                0x08001fe0                platform_set_alarm
 .text.rtc_isr  0x08002024       0x30 .pioenvs\bluepill_f103c8\libff7\libbluepill.a(timer.o)
                0x08002024                rtc_isr
 .text.rtc_alarm_isr
                0x08002054       0x30 .pioenvs\bluepill_f103c8\libff7\libbluepill.a(timer.o)
                0x08002054                rtc_alarm_isr
 .text.platform_alarm_count
                0x08002084        0xc .pioenvs\bluepill_f103c8\libff7\libbluepill.a(timer.o)
                0x08002084                platform_alarm_count
 .text.platform_tick_count
                0x08002090        0xc .pioenvs\bluepill_f103c8\libff7\libbluepill.a(timer.o)
                0x08002090                platform_tick_count
 .text.__cxa_pure_virtual
                0x0800209c        0x8 .pioenvs\bluepill_f103c8\libff7\libbluepill.a(bluepill.o)
                0x0800209c                __cxa_pure_virtual
 .text._Znwj    0x080020a4        0x4 .pioenvs\bluepill_f103c8\libff7\libbluepill.a(bluepill.o)
                0x080020a4                operator new(unsigned int)
 .text._ZdlPv   0x080020a8        0x4 .pioenvs\bluepill_f103c8\libff7\libbluepill.a(bluepill.o)
                0x080020a8                operator delete(void*)
 .text.millis   0x080020ac        0x4 .pioenvs\bluepill_f103c8\libff7\libbluepill.a(timer.o)
                0x080020ac                millis
 *libbootloader.a:(SORT_BY_ALIGNMENT(.text*))
 .text.bootloader_poll
                0x080020b0       0x1c .pioenvs\bluepill_f103c8\lib443\libbootloader.a(bootloader.o)
                0x080020b0                bootloader_poll
 .text.bootloader_start
                0x080020cc       0xe4 .pioenvs\bluepill_f103c8\lib443\libbootloader.a(bootloader.o)
                0x080020cc                bootloader_start
 .text.target_set_led
                0x080021b0       0x18 .pioenvs\bluepill_f103c8\lib443\libbootloader.a(target_stm32f103.o)
                0x080021b0                target_set_led
 .text.target_gpio_setup
                0x080021c8       0x70 .pioenvs\bluepill_f103c8\lib443\libbootloader.a(target_stm32f103.o)
                0x080021c8                target_gpio_setup
 .text.target_usb_init
                0x08002238       0x2c .pioenvs\bluepill_f103c8\lib443\libbootloader.a(target_stm32f103.o)
                0x08002238                target_usb_init
 .text.target_manifest_app
                0x08002264       0x14 .pioenvs\bluepill_f103c8\lib443\libbootloader.a(target_stm32f103.o)
                0x08002264                target_manifest_app
 .text.target_manifest_bootloader
                0x08002278       0x14 .pioenvs\bluepill_f103c8\lib443\libbootloader.a(target_stm32f103.o)
                0x08002278                target_manifest_bootloader
 .text.target_get_force_bootloader
                0x0800228c       0x34 .pioenvs\bluepill_f103c8\lib443\libbootloader.a(target_stm32f103.o)
                0x0800228c                target_get_force_bootloader
 .text.target_get_startup_mode
                0x080022c0       0x7c .pioenvs\bluepill_f103c8\lib443\libbootloader.a(target_stm32f103.o)
                0x080022c0                target_get_startup_mode
 .text.target_flash_program_array
                0x0800233c       0xdc .pioenvs\bluepill_f103c8\lib443\libbootloader.a(target_stm32f103.o)
                0x0800233c                target_flash_program_array
 .text.set_aggregate_callback
                0x08002418       0x5c .pioenvs\bluepill_f103c8\lib443\libbootloader.a(usb_conf.o)
 .text.usb_setup
                0x08002474       0x90 .pioenvs\bluepill_f103c8\lib443\libbootloader.a(usb_conf.o)
                0x08002474                usb_setup
 .text.aggregate_register_config_callback
                0x08002504       0x38 .pioenvs\bluepill_f103c8\lib443\libbootloader.a(usb_conf.o)
                0x08002504                aggregate_register_config_callback
 .text.aggregate_register_callback
                0x0800253c       0x4c .pioenvs\bluepill_f103c8\lib443\libbootloader.a(usb_conf.o)
                0x0800253c                aggregate_register_callback
 .text.usb_set_serial_number
                0x08002588       0x1c .pioenvs\bluepill_f103c8\lib443\libbootloader.a(usb_conf.o)
                0x08002588                usb_set_serial_number
 .text.dump_buffer
                0x080025a4       0x4c .pioenvs\bluepill_f103c8\lib443\libbootloader.a(usb_conf.o)
                0x080025a4                dump_buffer
 .text.dump_usb_request
                0x080025f0      0x130 .pioenvs\bluepill_f103c8\lib443\libbootloader.a(usb_conf.o)
                0x080025f0                dump_usb_request
 .text.aggregate_callback
                0x08002720       0x64 .pioenvs\bluepill_f103c8\lib443\libbootloader.a(usb_conf.o)
 .text.webusb_set_config
                0x08002784       0x28 .pioenvs\bluepill_f103c8\lib443\libbootloader.a(webusb.o)
 .text.webusb_control_vendor_request
                0x080027ac       0x9c .pioenvs\bluepill_f103c8\lib443\libbootloader.a(webusb.o)
 .text.webusb_setup
                0x08002848       0x4c .pioenvs\bluepill_f103c8\lib443\libbootloader.a(webusb.o)
                0x08002848                webusb_setup
 .text.winusb_control_vendor_request
                0x08002894       0x94 .pioenvs\bluepill_f103c8\lib443\libbootloader.a(winusb.o)
 .text.winusb_set_config
                0x08002928       0x28 .pioenvs\bluepill_f103c8\lib443\libbootloader.a(winusb.o)
 .text.winusb_descriptor_request
                0x08002950       0x48 .pioenvs\bluepill_f103c8\lib443\libbootloader.a(winusb.o)
 .text.winusb_setup
                0x08002998       0x5c .pioenvs\bluepill_f103c8\lib443\libbootloader.a(winusb.o)
                0x08002998                winusb_setup
 .text.cdcacm_comm_cb
                0x080029f4       0x14 .pioenvs\bluepill_f103c8\lib443\libbootloader.a(cdc.o)
 .text.cdcacm_data_rx_cb
                0x08002a08       0x4c .pioenvs\bluepill_f103c8\lib443\libbootloader.a(cdc.o)
 .text.cdcacm_set_config
                0x08002a54       0x68 .pioenvs\bluepill_f103c8\lib443\libbootloader.a(cdc.o)
 .text.cdcacm_control_request
                0x08002abc       0x68 .pioenvs\bluepill_f103c8\lib443\libbootloader.a(cdc.o)
 .text.cdc_setup
                0x08002b24       0x24 .pioenvs\bluepill_f103c8\lib443\libbootloader.a(cdc.o)
                0x08002b24                cdc_setup
 .text.hf2_set_config
                0x08002b48       0x3c .pioenvs\bluepill_f103c8\lib443\libbootloader.a(hf2.o)
 .text.assert.part.0
                0x08002b84       0x1c .pioenvs\bluepill_f103c8\lib443\libbootloader.a(hf2.o)
 .text.pokeSend
                0x08002ba0       0x84 .pioenvs\bluepill_f103c8\lib443\libbootloader.a(hf2.o)
 .text.send_hf2_response
                0x08002c24       0x38 .pioenvs\bluepill_f103c8\lib443\libbootloader.a(hf2.o)
 .text.hf2_data_rx_cb
                0x08002c5c      0x1f4 .pioenvs\bluepill_f103c8\lib443\libbootloader.a(hf2.o)
 .text.hf2_setup
                0x08002e50       0x2c .pioenvs\bluepill_f103c8\lib443\libbootloader.a(hf2.o)
                0x08002e50                hf2_setup
 .text.backup_write
                0x08002e7c       0x38 .pioenvs\bluepill_f103c8\lib443\libbootloader.a(backup.o)
                0x08002e7c                backup_write
 .text.backup_read
                0x08002eb4       0x18 .pioenvs\bluepill_f103c8\lib443\libbootloader.a(backup.o)
                0x08002eb4                backup_read
 .text.usb21_set_config
                0x08002ecc       0x28 .pioenvs\bluepill_f103c8\lib443\libbootloader.a(usb21_standard.o)
 .text.usb21_standard_get_descriptor
                0x08002ef4       0xcc .pioenvs\bluepill_f103c8\lib443\libbootloader.a(usb21_standard.o)
 .text.usb21_setup
                0x08002fc0       0x38 .pioenvs\bluepill_f103c8\lib443\libbootloader.a(usb21_standard.o)
                0x08002fc0                usb21_setup
 .text.flushFlash
                0x08002ff8       0x94 .pioenvs\bluepill_f103c8\lib443\libbootloader.a(ghostfat.o)
 .text.flash_write
                0x0800308c       0x48 .pioenvs\bluepill_f103c8\lib443\libbootloader.a(ghostfat.o)
                0x0800308c                flash_write
 .text.target_get_serial_number
                0x080030d4        0x6 .pioenvs\bluepill_f103c8\lib443\libbootloader.a(target_stm32f103.o)
                0x080030d4                target_get_serial_number
 .text.target_flash_unlock
                0x080030da        0x4 .pioenvs\bluepill_f103c8\lib443\libbootloader.a(target_stm32f103.o)
                0x080030da                target_flash_unlock
 .text.target_flash_lock
                0x080030de        0x4 .pioenvs\bluepill_f103c8\lib443\libbootloader.a(target_stm32f103.o)
                0x080030de                target_flash_lock
 .text.hf2_data_tx_cb
                0x080030e2        0x4 .pioenvs\bluepill_f103c8\lib443\libbootloader.a(hf2.o)
                0x080030e8                . = ALIGN (0x4)
 *fill*         0x080030e6        0x2 
 :*reset_handler*(SORT_BY_ALIGNMENT(.rodata*))
 .rodata.reset_handler.str1.1
                0x080030e8       0x34 .pioenvs\bluepill_f103c8\libff2\hal\reset_handler.o
 *libhal.a:*reset_handler*(SORT_BY_ALIGNMENT(.rodata*))
 :*codal_target_hal*(SORT_BY_ALIGNMENT(.rodata*))
 .rodata.target_panic.str1.1
                0x0800311c       0x13 .pioenvs\bluepill_f103c8\libff2\hal\codal_target_hal.o
 .rodata.target_wait.str1.1
                0x0800312f       0x10 .pioenvs\bluepill_f103c8\libff2\hal\codal_target_hal.o
 .rodata.target_wait_us.str1.1
                0x0800313f       0x13 .pioenvs\bluepill_f103c8\libff2\hal\codal_target_hal.o
 .rodata.test_codal.str1.1
                0x08003152       0x34 .pioenvs\bluepill_f103c8\libff2\hal\codal_target_hal.o
 *libhal.a:*codal_target_hal*(SORT_BY_ALIGNMENT(.rodata*))
 :*CortexContextSwitch*(SORT_BY_ALIGNMENT(.rodata*))
 *libhal.a:(SORT_BY_ALIGNMENT(.rodata*))
 *liblibopencm3.a:(SORT_BY_ALIGNMENT(.rodata*))
 *libFrameworkLibOpenCM3.a:(SORT_BY_ALIGNMENT(.rodata*))
 *fill*         0x08003186        0x2 
 .rodata.st_usbfs_v1_usb_driver
                0x08003188       0x34 .pioenvs\bluepill_f103c8\libFrameworkLibOpenCM3.a(st_usbfs_v1.o)
                0x08003188                st_usbfs_v1_usb_driver
 .rodata.chars.4166
                0x080031bc       0x11 .pioenvs\bluepill_f103c8\libFrameworkLibOpenCM3.a(desig.o)
 *libcocoos.a:(SORT_BY_ALIGNMENT(.rodata*))
 *libcocoOS_?.?.?.a:(SORT_BY_ALIGNMENT(.rodata*))
 *libgcc.a:(SORT_BY_ALIGNMENT(.rodata*))
 *libqfplib.a:(SORT_BY_ALIGNMENT(.rodata*))
 *libnano-float.a:(SORT_BY_ALIGNMENT(.rodata*))
 *libnewlib.a:(SORT_BY_ALIGNMENT(.rodata*))
 *liblogger.a:(SORT_BY_ALIGNMENT(.rodata*))
 .rodata._Z11debug_printi.str1.1
                0x080031cd        0x4 .pioenvs\bluepill_f103c8\lib931\liblogger.a(logger.o)
 .rodata._Z11debug_printj.str1.1
                0x080031d1        0xb .pioenvs\bluepill_f103c8\lib931\liblogger.a(logger.o)
 .rodata.debug_println.str1.1
                0x080031dc        0x2 .pioenvs\bluepill_f103c8\lib931\liblogger.a(logger.o)
 *libbluepill.a:(SORT_BY_ALIGNMENT(.rodata*))
 .rodata.platform_setup.str1.1
                0x080031de       0x13 .pioenvs\bluepill_f103c8\libff7\libbluepill.a(bluepill.o)
 .rodata.platform_set_alarm.str1.1
                0x080031f1        0x6 .pioenvs\bluepill_f103c8\libff7\libbluepill.a(timer.o)
                                  0x9 (size before relaxing)
 .rodata.platform_start_timer.str1.1
                0x080031f7       0x2f .pioenvs\bluepill_f103c8\libff7\libbluepill.a(timer.o)
 *libbootloader.a:(SORT_BY_ALIGNMENT(.rodata*))
 *fill*         0x08003226        0x2 
 .rodata.interfaces
                0x08003228       0x30 .pioenvs\bluepill_f103c8\lib443\libbootloader.a(usb_conf.o)
 .rodata.bootloader_start.str1.1
                0x08003258       0x58 .pioenvs\bluepill_f103c8\lib443\libbootloader.a(bootloader.o)
 .rodata.target_flash_program_array.str1.1
                0x080032b0       0x6a .pioenvs\bluepill_f103c8\lib443\libbootloader.a(target_stm32f103.o)
 .rodata.target_get_startup_mode.str1.1
                0x0800331a       0x31 .pioenvs\bluepill_f103c8\lib443\libbootloader.a(target_stm32f103.o)
                                 0x32 (size before relaxing)
 .rodata.aggregate_callback.str1.1
                0x0800334b        0x4 .pioenvs\bluepill_f103c8\lib443\libbootloader.a(usb_conf.o)
 .rodata.aggregate_register_callback.str1.1
                0x0800334f       0x26 .pioenvs\bluepill_f103c8\lib443\libbootloader.a(usb_conf.o)
 .rodata.aggregate_register_config_callback.str1.1
                0x08003375       0x25 .pioenvs\bluepill_f103c8\lib443\libbootloader.a(usb_conf.o)
 .rodata.bos_descriptor
                0x0800339a        0x9 .pioenvs\bluepill_f103c8\lib443\libbootloader.a(usb_conf.o)
 .rodata.cdc_iface_assoc
                0x080033a3        0x8 .pioenvs\bluepill_f103c8\lib443\libbootloader.a(usb_conf.o)
 .rodata.cdcacm_functional_descriptors
                0x080033ab       0x13 .pioenvs\bluepill_f103c8\lib443\libbootloader.a(usb_conf.o)
 .rodata.comm_endp
                0x080033be        0xf .pioenvs\bluepill_f103c8\lib443\libbootloader.a(usb_conf.o)
 .rodata.comm_iface
                0x080033cd       0x15 .pioenvs\bluepill_f103c8\lib443\libbootloader.a(usb_conf.o)
 .rodata.config
                0x080033e2        0xd .pioenvs\bluepill_f103c8\lib443\libbootloader.a(usb_conf.o)
 .rodata.data_endp
                0x080033ef       0x1e .pioenvs\bluepill_f103c8\lib443\libbootloader.a(usb_conf.o)
 .rodata.data_iface
                0x0800340d       0x15 .pioenvs\bluepill_f103c8\lib443\libbootloader.a(usb_conf.o)
 .rodata.dev    0x08003422       0x12 .pioenvs\bluepill_f103c8\lib443\libbootloader.a(usb_conf.o)
 .rodata.dump_buffer.str1.1
                0x08003434        0x4 .pioenvs\bluepill_f103c8\lib443\libbootloader.a(usb_conf.o)
                                  0x7 (size before relaxing)
 .rodata.dump_usb_request.str1.1
                0x08003438       0x70 .pioenvs\bluepill_f103c8\lib443\libbootloader.a(usb_conf.o)
 .rodata.hf2_endp
                0x080034a8       0x1e .pioenvs\bluepill_f103c8\lib443\libbootloader.a(usb_conf.o)
 .rodata.hf2_iface
                0x080034c6       0x15 .pioenvs\bluepill_f103c8\lib443\libbootloader.a(usb_conf.o)
 .rodata.set_aggregate_callback.str1.1
                0x080034db       0x40 .pioenvs\bluepill_f103c8\lib443\libbootloader.a(usb_conf.o)
 .rodata.str1.1
                0x0800351b       0x7e .pioenvs\bluepill_f103c8\lib443\libbootloader.a(usb_conf.o)
 .rodata.usb_setup.str1.1
                0x08003599       0x2e .pioenvs\bluepill_f103c8\lib443\libbootloader.a(usb_conf.o)
 .rodata.webusb_control_vendor_request.str1.1
                0x080035c7       0x3c .pioenvs\bluepill_f103c8\lib443\libbootloader.a(webusb.o)
                                 0x3d (size before relaxing)
 .rodata.webusb_platform_capability_descriptor
                0x08003603       0x18 .pioenvs\bluepill_f103c8\lib443\libbootloader.a(webusb.o)
                0x08003603                webusb_platform_capability_descriptor
 .rodata.webusb_set_config.str1.1
                0x0800361b       0x1d .pioenvs\bluepill_f103c8\lib443\libbootloader.a(webusb.o)
 .rodata.webusb_setup.str1.1
                0x08003638       0x18 .pioenvs\bluepill_f103c8\lib443\libbootloader.a(webusb.o)
 .rodata.guid   0x08003650       0x92 .pioenvs\bluepill_f103c8\lib443\libbootloader.a(winusb.o)
 .rodata.microsoft_platform_capability_descriptor
                0x080036e2       0x1c .pioenvs\bluepill_f103c8\lib443\libbootloader.a(winusb.o)
                0x080036e2                microsoft_platform_capability_descriptor
 .rodata.winusb_control_vendor_request.str1.1
                0x080036fe       0x14 .pioenvs\bluepill_f103c8\lib443\libbootloader.a(winusb.o)
 .rodata.winusb_descriptor_request.str1.1
                0x08003712        0x6 .pioenvs\bluepill_f103c8\lib443\libbootloader.a(winusb.o)
 .rodata.winusb_set_config.str1.1
                0x08003718       0x1d .pioenvs\bluepill_f103c8\lib443\libbootloader.a(winusb.o)
 .rodata.winusb_setup.str1.1
                0x08003735       0x18 .pioenvs\bluepill_f103c8\lib443\libbootloader.a(winusb.o)
 .rodata.winusb_string_descriptor
                0x0800374d       0x12 .pioenvs\bluepill_f103c8\lib443\libbootloader.a(winusb.o)
 .rodata.cdc_setup.str1.1
                0x0800375f       0x15 .pioenvs\bluepill_f103c8\lib443\libbootloader.a(cdc.o)
 .rodata.cdcacm_comm_cb.str1.1
                0x08003774        0x5 .pioenvs\bluepill_f103c8\lib443\libbootloader.a(cdc.o)
 .rodata.cdcacm_control_request.str1.1
                0x08003779       0x28 .pioenvs\bluepill_f103c8\lib443\libbootloader.a(cdc.o)
                                 0x30 (size before relaxing)
 .rodata.cdcacm_data_rx_cb.str1.1
                0x080037a1        0x4 .pioenvs\bluepill_f103c8\lib443\libbootloader.a(cdc.o)
 .rodata.cdcacm_set_config.str1.1
                0x080037a5       0x1d .pioenvs\bluepill_f103c8\lib443\libbootloader.a(cdc.o)
 .rodata.line_coding
                0x080037c2        0x7 .pioenvs\bluepill_f103c8\lib443\libbootloader.a(cdc.o)
 .rodata.assert.part.0.str1.1
                0x080037c9        0xc .pioenvs\bluepill_f103c8\lib443\libbootloader.a(hf2.o)
 .rodata.bad_packet_message
                0x080037d5        0xb .pioenvs\bluepill_f103c8\lib443\libbootloader.a(hf2.o)
 .rodata.hf2_data_rx_cb.str1.1
                0x080037e0       0x88 .pioenvs\bluepill_f103c8\lib443\libbootloader.a(hf2.o)
                                 0x89 (size before relaxing)
 .rodata.hf2_set_config.str1.1
                0x08003868        0xb .pioenvs\bluepill_f103c8\lib443\libbootloader.a(hf2.o)
 .rodata.hf2_setup.str1.1
                0x08003873       0x15 .pioenvs\bluepill_f103c8\lib443\libbootloader.a(hf2.o)
 .rodata.send_hf2_response.str1.1
                0x08003888        0x7 .pioenvs\bluepill_f103c8\lib443\libbootloader.a(hf2.o)
 .rodata.usb21_set_config.str1.1
                0x0800388f       0x1c .pioenvs\bluepill_f103c8\lib443\libbootloader.a(usb21_standard.o)
 .rodata.usb21_setup.str1.1
                0x080038ab       0x17 .pioenvs\bluepill_f103c8\lib443\libbootloader.a(usb21_standard.o)
 .rodata.usb21_standard_get_descriptor.str1.1
                0x080038c2       0x21 .pioenvs\bluepill_f103c8\lib443\libbootloader.a(usb21_standard.o)
 .rodata.flushFlash.str1.1
                0x080038e3       0x1e .pioenvs\bluepill_f103c8\lib443\libbootloader.a(ghostfat.o)
                                 0x1f (size before relaxing)
 .rodata.infoUf2File
                0x08003901       0x55 .pioenvs\bluepill_f103c8\lib443\libbootloader.a(ghostfat.o)
                0x08003901                infoUf2File
                0x08003958                . = ALIGN (0x4)
 *fill*         0x08003956        0x2 
                0x08003958                _boot_etext = .

.text           0x08006000     0x329c
                0x08006000                . = ALIGN (0x4)
                0x08006000                _text = .
 *(SORT_BY_ALIGNMENT(.text.application_start))
 .text.application_start
                0x08006000       0xc4 .pioenvs\bluepill_f103c8\lib24c\libcm.a(application.o)
                0x08006000                application_start
 *(SORT_BY_ALIGNMENT(.text.main))
 *(SORT_BY_ALIGNMENT(.text.startup.main))
 .text.startup.main
                0x080060c4       0x14 .pioenvs\bluepill_f103c8\src\main.o
                0x080060c4                main
 *(SORT_BY_ALIGNMENT(.text*))
 .text._ZN5codal14CodalComponent4initEv
                0x080060d8        0x8 .pioenvs\bluepill_f103c8\src\main.o
                0x080060d8                codal::CodalComponent::init()
 .text._ZL10debug_dumpRN5codal13STM32BluePillEPKc
                0x080060e0       0x7c .pioenvs\bluepill_f103c8\src\main.o
 .text._ZN5codal14CodalComponentD2Ev
                0x0800615c       0x18 .pioenvs\bluepill_f103c8\src\main.o
                0x0800615c                codal::CodalComponent::~CodalComponent()
                0x0800615c                codal::CodalComponent::~CodalComponent()
 .text.startup._GLOBAL__sub_I_bluepill
                0x08006174       0x24 .pioenvs\bluepill_f103c8\src\main.o
 .text._Z10Blink_mainRN5codal13STM32BluePillE
                0x08006198       0x74 .pioenvs\bluepill_f103c8\src\main.o
                0x08006198                Blink_main(codal::STM32BluePill&)
 .text._ZN5codal13STM32BluePillD2Ev
                0x0800620c       0x40 .pioenvs\bluepill_f103c8\src\main.o
                0x0800620c                codal::STM32BluePill::~STM32BluePill()
                0x0800620c                codal::STM32BluePill::~STM32BluePill()
 .text.startup._GLOBAL__sub_I_serialPort
                0x0800624c       0x10 .pioenvs\bluepill_f103c8\src\uart.o
 .text._Z18component_callbackN5codal5EventE
                0x0800625c       0x58 .pioenvs\bluepill_f103c8\lib635\libcodal-core.a(CodalComponent.o)
                0x0800625c                component_callback(codal::Event)
 .text._ZN5codal10EventModel6listenEiiPFvNS_5EventEEt
                0x080062b4       0x60 .pioenvs\bluepill_f103c8\lib635\libcodal-core.a(CodalComponent.o)
                0x080062b4                codal::EventModel::listen(int, int, void (*)(codal::Event), unsigned short)
 .text._ZN5codal14CodalComponent12addComponentEv
                0x08006314       0x70 .pioenvs\bluepill_f103c8\lib635\libcodal-core.a(CodalComponent.o)
                0x08006314                codal::CodalComponent::addComponent()
 .text._ZN5codal14CodalComponent15removeComponentEv
                0x08006384       0x20 .pioenvs\bluepill_f103c8\lib635\libcodal-core.a(CodalComponent.o)
                0x08006384                codal::CodalComponent::removeComponent()
 .text.codal_dmesg_flush
                0x080063a4       0x10 .pioenvs\bluepill_f103c8\lib635\libcodal-core.a(CodalDmesg.o)
                0x080063a4                codal_dmesg_flush
 .text._ZN5codal14scheduler_tickENS_5EventE
                0x080063b4       0x38 .pioenvs\bluepill_f103c8\lib635\libcodal-core.a(CodalFiber.o)
                0x080063b4                codal::scheduler_tick(codal::Event)
 .text._ZN5codal15scheduler_eventENS_5EventE
                0x080063ec       0xc0 .pioenvs\bluepill_f103c8\lib635\libcodal-core.a(CodalFiber.o)
                0x080063ec                codal::scheduler_event(codal::Event)
 .text._Z15getFiberContextv
                0x080064ac       0x50 .pioenvs\bluepill_f103c8\lib635\libcodal-core.a(CodalFiber.o)
                0x080064ac                getFiberContext()
 .text._ZL10handle_fobv
                0x080064fc       0x2c .pioenvs\bluepill_f103c8\lib635\libcodal-core.a(CodalFiber.o)
 .text._ZN5codal23fiber_scheduler_runningEv
                0x08006528       0x10 .pioenvs\bluepill_f103c8\lib635\libcodal-core.a(CodalFiber.o)
                0x08006528                codal::fiber_scheduler_running()
 .text._ZN5codal14scheduler_initERNS_10EventModelE
                0x08006538       0xac .pioenvs\bluepill_f103c8\lib635\libcodal-core.a(CodalFiber.o)
                0x08006538                codal::scheduler_init(codal::EventModel&)
 .text._ZN5codal19fiber_wake_on_eventEtt
                0x080065e4       0x5c .pioenvs\bluepill_f103c8\lib635\libcodal-core.a(CodalFiber.o)
                0x080065e4                codal::fiber_wake_on_event(unsigned short, unsigned short)
 .text._Z14__create_fibermmmi
                0x08006640       0x64 .pioenvs\bluepill_f103c8\lib635\libcodal-core.a(CodalFiber.o)
                0x08006640                __create_fiber(unsigned long, unsigned long, unsigned long, int)
 .text._ZN5codal17verify_stack_sizeEPNS_5FiberE
                0x080066a4       0x44 .pioenvs\bluepill_f103c8\lib635\libcodal-core.a(CodalFiber.o)
                0x080066a4                codal::verify_stack_size(codal::Fiber*)
 .text._ZN5codal24scheduler_runqueue_emptyEv
                0x080066e8       0x10 .pioenvs\bluepill_f103c8\lib635\libcodal-core.a(CodalFiber.o)
                0x080066e8                codal::scheduler_runqueue_empty()
 .text._ZN5codal4idleEv
                0x080066f8       0x3c .pioenvs\bluepill_f103c8\lib635\libcodal-core.a(CodalFiber.o)
                0x080066f8                codal::idle()
 .text._ZN5codal8scheduleEv
                0x08006734      0x108 .pioenvs\bluepill_f103c8\lib635\libcodal-core.a(CodalFiber.o)
                0x08006734                codal::schedule()
 .text._ZN5codal11fiber_sleepEm
                0x0800683c       0x3c .pioenvs\bluepill_f103c8\lib635\libcodal-core.a(CodalFiber.o)
                0x0800683c                codal::fiber_sleep(unsigned long)
 .text._ZN5codal13release_fiberEv
                0x08006878       0x6c .pioenvs\bluepill_f103c8\lib635\libcodal-core.a(CodalFiber.o)
                0x08006878                codal::release_fiber()
 .text._ZN5codal6invokeEPFvPvES0_
                0x080068e4       0x80 .pioenvs\bluepill_f103c8\lib635\libcodal-core.a(CodalFiber.o)
                0x080068e4                codal::invoke(void (*)(void*), void*)
 .text._Z18device_create_heapmm
                0x08006964       0x3c .pioenvs\bluepill_f103c8\lib635\libcodal-core.a(CodalHeapAllocator.o)
                0x08006964                device_create_heap(unsigned long, unsigned long)
 .text.device_malloc
                0x080069a0       0x48 .pioenvs\bluepill_f103c8\lib635\libcodal-core.a(CodalHeapAllocator.o)
                0x080069a0                device_malloc
                0x080069a0                malloc
 .text.device_free
                0x080069e8       0x40 .pioenvs\bluepill_f103c8\lib635\libcodal-core.a(CodalHeapAllocator.o)
                0x080069e8                free
                0x080069e8                device_free
 .text._ZN5codal6SerialC2ERNS_3PinES2_hht
                0x08006a28       0x5c .pioenvs\bluepill_f103c8\lib635\libcodal-core.a(Serial.o)
                0x08006a28                codal::Serial::Serial(codal::Pin&, codal::Pin&, unsigned char, unsigned char, unsigned short)
                0x08006a28                codal::Serial::Serial(codal::Pin&, codal::Pin&, unsigned char, unsigned char, unsigned short)
 .text._ZN5codal6SerialD2Ev
                0x08006a84       0x1c .pioenvs\bluepill_f103c8\lib635\libcodal-core.a(Serial.o)
                0x08006a84                codal::Serial::~Serial()
                0x08006a84                codal::Serial::~Serial()
 .text._ZN5codal5TimerC2Ev
                0x08006aa0       0x34 .pioenvs\bluepill_f103c8\lib635\libcodal-core.a(Timer.o)
                0x08006aa0                codal::Timer::Timer()
                0x08006aa0                codal::Timer::Timer()
 .text._ZN5codal25system_timer_current_timeEv
                0x08006ad4       0x10 .pioenvs\bluepill_f103c8\lib635\libcodal-core.a(Timer.o)
                0x08006ad4                codal::system_timer_current_time()
 .text._ZN5codal27system_timer_event_every_usEmtt
                0x08006ae4       0x24 .pioenvs\bluepill_f103c8\lib635\libcodal-core.a(Timer.o)
                0x08006ae4                codal::system_timer_event_every_us(unsigned long, unsigned short, unsigned short)
 .text._ZN5codal10EventModel4sendENS_5EventE
                0x08006b08       0x14 .pioenvs\bluepill_f103c8\lib635\libcodal-core.a(MessageBus.o)
                0x08006b08                codal::EventModel::send(codal::Event)
 .text._ZN5codal10EventModel3addEPNS_8ListenerE
                0x08006b1c        0x8 .pioenvs\bluepill_f103c8\lib635\libcodal-core.a(MessageBus.o)
                0x08006b1c                codal::EventModel::add(codal::Listener*)
 .text._ZN5codal10EventModel6removeEPNS_8ListenerE
                0x08006b24        0x8 .pioenvs\bluepill_f103c8\lib635\libcodal-core.a(MessageBus.o)
                0x08006b24                codal::EventModel::remove(codal::Listener*)
 .text._ZN5codal10MessageBus6removeEPNS_8ListenerE
                0x08006b2c       0x70 .pioenvs\bluepill_f103c8\lib635\libcodal-core.a(MessageBus.o)
                0x08006b2c                codal::MessageBus::remove(codal::Listener*)
 .text._ZN5codal10MessageBus3addEPNS_8ListenerE
                0x08006b9c       0xbc .pioenvs\bluepill_f103c8\lib635\libcodal-core.a(MessageBus.o)
                0x08006b9c                codal::MessageBus::add(codal::Listener*)
 .text._ZN5codal10MessageBusD2Ev
                0x08006c58       0x78 .pioenvs\bluepill_f103c8\lib635\libcodal-core.a(MessageBus.o)
                0x08006c58                codal::MessageBus::~MessageBus()
                0x08006c58                codal::MessageBus::~MessageBus()
 .text._ZN5codal10MessageBusC2Ev
                0x08006cd0       0xa8 .pioenvs\bluepill_f103c8\lib635\libcodal-core.a(MessageBus.o)
                0x08006cd0                codal::MessageBus::MessageBus()
                0x08006cd0                codal::MessageBus::MessageBus()
 .text._ZN5codal10MessageBus7processERNS_5EventEb
                0x08006d78       0x84 .pioenvs\bluepill_f103c8\lib635\libcodal-core.a(MessageBus.o)
                0x08006d78                codal::MessageBus::process(codal::Event&, bool)
 .text._ZN5codal19allocateNotifyEventEv
                0x08006dfc       0x10 .pioenvs\bluepill_f103c8\lib635\libcodal-core.a(MessageBus.o)
                0x08006dfc                codal::allocateNotifyEvent()
 .text._ZN5codal5Event4fireEv
                0x08006e0c       0x20 .pioenvs\bluepill_f103c8\lib635\libcodal-core.a(Event.o)
                0x08006e0c                codal::Event::fire()
 .text._ZN5codal13ManagedStringC2EPKcs
                0x08006e2c       0x34 .pioenvs\bluepill_f103c8\lib635\libcodal-core.a(ManagedString.o)
                0x08006e2c                codal::ManagedString::ManagedString(char const*, short)
                0x08006e2c                codal::ManagedString::ManagedString(char const*, short)
 .text._ZN5codal13ManagedStringC2Ev
                0x08006e60        0xc .pioenvs\bluepill_f103c8\lib635\libcodal-core.a(ManagedString.o)
                0x08006e60                codal::ManagedString::ManagedString()
                0x08006e60                codal::ManagedString::ManagedString()
 .text.startup._GLOBAL__sub_I__ZN5codal13ManagedString9initEmptyEv
                0x08006e6c       0x2c .pioenvs\bluepill_f103c8\lib635\libcodal-core.a(ManagedString.o)
 .text._ZN5codal3_cm3Pin14setAnalogValueEi
                0x08006e98       0x1c .pioenvs\bluepill_f103c8\lib24c\libcm.a(CmPin.o)
                0x08006e98                codal::_cm::Pin::setAnalogValue(int)
 .text._ZN5codal3_cm3Pin13setServoValueEiii
                0x08006eb4       0x2c .pioenvs\bluepill_f103c8\lib24c\libcm.a(CmPin.o)
                0x08006eb4                codal::_cm::Pin::setServoValue(int, int, int)
 .text._ZN5codal3_cm3Pin9isTouchedEv
                0x08006ee0        0x8 .pioenvs\bluepill_f103c8\lib24c\libcm.a(CmPin.o)
                0x08006ee0                codal::_cm::Pin::isTouched()
 .text._ZN5codal3_cm3Pin17getAnalogPeriodUsEv
                0x08006ee8        0x8 .pioenvs\bluepill_f103c8\lib24c\libcm.a(CmPin.o)
                0x08006ee8                codal::_cm::Pin::getAnalogPeriodUs()
 .text._ZN5codal3_cm3Pin15setDigitalValueEi
                0x08006ef0       0x88 .pioenvs\bluepill_f103c8\lib24c\libcm.a(CmPin.o)
                0x08006ef0                codal::_cm::Pin::setDigitalValue(int)
 .text._ZN5codal3_cm3PinC2EhmmtNS_13PinCapabilityE
                0x08006f78       0x2c .pioenvs\bluepill_f103c8\lib24c\libcm.a(CmPin.o)
                0x08006f78                codal::_cm::Pin::Pin(unsigned char, unsigned long, unsigned long, unsigned short, codal::PinCapability)
                0x08006f78                codal::_cm::Pin::Pin(unsigned char, unsigned long, unsigned long, unsigned short, codal::PinCapability)
 .text._ZN5codal3_cm6SerialD2Ev
                0x08006fa4       0x14 .pioenvs\bluepill_f103c8\lib24c\libcm.a(CmSerial.o)
                0x08006fa4                codal::_cm::Serial::~Serial()
                0x08006fa4                codal::_cm::Serial::~Serial()
 .text._ZN5codal3_cm6SerialC2ERNS0_3PinES3_hh
                0x08006fb8       0x4c .pioenvs\bluepill_f103c8\lib24c\libcm.a(CmSerial.o)
                0x08006fb8                codal::_cm::Serial::Serial(codal::_cm::Pin&, codal::_cm::Pin&, unsigned char, unsigned char)
                0x08006fb8                codal::_cm::Serial::Serial(codal::_cm::Pin&, codal::_cm::Pin&, unsigned char, unsigned char)
 .text._ZN5codal3_cm14alarm_callbackEv
                0x08007004       0x10 .pioenvs\bluepill_f103c8\lib24c\libcm.a(CmTimer.o)
                0x08007004                codal::_cm::alarm_callback()
 .text._ZN5codal3_cm5Timer4initEv
                0x08007014       0x2c .pioenvs\bluepill_f103c8\lib24c\libcm.a(CmTimer.o)
                0x08007014                codal::_cm::Timer::init()
 .text._ZN5codal3_cm5TimerC2Ev
                0x08007040       0x28 .pioenvs\bluepill_f103c8\lib24c\libcm.a(CmTimer.o)
                0x08007040                codal::_cm::Timer::Timer()
                0x08007040                codal::_cm::Timer::Timer()
 .text._ZN5codal13STM32BluePill4initEv
                0x08007068       0x70 .pioenvs\bluepill_f103c8\lib400\libmodel.a(STM32BluePill.o)
                0x08007068                codal::STM32BluePill::init()
 .text._ZN5codal13STM32BluePillC2Ev
                0x080070d8       0xa4 .pioenvs\bluepill_f103c8\lib400\libmodel.a(STM32BluePill.o)
                0x080070d8                codal::STM32BluePill::STM32BluePill()
                0x080070d8                codal::STM32BluePill::STM32BluePill()
 .text._ZN5codal15STM32BluePillIOC2Ev
                0x0800717c      0xaf0 .pioenvs\bluepill_f103c8\lib400\libmodel.a(STM32BluePillIO.o)
                0x0800717c                codal::STM32BluePillIO::STM32BluePillIO()
                0x0800717c                codal::STM32BluePillIO::STM32BluePillIO()
 .text.usart2_isr
                0x08007c6c       0x50 .pioenvs\bluepill_f103c8\lib492\libuartint.a(uartint.o)
                0x08007c6c                usart2_isr
 .text.startup._GLOBAL__sub_I__ZN13UARTInterfaceC2Ejj
                0x08007cbc       0x10 .pioenvs\bluepill_f103c8\lib492\libuartint.a(uartint.o)
 .text._ZN5codal3_cm3I2CC2ERNS_3PinES3_
                0x08007ccc       0x1c .pioenvs\bluepill_f103c8\lib24c\libcm.a(CmI2C.o)
                0x08007ccc                codal::_cm::I2C::I2C(codal::Pin&, codal::Pin&)
                0x08007ccc                codal::_cm::I2C::I2C(codal::Pin&, codal::Pin&)
 .text._ZN5codal3_cm3SPI4initEv
                0x08007ce8       0x5c .pioenvs\bluepill_f103c8\lib24c\libcm.a(CmSPI.o)
                0x08007ce8                codal::_cm::SPI::init()
 .text._ZN5codal3_cm3SPIC2ERNS0_3PinES3_S3_S3_
                0x08007d44       0x9c .pioenvs\bluepill_f103c8\lib24c\libcm.a(CmSPI.o)
                0x08007d44                codal::_cm::SPI::SPI(codal::_cm::Pin&, codal::_cm::Pin&, codal::_cm::Pin&, codal::_cm::Pin&)
                0x08007d44                codal::_cm::SPI::SPI(codal::_cm::Pin&, codal::_cm::Pin&, codal::_cm::Pin&, codal::_cm::Pin&)
 .text.pinmap_peripheral
                0x08007de0       0x30 .pioenvs\bluepill_f103c8\lib24c\libcm.a(CmPinMap.o)
                0x08007de0                pinmap_peripheral
 .text.pinmap_mode
                0x08007e10       0x2c .pioenvs\bluepill_f103c8\lib24c\libcm.a(CmPinMap.o)
                0x08007e10                pinmap_mode
 .text.pinmap_cnf
                0x08007e3c       0x2c .pioenvs\bluepill_f103c8\lib24c\libcm.a(CmPinMap.o)
                0x08007e3c                pinmap_cnf
 .text._ZN5codal3I2CC2ERNS_3PinES2_
                0x08007e68        0xc .pioenvs\bluepill_f103c8\lib635\libcodal-core.a(I2C.o)
                0x08007e68                codal::I2C::I2C(codal::Pin&, codal::Pin&)
                0x08007e68                codal::I2C::I2C(codal::Pin&, codal::Pin&)
 .text._ZN5codal14CodalComponent16periodicCallbackEv
                0x08007e74        0x2 .pioenvs\bluepill_f103c8\src\main.o
                0x08007e74                codal::CodalComponent::periodicCallback()
 .text._ZN5codal14CodalComponent12idleCallbackEv
                0x08007e76        0x2 .pioenvs\bluepill_f103c8\src\main.o
                0x08007e76                codal::CodalComponent::idleCallback()
 .text._ZN5codal14CodalComponentD0Ev
                0x08007e78       0x12 .pioenvs\bluepill_f103c8\src\main.o
                0x08007e78                codal::CodalComponent::~CodalComponent()
 .text._ZN5codal13STM32BluePillD0Ev
                0x08007e8a       0x12 .pioenvs\bluepill_f103c8\src\main.o
                0x08007e8a                codal::STM32BluePill::~STM32BluePill()
 .text._ZN5codal11queue_fiberEPNS_5FiberEPS1_
                0x08007e9c       0x2e .pioenvs\bluepill_f103c8\lib635\libcodal-core.a(CodalFiber.o)
                0x08007e9c                codal::queue_fiber(codal::Fiber*, codal::Fiber**)
 .text._ZN5codal13dequeue_fiberEPNS_5FiberE
                0x08007eca       0x34 .pioenvs\bluepill_f103c8\lib635\libcodal-core.a(CodalFiber.o)
                0x08007eca                codal::dequeue_fiber(codal::Fiber*)
 .text._ZN5codal12create_fiberEPFvPvES0_S2_
                0x08007efe       0x1e .pioenvs\bluepill_f103c8\lib635\libcodal-core.a(CodalFiber.o)
                0x08007efe                codal::create_fiber(void (*)(void*), void*, void (*)(void*))
 .text._ZN5codal20fiber_wait_for_eventEtt
                0x08007f1c       0x12 .pioenvs\bluepill_f103c8\lib635\libcodal-core.a(CodalFiber.o)
                0x08007f1c                codal::fiber_wait_for_event(unsigned short, unsigned short)
 .text._ZN5codal16launch_new_fiberEPFvvES1_
                0x08007f2e       0x10 .pioenvs\bluepill_f103c8\lib635\libcodal-core.a(CodalFiber.o)
                0x08007f2e                codal::launch_new_fiber(void (*)(), void (*)())
 .text._ZN5codal13release_fiberEPv
                0x08007f3e       0x12 .pioenvs\bluepill_f103c8\lib635\libcodal-core.a(CodalFiber.o)
                0x08007f3e                codal::release_fiber(void*)
 .text._ZN5codal22launch_new_fiber_paramEPFvPvES2_S0_
                0x08007f50       0x1a .pioenvs\bluepill_f103c8\lib635\libcodal-core.a(CodalFiber.o)
                0x08007f50                codal::launch_new_fiber_param(void (*)(void*), void (*)(void*), void*)
 .text._ZN5codal9idle_taskEv
                0x08007f6a        0xc .pioenvs\bluepill_f103c8\lib635\libcodal-core.a(CodalFiber.o)
                0x08007f6a                codal::idle_task()
 .text._Z16device_malloc_injR14HeapDefinition
                0x08007f76       0x84 .pioenvs\bluepill_f103c8\lib635\libcodal-core.a(CodalHeapAllocator.o)
                0x08007f76                device_malloc_in(unsigned int, HeapDefinition&)
 .text._ZN5codal8ListenerC2EttPFvNS_5EventEEt
                0x08007ffa       0x28 .pioenvs\bluepill_f103c8\lib635\libcodal-core.a(CodalListener.o)
                0x08007ffa                codal::Listener::Listener(unsigned short, unsigned short, void (*)(codal::Event), unsigned short)
                0x08007ffa                codal::Listener::Listener(unsigned short, unsigned short, void (*)(codal::Event), unsigned short)
 .text._ZN5codal8ListenerD2Ev
                0x08008022       0x14 .pioenvs\bluepill_f103c8\lib635\libcodal-core.a(CodalListener.o)
                0x08008022                codal::Listener::~Listener()
                0x08008022                codal::Listener::~Listener()
 .text._ZN5codal8Listener5queueENS_5EventE
                0x08008036       0x5c .pioenvs\bluepill_f103c8\lib635\libcodal-core.a(CodalListener.o)
                0x08008036                codal::Listener::queue(codal::Event)
 .text._ZN5codal6Serial12initialiseRxEv
                0x08008092       0x4c .pioenvs\bluepill_f103c8\lib635\libcodal-core.a(Serial.o)
                0x08008092                codal::Serial::initialiseRx()
 .text._ZN5codal6Serial12circularCopyEPhhS1_tt
                0x080080de       0x26 .pioenvs\bluepill_f103c8\lib635\libcodal-core.a(Serial.o)
                0x080080de                codal::Serial::circularCopy(unsigned char*, unsigned char, unsigned char*, unsigned short, unsigned short)
 .text._ZN5codal6Serial7eventOnENS_13ManagedStringENS_10SerialModeE
                0x08008104       0x26 .pioenvs\bluepill_f103c8\lib635\libcodal-core.a(Serial.o)
                0x08008104                codal::Serial::eventOn(codal::ManagedString, codal::SerialMode)
 .text._ZN5codal6Serial9readUntilENS_13ManagedStringENS_10SerialModeE
                0x0800812a      0x1a6 .pioenvs\bluepill_f103c8\lib635\libcodal-core.a(Serial.o)
                0x0800812a                codal::Serial::readUntil(codal::ManagedString, codal::SerialMode)
 .text._ZN5codal5Timer17disableInterruptsEv
                0x080082d0        0xa .pioenvs\bluepill_f103c8\lib635\libcodal-core.a(Timer.o)
                0x080082d0                codal::Timer::disableInterrupts()
 .text._ZN5codal5Timer16enableInterruptsEv
                0x080082da        0xa .pioenvs\bluepill_f103c8\lib635\libcodal-core.a(Timer.o)
                0x080082da                codal::Timer::enableInterrupts()
 .text._ZN5codal5Timer13getTimerEventEv
                0x080082e4       0x22 .pioenvs\bluepill_f103c8\lib635\libcodal-core.a(Timer.o)
                0x080082e4                codal::Timer::getTimerEvent()
 .text._ZN5codal5Timer17releaseTimerEventEPNS_10TimerEventE
                0x08008306        0xe .pioenvs\bluepill_f103c8\lib635\libcodal-core.a(Timer.o)
                0x08008306                codal::Timer::releaseTimerEvent(codal::TimerEvent*)
 .text._ZN5codal5Timer7getTimeEv
                0x08008314        0xe .pioenvs\bluepill_f103c8\lib635\libcodal-core.a(Timer.o)
                0x08008314                codal::Timer::getTime()
 .text._ZN5codal5Timer9getTimeUsEv
                0x08008322        0xe .pioenvs\bluepill_f103c8\lib635\libcodal-core.a(Timer.o)
                0x08008322                codal::Timer::getTimeUs()
 .text._ZN5codal5Timer8setEventEmttb
                0x08008330       0x66 .pioenvs\bluepill_f103c8\lib635\libcodal-core.a(Timer.o)
                0x08008330                codal::Timer::setEvent(unsigned long, unsigned short, unsigned short, bool)
 .text._ZN5codal5Timer12eventEveryUsEmtt
                0x08008396        0xe .pioenvs\bluepill_f103c8\lib635\libcodal-core.a(Timer.o)
                0x08008396                codal::Timer::eventEveryUs(unsigned long, unsigned short, unsigned short)
 .text._ZN5codal5Timer4syncEm
                0x080083a4       0x24 .pioenvs\bluepill_f103c8\lib635\libcodal-core.a(Timer.o)
                0x080083a4                codal::Timer::sync(unsigned long)
 .text._ZN5codal5Timer7triggerEv
                0x080083c8       0x92 .pioenvs\bluepill_f103c8\lib635\libcodal-core.a(Timer.o)
                0x080083c8                codal::Timer::trigger()
 .text._ZN5codal5TimerD2Ev
                0x0800845a        0x2 .pioenvs\bluepill_f103c8\lib635\libcodal-core.a(Timer.o)
                0x0800845a                codal::Timer::~Timer()
                0x0800845a                codal::Timer::~Timer()
 .text._ZN5codal10MessageBus9elementAtEi
                0x0800845c       0x10 .pioenvs\bluepill_f103c8\lib635\libcodal-core.a(MessageBus.o)
                0x0800845c                codal::MessageBus::elementAt(int)
 .text._ZN5codal22MemberFunctionCallback10methodCallINS_10MessageBusEEEvPvPmNS_5EventE
                0x0800846c       0x30 .pioenvs\bluepill_f103c8\lib635\libcodal-core.a(MessageBus.o)
                0x0800846c                void codal::MemberFunctionCallback::methodCall<codal::MessageBus>(void*, unsigned long*, codal::Event)
 .text._Z14async_callbackPv
                0x0800849c       0x7c .pioenvs\bluepill_f103c8\lib635\libcodal-core.a(MessageBus.o)
                0x0800849c                async_callback(void*)
 .text._ZThn8_N5codal10MessageBusD1Ev
                0x08008518        0x8 .pioenvs\bluepill_f103c8\lib635\libcodal-core.a(MessageBus.o)
                0x08008518                non-virtual thunk to codal::MessageBus::~MessageBus()
 .text._ZN5codal10MessageBusD0Ev
                0x08008520       0x12 .pioenvs\bluepill_f103c8\lib635\libcodal-core.a(MessageBus.o)
                0x08008520                codal::MessageBus::~MessageBus()
 .text._ZThn8_N5codal10MessageBusD0Ev
                0x08008532        0x8 .pioenvs\bluepill_f103c8\lib635\libcodal-core.a(MessageBus.o)
                0x08008532                non-virtual thunk to codal::MessageBus::~MessageBus()
 .text._ZN5codal10MessageBus12dequeueEventEv
                0x0800853a       0x22 .pioenvs\bluepill_f103c8\lib635\libcodal-core.a(MessageBus.o)
                0x0800853a                codal::MessageBus::dequeueEvent()
 .text._ZN5codal10MessageBus21deleteMarkedListenersEv
                0x0800855c       0x42 .pioenvs\bluepill_f103c8\lib635\libcodal-core.a(MessageBus.o)
                0x0800855c                codal::MessageBus::deleteMarkedListeners()
 .text._ZN5codal10MessageBus10queueEventERNS_5EventE
                0x0800859e       0x5e .pioenvs\bluepill_f103c8\lib635\libcodal-core.a(MessageBus.o)
                0x0800859e                codal::MessageBus::queueEvent(codal::Event&)
 .text._ZN5codal10MessageBus4sendENS_5EventE
                0x080085fc       0x16 .pioenvs\bluepill_f103c8\lib635\libcodal-core.a(MessageBus.o)
                0x080085fc                codal::MessageBus::send(codal::Event)
 .text._ZN5codal10MessageBus4idleENS_5EventE
                0x08008612       0x34 .pioenvs\bluepill_f103c8\lib635\libcodal-core.a(MessageBus.o)
                0x08008612                codal::MessageBus::idle(codal::Event)
 .text._ZN5codal5EventC2Ev
                0x08008646       0x12 .pioenvs\bluepill_f103c8\lib635\libcodal-core.a(Event.o)
                0x08008646                codal::Event::Event()
                0x08008646                codal::Event::Event()
 .text._ZN5codal5EventC2EttNS_15EventLaunchModeE
                0x08008658       0x1c .pioenvs\bluepill_f103c8\lib635\libcodal-core.a(Event.o)
                0x08008658                codal::Event::Event(unsigned short, unsigned short, codal::EventLaunchMode)
                0x08008658                codal::Event::Event(unsigned short, unsigned short, codal::EventLaunchMode)
 .text._ZN5codal5EventC2EttmNS_15EventLaunchModeE
                0x08008674       0x18 .pioenvs\bluepill_f103c8\lib635\libcodal-core.a(Event.o)
                0x08008674                codal::Event::Event(unsigned short, unsigned short, unsigned long, codal::EventLaunchMode)
                0x08008674                codal::Event::Event(unsigned short, unsigned short, unsigned long, codal::EventLaunchMode)
 .text._ZN5codal14EventQueueItemC2ENS_5EventE
                0x0800868c       0x20 .pioenvs\bluepill_f103c8\lib635\libcodal-core.a(Event.o)
                0x0800868c                codal::EventQueueItem::EventQueueItem(codal::Event)
                0x0800868c                codal::EventQueueItem::EventQueueItem(codal::Event)
 .text._ZN5codal13ManagedStringD2Ev
                0x080086ac        0xe .pioenvs\bluepill_f103c8\lib635\libcodal-core.a(ManagedString.o)
                0x080086ac                codal::ManagedString::~ManagedString()
                0x080086ac                codal::ManagedString::~ManagedString()
 .text._ZN5codal13ManagedString10initStringEPKci
                0x080086ba       0x2e .pioenvs\bluepill_f103c8\lib635\libcodal-core.a(ManagedString.o)
                0x080086ba                codal::ManagedString::initString(char const*, int)
 .text._ZN5codal13ManagedStringC2Ei
                0x080086e8       0x22 .pioenvs\bluepill_f103c8\lib635\libcodal-core.a(ManagedString.o)
                0x080086e8                codal::ManagedString::ManagedString(int)
                0x080086e8                codal::ManagedString::ManagedString(int)
 .text._ZN5codal13ManagedStringC2ERKS0_
                0x0800870a       0x10 .pioenvs\bluepill_f103c8\lib635\libcodal-core.a(ManagedString.o)
                0x0800870a                codal::ManagedString::ManagedString(codal::ManagedString const&)
                0x0800870a                codal::ManagedString::ManagedString(codal::ManagedString const&)
 .text._ZN5codal13ManagedStringaSERKS0_
                0x0800871a       0x1e .pioenvs\bluepill_f103c8\lib635\libcodal-core.a(ManagedString.o)
                0x0800871a                codal::ManagedString::operator=(codal::ManagedString const&)
 .text._ZN5codal13ManagedString6charAtEs
                0x08008738       0x18 .pioenvs\bluepill_f103c8\lib635\libcodal-core.a(ManagedString.o)
                0x08008738                codal::ManagedString::charAt(short)
 .text._ZL16isReadOnlyInlinePN5codal10RefCountedE
                0x08008750       0x22 .pioenvs\bluepill_f103c8\lib635\libcodal-core.a(RefCounted.o)
 .text._ZN5codal10RefCounted4incrEv
                0x08008772       0x12 .pioenvs\bluepill_f103c8\lib635\libcodal-core.a(RefCounted.o)
                0x08008772                codal::RefCounted::incr()
 .text._ZN5codal10RefCounted4decrEv
                0x08008784       0x22 .pioenvs\bluepill_f103c8\lib635\libcodal-core.a(RefCounted.o)
                0x08008784                codal::RefCounted::decr()
 .text._ZN5codal10RefCounted7destroyEv
                0x080087a6        0x4 .pioenvs\bluepill_f103c8\lib635\libcodal-core.a(RefCountedInit.o)
                0x080087a6                codal::RefCounted::destroy()
 .text._ZN5codal10RefCounted4initEv
                0x080087aa        0x6 .pioenvs\bluepill_f103c8\lib635\libcodal-core.a(RefCountedInit.o)
                0x080087aa                codal::RefCounted::init()
 .text._ZN5codal14string_reverseEPc
                0x080087b0       0x2a .pioenvs\bluepill_f103c8\lib635\libcodal-core.a(CodalCompat.o)
                0x080087b0                codal::string_reverse(char*)
 .text._ZN5codal4itoaEiPc
                0x080087da       0x50 .pioenvs\bluepill_f103c8\lib635\libcodal-core.a(CodalCompat.o)
                0x080087da                codal::itoa(int, char*)
 .text._ZN5codal22MemberFunctionCallback4fireENS_5EventE
                0x0800882a       0x18 .pioenvs\bluepill_f103c8\lib635\libcodal-core.a(MemberFunctionCallback.o)
                0x0800882a                codal::MemberFunctionCallback::fire(codal::Event)
 .text._ZN5codal22MemberFunctionCallbackeqERKS0_
                0x08008842       0x20 .pioenvs\bluepill_f103c8\lib635\libcodal-core.a(MemberFunctionCallback.o)
                0x08008842                codal::MemberFunctionCallback::operator==(codal::MemberFunctionCallback const&)
 .text._ZN5codal3Pin15setServoPulseUsEm
                0x08008862        0x6 .pioenvs\bluepill_f103c8\lib24c\libcm.a(CmPin.o)
                0x08008862                codal::Pin::setServoPulseUs(unsigned long)
 .text._ZN5codal3Pin17setAnalogPeriodUsEm
                0x08008868        0x6 .pioenvs\bluepill_f103c8\lib24c\libcm.a(CmPin.o)
                0x08008868                codal::Pin::setAnalogPeriodUs(unsigned long)
 .text._ZN5codal3Pin8drainPinEv
                0x0800886e        0x6 .pioenvs\bluepill_f103c8\lib24c\libcm.a(CmPin.o)
                0x0800886e                codal::Pin::drainPin()
 .text._ZN5codal3_cm3Pin15getDigitalValueEv
                0x08008874        0x4 .pioenvs\bluepill_f103c8\lib24c\libcm.a(CmPin.o)
                0x08008874                codal::_cm::Pin::getDigitalValue()
 .text._ZN5codal3_cm3Pin15getDigitalValueENS_8PullModeE
                0x08008878       0x16 .pioenvs\bluepill_f103c8\lib24c\libcm.a(CmPin.o)
                0x08008878                codal::_cm::Pin::getDigitalValue(codal::PullMode)
 .text._ZN5codal3_cm3Pin14getAnalogValueEv
                0x0800888e        0x4 .pioenvs\bluepill_f103c8\lib24c\libcm.a(CmPin.o)
                0x0800888e                codal::_cm::Pin::getAnalogValue()
 .text._ZN5codal3_cm3Pin7isInputEv
                0x08008892        0xe .pioenvs\bluepill_f103c8\lib24c\libcm.a(CmPin.o)
                0x08008892                codal::_cm::Pin::isInput()
 .text._ZN5codal3_cm3Pin8isOutputEv
                0x080088a0        0xe .pioenvs\bluepill_f103c8\lib24c\libcm.a(CmPin.o)
                0x080088a0                codal::_cm::Pin::isOutput()
 .text._ZN5codal3_cm3Pin9isDigitalEv
                0x080088ae        0xc .pioenvs\bluepill_f103c8\lib24c\libcm.a(CmPin.o)
                0x080088ae                codal::_cm::Pin::isDigital()
 .text._ZN5codal3_cm3Pin8isAnalogEv
                0x080088ba        0xe .pioenvs\bluepill_f103c8\lib24c\libcm.a(CmPin.o)
                0x080088ba                codal::_cm::Pin::isAnalog()
 .text._ZN5codal3_cm3Pin15getAnalogPeriodEv
                0x080088c8       0x12 .pioenvs\bluepill_f103c8\lib24c\libcm.a(CmPin.o)
                0x080088c8                codal::_cm::Pin::getAnalogPeriod()
 .text._ZN5codal3_cm3Pin7setPullENS_8PullModeE
                0x080088da        0x6 .pioenvs\bluepill_f103c8\lib24c\libcm.a(CmPin.o)
                0x080088da                codal::_cm::Pin::setPull(codal::PullMode)
 .text._ZN5codal3_cm3Pin5setupEhh
                0x080088e0       0x1e .pioenvs\bluepill_f103c8\lib24c\libcm.a(CmPin.o)
                0x080088e0                codal::_cm::Pin::setup(unsigned char, unsigned char)
 .text._ZN5codal3_cm3Pin17setAnalogPeriodUsEi
                0x080088fe       0x12 .pioenvs\bluepill_f103c8\lib24c\libcm.a(CmPin.o)
                0x080088fe                codal::_cm::Pin::setAnalogPeriodUs(int)
 .text._ZN5codal3_cm3Pin15setAnalogPeriodEi
                0x08008910        0xa .pioenvs\bluepill_f103c8\lib24c\libcm.a(CmPin.o)
                0x08008910                codal::_cm::Pin::setAnalogPeriod(int)
 .text._ZN5codal3_cm3Pin13disableEventsEv
                0x0800891a       0x10 .pioenvs\bluepill_f103c8\lib24c\libcm.a(CmPin.o)
                0x0800891a                codal::_cm::Pin::disableEvents()
 .text._ZN5codal3_cm3Pin7eventOnEi
                0x0800892a       0x26 .pioenvs\bluepill_f103c8\lib24c\libcm.a(CmPin.o)
                0x0800892a                codal::_cm::Pin::eventOn(int)
 .text._ZN5codal3_cm6Serial15enableInterruptENS_19SerialInterruptTypeE
                0x08008950        0x4 .pioenvs\bluepill_f103c8\lib24c\libcm.a(CmSerial.o)
                0x08008950                codal::_cm::Serial::enableInterrupt(codal::SerialInterruptType)
 .text._ZN5codal3_cm6Serial16disableInterruptENS_19SerialInterruptTypeE
                0x08008954        0x4 .pioenvs\bluepill_f103c8\lib24c\libcm.a(CmSerial.o)
                0x08008954                codal::_cm::Serial::disableInterrupt(codal::SerialInterruptType)
 .text._ZN5codal3_cm6Serial11setBaudrateEm
                0x08008958        0x4 .pioenvs\bluepill_f103c8\lib24c\libcm.a(CmSerial.o)
                0x08008958                codal::_cm::Serial::setBaudrate(unsigned long)
 .text._ZN5codal3_cm6Serial13configurePinsERNS_3PinES3_
                0x0800895c        0x4 .pioenvs\bluepill_f103c8\lib24c\libcm.a(CmSerial.o)
                0x0800895c                codal::_cm::Serial::configurePins(codal::Pin&, codal::Pin&)
 .text._ZN5codal3_cm6Serial4putcEc
                0x08008960        0x4 .pioenvs\bluepill_f103c8\lib24c\libcm.a(CmSerial.o)
                0x08008960                codal::_cm::Serial::putc(char)
 .text._ZN5codal3_cm6Serial4getcEv
                0x08008964        0x6 .pioenvs\bluepill_f103c8\lib24c\libcm.a(CmSerial.o)
                0x08008964                codal::_cm::Serial::getc()
 .text._ZN5codal3_cm6SerialD0Ev
                0x0800896a       0x12 .pioenvs\bluepill_f103c8\lib24c\libcm.a(CmSerial.o)
                0x0800896a                codal::_cm::Serial::~Serial()
 .text._ZN5codal3_cm6Serial12initialiseRxEv
                0x0800897c       0x38 .pioenvs\bluepill_f103c8\lib24c\libcm.a(CmSerial.o)
                0x0800897c                codal::_cm::Serial::initialiseRx()
 .text._ZN5codal3_cm6Serial12circularCopyEPhhS2_tt
                0x080089b4       0x26 .pioenvs\bluepill_f103c8\lib24c\libcm.a(CmSerial.o)
                0x080089b4                codal::_cm::Serial::circularCopy(unsigned char*, unsigned char, unsigned char*, unsigned short, unsigned short)
 .text._ZN5codal3_cm6Serial7eventOnENS_13ManagedStringENS_10SerialModeE
                0x080089da       0x24 .pioenvs\bluepill_f103c8\lib24c\libcm.a(CmSerial.o)
                0x080089da                codal::_cm::Serial::eventOn(codal::ManagedString, codal::SerialMode)
 .text._ZN5codal3_cm6Serial9readUntilENS_13ManagedStringENS_10SerialModeE
                0x080089fe      0x1a6 .pioenvs\bluepill_f103c8\lib24c\libcm.a(CmSerial.o)
                0x080089fe                codal::_cm::Serial::readUntil(codal::ManagedString, codal::SerialMode)
 .text._ZN5codal3_cm5Timer9triggerInEm
                0x08008ba4       0x12 .pioenvs\bluepill_f103c8\lib24c\libcm.a(CmTimer.o)
                0x08008ba4                codal::_cm::Timer::triggerIn(unsigned long)
 .text._ZN5codal3_cm5Timer11syncRequestEv
                0x08008bb6       0x26 .pioenvs\bluepill_f103c8\lib24c\libcm.a(CmTimer.o)
                0x08008bb6                codal::_cm::Timer::syncRequest()
 .text._ZN5codal3_cm13tick_callbackEv
                0x08008bdc        0x2 .pioenvs\bluepill_f103c8\lib24c\libcm.a(CmTimer.o)
                0x08008bdc                codal::_cm::tick_callback()
 .text._ZN5codal13STM32BluePill16periodicCallbackEv
                0x08008bde        0x2 .pioenvs\bluepill_f103c8\lib400\libmodel.a(STM32BluePill.o)
                0x08008bde                codal::STM32BluePill::periodicCallback()
 .text._ZN5codal13STM32BluePill12idleCallbackEv
                0x08008be0        0x4 .pioenvs\bluepill_f103c8\lib400\libmodel.a(STM32BluePill.o)
                0x08008be0                codal::STM32BluePill::idleCallback()
 .text._ZN13UARTInterfaceC2Ejj
                0x08008be4        0x2 .pioenvs\bluepill_f103c8\lib492\libuartint.a(uartint.o)
                0x08008be4                UARTInterface::UARTInterface(unsigned int, unsigned int)
                0x08008be4                UARTInterface::UARTInterface(unsigned int, unsigned int)
 .text._ZN5codal3_cm3I2C12setFrequencyEm
                0x08008be6        0x4 .pioenvs\bluepill_f103c8\lib24c\libcm.a(CmI2C.o)
                0x08008be6                codal::_cm::I2C::setFrequency(unsigned long)
 .text._ZN5codal3_cm3I2C5writeEtPhib
                0x08008bea        0x4 .pioenvs\bluepill_f103c8\lib24c\libcm.a(CmI2C.o)
                0x08008bea                codal::_cm::I2C::write(unsigned short, unsigned char*, int, bool)
                0x08008bea                codal::_cm::I2C::read(unsigned short, unsigned char*, int, bool)
 .text._ZN5codal3_cm3I2C12readRegisterEthPhib
                0x08008bee        0x4 .pioenvs\bluepill_f103c8\lib24c\libcm.a(CmI2C.o)
                0x08008bee                codal::_cm::I2C::readRegister(unsigned short, unsigned char, unsigned char*, int, bool)
 .text._ZN5codal3_cm3SPI12setFrequencyEm
                0x08008bf2        0xc .pioenvs\bluepill_f103c8\lib24c\libcm.a(CmSPI.o)
                0x08008bf2                codal::_cm::SPI::setFrequency(unsigned long)
 .text._ZN5codal3_cm3SPI5writeEi
                0x08008bfe        0xe .pioenvs\bluepill_f103c8\lib24c\libcm.a(CmSPI.o)
                0x08008bfe                codal::_cm::SPI::write(int)
 .text._ZN5codal3_cm3SPI8transferEPKhmPhm
                0x08008c0c        0x4 .pioenvs\bluepill_f103c8\lib24c\libcm.a(CmSPI.o)
                0x08008c0c                codal::_cm::SPI::transfer(unsigned char const*, unsigned long, unsigned char*, unsigned long)
 .text._ZN5codal3_cm3SPI7setModeEii
                0x08008c10       0x18 .pioenvs\bluepill_f103c8\lib24c\libcm.a(CmSPI.o)
                0x08008c10                codal::_cm::SPI::setMode(int, int)
 .text._ZN5codal3_cm16_codal_setup_pinEPNS0_3PinEmPK6PinMap
                0x08008c28       0x54 .pioenvs\bluepill_f103c8\lib24c\libcm.a(CmSPI.o)
                0x08008c28                codal::_cm::_codal_setup_pin(codal::_cm::Pin*, unsigned long, PinMap const*)
 .text._ZN5codal3_cm3SPI13startTransferEPKhmPhmPFvPvES5_
                0x08008c7c       0x28 .pioenvs\bluepill_f103c8\lib24c\libcm.a(CmSPI.o)
                0x08008c7c                codal::_cm::SPI::startTransfer(unsigned char const*, unsigned long, unsigned char*, unsigned long, void (*)(void*), void*)
 .text._ZN5codal3I2C12setFrequencyEm
                0x08008ca4        0x6 .pioenvs\bluepill_f103c8\lib635\libcodal-core.a(I2C.o)
                0x08008ca4                codal::I2C::setFrequency(unsigned long)
 .text._ZN5codal3I2C5startEv
                0x08008caa        0x6 .pioenvs\bluepill_f103c8\lib635\libcodal-core.a(I2C.o)
                0x08008caa                codal::I2C::start()
                0x08008caa                codal::I2C::stop()
 .text._ZN5codal3I2C5writeEh
                0x08008cb0        0x6 .pioenvs\bluepill_f103c8\lib635\libcodal-core.a(I2C.o)
                0x08008cb0                codal::I2C::write(unsigned char)
                0x08008cb0                codal::I2C::read(codal::AcknowledgeType)
 .text._ZN5codal3I2C13writeRegisterEthh
                0x08008cb6       0x1c .pioenvs\bluepill_f103c8\lib635\libcodal-core.a(I2C.o)
                0x08008cb6                codal::I2C::writeRegister(unsigned short, unsigned char, unsigned char)
 .text._ZN5codal3I2C5writeEtPhib
                0x08008cd2       0x50 .pioenvs\bluepill_f103c8\lib635\libcodal-core.a(I2C.o)
                0x08008cd2                codal::I2C::write(unsigned short, unsigned char*, int, bool)
 .text._ZN5codal3I2C4readEtPhib
                0x08008d22       0x64 .pioenvs\bluepill_f103c8\lib635\libcodal-core.a(I2C.o)
                0x08008d22                codal::I2C::read(unsigned short, unsigned char*, int, bool)
 .text._ZN5codal3I2C5writeEth
                0x08008d86       0x1c .pioenvs\bluepill_f103c8\lib635\libcodal-core.a(I2C.o)
                0x08008d86                codal::I2C::write(unsigned short, unsigned char)
 .text._ZN5codal3I2C12readRegisterEthPhib
                0x08008da2       0x42 .pioenvs\bluepill_f103c8\lib635\libcodal-core.a(I2C.o)
                0x08008da2                codal::I2C::readRegister(unsigned short, unsigned char, unsigned char*, int, bool)