Archive member included to satisfy reference by file (symbol)

.pioenvs\bluepill_f103c8\lib931\liblogger.a(logger.o)
                              .pioenvs\bluepill_f103c8\src\main.o (debug_flush)
.pioenvs\bluepill_f103c8\libd0a\libcocoOS_5.0.3.a(os_event.o)
                              .pioenvs\bluepill_f103c8\src\wisol.o (event_create)
.pioenvs\bluepill_f103c8\libd0a\libcocoOS_5.0.3.a(os_kernel.o)
                              .pioenvs\bluepill_f103c8\src\uart.o (running_tid)
.pioenvs\bluepill_f103c8\libd0a\libcocoOS_5.0.3.a(os_msgqueue.o)
                              .pioenvs\bluepill_f103c8\libd0a\libcocoOS_5.0.3.a(os_kernel.o) (os_msgQ_init)
.pioenvs\bluepill_f103c8\libd0a\libcocoOS_5.0.3.a(os_sem.o)
                              .pioenvs\bluepill_f103c8\libd0a\libcocoOS_5.0.3.a(os_kernel.o) (os_sem_init)
.pioenvs\bluepill_f103c8\libd0a\libcocoOS_5.0.3.a(os_task.o)
                              .pioenvs\bluepill_f103c8\libd0a\libcocoOS_5.0.3.a(os_kernel.o) (os_task_init)
.pioenvs\bluepill_f103c8\libd0a\libcocoOS_5.0.3.a(os_assert.o)
                              .pioenvs\bluepill_f103c8\libd0a\libcocoOS_5.0.3.a(os_event.o) (os_on_assert)
.pioenvs\bluepill_f103c8\libd0a\libcocoOS_5.0.3.a(os_cbk.o)
                              .pioenvs\bluepill_f103c8\libd0a\libcocoOS_5.0.3.a(os_kernel.o) (os_cbkSleep)
.pioenvs\bluepill_f103c8\liba13\libnewlib.a(strlen.o)
                              .pioenvs\bluepill_f103c8\src\aggregate.o (strlen)
.pioenvs\bluepill_f103c8\liba13\libnewlib.a(strncat.o)
                              .pioenvs\bluepill_f103c8\src\wisol.o (strncat)
.pioenvs\bluepill_f103c8\liba13\libnewlib.a(strncmp.o)
                              .pioenvs\bluepill_f103c8\src\aggregate.o (strncmp)
.pioenvs\bluepill_f103c8\liba13\libnewlib.a(strncpy.o)
                              .pioenvs\bluepill_f103c8\src\aggregate.o (strncpy)
.pioenvs\bluepill_f103c8\liba13\libnewlib.a(strstr.o)
                              .pioenvs\bluepill_f103c8\src\wisol.o (strstr)
.pioenvs\bluepill_f103c8\lib0e4\libunity.a(unity.o)
                              .pioenvs\bluepill_f103c8\src\unit_test.o (UnityAssertFloatsWithin)
.pioenvs\bluepill_f103c8\libc64\libnano-float.a(functions.o)
                              .pioenvs\bluepill_f103c8\src\unit_test.o (get_float_usage)
.pioenvs\bluepill_f103c8\lib24c\libcm.a(CmPin.o)
                              .pioenvs\bluepill_f103c8\src\main.o (codal::_cm::Pin::setDigitalValue(int))
.pioenvs\bluepill_f103c8\lib24c\libcm.a(codal_target_hal.o)
                              .pioenvs\bluepill_f103c8\src\main.o (target_enable_debug)
.pioenvs\bluepill_f103c8\lib635\libcodal-core.a(CodalCompat.o)
                              .pioenvs\bluepill_f103c8\lib24c\libcm.a(codal_target_hal.o) (codal::seed_random(unsigned long))
.pioenvs\bluepill_f103c8\lib635\libcodal-core.a(CodalDmesg.o)
                              .pioenvs\bluepill_f103c8\lib24c\libcm.a(codal_target_hal.o) (codal_dmesg_set_flush_fn)
.pioenvs\bluepill_f103c8\lib635\libcodal-core.a(CodalFiber.o)
                              .pioenvs\bluepill_f103c8\src\main.o (codal::fiber_sleep(unsigned long))
.pioenvs\bluepill_f103c8\lib635\libcodal-core.a(CodalHeapAllocator.o)
                              .pioenvs\bluepill_f103c8\lib24c\libcm.a(codal_target_hal.o) (malloc)
.pioenvs\bluepill_f103c8\lib635\libcodal-core.a(CodalListener.o)
                              .pioenvs\bluepill_f103c8\lib635\libcodal-core.a(CodalFiber.o) (codal::Listener::Listener(unsigned short, unsigned short, void (*)(codal::Event), unsigned short))
.pioenvs\bluepill_f103c8\lib635\libcodal-core.a(Timer.o)
                              .pioenvs\bluepill_f103c8\lib635\libcodal-core.a(CodalFiber.o) (codal::system_timer_current_time())
.pioenvs\bluepill_f103c8\lib635\libcodal-core.a(Event.o)
                              .pioenvs\bluepill_f103c8\lib635\libcodal-core.a(CodalListener.o) (codal::Event::Event())
.pioenvs\bluepill_f103c8\libff7\libbluepill.a(STM32BluePill.o)
                              .pioenvs\bluepill_f103c8\src\main.o (codal::STM32BluePill::init())
.pioenvs\bluepill_f103c8\libff7\libbluepill.a(STM32BluePillIO.o)
                              .pioenvs\bluepill_f103c8\libff7\libbluepill.a(STM32BluePill.o) (codal::STM32BluePillIO::STM32BluePillIO())
.pioenvs\bluepill_f103c8\libff7\libbluepill.a(bluepill.o)
                              .pioenvs\bluepill_f103c8\lib24c\libcm.a(codal_target_hal.o) (platform_setup)
.pioenvs\bluepill_f103c8\libff7\libbluepill.a(led.o)
                              .pioenvs\bluepill_f103c8\libff7\libbluepill.a(bluepill.o) (led_setup)
.pioenvs\bluepill_f103c8\libff7\libbluepill.a(timer.o)
                              .pioenvs\bluepill_f103c8\lib24c\libcm.a(codal_target_hal.o) (platform_start_timer)
.pioenvs\bluepill_f103c8\lib492\libuartint.a(uartint.o)
                              .pioenvs\bluepill_f103c8\src\uart.o (UARTInterface::UARTInterface(unsigned int, unsigned int))
[...]
Memory Configuration

Name             Origin             Length             Attributes
rom              0x08000000         0x00010000         xr
ram              0x20000000         0x00005000         xrw
*default*        0x00000000         0xffffffff

Linker script and memory map

LOAD asm/CortexContextSwitch.s.o
LOAD .pioenvs\bluepill_f103c8\src\aggregate.o
LOAD .pioenvs\bluepill_f103c8\src\downlink.o
LOAD .pioenvs\bluepill_f103c8\src\main.o
LOAD .pioenvs\bluepill_f103c8\src\sensor.o
LOAD .pioenvs\bluepill_f103c8\src\sensor_display.o
LOAD .pioenvs\bluepill_f103c8\src\uart.o
LOAD .pioenvs\bluepill_f103c8\src\unit_test.o
LOAD .pioenvs\bluepill_f103c8\src\wisol.o
LOAD .pioenvs\bluepill_f103c8\src\wstring.o
START GROUP
LOAD .pioenvs\bluepill_f103c8\lib46d\libqfplib.a
LOAD .pioenvs\bluepill_f103c8\lib931\liblogger.a
LOAD .pioenvs\bluepill_f103c8\libd0a\libcocoOS_5.0.3.a
LOAD .pioenvs\bluepill_f103c8\liba13\libnewlib.a
LOAD .pioenvs\bluepill_f103c8\lib0e4\libunity.a
LOAD .pioenvs\bluepill_f103c8\libc64\libnano-float.a
LOAD .pioenvs\bluepill_f103c8\lib24c\libcm.a
LOAD .pioenvs\bluepill_f103c8\lib635\libcodal-core.a
LOAD .pioenvs\bluepill_f103c8\libff7\libbluepill.a
LOAD .pioenvs\bluepill_f103c8\lib257\libsimulator.a
LOAD .pioenvs\bluepill_f103c8\lib743\libspiint.a
LOAD .pioenvs\bluepill_f103c8\lib59a\libi2cint.a
LOAD .pioenvs\bluepill_f103c8\libe9f\libporting.a
LOAD .pioenvs\bluepill_f103c8\lib6b9\libboost_config.a
LOAD .pioenvs\bluepill_f103c8\libd55\libboost_static_assert.a
LOAD .pioenvs\bluepill_f103c8\lib43c\libboost_type_traits.a
LOAD .pioenvs\bluepill_f103c8\libf2c\libboost_preprocessor.a
LOAD .pioenvs\bluepill_f103c8\lib95e\libboost_assert.a
LOAD .pioenvs\bluepill_f103c8\libb77\libboost_core.a
LOAD .pioenvs\bluepill_f103c8\libb93\libboost_detail.a
LOAD .pioenvs\bluepill_f103c8\lib2eb\libboost_predef.a
LOAD .pioenvs\bluepill_f103c8\lib0fe\libboost_utility.a
LOAD .pioenvs\bluepill_f103c8\libffd\libboost_mpl.a
LOAD .pioenvs\bluepill_f103c8\lib3f0\libboost_iterator.a
LOAD .pioenvs\bluepill_f103c8\lib337\libboost_parameter.a
LOAD .pioenvs\bluepill_f103c8\libcaf\libboost_lockfree.a
LOAD .pioenvs\bluepill_f103c8\lib167\libBME280.a
LOAD .pioenvs\bluepill_f103c8\lib7c6\libadcint.a
LOAD .pioenvs\bluepill_f103c8\lib492\libuartint.a
LOAD c:/users/guppy/.platformio/packages/toolchain-gccarmnoneeabi/bin/../lib/gcc/arm-none-eabi/7.2.1/thumb/v7-m\libgcc.a
LOAD .pioenvs\bluepill_f103c8\libFrameworkLibOpenCM3.a
END GROUP

.text           0x08000000     0x74f8
 *(SORT_BY_ALIGNMENT(.vectors))
 .vectors       0x08000000      0x150 .pioenvs\bluepill_f103c8\libFrameworkLibOpenCM3.a(vector.o)
                0x08000000                vector_table
 *(SORT_BY_ALIGNMENT(.text*))
 .text.test_aeabi_ddiv
                0x08000150       0x84 .pioenvs\bluepill_f103c8\src\unit_test.o
                0x08000150                test_aeabi_ddiv
 *fill*         0x080001d4        0x4 
 .text.test_aeabi_dmul
                0x080001d8       0x84 .pioenvs\bluepill_f103c8\src\unit_test.o
                0x080001d8                test_aeabi_dmul
 *fill*         0x0800025c        0x4 
 .text.test_fabs
                0x08000260       0xc0 .pioenvs\bluepill_f103c8\src\unit_test.o
                0x08000260                test_fabs
 .text.test_sqrt
                0x08000320       0xc8 .pioenvs\bluepill_f103c8\src\unit_test.o
                0x08000320                test_sqrt
 .text.test_log
                0x080003e8       0xd0 .pioenvs\bluepill_f103c8\src\unit_test.o
                0x080003e8                test_log
 .text.test_exp
                0x080004b8      0x128 .pioenvs\bluepill_f103c8\src\unit_test.o
                0x080004b8                test_exp
 .text.test_log10
                0x080005e0       0xd0 .pioenvs\bluepill_f103c8\src\unit_test.o
                0x080005e0                test_log10
 .text.test_pow
                0x080006b0      0x160 .pioenvs\bluepill_f103c8\src\unit_test.o
                0x080006b0                test_pow
 .text.test_ldexp
                0x08000810       0xc4 .pioenvs\bluepill_f103c8\src\unit_test.o
                0x08000810                test_ldexp
 *fill*         0x080008d4        0x4 
 .text.test_sin
                0x080008d8      0x150 .pioenvs\bluepill_f103c8\src\unit_test.o
                0x080008d8                test_sin
 .text.test_cos
                0x08000a28      0x158 .pioenvs\bluepill_f103c8\src\unit_test.o
                0x08000a28                test_cos
 .text.test_tan
                0x08000b80      0x148 .pioenvs\bluepill_f103c8\src\unit_test.o
                0x08000b80                test_tan
 .text.test_atan2
                0x08000cc8      0x258 .pioenvs\bluepill_f103c8\src\unit_test.o
                0x08000cc8                test_atan2
 .text.test_atan
                0x08000f20       0xc4 .pioenvs\bluepill_f103c8\src\unit_test.o
                0x08000f20                test_atan
 *fill*         0x08000fe4        0x4 
 .text.test_asin
                0x08000fe8       0xa0 .pioenvs\bluepill_f103c8\src\unit_test.o
                0x08000fe8                test_asin
 .text.test_acos
                0x08001088      0x11c .pioenvs\bluepill_f103c8\src\unit_test.o
                0x08001088                test_acos
 *fill*         0x080011a4        0x4 
 .text.test_trunc
                0x080011a8       0xd8 .pioenvs\bluepill_f103c8\src\unit_test.o
                0x080011a8                test_trunc
 .text.test_floor
                0x08001280       0xd4 .pioenvs\bluepill_f103c8\src\unit_test.o
                0x08001280                test_floor
 *fill*         0x08001354        0x4 
 .text.test_ceil
                0x08001358       0xd4 .pioenvs\bluepill_f103c8\src\unit_test.o
                0x08001358                test_ceil
 *fill*         0x0800142c        0x4 
 .text.test_fmod
                0x08001430      0x1d0 .pioenvs\bluepill_f103c8\src\unit_test.o
                0x08001430                test_fmod
 .text.UnityPrintFloat
                0x08001600      0x344 .pioenvs\bluepill_f103c8\lib0e4\libunity.a(unity.o)
                0x08001600                UnityPrintFloat
 .text          0x08001944      0x124 asm/CortexContextSwitch.s.o
                0x08001944                swap_context
                0x080019c6                save_context
                0x08001a0a                save_register_context
                0x08001a3a                restore_register_context
 .text._Z10debug_dumpv
                0x08001a68       0x38 .pioenvs\bluepill_f103c8\src\main.o
                0x08001a68                debug_dump()
 .text.startup._GLOBAL__sub_I_serialPort
                0x08001aa0       0x10 .pioenvs\bluepill_f103c8\src\uart.o
 .text.test_aeabi_fdiv
                0x08001ab0       0x4c .pioenvs\bluepill_f103c8\src\unit_test.o
                0x08001ab0                test_aeabi_fdiv
 .text.test_nanofloat
                0x08001afc      0x204 .pioenvs\bluepill_f103c8\src\unit_test.o
                0x08001afc                test_nanofloat
 .text.enable_log
                0x08001d00       0x18 .pioenvs\bluepill_f103c8\lib931\liblogger.a(logger.o)
                0x08001d00                enable_log
 .text.debug_flush
                0x08001d18       0x38 .pioenvs\bluepill_f103c8\lib931\liblogger.a(logger.o)
                0x08001d18                debug_flush
 .text._ZL12debug_appendPKcj
                0x08001d50       0x50 .pioenvs\bluepill_f103c8\lib931\liblogger.a(logger.o)
 .text._Z11debug_printj
                0x08001da0       0x7c .pioenvs\bluepill_f103c8\lib931\liblogger.a(logger.o)
                0x08001da0                debug_print(unsigned int)
 .text._Z11debug_printi
                0x08001e1c       0x30 .pioenvs\bluepill_f103c8\lib931\liblogger.a(logger.o)
                0x08001e1c                debug_print(int)
 .text.debug_println
                0x08001e4c       0x1c .pioenvs\bluepill_f103c8\lib931\liblogger.a(logger.o)
                0x08001e4c                debug_println
 .text._Z13debug_printlni
                0x08001e68       0x18 .pioenvs\bluepill_f103c8\lib931\liblogger.a(logger.o)
                0x08001e68                debug_println(int)
 .text._Z13debug_printlnj
                0x08001e80       0x18 .pioenvs\bluepill_f103c8\lib931\liblogger.a(logger.o)
                0x08001e80                debug_println(unsigned int)
 .text.os_event_init
                0x08001e98        0xc .pioenvs\bluepill_f103c8\libd0a\libcocoOS_5.0.3.a(os_event.o)
                0x08001e98                os_event_init
 .text.os_init  0x08001ea4       0x34 .pioenvs\bluepill_f103c8\libd0a\libcocoOS_5.0.3.a(os_kernel.o)
                0x08001ea4                os_init
 .text.os_msgQ_init
                0x08001ed8       0x24 .pioenvs\bluepill_f103c8\libd0a\libcocoOS_5.0.3.a(os_msgqueue.o)
                0x08001ed8                os_msgQ_init
 .text.os_sem_init
                0x08001efc        0xc .pioenvs\bluepill_f103c8\libd0a\libcocoOS_5.0.3.a(os_sem.o)
                0x08001efc                os_sem_init
 .text.os_task_init
                0x08001f08       0x40 .pioenvs\bluepill_f103c8\libd0a\libcocoOS_5.0.3.a(os_task.o)
                0x08001f08                os_task_init
 .text.UnityTestResultsBegin
                0x08001f48       0x30 .pioenvs\bluepill_f103c8\lib0e4\libunity.a(unity.o)
 .text.UnityTestResultsFailBegin
                0x08001f78       0x24 .pioenvs\bluepill_f103c8\lib0e4\libunity.a(unity.o)
 .text.UnityAddMsgIfSpecified
                0x08001f9c       0x50 .pioenvs\bluepill_f103c8\lib0e4\libunity.a(unity.o)
 .text.UnityConcludeTest
                0x08001fec       0x44 .pioenvs\bluepill_f103c8\lib0e4\libunity.a(unity.o)
                0x08001fec                UnityConcludeTest
 .text.UnityAssertFloatsWithin
                0x08002030       0x58 .pioenvs\bluepill_f103c8\lib0e4\libunity.a(unity.o)
                0x08002030                UnityAssertFloatsWithin
 .text.UnityAssertDoublesWithin
                0x08002088       0x60 .pioenvs\bluepill_f103c8\lib0e4\libunity.a(unity.o)
                0x08002088                UnityAssertDoublesWithin
 .text.UnityDefaultTestRun
                0x080020e8       0x2c .pioenvs\bluepill_f103c8\lib0e4\libunity.a(unity.o)
                0x080020e8                UnityDefaultTestRun
 .text.UnityBegin
                0x08002114       0x20 .pioenvs\bluepill_f103c8\lib0e4\libunity.a(unity.o)
                0x08002114                UnityBegin
 .text.UnityEnd
                0x08002134       0x74 .pioenvs\bluepill_f103c8\lib0e4\libunity.a(unity.o)
                0x08002134                UnityEnd
 .text.get_float_usage
                0x080021a8        0xc .pioenvs\bluepill_f103c8\libc64\libnano-float.a(functions.o)
                0x080021a8                get_float_usage
 .text.__wrap___aeabi_ddiv
                0x080021b4       0x30 .pioenvs\bluepill_f103c8\libc64\libnano-float.a(functions.o)
                0x080021b4                __wrap___aeabi_ddiv
 .text.__wrap___aeabi_dmul
                0x080021e4       0x30 .pioenvs\bluepill_f103c8\libc64\libnano-float.a(functions.o)
                0x080021e4                __wrap___aeabi_dmul
 .text.__wrap___aeabi_fdiv
                0x08002214       0x10 .pioenvs\bluepill_f103c8\libc64\libnano-float.a(functions.o)
                0x08002214                __wrap___aeabi_fdiv
 .text.sqrt     0x08002224       0x1c .pioenvs\bluepill_f103c8\libc64\libnano-float.a(functions.o)
                0x08002224                sqrt
 .text.log      0x08002240       0x1c .pioenvs\bluepill_f103c8\libc64\libnano-float.a(functions.o)
                0x08002240                log
 .text.exp      0x0800225c       0x1c .pioenvs\bluepill_f103c8\libc64\libnano-float.a(functions.o)
                0x0800225c                exp
 .text.log10    0x08002278       0x28 .pioenvs\bluepill_f103c8\libc64\libnano-float.a(functions.o)
                0x08002278                log10
 .text.pow      0x080022a0       0x38 .pioenvs\bluepill_f103c8\libc64\libnano-float.a(functions.o)
                0x080022a0                pow
 .text.ldexp    0x080022d8       0x40 .pioenvs\bluepill_f103c8\libc64\libnano-float.a(functions.o)
                0x080022d8                ldexp
 .text.sin      0x08002318       0x1c .pioenvs\bluepill_f103c8\libc64\libnano-float.a(functions.o)
                0x08002318                sin
 .text.cos      0x08002334       0x1c .pioenvs\bluepill_f103c8\libc64\libnano-float.a(functions.o)
                0x08002334                cos
 .text.tan      0x08002350       0x1c .pioenvs\bluepill_f103c8\libc64\libnano-float.a(functions.o)
                0x08002350                tan
 .text.atan2    0x0800236c       0x30 .pioenvs\bluepill_f103c8\libc64\libnano-float.a(functions.o)
                0x0800236c                atan2
 .text.atan     0x0800239c       0xa4 .pioenvs\bluepill_f103c8\libc64\libnano-float.a(functions.o)
                0x0800239c                atan
 .text.asin     0x08002440       0x84 .pioenvs\bluepill_f103c8\libc64\libnano-float.a(functions.o)
                0x08002440                asin
 .text.acos     0x080024c4       0x94 .pioenvs\bluepill_f103c8\libc64\libnano-float.a(functions.o)
                0x080024c4                acos
 .text.trunc    0x08002558       0x78 .pioenvs\bluepill_f103c8\libc64\libnano-float.a(functions.o)
                0x08002558                trunc
 .text.floor    0x080025d0       0x8c .pioenvs\bluepill_f103c8\libc64\libnano-float.a(functions.o)
                0x080025d0                floor
 .text.ceil     0x0800265c       0x88 .pioenvs\bluepill_f103c8\libc64\libnano-float.a(functions.o)
                0x0800265c                ceil
 .text.fmod     0x080026e4      0x144 .pioenvs\bluepill_f103c8\libc64\libnano-float.a(functions.o)
                0x080026e4                fmod
 .text._ZN5codal3_cm3Pin14setAnalogValueEi
                0x08002828       0x1c .pioenvs\bluepill_f103c8\lib24c\libcm.a(CmPin.o)
                0x08002828                codal::_cm::Pin::setAnalogValue(int)
 .text._ZN5codal3_cm3Pin13setServoValueEiii
                0x08002844       0x2c .pioenvs\bluepill_f103c8\lib24c\libcm.a(CmPin.o)
                0x08002844                codal::_cm::Pin::setServoValue(int, int, int)
 .text._ZN5codal3_cm3Pin9isTouchedEv
                0x08002870        0x8 .pioenvs\bluepill_f103c8\lib24c\libcm.a(CmPin.o)
                0x08002870                codal::_cm::Pin::isTouched()
 .text._ZN5codal3_cm3Pin17getAnalogPeriodUsEv
                0x08002878        0x8 .pioenvs\bluepill_f103c8\lib24c\libcm.a(CmPin.o)
                0x08002878                codal::_cm::Pin::getAnalogPeriodUs()
 .text._ZN5codal3_cm3Pin15setDigitalValueEi
                0x08002880       0x80 .pioenvs\bluepill_f103c8\lib24c\libcm.a(CmPin.o)
                0x08002880                codal::_cm::Pin::setDigitalValue(int)
 .text._ZN5codal3_cm3PinC2EhmmtNS_13PinCapabilityE
                0x08002900       0x50 .pioenvs\bluepill_f103c8\lib24c\libcm.a(CmPin.o)
                0x08002900                codal::_cm::Pin::Pin(unsigned char, unsigned long, unsigned long, unsigned short, codal::PinCapability)
                0x08002900                codal::_cm::Pin::Pin(unsigned char, unsigned long, unsigned long, unsigned short, codal::PinCapability)
 .text._ZL10timer_tickv
                0x08002950       0x10 .pioenvs\bluepill_f103c8\lib24c\libcm.a(codal_target_hal.o)
 .text._Z25stm32bluepill_dmesg_flushv
                0x08002960       0x38 .pioenvs\bluepill_f103c8\lib24c\libcm.a(codal_target_hal.o)
                0x08002960                stm32bluepill_dmesg_flush()
 .text.target_set_tick_callback
                0x08002998        0xc .pioenvs\bluepill_f103c8\lib24c\libcm.a(codal_target_hal.o)
                0x08002998                target_set_tick_callback
 .text.target_init
                0x080029a4       0x34 .pioenvs\bluepill_f103c8\lib24c\libcm.a(codal_target_hal.o)
                0x080029a4                target_init
 .text.target_wait
                0x080029d8       0x24 .pioenvs\bluepill_f103c8\lib24c\libcm.a(codal_target_hal.o)
                0x080029d8                target_wait
 .text.target_panic
                0x080029fc       0x20 .pioenvs\bluepill_f103c8\lib24c\libcm.a(codal_target_hal.o)
                0x080029fc                target_panic
 .text.fiber_initial_stack_base
                0x08002a1c        0x8 .pioenvs\bluepill_f103c8\lib24c\libcm.a(codal_target_hal.o)
                0x08002a1c                fiber_initial_stack_base
 .text.test_codal
                0x08002a24       0x60 .pioenvs\bluepill_f103c8\lib24c\libcm.a(codal_target_hal.o)
                0x08002a24                test_codal
 .text.codal_dmesg_set_flush_fn
                0x08002a84        0xc .pioenvs\bluepill_f103c8\lib635\libcodal-core.a(CodalDmesg.o)
                0x08002a84                codal_dmesg_set_flush_fn
 .text.codal_dmesg_flush
                0x08002a90       0x10 .pioenvs\bluepill_f103c8\lib635\libcodal-core.a(CodalDmesg.o)
                0x08002a90                codal_dmesg_flush
 .text._ZN5codal10EventModel6listenEiiPFvNS_5EventEEt
                0x08002aa0       0x60 .pioenvs\bluepill_f103c8\lib635\libcodal-core.a(CodalFiber.o)
                0x08002aa0                codal::EventModel::listen(int, int, void (*)(codal::Event), unsigned short)
 .text._ZN5codal14scheduler_tickENS_5EventE
                0x08002b00       0x38 .pioenvs\bluepill_f103c8\lib635\libcodal-core.a(CodalFiber.o)
                0x08002b00                codal::scheduler_tick(codal::Event)
 .text._ZN5codal15scheduler_eventENS_5EventE
                0x08002b38       0xc0 .pioenvs\bluepill_f103c8\lib635\libcodal-core.a(CodalFiber.o)
                0x08002b38                codal::scheduler_event(codal::Event)
 .text._Z15getFiberContextv
                0x08002bf8       0x50 .pioenvs\bluepill_f103c8\lib635\libcodal-core.a(CodalFiber.o)
                0x08002bf8                getFiberContext()
 .text._ZL10handle_fobv
                0x08002c48       0x2c .pioenvs\bluepill_f103c8\lib635\libcodal-core.a(CodalFiber.o)
 .text._ZN5codal23fiber_scheduler_runningEv
                0x08002c74       0x10 .pioenvs\bluepill_f103c8\lib635\libcodal-core.a(CodalFiber.o)
                0x08002c74                codal::fiber_scheduler_running()
 .text._ZN5codal14scheduler_initERNS_10EventModelE
                0x08002c84       0xac .pioenvs\bluepill_f103c8\lib635\libcodal-core.a(CodalFiber.o)
                0x08002c84                codal::scheduler_init(codal::EventModel&)
 .text._ZN5codal19fiber_wake_on_eventEtt
                0x08002d30       0x5c .pioenvs\bluepill_f103c8\lib635\libcodal-core.a(CodalFiber.o)
                0x08002d30                codal::fiber_wake_on_event(unsigned short, unsigned short)
 .text._Z14__create_fibermmmi
                0x08002d8c       0x64 .pioenvs\bluepill_f103c8\lib635\libcodal-core.a(CodalFiber.o)
                0x08002d8c                __create_fiber(unsigned long, unsigned long, unsigned long, int)
 .text._ZN5codal17verify_stack_sizeEPNS_5FiberE
                0x08002df0       0x44 .pioenvs\bluepill_f103c8\lib635\libcodal-core.a(CodalFiber.o)
                0x08002df0                codal::verify_stack_size(codal::Fiber*)
 .text._ZN5codal24scheduler_runqueue_emptyEv
                0x08002e34       0x10 .pioenvs\bluepill_f103c8\lib635\libcodal-core.a(CodalFiber.o)
                0x08002e34                codal::scheduler_runqueue_empty()
 .text._ZN5codal4idleEv
                0x08002e44       0x3c .pioenvs\bluepill_f103c8\lib635\libcodal-core.a(CodalFiber.o)
                0x08002e44                codal::idle()
 .text._ZN5codal8scheduleEv
                0x08002e80      0x108 .pioenvs\bluepill_f103c8\lib635\libcodal-core.a(CodalFiber.o)
                0x08002e80                codal::schedule()
 .text._ZN5codal11fiber_sleepEm
                0x08002f88       0x3c .pioenvs\bluepill_f103c8\lib635\libcodal-core.a(CodalFiber.o)
                0x08002f88                codal::fiber_sleep(unsigned long)
 .text._ZN5codal13release_fiberEv
                0x08002fc4       0x6c .pioenvs\bluepill_f103c8\lib635\libcodal-core.a(CodalFiber.o)
                0x08002fc4                codal::release_fiber()
 .text._ZN5codal6invokeEPFvPvES0_
                0x08003030       0x80 .pioenvs\bluepill_f103c8\lib635\libcodal-core.a(CodalFiber.o)
                0x08003030                codal::invoke(void (*)(void*), void*)
 .text._Z18device_create_heapmm
                0x080030b0       0x3c .pioenvs\bluepill_f103c8\lib635\libcodal-core.a(CodalHeapAllocator.o)
                0x080030b0                device_create_heap(unsigned long, unsigned long)
 .text.device_malloc
                0x080030ec       0x48 .pioenvs\bluepill_f103c8\lib635\libcodal-core.a(CodalHeapAllocator.o)
                0x080030ec                device_malloc
                0x080030ec                malloc
 .text.device_free
                0x08003134       0x40 .pioenvs\bluepill_f103c8\lib635\libcodal-core.a(CodalHeapAllocator.o)
                0x08003134                free
                0x08003134                device_free
 .text._ZN5codal5TimerC2Ev
                0x08003174       0x34 .pioenvs\bluepill_f103c8\lib635\libcodal-core.a(Timer.o)
                0x08003174                codal::Timer::Timer()
                0x08003174                codal::Timer::Timer()
 .text._ZN5codal25system_timer_current_timeEv
                0x080031a8       0x10 .pioenvs\bluepill_f103c8\lib635\libcodal-core.a(Timer.o)
                0x080031a8                codal::system_timer_current_time()
 .text._ZN5codal27system_timer_event_every_usEmtt
                0x080031b8       0x24 .pioenvs\bluepill_f103c8\lib635\libcodal-core.a(Timer.o)
                0x080031b8                codal::system_timer_event_every_us(unsigned long, unsigned short, unsigned short)
 .text._ZN5codal5Event4fireEv
                0x080031dc       0x20 .pioenvs\bluepill_f103c8\lib635\libcodal-core.a(Event.o)
                0x080031dc                codal::Event::fire()
 .text._ZN5codal14CodalComponent4initEv
                0x080031fc        0x8 .pioenvs\bluepill_f103c8\libff7\libbluepill.a(STM32BluePill.o)
                0x080031fc                codal::CodalComponent::init()
 .text._ZN5codal14CodalComponentD2Ev
                0x08003204       0x18 .pioenvs\bluepill_f103c8\libff7\libbluepill.a(STM32BluePill.o)
                0x08003204                codal::CodalComponent::~CodalComponent()
                0x08003204                codal::CodalComponent::~CodalComponent()
 .text._ZN5codal13STM32BluePill4initEv
                0x0800321c       0x4c .pioenvs\bluepill_f103c8\libff7\libbluepill.a(STM32BluePill.o)
                0x0800321c                codal::STM32BluePill::init()
 .text._ZN5codal13STM32BluePillC2Ev
                0x08003268       0x98 .pioenvs\bluepill_f103c8\libff7\libbluepill.a(STM32BluePill.o)
                0x08003268                codal::STM32BluePill::STM32BluePill()
                0x08003268                codal::STM32BluePill::STM32BluePill()
 .text._ZN5codal13STM32BluePillD2Ev
                0x08003300       0x40 .pioenvs\bluepill_f103c8\libff7\libbluepill.a(STM32BluePill.o)
                0x08003300                codal::STM32BluePill::~STM32BluePill()
                0x08003300                codal::STM32BluePill::~STM32BluePill()
 .text._ZN5codal15STM32BluePillIOC2Ev
                0x08003340      0xaf0 .pioenvs\bluepill_f103c8\libff7\libbluepill.a(STM32BluePillIO.o)
                0x08003340                codal::STM32BluePillIO::STM32BluePillIO()
                0x08003340                codal::STM32BluePillIO::STM32BluePillIO()
 .text.platform_setup
                0x08003e30       0x4c .pioenvs\bluepill_f103c8\libff7\libbluepill.a(bluepill.o)
                0x08003e30                platform_setup
 .text.enable_debug
                0x08003e7c       0x10 .pioenvs\bluepill_f103c8\libff7\libbluepill.a(bluepill.o)
                0x08003e7c                enable_debug
 .text.led_setup
                0x08003e8c       0x20 .pioenvs\bluepill_f103c8\libff7\libbluepill.a(led.o)
                0x08003e8c                led_setup
 .text.led_on   0x08003eac       0x10 .pioenvs\bluepill_f103c8\libff7\libbluepill.a(led.o)
                0x08003eac                led_on
 .text.led_off  0x08003ebc       0x10 .pioenvs\bluepill_f103c8\libff7\libbluepill.a(led.o)
                0x08003ebc                led_off
 .text.led_wait
                0x08003ecc       0x10 .pioenvs\bluepill_f103c8\libff7\libbluepill.a(led.o)
                0x08003ecc                led_wait
 .text.platform_start_timer
                0x08003edc      0x100 .pioenvs\bluepill_f103c8\libff7\libbluepill.a(timer.o)
                0x08003edc                platform_start_timer
 .text.rtc_isr  0x08003fdc       0x40 .pioenvs\bluepill_f103c8\libff7\libbluepill.a(timer.o)
                0x08003fdc                rtc_isr
 .text.rtc_alarm_isr
                0x0800401c       0x20 .pioenvs\bluepill_f103c8\libff7\libbluepill.a(timer.o)
                0x0800401c                rtc_alarm_isr
 .text.platform_alarm_count
                0x0800403c        0xc .pioenvs\bluepill_f103c8\libff7\libbluepill.a(timer.o)
                0x0800403c                platform_alarm_count
 .text.usart2_isr
                0x08004048       0x50 .pioenvs\bluepill_f103c8\lib492\libuartint.a(uartint.o)
                0x08004048                usart2_isr
 .text.startup._GLOBAL__sub_I__ZN13UARTInterfaceC2Ejj
                0x08004098       0x10 .pioenvs\bluepill_f103c8\lib492\libuartint.a(uartint.o)
 .text          0x080040a8      0x378 c:/users/guppy/.platformio/packages/toolchain-gccarmnoneeabi/bin/../lib/gcc/arm-none-eabi/7.2.1/thumb/v7-m\libgcc.a(_arm_addsubdf3.o)
                0x080040a8                __aeabi_drsub
                0x080040b0                __aeabi_dsub
                0x080040b0                __subdf3
                0x080040b4                __aeabi_dadd
                0x080040b4                __adddf3
                0x0800432c                __floatunsidf
                0x0800432c                __aeabi_ui2d
                0x0800434c                __floatsidf
                0x0800434c                __aeabi_i2d
                0x08004370                __aeabi_f2d
                0x08004370                __extendsfdf2
                0x080043b4                __floatundidf
                0x080043b4                __aeabi_ul2d
                0x080043c4                __floatdidf
                0x080043c4                __aeabi_l2d
 .text          0x08004420      0x110 c:/users/guppy/.platformio/packages/toolchain-gccarmnoneeabi/bin/../lib/gcc/arm-none-eabi/7.2.1/thumb/v7-m\libgcc.a(_arm_cmpdf2.o)
                0x08004420                __gtdf2
                0x08004420                __gedf2
                0x08004428                __ltdf2
                0x08004428                __ledf2
                0x08004430                __nedf2
                0x08004430                __eqdf2
                0x08004430                __cmpdf2
                0x080044ac                __aeabi_cdrcmple
                0x080044bc                __aeabi_cdcmpeq
                0x080044bc                __aeabi_cdcmple
                0x080044cc                __aeabi_dcmpeq
                0x080044e0                __aeabi_dcmplt
                0x080044f4                __aeabi_dcmple
                0x08004508                __aeabi_dcmpge
                0x0800451c                __aeabi_dcmpgt
 .text          0x08004530       0x2c c:/users/guppy/.platformio/packages/toolchain-gccarmnoneeabi/bin/../lib/gcc/arm-none-eabi/7.2.1/thumb/v7-m\libgcc.a(_arm_unorddf2.o)
                0x08004530                __unorddf2
                0x08004530                __aeabi_dcmpun
 .text          0x0800455c       0x50 c:/users/guppy/.platformio/packages/toolchain-gccarmnoneeabi/bin/../lib/gcc/arm-none-eabi/7.2.1/thumb/v7-m\libgcc.a(_arm_fixdfsi.o)
                0x0800455c                __aeabi_d2iz
                0x0800455c                __fixdfsi
 .text          0x080045ac       0xa0 c:/users/guppy/.platformio/packages/toolchain-gccarmnoneeabi/bin/../lib/gcc/arm-none-eabi/7.2.1/thumb/v7-m\libgcc.a(_arm_truncdfsf2.o)
                0x080045ac                __truncdfsf2
                0x080045ac                __aeabi_d2f
 .text          0x0800464c      0x21c c:/users/guppy/.platformio/packages/toolchain-gccarmnoneeabi/bin/../lib/gcc/arm-none-eabi/7.2.1/thumb/v7-m\libgcc.a(_arm_addsubsf3.o)
                0x0800464c                __aeabi_frsub
                0x08004654                __subsf3
                0x08004654                __aeabi_fsub
                0x08004658                __aeabi_fadd
                0x08004658                __addsf3
                0x080047b8                __aeabi_ui2f
                0x080047b8                __floatunsisf
                0x080047c0                __aeabi_i2f
                0x080047c0                __floatsisf
                0x080047dc                __aeabi_ul2f
                0x080047dc                __floatundisf
                0x080047ec                __aeabi_l2f
                0x080047ec                __floatdisf
 .text          0x08004868       0xec c:/users/guppy/.platformio/packages/toolchain-gccarmnoneeabi/bin/../lib/gcc/arm-none-eabi/7.2.1/thumb/v7-m\libgcc.a(_arm_cmpsf2.o)
                0x08004868                __gesf2
                0x08004868                __gtsf2
                0x08004870                __lesf2
                0x08004870                __ltsf2
                0x08004878                __nesf2
                0x08004878                __eqsf2
                0x08004878                __cmpsf2
                0x080048d8                __aeabi_cfrcmple
                0x080048e0                __aeabi_cfcmpeq
                0x080048e0                __aeabi_cfcmple
                0x080048f0                __aeabi_fcmpeq
                0x08004904                __aeabi_fcmplt
                0x08004918                __aeabi_fcmple
                0x0800492c                __aeabi_fcmpge
                0x08004940                __aeabi_fcmpgt
 .text.rcc_osc_on.part.0
                0x08004954       0x10 .pioenvs\bluepill_f103c8\libFrameworkLibOpenCM3.a(rcc.o)
 .text.rcc_wait_for_osc_ready
                0x08004964       0x64 .pioenvs\bluepill_f103c8\libFrameworkLibOpenCM3.a(rcc.o)
                0x08004964                rcc_wait_for_osc_ready
 .text.rcc_osc_on
                0x080049c8       0x54 .pioenvs\bluepill_f103c8\libFrameworkLibOpenCM3.a(rcc.o)
                0x080049c8                rcc_osc_on
 .text.rcc_set_sysclk_source
                0x08004a1c       0x14 .pioenvs\bluepill_f103c8\libFrameworkLibOpenCM3.a(rcc.o)
                0x08004a1c                rcc_set_sysclk_source
 .text.rcc_set_pll_multiplication_factor
                0x08004a30       0x14 .pioenvs\bluepill_f103c8\libFrameworkLibOpenCM3.a(rcc.o)
                0x08004a30                rcc_set_pll_multiplication_factor
 .text.rcc_set_pll_source
                0x08004a44       0x14 .pioenvs\bluepill_f103c8\libFrameworkLibOpenCM3.a(rcc.o)
                0x08004a44                rcc_set_pll_source
 .text.rcc_set_pllxtpre
                0x08004a58       0x14 .pioenvs\bluepill_f103c8\libFrameworkLibOpenCM3.a(rcc.o)
                0x08004a58                rcc_set_pllxtpre
 .text.rcc_enable_rtc_clock
                0x08004a6c       0x10 .pioenvs\bluepill_f103c8\libFrameworkLibOpenCM3.a(rcc.o)
                0x08004a6c                rcc_enable_rtc_clock
 .text.rcc_set_rtc_clock_source
                0x08004a7c       0x90 .pioenvs\bluepill_f103c8\libFrameworkLibOpenCM3.a(rcc.o)
                0x08004a7c                rcc_set_rtc_clock_source
 .text.rcc_set_adcpre
                0x08004b0c       0x14 .pioenvs\bluepill_f103c8\libFrameworkLibOpenCM3.a(rcc.o)
                0x08004b0c                rcc_set_adcpre
 .text.rcc_set_ppre2
                0x08004b20       0x14 .pioenvs\bluepill_f103c8\libFrameworkLibOpenCM3.a(rcc.o)
                0x08004b20                rcc_set_ppre2
 .text.rcc_set_ppre1
                0x08004b34       0x14 .pioenvs\bluepill_f103c8\libFrameworkLibOpenCM3.a(rcc.o)
                0x08004b34                rcc_set_ppre1
 .text.rcc_set_hpre
                0x08004b48       0x14 .pioenvs\bluepill_f103c8\libFrameworkLibOpenCM3.a(rcc.o)
                0x08004b48                rcc_set_hpre
 .text.rcc_clock_setup_in_hse_8mhz_out_72mhz
                0x08004b5c       0x8c .pioenvs\bluepill_f103c8\libFrameworkLibOpenCM3.a(rcc.o)
                0x08004b5c                rcc_clock_setup_in_hse_8mhz_out_72mhz
 .text.rtc_enter_config_mode
                0x08004be8       0x18 .pioenvs\bluepill_f103c8\libFrameworkLibOpenCM3.a(rtc.o)
                0x08004be8                rtc_enter_config_mode
 .text.rtc_exit_config_mode
                0x08004c00       0x18 .pioenvs\bluepill_f103c8\libFrameworkLibOpenCM3.a(rtc.o)
                0x08004c00                rtc_exit_config_mode
 .text.rtc_set_alarm_time
                0x08004c18       0x20 .pioenvs\bluepill_f103c8\libFrameworkLibOpenCM3.a(rtc.o)
                0x08004c18                rtc_set_alarm_time
 .text.rtc_set_prescale_val
                0x08004c38       0x20 .pioenvs\bluepill_f103c8\libFrameworkLibOpenCM3.a(rtc.o)
                0x08004c38                rtc_set_prescale_val
 .text.rtc_get_counter_val
                0x08004c58       0x14 .pioenvs\bluepill_f103c8\libFrameworkLibOpenCM3.a(rtc.o)
                0x08004c58                rtc_get_counter_val
 .text.rtc_set_counter_val
                0x08004c6c       0x1c .pioenvs\bluepill_f103c8\libFrameworkLibOpenCM3.a(rtc.o)
                0x08004c6c                rtc_set_counter_val
 .text.rtc_interrupt_enable
                0x08004c88       0x3c .pioenvs\bluepill_f103c8\libFrameworkLibOpenCM3.a(rtc.o)
                0x08004c88                rtc_interrupt_enable
 .text.rtc_interrupt_disable
                0x08004cc4       0x3c .pioenvs\bluepill_f103c8\libFrameworkLibOpenCM3.a(rtc.o)
                0x08004cc4                rtc_interrupt_disable
 .text.rtc_clear_flag
                0x08004d00       0x30 .pioenvs\bluepill_f103c8\libFrameworkLibOpenCM3.a(rtc.o)
                0x08004d00                rtc_clear_flag
 .text.rtc_check_flag
                0x08004d30       0x30 .pioenvs\bluepill_f103c8\libFrameworkLibOpenCM3.a(rtc.o)
                0x08004d30                rtc_check_flag
 .text.pwr_disable_backup_domain_write_protect
                0x08004d60       0x10 .pioenvs\bluepill_f103c8\libFrameworkLibOpenCM3.a(pwr_common_all.o)
                0x08004d60                pwr_disable_backup_domain_write_protect
 .text.exti_set_trigger
                0x08004d70       0x3c .pioenvs\bluepill_f103c8\libFrameworkLibOpenCM3.a(exti_common_all.o)
                0x08004d70                exti_set_trigger
 .text.exti_enable_request
                0x08004dac       0x14 .pioenvs\bluepill_f103c8\libFrameworkLibOpenCM3.a(exti_common_all.o)
                0x08004dac                exti_enable_request
 .text.exti_reset_request
                0x08004dc0        0xc .pioenvs\bluepill_f103c8\libFrameworkLibOpenCM3.a(exti_common_all.o)
                0x08004dc0                exti_reset_request
 .text.flash_set_ws
                0x08004dcc       0x14 .pioenvs\bluepill_f103c8\libFrameworkLibOpenCM3.a(flash_common_f01.o)
                0x08004dcc                flash_set_ws
 .text.reset_handler
                0x08004de0       0x90 .pioenvs\bluepill_f103c8\libFrameworkLibOpenCM3.a(vector.o)
                0x08004de0                reset_handler
 .text          0x08004e70      0x4c8 .pioenvs\bluepill_f103c8\lib46d\libqfplib.a(qfplib.o)
                0x08004f38                qfp_fsub
                0x08004f3e                qfp_fadd
                0x08004f80                qfp_fcmp
                0x08004f9c                qfp_fmul
                0x08004fac                qfp_fdiv
                0x08004fee                qfp_fdiv_fast
                0x0800503e                qfp_fsqrt_fast
                0x080050b4                qfp_float2int
                0x080050b6                qfp_float2fix
                0x080050de                qfp_float2uint
                0x080050e0                qfp_float2ufix
                0x080050fa                qfp_int2float
                0x080050fc                qfp_fix2float
                0x08005106                qfp_uint2float
                0x08005108                qfp_ufix2float
                0x0800519e                qfp_fsin
                0x080051e0                qfp_fcos
                0x080051ea                qfp_ftan
                0x080051f2                qfp_fexp
                0x08005222                qfp_fsqrt
                0x0800525c                qfp_fln
                0x08005280                qfp_fatan2
 .text._ZN5codal3_cm3I2CC2ERNS_3PinES3_
                0x08005338       0x1c .pioenvs\bluepill_f103c8\lib24c\libcm.a(CmI2C.o)
                0x08005338                codal::_cm::I2C::I2C(codal::Pin&, codal::Pin&)
                0x08005338                codal::_cm::I2C::I2C(codal::Pin&, codal::Pin&)
 .text._ZN5codal3_cm3SPI4initEv
                0x08005354       0x5c .pioenvs\bluepill_f103c8\lib24c\libcm.a(CmSPI.o)
                0x08005354                codal::_cm::SPI::init()
 .text._ZN5codal3_cm3SPIC2ERNS0_3PinES3_S3_S3_
                0x080053b0       0x9c .pioenvs\bluepill_f103c8\lib24c\libcm.a(CmSPI.o)
                0x080053b0                codal::_cm::SPI::SPI(codal::_cm::Pin&, codal::_cm::Pin&, codal::_cm::Pin&, codal::_cm::Pin&)
                0x080053b0                codal::_cm::SPI::SPI(codal::_cm::Pin&, codal::_cm::Pin&, codal::_cm::Pin&, codal::_cm::Pin&)
 .text._ZN5codal3_cm6SerialD2Ev
                0x0800544c       0x14 .pioenvs\bluepill_f103c8\lib24c\libcm.a(CmSerial.o)
                0x0800544c                codal::_cm::Serial::~Serial()
                0x0800544c                codal::_cm::Serial::~Serial()
 .text._ZN5codal3_cm6SerialC2ERNS0_3PinES3_hh
                0x08005460       0x4c .pioenvs\bluepill_f103c8\lib24c\libcm.a(CmSerial.o)
                0x08005460                codal::_cm::Serial::Serial(codal::_cm::Pin&, codal::_cm::Pin&, unsigned char, unsigned char)
                0x08005460                codal::_cm::Serial::Serial(codal::_cm::Pin&, codal::_cm::Pin&, unsigned char, unsigned char)
 .text._ZN5codal3_cm13tick_callbackEv
                0x080054ac       0x10 .pioenvs\bluepill_f103c8\lib24c\libcm.a(CmTimer.o)
                0x080054ac                codal::_cm::tick_callback()
 .text._ZN5codal3_cm5Timer4initEv
                0x080054bc       0x18 .pioenvs\bluepill_f103c8\lib24c\libcm.a(CmTimer.o)
                0x080054bc                codal::_cm::Timer::init()
 .text._ZN5codal3_cm5TimerC2Ev
                0x080054d4       0x28 .pioenvs\bluepill_f103c8\lib24c\libcm.a(CmTimer.o)
                0x080054d4                codal::_cm::Timer::Timer()
                0x080054d4                codal::_cm::Timer::Timer()
 .text.pinmap_peripheral
                0x080054fc       0x30 .pioenvs\bluepill_f103c8\lib24c\libcm.a(CmPinMap.o)
                0x080054fc                pinmap_peripheral
 .text.pinmap_mode
                0x0800552c       0x2c .pioenvs\bluepill_f103c8\lib24c\libcm.a(CmPinMap.o)
                0x0800552c                pinmap_mode
 .text.pinmap_cnf
                0x08005558       0x2c .pioenvs\bluepill_f103c8\lib24c\libcm.a(CmPinMap.o)
                0x08005558                pinmap_cnf
 .text._Z18component_callbackN5codal5EventE
                0x08005584       0x58 .pioenvs\bluepill_f103c8\lib635\libcodal-core.a(CodalComponent.o)
                0x08005584                component_callback(codal::Event)
 .text._ZN5codal14CodalComponent12addComponentEv
                0x080055dc       0x70 .pioenvs\bluepill_f103c8\lib635\libcodal-core.a(CodalComponent.o)
                0x080055dc                codal::CodalComponent::addComponent()
 .text._ZN5codal14CodalComponent15removeComponentEv
                0x0800564c       0x20 .pioenvs\bluepill_f103c8\lib635\libcodal-core.a(CodalComponent.o)
                0x0800564c                codal::CodalComponent::removeComponent()
 .text._ZN5codal3I2CC2ERNS_3PinES2_
                0x0800566c        0xc .pioenvs\bluepill_f103c8\lib635\libcodal-core.a(I2C.o)
                0x0800566c                codal::I2C::I2C(codal::Pin&, codal::Pin&)
                0x0800566c                codal::I2C::I2C(codal::Pin&, codal::Pin&)
 .text._ZN5codal6SerialC2ERNS_3PinES2_hht
                0x08005678       0x5c .pioenvs\bluepill_f103c8\lib635\libcodal-core.a(Serial.o)
                0x08005678                codal::Serial::Serial(codal::Pin&, codal::Pin&, unsigned char, unsigned char, unsigned short)
                0x08005678                codal::Serial::Serial(codal::Pin&, codal::Pin&, unsigned char, unsigned char, unsigned short)
 .text._ZN5codal6SerialD2Ev
                0x080056d4       0x1c .pioenvs\bluepill_f103c8\lib635\libcodal-core.a(Serial.o)
                0x080056d4                codal::Serial::~Serial()
                0x080056d4                codal::Serial::~Serial()
 .text._ZN5codal10EventModel4sendENS_5EventE
                0x080056f0       0x14 .pioenvs\bluepill_f103c8\lib635\libcodal-core.a(MessageBus.o)
                0x080056f0                codal::EventModel::send(codal::Event)
 .text._ZN5codal10EventModel3addEPNS_8ListenerE
                0x08005704        0x8 .pioenvs\bluepill_f103c8\lib635\libcodal-core.a(MessageBus.o)
                0x08005704                codal::EventModel::add(codal::Listener*)
 .text._ZN5codal10EventModel6removeEPNS_8ListenerE
                0x0800570c        0x8 .pioenvs\bluepill_f103c8\lib635\libcodal-core.a(MessageBus.o)
                0x0800570c                codal::EventModel::remove(codal::Listener*)
 .text._ZN5codal10MessageBus6removeEPNS_8ListenerE
                0x08005714       0x70 .pioenvs\bluepill_f103c8\lib635\libcodal-core.a(MessageBus.o)
                0x08005714                codal::MessageBus::remove(codal::Listener*)
 .text._ZN5codal10MessageBus3addEPNS_8ListenerE
                0x08005784       0xbc .pioenvs\bluepill_f103c8\lib635\libcodal-core.a(MessageBus.o)
                0x08005784                codal::MessageBus::add(codal::Listener*)
 .text._ZN5codal10MessageBusD2Ev
                0x08005840       0x78 .pioenvs\bluepill_f103c8\lib635\libcodal-core.a(MessageBus.o)
                0x08005840                codal::MessageBus::~MessageBus()
                0x08005840                codal::MessageBus::~MessageBus()
 .text._ZN5codal10MessageBusC2Ev
                0x080058b8       0xa8 .pioenvs\bluepill_f103c8\lib635\libcodal-core.a(MessageBus.o)
                0x080058b8                codal::MessageBus::MessageBus()
                0x080058b8                codal::MessageBus::MessageBus()
 .text._ZN5codal10MessageBus7processERNS_5EventEb
                0x08005960       0x84 .pioenvs\bluepill_f103c8\lib635\libcodal-core.a(MessageBus.o)
                0x08005960                codal::MessageBus::process(codal::Event&, bool)
 .text._ZN5codal19allocateNotifyEventEv
                0x080059e4       0x10 .pioenvs\bluepill_f103c8\lib635\libcodal-core.a(MessageBus.o)
                0x080059e4                codal::allocateNotifyEvent()
 .text._ZN5codal13ManagedStringC2EPKcs
                0x080059f4       0x34 .pioenvs\bluepill_f103c8\lib635\libcodal-core.a(ManagedString.o)
                0x080059f4                codal::ManagedString::ManagedString(char const*, short)
                0x080059f4                codal::ManagedString::ManagedString(char const*, short)
 .text._ZN5codal13ManagedStringC2Ev
                0x08005a28        0xc .pioenvs\bluepill_f103c8\lib635\libcodal-core.a(ManagedString.o)
                0x08005a28                codal::ManagedString::ManagedString()
                0x08005a28                codal::ManagedString::ManagedString()
 .text.startup._GLOBAL__sub_I__ZN5codal13ManagedString9initEmptyEv
                0x08005a34       0x2c .pioenvs\bluepill_f103c8\lib635\libcodal-core.a(ManagedString.o)
 .text._Z10Blink_mainRN5codal13STM32BluePillE
                0x08005a60       0x30 .pioenvs\bluepill_f103c8\src\main.o
                0x08005a60                Blink_main(codal::STM32BluePill&)
 .text.startup.main
                0x08005a90       0x26 .pioenvs\bluepill_f103c8\src\main.o
                0x08005a90                main
 .text.unity_output_char
                0x08005ab6        0x6 .pioenvs\bluepill_f103c8\src\unit_test.o
                0x08005ab6                unity_output_char
 .text.debug_write
                0x08005abc       0x16 .pioenvs\bluepill_f103c8\lib931\liblogger.a(logger.o)
                0x08005abc                debug_write
 .text.debug_print
                0x08005ad2       0x1a .pioenvs\bluepill_f103c8\lib931\liblogger.a(logger.o)
                0x08005ad2                debug_print
 .text.debug_printhex
                0x08005aec       0x42 .pioenvs\bluepill_f103c8\lib931\liblogger.a(logger.o)
                0x08005aec                debug_printhex
 .text.strlen   0x08005b2e       0x10 .pioenvs\bluepill_f103c8\liba13\libnewlib.a(strlen.o)
                0x08005b2e                strlen
 .text.strncat  0x08005b3e       0x28 .pioenvs\bluepill_f103c8\liba13\libnewlib.a(strncat.o)
                0x08005b3e                strncat
 .text.UnityFloatsWithin
                0x08005b66       0xe4 .pioenvs\bluepill_f103c8\lib0e4\libunity.a(unity.o)
 .text.UnityDoublesWithin
                0x08005c4a      0x11c .pioenvs\bluepill_f103c8\lib0e4\libunity.a(unity.o)
 .text.setUp    0x08005d66        0x2 .pioenvs\bluepill_f103c8\lib0e4\libunity.a(unity.o)
                0x08005d66                setUp
 .text.tearDown
                0x08005d68        0x2 .pioenvs\bluepill_f103c8\lib0e4\libunity.a(unity.o)
                0x08005d68                tearDown
 .text.UnityPrintNumberUnsigned
                0x08005d6a       0x34 .pioenvs\bluepill_f103c8\lib0e4\libunity.a(unity.o)
                0x08005d6a                UnityPrintNumberUnsigned
 .text.UnityPrintNumber
                0x08005d9e       0x18 .pioenvs\bluepill_f103c8\lib0e4\libunity.a(unity.o)
                0x08005d9e                UnityPrintNumber
 .text.UnityPrintNumberHex
                0x08005db6       0x2e .pioenvs\bluepill_f103c8\lib0e4\libunity.a(unity.o)
                0x08005db6                UnityPrintNumberHex
 .text.UnityPrint.part.0
                0x08005de4       0x4c .pioenvs\bluepill_f103c8\lib0e4\libunity.a(unity.o)
 .text.UnityPrint
                0x08005e30        0x8 .pioenvs\bluepill_f103c8\lib0e4\libunity.a(unity.o)
                0x08005e30                UnityPrint
 .text._ZN5codal3Pin15setServoPulseUsEm
                0x08005e38        0x6 .pioenvs\bluepill_f103c8\lib24c\libcm.a(CmPin.o)
                0x08005e38                codal::Pin::setServoPulseUs(unsigned long)
 .text._ZN5codal3Pin17setAnalogPeriodUsEm
                0x08005e3e        0x6 .pioenvs\bluepill_f103c8\lib24c\libcm.a(CmPin.o)
                0x08005e3e                codal::Pin::setAnalogPeriodUs(unsigned long)
 .text._ZN5codal3Pin8drainPinEv
                0x08005e44        0x6 .pioenvs\bluepill_f103c8\lib24c\libcm.a(CmPin.o)
                0x08005e44                codal::Pin::drainPin()
 .text._ZN5codal3_cm3Pin15getDigitalValueEv
                0x08005e4a        0x4 .pioenvs\bluepill_f103c8\lib24c\libcm.a(CmPin.o)
                0x08005e4a                codal::_cm::Pin::getDigitalValue()
 .text._ZN5codal3_cm3Pin15getDigitalValueENS_8PullModeE
                0x08005e4e       0x16 .pioenvs\bluepill_f103c8\lib24c\libcm.a(CmPin.o)
                0x08005e4e                codal::_cm::Pin::getDigitalValue(codal::PullMode)
 .text._ZN5codal3_cm3Pin14getAnalogValueEv
                0x08005e64        0x4 .pioenvs\bluepill_f103c8\lib24c\libcm.a(CmPin.o)
                0x08005e64                codal::_cm::Pin::getAnalogValue()
 .text._ZN5codal3_cm3Pin7isInputEv
                0x08005e68        0xe .pioenvs\bluepill_f103c8\lib24c\libcm.a(CmPin.o)
                0x08005e68                codal::_cm::Pin::isInput()
 .text._ZN5codal3_cm3Pin8isOutputEv
                0x08005e76        0xe .pioenvs\bluepill_f103c8\lib24c\libcm.a(CmPin.o)
                0x08005e76                codal::_cm::Pin::isOutput()
 .text._ZN5codal3_cm3Pin9isDigitalEv
                0x08005e84        0xc .pioenvs\bluepill_f103c8\lib24c\libcm.a(CmPin.o)
                0x08005e84                codal::_cm::Pin::isDigital()
 .text._ZN5codal3_cm3Pin8isAnalogEv
                0x08005e90        0xe .pioenvs\bluepill_f103c8\lib24c\libcm.a(CmPin.o)
                0x08005e90                codal::_cm::Pin::isAnalog()
 .text._ZN5codal3_cm3Pin15getAnalogPeriodEv
                0x08005e9e       0x12 .pioenvs\bluepill_f103c8\lib24c\libcm.a(CmPin.o)
                0x08005e9e                codal::_cm::Pin::getAnalogPeriod()
 .text._ZN5codal3_cm3Pin7setPullENS_8PullModeE
                0x08005eb0        0x6 .pioenvs\bluepill_f103c8\lib24c\libcm.a(CmPin.o)
                0x08005eb0                codal::_cm::Pin::setPull(codal::PullMode)
 .text._ZN5codal3_cm3Pin5setupEhh
                0x08005eb6       0x1e .pioenvs\bluepill_f103c8\lib24c\libcm.a(CmPin.o)
                0x08005eb6                codal::_cm::Pin::setup(unsigned char, unsigned char)
 .text._ZN5codal3_cm3Pin17setAnalogPeriodUsEi
                0x08005ed4       0x12 .pioenvs\bluepill_f103c8\lib24c\libcm.a(CmPin.o)
                0x08005ed4                codal::_cm::Pin::setAnalogPeriodUs(int)
 .text._ZN5codal3_cm3Pin15setAnalogPeriodEi
                0x08005ee6        0xa .pioenvs\bluepill_f103c8\lib24c\libcm.a(CmPin.o)
                0x08005ee6                codal::_cm::Pin::setAnalogPeriod(int)
 .text._ZN5codal3_cm3Pin13disableEventsEv
                0x08005ef0       0x10 .pioenvs\bluepill_f103c8\lib24c\libcm.a(CmPin.o)
                0x08005ef0                codal::_cm::Pin::disableEvents()
 .text._ZN5codal3_cm3Pin7eventOnEi
                0x08005f00       0x26 .pioenvs\bluepill_f103c8\lib24c\libcm.a(CmPin.o)
                0x08005f00                codal::_cm::Pin::eventOn(int)
 .text.target_enable_debug
                0x08005f26        0x4 .pioenvs\bluepill_f103c8\lib24c\libcm.a(codal_target_hal.o)
                0x08005f26                target_enable_debug
 .text.target_enable_irq
                0x08005f2a        0x4 .pioenvs\bluepill_f103c8\lib24c\libcm.a(codal_target_hal.o)
                0x08005f2a                target_enable_irq
 .text.target_disable_irq
                0x08005f2e        0x4 .pioenvs\bluepill_f103c8\lib24c\libcm.a(codal_target_hal.o)
                0x08005f2e                target_disable_irq
 .text.target_wait_for_event
                0x08005f32        0xa .pioenvs\bluepill_f103c8\lib24c\libcm.a(codal_target_hal.o)
                0x08005f32                target_wait_for_event
 .text.tcb_allocate
                0x08005f3c        0x6 .pioenvs\bluepill_f103c8\lib24c\libcm.a(codal_target_hal.o)
                0x08005f3c                tcb_allocate
 .text.tcb_configure_lr
                0x08005f42        0x4 .pioenvs\bluepill_f103c8\lib24c\libcm.a(codal_target_hal.o)
                0x08005f42                tcb_configure_lr
 .text.tcb_configure_sp
                0x08005f46        0x4 .pioenvs\bluepill_f103c8\lib24c\libcm.a(codal_target_hal.o)
                0x08005f46                tcb_configure_sp
 .text.tcb_configure_stack_base
                0x08005f4a        0x4 .pioenvs\bluepill_f103c8\lib24c\libcm.a(codal_target_hal.o)
                0x08005f4a                tcb_configure_stack_base
 .text.tcb_get_stack_base
                0x08005f4e        0x4 .pioenvs\bluepill_f103c8\lib24c\libcm.a(codal_target_hal.o)
                0x08005f4e                tcb_get_stack_base
 .text.get_current_sp
                0x08005f52        0x4 .pioenvs\bluepill_f103c8\lib24c\libcm.a(codal_target_hal.o)
                0x08005f52                get_current_sp
 .text.tcb_get_sp
                0x08005f56        0x4 .pioenvs\bluepill_f103c8\lib24c\libcm.a(codal_target_hal.o)
                0x08005f56                tcb_get_sp
 .text.tcb_configure_args
                0x08005f5a        0x8 .pioenvs\bluepill_f103c8\lib24c\libcm.a(codal_target_hal.o)
                0x08005f5a                tcb_configure_args
 .text._fini    0x08005f62        0x2 .pioenvs\bluepill_f103c8\lib24c\libcm.a(codal_target_hal.o)
                0x08005f62                _fini
 .text.__aeabi_atexit
                0x08005f64        0x4 .pioenvs\bluepill_f103c8\lib24c\libcm.a(codal_target_hal.o)
                0x08005f64                __aeabi_atexit
 .text._ZN5codal14string_reverseEPc
                0x08005f68       0x2a .pioenvs\bluepill_f103c8\lib635\libcodal-core.a(CodalCompat.o)
                0x08005f68                codal::string_reverse(char*)
 .text._ZN5codal4itoaEiPc
                0x08005f92       0x50 .pioenvs\bluepill_f103c8\lib635\libcodal-core.a(CodalCompat.o)
                0x08005f92                codal::itoa(int, char*)
 .text._ZN5codal11queue_fiberEPNS_5FiberEPS1_
                0x08005fe2       0x2e .pioenvs\bluepill_f103c8\lib635\libcodal-core.a(CodalFiber.o)
                0x08005fe2                codal::queue_fiber(codal::Fiber*, codal::Fiber**)
 .text._ZN5codal13dequeue_fiberEPNS_5FiberE
                0x08006010       0x34 .pioenvs\bluepill_f103c8\lib635\libcodal-core.a(CodalFiber.o)
                0x08006010                codal::dequeue_fiber(codal::Fiber*)
 .text._ZN5codal12create_fiberEPFvPvES0_S2_
                0x08006044       0x1e .pioenvs\bluepill_f103c8\lib635\libcodal-core.a(CodalFiber.o)
                0x08006044                codal::create_fiber(void (*)(void*), void*, void (*)(void*))
 .text._ZN5codal20fiber_wait_for_eventEtt
                0x08006062       0x12 .pioenvs\bluepill_f103c8\lib635\libcodal-core.a(CodalFiber.o)
                0x08006062                codal::fiber_wait_for_event(unsigned short, unsigned short)
 .text._ZN5codal16launch_new_fiberEPFvvES1_
                0x08006074       0x10 .pioenvs\bluepill_f103c8\lib635\libcodal-core.a(CodalFiber.o)
                0x08006074                codal::launch_new_fiber(void (*)(), void (*)())
 .text._ZN5codal13release_fiberEPv
                0x08006084       0x12 .pioenvs\bluepill_f103c8\lib635\libcodal-core.a(CodalFiber.o)
                0x08006084                codal::release_fiber(void*)
 .text._ZN5codal22launch_new_fiber_paramEPFvPvES2_S0_
                0x08006096       0x1a .pioenvs\bluepill_f103c8\lib635\libcodal-core.a(CodalFiber.o)
                0x08006096                codal::launch_new_fiber_param(void (*)(void*), void (*)(void*), void*)
 .text._ZN5codal9idle_taskEv
                0x080060b0        0xc .pioenvs\bluepill_f103c8\lib635\libcodal-core.a(CodalFiber.o)
                0x080060b0                codal::idle_task()
 .text._Z16device_malloc_injR14HeapDefinition
                0x080060bc       0x84 .pioenvs\bluepill_f103c8\lib635\libcodal-core.a(CodalHeapAllocator.o)
                0x080060bc                device_malloc_in(unsigned int, HeapDefinition&)
 .text._ZN5codal8ListenerC2EttPFvNS_5EventEEt
                0x08006140       0x28 .pioenvs\bluepill_f103c8\lib635\libcodal-core.a(CodalListener.o)
                0x08006140                codal::Listener::Listener(unsigned short, unsigned short, void (*)(codal::Event), unsigned short)
                0x08006140                codal::Listener::Listener(unsigned short, unsigned short, void (*)(codal::Event), unsigned short)
 .text._ZN5codal8ListenerD2Ev
                0x08006168       0x14 .pioenvs\bluepill_f103c8\lib635\libcodal-core.a(CodalListener.o)
                0x08006168                codal::Listener::~Listener()
                0x08006168                codal::Listener::~Listener()
 .text._ZN5codal8Listener5queueENS_5EventE
                0x0800617c       0x5c .pioenvs\bluepill_f103c8\lib635\libcodal-core.a(CodalListener.o)
                0x0800617c                codal::Listener::queue(codal::Event)
 .text._ZN5codal5Timer17disableInterruptsEv
                0x080061d8        0xa .pioenvs\bluepill_f103c8\lib635\libcodal-core.a(Timer.o)
                0x080061d8                codal::Timer::disableInterrupts()
 .text._ZN5codal5Timer16enableInterruptsEv
                0x080061e2        0xa .pioenvs\bluepill_f103c8\lib635\libcodal-core.a(Timer.o)
                0x080061e2                codal::Timer::enableInterrupts()
 .text._ZN5codal5Timer13getTimerEventEv
                0x080061ec       0x22 .pioenvs\bluepill_f103c8\lib635\libcodal-core.a(Timer.o)
                0x080061ec                codal::Timer::getTimerEvent()
 .text._ZN5codal5Timer17releaseTimerEventEPNS_10TimerEventE
                0x0800620e        0xe .pioenvs\bluepill_f103c8\lib635\libcodal-core.a(Timer.o)
                0x0800620e                codal::Timer::releaseTimerEvent(codal::TimerEvent*)
 .text._ZN5codal5Timer7getTimeEv
                0x0800621c        0xe .pioenvs\bluepill_f103c8\lib635\libcodal-core.a(Timer.o)
                0x0800621c                codal::Timer::getTime()
 .text._ZN5codal5Timer9getTimeUsEv
                0x0800622a        0xe .pioenvs\bluepill_f103c8\lib635\libcodal-core.a(Timer.o)
                0x0800622a                codal::Timer::getTimeUs()
 .text._ZN5codal5Timer8setEventEmttb
                0x08006238       0x66 .pioenvs\bluepill_f103c8\lib635\libcodal-core.a(Timer.o)
                0x08006238                codal::Timer::setEvent(unsigned long, unsigned short, unsigned short, bool)
 .text._ZN5codal5Timer12eventEveryUsEmtt
                0x0800629e        0xe .pioenvs\bluepill_f103c8\lib635\libcodal-core.a(Timer.o)
                0x0800629e                codal::Timer::eventEveryUs(unsigned long, unsigned short, unsigned short)
 .text._ZN5codal5Timer4syncEm
                0x080062ac       0x24 .pioenvs\bluepill_f103c8\lib635\libcodal-core.a(Timer.o)
                0x080062ac                codal::Timer::sync(unsigned long)
 .text._ZN5codal5Timer7triggerEv
                0x080062d0       0x92 .pioenvs\bluepill_f103c8\lib635\libcodal-core.a(Timer.o)
                0x080062d0                codal::Timer::trigger()
 .text._ZN5codal5TimerD2Ev
                0x08006362        0x2 .pioenvs\bluepill_f103c8\lib635\libcodal-core.a(Timer.o)
                0x08006362                codal::Timer::~Timer()
                0x08006362                codal::Timer::~Timer()
 .text._ZN5codal5EventC2Ev
                0x08006364       0x12 .pioenvs\bluepill_f103c8\lib635\libcodal-core.a(Event.o)
                0x08006364                codal::Event::Event()
                0x08006364                codal::Event::Event()
 .text._ZN5codal5EventC2EttNS_15EventLaunchModeE
                0x08006376       0x1c .pioenvs\bluepill_f103c8\lib635\libcodal-core.a(Event.o)
                0x08006376                codal::Event::Event(unsigned short, unsigned short, codal::EventLaunchMode)
                0x08006376                codal::Event::Event(unsigned short, unsigned short, codal::EventLaunchMode)
 .text._ZN5codal5EventC2EttmNS_15EventLaunchModeE
                0x08006392       0x18 .pioenvs\bluepill_f103c8\lib635\libcodal-core.a(Event.o)
                0x08006392                codal::Event::Event(unsigned short, unsigned short, unsigned long, codal::EventLaunchMode)
                0x08006392                codal::Event::Event(unsigned short, unsigned short, unsigned long, codal::EventLaunchMode)
 .text._ZN5codal14EventQueueItemC2ENS_5EventE
                0x080063aa       0x20 .pioenvs\bluepill_f103c8\lib635\libcodal-core.a(Event.o)
                0x080063aa                codal::EventQueueItem::EventQueueItem(codal::Event)
                0x080063aa                codal::EventQueueItem::EventQueueItem(codal::Event)
 .text._ZN5codal14CodalComponent16periodicCallbackEv
                0x080063ca        0x2 .pioenvs\bluepill_f103c8\libff7\libbluepill.a(STM32BluePill.o)
                0x080063ca                codal::CodalComponent::periodicCallback()
 .text._ZN5codal14CodalComponent12idleCallbackEv
                0x080063cc        0x2 .pioenvs\bluepill_f103c8\libff7\libbluepill.a(STM32BluePill.o)
                0x080063cc                codal::CodalComponent::idleCallback()
 .text._ZN5codal13STM32BluePill16periodicCallbackEv
                0x080063ce        0x2 .pioenvs\bluepill_f103c8\libff7\libbluepill.a(STM32BluePill.o)
                0x080063ce                codal::STM32BluePill::periodicCallback()
 .text._ZN5codal14CodalComponentD0Ev
                0x080063d0       0x12 .pioenvs\bluepill_f103c8\libff7\libbluepill.a(STM32BluePill.o)
                0x080063d0                codal::CodalComponent::~CodalComponent()
 .text._ZN5codal13STM32BluePill12idleCallbackEv
                0x080063e2        0x4 .pioenvs\bluepill_f103c8\libff7\libbluepill.a(STM32BluePill.o)
                0x080063e2                codal::STM32BluePill::idleCallback()
 .text._ZN5codal13STM32BluePillD0Ev
                0x080063e6       0x12 .pioenvs\bluepill_f103c8\libff7\libbluepill.a(STM32BluePill.o)
                0x080063e6                codal::STM32BluePill::~STM32BluePill()
 .text.__cxa_pure_virtual
                0x080063f8        0x8 .pioenvs\bluepill_f103c8\libff7\libbluepill.a(bluepill.o)
                0x080063f8                __cxa_pure_virtual
 .text._Znwj    0x08006400        0x4 .pioenvs\bluepill_f103c8\libff7\libbluepill.a(bluepill.o)
                0x08006400                operator new(unsigned int)
 .text._ZdlPv   0x08006404        0x4 .pioenvs\bluepill_f103c8\libff7\libbluepill.a(bluepill.o)
                0x08006404                operator delete(void*)
 .text.millis   0x08006408        0x4 .pioenvs\bluepill_f103c8\libff7\libbluepill.a(timer.o)
                0x08006408                millis
 .text._ZN13UARTInterfaceC2Ejj
                0x0800640c        0x2 .pioenvs\bluepill_f103c8\lib492\libuartint.a(uartint.o)
                0x0800640c                UARTInterface::UARTInterface(unsigned int, unsigned int)
                0x0800640c                UARTInterface::UARTInterface(unsigned int, unsigned int)
 .text.gpio_set_mode
                0x0800640e       0x62 .pioenvs\bluepill_f103c8\libFrameworkLibOpenCM3.a(gpio.o)
                0x0800640e                gpio_set_mode
 .text.gpio_set
                0x08006470        0x4 .pioenvs\bluepill_f103c8\libFrameworkLibOpenCM3.a(gpio_common_all.o)
                0x08006470                gpio_set
 .text.gpio_clear
                0x08006474        0x6 .pioenvs\bluepill_f103c8\libFrameworkLibOpenCM3.a(gpio_common_all.o)
                0x08006474                gpio_clear
 .text.usart_recv
                0x0800647a        0x8 .pioenvs\bluepill_f103c8\libFrameworkLibOpenCM3.a(usart_common_f124.o)
                0x0800647a                usart_recv
 .text.rcc_periph_clock_enable
                0x08006482       0x1a .pioenvs\bluepill_f103c8\libFrameworkLibOpenCM3.a(rcc_common_all.o)
                0x08006482                rcc_periph_clock_enable
 .text.blocking_handler
                0x0800649c        0x2 .pioenvs\bluepill_f103c8\libFrameworkLibOpenCM3.a(vector.o)
                0x0800649c                usart3_isr
                0x0800649c                tim7_isr
                0x0800649c                adc1_2_isr
                0x0800649c                tim1_trg_com_isr
                0x0800649c                usb_hp_can_tx_isr
                0x0800649c                tim6_isr
                0x0800649c                usb_wakeup_isr
                0x0800649c                blocking_handler
                0x0800649c                tim5_isr
                0x0800649c                otg_fs_isr
                0x0800649c                spi1_isr
                0x0800649c                exti2_isr
                0x0800649c                dma1_channel6_isr
                0x0800649c                can_rx1_isr
                0x0800649c                dma1_channel5_isr
                0x0800649c                dma2_channel5_isr
                0x0800649c                usart1_isr
                0x0800649c                usage_fault_handler
                0x0800649c                tim8_trg_com_isr
                0x0800649c                can2_rx0_isr
                0x0800649c                tim1_brk_isr
                0x0800649c                can2_rx1_isr
                0x0800649c                tim1_cc_isr
                0x0800649c                sdio_isr
                0x0800649c                eth_isr
                0x0800649c                dma1_channel4_isr
                0x0800649c                tim8_brk_isr
                0x0800649c                dma2_channel4_5_isr
                0x0800649c                pvd_isr
                0x0800649c                rcc_isr
                0x0800649c                flash_isr
                0x0800649c                uart4_isr
                0x0800649c                exti15_10_isr
                0x0800649c                hard_fault_handler
                0x0800649c                exti1_isr
                0x0800649c                i2c1_ev_isr
                0x0800649c                dma2_channel1_isr
                0x0800649c                spi2_isr
                0x0800649c                tim8_up_isr
                0x0800649c                dma2_channel2_isr
                0x0800649c                exti3_isr
                0x0800649c                adc3_isr
                0x0800649c                tim3_isr
                0x0800649c                usb_lp_can_rx0_isr
                0x0800649c                i2c2_er_isr
                0x0800649c                i2c2_ev_isr
                0x0800649c                uart5_isr
                0x0800649c                fsmc_isr
                0x0800649c                dma1_channel1_isr
                0x0800649c                exti4_isr
                0x0800649c                mem_manage_handler
                0x0800649c                can2_tx_isr
                0x0800649c                exti9_5_isr
                0x0800649c                dma2_channel3_isr
                0x0800649c                dma1_channel7_isr
                0x0800649c                tim1_up_isr
                0x0800649c                can2_sce_isr
                0x0800649c                tim4_isr
                0x0800649c                dma1_channel2_isr
                0x0800649c                i2c1_er_isr
                0x0800649c                can_sce_isr
                0x0800649c                tim8_cc_isr
                0x0800649c                tamper_isr
                0x0800649c                eth_wkup_isr
                0x0800649c                bus_fault_handler
                0x0800649c                wwdg_isr
                0x0800649c                dma1_channel3_isr
                0x0800649c                spi3_isr
                0x0800649c                tim2_isr
                0x0800649c                exti0_isr
 .text.null_handler
                0x0800649e        0x2 .pioenvs\bluepill_f103c8\libFrameworkLibOpenCM3.a(vector.o)
                0x0800649e                sv_call_handler
                0x0800649e                pend_sv_handler
                0x0800649e                debug_monitor_handler
                0x0800649e                sys_tick_handler
                0x0800649e                nmi_handler
                0x0800649e                null_handler
 .text.nvic_enable_irq
                0x080064a0       0x1a .pioenvs\bluepill_f103c8\libFrameworkLibOpenCM3.a(nvic.o)
                0x080064a0                nvic_enable_irq
 .text.memcpy   0x080064ba       0x1c .pioenvs\bluepill_f103c8\liba13\libnewlib.a(memcpy.o)
                0x080064ba                memcpy
 .text.memset   0x080064d6       0x10 .pioenvs\bluepill_f103c8\liba13\libnewlib.a(memset.o)
                0x080064d6                memset
 .text._ZN5codal3_cm3I2C12setFrequencyEm
                0x080064e6        0x4 .pioenvs\bluepill_f103c8\lib24c\libcm.a(CmI2C.o)
                0x080064e6                codal::_cm::I2C::setFrequency(unsigned long)
 .text._ZN5codal3_cm3I2C5writeEtPhib
                0x080064ea        0x4 .pioenvs\bluepill_f103c8\lib24c\libcm.a(CmI2C.o)
                0x080064ea                codal::_cm::I2C::write(unsigned short, unsigned char*, int, bool)
                0x080064ea                codal::_cm::I2C::read(unsigned short, unsigned char*, int, bool)
 .text._ZN5codal3_cm3I2C12readRegisterEthPhib
                0x080064ee        0x4 .pioenvs\bluepill_f103c8\lib24c\libcm.a(CmI2C.o)
                0x080064ee                codal::_cm::I2C::readRegister(unsigned short, unsigned char, unsigned char*, int, bool)
 .text._ZN5codal3_cm3SPI12setFrequencyEm
                0x080064f2        0xc .pioenvs\bluepill_f103c8\lib24c\libcm.a(CmSPI.o)
                0x080064f2                codal::_cm::SPI::setFrequency(unsigned long)
 .text._ZN5codal3_cm3SPI5writeEi
                0x080064fe        0xe .pioenvs\bluepill_f103c8\lib24c\libcm.a(CmSPI.o)
                0x080064fe                codal::_cm::SPI::write(int)
 .text._ZN5codal3_cm3SPI8transferEPKhmPhm
                0x0800650c        0x4 .pioenvs\bluepill_f103c8\lib24c\libcm.a(CmSPI.o)
                0x0800650c                codal::_cm::SPI::transfer(unsigned char const*, unsigned long, unsigned char*, unsigned long)
 .text._ZN5codal3_cm3SPI7setModeEii
                0x08006510       0x18 .pioenvs\bluepill_f103c8\lib24c\libcm.a(CmSPI.o)
                0x08006510                codal::_cm::SPI::setMode(int, int)
 .text._ZN5codal3_cm16_codal_setup_pinEPNS0_3PinEmPK6PinMap
                0x08006528       0x54 .pioenvs\bluepill_f103c8\lib24c\libcm.a(CmSPI.o)
                0x08006528                codal::_cm::_codal_setup_pin(codal::_cm::Pin*, unsigned long, PinMap const*)
 .text._ZN5codal3_cm3SPI13startTransferEPKhmPhmPFvPvES5_
                0x0800657c       0x28 .pioenvs\bluepill_f103c8\lib24c\libcm.a(CmSPI.o)
                0x0800657c                codal::_cm::SPI::startTransfer(unsigned char const*, unsigned long, unsigned char*, unsigned long, void (*)(void*), void*)
 .text._ZN5codal3_cm6Serial15enableInterruptENS_19SerialInterruptTypeE
                0x080065a4        0x4 .pioenvs\bluepill_f103c8\lib24c\libcm.a(CmSerial.o)
                0x080065a4                codal::_cm::Serial::enableInterrupt(codal::SerialInterruptType)
 .text._ZN5codal3_cm6Serial16disableInterruptENS_19SerialInterruptTypeE
                0x080065a8        0x4 .pioenvs\bluepill_f103c8\lib24c\libcm.a(CmSerial.o)
                0x080065a8                codal::_cm::Serial::disableInterrupt(codal::SerialInterruptType)
 .text._ZN5codal3_cm6Serial11setBaudrateEm
                0x080065ac        0x4 .pioenvs\bluepill_f103c8\lib24c\libcm.a(CmSerial.o)
                0x080065ac                codal::_cm::Serial::setBaudrate(unsigned long)
 .text._ZN5codal3_cm6Serial13configurePinsERNS_3PinES3_
                0x080065b0        0x4 .pioenvs\bluepill_f103c8\lib24c\libcm.a(CmSerial.o)
                0x080065b0                codal::_cm::Serial::configurePins(codal::Pin&, codal::Pin&)
 .text._ZN5codal3_cm6Serial4putcEc
                0x080065b4        0x4 .pioenvs\bluepill_f103c8\lib24c\libcm.a(CmSerial.o)
                0x080065b4                codal::_cm::Serial::putc(char)
 .text._ZN5codal3_cm6Serial4getcEv
                0x080065b8        0x6 .pioenvs\bluepill_f103c8\lib24c\libcm.a(CmSerial.o)
                0x080065b8                codal::_cm::Serial::getc()
 .text._ZN5codal3_cm6SerialD0Ev
                0x080065be       0x12 .pioenvs\bluepill_f103c8\lib24c\libcm.a(CmSerial.o)
                0x080065be                codal::_cm::Serial::~Serial()
 .text._ZN5codal3_cm6Serial12initialiseRxEv
                0x080065d0       0x38 .pioenvs\bluepill_f103c8\lib24c\libcm.a(CmSerial.o)
                0x080065d0                codal::_cm::Serial::initialiseRx()
 .text._ZN5codal3_cm6Serial12circularCopyEPhhS2_tt
                0x08006608       0x26 .pioenvs\bluepill_f103c8\lib24c\libcm.a(CmSerial.o)
                0x08006608                codal::_cm::Serial::circularCopy(unsigned char*, unsigned char, unsigned char*, unsigned short, unsigned short)
 .text._ZN5codal3_cm6Serial7eventOnENS_13ManagedStringENS_10SerialModeE
                0x0800662e       0x24 .pioenvs\bluepill_f103c8\lib24c\libcm.a(CmSerial.o)
                0x0800662e                codal::_cm::Serial::eventOn(codal::ManagedString, codal::SerialMode)
 .text._ZN5codal3_cm6Serial9readUntilENS_13ManagedStringENS_10SerialModeE
                0x08006652      0x1a6 .pioenvs\bluepill_f103c8\lib24c\libcm.a(CmSerial.o)
                0x08006652                codal::_cm::Serial::readUntil(codal::ManagedString, codal::SerialMode)
 .text._ZN5codal3_cm5Timer9triggerInEm
                0x080067f8        0x2 .pioenvs\bluepill_f103c8\lib24c\libcm.a(CmTimer.o)
                0x080067f8                codal::_cm::Timer::triggerIn(unsigned long)
 .text._ZN5codal3_cm5Timer11syncRequestEv
                0x080067fa       0x26 .pioenvs\bluepill_f103c8\lib24c\libcm.a(CmTimer.o)
                0x080067fa                codal::_cm::Timer::syncRequest()
 .text._ZN5codal3I2C12setFrequencyEm
                0x08006820        0x6 .pioenvs\bluepill_f103c8\lib635\libcodal-core.a(I2C.o)
                0x08006820                codal::I2C::setFrequency(unsigned long)
 .text._ZN5codal3I2C5startEv
                0x08006826        0x6 .pioenvs\bluepill_f103c8\lib635\libcodal-core.a(I2C.o)
                0x08006826                codal::I2C::start()
                0x08006826                codal::I2C::stop()
 .text._ZN5codal3I2C5writeEh
                0x0800682c        0x6 .pioenvs\bluepill_f103c8\lib635\libcodal-core.a(I2C.o)
                0x0800682c                codal::I2C::write(unsigned char)
                0x0800682c                codal::I2C::read(codal::AcknowledgeType)
 .text._ZN5codal3I2C13writeRegisterEthh
                0x08006832       0x1c .pioenvs\bluepill_f103c8\lib635\libcodal-core.a(I2C.o)
                0x08006832                codal::I2C::writeRegister(unsigned short, unsigned char, unsigned char)
 .text._ZN5codal3I2C5writeEtPhib
                0x0800684e       0x50 .pioenvs\bluepill_f103c8\lib635\libcodal-core.a(I2C.o)
                0x0800684e                codal::I2C::write(unsigned short, unsigned char*, int, bool)
 .text._ZN5codal3I2C4readEtPhib
                0x0800689e       0x64 .pioenvs\bluepill_f103c8\lib635\libcodal-core.a(I2C.o)
                0x0800689e                codal::I2C::read(unsigned short, unsigned char*, int, bool)
 .text._ZN5codal3I2C5writeEth
                0x08006902       0x1c .pioenvs\bluepill_f103c8\lib635\libcodal-core.a(I2C.o)
                0x08006902                codal::I2C::write(unsigned short, unsigned char)
 .text._ZN5codal3I2C12readRegisterEthPhib
                0x0800691e       0x42 .pioenvs\bluepill_f103c8\lib635\libcodal-core.a(I2C.o)
                0x0800691e                codal::I2C::readRegister(unsigned short, unsigned char, unsigned char*, int, bool)
 .text._ZN5codal6Serial12initialiseRxEv
                0x08006960       0x4c .pioenvs\bluepill_f103c8\lib635\libcodal-core.a(Serial.o)
                0x08006960                codal::Serial::initialiseRx()
 .text._ZN5codal6Serial12circularCopyEPhhS1_tt
                0x080069ac       0x26 .pioenvs\bluepill_f103c8\lib635\libcodal-core.a(Serial.o)
                0x080069ac                codal::Serial::circularCopy(unsigned char*, unsigned char, unsigned char*, unsigned short, unsigned short)
 .text._ZN5codal6Serial7eventOnENS_13ManagedStringENS_10SerialModeE
                0x080069d2       0x26 .pioenvs\bluepill_f103c8\lib635\libcodal-core.a(Serial.o)
                0x080069d2                codal::Serial::eventOn(codal::ManagedString, codal::SerialMode)
 .text._ZN5codal6Serial9readUntilENS_13ManagedStringENS_10SerialModeE
                0x080069f8      0x1a6 .pioenvs\bluepill_f103c8\lib635\libcodal-core.a(Serial.o)
                0x080069f8                codal::Serial::readUntil(codal::ManagedString, codal::SerialMode)
 .text._ZN5codal10MessageBus9elementAtEi
                0x08006b9e       0x10 .pioenvs\bluepill_f103c8\lib635\libcodal-core.a(MessageBus.o)
                0x08006b9e                codal::MessageBus::elementAt(int)
 .text._ZN5codal22MemberFunctionCallback10methodCallINS_10MessageBusEEEvPvPmNS_5EventE
                0x08006bae       0x30 .pioenvs\bluepill_f103c8\lib635\libcodal-core.a(MessageBus.o)
                0x08006bae                void codal::MemberFunctionCallback::methodCall<codal::MessageBus>(void*, unsigned long*, codal::Event)
 .text._Z14async_callbackPv
                0x08006bde       0x7c .pioenvs\bluepill_f103c8\lib635\libcodal-core.a(MessageBus.o)
                0x08006bde                async_callback(void*)
 .text._ZThn8_N5codal10MessageBusD1Ev
                0x08006c5a        0x8 .pioenvs\bluepill_f103c8\lib635\libcodal-core.a(MessageBus.o)
                0x08006c5a                non-virtual thunk to codal::MessageBus::~MessageBus()
 .text._ZN5codal10MessageBusD0Ev
                0x08006c62       0x12 .pioenvs\bluepill_f103c8\lib635\libcodal-core.a(MessageBus.o)
                0x08006c62                codal::MessageBus::~MessageBus()
 .text._ZThn8_N5codal10MessageBusD0Ev
                0x08006c74        0x8 .pioenvs\bluepill_f103c8\lib635\libcodal-core.a(MessageBus.o)
                0x08006c74                non-virtual thunk to codal::MessageBus::~MessageBus()
 .text._ZN5codal10MessageBus12dequeueEventEv
                0x08006c7c       0x22 .pioenvs\bluepill_f103c8\lib635\libcodal-core.a(MessageBus.o)
                0x08006c7c                codal::MessageBus::dequeueEvent()
 .text._ZN5codal10MessageBus21deleteMarkedListenersEv
                0x08006c9e       0x42 .pioenvs\bluepill_f103c8\lib635\libcodal-core.a(MessageBus.o)
                0x08006c9e                codal::MessageBus::deleteMarkedListeners()
 .text._ZN5codal10MessageBus10queueEventERNS_5EventE
                0x08006ce0       0x5e .pioenvs\bluepill_f103c8\lib635\libcodal-core.a(MessageBus.o)
                0x08006ce0                codal::MessageBus::queueEvent(codal::Event&)
 .text._ZN5codal10MessageBus4sendENS_5EventE
                0x08006d3e       0x16 .pioenvs\bluepill_f103c8\lib635\libcodal-core.a(MessageBus.o)
                0x08006d3e                codal::MessageBus::send(codal::Event)
 .text._ZN5codal10MessageBus4idleENS_5EventE
                0x08006d54       0x34 .pioenvs\bluepill_f103c8\lib635\libcodal-core.a(MessageBus.o)
                0x08006d54                codal::MessageBus::idle(codal::Event)
 .text._ZN5codal13ManagedStringD2Ev
                0x08006d88        0xe .pioenvs\bluepill_f103c8\lib635\libcodal-core.a(ManagedString.o)
                0x08006d88                codal::ManagedString::~ManagedString()
                0x08006d88                codal::ManagedString::~ManagedString()
 .text._ZN5codal13ManagedString10initStringEPKci
                0x08006d96       0x2e .pioenvs\bluepill_f103c8\lib635\libcodal-core.a(ManagedString.o)
                0x08006d96                codal::ManagedString::initString(char const*, int)
 .text._ZN5codal13ManagedStringC2Ei
                0x08006dc4       0x22 .pioenvs\bluepill_f103c8\lib635\libcodal-core.a(ManagedString.o)
                0x08006dc4                codal::ManagedString::ManagedString(int)
                0x08006dc4                codal::ManagedString::ManagedString(int)
 .text._ZN5codal13ManagedStringC2ERKS0_
                0x08006de6       0x10 .pioenvs\bluepill_f103c8\lib635\libcodal-core.a(ManagedString.o)
                0x08006de6                codal::ManagedString::ManagedString(codal::ManagedString const&)
                0x08006de6                codal::ManagedString::ManagedString(codal::ManagedString const&)
 .text._ZN5codal13ManagedStringaSERKS0_
                0x08006df6       0x1e .pioenvs\bluepill_f103c8\lib635\libcodal-core.a(ManagedString.o)
                0x08006df6                codal::ManagedString::operator=(codal::ManagedString const&)
 .text._ZN5codal13ManagedString6charAtEs
                0x08006e14       0x18 .pioenvs\bluepill_f103c8\lib635\libcodal-core.a(ManagedString.o)
                0x08006e14                codal::ManagedString::charAt(short)
 .text._ZL16isReadOnlyInlinePN5codal10RefCountedE
                0x08006e2c       0x22 .pioenvs\bluepill_f103c8\lib635\libcodal-core.a(RefCounted.o)
 .text._ZN5codal10RefCounted4incrEv
                0x08006e4e       0x12 .pioenvs\bluepill_f103c8\lib635\libcodal-core.a(RefCounted.o)
                0x08006e4e                codal::RefCounted::incr()
 .text._ZN5codal10RefCounted4decrEv
                0x08006e60       0x22 .pioenvs\bluepill_f103c8\lib635\libcodal-core.a(RefCounted.o)
                0x08006e60                codal::RefCounted::decr()
 .text._ZN5codal10RefCounted7destroyEv
                0x08006e82        0x4 .pioenvs\bluepill_f103c8\lib635\libcodal-core.a(RefCountedInit.o)
                0x08006e82                codal::RefCounted::destroy()
 .text._ZN5codal10RefCounted4initEv
                0x08006e86        0x6 .pioenvs\bluepill_f103c8\lib635\libcodal-core.a(RefCountedInit.o)
                0x08006e86                codal::RefCounted::init()
 .text._ZN5codal22MemberFunctionCallback4fireENS_5EventE
                0x08006e8c       0x18 .pioenvs\bluepill_f103c8\lib635\libcodal-core.a(MemberFunctionCallback.o)
                0x08006e8c                codal::MemberFunctionCallback::fire(codal::Event)
 .text._ZN5codal22MemberFunctionCallbackeqERKS0_
                0x08006ea4       0x20 .pioenvs\bluepill_f103c8\lib635\libcodal-core.a(MemberFunctionCallback.o)
                0x08006ea4                codal::MemberFunctionCallback::operator==(codal::MemberFunctionCallback const&)
 .text.memcmp   0x08006ec4       0x1e .pioenvs\bluepill_f103c8\liba13\libnewlib.a(memcmp.o)
                0x08006ec4                memcmp
                0x08006ee4                . = ALIGN (0x4)
 *fill*         0x08006ee2        0x2 
 *(SORT_BY_ALIGNMENT(.rodata*))
 .rodata._ZTVN5codal3_cm3PinE
                0x08006ee4       0x54 .pioenvs\bluepill_f103c8\lib24c\libcm.a(CmPin.o)
                0x08006ee4                vtable for codal::_cm::Pin
 .rodata._ZTVN5codal5TimerE
                0x08006f38       0x18 .pioenvs\bluepill_f103c8\lib635\libcodal-core.a(Timer.o)
                0x08006f38                vtable for codal::Timer
 .rodata._ZTVN5codal14CodalComponentE
                0x08006f50       0x1c .pioenvs\bluepill_f103c8\libff7\libbluepill.a(STM32BluePill.o)
                0x08006f50                vtable for codal::CodalComponent
 .rodata._ZTVN5codal13STM32BluePillE
                0x08006f6c       0x1c .pioenvs\bluepill_f103c8\libff7\libbluepill.a(STM32BluePill.o)
                0x08006f6c                vtable for codal::STM32BluePill
 .rodata.PinMap_SPI_MISO
                0x08006f88       0x48 .pioenvs\bluepill_f103c8\libff7\libbluepill.a(STM32BluePillIO.o)
                0x08006f88                PinMap_SPI_MISO
 .rodata.PinMap_SPI_MOSI
                0x08006fd0       0x48 .pioenvs\bluepill_f103c8\libff7\libbluepill.a(STM32BluePillIO.o)
                0x08006fd0                PinMap_SPI_MOSI
 .rodata.PinMap_SPI_NSS
                0x08007018       0x48 .pioenvs\bluepill_f103c8\libff7\libbluepill.a(STM32BluePillIO.o)
                0x08007018                PinMap_SPI_NSS
 .rodata.PinMap_SPI_SCK
                0x08007060       0x48 .pioenvs\bluepill_f103c8\libff7\libbluepill.a(STM32BluePillIO.o)
                0x08007060                PinMap_SPI_SCK
 .rodata._ZTVN5codal3_cm3I2CE
                0x080070a8       0x2c .pioenvs\bluepill_f103c8\lib24c\libcm.a(CmI2C.o)
                0x080070a8                vtable for codal::_cm::I2C
 .rodata._ZTVN5codal3_cm3SPIE
                0x080070d4       0x1c .pioenvs\bluepill_f103c8\lib24c\libcm.a(CmSPI.o)
                0x080070d4                vtable for codal::_cm::SPI
 .rodata._ZTVN5codal3_cm6SerialE
                0x080070f0       0x38 .pioenvs\bluepill_f103c8\lib24c\libcm.a(CmSerial.o)
                0x080070f0                vtable for codal::_cm::Serial
 .rodata._ZTVN5codal3_cm5TimerE
                0x08007128       0x18 .pioenvs\bluepill_f103c8\lib24c\libcm.a(CmTimer.o)
                0x08007128                vtable for codal::_cm::Timer
 .rodata._ZTVN5codal3I2CE
                0x08007140       0x2c .pioenvs\bluepill_f103c8\lib635\libcodal-core.a(I2C.o)
                0x08007140                vtable for codal::I2C
 .rodata._ZTVN5codal6SerialE
                0x0800716c       0x38 .pioenvs\bluepill_f103c8\lib635\libcodal-core.a(Serial.o)
                0x0800716c                vtable for codal::Serial
 .rodata._ZTVN5codal10EventModelE
                0x080071a4       0x14 .pioenvs\bluepill_f103c8\lib635\libcodal-core.a(MessageBus.o)
                0x080071a4                vtable for codal::EventModel
 .rodata._ZTVN5codal10MessageBusE
                0x080071b8       0x3c .pioenvs\bluepill_f103c8\lib635\libcodal-core.a(MessageBus.o)
                0x080071b8                vtable for codal::MessageBus
 .rodata._ZL9emptyData
                0x080071f4        0x4 .pioenvs\bluepill_f103c8\lib635\libcodal-core.a(ManagedString.o)
 .rodata._Z10debug_dumpv.str1.1
                0x080071f8        0xc .pioenvs\bluepill_f103c8\src\main.o
                                  0xd (size before relaxing)
 .rodata.test_nanofloat.str1.1
                0x08007204      0x10d .pioenvs\bluepill_f103c8\src\unit_test.o
                                0x10e (size before relaxing)
 .rodata._Z11debug_printi.str1.1
                0x08007311        0x2 .pioenvs\bluepill_f103c8\lib931\liblogger.a(logger.o)
                                  0x4 (size before relaxing)
 .rodata._Z11debug_printj.str1.1
                0x08007313        0xb .pioenvs\bluepill_f103c8\lib931\liblogger.a(logger.o)
 .rodata.debug_println.str1.1
                0x0800731e        0x2 .pioenvs\bluepill_f103c8\lib931\liblogger.a(logger.o)
 .rodata.UnityPrintFloat.str1.1
                0x08007320        0x8 .pioenvs\bluepill_f103c8\lib0e4\libunity.a(unity.o)
                                  0xa (size before relaxing)
 .rodata.UnityStrBreaker
                0x08007328       0x18 .pioenvs\bluepill_f103c8\lib0e4\libunity.a(unity.o)
 .rodata.UnityStrDetail1Name
                0x08007340        0xa .pioenvs\bluepill_f103c8\lib0e4\libunity.a(unity.o)
 .rodata.UnityStrDetail2Name
                0x0800734a        0xb .pioenvs\bluepill_f103c8\lib0e4\libunity.a(unity.o)
 .rodata.UnityStrExpected
                0x08007355        0xb .pioenvs\bluepill_f103c8\lib0e4\libunity.a(unity.o)
 .rodata.UnityStrFail
                0x08007360        0x5 .pioenvs\bluepill_f103c8\lib0e4\libunity.a(unity.o)
 .rodata.UnityStrOk
                0x08007365        0x3 .pioenvs\bluepill_f103c8\lib0e4\libunity.a(unity.o)
 .rodata.UnityStrPass
                0x08007368        0x5 .pioenvs\bluepill_f103c8\lib0e4\libunity.a(unity.o)
 .rodata.UnityStrResultsFailures
                0x0800736d        0xb .pioenvs\bluepill_f103c8\lib0e4\libunity.a(unity.o)
 .rodata.UnityStrResultsIgnored
                0x08007378        0xa .pioenvs\bluepill_f103c8\lib0e4\libunity.a(unity.o)
 .rodata.UnityStrResultsTests
                0x08007382        0x8 .pioenvs\bluepill_f103c8\lib0e4\libunity.a(unity.o)
 .rodata.UnityStrSpacer
                0x0800738a        0x3 .pioenvs\bluepill_f103c8\lib0e4\libunity.a(unity.o)
 .rodata.UnityStrWas
                0x0800738d        0x6 .pioenvs\bluepill_f103c8\lib0e4\libunity.a(unity.o)
 .rodata._ZN5codal3_cm3Pin15setDigitalValueEi.str1.1
                0x08007393       0x42 .pioenvs\bluepill_f103c8\lib24c\libcm.a(CmPin.o)
 .rodata._ZN5codal3_cm3PinC2EhmmtNS_13PinCapabilityE.str1.1
                0x080073d5        0xa .pioenvs\bluepill_f103c8\lib24c\libcm.a(CmPin.o)
 .rodata._ZN5codal3_cm3PinC2Ei7PinNameNS_13PinCapabilityE.str1.1
                0x080073df        0xf .pioenvs\bluepill_f103c8\lib24c\libcm.a(CmPin.o)
                                 0x17 (size before relaxing)
 .rodata.target_panic.str1.1
                0x080073ee       0x13 .pioenvs\bluepill_f103c8\lib24c\libcm.a(codal_target_hal.o)
 .rodata.target_wait.str1.1
                0x08007401       0x10 .pioenvs\bluepill_f103c8\lib24c\libcm.a(codal_target_hal.o)
 .rodata.test_codal.str1.1
                0x08007411       0x2d .pioenvs\bluepill_f103c8\lib24c\libcm.a(codal_target_hal.o)
 .rodata.platform_setup.str1.1
                0x0800743e       0x13 .pioenvs\bluepill_f103c8\libff7\libbluepill.a(bluepill.o)
 .rodata.platform_start_timer.str1.1
                0x08007451       0x1a .pioenvs\bluepill_f103c8\libff7\libbluepill.a(timer.o)
 .rodata._ZN5codal3_cm3SPI4initEv.str1.1
                0x0800746b       0x10 .pioenvs\bluepill_f103c8\lib24c\libcm.a(CmSPI.o)
 .rodata._ZN5codal3_cm3SPIC2ERNS0_3PinES3_S3_.str1.1
                0x0800747b       0x22 .pioenvs\bluepill_f103c8\lib24c\libcm.a(CmSPI.o)
                                 0x23 (size before relaxing)
 .rodata._ZN5codal3_cm3SPIC2ERNS0_3PinES3_S3_S3_.str1.1
                0x0800749d        0x6 .pioenvs\bluepill_f103c8\lib24c\libcm.a(CmSPI.o)
                                 0x10 (size before relaxing)
 .rodata.pinmap_cnf.str1.1
                0x080074a3       0x19 .pioenvs\bluepill_f103c8\lib24c\libcm.a(CmPinMap.o)
 .rodata.pinmap_mode.str1.1
                0x080074bc       0x1a .pioenvs\bluepill_f103c8\lib24c\libcm.a(CmPinMap.o)
 .rodata.pinmap_peripheral.str1.1
                0x080074d6       0x20 .pioenvs\bluepill_f103c8\lib24c\libcm.a(CmPinMap.o)
                0x080074f8                . = ALIGN (0x4)
 *fill*         0x080074f6        0x2 

.glue_7         0x080074f8        0x0
 .glue_7        0x080074f8        0x0 linker stubs

.glue_7t        0x080074f8        0x0
 .glue_7t       0x080074f8        0x0 linker stubs

.vfp11_veneer   0x080074f8        0x0
 .vfp11_veneer  0x080074f8        0x0 linker stubs

.v4_bx          0x080074f8        0x0
 .v4_bx         0x080074f8        0x0 linker stubs

.iplt           0x080074f8        0x0
 .iplt          0x080074f8        0x0 asm/CortexContextSwitch.s.o

.rel.dyn        0x080074f8        0x0
 .rel.iplt      0x080074f8        0x0 asm/CortexContextSwitch.s.o

.preinit_array  0x080074f8        0x0
                0x080074f8                . = ALIGN (0x4)
                0x080074f8                __preinit_array_start = .
 *(SORT_BY_ALIGNMENT(.preinit_array))
                0x080074f8                __preinit_array_end = .

.init_array     0x080074f8        0xc
                0x080074f8                . = ALIGN (0x4)
                0x080074f8                __init_array_start = .
 *(SORT_BY_NAME(SORT_BY_ALIGNMENT(.init_array.*)))
 *(SORT_BY_ALIGNMENT(.init_array))
 .init_array    0x080074f8        0x4 .pioenvs\bluepill_f103c8\src\uart.o
 .init_array    0x080074fc        0x4 .pioenvs\bluepill_f103c8\lib492\libuartint.a(uartint.o)
 .init_array    0x08007500        0x4 .pioenvs\bluepill_f103c8\lib635\libcodal-core.a(ManagedString.o)
                0x08007504                __init_array_end = .

.fini_array     0x08007504        0x0
                0x08007504                . = ALIGN (0x4)
                0x08007504                __fini_array_start = .
 *(SORT_BY_ALIGNMENT(.fini_array))
 *(SORT_BY_NAME(SORT_BY_ALIGNMENT(.fini_array.*)))
                0x08007504                __fini_array_end = .

.ARM.extab
 *(SORT_BY_ALIGNMENT(.ARM.extab*))

.ARM.exidx      0x08007504        0x0
                0x08007504                __exidx_start = .
 *(SORT_BY_ALIGNMENT(.ARM.exidx*))
                0x08007504                __exidx_end = .
                0x08007504                . = ALIGN (0x4)
                0x08007504                _etext = .

.data           0x20000000       0x14 load address 0x08007504
                0x20000000                _data = .
 *(SORT_BY_ALIGNMENT(.data*))
 .data.codal_heap_start
                0x20000000        0x4 .pioenvs\bluepill_f103c8\lib24c\libcm.a(codal_target_hal.o)
                0x20000000                codal_heap_start
 .data.rcc_ahb_frequency
                0x20000004        0x4 .pioenvs\bluepill_f103c8\libFrameworkLibOpenCM3.a(rcc.o)
                0x20000004                rcc_ahb_frequency
 .data.rcc_apb1_frequency
                0x20000008        0x4 .pioenvs\bluepill_f103c8\libFrameworkLibOpenCM3.a(rcc.o)
                0x20000008                rcc_apb1_frequency
 .data.rcc_apb2_frequency
                0x2000000c        0x4 .pioenvs\bluepill_f103c8\libFrameworkLibOpenCM3.a(rcc.o)
                0x2000000c                rcc_apb2_frequency
 .data._ZL12userNotifyId
                0x20000010        0x2 .pioenvs\bluepill_f103c8\lib635\libcodal-core.a(MessageBus.o)
                0x20000014                . = ALIGN (0x4)
 *fill*         0x20000012        0x2 
                0x20000014                _edata = .
                0x08007504                _data_loadaddr = LOADADDR (.data)

.igot.plt       0x20000014        0x0 load address 0x08007518
 .igot.plt      0x20000014        0x0 asm/CortexContextSwitch.s.o

.bss            0x20000018      0x738 load address 0x08007518
 *(SORT_BY_ALIGNMENT(.bss*))
 .bss.r         0x20000018        0x8 .pioenvs\bluepill_f103c8\src\unit_test.o
                0x20000018                r
 .bss.x         0x20000020        0x8 .pioenvs\bluepill_f103c8\src\unit_test.o
                0x20000020                x
 .bss.y         0x20000028        0x8 .pioenvs\bluepill_f103c8\src\unit_test.o
                0x20000028                y
 .bss.rf        0x20000030        0x4 .pioenvs\bluepill_f103c8\src\unit_test.o
                0x20000030                rf
 .bss.xf        0x20000034        0x4 .pioenvs\bluepill_f103c8\src\unit_test.o
                0x20000034                xf
 .bss.yf        0x20000038        0x4 .pioenvs\bluepill_f103c8\src\unit_test.o
                0x20000038                yf
 .bss.msgQList  0x2000003c       0x20 .pioenvs\bluepill_f103c8\libd0a\libcocoOS_5.0.3.a(os_msgqueue.o)
 .bss.task_list