Archive member included to satisfy reference by file (symbol)

.pioenvs\bluepill_f103c8\lib931\liblogger.a(logger.o)
                              .pioenvs\bluepill_f103c8\src\main.o (debug_flush)
.pioenvs\bluepill_f103c8\lib635\libcodal-core.a(CodalFiber.o)
                              .pioenvs\bluepill_f103c8\src\main.o (codal::fiber_sleep(unsigned long))
.pioenvs\bluepill_f103c8\lib635\libcodal-core.a(CodalHeapAllocator.o)
                              .pioenvs\bluepill_f103c8\lib635\libcodal-core.a(CodalFiber.o) (malloc)
.pioenvs\bluepill_f103c8\lib635\libcodal-core.a(CodalListener.o)
                              .pioenvs\bluepill_f103c8\lib635\libcodal-core.a(CodalFiber.o) (codal::Listener::Listener(unsigned short, unsigned short, void (*)(codal::Event), unsigned short))
.pioenvs\bluepill_f103c8\lib635\libcodal-core.a(Timer.o)
                              .pioenvs\bluepill_f103c8\src\main.o (codal::Timer::getTime())
.pioenvs\bluepill_f103c8\lib635\libcodal-core.a(Event.o)
                              .pioenvs\bluepill_f103c8\lib635\libcodal-core.a(CodalListener.o) (codal::Event::Event())
.pioenvs\bluepill_f103c8\libd0a\libcocoOS_5.0.3.a(os_event.o)
                              .pioenvs\bluepill_f103c8\src\wisol.o (event_create)
.pioenvs\bluepill_f103c8\libd0a\libcocoOS_5.0.3.a(os_kernel.o)
                              .pioenvs\bluepill_f103c8\src\uart.o (running_tid)
.pioenvs\bluepill_f103c8\libd0a\libcocoOS_5.0.3.a(os_msgqueue.o)
                              .pioenvs\bluepill_f103c8\libd0a\libcocoOS_5.0.3.a(os_kernel.o) (os_msgQ_init)
.pioenvs\bluepill_f103c8\libd0a\libcocoOS_5.0.3.a(os_sem.o)
                              .pioenvs\bluepill_f103c8\libd0a\libcocoOS_5.0.3.a(os_kernel.o) (os_sem_init)
.pioenvs\bluepill_f103c8\libd0a\libcocoOS_5.0.3.a(os_task.o)
                              .pioenvs\bluepill_f103c8\libd0a\libcocoOS_5.0.3.a(os_kernel.o) (os_task_init)
.pioenvs\bluepill_f103c8\libd0a\libcocoOS_5.0.3.a(os_assert.o)
                              .pioenvs\bluepill_f103c8\libd0a\libcocoOS_5.0.3.a(os_event.o) (os_on_assert)
.pioenvs\bluepill_f103c8\libd0a\libcocoOS_5.0.3.a(os_cbk.o)
                              .pioenvs\bluepill_f103c8\libd0a\libcocoOS_5.0.3.a(os_kernel.o) (os_cbkSleep)
.pioenvs\bluepill_f103c8\liba13\libnewlib.a(memcpy.o)
                              .pioenvs\bluepill_f103c8\lib635\libcodal-core.a(CodalHeapAllocator.o) (memcpy)
.pioenvs\bluepill_f103c8\liba13\libnewlib.a(memset.o)
                              .pioenvs\bluepill_f103c8\lib635\libcodal-core.a(CodalFiber.o) (memset)
.pioenvs\bluepill_f103c8\liba13\libnewlib.a(strlen.o)
                              .pioenvs\bluepill_f103c8\src\aggregate.o (strlen)
.pioenvs\bluepill_f103c8\liba13\libnewlib.a(strncat.o)
                              .pioenvs\bluepill_f103c8\src\wisol.o (strncat)
.pioenvs\bluepill_f103c8\liba13\libnewlib.a(strncmp.o)
                              .pioenvs\bluepill_f103c8\src\aggregate.o (strncmp)
.pioenvs\bluepill_f103c8\liba13\libnewlib.a(strncpy.o)
                              .pioenvs\bluepill_f103c8\src\aggregate.o (strncpy)
.pioenvs\bluepill_f103c8\liba13\libnewlib.a(strstr.o)
                              .pioenvs\bluepill_f103c8\src\wisol.o (strstr)
.pioenvs\bluepill_f103c8\lib0e4\libunity.a(unity.o)
                              .pioenvs\bluepill_f103c8\src\unit_test.o (UnityAssertEqualNumber)
.pioenvs\bluepill_f103c8\libc64\libnano-float.a(functions.o)
                              .pioenvs\bluepill_f103c8\src\unit_test.o (get_float_usage)
.pioenvs\bluepill_f103c8\lib24c\libcm.a(CmPin.o)
                              .pioenvs\bluepill_f103c8\src\main.o (codal::_cm::Pin::setDigitalValue(int))
.pioenvs\bluepill_f103c8\lib24c\libcm.a(codal_target_hal.o)
                              .pioenvs\bluepill_f103c8\src\main.o (target_enable_debug)
.pioenvs\bluepill_f103c8\libff7\libbluepill.a(STM32BluePill.o)
                              .pioenvs\bluepill_f103c8\src\main.o (codal::STM32BluePill::init())
.pioenvs\bluepill_f103c8\libff7\libbluepill.a(STM32BluePillIO.o)
                              .pioenvs\bluepill_f103c8\libff7\libbluepill.a(STM32BluePill.o) (codal::STM32BluePillIO::STM32BluePillIO())
.pioenvs\bluepill_f103c8\libff7\libbluepill.a(bluepill.o)
                              .pioenvs\bluepill_f103c8\lib24c\libcm.a(codal_target_hal.o) (platform_setup)
.pioenvs\bluepill_f103c8\libff7\libbluepill.a(led.o)
                              .pioenvs\bluepill_f103c8\libff7\libbluepill.a(bluepill.o) (led_setup)
.pioenvs\bluepill_f103c8\libff7\libbluepill.a(timer.o)
                              .pioenvs\bluepill_f103c8\lib24c\libcm.a(codal_target_hal.o) (platform_start_timer)
.pioenvs\bluepill_f103c8\lib443\libbootloader.a(bootloader.o)
                              .pioenvs\bluepill_f103c8\lib24c\libcm.a(codal_target_hal.o) (bootloader_start)
.pioenvs\bluepill_f103c8\lib443\libbootloader.a(target_stm32f103.o)
[...]
Memory Configuration

Name             Origin             Length             Attributes
bootrom          0x08000000         0x00008000         xr
rom              0x08008000         0x00008000         xr
bootram          0x20000000         0x00002800         xrw
ram              0x20002800         0x00002800         xrw
*default*        0x00000000         0xffffffff

Linker script and memory map


.boot_text      0x08000000     0x1020
 *(SORT_BY_ALIGNMENT(.vectors))
 .vectors       0x08000000      0x150 .pioenvs\bluepill_f103c8\libFrameworkLibOpenCM3.a(vector.o)
                0x08000000                vector_table
 liblibopencm3.a:*(SORT_BY_ALIGNMENT(.text*))
 libFrameworkLibOpenCM3.a:*(SORT_BY_ALIGNMENT(.text*))
                0x08000150                . = ALIGN (0x4)
 *(SORT_BY_ALIGNMENT(.rodata*))
 .rodata._ZTVN5codal5TimerE
                0x08000150       0x18 .pioenvs\bluepill_f103c8\lib635\libcodal-core.a(Timer.o)
                0x08000150                vtable for codal::Timer
 .rodata._ZTVN5codal3_cm3PinE
                0x08000168       0x54 .pioenvs\bluepill_f103c8\lib24c\libcm.a(CmPin.o)
                0x08000168                vtable for codal::_cm::Pin
 .rodata._ZTVN5codal14CodalComponentE
                0x080001bc       0x1c .pioenvs\bluepill_f103c8\libff7\libbluepill.a(STM32BluePill.o)
                0x080001bc                vtable for codal::CodalComponent
 .rodata._ZTVN5codal13STM32BluePillE
                0x080001d8       0x1c .pioenvs\bluepill_f103c8\libff7\libbluepill.a(STM32BluePill.o)
                0x080001d8                vtable for codal::STM32BluePill
 .rodata.PinMap_SPI_MISO
                0x080001f4       0x48 .pioenvs\bluepill_f103c8\libff7\libbluepill.a(STM32BluePillIO.o)
                0x080001f4                PinMap_SPI_MISO
 .rodata.PinMap_SPI_MOSI
                0x0800023c       0x48 .pioenvs\bluepill_f103c8\libff7\libbluepill.a(STM32BluePillIO.o)
                0x0800023c                PinMap_SPI_MOSI
 .rodata.PinMap_SPI_NSS
                0x08000284       0x48 .pioenvs\bluepill_f103c8\libff7\libbluepill.a(STM32BluePillIO.o)
                0x08000284                PinMap_SPI_NSS
 .rodata.PinMap_SPI_SCK
                0x080002cc       0x48 .pioenvs\bluepill_f103c8\libff7\libbluepill.a(STM32BluePillIO.o)
                0x080002cc                PinMap_SPI_SCK
 .rodata.interfaces
                0x08000314       0x30 .pioenvs\bluepill_f103c8\lib443\libbootloader.a(usb_conf.o)
 .rodata.st_usbfs_v1_usb_driver
                0x08000344       0x34 .pioenvs\bluepill_f103c8\libFrameworkLibOpenCM3.a(st_usbfs_v1.o)
                0x08000344                st_usbfs_v1_usb_driver
 .rodata._ZTVN5codal6SerialE
                0x08000378       0x38 .pioenvs\bluepill_f103c8\lib635\libcodal-core.a(Serial.o)
                0x08000378                vtable for codal::Serial
 .rodata._ZTVN5codal10EventModelE
                0x080003b0       0x14 .pioenvs\bluepill_f103c8\lib635\libcodal-core.a(MessageBus.o)
                0x080003b0                vtable for codal::EventModel
 .rodata._ZTVN5codal10MessageBusE
                0x080003c4       0x3c .pioenvs\bluepill_f103c8\lib635\libcodal-core.a(MessageBus.o)
                0x080003c4                vtable for codal::MessageBus
 .rodata._ZL9emptyData
                0x08000400        0x4 .pioenvs\bluepill_f103c8\lib635\libcodal-core.a(ManagedString.o)
 .rodata._ZTVN5codal3_cm3I2CE
                0x08000404       0x2c .pioenvs\bluepill_f103c8\lib24c\libcm.a(CmI2C.o)
                0x08000404                vtable for codal::_cm::I2C
 .rodata._ZTVN5codal3_cm3SPIE
                0x08000430       0x1c .pioenvs\bluepill_f103c8\lib24c\libcm.a(CmSPI.o)
                0x08000430                vtable for codal::_cm::SPI
 .rodata._ZTVN5codal3_cm6SerialE
                0x0800044c       0x38 .pioenvs\bluepill_f103c8\lib24c\libcm.a(CmSerial.o)
                0x0800044c                vtable for codal::_cm::Serial
 .rodata._ZTVN5codal3_cm5TimerE
                0x08000484       0x18 .pioenvs\bluepill_f103c8\lib24c\libcm.a(CmTimer.o)
                0x08000484                vtable for codal::_cm::Timer
 .rodata._ZTVN5codal3I2CE
                0x0800049c       0x2c .pioenvs\bluepill_f103c8\lib635\libcodal-core.a(I2C.o)
                0x0800049c                vtable for codal::I2C
 .rodata._Z10Blink_mainRN5codal13STM32BluePillE.str1.1
                0x080004c8       0x1f .pioenvs\bluepill_f103c8\src\main.o
 .rodata._ZL10debug_dumpRN5codal13STM32BluePillEPKc.str1.1
                0x080004e7       0x21 .pioenvs\bluepill_f103c8\src\main.o
                                 0x22 (size before relaxing)
 .rodata.test_nanofloat.str1.1
                0x08000508      0x21f .pioenvs\bluepill_f103c8\src\unit_test.o
                                0x220 (size before relaxing)
 .rodata._Z11debug_printi.str1.1
                0x08000727        0x2 .pioenvs\bluepill_f103c8\lib931\liblogger.a(logger.o)
                                  0x4 (size before relaxing)
 .rodata._Z11debug_printj.str1.1
                0x08000729        0xb .pioenvs\bluepill_f103c8\lib931\liblogger.a(logger.o)
 .rodata.debug_println.str1.1
                0x08000734        0x2 .pioenvs\bluepill_f103c8\lib931\liblogger.a(logger.o)
 .rodata.UnityPrintFloat.str1.1
                0x08000736        0x8 .pioenvs\bluepill_f103c8\lib0e4\libunity.a(unity.o)
                                  0xa (size before relaxing)
 .rodata.UnityStrBreaker
                0x0800073e       0x18 .pioenvs\bluepill_f103c8\lib0e4\libunity.a(unity.o)
 .rodata.UnityStrDetail1Name
                0x08000756        0xa .pioenvs\bluepill_f103c8\lib0e4\libunity.a(unity.o)
 .rodata.UnityStrDetail2Name
                0x08000760        0xb .pioenvs\bluepill_f103c8\lib0e4\libunity.a(unity.o)
 .rodata.UnityStrExpected
                0x0800076b        0xb .pioenvs\bluepill_f103c8\lib0e4\libunity.a(unity.o)
 .rodata.UnityStrFail
                0x08000776        0x5 .pioenvs\bluepill_f103c8\lib0e4\libunity.a(unity.o)
 .rodata.UnityStrOk
                0x0800077b        0x3 .pioenvs\bluepill_f103c8\lib0e4\libunity.a(unity.o)
 .rodata.UnityStrPass
                0x0800077e        0x5 .pioenvs\bluepill_f103c8\lib0e4\libunity.a(unity.o)
 .rodata.UnityStrResultsFailures
                0x08000783        0xb .pioenvs\bluepill_f103c8\lib0e4\libunity.a(unity.o)
 .rodata.UnityStrResultsIgnored
                0x0800078e        0xa .pioenvs\bluepill_f103c8\lib0e4\libunity.a(unity.o)
 .rodata.UnityStrResultsTests
                0x08000798        0x8 .pioenvs\bluepill_f103c8\lib0e4\libunity.a(unity.o)
 .rodata.UnityStrSpacer
                0x080007a0        0x3 .pioenvs\bluepill_f103c8\lib0e4\libunity.a(unity.o)
 .rodata.UnityStrWas
                0x080007a3        0x6 .pioenvs\bluepill_f103c8\lib0e4\libunity.a(unity.o)
 .rodata._ZN5codal3_cm3Pin15setDigitalValueEi.str1.1
                0x080007a9       0x42 .pioenvs\bluepill_f103c8\lib24c\libcm.a(CmPin.o)
 .rodata.target_panic.str1.1
                0x080007eb       0x13 .pioenvs\bluepill_f103c8\lib24c\libcm.a(codal_target_hal.o)
 .rodata.target_wait.str1.1
                0x080007fe       0x10 .pioenvs\bluepill_f103c8\lib24c\libcm.a(codal_target_hal.o)
 .rodata.target_wait_us.str1.1
                0x0800080e       0x13 .pioenvs\bluepill_f103c8\lib24c\libcm.a(codal_target_hal.o)
 .rodata.test_codal.str1.1
                0x08000821       0x34 .pioenvs\bluepill_f103c8\lib24c\libcm.a(codal_target_hal.o)
 .rodata.platform_setup.str1.1
                0x08000855       0x13 .pioenvs\bluepill_f103c8\libff7\libbluepill.a(bluepill.o)
 .rodata.platform_start_timer.str1.1
                0x08000868       0x2f .pioenvs\bluepill_f103c8\libff7\libbluepill.a(timer.o)
 .rodata.bootloader_start.str1.1
                0x08000897       0x74 .pioenvs\bluepill_f103c8\lib443\libbootloader.a(bootloader.o)
 .rodata.target_flash_program_array.str1.1
                0x0800090b       0x6a .pioenvs\bluepill_f103c8\lib443\libbootloader.a(target_stm32f103.o)
                                 0x6b (size before relaxing)
 .rodata.aggregate_callback.str1.1
                0x08000975        0x4 .pioenvs\bluepill_f103c8\lib443\libbootloader.a(usb_conf.o)
 .rodata.aggregate_register_callback.str1.1
                0x08000979       0x26 .pioenvs\bluepill_f103c8\lib443\libbootloader.a(usb_conf.o)
 .rodata.aggregate_register_config_callback.str1.1
                0x0800099f       0x25 .pioenvs\bluepill_f103c8\lib443\libbootloader.a(usb_conf.o)
 .rodata.bos_descriptor
                0x080009c4        0x9 .pioenvs\bluepill_f103c8\lib443\libbootloader.a(usb_conf.o)
 .rodata.cdc_iface_assoc
                0x080009cd        0x8 .pioenvs\bluepill_f103c8\lib443\libbootloader.a(usb_conf.o)
 .rodata.cdcacm_functional_descriptors
                0x080009d5       0x13 .pioenvs\bluepill_f103c8\lib443\libbootloader.a(usb_conf.o)
 .rodata.comm_endp
                0x080009e8        0xf .pioenvs\bluepill_f103c8\lib443\libbootloader.a(usb_conf.o)
 .rodata.comm_iface
                0x080009f7       0x15 .pioenvs\bluepill_f103c8\lib443\libbootloader.a(usb_conf.o)
 .rodata.config
                0x08000a0c        0xd .pioenvs\bluepill_f103c8\lib443\libbootloader.a(usb_conf.o)
 .rodata.data_endp
                0x08000a19       0x1e .pioenvs\bluepill_f103c8\lib443\libbootloader.a(usb_conf.o)
 .rodata.data_iface
                0x08000a37       0x15 .pioenvs\bluepill_f103c8\lib443\libbootloader.a(usb_conf.o)
 .rodata.dev    0x08000a4c       0x12 .pioenvs\bluepill_f103c8\lib443\libbootloader.a(usb_conf.o)
 .rodata.dump_buffer.str1.1
                0x08000a5e       0x25 .pioenvs\bluepill_f103c8\lib443\libbootloader.a(usb_conf.o)
                                  0x7 (size before relaxing)
 .rodata.dump_usb_request.str1.1
                0x08000a5e       0x6c .pioenvs\bluepill_f103c8\lib443\libbootloader.a(usb_conf.o)
                                 0x70 (size before relaxing)
 .rodata.hf2_endp
                0x08000aca       0x1e .pioenvs\bluepill_f103c8\lib443\libbootloader.a(usb_conf.o)
 .rodata.hf2_iface
                0x08000ae8       0x15 .pioenvs\bluepill_f103c8\lib443\libbootloader.a(usb_conf.o)
 .rodata.set_aggregate_callback.str1.1
                0x08000afd       0x40 .pioenvs\bluepill_f103c8\lib443\libbootloader.a(usb_conf.o)
 .rodata.str1.1
                0x08000b3d       0x7e .pioenvs\bluepill_f103c8\lib443\libbootloader.a(usb_conf.o)
 .rodata.usb_setup.str1.1
                0x08000bbb       0x2e .pioenvs\bluepill_f103c8\lib443\libbootloader.a(usb_conf.o)
 .rodata.webusb_control_vendor_request.str1.1
                0x08000be9       0x3c .pioenvs\bluepill_f103c8\lib443\libbootloader.a(webusb.o)
                                 0x3d (size before relaxing)
 .rodata.webusb_platform_capability_descriptor
                0x08000c25       0x18 .pioenvs\bluepill_f103c8\lib443\libbootloader.a(webusb.o)
                0x08000c25                webusb_platform_capability_descriptor
 .rodata.webusb_set_config.str1.1
                0x08000c3d       0x1d .pioenvs\bluepill_f103c8\lib443\libbootloader.a(webusb.o)
 .rodata.webusb_setup.str1.1
                0x08000c5a       0x18 .pioenvs\bluepill_f103c8\lib443\libbootloader.a(webusb.o)
 .rodata.guid   0x08000c72       0x92 .pioenvs\bluepill_f103c8\lib443\libbootloader.a(winusb.o)
 .rodata.microsoft_platform_capability_descriptor
                0x08000d04       0x1c .pioenvs\bluepill_f103c8\lib443\libbootloader.a(winusb.o)
                0x08000d04                microsoft_platform_capability_descriptor
 .rodata.winusb_control_vendor_request.str1.1
                0x08000d20       0x14 .pioenvs\bluepill_f103c8\lib443\libbootloader.a(winusb.o)
 .rodata.winusb_descriptor_request.str1.1
                0x08000d34        0x6 .pioenvs\bluepill_f103c8\lib443\libbootloader.a(winusb.o)
 .rodata.winusb_set_config.str1.1
                0x08000d3a       0x1d .pioenvs\bluepill_f103c8\lib443\libbootloader.a(winusb.o)
 .rodata.winusb_setup.str1.1
                0x08000d57       0x18 .pioenvs\bluepill_f103c8\lib443\libbootloader.a(winusb.o)
 .rodata.winusb_string_descriptor
                0x08000d6f       0x12 .pioenvs\bluepill_f103c8\lib443\libbootloader.a(winusb.o)
 .rodata.cdc_setup.str1.1
                0x08000d81       0x15 .pioenvs\bluepill_f103c8\lib443\libbootloader.a(cdc.o)
 .rodata.cdcacm_comm_cb.str1.1
                0x08000d96        0x5 .pioenvs\bluepill_f103c8\lib443\libbootloader.a(cdc.o)
 .rodata.cdcacm_control_request.str1.1
                0x08000d9b       0x28 .pioenvs\bluepill_f103c8\lib443\libbootloader.a(cdc.o)
                                 0x30 (size before relaxing)
 .rodata.cdcacm_data_rx_cb.str1.1
                0x08000dc3        0x4 .pioenvs\bluepill_f103c8\lib443\libbootloader.a(cdc.o)
 .rodata.cdcacm_set_config.str1.1
                0x08000dc7       0x1d .pioenvs\bluepill_f103c8\lib443\libbootloader.a(cdc.o)
 .rodata.line_coding
                0x08000de4        0x7 .pioenvs\bluepill_f103c8\lib443\libbootloader.a(cdc.o)
 .rodata.assert.part.0.str1.1
                0x08000deb        0xc .pioenvs\bluepill_f103c8\lib443\libbootloader.a(hf2.o)
 .rodata.bad_packet_message
                0x08000df7        0xb .pioenvs\bluepill_f103c8\lib443\libbootloader.a(hf2.o)
 .rodata.hf2_data_rx_cb.str1.1
                0x08000e02       0x88 .pioenvs\bluepill_f103c8\lib443\libbootloader.a(hf2.o)
                                 0x89 (size before relaxing)
 .rodata.hf2_set_config.str1.1
                0x08000e8a        0xb .pioenvs\bluepill_f103c8\lib443\libbootloader.a(hf2.o)
 .rodata.hf2_setup.str1.1
                0x08000e95       0x15 .pioenvs\bluepill_f103c8\lib443\libbootloader.a(hf2.o)
 .rodata.send_hf2_response.str1.1
                0x08000eaa        0x7 .pioenvs\bluepill_f103c8\lib443\libbootloader.a(hf2.o)
 .rodata.usb21_set_config.str1.1
                0x08000eb1       0x1c .pioenvs\bluepill_f103c8\lib443\libbootloader.a(usb21_standard.o)
 .rodata.usb21_setup.str1.1
                0x08000ecd       0x17 .pioenvs\bluepill_f103c8\lib443\libbootloader.a(usb21_standard.o)
 .rodata.usb21_standard_get_descriptor.str1.1
                0x08000ee4       0x21 .pioenvs\bluepill_f103c8\lib443\libbootloader.a(usb21_standard.o)
 .rodata.flushFlash.str1.1
                0x08000f05       0x1e .pioenvs\bluepill_f103c8\lib443\libbootloader.a(ghostfat.o)
                                 0x1f (size before relaxing)
 .rodata.infoUf2File
                0x08000f23       0x55 .pioenvs\bluepill_f103c8\lib443\libbootloader.a(ghostfat.o)
                0x08000f23                infoUf2File
 .rodata.chars.4166
                0x08000f78       0x11 .pioenvs\bluepill_f103c8\libFrameworkLibOpenCM3.a(desig.o)
 .rodata._ZN5codal3_cm3SPI4initEv.str1.1
                0x08000f89       0x10 .pioenvs\bluepill_f103c8\lib24c\libcm.a(CmSPI.o)
 .rodata._ZN5codal3_cm3SPIC2ERNS0_3PinES3_S3_.str1.1
                0x08000f99       0x22 .pioenvs\bluepill_f103c8\lib24c\libcm.a(CmSPI.o)
                                 0x23 (size before relaxing)
 .rodata._ZN5codal3_cm3SPIC2ERNS0_3PinES3_S3_S3_.str1.1
                0x08000fbb        0x6 .pioenvs\bluepill_f103c8\lib24c\libcm.a(CmSPI.o)
                                 0x10 (size before relaxing)
 .rodata._ZN5codal3_cm5Timer4initEv.str1.1
                0x08000fc1        0xb .pioenvs\bluepill_f103c8\lib24c\libcm.a(CmTimer.o)
 .rodata.pinmap_cnf.str1.1
                0x08000fcc       0x19 .pioenvs\bluepill_f103c8\lib24c\libcm.a(CmPinMap.o)
 .rodata.pinmap_mode.str1.1
                0x08000fe5       0x1a .pioenvs\bluepill_f103c8\lib24c\libcm.a(CmPinMap.o)
 .rodata.pinmap_peripheral.str1.1
                0x08000fff       0x20 .pioenvs\bluepill_f103c8\lib24c\libcm.a(CmPinMap.o)
                0x08001020                . = ALIGN (0x4)
 *fill*         0x0800101f        0x1 

.text           0x08008000     0xb50c
 *(SORT_BY_ALIGNMENT(.vectors))
 *(SORT_BY_ALIGNMENT(.text*))
 .text.test_fabs
                0x08008000      0x160 .pioenvs\bluepill_f103c8\src\unit_test.o
                0x08008000                test_fabs
 .text.test_aeabi_ddiv
                0x08008160      0x19c .pioenvs\bluepill_f103c8\src\unit_test.o
                0x08008160                test_aeabi_ddiv
 *fill*         0x080082fc        0x4 
 .text.test_aeabi_dmul
                0x08008300      0x19c .pioenvs\bluepill_f103c8\src\unit_test.o
                0x08008300                test_aeabi_dmul
 *fill*         0x0800849c        0x4 
 .text.test_aeabi_dcmpeq
                0x080084a0      0x1a4 .pioenvs\bluepill_f103c8\src\unit_test.o
                0x080084a0                test_aeabi_dcmpeq
 *fill*         0x08008644        0x4 
 .text.test_aeabi_dcmplt
                0x08008648      0x1a4 .pioenvs\bluepill_f103c8\src\unit_test.o
                0x08008648                test_aeabi_dcmplt
 *fill*         0x080087ec        0x4 
 .text.test_aeabi_dcmple
                0x080087f0      0x1a4 .pioenvs\bluepill_f103c8\src\unit_test.o
                0x080087f0                test_aeabi_dcmple
 *fill*         0x08008994        0x4 
 .text.test_aeabi_dcmpge
                0x08008998      0x1a4 .pioenvs\bluepill_f103c8\src\unit_test.o
                0x08008998                test_aeabi_dcmpge
 *fill*         0x08008b3c        0x4 
 .text.test_aeabi_dcmpgt
                0x08008b40      0x1a4 .pioenvs\bluepill_f103c8\src\unit_test.o
                0x08008b40                test_aeabi_dcmpgt
 *fill*         0x08008ce4        0x4 
 .text.test_aeabi_dcmpun
                0x08008ce8      0x1a4 .pioenvs\bluepill_f103c8\src\unit_test.o
                0x08008ce8                test_aeabi_dcmpun
 *fill*         0x08008e8c        0x4 
 .text.test_aeabi_d2iz
                0x08008e90       0x94 .pioenvs\bluepill_f103c8\src\unit_test.o
                0x08008e90                test_aeabi_d2iz
 *fill*         0x08008f24        0x4 
 .text.test_aeabi_d2uiz
                0x08008f28       0x90 .pioenvs\bluepill_f103c8\src\unit_test.o
                0x08008f28                test_aeabi_d2uiz
 .text.test_sqrt
                0x08008fb8       0xc8 .pioenvs\bluepill_f103c8\src\unit_test.o
                0x08008fb8                test_sqrt
 .text.test_log
                0x08009080       0xd0 .pioenvs\bluepill_f103c8\src\unit_test.o
                0x08009080                test_log
 .text.test_exp
                0x08009150      0x128 .pioenvs\bluepill_f103c8\src\unit_test.o
                0x08009150                test_exp
 .text.test_log2
                0x08009278      0x10c .pioenvs\bluepill_f103c8\src\unit_test.o
                0x08009278                test_log2
 *fill*         0x08009384        0x4 
 .text.test_log10
                0x08009388       0xd0 .pioenvs\bluepill_f103c8\src\unit_test.o
                0x08009388                test_log10
 .text.test_pow
                0x08009458      0x110 .pioenvs\bluepill_f103c8\src\unit_test.o
                0x08009458                test_pow
 .text.test_ldexp
                0x08009568       0xc4 .pioenvs\bluepill_f103c8\src\unit_test.o
                0x08009568                test_ldexp
 *fill*         0x0800962c        0x4 
 .text.test_sin
                0x08009630      0x150 .pioenvs\bluepill_f103c8\src\unit_test.o
                0x08009630                test_sin
 .text.test_cos
                0x08009780      0x158 .pioenvs\bluepill_f103c8\src\unit_test.o
                0x08009780                test_cos
 .text.test_tan
                0x080098d8      0x148 .pioenvs\bluepill_f103c8\src\unit_test.o
                0x080098d8                test_tan
 .text.test_atan2
                0x08009a20      0x218 .pioenvs\bluepill_f103c8\src\unit_test.o
                0x08009a20                test_atan2
 .text.test_atan
                0x08009c38       0xc4 .pioenvs\bluepill_f103c8\src\unit_test.o
                0x08009c38                test_atan
 *fill*         0x08009cfc        0x4 
 .text.test_asin
                0x08009d00       0xa8 .pioenvs\bluepill_f103c8\src\unit_test.o
                0x08009d00                test_asin
 .text.test_acos
                0x08009da8      0x174 .pioenvs\bluepill_f103c8\src\unit_test.o
                0x08009da8                test_acos
 *fill*         0x08009f1c        0x4 
 .text.test_sinh
                0x08009f20      0x110 .pioenvs\bluepill_f103c8\src\unit_test.o
                0x08009f20                test_sinh
 .text.test_cosh
                0x0800a030      0x110 .pioenvs\bluepill_f103c8\src\unit_test.o
                0x0800a030                test_cosh
 .text.test_tanh
                0x0800a140      0x110 .pioenvs\bluepill_f103c8\src\unit_test.o
                0x0800a140                test_tanh
 .text.test_asinh
                0x0800a250      0x110 .pioenvs\bluepill_f103c8\src\unit_test.o
                0x0800a250                test_asinh
 .text.test_acosh
                0x0800a360       0x90 .pioenvs\bluepill_f103c8\src\unit_test.o
                0x0800a360                test_acosh
 .text.test_atanh
                0x0800a3f0       0xc8 .pioenvs\bluepill_f103c8\src\unit_test.o
                0x0800a3f0                test_atanh
 .text.test_trunc
                0x0800a4b8      0x178 .pioenvs\bluepill_f103c8\src\unit_test.o
                0x0800a4b8                test_trunc
 .text.test_floor
                0x0800a630      0x17c .pioenvs\bluepill_f103c8\src\unit_test.o
                0x0800a630                test_floor
 *fill*         0x0800a7ac        0x4 
 .text.test_ceil
                0x0800a7b0      0x17c .pioenvs\bluepill_f103c8\src\unit_test.o
                0x0800a7b0                test_ceil
 *fill*         0x0800a92c        0x4 
 .text.test_fmod
                0x0800a930      0x1d8 .pioenvs\bluepill_f103c8\src\unit_test.o
                0x0800a930                test_fmod
 .text.UnityPrintFloat
                0x0800ab08      0x344 .pioenvs\bluepill_f103c8\lib0e4\libunity.a(unity.o)
                0x0800ab08                UnityPrintFloat
 *fill*         0x0800ae4c        0x4 
 .text.acos     0x0800ae50       0xbc .pioenvs\bluepill_f103c8\libc64\libnano-float.a(functions.o)
                0x0800ae50                acos
 .text          0x0800af0c      0x124 asm/CortexContextSwitch.s.o
                0x0800af0c                swap_context
                0x0800af8e                save_context
                0x0800afd2                save_register_context
                0x0800b002                restore_register_context
 .text._ZL10debug_dumpRN5codal13STM32BluePillEPKc
                0x0800b030       0x7c .pioenvs\bluepill_f103c8\src\main.o
 .text._Z10Blink_mainRN5codal13STM32BluePillE
                0x0800b0ac       0x74 .pioenvs\bluepill_f103c8\src\main.o
                0x0800b0ac                Blink_main(codal::STM32BluePill&)
 .text.startup._GLOBAL__sub_I_serialPort
                0x0800b120       0x10 .pioenvs\bluepill_f103c8\src\uart.o
 .text.test_aeabi_fdiv
                0x0800b130      0x100 .pioenvs\bluepill_f103c8\src\unit_test.o
                0x0800b130                test_aeabi_fdiv
 .text.test_nanofloat
                0x0800b230      0x438 .pioenvs\bluepill_f103c8\src\unit_test.o
                0x0800b230                test_nanofloat
 .text.enable_log
                0x0800b668       0x18 .pioenvs\bluepill_f103c8\lib931\liblogger.a(logger.o)
                0x0800b668                enable_log
 .text.debug_flush
                0x0800b680       0x38 .pioenvs\bluepill_f103c8\lib931\liblogger.a(logger.o)
                0x0800b680                debug_flush
 .text._ZL12debug_appendPKcj
                0x0800b6b8       0x50 .pioenvs\bluepill_f103c8\lib931\liblogger.a(logger.o)
 .text._Z11debug_printj
                0x0800b708       0x7c .pioenvs\bluepill_f103c8\lib931\liblogger.a(logger.o)
                0x0800b708                debug_print(unsigned int)
 .text._Z11debug_printi
                0x0800b784       0x30 .pioenvs\bluepill_f103c8\lib931\liblogger.a(logger.o)
                0x0800b784                debug_print(int)
 .text.debug_println
                0x0800b7b4       0x1c .pioenvs\bluepill_f103c8\lib931\liblogger.a(logger.o)
                0x0800b7b4                debug_println
 .text._Z13debug_printlni
                0x0800b7d0       0x18 .pioenvs\bluepill_f103c8\lib931\liblogger.a(logger.o)
                0x0800b7d0                debug_println(int)
 .text._ZN5codal10EventModel6listenEiiPFvNS_5EventEEt
                0x0800b7e8       0x60 .pioenvs\bluepill_f103c8\lib635\libcodal-core.a(CodalFiber.o)
                0x0800b7e8                codal::EventModel::listen(int, int, void (*)(codal::Event), unsigned short)
 .text._ZN5codal14scheduler_tickENS_5EventE
                0x0800b848       0x38 .pioenvs\bluepill_f103c8\lib635\libcodal-core.a(CodalFiber.o)
                0x0800b848                codal::scheduler_tick(codal::Event)
 .text._ZN5codal15scheduler_eventENS_5EventE
                0x0800b880       0xc0 .pioenvs\bluepill_f103c8\lib635\libcodal-core.a(CodalFiber.o)
                0x0800b880                codal::scheduler_event(codal::Event)
 .text._Z15getFiberContextv
                0x0800b940       0x50 .pioenvs\bluepill_f103c8\lib635\libcodal-core.a(CodalFiber.o)
                0x0800b940                getFiberContext()
 .text._ZL10handle_fobv
                0x0800b990       0x2c .pioenvs\bluepill_f103c8\lib635\libcodal-core.a(CodalFiber.o)
 .text._ZN5codal23fiber_scheduler_runningEv
                0x0800b9bc       0x10 .pioenvs\bluepill_f103c8\lib635\libcodal-core.a(CodalFiber.o)
                0x0800b9bc                codal::fiber_scheduler_running()
 .text._ZN5codal14scheduler_initERNS_10EventModelE
                0x0800b9cc       0xac .pioenvs\bluepill_f103c8\lib635\libcodal-core.a(CodalFiber.o)
                0x0800b9cc                codal::scheduler_init(codal::EventModel&)
 .text._ZN5codal19fiber_wake_on_eventEtt
                0x0800ba78       0x5c .pioenvs\bluepill_f103c8\lib635\libcodal-core.a(CodalFiber.o)
                0x0800ba78                codal::fiber_wake_on_event(unsigned short, unsigned short)
 .text._Z14__create_fibermmmi
                0x0800bad4       0x64 .pioenvs\bluepill_f103c8\lib635\libcodal-core.a(CodalFiber.o)
                0x0800bad4                __create_fiber(unsigned long, unsigned long, unsigned long, int)
 .text._ZN5codal17verify_stack_sizeEPNS_5FiberE
                0x0800bb38       0x44 .pioenvs\bluepill_f103c8\lib635\libcodal-core.a(CodalFiber.o)
                0x0800bb38                codal::verify_stack_size(codal::Fiber*)
 .text._ZN5codal24scheduler_runqueue_emptyEv
                0x0800bb7c       0x10 .pioenvs\bluepill_f103c8\lib635\libcodal-core.a(CodalFiber.o)
                0x0800bb7c                codal::scheduler_runqueue_empty()
 .text._ZN5codal4idleEv
                0x0800bb8c       0x3c .pioenvs\bluepill_f103c8\lib635\libcodal-core.a(CodalFiber.o)
                0x0800bb8c                codal::idle()
 .text._ZN5codal8scheduleEv
                0x0800bbc8      0x108 .pioenvs\bluepill_f103c8\lib635\libcodal-core.a(CodalFiber.o)
                0x0800bbc8                codal::schedule()
 .text._ZN5codal11fiber_sleepEm
                0x0800bcd0       0x3c .pioenvs\bluepill_f103c8\lib635\libcodal-core.a(CodalFiber.o)
                0x0800bcd0                codal::fiber_sleep(unsigned long)
 .text._ZN5codal13release_fiberEv
                0x0800bd0c       0x6c .pioenvs\bluepill_f103c8\lib635\libcodal-core.a(CodalFiber.o)
                0x0800bd0c                codal::release_fiber()
 .text._ZN5codal6invokeEPFvPvES0_
                0x0800bd78       0x80 .pioenvs\bluepill_f103c8\lib635\libcodal-core.a(CodalFiber.o)
                0x0800bd78                codal::invoke(void (*)(void*), void*)
 .text._Z18device_create_heapmm
                0x0800bdf8       0x3c .pioenvs\bluepill_f103c8\lib635\libcodal-core.a(CodalHeapAllocator.o)
                0x0800bdf8                device_create_heap(unsigned long, unsigned long)
 .text.device_malloc
                0x0800be34       0x48 .pioenvs\bluepill_f103c8\lib635\libcodal-core.a(CodalHeapAllocator.o)
                0x0800be34                device_malloc
                0x0800be34                malloc
 .text.device_free
                0x0800be7c       0x40 .pioenvs\bluepill_f103c8\lib635\libcodal-core.a(CodalHeapAllocator.o)
                0x0800be7c                free
                0x0800be7c                device_free
 .text._ZN5codal5TimerC2Ev
                0x0800bebc       0x34 .pioenvs\bluepill_f103c8\lib635\libcodal-core.a(Timer.o)
                0x0800bebc                codal::Timer::Timer()
                0x0800bebc                codal::Timer::Timer()
 .text._ZN5codal25system_timer_current_timeEv
                0x0800bef0       0x10 .pioenvs\bluepill_f103c8\lib635\libcodal-core.a(Timer.o)
                0x0800bef0                codal::system_timer_current_time()
 .text._ZN5codal27system_timer_event_every_usEmtt
                0x0800bf00       0x24 .pioenvs\bluepill_f103c8\lib635\libcodal-core.a(Timer.o)
                0x0800bf00                codal::system_timer_event_every_us(unsigned long, unsigned short, unsigned short)
 .text._ZN5codal5Event4fireEv
                0x0800bf24       0x20 .pioenvs\bluepill_f103c8\lib635\libcodal-core.a(Event.o)
                0x0800bf24                codal::Event::fire()
 .text.os_event_init
                0x0800bf44        0xc .pioenvs\bluepill_f103c8\libd0a\libcocoOS_5.0.3.a(os_event.o)
                0x0800bf44                os_event_init
 .text.os_init  0x0800bf50       0x34 .pioenvs\bluepill_f103c8\libd0a\libcocoOS_5.0.3.a(os_kernel.o)
                0x0800bf50                os_init
 .text.os_msgQ_init
                0x0800bf84       0x24 .pioenvs\bluepill_f103c8\libd0a\libcocoOS_5.0.3.a(os_msgqueue.o)
                0x0800bf84                os_msgQ_init
 .text.os_sem_init
                0x0800bfa8        0xc .pioenvs\bluepill_f103c8\libd0a\libcocoOS_5.0.3.a(os_sem.o)
                0x0800bfa8                os_sem_init
 .text.os_task_init
                0x0800bfb4       0x40 .pioenvs\bluepill_f103c8\libd0a\libcocoOS_5.0.3.a(os_task.o)
                0x0800bfb4                os_task_init
 .text.UnityTestResultsBegin
                0x0800bff4       0x30 .pioenvs\bluepill_f103c8\lib0e4\libunity.a(unity.o)
 .text.UnityTestResultsFailBegin
                0x0800c024       0x24 .pioenvs\bluepill_f103c8\lib0e4\libunity.a(unity.o)
 .text.UnityAddMsgIfSpecified
                0x0800c048       0x50 .pioenvs\bluepill_f103c8\lib0e4\libunity.a(unity.o)
 .text.UnityConcludeTest
                0x0800c098       0x44 .pioenvs\bluepill_f103c8\lib0e4\libunity.a(unity.o)
                0x0800c098                UnityConcludeTest
 .text.UnityAssertEqualNumber
                0x0800c0dc       0x58 .pioenvs\bluepill_f103c8\lib0e4\libunity.a(unity.o)
                0x0800c0dc                UnityAssertEqualNumber
 .text.UnityAssertFloatsWithin
                0x0800c134       0x58 .pioenvs\bluepill_f103c8\lib0e4\libunity.a(unity.o)
                0x0800c134                UnityAssertFloatsWithin
 .text.UnityAssertDoublesWithin
                0x0800c18c       0x60 .pioenvs\bluepill_f103c8\lib0e4\libunity.a(unity.o)
                0x0800c18c                UnityAssertDoublesWithin
 .text.UnityDefaultTestRun
                0x0800c1ec       0x2c .pioenvs\bluepill_f103c8\lib0e4\libunity.a(unity.o)
                0x0800c1ec                UnityDefaultTestRun
 .text.UnityBegin
                0x0800c218       0x20 .pioenvs\bluepill_f103c8\lib0e4\libunity.a(unity.o)
                0x0800c218                UnityBegin
 .text.UnityEnd
                0x0800c238       0x74 .pioenvs\bluepill_f103c8\lib0e4\libunity.a(unity.o)
                0x0800c238                UnityEnd
 .text.get_float_usage
                0x0800c2ac        0xc .pioenvs\bluepill_f103c8\libc64\libnano-float.a(functions.o)
                0x0800c2ac                get_float_usage
 .text.__wrap___aeabi_ddiv
                0x0800c2b8       0x30 .pioenvs\bluepill_f103c8\libc64\libnano-float.a(functions.o)
                0x0800c2b8                __wrap___aeabi_ddiv
 .text.__wrap___aeabi_dmul
                0x0800c2e8       0x30 .pioenvs\bluepill_f103c8\libc64\libnano-float.a(functions.o)
                0x0800c2e8                __wrap___aeabi_dmul
 .text.__wrap___aeabi_dcmpeq
                0x0800c318       0x34 .pioenvs\bluepill_f103c8\libc64\libnano-float.a(functions.o)
                0x0800c318                __wrap___aeabi_dcmpeq
 .text.__wrap___aeabi_dcmplt
                0x0800c34c       0x30 .pioenvs\bluepill_f103c8\libc64\libnano-float.a(functions.o)
                0x0800c34c                __wrap___aeabi_dcmplt
 .text.__wrap___aeabi_dcmple
                0x0800c37c       0x34 .pioenvs\bluepill_f103c8\libc64\libnano-float.a(functions.o)
                0x0800c37c                __wrap___aeabi_dcmple
 .text.__wrap___aeabi_dcmpge
                0x0800c3b0       0x30 .pioenvs\bluepill_f103c8\libc64\libnano-float.a(functions.o)
                0x0800c3b0                __wrap___aeabi_dcmpge
 .text.__wrap___aeabi_dcmpgt
                0x0800c3e0       0x34 .pioenvs\bluepill_f103c8\libc64\libnano-float.a(functions.o)
                0x0800c3e0                __wrap___aeabi_dcmpgt
 .text.__wrap___aeabi_dcmpun
                0x0800c414       0x34 .pioenvs\bluepill_f103c8\libc64\libnano-float.a(functions.o)
                0x0800c414                __wrap___aeabi_dcmpun
 .text.__wrap___aeabi_fdiv
                0x0800c448       0x10 .pioenvs\bluepill_f103c8\libc64\libnano-float.a(functions.o)
                0x0800c448                __wrap___aeabi_fdiv
 .text.__wrap___aeabi_d2iz
                0x0800c458       0x2c .pioenvs\bluepill_f103c8\libc64\libnano-float.a(functions.o)
                0x0800c458                __wrap___aeabi_d2iz
 .text.__wrap___aeabi_d2uiz
                0x0800c484       0x38 .pioenvs\bluepill_f103c8\libc64\libnano-float.a(functions.o)
                0x0800c484                __wrap___aeabi_d2uiz
 .text.sqrt     0x0800c4bc       0x1c .pioenvs\bluepill_f103c8\libc64\libnano-float.a(functions.o)
                0x0800c4bc                sqrt
 .text.log      0x0800c4d8       0x1c .pioenvs\bluepill_f103c8\libc64\libnano-float.a(functions.o)
                0x0800c4d8                log
 .text.exp      0x0800c4f4       0x1c .pioenvs\bluepill_f103c8\libc64\libnano-float.a(functions.o)
                0x0800c4f4                exp
 .text.log2     0x0800c510       0x28 .pioenvs\bluepill_f103c8\libc64\libnano-float.a(functions.o)
                0x0800c510                log2
 .text.log10    0x0800c538       0x28 .pioenvs\bluepill_f103c8\libc64\libnano-float.a(functions.o)
                0x0800c538                log10
 .text.pow      0x0800c560       0x88 .pioenvs\bluepill_f103c8\libc64\libnano-float.a(functions.o)
                0x0800c560                pow
 .text.ldexp    0x0800c5e8       0x40 .pioenvs\bluepill_f103c8\libc64\libnano-float.a(functions.o)
                0x0800c5e8                ldexp
 .text.sin      0x0800c628       0x1c .pioenvs\bluepill_f103c8\libc64\libnano-float.a(functions.o)
                0x0800c628                sin
 .text.cos      0x0800c644       0x34 .pioenvs\bluepill_f103c8\libc64\libnano-float.a(functions.o)
                0x0800c644                cos
 .text.tan      0x0800c678       0x1c .pioenvs\bluepill_f103c8\libc64\libnano-float.a(functions.o)
                0x0800c678                tan
 .text.atan2    0x0800c694       0x50 .pioenvs\bluepill_f103c8\libc64\libnano-float.a(functions.o)
                0x0800c694                atan2
 .text.atan     0x0800c6e4       0xa8 .pioenvs\bluepill_f103c8\libc64\libnano-float.a(functions.o)
                0x0800c6e4                atan
 .text.asin     0x0800c78c       0x88 .pioenvs\bluepill_f103c8\libc64\libnano-float.a(functions.o)
                0x0800c78c                asin
 .text.sinh     0x0800c814       0x94 .pioenvs\bluepill_f103c8\libc64\libnano-float.a(functions.o)
                0x0800c814                sinh
 .text.cosh     0x0800c8a8       0x9c .pioenvs\bluepill_f103c8\libc64\libnano-float.a(functions.o)
                0x0800c8a8                cosh
 .text.tanh     0x0800c944       0xac .pioenvs\bluepill_f103c8\libc64\libnano-float.a(functions.o)
                0x0800c944                tanh
 .text.asinh    0x0800c9f0       0x94 .pioenvs\bluepill_f103c8\libc64\libnano-float.a(functions.o)
                0x0800c9f0                asinh
 .text.acosh    0x0800ca84       0xac .pioenvs\bluepill_f103c8\libc64\libnano-float.a(functions.o)
                0x0800ca84                acosh
 .text.atanh    0x0800cb30       0xbc .pioenvs\bluepill_f103c8\libc64\libnano-float.a(functions.o)
                0x0800cb30                atanh
 .text.trunc    0x0800cbec       0x80 .pioenvs\bluepill_f103c8\libc64\libnano-float.a(functions.o)
                0x0800cbec                trunc
 .text.floor    0x0800cc6c       0x7c .pioenvs\bluepill_f103c8\libc64\libnano-float.a(functions.o)
                0x0800cc6c                floor
 .text.ceil     0x0800cce8       0x80 .pioenvs\bluepill_f103c8\libc64\libnano-float.a(functions.o)
                0x0800cce8                ceil
 .text.fmod     0x0800cd68      0x148 .pioenvs\bluepill_f103c8\libc64\libnano-float.a(functions.o)
                0x0800cd68                fmod
 .text._ZN5codal3_cm3Pin14setAnalogValueEi
                0x0800ceb0       0x1c .pioenvs\bluepill_f103c8\lib24c\libcm.a(CmPin.o)
                0x0800ceb0                codal::_cm::Pin::setAnalogValue(int)
 .text._ZN5codal3_cm3Pin13setServoValueEiii
                0x0800cecc       0x2c .pioenvs\bluepill_f103c8\lib24c\libcm.a(CmPin.o)
                0x0800cecc                codal::_cm::Pin::setServoValue(int, int, int)
 .text._ZN5codal3_cm3Pin9isTouchedEv
                0x0800cef8        0x8 .pioenvs\bluepill_f103c8\lib24c\libcm.a(CmPin.o)
                0x0800cef8                codal::_cm::Pin::isTouched()
 .text._ZN5codal3_cm3Pin17getAnalogPeriodUsEv
                0x0800cf00        0x8 .pioenvs\bluepill_f103c8\lib24c\libcm.a(CmPin.o)
                0x0800cf00                codal::_cm::Pin::getAnalogPeriodUs()
 .text._ZN5codal3_cm3Pin15setDigitalValueEi
                0x0800cf08       0x80 .pioenvs\bluepill_f103c8\lib24c\libcm.a(CmPin.o)
                0x0800cf08                codal::_cm::Pin::setDigitalValue(int)
 .text._ZN5codal3_cm3PinC2EhmmtNS_13PinCapabilityE
                0x0800cf88       0x2c .pioenvs\bluepill_f103c8\lib24c\libcm.a(CmPin.o)
                0x0800cf88                codal::_cm::Pin::Pin(unsigned char, unsigned long, unsigned long, unsigned short, codal::PinCapability)
                0x0800cf88                codal::_cm::Pin::Pin(unsigned char, unsigned long, unsigned long, unsigned short, codal::PinCapability)
 .text._ZL10timer_tickv
                0x0800cfb4       0x10 .pioenvs\bluepill_f103c8\lib24c\libcm.a(codal_target_hal.o)
 .text._ZL11timer_alarmv
                0x0800cfc4       0x10 .pioenvs\bluepill_f103c8\lib24c\libcm.a(codal_target_hal.o)
 .text._Z25stm32bluepill_dmesg_flushv
                0x0800cfd4       0x38 .pioenvs\bluepill_f103c8\lib24c\libcm.a(codal_target_hal.o)
                0x0800cfd4                stm32bluepill_dmesg_flush()
 .text.target_set_tick_callback
                0x0800d00c        0xc .pioenvs\bluepill_f103c8\lib24c\libcm.a(codal_target_hal.o)
                0x0800d00c                target_set_tick_callback
 .text.target_set_alarm_callback
                0x0800d018        0xc .pioenvs\bluepill_f103c8\lib24c\libcm.a(codal_target_hal.o)
                0x0800d018                target_set_alarm_callback
 .text.target_init
                0x0800d024       0x3c .pioenvs\bluepill_f103c8\lib24c\libcm.a(codal_target_hal.o)
                0x0800d024                target_init
 .text.target_wait
                0x0800d060       0x24 .pioenvs\bluepill_f103c8\lib24c\libcm.a(codal_target_hal.o)
                0x0800d060                target_wait
 .text.target_wait_us
                0x0800d084       0x2c .pioenvs\bluepill_f103c8\lib24c\libcm.a(codal_target_hal.o)
                0x0800d084                target_wait_us
 .text.target_panic
                0x0800d0b0       0x20 .pioenvs\bluepill_f103c8\lib24c\libcm.a(codal_target_hal.o)
                0x0800d0b0                target_panic
 .text.fiber_initial_stack_base
                0x0800d0d0        0x8 .pioenvs\bluepill_f103c8\lib24c\libcm.a(codal_target_hal.o)
                0x0800d0d0                fiber_initial_stack_base
 .text.test_codal
                0x0800d0d8       0x70 .pioenvs\bluepill_f103c8\lib24c\libcm.a(codal_target_hal.o)
                0x0800d0d8                test_codal
 .text._ZN5codal14CodalComponent4initEv
                0x0800d148        0x8 .pioenvs\bluepill_f103c8\libff7\libbluepill.a(STM32BluePill.o)
                0x0800d148                codal::CodalComponent::init()
 .text._ZN5codal14CodalComponentD2Ev
                0x0800d150       0x18 .pioenvs\bluepill_f103c8\libff7\libbluepill.a(STM32BluePill.o)
                0x0800d150                codal::CodalComponent::~CodalComponent()
                0x0800d150                codal::CodalComponent::~CodalComponent()
 .text._ZN5codal13STM32BluePill4initEv
                0x0800d168       0x4c .pioenvs\bluepill_f103c8\libff7\libbluepill.a(STM32BluePill.o)
                0x0800d168                codal::STM32BluePill::init()
 .text._ZN5codal13STM32BluePillC2Ev
                0x0800d1b4       0x98 .pioenvs\bluepill_f103c8\libff7\libbluepill.a(STM32BluePill.o)
                0x0800d1b4                codal::STM32BluePill::STM32BluePill()
                0x0800d1b4                codal::STM32BluePill::STM32BluePill()
 .text._ZN5codal13STM32BluePillD2Ev
                0x0800d24c       0x40 .pioenvs\bluepill_f103c8\libff7\libbluepill.a(STM32BluePill.o)
                0x0800d24c                codal::STM32BluePill::~STM32BluePill()
                0x0800d24c                codal::STM32BluePill::~STM32BluePill()
 .text._ZN5codal15STM32BluePillIOC2Ev
                0x0800d28c      0xaf0 .pioenvs\bluepill_f103c8\libff7\libbluepill.a(STM32BluePillIO.o)
                0x0800d28c                codal::STM32BluePillIO::STM32BluePillIO()
                0x0800d28c                codal::STM32BluePillIO::STM32BluePillIO()
 .text.platform_setup
                0x0800dd7c       0x4c .pioenvs\bluepill_f103c8\libff7\libbluepill.a(bluepill.o)
                0x0800dd7c                platform_setup
 .text.enable_debug
                0x0800ddc8       0x10 .pioenvs\bluepill_f103c8\libff7\libbluepill.a(bluepill.o)
                0x0800ddc8                enable_debug
 .text.led_setup
                0x0800ddd8       0x20 .pioenvs\bluepill_f103c8\libff7\libbluepill.a(led.o)
                0x0800ddd8                led_setup
 .text.led_on   0x0800ddf8       0x10 .pioenvs\bluepill_f103c8\libff7\libbluepill.a(led.o)
                0x0800ddf8                led_on
 .text.led_off  0x0800de08       0x10 .pioenvs\bluepill_f103c8\libff7\libbluepill.a(led.o)
                0x0800de08                led_off
 .text.led_wait
                0x0800de18       0x10 .pioenvs\bluepill_f103c8\libff7\libbluepill.a(led.o)
                0x0800de18                led_wait
 .text.platform_start_timer
                0x0800de28      0x114 .pioenvs\bluepill_f103c8\libff7\libbluepill.a(timer.o)
                0x0800de28                platform_start_timer
 .text.rtc_isr  0x0800df3c       0x30 .pioenvs\bluepill_f103c8\libff7\libbluepill.a(timer.o)
                0x0800df3c                rtc_isr
 .text.rtc_alarm_isr
                0x0800df6c       0x30 .pioenvs\bluepill_f103c8\libff7\libbluepill.a(timer.o)
                0x0800df6c                rtc_alarm_isr
 .text.platform_alarm_count
                0x0800df9c        0xc .pioenvs\bluepill_f103c8\libff7\libbluepill.a(timer.o)
                0x0800df9c                platform_alarm_count
 .text.platform_tick_count
                0x0800dfa8        0xc .pioenvs\bluepill_f103c8\libff7\libbluepill.a(timer.o)
                0x0800dfa8                platform_tick_count
 .text.bootloader_start
                0x0800dfb4       0xcc .pioenvs\bluepill_f103c8\lib443\libbootloader.a(bootloader.o)
                0x0800dfb4                bootloader_start
 .text.target_set_led
                0x0800e080       0x18 .pioenvs\bluepill_f103c8\lib443\libbootloader.a(target_stm32f103.o)
                0x0800e080                target_set_led
 .text.target_gpio_setup
                0x0800e098       0x70 .pioenvs\bluepill_f103c8\lib443\libbootloader.a(target_stm32f103.o)
                0x0800e098                target_gpio_setup
 .text.target_usb_init
                0x0800e108       0x2c .pioenvs\bluepill_f103c8\lib443\libbootloader.a(target_stm32f103.o)
                0x0800e108                target_usb_init
 .text.target_get_force_bootloader
                0x0800e134       0x34 .pioenvs\bluepill_f103c8\lib443\libbootloader.a(target_stm32f103.o)
                0x0800e134                target_get_force_bootloader
 .text.target_flash_program_array
                0x0800e168       0xdc .pioenvs\bluepill_f103c8\lib443\libbootloader.a(target_stm32f103.o)
                0x0800e168                target_flash_program_array
 .text.set_aggregate_callback
                0x0800e244       0x5c .pioenvs\bluepill_f103c8\lib443\libbootloader.a(usb_conf.o)
 .text.usb_setup
                0x0800e2a0       0x90 .pioenvs\bluepill_f103c8\lib443\libbootloader.a(usb_conf.o)
                0x0800e2a0                usb_setup
 .text.aggregate_register_config_callback
                0x0800e330       0x38 .pioenvs\bluepill_f103c8\lib443\libbootloader.a(usb_conf.o)
                0x0800e330                aggregate_register_config_callback
 .text.aggregate_register_callback
                0x0800e368       0x4c .pioenvs\bluepill_f103c8\lib443\libbootloader.a(usb_conf.o)
                0x0800e368                aggregate_register_callback
 .text.usb_set_serial_number
                0x0800e3b4       0x1c .pioenvs\bluepill_f103c8\lib443\libbootloader.a(usb_conf.o)
                0x0800e3b4                usb_set_serial_number
 .text.dump_buffer
                0x0800e3d0       0x4c .pioenvs\bluepill_f103c8\lib443\libbootloader.a(usb_conf.o)
                0x0800e3d0                dump_buffer
 .text.dump_usb_request
                0x0800e41c      0x130 .pioenvs\bluepill_f103c8\lib443\libbootloader.a(usb_conf.o)
                0x0800e41c                dump_usb_request
 .text.aggregate_callback
                0x0800e54c       0x64 .pioenvs\bluepill_f103c8\lib443\libbootloader.a(usb_conf.o)
 .text.webusb_set_config
                0x0800e5b0       0x28 .pioenvs\bluepill_f103c8\lib443\libbootloader.a(webusb.o)
 .text.webusb_control_vendor_request
                0x0800e5d8       0x9c .pioenvs\bluepill_f103c8\lib443\libbootloader.a(webusb.o)
 .text.webusb_setup
                0x0800e674       0x4c .pioenvs\bluepill_f103c8\lib443\libbootloader.a(webusb.o)
                0x0800e674                webusb_setup
 .text.winusb_control_vendor_request
                0x0800e6c0       0x94 .pioenvs\bluepill_f103c8\lib443\libbootloader.a(winusb.o)
 .text.winusb_set_config
                0x0800e754       0x28 .pioenvs\bluepill_f103c8\lib443\libbootloader.a(winusb.o)
 .text.winusb_descriptor_request
                0x0800e77c       0x48 .pioenvs\bluepill_f103c8\lib443\libbootloader.a(winusb.o)
 .text.winusb_setup
                0x0800e7c4       0x5c .pioenvs\bluepill_f103c8\lib443\libbootloader.a(winusb.o)
                0x0800e7c4                winusb_setup
 .text.cdcacm_comm_cb
                0x0800e820       0x14 .pioenvs\bluepill_f103c8\lib443\libbootloader.a(cdc.o)
 .text.cdcacm_data_rx_cb
                0x0800e834       0x4c .pioenvs\bluepill_f103c8\lib443\libbootloader.a(cdc.o)
 .text.cdcacm_set_config
                0x0800e880       0x68 .pioenvs\bluepill_f103c8\lib443\libbootloader.a(cdc.o)
 .text.cdcacm_control_request
                0x0800e8e8       0x68 .pioenvs\bluepill_f103c8\lib443\libbootloader.a(cdc.o)
 .text.cdc_setup
                0x0800e950       0x24 .pioenvs\bluepill_f103c8\lib443\libbootloader.a(cdc.o)
                0x0800e950                cdc_setup
 .text.hf2_set_config
                0x0800e974       0x3c .pioenvs\bluepill_f103c8\lib443\libbootloader.a(hf2.o)
 .text.assert.part.0
                0x0800e9b0       0x1c .pioenvs\bluepill_f103c8\lib443\libbootloader.a(hf2.o)
 .text.pokeSend
                0x0800e9cc       0x84 .pioenvs\bluepill_f103c8\lib443\libbootloader.a(hf2.o)
 .text.send_hf2_response
                0x0800ea50       0x38 .pioenvs\bluepill_f103c8\lib443\libbootloader.a(hf2.o)
 .text.hf2_data_rx_cb
                0x0800ea88      0x19c .pioenvs\bluepill_f103c8\lib443\libbootloader.a(hf2.o)
 .text.hf2_setup
                0x0800ec24       0x2c .pioenvs\bluepill_f103c8\lib443\libbootloader.a(hf2.o)
                0x0800ec24                hf2_setup
 .text.backup_write
                0x0800ec50       0x38 .pioenvs\bluepill_f103c8\lib443\libbootloader.a(backup.o)
                0x0800ec50                backup_write
 .text.backup_read
                0x0800ec88       0x18 .pioenvs\bluepill_f103c8\lib443\libbootloader.a(backup.o)
                0x0800ec88                backup_read
 .text.usb21_set_config
                0x0800eca0       0x28 .pioenvs\bluepill_f103c8\lib443\libbootloader.a(usb21_standard.o)
 .text.usb21_standard_get_descriptor
                0x0800ecc8       0xcc .pioenvs\bluepill_f103c8\lib443\libbootloader.a(usb21_standard.o)
 .text.usb21_setup
                0x0800ed94       0x38 .pioenvs\bluepill_f103c8\lib443\libbootloader.a(usb21_standard.o)
                0x0800ed94                usb21_setup
 .text.flushFlash
                0x0800edcc       0x94 .pioenvs\bluepill_f103c8\lib443\libbootloader.a(ghostfat.o)
 .text.flash_write
                0x0800ee60       0x48 .pioenvs\bluepill_f103c8\lib443\libbootloader.a(ghostfat.o)
                0x0800ee60                flash_write
 .text.usart2_isr
                0x0800eea8       0x50 .pioenvs\bluepill_f103c8\lib492\libuartint.a(uartint.o)
                0x0800eea8                usart2_isr
 .text.startup._GLOBAL__sub_I__ZN13UARTInterfaceC2Ejj
                0x0800eef8       0x10 .pioenvs\bluepill_f103c8\lib492\libuartint.a(uartint.o)
 .text          0x0800ef08      0x378 c:/users/guppy/.platformio/packages/toolchain-gccarmnoneeabi/bin/../lib/gcc/arm-none-eabi/7.2.1/thumb/v7-m\libgcc.a(_arm_addsubdf3.o)
                0x0800ef08                __aeabi_drsub
                0x0800ef10                __aeabi_dsub
                0x0800ef10                __subdf3
                0x0800ef14                __aeabi_dadd
                0x0800ef14                __adddf3
                0x0800f18c                __floatunsidf
                0x0800f18c                __aeabi_ui2d
                0x0800f1ac                __floatsidf
                0x0800f1ac                __aeabi_i2d
                0x0800f1d0                __aeabi_f2d
                0x0800f1d0                __extendsfdf2
                0x0800f214                __floatundidf
                0x0800f214                __aeabi_ul2d
                0x0800f224                __floatdidf
                0x0800f224                __aeabi_l2d
 .text          0x0800f280      0x424 c:/users/guppy/.platformio/packages/toolchain-gccarmnoneeabi/bin/../lib/gcc/arm-none-eabi/7.2.1/thumb/v7-m\libgcc.a(_arm_muldivdf3.o)
                0x0800f280                __aeabi_dmul
                0x0800f280                __muldf3
                0x0800f4d4                __divdf3
                0x0800f4d4                __aeabi_ddiv
 .text          0x0800f6a4      0x110 c:/users/guppy/.platformio/packages/toolchain-gccarmnoneeabi/bin/../lib/gcc/arm-none-eabi/7.2.1/thumb/v7-m\libgcc.a(_arm_cmpdf2.o)
                0x0800f6a4                __gtdf2
                0x0800f6a4                __gedf2
                0x0800f6ac                __ltdf2
                0x0800f6ac                __ledf2
                0x0800f6b4                __nedf2
                0x0800f6b4                __eqdf2
                0x0800f6b4                __cmpdf2
                0x0800f730                __aeabi_cdrcmple
                0x0800f740                __aeabi_cdcmpeq
                0x0800f740                __aeabi_cdcmple
                0x0800f750                __aeabi_dcmpeq
                0x0800f764                __aeabi_dcmplt
                0x0800f778                __aeabi_dcmple
                0x0800f78c                __aeabi_dcmpge
                0x0800f7a0                __aeabi_dcmpgt
 .text          0x0800f7b4       0x2c c:/users/guppy/.platformio/packages/toolchain-gccarmnoneeabi/bin/../lib/gcc/arm-none-eabi/7.2.1/thumb/v7-m\libgcc.a(_arm_unorddf2.o)
                0x0800f7b4                __unorddf2
                0x0800f7b4                __aeabi_dcmpun
 .text          0x0800f7e0       0x50 c:/users/guppy/.platformio/packages/toolchain-gccarmnoneeabi/bin/../lib/gcc/arm-none-eabi/7.2.1/thumb/v7-m\libgcc.a(_arm_fixdfsi.o)
                0x0800f7e0                __aeabi_d2iz
                0x0800f7e0                __fixdfsi
 .text          0x0800f830       0xa0 c:/users/guppy/.platformio/packages/toolchain-gccarmnoneeabi/bin/../lib/gcc/arm-none-eabi/7.2.1/thumb/v7-m\libgcc.a(_arm_truncdfsf2.o)
                0x0800f830                __truncdfsf2
                0x0800f830                __aeabi_d2f
 .text          0x0800f8d0      0x21c c:/users/guppy/.platformio/packages/toolchain-gccarmnoneeabi/bin/../lib/gcc/arm-none-eabi/7.2.1/thumb/v7-m\libgcc.a(_arm_addsubsf3.o)
                0x0800f8d0                __aeabi_frsub
                0x0800f8d8                __subsf3
                0x0800f8d8                __aeabi_fsub
                0x0800f8dc                __aeabi_fadd
                0x0800f8dc                __addsf3
                0x0800fa3c                __aeabi_ui2f
                0x0800fa3c                __floatunsisf
                0x0800fa44                __aeabi_i2f
                0x0800fa44                __floatsisf
                0x0800fa60                __aeabi_ul2f
                0x0800fa60                __floatundisf
                0x0800fa70                __aeabi_l2f
                0x0800fa70                __floatdisf
 .text          0x0800faec      0x2a0 c:/users/guppy/.platformio/packages/toolchain-gccarmnoneeabi/bin/../lib/gcc/arm-none-eabi/7.2.1/thumb/v7-m\libgcc.a(_arm_muldivsf3.o)
                0x0800faec                __mulsf3
                0x0800faec                __aeabi_fmul
                0x0800fc54                __aeabi_fdiv
                0x0800fc54                __divsf3
 .text          0x0800fd8c       0xec c:/users/guppy/.platformio/packages/toolchain-gccarmnoneeabi/bin/../lib/gcc/arm-none-eabi/7.2.1/thumb/v7-m\libgcc.a(_arm_cmpsf2.o)
                0x0800fd8c                __gesf2
                0x0800fd8c                __gtsf2
                0x0800fd94                __lesf2
                0x0800fd94                __ltsf2
                0x0800fd9c                __nesf2
                0x0800fd9c                __eqsf2
                0x0800fd9c                __cmpsf2
                0x0800fdfc                __aeabi_cfrcmple
                0x0800fe04                __aeabi_cfcmpeq
                0x0800fe04                __aeabi_cfcmple
                0x0800fe14                __aeabi_fcmpeq
                0x0800fe28                __aeabi_fcmplt
                0x0800fe3c                __aeabi_fcmple
                0x0800fe50                __aeabi_fcmpge
                0x0800fe64                __aeabi_fcmpgt
 .text.desig_get_unique_id
                0x0800fe78       0x20 .pioenvs\bluepill_f103c8\libFrameworkLibOpenCM3.a(desig.o)
                0x0800fe78                desig_get_unique_id
 .text.desig_get_unique_id_as_string
                0x0800fe98       0x48 .pioenvs\bluepill_f103c8\libFrameworkLibOpenCM3.a(desig.o)
                0x0800fe98                desig_get_unique_id_as_string
 .text.flash_get_status_flags
                0x0800fee0       0x28 .pioenvs\bluepill_f103c8\libFrameworkLibOpenCM3.a(flash.o)
                0x0800fee0                flash_get_status_flags
 .text.flash_program_half_word
                0x0800ff08       0x60 .pioenvs\bluepill_f103c8\libFrameworkLibOpenCM3.a(flash.o)
                0x0800ff08                flash_program_half_word
 .text.flash_erase_page
                0x0800ff68       0x78 .pioenvs\bluepill_f103c8\libFrameworkLibOpenCM3.a(flash.o)
                0x0800ff68                flash_erase_page
 .text.rcc_osc_on.part.0
                0x0800ffe0       0x10 .pioenvs\bluepill_f103c8\libFrameworkLibOpenCM3.a(rcc.o)
 .text.rcc_wait_for_osc_ready
                0x0800fff0       0x64 .pioenvs\bluepill_f103c8\libFrameworkLibOpenCM3.a(rcc.o)
                0x0800fff0                rcc_wait_for_osc_ready
 .text.rcc_osc_on
                0x08010054       0x54 .pioenvs\bluepill_f103c8\libFrameworkLibOpenCM3.a(rcc.o)
                0x08010054                rcc_osc_on
 .text.rcc_set_sysclk_source
                0x080100a8       0x14 .pioenvs\bluepill_f103c8\libFrameworkLibOpenCM3.a(rcc.o)
                0x080100a8                rcc_set_sysclk_source
 .text.rcc_set_pll_multiplication_factor
                0x080100bc       0x14 .pioenvs\bluepill_f103c8\libFrameworkLibOpenCM3.a(rcc.o)
                0x080100bc                rcc_set_pll_multiplication_factor
 .text.rcc_set_pll_source
                0x080100d0       0x14 .pioenvs\bluepill_f103c8\libFrameworkLibOpenCM3.a(rcc.o)
                0x080100d0                rcc_set_pll_source
 .text.rcc_set_pllxtpre
                0x080100e4       0x14 .pioenvs\bluepill_f103c8\libFrameworkLibOpenCM3.a(rcc.o)
                0x080100e4                rcc_set_pllxtpre
 .text.rcc_enable_rtc_clock
                0x080100f8       0x10 .pioenvs\bluepill_f103c8\libFrameworkLibOpenCM3.a(rcc.o)
                0x080100f8                rcc_enable_rtc_clock
 .text.rcc_set_rtc_clock_source
                0x08010108       0x90 .pioenvs\bluepill_f103c8\libFrameworkLibOpenCM3.a(rcc.o)
                0x08010108                rcc_set_rtc_clock_source
 .text.rcc_set_adcpre
                0x08010198       0x14 .pioenvs\bluepill_f103c8\libFrameworkLibOpenCM3.a(rcc.o)
                0x08010198                rcc_set_adcpre
 .text.rcc_set_ppre2
                0x080101ac       0x14 .pioenvs\bluepill_f103c8\libFrameworkLibOpenCM3.a(rcc.o)
                0x080101ac                rcc_set_ppre2
 .text.rcc_set_ppre1
                0x080101c0       0x14 .pioenvs\bluepill_f103c8\libFrameworkLibOpenCM3.a(rcc.o)
                0x080101c0                rcc_set_ppre1
 .text.rcc_set_hpre
                0x080101d4       0x14 .pioenvs\bluepill_f103c8\libFrameworkLibOpenCM3.a(rcc.o)
                0x080101d4                rcc_set_hpre
 .text.rcc_clock_setup_in_hse_8mhz_out_72mhz
                0x080101e8       0x8c .pioenvs\bluepill_f103c8\libFrameworkLibOpenCM3.a(rcc.o)
                0x080101e8                rcc_clock_setup_in_hse_8mhz_out_72mhz
 .text.rtc_enter_config_mode
                0x08010274       0x18 .pioenvs\bluepill_f103c8\libFrameworkLibOpenCM3.a(rtc.o)
                0x08010274                rtc_enter_config_mode
 .text.rtc_exit_config_mode
                0x0801028c       0x18 .pioenvs\bluepill_f103c8\libFrameworkLibOpenCM3.a(rtc.o)
                0x0801028c                rtc_exit_config_mode
 .text.rtc_set_alarm_time
                0x080102a4       0x20 .pioenvs\bluepill_f103c8\libFrameworkLibOpenCM3.a(rtc.o)
                0x080102a4                rtc_set_alarm_time
 .text.rtc_set_prescale_val
                0x080102c4       0x20 .pioenvs\bluepill_f103c8\libFrameworkLibOpenCM3.a(rtc.o)
                0x080102c4                rtc_set_prescale_val
 .text.rtc_get_counter_val
                0x080102e4       0x14 .pioenvs\bluepill_f103c8\libFrameworkLibOpenCM3.a(rtc.o)
                0x080102e4                rtc_get_counter_val
 .text.rtc_set_counter_val
                0x080102f8       0x1c .pioenvs\bluepill_f103c8\libFrameworkLibOpenCM3.a(rtc.o)
                0x080102f8                rtc_set_counter_val
 .text.rtc_interrupt_enable
                0x08010314       0x3c .pioenvs\bluepill_f103c8\libFrameworkLibOpenCM3.a(rtc.o)
                0x08010314                rtc_interrupt_enable
 .text.rtc_interrupt_disable
                0x08010350       0x3c .pioenvs\bluepill_f103c8\libFrameworkLibOpenCM3.a(rtc.o)
                0x08010350                rtc_interrupt_disable
 .text.rtc_clear_flag
                0x0801038c       0x30 .pioenvs\bluepill_f103c8\libFrameworkLibOpenCM3.a(rtc.o)
                0x0801038c                rtc_clear_flag
 .text.rtc_check_flag
                0x080103bc       0x30 .pioenvs\bluepill_f103c8\libFrameworkLibOpenCM3.a(rtc.o)
                0x080103bc                rtc_check_flag
 .text.pwr_disable_backup_domain_write_protect
                0x080103ec       0x10 .pioenvs\bluepill_f103c8\libFrameworkLibOpenCM3.a(pwr_common_all.o)
                0x080103ec                pwr_disable_backup_domain_write_protect
 .text.pwr_enable_backup_domain_write_protect
                0x080103fc       0x10 .pioenvs\bluepill_f103c8\libFrameworkLibOpenCM3.a(pwr_common_all.o)
                0x080103fc                pwr_enable_backup_domain_write_protect
 .text.exti_set_trigger
                0x0801040c       0x3c .pioenvs\bluepill_f103c8\libFrameworkLibOpenCM3.a(exti_common_all.o)
                0x0801040c                exti_set_trigger
 .text.exti_enable_request
                0x08010448       0x14 .pioenvs\bluepill_f103c8\libFrameworkLibOpenCM3.a(exti_common_all.o)
                0x08010448                exti_enable_request
 .text.exti_reset_request
                0x0801045c        0xc .pioenvs\bluepill_f103c8\libFrameworkLibOpenCM3.a(exti_common_all.o)
                0x0801045c                exti_reset_request
 .text.flash_set_ws
                0x08010468       0x14 .pioenvs\bluepill_f103c8\libFrameworkLibOpenCM3.a(flash_common_f01.o)
                0x08010468                flash_set_ws
 .text.flash_unlock
                0x0801047c       0x24 .pioenvs\bluepill_f103c8\libFrameworkLibOpenCM3.a(flash_common_f01.o)
                0x0801047c                flash_unlock
 .text.flash_lock
                0x080104a0       0x10 .pioenvs\bluepill_f103c8\libFrameworkLibOpenCM3.a(flash_common_f01.o)
                0x080104a0                flash_lock
 .text.usbd_init
                0x080104b0       0x50 .pioenvs\bluepill_f103c8\libFrameworkLibOpenCM3.a(usb.o)
                0x080104b0                usbd_init
 .text._usbd_standard_request_device
                0x08010500       0x48 .pioenvs\bluepill_f103c8\libFrameworkLibOpenCM3.a(usb_standard.o)
                0x08010500                _usbd_standard_request_device
 .text._usbd_standard_request_interface
                0x08010548       0x30 .pioenvs\bluepill_f103c8\libFrameworkLibOpenCM3.a(usb_standard.o)
                0x08010548                _usbd_standard_request_interface
 .text._usbd_standard_request_endpoint
                0x08010578       0x3c .pioenvs\bluepill_f103c8\libFrameworkLibOpenCM3.a(usb_standard.o)
                0x08010578                _usbd_standard_request_endpoint
 .text.st_usbfs_v1_usbd_init
                0x080105b4       0x30 .pioenvs\bluepill_f103c8\libFrameworkLibOpenCM3.a(st_usbfs_v1.o)
 .text.reset_handler
                0x080105e4       0x90 .pioenvs\bluepill_f103c8\libFrameworkLibOpenCM3.a(vector.o)
                0x080105e4                reset_handler
 .text.st_usbfs_set_address
                0x08010674       0x10 .pioenvs\bluepill_f103c8\libFrameworkLibOpenCM3.a(st_usbfs_core.o)
                0x08010674                st_usbfs_set_address
 .text.st_usbfs_set_ep_rx_bufsize
                0x08010684       0x48 .pioenvs\bluepill_f103c8\libFrameworkLibOpenCM3.a(st_usbfs_core.o)
                0x08010684                st_usbfs_set_ep_rx_bufsize
 .text.st_usbfs_ep_setup
                0x080106cc      0x150 .pioenvs\bluepill_f103c8\libFrameworkLibOpenCM3.a(st_usbfs_core.o)
                0x080106cc                st_usbfs_ep_setup
 .text.st_usbfs_endpoints_reset
                0x0801081c       0x44 .pioenvs\bluepill_f103c8\libFrameworkLibOpenCM3.a(st_usbfs_core.o)
                0x0801081c                st_usbfs_endpoints_reset
 .text.st_usbfs_ep_stall_set
                0x08010860       0xe4 .pioenvs\bluepill_f103c8\libFrameworkLibOpenCM3.a(st_usbfs_core.o)
                0x08010860                st_usbfs_ep_stall_set
 .text.st_usbfs_ep_nak_set
                0x08010944       0x58 .pioenvs\bluepill_f103c8\libFrameworkLibOpenCM3.a(st_usbfs_core.o)
                0x08010944                st_usbfs_ep_nak_set
 .text.st_usbfs_ep_write_packet
                0x0801099c       0x8c .pioenvs\bluepill_f103c8\libFrameworkLibOpenCM3.a(st_usbfs_core.o)
                0x0801099c                st_usbfs_ep_write_packet
 .text.st_usbfs_ep_read_packet
                0x08010a28       0xb8 .pioenvs\bluepill_f103c8\libFrameworkLibOpenCM3.a(st_usbfs_core.o)
                0x08010a28                st_usbfs_ep_read_packet
 .text.st_usbfs_poll
                0x08010ae0       0xd0 .pioenvs\bluepill_f103c8\libFrameworkLibOpenCM3.a(st_usbfs_core.o)
                0x08010ae0                st_usbfs_poll
 .text._Z18component_callbackN5codal5EventE
                0x08010bb0       0x58 .pioenvs\bluepill_f103c8\lib635\libcodal-core.a(CodalComponent.o)
                0x08010bb0                component_callback(codal::Event)
 .text._ZN5codal14CodalComponent12addComponentEv
                0x08010c08       0x70 .pioenvs\bluepill_f103c8\lib635\libcodal-core.a(CodalComponent.o)
                0x08010c08                codal::CodalComponent::addComponent()
 .text._ZN5codal14CodalComponent15removeComponentEv
                0x08010c78       0x20 .pioenvs\bluepill_f103c8\lib635\libcodal-core.a(CodalComponent.o)
                0x08010c78                codal::CodalComponent::removeComponent()
 .text.codal_dmesg_set_flush_fn
                0x08010c98        0xc .pioenvs\bluepill_f103c8\lib635\libcodal-core.a(CodalDmesg.o)
                0x08010c98                codal_dmesg_set_flush_fn
 .text.codal_dmesg_flush
                0x08010ca4       0x10 .pioenvs\bluepill_f103c8\lib635\libcodal-core.a(CodalDmesg.o)
                0x08010ca4                codal_dmesg_flush
 .text._ZN5codal6SerialC2ERNS_3PinES2_hht
                0x08010cb4       0x5c .pioenvs\bluepill_f103c8\lib635\libcodal-core.a(Serial.o)
                0x08010cb4                codal::Serial::Serial(codal::Pin&, codal::Pin&, unsigned char, unsigned char, unsigned short)
                0x08010cb4                codal::Serial::Serial(codal::Pin&, codal::Pin&, unsigned char, unsigned char, unsigned short)
 .text._ZN5codal6SerialD2Ev
                0x08010d10       0x1c .pioenvs\bluepill_f103c8\lib635\libcodal-core.a(Serial.o)
                0x08010d10                codal::Serial::~Serial()
                0x08010d10                codal::Serial::~Serial()
 .text._ZN5codal10EventModel4sendENS_5EventE
                0x08010d2c       0x14 .pioenvs\bluepill_f103c8\lib635\libcodal-core.a(MessageBus.o)
                0x08010d2c                codal::EventModel::send(codal::Event)
 .text._ZN5codal10EventModel3addEPNS_8ListenerE
                0x08010d40        0x8 .pioenvs\bluepill_f103c8\lib635\libcodal-core.a(MessageBus.o)
                0x08010d40                codal::EventModel::add(codal::Listener*)
 .text._ZN5codal10EventModel6removeEPNS_8ListenerE
                0x08010d48        0x8 .pioenvs\bluepill_f103c8\lib635\libcodal-core.a(MessageBus.o)
                0x08010d48                codal::EventModel::remove(codal::Listener*)
 .text._ZN5codal10MessageBus6removeEPNS_8ListenerE
                0x08010d50       0x70 .pioenvs\bluepill_f103c8\lib635\libcodal-core.a(MessageBus.o)
                0x08010d50                codal::MessageBus::remove(codal::Listener*)
 .text._ZN5codal10MessageBus3addEPNS_8ListenerE
                0x08010dc0       0xbc .pioenvs\bluepill_f103c8\lib635\libcodal-core.a(MessageBus.o)
                0x08010dc0                codal::MessageBus::add(codal::Listener*)
 .text._ZN5codal10MessageBusD2Ev
                0x08010e7c       0x78 .pioenvs\bluepill_f103c8\lib635\libcodal-core.a(MessageBus.o)
                0x08010e7c                codal::MessageBus::~MessageBus()
                0x08010e7c                codal::MessageBus::~MessageBus()
 .text._ZN5codal10MessageBusC2Ev
                0x08010ef4       0xa8 .pioenvs\bluepill_f103c8\lib635\libcodal-core.a(MessageBus.o)
                0x08010ef4                codal::MessageBus::MessageBus()
                0x08010ef4                codal::MessageBus::MessageBus()
 .text._ZN5codal10MessageBus7processERNS_5EventEb
                0x08010f9c       0x84 .pioenvs\bluepill_f103c8\lib635\libcodal-core.a(MessageBus.o)
                0x08010f9c                codal::MessageBus::process(codal::Event&, bool)
 .text._ZN5codal19allocateNotifyEventEv
                0x08011020       0x10 .pioenvs\bluepill_f103c8\lib635\libcodal-core.a(MessageBus.o)
                0x08011020                codal::allocateNotifyEvent()
 .text._ZN5codal13ManagedStringC2EPKcs
                0x08011030       0x34 .pioenvs\bluepill_f103c8\lib635\libcodal-core.a(ManagedString.o)
                0x08011030                codal::ManagedString::ManagedString(char const*, short)
                0x08011030                codal::ManagedString::ManagedString(char const*, short)
 .text._ZN5codal13ManagedStringC2Ev
                0x08011064        0xc .pioenvs\bluepill_f103c8\lib635\libcodal-core.a(ManagedString.o)
                0x08011064                codal::ManagedString::ManagedString()
                0x08011064                codal::ManagedString::ManagedString()
 .text.startup._GLOBAL__sub_I__ZN5codal13ManagedString9initEmptyEv
                0x08011070       0x2c .pioenvs\bluepill_f103c8\lib635\libcodal-core.a(ManagedString.o)
 .text          0x0801109c      0x4c8 .pioenvs\bluepill_f103c8\lib46d\libqfplib.a(qfplib.o)
                0x08011164                qfp_fsub
                0x0801116a                qfp_fadd
                0x080111ac                qfp_fcmp
                0x080111c8                qfp_fmul
                0x080111d8                qfp_fdiv
                0x0801121a                qfp_fdiv_fast
                0x0801126a                qfp_fsqrt_fast
                0x080112e0                qfp_float2int
                0x080112e2                qfp_float2fix
                0x0801130a                qfp_float2uint
                0x0801130c                qfp_float2ufix
                0x08011326                qfp_int2float
                0x08011328                qfp_fix2float
                0x08011332                qfp_uint2float
                0x08011334                qfp_ufix2float
                0x080113ca                qfp_fsin
                0x0801140c                qfp_fcos
                0x08011416                qfp_ftan
                0x0801141e                qfp_fexp
                0x0801144e                qfp_fsqrt
                0x08011488                qfp_fln
                0x080114ac                qfp_fatan2
 .text._ZN5codal3_cm3I2CC2ERNS_3PinES3_
                0x08011564       0x1c .pioenvs\bluepill_f103c8\lib24c\libcm.a(CmI2C.o)
                0x08011564                codal::_cm::I2C::I2C(codal::Pin&, codal::Pin&)
                0x08011564                codal::_cm::I2C::I2C(codal::Pin&, codal::Pin&)
 .text._ZN5codal3_cm3SPI4initEv
                0x08011580       0x5c .pioenvs\bluepill_f103c8\lib24c\libcm.a(CmSPI.o)
                0x08011580                codal::_cm::SPI::init()
 .text._ZN5codal3_cm3SPIC2ERNS0_3PinES3_S3_S3_
                0x080115dc       0x9c .pioenvs\bluepill_f103c8\lib24c\libcm.a(CmSPI.o)
                0x080115dc                codal::_cm::SPI::SPI(codal::_cm::Pin&, codal::_cm::Pin&, codal::_cm::Pin&, codal::_cm::Pin&)
                0x080115dc                codal::_cm::SPI::SPI(codal::_cm::Pin&, codal::_cm::Pin&, codal::_cm::Pin&, codal::_cm::Pin&)
 .text._ZN5codal3_cm6SerialD2Ev
                0x08011678       0x14 .pioenvs\bluepill_f103c8\lib24c\libcm.a(CmSerial.o)
                0x08011678                codal::_cm::Serial::~Serial()
                0x08011678                codal::_cm::Serial::~Serial()
 .text._ZN5codal3_cm6SerialC2ERNS0_3PinES3_hh
                0x0801168c       0x4c .pioenvs\bluepill_f103c8\lib24c\libcm.a(CmSerial.o)
                0x0801168c                codal::_cm::Serial::Serial(codal::_cm::Pin&, codal::_cm::Pin&, unsigned char, unsigned char)
                0x0801168c                codal::_cm::Serial::Serial(codal::_cm::Pin&, codal::_cm::Pin&, unsigned char, unsigned char)
 .text._ZN5codal3_cm13tick_callbackEv
                0x080116d8       0x10 .pioenvs\bluepill_f103c8\lib24c\libcm.a(CmTimer.o)
                0x080116d8                codal::_cm::tick_callback()
 .text._ZN5codal3_cm5Timer4initEv
                0x080116e8       0x2c .pioenvs\bluepill_f103c8\lib24c\libcm.a(CmTimer.o)
                0x080116e8                codal::_cm::Timer::init()
 .text._ZN5codal3_cm5TimerC2Ev
                0x08011714       0x28 .pioenvs\bluepill_f103c8\lib24c\libcm.a(CmTimer.o)
                0x08011714                codal::_cm::Timer::Timer()
                0x08011714                codal::_cm::Timer::Timer()
 .text.pinmap_peripheral
                0x0801173c       0x30 .pioenvs\bluepill_f103c8\lib24c\libcm.a(CmPinMap.o)
                0x0801173c                pinmap_peripheral
 .text.pinmap_mode
                0x0801176c       0x2c .pioenvs\bluepill_f103c8\lib24c\libcm.a(CmPinMap.o)
                0x0801176c                pinmap_mode
 .text.pinmap_cnf
                0x08011798       0x2c .pioenvs\bluepill_f103c8\lib24c\libcm.a(CmPinMap.o)
                0x08011798                pinmap_cnf
 .text._ZN5codal3I2CC2ERNS_3PinES2_
                0x080117c4        0xc .pioenvs\bluepill_f103c8\lib635\libcodal-core.a(I2C.o)
                0x080117c4                codal::I2C::I2C(codal::Pin&, codal::Pin&)
                0x080117c4                codal::I2C::I2C(codal::Pin&, codal::Pin&)
 .text.startup.main
                0x080117d0       0x26 .pioenvs\bluepill_f103c8\src\main.o
                0x080117d0                main
 .text.unity_output_char
                0x080117f6        0x6 .pioenvs\bluepill_f103c8\src\unit_test.o
                0x080117f6                unity_output_char
 .text.debug_write
                0x080117fc       0x16 .pioenvs\bluepill_f103c8\lib931\liblogger.a(logger.o)
                0x080117fc                debug_write
 .text.debug_print
                0x08011812       0x1a .pioenvs\bluepill_f103c8\lib931\liblogger.a(logger.o)
                0x08011812                debug_print
 .text.debug_print_unsigned
                0x0801182c        0x4 .pioenvs\bluepill_f103c8\lib931\liblogger.a(logger.o)
                0x0801182c                debug_print_unsigned
 .text.debug_printhex
                0x08011830       0x42 .pioenvs\bluepill_f103c8\lib931\liblogger.a(logger.o)
                0x08011830                debug_printhex
 .text.debug_printhex_unsigned
                0x08011872       0x24 .pioenvs\bluepill_f103c8\lib931\liblogger.a(logger.o)
                0x08011872                debug_printhex_unsigned
 .text._ZN5codal11queue_fiberEPNS_5FiberEPS1_
                0x08011896       0x2e .pioenvs\bluepill_f103c8\lib635\libcodal-core.a(CodalFiber.o)
                0x08011896                codal::queue_fiber(codal::Fiber*, codal::Fiber**)
 .text._ZN5codal13dequeue_fiberEPNS_5FiberE
                0x080118c4       0x34 .pioenvs\bluepill_f103c8\lib635\libcodal-core.a(CodalFiber.o)
                0x080118c4                codal::dequeue_fiber(codal::Fiber*)
 .text._ZN5codal12create_fiberEPFvPvES0_S2_
                0x080118f8       0x1e .pioenvs\bluepill_f103c8\lib635\libcodal-core.a(CodalFiber.o)
                0x080118f8                codal::create_fiber(void (*)(void*), void*, void (*)(void*))
 .text._ZN5codal20fiber_wait_for_eventEtt
                0x08011916       0x12 .pioenvs\bluepill_f103c8\lib635\libcodal-core.a(CodalFiber.o)
                0x08011916                codal::fiber_wait_for_event(unsigned short, unsigned short)
 .text._ZN5codal16launch_new_fiberEPFvvES1_
                0x08011928       0x10 .pioenvs\bluepill_f103c8\lib635\libcodal-core.a(CodalFiber.o)
                0x08011928                codal::launch_new_fiber(void (*)(), void (*)())
 .text._ZN5codal13release_fiberEPv
                0x08011938       0x12 .pioenvs\bluepill_f103c8\lib635\libcodal-core.a(CodalFiber.o)
                0x08011938                codal::release_fiber(void*)
 .text._ZN5codal22launch_new_fiber_paramEPFvPvES2_S0_
                0x0801194a       0x1a .pioenvs\bluepill_f103c8\lib635\libcodal-core.a(CodalFiber.o)
                0x0801194a                codal::launch_new_fiber_param(void (*)(void*), void (*)(void*), void*)
 .text._ZN5codal9idle_taskEv
                0x08011964        0xc .pioenvs\bluepill_f103c8\lib635\libcodal-core.a(CodalFiber.o)
                0x08011964                codal::idle_task()
 .text._Z16device_malloc_injR14HeapDefinition
                0x08011970       0x84 .pioenvs\bluepill_f103c8\lib635\libcodal-core.a(CodalHeapAllocator.o)
                0x08011970                device_malloc_in(unsigned int, HeapDefinition&)
 .text._ZN5codal8ListenerC2EttPFvNS_5EventEEt
                0x080119f4       0x28 .pioenvs\bluepill_f103c8\lib635\libcodal-core.a(CodalListener.o)
                0x080119f4                codal::Listener::Listener(unsigned short, unsigned short, void (*)(codal::Event), unsigned short)
                0x080119f4                codal::Listener::Listener(unsigned short, unsigned short, void (*)(codal::Event), unsigned short)
 .text._ZN5codal8ListenerD2Ev
                0x08011a1c       0x14 .pioenvs\bluepill_f103c8\lib635\libcodal-core.a(CodalListener.o)
                0x08011a1c                codal::Listener::~Listener()
                0x08011a1c                codal::Listener::~Listener()
 .text._ZN5codal8Listener5queueENS_5EventE
                0x08011a30       0x5c .pioenvs\bluepill_f103c8\lib635\libcodal-core.a(CodalListener.o)
                0x08011a30                codal::Listener::queue(codal::Event)
 .text._ZN5codal5Timer17disableInterruptsEv
                0x08011a8c        0xa .pioenvs\bluepill_f103c8\lib635\libcodal-core.a(Timer.o)
                0x08011a8c                codal::Timer::disableInterrupts()
 .text._ZN5codal5Timer16enableInterruptsEv
                0x08011a96        0xa .pioenvs\bluepill_f103c8\lib635\libcodal-core.a(Timer.o)
                0x08011a96                codal::Timer::enableInterrupts()
 .text._ZN5codal5Timer13getTimerEventEv
                0x08011aa0       0x22 .pioenvs\bluepill_f103c8\lib635\libcodal-core.a(Timer.o)
                0x08011aa0                codal::Timer::getTimerEvent()
 .text._ZN5codal5Timer17releaseTimerEventEPNS_10TimerEventE
                0x08011ac2        0xe .pioenvs\bluepill_f103c8\lib635\libcodal-core.a(Timer.o)
                0x08011ac2                codal::Timer::releaseTimerEvent(codal::TimerEvent*)
 .text._ZN5codal5Timer7getTimeEv
                0x08011ad0        0xe .pioenvs\bluepill_f103c8\lib635\libcodal-core.a(Timer.o)
                0x08011ad0                codal::Timer::getTime()
 .text._ZN5codal5Timer9getTimeUsEv
                0x08011ade        0xe .pioenvs\bluepill_f103c8\lib635\libcodal-core.a(Timer.o)
                0x08011ade                codal::Timer::getTimeUs()
 .text._ZN5codal5Timer8setEventEmttb
                0x08011aec       0x66 .pioenvs\bluepill_f103c8\lib635\libcodal-core.a(Timer.o)
                0x08011aec                codal::Timer::setEvent(unsigned long, unsigned short, unsigned short, bool)
 .text._ZN5codal5Timer12eventEveryUsEmtt
                0x08011b52        0xe .pioenvs\bluepill_f103c8\lib635\libcodal-core.a(Timer.o)
                0x08011b52                codal::Timer::eventEveryUs(unsigned long, unsigned short, unsigned short)
 .text._ZN5codal5Timer4syncEm
                0x08011b60       0x24 .pioenvs\bluepill_f103c8\lib635\libcodal-core.a(Timer.o)
                0x08011b60                codal::Timer::sync(unsigned long)
 .text._ZN5codal5Timer7triggerEv
                0x08011b84       0x92 .pioenvs\bluepill_f103c8\lib635\libcodal-core.a(Timer.o)
                0x08011b84                codal::Timer::trigger()
 .text._ZN5codal5TimerD2Ev
                0x08011c16        0x2 .pioenvs\bluepill_f103c8\lib635\libcodal-core.a(Timer.o)
                0x08011c16                codal::Timer::~Timer()
                0x08011c16                codal::Timer::~Timer()
 .text._ZN5codal5EventC2Ev
                0x08011c18       0x12 .pioenvs\bluepill_f103c8\lib635\libcodal-core.a(Event.o)
                0x08011c18                codal::Event::Event()
                0x08011c18                codal::Event::Event()
 .text._ZN5codal5EventC2EttNS_15EventLaunchModeE
                0x08011c2a       0x1c .pioenvs\bluepill_f103c8\lib635\libcodal-core.a(Event.o)
                0x08011c2a                codal::Event::Event(unsigned short, unsigned short, codal::EventLaunchMode)
                0x08011c2a                codal::Event::Event(unsigned short, unsigned short, codal::EventLaunchMode)
 .text._ZN5codal5EventC2EttmNS_15EventLaunchModeE
                0x08011c46       0x18 .pioenvs\bluepill_f103c8\lib635\libcodal-core.a(Event.o)
                0x08011c46                codal::Event::Event(unsigned short, unsigned short, unsigned long, codal::EventLaunchMode)
                0x08011c46                codal::Event::Event(unsigned short, unsigned short, unsigned long, codal::EventLaunchMode)
 .text._ZN5codal14EventQueueItemC2ENS_5EventE
                0x08011c5e       0x20 .pioenvs\bluepill_f103c8\lib635\libcodal-core.a(Event.o)
                0x08011c5e                codal::EventQueueItem::EventQueueItem(codal::Event)
                0x08011c5e                codal::EventQueueItem::EventQueueItem(codal::Event)
 .text.memcpy   0x08011c7e       0x1c .pioenvs\bluepill_f103c8\liba13\libnewlib.a(memcpy.o)
                0x08011c7e                memcpy
 .text.memset   0x08011c9a       0x10 .pioenvs\bluepill_f103c8\liba13\libnewlib.a(memset.o)
                0x08011c9a                memset
 .text.strlen   0x08011caa       0x10 .pioenvs\bluepill_f103c8\liba13\libnewlib.a(strlen.o)
                0x08011caa                strlen
 .text.strncat  0x08011cba       0x28 .pioenvs\bluepill_f103c8\liba13\libnewlib.a(strncat.o)
                0x08011cba                strncat
 .text.strncpy  0x08011ce2       0x2a .pioenvs\bluepill_f103c8\liba13\libnewlib.a(strncpy.o)
                0x08011ce2                strncpy
 .text.UnityFloatsWithin
                0x08011d0c       0xe4 .pioenvs\bluepill_f103c8\lib0e4\libunity.a(unity.o)
 .text.UnityDoublesWithin
                0x08011df0      0x11c .pioenvs\bluepill_f103c8\lib0e4\libunity.a(unity.o)
 .text.setUp    0x08011f0c        0x2 .pioenvs\bluepill_f103c8\lib0e4\libunity.a(unity.o)
                0x08011f0c                setUp
 .text.tearDown
                0x08011f0e        0x2 .pioenvs\bluepill_f103c8\lib0e4\libunity.a(unity.o)
                0x08011f0e                tearDown
 .text.UnityPrintNumberUnsigned
                0x08011f10       0x34 .pioenvs\bluepill_f103c8\lib0e4\libunity.a(unity.o)
                0x08011f10                UnityPrintNumberUnsigned
 .text.UnityPrintNumber
                0x08011f44       0x18 .pioenvs\bluepill_f103c8\lib0e4\libunity.a(unity.o)
                0x08011f44                UnityPrintNumber
 .text.UnityPrintNumberHex
                0x08011f5c       0x2e .pioenvs\bluepill_f103c8\lib0e4\libunity.a(unity.o)
                0x08011f5c                UnityPrintNumberHex
 .text.UnityPrint.part.0
                0x08011f8a       0x4c .pioenvs\bluepill_f103c8\lib0e4\libunity.a(unity.o)
 .text.UnityPrint
                0x08011fd6        0x8 .pioenvs\bluepill_f103c8\lib0e4\libunity.a(unity.o)
                0x08011fd6                UnityPrint
 .text.UnityPrintNumberByStyle
                0x08011fde       0x3a .pioenvs\bluepill_f103c8\lib0e4\libunity.a(unity.o)
                0x08011fde                UnityPrintNumberByStyle
 .text._ZN5codal3Pin15setServoPulseUsEm
                0x08012018        0x6 .pioenvs\bluepill_f103c8\lib24c\libcm.a(CmPin.o)
                0x08012018                codal::Pin::setServoPulseUs(unsigned long)
 .text._ZN5codal3Pin17setAnalogPeriodUsEm
                0x0801201e        0x6 .pioenvs\bluepill_f103c8\lib24c\libcm.a(CmPin.o)
                0x0801201e                codal::Pin::setAnalogPeriodUs(unsigned long)
 .text._ZN5codal3Pin8drainPinEv
                0x08012024        0x6 .pioenvs\bluepill_f103c8\lib24c\libcm.a(CmPin.o)
                0x08012024                codal::Pin::drainPin()
 .text._ZN5codal3_cm3Pin15getDigitalValueEv
                0x0801202a        0x4 .pioenvs\bluepill_f103c8\lib24c\libcm.a(CmPin.o)
                0x0801202a                codal::_cm::Pin::getDigitalValue()
 .text._ZN5codal3_cm3Pin15getDigitalValueENS_8PullModeE
                0x0801202e       0x16 .pioenvs\bluepill_f103c8\lib24c\libcm.a(CmPin.o)
                0x0801202e                codal::_cm::Pin::getDigitalValue(codal::PullMode)
 .text._ZN5codal3_cm3Pin14getAnalogValueEv
                0x08012044        0x4 .pioenvs\bluepill_f103c8\lib24c\libcm.a(CmPin.o)
                0x08012044                codal::_cm::Pin::getAnalogValue()
 .text._ZN5codal3_cm3Pin7isInputEv
                0x08012048        0xe .pioenvs\bluepill_f103c8\lib24c\libcm.a(CmPin.o)
                0x08012048                codal::_cm::Pin::isInput()
 .text._ZN5codal3_cm3Pin8isOutputEv
                0x08012056        0xe .pioenvs\bluepill_f103c8\lib24c\libcm.a(CmPin.o)
                0x08012056                codal::_cm::Pin::isOutput()
 .text._ZN5codal3_cm3Pin9isDigitalEv
                0x08012064        0xc .pioenvs\bluepill_f103c8\lib24c\libcm.a(CmPin.o)
                0x08012064                codal::_cm::Pin::isDigital()
 .text._ZN5codal3_cm3Pin8isAnalogEv
                0x08012070        0xe .pioenvs\bluepill_f103c8\lib24c\libcm.a(CmPin.o)
                0x08012070                codal::_cm::Pin::isAnalog()
 .text._ZN5codal3_cm3Pin15getAnalogPeriodEv
                0x0801207e       0x12 .pioenvs\bluepill_f103c8\lib24c\libcm.a(CmPin.o)
                0x0801207e                codal::_cm::Pin::getAnalogPeriod()
 .text._ZN5codal3_cm3Pin7setPullENS_8PullModeE
                0x08012090        0x6 .pioenvs\bluepill_f103c8\lib24c\libcm.a(CmPin.o)
                0x08012090                codal::_cm::Pin::setPull(codal::PullMode)
 .text._ZN5codal3_cm3Pin5setupEhh
                0x08012096       0x1e .pioenvs\bluepill_f103c8\lib24c\libcm.a(CmPin.o)
                0x08012096                codal::_cm::Pin::setup(unsigned char, unsigned char)
 .text._ZN5codal3_cm3Pin17setAnalogPeriodUsEi
                0x080120b4       0x12 .pioenvs\bluepill_f103c8\lib24c\libcm.a(CmPin.o)
                0x080120b4                codal::_cm::Pin::setAnalogPeriodUs(int)
 .text._ZN5codal3_cm3Pin15setAnalogPeriodEi
                0x080120c6        0xa .pioenvs\bluepill_f103c8\lib24c\libcm.a(CmPin.o)
                0x080120c6                codal::_cm::Pin::setAnalogPeriod(int)
 .text._ZN5codal3_cm3Pin13disableEventsEv
                0x080120d0       0x10 .pioenvs\bluepill_f103c8\lib24c\libcm.a(CmPin.o)
                0x080120d0                codal::_cm::Pin::disableEvents()
 .text._ZN5codal3_cm3Pin7eventOnEi
                0x080120e0       0x26 .pioenvs\bluepill_f103c8\lib24c\libcm.a(CmPin.o)
                0x080120e0                codal::_cm::Pin::eventOn(int)
 .text.target_enable_debug
                0x08012106        0x4 .pioenvs\bluepill_f103c8\lib24c\libcm.a(codal_target_hal.o)
                0x08012106                target_enable_debug
 .text.target_enable_irq
                0x0801210a        0x4 .pioenvs\bluepill_f103c8\lib24c\libcm.a(codal_target_hal.o)
                0x0801210a                target_enable_irq
 .text.target_disable_irq
                0x0801210e        0x4 .pioenvs\bluepill_f103c8\lib24c\libcm.a(codal_target_hal.o)
                0x0801210e                target_disable_irq
 .text.target_wait_for_event
                0x08012112        0xa .pioenvs\bluepill_f103c8\lib24c\libcm.a(codal_target_hal.o)
                0x08012112                target_wait_for_event
 .text.tcb_allocate
                0x0801211c        0x6 .pioenvs\bluepill_f103c8\lib24c\libcm.a(codal_target_hal.o)
                0x0801211c                tcb_allocate
 .text.tcb_configure_lr
                0x08012122        0x4 .pioenvs\bluepill_f103c8\lib24c\libcm.a(codal_target_hal.o)
                0x08012122                tcb_configure_lr
 .text.tcb_configure_sp
                0x08012126        0x4 .pioenvs\bluepill_f103c8\lib24c\libcm.a(codal_target_hal.o)
                0x08012126                tcb_configure_sp
 .text.tcb_configure_stack_base
                0x0801212a        0x4 .pioenvs\bluepill_f103c8\lib24c\libcm.a(codal_target_hal.o)
                0x0801212a                tcb_configure_stack_base
 .text.tcb_get_stack_base
                0x0801212e        0x4 .pioenvs\bluepill_f103c8\lib24c\libcm.a(codal_target_hal.o)
                0x0801212e                tcb_get_stack_base
 .text.get_current_sp
                0x08012132        0x4 .pioenvs\bluepill_f103c8\lib24c\libcm.a(codal_target_hal.o)
                0x08012132                get_current_sp
 .text.tcb_get_sp
                0x08012136        0x4 .pioenvs\bluepill_f103c8\lib24c\libcm.a(codal_target_hal.o)
                0x08012136                tcb_get_sp
 .text.tcb_configure_args
                0x0801213a        0x8 .pioenvs\bluepill_f103c8\lib24c\libcm.a(codal_target_hal.o)
                0x0801213a                tcb_configure_args
 .text._fini    0x08012142        0x2 .pioenvs\bluepill_f103c8\lib24c\libcm.a(codal_target_hal.o)
                0x08012142                _fini
 .text.__aeabi_atexit
                0x08012144        0x4 .pioenvs\bluepill_f103c8\lib24c\libcm.a(codal_target_hal.o)
                0x08012144                __aeabi_atexit
 .text._ZN5codal14CodalComponent16periodicCallbackEv
                0x08012148        0x2 .pioenvs\bluepill_f103c8\libff7\libbluepill.a(STM32BluePill.o)
                0x08012148                codal::CodalComponent::periodicCallback()
 .text._ZN5codal14CodalComponent12idleCallbackEv
                0x0801214a        0x2 .pioenvs\bluepill_f103c8\libff7\libbluepill.a(STM32BluePill.o)
                0x0801214a                codal::CodalComponent::idleCallback()
 .text._ZN5codal13STM32BluePill16periodicCallbackEv
                0x0801214c        0x2 .pioenvs\bluepill_f103c8\libff7\libbluepill.a(STM32BluePill.o)
                0x0801214c                codal::STM32BluePill::periodicCallback()
 .text._ZN5codal14CodalComponentD0Ev
                0x0801214e       0x12 .pioenvs\bluepill_f103c8\libff7\libbluepill.a(STM32BluePill.o)
                0x0801214e                codal::CodalComponent::~CodalComponent()
 .text._ZN5codal13STM32BluePill12idleCallbackEv
                0x08012160        0x4 .pioenvs\bluepill_f103c8\libff7\libbluepill.a(STM32BluePill.o)
                0x08012160                codal::STM32BluePill::idleCallback()
 .text._ZN5codal13STM32BluePillD0Ev
                0x08012164       0x12 .pioenvs\bluepill_f103c8\libff7\libbluepill.a(STM32BluePill.o)
                0x08012164                codal::STM32BluePill::~STM32BluePill()
 .text.__cxa_pure_virtual
                0x08012176        0x8 .pioenvs\bluepill_f103c8\libff7\libbluepill.a(bluepill.o)
                0x08012176                __cxa_pure_virtual
 .text._Znwj    0x0801217e        0x4 .pioenvs\bluepill_f103c8\libff7\libbluepill.a(bluepill.o)
                0x0801217e                operator new(unsigned int)
 .text._ZdlPv   0x08012182        0x4 .pioenvs\bluepill_f103c8\libff7\libbluepill.a(bluepill.o)
                0x08012182                operator delete(void*)
 .text.platform_set_alarm
                0x08012186        0x4 .pioenvs\bluepill_f103c8\libff7\libbluepill.a(timer.o)
                0x08012186                platform_set_alarm
 .text.millis   0x0801218a        0x4 .pioenvs\bluepill_f103c8\libff7\libbluepill.a(timer.o)
                0x0801218a                millis
 .text.target_get_serial_number
                0x0801218e        0x6 .pioenvs\bluepill_f103c8\lib443\libbootloader.a(target_stm32f103.o)
                0x0801218e                target_get_serial_number
 .text.target_flash_unlock
                0x08012194        0x4 .pioenvs\bluepill_f103c8\lib443\libbootloader.a(target_stm32f103.o)
                0x08012194                target_flash_unlock
 .text.target_flash_lock
                0x08012198        0x4 .pioenvs\bluepill_f103c8\lib443\libbootloader.a(target_stm32f103.o)
                0x08012198                target_flash_lock
 .text.hf2_data_tx_cb
                0x0801219c        0x4 .pioenvs\bluepill_f103c8\lib443\libbootloader.a(hf2.o)
 .text._ZN13UARTInterfaceC2Ejj
                0x080121a0        0x2 .pioenvs\bluepill_f103c8\lib492\libuartint.a(uartint.o)
                0x080121a0                UARTInterface::UARTInterface(unsigned int, unsigned int)
                0x080121a0                UARTInterface::UARTInterface(unsigned int, unsigned int)
 .text.gpio_set_mode
                0x080121a2       0x62 .pioenvs\bluepill_f103c8\libFrameworkLibOpenCM3.a(gpio.o)
                0x080121a2                gpio_set_mode
 .text.gpio_set
                0x08012204        0x4 .pioenvs\bluepill_f103c8\libFrameworkLibOpenCM3.a(gpio_common_all.o)
                0x08012204                gpio_set
 .text.gpio_clear
                0x08012208        0x6 .pioenvs\bluepill_f103c8\libFrameworkLibOpenCM3.a(gpio_common_all.o)
                0x08012208                gpio_clear
 .text.usart_recv