Archive member included to satisfy reference by file (symbol)

.pioenvs\bluepill_f103c8\lib931\liblogger.a(logger.o)
                              .pioenvs\bluepill_f103c8\libff2\hal\codal_target_hal.o (debug_flush)
.pioenvs\bluepill_f103c8\liba13\libnewlib.a(memcpy.o)
                              .pioenvs\bluepill_f103c8\lib931\liblogger.a(logger.o) (memcpy)
.pioenvs\bluepill_f103c8\liba13\libnewlib.a(strlen.o)
                              .pioenvs\bluepill_f103c8\src\aggregate.o (strlen)
.pioenvs\bluepill_f103c8\liba13\libnewlib.a(strncat.o)
                              .pioenvs\bluepill_f103c8\src\wisol.o (strncat)
.pioenvs\bluepill_f103c8\liba13\libnewlib.a(strncmp.o)
                              .pioenvs\bluepill_f103c8\src\aggregate.o (strncmp)
.pioenvs\bluepill_f103c8\liba13\libnewlib.a(strncpy.o)
                              .pioenvs\bluepill_f103c8\src\aggregate.o (strncpy)
.pioenvs\bluepill_f103c8\liba13\libnewlib.a(strstr.o)
                              .pioenvs\bluepill_f103c8\src\wisol.o (strstr)
.pioenvs\bluepill_f103c8\libff7\libbluepill.a(bluepill.o)
                              .pioenvs\bluepill_f103c8\libff2\hal\codal_target_hal.o (platform_setup)
.pioenvs\bluepill_f103c8\libff7\libbluepill.a(led.o)
                              .pioenvs\bluepill_f103c8\libff7\libbluepill.a(bluepill.o) (led_setup)
.pioenvs\bluepill_f103c8\libff7\libbluepill.a(timer.o)
                              .pioenvs\bluepill_f103c8\libff2\hal\codal_target_hal.o (platform_start_timer)
.pioenvs\bluepill_f103c8\lib443\libbootloader.a(bootloader.o)
                              .pioenvs\bluepill_f103c8\libff2\hal\codal_target_hal.o (bootloader_status)
.pioenvs\bluepill_f103c8\lib443\libbootloader.a(hf2.o)
                              .pioenvs\bluepill_f103c8\lib443\libbootloader.a(bootloader.o) (hf2_buffer)
.pioenvs\bluepill_f103c8\lib443\libbootloader.a(target_stm32f103.o)
                              .pioenvs\bluepill_f103c8\lib443\libbootloader.a(bootloader.o) (target_get_startup_mode)
.pioenvs\bluepill_f103c8\lib443\libbootloader.a(usb_conf.o)
                              .pioenvs\bluepill_f103c8\lib443\libbootloader.a(hf2.o) (set_usb_busy)
.pioenvs\bluepill_f103c8\lib443\libbootloader.a(webusb.o)
                              .pioenvs\bluepill_f103c8\lib443\libbootloader.a(usb_conf.o) (webusb_setup)
.pioenvs\bluepill_f103c8\lib443\libbootloader.a(winusb.o)
                              .pioenvs\bluepill_f103c8\lib443\libbootloader.a(usb_conf.o) (winusb_setup)
.pioenvs\bluepill_f103c8\lib443\libbootloader.a(cdc.o)
                              .pioenvs\bluepill_f103c8\lib443\libbootloader.a(usb_conf.o) (cdc_setup)
.pioenvs\bluepill_f103c8\lib443\libbootloader.a(ghostfat.o)
                              .pioenvs\bluepill_f103c8\lib443\libbootloader.a(hf2.o) (flash_write)
.pioenvs\bluepill_f103c8\lib443\libbootloader.a(backup.o)
                              .pioenvs\bluepill_f103c8\lib443\libbootloader.a(target_stm32f103.o) (backup_write)
.pioenvs\bluepill_f103c8\lib443\libbootloader.a(usb21_standard.o)
                              .pioenvs\bluepill_f103c8\lib443\libbootloader.a(usb_conf.o) (usb21_setup)
.pioenvs\bluepill_f103c8\libd0a\libcocoOS_5.0.3.a(os_cbk.o)
                              .pioenvs\bluepill_f103c8\libff2\hal\codal_target_hal.o (os_cbkSleep)
.pioenvs\bluepill_f103c8\libd0a\libcocoOS_5.0.3.a(os_event.o)
                              .pioenvs\bluepill_f103c8\src\wisol.o (event_create)
.pioenvs\bluepill_f103c8\libd0a\libcocoOS_5.0.3.a(os_kernel.o)
                              .pioenvs\bluepill_f103c8\libff2\hal\codal_target_hal.o (os_init)
.pioenvs\bluepill_f103c8\libd0a\libcocoOS_5.0.3.a(os_msgqueue.o)
                              .pioenvs\bluepill_f103c8\libd0a\libcocoOS_5.0.3.a(os_kernel.o) (os_msgQ_init)
.pioenvs\bluepill_f103c8\libd0a\libcocoOS_5.0.3.a(os_sem.o)
                              .pioenvs\bluepill_f103c8\libd0a\libcocoOS_5.0.3.a(os_kernel.o) (os_sem_init)
.pioenvs\bluepill_f103c8\libd0a\libcocoOS_5.0.3.a(os_task.o)
                              .pioenvs\bluepill_f103c8\libd0a\libcocoOS_5.0.3.a(os_kernel.o) (os_task_init)
.pioenvs\bluepill_f103c8\libd0a\libcocoOS_5.0.3.a(os_assert.o)
                              .pioenvs\bluepill_f103c8\libd0a\libcocoOS_5.0.3.a(os_event.o) (os_on_assert)
.pioenvs\bluepill_f103c8\lib635\libcodal-core.a(CodalComponent.o)
                              .pioenvs\bluepill_f103c8\src\main.o (codal::CodalComponent::removeComponent())
.pioenvs\bluepill_f103c8\lib635\libcodal-core.a(CodalDmesg.o)
                              .pioenvs\bluepill_f103c8\libff2\hal\codal_target_hal.o (codalLogStore)
.pioenvs\bluepill_f103c8\lib635\libcodal-core.a(CodalFiber.o)
                              .pioenvs\bluepill_f103c8\src\main.o (codal::fiber_sleep(unsigned long))
.pioenvs\bluepill_f103c8\lib635\libcodal-core.a(CodalHeapAllocator.o)
                              .pioenvs\bluepill_f103c8\libff2\hal\codal_target_hal.o (malloc)
[...]
Memory Configuration

Name             Origin             Length             Attributes
bootrom          0x08000000         0x00006800         xr
rom              0x08006800         0x00009800         xr
bootram          0x20000000         0x00000c00         xrw
ram              0x20000c00         0x00003bbc         xrw
bootbuf          0x200047bc         0x00000844         xrw
*default*        0x00000000         0xffffffff

Linker script and memory map

                0x00006800                _bootrom_size = 0x6800
                0x00000c00                _bootram_size = 0xc00
                0x00000844                _bootbuf_size = 0x844

.boot_text      0x08000000     0x4064
                0x08000000                _boot_text = .
 *(SORT_BY_ALIGNMENT(.vectors))
 .vectors       0x08000000      0x150 .pioenvs\bluepill_f103c8\libFrameworkLibOpenCM3.a(vector.o)
                0x08000000                vector_table
 :*reset_handler*(SORT_BY_ALIGNMENT(.text*))
 .text.reset_handler
                0x08000150       0xdc .pioenvs\bluepill_f103c8\libff2\hal\reset_handler.o
                0x08000150                reset_handler
 *libhal.a:*reset_handler*(SORT_BY_ALIGNMENT(.text*))
 :*codal_target_hal*(SORT_BY_ALIGNMENT(.text*))
 .text._ZL15poll_bootloaderv
                0x0800022c       0x70 .pioenvs\bluepill_f103c8\libff2\hal\codal_target_hal.o
 .text._ZL10timer_tickv
                0x0800029c       0x1c .pioenvs\bluepill_f103c8\libff2\hal\codal_target_hal.o
 .text._ZL11timer_alarmv
                0x080002b8       0x40 .pioenvs\bluepill_f103c8\libff2\hal\codal_target_hal.o
 .text._ZL11os_schedulev.part.2
                0x080002f8       0x28 .pioenvs\bluepill_f103c8\libff2\hal\codal_target_hal.o
 .text.target_init
                0x08000320       0x30 .pioenvs\bluepill_f103c8\libff2\hal\codal_target_hal.o
                0x08000320                target_init
 .text.target_wait
                0x08000350       0x58 .pioenvs\bluepill_f103c8\libff2\hal\codal_target_hal.o
                0x08000350                target_wait
 .text.target_dmesg_flush
                0x080003a8       0x38 .pioenvs\bluepill_f103c8\libff2\hal\codal_target_hal.o
                0x080003a8                target_dmesg_flush
 .text.target_wait_for_event
                0x080003e0       0x6c .pioenvs\bluepill_f103c8\libff2\hal\codal_target_hal.o
                0x080003e0                target_wait_for_event
 .text.target_panic
                0x0800044c       0x20 .pioenvs\bluepill_f103c8\libff2\hal\codal_target_hal.o
                0x0800044c                target_panic
 .text.fiber_initial_stack_base
                0x0800046c        0x8 .pioenvs\bluepill_f103c8\libff2\hal\codal_target_hal.o
                0x0800046c                fiber_initial_stack_base
 .text.test_codal
                0x08000474       0x70 .pioenvs\bluepill_f103c8\libff2\hal\codal_target_hal.o
                0x08000474                test_codal
 .text.target_set_tick_callback
                0x080004e4        0xc .pioenvs\bluepill_f103c8\libff2\hal\codal_target_hal.o
                0x080004e4                target_set_tick_callback
 .text.target_set_alarm_callback
                0x080004f0        0xc .pioenvs\bluepill_f103c8\libff2\hal\codal_target_hal.o
                0x080004f0                target_set_alarm_callback
 .text.target_set_bootloader_callback
                0x080004fc        0xc .pioenvs\bluepill_f103c8\libff2\hal\codal_target_hal.o
                0x080004fc                target_set_bootloader_callback
 .text.target_wait_us
                0x08000508        0xc .pioenvs\bluepill_f103c8\libff2\hal\codal_target_hal.o
                0x08000508                target_wait_us
 .text.target_enable_irq
                0x08000514        0x4 .pioenvs\bluepill_f103c8\libff2\hal\codal_target_hal.o
                0x08000514                target_enable_irq
 .text.target_disable_irq
                0x08000518        0x4 .pioenvs\bluepill_f103c8\libff2\hal\codal_target_hal.o
                0x08000518                target_disable_irq
 .text.tcb_allocate
                0x0800051c        0x6 .pioenvs\bluepill_f103c8\libff2\hal\codal_target_hal.o
                0x0800051c                tcb_allocate
 .text.tcb_configure_lr
                0x08000522        0x4 .pioenvs\bluepill_f103c8\libff2\hal\codal_target_hal.o
                0x08000522                tcb_configure_lr
 .text.tcb_configure_sp
                0x08000526        0x4 .pioenvs\bluepill_f103c8\libff2\hal\codal_target_hal.o
                0x08000526                tcb_configure_sp
 .text.tcb_configure_stack_base
                0x0800052a        0x4 .pioenvs\bluepill_f103c8\libff2\hal\codal_target_hal.o
                0x0800052a                tcb_configure_stack_base
 .text.tcb_get_stack_base
                0x0800052e        0x4 .pioenvs\bluepill_f103c8\libff2\hal\codal_target_hal.o
                0x0800052e                tcb_get_stack_base
 .text.get_current_sp
                0x08000532        0x4 .pioenvs\bluepill_f103c8\libff2\hal\codal_target_hal.o
                0x08000532                get_current_sp
 .text.tcb_get_sp
                0x08000536        0x4 .pioenvs\bluepill_f103c8\libff2\hal\codal_target_hal.o
                0x08000536                tcb_get_sp
 .text.tcb_configure_args
                0x0800053a        0x8 .pioenvs\bluepill_f103c8\libff2\hal\codal_target_hal.o
                0x0800053a                tcb_configure_args
 .text._fini    0x08000542        0x2 .pioenvs\bluepill_f103c8\libff2\hal\codal_target_hal.o
                0x08000542                _fini
 .text.__aeabi_atexit
                0x08000544        0x4 .pioenvs\bluepill_f103c8\libff2\hal\codal_target_hal.o
                0x08000544                __aeabi_atexit
 .text.target_enable_debug
                0x08000548        0x4 .pioenvs\bluepill_f103c8\libff2\hal\codal_target_hal.o
                0x08000548                target_enable_debug
 *libhal.a:*codal_target_hal*(SORT_BY_ALIGNMENT(.text*))
 :*CortexContextSwitch*(SORT_BY_ALIGNMENT(.text*))
 .text          0x0800054c      0x124 asm/CortexContextSwitch.s.o
                0x0800054c                swap_context
                0x080005ce                save_context
                0x08000612                save_register_context
                0x08000642                restore_register_context
 *libhal.a:(SORT_BY_ALIGNMENT(.text*))
 *liblibopencm3.a:(SORT_BY_ALIGNMENT(.text*))
 *libFrameworkLibOpenCM3.a:(SORT_BY_ALIGNMENT(.text*))
 .text.desig_get_unique_id
                0x08000670       0x20 .pioenvs\bluepill_f103c8\libFrameworkLibOpenCM3.a(desig.o)
                0x08000670                desig_get_unique_id
 .text.desig_get_unique_id_as_string
                0x08000690       0x48 .pioenvs\bluepill_f103c8\libFrameworkLibOpenCM3.a(desig.o)
                0x08000690                desig_get_unique_id_as_string
 .text.flash_get_status_flags
                0x080006d8       0x28 .pioenvs\bluepill_f103c8\libFrameworkLibOpenCM3.a(flash.o)
                0x080006d8                flash_get_status_flags
 .text.flash_program_half_word
                0x08000700       0x60 .pioenvs\bluepill_f103c8\libFrameworkLibOpenCM3.a(flash.o)
                0x08000700                flash_program_half_word
 .text.flash_erase_page
                0x08000760       0x78 .pioenvs\bluepill_f103c8\libFrameworkLibOpenCM3.a(flash.o)
                0x08000760                flash_erase_page
 .text.rcc_osc_on.part.0
                0x080007d8       0x10 .pioenvs\bluepill_f103c8\libFrameworkLibOpenCM3.a(rcc.o)
 .text.rcc_wait_for_osc_ready
                0x080007e8       0x64 .pioenvs\bluepill_f103c8\libFrameworkLibOpenCM3.a(rcc.o)
                0x080007e8                rcc_wait_for_osc_ready
 .text.rcc_osc_on
                0x0800084c       0x54 .pioenvs\bluepill_f103c8\libFrameworkLibOpenCM3.a(rcc.o)
                0x0800084c                rcc_osc_on
 .text.rcc_set_sysclk_source
                0x080008a0       0x14 .pioenvs\bluepill_f103c8\libFrameworkLibOpenCM3.a(rcc.o)
                0x080008a0                rcc_set_sysclk_source
 .text.rcc_set_pll_multiplication_factor
                0x080008b4       0x14 .pioenvs\bluepill_f103c8\libFrameworkLibOpenCM3.a(rcc.o)
                0x080008b4                rcc_set_pll_multiplication_factor
 .text.rcc_set_pll_source
                0x080008c8       0x14 .pioenvs\bluepill_f103c8\libFrameworkLibOpenCM3.a(rcc.o)
                0x080008c8                rcc_set_pll_source
 .text.rcc_set_pllxtpre
                0x080008dc       0x14 .pioenvs\bluepill_f103c8\libFrameworkLibOpenCM3.a(rcc.o)
                0x080008dc                rcc_set_pllxtpre
 .text.rcc_enable_rtc_clock
                0x080008f0       0x10 .pioenvs\bluepill_f103c8\libFrameworkLibOpenCM3.a(rcc.o)
                0x080008f0                rcc_enable_rtc_clock
 .text.rcc_set_rtc_clock_source
                0x08000900       0x90 .pioenvs\bluepill_f103c8\libFrameworkLibOpenCM3.a(rcc.o)
                0x08000900                rcc_set_rtc_clock_source
 .text.rcc_set_adcpre
                0x08000990       0x14 .pioenvs\bluepill_f103c8\libFrameworkLibOpenCM3.a(rcc.o)
                0x08000990                rcc_set_adcpre
 .text.rcc_set_ppre2
                0x080009a4       0x14 .pioenvs\bluepill_f103c8\libFrameworkLibOpenCM3.a(rcc.o)
                0x080009a4                rcc_set_ppre2
 .text.rcc_set_ppre1
                0x080009b8       0x14 .pioenvs\bluepill_f103c8\libFrameworkLibOpenCM3.a(rcc.o)
                0x080009b8                rcc_set_ppre1
 .text.rcc_set_hpre
                0x080009cc       0x14 .pioenvs\bluepill_f103c8\libFrameworkLibOpenCM3.a(rcc.o)
                0x080009cc                rcc_set_hpre
 .text.rcc_clock_setup_in_hse_8mhz_out_72mhz
                0x080009e0       0x8c .pioenvs\bluepill_f103c8\libFrameworkLibOpenCM3.a(rcc.o)
                0x080009e0                rcc_clock_setup_in_hse_8mhz_out_72mhz
 .text.rtc_enter_config_mode
                0x08000a6c       0x18 .pioenvs\bluepill_f103c8\libFrameworkLibOpenCM3.a(rtc.o)
                0x08000a6c                rtc_enter_config_mode
 .text.rtc_exit_config_mode
                0x08000a84       0x18 .pioenvs\bluepill_f103c8\libFrameworkLibOpenCM3.a(rtc.o)
                0x08000a84                rtc_exit_config_mode
 .text.rtc_set_alarm_time
                0x08000a9c       0x20 .pioenvs\bluepill_f103c8\libFrameworkLibOpenCM3.a(rtc.o)
                0x08000a9c                rtc_set_alarm_time
 .text.rtc_set_prescale_val
                0x08000abc       0x20 .pioenvs\bluepill_f103c8\libFrameworkLibOpenCM3.a(rtc.o)
                0x08000abc                rtc_set_prescale_val
 .text.rtc_get_counter_val
                0x08000adc       0x14 .pioenvs\bluepill_f103c8\libFrameworkLibOpenCM3.a(rtc.o)
                0x08000adc                rtc_get_counter_val
 .text.rtc_set_counter_val
                0x08000af0       0x1c .pioenvs\bluepill_f103c8\libFrameworkLibOpenCM3.a(rtc.o)
                0x08000af0                rtc_set_counter_val
 .text.rtc_interrupt_disable
                0x08000b0c       0x3c .pioenvs\bluepill_f103c8\libFrameworkLibOpenCM3.a(rtc.o)
                0x08000b0c                rtc_interrupt_disable
 .text.rtc_clear_flag
                0x08000b48       0x30 .pioenvs\bluepill_f103c8\libFrameworkLibOpenCM3.a(rtc.o)
                0x08000b48                rtc_clear_flag
 .text.rtc_check_flag
                0x08000b78       0x30 .pioenvs\bluepill_f103c8\libFrameworkLibOpenCM3.a(rtc.o)
                0x08000b78                rtc_check_flag
 .text.pwr_disable_backup_domain_write_protect
                0x08000ba8       0x10 .pioenvs\bluepill_f103c8\libFrameworkLibOpenCM3.a(pwr_common_all.o)
                0x08000ba8                pwr_disable_backup_domain_write_protect
 .text.pwr_enable_backup_domain_write_protect
                0x08000bb8       0x10 .pioenvs\bluepill_f103c8\libFrameworkLibOpenCM3.a(pwr_common_all.o)
                0x08000bb8                pwr_enable_backup_domain_write_protect
 .text.exti_set_trigger
                0x08000bc8       0x3c .pioenvs\bluepill_f103c8\libFrameworkLibOpenCM3.a(exti_common_all.o)
                0x08000bc8                exti_set_trigger
 .text.exti_enable_request
                0x08000c04       0x14 .pioenvs\bluepill_f103c8\libFrameworkLibOpenCM3.a(exti_common_all.o)
                0x08000c04                exti_enable_request
 .text.exti_reset_request
                0x08000c18        0xc .pioenvs\bluepill_f103c8\libFrameworkLibOpenCM3.a(exti_common_all.o)
                0x08000c18                exti_reset_request
 .text.flash_set_ws
                0x08000c24       0x14 .pioenvs\bluepill_f103c8\libFrameworkLibOpenCM3.a(flash_common_f01.o)
                0x08000c24                flash_set_ws
 .text.flash_unlock
                0x08000c38       0x24 .pioenvs\bluepill_f103c8\libFrameworkLibOpenCM3.a(flash_common_f01.o)
                0x08000c38                flash_unlock
 .text.flash_lock
                0x08000c5c       0x10 .pioenvs\bluepill_f103c8\libFrameworkLibOpenCM3.a(flash_common_f01.o)
                0x08000c5c                flash_lock
 .text.usbd_init
                0x08000c6c       0x50 .pioenvs\bluepill_f103c8\libFrameworkLibOpenCM3.a(usb.o)
                0x08000c6c                usbd_init
 .text._usbd_standard_request_device
                0x08000cbc       0x48 .pioenvs\bluepill_f103c8\libFrameworkLibOpenCM3.a(usb_standard.o)
                0x08000cbc                _usbd_standard_request_device
 .text._usbd_standard_request_interface
                0x08000d04       0x30 .pioenvs\bluepill_f103c8\libFrameworkLibOpenCM3.a(usb_standard.o)
                0x08000d04                _usbd_standard_request_interface
 .text._usbd_standard_request_endpoint
                0x08000d34       0x3c .pioenvs\bluepill_f103c8\libFrameworkLibOpenCM3.a(usb_standard.o)
                0x08000d34                _usbd_standard_request_endpoint
 .text.st_usbfs_v1_usbd_init
                0x08000d70       0x30 .pioenvs\bluepill_f103c8\libFrameworkLibOpenCM3.a(st_usbfs_v1.o)
 .text.scb_reset_system
                0x08000da0       0x10 .pioenvs\bluepill_f103c8\libFrameworkLibOpenCM3.a(scb.o)
                0x08000da0                scb_reset_system
 .text.st_usbfs_set_address
                0x08000db0       0x10 .pioenvs\bluepill_f103c8\libFrameworkLibOpenCM3.a(st_usbfs_core.o)
                0x08000db0                st_usbfs_set_address
 .text.st_usbfs_set_ep_rx_bufsize
                0x08000dc0       0x48 .pioenvs\bluepill_f103c8\libFrameworkLibOpenCM3.a(st_usbfs_core.o)
                0x08000dc0                st_usbfs_set_ep_rx_bufsize
 .text.st_usbfs_ep_setup
                0x08000e08      0x150 .pioenvs\bluepill_f103c8\libFrameworkLibOpenCM3.a(st_usbfs_core.o)
                0x08000e08                st_usbfs_ep_setup
 .text.st_usbfs_endpoints_reset
                0x08000f58       0x44 .pioenvs\bluepill_f103c8\libFrameworkLibOpenCM3.a(st_usbfs_core.o)
                0x08000f58                st_usbfs_endpoints_reset
 .text.st_usbfs_ep_stall_set
                0x08000f9c       0xe4 .pioenvs\bluepill_f103c8\libFrameworkLibOpenCM3.a(st_usbfs_core.o)
                0x08000f9c                st_usbfs_ep_stall_set
 .text.st_usbfs_ep_nak_set
                0x08001080       0x58 .pioenvs\bluepill_f103c8\libFrameworkLibOpenCM3.a(st_usbfs_core.o)
                0x08001080                st_usbfs_ep_nak_set
 .text.st_usbfs_ep_write_packet
                0x080010d8       0x8c .pioenvs\bluepill_f103c8\libFrameworkLibOpenCM3.a(st_usbfs_core.o)
                0x080010d8                st_usbfs_ep_write_packet
 .text.st_usbfs_ep_read_packet
                0x08001164       0xb8 .pioenvs\bluepill_f103c8\libFrameworkLibOpenCM3.a(st_usbfs_core.o)
                0x08001164                st_usbfs_ep_read_packet
 .text.st_usbfs_poll
                0x0800121c       0xd0 .pioenvs\bluepill_f103c8\libFrameworkLibOpenCM3.a(st_usbfs_core.o)
                0x0800121c                st_usbfs_poll
 .text.gpio_set_mode
                0x080012ec       0x62 .pioenvs\bluepill_f103c8\libFrameworkLibOpenCM3.a(gpio.o)
                0x080012ec                gpio_set_mode
 .text.gpio_set
                0x0800134e        0x4 .pioenvs\bluepill_f103c8\libFrameworkLibOpenCM3.a(gpio_common_all.o)
                0x0800134e                gpio_set
 .text.gpio_clear
                0x08001352        0x6 .pioenvs\bluepill_f103c8\libFrameworkLibOpenCM3.a(gpio_common_all.o)
                0x08001352                gpio_clear
 .text.usart_recv
                0x08001358        0x8 .pioenvs\bluepill_f103c8\libFrameworkLibOpenCM3.a(usart_common_f124.o)
                0x08001358                usart_recv
 .text.rcc_periph_clock_enable
                0x08001360       0x1a .pioenvs\bluepill_f103c8\libFrameworkLibOpenCM3.a(rcc_common_all.o)
                0x08001360                rcc_periph_clock_enable
 .text.rcc_periph_reset_pulse
                0x0800137a       0x22 .pioenvs\bluepill_f103c8\libFrameworkLibOpenCM3.a(rcc_common_all.o)
                0x0800137a                rcc_periph_reset_pulse
 .text.flash_wait_for_last_operation
                0x0800139c        0xc .pioenvs\bluepill_f103c8\libFrameworkLibOpenCM3.a(flash_common_f01.o)
                0x0800139c                flash_wait_for_last_operation
 .text.usbd_register_sof_callback
                0x080013a8        0x4 .pioenvs\bluepill_f103c8\libFrameworkLibOpenCM3.a(usb.o)
                0x080013a8                usbd_register_sof_callback
 .text.usbd_poll
                0x080013ac        0x8 .pioenvs\bluepill_f103c8\libFrameworkLibOpenCM3.a(usb.o)
                0x080013ac                usbd_poll
 .text.usbd_ep_setup
                0x080013b4        0xe .pioenvs\bluepill_f103c8\libFrameworkLibOpenCM3.a(usb.o)
                0x080013b4                usbd_ep_setup
 .text._usbd_reset
                0x080013c2       0x32 .pioenvs\bluepill_f103c8\libFrameworkLibOpenCM3.a(usb.o)
                0x080013c2                _usbd_reset
 .text.usbd_ep_write_packet
                0x080013f4        0xe .pioenvs\bluepill_f103c8\libFrameworkLibOpenCM3.a(usb.o)
                0x080013f4                usbd_ep_write_packet
 .text.usbd_ep_read_packet
                0x08001402        0xe .pioenvs\bluepill_f103c8\libFrameworkLibOpenCM3.a(usb.o)
                0x08001402                usbd_ep_read_packet
 .text.usbd_ep_stall_set
                0x08001410        0x8 .pioenvs\bluepill_f103c8\libFrameworkLibOpenCM3.a(usb.o)
                0x08001410                usbd_ep_stall_set
 .text.usbd_ep_stall_get
                0x08001418        0x8 .pioenvs\bluepill_f103c8\libFrameworkLibOpenCM3.a(usb.o)
                0x08001418                usbd_ep_stall_get
 .text.stall_transaction
                0x08001420       0x14 .pioenvs\bluepill_f103c8\libFrameworkLibOpenCM3.a(usb_control.o)
 .text.usb_control_recv_chunk
                0x08001434       0x3c .pioenvs\bluepill_f103c8\libFrameworkLibOpenCM3.a(usb_control.o)
 .text.usb_control_send_chunk
                0x08001470       0x44 .pioenvs\bluepill_f103c8\libFrameworkLibOpenCM3.a(usb_control.o)
 .text.usb_control_request_dispatch
                0x080014b4       0x62 .pioenvs\bluepill_f103c8\libFrameworkLibOpenCM3.a(usb_control.o)
 .text.usb_control_setup_read
                0x08001516       0x42 .pioenvs\bluepill_f103c8\libFrameworkLibOpenCM3.a(usb_control.o)
 .text.usbd_register_control_callback
                0x08001558       0x26 .pioenvs\bluepill_f103c8\libFrameworkLibOpenCM3.a(usb_control.o)
                0x08001558                usbd_register_control_callback
 .text._usbd_control_setup
                0x0800157e       0x5a .pioenvs\bluepill_f103c8\libFrameworkLibOpenCM3.a(usb_control.o)
                0x0800157e                _usbd_control_setup
 .text._usbd_control_out
                0x080015d8       0x82 .pioenvs\bluepill_f103c8\libFrameworkLibOpenCM3.a(usb_control.o)
                0x080015d8                _usbd_control_out
 .text._usbd_control_in
                0x0800165a       0x56 .pioenvs\bluepill_f103c8\libFrameworkLibOpenCM3.a(usb_control.o)
                0x0800165a                _usbd_control_in
 .text.usb_standard_set_configuration
                0x080016b0       0x92 .pioenvs\bluepill_f103c8\libFrameworkLibOpenCM3.a(usb_standard.o)
 .text.usb_standard_get_configuration
                0x08001742       0x20 .pioenvs\bluepill_f103c8\libFrameworkLibOpenCM3.a(usb_standard.o)
 .text.usb_standard_get_interface
                0x08001762       0x34 .pioenvs\bluepill_f103c8\libFrameworkLibOpenCM3.a(usb_standard.o)
 .text.usb_standard_device_get_status
                0x08001796       0x18 .pioenvs\bluepill_f103c8\libFrameworkLibOpenCM3.a(usb_standard.o)
 .text.usb_standard_endpoint_get_status
                0x080017ae       0x2a .pioenvs\bluepill_f103c8\libFrameworkLibOpenCM3.a(usb_standard.o)
 .text.usb_standard_endpoint_stall
                0x080017d8       0x10 .pioenvs\bluepill_f103c8\libFrameworkLibOpenCM3.a(usb_standard.o)
 .text.usb_standard_endpoint_unstall
                0x080017e8       0x10 .pioenvs\bluepill_f103c8\libFrameworkLibOpenCM3.a(usb_standard.o)
 .text.usb_standard_set_address
                0x080017f8       0x28 .pioenvs\bluepill_f103c8\libFrameworkLibOpenCM3.a(usb_standard.o)
 .text.usb_standard_set_interface
                0x08001820       0x4e .pioenvs\bluepill_f103c8\libFrameworkLibOpenCM3.a(usb_standard.o)
 .text.usb_standard_get_descriptor
                0x0800186e      0x256 .pioenvs\bluepill_f103c8\libFrameworkLibOpenCM3.a(usb_standard.o)
 .text.usb_standard_interface_get_status
                0x08001ac4       0x18 .pioenvs\bluepill_f103c8\libFrameworkLibOpenCM3.a(usb_standard.o)
 .text.usbd_register_set_config_callback
                0x08001adc       0x26 .pioenvs\bluepill_f103c8\libFrameworkLibOpenCM3.a(usb_standard.o)
                0x08001adc                usbd_register_set_config_callback
 .text._usbd_standard_request
                0x08001b02       0x30 .pioenvs\bluepill_f103c8\libFrameworkLibOpenCM3.a(usb_standard.o)
                0x08001b02                _usbd_standard_request
 .text.st_usbfs_copy_to_pm
                0x08001b32       0x1c .pioenvs\bluepill_f103c8\libFrameworkLibOpenCM3.a(st_usbfs_v1.o)
                0x08001b32                st_usbfs_copy_to_pm
 .text.st_usbfs_copy_from_pm
                0x08001b4e       0x2a .pioenvs\bluepill_f103c8\libFrameworkLibOpenCM3.a(st_usbfs_v1.o)
                0x08001b4e                st_usbfs_copy_from_pm
 .text.blocking_handler
                0x08001b78        0x2 .pioenvs\bluepill_f103c8\libFrameworkLibOpenCM3.a(vector.o)
                0x08001b78                usart3_isr
                0x08001b78                tim7_isr
                0x08001b78                adc1_2_isr
                0x08001b78                tim1_trg_com_isr
                0x08001b78                usb_hp_can_tx_isr
                0x08001b78                tim6_isr
                0x08001b78                usb_wakeup_isr
                0x08001b78                blocking_handler
                0x08001b78                tim5_isr
                0x08001b78                otg_fs_isr
                0x08001b78                spi1_isr
                0x08001b78                exti2_isr
                0x08001b78                dma1_channel6_isr
                0x08001b78                can_rx1_isr
                0x08001b78                dma1_channel5_isr
                0x08001b78                dma2_channel5_isr
                0x08001b78                usart1_isr
                0x08001b78                usage_fault_handler
                0x08001b78                tim8_trg_com_isr
                0x08001b78                can2_rx0_isr
                0x08001b78                tim1_brk_isr
                0x08001b78                can2_rx1_isr
                0x08001b78                tim1_cc_isr
                0x08001b78                sdio_isr
                0x08001b78                eth_isr
                0x08001b78                dma1_channel4_isr
                0x08001b78                tim8_brk_isr
                0x08001b78                dma2_channel4_5_isr
                0x08001b78                pvd_isr
                0x08001b78                rcc_isr
                0x08001b78                flash_isr
                0x08001b78                uart4_isr
                0x08001b78                exti15_10_isr
                0x08001b78                hard_fault_handler
                0x08001b78                exti1_isr
                0x08001b78                i2c1_ev_isr
                0x08001b78                dma2_channel1_isr
                0x08001b78                spi2_isr
                0x08001b78                tim8_up_isr
                0x08001b78                dma2_channel2_isr
                0x08001b78                exti3_isr
                0x08001b78                adc3_isr
                0x08001b78                tim3_isr
                0x08001b78                usb_lp_can_rx0_isr
                0x08001b78                i2c2_er_isr
                0x08001b78                i2c2_ev_isr
                0x08001b78                uart5_isr
                0x08001b78                fsmc_isr
                0x08001b78                dma1_channel1_isr
                0x08001b78                exti4_isr
                0x08001b78                mem_manage_handler
                0x08001b78                can2_tx_isr
                0x08001b78                exti9_5_isr
                0x08001b78                dma2_channel3_isr
                0x08001b78                dma1_channel7_isr
                0x08001b78                tim1_up_isr
                0x08001b78                can2_sce_isr
                0x08001b78                tim4_isr
                0x08001b78                dma1_channel2_isr
                0x08001b78                i2c1_er_isr
                0x08001b78                can_sce_isr
                0x08001b78                tim8_cc_isr
                0x08001b78                tamper_isr
                0x08001b78                eth_wkup_isr
                0x08001b78                bus_fault_handler
                0x08001b78                wwdg_isr
                0x08001b78                dma1_channel3_isr
                0x08001b78                spi3_isr
                0x08001b78                tim2_isr
                0x08001b78                exti0_isr
 .text.null_handler
                0x08001b7a        0x2 .pioenvs\bluepill_f103c8\libFrameworkLibOpenCM3.a(vector.o)
                0x08001b7a                sv_call_handler
                0x08001b7a                pend_sv_handler
                0x08001b7a                debug_monitor_handler
                0x08001b7a                sys_tick_handler
                0x08001b7a                nmi_handler
                0x08001b7a                null_handler
 .text.nvic_enable_irq
                0x08001b7c       0x1a .pioenvs\bluepill_f103c8\libFrameworkLibOpenCM3.a(nvic.o)
                0x08001b7c                nvic_enable_irq
 .text.st_usbfs_ep_stall_get
                0x08001b96       0x38 .pioenvs\bluepill_f103c8\libFrameworkLibOpenCM3.a(st_usbfs_core.o)
                0x08001b96                st_usbfs_ep_stall_get
 *libcocoos.a:(SORT_BY_ALIGNMENT(.text*))
 *libcocoOS_?.?.?.a:(SORT_BY_ALIGNMENT(.text*))
 *fill*         0x08001bce        0x2 
 .text.os_event_init
                0x08001bd0        0xc .pioenvs\bluepill_f103c8\libd0a\libcocoOS_5.0.3.a(os_event.o)
                0x08001bd0                os_event_init
 .text.event_create
                0x08001bdc       0x34 .pioenvs\bluepill_f103c8\libd0a\libcocoOS_5.0.3.a(os_event.o)
                0x08001bdc                event_create
 .text.os_signal_event
                0x08001c10        0xc .pioenvs\bluepill_f103c8\libd0a\libcocoOS_5.0.3.a(os_event.o)
                0x08001c10                os_signal_event
 .text.os_event_set_signaling_tid
                0x08001c1c       0x10 .pioenvs\bluepill_f103c8\libd0a\libcocoOS_5.0.3.a(os_event.o)
                0x08001c1c                os_event_set_signaling_tid
 .text.os_init  0x08001c2c       0x34 .pioenvs\bluepill_f103c8\libd0a\libcocoOS_5.0.3.a(os_kernel.o)
                0x08001c2c                os_init
 .text.os_running
                0x08001c60        0xc .pioenvs\bluepill_f103c8\libd0a\libcocoOS_5.0.3.a(os_kernel.o)
                0x08001c60                os_running
 .text.os_msgQ_init
                0x08001c6c       0x24 .pioenvs\bluepill_f103c8\libd0a\libcocoOS_5.0.3.a(os_msgqueue.o)
                0x08001c6c                os_msgQ_init
 .text.os_msgQ_create
                0x08001c90       0x54 .pioenvs\bluepill_f103c8\libd0a\libcocoOS_5.0.3.a(os_msgqueue.o)
                0x08001c90                os_msgQ_create
 .text.os_msgQ_tick
                0x08001ce4       0x54 .pioenvs\bluepill_f103c8\libd0a\libcocoOS_5.0.3.a(os_msgqueue.o)
                0x08001ce4                os_msgQ_tick
 .text.os_sem_init
                0x08001d38        0xc .pioenvs\bluepill_f103c8\libd0a\libcocoOS_5.0.3.a(os_sem.o)
                0x08001d38                os_sem_init
 .text.sem_bin_create
                0x08001d44       0x3c .pioenvs\bluepill_f103c8\libd0a\libcocoOS_5.0.3.a(os_sem.o)
                0x08001d44                sem_bin_create
 .text.os_sem_larger_than_zero
                0x08001d80       0x14 .pioenvs\bluepill_f103c8\libd0a\libcocoOS_5.0.3.a(os_sem.o)
                0x08001d80                os_sem_larger_than_zero
 .text.os_sem_decrement
                0x08001d94       0x14 .pioenvs\bluepill_f103c8\libd0a\libcocoOS_5.0.3.a(os_sem.o)
                0x08001d94                os_sem_decrement
 .text.os_sem_increment
                0x08001da8       0x1c .pioenvs\bluepill_f103c8\libd0a\libcocoOS_5.0.3.a(os_sem.o)
                0x08001da8                os_sem_increment
 .text.os_task_init
                0x08001dc4       0x40 .pioenvs\bluepill_f103c8\libd0a\libcocoOS_5.0.3.a(os_task.o)
                0x08001dc4                os_task_init
 .text.task_create
                0x08001e04       0xc0 .pioenvs\bluepill_f103c8\libd0a\libcocoOS_5.0.3.a(os_task.o)
                0x08001e04                task_create
 .text.os_task_highest_prio_ready_task
                0x08001ec4       0x34 .pioenvs\bluepill_f103c8\libd0a\libcocoOS_5.0.3.a(os_task.o)
                0x08001ec4                os_task_highest_prio_ready_task
 .text.os_task_release_waiting_task
                0x08001ef8       0x58 .pioenvs\bluepill_f103c8\libd0a\libcocoOS_5.0.3.a(os_task.o)
                0x08001ef8                os_task_release_waiting_task
 .text.os_task_waiting_this_semaphore
                0x08001f50       0x38 .pioenvs\bluepill_f103c8\libd0a\libcocoOS_5.0.3.a(os_task.o)
                0x08001f50                os_task_waiting_this_semaphore
 .text.os_task_wait_sem_set
                0x08001f88       0x34 .pioenvs\bluepill_f103c8\libd0a\libcocoOS_5.0.3.a(os_task.o)
                0x08001f88                os_task_wait_sem_set
 .text.os_task_tick
                0x08001fbc       0x88 .pioenvs\bluepill_f103c8\libd0a\libcocoOS_5.0.3.a(os_task.o)
                0x08001fbc                os_task_tick
 .text.os_task_signal_event
                0x08002044       0x64 .pioenvs\bluepill_f103c8\libd0a\libcocoOS_5.0.3.a(os_task.o)
                0x08002044                os_task_signal_event
 .text.os_task_run
                0x080020a8       0x34 .pioenvs\bluepill_f103c8\libd0a\libcocoOS_5.0.3.a(os_task.o)
                0x080020a8                os_task_run
 .text.os_task_internal_state_get
                0x080020dc       0x10 .pioenvs\bluepill_f103c8\libd0a\libcocoOS_5.0.3.a(os_task.o)
                0x080020dc                os_task_internal_state_get
 .text.os_task_internal_state_set
                0x080020ec       0x10 .pioenvs\bluepill_f103c8\libd0a\libcocoOS_5.0.3.a(os_task.o)
                0x080020ec                os_task_internal_state_set
 .text.os_on_assert
                0x080020fc       0x28 .pioenvs\bluepill_f103c8\libd0a\libcocoOS_5.0.3.a(os_assert.o)
                0x080020fc                os_on_assert
 .text.os_cbkSleep
                0x08002124        0x2 .pioenvs\bluepill_f103c8\libd0a\libcocoOS_5.0.3.a(os_cbk.o)
                0x08002124                os_cbkSleep
 .text.os_tick  0x08002126        0x8 .pioenvs\bluepill_f103c8\libd0a\libcocoOS_5.0.3.a(os_kernel.o)
                0x08002126                os_tick
 *libgcc.a:(SORT_BY_ALIGNMENT(.text*))
 *libqfplib.a:(SORT_BY_ALIGNMENT(.text*))
 *libnano-float.a:(SORT_BY_ALIGNMENT(.text*))
 *libnewlib.a:(SORT_BY_ALIGNMENT(.text*))
 .text.memcpy   0x0800212e       0x1c .pioenvs\bluepill_f103c8\liba13\libnewlib.a(memcpy.o)
                0x0800212e                memcpy
 .text.strlen   0x0800214a       0x10 .pioenvs\bluepill_f103c8\liba13\libnewlib.a(strlen.o)
                0x0800214a                strlen
 .text.strncpy  0x0800215a       0x2a .pioenvs\bluepill_f103c8\liba13\libnewlib.a(strncpy.o)
                0x0800215a                strncpy
 .text.memcmp   0x08002184       0x1e .pioenvs\bluepill_f103c8\liba13\libnewlib.a(memcmp.o)
                0x08002184                memcmp
 .text.memset   0x080021a2       0x10 .pioenvs\bluepill_f103c8\liba13\libnewlib.a(memset.o)
                0x080021a2                memset
 *liblogger.a:(SORT_BY_ALIGNMENT(.text*))
 *fill*         0x080021b2        0x2 
 .text._ZL12debug_appendPKcj
                0x080021b4       0x3c .pioenvs\bluepill_f103c8\lib931\liblogger.a(logger.o)
 .text.enable_log
                0x080021f0        0xc .pioenvs\bluepill_f103c8\lib931\liblogger.a(logger.o)
                0x080021f0                enable_log
 .text.logger_add_output
                0x080021fc       0x38 .pioenvs\bluepill_f103c8\lib931\liblogger.a(logger.o)
                0x080021fc                logger_add_output
 .text.debug_force_flush
                0x08002234       0x98 .pioenvs\bluepill_f103c8\lib931\liblogger.a(logger.o)
                0x08002234                debug_force_flush
 .text._Z11debug_printj
                0x080022cc       0x7c .pioenvs\bluepill_f103c8\lib931\liblogger.a(logger.o)
                0x080022cc                debug_print(unsigned int)
 .text._Z11debug_printi
                0x08002348       0x30 .pioenvs\bluepill_f103c8\lib931\liblogger.a(logger.o)
                0x08002348                debug_print(int)
 .text.debug_println
                0x08002378       0x1c .pioenvs\bluepill_f103c8\lib931\liblogger.a(logger.o)
                0x08002378                debug_println
 .text._Z13debug_printlni
                0x08002394       0x18 .pioenvs\bluepill_f103c8\lib931\liblogger.a(logger.o)
                0x08002394                debug_println(int)
 .text.debug_flush
                0x080023ac        0x2 .pioenvs\bluepill_f103c8\lib931\liblogger.a(logger.o)
                0x080023ac                debug_flush
 .text.debug_print
                0x080023ae       0x1a .pioenvs\bluepill_f103c8\lib931\liblogger.a(logger.o)
                0x080023ae                debug_print
 .text.debug_print_unsigned
                0x080023c8        0x4 .pioenvs\bluepill_f103c8\lib931\liblogger.a(logger.o)
                0x080023c8                debug_print_unsigned
 .text.debug_printhex
                0x080023cc       0x42 .pioenvs\bluepill_f103c8\lib931\liblogger.a(logger.o)
                0x080023cc                debug_printhex
 .text.debug_printhex_unsigned
                0x0800240e       0x24 .pioenvs\bluepill_f103c8\lib931\liblogger.a(logger.o)
                0x0800240e                debug_printhex_unsigned
 *libbluepill.a:(SORT_BY_ALIGNMENT(.text*))
 *fill*         0x08002432        0x2 
 .text.platform_setup
                0x08002434       0x4c .pioenvs\bluepill_f103c8\libff7\libbluepill.a(bluepill.o)
                0x08002434                platform_setup
 .text.enable_debug
                0x08002480       0x10 .pioenvs\bluepill_f103c8\libff7\libbluepill.a(bluepill.o)
                0x08002480                enable_debug
 .text.led_setup
                0x08002490       0x20 .pioenvs\bluepill_f103c8\libff7\libbluepill.a(led.o)
                0x08002490                led_setup
 .text.led_on   0x080024b0       0x10 .pioenvs\bluepill_f103c8\libff7\libbluepill.a(led.o)
                0x080024b0                led_on
 .text.led_off  0x080024c0       0x10 .pioenvs\bluepill_f103c8\libff7\libbluepill.a(led.o)
                0x080024c0                led_off
 .text.led_wait
                0x080024d0       0x10 .pioenvs\bluepill_f103c8\libff7\libbluepill.a(led.o)
                0x080024d0                led_wait
 .text.platform_start_timer
                0x080024e0      0x108 .pioenvs\bluepill_f103c8\libff7\libbluepill.a(timer.o)
                0x080024e0                platform_start_timer
 .text.platform_set_alarm
                0x080025e8       0x30 .pioenvs\bluepill_f103c8\libff7\libbluepill.a(timer.o)
                0x080025e8                platform_set_alarm
 .text.rtc_isr  0x08002618       0x30 .pioenvs\bluepill_f103c8\libff7\libbluepill.a(timer.o)
                0x08002618                rtc_isr
 .text.rtc_alarm_isr
                0x08002648       0x30 .pioenvs\bluepill_f103c8\libff7\libbluepill.a(timer.o)
                0x08002648                rtc_alarm_isr
 .text.platform_alarm_count
                0x08002678        0xc .pioenvs\bluepill_f103c8\libff7\libbluepill.a(timer.o)
                0x08002678                platform_alarm_count
 .text.__cxa_pure_virtual
                0x08002684        0x8 .pioenvs\bluepill_f103c8\libff7\libbluepill.a(bluepill.o)
                0x08002684                __cxa_pure_virtual
 .text._Znwj    0x0800268c        0x4 .pioenvs\bluepill_f103c8\libff7\libbluepill.a(bluepill.o)
                0x0800268c                operator new(unsigned int)
 .text._ZdlPv   0x08002690        0x4 .pioenvs\bluepill_f103c8\libff7\libbluepill.a(bluepill.o)
                0x08002690                operator delete(void*)
 .text.millis   0x08002694        0x4 .pioenvs\bluepill_f103c8\libff7\libbluepill.a(timer.o)
                0x08002694                millis
 *libbootloader.a:(SORT_BY_ALIGNMENT(.text*))
 .text.bootloader_poll
                0x08002698       0x44 .pioenvs\bluepill_f103c8\lib443\libbootloader.a(bootloader.o)
                0x08002698                bootloader_poll
 .text.test_hf2
                0x080026dc       0x5c .pioenvs\bluepill_f103c8\lib443\libbootloader.a(bootloader.o)
                0x080026dc                test_hf2
 .text.bootloader_start
                0x08002738       0xf8 .pioenvs\bluepill_f103c8\lib443\libbootloader.a(bootloader.o)
                0x08002738                bootloader_start
 .text.hf2_set_config
                0x08002830       0x3c .pioenvs\bluepill_f103c8\lib443\libbootloader.a(hf2.o)
 .text.assert.part.0
                0x0800286c       0x1c .pioenvs\bluepill_f103c8\lib443\libbootloader.a(hf2.o)
 .text.send_hf2_response
                0x08002888       0x7c .pioenvs\bluepill_f103c8\lib443\libbootloader.a(hf2.o)
 .text.hf2_data_rx_cb
                0x08002904      0x250 .pioenvs\bluepill_f103c8\lib443\libbootloader.a(hf2.o)
 .text.hf2_setup
                0x08002b54       0x34 .pioenvs\bluepill_f103c8\lib443\libbootloader.a(hf2.o)
                0x08002b54                hf2_setup
 .text.target_set_led
                0x08002b88       0x18 .pioenvs\bluepill_f103c8\lib443\libbootloader.a(target_stm32f103.o)
                0x08002b88                target_set_led
 .text.target_gpio_setup
                0x08002ba0       0x70 .pioenvs\bluepill_f103c8\lib443\libbootloader.a(target_stm32f103.o)
                0x08002ba0                target_gpio_setup
 .text.target_usb_init
                0x08002c10       0x2c .pioenvs\bluepill_f103c8\lib443\libbootloader.a(target_stm32f103.o)
                0x08002c10                target_usb_init
 .text.target_manifest_app
                0x08002c3c       0x14 .pioenvs\bluepill_f103c8\lib443\libbootloader.a(target_stm32f103.o)
                0x08002c3c                target_manifest_app
 .text.target_manifest_bootloader
                0x08002c50       0x14 .pioenvs\bluepill_f103c8\lib443\libbootloader.a(target_stm32f103.o)
                0x08002c50                target_manifest_bootloader
 .text.target_flash_program_array
                0x08002c64       0xdc .pioenvs\bluepill_f103c8\lib443\libbootloader.a(target_stm32f103.o)
                0x08002c64                target_flash_program_array
 .text.usb_cdc_transmit
                0x08002d40       0x24 .pioenvs\bluepill_f103c8\lib443\libbootloader.a(usb_conf.o)
 .text.hf2_connected
                0x08002d64       0x10 .pioenvs\bluepill_f103c8\lib443\libbootloader.a(usb_conf.o)
 .text.sof_callback
                0x08002d74       0x10 .pioenvs\bluepill_f103c8\lib443\libbootloader.a(usb_conf.o)
 .text.cdc_connected
                0x08002d84       0x1c .pioenvs\bluepill_f103c8\lib443\libbootloader.a(usb_conf.o)
 .text.set_aggregate_callback
                0x08002da0       0x50 .pioenvs\bluepill_f103c8\lib443\libbootloader.a(usb_conf.o)
 .text.set_usb_busy
                0x08002df0       0x1c .pioenvs\bluepill_f103c8\lib443\libbootloader.a(usb_conf.o)
                0x08002df0                set_usb_busy
 .text.get_usb_status
                0x08002e0c       0x2c .pioenvs\bluepill_f103c8\lib443\libbootloader.a(usb_conf.o)
                0x08002e0c                get_usb_status
 .text.usb_setup
                0x08002e38       0xa8 .pioenvs\bluepill_f103c8\lib443\libbootloader.a(usb_conf.o)
                0x08002e38                usb_setup
 .text.aggregate_register_config_callback
                0x08002ee0       0x38 .pioenvs\bluepill_f103c8\lib443\libbootloader.a(usb_conf.o)
                0x08002ee0                aggregate_register_config_callback
 .text.aggregate_register_callback
                0x08002f18       0x4c .pioenvs\bluepill_f103c8\lib443\libbootloader.a(usb_conf.o)
                0x08002f18                aggregate_register_callback
 .text.usb_set_serial_number
                0x08002f64       0x1c .pioenvs\bluepill_f103c8\lib443\libbootloader.a(usb_conf.o)
                0x08002f64                usb_set_serial_number
 .text.dump_buffer
                0x08002f80       0x4c .pioenvs\bluepill_f103c8\lib443\libbootloader.a(usb_conf.o)
                0x08002f80                dump_buffer
 .text.dump_usb_request
                0x08002fcc      0x130 .pioenvs\bluepill_f103c8\lib443\libbootloader.a(usb_conf.o)
                0x08002fcc                dump_usb_request
 .text.aggregate_callback
                0x080030fc       0x9c .pioenvs\bluepill_f103c8\lib443\libbootloader.a(usb_conf.o)
 .text.webusb_set_config
                0x08003198       0x28 .pioenvs\bluepill_f103c8\lib443\libbootloader.a(webusb.o)
 .text.webusb_control_vendor_request
                0x080031c0       0x9c .pioenvs\bluepill_f103c8\lib443\libbootloader.a(webusb.o)
 .text.webusb_setup
                0x0800325c       0x4c .pioenvs\bluepill_f103c8\lib443\libbootloader.a(webusb.o)
                0x0800325c                webusb_setup
 .text.winusb_control_vendor_request
                0x080032a8       0x94 .pioenvs\bluepill_f103c8\lib443\libbootloader.a(winusb.o)
 .text.winusb_set_config
                0x0800333c       0x28 .pioenvs\bluepill_f103c8\lib443\libbootloader.a(winusb.o)
 .text.winusb_descriptor_request
                0x08003364       0x48 .pioenvs\bluepill_f103c8\lib443\libbootloader.a(winusb.o)
 .text.winusb_setup
                0x080033ac       0x5c .pioenvs\bluepill_f103c8\lib443\libbootloader.a(winusb.o)
                0x080033ac                winusb_setup
 .text.cdcacm_comm_cb
                0x08003408        0xc .pioenvs\bluepill_f103c8\lib443\libbootloader.a(cdc.o)
 .text.cdcacm_set_config
                0x08003414       0x68 .pioenvs\bluepill_f103c8\lib443\libbootloader.a(cdc.o)
 .text.cdcacm_control_request
                0x0800347c       0x64 .pioenvs\bluepill_f103c8\lib443\libbootloader.a(cdc.o)
 .text.cdcadm_transmit
                0x080034e0       0x58 .pioenvs\bluepill_f103c8\lib443\libbootloader.a(cdc.o)
                0x080034e0                cdcadm_transmit
 .text.cdcacm_data_rx_cb
                0x08003538       0x4c .pioenvs\bluepill_f103c8\lib443\libbootloader.a(cdc.o)
 .text.cdc_setup
                0x08003584       0x2c .pioenvs\bluepill_f103c8\lib443\libbootloader.a(cdc.o)
                0x08003584                cdc_setup
 .text.flushFlash
                0x080035b0       0x94 .pioenvs\bluepill_f103c8\lib443\libbootloader.a(ghostfat.o)
 .text.flash_write
                0x08003644       0x48 .pioenvs\bluepill_f103c8\lib443\libbootloader.a(ghostfat.o)
                0x08003644                flash_write
 .text.backup_write
                0x0800368c       0x38 .pioenvs\bluepill_f103c8\lib443\libbootloader.a(backup.o)
                0x0800368c                backup_write
 .text.usb21_set_config
                0x080036c4       0x28 .pioenvs\bluepill_f103c8\lib443\libbootloader.a(usb21_standard.o)
 .text.usb21_standard_get_descriptor
                0x080036ec       0xcc .pioenvs\bluepill_f103c8\lib443\libbootloader.a(usb21_standard.o)
 .text.usb21_setup
                0x080037b8       0x38 .pioenvs\bluepill_f103c8\lib443\libbootloader.a(usb21_standard.o)
                0x080037b8                usb21_setup
 .text.bootloader_status
                0x080037f0        0x4 .pioenvs\bluepill_f103c8\lib443\libbootloader.a(bootloader.o)
                0x080037f0                bootloader_status
 .text.hf2_data_tx_cb
                0x080037f4        0x2 .pioenvs\bluepill_f103c8\lib443\libbootloader.a(hf2.o)
 .text.target_get_startup_mode
                0x080037f6        0x4 .pioenvs\bluepill_f103c8\lib443\libbootloader.a(target_stm32f103.o)
                0x080037f6                target_get_startup_mode
 .text.target_get_serial_number
                0x080037fa        0x6 .pioenvs\bluepill_f103c8\lib443\libbootloader.a(target_stm32f103.o)
                0x080037fa                target_get_serial_number
 .text.target_flash_unlock
                0x08003800        0x4 .pioenvs\bluepill_f103c8\lib443\libbootloader.a(target_stm32f103.o)
                0x08003800                target_flash_unlock
 .text.target_flash_lock
                0x08003804        0x4 .pioenvs\bluepill_f103c8\lib443\libbootloader.a(target_stm32f103.o)
                0x08003804                target_flash_lock
                0x08003808                . = ALIGN (0x4)
 :*reset_handler*(SORT_BY_ALIGNMENT(.rodata*))
 .rodata.reset_handler.str1.1
                0x08003808       0x34 .pioenvs\bluepill_f103c8\libff2\hal\reset_handler.o
 *libhal.a:*reset_handler*(SORT_BY_ALIGNMENT(.rodata*))
 :*codal_target_hal*(SORT_BY_ALIGNMENT(.rodata*))
 .rodata._ZL11timer_alarmv.str1.1
                0x0800383c        0x6 .pioenvs\bluepill_f103c8\libff2\hal\codal_target_hal.o
 .rodata._ZL15poll_bootloaderv.str1.1
                0x08003842        0x7 .pioenvs\bluepill_f103c8\libff2\hal\codal_target_hal.o
 .rodata.target_panic.str1.1
                0x08003849       0x13 .pioenvs\bluepill_f103c8\libff2\hal\codal_target_hal.o
 .rodata.target_wait.str1.1
                0x0800385c        0x5 .pioenvs\bluepill_f103c8\libff2\hal\codal_target_hal.o
                                  0x8 (size before relaxing)
 .rodata.target_wait_for_event.str1.1
                0x08003861        0x2 .pioenvs\bluepill_f103c8\libff2\hal\codal_target_hal.o
 .rodata.test_codal.str1.1
                0x08003863       0x34 .pioenvs\bluepill_f103c8\libff2\hal\codal_target_hal.o
 *libhal.a:*codal_target_hal*(SORT_BY_ALIGNMENT(.rodata*))
 :*CortexContextSwitch*(SORT_BY_ALIGNMENT(.rodata*))
 *libhal.a:(SORT_BY_ALIGNMENT(.rodata*))
 *liblibopencm3.a:(SORT_BY_ALIGNMENT(.rodata*))
 *libFrameworkLibOpenCM3.a:(SORT_BY_ALIGNMENT(.rodata*))
 *fill*         0x08003897        0x1 
 .rodata.st_usbfs_v1_usb_driver
                0x08003898       0x34 .pioenvs\bluepill_f103c8\libFrameworkLibOpenCM3.a(st_usbfs_v1.o)
                0x08003898                st_usbfs_v1_usb_driver
 .rodata.chars.4166
                0x080038cc       0x11 .pioenvs\bluepill_f103c8\libFrameworkLibOpenCM3.a(desig.o)
 *libcocoos.a:(SORT_BY_ALIGNMENT(.rodata*))
 *libcocoOS_?.?.?.a:(SORT_BY_ALIGNMENT(.rodata*))
 .rodata.os_on_assert.str1.1
                0x080038dd       0x1a .pioenvs\bluepill_f103c8\libd0a\libcocoOS_5.0.3.a(os_assert.o)
 *libgcc.a:(SORT_BY_ALIGNMENT(.rodata*))
 *libqfplib.a:(SORT_BY_ALIGNMENT(.rodata*))
 *libnano-float.a:(SORT_BY_ALIGNMENT(.rodata*))
 *libnewlib.a:(SORT_BY_ALIGNMENT(.rodata*))
 *liblogger.a:(SORT_BY_ALIGNMENT(.rodata*))
 .rodata._Z11debug_printi.str1.1
                0x080038f7        0x4 .pioenvs\bluepill_f103c8\lib931\liblogger.a(logger.o)
 .rodata._Z11debug_printj.str1.1
                0x080038fb        0xb .pioenvs\bluepill_f103c8\lib931\liblogger.a(logger.o)
 .rodata.debug_println.str1.1
                0x08003906        0x3 .pioenvs\bluepill_f103c8\lib931\liblogger.a(logger.o)
 *libbluepill.a:(SORT_BY_ALIGNMENT(.rodata*))
 .rodata.platform_setup.str1.1
                0x08003909       0x13 .pioenvs\bluepill_f103c8\libff7\libbluepill.a(bluepill.o)
 .rodata.platform_set_alarm.str1.1
                0x0800391c        0x6 .pioenvs\bluepill_f103c8\libff7\libbluepill.a(timer.o)
 .rodata.platform_start_timer.str1.1
                0x08003922       0x2f .pioenvs\bluepill_f103c8\libff7\libbluepill.a(timer.o)
 *libbootloader.a:(SORT_BY_ALIGNMENT(.rodata*))
 *fill*         0x08003951        0x3 
 .rodata.interfaces
                0x08003954       0x30 .pioenvs\bluepill_f103c8\lib443\libbootloader.a(usb_conf.o)
 .rodata.bootloader_start.str1.1
                0x08003984       0x58 .pioenvs\bluepill_f103c8\lib443\libbootloader.a(bootloader.o)
 .rodata.test_hf2.str1.1
                0x080039dc       0x28 .pioenvs\bluepill_f103c8\lib443\libbootloader.a(bootloader.o)
                                 0x29 (size before relaxing)
 .rodata.assert.part.0.str1.1
                0x08003a04        0xc .pioenvs\bluepill_f103c8\lib443\libbootloader.a(hf2.o)
 .rodata.bad_packet_message
                0x08003a10        0xb .pioenvs\bluepill_f103c8\lib443\libbootloader.a(hf2.o)
 .rodata.hf2_data_rx_cb.str1.1
                0x08003a1b       0x8e .pioenvs\bluepill_f103c8\lib443\libbootloader.a(hf2.o)
                                 0x8f (size before relaxing)
 .rodata.hf2_set_config.str1.1
                0x08003aa9        0xb .pioenvs\bluepill_f103c8\lib443\libbootloader.a(hf2.o)
 .rodata.hf2_setup.str1.1
                0x08003ab4       0x15 .pioenvs\bluepill_f103c8\lib443\libbootloader.a(hf2.o)
 .rodata.send_hf2_response.str1.1
                0x08003ac9        0x4 .pioenvs\bluepill_f103c8\lib443\libbootloader.a(hf2.o)
 .rodata.target_flash_program_array.str1.1
                0x08003acd       0x6a .pioenvs\bluepill_f103c8\lib443\libbootloader.a(target_stm32f103.o)
                                 0x6b (size before relaxing)
 .rodata.aggregate_callback.str1.1
                0x08003b37        0xc .pioenvs\bluepill_f103c8\lib443\libbootloader.a(usb_conf.o)
 .rodata.aggregate_register_callback.str1.1
                0x08003b43       0x26 .pioenvs\bluepill_f103c8\lib443\libbootloader.a(usb_conf.o)
 .rodata.aggregate_register_config_callback.str1.1
                0x08003b69       0x25 .pioenvs\bluepill_f103c8\lib443\libbootloader.a(usb_conf.o)
 .rodata.bos_descriptor
                0x08003b8e        0x9 .pioenvs\bluepill_f103c8\lib443\libbootloader.a(usb_conf.o)
 .rodata.cdc_iface_assoc
                0x08003b97        0x8 .pioenvs\bluepill_f103c8\lib443\libbootloader.a(usb_conf.o)
 .rodata.cdcacm_functional_descriptors
                0x08003b9f       0x13 .pioenvs\bluepill_f103c8\lib443\libbootloader.a(usb_conf.o)
 .rodata.comm_endp
                0x08003bb2        0xf .pioenvs\bluepill_f103c8\lib443\libbootloader.a(usb_conf.o)
 .rodata.comm_iface
                0x08003bc1       0x15 .pioenvs\bluepill_f103c8\lib443\libbootloader.a(usb_conf.o)
 .rodata.config
                0x08003bd6        0xd .pioenvs\bluepill_f103c8\lib443\libbootloader.a(usb_conf.o)
 .rodata.data_endp
                0x08003be3       0x1e .pioenvs\bluepill_f103c8\lib443\libbootloader.a(usb_conf.o)
 .rodata.data_iface
                0x08003c01       0x15 .pioenvs\bluepill_f103c8\lib443\libbootloader.a(usb_conf.o)
 .rodata.dev    0x08003c16       0x12 .pioenvs\bluepill_f103c8\lib443\libbootloader.a(usb_conf.o)
 .rodata.dump_buffer.str1.1
                0x08003c28        0x4 .pioenvs\bluepill_f103c8\lib443\libbootloader.a(usb_conf.o)
                                  0x7 (size before relaxing)
 .rodata.dump_usb_request.str1.1
                0x08003c2c       0x69 .pioenvs\bluepill_f103c8\lib443\libbootloader.a(usb_conf.o)
                                 0x70 (size before relaxing)
 .rodata.hf2_endp
                0x08003c95       0x1e .pioenvs\bluepill_f103c8\lib443\libbootloader.a(usb_conf.o)
 .rodata.hf2_iface
                0x08003cb3       0x15 .pioenvs\bluepill_f103c8\lib443\libbootloader.a(usb_conf.o)
 .rodata.set_aggregate_callback.str1.1
                0x08003cc8       0x29 .pioenvs\bluepill_f103c8\lib443\libbootloader.a(usb_conf.o)
 .rodata.set_usb_busy.str1.1
                0x08003cf1       0x29 .pioenvs\bluepill_f103c8\lib443\libbootloader.a(usb_conf.o)
                                  0x2 (size before relaxing)
 .rodata.str1.1
                0x08003cf1       0x7e .pioenvs\bluepill_f103c8\lib443\libbootloader.a(usb_conf.o)
 .rodata.usb_setup.str1.1
                0x08003d6f       0x2e .pioenvs\bluepill_f103c8\lib443\libbootloader.a(usb_conf.o)
 .rodata.webusb_control_vendor_request.str1.1
                0x08003d9d       0x3c .pioenvs\bluepill_f103c8\lib443\libbootloader.a(webusb.o)
                                 0x3d (size before relaxing)
 .rodata.webusb_platform_capability_descriptor
                0x08003dd9       0x18 .pioenvs\bluepill_f103c8\lib443\libbootloader.a(webusb.o)
                0x08003dd9                webusb_platform_capability_descriptor
 .rodata.webusb_set_config.str1.1
                0x08003df1       0x1d .pioenvs\bluepill_f103c8\lib443\libbootloader.a(webusb.o)
 .rodata.webusb_setup.str1.1
                0x08003e0e       0x18 .pioenvs\bluepill_f103c8\lib443\libbootloader.a(webusb.o)
 .rodata.guid   0x08003e26       0x92 .pioenvs\bluepill_f103c8\lib443\libbootloader.a(winusb.o)
 .rodata.microsoft_platform_capability_descriptor
                0x08003eb8       0x1c .pioenvs\bluepill_f103c8\lib443\libbootloader.a(winusb.o)
                0x08003eb8                microsoft_platform_capability_descriptor
 .rodata.winusb_control_vendor_request.str1.1
                0x08003ed4       0x14 .pioenvs\bluepill_f103c8\lib443\libbootloader.a(winusb.o)
 .rodata.winusb_descriptor_request.str1.1
                0x08003ee8        0x6 .pioenvs\bluepill_f103c8\lib443\libbootloader.a(winusb.o)
 .rodata.winusb_set_config.str1.1
                0x08003eee       0x1d .pioenvs\bluepill_f103c8\lib443\libbootloader.a(winusb.o)
 .rodata.winusb_setup.str1.1
                0x08003f0b       0x18 .pioenvs\bluepill_f103c8\lib443\libbootloader.a(winusb.o)
 .rodata.winusb_string_descriptor
                0x08003f23       0x12 .pioenvs\bluepill_f103c8\lib443\libbootloader.a(winusb.o)
 .rodata.cdc_setup.str1.1
                0x08003f35       0x15 .pioenvs\bluepill_f103c8\lib443\libbootloader.a(cdc.o)
 .rodata.cdcacm_comm_cb.str1.1
                0x08003f4a        0x5 .pioenvs\bluepill_f103c8\lib443\libbootloader.a(cdc.o)
 .rodata.cdcacm_control_request.str1.1
                0x08003f4f       0x28 .pioenvs\bluepill_f103c8\lib443\libbootloader.a(cdc.o)
                                 0x30 (size before relaxing)
 .rodata.cdcacm_set_config.str1.1
                0x08003f77       0x1d .pioenvs\bluepill_f103c8\lib443\libbootloader.a(cdc.o)
 .rodata.line_coding
                0x08003f94        0x7 .pioenvs\bluepill_f103c8\lib443\libbootloader.a(cdc.o)
 .rodata.flushFlash.str1.1
                0x08003f9b       0x1e .pioenvs\bluepill_f103c8\lib443\libbootloader.a(ghostfat.o)
                                 0x1f (size before relaxing)
 .rodata.infoUf2File
                0x08003fb9       0x55 .pioenvs\bluepill_f103c8\lib443\libbootloader.a(ghostfat.o)
                0x08003fb9                infoUf2File
 .rodata.usb21_set_config.str1.1
                0x0800400e       0x1c .pioenvs\bluepill_f103c8\lib443\libbootloader.a(usb21_standard.o)
 .rodata.usb21_setup.str1.1
                0x0800402a       0x17 .pioenvs\bluepill_f103c8\lib443\libbootloader.a(usb21_standard.o)
 .rodata.usb21_standard_get_descriptor.str1.1
                0x08004041       0x21 .pioenvs\bluepill_f103c8\lib443\libbootloader.a(usb21_standard.o)
                0x08004064                . = ALIGN (0x4)
 *fill*         0x08004062        0x2 
                0x08004064                _boot_etext = .

.text           0x08006800     0x32ec
                0x08006800                . = ALIGN (0x4)
                0x08006800                _text = .
 *(SORT_BY_ALIGNMENT(.text.application_start))
 .text.application_start
                0x08006800       0xc4 .pioenvs\bluepill_f103c8\lib24c\libcm.a(application.o)
                0x08006800                application_start
 *(SORT_BY_ALIGNMENT(.text.main))
 *(SORT_BY_ALIGNMENT(.text.startup.main))
 .text.startup.main
                0x080068c4       0x14 .pioenvs\bluepill_f103c8\src\main.o
                0x080068c4                main
 *(SORT_BY_ALIGNMENT(.text*))
 .text._ZN5codal14CodalComponent4initEv
                0x080068d8        0x8 .pioenvs\bluepill_f103c8\src\main.o
                0x080068d8                codal::CodalComponent::init()
 .text._ZN5codal14CodalComponentD2Ev
                0x080068e0       0x18 .pioenvs\bluepill_f103c8\src\main.o
                0x080068e0                codal::CodalComponent::~CodalComponent()
                0x080068e0                codal::CodalComponent::~CodalComponent()
 .text._ZL10debug_dumpRN5codal13STM32BluePillEPKc.isra.0
                0x080068f8       0x40 .pioenvs\bluepill_f103c8\src\main.o
 .text.startup._GLOBAL__sub_I_bluepill
                0x08006938       0x24 .pioenvs\bluepill_f103c8\src\main.o
 .text._Z10Blink_mainRN5codal13STM32BluePillE
                0x0800695c       0x70 .pioenvs\bluepill_f103c8\src\main.o
                0x0800695c                Blink_main(codal::STM32BluePill&)
 .text._ZN5codal13STM32BluePillD2Ev
                0x080069cc       0x40 .pioenvs\bluepill_f103c8\src\main.o
                0x080069cc                codal::STM32BluePill::~STM32BluePill()
                0x080069cc                codal::STM32BluePill::~STM32BluePill()
 .text.startup._GLOBAL__sub_I_serialPort
                0x08006a0c       0x10 .pioenvs\bluepill_f103c8\src\uart.o
 .text._Z18component_callbackN5codal5EventE
                0x08006a1c       0x58 .pioenvs\bluepill_f103c8\lib635\libcodal-core.a(CodalComponent.o)
                0x08006a1c                component_callback(codal::Event)
 .text._ZN5codal10EventModel6listenEiiPFvNS_5EventEEt
                0x08006a74       0x60 .pioenvs\bluepill_f103c8\lib635\libcodal-core.a(CodalComponent.o)
                0x08006a74                codal::EventModel::listen(int, int, void (*)(codal::Event), unsigned short)
 .text._ZN5codal14CodalComponent12addComponentEv
                0x08006ad4       0x70 .pioenvs\bluepill_f103c8\lib635\libcodal-core.a(CodalComponent.o)
                0x08006ad4                codal::CodalComponent::addComponent()
 .text._ZN5codal14CodalComponent15removeComponentEv
                0x08006b44       0x20 .pioenvs\bluepill_f103c8\lib635\libcodal-core.a(CodalComponent.o)
                0x08006b44                codal::CodalComponent::removeComponent()
 .text.codal_dmesg_flush
                0x08006b64       0x10 .pioenvs\bluepill_f103c8\lib635\libcodal-core.a(CodalDmesg.o)
                0x08006b64                codal_dmesg_flush
 .text._ZN5codal14scheduler_tickENS_5EventE
                0x08006b74       0x38 .pioenvs\bluepill_f103c8\lib635\libcodal-core.a(CodalFiber.o)
                0x08006b74                codal::scheduler_tick(codal::Event)
 .text._ZN5codal15scheduler_eventENS_5EventE
                0x08006bac       0xc0 .pioenvs\bluepill_f103c8\lib635\libcodal-core.a(CodalFiber.o)
                0x08006bac                codal::scheduler_event(codal::Event)
 .text._Z15getFiberContextv
                0x08006c6c       0x50 .pioenvs\bluepill_f103c8\lib635\libcodal-core.a(CodalFiber.o)
                0x08006c6c                getFiberContext()
 .text._ZL10handle_fobv
                0x08006cbc       0x2c .pioenvs\bluepill_f103c8\lib635\libcodal-core.a(CodalFiber.o)
 .text._ZN5codal23fiber_scheduler_runningEv
                0x08006ce8       0x10 .pioenvs\bluepill_f103c8\lib635\libcodal-core.a(CodalFiber.o)
                0x08006ce8                codal::fiber_scheduler_running()
 .text._ZN5codal14scheduler_initERNS_10EventModelE
                0x08006cf8       0xac .pioenvs\bluepill_f103c8\lib635\libcodal-core.a(CodalFiber.o)
                0x08006cf8                codal::scheduler_init(codal::EventModel&)
 .text._ZN5codal19fiber_wake_on_eventEtt
                0x08006da4       0x5c .pioenvs\bluepill_f103c8\lib635\libcodal-core.a(CodalFiber.o)
                0x08006da4                codal::fiber_wake_on_event(unsigned short, unsigned short)
 .text._Z14__create_fibermmmi
                0x08006e00       0x64 .pioenvs\bluepill_f103c8\lib635\libcodal-core.a(CodalFiber.o)
                0x08006e00                __create_fiber(unsigned long, unsigned long, unsigned long, int)
 .text._ZN5codal17verify_stack_sizeEPNS_5FiberE
                0x08006e64       0x44 .pioenvs\bluepill_f103c8\lib635\libcodal-core.a(CodalFiber.o)
                0x08006e64                codal::verify_stack_size(codal::Fiber*)
 .text._ZN5codal24scheduler_runqueue_emptyEv
                0x08006ea8       0x10 .pioenvs\bluepill_f103c8\lib635\libcodal-core.a(CodalFiber.o)
                0x08006ea8                codal::scheduler_runqueue_empty()
 .text._ZN5codal4idleEv
                0x08006eb8       0x3c .pioenvs\bluepill_f103c8\lib635\libcodal-core.a(CodalFiber.o)
                0x08006eb8                codal::idle()
 .text._ZN5codal8scheduleEv
                0x08006ef4      0x108 .pioenvs\bluepill_f103c8\lib635\libcodal-core.a(CodalFiber.o)
                0x08006ef4                codal::schedule()
 .text._ZN5codal11fiber_sleepEm
                0x08006ffc       0x3c .pioenvs\bluepill_f103c8\lib635\libcodal-core.a(CodalFiber.o)
                0x08006ffc                codal::fiber_sleep(unsigned long)
 .text._ZN5codal13release_fiberEv
                0x08007038       0x6c .pioenvs\bluepill_f103c8\lib635\libcodal-core.a(CodalFiber.o)
                0x08007038                codal::release_fiber()
 .text._ZN5codal6invokeEPFvPvES0_
                0x080070a4       0x80 .pioenvs\bluepill_f103c8\lib635\libcodal-core.a(CodalFiber.o)
                0x080070a4                codal::invoke(void (*)(void*), void*)
 .text._Z18device_create_heapmm
                0x08007124       0x3c .pioenvs\bluepill_f103c8\lib635\libcodal-core.a(CodalHeapAllocator.o)
                0x08007124                device_create_heap(unsigned long, unsigned long)
 .text.device_malloc
                0x08007160       0x48 .pioenvs\bluepill_f103c8\lib635\libcodal-core.a(CodalHeapAllocator.o)
                0x08007160                device_malloc
                0x08007160                malloc
 .text.device_free
                0x080071a8       0x40 .pioenvs\bluepill_f103c8\lib635\libcodal-core.a(CodalHeapAllocator.o)
                0x080071a8                free
                0x080071a8                device_free
 .text._ZN5codal6SerialC2ERNS_3PinES2_hht
                0x080071e8       0x5c .pioenvs\bluepill_f103c8\lib635\libcodal-core.a(Serial.o)
                0x080071e8                codal::Serial::Serial(codal::Pin&, codal::Pin&, unsigned char, unsigned char, unsigned short)
                0x080071e8                codal::Serial::Serial(codal::Pin&, codal::Pin&, unsigned char, unsigned char, unsigned short)
 .text._ZN5codal6SerialD2Ev
                0x08007244       0x1c .pioenvs\bluepill_f103c8\lib635\libcodal-core.a(Serial.o)
                0x08007244                codal::Serial::~Serial()
                0x08007244                codal::Serial::~Serial()
 .text._ZN5codal5TimerC2Ev
                0x08007260       0x34 .pioenvs\bluepill_f103c8\lib635\libcodal-core.a(Timer.o)
                0x08007260                codal::Timer::Timer()
                0x08007260                codal::Timer::Timer()
 .text._ZN5codal25system_timer_current_timeEv
                0x08007294       0x10 .pioenvs\bluepill_f103c8\lib635\libcodal-core.a(Timer.o)
                0x08007294                codal::system_timer_current_time()
 .text._ZN5codal27system_timer_event_every_usEmtt
                0x080072a4       0x24 .pioenvs\bluepill_f103c8\lib635\libcodal-core.a(Timer.o)
                0x080072a4                codal::system_timer_event_every_us(unsigned long, unsigned short, unsigned short)
 .text._ZN5codal10EventModel4sendENS_5EventE
                0x080072c8       0x14 .pioenvs\bluepill_f103c8\lib635\libcodal-core.a(MessageBus.o)
                0x080072c8                codal::EventModel::send(codal::Event)
 .text._ZN5codal10EventModel3addEPNS_8ListenerE
                0x080072dc        0x8 .pioenvs\bluepill_f103c8\lib635\libcodal-core.a(MessageBus.o)
                0x080072dc                codal::EventModel::add(codal::Listener*)
 .text._ZN5codal10EventModel6removeEPNS_8ListenerE
                0x080072e4        0x8 .pioenvs\bluepill_f103c8\lib635\libcodal-core.a(MessageBus.o)
                0x080072e4                codal::EventModel::remove(codal::Listener*)
 .text._ZN5codal10MessageBus6removeEPNS_8ListenerE
                0x080072ec       0x70 .pioenvs\bluepill_f103c8\lib635\libcodal-core.a(MessageBus.o)
                0x080072ec                codal::MessageBus::remove(codal::Listener*)
 .text._ZN5codal10MessageBus3addEPNS_8ListenerE
                0x0800735c       0xbc .pioenvs\bluepill_f103c8\lib635\libcodal-core.a(MessageBus.o)
                0x0800735c                codal::MessageBus::add(codal::Listener*)
 .text._ZN5codal10MessageBusD2Ev
                0x08007418       0x78 .pioenvs\bluepill_f103c8\lib635\libcodal-core.a(MessageBus.o)
                0x08007418                codal::MessageBus::~MessageBus()
                0x08007418                codal::MessageBus::~MessageBus()
 .text._ZN5codal10MessageBusC2Ev
                0x08007490       0xa8 .pioenvs\bluepill_f103c8\lib635\libcodal-core.a(MessageBus.o)
                0x08007490                codal::MessageBus::MessageBus()
                0x08007490                codal::MessageBus::MessageBus()
 .text._ZN5codal10MessageBus7processERNS_5EventEb
                0x08007538       0x84 .pioenvs\bluepill_f103c8\lib635\libcodal-core.a(MessageBus.o)
                0x08007538                codal::MessageBus::process(codal::Event&, bool)
 .text._ZN5codal19allocateNotifyEventEv
                0x080075bc       0x10 .pioenvs\bluepill_f103c8\lib635\libcodal-core.a(MessageBus.o)
                0x080075bc                codal::allocateNotifyEvent()
 .text._ZN5codal5Event4fireEv
                0x080075cc       0x20 .pioenvs\bluepill_f103c8\lib635\libcodal-core.a(Event.o)
                0x080075cc                codal::Event::fire()
 .text._ZN5codal13ManagedStringC2EPKcs
                0x080075ec       0x34 .pioenvs\bluepill_f103c8\lib635\libcodal-core.a(ManagedString.o)
                0x080075ec                codal::ManagedString::ManagedString(char const*, short)
                0x080075ec                codal::ManagedString::ManagedString(char const*, short)
 .text._ZN5codal13ManagedStringC2Ev
                0x08007620        0xc .pioenvs\bluepill_f103c8\lib635\libcodal-core.a(ManagedString.o)
                0x08007620                codal::ManagedString::ManagedString()
                0x08007620                codal::ManagedString::ManagedString()
 .text.startup._GLOBAL__sub_I__ZN5codal13ManagedString9initEmptyEv
                0x0800762c       0x2c .pioenvs\bluepill_f103c8\lib635\libcodal-core.a(ManagedString.o)
 .text._ZN5codal3_cm3Pin14setAnalogValueEi
                0x08007658       0x1c .pioenvs\bluepill_f103c8\lib24c\libcm.a(CmPin.o)
                0x08007658                codal::_cm::Pin::setAnalogValue(int)
 .text._ZN5codal3_cm3Pin13setServoValueEiii
                0x08007674       0x2c .pioenvs\bluepill_f103c8\lib24c\libcm.a(CmPin.o)
                0x08007674                codal::_cm::Pin::setServoValue(int, int, int)
 .text._ZN5codal3_cm3Pin9isTouchedEv
                0x080076a0        0x8 .pioenvs\bluepill_f103c8\lib24c\libcm.a(CmPin.o)
                0x080076a0                codal::_cm::Pin::isTouched()
 .text._ZN5codal3_cm3Pin17getAnalogPeriodUsEv
                0x080076a8        0x8 .pioenvs\bluepill_f103c8\lib24c\libcm.a(CmPin.o)
                0x080076a8                codal::_cm::Pin::getAnalogPeriodUs()
 .text._ZN5codal3_cm3Pin15setDigitalValueEi
                0x080076b0       0x50 .pioenvs\bluepill_f103c8\lib24c\libcm.a(CmPin.o)
                0x080076b0                codal::_cm::Pin::setDigitalValue(int)
 .text._ZN5codal3_cm3PinC2EhmmtNS_13PinCapabilityE
                0x08007700       0x2c .pioenvs\bluepill_f103c8\lib24c\libcm.a(CmPin.o)
                0x08007700                codal::_cm::Pin::Pin(unsigned char, unsigned long, unsigned long, unsigned short, codal::PinCapability)
                0x08007700                codal::_cm::Pin::Pin(unsigned char, unsigned long, unsigned long, unsigned short, codal::PinCapability)
 .text._ZN5codal3_cm6SerialD2Ev
                0x0800772c       0x14 .pioenvs\bluepill_f103c8\lib24c\libcm.a(CmSerial.o)
                0x0800772c                codal::_cm::Serial::~Serial()
                0x0800772c                codal::_cm::Serial::~Serial()
 .text._ZN5codal3_cm6SerialC2ERNS0_3PinES3_hh
                0x08007740       0x4c .pioenvs\bluepill_f103c8\lib24c\libcm.a(CmSerial.o)
                0x08007740                codal::_cm::Serial::Serial(codal::_cm::Pin&, codal::_cm::Pin&, unsigned char, unsigned char)
                0x08007740                codal::_cm::Serial::Serial(codal::_cm::Pin&, codal::_cm::Pin&, unsigned char, unsigned char)
 .text._ZN5codal3_cm5Timer9triggerInEm
                0x0800778c       0x20 .pioenvs\bluepill_f103c8\lib24c\libcm.a(CmTimer.o)
                0x0800778c                codal::_cm::Timer::triggerIn(unsigned long)
 .text._ZN5codal3_cm14alarm_callbackEv
                0x080077ac       0x28 .pioenvs\bluepill_f103c8\lib24c\libcm.a(CmTimer.o)
                0x080077ac                codal::_cm::alarm_callback()
 .text._ZN5codal3_cmL10timer_taskEv
                0x080077d4       0x64 .pioenvs\bluepill_f103c8\lib24c\libcm.a(CmTimer.o)
 .text._ZN5codal3_cm5Timer11syncRequestEv
                0x08007838       0x48 .pioenvs\bluepill_f103c8\lib24c\libcm.a(CmTimer.o)
                0x08007838                codal::_cm::Timer::syncRequest()
 .text._ZN5codal3_cm5TimerC2Ev
                0x08007880       0x2c .pioenvs\bluepill_f103c8\lib24c\libcm.a(CmTimer.o)
                0x08007880                codal::_cm::Timer::Timer()
                0x08007880                codal::_cm::Timer::Timer()
 .text._ZN5codal3_cm5Timer4initEv
                0x080078ac       0x74 .pioenvs\bluepill_f103c8\lib24c\libcm.a(CmTimer.o)
                0x080078ac                codal::_cm::Timer::init()
 .text._ZN5codal13STM32BluePill4initEv
                0x08007920       0x78 .pioenvs\bluepill_f103c8\lib400\libmodel.a(STM32BluePill.o)
                0x08007920                codal::STM32BluePill::init()
 .text._ZN5codal13STM32BluePillC2Ev
                0x08007998       0xa4 .pioenvs\bluepill_f103c8\lib400\libmodel.a(STM32BluePill.o)
                0x08007998                codal::STM32BluePill::STM32BluePill()
                0x08007998                codal::STM32BluePill::STM32BluePill()
 .text._ZN5codal15STM32BluePillIOC2Ev
                0x08007a3c      0xaf0 .pioenvs\bluepill_f103c8\lib400\libmodel.a(STM32BluePillIO.o)
                0x08007a3c                codal::STM32BluePillIO::STM32BluePillIO()
                0x08007a3c                codal::STM32BluePillIO::STM32BluePillIO()
 .text.usart2_isr
                0x0800852c       0x50 .pioenvs\bluepill_f103c8\lib492\libuartint.a(uartint.o)
                0x0800852c                usart2_isr
 .text.startup._GLOBAL__sub_I__ZN13UARTInterfaceC2Ejj
                0x0800857c       0x10 .pioenvs\bluepill_f103c8\lib492\libuartint.a(uartint.o)
 .text._ZN5codal3_cm3I2CC2ERNS_3PinES3_
                0x0800858c       0x1c .pioenvs\bluepill_f103c8\lib24c\libcm.a(CmI2C.o)
                0x0800858c                codal::_cm::I2C::I2C(codal::Pin&, codal::Pin&)
                0x0800858c                codal::_cm::I2C::I2C(codal::Pin&, codal::Pin&)
 .text._ZN5codal3_cm3SPI4initEv
                0x080085a8       0x5c .pioenvs\bluepill_f103c8\lib24c\libcm.a(CmSPI.o)
                0x080085a8                codal::_cm::SPI::init()
 .text._ZN5codal3_cm3SPIC2ERNS0_3PinES3_S3_S3_
                0x08008604       0x9c .pioenvs\bluepill_f103c8\lib24c\libcm.a(CmSPI.o)
                0x08008604                codal::_cm::SPI::SPI(codal::_cm::Pin&, codal::_cm::Pin&, codal::_cm::Pin&, codal::_cm::Pin&)
                0x08008604                codal::_cm::SPI::SPI(codal::_cm::Pin&, codal::_cm::Pin&, codal::_cm::Pin&, codal::_cm::Pin&)
 .text.pinmap_peripheral
                0x080086a0       0x30 .pioenvs\bluepill_f103c8\lib24c\libcm.a(CmPinMap.o)
                0x080086a0                pinmap_peripheral
 .text.pinmap_mode
                0x080086d0       0x2c .pioenvs\bluepill_f103c8\lib24c\libcm.a(CmPinMap.o)
                0x080086d0                pinmap_mode
 .text.pinmap_cnf
                0x080086fc       0x2c .pioenvs\bluepill_f103c8\lib24c\libcm.a(CmPinMap.o)
                0x080086fc                pinmap_cnf
 .text._ZN5codal3I2CC2ERNS_3PinES2_
                0x08008728        0xc .pioenvs\bluepill_f103c8\lib635\libcodal-core.a(I2C.o)
                0x08008728                codal::I2C::I2C(codal::Pin&, codal::Pin&)
                0x08008728                codal::I2C::I2C(codal::Pin&, codal::Pin&)
 .text._ZN5codal14CodalComponent16periodicCallbackEv
                0x08008734        0x2 .pioenvs\bluepill_f103c8\src\main.o
                0x08008734                codal::CodalComponent::periodicCallback()
 .text._ZN5codal14CodalComponent12idleCallbackEv
                0x08008736        0x2 .pioenvs\bluepill_f103c8\src\main.o
                0x08008736                codal::CodalComponent::idleCallback()
 .text._ZN5codal14CodalComponentD0Ev
                0x08008738       0x12 .pioenvs\bluepill_f103c8\src\main.o
                0x08008738                codal::CodalComponent::~CodalComponent()
 .text._ZN5codal13STM32BluePillD0Ev
                0x0800874a       0x12 .pioenvs\bluepill_f103c8\src\main.o
                0x0800874a                codal::STM32BluePill::~STM32BluePill()
 .text._ZN5codal11queue_fiberEPNS_5FiberEPS1_
                0x0800875c       0x2e .pioenvs\bluepill_f103c8\lib635\libcodal-core.a(CodalFiber.o)
                0x0800875c                codal::queue_fiber(codal::Fiber*, codal::Fiber**)
 .text._ZN5codal13dequeue_fiberEPNS_5FiberE
                0x0800878a       0x34 .pioenvs\bluepill_f103c8\lib635\libcodal-core.a(CodalFiber.o)
                0x0800878a                codal::dequeue_fiber(codal::Fiber*)
 .text._ZN5codal12create_fiberEPFvPvES0_S2_
                0x080087be       0x1e .pioenvs\bluepill_f103c8\lib635\libcodal-core.a(CodalFiber.o)
                0x080087be                codal::create_fiber(void (*)(void*), void*, void (*)(void*))
 .text._ZN5codal20fiber_wait_for_eventEtt
                0x080087dc       0x12 .pioenvs\bluepill_f103c8\lib635\libcodal-core.a(CodalFiber.o)
                0x080087dc                codal::fiber_wait_for_event(unsigned short, unsigned short)
 .text._ZN5codal16launch_new_fiberEPFvvES1_
                0x080087ee       0x10 .pioenvs\bluepill_f103c8\lib635\libcodal-core.a(CodalFiber.o)
                0x080087ee                codal::launch_new_fiber(void (*)(), void (*)())
 .text._ZN5codal13release_fiberEPv
                0x080087fe       0x12 .pioenvs\bluepill_f103c8\lib635\libcodal-core.a(CodalFiber.o)
                0x080087fe                codal::release_fiber(void*)
 .text._ZN5codal22launch_new_fiber_paramEPFvPvES2_S0_
                0x08008810       0x1a .pioenvs\bluepill_f103c8\lib635\libcodal-core.a(CodalFiber.o)
                0x08008810                codal::launch_new_fiber_param(void (*)(void*), void (*)(void*), void*)
 .text._ZN5codal9idle_taskEv
                0x0800882a        0xc .pioenvs\bluepill_f103c8\lib635\libcodal-core.a(CodalFiber.o)
                0x0800882a                codal::idle_task()
 .text._Z16device_malloc_injR14HeapDefinition
                0x08008836       0x84 .pioenvs\bluepill_f103c8\lib635\libcodal-core.a(CodalHeapAllocator.o)
                0x08008836                device_malloc_in(unsigned int, HeapDefinition&)
 .text._ZN5codal8ListenerC2EttPFvNS_5EventEEt
                0x080088ba       0x28 .pioenvs\bluepill_f103c8\lib635\libcodal-core.a(CodalListener.o)
                0x080088ba                codal::Listener::Listener(unsigned short, unsigned short, void (*)(codal::Event), unsigned short)
                0x080088ba                codal::Listener::Listener(unsigned short, unsigned short, void (*)(codal::Event), unsigned short)
 .text._ZN5codal8ListenerD2Ev
                0x080088e2       0x14 .pioenvs\bluepill_f103c8\lib635\libcodal-core.a(CodalListener.o)
                0x080088e2                codal::Listener::~Listener()
                0x080088e2                codal::Listener::~Listener()
 .text._ZN5codal8Listener5queueENS_5EventE
                0x080088f6       0x5c .pioenvs\bluepill_f103c8\lib635\libcodal-core.a(CodalListener.o)
                0x080088f6                codal::Listener::queue(codal::Event)
 .text._ZN5codal6Serial12initialiseRxEv
                0x08008952       0x4c .pioenvs\bluepill_f103c8\lib635\libcodal-core.a(Serial.o)
                0x08008952                codal::Serial::initialiseRx()
 .text._ZN5codal6Serial12circularCopyEPhhS1_tt
                0x0800899e       0x26 .pioenvs\bluepill_f103c8\lib635\libcodal-core.a(Serial.o)
                0x0800899e                codal::Serial::circularCopy(unsigned char*, unsigned char, unsigned char*, unsigned short, unsigned short)
 .text._ZN5codal6Serial7eventOnENS_13ManagedStringENS_10SerialModeE
                0x080089c4       0x26 .pioenvs\bluepill_f103c8\lib635\libcodal-core.a(Serial.o)
                0x080089c4                codal::Serial::eventOn(codal::ManagedString, codal::SerialMode)
 .text._ZN5codal6Serial9readUntilENS_13ManagedStringENS_10SerialModeE
                0x080089ea      0x1a6 .pioenvs\bluepill_f103c8\lib635\libcodal-core.a(Serial.o)
                0x080089ea                codal::Serial::readUntil(codal::ManagedString, codal::SerialMode)
 .text._ZN5codal5Timer17disableInterruptsEv
                0x08008b90        0xa .pioenvs\bluepill_f103c8\lib635\libcodal-core.a(Timer.o)
                0x08008b90                codal::Timer::disableInterrupts()
 .text._ZN5codal5Timer16enableInterruptsEv
                0x08008b9a        0xa .pioenvs\bluepill_f103c8\lib635\libcodal-core.a(Timer.o)
                0x08008b9a                codal::Timer::enableInterrupts()
 .text._ZN5codal5Timer13getTimerEventEv
                0x08008ba4       0x22 .pioenvs\bluepill_f103c8\lib635\libcodal-core.a(Timer.o)
                0x08008ba4                codal::Timer::getTimerEvent()
 .text._ZN5codal5Timer17releaseTimerEventEPNS_10TimerEventE
                0x08008bc6        0xe .pioenvs\bluepill_f103c8\lib635\libcodal-core.a(Timer.o)
                0x08008bc6                codal::Timer::releaseTimerEvent(codal::TimerEvent*)
 .text._ZN5codal5Timer7getTimeEv
                0x08008bd4        0xe .pioenvs\bluepill_f103c8\lib635\libcodal-core.a(Timer.o)
                0x08008bd4                codal::Timer::getTime()
 .text._ZN5codal5Timer9getTimeUsEv
                0x08008be2        0xe .pioenvs\bluepill_f103c8\lib635\libcodal-core.a(Timer.o)
                0x08008be2                codal::Timer::getTimeUs()
 .text._ZN5codal5Timer8setEventEmttb
                0x08008bf0       0x66 .pioenvs\bluepill_f103c8\lib635\libcodal-core.a(Timer.o)
                0x08008bf0                codal::Timer::setEvent(unsigned long, unsigned short, unsigned short, bool)
 .text._ZN5codal5Timer12eventEveryUsEmtt
                0x08008c56        0xe .pioenvs\bluepill_f103c8\lib635\libcodal-core.a(Timer.o)
                0x08008c56                codal::Timer::eventEveryUs(unsigned long, unsigned short, unsigned short)
 .text._ZN5codal5Timer4syncEm
                0x08008c64       0x24 .pioenvs\bluepill_f103c8\lib635\libcodal-core.a(Timer.o)
                0x08008c64                codal::Timer::sync(unsigned long)
 .text._ZN5codal5Timer7triggerEv
                0x08008c88       0x92 .pioenvs\bluepill_f103c8\lib635\libcodal-core.a(Timer.o)
                0x08008c88                codal::Timer::trigger()
 .text._ZN5codal5TimerD2Ev
                0x08008d1a        0x2 .pioenvs\bluepill_f103c8\lib635\libcodal-core.a(Timer.o)
                0x08008d1a                codal::Timer::~Timer()
                0x08008d1a                codal::Timer::~Timer()
 .text._ZN5codal10MessageBus9elementAtEi
                0x08008d1c       0x10 .pioenvs\bluepill_f103c8\lib635\libcodal-core.a(MessageBus.o)
                0x08008d1c                codal::MessageBus::elementAt(int)
 .text._ZN5codal22MemberFunctionCallback10methodCallINS_10MessageBusEEEvPvPmNS_5EventE
                0x08008d2c       0x30 .pioenvs\bluepill_f103c8\lib635\libcodal-core.a(MessageBus.o)
                0x08008d2c                void codal::MemberFunctionCallback::methodCall<codal::MessageBus>(void*, unsigned long*, codal::Event)
 .text._Z14async_callbackPv
                0x08008d5c       0x7c .pioenvs\bluepill_f103c8\lib635\libcodal-core.a(MessageBus.o)
                0x08008d5c                async_callback(void*)
 .text._ZThn8_N5codal10MessageBusD1Ev
                0x08008dd8        0x8 .pioenvs\bluepill_f103c8\lib635\libcodal-core.a(MessageBus.o)
                0x08008dd8                non-virtual thunk to codal::MessageBus::~MessageBus()
 .text._ZN5codal10MessageBusD0Ev
                0x08008de0       0x12 .pioenvs\bluepill_f103c8\lib635\libcodal-core.a(MessageBus.o)
                0x08008de0                codal::MessageBus::~MessageBus()
 .text._ZThn8_N5codal10MessageBusD0Ev
                0x08008df2        0x8 .pioenvs\bluepill_f103c8\lib635\libcodal-core.a(MessageBus.o)
                0x08008df2                non-virtual thunk to codal::MessageBus::~MessageBus()
 .text._ZN5codal10MessageBus12dequeueEventEv
                0x08008dfa       0x22 .pioenvs\bluepill_f103c8\lib635\libcodal-core.a(MessageBus.o)
                0x08008dfa                codal::MessageBus::dequeueEvent()
 .text._ZN5codal10MessageBus21deleteMarkedListenersEv
                0x08008e1c       0x42 .pioenvs\bluepill_f103c8\lib635\libcodal-core.a(MessageBus.o)
                0x08008e1c                codal::MessageBus::deleteMarkedListeners()
 .text._ZN5codal10MessageBus10queueEventERNS_5EventE
                0x08008e5e       0x5e .pioenvs\bluepill_f103c8\lib635\libcodal-core.a(MessageBus.o)
                0x08008e5e                codal::MessageBus::queueEvent(codal::Event&)
 .text._ZN5codal10MessageBus4sendENS_5EventE
                0x08008ebc       0x16 .pioenvs\bluepill_f103c8\lib635\libcodal-core.a(MessageBus.o)
                0x08008ebc                codal::MessageBus::send(codal::Event)
 .text._ZN5codal10MessageBus4idleENS_5EventE
                0x08008ed2       0x34 .pioenvs\bluepill_f103c8\lib635\libcodal-core.a(MessageBus.o)
                0x08008ed2                codal::MessageBus::idle(codal::Event)
 .text._ZN5codal5EventC2Ev
                0x08008f06       0x12 .pioenvs\bluepill_f103c8\lib635\libcodal-core.a(Event.o)
                0x08008f06                codal::Event::Event()
                0x08008f06                codal::Event::Event()
 .text._ZN5codal5EventC2EttNS_15EventLaunchModeE
                0x08008f18       0x1c .pioenvs\bluepill_f103c8\lib635\libcodal-core.a(Event.o)
                0x08008f18                codal::Event::Event(unsigned short, unsigned short, codal::EventLaunchMode)
                0x08008f18                codal::Event::Event(unsigned short, unsigned short, codal::EventLaunchMode)
 .text._ZN5codal5EventC2EttmNS_15EventLaunchModeE
                0x08008f34       0x18 .pioenvs\bluepill_f103c8\lib635\libcodal-core.a(Event.o)
                0x08008f34                codal::Event::Event(unsigned short, unsigned short, unsigned long, codal::EventLaunchMode)
                0x08008f34                codal::Event::Event(unsigned short, unsigned short, unsigned long, codal::EventLaunchMode)
 .text._ZN5codal14EventQueueItemC2ENS_5EventE
                0x08008f4c       0x20 .pioenvs\bluepill_f103c8\lib635\libcodal-core.a(Event.o)
                0x08008f4c                codal::EventQueueItem::EventQueueItem(codal::Event)
                0x08008f4c                codal::EventQueueItem::EventQueueItem(codal::Event)
 .text._ZN5codal13ManagedStringD2Ev
                0x08008f6c        0xe .pioenvs\bluepill_f103c8\lib635\libcodal-core.a(ManagedString.o)
                0x08008f6c                codal::ManagedString::~ManagedString()
                0x08008f6c                codal::ManagedString::~ManagedString()
 .text._ZN5codal13ManagedString10initStringEPKci
                0x08008f7a       0x2e .pioenvs\bluepill_f103c8\lib635\libcodal-core.a(ManagedString.o)
                0x08008f7a                codal::ManagedString::initString(char const*, int)
 .text._ZN5codal13ManagedStringC2Ei
                0x08008fa8       0x22 .pioenvs\bluepill_f103c8\lib635\libcodal-core.a(ManagedString.o)
                0x08008fa8                codal::ManagedString::ManagedString(int)
                0x08008fa8                codal::ManagedString::ManagedString(int)
 .text._ZN5codal13ManagedStringC2ERKS0_
                0x08008fca       0x10 .pioenvs\bluepill_f103c8\lib635\libcodal-core.a(ManagedString.o)
                0x08008fca                codal::ManagedString::ManagedString(codal::ManagedString const&)
                0x08008fca                codal::ManagedString::ManagedString(codal::ManagedString const&)
 .text._ZN5codal13ManagedStringaSERKS0_
                0x08008fda       0x1e .pioenvs\bluepill_f103c8\lib635\libcodal-core.a(ManagedString.o)
                0x08008fda                codal::ManagedString::operator=(codal::ManagedString const&)
 .text._ZN5codal13ManagedString6charAtEs
                0x08008ff8       0x18 .pioenvs\bluepill_f103c8\lib635\libcodal-core.a(ManagedString.o)
                0x08008ff8                codal::ManagedString::charAt(short)
 .text._ZL16isReadOnlyInlinePN5codal10RefCountedE
                0x08009010       0x22 .pioenvs\bluepill_f103c8\lib635\libcodal-core.a(RefCounted.o)
 .text._ZN5codal10RefCounted4incrEv
                0x08009032       0x12 .pioenvs\bluepill_f103c8\lib635\libcodal-core.a(RefCounted.o)
                0x08009032                codal::RefCounted::incr()
 .text._ZN5codal10RefCounted4decrEv
                0x08009044       0x22 .pioenvs\bluepill_f103c8\lib635\libcodal-core.a(RefCounted.o)
                0x08009044                codal::RefCounted::decr()
 .text._ZN5codal10RefCounted7destroyEv
                0x08009066        0x4 .pioenvs\bluepill_f103c8\lib635\libcodal-core.a(RefCountedInit.o)
                0x08009066                codal::RefCounted::destroy()
 .text._ZN5codal10RefCounted4initEv
                0x0800906a        0x6 .pioenvs\bluepill_f103c8\lib635\libcodal-core.a(RefCountedInit.o)
                0x0800906a                codal::RefCounted::init()
 .text._ZN5codal14string_reverseEPc
                0x08009070       0x2a .pioenvs\bluepill_f103c8\lib635\libcodal-core.a(CodalCompat.o)
                0x08009070                codal::string_reverse(char*)
 .text._ZN5codal4itoaEiPc
                0x0800909a       0x50 .pioenvs\bluepill_f103c8\lib635\libcodal-core.a(CodalCompat.o)
                0x0800909a                codal::itoa(int, char*)
 .text._ZN5codal22MemberFunctionCallback4fireENS_5EventE
                0x080090ea       0x18 .pioenvs\bluepill_f103c8\lib635\libcodal-core.a(MemberFunctionCallback.o)
                0x080090ea                codal::MemberFunctionCallback::fire(codal::Event)
 .text._ZN5codal22MemberFunctionCallbackeqERKS0_
                0x08009102       0x20 .pioenvs\bluepill_f103c8\lib635\libcodal-core.a(MemberFunctionCallback.o)
                0x08009102                codal::MemberFunctionCallback::operator==(codal::MemberFunctionCallback const&)
 .text._ZN5codal3Pin15setServoPulseUsEm
                0x08009122        0x6 .pioenvs\bluepill_f103c8\lib24c\libcm.a(CmPin.o)
                0x08009122                codal::Pin::setServoPulseUs(unsigned long)
 .text._ZN5codal3Pin17setAnalogPeriodUsEm
                0x08009128        0x6 .pioenvs\bluepill_f103c8\lib24c\libcm.a(CmPin.o)
                0x08009128                codal::Pin::setAnalogPeriodUs(unsigned long)
 .text._ZN5codal3Pin8drainPinEv
                0x0800912e        0x6 .pioenvs\bluepill_f103c8\lib24c\libcm.a(CmPin.o)
                0x0800912e                codal::Pin::drainPin()
 .text._ZN5codal3_cm3Pin15getDigitalValueEv
                0x08009134        0x4 .pioenvs\bluepill_f103c8\lib24c\libcm.a(CmPin.o)
                0x08009134                codal::_cm::Pin::getDigitalValue()
 .text._ZN5codal3_cm3Pin15getDigitalValueENS_8PullModeE
                0x08009138       0x16 .pioenvs\bluepill_f103c8\lib24c\libcm.a(CmPin.o)
                0x08009138                codal::_cm::Pin::getDigitalValue(codal::PullMode)
 .text._ZN5codal3_cm3Pin14getAnalogValueEv
                0x0800914e        0x4 .pioenvs\bluepill_f103c8\lib24c\libcm.a(CmPin.o)
                0x0800914e                codal::_cm::Pin::getAnalogValue()
 .text._ZN5codal3_cm3Pin7isInputEv
                0x08009152        0xe .pioenvs\bluepill_f103c8\lib24c\libcm.a(CmPin.o)
                0x08009152                codal::_cm::Pin::isInput()
 .text._ZN5codal3_cm3Pin8isOutputEv
                0x08009160        0xe .pioenvs\bluepill_f103c8\lib24c\libcm.a(CmPin.o)
                0x08009160                codal::_cm::Pin::isOutput()
 .text._ZN5codal3_cm3Pin9isDigitalEv
                0x0800916e        0xc .pioenvs\bluepill_f103c8\lib24c\libcm.a(CmPin.o)
                0x0800916e                codal::_cm::Pin::isDigital()
 .text._ZN5codal3_cm3Pin8isAnalogEv
                0x0800917a        0xe .pioenvs\bluepill_f103c8\lib24c\libcm.a(CmPin.o)
                0x0800917a                codal::_cm::Pin::isAnalog()
 .text._ZN5codal3_cm3Pin15getAnalogPeriodEv
                0x08009188       0x12 .pioenvs\bluepill_f103c8\lib24c\libcm.a(CmPin.o)
                0x08009188                codal::_cm::Pin::getAnalogPeriod()
 .text._ZN5codal3_cm3Pin7setPullENS_8PullModeE
                0x0800919a        0x6 .pioenvs\bluepill_f103c8\lib24c\libcm.a(CmPin.o)
                0x0800919a                codal::_cm::Pin::setPull(codal::PullMode)
 .text._ZN5codal3_cm3Pin5setupEhh
                0x080091a0       0x1e .pioenvs\bluepill_f103c8\lib24c\libcm.a(CmPin.o)
                0x080091a0                codal::_cm::Pin::setup(unsigned char, unsigned char)
 .text._ZN5codal3_cm3Pin17setAnalogPeriodUsEi
                0x080091be       0x12 .pioenvs\bluepill_f103c8\lib24c\libcm.a(CmPin.o)
                0x080091be                codal::_cm::Pin::setAnalogPeriodUs(int)
 .text._ZN5codal3_cm3Pin15setAnalogPeriodEi
                0x080091d0        0xa .pioenvs\bluepill_f103c8\lib24c\libcm.a(CmPin.o)
                0x080091d0                codal::_cm::Pin::setAnalogPeriod(int)
 .text._ZN5codal3_cm3Pin13disableEventsEv
                0x080091da       0x10 .pioenvs\bluepill_f103c8\lib24c\libcm.a(CmPin.o)
                0x080091da                codal::_cm::Pin::disableEvents()
 .text._ZN5codal3_cm3Pin7eventOnEi
                0x080091ea       0x26 .pioenvs\bluepill_f103c8\lib24c\libcm.a(CmPin.o)
                0x080091ea                codal::_cm::Pin::eventOn(int)
 .text._ZN5codal3_cm6Serial15enableInterruptENS_19SerialInterruptTypeE
                0x08009210        0x4 .pioenvs\bluepill_f103c8\lib24c\libcm.a(CmSerial.o)
                0x08009210                codal::_cm::Serial::enableInterrupt(codal::SerialInterruptType)
 .text._ZN5codal3_cm6Serial16disableInterruptENS_19SerialInterruptTypeE
                0x08009214        0x4 .pioenvs\bluepill_f103c8\lib24c\libcm.a(CmSerial.o)
                0x08009214                codal::_cm::Serial::disableInterrupt(codal::SerialInterruptType)
 .text._ZN5codal3_cm6Serial11setBaudrateEm
                0x08009218        0x4 .pioenvs\bluepill_f103c8\lib24c\libcm.a(CmSerial.o)
                0x08009218                codal::_cm::Serial::setBaudrate(unsigned long)
 .text._ZN5codal3_cm6Serial13configurePinsERNS_3PinES3_
                0x0800921c        0x4 .pioenvs\bluepill_f103c8\lib24c\libcm.a(CmSerial.o)
                0x0800921c                codal::_cm::Serial::configurePins(codal::Pin&, codal::Pin&)
 .text._ZN5codal3_cm6Serial4putcEc
                0x08009220        0x4 .pioenvs\bluepill_f103c8\lib24c\libcm.a(CmSerial.o)
                0x08009220                codal::_cm::Serial::putc(char)
 .text._ZN5codal3_cm6Serial4getcEv
                0x08009224        0x6 .pioenvs\bluepill_f103c8\lib24c\libcm.a(CmSerial.o)
                0x08009224                codal::_cm::Serial::getc()
 .text._ZN5codal3_cm6SerialD0Ev
                0x0800922a       0x12 .pioenvs\bluepill_f103c8\lib24c\libcm.a(CmSerial.o)
                0x0800922a                codal::_cm::Serial::~Serial()
 .text._ZN5codal3_cm6Serial12initialiseRxEv
                0x0800923c       0x38 .pioenvs\bluepill_f103c8\lib24c\libcm.a(CmSerial.o)