Archive member included to satisfy reference by file (symbol)

.pioenvs/bluepill_f103c8/libd9b/liblogger.a(logger.o)
                              .pioenvs/bluepill_f103c8/src/main.o (debug_flush)
.pioenvs/bluepill_f103c8/lib98a/libnewlib.a(strlen.o)
                              .pioenvs/bluepill_f103c8/src/aggregate.o (strlen)
.pioenvs/bluepill_f103c8/lib98a/libnewlib.a(strncat.o)
                              .pioenvs/bluepill_f103c8/src/wisol.o (strncat)
.pioenvs/bluepill_f103c8/lib98a/libnewlib.a(strncmp.o)
                              .pioenvs/bluepill_f103c8/src/aggregate.o (strncmp)
.pioenvs/bluepill_f103c8/lib98a/libnewlib.a(strncpy.o)
                              .pioenvs/bluepill_f103c8/src/aggregate.o (strncpy)
.pioenvs/bluepill_f103c8/lib98a/libnewlib.a(strstr.o)
                              .pioenvs/bluepill_f103c8/src/wisol.o (strstr)
.pioenvs/bluepill_f103c8/libea7/libcocoOS_5.0.3.a(os_event.o)
                              .pioenvs/bluepill_f103c8/src/wisol.o (event_create)
.pioenvs/bluepill_f103c8/libea7/libcocoOS_5.0.3.a(os_kernel.o)
                              .pioenvs/bluepill_f103c8/src/uart.o (running_tid)
.pioenvs/bluepill_f103c8/libea7/libcocoOS_5.0.3.a(os_msgqueue.o)
                              .pioenvs/bluepill_f103c8/libea7/libcocoOS_5.0.3.a(os_kernel.o) (os_msgQ_init)
.pioenvs/bluepill_f103c8/libea7/libcocoOS_5.0.3.a(os_sem.o)
                              .pioenvs/bluepill_f103c8/libea7/libcocoOS_5.0.3.a(os_kernel.o) (os_sem_init)
.pioenvs/bluepill_f103c8/libea7/libcocoOS_5.0.3.a(os_task.o)
                              .pioenvs/bluepill_f103c8/libea7/libcocoOS_5.0.3.a(os_kernel.o) (os_task_init)
.pioenvs/bluepill_f103c8/libea7/libcocoOS_5.0.3.a(os_assert.o)
                              .pioenvs/bluepill_f103c8/libea7/libcocoOS_5.0.3.a(os_event.o) (os_on_assert)
.pioenvs/bluepill_f103c8/libea7/libcocoOS_5.0.3.a(os_cbk.o)
                              .pioenvs/bluepill_f103c8/libea7/libcocoOS_5.0.3.a(os_kernel.o) (os_cbkSleep)
.pioenvs/bluepill_f103c8/lib739/libcm.a(CmPin.o)
                              .pioenvs/bluepill_f103c8/src/main.o (codal::_cm::Pin::setDigitalValue(int))
.pioenvs/bluepill_f103c8/lib739/libcm.a(CmSerial.o)
                              .pioenvs/bluepill_f103c8/src/main.o (vtable for codal::_cm::Serial)
.pioenvs/bluepill_f103c8/lib739/libcm.a(CmTimer.o)
                              .pioenvs/bluepill_f103c8/src/main.o (vtable for codal::_cm::Timer)
.pioenvs/bluepill_f103c8/lib739/libcm.a(codal_target_hal.o)
                              .pioenvs/bluepill_f103c8/lib739/libcm.a(CmTimer.o) (target_set_tick_callback)
.pioenvs/bluepill_f103c8/lib3e7/libcodal-core.a(CodalCompat.o)
                              .pioenvs/bluepill_f103c8/lib739/libcm.a(codal_target_hal.o) (codal::seed_random(unsigned long))
.pioenvs/bluepill_f103c8/lib3e7/libcodal-core.a(CodalComponent.o)
                              .pioenvs/bluepill_f103c8/src/main.o (codal::CodalComponent::removeComponent())
.pioenvs/bluepill_f103c8/lib3e7/libcodal-core.a(CodalDmesg.o)
                              .pioenvs/bluepill_f103c8/lib739/libcm.a(codal_target_hal.o) (codal_dmesg_set_flush_fn)
.pioenvs/bluepill_f103c8/lib3e7/libcodal-core.a(CodalFiber.o)
                              .pioenvs/bluepill_f103c8/lib739/libcm.a(CmSerial.o) (codal::fiber_wake_on_event(unsigned short, unsigned short))
.pioenvs/bluepill_f103c8/lib3e7/libcodal-core.a(CodalHeapAllocator.o)
                              .pioenvs/bluepill_f103c8/lib739/libcm.a(CmSerial.o) (malloc)
.pioenvs/bluepill_f103c8/lib3e7/libcodal-core.a(CodalListener.o)
                              .pioenvs/bluepill_f103c8/lib3e7/libcodal-core.a(CodalComponent.o) (codal::Listener::Listener(unsigned short, unsigned short, void (*)(codal::Event), unsigned short))
.pioenvs/bluepill_f103c8/lib3e7/libcodal-core.a(Serial.o)
                              .pioenvs/bluepill_f103c8/lib739/libcm.a(CmSerial.o) (codal::Serial::Serial(codal::Pin&, codal::Pin&, unsigned char, unsigned char, unsigned short))
.pioenvs/bluepill_f103c8/lib3e7/libcodal-core.a(Timer.o)
                              .pioenvs/bluepill_f103c8/lib739/libcm.a(CmTimer.o) (codal::Timer::disableInterrupts())
.pioenvs/bluepill_f103c8/lib3e7/libcodal-core.a(MessageBus.o)
                              .pioenvs/bluepill_f103c8/src/main.o (codal::MessageBus::~MessageBus())
.pioenvs/bluepill_f103c8/lib3e7/libcodal-core.a(Event.o)
                              .pioenvs/bluepill_f103c8/lib3e7/libcodal-core.a(CodalListener.o) (codal::Event::Event())
.pioenvs/bluepill_f103c8/lib3e7/libcodal-core.a(ManagedString.o)
                              .pioenvs/bluepill_f103c8/lib739/libcm.a(CmSerial.o) (codal::ManagedString::~ManagedString())
.pioenvs/bluepill_f103c8/lib3e7/libcodal-core.a(RefCounted.o)
                              .pioenvs/bluepill_f103c8/lib3e7/libcodal-core.a(ManagedString.o) (codal::RefCounted::incr())
.pioenvs/bluepill_f103c8/lib3e7/libcodal-core.a(RefCountedInit.o)
[...]
Memory Configuration

Name             Origin             Length             Attributes
rom              0x0000000008000000 0x0000000000010000 xr
ram              0x0000000020000000 0x0000000000005000 xrw
*default*        0x0000000000000000 0xffffffffffffffff

Linker script and memory map

LOAD asm/CortexContextSwitch.s.o
LOAD .pioenvs/bluepill_f103c8/src/aggregate.o
LOAD .pioenvs/bluepill_f103c8/src/downlink.o
LOAD .pioenvs/bluepill_f103c8/src/main.o
LOAD .pioenvs/bluepill_f103c8/src/sensor.o
LOAD .pioenvs/bluepill_f103c8/src/sensor_display.o
LOAD .pioenvs/bluepill_f103c8/src/uart.o
LOAD .pioenvs/bluepill_f103c8/src/wisol.o
LOAD .pioenvs/bluepill_f103c8/src/wstring.o
START GROUP
LOAD .pioenvs/bluepill_f103c8/libd9b/liblogger.a
LOAD .pioenvs/bluepill_f103c8/lib98a/libnewlib.a
LOAD .pioenvs/bluepill_f103c8/libd88/libnano-float.a
LOAD .pioenvs/bluepill_f103c8/libea7/libcocoOS_5.0.3.a
LOAD .pioenvs/bluepill_f103c8/lib739/libcm.a
LOAD .pioenvs/bluepill_f103c8/lib3e7/libcodal-core.a
LOAD .pioenvs/bluepill_f103c8/lib271/libbluepill.a
LOAD .pioenvs/bluepill_f103c8/libea2/libi2cint.a
LOAD .pioenvs/bluepill_f103c8/libc3f/libsimulator.a
LOAD .pioenvs/bluepill_f103c8/lib91e/libspiint.a
LOAD .pioenvs/bluepill_f103c8/lib9ba/libporting.a
LOAD .pioenvs/bluepill_f103c8/libdc9/libBME280.a
LOAD .pioenvs/bluepill_f103c8/lib573/libadcint.a
LOAD .pioenvs/bluepill_f103c8/lib23b/libboost_config.a
LOAD .pioenvs/bluepill_f103c8/libf3d/libboost_assert.a
LOAD .pioenvs/bluepill_f103c8/lib3c5/libboost_core.a
LOAD .pioenvs/bluepill_f103c8/lib186/libboost_static_assert.a
LOAD .pioenvs/bluepill_f103c8/lib047/libboost_type_traits.a
LOAD .pioenvs/bluepill_f103c8/lib64e/libboost_predef.a
LOAD .pioenvs/bluepill_f103c8/libd23/libboost_preprocessor.a
LOAD .pioenvs/bluepill_f103c8/libd30/libboost_utility.a
LOAD .pioenvs/bluepill_f103c8/libe2b/libboost_mpl.a
LOAD .pioenvs/bluepill_f103c8/lib95e/libboost_detail.a
LOAD .pioenvs/bluepill_f103c8/libcea/libboost_parameter.a
LOAD .pioenvs/bluepill_f103c8/lib609/libboost_iterator.a
LOAD .pioenvs/bluepill_f103c8/lib7b0/libboost_lockfree.a
LOAD .pioenvs/bluepill_f103c8/lib33e/libuartint.a
LOAD /Users/Luppy/.platformio/packages/toolchain-gccarmnoneeabi/bin/../lib/gcc/arm-none-eabi/7.2.1/../../../../arm-none-eabi/lib/thumb/v7-m/libc.a
LOAD /Users/Luppy/.platformio/packages/toolchain-gccarmnoneeabi/bin/../lib/gcc/arm-none-eabi/7.2.1/thumb/v7-m/libgcc.a
LOAD /Users/Luppy/.platformio/packages/toolchain-gccarmnoneeabi/bin/../lib/gcc/arm-none-eabi/7.2.1/../../../../arm-none-eabi/lib/thumb/v7-m/libm.a
LOAD /Users/Luppy/.platformio/packages/toolchain-gccarmnoneeabi/bin/../lib/gcc/arm-none-eabi/7.2.1/../../../../arm-none-eabi/lib/thumb/v7-m/libstdc++.a
LOAD /Users/Luppy/.platformio/packages/toolchain-gccarmnoneeabi/bin/../lib/gcc/arm-none-eabi/7.2.1/../../../../arm-none-eabi/lib/thumb/v7-m/libnosys.a
LOAD .pioenvs/bluepill_f103c8/libFrameworkLibOpenCM3.a
END GROUP

.text           0x0000000008000000     0x491c
 *(SORT_BY_ALIGNMENT(.vectors))
 .vectors       0x0000000008000000      0x150 .pioenvs/bluepill_f103c8/libFrameworkLibOpenCM3.a(vector.o)
                0x0000000008000000                vector_table
 *(SORT_BY_ALIGNMENT(.text*))
 .text          0x0000000008000150      0x124 asm/CortexContextSwitch.s.o
                0x0000000008000150                swap_context
                0x00000000080001d2                save_context
                0x0000000008000216                save_register_context
                0x0000000008000246                restore_register_context
 .text._ZN5codal14CodalComponent4initEv
                0x0000000008000274        0x8 .pioenvs/bluepill_f103c8/src/main.o
                0x0000000008000274                codal::CodalComponent::init()
 .text._Z41__static_initialization_and_destruction_0ii
                0x000000000800027c       0x30 .pioenvs/bluepill_f103c8/src/main.o
 .text._ZN5codal14CodalComponentD2Ev
                0x00000000080002ac       0x18 .pioenvs/bluepill_f103c8/src/main.o
                0x00000000080002ac                codal::CodalComponent::~CodalComponent()
                0x00000000080002ac                codal::CodalComponent::~CodalComponent()
 .text._ZN5codal14CodalComponentD0Ev
                0x00000000080002c4       0x20 .pioenvs/bluepill_f103c8/src/main.o
                0x00000000080002c4                codal::CodalComponent::~CodalComponent()
 .text._Z20custom_reset_handlerv
                0x00000000080002e4       0x44 .pioenvs/bluepill_f103c8/src/main.o
                0x00000000080002e4                custom_reset_handler()
 .text._Z10debug_dumpv
                0x0000000008000328       0x38 .pioenvs/bluepill_f103c8/src/main.o
                0x0000000008000328                debug_dump()
 .text.main     0x0000000008000360       0x20 .pioenvs/bluepill_f103c8/src/main.o
                0x0000000008000360                main
 .text._ZN5codal13STM32BluePillD2Ev
                0x0000000008000380       0x4c .pioenvs/bluepill_f103c8/src/main.o
                0x0000000008000380                codal::STM32BluePill::~STM32BluePill()
                0x0000000008000380                codal::STM32BluePill::~STM32BluePill()
 .text._ZN5codal13STM32BluePillD0Ev
                0x00000000080003cc       0x54 .pioenvs/bluepill_f103c8/src/main.o
                0x00000000080003cc                codal::STM32BluePill::~STM32BluePill()
 .text._Z41__static_initialization_and_destruction_0ii
                0x0000000008000420       0x24 .pioenvs/bluepill_f103c8/src/uart.o
 .text._ZL10__semihostiPv
                0x0000000008000444       0x24 .pioenvs/bluepill_f103c8/libd9b/liblogger.a(logger.o)
 .text.enable_log
                0x0000000008000468       0x18 .pioenvs/bluepill_f103c8/libd9b/liblogger.a(logger.o)
                0x0000000008000468                enable_log
 .text.debug_flush
                0x0000000008000480       0x28 .pioenvs/bluepill_f103c8/libd9b/liblogger.a(logger.o)
                0x0000000008000480                debug_flush
 .text._ZL12debug_appendPKcj
                0x00000000080004a8       0x38 .pioenvs/bluepill_f103c8/libd9b/liblogger.a(logger.o)
 .text._Z11debug_printj
                0x00000000080004e0       0x88 .pioenvs/bluepill_f103c8/libd9b/liblogger.a(logger.o)
                0x00000000080004e0                debug_print(unsigned int)
 .text._Z11debug_printi
                0x0000000008000568       0x34 .pioenvs/bluepill_f103c8/libd9b/liblogger.a(logger.o)
                0x0000000008000568                debug_print(int)
 .text.debug_println
                0x000000000800059c       0x1c .pioenvs/bluepill_f103c8/libd9b/liblogger.a(logger.o)
                0x000000000800059c                debug_println
 .text._Z13debug_printlni
                0x00000000080005b8       0x14 .pioenvs/bluepill_f103c8/libd9b/liblogger.a(logger.o)
                0x00000000080005b8                debug_println(int)
 .text._Z13debug_printlnj
                0x00000000080005cc       0x14 .pioenvs/bluepill_f103c8/libd9b/liblogger.a(logger.o)
                0x00000000080005cc                debug_println(unsigned int)
 .text.os_event_init
                0x00000000080005e0        0xc .pioenvs/bluepill_f103c8/libea7/libcocoOS_5.0.3.a(os_event.o)
                0x00000000080005e0                os_event_init
 .text.os_init  0x00000000080005ec       0x30 .pioenvs/bluepill_f103c8/libea7/libcocoOS_5.0.3.a(os_kernel.o)
                0x00000000080005ec                os_init
 .text.os_msgQ_init
                0x000000000800061c       0x38 .pioenvs/bluepill_f103c8/libea7/libcocoOS_5.0.3.a(os_msgqueue.o)
                0x000000000800061c                os_msgQ_init
 .text.os_sem_init
                0x0000000008000654        0xc .pioenvs/bluepill_f103c8/libea7/libcocoOS_5.0.3.a(os_sem.o)
                0x0000000008000654                os_sem_init
 .text.os_task_init
                0x0000000008000660       0x74 .pioenvs/bluepill_f103c8/libea7/libcocoOS_5.0.3.a(os_task.o)
                0x0000000008000660                os_task_init
 .text._ZN5codal3_cm3Pin14setAnalogValueEi
                0x00000000080006d4       0x20 .pioenvs/bluepill_f103c8/lib739/libcm.a(CmPin.o)
                0x00000000080006d4                codal::_cm::Pin::setAnalogValue(int)
 .text._ZN5codal3_cm3Pin9isTouchedEv
                0x00000000080006f4        0x8 .pioenvs/bluepill_f103c8/lib739/libcm.a(CmPin.o)
                0x00000000080006f4                codal::_cm::Pin::isTouched()
 .text._ZN5codal3_cm3Pin17getAnalogPeriodUsEv
                0x00000000080006fc        0x8 .pioenvs/bluepill_f103c8/lib739/libcm.a(CmPin.o)
                0x00000000080006fc                codal::_cm::Pin::getAnalogPeriodUs()
 .text._ZN5codal3_cm3Pin15getAnalogPeriodEv
                0x0000000008000704       0x18 .pioenvs/bluepill_f103c8/lib739/libcm.a(CmPin.o)
                0x0000000008000704                codal::_cm::Pin::getAnalogPeriod()
 .text._ZN5codal3_cm3Pin15setDigitalValueEi
                0x000000000800071c       0x84 .pioenvs/bluepill_f103c8/lib739/libcm.a(CmPin.o)
                0x000000000800071c                codal::_cm::Pin::setDigitalValue(int)
 .text._ZN5codal3_cm3PinC2EhmmtNS_13PinCapabilityE
                0x00000000080007a0       0x50 .pioenvs/bluepill_f103c8/lib739/libcm.a(CmPin.o)
                0x00000000080007a0                codal::_cm::Pin::Pin(unsigned char, unsigned long, unsigned long, unsigned short, codal::PinCapability)
                0x00000000080007a0                codal::_cm::Pin::Pin(unsigned char, unsigned long, unsigned long, unsigned short, codal::PinCapability)
 .text._ZN5codal3_cm3Pin13setServoValueEiii
                0x00000000080007f0       0x78 .pioenvs/bluepill_f103c8/lib739/libcm.a(CmPin.o)
                0x00000000080007f0                codal::_cm::Pin::setServoValue(int, int, int)
 .text._ZN5codal3_cm6SerialD2Ev
                0x0000000008000868       0x14 .pioenvs/bluepill_f103c8/lib739/libcm.a(CmSerial.o)
                0x0000000008000868                codal::_cm::Serial::~Serial()
                0x0000000008000868                codal::_cm::Serial::~Serial()
 .text._ZN5codal3_cm6SerialD0Ev
                0x000000000800087c       0x1c .pioenvs/bluepill_f103c8/lib739/libcm.a(CmSerial.o)
                0x000000000800087c                codal::_cm::Serial::~Serial()
 .text._ZN5codal3_cm6SerialC2ERNS0_3PinES3_hh
                0x0000000008000898       0x50 .pioenvs/bluepill_f103c8/lib739/libcm.a(CmSerial.o)
                0x0000000008000898                codal::_cm::Serial::Serial(codal::_cm::Pin&, codal::_cm::Pin&, unsigned char, unsigned char)
                0x0000000008000898                codal::_cm::Serial::Serial(codal::_cm::Pin&, codal::_cm::Pin&, unsigned char, unsigned char)
 .text._ZN5codal3_cm13tick_callbackEv
                0x00000000080008e8       0x14 .pioenvs/bluepill_f103c8/lib739/libcm.a(CmTimer.o)
                0x00000000080008e8                codal::_cm::tick_callback()
 .text._ZN5codal3_cm5Timer4initEv
                0x00000000080008fc       0x18 .pioenvs/bluepill_f103c8/lib739/libcm.a(CmTimer.o)
                0x00000000080008fc                codal::_cm::Timer::init()
 .text._ZN5codal3_cm5TimerC2Ev
                0x0000000008000914       0x28 .pioenvs/bluepill_f103c8/lib739/libcm.a(CmTimer.o)
                0x0000000008000914                codal::_cm::Timer::Timer()
                0x0000000008000914                codal::_cm::Timer::Timer()
 .text._ZL10timer_tickv
                0x000000000800093c       0x10 .pioenvs/bluepill_f103c8/lib739/libcm.a(codal_target_hal.o)
 .text._Z25stm32bluepill_dmesg_flushv
                0x000000000800094c       0x3c .pioenvs/bluepill_f103c8/lib739/libcm.a(codal_target_hal.o)
                0x000000000800094c                stm32bluepill_dmesg_flush()
 .text.target_set_tick_callback
                0x0000000008000988        0xc .pioenvs/bluepill_f103c8/lib739/libcm.a(codal_target_hal.o)
                0x0000000008000988                target_set_tick_callback
 .text.target_init
                0x0000000008000994       0x34 .pioenvs/bluepill_f103c8/lib739/libcm.a(codal_target_hal.o)
                0x0000000008000994                target_init
 .text.target_wait
                0x00000000080009c8       0x24 .pioenvs/bluepill_f103c8/lib739/libcm.a(codal_target_hal.o)
                0x00000000080009c8                target_wait
 .text.target_panic
                0x00000000080009ec       0x20 .pioenvs/bluepill_f103c8/lib739/libcm.a(codal_target_hal.o)
                0x00000000080009ec                target_panic
 .text.fiber_initial_stack_base
                0x0000000008000a0c        0x8 .pioenvs/bluepill_f103c8/lib739/libcm.a(codal_target_hal.o)
                0x0000000008000a0c                fiber_initial_stack_base
 .text.test_codal
                0x0000000008000a14       0x64 .pioenvs/bluepill_f103c8/lib739/libcm.a(codal_target_hal.o)
                0x0000000008000a14                test_codal
 .text._ZN5codal4itoaEiPc
                0x0000000008000a78       0x68 .pioenvs/bluepill_f103c8/lib3e7/libcodal-core.a(CodalCompat.o)
                0x0000000008000a78                codal::itoa(int, char*)
 .text._Z18component_callbackN5codal5EventE
                0x0000000008000ae0       0x68 .pioenvs/bluepill_f103c8/lib3e7/libcodal-core.a(CodalComponent.o)
                0x0000000008000ae0                component_callback(codal::Event)
 .text._ZN5codal14CodalComponent12addComponentEv
                0x0000000008000b48       0xcc .pioenvs/bluepill_f103c8/lib3e7/libcodal-core.a(CodalComponent.o)
                0x0000000008000b48                codal::CodalComponent::addComponent()
 .text._ZN5codal14CodalComponent15removeComponentEv
                0x0000000008000c14       0x28 .pioenvs/bluepill_f103c8/lib3e7/libcodal-core.a(CodalComponent.o)
                0x0000000008000c14                codal::CodalComponent::removeComponent()
 .text.codal_dmesg_set_flush_fn
                0x0000000008000c3c        0xc .pioenvs/bluepill_f103c8/lib3e7/libcodal-core.a(CodalDmesg.o)
                0x0000000008000c3c                codal_dmesg_set_flush_fn
 .text.codal_dmesg_flush
                0x0000000008000c48       0x10 .pioenvs/bluepill_f103c8/lib3e7/libcodal-core.a(CodalDmesg.o)
                0x0000000008000c48                codal_dmesg_flush
 .text._ZN5codal14scheduler_tickENS_5EventE
                0x0000000008000c58       0x3c .pioenvs/bluepill_f103c8/lib3e7/libcodal-core.a(CodalFiber.o)
                0x0000000008000c58                codal::scheduler_tick(codal::Event)
 .text._ZN5codal15scheduler_eventENS_5EventE
                0x0000000008000c94       0xc0 .pioenvs/bluepill_f103c8/lib3e7/libcodal-core.a(CodalFiber.o)
                0x0000000008000c94                codal::scheduler_event(codal::Event)
 .text._Z15getFiberContextv
                0x0000000008000d54       0x58 .pioenvs/bluepill_f103c8/lib3e7/libcodal-core.a(CodalFiber.o)
                0x0000000008000d54                getFiberContext()
 .text._ZL10handle_fobv
                0x0000000008000dac       0x34 .pioenvs/bluepill_f103c8/lib3e7/libcodal-core.a(CodalFiber.o)
 .text._ZN5codal23fiber_scheduler_runningEv
                0x0000000008000de0       0x18 .pioenvs/bluepill_f103c8/lib3e7/libcodal-core.a(CodalFiber.o)
                0x0000000008000de0                codal::fiber_scheduler_running()
 .text._ZN5codal14scheduler_initERNS_10EventModelE
                0x0000000008000df8      0x11c .pioenvs/bluepill_f103c8/lib3e7/libcodal-core.a(CodalFiber.o)
                0x0000000008000df8                codal::scheduler_init(codal::EventModel&)
 .text._ZN5codal19fiber_wake_on_eventEtt
                0x0000000008000f14       0x90 .pioenvs/bluepill_f103c8/lib3e7/libcodal-core.a(CodalFiber.o)
                0x0000000008000f14                codal::fiber_wake_on_event(unsigned short, unsigned short)
 .text._Z14__create_fibermmmi
                0x0000000008000fa4       0x68 .pioenvs/bluepill_f103c8/lib3e7/libcodal-core.a(CodalFiber.o)
                0x0000000008000fa4                __create_fiber(unsigned long, unsigned long, unsigned long, int)
 .text._ZN5codal24scheduler_runqueue_emptyEv
                0x000000000800100c       0x10 .pioenvs/bluepill_f103c8/lib3e7/libcodal-core.a(CodalFiber.o)
                0x000000000800100c                codal::scheduler_runqueue_empty()
 .text._ZN5codal4idleEv
                0x000000000800101c       0x44 .pioenvs/bluepill_f103c8/lib3e7/libcodal-core.a(CodalFiber.o)
                0x000000000800101c                codal::idle()
 .text._ZN5codal8scheduleEv
                0x0000000008001060      0x1b8 .pioenvs/bluepill_f103c8/lib3e7/libcodal-core.a(CodalFiber.o)
                0x0000000008001060                codal::schedule()
 .text._ZN5codal11fiber_sleepEm
                0x0000000008001218       0x38 .pioenvs/bluepill_f103c8/lib3e7/libcodal-core.a(CodalFiber.o)
                0x0000000008001218                codal::fiber_sleep(unsigned long)
 .text._ZN5codal13release_fiberEv
                0x0000000008001250       0x70 .pioenvs/bluepill_f103c8/lib3e7/libcodal-core.a(CodalFiber.o)
                0x0000000008001250                codal::release_fiber()
 .text._ZN5codal6invokeEPFvPvES0_
                0x00000000080012c0       0x90 .pioenvs/bluepill_f103c8/lib3e7/libcodal-core.a(CodalFiber.o)
                0x00000000080012c0                codal::invoke(void (*)(void*), void*)
 .text._Z18device_create_heapmm
                0x0000000008001350       0x3c .pioenvs/bluepill_f103c8/lib3e7/libcodal-core.a(CodalHeapAllocator.o)
                0x0000000008001350                device_create_heap(unsigned long, unsigned long)
 .text.device_malloc
                0x000000000800138c       0x54 .pioenvs/bluepill_f103c8/lib3e7/libcodal-core.a(CodalHeapAllocator.o)
                0x000000000800138c                malloc
                0x000000000800138c                device_malloc
 .text.device_free
                0x00000000080013e0       0x44 .pioenvs/bluepill_f103c8/lib3e7/libcodal-core.a(CodalHeapAllocator.o)
                0x00000000080013e0                device_free
                0x00000000080013e0                free
 .text._ZN5codal6SerialC2ERNS_3PinES2_hht
                0x0000000008001424       0x60 .pioenvs/bluepill_f103c8/lib3e7/libcodal-core.a(Serial.o)
                0x0000000008001424                codal::Serial::Serial(codal::Pin&, codal::Pin&, unsigned char, unsigned char, unsigned short)
                0x0000000008001424                codal::Serial::Serial(codal::Pin&, codal::Pin&, unsigned char, unsigned char, unsigned short)
 .text._ZN5codal6SerialD2Ev
                0x0000000008001484       0x28 .pioenvs/bluepill_f103c8/lib3e7/libcodal-core.a(Serial.o)
                0x0000000008001484                codal::Serial::~Serial()
                0x0000000008001484                codal::Serial::~Serial()
 .text._ZN5codal5TimerC2Ev
                0x00000000080014ac       0x34 .pioenvs/bluepill_f103c8/lib3e7/libcodal-core.a(Timer.o)
                0x00000000080014ac                codal::Timer::Timer()
                0x00000000080014ac                codal::Timer::Timer()
 .text._ZN5codal25system_timer_current_timeEv
                0x00000000080014e0       0x18 .pioenvs/bluepill_f103c8/lib3e7/libcodal-core.a(Timer.o)
                0x00000000080014e0                codal::system_timer_current_time()
 .text._ZN5codal27system_timer_event_every_usEmtt
                0x00000000080014f8       0x24 .pioenvs/bluepill_f103c8/lib3e7/libcodal-core.a(Timer.o)
                0x00000000080014f8                codal::system_timer_event_every_us(unsigned long, unsigned short, unsigned short)
 .text._ZN5codal10EventModel4sendENS_5EventE
                0x000000000800151c       0x14 .pioenvs/bluepill_f103c8/lib3e7/libcodal-core.a(MessageBus.o)
                0x000000000800151c                codal::EventModel::send(codal::Event)
 .text._ZN5codal10EventModel3addEPNS_8ListenerE
                0x0000000008001530        0x8 .pioenvs/bluepill_f103c8/lib3e7/libcodal-core.a(MessageBus.o)
                0x0000000008001530                codal::EventModel::add(codal::Listener*)
 .text._ZN5codal10EventModel6removeEPNS_8ListenerE
                0x0000000008001538        0x8 .pioenvs/bluepill_f103c8/lib3e7/libcodal-core.a(MessageBus.o)
                0x0000000008001538                codal::EventModel::remove(codal::Listener*)
 .text._ZN5codal10MessageBus3addEPNS_8ListenerE
                0x0000000008001540       0xe8 .pioenvs/bluepill_f103c8/lib3e7/libcodal-core.a(MessageBus.o)
                0x0000000008001540                codal::MessageBus::add(codal::Listener*)
 .text._ZN5codal10MessageBus7processERNS_5EventEb
                0x0000000008001628       0x88 .pioenvs/bluepill_f103c8/lib3e7/libcodal-core.a(MessageBus.o)
                0x0000000008001628                codal::MessageBus::process(codal::Event&, bool)
 .text._ZN5codal19allocateNotifyEventEv
                0x00000000080016b0       0x10 .pioenvs/bluepill_f103c8/lib3e7/libcodal-core.a(MessageBus.o)
                0x00000000080016b0                codal::allocateNotifyEvent()
 .text._ZN5codal22MemberFunctionCallbackC2INS_10MessageBusEEEPT_MS3_FvNS_5EventEE
                0x00000000080016c0       0x30 .pioenvs/bluepill_f103c8/lib3e7/libcodal-core.a(MessageBus.o)
                0x00000000080016c0                codal::MemberFunctionCallback::MemberFunctionCallback<codal::MessageBus>(codal::MessageBus*, void (codal::MessageBus::*)(codal::Event))
                0x00000000080016c0                codal::MemberFunctionCallback::MemberFunctionCallback<codal::MessageBus>(codal::MessageBus*, void (codal::MessageBus::*)(codal::Event))
 .text._ZN5codal10EventModel6listenINS_10MessageBusEEEittPT_MS3_FvNS_5EventEEt
                0x00000000080016f0       0x8c .pioenvs/bluepill_f103c8/lib3e7/libcodal-core.a(MessageBus.o)
                0x00000000080016f0                int codal::EventModel::listen<codal::MessageBus>(unsigned short, unsigned short, codal::MessageBus*, void (codal::MessageBus::*)(codal::Event), unsigned short)
 .text._ZN5codal10MessageBusC2Ev
                0x000000000800177c       0x74 .pioenvs/bluepill_f103c8/lib3e7/libcodal-core.a(MessageBus.o)
                0x000000000800177c                codal::MessageBus::MessageBus()
                0x000000000800177c                codal::MessageBus::MessageBus()
 .text._ZN5codal10MessageBusD2Ev
                0x00000000080017f0       0x50 .pioenvs/bluepill_f103c8/lib3e7/libcodal-core.a(MessageBus.o)
                0x00000000080017f0                codal::MessageBus::~MessageBus()
                0x00000000080017f0                codal::MessageBus::~MessageBus()
 .text._ZN5codal5Event4fireEv
                0x0000000008001840       0x1c .pioenvs/bluepill_f103c8/lib3e7/libcodal-core.a(Event.o)
                0x0000000008001840                codal::Event::fire()
 .text._ZN5codal13ManagedString9initEmptyEv
                0x000000000800185c        0xc .pioenvs/bluepill_f103c8/lib3e7/libcodal-core.a(ManagedString.o)
                0x000000000800185c                codal::ManagedString::initEmpty()
 .text._Z41__static_initialization_and_destruction_0ii
                0x0000000008001868       0x38 .pioenvs/bluepill_f103c8/lib3e7/libcodal-core.a(ManagedString.o)
 .text._ZN5codal13STM32BluePill4initEv
                0x00000000080018a0       0x54 .pioenvs/bluepill_f103c8/lib271/libbluepill.a(STM32BluePill.o)
                0x00000000080018a0                codal::STM32BluePill::init()
 .text._ZN5codal13STM32BluePillC2Ev
                0x00000000080018f4       0x9c .pioenvs/bluepill_f103c8/lib271/libbluepill.a(STM32BluePill.o)
                0x00000000080018f4                codal::STM32BluePill::STM32BluePill()
                0x00000000080018f4                codal::STM32BluePill::STM32BluePill()
 .text._ZN5codal15STM32BluePillIOC2Ev
                0x0000000008001990      0xb58 .pioenvs/bluepill_f103c8/lib271/libbluepill.a(STM32BluePillIO.o)
                0x0000000008001990                codal::STM32BluePillIO::STM32BluePillIO()
                0x0000000008001990                codal::STM32BluePillIO::STM32BluePillIO()
 .text.platform_setup
                0x00000000080024e8       0x4c .pioenvs/bluepill_f103c8/lib271/libbluepill.a(bluepill.o)
                0x00000000080024e8                platform_setup
 .text.enable_debug
                0x0000000008002534       0x14 .pioenvs/bluepill_f103c8/lib271/libbluepill.a(bluepill.o)
                0x0000000008002534                enable_debug
 .text.led_setup
                0x0000000008002548       0x20 .pioenvs/bluepill_f103c8/lib271/libbluepill.a(led.o)
                0x0000000008002548                led_setup
 .text.led_on   0x0000000008002568       0x14 .pioenvs/bluepill_f103c8/lib271/libbluepill.a(led.o)
                0x0000000008002568                led_on
 .text.led_off  0x000000000800257c       0x14 .pioenvs/bluepill_f103c8/lib271/libbluepill.a(led.o)
                0x000000000800257c                led_off
 .text.led_wait
                0x0000000008002590       0x14 .pioenvs/bluepill_f103c8/lib271/libbluepill.a(led.o)
                0x0000000008002590                led_wait
 .text.platform_start_timer
                0x00000000080025a4       0x24 .pioenvs/bluepill_f103c8/lib271/libbluepill.a(timer.o)
                0x00000000080025a4                platform_start_timer
 .text.rtc_isr  0x00000000080025c8       0x3c .pioenvs/bluepill_f103c8/lib271/libbluepill.a(timer.o)
                0x00000000080025c8                rtc_isr
 .text.rtc_alarm_isr
                0x0000000008002604       0x20 .pioenvs/bluepill_f103c8/lib271/libbluepill.a(timer.o)
                0x0000000008002604                rtc_alarm_isr
 .text.platform_alarm_count
                0x0000000008002624        0xc .pioenvs/bluepill_f103c8/lib271/libbluepill.a(timer.o)
                0x0000000008002624                platform_alarm_count
 .text._Z41__static_initialization_and_destruction_0ii
                0x0000000008002630       0x1c .pioenvs/bluepill_f103c8/lib33e/libuartint.a(uartint.o)
 .text.usart2_isr
                0x000000000800264c       0x5c .pioenvs/bluepill_f103c8/lib33e/libuartint.a(uartint.o)
                0x000000000800264c                usart2_isr
 .text.memcmp   0x00000000080026a8       0x64 /Users/Luppy/.platformio/packages/toolchain-gccarmnoneeabi/bin/../lib/gcc/arm-none-eabi/7.2.1/../../../../arm-none-eabi/lib/thumb/v7-m/libc.a(lib_a-memcmp.o)
                0x00000000080026a8                memcmp
 .text          0x000000000800270c       0xec /Users/Luppy/.platformio/packages/toolchain-gccarmnoneeabi/bin/../lib/gcc/arm-none-eabi/7.2.1/../../../../arm-none-eabi/lib/thumb/v7-m/libc.a(lib_a-memcpy.o)
                0x000000000800270c                memcpy
 .text.memset   0x00000000080027f8       0x94 /Users/Luppy/.platformio/packages/toolchain-gccarmnoneeabi/bin/../lib/gcc/arm-none-eabi/7.2.1/../../../../arm-none-eabi/lib/thumb/v7-m/libc.a(lib_a-memset.o)
                0x00000000080027f8                memset
 .text.rcc_wait_for_osc_ready
                0x000000000800288c       0x70 .pioenvs/bluepill_f103c8/libFrameworkLibOpenCM3.a(rcc.o)
                0x000000000800288c                rcc_wait_for_osc_ready
 .text.rcc_osc_on
                0x00000000080028fc       0x70 .pioenvs/bluepill_f103c8/libFrameworkLibOpenCM3.a(rcc.o)
                0x00000000080028fc                rcc_osc_on
 .text.rcc_set_sysclk_source
                0x000000000800296c       0x14 .pioenvs/bluepill_f103c8/libFrameworkLibOpenCM3.a(rcc.o)
                0x000000000800296c                rcc_set_sysclk_source
 .text.rcc_set_pll_multiplication_factor
                0x0000000008002980       0x14 .pioenvs/bluepill_f103c8/libFrameworkLibOpenCM3.a(rcc.o)
                0x0000000008002980                rcc_set_pll_multiplication_factor
 .text.rcc_set_pll_source
                0x0000000008002994       0x14 .pioenvs/bluepill_f103c8/libFrameworkLibOpenCM3.a(rcc.o)
                0x0000000008002994                rcc_set_pll_source
 .text.rcc_set_pllxtpre
                0x00000000080029a8       0x14 .pioenvs/bluepill_f103c8/libFrameworkLibOpenCM3.a(rcc.o)
                0x00000000080029a8                rcc_set_pllxtpre
 .text.rcc_enable_rtc_clock
                0x00000000080029bc       0x10 .pioenvs/bluepill_f103c8/libFrameworkLibOpenCM3.a(rcc.o)
                0x00000000080029bc                rcc_enable_rtc_clock
 .text.rcc_set_rtc_clock_source
                0x00000000080029cc       0xa0 .pioenvs/bluepill_f103c8/libFrameworkLibOpenCM3.a(rcc.o)
                0x00000000080029cc                rcc_set_rtc_clock_source
 .text.rcc_set_adcpre
                0x0000000008002a6c       0x14 .pioenvs/bluepill_f103c8/libFrameworkLibOpenCM3.a(rcc.o)
                0x0000000008002a6c                rcc_set_adcpre
 .text.rcc_set_ppre2
                0x0000000008002a80       0x14 .pioenvs/bluepill_f103c8/libFrameworkLibOpenCM3.a(rcc.o)
                0x0000000008002a80                rcc_set_ppre2
 .text.rcc_set_ppre1
                0x0000000008002a94       0x14 .pioenvs/bluepill_f103c8/libFrameworkLibOpenCM3.a(rcc.o)
                0x0000000008002a94                rcc_set_ppre1
 .text.rcc_set_hpre
                0x0000000008002aa8       0x14 .pioenvs/bluepill_f103c8/libFrameworkLibOpenCM3.a(rcc.o)
                0x0000000008002aa8                rcc_set_hpre
 .text.rcc_clock_setup_in_hse_8mhz_out_72mhz
                0x0000000008002abc       0x90 .pioenvs/bluepill_f103c8/libFrameworkLibOpenCM3.a(rcc.o)
                0x0000000008002abc                rcc_clock_setup_in_hse_8mhz_out_72mhz
 .text.rtc_enter_config_mode
                0x0000000008002b4c       0x1c .pioenvs/bluepill_f103c8/libFrameworkLibOpenCM3.a(rtc.o)
                0x0000000008002b4c                rtc_enter_config_mode
 .text.rtc_exit_config_mode
                0x0000000008002b68       0x1c .pioenvs/bluepill_f103c8/libFrameworkLibOpenCM3.a(rtc.o)
                0x0000000008002b68                rtc_exit_config_mode
 .text.rtc_awake_from_off
                0x0000000008002b84       0x7c .pioenvs/bluepill_f103c8/libFrameworkLibOpenCM3.a(rtc.o)
                0x0000000008002b84                rtc_awake_from_off
 .text.rtc_set_alarm_time
                0x0000000008002c00       0x20 .pioenvs/bluepill_f103c8/libFrameworkLibOpenCM3.a(rtc.o)
                0x0000000008002c00                rtc_set_alarm_time
 .text.rtc_set_prescale_val
                0x0000000008002c20       0x20 .pioenvs/bluepill_f103c8/libFrameworkLibOpenCM3.a(rtc.o)
                0x0000000008002c20                rtc_set_prescale_val
 .text.rtc_get_counter_val
                0x0000000008002c40       0x14 .pioenvs/bluepill_f103c8/libFrameworkLibOpenCM3.a(rtc.o)
                0x0000000008002c40                rtc_get_counter_val
 .text.rtc_set_counter_val
                0x0000000008002c54       0x20 .pioenvs/bluepill_f103c8/libFrameworkLibOpenCM3.a(rtc.o)
                0x0000000008002c54                rtc_set_counter_val
 .text.rtc_interrupt_enable
                0x0000000008002c74       0x40 .pioenvs/bluepill_f103c8/libFrameworkLibOpenCM3.a(rtc.o)
                0x0000000008002c74                rtc_interrupt_enable
 .text.rtc_interrupt_disable
                0x0000000008002cb4       0x40 .pioenvs/bluepill_f103c8/libFrameworkLibOpenCM3.a(rtc.o)
                0x0000000008002cb4                rtc_interrupt_disable
 .text.rtc_clear_flag
                0x0000000008002cf4       0x34 .pioenvs/bluepill_f103c8/libFrameworkLibOpenCM3.a(rtc.o)
                0x0000000008002cf4                rtc_clear_flag
 .text.rtc_check_flag
                0x0000000008002d28       0x30 .pioenvs/bluepill_f103c8/libFrameworkLibOpenCM3.a(rtc.o)
                0x0000000008002d28                rtc_check_flag
 .text.pwr_disable_backup_domain_write_protect
                0x0000000008002d58       0x10 .pioenvs/bluepill_f103c8/libFrameworkLibOpenCM3.a(pwr_common_all.o)
                0x0000000008002d58                pwr_disable_backup_domain_write_protect
 .text.exti_set_trigger
                0x0000000008002d68       0x4c .pioenvs/bluepill_f103c8/libFrameworkLibOpenCM3.a(exti_common_all.o)
                0x0000000008002d68                exti_set_trigger
 .text.exti_enable_request
                0x0000000008002db4       0x18 .pioenvs/bluepill_f103c8/libFrameworkLibOpenCM3.a(exti_common_all.o)
                0x0000000008002db4                exti_enable_request
 .text.exti_reset_request
                0x0000000008002dcc        0xc .pioenvs/bluepill_f103c8/libFrameworkLibOpenCM3.a(exti_common_all.o)
                0x0000000008002dcc                exti_reset_request
 .text.flash_set_ws
                0x0000000008002dd8       0x14 .pioenvs/bluepill_f103c8/libFrameworkLibOpenCM3.a(flash_common_f01.o)
                0x0000000008002dd8                flash_set_ws
 .text.reset_handler
                0x0000000008002dec       0x8c .pioenvs/bluepill_f103c8/libFrameworkLibOpenCM3.a(vector.o)
                0x0000000008002dec                reset_handler
 .text._ZN5codal3_cm3I2CC2ERNS_3PinES3_
                0x0000000008002e78       0x1c .pioenvs/bluepill_f103c8/lib739/libcm.a(CmI2C.o)
                0x0000000008002e78                codal::_cm::I2C::I2C(codal::Pin&, codal::Pin&)
                0x0000000008002e78                codal::_cm::I2C::I2C(codal::Pin&, codal::Pin&)
 .text._ZN5codal3_cm3SPI4initEv
                0x0000000008002e94       0x4c .pioenvs/bluepill_f103c8/lib739/libcm.a(CmSPI.o)
                0x0000000008002e94                codal::_cm::SPI::init()
 .text._ZN5codal3_cm3SPIC2ERNS0_3PinES3_S3_S3_
                0x0000000008002ee0       0x9c .pioenvs/bluepill_f103c8/lib739/libcm.a(CmSPI.o)
                0x0000000008002ee0                codal::_cm::SPI::SPI(codal::_cm::Pin&, codal::_cm::Pin&, codal::_cm::Pin&, codal::_cm::Pin&)
                0x0000000008002ee0                codal::_cm::SPI::SPI(codal::_cm::Pin&, codal::_cm::Pin&, codal::_cm::Pin&, codal::_cm::Pin&)
 .text.pinmap_peripheral
                0x0000000008002f7c       0x2c .pioenvs/bluepill_f103c8/lib739/libcm.a(CmPinMap.o)
                0x0000000008002f7c                pinmap_peripheral
 .text.pinmap_mode
                0x0000000008002fa8       0x28 .pioenvs/bluepill_f103c8/lib739/libcm.a(CmPinMap.o)
                0x0000000008002fa8                pinmap_mode
 .text.pinmap_cnf
                0x0000000008002fd0       0x28 .pioenvs/bluepill_f103c8/lib739/libcm.a(CmPinMap.o)
                0x0000000008002fd0                pinmap_cnf
 .text._ZN5codal3I2CC2ERNS_3PinES2_
                0x0000000008002ff8        0xc .pioenvs/bluepill_f103c8/lib3e7/libcodal-core.a(I2C.o)
                0x0000000008002ff8                codal::I2C::I2C(codal::Pin&, codal::Pin&)
                0x0000000008002ff8                codal::I2C::I2C(codal::Pin&, codal::Pin&)
 .text._ZN5codal14CodalComponent16periodicCallbackEv
                0x0000000008003004        0x2 .pioenvs/bluepill_f103c8/src/main.o
                0x0000000008003004                codal::CodalComponent::periodicCallback()
 .text._ZN5codal14CodalComponent12idleCallbackEv
                0x0000000008003006        0x2 .pioenvs/bluepill_f103c8/src/main.o
                0x0000000008003006                codal::CodalComponent::idleCallback()
 .text._GLOBAL__sub_I_bluepill
                0x0000000008003008        0xe .pioenvs/bluepill_f103c8/src/main.o
 .text._Z10Blink_mainRN5codal13STM32BluePillE
                0x0000000008003016       0x30 .pioenvs/bluepill_f103c8/src/main.o
                0x0000000008003016                Blink_main(codal::STM32BluePill&)
 .text._GLOBAL__sub_I_serialPort
                0x0000000008003046        0xe .pioenvs/bluepill_f103c8/src/uart.o
 .text._ZL14semihost_writemPKhj
                0x0000000008003054       0x1e .pioenvs/bluepill_f103c8/libd9b/liblogger.a(logger.o)
 .text.debug_print
                0x0000000008003072       0x18 .pioenvs/bluepill_f103c8/libd9b/liblogger.a(logger.o)
                0x0000000008003072                debug_print
 .text.strlen   0x000000000800308a       0x10 .pioenvs/bluepill_f103c8/lib98a/libnewlib.a(strlen.o)
                0x000000000800308a                strlen
 .text.strncat  0x000000000800309a       0x32 .pioenvs/bluepill_f103c8/lib98a/libnewlib.a(strncat.o)
                0x000000000800309a                strncat
 .text._ZN5codal3Pin15setServoPulseUsEm
                0x00000000080030cc        0x6 .pioenvs/bluepill_f103c8/lib739/libcm.a(CmPin.o)
                0x00000000080030cc                codal::Pin::setServoPulseUs(unsigned long)
 .text._ZN5codal3Pin17setAnalogPeriodUsEm
                0x00000000080030d2        0x6 .pioenvs/bluepill_f103c8/lib739/libcm.a(CmPin.o)
                0x00000000080030d2                codal::Pin::setAnalogPeriodUs(unsigned long)
 .text._ZN5codal3Pin8drainPinEv
                0x00000000080030d8        0x6 .pioenvs/bluepill_f103c8/lib739/libcm.a(CmPin.o)
                0x00000000080030d8                codal::Pin::drainPin()
 .text._ZN5codal3_cm3Pin15getDigitalValueEv
                0x00000000080030de        0x4 .pioenvs/bluepill_f103c8/lib739/libcm.a(CmPin.o)
                0x00000000080030de                codal::_cm::Pin::getDigitalValue()
 .text._ZN5codal3_cm3Pin15getDigitalValueENS_8PullModeE
                0x00000000080030e2       0x14 .pioenvs/bluepill_f103c8/lib739/libcm.a(CmPin.o)
                0x00000000080030e2                codal::_cm::Pin::getDigitalValue(codal::PullMode)
 .text._ZN5codal3_cm3Pin14getAnalogValueEv
                0x00000000080030f6        0x4 .pioenvs/bluepill_f103c8/lib739/libcm.a(CmPin.o)
                0x00000000080030f6                codal::_cm::Pin::getAnalogValue()
 .text._ZN5codal3_cm3Pin7isInputEv
                0x00000000080030fa        0xe .pioenvs/bluepill_f103c8/lib739/libcm.a(CmPin.o)
                0x00000000080030fa                codal::_cm::Pin::isInput()
 .text._ZN5codal3_cm3Pin8isOutputEv
                0x0000000008003108        0xe .pioenvs/bluepill_f103c8/lib739/libcm.a(CmPin.o)
                0x0000000008003108                codal::_cm::Pin::isOutput()
 .text._ZN5codal3_cm3Pin9isDigitalEv
                0x0000000008003116        0xc .pioenvs/bluepill_f103c8/lib739/libcm.a(CmPin.o)
                0x0000000008003116                codal::_cm::Pin::isDigital()
 .text._ZN5codal3_cm3Pin8isAnalogEv
                0x0000000008003122        0xe .pioenvs/bluepill_f103c8/lib739/libcm.a(CmPin.o)
                0x0000000008003122                codal::_cm::Pin::isAnalog()
 .text._ZN5codal3_cm3Pin7setPullENS_8PullModeE
                0x0000000008003130        0x6 .pioenvs/bluepill_f103c8/lib739/libcm.a(CmPin.o)
                0x0000000008003130                codal::_cm::Pin::setPull(codal::PullMode)
 .text._ZN5codal3_cm3Pin5setupEhh
                0x0000000008003136       0x1c .pioenvs/bluepill_f103c8/lib739/libcm.a(CmPin.o)
                0x0000000008003136                codal::_cm::Pin::setup(unsigned char, unsigned char)
 .text._ZN5codal3_cm3Pin10disconnectEv
                0x0000000008003152        0x6 .pioenvs/bluepill_f103c8/lib739/libcm.a(CmPin.o)
                0x0000000008003152                codal::_cm::Pin::disconnect()
 .text._ZN5codal3_cm3Pin15setServoPulseUsEi
                0x0000000008003158        0x4 .pioenvs/bluepill_f103c8/lib739/libcm.a(CmPin.o)
                0x0000000008003158                codal::_cm::Pin::setServoPulseUs(int)
 .text._ZN5codal3_cm3Pin17setAnalogPeriodUsEi
                0x000000000800315c       0x18 .pioenvs/bluepill_f103c8/lib739/libcm.a(CmPin.o)
                0x000000000800315c                codal::_cm::Pin::setAnalogPeriodUs(int)
 .text._ZN5codal3_cm3Pin15setAnalogPeriodEi
                0x0000000008003174       0x10 .pioenvs/bluepill_f103c8/lib739/libcm.a(CmPin.o)
                0x0000000008003174                codal::_cm::Pin::setAnalogPeriod(int)
 .text._ZN5codal3_cm3Pin13disableEventsEv
                0x0000000008003184       0x14 .pioenvs/bluepill_f103c8/lib739/libcm.a(CmPin.o)
                0x0000000008003184                codal::_cm::Pin::disableEvents()
 .text._ZN5codal3_cm3Pin7eventOnEi
                0x0000000008003198       0x2c .pioenvs/bluepill_f103c8/lib739/libcm.a(CmPin.o)
                0x0000000008003198                codal::_cm::Pin::eventOn(int)
 .text._ZN5codal3_cm6Serial15enableInterruptENS_19SerialInterruptTypeE
                0x00000000080031c4        0x4 .pioenvs/bluepill_f103c8/lib739/libcm.a(CmSerial.o)
                0x00000000080031c4                codal::_cm::Serial::enableInterrupt(codal::SerialInterruptType)
 .text._ZN5codal3_cm6Serial16disableInterruptENS_19SerialInterruptTypeE
                0x00000000080031c8        0x4 .pioenvs/bluepill_f103c8/lib739/libcm.a(CmSerial.o)
                0x00000000080031c8                codal::_cm::Serial::disableInterrupt(codal::SerialInterruptType)
 .text._ZN5codal3_cm6Serial11setBaudrateEm
                0x00000000080031cc        0x4 .pioenvs/bluepill_f103c8/lib739/libcm.a(CmSerial.o)
                0x00000000080031cc                codal::_cm::Serial::setBaudrate(unsigned long)
 .text._ZN5codal3_cm6Serial13configurePinsERNS_3PinES3_
                0x00000000080031d0        0x4 .pioenvs/bluepill_f103c8/lib739/libcm.a(CmSerial.o)
                0x00000000080031d0                codal::_cm::Serial::configurePins(codal::Pin&, codal::Pin&)
 .text._ZN5codal3_cm6Serial4putcEc
                0x00000000080031d4        0x4 .pioenvs/bluepill_f103c8/lib739/libcm.a(CmSerial.o)
                0x00000000080031d4                codal::_cm::Serial::putc(char)
 .text._ZN5codal3_cm6Serial4getcEv
                0x00000000080031d8        0x6 .pioenvs/bluepill_f103c8/lib739/libcm.a(CmSerial.o)
                0x00000000080031d8                codal::_cm::Serial::getc()
 .text._ZN5codal3_cm6Serial6lockRxEv
                0x00000000080031de        0xa .pioenvs/bluepill_f103c8/lib739/libcm.a(CmSerial.o)
                0x00000000080031de                codal::_cm::Serial::lockRx()
 .text._ZN5codal3_cm6Serial8unlockRxEv
                0x00000000080031e8        0xa .pioenvs/bluepill_f103c8/lib739/libcm.a(CmSerial.o)
                0x00000000080031e8                codal::_cm::Serial::unlockRx()
 .text._ZN5codal3_cm6Serial12initialiseRxEv
                0x00000000080031f2       0x3c .pioenvs/bluepill_f103c8/lib739/libcm.a(CmSerial.o)
                0x00000000080031f2                codal::_cm::Serial::initialiseRx()
 .text._ZN5codal3_cm6Serial12circularCopyEPhhS2_tt
                0x000000000800322e       0x28 .pioenvs/bluepill_f103c8/lib739/libcm.a(CmSerial.o)
                0x000000000800322e                codal::_cm::Serial::circularCopy(unsigned char*, unsigned char, unsigned char*, unsigned short, unsigned short)
 .text._ZN5codal3_cm6Serial4baudEi
                0x0000000008003256       0x10 .pioenvs/bluepill_f103c8/lib739/libcm.a(CmSerial.o)
                0x0000000008003256                codal::_cm::Serial::baud(int)
 .text._ZN5codal3_cm6Serial7eventOnENS_13ManagedStringENS_10SerialModeE
                0x0000000008003266       0x28 .pioenvs/bluepill_f103c8/lib739/libcm.a(CmSerial.o)
                0x0000000008003266                codal::_cm::Serial::eventOn(codal::ManagedString, codal::SerialMode)
 .text._ZN5codal3_cm6Serial7rxInUseEv
                0x000000000800328e        0x8 .pioenvs/bluepill_f103c8/lib739/libcm.a(CmSerial.o)
                0x000000000800328e                codal::_cm::Serial::rxInUse()
 .text._ZN5codal3_cm6Serial9readUntilENS_13ManagedStringENS_10SerialModeE
                0x0000000008003296      0x1cc .pioenvs/bluepill_f103c8/lib739/libcm.a(CmSerial.o)
                0x0000000008003296                codal::_cm::Serial::readUntil(codal::ManagedString, codal::SerialMode)
 .text._ZN5codal3_cm5Timer9triggerInEm
                0x0000000008003462        0x2 .pioenvs/bluepill_f103c8/lib739/libcm.a(CmTimer.o)
                0x0000000008003462                codal::_cm::Timer::triggerIn(unsigned long)
 .text._ZN5codal3_cm5Timer11syncRequestEv
                0x0000000008003464       0x26 .pioenvs/bluepill_f103c8/lib739/libcm.a(CmTimer.o)
                0x0000000008003464                codal::_cm::Timer::syncRequest()
 .text.target_enable_debug
                0x000000000800348a        0x8 .pioenvs/bluepill_f103c8/lib739/libcm.a(codal_target_hal.o)
                0x000000000800348a                target_enable_debug
 .text.target_enable_irq
                0x0000000008003492        0x4 .pioenvs/bluepill_f103c8/lib739/libcm.a(codal_target_hal.o)
                0x0000000008003492                target_enable_irq
 .text.target_disable_irq
                0x0000000008003496        0x4 .pioenvs/bluepill_f103c8/lib739/libcm.a(codal_target_hal.o)
                0x0000000008003496                target_disable_irq
 .text.target_wait_for_event
                0x000000000800349a        0xa .pioenvs/bluepill_f103c8/lib739/libcm.a(codal_target_hal.o)
                0x000000000800349a                target_wait_for_event
 .text.tcb_allocate
                0x00000000080034a4        0xa .pioenvs/bluepill_f103c8/lib739/libcm.a(codal_target_hal.o)
                0x00000000080034a4                tcb_allocate
 .text.tcb_configure_lr
                0x00000000080034ae        0x4 .pioenvs/bluepill_f103c8/lib739/libcm.a(codal_target_hal.o)
                0x00000000080034ae                tcb_configure_lr
 .text.tcb_configure_sp
                0x00000000080034b2        0x4 .pioenvs/bluepill_f103c8/lib739/libcm.a(codal_target_hal.o)
                0x00000000080034b2                tcb_configure_sp
 .text.tcb_configure_stack_base
                0x00000000080034b6        0x4 .pioenvs/bluepill_f103c8/lib739/libcm.a(codal_target_hal.o)
                0x00000000080034b6                tcb_configure_stack_base
 .text.tcb_get_stack_base
                0x00000000080034ba        0x4 .pioenvs/bluepill_f103c8/lib739/libcm.a(codal_target_hal.o)
                0x00000000080034ba                tcb_get_stack_base
 .text.get_current_sp
                0x00000000080034be        0x4 .pioenvs/bluepill_f103c8/lib739/libcm.a(codal_target_hal.o)
                0x00000000080034be                get_current_sp
 .text.tcb_get_sp
                0x00000000080034c2        0x4 .pioenvs/bluepill_f103c8/lib739/libcm.a(codal_target_hal.o)
                0x00000000080034c2                tcb_get_sp
 .text.tcb_configure_args
                0x00000000080034c6        0x8 .pioenvs/bluepill_f103c8/lib739/libcm.a(codal_target_hal.o)
                0x00000000080034c6                tcb_configure_args
 .text._fini    0x00000000080034ce        0x2 .pioenvs/bluepill_f103c8/lib739/libcm.a(codal_target_hal.o)
                0x00000000080034ce                _fini
 .text.__aeabi_atexit
                0x00000000080034d0        0x4 .pioenvs/bluepill_f103c8/lib739/libcm.a(codal_target_hal.o)
                0x00000000080034d0                __aeabi_atexit
 .text._ZN5codal14string_reverseEPc
                0x00000000080034d4       0x32 .pioenvs/bluepill_f103c8/lib3e7/libcodal-core.a(CodalCompat.o)
                0x00000000080034d4                codal::string_reverse(char*)
 .text._ZN5codal11queue_fiberEPNS_5FiberEPS1_
                0x0000000008003506       0x2e .pioenvs/bluepill_f103c8/lib3e7/libcodal-core.a(CodalFiber.o)
                0x0000000008003506                codal::queue_fiber(codal::Fiber*, codal::Fiber**)
 .text._ZN5codal13dequeue_fiberEPNS_5FiberE
                0x0000000008003534       0x34 .pioenvs/bluepill_f103c8/lib3e7/libcodal-core.a(CodalFiber.o)
                0x0000000008003534                codal::dequeue_fiber(codal::Fiber*)
 .text._ZN5codal12create_fiberEPFvPvES0_S2_
                0x0000000008003568       0x20 .pioenvs/bluepill_f103c8/lib3e7/libcodal-core.a(CodalFiber.o)
                0x0000000008003568                codal::create_fiber(void (*)(void*), void*, void (*)(void*))
 .text._ZN5codal20fiber_wait_for_eventEtt
                0x0000000008003588       0x14 .pioenvs/bluepill_f103c8/lib3e7/libcodal-core.a(CodalFiber.o)
                0x0000000008003588                codal::fiber_wait_for_event(unsigned short, unsigned short)
 .text._ZN5codal16launch_new_fiberEPFvvES1_
                0x000000000800359c        0xe .pioenvs/bluepill_f103c8/lib3e7/libcodal-core.a(CodalFiber.o)
                0x000000000800359c                codal::launch_new_fiber(void (*)(), void (*)())
 .text._ZN5codal13release_fiberEPv
                0x00000000080035aa       0x10 .pioenvs/bluepill_f103c8/lib3e7/libcodal-core.a(CodalFiber.o)
                0x00000000080035aa                codal::release_fiber(void*)
 .text._ZN5codal22launch_new_fiber_paramEPFvPvES2_S0_
                0x00000000080035ba       0x18 .pioenvs/bluepill_f103c8/lib3e7/libcodal-core.a(CodalFiber.o)
                0x00000000080035ba                codal::launch_new_fiber_param(void (*)(void*), void (*)(void*), void*)
 .text._ZN5codal9idle_taskEv
                0x00000000080035d2        0xc .pioenvs/bluepill_f103c8/lib3e7/libcodal-core.a(CodalFiber.o)
                0x00000000080035d2                codal::idle_task()
 .text._Z16device_malloc_injR14HeapDefinition
                0x00000000080035de       0xa0 .pioenvs/bluepill_f103c8/lib3e7/libcodal-core.a(CodalHeapAllocator.o)
                0x00000000080035de                device_malloc_in(unsigned int, HeapDefinition&)
 .text._ZN5codal8ListenerC2EttPFvNS_5EventEEt
                0x000000000800367e       0x28 .pioenvs/bluepill_f103c8/lib3e7/libcodal-core.a(CodalListener.o)
                0x000000000800367e                codal::Listener::Listener(unsigned short, unsigned short, void (*)(codal::Event), unsigned short)
                0x000000000800367e                codal::Listener::Listener(unsigned short, unsigned short, void (*)(codal::Event), unsigned short)
 .text._ZN5codal8ListenerD2Ev
                0x00000000080036a6       0x18 .pioenvs/bluepill_f103c8/lib3e7/libcodal-core.a(CodalListener.o)
                0x00000000080036a6                codal::Listener::~Listener()
                0x00000000080036a6                codal::Listener::~Listener()
 .text._ZN5codal8Listener5queueENS_5EventE
                0x00000000080036be       0x62 .pioenvs/bluepill_f103c8/lib3e7/libcodal-core.a(CodalListener.o)
                0x00000000080036be                codal::Listener::queue(codal::Event)
 .text._ZN5codal6Serial6lockRxEv
                0x0000000008003720        0xa .pioenvs/bluepill_f103c8/lib3e7/libcodal-core.a(Serial.o)
                0x0000000008003720                codal::Serial::lockRx()
 .text._ZN5codal6Serial8unlockRxEv
                0x000000000800372a        0xa .pioenvs/bluepill_f103c8/lib3e7/libcodal-core.a(Serial.o)
                0x000000000800372a                codal::Serial::unlockRx()
 .text._ZN5codal6Serial12initialiseRxEv
                0x0000000008003734       0x50 .pioenvs/bluepill_f103c8/lib3e7/libcodal-core.a(Serial.o)
                0x0000000008003734                codal::Serial::initialiseRx()
 .text._ZN5codal6Serial12circularCopyEPhhS1_tt
                0x0000000008003784       0x28 .pioenvs/bluepill_f103c8/lib3e7/libcodal-core.a(Serial.o)
                0x0000000008003784                codal::Serial::circularCopy(unsigned char*, unsigned char, unsigned char*, unsigned short, unsigned short)
 .text._ZN5codal6Serial7eventOnENS_13ManagedStringENS_10SerialModeE
                0x00000000080037ac       0x2a .pioenvs/bluepill_f103c8/lib3e7/libcodal-core.a(Serial.o)
                0x00000000080037ac                codal::Serial::eventOn(codal::ManagedString, codal::SerialMode)
 .text._ZN5codal6Serial7rxInUseEv
                0x00000000080037d6        0x8 .pioenvs/bluepill_f103c8/lib3e7/libcodal-core.a(Serial.o)
                0x00000000080037d6                codal::Serial::rxInUse()
 .text._ZN5codal6Serial9readUntilENS_13ManagedStringENS_10SerialModeE
                0x00000000080037de      0x1cc .pioenvs/bluepill_f103c8/lib3e7/libcodal-core.a(Serial.o)
                0x00000000080037de                codal::Serial::readUntil(codal::ManagedString, codal::SerialMode)
 .text._ZN5codal5Timer17disableInterruptsEv
                0x00000000080039aa        0xa .pioenvs/bluepill_f103c8/lib3e7/libcodal-core.a(Timer.o)
                0x00000000080039aa                codal::Timer::disableInterrupts()
 .text._ZN5codal5Timer16enableInterruptsEv
                0x00000000080039b4        0xa .pioenvs/bluepill_f103c8/lib3e7/libcodal-core.a(Timer.o)
                0x00000000080039b4                codal::Timer::enableInterrupts()
 .text._ZN5codal5Timer13getTimerEventEv
                0x00000000080039be       0x24 .pioenvs/bluepill_f103c8/lib3e7/libcodal-core.a(Timer.o)
                0x00000000080039be                codal::Timer::getTimerEvent()
 .text._ZN5codal5Timer17releaseTimerEventEPNS_10TimerEventE
                0x00000000080039e2       0x12 .pioenvs/bluepill_f103c8/lib3e7/libcodal-core.a(Timer.o)
                0x00000000080039e2                codal::Timer::releaseTimerEvent(codal::TimerEvent*)
 .text._ZN5codal5Timer7getTimeEv
                0x00000000080039f4        0xe .pioenvs/bluepill_f103c8/lib3e7/libcodal-core.a(Timer.o)
                0x00000000080039f4                codal::Timer::getTime()
 .text._ZN5codal5Timer9getTimeUsEv
                0x0000000008003a02        0xe .pioenvs/bluepill_f103c8/lib3e7/libcodal-core.a(Timer.o)
                0x0000000008003a02                codal::Timer::getTimeUs()
 .text._ZN5codal5Timer8setEventEmttb
                0x0000000008003a10       0x6a .pioenvs/bluepill_f103c8/lib3e7/libcodal-core.a(Timer.o)
                0x0000000008003a10                codal::Timer::setEvent(unsigned long, unsigned short, unsigned short, bool)
 .text._ZN5codal5Timer12eventEveryUsEmtt
                0x0000000008003a7a       0x10 .pioenvs/bluepill_f103c8/lib3e7/libcodal-core.a(Timer.o)
                0x0000000008003a7a                codal::Timer::eventEveryUs(unsigned long, unsigned short, unsigned short)
 .text._ZN5codal5Timer4syncEm
                0x0000000008003a8a       0x24 .pioenvs/bluepill_f103c8/lib3e7/libcodal-core.a(Timer.o)
                0x0000000008003a8a                codal::Timer::sync(unsigned long)
 .text._ZN5codal5Timer7triggerEv
                0x0000000008003aae       0xa4 .pioenvs/bluepill_f103c8/lib3e7/libcodal-core.a(Timer.o)
                0x0000000008003aae                codal::Timer::trigger()
 .text._ZN5codal5TimerD2Ev
                0x0000000008003b52        0x2 .pioenvs/bluepill_f103c8/lib3e7/libcodal-core.a(Timer.o)
                0x0000000008003b52                codal::Timer::~Timer()
                0x0000000008003b52                codal::Timer::~Timer()
 .text._ZN5codal10MessageBus9elementAtEi
                0x0000000008003b54       0x10 .pioenvs/bluepill_f103c8/lib3e7/libcodal-core.a(MessageBus.o)
                0x0000000008003b54                codal::MessageBus::elementAt(int)
 .text._ZN5codal22MemberFunctionCallback10methodCallINS_10MessageBusEEEvPvPmNS_5EventE
                0x0000000008003b64       0x36 .pioenvs/bluepill_f103c8/lib3e7/libcodal-core.a(MessageBus.o)
                0x0000000008003b64                void codal::MemberFunctionCallback::methodCall<codal::MessageBus>(void*, unsigned long*, codal::Event)
 .text._Z14async_callbackPv
                0x0000000008003b9a       0x96 .pioenvs/bluepill_f103c8/lib3e7/libcodal-core.a(MessageBus.o)
                0x0000000008003b9a                async_callback(void*)
 .text._ZN5codal10MessageBus6removeEPNS_8ListenerE
                0x0000000008003c30       0x76 .pioenvs/bluepill_f103c8/lib3e7/libcodal-core.a(MessageBus.o)
                0x0000000008003c30                codal::MessageBus::remove(codal::Listener*)
 .text._ZN5codal10MessageBus12dequeueEventEv
                0x0000000008003ca6       0x24 .pioenvs/bluepill_f103c8/lib3e7/libcodal-core.a(MessageBus.o)
                0x0000000008003ca6                codal::MessageBus::dequeueEvent()
 .text._ZN5codal10MessageBus21deleteMarkedListenersEv
                0x0000000008003cca       0x4c .pioenvs/bluepill_f103c8/lib3e7/libcodal-core.a(MessageBus.o)
                0x0000000008003cca                codal::MessageBus::deleteMarkedListeners()
 .text._ZN5codal10MessageBus10queueEventERNS_5EventE
                0x0000000008003d16       0x5e .pioenvs/bluepill_f103c8/lib3e7/libcodal-core.a(MessageBus.o)
                0x0000000008003d16                codal::MessageBus::queueEvent(codal::Event&)
 .text._ZN5codal10MessageBus4sendENS_5EventE
                0x0000000008003d74       0x18 .pioenvs/bluepill_f103c8/lib3e7/libcodal-core.a(MessageBus.o)
                0x0000000008003d74                codal::MessageBus::send(codal::Event)
 .text._ZN5codal10MessageBus4idleENS_5EventE
                0x0000000008003d8c       0x3e .pioenvs/bluepill_f103c8/lib3e7/libcodal-core.a(MessageBus.o)
                0x0000000008003d8c                codal::MessageBus::idle(codal::Event)
 .text._ZN5codal8ListenerC2INS_10MessageBusEEEttPT_MS3_FvNS_5EventEEt
                0x0000000008003dca       0x3e .pioenvs/bluepill_f103c8/lib3e7/libcodal-core.a(MessageBus.o)
                0x0000000008003dca                codal::Listener::Listener<codal::MessageBus>(unsigned short, unsigned short, codal::MessageBus*, void (codal::MessageBus::*)(codal::Event), unsigned short)
                0x0000000008003dca                codal::Listener::Listener<codal::MessageBus>(unsigned short, unsigned short, codal::MessageBus*, void (codal::MessageBus::*)(codal::Event), unsigned short)
 .text._ZN5codal10EventModel6ignoreINS_10MessageBusEEEittPT_MS3_FvNS_5EventEE
                0x0000000008003e08       0x44 .pioenvs/bluepill_f103c8/lib3e7/libcodal-core.a(MessageBus.o)
                0x0000000008003e08                int codal::EventModel::ignore<codal::MessageBus>(unsigned short, unsigned short, codal::MessageBus*, void (codal::MessageBus::*)(codal::Event))
 .text._ZThn8_N5codal10MessageBusD1Ev
                0x0000000008003e4c        0x8 .pioenvs/bluepill_f103c8/lib3e7/libcodal-core.a(MessageBus.o)
                0x0000000008003e4c                non-virtual thunk to codal::MessageBus::~MessageBus()
 .text._ZN5codal10MessageBusD0Ev
                0x0000000008003e54       0x12 .pioenvs/bluepill_f103c8/lib3e7/libcodal-core.a(MessageBus.o)
                0x0000000008003e54                codal::MessageBus::~MessageBus()
 .text._ZThn8_N5codal10MessageBusD0Ev
                0x0000000008003e66        0x8 .pioenvs/bluepill_f103c8/lib3e7/libcodal-core.a(MessageBus.o)
                0x0000000008003e66                non-virtual thunk to codal::MessageBus::~MessageBus()
 .text._ZN5codal5EventC2Ev
                0x0000000008003e6e       0x14 .pioenvs/bluepill_f103c8/lib3e7/libcodal-core.a(Event.o)
                0x0000000008003e6e                codal::Event::Event()
                0x0000000008003e6e                codal::Event::Event()
 .text._ZN5codal5EventC2EttNS_15EventLaunchModeE
                0x0000000008003e82       0x1e .pioenvs/bluepill_f103c8/lib3e7/libcodal-core.a(Event.o)
                0x0000000008003e82                codal::Event::Event(unsigned short, unsigned short, codal::EventLaunchMode)
                0x0000000008003e82                codal::Event::Event(unsigned short, unsigned short, codal::EventLaunchMode)
 .text._ZN5codal5EventC2EttmNS_15EventLaunchModeE
                0x0000000008003ea0       0x1c .pioenvs/bluepill_f103c8/lib3e7/libcodal-core.a(Event.o)
                0x0000000008003ea0                codal::Event::Event(unsigned short, unsigned short, unsigned long, codal::EventLaunchMode)
                0x0000000008003ea0                codal::Event::Event(unsigned short, unsigned short, unsigned long, codal::EventLaunchMode)
 .text._ZN5codal14EventQueueItemC2ENS_5EventE
                0x0000000008003ebc       0x22 .pioenvs/bluepill_f103c8/lib3e7/libcodal-core.a(Event.o)
                0x0000000008003ebc                codal::EventQueueItem::EventQueueItem(codal::Event)
                0x0000000008003ebc                codal::EventQueueItem::EventQueueItem(codal::Event)
 .text._ZN5codal13ManagedStringD2Ev
                0x0000000008003ede        0xe .pioenvs/bluepill_f103c8/lib3e7/libcodal-core.a(ManagedString.o)
                0x0000000008003ede                codal::ManagedString::~ManagedString()
                0x0000000008003ede                codal::ManagedString::~ManagedString()
 .text._ZN5codal13ManagedString10initStringEPKci
                0x0000000008003eec       0x2e .pioenvs/bluepill_f103c8/lib3e7/libcodal-core.a(ManagedString.o)
                0x0000000008003eec                codal::ManagedString::initString(char const*, int)
 .text._ZN5codal13ManagedStringC2EPNS_10StringDataE
                0x0000000008003f1a       0x18 .pioenvs/bluepill_f103c8/lib3e7/libcodal-core.a(ManagedString.o)
                0x0000000008003f1a                codal::ManagedString::ManagedString(codal::StringData*)
                0x0000000008003f1a                codal::ManagedString::ManagedString(codal::StringData*)
 .text._ZN5codal13ManagedStringC2Ei
                0x0000000008003f32       0x24 .pioenvs/bluepill_f103c8/lib3e7/libcodal-core.a(ManagedString.o)
                0x0000000008003f32                codal::ManagedString::ManagedString(int)
                0x0000000008003f32                codal::ManagedString::ManagedString(int)
 .text._ZN5codal13ManagedStringC2EPKcs
                0x0000000008003f56       0x30 .pioenvs/bluepill_f103c8/lib3e7/libcodal-core.a(ManagedString.o)
                0x0000000008003f56                codal::ManagedString::ManagedString(char const*, short)
                0x0000000008003f56                codal::ManagedString::ManagedString(char const*, short)
 .text._ZN5codal13ManagedStringC2ERKS0_
                0x0000000008003f86       0x10 .pioenvs/bluepill_f103c8/lib3e7/libcodal-core.a(ManagedString.o)
                0x0000000008003f86                codal::ManagedString::ManagedString(codal::ManagedString const&)
                0x0000000008003f86                codal::ManagedString::ManagedString(codal::ManagedString const&)
 .text._ZN5codal13ManagedStringC2Ev
                0x0000000008003f96        0xc .pioenvs/bluepill_f103c8/lib3e7/libcodal-core.a(ManagedString.o)
                0x0000000008003f96                codal::ManagedString::ManagedString()
                0x0000000008003f96                codal::ManagedString::ManagedString()
 .text._ZN5codal13ManagedStringaSERKS0_
                0x0000000008003fa2       0x1e .pioenvs/bluepill_f103c8/lib3e7/libcodal-core.a(ManagedString.o)
                0x0000000008003fa2                codal::ManagedString::operator=(codal::ManagedString const&)
 .text._ZN5codal13ManagedString6charAtEs
                0x0000000008003fc0       0x1c .pioenvs/bluepill_f103c8/lib3e7/libcodal-core.a(ManagedString.o)
                0x0000000008003fc0                codal::ManagedString::charAt(short)
 .text._GLOBAL__sub_I__ZN5codal13ManagedString9initEmptyEv
                0x0000000008003fdc        0xe .pioenvs/bluepill_f103c8/lib3e7/libcodal-core.a(ManagedString.o)
 .text._ZN5codal10RefCounted4incrEv
                0x0000000008003fea       0x28 .pioenvs/bluepill_f103c8/lib3e7/libcodal-core.a(RefCounted.o)
                0x0000000008003fea                codal::RefCounted::incr()
 .text._ZN5codal10RefCounted4decrEv
                0x0000000008004012       0x36 .pioenvs/bluepill_f103c8/lib3e7/libcodal-core.a(RefCounted.o)
                0x0000000008004012                codal::RefCounted::decr()
 .text._ZN5codal10RefCounted7destroyEv
                0x0000000008004048        0x8 .pioenvs/bluepill_f103c8/lib3e7/libcodal-core.a(RefCountedInit.o)
                0x0000000008004048                codal::RefCounted::destroy()
 .text._ZN5codal10RefCounted4initEv
                0x0000000008004050        0x6 .pioenvs/bluepill_f103c8/lib3e7/libcodal-core.a(RefCountedInit.o)
                0x0000000008004050                codal::RefCounted::init()
 .text._ZN5codal22MemberFunctionCallback4fireENS_5EventE
                0x0000000008004056       0x18 .pioenvs/bluepill_f103c8/lib3e7/libcodal-core.a(MemberFunctionCallback.o)
                0x0000000008004056                codal::MemberFunctionCallback::fire(codal::Event)
 .text._ZN5codal22MemberFunctionCallbackeqERKS0_
                0x000000000800406e       0x22 .pioenvs/bluepill_f103c8/lib3e7/libcodal-core.a(MemberFunctionCallback.o)
                0x000000000800406e                codal::MemberFunctionCallback::operator==(codal::MemberFunctionCallback const&)
 .text._ZN5codal13STM32BluePill16periodicCallbackEv
                0x0000000008004090        0x2 .pioenvs/bluepill_f103c8/lib271/libbluepill.a(STM32BluePill.o)
                0x0000000008004090                codal::STM32BluePill::periodicCallback()
 .text._ZN5codal13STM32BluePill12idleCallbackEv
                0x0000000008004092        0x8 .pioenvs/bluepill_f103c8/lib271/libbluepill.a(STM32BluePill.o)
                0x0000000008004092                codal::STM32BluePill::idleCallback()
 .text._ZN5codal13STM32BluePill11enableDebugEv
                0x000000000800409a        0x8 .pioenvs/bluepill_f103c8/lib271/libbluepill.a(STM32BluePill.o)
                0x000000000800409a                codal::STM32BluePill::enableDebug()
 .text.__cxa_pure_virtual
                0x00000000080040a2        0xc .pioenvs/bluepill_f103c8/lib271/libbluepill.a(bluepill.o)
                0x00000000080040a2                __cxa_pure_virtual
 .text._Znwj    0x00000000080040ae        0x8 .pioenvs/bluepill_f103c8/lib271/libbluepill.a(bluepill.o)
                0x00000000080040ae                operator new(unsigned int)
 .text._ZdlPv   0x00000000080040b6        0x8 .pioenvs/bluepill_f103c8/lib271/libbluepill.a(bluepill.o)
                0x00000000080040b6                operator delete(void*)
 .text._ZL9rtc_setupv
                0x00000000080040be       0x72 .pioenvs/bluepill_f103c8/lib271/libbluepill.a(timer.o)
 .text.millis   0x0000000008004130        0x8 .pioenvs/bluepill_f103c8/lib271/libbluepill.a(timer.o)
                0x0000000008004130                millis
 .text._ZN13UARTInterfaceC2Ejj
                0x0000000008004138        0x2 .pioenvs/bluepill_f103c8/lib33e/libuartint.a(uartint.o)
                0x0000000008004138                UARTInterface::UARTInterface(unsigned int, unsigned int)
                0x0000000008004138                UARTInterface::UARTInterface(unsigned int, unsigned int)
 .text._GLOBAL__sub_I__ZN13UARTInterfaceC2Ejj
                0x000000000800413a        0xe .pioenvs/bluepill_f103c8/lib33e/libuartint.a(uartint.o)
 .text.gpio_set_mode
                0x0000000008004148       0x6c .pioenvs/bluepill_f103c8/libFrameworkLibOpenCM3.a(gpio.o)
                0x0000000008004148                gpio_set_mode
 .text.gpio_set
                0x00000000080041b4        0x4 .pioenvs/bluepill_f103c8/libFrameworkLibOpenCM3.a(gpio_common_all.o)
                0x00000000080041b4                gpio_set
 .text.gpio_clear
                0x00000000080041b8        0x6 .pioenvs/bluepill_f103c8/libFrameworkLibOpenCM3.a(gpio_common_all.o)
                0x00000000080041b8                gpio_clear
 .text.usart_recv
                0x00000000080041be        0x8 .pioenvs/bluepill_f103c8/libFrameworkLibOpenCM3.a(usart_common_f124.o)
                0x00000000080041be                usart_recv
 .text.rcc_periph_clock_enable
                0x00000000080041c6       0x1c .pioenvs/bluepill_f103c8/libFrameworkLibOpenCM3.a(rcc_common_all.o)
                0x00000000080041c6                rcc_periph_clock_enable
 .text.blocking_handler
                0x00000000080041e2        0x2 .pioenvs/bluepill_f103c8/libFrameworkLibOpenCM3.a(vector.o)
                0x00000000080041e2                exti0_isr
                0x00000000080041e2                tim7_isr
                0x00000000080041e2                adc1_2_isr
                0x00000000080041e2                tim1_trg_com_isr
                0x00000000080041e2                usb_hp_can_tx_isr
                0x00000000080041e2                tim6_isr
                0x00000000080041e2                usb_wakeup_isr
                0x00000000080041e2                blocking_handler
                0x00000000080041e2                tim5_isr
                0x00000000080041e2                otg_fs_isr
                0x00000000080041e2                spi1_isr
                0x00000000080041e2                exti2_isr
                0x00000000080041e2                dma1_channel6_isr
                0x00000000080041e2                can_rx1_isr
                0x00000000080041e2                dma1_channel5_isr
                0x00000000080041e2                dma2_channel5_isr
                0x00000000080041e2                usart1_isr
                0x00000000080041e2                usage_fault_handler
                0x00000000080041e2                tim8_trg_com_isr
                0x00000000080041e2                can2_rx0_isr
                0x00000000080041e2                tim1_brk_isr
                0x00000000080041e2                can2_rx1_isr
                0x00000000080041e2                tim1_cc_isr
                0x00000000080041e2                sdio_isr
                0x00000000080041e2                eth_isr
                0x00000000080041e2                dma1_channel4_isr
                0x00000000080041e2                tim8_brk_isr
                0x00000000080041e2                dma2_channel4_5_isr
                0x00000000080041e2                pvd_isr
                0x00000000080041e2                rcc_isr
                0x00000000080041e2                flash_isr
                0x00000000080041e2                uart4_isr
                0x00000000080041e2                exti15_10_isr
                0x00000000080041e2                hard_fault_handler
                0x00000000080041e2                exti1_isr
                0x00000000080041e2                i2c1_ev_isr
                0x00000000080041e2                dma2_channel1_isr
                0x00000000080041e2                spi2_isr
                0x00000000080041e2                tim8_up_isr
                0x00000000080041e2                dma2_channel2_isr
                0x00000000080041e2                exti3_isr
                0x00000000080041e2                adc3_isr
                0x00000000080041e2                tim3_isr
                0x00000000080041e2                usb_lp_can_rx0_isr
                0x00000000080041e2                i2c2_er_isr
                0x00000000080041e2                i2c2_ev_isr
                0x00000000080041e2                uart5_isr
                0x00000000080041e2                fsmc_isr
                0x00000000080041e2                dma1_channel1_isr
                0x00000000080041e2                exti4_isr
                0x00000000080041e2                mem_manage_handler
                0x00000000080041e2                can2_tx_isr
                0x00000000080041e2                exti9_5_isr
                0x00000000080041e2                dma2_channel3_isr
                0x00000000080041e2                dma1_channel7_isr
                0x00000000080041e2                tim1_up_isr
                0x00000000080041e2                can2_sce_isr
                0x00000000080041e2                tim4_isr
                0x00000000080041e2                dma1_channel2_isr
                0x00000000080041e2                i2c1_er_isr
                0x00000000080041e2                can_sce_isr
                0x00000000080041e2                tim8_cc_isr
                0x00000000080041e2                tamper_isr
                0x00000000080041e2                eth_wkup_isr
                0x00000000080041e2                bus_fault_handler
                0x00000000080041e2                wwdg_isr
                0x00000000080041e2                dma1_channel3_isr
                0x00000000080041e2                spi3_isr
                0x00000000080041e2                tim2_isr
                0x00000000080041e2                usart3_isr
 .text.null_handler
                0x00000000080041e4        0x2 .pioenvs/bluepill_f103c8/libFrameworkLibOpenCM3.a(vector.o)
                0x00000000080041e4                null_handler
                0x00000000080041e4                sv_call_handler
                0x00000000080041e4                pend_sv_handler
                0x00000000080041e4                debug_monitor_handler
                0x00000000080041e4                sys_tick_handler
                0x00000000080041e4                nmi_handler
 .text.nvic_enable_irq
                0x00000000080041e6       0x18 .pioenvs/bluepill_f103c8/libFrameworkLibOpenCM3.a(nvic.o)
                0x00000000080041e6                nvic_enable_irq
 .text._ZN5codal3_cm3I2C12setFrequencyEm
                0x00000000080041fe        0x4 .pioenvs/bluepill_f103c8/lib739/libcm.a(CmI2C.o)
                0x00000000080041fe                codal::_cm::I2C::setFrequency(unsigned long)
 .text._ZN5codal3_cm3I2C5writeEtPhib
                0x0000000008004202        0x4 .pioenvs/bluepill_f103c8/lib739/libcm.a(CmI2C.o)
                0x0000000008004202                codal::_cm::I2C::write(unsigned short, unsigned char*, int, bool)
 .text._ZN5codal3_cm3I2C4readEtPhib
                0x0000000008004206        0x4 .pioenvs/bluepill_f103c8/lib739/libcm.a(CmI2C.o)
                0x0000000008004206                codal::_cm::I2C::read(unsigned short, unsigned char*, int, bool)
 .text._ZN5codal3_cm3I2C12readRegisterEthPhib
                0x000000000800420a        0x4 .pioenvs/bluepill_f103c8/lib739/libcm.a(CmI2C.o)
                0x000000000800420a                codal::_cm::I2C::readRegister(unsigned short, unsigned char, unsigned char*, int, bool)
 .text._ZN5codal3_cm3SPI12setFrequencyEm
                0x000000000800420e        0xc .pioenvs/bluepill_f103c8/lib739/libcm.a(CmSPI.o)
                0x000000000800420e                codal::_cm::SPI::setFrequency(unsigned long)
 .text._ZN5codal3_cm3SPI5writeEi
                0x000000000800421a        0xe .pioenvs/bluepill_f103c8/lib739/libcm.a(CmSPI.o)
                0x000000000800421a                codal::_cm::SPI::write(int)
 .text._ZN5codal3_cm3SPI8transferEPKhmPhm
                0x0000000008004228        0x4 .pioenvs/bluepill_f103c8/lib739/libcm.a(CmSPI.o)
                0x0000000008004228                codal::_cm::SPI::transfer(unsigned char const*, unsigned long, unsigned char*, unsigned long)
 .text._ZN5codal3_cm3SPI7setModeEii
                0x000000000800422c       0x18 .pioenvs/bluepill_f103c8/lib739/libcm.a(CmSPI.o)
                0x000000000800422c                codal::_cm::SPI::setMode(int, int)
 .text._ZN5codal3_cm16_codal_setup_pinEPNS0_3PinEmPK6PinMap
                0x0000000008004244       0x54 .pioenvs/bluepill_f103c8/lib739/libcm.a(CmSPI.o)
                0x0000000008004244                codal::_cm::_codal_setup_pin(codal::_cm::Pin*, unsigned long, PinMap const*)
 .text._ZN5codal3_cm3SPI13startTransferEPKhmPhmPFvPvES5_
                0x0000000008004298       0x2a .pioenvs/bluepill_f103c8/lib739/libcm.a(CmSPI.o)
                0x0000000008004298                codal::_cm::SPI::startTransfer(unsigned char const*, unsigned long, unsigned char*, unsigned long, void (*)(void*), void*)
 .text._ZL22pinmap_find_peripheralhPK6PinMap
                0x00000000080042c2       0x18 .pioenvs/bluepill_f103c8/lib739/libcm.a(CmPinMap.o)
 .text._ZL16pinmap_find_modehPK6PinMap
                0x00000000080042da       0x16 .pioenvs/bluepill_f103c8/lib739/libcm.a(CmPinMap.o)
 .text._ZL15pinmap_find_cnfhPK6PinMap
                0x00000000080042f0       0x16 .pioenvs/bluepill_f103c8/lib739/libcm.a(CmPinMap.o)
 .text._ZN5codal3I2C12setFrequencyEm
                0x0000000008004306        0x6 .pioenvs/bluepill_f103c8/lib3e7/libcodal-core.a(I2C.o)
                0x0000000008004306                codal::I2C::setFrequency(unsigned long)
 .text._ZN5codal3I2C5startEv
                0x000000000800430c        0x6 .pioenvs/bluepill_f103c8/lib3e7/libcodal-core.a(I2C.o)
                0x000000000800430c                codal::I2C::start()
 .text._ZN5codal3I2C4stopEv
                0x0000000008004312        0x6 .pioenvs/bluepill_f103c8/lib3e7/libcodal-core.a(I2C.o)
                0x0000000008004312                codal::I2C::stop()
 .text._ZN5codal3I2C5writeEh
                0x0000000008004318        0x6 .pioenvs/bluepill_f103c8/lib3e7/libcodal-core.a(I2C.o)
                0x0000000008004318                codal::I2C::write(unsigned char)
 .text._ZN5codal3I2C4readENS_15AcknowledgeTypeE
                0x000000000800431e        0x6 .pioenvs/bluepill_f103c8/lib3e7/libcodal-core.a(I2C.o)
                0x000000000800431e                codal::I2C::read(codal::AcknowledgeType)
 .text._ZN5codal3I2C5writeEtPhib
                0x0000000008004324       0x5e .pioenvs/bluepill_f103c8/lib3e7/libcodal-core.a(I2C.o)
                0x0000000008004324                codal::I2C::write(unsigned short, unsigned char*, int, bool)
 .text._ZN5codal3I2C13writeRegisterEthh
                0x0000000008004382       0x1e .pioenvs/bluepill_f103c8/lib3e7/libcodal-core.a(I2C.o)
                0x0000000008004382                codal::I2C::writeRegister(unsigned short, unsigned char, unsigned char)
 .text._ZN5codal3I2C4readEtPhib
                0x00000000080043a0       0x78 .pioenvs/bluepill_f103c8/lib3e7/libcodal-core.a(I2C.o)
                0x00000000080043a0                codal::I2C::read(unsigned short, unsigned char*, int, bool)
 .text._ZN5codal3I2C5writeEth
                0x0000000008004418       0x1c .pioenvs/bluepill_f103c8/lib3e7/libcodal-core.a(I2C.o)
                0x0000000008004418                codal::I2C::write(unsigned short, unsigned char)
 .text._ZN5codal3I2C12readRegisterEthPhib
                0x0000000008004434       0x46 .pioenvs/bluepill_f103c8/lib3e7/libcodal-core.a(I2C.o)
                0x0000000008004434                codal::I2C::readRegister(unsigned short, unsigned char, unsigned char*, int, bool)
                0x000000000800447c                . = ALIGN (0x4)
 *fill*         0x000000000800447a        0x2 
 *(SORT_BY_ALIGNMENT(.rodata*))
 .rodata._ZTVN5codal14CodalComponentE
                0x000000000800447c       0x1c .pioenvs/bluepill_f103c8/src/main.o
                0x000000000800447c                vtable for codal::CodalComponent
 .rodata._Z10debug_dumpv.str1.4
                0x0000000008004498        0xd .pioenvs/bluepill_f103c8/src/main.o
                                         0x11 (size before relaxing)
 *fill*         0x00000000080044a5        0x3 
 .rodata._Z11debug_printi.str1.4
                0x00000000080044a8        0x6 .pioenvs/bluepill_f103c8/libd9b/liblogger.a(logger.o)
 *fill*         0x00000000080044ae        0x2 
 .rodata._Z11debug_printj.str1.4
                0x00000000080044b0        0xb .pioenvs/bluepill_f103c8/libd9b/liblogger.a(logger.o)
 *fill*         0x00000000080044bb        0x1 
 .rodata.debug_println.str1.4
                0x00000000080044bc        0x2 .pioenvs/bluepill_f103c8/libd9b/liblogger.a(logger.o)
 *fill*         0x00000000080044be        0x2 
 .rodata._ZN5codal3_cm3Pin15setDigitalValueEi.str1.4
                0x00000000080044c0       0x42 .pioenvs/bluepill_f103c8/lib739/libcm.a(CmPin.o)
 *fill*         0x0000000008004502        0x2 
 .rodata._ZN5codal3_cm3PinC2EhmmtNS_13PinCapabilityE.str1.4
                0x0000000008004504        0xa .pioenvs/bluepill_f103c8/lib739/libcm.a(CmPin.o)
 *fill*         0x000000000800450e        0x2 
 .rodata._ZN5codal3_cm3PinC2Ei7PinNameNS_13PinCapabilityE.str1.4
                0x0000000008004510       0x17 .pioenvs/bluepill_f103c8/lib739/libcm.a(CmPin.o)
                                         0x19 (size before relaxing)
 *fill*         0x0000000008004527        0x1 
 .rodata._ZTVN5codal3_cm3PinE
                0x0000000008004528       0x54 .pioenvs/bluepill_f103c8/lib739/libcm.a(CmPin.o)
                0x0000000008004528                vtable for codal::_cm::Pin
 .rodata._ZTVN5codal3_cm6SerialE
                0x000000000800457c       0x38 .pioenvs/bluepill_f103c8/lib739/libcm.a(CmSerial.o)
                0x000000000800457c                vtable for codal::_cm::Serial
 .rodata._ZTVN5codal3_cm5TimerE
                0x00000000080045b4       0x18 .pioenvs/bluepill_f103c8/lib739/libcm.a(CmTimer.o)
                0x00000000080045b4                vtable for codal::_cm::Timer
 .rodata.target_panic.str1.4
                0x00000000080045cc       0x13 .pioenvs/bluepill_f103c8/lib739/libcm.a(codal_target_hal.o)
 *fill*         0x00000000080045df        0x1 
 .rodata.target_wait.str1.4
                0x00000000080045e0       0x10 .pioenvs/bluepill_f103c8/lib739/libcm.a(codal_target_hal.o)
 .rodata.test_codal.str1.4
                0x00000000080045f0       0x33 .pioenvs/bluepill_f103c8/lib739/libcm.a(codal_target_hal.o)
 *fill*         0x0000000008004623        0x1 
 .rodata._ZTVN5codal6SerialE
                0x0000000008004624       0x38 .pioenvs/bluepill_f103c8/lib3e7/libcodal-core.a(Serial.o)
                0x0000000008004624                vtable for codal::Serial
 .rodata._ZTVN5codal5TimerE
                0x000000000800465c       0x18 .pioenvs/bluepill_f103c8/lib3e7/libcodal-core.a(Timer.o)
                0x000000000800465c                vtable for codal::Timer
 .rodata._ZTVN5codal10EventModelE
                0x0000000008004674       0x14 .pioenvs/bluepill_f103c8/lib3e7/libcodal-core.a(MessageBus.o)
                0x0000000008004674                vtable for codal::EventModel
 .rodata._ZTVN5codal10MessageBusE
                0x0000000008004688       0x3c .pioenvs/bluepill_f103c8/lib3e7/libcodal-core.a(MessageBus.o)
                0x0000000008004688                vtable for codal::MessageBus
 .rodata._ZL9emptyData
                0x00000000080046c4        0x4 .pioenvs/bluepill_f103c8/lib3e7/libcodal-core.a(ManagedString.o)
 .rodata._ZTVN5codal13STM32BluePillE
                0x00000000080046c8       0x1c .pioenvs/bluepill_f103c8/lib271/libbluepill.a(STM32BluePill.o)
                0x00000000080046c8                vtable for codal::STM32BluePill
 .rodata.PinMap_SPI_MISO
                0x00000000080046e4       0x48 .pioenvs/bluepill_f103c8/lib271/libbluepill.a(STM32BluePillIO.o)
                0x00000000080046e4                PinMap_SPI_MISO
 .rodata.PinMap_SPI_MOSI
                0x000000000800472c       0x48 .pioenvs/bluepill_f103c8/lib271/libbluepill.a(STM32BluePillIO.o)
                0x000000000800472c                PinMap_SPI_MOSI
 .rodata.PinMap_SPI_NSS
                0x0000000008004774       0x48 .pioenvs/bluepill_f103c8/lib271/libbluepill.a(STM32BluePillIO.o)
                0x0000000008004774                PinMap_SPI_NSS
 .rodata.PinMap_SPI_SCK
                0x00000000080047bc       0x48 .pioenvs/bluepill_f103c8/lib271/libbluepill.a(STM32BluePillIO.o)
                0x00000000080047bc                PinMap_SPI_SCK
 .rodata.platform_setup.str1.4
                0x0000000008004804       0x13 .pioenvs/bluepill_f103c8/lib271/libbluepill.a(bluepill.o)
 *fill*         0x0000000008004817        0x1 
 .rodata._ZTVN5codal3_cm3I2CE
                0x0000000008004818       0x2c .pioenvs/bluepill_f103c8/lib739/libcm.a(CmI2C.o)
                0x0000000008004818                vtable for codal::_cm::I2C
 .rodata._ZN5codal3_cm3SPIC2ERNS0_3PinES3_S3_.str1.4
                0x0000000008004844       0x23 .pioenvs/bluepill_f103c8/lib739/libcm.a(CmSPI.o)
                                         0x25 (size before relaxing)
 *fill*         0x0000000008004867        0x1 
 .rodata._ZN5codal3_cm3SPIC2ERNS0_3PinES3_S3_S3_.str1.4
                0x0000000008004868       0x12 .pioenvs/bluepill_f103c8/lib739/libcm.a(CmSPI.o)
 *fill*         0x000000000800487a        0x2 
 .rodata._ZTVN5codal3_cm3SPIE
                0x000000000800487c       0x1c .pioenvs/bluepill_f103c8/lib739/libcm.a(CmSPI.o)
                0x000000000800487c                vtable for codal::_cm::SPI
 .rodata.pinmap_cnf.str1.4
                0x0000000008004898       0x19 .pioenvs/bluepill_f103c8/lib739/libcm.a(CmPinMap.o)
 *fill*         0x00000000080048b1        0x3 
 .rodata.pinmap_mode.str1.4
                0x00000000080048b4       0x1a .pioenvs/bluepill_f103c8/lib739/libcm.a(CmPinMap.o)
 *fill*         0x00000000080048ce        0x2 
 .rodata.pinmap_peripheral.str1.4
                0x00000000080048d0       0x20 .pioenvs/bluepill_f103c8/lib739/libcm.a(CmPinMap.o)
 .rodata._ZTVN5codal3I2CE
                0x00000000080048f0       0x2c .pioenvs/bluepill_f103c8/lib3e7/libcodal-core.a(I2C.o)
                0x00000000080048f0                vtable for codal::I2C
                0x000000000800491c                . = ALIGN (0x4)

.glue_7         0x000000000800491c        0x0
 .glue_7        0x000000000800491c        0x0 linker stubs

.glue_7t        0x000000000800491c        0x0
 .glue_7t       0x000000000800491c        0x0 linker stubs

.vfp11_veneer   0x000000000800491c        0x0
 .vfp11_veneer  0x000000000800491c        0x0 linker stubs

.v4_bx          0x000000000800491c        0x0
 .v4_bx         0x000000000800491c        0x0 linker stubs

.iplt           0x000000000800491c        0x0
 .iplt          0x000000000800491c        0x0 asm/CortexContextSwitch.s.o

.rel.dyn        0x000000000800491c        0x0
 .rel.iplt      0x000000000800491c        0x0 asm/CortexContextSwitch.s.o

.preinit_array  0x000000000800491c        0x0
                0x000000000800491c                . = ALIGN (0x4)
                0x000000000800491c                __preinit_array_start = .
 *(SORT_BY_ALIGNMENT(.preinit_array))
                0x000000000800491c                __preinit_array_end = .

.init_array     0x000000000800491c       0x10
                0x000000000800491c                . = ALIGN (0x4)
                0x000000000800491c                __init_array_start = .
 *(SORT_BY_NAME(SORT_BY_ALIGNMENT(.init_array.*)))
 *(SORT_BY_ALIGNMENT(.init_array))
 .init_array    0x000000000800491c        0x4 .pioenvs/bluepill_f103c8/src/main.o
 .init_array    0x0000000008004920        0x4 .pioenvs/bluepill_f103c8/src/uart.o
 .init_array    0x0000000008004924        0x4 .pioenvs/bluepill_f103c8/lib3e7/libcodal-core.a(ManagedString.o)
 .init_array    0x0000000008004928        0x4 .pioenvs/bluepill_f103c8/lib33e/libuartint.a(uartint.o)
                0x000000000800492c                __init_array_end = .

.fini_array     0x000000000800492c        0x0
                0x000000000800492c                . = ALIGN (0x4)
                0x000000000800492c                __fini_array_start = .
 *(SORT_BY_ALIGNMENT(.fini_array))
 *(SORT_BY_NAME(SORT_BY_ALIGNMENT(.fini_array.*)))
                0x000000000800492c                __fini_array_end = .

.ARM.extab
 *(SORT_BY_ALIGNMENT(.ARM.extab*))

.ARM.exidx      0x000000000800492c        0x0
                0x000000000800492c                __exidx_start = .
 *(SORT_BY_ALIGNMENT(.ARM.exidx*))
                0x000000000800492c                __exidx_end = .
                0x000000000800492c                . = ALIGN (0x4)
                0x000000000800492c                _etext = .

.data           0x0000000020000000       0x14 load address 0x000000000800492c
                0x0000000020000000                _data = .
 *(SORT_BY_ALIGNMENT(.data*))
 .data.codal_heap_start
                0x0000000020000000        0x4 .pioenvs/bluepill_f103c8/lib739/libcm.a(codal_target_hal.o)
                0x0000000020000000                codal_heap_start
 .data.rcc_ahb_frequency
                0x0000000020000004        0x4 .pioenvs/bluepill_f103c8/libFrameworkLibOpenCM3.a(rcc.o)
                0x0000000020000004                rcc_ahb_frequency
 .data.rcc_apb1_frequency
                0x0000000020000008        0x4 .pioenvs/bluepill_f103c8/libFrameworkLibOpenCM3.a(rcc.o)
                0x0000000020000008                rcc_apb1_frequency
 .data.rcc_apb2_frequency
                0x000000002000000c        0x4 .pioenvs/bluepill_f103c8/libFrameworkLibOpenCM3.a(rcc.o)
                0x000000002000000c                rcc_apb2_frequency
 .data._ZL12userNotifyId
                0x0000000020000010        0x2 .pioenvs/bluepill_f103c8/lib3e7/libcodal-core.a(MessageBus.o)
                0x0000000020000014                . = ALIGN (0x4)
 *fill*         0x0000000020000012        0x2 
                0x0000000020000014                _edata = .
                0x000000000800492c                _data_loadaddr = LOADADDR (.data)

.igot.plt       0x0000000020000014        0x0 load address 0x0000000008004940
 .igot.plt      0x0000000020000014        0x0 asm/CortexContextSwitch.s.o

.bss            0x0000000020000014     0x1714 load address 0x0000000008004940
 *(SORT_BY_ALIGNMENT(.bss*))
 .bss.bluepill  0x0000000020000014     0x1040 .pioenvs/bluepill_f103c8/src/main.o
                0x0000000020000014                bluepill
 .bss.serialPort
                0x0000000020001054        0x1 .pioenvs/bluepill_f103c8/src/uart.o
                0x0000000020001054                serialPort
 *fill*         0x0000000020001055        0x3 
 .bss._ZL11debugBuffer
                0x0000000020001058       0x51 .pioenvs/bluepill_f103c8/libd9b/liblogger.a(logger.o)
 *fill*         0x00000000200010a9        0x3 
 .bss.msgQList  0x00000000200010ac       0x20 .pioenvs/bluepill_f103c8/libea7/libcocoOS_5.0.3.a(os_msgqueue.o)
 .bss.task_list
                0x00000000200010cc       0x8c .pioenvs/bluepill_f103c8/libea7/libcocoOS_5.0.3.a(os_task.o)
 .bss._ZN5codal3_cm5Timer8instanceE
                0x0000000020001158        0x4 .pioenvs/bluepill_f103c8/lib739/libcm.a(CmTimer.o)
                0x0000000020001158                codal::_cm::Timer::instance
 .bss._ZL13tick_callback
                0x000000002000115c        0x4 .pioenvs/bluepill_f103c8/lib739/libcm.a(codal_target_hal.o)
 .bss.__dso_handle
                0x0000000020001160        0x4 .pioenvs/bluepill_f103c8/lib739/libcm.a(codal_target_hal.o)
                0x0000000020001160                __dso_handle
 .bss._ZN5codal14CodalComponent10componentsE
                0x0000000020001164       0xf0 .pioenvs/bluepill_f103c8/lib3e7/libcodal-core.a(CodalComponent.o)
                0x0000000020001164                codal::CodalComponent::components
 .bss._ZL14dmesg_flush_fn
                0x0000000020001254        0x4 .pioenvs/bluepill_f103c8/lib3e7/libcodal-core.a(CodalDmesg.o)
 .bss.codalLogStore
                0x0000000020001258      0x404 .pioenvs/bluepill_f103c8/lib3e7/libcodal-core.a(CodalDmesg.o)
                0x0000000020001258                codalLogStore
 .bss._ZN5codal12currentFiberE
                0x000000002000165c        0x4 .pioenvs/bluepill_f103c8/lib3e7/libcodal-core.a(CodalFiber.o)
                0x000000002000165c                codal::currentFiber
 .bss._ZN5codalL10messageBusE
                0x0000000020001660        0x4 .pioenvs/bluepill_f103c8/lib3e7/libcodal-core.a(CodalFiber.o)
 .bss._ZN5codalL10sleepQueueE
                0x0000000020001664        0x4 .pioenvs/bluepill_f103c8/lib3e7/libcodal-core.a(CodalFiber.o)
 .bss._ZN5codalL11forkedFiberE
                0x0000000020001668        0x4 .pioenvs/bluepill_f103c8/lib3e7/libcodal-core.a(CodalFiber.o)
 .bss._ZN5codalL8runQueueE
                0x000000002000166c        0x4 .pioenvs/bluepill_f103c8/lib3e7/libcodal-core.a(CodalFiber.o)
 .bss._ZN5codalL9fiberPoolE
                0x0000000020001670        0x4 .pioenvs/bluepill_f103c8/lib3e7/libcodal-core.a(CodalFiber.o)
 .bss._ZN5codalL9idleFiberE
                0x0000000020001674        0x4 .pioenvs/bluepill_f103c8/lib3e7/libcodal-core.a(CodalFiber.o)
 .bss._ZN5codalL9waitQueueE
                0x0000000020001678        0x4 .pioenvs/bluepill_f103c8/lib3e7/libcodal-core.a(CodalFiber.o)
 .bss.heap      0x000000002000167c        0x8 .pioenvs/bluepill_f103c8/lib3e7/libcodal-core.a(CodalHeapAllocator.o)
                0x000000002000167c                heap
 .bss._ZN5codal12system_timerE
                0x0000000020001684        0x4 .pioenvs/bluepill_f103c8/lib3e7/libcodal-core.a(Timer.o)
                0x0000000020001684                codal::system_timer
 .bss._ZN5codal10EventModel15defaultEventBusE
                0x0000000020001688        0x4 .pioenvs/bluepill_f103c8/lib3e7/libcodal-core.a(Event.o)
                0x0000000020001688                codal::EventModel::defaultEventBus
 .bss._ZN5codal13ManagedString11EmptyStringE
                0x000000002000168c        0x4 .pioenvs/bluepill_f103c8/lib3e7/libcodal-core.a(ManagedString.o)
                0x000000002000168c                codal::ManagedString::EmptyString
 .bss._ZL10alarmCount
                0x0000000020001690        0x4 .pioenvs/bluepill_f103c8/lib271/libbluepill.a(timer.o)
 .bss._ZL8tickFunc
                0x0000000020001694        0x4 .pioenvs/bluepill_f103c8/lib271/libbluepill.a(timer.o)
 .bss._ZL9tickCount
                0x0000000020001698        0x4 .pioenvs/bluepill_f103c8/lib271/libbluepill.a(timer.o)
 .bss._ZL13responseQueue
                0x000000002000169c       0x6c .pioenvs/bluepill_f103c8/lib33e/libuartint.a(uartint.o)
 .bss._ZN5codal3_cmL10_instancesE
                0x0000000020001708       0x10 .pioenvs/bluepill_f103c8/lib739/libcm.a(CmSPI.o)
 .bss._ZL10logEnabled
                0x0000000020001718        0x1 .pioenvs/bluepill_f103c8/libd9b/liblogger.a(logger.o)
 .bss.nEvents   0x0000000020001719        0x1 .pioenvs/bluepill_f103c8/libea7/libcocoOS_5.0.3.a(os_event.o)
 .bss.nQueues   0x000000002000171a        0x1 .pioenvs/bluepill_f103c8/libea7/libcocoOS_5.0.3.a(os_msgqueue.o)
 .bss.nSemaphores
                0x000000002000171b        0x1 .pioenvs/bluepill_f103c8/libea7/libcocoOS_5.0.3.a(os_sem.o)
 .bss.nTasks    0x000000002000171c        0x1 .pioenvs/bluepill_f103c8/libea7/libcocoOS_5.0.3.a(os_task.o)
 .bss._ZL11initialised
                0x000000002000171d        0x1 .pioenvs/bluepill_f103c8/lib739/libcm.a(codal_target_hal.o)
 .bss._ZN5codal14CodalComponent13configurationE
                0x000000002000171e        0x1 .pioenvs/bluepill_f103c8/lib3e7/libcodal-core.a(CodalComponent.o)
                0x000000002000171e                codal::CodalComponent::configuration
 .bss._ZN5codalL11fiber_flagsE
                0x000000002000171f        0x1 .pioenvs/bluepill_f103c8/lib3e7/libcodal-core.a(CodalFiber.o)
 .bss._ZZ13device_mallocE11initialised