Archive member included to satisfy reference by file (symbol)

.pioenvs/bluepill_f103c8/libfdb/libunity.a(unity.o)
                              .pioenvs/bluepill_f103c8/src/unit_test.o (UnityAssertEqualNumber)
.pioenvs/bluepill_f103c8/libd9b/liblogger.a(logger.o)
                              .pioenvs/bluepill_f103c8/src/main.o (debug_flush)
.pioenvs/bluepill_f103c8/libd88/libnano-float.a(functions.o)
                              .pioenvs/bluepill_f103c8/src/unit_test.o (get_float_usage)
.pioenvs/bluepill_f103c8/lib98a/libnewlib.a(memset.o)
                              .pioenvs/bluepill_f103c8/libfdb/libunity.a(unity.o) (memset)
.pioenvs/bluepill_f103c8/lib98a/libnewlib.a(strlen.o)
                              .pioenvs/bluepill_f103c8/src/aggregate.o (strlen)
.pioenvs/bluepill_f103c8/lib98a/libnewlib.a(strncat.o)
                              .pioenvs/bluepill_f103c8/src/wisol.o (strncat)
.pioenvs/bluepill_f103c8/lib98a/libnewlib.a(strncmp.o)
                              .pioenvs/bluepill_f103c8/src/aggregate.o (strncmp)
.pioenvs/bluepill_f103c8/lib98a/libnewlib.a(strncpy.o)
                              .pioenvs/bluepill_f103c8/src/aggregate.o (strncpy)
.pioenvs/bluepill_f103c8/lib98a/libnewlib.a(strstr.o)
                              .pioenvs/bluepill_f103c8/src/wisol.o (strstr)
.pioenvs/bluepill_f103c8/lib271/libbluepill.a(led.o)
                              .pioenvs/bluepill_f103c8/src/aggregate.o (led_toggle)
.pioenvs/bluepill_f103c8/lib271/libbluepill.a(timer.o)
                              .pioenvs/bluepill_f103c8/src/aggregate.o (millis)
.pioenvs/bluepill_f103c8/lib739/libcm.a(CmPin.o)
                              .pioenvs/bluepill_f103c8/src/main.o (codal::_cm::Pin::setDigitalValue(int))
.pioenvs/bluepill_f103c8/libea7/libcocoOS_5.0.3.a(os_event.o)
                              .pioenvs/bluepill_f103c8/src/wisol.o (event_create)
.pioenvs/bluepill_f103c8/libea7/libcocoOS_5.0.3.a(os_kernel.o)
                              .pioenvs/bluepill_f103c8/src/uart.o (running_tid)
.pioenvs/bluepill_f103c8/libea7/libcocoOS_5.0.3.a(os_msgqueue.o)
                              .pioenvs/bluepill_f103c8/libea7/libcocoOS_5.0.3.a(os_kernel.o) (os_msgQ_init)
.pioenvs/bluepill_f103c8/libea7/libcocoOS_5.0.3.a(os_sem.o)
                              .pioenvs/bluepill_f103c8/libea7/libcocoOS_5.0.3.a(os_kernel.o) (os_sem_init)
.pioenvs/bluepill_f103c8/libea7/libcocoOS_5.0.3.a(os_task.o)
                              .pioenvs/bluepill_f103c8/libea7/libcocoOS_5.0.3.a(os_kernel.o) (os_task_init)
.pioenvs/bluepill_f103c8/libea7/libcocoOS_5.0.3.a(os_assert.o)
                              .pioenvs/bluepill_f103c8/libea7/libcocoOS_5.0.3.a(os_event.o) (os_on_assert)
.pioenvs/bluepill_f103c8/libea7/libcocoOS_5.0.3.a(os_cbk.o)
                              .pioenvs/bluepill_f103c8/libea7/libcocoOS_5.0.3.a(os_kernel.o) (os_cbkSleep)
.pioenvs/bluepill_f103c8/libccd/libhal.a(codal_target_hal.o)
                              .pioenvs/bluepill_f103c8/src/main.o (target_enable_debug)
.pioenvs/bluepill_f103c8/lib3e7/libcodal-core.a(CodalCompat.o)
                              .pioenvs/bluepill_f103c8/libccd/libhal.a(codal_target_hal.o) (codal::seed_random(unsigned long))
.pioenvs/bluepill_f103c8/lib3e7/libcodal-core.a(CodalDmesg.o)
                              .pioenvs/bluepill_f103c8/libccd/libhal.a(codal_target_hal.o) (codal_dmesg_set_flush_fn)
.pioenvs/bluepill_f103c8/lib3e7/libcodal-core.a(CodalFiber.o)
                              .pioenvs/bluepill_f103c8/src/main.o (codal::fiber_sleep(unsigned long))
.pioenvs/bluepill_f103c8/lib3e7/libcodal-core.a(CodalHeapAllocator.o)
                              .pioenvs/bluepill_f103c8/libccd/libhal.a(codal_target_hal.o) (malloc)
.pioenvs/bluepill_f103c8/lib3e7/libcodal-core.a(CodalListener.o)
                              .pioenvs/bluepill_f103c8/lib3e7/libcodal-core.a(CodalFiber.o) (codal::Listener::Listener(unsigned short, unsigned short, void (*)(codal::Event), unsigned short))
.pioenvs/bluepill_f103c8/lib3e7/libcodal-core.a(Timer.o)
                              .pioenvs/bluepill_f103c8/src/main.o (codal::Timer::getTime())
.pioenvs/bluepill_f103c8/lib3e7/libcodal-core.a(Event.o)
                              .pioenvs/bluepill_f103c8/lib3e7/libcodal-core.a(CodalListener.o) (codal::Event::Event())
.pioenvs/bluepill_f103c8/lib2eb/libmodel.a(STM32BluePill.o)
                              .pioenvs/bluepill_f103c8/src/main.o (codal::STM32BluePill::init())
.pioenvs/bluepill_f103c8/lib2eb/libmodel.a(STM32BluePillIO.o)
                              .pioenvs/bluepill_f103c8/lib2eb/libmodel.a(STM32BluePill.o) (codal::STM32BluePillIO::STM32BluePillIO())
.pioenvs/bluepill_f103c8/lib33e/libuartint.a(uartint.o)
                              .pioenvs/bluepill_f103c8/src/uart.o (UARTInterface::UARTInterface(unsigned int, unsigned int))
/Users/Luppy/.platformio/packages/toolchain-gccarmnoneeabi/bin/../lib/gcc/arm-none-eabi/7.2.1/thumb/v7-m/libgcc.a(_arm_addsubdf3.o)
[...]
Memory Configuration

Name             Origin             Length             Attributes
bootrom          0x0000000008000000 0x0000000000008000 xr
rom              0x0000000008008000 0x0000000000008000 xr
bootram          0x0000000020000000 0x0000000000002800 xrw
ram              0x0000000020002800 0x0000000000002800 xrw
*default*        0x0000000000000000 0xffffffffffffffff

Linker script and memory map


.boot_text      0x0000000008000000     0x3540
 *(SORT_BY_ALIGNMENT(.vectors))
 .vectors       0x0000000008000000      0x150 .pioenvs/bluepill_f103c8/libFrameworkLibOpenCM3.a(vector.o)
                0x0000000008000000                vector_table
 *liblibopencm3.a:(SORT_BY_ALIGNMENT(.text*))
 *libFrameworkLibOpenCM3.a:(SORT_BY_ALIGNMENT(.text*))
 .text.rcc_osc_on.part.0
                0x0000000008000150       0x10 .pioenvs/bluepill_f103c8/libFrameworkLibOpenCM3.a(rcc.o)
 .text.rcc_wait_for_osc_ready
                0x0000000008000160       0x64 .pioenvs/bluepill_f103c8/libFrameworkLibOpenCM3.a(rcc.o)
                0x0000000008000160                rcc_wait_for_osc_ready
 .text.rcc_osc_on
                0x00000000080001c4       0x54 .pioenvs/bluepill_f103c8/libFrameworkLibOpenCM3.a(rcc.o)
                0x00000000080001c4                rcc_osc_on
 .text.rcc_set_sysclk_source
                0x0000000008000218       0x14 .pioenvs/bluepill_f103c8/libFrameworkLibOpenCM3.a(rcc.o)
                0x0000000008000218                rcc_set_sysclk_source
 .text.rcc_set_pll_multiplication_factor
                0x000000000800022c       0x14 .pioenvs/bluepill_f103c8/libFrameworkLibOpenCM3.a(rcc.o)
                0x000000000800022c                rcc_set_pll_multiplication_factor
 .text.rcc_set_pll_source
                0x0000000008000240       0x14 .pioenvs/bluepill_f103c8/libFrameworkLibOpenCM3.a(rcc.o)
                0x0000000008000240                rcc_set_pll_source
 .text.rcc_set_pllxtpre
                0x0000000008000254       0x14 .pioenvs/bluepill_f103c8/libFrameworkLibOpenCM3.a(rcc.o)
                0x0000000008000254                rcc_set_pllxtpre
 .text.rcc_enable_rtc_clock
                0x0000000008000268       0x10 .pioenvs/bluepill_f103c8/libFrameworkLibOpenCM3.a(rcc.o)
                0x0000000008000268                rcc_enable_rtc_clock
 .text.rcc_set_rtc_clock_source
                0x0000000008000278       0x90 .pioenvs/bluepill_f103c8/libFrameworkLibOpenCM3.a(rcc.o)
                0x0000000008000278                rcc_set_rtc_clock_source
 .text.rcc_set_adcpre
                0x0000000008000308       0x14 .pioenvs/bluepill_f103c8/libFrameworkLibOpenCM3.a(rcc.o)
                0x0000000008000308                rcc_set_adcpre
 .text.rcc_set_ppre2
                0x000000000800031c       0x14 .pioenvs/bluepill_f103c8/libFrameworkLibOpenCM3.a(rcc.o)
                0x000000000800031c                rcc_set_ppre2
 .text.rcc_set_ppre1
                0x0000000008000330       0x14 .pioenvs/bluepill_f103c8/libFrameworkLibOpenCM3.a(rcc.o)
                0x0000000008000330                rcc_set_ppre1
 .text.rcc_set_hpre
                0x0000000008000344       0x14 .pioenvs/bluepill_f103c8/libFrameworkLibOpenCM3.a(rcc.o)
                0x0000000008000344                rcc_set_hpre
 .text.rcc_clock_setup_in_hse_8mhz_out_72mhz
                0x0000000008000358       0x8c .pioenvs/bluepill_f103c8/libFrameworkLibOpenCM3.a(rcc.o)
                0x0000000008000358                rcc_clock_setup_in_hse_8mhz_out_72mhz
 .text.rtc_enter_config_mode
                0x00000000080003e4       0x18 .pioenvs/bluepill_f103c8/libFrameworkLibOpenCM3.a(rtc.o)
                0x00000000080003e4                rtc_enter_config_mode
 .text.rtc_exit_config_mode
                0x00000000080003fc       0x18 .pioenvs/bluepill_f103c8/libFrameworkLibOpenCM3.a(rtc.o)
                0x00000000080003fc                rtc_exit_config_mode
 .text.rtc_set_alarm_time
                0x0000000008000414       0x20 .pioenvs/bluepill_f103c8/libFrameworkLibOpenCM3.a(rtc.o)
                0x0000000008000414                rtc_set_alarm_time
 .text.rtc_set_prescale_val
                0x0000000008000434       0x20 .pioenvs/bluepill_f103c8/libFrameworkLibOpenCM3.a(rtc.o)
                0x0000000008000434                rtc_set_prescale_val
 .text.rtc_get_counter_val
                0x0000000008000454       0x14 .pioenvs/bluepill_f103c8/libFrameworkLibOpenCM3.a(rtc.o)
                0x0000000008000454                rtc_get_counter_val
 .text.rtc_set_counter_val
                0x0000000008000468       0x1c .pioenvs/bluepill_f103c8/libFrameworkLibOpenCM3.a(rtc.o)
                0x0000000008000468                rtc_set_counter_val
 .text.rtc_interrupt_enable
                0x0000000008000484       0x3c .pioenvs/bluepill_f103c8/libFrameworkLibOpenCM3.a(rtc.o)
                0x0000000008000484                rtc_interrupt_enable
 .text.rtc_interrupt_disable
                0x00000000080004c0       0x3c .pioenvs/bluepill_f103c8/libFrameworkLibOpenCM3.a(rtc.o)
                0x00000000080004c0                rtc_interrupt_disable
 .text.rtc_clear_flag
                0x00000000080004fc       0x30 .pioenvs/bluepill_f103c8/libFrameworkLibOpenCM3.a(rtc.o)
                0x00000000080004fc                rtc_clear_flag
 .text.rtc_check_flag
                0x000000000800052c       0x30 .pioenvs/bluepill_f103c8/libFrameworkLibOpenCM3.a(rtc.o)
                0x000000000800052c                rtc_check_flag
 .text.pwr_disable_backup_domain_write_protect
                0x000000000800055c       0x10 .pioenvs/bluepill_f103c8/libFrameworkLibOpenCM3.a(pwr_common_all.o)
                0x000000000800055c                pwr_disable_backup_domain_write_protect
 .text.pwr_enable_backup_domain_write_protect
                0x000000000800056c       0x10 .pioenvs/bluepill_f103c8/libFrameworkLibOpenCM3.a(pwr_common_all.o)
                0x000000000800056c                pwr_enable_backup_domain_write_protect
 .text.exti_set_trigger
                0x000000000800057c       0x3c .pioenvs/bluepill_f103c8/libFrameworkLibOpenCM3.a(exti_common_all.o)
                0x000000000800057c                exti_set_trigger
 .text.exti_enable_request
                0x00000000080005b8       0x14 .pioenvs/bluepill_f103c8/libFrameworkLibOpenCM3.a(exti_common_all.o)
                0x00000000080005b8                exti_enable_request
 .text.exti_reset_request
                0x00000000080005cc        0xc .pioenvs/bluepill_f103c8/libFrameworkLibOpenCM3.a(exti_common_all.o)
                0x00000000080005cc                exti_reset_request
 .text.flash_set_ws
                0x00000000080005d8       0x14 .pioenvs/bluepill_f103c8/libFrameworkLibOpenCM3.a(flash_common_f01.o)
                0x00000000080005d8                flash_set_ws
 .text.flash_unlock
                0x00000000080005ec       0x24 .pioenvs/bluepill_f103c8/libFrameworkLibOpenCM3.a(flash_common_f01.o)
                0x00000000080005ec                flash_unlock
 .text.flash_lock
                0x0000000008000610       0x10 .pioenvs/bluepill_f103c8/libFrameworkLibOpenCM3.a(flash_common_f01.o)
                0x0000000008000610                flash_lock
 .text.reset_handler
                0x0000000008000620       0x90 .pioenvs/bluepill_f103c8/libFrameworkLibOpenCM3.a(vector.o)
                0x0000000008000620                reset_handler
 .text.flash_get_status_flags
                0x00000000080006b0       0x28 .pioenvs/bluepill_f103c8/libFrameworkLibOpenCM3.a(flash.o)
                0x00000000080006b0                flash_get_status_flags
 .text.flash_program_half_word
                0x00000000080006d8       0x60 .pioenvs/bluepill_f103c8/libFrameworkLibOpenCM3.a(flash.o)
                0x00000000080006d8                flash_program_half_word
 .text.flash_erase_page
                0x0000000008000738       0x78 .pioenvs/bluepill_f103c8/libFrameworkLibOpenCM3.a(flash.o)
                0x0000000008000738                flash_erase_page
 .text.desig_get_unique_id
                0x00000000080007b0       0x20 .pioenvs/bluepill_f103c8/libFrameworkLibOpenCM3.a(desig.o)
                0x00000000080007b0                desig_get_unique_id
 .text.desig_get_unique_id_as_string
                0x00000000080007d0       0x48 .pioenvs/bluepill_f103c8/libFrameworkLibOpenCM3.a(desig.o)
                0x00000000080007d0                desig_get_unique_id_as_string
 .text.usbd_init
                0x0000000008000818       0x50 .pioenvs/bluepill_f103c8/libFrameworkLibOpenCM3.a(usb.o)
                0x0000000008000818                usbd_init
 .text._usbd_standard_request_device
                0x0000000008000868       0x48 .pioenvs/bluepill_f103c8/libFrameworkLibOpenCM3.a(usb_standard.o)
                0x0000000008000868                _usbd_standard_request_device
 .text._usbd_standard_request_interface
                0x00000000080008b0       0x30 .pioenvs/bluepill_f103c8/libFrameworkLibOpenCM3.a(usb_standard.o)
                0x00000000080008b0                _usbd_standard_request_interface
 .text._usbd_standard_request_endpoint
                0x00000000080008e0       0x3c .pioenvs/bluepill_f103c8/libFrameworkLibOpenCM3.a(usb_standard.o)
                0x00000000080008e0                _usbd_standard_request_endpoint
 .text.st_usbfs_v1_usbd_init
                0x000000000800091c       0x30 .pioenvs/bluepill_f103c8/libFrameworkLibOpenCM3.a(st_usbfs_v1.o)
 .text.st_usbfs_set_address
                0x000000000800094c       0x10 .pioenvs/bluepill_f103c8/libFrameworkLibOpenCM3.a(st_usbfs_core.o)
                0x000000000800094c                st_usbfs_set_address
 .text.st_usbfs_set_ep_rx_bufsize
                0x000000000800095c       0x48 .pioenvs/bluepill_f103c8/libFrameworkLibOpenCM3.a(st_usbfs_core.o)
                0x000000000800095c                st_usbfs_set_ep_rx_bufsize
 .text.st_usbfs_ep_setup
                0x00000000080009a4      0x150 .pioenvs/bluepill_f103c8/libFrameworkLibOpenCM3.a(st_usbfs_core.o)
                0x00000000080009a4                st_usbfs_ep_setup
 .text.st_usbfs_endpoints_reset
                0x0000000008000af4       0x44 .pioenvs/bluepill_f103c8/libFrameworkLibOpenCM3.a(st_usbfs_core.o)
                0x0000000008000af4                st_usbfs_endpoints_reset
 .text.st_usbfs_ep_stall_set
                0x0000000008000b38       0xe4 .pioenvs/bluepill_f103c8/libFrameworkLibOpenCM3.a(st_usbfs_core.o)
                0x0000000008000b38                st_usbfs_ep_stall_set
 .text.st_usbfs_ep_nak_set
                0x0000000008000c1c       0x58 .pioenvs/bluepill_f103c8/libFrameworkLibOpenCM3.a(st_usbfs_core.o)
                0x0000000008000c1c                st_usbfs_ep_nak_set
 .text.st_usbfs_ep_write_packet
                0x0000000008000c74       0x8c .pioenvs/bluepill_f103c8/libFrameworkLibOpenCM3.a(st_usbfs_core.o)
                0x0000000008000c74                st_usbfs_ep_write_packet
 .text.st_usbfs_ep_read_packet
                0x0000000008000d00       0xb8 .pioenvs/bluepill_f103c8/libFrameworkLibOpenCM3.a(st_usbfs_core.o)
                0x0000000008000d00                st_usbfs_ep_read_packet
 .text.st_usbfs_poll
                0x0000000008000db8       0xd0 .pioenvs/bluepill_f103c8/libFrameworkLibOpenCM3.a(st_usbfs_core.o)
                0x0000000008000db8                st_usbfs_poll
 .text.gpio_set_mode
                0x0000000008000e88       0x62 .pioenvs/bluepill_f103c8/libFrameworkLibOpenCM3.a(gpio.o)
                0x0000000008000e88                gpio_set_mode
 .text.gpio_set
                0x0000000008000eea        0x4 .pioenvs/bluepill_f103c8/libFrameworkLibOpenCM3.a(gpio_common_all.o)
                0x0000000008000eea                gpio_set
 .text.gpio_clear
                0x0000000008000eee        0x6 .pioenvs/bluepill_f103c8/libFrameworkLibOpenCM3.a(gpio_common_all.o)
                0x0000000008000eee                gpio_clear
 .text.usart_recv
                0x0000000008000ef4        0x8 .pioenvs/bluepill_f103c8/libFrameworkLibOpenCM3.a(usart_common_f124.o)
                0x0000000008000ef4                usart_recv
 .text.rcc_periph_clock_enable
                0x0000000008000efc       0x1a .pioenvs/bluepill_f103c8/libFrameworkLibOpenCM3.a(rcc_common_all.o)
                0x0000000008000efc                rcc_periph_clock_enable
 .text.rcc_periph_reset_pulse
                0x0000000008000f16       0x22 .pioenvs/bluepill_f103c8/libFrameworkLibOpenCM3.a(rcc_common_all.o)
                0x0000000008000f16                rcc_periph_reset_pulse
 .text.flash_wait_for_last_operation
                0x0000000008000f38        0xc .pioenvs/bluepill_f103c8/libFrameworkLibOpenCM3.a(flash_common_f01.o)
                0x0000000008000f38                flash_wait_for_last_operation
 .text.blocking_handler
                0x0000000008000f44        0x2 .pioenvs/bluepill_f103c8/libFrameworkLibOpenCM3.a(vector.o)
                0x0000000008000f44                exti0_isr
                0x0000000008000f44                tim7_isr
                0x0000000008000f44                adc1_2_isr
                0x0000000008000f44                tim1_trg_com_isr
                0x0000000008000f44                usb_hp_can_tx_isr
                0x0000000008000f44                tim6_isr
                0x0000000008000f44                usb_wakeup_isr
                0x0000000008000f44                blocking_handler
                0x0000000008000f44                tim5_isr
                0x0000000008000f44                otg_fs_isr
                0x0000000008000f44                spi1_isr
                0x0000000008000f44                exti2_isr
                0x0000000008000f44                dma1_channel6_isr
                0x0000000008000f44                can_rx1_isr
                0x0000000008000f44                dma1_channel5_isr
                0x0000000008000f44                dma2_channel5_isr
                0x0000000008000f44                usart1_isr
                0x0000000008000f44                usage_fault_handler
                0x0000000008000f44                tim8_trg_com_isr
                0x0000000008000f44                can2_rx0_isr
                0x0000000008000f44                tim1_brk_isr
                0x0000000008000f44                can2_rx1_isr
                0x0000000008000f44                tim1_cc_isr
                0x0000000008000f44                sdio_isr
                0x0000000008000f44                eth_isr
                0x0000000008000f44                dma1_channel4_isr
                0x0000000008000f44                tim8_brk_isr
                0x0000000008000f44                dma2_channel4_5_isr
                0x0000000008000f44                pvd_isr
                0x0000000008000f44                rcc_isr
                0x0000000008000f44                flash_isr
                0x0000000008000f44                uart4_isr
                0x0000000008000f44                exti15_10_isr
                0x0000000008000f44                hard_fault_handler
                0x0000000008000f44                exti1_isr
                0x0000000008000f44                i2c1_ev_isr
                0x0000000008000f44                dma2_channel1_isr
                0x0000000008000f44                spi2_isr
                0x0000000008000f44                tim8_up_isr
                0x0000000008000f44                dma2_channel2_isr
                0x0000000008000f44                exti3_isr
                0x0000000008000f44                adc3_isr
                0x0000000008000f44                tim3_isr
                0x0000000008000f44                usb_lp_can_rx0_isr
                0x0000000008000f44                i2c2_er_isr
                0x0000000008000f44                i2c2_ev_isr
                0x0000000008000f44                uart5_isr
                0x0000000008000f44                fsmc_isr
                0x0000000008000f44                dma1_channel1_isr
                0x0000000008000f44                exti4_isr
                0x0000000008000f44                mem_manage_handler
                0x0000000008000f44                can2_tx_isr
                0x0000000008000f44                exti9_5_isr
                0x0000000008000f44                dma2_channel3_isr
                0x0000000008000f44                dma1_channel7_isr
                0x0000000008000f44                tim1_up_isr
                0x0000000008000f44                can2_sce_isr
                0x0000000008000f44                tim4_isr
                0x0000000008000f44                dma1_channel2_isr
                0x0000000008000f44                i2c1_er_isr
                0x0000000008000f44                can_sce_isr
                0x0000000008000f44                tim8_cc_isr
                0x0000000008000f44                tamper_isr
                0x0000000008000f44                eth_wkup_isr
                0x0000000008000f44                bus_fault_handler
                0x0000000008000f44                wwdg_isr
                0x0000000008000f44                dma1_channel3_isr
                0x0000000008000f44                spi3_isr
                0x0000000008000f44                tim2_isr
                0x0000000008000f44                usart3_isr
 .text.null_handler
                0x0000000008000f46        0x2 .pioenvs/bluepill_f103c8/libFrameworkLibOpenCM3.a(vector.o)
                0x0000000008000f46                null_handler
                0x0000000008000f46                sv_call_handler
                0x0000000008000f46                pend_sv_handler
                0x0000000008000f46                debug_monitor_handler
                0x0000000008000f46                sys_tick_handler
                0x0000000008000f46                nmi_handler
 .text.nvic_enable_irq
                0x0000000008000f48       0x1a .pioenvs/bluepill_f103c8/libFrameworkLibOpenCM3.a(nvic.o)
                0x0000000008000f48                nvic_enable_irq
 .text.usbd_poll
                0x0000000008000f62        0x8 .pioenvs/bluepill_f103c8/libFrameworkLibOpenCM3.a(usb.o)
                0x0000000008000f62                usbd_poll
 .text.usbd_ep_setup
                0x0000000008000f6a        0xe .pioenvs/bluepill_f103c8/libFrameworkLibOpenCM3.a(usb.o)
                0x0000000008000f6a                usbd_ep_setup
 .text._usbd_reset
                0x0000000008000f78       0x32 .pioenvs/bluepill_f103c8/libFrameworkLibOpenCM3.a(usb.o)
                0x0000000008000f78                _usbd_reset
 .text.usbd_ep_write_packet
                0x0000000008000faa        0xe .pioenvs/bluepill_f103c8/libFrameworkLibOpenCM3.a(usb.o)
                0x0000000008000faa                usbd_ep_write_packet
 .text.usbd_ep_read_packet
                0x0000000008000fb8        0xe .pioenvs/bluepill_f103c8/libFrameworkLibOpenCM3.a(usb.o)
                0x0000000008000fb8                usbd_ep_read_packet
 .text.usbd_ep_stall_set
                0x0000000008000fc6        0x8 .pioenvs/bluepill_f103c8/libFrameworkLibOpenCM3.a(usb.o)
                0x0000000008000fc6                usbd_ep_stall_set
 .text.usbd_ep_stall_get
                0x0000000008000fce        0x8 .pioenvs/bluepill_f103c8/libFrameworkLibOpenCM3.a(usb.o)
                0x0000000008000fce                usbd_ep_stall_get
 .text.stall_transaction
                0x0000000008000fd6       0x14 .pioenvs/bluepill_f103c8/libFrameworkLibOpenCM3.a(usb_control.o)
 .text.usb_control_recv_chunk
                0x0000000008000fea       0x3c .pioenvs/bluepill_f103c8/libFrameworkLibOpenCM3.a(usb_control.o)
 .text.usb_control_send_chunk
                0x0000000008001026       0x44 .pioenvs/bluepill_f103c8/libFrameworkLibOpenCM3.a(usb_control.o)
 .text.usb_control_request_dispatch
                0x000000000800106a       0x62 .pioenvs/bluepill_f103c8/libFrameworkLibOpenCM3.a(usb_control.o)
 .text.usb_control_setup_read
                0x00000000080010cc       0x42 .pioenvs/bluepill_f103c8/libFrameworkLibOpenCM3.a(usb_control.o)
 .text.usbd_register_control_callback
                0x000000000800110e       0x26 .pioenvs/bluepill_f103c8/libFrameworkLibOpenCM3.a(usb_control.o)
                0x000000000800110e                usbd_register_control_callback
 .text._usbd_control_setup
                0x0000000008001134       0x5a .pioenvs/bluepill_f103c8/libFrameworkLibOpenCM3.a(usb_control.o)
                0x0000000008001134                _usbd_control_setup
 .text._usbd_control_out
                0x000000000800118e       0x82 .pioenvs/bluepill_f103c8/libFrameworkLibOpenCM3.a(usb_control.o)
                0x000000000800118e                _usbd_control_out
 .text._usbd_control_in
                0x0000000008001210       0x56 .pioenvs/bluepill_f103c8/libFrameworkLibOpenCM3.a(usb_control.o)
                0x0000000008001210                _usbd_control_in
 .text.usb_standard_set_configuration
                0x0000000008001266       0x92 .pioenvs/bluepill_f103c8/libFrameworkLibOpenCM3.a(usb_standard.o)
 .text.usb_standard_get_configuration
                0x00000000080012f8       0x20 .pioenvs/bluepill_f103c8/libFrameworkLibOpenCM3.a(usb_standard.o)
 .text.usb_standard_get_interface
                0x0000000008001318       0x34 .pioenvs/bluepill_f103c8/libFrameworkLibOpenCM3.a(usb_standard.o)
 .text.usb_standard_device_get_status
                0x000000000800134c       0x18 .pioenvs/bluepill_f103c8/libFrameworkLibOpenCM3.a(usb_standard.o)
 .text.usb_standard_endpoint_get_status
                0x0000000008001364       0x2a .pioenvs/bluepill_f103c8/libFrameworkLibOpenCM3.a(usb_standard.o)
 .text.usb_standard_endpoint_stall
                0x000000000800138e       0x10 .pioenvs/bluepill_f103c8/libFrameworkLibOpenCM3.a(usb_standard.o)
 .text.usb_standard_endpoint_unstall
                0x000000000800139e       0x10 .pioenvs/bluepill_f103c8/libFrameworkLibOpenCM3.a(usb_standard.o)
 .text.usb_standard_set_address
                0x00000000080013ae       0x28 .pioenvs/bluepill_f103c8/libFrameworkLibOpenCM3.a(usb_standard.o)
 .text.usb_standard_set_interface
                0x00000000080013d6       0x4e .pioenvs/bluepill_f103c8/libFrameworkLibOpenCM3.a(usb_standard.o)
 .text.usb_standard_get_descriptor
                0x0000000008001424      0x256 .pioenvs/bluepill_f103c8/libFrameworkLibOpenCM3.a(usb_standard.o)
 .text.usb_standard_interface_get_status
                0x000000000800167a       0x18 .pioenvs/bluepill_f103c8/libFrameworkLibOpenCM3.a(usb_standard.o)
 .text.usbd_register_set_config_callback
                0x0000000008001692       0x26 .pioenvs/bluepill_f103c8/libFrameworkLibOpenCM3.a(usb_standard.o)
                0x0000000008001692                usbd_register_set_config_callback
 .text._usbd_standard_request
                0x00000000080016b8       0x30 .pioenvs/bluepill_f103c8/libFrameworkLibOpenCM3.a(usb_standard.o)
                0x00000000080016b8                _usbd_standard_request
 .text.st_usbfs_copy_to_pm
                0x00000000080016e8       0x1c .pioenvs/bluepill_f103c8/libFrameworkLibOpenCM3.a(st_usbfs_v1.o)
                0x00000000080016e8                st_usbfs_copy_to_pm
 .text.st_usbfs_copy_from_pm
                0x0000000008001704       0x2a .pioenvs/bluepill_f103c8/libFrameworkLibOpenCM3.a(st_usbfs_v1.o)
                0x0000000008001704                st_usbfs_copy_from_pm
 .text.st_usbfs_ep_stall_get
                0x000000000800172e       0x38 .pioenvs/bluepill_f103c8/libFrameworkLibOpenCM3.a(st_usbfs_core.o)
                0x000000000800172e                st_usbfs_ep_stall_get
 *libbootloader.a:(SORT_BY_ALIGNMENT(.text*))
 *fill*         0x0000000008001766        0x2 
 .text.bootloader_start
                0x0000000008001768       0xcc .pioenvs/bluepill_f103c8/libb45/libbootloader.a(bootloader.o)
                0x0000000008001768                bootloader_start
 .text.target_set_led
                0x0000000008001834       0x18 .pioenvs/bluepill_f103c8/libb45/libbootloader.a(target_stm32f103.o)
                0x0000000008001834                target_set_led
 .text.target_gpio_setup
                0x000000000800184c       0x70 .pioenvs/bluepill_f103c8/libb45/libbootloader.a(target_stm32f103.o)
                0x000000000800184c                target_gpio_setup
 .text.target_usb_init
                0x00000000080018bc       0x2c .pioenvs/bluepill_f103c8/libb45/libbootloader.a(target_stm32f103.o)
                0x00000000080018bc                target_usb_init
 .text.target_get_force_bootloader
                0x00000000080018e8       0x34 .pioenvs/bluepill_f103c8/libb45/libbootloader.a(target_stm32f103.o)
                0x00000000080018e8                target_get_force_bootloader
 .text.target_flash_program_array
                0x000000000800191c       0xdc .pioenvs/bluepill_f103c8/libb45/libbootloader.a(target_stm32f103.o)
                0x000000000800191c                target_flash_program_array
 .text.set_aggregate_callback
                0x00000000080019f8       0x5c .pioenvs/bluepill_f103c8/libb45/libbootloader.a(usb_conf.o)
 .text.usb_setup
                0x0000000008001a54       0x90 .pioenvs/bluepill_f103c8/libb45/libbootloader.a(usb_conf.o)
                0x0000000008001a54                usb_setup
 .text.aggregate_register_config_callback
                0x0000000008001ae4       0x38 .pioenvs/bluepill_f103c8/libb45/libbootloader.a(usb_conf.o)
                0x0000000008001ae4                aggregate_register_config_callback
 .text.aggregate_register_callback
                0x0000000008001b1c       0x4c .pioenvs/bluepill_f103c8/libb45/libbootloader.a(usb_conf.o)
                0x0000000008001b1c                aggregate_register_callback
 .text.usb_set_serial_number
                0x0000000008001b68       0x1c .pioenvs/bluepill_f103c8/libb45/libbootloader.a(usb_conf.o)
                0x0000000008001b68                usb_set_serial_number
 .text.dump_buffer
                0x0000000008001b84       0x4c .pioenvs/bluepill_f103c8/libb45/libbootloader.a(usb_conf.o)
                0x0000000008001b84                dump_buffer
 .text.dump_usb_request
                0x0000000008001bd0      0x130 .pioenvs/bluepill_f103c8/libb45/libbootloader.a(usb_conf.o)
                0x0000000008001bd0                dump_usb_request
 .text.aggregate_callback
                0x0000000008001d00       0x64 .pioenvs/bluepill_f103c8/libb45/libbootloader.a(usb_conf.o)
 .text.webusb_set_config
                0x0000000008001d64       0x28 .pioenvs/bluepill_f103c8/libb45/libbootloader.a(webusb.o)
 .text.webusb_control_vendor_request
                0x0000000008001d8c       0x9c .pioenvs/bluepill_f103c8/libb45/libbootloader.a(webusb.o)
 .text.webusb_setup
                0x0000000008001e28       0x4c .pioenvs/bluepill_f103c8/libb45/libbootloader.a(webusb.o)
                0x0000000008001e28                webusb_setup
 .text.winusb_control_vendor_request
                0x0000000008001e74       0x94 .pioenvs/bluepill_f103c8/libb45/libbootloader.a(winusb.o)
 .text.winusb_set_config
                0x0000000008001f08       0x28 .pioenvs/bluepill_f103c8/libb45/libbootloader.a(winusb.o)
 .text.winusb_descriptor_request
                0x0000000008001f30       0x48 .pioenvs/bluepill_f103c8/libb45/libbootloader.a(winusb.o)
 .text.winusb_setup
                0x0000000008001f78       0x5c .pioenvs/bluepill_f103c8/libb45/libbootloader.a(winusb.o)
                0x0000000008001f78                winusb_setup
 .text.cdcacm_comm_cb
                0x0000000008001fd4       0x14 .pioenvs/bluepill_f103c8/libb45/libbootloader.a(cdc.o)
 .text.cdcacm_data_rx_cb
                0x0000000008001fe8       0x4c .pioenvs/bluepill_f103c8/libb45/libbootloader.a(cdc.o)
 .text.cdcacm_set_config
                0x0000000008002034       0x68 .pioenvs/bluepill_f103c8/libb45/libbootloader.a(cdc.o)
 .text.cdcacm_control_request
                0x000000000800209c       0x68 .pioenvs/bluepill_f103c8/libb45/libbootloader.a(cdc.o)
 .text.cdc_setup
                0x0000000008002104       0x24 .pioenvs/bluepill_f103c8/libb45/libbootloader.a(cdc.o)
                0x0000000008002104                cdc_setup
 .text.hf2_set_config
                0x0000000008002128       0x3c .pioenvs/bluepill_f103c8/libb45/libbootloader.a(hf2.o)
 .text.assert.part.0
                0x0000000008002164       0x1c .pioenvs/bluepill_f103c8/libb45/libbootloader.a(hf2.o)
 .text.pokeSend
                0x0000000008002180       0x84 .pioenvs/bluepill_f103c8/libb45/libbootloader.a(hf2.o)
 .text.send_hf2_response
                0x0000000008002204       0x38 .pioenvs/bluepill_f103c8/libb45/libbootloader.a(hf2.o)
 .text.hf2_data_rx_cb
                0x000000000800223c      0x19c .pioenvs/bluepill_f103c8/libb45/libbootloader.a(hf2.o)
 .text.hf2_setup
                0x00000000080023d8       0x2c .pioenvs/bluepill_f103c8/libb45/libbootloader.a(hf2.o)
                0x00000000080023d8                hf2_setup
 .text.backup_write
                0x0000000008002404       0x38 .pioenvs/bluepill_f103c8/libb45/libbootloader.a(backup.o)
                0x0000000008002404                backup_write
 .text.backup_read
                0x000000000800243c       0x18 .pioenvs/bluepill_f103c8/libb45/libbootloader.a(backup.o)
                0x000000000800243c                backup_read
 .text.usb21_set_config
                0x0000000008002454       0x28 .pioenvs/bluepill_f103c8/libb45/libbootloader.a(usb21_standard.o)
 .text.usb21_standard_get_descriptor
                0x000000000800247c       0xcc .pioenvs/bluepill_f103c8/libb45/libbootloader.a(usb21_standard.o)
 .text.usb21_setup
                0x0000000008002548       0x38 .pioenvs/bluepill_f103c8/libb45/libbootloader.a(usb21_standard.o)
                0x0000000008002548                usb21_setup
 .text.flushFlash
                0x0000000008002580       0x94 .pioenvs/bluepill_f103c8/libb45/libbootloader.a(ghostfat.o)
 .text.flash_write
                0x0000000008002614       0x48 .pioenvs/bluepill_f103c8/libb45/libbootloader.a(ghostfat.o)
                0x0000000008002614                flash_write
 .text.target_get_serial_number
                0x000000000800265c        0x6 .pioenvs/bluepill_f103c8/libb45/libbootloader.a(target_stm32f103.o)
                0x000000000800265c                target_get_serial_number
 .text.target_flash_unlock
                0x0000000008002662        0x4 .pioenvs/bluepill_f103c8/libb45/libbootloader.a(target_stm32f103.o)
                0x0000000008002662                target_flash_unlock
 .text.target_flash_lock
                0x0000000008002666        0x4 .pioenvs/bluepill_f103c8/libb45/libbootloader.a(target_stm32f103.o)
                0x0000000008002666                target_flash_lock
 .text.hf2_data_tx_cb
                0x000000000800266a        0x4 .pioenvs/bluepill_f103c8/libb45/libbootloader.a(hf2.o)
                0x0000000008002670                . = ALIGN (0x4)
 *fill*         0x000000000800266e        0x2 
 *(SORT_BY_ALIGNMENT(.rodata*))
 .rodata._ZTVN5codal3_cm3PinE
                0x0000000008002670       0x54 .pioenvs/bluepill_f103c8/lib739/libcm.a(CmPin.o)
                0x0000000008002670                vtable for codal::_cm::Pin
 .rodata._ZTVN5codal5TimerE
                0x00000000080026c4       0x18 .pioenvs/bluepill_f103c8/lib3e7/libcodal-core.a(Timer.o)
                0x00000000080026c4                vtable for codal::Timer
 .rodata._ZTVN5codal14CodalComponentE
                0x00000000080026dc       0x1c .pioenvs/bluepill_f103c8/lib2eb/libmodel.a(STM32BluePill.o)
                0x00000000080026dc                vtable for codal::CodalComponent
 .rodata._ZTVN5codal13STM32BluePillE
                0x00000000080026f8       0x1c .pioenvs/bluepill_f103c8/lib2eb/libmodel.a(STM32BluePill.o)
                0x00000000080026f8                vtable for codal::STM32BluePill
 .rodata.PinMap_SPI_MISO
                0x0000000008002714       0x48 .pioenvs/bluepill_f103c8/lib2eb/libmodel.a(STM32BluePillIO.o)
                0x0000000008002714                PinMap_SPI_MISO
 .rodata.PinMap_SPI_MOSI
                0x000000000800275c       0x48 .pioenvs/bluepill_f103c8/lib2eb/libmodel.a(STM32BluePillIO.o)
                0x000000000800275c                PinMap_SPI_MOSI
 .rodata.PinMap_SPI_NSS
                0x00000000080027a4       0x48 .pioenvs/bluepill_f103c8/lib2eb/libmodel.a(STM32BluePillIO.o)
                0x00000000080027a4                PinMap_SPI_NSS
 .rodata.PinMap_SPI_SCK
                0x00000000080027ec       0x48 .pioenvs/bluepill_f103c8/lib2eb/libmodel.a(STM32BluePillIO.o)
                0x00000000080027ec                PinMap_SPI_SCK
 .rodata.interfaces
                0x0000000008002834       0x30 .pioenvs/bluepill_f103c8/libb45/libbootloader.a(usb_conf.o)
 .rodata._ZTVN5codal3_cm3I2CE
                0x0000000008002864       0x2c .pioenvs/bluepill_f103c8/lib739/libcm.a(CmI2C.o)
                0x0000000008002864                vtable for codal::_cm::I2C
 .rodata._ZTVN5codal3_cm3SPIE
                0x0000000008002890       0x1c .pioenvs/bluepill_f103c8/lib739/libcm.a(CmSPI.o)
                0x0000000008002890                vtable for codal::_cm::SPI
 .rodata._ZTVN5codal3_cm6SerialE
                0x00000000080028ac       0x38 .pioenvs/bluepill_f103c8/lib739/libcm.a(CmSerial.o)
                0x00000000080028ac                vtable for codal::_cm::Serial
 .rodata._ZTVN5codal3_cm5TimerE
                0x00000000080028e4       0x18 .pioenvs/bluepill_f103c8/lib739/libcm.a(CmTimer.o)
                0x00000000080028e4                vtable for codal::_cm::Timer
 .rodata._ZTVN5codal3I2CE
                0x00000000080028fc       0x2c .pioenvs/bluepill_f103c8/lib3e7/libcodal-core.a(I2C.o)
                0x00000000080028fc                vtable for codal::I2C
 .rodata._ZTVN5codal6SerialE
                0x0000000008002928       0x38 .pioenvs/bluepill_f103c8/lib3e7/libcodal-core.a(Serial.o)
                0x0000000008002928                vtable for codal::Serial
 .rodata._ZTVN5codal10EventModelE
                0x0000000008002960       0x14 .pioenvs/bluepill_f103c8/lib3e7/libcodal-core.a(MessageBus.o)
                0x0000000008002960                vtable for codal::EventModel
 .rodata._ZTVN5codal10MessageBusE
                0x0000000008002974       0x3c .pioenvs/bluepill_f103c8/lib3e7/libcodal-core.a(MessageBus.o)
                0x0000000008002974                vtable for codal::MessageBus
 .rodata._ZL9emptyData
                0x00000000080029b0        0x4 .pioenvs/bluepill_f103c8/lib3e7/libcodal-core.a(ManagedString.o)
 .rodata.st_usbfs_v1_usb_driver
                0x00000000080029b4       0x34 .pioenvs/bluepill_f103c8/libFrameworkLibOpenCM3.a(st_usbfs_v1.o)
                0x00000000080029b4                st_usbfs_v1_usb_driver
 .rodata._Z10Blink_mainRN5codal13STM32BluePillE.str1.1
                0x00000000080029e8       0x1f .pioenvs/bluepill_f103c8/src/main.o
 .rodata._ZL10debug_dumpRN5codal13STM32BluePillEPKc.str1.1
                0x0000000008002a07       0x21 .pioenvs/bluepill_f103c8/src/main.o
                                         0x22 (size before relaxing)
 .rodata.test_nanofloat.str1.1
                0x0000000008002a28      0x21f .pioenvs/bluepill_f103c8/src/unit_test.o
                                        0x220 (size before relaxing)
 .rodata.UnityPrintFloat.str1.1
                0x0000000008002c47        0x8 .pioenvs/bluepill_f103c8/libfdb/libunity.a(unity.o)
                                          0xa (size before relaxing)
 .rodata.UnityStrBreaker
                0x0000000008002c4f       0x18 .pioenvs/bluepill_f103c8/libfdb/libunity.a(unity.o)
 .rodata.UnityStrDetail1Name
                0x0000000008002c67        0xa .pioenvs/bluepill_f103c8/libfdb/libunity.a(unity.o)
 .rodata.UnityStrDetail2Name
                0x0000000008002c71        0xb .pioenvs/bluepill_f103c8/libfdb/libunity.a(unity.o)
 .rodata.UnityStrExpected
                0x0000000008002c7c        0xb .pioenvs/bluepill_f103c8/libfdb/libunity.a(unity.o)
 .rodata.UnityStrFail
                0x0000000008002c87        0x5 .pioenvs/bluepill_f103c8/libfdb/libunity.a(unity.o)
 .rodata.UnityStrOk
                0x0000000008002c8c        0x3 .pioenvs/bluepill_f103c8/libfdb/libunity.a(unity.o)
 .rodata.UnityStrPass
                0x0000000008002c8f        0x5 .pioenvs/bluepill_f103c8/libfdb/libunity.a(unity.o)
 .rodata.UnityStrResultsFailures
                0x0000000008002c94        0xb .pioenvs/bluepill_f103c8/libfdb/libunity.a(unity.o)
 .rodata.UnityStrResultsIgnored
                0x0000000008002c9f        0xa .pioenvs/bluepill_f103c8/libfdb/libunity.a(unity.o)
 .rodata.UnityStrResultsTests
                0x0000000008002ca9        0x8 .pioenvs/bluepill_f103c8/libfdb/libunity.a(unity.o)
 .rodata.UnityStrSpacer
                0x0000000008002cb1        0x3 .pioenvs/bluepill_f103c8/libfdb/libunity.a(unity.o)
 .rodata.UnityStrWas
                0x0000000008002cb4        0x6 .pioenvs/bluepill_f103c8/libfdb/libunity.a(unity.o)
 .rodata._Z11debug_printi.str1.1
                0x0000000008002cba        0x2 .pioenvs/bluepill_f103c8/libd9b/liblogger.a(logger.o)
                                          0x4 (size before relaxing)
 .rodata._Z11debug_printj.str1.1
                0x0000000008002cbc        0xb .pioenvs/bluepill_f103c8/libd9b/liblogger.a(logger.o)
 .rodata.debug_println.str1.1
                0x0000000008002cc7        0x2 .pioenvs/bluepill_f103c8/libd9b/liblogger.a(logger.o)
 .rodata.platform_start_timer.str1.1
                0x0000000008002cc9       0x2f .pioenvs/bluepill_f103c8/lib271/libbluepill.a(timer.o)
 .rodata._ZN5codal3_cm3Pin15setDigitalValueEi.str1.1
                0x0000000008002cf8       0x42 .pioenvs/bluepill_f103c8/lib739/libcm.a(CmPin.o)
 .rodata.target_panic.str1.1
                0x0000000008002d3a       0x13 .pioenvs/bluepill_f103c8/libccd/libhal.a(codal_target_hal.o)
 .rodata.target_wait.str1.1
                0x0000000008002d4d       0x10 .pioenvs/bluepill_f103c8/libccd/libhal.a(codal_target_hal.o)
 .rodata.target_wait_us.str1.1
                0x0000000008002d5d       0x13 .pioenvs/bluepill_f103c8/libccd/libhal.a(codal_target_hal.o)
 .rodata.test_codal.str1.1
                0x0000000008002d70       0x34 .pioenvs/bluepill_f103c8/libccd/libhal.a(codal_target_hal.o)
 .rodata.platform_setup.str1.1
                0x0000000008002da4       0x13 .pioenvs/bluepill_f103c8/lib271/libbluepill.a(bluepill.o)
 .rodata.bootloader_start.str1.1
                0x0000000008002db7       0x74 .pioenvs/bluepill_f103c8/libb45/libbootloader.a(bootloader.o)
 .rodata.target_flash_program_array.str1.1
                0x0000000008002e2b       0x6a .pioenvs/bluepill_f103c8/libb45/libbootloader.a(target_stm32f103.o)
                                         0x6b (size before relaxing)
 .rodata.aggregate_callback.str1.1
                0x0000000008002e95        0x4 .pioenvs/bluepill_f103c8/libb45/libbootloader.a(usb_conf.o)
 .rodata.aggregate_register_callback.str1.1
                0x0000000008002e99       0x26 .pioenvs/bluepill_f103c8/libb45/libbootloader.a(usb_conf.o)
 .rodata.aggregate_register_config_callback.str1.1
                0x0000000008002ebf       0x25 .pioenvs/bluepill_f103c8/libb45/libbootloader.a(usb_conf.o)
 .rodata.bos_descriptor
                0x0000000008002ee4        0x9 .pioenvs/bluepill_f103c8/libb45/libbootloader.a(usb_conf.o)
 .rodata.cdc_iface_assoc
                0x0000000008002eed        0x8 .pioenvs/bluepill_f103c8/libb45/libbootloader.a(usb_conf.o)
 .rodata.cdcacm_functional_descriptors
                0x0000000008002ef5       0x13 .pioenvs/bluepill_f103c8/libb45/libbootloader.a(usb_conf.o)
 .rodata.comm_endp
                0x0000000008002f08        0xf .pioenvs/bluepill_f103c8/libb45/libbootloader.a(usb_conf.o)
 .rodata.comm_iface
                0x0000000008002f17       0x15 .pioenvs/bluepill_f103c8/libb45/libbootloader.a(usb_conf.o)
 .rodata.config
                0x0000000008002f2c        0xd .pioenvs/bluepill_f103c8/libb45/libbootloader.a(usb_conf.o)
 .rodata.data_endp
                0x0000000008002f39       0x1e .pioenvs/bluepill_f103c8/libb45/libbootloader.a(usb_conf.o)
 .rodata.data_iface
                0x0000000008002f57       0x15 .pioenvs/bluepill_f103c8/libb45/libbootloader.a(usb_conf.o)
 .rodata.dev    0x0000000008002f6c       0x12 .pioenvs/bluepill_f103c8/libb45/libbootloader.a(usb_conf.o)
 .rodata.dump_buffer.str1.1
                0x0000000008002f7e       0x25 .pioenvs/bluepill_f103c8/libb45/libbootloader.a(usb_conf.o)
                                          0x7 (size before relaxing)
 .rodata.dump_usb_request.str1.1
                0x0000000008002f7e       0x6c .pioenvs/bluepill_f103c8/libb45/libbootloader.a(usb_conf.o)
                                         0x70 (size before relaxing)
 .rodata.hf2_endp
                0x0000000008002fea       0x1e .pioenvs/bluepill_f103c8/libb45/libbootloader.a(usb_conf.o)
 .rodata.hf2_iface
                0x0000000008003008       0x15 .pioenvs/bluepill_f103c8/libb45/libbootloader.a(usb_conf.o)
 .rodata.set_aggregate_callback.str1.1
                0x000000000800301d       0x40 .pioenvs/bluepill_f103c8/libb45/libbootloader.a(usb_conf.o)
 .rodata.str1.1
                0x000000000800305d       0x7e .pioenvs/bluepill_f103c8/libb45/libbootloader.a(usb_conf.o)
 .rodata.usb_setup.str1.1
                0x00000000080030db       0x2e .pioenvs/bluepill_f103c8/libb45/libbootloader.a(usb_conf.o)
 .rodata.webusb_control_vendor_request.str1.1
                0x0000000008003109       0x3c .pioenvs/bluepill_f103c8/libb45/libbootloader.a(webusb.o)
                                         0x3d (size before relaxing)
 .rodata.webusb_platform_capability_descriptor
                0x0000000008003145       0x18 .pioenvs/bluepill_f103c8/libb45/libbootloader.a(webusb.o)
                0x0000000008003145                webusb_platform_capability_descriptor
 .rodata.webusb_set_config.str1.1
                0x000000000800315d       0x1d .pioenvs/bluepill_f103c8/libb45/libbootloader.a(webusb.o)
 .rodata.webusb_setup.str1.1
                0x000000000800317a       0x18 .pioenvs/bluepill_f103c8/libb45/libbootloader.a(webusb.o)
 .rodata.guid   0x0000000008003192       0x92 .pioenvs/bluepill_f103c8/libb45/libbootloader.a(winusb.o)
 .rodata.microsoft_platform_capability_descriptor
                0x0000000008003224       0x1c .pioenvs/bluepill_f103c8/libb45/libbootloader.a(winusb.o)
                0x0000000008003224                microsoft_platform_capability_descriptor
 .rodata.winusb_control_vendor_request.str1.1
                0x0000000008003240       0x14 .pioenvs/bluepill_f103c8/libb45/libbootloader.a(winusb.o)
 .rodata.winusb_descriptor_request.str1.1
                0x0000000008003254        0x6 .pioenvs/bluepill_f103c8/libb45/libbootloader.a(winusb.o)
 .rodata.winusb_set_config.str1.1
                0x000000000800325a       0x1d .pioenvs/bluepill_f103c8/libb45/libbootloader.a(winusb.o)
 .rodata.winusb_setup.str1.1
                0x0000000008003277       0x18 .pioenvs/bluepill_f103c8/libb45/libbootloader.a(winusb.o)
 .rodata.winusb_string_descriptor
                0x000000000800328f       0x12 .pioenvs/bluepill_f103c8/libb45/libbootloader.a(winusb.o)
 .rodata.cdc_setup.str1.1
                0x00000000080032a1       0x15 .pioenvs/bluepill_f103c8/libb45/libbootloader.a(cdc.o)
 .rodata.cdcacm_comm_cb.str1.1
                0x00000000080032b6        0x5 .pioenvs/bluepill_f103c8/libb45/libbootloader.a(cdc.o)
 .rodata.cdcacm_control_request.str1.1
                0x00000000080032bb       0x28 .pioenvs/bluepill_f103c8/libb45/libbootloader.a(cdc.o)
                                         0x30 (size before relaxing)
 .rodata.cdcacm_data_rx_cb.str1.1
                0x00000000080032e3        0x4 .pioenvs/bluepill_f103c8/libb45/libbootloader.a(cdc.o)
 .rodata.cdcacm_set_config.str1.1
                0x00000000080032e7       0x1d .pioenvs/bluepill_f103c8/libb45/libbootloader.a(cdc.o)
 .rodata.line_coding
                0x0000000008003304        0x7 .pioenvs/bluepill_f103c8/libb45/libbootloader.a(cdc.o)
 .rodata.assert.part.0.str1.1
                0x000000000800330b        0xc .pioenvs/bluepill_f103c8/libb45/libbootloader.a(hf2.o)
 .rodata.bad_packet_message
                0x0000000008003317        0xb .pioenvs/bluepill_f103c8/libb45/libbootloader.a(hf2.o)
 .rodata.hf2_data_rx_cb.str1.1
                0x0000000008003322       0x88 .pioenvs/bluepill_f103c8/libb45/libbootloader.a(hf2.o)
                                         0x89 (size before relaxing)
 .rodata.hf2_set_config.str1.1
                0x00000000080033aa        0xb .pioenvs/bluepill_f103c8/libb45/libbootloader.a(hf2.o)
 .rodata.hf2_setup.str1.1
                0x00000000080033b5       0x15 .pioenvs/bluepill_f103c8/libb45/libbootloader.a(hf2.o)
 .rodata.send_hf2_response.str1.1
                0x00000000080033ca        0x7 .pioenvs/bluepill_f103c8/libb45/libbootloader.a(hf2.o)
 .rodata.usb21_set_config.str1.1
                0x00000000080033d1       0x1c .pioenvs/bluepill_f103c8/libb45/libbootloader.a(usb21_standard.o)
 .rodata.usb21_setup.str1.1
                0x00000000080033ed       0x17 .pioenvs/bluepill_f103c8/libb45/libbootloader.a(usb21_standard.o)
 .rodata.usb21_standard_get_descriptor.str1.1
                0x0000000008003404       0x21 .pioenvs/bluepill_f103c8/libb45/libbootloader.a(usb21_standard.o)
 .rodata.flushFlash.str1.1
                0x0000000008003425       0x1e .pioenvs/bluepill_f103c8/libb45/libbootloader.a(ghostfat.o)
                                         0x1f (size before relaxing)
 .rodata.infoUf2File
                0x0000000008003443       0x55 .pioenvs/bluepill_f103c8/libb45/libbootloader.a(ghostfat.o)
                0x0000000008003443                infoUf2File
 .rodata._ZN5codal3_cm3SPI4initEv.str1.1
                0x0000000008003498       0x10 .pioenvs/bluepill_f103c8/lib739/libcm.a(CmSPI.o)
 .rodata._ZN5codal3_cm3SPIC2ERNS0_3PinES3_S3_.str1.1
                0x00000000080034a8       0x22 .pioenvs/bluepill_f103c8/lib739/libcm.a(CmSPI.o)
                                         0x23 (size before relaxing)
 .rodata._ZN5codal3_cm3SPIC2ERNS0_3PinES3_S3_S3_.str1.1
                0x00000000080034ca        0x6 .pioenvs/bluepill_f103c8/lib739/libcm.a(CmSPI.o)
                                         0x10 (size before relaxing)
 .rodata._ZN5codal3_cm5Timer4initEv.str1.1
                0x00000000080034d0        0xb .pioenvs/bluepill_f103c8/lib739/libcm.a(CmTimer.o)
 .rodata.pinmap_cnf.str1.1
                0x00000000080034db       0x19 .pioenvs/bluepill_f103c8/lib739/libcm.a(CmPinMap.o)
 .rodata.pinmap_mode.str1.1
                0x00000000080034f4       0x1a .pioenvs/bluepill_f103c8/lib739/libcm.a(CmPinMap.o)
 .rodata.pinmap_peripheral.str1.1
                0x000000000800350e       0x20 .pioenvs/bluepill_f103c8/lib739/libcm.a(CmPinMap.o)
 .rodata.chars.4166
                0x000000000800352e       0x11 .pioenvs/bluepill_f103c8/libFrameworkLibOpenCM3.a(desig.o)
                0x0000000008003540                . = ALIGN (0x4)
 *fill*         0x000000000800353f        0x1 

.text           0x0000000008008000     0x8ff0
 *(SORT_BY_ALIGNMENT(.vectors))
 *(SORT_BY_ALIGNMENT(.text*))
 .text.test_fabs
                0x0000000008008000      0x160 .pioenvs/bluepill_f103c8/src/unit_test.o
                0x0000000008008000                test_fabs
 .text.test_aeabi_ddiv
                0x0000000008008160      0x19c .pioenvs/bluepill_f103c8/src/unit_test.o
                0x0000000008008160                test_aeabi_ddiv
 *fill*         0x00000000080082fc        0x4 
 .text.test_aeabi_dmul
                0x0000000008008300      0x19c .pioenvs/bluepill_f103c8/src/unit_test.o
                0x0000000008008300                test_aeabi_dmul
 *fill*         0x000000000800849c        0x4 
 .text.test_aeabi_dcmpeq
                0x00000000080084a0      0x1a4 .pioenvs/bluepill_f103c8/src/unit_test.o
                0x00000000080084a0                test_aeabi_dcmpeq
 *fill*         0x0000000008008644        0x4 
 .text.test_aeabi_dcmplt
                0x0000000008008648      0x1a4 .pioenvs/bluepill_f103c8/src/unit_test.o
                0x0000000008008648                test_aeabi_dcmplt
 *fill*         0x00000000080087ec        0x4 
 .text.test_aeabi_dcmple
                0x00000000080087f0      0x1a4 .pioenvs/bluepill_f103c8/src/unit_test.o
                0x00000000080087f0                test_aeabi_dcmple
 *fill*         0x0000000008008994        0x4 
 .text.test_aeabi_dcmpge
                0x0000000008008998      0x1a4 .pioenvs/bluepill_f103c8/src/unit_test.o
                0x0000000008008998                test_aeabi_dcmpge
 *fill*         0x0000000008008b3c        0x4 
 .text.test_aeabi_dcmpgt
                0x0000000008008b40      0x1a4 .pioenvs/bluepill_f103c8/src/unit_test.o
                0x0000000008008b40                test_aeabi_dcmpgt
 *fill*         0x0000000008008ce4        0x4 
 .text.test_aeabi_dcmpun
                0x0000000008008ce8      0x1a4 .pioenvs/bluepill_f103c8/src/unit_test.o
                0x0000000008008ce8                test_aeabi_dcmpun
 *fill*         0x0000000008008e8c        0x4 
 .text.test_aeabi_d2iz
                0x0000000008008e90       0x94 .pioenvs/bluepill_f103c8/src/unit_test.o
                0x0000000008008e90                test_aeabi_d2iz
 *fill*         0x0000000008008f24        0x4 
 .text.test_aeabi_d2uiz
                0x0000000008008f28       0x90 .pioenvs/bluepill_f103c8/src/unit_test.o
                0x0000000008008f28                test_aeabi_d2uiz
 .text.test_sqrt
                0x0000000008008fb8       0xc8 .pioenvs/bluepill_f103c8/src/unit_test.o
                0x0000000008008fb8                test_sqrt
 .text.test_log
                0x0000000008009080       0xd0 .pioenvs/bluepill_f103c8/src/unit_test.o
                0x0000000008009080                test_log
 .text.test_exp
                0x0000000008009150      0x128 .pioenvs/bluepill_f103c8/src/unit_test.o
                0x0000000008009150                test_exp
 .text.test_log2
                0x0000000008009278      0x10c .pioenvs/bluepill_f103c8/src/unit_test.o
                0x0000000008009278                test_log2
 *fill*         0x0000000008009384        0x4 
 .text.test_log10
                0x0000000008009388       0xd0 .pioenvs/bluepill_f103c8/src/unit_test.o
                0x0000000008009388                test_log10
 .text.test_pow
                0x0000000008009458      0x110 .pioenvs/bluepill_f103c8/src/unit_test.o
                0x0000000008009458                test_pow
 .text.test_ldexp
                0x0000000008009568       0xc4 .pioenvs/bluepill_f103c8/src/unit_test.o
                0x0000000008009568                test_ldexp
 *fill*         0x000000000800962c        0x4 
 .text.test_sin
                0x0000000008009630      0x150 .pioenvs/bluepill_f103c8/src/unit_test.o
                0x0000000008009630                test_sin
 .text.test_cos
                0x0000000008009780      0x158 .pioenvs/bluepill_f103c8/src/unit_test.o
                0x0000000008009780                test_cos
 .text.test_tan
                0x00000000080098d8      0x148 .pioenvs/bluepill_f103c8/src/unit_test.o
                0x00000000080098d8                test_tan
 .text.test_atan2
                0x0000000008009a20      0x218 .pioenvs/bluepill_f103c8/src/unit_test.o
                0x0000000008009a20                test_atan2
 .text.test_atan
                0x0000000008009c38       0xc4 .pioenvs/bluepill_f103c8/src/unit_test.o
                0x0000000008009c38                test_atan
 *fill*         0x0000000008009cfc        0x4 
 .text.test_asin
                0x0000000008009d00       0xa8 .pioenvs/bluepill_f103c8/src/unit_test.o
                0x0000000008009d00                test_asin
 .text.test_acos
                0x0000000008009da8      0x174 .pioenvs/bluepill_f103c8/src/unit_test.o
                0x0000000008009da8                test_acos
 *fill*         0x0000000008009f1c        0x4 
 .text.test_sinh
                0x0000000008009f20      0x110 .pioenvs/bluepill_f103c8/src/unit_test.o
                0x0000000008009f20                test_sinh
 .text.test_cosh
                0x000000000800a030      0x110 .pioenvs/bluepill_f103c8/src/unit_test.o
                0x000000000800a030                test_cosh
 .text.test_tanh
                0x000000000800a140      0x110 .pioenvs/bluepill_f103c8/src/unit_test.o
                0x000000000800a140                test_tanh
 .text.test_asinh
                0x000000000800a250      0x110 .pioenvs/bluepill_f103c8/src/unit_test.o
                0x000000000800a250                test_asinh
 .text.test_acosh
                0x000000000800a360       0x90 .pioenvs/bluepill_f103c8/src/unit_test.o
                0x000000000800a360                test_acosh
 .text.test_atanh
                0x000000000800a3f0       0xc8 .pioenvs/bluepill_f103c8/src/unit_test.o
                0x000000000800a3f0                test_atanh
 .text.test_trunc
                0x000000000800a4b8      0x178 .pioenvs/bluepill_f103c8/src/unit_test.o
                0x000000000800a4b8                test_trunc
 .text.test_floor
                0x000000000800a630      0x17c .pioenvs/bluepill_f103c8/src/unit_test.o
                0x000000000800a630                test_floor
 *fill*         0x000000000800a7ac        0x4 
 .text.test_ceil
                0x000000000800a7b0      0x17c .pioenvs/bluepill_f103c8/src/unit_test.o
                0x000000000800a7b0                test_ceil
 *fill*         0x000000000800a92c        0x4 
 .text.test_fmod
                0x000000000800a930      0x1d8 .pioenvs/bluepill_f103c8/src/unit_test.o
                0x000000000800a930                test_fmod
 .text.UnityPrintFloat
                0x000000000800ab08      0x344 .pioenvs/bluepill_f103c8/libfdb/libunity.a(unity.o)
                0x000000000800ab08                UnityPrintFloat
 *fill*         0x000000000800ae4c        0x4 
 .text.acos     0x000000000800ae50       0xbc .pioenvs/bluepill_f103c8/libd88/libnano-float.a(functions.o)
                0x000000000800ae50                acos
 .text          0x000000000800af0c      0x124 asm/CortexContextSwitch.s.o
                0x000000000800af0c                swap_context
                0x000000000800af8e                save_context
                0x000000000800afd2                save_register_context
                0x000000000800b002                restore_register_context
 .text._ZL10debug_dumpRN5codal13STM32BluePillEPKc
                0x000000000800b030       0x7c .pioenvs/bluepill_f103c8/src/main.o
 .text._Z10Blink_mainRN5codal13STM32BluePillE
                0x000000000800b0ac       0x74 .pioenvs/bluepill_f103c8/src/main.o
                0x000000000800b0ac                Blink_main(codal::STM32BluePill&)
 .text.startup._GLOBAL__sub_I_serialPort
                0x000000000800b120       0x10 .pioenvs/bluepill_f103c8/src/uart.o
 .text.test_aeabi_fdiv
                0x000000000800b130      0x100 .pioenvs/bluepill_f103c8/src/unit_test.o
                0x000000000800b130                test_aeabi_fdiv
 .text.test_nanofloat
                0x000000000800b230      0x438 .pioenvs/bluepill_f103c8/src/unit_test.o
                0x000000000800b230                test_nanofloat
 .text.UnityTestResultsBegin
                0x000000000800b668       0x30 .pioenvs/bluepill_f103c8/libfdb/libunity.a(unity.o)
 .text.UnityTestResultsFailBegin
                0x000000000800b698       0x24 .pioenvs/bluepill_f103c8/libfdb/libunity.a(unity.o)
 .text.UnityAddMsgIfSpecified
                0x000000000800b6bc       0x50 .pioenvs/bluepill_f103c8/libfdb/libunity.a(unity.o)
 .text.UnityConcludeTest
                0x000000000800b70c       0x44 .pioenvs/bluepill_f103c8/libfdb/libunity.a(unity.o)
                0x000000000800b70c                UnityConcludeTest
 .text.UnityAssertEqualNumber
                0x000000000800b750       0x58 .pioenvs/bluepill_f103c8/libfdb/libunity.a(unity.o)
                0x000000000800b750                UnityAssertEqualNumber
 .text.UnityAssertFloatsWithin
                0x000000000800b7a8       0x58 .pioenvs/bluepill_f103c8/libfdb/libunity.a(unity.o)
                0x000000000800b7a8                UnityAssertFloatsWithin
 .text.UnityAssertDoublesWithin
                0x000000000800b800       0x60 .pioenvs/bluepill_f103c8/libfdb/libunity.a(unity.o)
                0x000000000800b800                UnityAssertDoublesWithin
 .text.UnityDefaultTestRun
                0x000000000800b860       0x2c .pioenvs/bluepill_f103c8/libfdb/libunity.a(unity.o)
                0x000000000800b860                UnityDefaultTestRun
 .text.UnityBegin
                0x000000000800b88c       0x20 .pioenvs/bluepill_f103c8/libfdb/libunity.a(unity.o)
                0x000000000800b88c                UnityBegin
 .text.UnityEnd
                0x000000000800b8ac       0x74 .pioenvs/bluepill_f103c8/libfdb/libunity.a(unity.o)
                0x000000000800b8ac                UnityEnd
 .text.enable_log
                0x000000000800b920       0x18 .pioenvs/bluepill_f103c8/libd9b/liblogger.a(logger.o)
                0x000000000800b920                enable_log
 .text.debug_flush
                0x000000000800b938       0x38 .pioenvs/bluepill_f103c8/libd9b/liblogger.a(logger.o)
                0x000000000800b938                debug_flush
 .text._ZL12debug_appendPKcj
                0x000000000800b970       0x50 .pioenvs/bluepill_f103c8/libd9b/liblogger.a(logger.o)
 .text._Z11debug_printj
                0x000000000800b9c0       0x7c .pioenvs/bluepill_f103c8/libd9b/liblogger.a(logger.o)
                0x000000000800b9c0                debug_print(unsigned int)
 .text._Z11debug_printi
                0x000000000800ba3c       0x30 .pioenvs/bluepill_f103c8/libd9b/liblogger.a(logger.o)
                0x000000000800ba3c                debug_print(int)
 .text.debug_println
                0x000000000800ba6c       0x1c .pioenvs/bluepill_f103c8/libd9b/liblogger.a(logger.o)
                0x000000000800ba6c                debug_println
 .text._Z13debug_printlni
                0x000000000800ba88       0x18 .pioenvs/bluepill_f103c8/libd9b/liblogger.a(logger.o)
                0x000000000800ba88                debug_println(int)
 .text.get_float_usage
                0x000000000800baa0        0xc .pioenvs/bluepill_f103c8/libd88/libnano-float.a(functions.o)
                0x000000000800baa0                get_float_usage
 .text.__wrap___aeabi_ddiv
                0x000000000800baac       0x30 .pioenvs/bluepill_f103c8/libd88/libnano-float.a(functions.o)
                0x000000000800baac                __wrap___aeabi_ddiv
 .text.__wrap___aeabi_dmul
                0x000000000800badc       0x30 .pioenvs/bluepill_f103c8/libd88/libnano-float.a(functions.o)
                0x000000000800badc                __wrap___aeabi_dmul
 .text.__wrap___aeabi_dcmpeq
                0x000000000800bb0c       0x34 .pioenvs/bluepill_f103c8/libd88/libnano-float.a(functions.o)
                0x000000000800bb0c                __wrap___aeabi_dcmpeq
 .text.__wrap___aeabi_dcmplt
                0x000000000800bb40       0x30 .pioenvs/bluepill_f103c8/libd88/libnano-float.a(functions.o)
                0x000000000800bb40                __wrap___aeabi_dcmplt
 .text.__wrap___aeabi_dcmple
                0x000000000800bb70       0x34 .pioenvs/bluepill_f103c8/libd88/libnano-float.a(functions.o)
                0x000000000800bb70                __wrap___aeabi_dcmple
 .text.__wrap___aeabi_dcmpge
                0x000000000800bba4       0x30 .pioenvs/bluepill_f103c8/libd88/libnano-float.a(functions.o)
                0x000000000800bba4                __wrap___aeabi_dcmpge
 .text.__wrap___aeabi_dcmpgt
                0x000000000800bbd4       0x34 .pioenvs/bluepill_f103c8/libd88/libnano-float.a(functions.o)
                0x000000000800bbd4                __wrap___aeabi_dcmpgt
 .text.__wrap___aeabi_dcmpun
                0x000000000800bc08       0x34 .pioenvs/bluepill_f103c8/libd88/libnano-float.a(functions.o)
                0x000000000800bc08                __wrap___aeabi_dcmpun
 .text.__wrap___aeabi_fdiv
                0x000000000800bc3c       0x10 .pioenvs/bluepill_f103c8/libd88/libnano-float.a(functions.o)
                0x000000000800bc3c                __wrap___aeabi_fdiv
 .text.__wrap___aeabi_d2iz
                0x000000000800bc4c       0x2c .pioenvs/bluepill_f103c8/libd88/libnano-float.a(functions.o)
                0x000000000800bc4c                __wrap___aeabi_d2iz
 .text.__wrap___aeabi_d2uiz
                0x000000000800bc78       0x38 .pioenvs/bluepill_f103c8/libd88/libnano-float.a(functions.o)
                0x000000000800bc78                __wrap___aeabi_d2uiz
 .text.sqrt     0x000000000800bcb0       0x1c .pioenvs/bluepill_f103c8/libd88/libnano-float.a(functions.o)
                0x000000000800bcb0                sqrt
 .text.log      0x000000000800bccc       0x1c .pioenvs/bluepill_f103c8/libd88/libnano-float.a(functions.o)
                0x000000000800bccc                log
 .text.exp      0x000000000800bce8       0x1c .pioenvs/bluepill_f103c8/libd88/libnano-float.a(functions.o)
                0x000000000800bce8                exp
 .text.log2     0x000000000800bd04       0x28 .pioenvs/bluepill_f103c8/libd88/libnano-float.a(functions.o)
                0x000000000800bd04                log2
 .text.log10    0x000000000800bd2c       0x28 .pioenvs/bluepill_f103c8/libd88/libnano-float.a(functions.o)
                0x000000000800bd2c                log10
 .text.pow      0x000000000800bd54       0x88 .pioenvs/bluepill_f103c8/libd88/libnano-float.a(functions.o)
                0x000000000800bd54                pow
 .text.ldexp    0x000000000800bddc       0x40 .pioenvs/bluepill_f103c8/libd88/libnano-float.a(functions.o)
                0x000000000800bddc                ldexp
 .text.sin      0x000000000800be1c       0x1c .pioenvs/bluepill_f103c8/libd88/libnano-float.a(functions.o)
                0x000000000800be1c                sin
 .text.cos      0x000000000800be38       0x34 .pioenvs/bluepill_f103c8/libd88/libnano-float.a(functions.o)
                0x000000000800be38                cos
 .text.tan      0x000000000800be6c       0x1c .pioenvs/bluepill_f103c8/libd88/libnano-float.a(functions.o)
                0x000000000800be6c                tan
 .text.atan2    0x000000000800be88       0x50 .pioenvs/bluepill_f103c8/libd88/libnano-float.a(functions.o)
                0x000000000800be88                atan2
 .text.atan     0x000000000800bed8       0xa8 .pioenvs/bluepill_f103c8/libd88/libnano-float.a(functions.o)
                0x000000000800bed8                atan
 .text.asin     0x000000000800bf80       0x88 .pioenvs/bluepill_f103c8/libd88/libnano-float.a(functions.o)
                0x000000000800bf80                asin
 .text.sinh     0x000000000800c008       0x94 .pioenvs/bluepill_f103c8/libd88/libnano-float.a(functions.o)
                0x000000000800c008                sinh
 .text.cosh     0x000000000800c09c       0x9c .pioenvs/bluepill_f103c8/libd88/libnano-float.a(functions.o)
                0x000000000800c09c                cosh
 .text.tanh     0x000000000800c138       0xac .pioenvs/bluepill_f103c8/libd88/libnano-float.a(functions.o)
                0x000000000800c138                tanh
 .text.asinh    0x000000000800c1e4       0x94 .pioenvs/bluepill_f103c8/libd88/libnano-float.a(functions.o)
                0x000000000800c1e4                asinh
 .text.acosh    0x000000000800c278       0xac .pioenvs/bluepill_f103c8/libd88/libnano-float.a(functions.o)
                0x000000000800c278                acosh
 .text.atanh    0x000000000800c324       0xbc .pioenvs/bluepill_f103c8/libd88/libnano-float.a(functions.o)
                0x000000000800c324                atanh
 .text.trunc    0x000000000800c3e0       0x80 .pioenvs/bluepill_f103c8/libd88/libnano-float.a(functions.o)
                0x000000000800c3e0                trunc
 .text.floor    0x000000000800c460       0x7c .pioenvs/bluepill_f103c8/libd88/libnano-float.a(functions.o)
                0x000000000800c460                floor
 .text.ceil     0x000000000800c4dc       0x80 .pioenvs/bluepill_f103c8/libd88/libnano-float.a(functions.o)
                0x000000000800c4dc                ceil
 .text.fmod     0x000000000800c55c      0x148 .pioenvs/bluepill_f103c8/libd88/libnano-float.a(functions.o)
                0x000000000800c55c                fmod
 .text.led_setup
                0x000000000800c6a4       0x20 .pioenvs/bluepill_f103c8/lib271/libbluepill.a(led.o)
                0x000000000800c6a4                led_setup
 .text.led_on   0x000000000800c6c4       0x10 .pioenvs/bluepill_f103c8/lib271/libbluepill.a(led.o)
                0x000000000800c6c4                led_on
 .text.led_off  0x000000000800c6d4       0x10 .pioenvs/bluepill_f103c8/lib271/libbluepill.a(led.o)
                0x000000000800c6d4                led_off
 .text.led_wait
                0x000000000800c6e4       0x10 .pioenvs/bluepill_f103c8/lib271/libbluepill.a(led.o)
                0x000000000800c6e4                led_wait
 .text.platform_start_timer
                0x000000000800c6f4      0x114 .pioenvs/bluepill_f103c8/lib271/libbluepill.a(timer.o)
                0x000000000800c6f4                platform_start_timer
 .text.rtc_isr  0x000000000800c808       0x30 .pioenvs/bluepill_f103c8/lib271/libbluepill.a(timer.o)
                0x000000000800c808                rtc_isr
 .text.rtc_alarm_isr
                0x000000000800c838       0x30 .pioenvs/bluepill_f103c8/lib271/libbluepill.a(timer.o)
                0x000000000800c838                rtc_alarm_isr
 .text.platform_alarm_count
                0x000000000800c868        0xc .pioenvs/bluepill_f103c8/lib271/libbluepill.a(timer.o)
                0x000000000800c868                platform_alarm_count
 .text.platform_tick_count
                0x000000000800c874        0xc .pioenvs/bluepill_f103c8/lib271/libbluepill.a(timer.o)
                0x000000000800c874                platform_tick_count
 .text._ZN5codal3_cm3Pin14setAnalogValueEi
                0x000000000800c880       0x1c .pioenvs/bluepill_f103c8/lib739/libcm.a(CmPin.o)
                0x000000000800c880                codal::_cm::Pin::setAnalogValue(int)
 .text._ZN5codal3_cm3Pin13setServoValueEiii
                0x000000000800c89c       0x2c .pioenvs/bluepill_f103c8/lib739/libcm.a(CmPin.o)
                0x000000000800c89c                codal::_cm::Pin::setServoValue(int, int, int)
 .text._ZN5codal3_cm3Pin9isTouchedEv
                0x000000000800c8c8        0x8 .pioenvs/bluepill_f103c8/lib739/libcm.a(CmPin.o)
                0x000000000800c8c8                codal::_cm::Pin::isTouched()
 .text._ZN5codal3_cm3Pin17getAnalogPeriodUsEv
                0x000000000800c8d0        0x8 .pioenvs/bluepill_f103c8/lib739/libcm.a(CmPin.o)
                0x000000000800c8d0                codal::_cm::Pin::getAnalogPeriodUs()
 .text._ZN5codal3_cm3Pin15setDigitalValueEi
                0x000000000800c8d8       0x80 .pioenvs/bluepill_f103c8/lib739/libcm.a(CmPin.o)
                0x000000000800c8d8                codal::_cm::Pin::setDigitalValue(int)
 .text._ZN5codal3_cm3PinC2EhmmtNS_13PinCapabilityE
                0x000000000800c958       0x2c .pioenvs/bluepill_f103c8/lib739/libcm.a(CmPin.o)
                0x000000000800c958                codal::_cm::Pin::Pin(unsigned char, unsigned long, unsigned long, unsigned short, codal::PinCapability)
                0x000000000800c958                codal::_cm::Pin::Pin(unsigned char, unsigned long, unsigned long, unsigned short, codal::PinCapability)
 .text.os_event_init
                0x000000000800c984        0xc .pioenvs/bluepill_f103c8/libea7/libcocoOS_5.0.3.a(os_event.o)
                0x000000000800c984                os_event_init
 .text.os_init  0x000000000800c990       0x34 .pioenvs/bluepill_f103c8/libea7/libcocoOS_5.0.3.a(os_kernel.o)
                0x000000000800c990                os_init
 .text.os_msgQ_init
                0x000000000800c9c4       0x24 .pioenvs/bluepill_f103c8/libea7/libcocoOS_5.0.3.a(os_msgqueue.o)
                0x000000000800c9c4                os_msgQ_init
 .text.os_sem_init
                0x000000000800c9e8        0xc .pioenvs/bluepill_f103c8/libea7/libcocoOS_5.0.3.a(os_sem.o)
                0x000000000800c9e8                os_sem_init
 .text.os_task_init
                0x000000000800c9f4       0x40 .pioenvs/bluepill_f103c8/libea7/libcocoOS_5.0.3.a(os_task.o)
                0x000000000800c9f4                os_task_init
 .text._ZL10timer_tickv
                0x000000000800ca34       0x10 .pioenvs/bluepill_f103c8/libccd/libhal.a(codal_target_hal.o)
 .text._ZL11timer_alarmv
                0x000000000800ca44       0x10 .pioenvs/bluepill_f103c8/libccd/libhal.a(codal_target_hal.o)
 .text._Z25stm32bluepill_dmesg_flushv
                0x000000000800ca54       0x38 .pioenvs/bluepill_f103c8/libccd/libhal.a(codal_target_hal.o)
                0x000000000800ca54                stm32bluepill_dmesg_flush()
 .text.target_set_tick_callback
                0x000000000800ca8c        0xc .pioenvs/bluepill_f103c8/libccd/libhal.a(codal_target_hal.o)
                0x000000000800ca8c                target_set_tick_callback
 .text.target_set_alarm_callback
                0x000000000800ca98        0xc .pioenvs/bluepill_f103c8/libccd/libhal.a(codal_target_hal.o)
                0x000000000800ca98                target_set_alarm_callback
 .text.target_init
                0x000000000800caa4       0x3c .pioenvs/bluepill_f103c8/libccd/libhal.a(codal_target_hal.o)
                0x000000000800caa4                target_init
 .text.target_wait
                0x000000000800cae0       0x24 .pioenvs/bluepill_f103c8/libccd/libhal.a(codal_target_hal.o)
                0x000000000800cae0                target_wait
 .text.target_wait_us
                0x000000000800cb04       0x2c .pioenvs/bluepill_f103c8/libccd/libhal.a(codal_target_hal.o)
                0x000000000800cb04                target_wait_us
 .text.target_panic
                0x000000000800cb30       0x20 .pioenvs/bluepill_f103c8/libccd/libhal.a(codal_target_hal.o)
                0x000000000800cb30                target_panic
 .text.fiber_initial_stack_base
                0x000000000800cb50        0x8 .pioenvs/bluepill_f103c8/libccd/libhal.a(codal_target_hal.o)
                0x000000000800cb50                fiber_initial_stack_base
 .text.test_codal
                0x000000000800cb58       0x70 .pioenvs/bluepill_f103c8/libccd/libhal.a(codal_target_hal.o)
                0x000000000800cb58                test_codal
 .text.codal_dmesg_set_flush_fn
                0x000000000800cbc8        0xc .pioenvs/bluepill_f103c8/lib3e7/libcodal-core.a(CodalDmesg.o)
                0x000000000800cbc8                codal_dmesg_set_flush_fn
 .text.codal_dmesg_flush
                0x000000000800cbd4       0x10 .pioenvs/bluepill_f103c8/lib3e7/libcodal-core.a(CodalDmesg.o)
                0x000000000800cbd4                codal_dmesg_flush
 .text._ZN5codal10EventModel6listenEiiPFvNS_5EventEEt
                0x000000000800cbe4       0x60 .pioenvs/bluepill_f103c8/lib3e7/libcodal-core.a(CodalFiber.o)
                0x000000000800cbe4                codal::EventModel::listen(int, int, void (*)(codal::Event), unsigned short)
 .text._ZN5codal14scheduler_tickENS_5EventE
                0x000000000800cc44       0x38 .pioenvs/bluepill_f103c8/lib3e7/libcodal-core.a(CodalFiber.o)
                0x000000000800cc44                codal::scheduler_tick(codal::Event)
 .text._ZN5codal15scheduler_eventENS_5EventE
                0x000000000800cc7c       0xc0 .pioenvs/bluepill_f103c8/lib3e7/libcodal-core.a(CodalFiber.o)
                0x000000000800cc7c                codal::scheduler_event(codal::Event)
 .text._Z15getFiberContextv
                0x000000000800cd3c       0x50 .pioenvs/bluepill_f103c8/lib3e7/libcodal-core.a(CodalFiber.o)
                0x000000000800cd3c                getFiberContext()
 .text._ZL10handle_fobv
                0x000000000800cd8c       0x2c .pioenvs/bluepill_f103c8/lib3e7/libcodal-core.a(CodalFiber.o)
 .text._ZN5codal23fiber_scheduler_runningEv
                0x000000000800cdb8       0x10 .pioenvs/bluepill_f103c8/lib3e7/libcodal-core.a(CodalFiber.o)
                0x000000000800cdb8                codal::fiber_scheduler_running()
 .text._ZN5codal14scheduler_initERNS_10EventModelE
                0x000000000800cdc8       0xac .pioenvs/bluepill_f103c8/lib3e7/libcodal-core.a(CodalFiber.o)
                0x000000000800cdc8                codal::scheduler_init(codal::EventModel&)
 .text._ZN5codal19fiber_wake_on_eventEtt
                0x000000000800ce74       0x5c .pioenvs/bluepill_f103c8/lib3e7/libcodal-core.a(CodalFiber.o)
                0x000000000800ce74                codal::fiber_wake_on_event(unsigned short, unsigned short)
 .text._Z14__create_fibermmmi
                0x000000000800ced0       0x64 .pioenvs/bluepill_f103c8/lib3e7/libcodal-core.a(CodalFiber.o)
                0x000000000800ced0                __create_fiber(unsigned long, unsigned long, unsigned long, int)
 .text._ZN5codal17verify_stack_sizeEPNS_5FiberE
                0x000000000800cf34       0x44 .pioenvs/bluepill_f103c8/lib3e7/libcodal-core.a(CodalFiber.o)
                0x000000000800cf34                codal::verify_stack_size(codal::Fiber*)
 .text._ZN5codal24scheduler_runqueue_emptyEv
                0x000000000800cf78       0x10 .pioenvs/bluepill_f103c8/lib3e7/libcodal-core.a(CodalFiber.o)
                0x000000000800cf78                codal::scheduler_runqueue_empty()
 .text._ZN5codal4idleEv
                0x000000000800cf88       0x3c .pioenvs/bluepill_f103c8/lib3e7/libcodal-core.a(CodalFiber.o)
                0x000000000800cf88                codal::idle()
 .text._ZN5codal8scheduleEv
                0x000000000800cfc4      0x108 .pioenvs/bluepill_f103c8/lib3e7/libcodal-core.a(CodalFiber.o)
                0x000000000800cfc4                codal::schedule()
 .text._ZN5codal11fiber_sleepEm
                0x000000000800d0cc       0x3c .pioenvs/bluepill_f103c8/lib3e7/libcodal-core.a(CodalFiber.o)
                0x000000000800d0cc                codal::fiber_sleep(unsigned long)
 .text._ZN5codal13release_fiberEv
                0x000000000800d108       0x6c .pioenvs/bluepill_f103c8/lib3e7/libcodal-core.a(CodalFiber.o)
                0x000000000800d108                codal::release_fiber()
 .text._ZN5codal6invokeEPFvPvES0_
                0x000000000800d174       0x80 .pioenvs/bluepill_f103c8/lib3e7/libcodal-core.a(CodalFiber.o)
                0x000000000800d174                codal::invoke(void (*)(void*), void*)
 .text._Z18device_create_heapmm
                0x000000000800d1f4       0x3c .pioenvs/bluepill_f103c8/lib3e7/libcodal-core.a(CodalHeapAllocator.o)
                0x000000000800d1f4                device_create_heap(unsigned long, unsigned long)
 .text.device_malloc
                0x000000000800d230       0x48 .pioenvs/bluepill_f103c8/lib3e7/libcodal-core.a(CodalHeapAllocator.o)
                0x000000000800d230                malloc
                0x000000000800d230                device_malloc
 .text.device_free
                0x000000000800d278       0x40 .pioenvs/bluepill_f103c8/lib3e7/libcodal-core.a(CodalHeapAllocator.o)
                0x000000000800d278                device_free
                0x000000000800d278                free
 .text._ZN5codal5TimerC2Ev
                0x000000000800d2b8       0x34 .pioenvs/bluepill_f103c8/lib3e7/libcodal-core.a(Timer.o)
                0x000000000800d2b8                codal::Timer::Timer()
                0x000000000800d2b8                codal::Timer::Timer()
 .text._ZN5codal25system_timer_current_timeEv
                0x000000000800d2ec       0x10 .pioenvs/bluepill_f103c8/lib3e7/libcodal-core.a(Timer.o)
                0x000000000800d2ec                codal::system_timer_current_time()
 .text._ZN5codal27system_timer_event_every_usEmtt
                0x000000000800d2fc       0x24 .pioenvs/bluepill_f103c8/lib3e7/libcodal-core.a(Timer.o)
                0x000000000800d2fc                codal::system_timer_event_every_us(unsigned long, unsigned short, unsigned short)
 .text._ZN5codal5Event4fireEv
                0x000000000800d320       0x20 .pioenvs/bluepill_f103c8/lib3e7/libcodal-core.a(Event.o)
                0x000000000800d320                codal::Event::fire()
 .text._ZN5codal14CodalComponent4initEv
                0x000000000800d340        0x8 .pioenvs/bluepill_f103c8/lib2eb/libmodel.a(STM32BluePill.o)
                0x000000000800d340                codal::CodalComponent::init()
 .text._ZN5codal14CodalComponentD2Ev
                0x000000000800d348       0x18 .pioenvs/bluepill_f103c8/lib2eb/libmodel.a(STM32BluePill.o)
                0x000000000800d348                codal::CodalComponent::~CodalComponent()
                0x000000000800d348                codal::CodalComponent::~CodalComponent()
 .text._ZN5codal13STM32BluePill4initEv
                0x000000000800d360       0x4c .pioenvs/bluepill_f103c8/lib2eb/libmodel.a(STM32BluePill.o)
                0x000000000800d360                codal::STM32BluePill::init()
 .text._ZN5codal13STM32BluePillC2Ev
                0x000000000800d3ac       0x98 .pioenvs/bluepill_f103c8/lib2eb/libmodel.a(STM32BluePill.o)
                0x000000000800d3ac                codal::STM32BluePill::STM32BluePill()
                0x000000000800d3ac                codal::STM32BluePill::STM32BluePill()
 .text._ZN5codal13STM32BluePillD2Ev
                0x000000000800d444       0x40 .pioenvs/bluepill_f103c8/lib2eb/libmodel.a(STM32BluePill.o)
                0x000000000800d444                codal::STM32BluePill::~STM32BluePill()
                0x000000000800d444                codal::STM32BluePill::~STM32BluePill()
 .text._ZN5codal15STM32BluePillIOC2Ev
                0x000000000800d484      0xaf0 .pioenvs/bluepill_f103c8/lib2eb/libmodel.a(STM32BluePillIO.o)
                0x000000000800d484                codal::STM32BluePillIO::STM32BluePillIO()
                0x000000000800d484                codal::STM32BluePillIO::STM32BluePillIO()
 .text.usart2_isr
                0x000000000800df74       0x50 .pioenvs/bluepill_f103c8/lib33e/libuartint.a(uartint.o)
                0x000000000800df74                usart2_isr
 .text.startup._GLOBAL__sub_I__ZN13UARTInterfaceC2Ejj
                0x000000000800dfc4       0x10 .pioenvs/bluepill_f103c8/lib33e/libuartint.a(uartint.o)
 .text          0x000000000800dfd4      0x378 /Users/Luppy/.platformio/packages/toolchain-gccarmnoneeabi/bin/../lib/gcc/arm-none-eabi/7.2.1/thumb/v7-m/libgcc.a(_arm_addsubdf3.o)
                0x000000000800dfd4                __aeabi_drsub
                0x000000000800dfdc                __subdf3
                0x000000000800dfdc                __aeabi_dsub
                0x000000000800dfe0                __aeabi_dadd
                0x000000000800dfe0                __adddf3
                0x000000000800e258                __aeabi_ui2d
                0x000000000800e258                __floatunsidf
                0x000000000800e278                __floatsidf
                0x000000000800e278                __aeabi_i2d
                0x000000000800e29c                __extendsfdf2
                0x000000000800e29c                __aeabi_f2d
                0x000000000800e2e0                __aeabi_ul2d
                0x000000000800e2e0                __floatundidf
                0x000000000800e2f0                __aeabi_l2d
                0x000000000800e2f0                __floatdidf
 .text          0x000000000800e34c      0x424 /Users/Luppy/.platformio/packages/toolchain-gccarmnoneeabi/bin/../lib/gcc/arm-none-eabi/7.2.1/thumb/v7-m/libgcc.a(_arm_muldivdf3.o)
                0x000000000800e34c                __aeabi_dmul
                0x000000000800e34c                __muldf3
                0x000000000800e5a0                __aeabi_ddiv
                0x000000000800e5a0                __divdf3
 .text          0x000000000800e770      0x110 /Users/Luppy/.platformio/packages/toolchain-gccarmnoneeabi/bin/../lib/gcc/arm-none-eabi/7.2.1/thumb/v7-m/libgcc.a(_arm_cmpdf2.o)
                0x000000000800e770                __gedf2
                0x000000000800e770                __gtdf2
                0x000000000800e778                __ledf2
                0x000000000800e778                __ltdf2
                0x000000000800e780                __cmpdf2
                0x000000000800e780                __eqdf2
                0x000000000800e780                __nedf2
                0x000000000800e7fc                __aeabi_cdrcmple
                0x000000000800e80c                __aeabi_cdcmple
                0x000000000800e80c                __aeabi_cdcmpeq
                0x000000000800e81c                __aeabi_dcmpeq
                0x000000000800e830                __aeabi_dcmplt
                0x000000000800e844                __aeabi_dcmple
                0x000000000800e858                __aeabi_dcmpge
                0x000000000800e86c                __aeabi_dcmpgt
 .text          0x000000000800e880       0x2c /Users/Luppy/.platformio/packages/toolchain-gccarmnoneeabi/bin/../lib/gcc/arm-none-eabi/7.2.1/thumb/v7-m/libgcc.a(_arm_unorddf2.o)
                0x000000000800e880                __aeabi_dcmpun
                0x000000000800e880                __unorddf2
 .text          0x000000000800e8ac       0x50 /Users/Luppy/.platformio/packages/toolchain-gccarmnoneeabi/bin/../lib/gcc/arm-none-eabi/7.2.1/thumb/v7-m/libgcc.a(_arm_fixdfsi.o)
                0x000000000800e8ac                __fixdfsi
                0x000000000800e8ac                __aeabi_d2iz
 .text          0x000000000800e8fc       0xa0 /Users/Luppy/.platformio/packages/toolchain-gccarmnoneeabi/bin/../lib/gcc/arm-none-eabi/7.2.1/thumb/v7-m/libgcc.a(_arm_truncdfsf2.o)
                0x000000000800e8fc                __aeabi_d2f
                0x000000000800e8fc                __truncdfsf2
 .text          0x000000000800e99c      0x21c /Users/Luppy/.platformio/packages/toolchain-gccarmnoneeabi/bin/../lib/gcc/arm-none-eabi/7.2.1/thumb/v7-m/libgcc.a(_arm_addsubsf3.o)
                0x000000000800e99c                __aeabi_frsub
                0x000000000800e9a4                __aeabi_fsub
                0x000000000800e9a4                __subsf3
                0x000000000800e9a8                __aeabi_fadd
                0x000000000800e9a8                __addsf3
                0x000000000800eb08                __aeabi_ui2f
                0x000000000800eb08                __floatunsisf
                0x000000000800eb10                __floatsisf
                0x000000000800eb10                __aeabi_i2f
                0x000000000800eb2c                __aeabi_ul2f
                0x000000000800eb2c                __floatundisf
                0x000000000800eb3c                __aeabi_l2f
                0x000000000800eb3c                __floatdisf
 .text          0x000000000800ebb8      0x2a0 /Users/Luppy/.platformio/packages/toolchain-gccarmnoneeabi/bin/../lib/gcc/arm-none-eabi/7.2.1/thumb/v7-m/libgcc.a(_arm_muldivsf3.o)
                0x000000000800ebb8                __mulsf3
                0x000000000800ebb8                __aeabi_fmul
                0x000000000800ed20                __divsf3
                0x000000000800ed20                __aeabi_fdiv
 .text          0x000000000800ee58       0xec /Users/Luppy/.platformio/packages/toolchain-gccarmnoneeabi/bin/../lib/gcc/arm-none-eabi/7.2.1/thumb/v7-m/libgcc.a(_arm_cmpsf2.o)
                0x000000000800ee58                __gesf2
                0x000000000800ee58                __gtsf2
                0x000000000800ee60                __ltsf2
                0x000000000800ee60                __lesf2
                0x000000000800ee68                __nesf2
                0x000000000800ee68                __eqsf2
                0x000000000800ee68                __cmpsf2
                0x000000000800eec8                __aeabi_cfrcmple
                0x000000000800eed0                __aeabi_cfcmpeq
                0x000000000800eed0                __aeabi_cfcmple
                0x000000000800eee0                __aeabi_fcmpeq
                0x000000000800eef4                __aeabi_fcmplt
                0x000000000800ef08                __aeabi_fcmple
                0x000000000800ef1c                __aeabi_fcmpge
                0x000000000800ef30                __aeabi_fcmpgt
 .text          0x000000000800ef44      0x4c8 .pioenvs/bluepill_f103c8/libf85/libqfplib.a(qfplib.o)
                0x000000000800f00c                qfp_fsub
                0x000000000800f012                qfp_fadd
                0x000000000800f054                qfp_fcmp
                0x000000000800f070                qfp_fmul
                0x000000000800f080                qfp_fdiv
                0x000000000800f0c2                qfp_fdiv_fast
                0x000000000800f112                qfp_fsqrt_fast
                0x000000000800f188                qfp_float2int
                0x000000000800f18a                qfp_float2fix
                0x000000000800f1b2                qfp_float2uint
                0x000000000800f1b4                qfp_float2ufix
                0x000000000800f1ce                qfp_int2float
                0x000000000800f1d0                qfp_fix2float
                0x000000000800f1da                qfp_uint2float
                0x000000000800f1dc                qfp_ufix2float
                0x000000000800f272                qfp_fsin
                0x000000000800f2b4                qfp_fcos
                0x000000000800f2be                qfp_ftan
                0x000000000800f2c6                qfp_fexp
                0x000000000800f2f6                qfp_fsqrt
                0x000000000800f330                qfp_fln
                0x000000000800f354                qfp_fatan2
 .text.platform_setup
                0x000000000800f40c       0x4c .pioenvs/bluepill_f103c8/lib271/libbluepill.a(bluepill.o)
                0x000000000800f40c                platform_setup
 .text.enable_debug
                0x000000000800f458       0x10 .pioenvs/bluepill_f103c8/lib271/libbluepill.a(bluepill.o)
                0x000000000800f458                enable_debug
 .text._ZN5codal3_cm3I2CC2ERNS_3PinES3_
                0x000000000800f468       0x1c .pioenvs/bluepill_f103c8/lib739/libcm.a(CmI2C.o)
                0x000000000800f468                codal::_cm::I2C::I2C(codal::Pin&, codal::Pin&)
                0x000000000800f468                codal::_cm::I2C::I2C(codal::Pin&, codal::Pin&)
 .text._ZN5codal3_cm3SPI4initEv
                0x000000000800f484       0x5c .pioenvs/bluepill_f103c8/lib739/libcm.a(CmSPI.o)
                0x000000000800f484                codal::_cm::SPI::init()
 .text._ZN5codal3_cm3SPIC2ERNS0_3PinES3_S3_S3_
                0x000000000800f4e0       0x9c .pioenvs/bluepill_f103c8/lib739/libcm.a(CmSPI.o)
                0x000000000800f4e0                codal::_cm::SPI::SPI(codal::_cm::Pin&, codal::_cm::Pin&, codal::_cm::Pin&, codal::_cm::Pin&)
                0x000000000800f4e0                codal::_cm::SPI::SPI(codal::_cm::Pin&, codal::_cm::Pin&, codal::_cm::Pin&, codal::_cm::Pin&)
 .text._ZN5codal3_cm6SerialD2Ev
                0x000000000800f57c       0x14 .pioenvs/bluepill_f103c8/lib739/libcm.a(CmSerial.o)
                0x000000000800f57c                codal::_cm::Serial::~Serial()
                0x000000000800f57c                codal::_cm::Serial::~Serial()
 .text._ZN5codal3_cm6SerialC2ERNS0_3PinES3_hh
                0x000000000800f590       0x4c .pioenvs/bluepill_f103c8/lib739/libcm.a(CmSerial.o)
                0x000000000800f590                codal::_cm::Serial::Serial(codal::_cm::Pin&, codal::_cm::Pin&, unsigned char, unsigned char)
                0x000000000800f590                codal::_cm::Serial::Serial(codal::_cm::Pin&, codal::_cm::Pin&, unsigned char, unsigned char)
 .text._ZN5codal3_cm13tick_callbackEv
                0x000000000800f5dc       0x10 .pioenvs/bluepill_f103c8/lib739/libcm.a(CmTimer.o)
                0x000000000800f5dc                codal::_cm::tick_callback()
 .text._ZN5codal3_cm5Timer4initEv
                0x000000000800f5ec       0x2c .pioenvs/bluepill_f103c8/lib739/libcm.a(CmTimer.o)
                0x000000000800f5ec                codal::_cm::Timer::init()
 .text._ZN5codal3_cm5TimerC2Ev
                0x000000000800f618       0x28 .pioenvs/bluepill_f103c8/lib739/libcm.a(CmTimer.o)
                0x000000000800f618                codal::_cm::Timer::Timer()
                0x000000000800f618                codal::_cm::Timer::Timer()
 .text.pinmap_peripheral
                0x000000000800f640       0x30 .pioenvs/bluepill_f103c8/lib739/libcm.a(CmPinMap.o)
                0x000000000800f640                pinmap_peripheral
 .text.pinmap_mode
                0x000000000800f670       0x2c .pioenvs/bluepill_f103c8/lib739/libcm.a(CmPinMap.o)
                0x000000000800f670                pinmap_mode
 .text.pinmap_cnf
                0x000000000800f69c       0x2c .pioenvs/bluepill_f103c8/lib739/libcm.a(CmPinMap.o)
                0x000000000800f69c                pinmap_cnf
 .text._Z18component_callbackN5codal5EventE
                0x000000000800f6c8       0x58 .pioenvs/bluepill_f103c8/lib3e7/libcodal-core.a(CodalComponent.o)
                0x000000000800f6c8                component_callback(codal::Event)
 .text._ZN5codal14CodalComponent12addComponentEv
                0x000000000800f720       0x70 .pioenvs/bluepill_f103c8/lib3e7/libcodal-core.a(CodalComponent.o)
                0x000000000800f720                codal::CodalComponent::addComponent()
 .text._ZN5codal14CodalComponent15removeComponentEv
                0x000000000800f790       0x20 .pioenvs/bluepill_f103c8/lib3e7/libcodal-core.a(CodalComponent.o)
                0x000000000800f790                codal::CodalComponent::removeComponent()
 .text._ZN5codal3I2CC2ERNS_3PinES2_
                0x000000000800f7b0        0xc .pioenvs/bluepill_f103c8/lib3e7/libcodal-core.a(I2C.o)
                0x000000000800f7b0                codal::I2C::I2C(codal::Pin&, codal::Pin&)
                0x000000000800f7b0                codal::I2C::I2C(codal::Pin&, codal::Pin&)
 .text._ZN5codal6SerialC2ERNS_3PinES2_hht
                0x000000000800f7bc       0x5c .pioenvs/bluepill_f103c8/lib3e7/libcodal-core.a(Serial.o)
                0x000000000800f7bc                codal::Serial::Serial(codal::Pin&, codal::Pin&, unsigned char, unsigned char, unsigned short)
                0x000000000800f7bc                codal::Serial::Serial(codal::Pin&, codal::Pin&, unsigned char, unsigned char, unsigned short)
 .text._ZN5codal6SerialD2Ev
                0x000000000800f818       0x1c .pioenvs/bluepill_f103c8/lib3e7/libcodal-core.a(Serial.o)
                0x000000000800f818                codal::Serial::~Serial()
                0x000000000800f818                codal::Serial::~Serial()
 .text._ZN5codal10EventModel4sendENS_5EventE
                0x000000000800f834       0x14 .pioenvs/bluepill_f103c8/lib3e7/libcodal-core.a(MessageBus.o)
                0x000000000800f834                codal::EventModel::send(codal::Event)
 .text._ZN5codal10EventModel3addEPNS_8ListenerE
                0x000000000800f848        0x8 .pioenvs/bluepill_f103c8/lib3e7/libcodal-core.a(MessageBus.o)
                0x000000000800f848                codal::EventModel::add(codal::Listener*)
 .text._ZN5codal10EventModel6removeEPNS_8ListenerE
                0x000000000800f850        0x8 .pioenvs/bluepill_f103c8/lib3e7/libcodal-core.a(MessageBus.o)
                0x000000000800f850                codal::EventModel::remove(codal::Listener*)
 .text._ZN5codal10MessageBus6removeEPNS_8ListenerE
                0x000000000800f858       0x70 .pioenvs/bluepill_f103c8/lib3e7/libcodal-core.a(MessageBus.o)
                0x000000000800f858                codal::MessageBus::remove(codal::Listener*)
 .text._ZN5codal10MessageBus3addEPNS_8ListenerE
                0x000000000800f8c8       0xbc .pioenvs/bluepill_f103c8/lib3e7/libcodal-core.a(MessageBus.o)
                0x000000000800f8c8                codal::MessageBus::add(codal::Listener*)
 .text._ZN5codal10MessageBusD2Ev
                0x000000000800f984       0x78 .pioenvs/bluepill_f103c8/lib3e7/libcodal-core.a(MessageBus.o)
                0x000000000800f984                codal::MessageBus::~MessageBus()
                0x000000000800f984                codal::MessageBus::~MessageBus()
 .text._ZN5codal10MessageBusC2Ev
                0x000000000800f9fc       0xa8 .pioenvs/bluepill_f103c8/lib3e7/libcodal-core.a(MessageBus.o)
                0x000000000800f9fc                codal::MessageBus::MessageBus()
                0x000000000800f9fc                codal::MessageBus::MessageBus()
 .text._ZN5codal10MessageBus7processERNS_5EventEb
                0x000000000800faa4       0x84 .pioenvs/bluepill_f103c8/lib3e7/libcodal-core.a(MessageBus.o)
                0x000000000800faa4                codal::MessageBus::process(codal::Event&, bool)
 .text._ZN5codal19allocateNotifyEventEv
                0x000000000800fb28       0x10 .pioenvs/bluepill_f103c8/lib3e7/libcodal-core.a(MessageBus.o)
                0x000000000800fb28                codal::allocateNotifyEvent()
 .text._ZN5codal13ManagedStringC2EPKcs
                0x000000000800fb38       0x34 .pioenvs/bluepill_f103c8/lib3e7/libcodal-core.a(ManagedString.o)
                0x000000000800fb38                codal::ManagedString::ManagedString(char const*, short)
                0x000000000800fb38                codal::ManagedString::ManagedString(char const*, short)
 .text._ZN5codal13ManagedStringC2Ev
                0x000000000800fb6c        0xc .pioenvs/bluepill_f103c8/lib3e7/libcodal-core.a(ManagedString.o)
                0x000000000800fb6c                codal::ManagedString::ManagedString()
                0x000000000800fb6c                codal::ManagedString::ManagedString()
 .text.startup._GLOBAL__sub_I__ZN5codal13ManagedString9initEmptyEv
                0x000000000800fb78       0x2c .pioenvs/bluepill_f103c8/lib3e7/libcodal-core.a(ManagedString.o)
 .text.startup.main
                0x000000000800fba4       0x26 .pioenvs/bluepill_f103c8/src/main.o
                0x000000000800fba4                main
 .text.unity_output_char
                0x000000000800fbca        0x6 .pioenvs/bluepill_f103c8/src/unit_test.o
                0x000000000800fbca                unity_output_char
 .text.UnityFloatsWithin