Archive member included to satisfy reference by file (symbol)

.pioenvs\bluepill_f103c8\lib931\liblogger.a(logger.o)
                              .pioenvs\bluepill_f103c8\libff2\hal\codal_target_hal.o (debug_flush)
.pioenvs\bluepill_f103c8\liba13\libnewlib.a(strlen.o)
                              .pioenvs\bluepill_f103c8\src\aggregate.o (strlen)
.pioenvs\bluepill_f103c8\liba13\libnewlib.a(strncat.o)
                              .pioenvs\bluepill_f103c8\src\wisol.o (strncat)
.pioenvs\bluepill_f103c8\liba13\libnewlib.a(strncmp.o)
                              .pioenvs\bluepill_f103c8\src\aggregate.o (strncmp)
.pioenvs\bluepill_f103c8\liba13\libnewlib.a(strncpy.o)
                              .pioenvs\bluepill_f103c8\src\aggregate.o (strncpy)
.pioenvs\bluepill_f103c8\liba13\libnewlib.a(strstr.o)
                              .pioenvs\bluepill_f103c8\src\wisol.o (strstr)
.pioenvs\bluepill_f103c8\libff7\libbluepill.a(bluepill.o)
                              .pioenvs\bluepill_f103c8\libff2\hal\codal_target_hal.o (platform_setup)
.pioenvs\bluepill_f103c8\libff7\libbluepill.a(led.o)
                              .pioenvs\bluepill_f103c8\libff7\libbluepill.a(bluepill.o) (led_setup)
.pioenvs\bluepill_f103c8\libff7\libbluepill.a(timer.o)
                              .pioenvs\bluepill_f103c8\libff2\hal\codal_target_hal.o (platform_start_timer)
.pioenvs\bluepill_f103c8\libd0a\libcocoOS_5.0.3.a(os_cbk.o)
                              .pioenvs\bluepill_f103c8\libff2\hal\codal_target_hal.o (os_cbkSleep)
.pioenvs\bluepill_f103c8\libd0a\libcocoOS_5.0.3.a(os_event.o)
                              .pioenvs\bluepill_f103c8\src\wisol.o (event_create)
.pioenvs\bluepill_f103c8\libd0a\libcocoOS_5.0.3.a(os_kernel.o)
                              .pioenvs\bluepill_f103c8\libff2\hal\codal_target_hal.o (os_init)
.pioenvs\bluepill_f103c8\libd0a\libcocoOS_5.0.3.a(os_msgqueue.o)
                              .pioenvs\bluepill_f103c8\libd0a\libcocoOS_5.0.3.a(os_kernel.o) (os_msgQ_init)
.pioenvs\bluepill_f103c8\libd0a\libcocoOS_5.0.3.a(os_sem.o)
                              .pioenvs\bluepill_f103c8\libd0a\libcocoOS_5.0.3.a(os_kernel.o) (os_sem_init)
.pioenvs\bluepill_f103c8\libd0a\libcocoOS_5.0.3.a(os_task.o)
                              .pioenvs\bluepill_f103c8\libd0a\libcocoOS_5.0.3.a(os_kernel.o) (os_task_init)
.pioenvs\bluepill_f103c8\libd0a\libcocoOS_5.0.3.a(os_assert.o)
                              .pioenvs\bluepill_f103c8\libd0a\libcocoOS_5.0.3.a(os_event.o) (os_on_assert)
.pioenvs\bluepill_f103c8\lib635\libcodal-core.a(CodalComponent.o)
                              .pioenvs\bluepill_f103c8\src\main.o (codal::CodalComponent::removeComponent())
.pioenvs\bluepill_f103c8\lib635\libcodal-core.a(CodalDmesg.o)
                              .pioenvs\bluepill_f103c8\libff2\hal\codal_target_hal.o (codalLogStore)
.pioenvs\bluepill_f103c8\lib635\libcodal-core.a(CodalFiber.o)
                              .pioenvs\bluepill_f103c8\src\main.o (codal::fiber_sleep(unsigned long))
.pioenvs\bluepill_f103c8\lib635\libcodal-core.a(CodalHeapAllocator.o)
                              .pioenvs\bluepill_f103c8\libff2\hal\codal_target_hal.o (malloc)
.pioenvs\bluepill_f103c8\lib635\libcodal-core.a(CodalListener.o)
                              .pioenvs\bluepill_f103c8\lib635\libcodal-core.a(CodalComponent.o) (codal::Listener::Listener(unsigned short, unsigned short, void (*)(codal::Event), unsigned short))
.pioenvs\bluepill_f103c8\lib635\libcodal-core.a(Timer.o)
                              .pioenvs\bluepill_f103c8\src\main.o (codal::Timer::getTime())
.pioenvs\bluepill_f103c8\lib635\libcodal-core.a(MessageBus.o)
                              .pioenvs\bluepill_f103c8\src\main.o (codal::MessageBus::~MessageBus())
.pioenvs\bluepill_f103c8\lib635\libcodal-core.a(Event.o)
                              .pioenvs\bluepill_f103c8\lib635\libcodal-core.a(CodalListener.o) (codal::Event::Event())
.pioenvs\bluepill_f103c8\lib635\libcodal-core.a(CodalCompat.o)
                              .pioenvs\bluepill_f103c8\lib635\libcodal-core.a(CodalDmesg.o) (codal::itoa(int, char*))
.pioenvs\bluepill_f103c8\lib635\libcodal-core.a(MemberFunctionCallback.o)
                              .pioenvs\bluepill_f103c8\lib635\libcodal-core.a(MessageBus.o) (codal::MemberFunctionCallback::fire(codal::Event))
.pioenvs\bluepill_f103c8\lib24c\libcm.a(CmPin.o)
                              .pioenvs\bluepill_f103c8\src\main.o (codal::_cm::Pin::setDigitalValue(int))
.pioenvs\bluepill_f103c8\lib24c\libcm.a(CmTimer.o)
                              .pioenvs\bluepill_f103c8\src\main.o (vtable for codal::_cm::Timer)
.pioenvs\bluepill_f103c8\lib24c\libcm.a(application.o)
                              .pioenvs\bluepill_f103c8\libff2\hal\reset_handler.o (application_start)
.pioenvs\bluepill_f103c8\lib400\libmodel.a(STM32BluePill.o)
                              .pioenvs\bluepill_f103c8\src\main.o (codal::STM32BluePill::init())
.pioenvs\bluepill_f103c8\lib400\libmodel.a(STM32BluePillIO.o)
[...]
Memory Configuration

Name             Origin             Length             Attributes
bootrom          0x08000000         0x00004800         xr
rom              0x08004800         0x0000b800         xr
bootram          0x20000000         0x00000800         xrw
ram              0x20000800         0x00003fbc         xrw
bootbuf          0x200047bc         0x00000844         xrw
*default*        0x00000000         0xffffffff

Linker script and memory map

                0x00004800                _bootrom_size = 0x4800
                0x00000800                _bootram_size = 0x800
                0x00000844                _bootbuf_size = 0x844

/DISCARD/
 *(SORT_BY_ALIGNMENT(.data.impure_data))
 *(SORT_BY_ALIGNMENT(.data._impure_ptr))

.boot_text      0x08000000     0x139c
                0x08000000                _boot_text = .
 *(SORT_BY_ALIGNMENT(.vectors))
 .vectors       0x08000000      0x150 .pioenvs\bluepill_f103c8\libFrameworkLibOpenCM3.a(vector.o)
                0x08000000                vector_table
 :*reset_handler*(SORT_BY_ALIGNMENT(.text*))
 .text.reset_handler
                0x08000150       0xd8 .pioenvs\bluepill_f103c8\libff2\hal\reset_handler.o
                0x08000150                reset_handler
 *libhal.a:*reset_handler*(SORT_BY_ALIGNMENT(.text*))
 :*codal_target_hal*(SORT_BY_ALIGNMENT(.text*))
 .text._ZL10timer_tickv
                0x08000228       0x18 .pioenvs\bluepill_f103c8\libff2\hal\codal_target_hal.o
 .text._ZL11os_schedulev
                0x08000240       0x28 .pioenvs\bluepill_f103c8\libff2\hal\codal_target_hal.o
 .text._ZL11timer_alarmv
                0x08000268       0x2c .pioenvs\bluepill_f103c8\libff2\hal\codal_target_hal.o
 .text.target_init
                0x08000294       0x3c .pioenvs\bluepill_f103c8\libff2\hal\codal_target_hal.o
                0x08000294                target_init
 .text.target_dmesg_flush
                0x080002d0       0x38 .pioenvs\bluepill_f103c8\libff2\hal\codal_target_hal.o
                0x080002d0                target_dmesg_flush
 .text.target_wait_for_event
                0x08000308       0x1c .pioenvs\bluepill_f103c8\libff2\hal\codal_target_hal.o
                0x08000308                target_wait_for_event
 .text.target_wait
                0x08000324       0x24 .pioenvs\bluepill_f103c8\libff2\hal\codal_target_hal.o
                0x08000324                target_wait
 .text.target_wait_us
                0x08000348       0x2c .pioenvs\bluepill_f103c8\libff2\hal\codal_target_hal.o
                0x08000348                target_wait_us
 .text.target_panic
                0x08000374       0x20 .pioenvs\bluepill_f103c8\libff2\hal\codal_target_hal.o
                0x08000374                target_panic
 .text.fiber_initial_stack_base
                0x08000394        0x8 .pioenvs\bluepill_f103c8\libff2\hal\codal_target_hal.o
                0x08000394                fiber_initial_stack_base
 .text.test_codal
                0x0800039c       0x70 .pioenvs\bluepill_f103c8\libff2\hal\codal_target_hal.o
                0x0800039c                test_codal
 .text.target_enable_debug
                0x0800040c        0x4 .pioenvs\bluepill_f103c8\libff2\hal\codal_target_hal.o
                0x0800040c                target_enable_debug
 .text.target_enable_irq
                0x08000410        0x4 .pioenvs\bluepill_f103c8\libff2\hal\codal_target_hal.o
                0x08000410                target_enable_irq
 .text.target_disable_irq
                0x08000414        0x4 .pioenvs\bluepill_f103c8\libff2\hal\codal_target_hal.o
                0x08000414                target_disable_irq
 .text.tcb_allocate
                0x08000418        0x6 .pioenvs\bluepill_f103c8\libff2\hal\codal_target_hal.o
                0x08000418                tcb_allocate
 .text.tcb_configure_lr
                0x0800041e        0x4 .pioenvs\bluepill_f103c8\libff2\hal\codal_target_hal.o
                0x0800041e                tcb_configure_lr
 .text.tcb_configure_sp
                0x08000422        0x4 .pioenvs\bluepill_f103c8\libff2\hal\codal_target_hal.o
                0x08000422                tcb_configure_sp
 .text.tcb_configure_stack_base
                0x08000426        0x4 .pioenvs\bluepill_f103c8\libff2\hal\codal_target_hal.o
                0x08000426                tcb_configure_stack_base
 .text.tcb_get_stack_base
                0x0800042a        0x4 .pioenvs\bluepill_f103c8\libff2\hal\codal_target_hal.o
                0x0800042a                tcb_get_stack_base
 .text.get_current_sp
                0x0800042e        0x4 .pioenvs\bluepill_f103c8\libff2\hal\codal_target_hal.o
                0x0800042e                get_current_sp
 .text.tcb_get_sp
                0x08000432        0x4 .pioenvs\bluepill_f103c8\libff2\hal\codal_target_hal.o
                0x08000432                tcb_get_sp
 .text.tcb_configure_args
                0x08000436        0x8 .pioenvs\bluepill_f103c8\libff2\hal\codal_target_hal.o
                0x08000436                tcb_configure_args
 .text._fini    0x0800043e        0x2 .pioenvs\bluepill_f103c8\libff2\hal\codal_target_hal.o
                0x0800043e                _fini
 .text.__aeabi_atexit
                0x08000440        0x4 .pioenvs\bluepill_f103c8\libff2\hal\codal_target_hal.o
                0x08000440                __aeabi_atexit
 *libhal.a:*codal_target_hal*(SORT_BY_ALIGNMENT(.text*))
 :*CortexContextSwitch*(SORT_BY_ALIGNMENT(.text*))
 .text          0x08000444      0x124 asm/CortexContextSwitch.s.o
                0x08000444                swap_context
                0x080004c6                save_context
                0x0800050a                save_register_context
                0x0800053a                restore_register_context
 *libhal.a:(SORT_BY_ALIGNMENT(.text*))
 *liblibopencm3.a:(SORT_BY_ALIGNMENT(.text*))
 *libFrameworkLibOpenCM3.a:(SORT_BY_ALIGNMENT(.text*))
 .text.rcc_osc_on.part.0
                0x08000568       0x10 .pioenvs\bluepill_f103c8\libFrameworkLibOpenCM3.a(rcc.o)
 .text.rcc_wait_for_osc_ready
                0x08000578       0x64 .pioenvs\bluepill_f103c8\libFrameworkLibOpenCM3.a(rcc.o)
                0x08000578                rcc_wait_for_osc_ready
 .text.rcc_osc_on
                0x080005dc       0x54 .pioenvs\bluepill_f103c8\libFrameworkLibOpenCM3.a(rcc.o)
                0x080005dc                rcc_osc_on
 .text.rcc_set_sysclk_source
                0x08000630       0x14 .pioenvs\bluepill_f103c8\libFrameworkLibOpenCM3.a(rcc.o)
                0x08000630                rcc_set_sysclk_source
 .text.rcc_set_pll_multiplication_factor
                0x08000644       0x14 .pioenvs\bluepill_f103c8\libFrameworkLibOpenCM3.a(rcc.o)
                0x08000644                rcc_set_pll_multiplication_factor
 .text.rcc_set_pll_source
                0x08000658       0x14 .pioenvs\bluepill_f103c8\libFrameworkLibOpenCM3.a(rcc.o)
                0x08000658                rcc_set_pll_source
 .text.rcc_set_pllxtpre
                0x0800066c       0x14 .pioenvs\bluepill_f103c8\libFrameworkLibOpenCM3.a(rcc.o)
                0x0800066c                rcc_set_pllxtpre
 .text.rcc_enable_rtc_clock
                0x08000680       0x10 .pioenvs\bluepill_f103c8\libFrameworkLibOpenCM3.a(rcc.o)
                0x08000680                rcc_enable_rtc_clock
 .text.rcc_set_rtc_clock_source
                0x08000690       0x90 .pioenvs\bluepill_f103c8\libFrameworkLibOpenCM3.a(rcc.o)
                0x08000690                rcc_set_rtc_clock_source
 .text.rcc_set_adcpre
                0x08000720       0x14 .pioenvs\bluepill_f103c8\libFrameworkLibOpenCM3.a(rcc.o)
                0x08000720                rcc_set_adcpre
 .text.rcc_set_ppre2
                0x08000734       0x14 .pioenvs\bluepill_f103c8\libFrameworkLibOpenCM3.a(rcc.o)
                0x08000734                rcc_set_ppre2
 .text.rcc_set_ppre1
                0x08000748       0x14 .pioenvs\bluepill_f103c8\libFrameworkLibOpenCM3.a(rcc.o)
                0x08000748                rcc_set_ppre1
 .text.rcc_set_hpre
                0x0800075c       0x14 .pioenvs\bluepill_f103c8\libFrameworkLibOpenCM3.a(rcc.o)
                0x0800075c                rcc_set_hpre
 .text.rcc_clock_setup_in_hse_8mhz_out_72mhz
                0x08000770       0x8c .pioenvs\bluepill_f103c8\libFrameworkLibOpenCM3.a(rcc.o)
                0x08000770                rcc_clock_setup_in_hse_8mhz_out_72mhz
 .text.rtc_enter_config_mode
                0x080007fc       0x18 .pioenvs\bluepill_f103c8\libFrameworkLibOpenCM3.a(rtc.o)
                0x080007fc                rtc_enter_config_mode
 .text.rtc_exit_config_mode
                0x08000814       0x18 .pioenvs\bluepill_f103c8\libFrameworkLibOpenCM3.a(rtc.o)
                0x08000814                rtc_exit_config_mode
 .text.rtc_set_alarm_time
                0x0800082c       0x20 .pioenvs\bluepill_f103c8\libFrameworkLibOpenCM3.a(rtc.o)
                0x0800082c                rtc_set_alarm_time
 .text.rtc_set_prescale_val
                0x0800084c       0x20 .pioenvs\bluepill_f103c8\libFrameworkLibOpenCM3.a(rtc.o)
                0x0800084c                rtc_set_prescale_val
 .text.rtc_get_counter_val
                0x0800086c       0x14 .pioenvs\bluepill_f103c8\libFrameworkLibOpenCM3.a(rtc.o)
                0x0800086c                rtc_get_counter_val
 .text.rtc_get_alarm_val
                0x08000880       0x14 .pioenvs\bluepill_f103c8\libFrameworkLibOpenCM3.a(rtc.o)
                0x08000880                rtc_get_alarm_val
 .text.rtc_set_counter_val
                0x08000894       0x1c .pioenvs\bluepill_f103c8\libFrameworkLibOpenCM3.a(rtc.o)
                0x08000894                rtc_set_counter_val
 .text.rtc_interrupt_enable
                0x080008b0       0x3c .pioenvs\bluepill_f103c8\libFrameworkLibOpenCM3.a(rtc.o)
                0x080008b0                rtc_interrupt_enable
 .text.rtc_interrupt_disable
                0x080008ec       0x3c .pioenvs\bluepill_f103c8\libFrameworkLibOpenCM3.a(rtc.o)
                0x080008ec                rtc_interrupt_disable
 .text.rtc_clear_flag
                0x08000928       0x30 .pioenvs\bluepill_f103c8\libFrameworkLibOpenCM3.a(rtc.o)
                0x08000928                rtc_clear_flag
 .text.rtc_check_flag
                0x08000958       0x30 .pioenvs\bluepill_f103c8\libFrameworkLibOpenCM3.a(rtc.o)
                0x08000958                rtc_check_flag
 .text.pwr_disable_backup_domain_write_protect
                0x08000988       0x10 .pioenvs\bluepill_f103c8\libFrameworkLibOpenCM3.a(pwr_common_all.o)
                0x08000988                pwr_disable_backup_domain_write_protect
 .text.exti_set_trigger
                0x08000998       0x3c .pioenvs\bluepill_f103c8\libFrameworkLibOpenCM3.a(exti_common_all.o)
                0x08000998                exti_set_trigger
 .text.exti_enable_request
                0x080009d4       0x14 .pioenvs\bluepill_f103c8\libFrameworkLibOpenCM3.a(exti_common_all.o)
                0x080009d4                exti_enable_request
 .text.exti_reset_request
                0x080009e8        0xc .pioenvs\bluepill_f103c8\libFrameworkLibOpenCM3.a(exti_common_all.o)
                0x080009e8                exti_reset_request
 .text.flash_set_ws
                0x080009f4       0x14 .pioenvs\bluepill_f103c8\libFrameworkLibOpenCM3.a(flash_common_f01.o)
                0x080009f4                flash_set_ws
 .text.gpio_set_mode
                0x08000a08       0x62 .pioenvs\bluepill_f103c8\libFrameworkLibOpenCM3.a(gpio.o)
                0x08000a08                gpio_set_mode
 .text.gpio_set
                0x08000a6a        0x4 .pioenvs\bluepill_f103c8\libFrameworkLibOpenCM3.a(gpio_common_all.o)
                0x08000a6a                gpio_set
 .text.gpio_clear
                0x08000a6e        0x6 .pioenvs\bluepill_f103c8\libFrameworkLibOpenCM3.a(gpio_common_all.o)
                0x08000a6e                gpio_clear
 .text.usart_recv
                0x08000a74        0x8 .pioenvs\bluepill_f103c8\libFrameworkLibOpenCM3.a(usart_common_f124.o)
                0x08000a74                usart_recv
 .text.rcc_periph_clock_enable
                0x08000a7c       0x1a .pioenvs\bluepill_f103c8\libFrameworkLibOpenCM3.a(rcc_common_all.o)
                0x08000a7c                rcc_periph_clock_enable
 .text.blocking_handler
                0x08000a96        0x2 .pioenvs\bluepill_f103c8\libFrameworkLibOpenCM3.a(vector.o)
                0x08000a96                usart3_isr
                0x08000a96                tim7_isr
                0x08000a96                adc1_2_isr
                0x08000a96                tim1_trg_com_isr
                0x08000a96                usb_hp_can_tx_isr
                0x08000a96                tim6_isr
                0x08000a96                usb_wakeup_isr
                0x08000a96                blocking_handler
                0x08000a96                tim5_isr
                0x08000a96                otg_fs_isr
                0x08000a96                spi1_isr
                0x08000a96                exti2_isr
                0x08000a96                dma1_channel6_isr
                0x08000a96                can_rx1_isr
                0x08000a96                dma1_channel5_isr
                0x08000a96                dma2_channel5_isr
                0x08000a96                usart1_isr
                0x08000a96                usage_fault_handler
                0x08000a96                tim8_trg_com_isr
                0x08000a96                can2_rx0_isr
                0x08000a96                tim1_brk_isr
                0x08000a96                can2_rx1_isr
                0x08000a96                tim1_cc_isr
                0x08000a96                sdio_isr
                0x08000a96                eth_isr
                0x08000a96                dma1_channel4_isr
                0x08000a96                tim8_brk_isr
                0x08000a96                dma2_channel4_5_isr
                0x08000a96                pvd_isr
                0x08000a96                rcc_isr
                0x08000a96                flash_isr
                0x08000a96                uart4_isr
                0x08000a96                exti15_10_isr
                0x08000a96                hard_fault_handler
                0x08000a96                exti1_isr
                0x08000a96                i2c1_ev_isr
                0x08000a96                dma2_channel1_isr
                0x08000a96                spi2_isr
                0x08000a96                tim8_up_isr
                0x08000a96                dma2_channel2_isr
                0x08000a96                exti3_isr
                0x08000a96                adc3_isr
                0x08000a96                tim3_isr
                0x08000a96                usb_lp_can_rx0_isr
                0x08000a96                i2c2_er_isr
                0x08000a96                i2c2_ev_isr
                0x08000a96                uart5_isr
                0x08000a96                fsmc_isr
                0x08000a96                dma1_channel1_isr
                0x08000a96                exti4_isr
                0x08000a96                mem_manage_handler
                0x08000a96                can2_tx_isr
                0x08000a96                exti9_5_isr
                0x08000a96                dma2_channel3_isr
                0x08000a96                dma1_channel7_isr
                0x08000a96                tim1_up_isr
                0x08000a96                can2_sce_isr
                0x08000a96                tim4_isr
                0x08000a96                dma1_channel2_isr
                0x08000a96                i2c1_er_isr
                0x08000a96                can_sce_isr
                0x08000a96                tim8_cc_isr
                0x08000a96                tamper_isr
                0x08000a96                eth_wkup_isr
                0x08000a96                bus_fault_handler
                0x08000a96                wwdg_isr
                0x08000a96                dma1_channel3_isr
                0x08000a96                spi3_isr
                0x08000a96                tim2_isr
                0x08000a96                exti0_isr
 .text.null_handler
                0x08000a98        0x2 .pioenvs\bluepill_f103c8\libFrameworkLibOpenCM3.a(vector.o)
                0x08000a98                sv_call_handler
                0x08000a98                pend_sv_handler
                0x08000a98                debug_monitor_handler
                0x08000a98                sys_tick_handler
                0x08000a98                nmi_handler
                0x08000a98                null_handler
 .text.nvic_enable_irq
                0x08000a9a       0x1a .pioenvs\bluepill_f103c8\libFrameworkLibOpenCM3.a(nvic.o)
                0x08000a9a                nvic_enable_irq
 *libcocoos.a:(SORT_BY_ALIGNMENT(.text*))
 *libcocoOS_?.?.?.a:(SORT_BY_ALIGNMENT(.text*))
 .text.os_event_init
                0x08000ab4        0xc .pioenvs\bluepill_f103c8\libd0a\libcocoOS_5.0.3.a(os_event.o)
                0x08000ab4                os_event_init
 .text.os_signal_event
                0x08000ac0        0xc .pioenvs\bluepill_f103c8\libd0a\libcocoOS_5.0.3.a(os_event.o)
                0x08000ac0                os_signal_event
 .text.os_event_set_signaling_tid
                0x08000acc       0x10 .pioenvs\bluepill_f103c8\libd0a\libcocoOS_5.0.3.a(os_event.o)
                0x08000acc                os_event_set_signaling_tid
 .text.os_init  0x08000adc       0x34 .pioenvs\bluepill_f103c8\libd0a\libcocoOS_5.0.3.a(os_kernel.o)
                0x08000adc                os_init
 .text.os_msgQ_init
                0x08000b10       0x24 .pioenvs\bluepill_f103c8\libd0a\libcocoOS_5.0.3.a(os_msgqueue.o)
                0x08000b10                os_msgQ_init
 .text.os_msgQ_tick
                0x08000b34       0x54 .pioenvs\bluepill_f103c8\libd0a\libcocoOS_5.0.3.a(os_msgqueue.o)
                0x08000b34                os_msgQ_tick
 .text.os_sem_init
                0x08000b88        0xc .pioenvs\bluepill_f103c8\libd0a\libcocoOS_5.0.3.a(os_sem.o)
                0x08000b88                os_sem_init
 .text.os_task_init
                0x08000b94       0x40 .pioenvs\bluepill_f103c8\libd0a\libcocoOS_5.0.3.a(os_task.o)
                0x08000b94                os_task_init
 .text.os_task_highest_prio_ready_task
                0x08000bd4       0x34 .pioenvs\bluepill_f103c8\libd0a\libcocoOS_5.0.3.a(os_task.o)
                0x08000bd4                os_task_highest_prio_ready_task
 .text.os_task_tick
                0x08000c08       0x88 .pioenvs\bluepill_f103c8\libd0a\libcocoOS_5.0.3.a(os_task.o)
                0x08000c08                os_task_tick
 .text.os_task_signal_event
                0x08000c90       0x64 .pioenvs\bluepill_f103c8\libd0a\libcocoOS_5.0.3.a(os_task.o)
                0x08000c90                os_task_signal_event
 .text.os_task_run
                0x08000cf4       0x34 .pioenvs\bluepill_f103c8\libd0a\libcocoOS_5.0.3.a(os_task.o)
                0x08000cf4                os_task_run
 .text.os_on_assert
                0x08000d28       0x10 .pioenvs\bluepill_f103c8\libd0a\libcocoOS_5.0.3.a(os_assert.o)
                0x08000d28                os_on_assert
 .text.os_cbkSleep
                0x08000d38        0x2 .pioenvs\bluepill_f103c8\libd0a\libcocoOS_5.0.3.a(os_cbk.o)
                0x08000d38                os_cbkSleep
 .text.os_tick  0x08000d3a        0x8 .pioenvs\bluepill_f103c8\libd0a\libcocoOS_5.0.3.a(os_kernel.o)
                0x08000d3a                os_tick
 *libgcc.a:(SORT_BY_ALIGNMENT(.text*))
 *libqfplib.a:(SORT_BY_ALIGNMENT(.text*))
 *libnano-float.a:(SORT_BY_ALIGNMENT(.text*))
 *libnewlib.a:(SORT_BY_ALIGNMENT(.text*))
 .text.strlen   0x08000d42       0x10 .pioenvs\bluepill_f103c8\liba13\libnewlib.a(strlen.o)
                0x08000d42                strlen
 .text.strncat  0x08000d52       0x28 .pioenvs\bluepill_f103c8\liba13\libnewlib.a(strncat.o)
                0x08000d52                strncat
 .text.memcmp   0x08000d7a       0x1e .pioenvs\bluepill_f103c8\liba13\libnewlib.a(memcmp.o)
                0x08000d7a                memcmp
 .text.memset   0x08000d98       0x10 .pioenvs\bluepill_f103c8\liba13\libnewlib.a(memset.o)
                0x08000d98                memset
 *liblogger.a:(SORT_BY_ALIGNMENT(.text*))
 .text.enable_log
                0x08000da8        0xc .pioenvs\bluepill_f103c8\lib931\liblogger.a(logger.o)
                0x08000da8                enable_log
 .text.debug_flush
                0x08000db4       0x38 .pioenvs\bluepill_f103c8\lib931\liblogger.a(logger.o)
                0x08000db4                debug_flush
 .text._ZL12debug_appendPKcj
                0x08000dec       0x50 .pioenvs\bluepill_f103c8\lib931\liblogger.a(logger.o)
 .text._Z11debug_printj
                0x08000e3c       0x7c .pioenvs\bluepill_f103c8\lib931\liblogger.a(logger.o)
                0x08000e3c                debug_print(unsigned int)
 .text._Z11debug_printi
                0x08000eb8       0x30 .pioenvs\bluepill_f103c8\lib931\liblogger.a(logger.o)
                0x08000eb8                debug_print(int)
 .text.debug_println
                0x08000ee8       0x1c .pioenvs\bluepill_f103c8\lib931\liblogger.a(logger.o)
                0x08000ee8                debug_println
 .text._Z13debug_printlni
                0x08000f04       0x18 .pioenvs\bluepill_f103c8\lib931\liblogger.a(logger.o)
                0x08000f04                debug_println(int)
 .text.debug_print
                0x08000f1c       0x1a .pioenvs\bluepill_f103c8\lib931\liblogger.a(logger.o)
                0x08000f1c                debug_print
 .text.debug_print_unsigned
                0x08000f36        0x4 .pioenvs\bluepill_f103c8\lib931\liblogger.a(logger.o)
                0x08000f36                debug_print_unsigned
 .text.debug_printhex
                0x08000f3a       0x42 .pioenvs\bluepill_f103c8\lib931\liblogger.a(logger.o)
                0x08000f3a                debug_printhex
 .text.debug_printhex_unsigned
                0x08000f7c       0x24 .pioenvs\bluepill_f103c8\lib931\liblogger.a(logger.o)
                0x08000f7c                debug_printhex_unsigned
 *libbluepill.a:(SORT_BY_ALIGNMENT(.text*))
 .text.platform_setup
                0x08000fa0       0x4c .pioenvs\bluepill_f103c8\libff7\libbluepill.a(bluepill.o)
                0x08000fa0                platform_setup
 .text.enable_debug
                0x08000fec       0x10 .pioenvs\bluepill_f103c8\libff7\libbluepill.a(bluepill.o)
                0x08000fec                enable_debug
 .text.led_setup
                0x08000ffc       0x20 .pioenvs\bluepill_f103c8\libff7\libbluepill.a(led.o)
                0x08000ffc                led_setup
 .text.led_on   0x0800101c       0x10 .pioenvs\bluepill_f103c8\libff7\libbluepill.a(led.o)
                0x0800101c                led_on
 .text.led_off  0x0800102c       0x10 .pioenvs\bluepill_f103c8\libff7\libbluepill.a(led.o)
                0x0800102c                led_off
 .text.led_wait
                0x0800103c       0x10 .pioenvs\bluepill_f103c8\libff7\libbluepill.a(led.o)
                0x0800103c                led_wait
 .text.platform_start_timer
                0x0800104c      0x118 .pioenvs\bluepill_f103c8\libff7\libbluepill.a(timer.o)
                0x0800104c                platform_start_timer
 .text.platform_set_alarm
                0x08001164       0xa8 .pioenvs\bluepill_f103c8\libff7\libbluepill.a(timer.o)
                0x08001164                platform_set_alarm
 .text.rtc_isr  0x0800120c       0x30 .pioenvs\bluepill_f103c8\libff7\libbluepill.a(timer.o)
                0x0800120c                rtc_isr
 .text.rtc_alarm_isr
                0x0800123c       0x30 .pioenvs\bluepill_f103c8\libff7\libbluepill.a(timer.o)
                0x0800123c                rtc_alarm_isr
 .text.platform_alarm_count
                0x0800126c        0xc .pioenvs\bluepill_f103c8\libff7\libbluepill.a(timer.o)
                0x0800126c                platform_alarm_count
 .text.platform_tick_count
                0x08001278        0xc .pioenvs\bluepill_f103c8\libff7\libbluepill.a(timer.o)
                0x08001278                platform_tick_count
 .text.__cxa_pure_virtual
                0x08001284        0x8 .pioenvs\bluepill_f103c8\libff7\libbluepill.a(bluepill.o)
                0x08001284                __cxa_pure_virtual
 .text._Znwj    0x0800128c        0x4 .pioenvs\bluepill_f103c8\libff7\libbluepill.a(bluepill.o)
                0x0800128c                operator new(unsigned int)
 .text._ZdlPv   0x08001290        0x4 .pioenvs\bluepill_f103c8\libff7\libbluepill.a(bluepill.o)
                0x08001290                operator delete(void*)
 .text.platform_get_alarm
                0x08001294        0x4 .pioenvs\bluepill_f103c8\libff7\libbluepill.a(timer.o)
                0x08001294                platform_get_alarm
 .text.millis   0x08001298        0x4 .pioenvs\bluepill_f103c8\libff7\libbluepill.a(timer.o)
                0x08001298                millis
 *libbootloader.a:(SORT_BY_ALIGNMENT(.text*))
                0x0800129c                . = ALIGN (0x4)
 :*reset_handler*(SORT_BY_ALIGNMENT(.rodata*))
 .rodata.reset_handler.str1.1
                0x0800129c       0x34 .pioenvs\bluepill_f103c8\libff2\hal\reset_handler.o
 *libhal.a:*reset_handler*(SORT_BY_ALIGNMENT(.rodata*))
 :*codal_target_hal*(SORT_BY_ALIGNMENT(.rodata*))
 .rodata._ZL11timer_alarmv.str1.1
                0x080012d0        0x4 .pioenvs\bluepill_f103c8\libff2\hal\codal_target_hal.o
 .rodata.target_panic.str1.1
                0x080012d4       0x13 .pioenvs\bluepill_f103c8\libff2\hal\codal_target_hal.o
 .rodata.target_wait.str1.1
                0x080012e7       0x10 .pioenvs\bluepill_f103c8\libff2\hal\codal_target_hal.o
 .rodata.target_wait_us.str1.1
                0x080012f7       0x13 .pioenvs\bluepill_f103c8\libff2\hal\codal_target_hal.o
 .rodata.test_codal.str1.1
                0x0800130a       0x34 .pioenvs\bluepill_f103c8\libff2\hal\codal_target_hal.o
 *libhal.a:*codal_target_hal*(SORT_BY_ALIGNMENT(.rodata*))
 :*CortexContextSwitch*(SORT_BY_ALIGNMENT(.rodata*))
 *libhal.a:(SORT_BY_ALIGNMENT(.rodata*))
 *liblibopencm3.a:(SORT_BY_ALIGNMENT(.rodata*))
 *libFrameworkLibOpenCM3.a:(SORT_BY_ALIGNMENT(.rodata*))
 *libcocoos.a:(SORT_BY_ALIGNMENT(.rodata*))
 *libcocoOS_?.?.?.a:(SORT_BY_ALIGNMENT(.rodata*))
 *libgcc.a:(SORT_BY_ALIGNMENT(.rodata*))
 *libqfplib.a:(SORT_BY_ALIGNMENT(.rodata*))
 *libnano-float.a:(SORT_BY_ALIGNMENT(.rodata*))
 *libnewlib.a:(SORT_BY_ALIGNMENT(.rodata*))
 *liblogger.a:(SORT_BY_ALIGNMENT(.rodata*))
 .rodata._Z11debug_printi.str1.1
                0x0800133e        0x4 .pioenvs\bluepill_f103c8\lib931\liblogger.a(logger.o)
 .rodata._Z11debug_printj.str1.1
                0x08001342        0xb .pioenvs\bluepill_f103c8\lib931\liblogger.a(logger.o)
 .rodata.debug_println.str1.1
                0x0800134d        0x2 .pioenvs\bluepill_f103c8\lib931\liblogger.a(logger.o)
 *libbluepill.a:(SORT_BY_ALIGNMENT(.rodata*))
 .rodata.platform_setup.str1.1
                0x0800134f       0x13 .pioenvs\bluepill_f103c8\libff7\libbluepill.a(bluepill.o)
 .rodata.platform_set_alarm.str1.1
                0x08001362        0xb .pioenvs\bluepill_f103c8\libff7\libbluepill.a(timer.o)
 .rodata.platform_start_timer.str1.1
                0x0800136d       0x2f .pioenvs\bluepill_f103c8\libff7\libbluepill.a(timer.o)
 *libbootloader.a:(SORT_BY_ALIGNMENT(.rodata*))
                0x0800139c                . = ALIGN (0x4)
                0x0800139c                _boot_etext = .

.text           0x08004800     0x295c
                0x08004800                . = ALIGN (0x4)
                0x08004800                _text = .
 *(SORT_BY_ALIGNMENT(.text.application_start))
 .text.application_start
                0x08004800       0xc4 .pioenvs\bluepill_f103c8\lib24c\libcm.a(application.o)
                0x08004800                application_start
 *(SORT_BY_ALIGNMENT(.text.main))
 *(SORT_BY_ALIGNMENT(.text.startup.main))
 .text.startup.main
                0x080048c4       0x14 .pioenvs\bluepill_f103c8\src\main.o
                0x080048c4                main
 *(SORT_BY_ALIGNMENT(.text*))
 .text._ZN5codal14CodalComponent4initEv
                0x080048d8        0x8 .pioenvs\bluepill_f103c8\src\main.o
                0x080048d8                codal::CodalComponent::init()
 .text._ZL10debug_dumpRN5codal13STM32BluePillEPKc
                0x080048e0       0x7c .pioenvs\bluepill_f103c8\src\main.o
 .text._ZN5codal14CodalComponentD2Ev
                0x0800495c       0x18 .pioenvs\bluepill_f103c8\src\main.o
                0x0800495c                codal::CodalComponent::~CodalComponent()
                0x0800495c                codal::CodalComponent::~CodalComponent()
 .text.startup._GLOBAL__sub_I_bluepill
                0x08004974       0x24 .pioenvs\bluepill_f103c8\src\main.o
 .text._Z10Blink_mainRN5codal13STM32BluePillE
                0x08004998       0x74 .pioenvs\bluepill_f103c8\src\main.o
                0x08004998                Blink_main(codal::STM32BluePill&)
 .text._ZN5codal13STM32BluePillD2Ev
                0x08004a0c       0x2c .pioenvs\bluepill_f103c8\src\main.o
                0x08004a0c                codal::STM32BluePill::~STM32BluePill()
                0x08004a0c                codal::STM32BluePill::~STM32BluePill()
 .text.startup._GLOBAL__sub_I_serialPort
                0x08004a38       0x10 .pioenvs\bluepill_f103c8\src\uart.o
 .text._Z18component_callbackN5codal5EventE
                0x08004a48       0x58 .pioenvs\bluepill_f103c8\lib635\libcodal-core.a(CodalComponent.o)
                0x08004a48                component_callback(codal::Event)
 .text._ZN5codal10EventModel6listenEiiPFvNS_5EventEEt
                0x08004aa0       0x60 .pioenvs\bluepill_f103c8\lib635\libcodal-core.a(CodalComponent.o)
                0x08004aa0                codal::EventModel::listen(int, int, void (*)(codal::Event), unsigned short)
 .text._ZN5codal14CodalComponent12addComponentEv
                0x08004b00       0x70 .pioenvs\bluepill_f103c8\lib635\libcodal-core.a(CodalComponent.o)
                0x08004b00                codal::CodalComponent::addComponent()
 .text._ZN5codal14CodalComponent15removeComponentEv
                0x08004b70       0x20 .pioenvs\bluepill_f103c8\lib635\libcodal-core.a(CodalComponent.o)
                0x08004b70                codal::CodalComponent::removeComponent()
 .text.codal_dmesg_flush
                0x08004b90       0x10 .pioenvs\bluepill_f103c8\lib635\libcodal-core.a(CodalDmesg.o)
                0x08004b90                codal_dmesg_flush
 .text._ZN5codal14scheduler_tickENS_5EventE
                0x08004ba0       0x38 .pioenvs\bluepill_f103c8\lib635\libcodal-core.a(CodalFiber.o)
                0x08004ba0                codal::scheduler_tick(codal::Event)
 .text._ZN5codal15scheduler_eventENS_5EventE
                0x08004bd8       0xc0 .pioenvs\bluepill_f103c8\lib635\libcodal-core.a(CodalFiber.o)
                0x08004bd8                codal::scheduler_event(codal::Event)
 .text._Z15getFiberContextv
                0x08004c98       0x50 .pioenvs\bluepill_f103c8\lib635\libcodal-core.a(CodalFiber.o)
                0x08004c98                getFiberContext()
 .text._ZL10handle_fobv
                0x08004ce8       0x2c .pioenvs\bluepill_f103c8\lib635\libcodal-core.a(CodalFiber.o)
 .text._ZN5codal23fiber_scheduler_runningEv
                0x08004d14       0x10 .pioenvs\bluepill_f103c8\lib635\libcodal-core.a(CodalFiber.o)
                0x08004d14                codal::fiber_scheduler_running()
 .text._ZN5codal14scheduler_initERNS_10EventModelE
                0x08004d24       0xac .pioenvs\bluepill_f103c8\lib635\libcodal-core.a(CodalFiber.o)
                0x08004d24                codal::scheduler_init(codal::EventModel&)
 .text._Z14__create_fibermmmi
                0x08004dd0       0x64 .pioenvs\bluepill_f103c8\lib635\libcodal-core.a(CodalFiber.o)
                0x08004dd0                __create_fiber(unsigned long, unsigned long, unsigned long, int)
 .text._ZN5codal17verify_stack_sizeEPNS_5FiberE
                0x08004e34       0x44 .pioenvs\bluepill_f103c8\lib635\libcodal-core.a(CodalFiber.o)
                0x08004e34                codal::verify_stack_size(codal::Fiber*)
 .text._ZN5codal24scheduler_runqueue_emptyEv
                0x08004e78       0x10 .pioenvs\bluepill_f103c8\lib635\libcodal-core.a(CodalFiber.o)
                0x08004e78                codal::scheduler_runqueue_empty()
 .text._ZN5codal4idleEv
                0x08004e88       0x3c .pioenvs\bluepill_f103c8\lib635\libcodal-core.a(CodalFiber.o)
                0x08004e88                codal::idle()
 .text._ZN5codal8scheduleEv
                0x08004ec4      0x108 .pioenvs\bluepill_f103c8\lib635\libcodal-core.a(CodalFiber.o)
                0x08004ec4                codal::schedule()
 .text._ZN5codal11fiber_sleepEm
                0x08004fcc       0x3c .pioenvs\bluepill_f103c8\lib635\libcodal-core.a(CodalFiber.o)
                0x08004fcc                codal::fiber_sleep(unsigned long)
 .text._ZN5codal13release_fiberEv
                0x08005008       0x6c .pioenvs\bluepill_f103c8\lib635\libcodal-core.a(CodalFiber.o)
                0x08005008                codal::release_fiber()
 .text._ZN5codal6invokeEPFvPvES0_
                0x08005074       0x80 .pioenvs\bluepill_f103c8\lib635\libcodal-core.a(CodalFiber.o)
                0x08005074                codal::invoke(void (*)(void*), void*)
 .text._Z18device_create_heapmm
                0x080050f4       0x3c .pioenvs\bluepill_f103c8\lib635\libcodal-core.a(CodalHeapAllocator.o)
                0x080050f4                device_create_heap(unsigned long, unsigned long)
 .text.device_malloc
                0x08005130       0x48 .pioenvs\bluepill_f103c8\lib635\libcodal-core.a(CodalHeapAllocator.o)
                0x08005130                device_malloc
                0x08005130                malloc
 .text.device_free
                0x08005178       0x40 .pioenvs\bluepill_f103c8\lib635\libcodal-core.a(CodalHeapAllocator.o)
                0x08005178                free
                0x08005178                device_free
 .text._ZN5codal5TimerC2Ev
                0x080051b8       0x34 .pioenvs\bluepill_f103c8\lib635\libcodal-core.a(Timer.o)
                0x080051b8                codal::Timer::Timer()
                0x080051b8                codal::Timer::Timer()
 .text._ZN5codal25system_timer_current_timeEv
                0x080051ec       0x10 .pioenvs\bluepill_f103c8\lib635\libcodal-core.a(Timer.o)
                0x080051ec                codal::system_timer_current_time()
 .text._ZN5codal27system_timer_event_every_usEmtt
                0x080051fc       0x24 .pioenvs\bluepill_f103c8\lib635\libcodal-core.a(Timer.o)
                0x080051fc                codal::system_timer_event_every_us(unsigned long, unsigned short, unsigned short)
 .text._ZN5codal10EventModel4sendENS_5EventE
                0x08005220       0x14 .pioenvs\bluepill_f103c8\lib635\libcodal-core.a(MessageBus.o)
                0x08005220                codal::EventModel::send(codal::Event)
 .text._ZN5codal10EventModel3addEPNS_8ListenerE
                0x08005234        0x8 .pioenvs\bluepill_f103c8\lib635\libcodal-core.a(MessageBus.o)
                0x08005234                codal::EventModel::add(codal::Listener*)
 .text._ZN5codal10EventModel6removeEPNS_8ListenerE
                0x0800523c        0x8 .pioenvs\bluepill_f103c8\lib635\libcodal-core.a(MessageBus.o)
                0x0800523c                codal::EventModel::remove(codal::Listener*)
 .text._ZN5codal10MessageBus6removeEPNS_8ListenerE
                0x08005244       0x70 .pioenvs\bluepill_f103c8\lib635\libcodal-core.a(MessageBus.o)
                0x08005244                codal::MessageBus::remove(codal::Listener*)
 .text._ZN5codal10MessageBus3addEPNS_8ListenerE
                0x080052b4       0xbc .pioenvs\bluepill_f103c8\lib635\libcodal-core.a(MessageBus.o)
                0x080052b4                codal::MessageBus::add(codal::Listener*)
 .text._ZN5codal10MessageBusD2Ev
                0x08005370       0x78 .pioenvs\bluepill_f103c8\lib635\libcodal-core.a(MessageBus.o)
                0x08005370                codal::MessageBus::~MessageBus()
                0x08005370                codal::MessageBus::~MessageBus()
 .text._ZN5codal10MessageBusC2Ev
                0x080053e8       0xa8 .pioenvs\bluepill_f103c8\lib635\libcodal-core.a(MessageBus.o)
                0x080053e8                codal::MessageBus::MessageBus()
                0x080053e8                codal::MessageBus::MessageBus()
 .text._ZN5codal10MessageBus7processERNS_5EventEb
                0x08005490       0x84 .pioenvs\bluepill_f103c8\lib635\libcodal-core.a(MessageBus.o)
                0x08005490                codal::MessageBus::process(codal::Event&, bool)
 .text._ZN5codal19allocateNotifyEventEv
                0x08005514       0x10 .pioenvs\bluepill_f103c8\lib635\libcodal-core.a(MessageBus.o)
                0x08005514                codal::allocateNotifyEvent()
 .text._ZN5codal5Event4fireEv
                0x08005524       0x20 .pioenvs\bluepill_f103c8\lib635\libcodal-core.a(Event.o)
                0x08005524                codal::Event::fire()
 .text._ZN5codal3_cm3Pin14setAnalogValueEi
                0x08005544       0x1c .pioenvs\bluepill_f103c8\lib24c\libcm.a(CmPin.o)
                0x08005544                codal::_cm::Pin::setAnalogValue(int)
 .text._ZN5codal3_cm3Pin13setServoValueEiii
                0x08005560       0x2c .pioenvs\bluepill_f103c8\lib24c\libcm.a(CmPin.o)
                0x08005560                codal::_cm::Pin::setServoValue(int, int, int)
 .text._ZN5codal3_cm3Pin9isTouchedEv
                0x0800558c        0x8 .pioenvs\bluepill_f103c8\lib24c\libcm.a(CmPin.o)
                0x0800558c                codal::_cm::Pin::isTouched()
 .text._ZN5codal3_cm3Pin17getAnalogPeriodUsEv
                0x08005594        0x8 .pioenvs\bluepill_f103c8\lib24c\libcm.a(CmPin.o)
                0x08005594                codal::_cm::Pin::getAnalogPeriodUs()
 .text._ZN5codal3_cm3Pin15setDigitalValueEi
                0x0800559c       0x88 .pioenvs\bluepill_f103c8\lib24c\libcm.a(CmPin.o)
                0x0800559c                codal::_cm::Pin::setDigitalValue(int)
 .text._ZN5codal3_cm3PinC2EhmmtNS_13PinCapabilityE
                0x08005624       0x2c .pioenvs\bluepill_f103c8\lib24c\libcm.a(CmPin.o)
                0x08005624                codal::_cm::Pin::Pin(unsigned char, unsigned long, unsigned long, unsigned short, codal::PinCapability)
                0x08005624                codal::_cm::Pin::Pin(unsigned char, unsigned long, unsigned long, unsigned short, codal::PinCapability)
 .text._ZN5codal3_cm5Timer9triggerInEm
                0x08005650       0x38 .pioenvs\bluepill_f103c8\lib24c\libcm.a(CmTimer.o)
                0x08005650                codal::_cm::Timer::triggerIn(unsigned long)
 .text._ZN5codal3_cm5TimerC2Ev
                0x08005688       0x20 .pioenvs\bluepill_f103c8\lib24c\libcm.a(CmTimer.o)
                0x08005688                codal::_cm::Timer::Timer()
                0x08005688                codal::_cm::Timer::Timer()
 .text._ZN5codal13STM32BluePill4initEv
                0x080056a8       0x70 .pioenvs\bluepill_f103c8\lib400\libmodel.a(STM32BluePill.o)
                0x080056a8                codal::STM32BluePill::init()
 .text._ZN5codal13STM32BluePillC2Ev
                0x08005718       0x90 .pioenvs\bluepill_f103c8\lib400\libmodel.a(STM32BluePill.o)
                0x08005718                codal::STM32BluePill::STM32BluePill()
                0x08005718                codal::STM32BluePill::STM32BluePill()
 .text._ZN5codal15STM32BluePillIOC2Ev
                0x080057a8      0xaf0 .pioenvs\bluepill_f103c8\lib400\libmodel.a(STM32BluePillIO.o)
                0x080057a8                codal::STM32BluePillIO::STM32BluePillIO()
                0x080057a8                codal::STM32BluePillIO::STM32BluePillIO()
 .text.usart2_isr
                0x08006298       0x50 .pioenvs\bluepill_f103c8\lib492\libuartint.a(uartint.o)
                0x08006298                usart2_isr
 .text.startup._GLOBAL__sub_I__ZN13UARTInterfaceC2Ejj
                0x080062e8       0x10 .pioenvs\bluepill_f103c8\lib492\libuartint.a(uartint.o)
 .text._ZN5codal3_cm3I2CC2ERNS_3PinES3_
                0x080062f8       0x1c .pioenvs\bluepill_f103c8\lib24c\libcm.a(CmI2C.o)
                0x080062f8                codal::_cm::I2C::I2C(codal::Pin&, codal::Pin&)
                0x080062f8                codal::_cm::I2C::I2C(codal::Pin&, codal::Pin&)
 .text._ZN5codal3_cm3SPI4initEv
                0x08006314       0x5c .pioenvs\bluepill_f103c8\lib24c\libcm.a(CmSPI.o)
                0x08006314                codal::_cm::SPI::init()
 .text._ZN5codal3_cm3SPIC2ERNS0_3PinES3_S3_S3_
                0x08006370       0x9c .pioenvs\bluepill_f103c8\lib24c\libcm.a(CmSPI.o)
                0x08006370                codal::_cm::SPI::SPI(codal::_cm::Pin&, codal::_cm::Pin&, codal::_cm::Pin&, codal::_cm::Pin&)
                0x08006370                codal::_cm::SPI::SPI(codal::_cm::Pin&, codal::_cm::Pin&, codal::_cm::Pin&, codal::_cm::Pin&)
 .text.pinmap_peripheral
                0x0800640c       0x30 .pioenvs\bluepill_f103c8\lib24c\libcm.a(CmPinMap.o)
                0x0800640c                pinmap_peripheral
 .text.pinmap_mode
                0x0800643c       0x2c .pioenvs\bluepill_f103c8\lib24c\libcm.a(CmPinMap.o)
                0x0800643c                pinmap_mode
 .text.pinmap_cnf
                0x08006468       0x2c .pioenvs\bluepill_f103c8\lib24c\libcm.a(CmPinMap.o)
                0x08006468                pinmap_cnf
 .text._ZN5codal3I2CC2ERNS_3PinES2_
                0x08006494        0xc .pioenvs\bluepill_f103c8\lib635\libcodal-core.a(I2C.o)
                0x08006494                codal::I2C::I2C(codal::Pin&, codal::Pin&)
                0x08006494                codal::I2C::I2C(codal::Pin&, codal::Pin&)
 .text._ZN5codal14CodalComponent16periodicCallbackEv
                0x080064a0        0x2 .pioenvs\bluepill_f103c8\src\main.o
                0x080064a0                codal::CodalComponent::periodicCallback()
 .text._ZN5codal14CodalComponent12idleCallbackEv
                0x080064a2        0x2 .pioenvs\bluepill_f103c8\src\main.o
                0x080064a2                codal::CodalComponent::idleCallback()
 .text._ZN5codal14CodalComponentD0Ev
                0x080064a4       0x12 .pioenvs\bluepill_f103c8\src\main.o
                0x080064a4                codal::CodalComponent::~CodalComponent()
 .text._ZN5codal13STM32BluePillD0Ev
                0x080064b6       0x12 .pioenvs\bluepill_f103c8\src\main.o
                0x080064b6                codal::STM32BluePill::~STM32BluePill()
 .text._ZN5codal11queue_fiberEPNS_5FiberEPS1_
                0x080064c8       0x2e .pioenvs\bluepill_f103c8\lib635\libcodal-core.a(CodalFiber.o)
                0x080064c8                codal::queue_fiber(codal::Fiber*, codal::Fiber**)
 .text._ZN5codal13dequeue_fiberEPNS_5FiberE
                0x080064f6       0x34 .pioenvs\bluepill_f103c8\lib635\libcodal-core.a(CodalFiber.o)
                0x080064f6                codal::dequeue_fiber(codal::Fiber*)
 .text._ZN5codal12create_fiberEPFvPvES0_S2_
                0x0800652a       0x1e .pioenvs\bluepill_f103c8\lib635\libcodal-core.a(CodalFiber.o)
                0x0800652a                codal::create_fiber(void (*)(void*), void*, void (*)(void*))
 .text._ZN5codal16launch_new_fiberEPFvvES1_
                0x08006548       0x10 .pioenvs\bluepill_f103c8\lib635\libcodal-core.a(CodalFiber.o)
                0x08006548                codal::launch_new_fiber(void (*)(), void (*)())
 .text._ZN5codal13release_fiberEPv
                0x08006558       0x12 .pioenvs\bluepill_f103c8\lib635\libcodal-core.a(CodalFiber.o)
                0x08006558                codal::release_fiber(void*)
 .text._ZN5codal22launch_new_fiber_paramEPFvPvES2_S0_
                0x0800656a       0x1a .pioenvs\bluepill_f103c8\lib635\libcodal-core.a(CodalFiber.o)
                0x0800656a                codal::launch_new_fiber_param(void (*)(void*), void (*)(void*), void*)
 .text._ZN5codal9idle_taskEv
                0x08006584        0xc .pioenvs\bluepill_f103c8\lib635\libcodal-core.a(CodalFiber.o)
                0x08006584                codal::idle_task()
 .text._Z16device_malloc_injR14HeapDefinition
                0x08006590       0x84 .pioenvs\bluepill_f103c8\lib635\libcodal-core.a(CodalHeapAllocator.o)
                0x08006590                device_malloc_in(unsigned int, HeapDefinition&)
 .text._ZN5codal8ListenerC2EttPFvNS_5EventEEt
                0x08006614       0x28 .pioenvs\bluepill_f103c8\lib635\libcodal-core.a(CodalListener.o)
                0x08006614                codal::Listener::Listener(unsigned short, unsigned short, void (*)(codal::Event), unsigned short)
                0x08006614                codal::Listener::Listener(unsigned short, unsigned short, void (*)(codal::Event), unsigned short)
 .text._ZN5codal8ListenerD2Ev
                0x0800663c       0x14 .pioenvs\bluepill_f103c8\lib635\libcodal-core.a(CodalListener.o)
                0x0800663c                codal::Listener::~Listener()
                0x0800663c                codal::Listener::~Listener()
 .text._ZN5codal8Listener5queueENS_5EventE
                0x08006650       0x5c .pioenvs\bluepill_f103c8\lib635\libcodal-core.a(CodalListener.o)
                0x08006650                codal::Listener::queue(codal::Event)
 .text._ZN5codal5Timer17disableInterruptsEv
                0x080066ac        0xa .pioenvs\bluepill_f103c8\lib635\libcodal-core.a(Timer.o)
                0x080066ac                codal::Timer::disableInterrupts()
 .text._ZN5codal5Timer16enableInterruptsEv
                0x080066b6        0xa .pioenvs\bluepill_f103c8\lib635\libcodal-core.a(Timer.o)
                0x080066b6                codal::Timer::enableInterrupts()
 .text._ZN5codal5Timer13getTimerEventEv
                0x080066c0       0x22 .pioenvs\bluepill_f103c8\lib635\libcodal-core.a(Timer.o)
                0x080066c0                codal::Timer::getTimerEvent()
 .text._ZN5codal5Timer7getTimeEv
                0x080066e2        0xe .pioenvs\bluepill_f103c8\lib635\libcodal-core.a(Timer.o)
                0x080066e2                codal::Timer::getTime()
 .text._ZN5codal5Timer9getTimeUsEv
                0x080066f0        0xe .pioenvs\bluepill_f103c8\lib635\libcodal-core.a(Timer.o)
                0x080066f0                codal::Timer::getTimeUs()
 .text._ZN5codal5Timer8setEventEmttb
                0x080066fe       0x66 .pioenvs\bluepill_f103c8\lib635\libcodal-core.a(Timer.o)
                0x080066fe                codal::Timer::setEvent(unsigned long, unsigned short, unsigned short, bool)
 .text._ZN5codal5Timer12eventEveryUsEmtt
                0x08006764        0xe .pioenvs\bluepill_f103c8\lib635\libcodal-core.a(Timer.o)
                0x08006764                codal::Timer::eventEveryUs(unsigned long, unsigned short, unsigned short)
 .text._ZN5codal5Timer4syncEm
                0x08006772       0x24 .pioenvs\bluepill_f103c8\lib635\libcodal-core.a(Timer.o)
                0x08006772                codal::Timer::sync(unsigned long)
 .text._ZN5codal5TimerD2Ev
                0x08006796        0x2 .pioenvs\bluepill_f103c8\lib635\libcodal-core.a(Timer.o)
                0x08006796                codal::Timer::~Timer()
                0x08006796                codal::Timer::~Timer()
 .text._ZN5codal10MessageBus9elementAtEi
                0x08006798       0x10 .pioenvs\bluepill_f103c8\lib635\libcodal-core.a(MessageBus.o)
                0x08006798                codal::MessageBus::elementAt(int)
 .text._ZN5codal22MemberFunctionCallback10methodCallINS_10MessageBusEEEvPvPmNS_5EventE
                0x080067a8       0x30 .pioenvs\bluepill_f103c8\lib635\libcodal-core.a(MessageBus.o)
                0x080067a8                void codal::MemberFunctionCallback::methodCall<codal::MessageBus>(void*, unsigned long*, codal::Event)
 .text._Z14async_callbackPv
                0x080067d8       0x7c .pioenvs\bluepill_f103c8\lib635\libcodal-core.a(MessageBus.o)
                0x080067d8                async_callback(void*)
 .text._ZThn8_N5codal10MessageBusD1Ev
                0x08006854        0x8 .pioenvs\bluepill_f103c8\lib635\libcodal-core.a(MessageBus.o)
                0x08006854                non-virtual thunk to codal::MessageBus::~MessageBus()
 .text._ZN5codal10MessageBusD0Ev
                0x0800685c       0x12 .pioenvs\bluepill_f103c8\lib635\libcodal-core.a(MessageBus.o)
                0x0800685c                codal::MessageBus::~MessageBus()
 .text._ZThn8_N5codal10MessageBusD0Ev
                0x0800686e        0x8 .pioenvs\bluepill_f103c8\lib635\libcodal-core.a(MessageBus.o)
                0x0800686e                non-virtual thunk to codal::MessageBus::~MessageBus()
 .text._ZN5codal10MessageBus12dequeueEventEv
                0x08006876       0x22 .pioenvs\bluepill_f103c8\lib635\libcodal-core.a(MessageBus.o)
                0x08006876                codal::MessageBus::dequeueEvent()
 .text._ZN5codal10MessageBus21deleteMarkedListenersEv
                0x08006898       0x42 .pioenvs\bluepill_f103c8\lib635\libcodal-core.a(MessageBus.o)
                0x08006898                codal::MessageBus::deleteMarkedListeners()
 .text._ZN5codal10MessageBus10queueEventERNS_5EventE
                0x080068da       0x5e .pioenvs\bluepill_f103c8\lib635\libcodal-core.a(MessageBus.o)
                0x080068da                codal::MessageBus::queueEvent(codal::Event&)
 .text._ZN5codal10MessageBus4sendENS_5EventE
                0x08006938       0x16 .pioenvs\bluepill_f103c8\lib635\libcodal-core.a(MessageBus.o)
                0x08006938                codal::MessageBus::send(codal::Event)
 .text._ZN5codal10MessageBus4idleENS_5EventE
                0x0800694e       0x34 .pioenvs\bluepill_f103c8\lib635\libcodal-core.a(MessageBus.o)
                0x0800694e                codal::MessageBus::idle(codal::Event)
 .text._ZN5codal5EventC2Ev
                0x08006982       0x12 .pioenvs\bluepill_f103c8\lib635\libcodal-core.a(Event.o)
                0x08006982                codal::Event::Event()
                0x08006982                codal::Event::Event()
 .text._ZN5codal5EventC2EttNS_15EventLaunchModeE
                0x08006994       0x1c .pioenvs\bluepill_f103c8\lib635\libcodal-core.a(Event.o)
                0x08006994                codal::Event::Event(unsigned short, unsigned short, codal::EventLaunchMode)
                0x08006994                codal::Event::Event(unsigned short, unsigned short, codal::EventLaunchMode)
 .text._ZN5codal14EventQueueItemC2ENS_5EventE
                0x080069b0       0x20 .pioenvs\bluepill_f103c8\lib635\libcodal-core.a(Event.o)
                0x080069b0                codal::EventQueueItem::EventQueueItem(codal::Event)
                0x080069b0                codal::EventQueueItem::EventQueueItem(codal::Event)
 .text._ZN5codal22MemberFunctionCallback4fireENS_5EventE
                0x080069d0       0x18 .pioenvs\bluepill_f103c8\lib635\libcodal-core.a(MemberFunctionCallback.o)
                0x080069d0                codal::MemberFunctionCallback::fire(codal::Event)
 .text._ZN5codal22MemberFunctionCallbackeqERKS0_
                0x080069e8       0x20 .pioenvs\bluepill_f103c8\lib635\libcodal-core.a(MemberFunctionCallback.o)
                0x080069e8                codal::MemberFunctionCallback::operator==(codal::MemberFunctionCallback const&)
 .text._ZN5codal3Pin15setServoPulseUsEm
                0x08006a08        0x6 .pioenvs\bluepill_f103c8\lib24c\libcm.a(CmPin.o)
                0x08006a08                codal::Pin::setServoPulseUs(unsigned long)
 .text._ZN5codal3Pin17setAnalogPeriodUsEm
                0x08006a0e        0x6 .pioenvs\bluepill_f103c8\lib24c\libcm.a(CmPin.o)
                0x08006a0e                codal::Pin::setAnalogPeriodUs(unsigned long)
 .text._ZN5codal3Pin8drainPinEv
                0x08006a14        0x6 .pioenvs\bluepill_f103c8\lib24c\libcm.a(CmPin.o)
                0x08006a14                codal::Pin::drainPin()
 .text._ZN5codal3_cm3Pin15getDigitalValueEv
                0x08006a1a        0x4 .pioenvs\bluepill_f103c8\lib24c\libcm.a(CmPin.o)
                0x08006a1a                codal::_cm::Pin::getDigitalValue()
 .text._ZN5codal3_cm3Pin15getDigitalValueENS_8PullModeE
                0x08006a1e       0x16 .pioenvs\bluepill_f103c8\lib24c\libcm.a(CmPin.o)
                0x08006a1e                codal::_cm::Pin::getDigitalValue(codal::PullMode)
 .text._ZN5codal3_cm3Pin14getAnalogValueEv
                0x08006a34        0x4 .pioenvs\bluepill_f103c8\lib24c\libcm.a(CmPin.o)
                0x08006a34                codal::_cm::Pin::getAnalogValue()
 .text._ZN5codal3_cm3Pin7isInputEv
                0x08006a38        0xe .pioenvs\bluepill_f103c8\lib24c\libcm.a(CmPin.o)
                0x08006a38                codal::_cm::Pin::isInput()
 .text._ZN5codal3_cm3Pin8isOutputEv
                0x08006a46        0xe .pioenvs\bluepill_f103c8\lib24c\libcm.a(CmPin.o)
                0x08006a46                codal::_cm::Pin::isOutput()
 .text._ZN5codal3_cm3Pin9isDigitalEv
                0x08006a54        0xc .pioenvs\bluepill_f103c8\lib24c\libcm.a(CmPin.o)
                0x08006a54                codal::_cm::Pin::isDigital()
 .text._ZN5codal3_cm3Pin8isAnalogEv
                0x08006a60        0xe .pioenvs\bluepill_f103c8\lib24c\libcm.a(CmPin.o)
                0x08006a60                codal::_cm::Pin::isAnalog()
 .text._ZN5codal3_cm3Pin15getAnalogPeriodEv
                0x08006a6e       0x12 .pioenvs\bluepill_f103c8\lib24c\libcm.a(CmPin.o)
                0x08006a6e                codal::_cm::Pin::getAnalogPeriod()
 .text._ZN5codal3_cm3Pin7setPullENS_8PullModeE
                0x08006a80        0x6 .pioenvs\bluepill_f103c8\lib24c\libcm.a(CmPin.o)
                0x08006a80                codal::_cm::Pin::setPull(codal::PullMode)
 .text._ZN5codal3_cm3Pin5setupEhh
                0x08006a86       0x1e .pioenvs\bluepill_f103c8\lib24c\libcm.a(CmPin.o)
                0x08006a86                codal::_cm::Pin::setup(unsigned char, unsigned char)
 .text._ZN5codal3_cm3Pin17setAnalogPeriodUsEi
                0x08006aa4       0x12 .pioenvs\bluepill_f103c8\lib24c\libcm.a(CmPin.o)
                0x08006aa4                codal::_cm::Pin::setAnalogPeriodUs(int)
 .text._ZN5codal3_cm3Pin15setAnalogPeriodEi
                0x08006ab6        0xa .pioenvs\bluepill_f103c8\lib24c\libcm.a(CmPin.o)
                0x08006ab6                codal::_cm::Pin::setAnalogPeriod(int)
 .text._ZN5codal3_cm3Pin13disableEventsEv
                0x08006ac0       0x10 .pioenvs\bluepill_f103c8\lib24c\libcm.a(CmPin.o)
                0x08006ac0                codal::_cm::Pin::disableEvents()
 .text._ZN5codal3_cm3Pin7eventOnEi
                0x08006ad0       0x26 .pioenvs\bluepill_f103c8\lib24c\libcm.a(CmPin.o)
                0x08006ad0                codal::_cm::Pin::eventOn(int)
 .text._ZN5codal3_cm5Timer11syncRequestEv
                0x08006af6       0x26 .pioenvs\bluepill_f103c8\lib24c\libcm.a(CmTimer.o)
                0x08006af6                codal::_cm::Timer::syncRequest()
 .text._ZN5codal13STM32BluePill16periodicCallbackEv
                0x08006b1c        0x2 .pioenvs\bluepill_f103c8\lib400\libmodel.a(STM32BluePill.o)
                0x08006b1c                codal::STM32BluePill::periodicCallback()
 .text._ZN5codal13STM32BluePill12idleCallbackEv
                0x08006b1e        0x4 .pioenvs\bluepill_f103c8\lib400\libmodel.a(STM32BluePill.o)
                0x08006b1e                codal::STM32BluePill::idleCallback()
 .text._ZN13UARTInterfaceC2Ejj
                0x08006b22        0x2 .pioenvs\bluepill_f103c8\lib492\libuartint.a(uartint.o)
                0x08006b22                UARTInterface::UARTInterface(unsigned int, unsigned int)
                0x08006b22                UARTInterface::UARTInterface(unsigned int, unsigned int)
 .text._ZN5codal3_cm3I2C12setFrequencyEm
                0x08006b24        0x4 .pioenvs\bluepill_f103c8\lib24c\libcm.a(CmI2C.o)
                0x08006b24                codal::_cm::I2C::setFrequency(unsigned long)
 .text._ZN5codal3_cm3I2C5writeEtPhib
                0x08006b28        0x4 .pioenvs\bluepill_f103c8\lib24c\libcm.a(CmI2C.o)
                0x08006b28                codal::_cm::I2C::write(unsigned short, unsigned char*, int, bool)
                0x08006b28                codal::_cm::I2C::read(unsigned short, unsigned char*, int, bool)
 .text._ZN5codal3_cm3I2C12readRegisterEthPhib
                0x08006b2c        0x4 .pioenvs\bluepill_f103c8\lib24c\libcm.a(CmI2C.o)
                0x08006b2c                codal::_cm::I2C::readRegister(unsigned short, unsigned char, unsigned char*, int, bool)
 .text._ZN5codal3_cm3SPI12setFrequencyEm
                0x08006b30        0xc .pioenvs\bluepill_f103c8\lib24c\libcm.a(CmSPI.o)
                0x08006b30                codal::_cm::SPI::setFrequency(unsigned long)
 .text._ZN5codal3_cm3SPI5writeEi
                0x08006b3c        0xe .pioenvs\bluepill_f103c8\lib24c\libcm.a(CmSPI.o)
                0x08006b3c                codal::_cm::SPI::write(int)
 .text._ZN5codal3_cm3SPI8transferEPKhmPhm
                0x08006b4a        0x4 .pioenvs\bluepill_f103c8\lib24c\libcm.a(CmSPI.o)
                0x08006b4a                codal::_cm::SPI::transfer(unsigned char const*, unsigned long, unsigned char*, unsigned long)
 .text._ZN5codal3_cm3SPI7setModeEii
                0x08006b4e       0x18 .pioenvs\bluepill_f103c8\lib24c\libcm.a(CmSPI.o)
                0x08006b4e                codal::_cm::SPI::setMode(int, int)
 .text._ZN5codal3_cm16_codal_setup_pinEPNS0_3PinEmPK6PinMap
                0x08006b66       0x54 .pioenvs\bluepill_f103c8\lib24c\libcm.a(CmSPI.o)
                0x08006b66                codal::_cm::_codal_setup_pin(codal::_cm::Pin*, unsigned long, PinMap const*)
 .text._ZN5codal3_cm3SPI13startTransferEPKhmPhmPFvPvES5_
                0x08006bba       0x28 .pioenvs\bluepill_f103c8\lib24c\libcm.a(CmSPI.o)
                0x08006bba                codal::_cm::SPI::startTransfer(unsigned char const*, unsigned long, unsigned char*, unsigned long, void (*)(void*), void*)
 .text._ZN5codal3I2C12setFrequencyEm
                0x08006be2        0x6 .pioenvs\bluepill_f103c8\lib635\libcodal-core.a(I2C.o)
                0x08006be2                codal::I2C::setFrequency(unsigned long)
 .text._ZN5codal3I2C5startEv
                0x08006be8        0x6 .pioenvs\bluepill_f103c8\lib635\libcodal-core.a(I2C.o)
                0x08006be8                codal::I2C::start()
                0x08006be8                codal::I2C::stop()
 .text._ZN5codal3I2C5writeEh
                0x08006bee        0x6 .pioenvs\bluepill_f103c8\lib635\libcodal-core.a(I2C.o)
                0x08006bee                codal::I2C::write(unsigned char)
                0x08006bee                codal::I2C::read(codal::AcknowledgeType)
 .text._ZN5codal3I2C13writeRegisterEthh
                0x08006bf4       0x1c .pioenvs\bluepill_f103c8\lib635\libcodal-core.a(I2C.o)
                0x08006bf4                codal::I2C::writeRegister(unsigned short, unsigned char, unsigned char)
 .text._ZN5codal3I2C5writeEtPhib
                0x08006c10       0x50 .pioenvs\bluepill_f103c8\lib635\libcodal-core.a(I2C.o)
                0x08006c10                codal::I2C::write(unsigned short, unsigned char*, int, bool)
 .text._ZN5codal3I2C4readEtPhib
                0x08006c60       0x64 .pioenvs\bluepill_f103c8\lib635\libcodal-core.a(I2C.o)
                0x08006c60                codal::I2C::read(unsigned short, unsigned char*, int, bool)
 .text._ZN5codal3I2C5writeEth
                0x08006cc4       0x1c .pioenvs\bluepill_f103c8\lib635\libcodal-core.a(I2C.o)
                0x08006cc4                codal::I2C::write(unsigned short, unsigned char)
 .text._ZN5codal3I2C12readRegisterEthPhib
                0x08006ce0       0x42 .pioenvs\bluepill_f103c8\lib635\libcodal-core.a(I2C.o)
                0x08006ce0                codal::I2C::readRegister(unsigned short, unsigned char, unsigned char*, int, bool)
                0x08006d24                . = ALIGN (0x4)
 *fill*         0x08006d22        0x2 
 *(SORT_BY_ALIGNMENT(.rodata*))
 .rodata._ZTVN5codal14CodalComponentE
                0x08006d24       0x1c .pioenvs\bluepill_f103c8\src\main.o
                0x08006d24                vtable for codal::CodalComponent
 .rodata._ZTVN5codal5TimerE
                0x08006d40       0x18 .pioenvs\bluepill_f103c8\lib635\libcodal-core.a(Timer.o)
                0x08006d40                vtable for codal::Timer
 .rodata._ZTVN5codal10EventModelE
                0x08006d58       0x14 .pioenvs\bluepill_f103c8\lib635\libcodal-core.a(MessageBus.o)
                0x08006d58                vtable for codal::EventModel
 .rodata._ZTVN5codal10MessageBusE
                0x08006d6c       0x3c .pioenvs\bluepill_f103c8\lib635\libcodal-core.a(MessageBus.o)
                0x08006d6c                vtable for codal::MessageBus
 .rodata._ZTVN5codal3_cm3PinE
                0x08006da8       0x54 .pioenvs\bluepill_f103c8\lib24c\libcm.a(CmPin.o)
                0x08006da8                vtable for codal::_cm::Pin
 .rodata._ZTVN5codal3_cm5TimerE
                0x08006dfc       0x18 .pioenvs\bluepill_f103c8\lib24c\libcm.a(CmTimer.o)
                0x08006dfc                vtable for codal::_cm::Timer
 .rodata._ZTVN5codal13STM32BluePillE
                0x08006e14       0x1c .pioenvs\bluepill_f103c8\lib400\libmodel.a(STM32BluePill.o)
                0x08006e14                vtable for codal::STM32BluePill
 .rodata.PinMap_SPI_MISO
                0x08006e30       0x48 .pioenvs\bluepill_f103c8\lib400\libmodel.a(STM32BluePillIO.o)
                0x08006e30                PinMap_SPI_MISO
 .rodata.PinMap_SPI_MOSI
                0x08006e78       0x48 .pioenvs\bluepill_f103c8\lib400\libmodel.a(STM32BluePillIO.o)
                0x08006e78                PinMap_SPI_MOSI
 .rodata.PinMap_SPI_NSS
                0x08006ec0       0x48 .pioenvs\bluepill_f103c8\lib400\libmodel.a(STM32BluePillIO.o)
                0x08006ec0                PinMap_SPI_NSS
 .rodata.PinMap_SPI_SCK
                0x08006f08       0x48 .pioenvs\bluepill_f103c8\lib400\libmodel.a(STM32BluePillIO.o)
                0x08006f08                PinMap_SPI_SCK
 .rodata._ZTVN5codal3_cm3I2CE
                0x08006f50       0x2c .pioenvs\bluepill_f103c8\lib24c\libcm.a(CmI2C.o)
                0x08006f50                vtable for codal::_cm::I2C
 .rodata._ZTVN5codal3_cm3SPIE
                0x08006f7c       0x1c .pioenvs\bluepill_f103c8\lib24c\libcm.a(CmSPI.o)
                0x08006f7c                vtable for codal::_cm::SPI
 .rodata._ZTVN5codal3I2CE
                0x08006f98       0x2c .pioenvs\bluepill_f103c8\lib635\libcodal-core.a(I2C.o)
                0x08006f98                vtable for codal::I2C
 .rodata._Z10Blink_mainRN5codal13STM32BluePillE.str1.1
                0x08006fc4       0x1f .pioenvs\bluepill_f103c8\src\main.o
 .rodata._ZL10debug_dumpRN5codal13STM32BluePillEPKc.str1.1
                0x08006fe3       0x21 .pioenvs\bluepill_f103c8\src\main.o
                                 0x22 (size before relaxing)
 .rodata._ZN5codal3_cm3Pin15setDigitalValueEi.str1.1
                0x08007004       0x43 .pioenvs\bluepill_f103c8\lib24c\libcm.a(CmPin.o)
 .rodata._ZN5codal3_cm5Timer9triggerInEm.str1.1
                0x08007047       0x43 .pioenvs\bluepill_f103c8\lib24c\libcm.a(CmTimer.o)
                                  0x2 (size before relaxing)
 .rodata.application_start.str1.1
                0x08007047       0x34 .pioenvs\bluepill_f103c8\lib24c\libcm.a(application.o)
 .rodata._ZN5codal13STM32BluePill4initEv.str1.1
                0x0800707b       0x42 .pioenvs\bluepill_f103c8\lib400\libmodel.a(STM32BluePill.o)
 .rodata._ZN5codal13STM32BluePillC2Ev.str1.1
                0x080070bd       0x13 .pioenvs\bluepill_f103c8\lib400\libmodel.a(STM32BluePill.o)
 .rodata._ZN5codal3_cm3SPI4initEv.str1.1
                0x080070d0       0x10 .pioenvs\bluepill_f103c8\lib24c\libcm.a(CmSPI.o)
 .rodata._ZN5codal3_cm3SPIC2ERNS0_3PinES3_S3_.str1.1
                0x080070e0       0x22 .pioenvs\bluepill_f103c8\lib24c\libcm.a(CmSPI.o)
                                 0x23 (size before relaxing)
 .rodata._ZN5codal3_cm3SPIC2ERNS0_3PinES3_S3_S3_.str1.1
                0x08007102        0x6 .pioenvs\bluepill_f103c8\lib24c\libcm.a(CmSPI.o)
                                 0x10 (size before relaxing)
 .rodata.pinmap_cnf.str1.1
                0x08007108       0x19 .pioenvs\bluepill_f103c8\lib24c\libcm.a(CmPinMap.o)
 .rodata.pinmap_mode.str1.1
                0x08007121       0x1a .pioenvs\bluepill_f103c8\lib24c\libcm.a(CmPinMap.o)
 .rodata.pinmap_peripheral.str1.1
                0x0800713b       0x20 .pioenvs\bluepill_f103c8\lib24c\libcm.a(CmPinMap.o)
                0x0800715c                . = ALIGN (0x4)
 *fill*         0x0800715b        0x1 

.glue_7         0x0800715c        0x0
 .glue_7        0x0800715c        0x0 linker stubs

.glue_7t        0x0800715c        0x0
 .glue_7t       0x0800715c        0x0 linker stubs

.vfp11_veneer   0x0800715c        0x0
 .vfp11_veneer  0x0800715c        0x0 linker stubs

.v4_bx          0x0800715c        0x0
 .v4_bx         0x0800715c        0x0 linker stubs

.iplt           0x0800715c        0x0
 .iplt          0x0800715c        0x0 asm/CortexContextSwitch.s.o

.rel.dyn        0x0800715c        0x0
 .rel.iplt      0x0800715c        0x0 asm/CortexContextSwitch.s.o

.boot_preinit_array
                0x0800139c        0x0
                0x0800139c                . = ALIGN (0x4)
                0x0800139c                __boot_preinit_array_start = .
 :*reset_handler*(SORT_BY_ALIGNMENT(.preinit_array))
 *libhal.a:*reset_handler*(SORT_BY_ALIGNMENT(.preinit_array))
 :*codal_target_hal*(SORT_BY_ALIGNMENT(.preinit_array))
 *libhal.a:*codal_target_hal*(SORT_BY_ALIGNMENT(.preinit_array))
 :*CortexContextSwitch*(SORT_BY_ALIGNMENT(.preinit_array))
 *libhal.a:(SORT_BY_ALIGNMENT(.preinit_array))
 *liblibopencm3.a:(SORT_BY_ALIGNMENT(.preinit_array))
 *libFrameworkLibOpenCM3.a:(SORT_BY_ALIGNMENT(.preinit_array))
 *libcocoos.a:(SORT_BY_ALIGNMENT(.preinit_array))
 *libcocoOS_?.?.?.a:(SORT_BY_ALIGNMENT(.preinit_array))
 *libgcc.a:(SORT_BY_ALIGNMENT(.preinit_array))
 *libqfplib.a:(SORT_BY_ALIGNMENT(.preinit_array))
 *libnano-float.a:(SORT_BY_ALIGNMENT(.preinit_array))
 *libnewlib.a:(SORT_BY_ALIGNMENT(.preinit_array))
 *liblogger.a:(SORT_BY_ALIGNMENT(.preinit_array))
 *libbluepill.a:(SORT_BY_ALIGNMENT(.preinit_array))
 *libbootloader.a:(SORT_BY_ALIGNMENT(.preinit_array))
                0x0800139c                __boot_preinit_array_end = .

.preinit_array  0x0800715c        0x0
                0x0800715c                . = ALIGN (0x4)
                0x0800715c                __preinit_array_start = .
 *(SORT_BY_ALIGNMENT(.preinit_array))
                0x0800715c                __preinit_array_end = .

.boot_init_array
                0x0800139c        0x0
                0x0800139c                . = ALIGN (0x4)
                0x0800139c                __boot_init_array_start = .
 :*reset_handler*(SORT_BY_NAME(SORT_BY_ALIGNMENT(.init_array.*)))
 *libhal.a:*reset_handler*(SORT_BY_NAME(SORT_BY_ALIGNMENT(.init_array.*)))
 :*codal_target_hal*(SORT_BY_NAME(SORT_BY_ALIGNMENT(.init_array.*)))
 *libhal.a:*codal_target_hal*(SORT_BY_NAME(SORT_BY_ALIGNMENT(.init_array.*)))
 :*CortexContextSwitch*(SORT_BY_NAME(SORT_BY_ALIGNMENT(.init_array.*)))
 *libhal.a:(SORT_BY_NAME(SORT_BY_ALIGNMENT(.init_array.*)))
 *liblibopencm3.a:(SORT_BY_NAME(SORT_BY_ALIGNMENT(.init_array.*)))
 *libFrameworkLibOpenCM3.a:(SORT_BY_NAME(SORT_BY_ALIGNMENT(.init_array.*)))
 *libcocoos.a:(SORT_BY_NAME(SORT_BY_ALIGNMENT(.init_array.*)))
 *libcocoOS_?.?.?.a:(SORT_BY_NAME(SORT_BY_ALIGNMENT(.init_array.*)))
 *libgcc.a:(SORT_BY_NAME(SORT_BY_ALIGNMENT(.init_array.*)))
 *libqfplib.a:(SORT_BY_NAME(SORT_BY_ALIGNMENT(.init_array.*)))
 *libnano-float.a:(SORT_BY_NAME(SORT_BY_ALIGNMENT(.init_array.*)))
 *libnewlib.a:(SORT_BY_NAME(SORT_BY_ALIGNMENT(.init_array.*)))
 *liblogger.a:(SORT_BY_NAME(SORT_BY_ALIGNMENT(.init_array.*)))
 *libbluepill.a:(SORT_BY_NAME(SORT_BY_ALIGNMENT(.init_array.*)))
 *libbootloader.a:(SORT_BY_NAME(SORT_BY_ALIGNMENT(.init_array.*)))
 :*reset_handler*(SORT_BY_ALIGNMENT(.init_array))
 *libhal.a:*reset_handler*(SORT_BY_ALIGNMENT(.init_array))
 :*codal_target_hal*(SORT_BY_ALIGNMENT(.init_array))
 *libhal.a:*codal_target_hal*(SORT_BY_ALIGNMENT(.init_array))
 :*CortexContextSwitch*(SORT_BY_ALIGNMENT(.init_array))
 *libhal.a:(SORT_BY_ALIGNMENT(.init_array))
 *liblibopencm3.a:(SORT_BY_ALIGNMENT(.init_array))
 *libFrameworkLibOpenCM3.a:(SORT_BY_ALIGNMENT(.init_array))
 *libcocoos.a:(SORT_BY_ALIGNMENT(.init_array))
 *libcocoOS_?.?.?.a:(SORT_BY_ALIGNMENT(.init_array))
 *libgcc.a:(SORT_BY_ALIGNMENT(.init_array))
 *libqfplib.a:(SORT_BY_ALIGNMENT(.init_array))
 *libnano-float.a:(SORT_BY_ALIGNMENT(.init_array))
 *libnewlib.a:(SORT_BY_ALIGNMENT(.init_array))
 *liblogger.a:(SORT_BY_ALIGNMENT(.init_array))
 *libbluepill.a:(SORT_BY_ALIGNMENT(.init_array))
 *libbootloader.a:(SORT_BY_ALIGNMENT(.init_array))
                0x0800139c                __boot_init_array_end = .
                0x0800139c                . = ALIGN (0x4)
                0x0800139c                _boot_etext = .

.init_array     0x0800715c        0xc
                0x0800715c                . = ALIGN (0x4)
                0x0800715c                __init_array_start = .
 *(SORT_BY_NAME(SORT_BY_ALIGNMENT(.init_array.*)))
 *(SORT_BY_ALIGNMENT(.init_array))
 .init_array    0x0800715c        0x4 .pioenvs\bluepill_f103c8\src\main.o
 .init_array    0x08007160        0x4 .pioenvs\bluepill_f103c8\src\uart.o
 .init_array    0x08007164        0x4 .pioenvs\bluepill_f103c8\lib492\libuartint.a(uartint.o)
                0x08007168                __init_array_end = .
                0x08007168                . = ALIGN (0x4)
                0x08007168                _etext = .

.boot_fini_array
                0x0800139c        0x0
                0x0800139c                . = ALIGN (0x4)
                0x0800139c                __boot_fini_array_start = .
 :*reset_handler*(SORT_BY_ALIGNMENT(.fini_array))
 *libhal.a:*reset_handler*(SORT_BY_ALIGNMENT(.fini_array))
 :*codal_target_hal*(SORT_BY_ALIGNMENT(.fini_array))
 *libhal.a:*codal_target_hal*(SORT_BY_ALIGNMENT(.fini_array))
 :*CortexContextSwitch*(SORT_BY_ALIGNMENT(.fini_array))
 *libhal.a:(SORT_BY_ALIGNMENT(.fini_array))
 *liblibopencm3.a:(SORT_BY_ALIGNMENT(.fini_array))
 *libFrameworkLibOpenCM3.a:(SORT_BY_ALIGNMENT(.fini_array))
 *libcocoos.a:(SORT_BY_ALIGNMENT(.fini_array))
 *libcocoOS_?.?.?.a:(SORT_BY_ALIGNMENT(.fini_array))
 *libgcc.a:(SORT_BY_ALIGNMENT(.fini_array))
 *libqfplib.a:(SORT_BY_ALIGNMENT(.fini_array))
 *libnano-float.a:(SORT_BY_ALIGNMENT(.fini_array))
 *libnewlib.a:(SORT_BY_ALIGNMENT(.fini_array))
 *liblogger.a:(SORT_BY_ALIGNMENT(.fini_array))
 *libbluepill.a:(SORT_BY_ALIGNMENT(.fini_array))
 *libbootloader.a:(SORT_BY_ALIGNMENT(.fini_array))
 :*reset_handler*(SORT_BY_NAME(SORT_BY_ALIGNMENT(.fini_array.*)))
 *libhal.a:*reset_handler*(SORT_BY_NAME(SORT_BY_ALIGNMENT(.fini_array.*)))
 :*codal_target_hal*(SORT_BY_NAME(SORT_BY_ALIGNMENT(.fini_array.*)))
 *libhal.a:*codal_target_hal*(SORT_BY_NAME(SORT_BY_ALIGNMENT(.fini_array.*)))
 :*CortexContextSwitch*(SORT_BY_NAME(SORT_BY_ALIGNMENT(.fini_array.*)))
 *libhal.a:(SORT_BY_NAME(SORT_BY_ALIGNMENT(.fini_array.*)))
 *liblibopencm3.a:(SORT_BY_NAME(SORT_BY_ALIGNMENT(.fini_array.*)))
 *libFrameworkLibOpenCM3.a:(SORT_BY_NAME(SORT_BY_ALIGNMENT(.fini_array.*)))
 *libcocoos.a:(SORT_BY_NAME(SORT_BY_ALIGNMENT(.fini_array.*)))
 *libcocoOS_?.?.?.a:(SORT_BY_NAME(SORT_BY_ALIGNMENT(.fini_array.*)))
 *libgcc.a:(SORT_BY_NAME(SORT_BY_ALIGNMENT(.fini_array.*)))
 *libqfplib.a:(SORT_BY_NAME(SORT_BY_ALIGNMENT(.fini_array.*)))
 *libnano-float.a:(SORT_BY_NAME(SORT_BY_ALIGNMENT(.fini_array.*)))
 *libnewlib.a:(SORT_BY_NAME(SORT_BY_ALIGNMENT(.fini_array.*)))
 *liblogger.a:(SORT_BY_NAME(SORT_BY_ALIGNMENT(.fini_array.*)))
 *libbluepill.a:(SORT_BY_NAME(SORT_BY_ALIGNMENT(.fini_array.*)))
 *libbootloader.a:(SORT_BY_NAME(SORT_BY_ALIGNMENT(.fini_array.*)))
                0x0800139c                __boot_fini_array_end = .

.fini_array     0x08007168        0x0
                0x08007168                . = ALIGN (0x4)
                0x08007168                __fini_array_start = .
 *(SORT_BY_ALIGNMENT(.fini_array))
 *(SORT_BY_NAME(SORT_BY_ALIGNMENT(.fini_array.*)))
                0x08007168                __fini_array_end = .

.boot_data      0x20000000       0x18 load address 0x0800139c
                0x20000000                _boot_data = .
 :*reset_handler*(SORT_BY_ALIGNMENT(.data*))
 .data.hal_data_test
                0x20000000        0x4 .pioenvs\bluepill_f103c8\libff2\hal\reset_handler.o
                0x20000000                hal_data_test
 *libhal.a:*reset_handler*(SORT_BY_ALIGNMENT(.data*))
 :*codal_target_hal*(SORT_BY_ALIGNMENT(.data*))
 .data.codal_heap_start
                0x20000004        0x4 .pioenvs\bluepill_f103c8\libff2\hal\codal_target_hal.o
                0x20000004                codal_heap_start
 *libhal.a:*codal_target_hal*(SORT_BY_ALIGNMENT(.data*))
 :*CortexContextSwitch.*(SORT_BY_ALIGNMENT(.data*))
 *libhal.a:(SORT_BY_ALIGNMENT(.data*))
 *liblibopencm3.a:(SORT_BY_ALIGNMENT(.data*))
 *libFrameworkLibOpenCM3.a:(SORT_BY_ALIGNMENT(.data*))
 .data.rcc_ahb_frequency
                0x20000008        0x4 .pioenvs\bluepill_f103c8\libFrameworkLibOpenCM3.a(rcc.o)
                0x20000008                rcc_ahb_frequency
 .data.rcc_apb1_frequency
                0x2000000c        0x4 .pioenvs\bluepill_f103c8\libFrameworkLibOpenCM3.a(rcc.o)
                0x2000000c                rcc_apb1_frequency
 .data.rcc_apb2_frequency
                0x20000010        0x4 .pioenvs\bluepill_f103c8\libFrameworkLibOpenCM3.a(rcc.o)
                0x20000010                rcc_apb2_frequency
 *libcocoos.a:(SORT_BY_ALIGNMENT(.data*))
 *libcocoOS_?.?.?.a:(SORT_BY_ALIGNMENT(.data*))
 .data.lastSignaledEvent
                0x20000014        0x1 .pioenvs\bluepill_f103c8\libd0a\libcocoOS_5.0.3.a(os_event.o)
 *libgcc.a:(SORT_BY_ALIGNMENT(.data*))
 *libqfplib.a:(SORT_BY_ALIGNMENT(.data*))
 *libnano-float.a:(SORT_BY_ALIGNMENT(.data*))
 *libnewlib.a:(SORT_BY_ALIGNMENT(.data*))
 *liblogger.a:(SORT_BY_ALIGNMENT(.data*))
 *libbluepill.a:(SORT_BY_ALIGNMENT(.data*))
 *libbootloader.a:(SORT_BY_ALIGNMENT(.data*))
                0x20000018                . = ALIGN (0x4)
 *fill*         0x20000015        0x3 
                0x20000018                _boot_edata = .
                0x0800139c                _boot_data_loadaddr = LOADADDR (.boot_data)

.data           0x20000800        0x8 load address 0x08007168
                0x20000800                _data = .
 *(SORT_BY_ALIGNMENT(.data*))
 .data.app_data_test
                0x20000800        0x4 .pioenvs\bluepill_f103c8\lib24c\libcm.a(application.o)
                0x20000800                app_data_test
 .data._ZL12userNotifyId
                0x20000804        0x2 .pioenvs\bluepill_f103c8\lib635\libcodal-core.a(MessageBus.o)
                0x20000808                . = ALIGN (0x4)
 *fill*         0x20000806        0x2 
                0x20000808                _edata = .
                0x08007168                _data_loadaddr = LOADADDR (.data)

.igot.plt       0x20000808        0x0 load address 0x08007170
 .igot.plt      0x20000808        0x0 asm/CortexContextSwitch.s.o

.boot_bss       0x20000018      0x1f0
 :*reset_handler*(SORT_BY_ALIGNMENT(.bss*))
 *libhal.a:*reset_handler*(SORT_BY_ALIGNMENT(.bss*))
 :*codal_target_hal*(SORT_BY_ALIGNMENT(.bss*))
 .bss._ZL13tick_callback
                0x20000018        0x4 .pioenvs\bluepill_f103c8\libff2\hal\codal_target_hal.o
 .bss._ZL14alarm_callback
                0x2000001c        0x4 .pioenvs\bluepill_f103c8\libff2\hal\codal_target_hal.o
 .bss.__dso_handle
                0x20000020        0x4 .pioenvs\bluepill_f103c8\libff2\hal\codal_target_hal.o
                0x20000020                __dso_handle
 .bss._ZL11initialised
                0x20000024        0x1 .pioenvs\bluepill_f103c8\libff2\hal\codal_target_hal.o
 *libhal.a:*codal_target_hal*(SORT_BY_ALIGNMENT(.bss*))
 :*CortexContextSwitch*(SORT_BY_ALIGNMENT(.bss*))
 *libhal.a:(SORT_BY_ALIGNMENT(.bss*))
 *liblibopencm3.a:(SORT_BY_ALIGNMENT(.bss*))
 *libFrameworkLibOpenCM3.a:(SORT_BY_ALIGNMENT(.bss*))
 *libcocoos.a:(SORT_BY_ALIGNMENT(.bss*))
 *libcocoOS_?.?.?.a:(SORT_BY_ALIGNMENT(.bss*))
 *fill*         0x20000025        0x3 
 .bss.msgQList  0x20000028       0x20 .pioenvs\bluepill_f103c8\libd0a\libcocoOS_5.0.3.a(os_msgqueue.o)
 .bss.task_list
                0x20000048       0x8c .pioenvs\bluepill_f103c8\libd0a\libcocoOS_5.0.3.a(os_task.o)
 .bss.l.4338    0x200000d4        0x2 .pioenvs\bluepill_f103c8\libd0a\libcocoOS_5.0.3.a(os_assert.o)
 .bss.eventList
                0x200000d6        0xe .pioenvs\bluepill_f103c8\libd0a\libcocoOS_5.0.3.a(os_event.o)
 .bss.nEvents   0x200000e4        0x1 .pioenvs\bluepill_f103c8\libd0a\libcocoOS_5.0.3.a(os_event.o)
 .bss.nQueues   0x200000e5        0x1 .pioenvs\bluepill_f103c8\libd0a\libcocoOS_5.0.3.a(os_msgqueue.o)
 .bss.nSemaphores
                0x200000e6        0x1 .pioenvs\bluepill_f103c8\libd0a\libcocoOS_5.0.3.a(os_sem.o)
 .bss.nTasks    0x200000e7        0x1 .pioenvs\bluepill_f103c8\libd0a\libcocoOS_5.0.3.a(os_task.o)
 *libgcc.a:(SORT_BY_ALIGNMENT(.bss*))
 *libqfplib.a:(SORT_BY_ALIGNMENT(.bss*))
 *libnano-float.a:(SORT_BY_ALIGNMENT(.bss*))
 *libnewlib.a:(SORT_BY_ALIGNMENT(.bss*))
 *liblogger.a:(SORT_BY_ALIGNMENT(.bss*))
 .bss._ZL10logEnabled
                0x200000e8        0x1 .pioenvs\bluepill_f103c8\lib931\liblogger.a(logger.o)
 .bss._ZL11debugBuffer
                0x200000e9      0x101 .pioenvs\bluepill_f103c8\lib931\liblogger.a(logger.o)
 *libbluepill.a:(SORT_BY_ALIGNMENT(.bss*))
 *fill*         0x200001ea        0x2 
 .bss._ZL10alarmCount
                0x200001ec        0x4 .pioenvs\bluepill_f103c8\libff7\libbluepill.a(timer.o)
 .bss._ZL8tickFunc
                0x200001f0        0x4 .pioenvs\bluepill_f103c8\libff7\libbluepill.a(timer.o)
 .bss._ZL9alarmFunc
                0x200001f4        0x4 .pioenvs\bluepill_f103c8\libff7\libbluepill.a(timer.o)
 .bss._ZL9tickCount
                0x200001f8        0x4 .pioenvs\bluepill_f103c8\libff7\libbluepill.a(timer.o)
 .bss._ZL12debugEnabled
                0x200001fc        0x1 .pioenvs\bluepill_f103c8\libff7\libbluepill.a(bluepill.o)
 .bss._ZZ20platform_start_timerE12timerStarted
                0x200001fd        0x1 .pioenvs\bluepill_f103c8\libff7\libbluepill.a(timer.o)
 *libbootloader.a:(SORT_BY_ALIGNMENT(.bss*))
 :*reset_handler*(SORT_BY_ALIGNMENT(COMMON))
 *fill*         0x200001fe        0x2 
 COMMON         0x20000200        0x4 .pioenvs\bluepill_f103c8\libff2\hal\reset_handler.o
                0x20000200                hal_bss_test
 *libhal.a:*reset_handler*(SORT_BY_ALIGNMENT(COMMON))
 :*codal_target_hal*(SORT_BY_ALIGNMENT(COMMON))
 *libhal.a:*codal_target_hal*(SORT_BY_ALIGNMENT(COMMON))
 :*CortexContextSwitch*(SORT_BY_ALIGNMENT(COMMON))
 *libhal.a:(SORT_BY_ALIGNMENT(COMMON))
 *liblibopencm3.a:(SORT_BY_ALIGNMENT(COMMON))
 *libFrameworkLibOpenCM3.a:(SORT_BY_ALIGNMENT(COMMON))
 *libcocoos.a:(SORT_BY_ALIGNMENT(COMMON))
 *libcocoOS_?.?.?.a:(SORT_BY_ALIGNMENT(COMMON))
 COMMON         0x20000204        0x3 .pioenvs\bluepill_f103c8\libd0a\libcocoOS_5.0.3.a(os_kernel.o)
                0x20000204                running_tid
                0x20000205                running
                0x20000206                last_running_task
 *libgcc.a:(SORT_BY_ALIGNMENT(COMMON))
 *libqfplib.a:(SORT_BY_ALIGNMENT(COMMON))
 *libnano-float.a:(SORT_BY_ALIGNMENT(COMMON))
 *libnewlib.a:(SORT_BY_ALIGNMENT(COMMON))
 *liblogger.a:(SORT_BY_ALIGNMENT(COMMON))
 *libbluepill.a:(SORT_BY_ALIGNMENT(COMMON))
 *libbootloader.a:(SORT_BY_ALIGNMENT(COMMON))
                0x20000208                . = ALIGN (0x4)
 *fill*         0x20000207        0x1 
                0x20000208                _boot_ebss = .
                0x20000208                . = ALIGN (0x4)
                0x20000208                boot_end = .

.bss            0x20000808     0x12c0
 *(SORT_BY_ALIGNMENT(.bss*))
 .bss.bluepill  0x20000808     0x100c .pioenvs\bluepill_f103c8\src\main.o
                0x20000808                bluepill
 .bss._ZN5codal14CodalComponent10componentsE
                0x20001814       0xf0 .pioenvs\bluepill_f103c8\lib635\libcodal-core.a(CodalComponent.o)
                0x20001814                codal::CodalComponent::components
 .bss._ZL14dmesg_flush_fn
                0x20001904        0x4 .pioenvs\bluepill_f103c8\lib635\libcodal-core.a(CodalDmesg.o)
 .bss.codalLogStore
                0x20001908      0x104 .pioenvs\bluepill_f103c8\lib635\libcodal-core.a(CodalDmesg.o)
                0x20001908                codalLogStore
 .bss._ZN5codal12currentFiberE
                0x20001a0c        0x4 .pioenvs\bluepill_f103c8\lib635\libcodal-core.a(CodalFiber.o)
                0x20001a0c                codal::currentFiber
 .bss._ZN5codalL10messageBusE
                0x20001a10        0x4 .pioenvs\bluepill_f103c8\lib635\libcodal-core.a(CodalFiber.o)
 .bss._ZN5codalL10sleepQueueE
                0x20001a14        0x4 .pioenvs\bluepill_f103c8\lib635\libcodal-core.a(CodalFiber.o)
 .bss._ZN5codalL11forkedFiberE
                0x20001a18        0x4 .pioenvs\bluepill_f103c8\lib635\libcodal-core.a(CodalFiber.o)
 .bss._ZN5codalL8runQueueE
                0x20001a1c        0x4 .pioenvs\bluepill_f103c8\lib635\libcodal-core.a(CodalFiber.o)
 .bss._ZN5codalL9fiberPoolE
                0x20001a20        0x4 .pioenvs\bluepill_f103c8\lib635\libcodal-core.a(CodalFiber.o)
 .bss._ZN5codalL9idleFiberE
                0x20001a24        0x4 .pioenvs\bluepill_f103c8\lib635\libcodal-core.a(CodalFiber.o)
 .bss._ZN5codalL9waitQueueE
                0x20001a28        0x4 .pioenvs\bluepill_f103c8\lib635\libcodal-core.a(CodalFiber.o)
 .bss.heap      0x20001a2c        0x8 .pioenvs\bluepill_f103c8\lib635\libcodal-core.a(CodalHeapAllocator.o)
                0x20001a2c                heap
 .bss._ZN5codal12system_timerE
                0x20001a34        0x4 .pioenvs\bluepill_f103c8\lib635\libcodal-core.a(Timer.o)
                0x20001a34                codal::system_timer
 .bss._ZN5codal10EventModel15defaultEventBusE
                0x20001a38        0x4 .pioenvs\bluepill_f103c8\lib635\libcodal-core.a(Event.o)
                0x20001a38                codal::EventModel::defaultEventBus
 .bss._ZN5codal3_cm5Timer8instanceE
                0x20001a3c        0x4 .pioenvs\bluepill_f103c8\lib24c\libcm.a(CmTimer.o)
                0x20001a3c                codal::_cm::Timer::instance
 .bss.app_bss_test
                0x20001a40        0x4 .pioenvs\bluepill_f103c8\lib24c\libcm.a(application.o)
                0x20001a40                app_bss_test
 .bss._ZL13responseQueue
                0x20001a44       0x6c .pioenvs\bluepill_f103c8\lib492\libuartint.a(uartint.o)
 .bss._ZN5codal3_cmL10_instancesE
                0x20001ab0       0x10 .pioenvs\bluepill_f103c8\lib24c\libcm.a(CmSPI.o)
 .bss.serialPort
                0x20001ac0        0x1 .pioenvs\bluepill_f103c8\src\uart.o
                0x20001ac0                serialPort
 .bss._ZN5codal14CodalComponent13configurationE
                0x20001ac1        0x1 .pioenvs\bluepill_f103c8\lib635\libcodal-core.a(CodalComponent.o)
                0x20001ac1                codal::CodalComponent::configuration
 .bss._ZN5codalL11fiber_flagsE
                0x20001ac2        0x1 .pioenvs\bluepill_f103c8\lib635\libcodal-core.a(CodalFiber.o)
 .bss._ZZ13device_mallocE11initialised
                0x20001ac3        0x1 .pioenvs\bluepill_f103c8\lib635\libcodal-core.a(CodalHeapAllocator.o)
 .bss.heap_count
                0x20001ac4        0x1 .pioenvs\bluepill_f103c8\lib635\libcodal-core.a(CodalHeapAllocator.o)
                0x20001ac4                heap_count
 *(SORT_BY_ALIGNMENT(COMMON))
                0x20001ac8                . = ALIGN (0x4)
 *fill*         0x20001ac5        0x3 
                0x20001ac8                _ebss = .

.boot_buf       0x200047bc        0x0
 *(SORT_BY_ALIGNMENT(.boot_buf*))
                0x200047bc                . = ALIGN (0x4)
                0x200047bc                _eboot_buf = .
                0x200047bc                . = ALIGN (0x4)
                0x200047bc                end = .
                0x20005000                PROVIDE (_stack, (ORIGIN (bootbuf) + LENGTH (bootbuf)))
                [!provide]                PROVIDE (_boot_stack, (ORIGIN (ram) + LENGTH (ram)))
LOAD asm/CortexContextSwitch.s.o
LOAD .pioenvs\bluepill_f103c8\libff2\hal\codal_target_hal.o
LOAD .pioenvs\bluepill_f103c8\libff2\hal\reset_handler.o
LOAD .pioenvs\bluepill_f103c8\src\aggregate.o
LOAD .pioenvs\bluepill_f103c8\src\downlink.o
LOAD .pioenvs\bluepill_f103c8\src\main.o
LOAD .pioenvs\bluepill_f103c8\src\sensor.o
LOAD .pioenvs\bluepill_f103c8\src\sensor_display.o
LOAD .pioenvs\bluepill_f103c8\src\uart.o
LOAD .pioenvs\bluepill_f103c8\src\wisol.o
LOAD .pioenvs\bluepill_f103c8\src\wstring.o
START GROUP
LOAD .pioenvs\bluepill_f103c8\lib0e4\libunity.a
LOAD .pioenvs\bluepill_f103c8\lib46d\libqfplib.a
LOAD .pioenvs\bluepill_f103c8\lib931\liblogger.a
LOAD .pioenvs\bluepill_f103c8\libc64\libnano-float.a
LOAD .pioenvs\bluepill_f103c8\liba13\libnewlib.a
LOAD .pioenvs\bluepill_f103c8\libff7\libbluepill.a
LOAD .pioenvs\bluepill_f103c8\lib443\libbootloader.a
LOAD .pioenvs\bluepill_f103c8\libd0a\libcocoOS_5.0.3.a
LOAD .pioenvs\bluepill_f103c8\lib635\libcodal-core.a
LOAD .pioenvs\bluepill_f103c8\lib24c\libcm.a
LOAD .pioenvs\bluepill_f103c8\lib400\libmodel.a
LOAD .pioenvs\bluepill_f103c8\lib987\libunittest.a
LOAD .pioenvs\bluepill_f103c8\lib6b9\libboost_config.a
LOAD .pioenvs\bluepill_f103c8\lib95e\libboost_assert.a
LOAD .pioenvs\bluepill_f103c8\libb77\libboost_core.a
LOAD .pioenvs\bluepill_f103c8\libf2c\libboost_preprocessor.a
LOAD .pioenvs\bluepill_f103c8\libd55\libboost_static_assert.a
LOAD .pioenvs\bluepill_f103c8\lib43c\libboost_type_traits.a
LOAD .pioenvs\bluepill_f103c8\lib0fe\libboost_utility.a
LOAD .pioenvs\bluepill_f103c8\lib2eb\libboost_predef.a
LOAD .pioenvs\bluepill_f103c8\libffd\libboost_mpl.a
LOAD .pioenvs\bluepill_f103c8\libb93\libboost_detail.a
LOAD .pioenvs\bluepill_f103c8\lib337\libboost_parameter.a
LOAD .pioenvs\bluepill_f103c8\lib3f0\libboost_iterator.a
LOAD .pioenvs\bluepill_f103c8\libcaf\libboost_lockfree.a
LOAD .pioenvs\bluepill_f103c8\lib492\libuartint.a
LOAD .pioenvs\bluepill_f103c8\lib743\libspiint.a
LOAD .pioenvs\bluepill_f103c8\lib257\libsimulator.a
LOAD .pioenvs\bluepill_f103c8\lib7c6\libadcint.a
LOAD .pioenvs\bluepill_f103c8\lib59a\libi2cint.a
LOAD .pioenvs\bluepill_f103c8\libe9f\libporting.a
LOAD .pioenvs\bluepill_f103c8\lib167\libBME280.a
LOAD .pioenvs\bluepill_f103c8\libFrameworkLibOpenCM3.a
END GROUP
OUTPUT(.pioenvs\bluepill_f103c8\firmware.elf elf32-littlearm)

.ARM.attributes
                0x00000000       0x2f
 .ARM.attributes
                0x00000000       0x21 asm/CortexContextSwitch.s.o
 .ARM.attributes
                0x00000021       0x33 .pioenvs\bluepill_f103c8\libff2\hal\codal_target_hal.o
 .ARM.attributes
                0x00000054       0x33 .pioenvs\bluepill_f103c8\libff2\hal\reset_handler.o
 .ARM.attributes
                0x00000087       0x33 .pioenvs\bluepill_f103c8\src\main.o
 .ARM.attributes
                0x000000ba       0x33 .pioenvs\bluepill_f103c8\src\uart.o
 .ARM.attributes
                0x000000ed       0x33 .pioenvs\bluepill_f103c8\lib931\liblogger.a(logger.o)
 .ARM.attributes
                0x00000120       0x33 .pioenvs\bluepill_f103c8\liba13\libnewlib.a(strlen.o)
 .ARM.attributes
                0x00000153       0x33 .pioenvs\bluepill_f103c8\liba13\libnewlib.a(strncat.o)
 .ARM.attributes
                0x00000186       0x33 .pioenvs\bluepill_f103c8\libff7\libbluepill.a(bluepill.o)
 .ARM.attributes
                0x000001b9       0x33 .pioenvs\bluepill_f103c8\libff7\libbluepill.a(led.o)
 .ARM.attributes
                0x000001ec       0x33 .pioenvs\bluepill_f103c8\libff7\libbluepill.a(timer.o)
 .ARM.attributes
                0x0000021f       0x33 .pioenvs\bluepill_f103c8\libd0a\libcocoOS_5.0.3.a(os_cbk.o)
 .ARM.attributes
                0x00000252       0x33 .pioenvs\bluepill_f103c8\libd0a\libcocoOS_5.0.3.a(os_event.o)
 .ARM.attributes
                0x00000285       0x33 .pioenvs\bluepill_f103c8\libd0a\libcocoOS_5.0.3.a(os_kernel.o)
 .ARM.attributes
                0x000002b8       0x33 .pioenvs\bluepill_f103c8\libd0a\libcocoOS_5.0.3.a(os_msgqueue.o)
 .ARM.attributes
                0x000002eb       0x33 .pioenvs\bluepill_f103c8\libd0a\libcocoOS_5.0.3.a(os_sem.o)
 .ARM.attributes
                0x0000031e       0x33 .pioenvs\bluepill_f103c8\libd0a\libcocoOS_5.0.3.a(os_task.o)
 .ARM.attributes
                0x00000351       0x33 .pioenvs\bluepill_f103c8\libd0a\libcocoOS_5.0.3.a(os_assert.o)
 .ARM.attributes
                0x00000384       0x33 .pioenvs\bluepill_f103c8\lib635\libcodal-core.a(CodalComponent.o)
 .ARM.attributes
                0x000003b7       0x33 .pioenvs\bluepill_f103c8\lib635\libcodal-core.a(CodalDmesg.o)
 .ARM.attributes
                0x000003ea       0x33 .pioenvs\bluepill_f103c8\lib635\libcodal-core.a(CodalFiber.o)
 .ARM.attributes
                0x0000041d       0x33 .pioenvs\bluepill_f103c8\lib635\libcodal-core.a(CodalHeapAllocator.o)
 .ARM.attributes
                0x00000450       0x33 .pioenvs\bluepill_f103c8\lib635\libcodal-core.a(CodalListener.o)
 .ARM.attributes
                0x00000483       0x33 .pioenvs\bluepill_f103c8\lib635\libcodal-core.a(Timer.o)
 .ARM.attributes
                0x000004b6       0x33 .pioenvs\bluepill_f103c8\lib635\libcodal-core.a(MessageBus.o)
 .ARM.attributes
                0x000004e9       0x33 .pioenvs\bluepill_f103c8\lib635\libcodal-core.a(Event.o)
 .ARM.attributes
                0x0000051c       0x33 .pioenvs\bluepill_f103c8\lib635\libcodal-core.a(MemberFunctionCallback.o)
 .ARM.attributes
                0x0000054f       0x33 .pioenvs\bluepill_f103c8\lib24c\libcm.a(CmPin.o)
 .ARM.attributes
                0x00000582       0x33 .pioenvs\bluepill_f103c8\lib24c\libcm.a(CmTimer.o)
 .ARM.attributes
                0x000005b5       0x33 .pioenvs\bluepill_f103c8\lib24c\libcm.a(application.o)
 .ARM.attributes
                0x000005e8       0x33 .pioenvs\bluepill_f103c8\lib400\libmodel.a(STM32BluePill.o)
 .ARM.attributes
                0x0000061b       0x33 .pioenvs\bluepill_f103c8\lib400\libmodel.a(STM32BluePillIO.o)
 .ARM.attributes
                0x0000064e       0x33 .pioenvs\bluepill_f103c8\lib492\libuartint.a(uartint.o)
 .ARM.attributes
                0x00000681       0x33 .pioenvs\bluepill_f103c8\libFrameworkLibOpenCM3.a(gpio.o)
 .ARM.attributes
                0x000006b4       0x33 .pioenvs\bluepill_f103c8\libFrameworkLibOpenCM3.a(rcc.o)
 .ARM.attributes
                0x000006e7       0x33 .pioenvs\bluepill_f103c8\libFrameworkLibOpenCM3.a(rtc.o)
 .ARM.attributes
                0x0000071a       0x33 .pioenvs\bluepill_f103c8\libFrameworkLibOpenCM3.a(gpio_common_all.o)
 .ARM.attributes
                0x0000074d       0x33 .pioenvs\bluepill_f103c8\libFrameworkLibOpenCM3.a(pwr_common_all.o)
 .ARM.attributes
                0x00000780       0x33 .pioenvs\bluepill_f103c8\libFrameworkLibOpenCM3.a(usart_common_f124.o)
 .ARM.attributes
                0x000007b3       0x33 .pioenvs\bluepill_f103c8\libFrameworkLibOpenCM3.a(rcc_common_all.o)
 .ARM.attributes
                0x000007e6       0x33 .pioenvs\bluepill_f103c8\libFrameworkLibOpenCM3.a(exti_common_all.o)
 .ARM.attributes
                0x00000819       0x33 .pioenvs\bluepill_f103c8\libFrameworkLibOpenCM3.a(flash_common_f01.o)
 .ARM.attributes
                0x0000084c       0x33 .pioenvs\bluepill_f103c8\libFrameworkLibOpenCM3.a(vector.o)
 .ARM.attributes
                0x0000087f       0x33 .pioenvs\bluepill_f103c8\libFrameworkLibOpenCM3.a(nvic.o)
 .ARM.attributes
                0x000008b2       0x33 .pioenvs\bluepill_f103c8\liba13\libnewlib.a(memcmp.o)
 .ARM.attributes
                0x000008e5       0x33 .pioenvs\bluepill_f103c8\liba13\libnewlib.a(memset.o)
 .ARM.attributes
                0x00000918       0x33 .pioenvs\bluepill_f103c8\lib24c\libcm.a(CmI2C.o)
 .ARM.attributes
                0x0000094b       0x33 .pioenvs\bluepill_f103c8\lib24c\libcm.a(CmSPI.o)
 .ARM.attributes
                0x0000097e       0x33 .pioenvs\bluepill_f103c8\lib24c\libcm.a(CmPinMap.o)
 .ARM.attributes
                0x000009b1       0x33 .pioenvs\bluepill_f103c8\lib635\libcodal-core.a(I2C.o)

.comment        0x00000000       0x7e
 .comment       0x00000000       0x7e .pioenvs\bluepill_f103c8\libff2\hal\codal_target_hal.o
                                 0x7f (size before relaxing)
 .comment       0x0000007e       0x7f .pioenvs\bluepill_f103c8\libff2\hal\reset_handler.o
 .comment       0x0000007e       0x7f .pioenvs\bluepill_f103c8\src\main.o
 .comment       0x0000007e       0x7f .pioenvs\bluepill_f103c8\src\uart.o
 .comment       0x0000007e       0x7f .pioenvs\bluepill_f103c8\lib931\liblogger.a(logger.o)
 .comment       0x0000007e       0x7f .pioenvs\bluepill_f103c8\liba13\libnewlib.a(strlen.o)
 .comment       0x0000007e       0x7f .pioenvs\bluepill_f103c8\liba13\libnewlib.a(strncat.o)
 .comment       0x0000007e       0x7f .pioenvs\bluepill_f103c8\libff7\libbluepill.a(bluepill.o)
 .comment       0x0000007e       0x7f .pioenvs\bluepill_f103c8\libff7\libbluepill.a(led.o)
 .comment       0x0000007e       0x7f .pioenvs\bluepill_f103c8\libff7\libbluepill.a(timer.o)
 .comment       0x0000007e       0x7f .pioenvs\bluepill_f103c8\libd0a\libcocoOS_5.0.3.a(os_cbk.o)
 .comment       0x0000007e       0x7f .pioenvs\bluepill_f103c8\libd0a\libcocoOS_5.0.3.a(os_event.o)
 .comment       0x0000007e       0x7f .pioenvs\bluepill_f103c8\libd0a\libcocoOS_5.0.3.a(os_kernel.o)
 .comment       0x0000007e       0x7f .pioenvs\bluepill_f103c8\libd0a\libcocoOS_5.0.3.a(os_msgqueue.o)
 .comment       0x0000007e       0x7f .pioenvs\bluepill_f103c8\libd0a\libcocoOS_5.0.3.a(os_sem.o)
 .comment       0x0000007e       0x7f .pioenvs\bluepill_f103c8\libd0a\libcocoOS_5.0.3.a(os_task.o)
 .comment       0x0000007e       0x7f .pioenvs\bluepill_f103c8\libd0a\libcocoOS_5.0.3.a(os_assert.o)
 .comment       0x0000007e       0x7f .pioenvs\bluepill_f103c8\lib635\libcodal-core.a(CodalComponent.o)