Archive member included to satisfy reference by file (symbol)

.pioenvs\bluepill_f103c8\lib0e4\libunity.a(unity.o)
                              .pioenvs\bluepill_f103c8\libff2\hal\unit_test.o (UnityAssertEqualNumber)
.pioenvs\bluepill_f103c8\lib931\liblogger.a(logger.o)
                              .pioenvs\bluepill_f103c8\libff2\hal\codal_target_hal.o (debug_flush)
.pioenvs\bluepill_f103c8\libc64\libnano-float.a(functions.o)
                              .pioenvs\bluepill_f103c8\libff2\hal\unit_test.o (get_float_usage)
.pioenvs\bluepill_f103c8\liba13\libnewlib.a(memset.o)
                              .pioenvs\bluepill_f103c8\lib0e4\libunity.a(unity.o) (memset)
.pioenvs\bluepill_f103c8\liba13\libnewlib.a(strlen.o)
                              .pioenvs\bluepill_f103c8\src\aggregate.o (strlen)
.pioenvs\bluepill_f103c8\liba13\libnewlib.a(strncat.o)
                              .pioenvs\bluepill_f103c8\src\wisol.o (strncat)
.pioenvs\bluepill_f103c8\liba13\libnewlib.a(strncmp.o)
                              .pioenvs\bluepill_f103c8\src\aggregate.o (strncmp)
.pioenvs\bluepill_f103c8\liba13\libnewlib.a(strncpy.o)
                              .pioenvs\bluepill_f103c8\src\aggregate.o (strncpy)
.pioenvs\bluepill_f103c8\liba13\libnewlib.a(strstr.o)
                              .pioenvs\bluepill_f103c8\src\wisol.o (strstr)
.pioenvs\bluepill_f103c8\libff7\libbluepill.a(bluepill.o)
                              .pioenvs\bluepill_f103c8\libff2\hal\codal_target_hal.o (platform_setup)
.pioenvs\bluepill_f103c8\libff7\libbluepill.a(led.o)
                              .pioenvs\bluepill_f103c8\libff7\libbluepill.a(bluepill.o) (led_setup)
.pioenvs\bluepill_f103c8\libff7\libbluepill.a(timer.o)
                              .pioenvs\bluepill_f103c8\libff2\hal\codal_target_hal.o (platform_start_timer)
.pioenvs\bluepill_f103c8\lib443\libbootloader.a(bootloader.o)
                              .pioenvs\bluepill_f103c8\libff2\hal\codal_target_hal.o (bootloader_start)
.pioenvs\bluepill_f103c8\lib443\libbootloader.a(target_stm32f103.o)
                              .pioenvs\bluepill_f103c8\lib443\libbootloader.a(bootloader.o) (target_set_led)
.pioenvs\bluepill_f103c8\lib443\libbootloader.a(usb_conf.o)
                              .pioenvs\bluepill_f103c8\lib443\libbootloader.a(bootloader.o) (usb_setup)
.pioenvs\bluepill_f103c8\lib443\libbootloader.a(webusb.o)
                              .pioenvs\bluepill_f103c8\lib443\libbootloader.a(usb_conf.o) (webusb_setup)
.pioenvs\bluepill_f103c8\lib443\libbootloader.a(winusb.o)
                              .pioenvs\bluepill_f103c8\lib443\libbootloader.a(usb_conf.o) (winusb_setup)
.pioenvs\bluepill_f103c8\lib443\libbootloader.a(cdc.o)
                              .pioenvs\bluepill_f103c8\lib443\libbootloader.a(usb_conf.o) (cdc_setup)
.pioenvs\bluepill_f103c8\lib443\libbootloader.a(hf2.o)
                              .pioenvs\bluepill_f103c8\lib443\libbootloader.a(usb_conf.o) (hf2_setup)
.pioenvs\bluepill_f103c8\lib443\libbootloader.a(backup.o)
                              .pioenvs\bluepill_f103c8\lib443\libbootloader.a(target_stm32f103.o) (backup_write)
.pioenvs\bluepill_f103c8\lib443\libbootloader.a(usb21_standard.o)
                              .pioenvs\bluepill_f103c8\lib443\libbootloader.a(usb_conf.o) (usb21_setup)
.pioenvs\bluepill_f103c8\lib443\libbootloader.a(ghostfat.o)
                              .pioenvs\bluepill_f103c8\lib443\libbootloader.a(hf2.o) (flash_write)
.pioenvs\bluepill_f103c8\lib24c\libcm.a(CmPin.o)
                              .pioenvs\bluepill_f103c8\src\main.o (codal::_cm::Pin::setDigitalValue(int))
.pioenvs\bluepill_f103c8\libd0a\libcocoOS_5.0.3.a(os_event.o)
                              .pioenvs\bluepill_f103c8\src\wisol.o (event_create)
.pioenvs\bluepill_f103c8\libd0a\libcocoOS_5.0.3.a(os_kernel.o)
                              .pioenvs\bluepill_f103c8\src\uart.o (running_tid)
.pioenvs\bluepill_f103c8\libd0a\libcocoOS_5.0.3.a(os_msgqueue.o)
                              .pioenvs\bluepill_f103c8\libd0a\libcocoOS_5.0.3.a(os_kernel.o) (os_msgQ_init)
.pioenvs\bluepill_f103c8\libd0a\libcocoOS_5.0.3.a(os_sem.o)
                              .pioenvs\bluepill_f103c8\libd0a\libcocoOS_5.0.3.a(os_kernel.o) (os_sem_init)
.pioenvs\bluepill_f103c8\libd0a\libcocoOS_5.0.3.a(os_task.o)
                              .pioenvs\bluepill_f103c8\libd0a\libcocoOS_5.0.3.a(os_kernel.o) (os_task_init)
.pioenvs\bluepill_f103c8\libd0a\libcocoOS_5.0.3.a(os_assert.o)
                              .pioenvs\bluepill_f103c8\libd0a\libcocoOS_5.0.3.a(os_event.o) (os_on_assert)
.pioenvs\bluepill_f103c8\libd0a\libcocoOS_5.0.3.a(os_cbk.o)
                              .pioenvs\bluepill_f103c8\libd0a\libcocoOS_5.0.3.a(os_kernel.o) (os_cbkSleep)
.pioenvs\bluepill_f103c8\lib635\libcodal-core.a(CodalCompat.o)
                              .pioenvs\bluepill_f103c8\libff2\hal\codal_target_hal.o (codal::seed_random(unsigned long))
.pioenvs\bluepill_f103c8\lib635\libcodal-core.a(CodalDmesg.o)
[...]
Memory Configuration

Name             Origin             Length             Attributes
bootrom          0x08000000         0x00008000         xr
rom              0x08008000         0x00008000         xr
bootram          0x20000000         0x00002800         xrw
ram              0x20002800         0x00002800         xrw
*default*        0x00000000         0xffffffff

Linker script and memory map


.boot_text      0x08000000     0x47d8
 *(SORT_BY_ALIGNMENT(.vectors))
 .vectors       0x08000000      0x150 .pioenvs\bluepill_f103c8\libFrameworkLibOpenCM3.a(vector.o)
                0x08000000                vector_table
 :*reset_handler.o(SORT_BY_ALIGNMENT(.text*))
 .text.reset_handler
                0x08000150       0x98 .pioenvs\bluepill_f103c8\libff2\hal\reset_handler.o
                0x08000150                reset_handler
 .text.pre_main
                0x080001e8       0x12 .pioenvs\bluepill_f103c8\libff2\hal\reset_handler.o
                0x080001e8                pre_main
 :*codal_target_hal.o(SORT_BY_ALIGNMENT(.text*))
 *fill*         0x080001fa        0x2 
 .text._ZL10timer_tickv
                0x080001fc       0x10 .pioenvs\bluepill_f103c8\libff2\hal\codal_target_hal.o
 .text._ZL11timer_alarmv
                0x0800020c       0x10 .pioenvs\bluepill_f103c8\libff2\hal\codal_target_hal.o
 .text._Z25stm32bluepill_dmesg_flushv
                0x0800021c       0x38 .pioenvs\bluepill_f103c8\libff2\hal\codal_target_hal.o
                0x0800021c                stm32bluepill_dmesg_flush()
 .text.target_set_tick_callback
                0x08000254        0xc .pioenvs\bluepill_f103c8\libff2\hal\codal_target_hal.o
                0x08000254                target_set_tick_callback
 .text.target_set_alarm_callback
                0x08000260        0xc .pioenvs\bluepill_f103c8\libff2\hal\codal_target_hal.o
                0x08000260                target_set_alarm_callback
 .text.target_init
                0x0800026c       0x3c .pioenvs\bluepill_f103c8\libff2\hal\codal_target_hal.o
                0x0800026c                target_init
 .text.target_wait
                0x080002a8       0x24 .pioenvs\bluepill_f103c8\libff2\hal\codal_target_hal.o
                0x080002a8                target_wait
 .text.target_wait_us
                0x080002cc       0x2c .pioenvs\bluepill_f103c8\libff2\hal\codal_target_hal.o
                0x080002cc                target_wait_us
 .text.target_panic
                0x080002f8       0x20 .pioenvs\bluepill_f103c8\libff2\hal\codal_target_hal.o
                0x080002f8                target_panic
 .text.fiber_initial_stack_base
                0x08000318        0x8 .pioenvs\bluepill_f103c8\libff2\hal\codal_target_hal.o
                0x08000318                fiber_initial_stack_base
 .text.test_codal
                0x08000320       0x70 .pioenvs\bluepill_f103c8\libff2\hal\codal_target_hal.o
                0x08000320                test_codal
 .text.target_enable_debug
                0x08000390        0x4 .pioenvs\bluepill_f103c8\libff2\hal\codal_target_hal.o
                0x08000390                target_enable_debug
 .text.target_enable_irq
                0x08000394        0x4 .pioenvs\bluepill_f103c8\libff2\hal\codal_target_hal.o
                0x08000394                target_enable_irq
 .text.target_disable_irq
                0x08000398        0x4 .pioenvs\bluepill_f103c8\libff2\hal\codal_target_hal.o
                0x08000398                target_disable_irq
 .text.target_wait_for_event
                0x0800039c        0xa .pioenvs\bluepill_f103c8\libff2\hal\codal_target_hal.o
                0x0800039c                target_wait_for_event
 .text.tcb_allocate
                0x080003a6        0x6 .pioenvs\bluepill_f103c8\libff2\hal\codal_target_hal.o
                0x080003a6                tcb_allocate
 .text.tcb_configure_lr
                0x080003ac        0x4 .pioenvs\bluepill_f103c8\libff2\hal\codal_target_hal.o
                0x080003ac                tcb_configure_lr
 .text.tcb_configure_sp
                0x080003b0        0x4 .pioenvs\bluepill_f103c8\libff2\hal\codal_target_hal.o
                0x080003b0                tcb_configure_sp
 .text.tcb_configure_stack_base
                0x080003b4        0x4 .pioenvs\bluepill_f103c8\libff2\hal\codal_target_hal.o
                0x080003b4                tcb_configure_stack_base
 .text.tcb_get_stack_base
                0x080003b8        0x4 .pioenvs\bluepill_f103c8\libff2\hal\codal_target_hal.o
                0x080003b8                tcb_get_stack_base
 .text.get_current_sp
                0x080003bc        0x4 .pioenvs\bluepill_f103c8\libff2\hal\codal_target_hal.o
                0x080003bc                get_current_sp
 .text.tcb_get_sp
                0x080003c0        0x4 .pioenvs\bluepill_f103c8\libff2\hal\codal_target_hal.o
                0x080003c0                tcb_get_sp
 .text.tcb_configure_args
                0x080003c4        0x8 .pioenvs\bluepill_f103c8\libff2\hal\codal_target_hal.o
                0x080003c4                tcb_configure_args
 .text._fini    0x080003cc        0x2 .pioenvs\bluepill_f103c8\libff2\hal\codal_target_hal.o
                0x080003cc                _fini
 .text.__aeabi_atexit
                0x080003ce        0x4 .pioenvs\bluepill_f103c8\libff2\hal\codal_target_hal.o
                0x080003ce                __aeabi_atexit
 *liblibopencm3.a:(SORT_BY_ALIGNMENT(.text*))
 *libFrameworkLibOpenCM3.a:(SORT_BY_ALIGNMENT(.text*))
 *fill*         0x080003d2        0x2 
 .text.desig_get_unique_id
                0x080003d4       0x20 .pioenvs\bluepill_f103c8\libFrameworkLibOpenCM3.a(desig.o)
                0x080003d4                desig_get_unique_id
 .text.desig_get_unique_id_as_string
                0x080003f4       0x48 .pioenvs\bluepill_f103c8\libFrameworkLibOpenCM3.a(desig.o)
                0x080003f4                desig_get_unique_id_as_string
 .text.flash_get_status_flags
                0x0800043c       0x28 .pioenvs\bluepill_f103c8\libFrameworkLibOpenCM3.a(flash.o)
                0x0800043c                flash_get_status_flags
 .text.flash_program_half_word
                0x08000464       0x60 .pioenvs\bluepill_f103c8\libFrameworkLibOpenCM3.a(flash.o)
                0x08000464                flash_program_half_word
 .text.flash_erase_page
                0x080004c4       0x78 .pioenvs\bluepill_f103c8\libFrameworkLibOpenCM3.a(flash.o)
                0x080004c4                flash_erase_page
 .text.rcc_osc_on.part.0
                0x0800053c       0x10 .pioenvs\bluepill_f103c8\libFrameworkLibOpenCM3.a(rcc.o)
 .text.rcc_wait_for_osc_ready
                0x0800054c       0x64 .pioenvs\bluepill_f103c8\libFrameworkLibOpenCM3.a(rcc.o)
                0x0800054c                rcc_wait_for_osc_ready
 .text.rcc_osc_on
                0x080005b0       0x54 .pioenvs\bluepill_f103c8\libFrameworkLibOpenCM3.a(rcc.o)
                0x080005b0                rcc_osc_on
 .text.rcc_set_sysclk_source
                0x08000604       0x14 .pioenvs\bluepill_f103c8\libFrameworkLibOpenCM3.a(rcc.o)
                0x08000604                rcc_set_sysclk_source
 .text.rcc_set_pll_multiplication_factor
                0x08000618       0x14 .pioenvs\bluepill_f103c8\libFrameworkLibOpenCM3.a(rcc.o)
                0x08000618                rcc_set_pll_multiplication_factor
 .text.rcc_set_pll_source
                0x0800062c       0x14 .pioenvs\bluepill_f103c8\libFrameworkLibOpenCM3.a(rcc.o)
                0x0800062c                rcc_set_pll_source
 .text.rcc_set_pllxtpre
                0x08000640       0x14 .pioenvs\bluepill_f103c8\libFrameworkLibOpenCM3.a(rcc.o)
                0x08000640                rcc_set_pllxtpre
 .text.rcc_enable_rtc_clock
                0x08000654       0x10 .pioenvs\bluepill_f103c8\libFrameworkLibOpenCM3.a(rcc.o)
                0x08000654                rcc_enable_rtc_clock
 .text.rcc_set_rtc_clock_source
                0x08000664       0x90 .pioenvs\bluepill_f103c8\libFrameworkLibOpenCM3.a(rcc.o)
                0x08000664                rcc_set_rtc_clock_source
 .text.rcc_set_adcpre
                0x080006f4       0x14 .pioenvs\bluepill_f103c8\libFrameworkLibOpenCM3.a(rcc.o)
                0x080006f4                rcc_set_adcpre
 .text.rcc_set_ppre2
                0x08000708       0x14 .pioenvs\bluepill_f103c8\libFrameworkLibOpenCM3.a(rcc.o)
                0x08000708                rcc_set_ppre2
 .text.rcc_set_ppre1
                0x0800071c       0x14 .pioenvs\bluepill_f103c8\libFrameworkLibOpenCM3.a(rcc.o)
                0x0800071c                rcc_set_ppre1
 .text.rcc_set_hpre
                0x08000730       0x14 .pioenvs\bluepill_f103c8\libFrameworkLibOpenCM3.a(rcc.o)
                0x08000730                rcc_set_hpre
 .text.rcc_clock_setup_in_hse_8mhz_out_72mhz
                0x08000744       0x8c .pioenvs\bluepill_f103c8\libFrameworkLibOpenCM3.a(rcc.o)
                0x08000744                rcc_clock_setup_in_hse_8mhz_out_72mhz
 .text.rtc_enter_config_mode
                0x080007d0       0x18 .pioenvs\bluepill_f103c8\libFrameworkLibOpenCM3.a(rtc.o)
                0x080007d0                rtc_enter_config_mode
 .text.rtc_exit_config_mode
                0x080007e8       0x18 .pioenvs\bluepill_f103c8\libFrameworkLibOpenCM3.a(rtc.o)
                0x080007e8                rtc_exit_config_mode
 .text.rtc_set_alarm_time
                0x08000800       0x20 .pioenvs\bluepill_f103c8\libFrameworkLibOpenCM3.a(rtc.o)
                0x08000800                rtc_set_alarm_time
 .text.rtc_set_prescale_val
                0x08000820       0x20 .pioenvs\bluepill_f103c8\libFrameworkLibOpenCM3.a(rtc.o)
                0x08000820                rtc_set_prescale_val
 .text.rtc_get_counter_val
                0x08000840       0x14 .pioenvs\bluepill_f103c8\libFrameworkLibOpenCM3.a(rtc.o)
                0x08000840                rtc_get_counter_val
 .text.rtc_set_counter_val
                0x08000854       0x1c .pioenvs\bluepill_f103c8\libFrameworkLibOpenCM3.a(rtc.o)
                0x08000854                rtc_set_counter_val
 .text.rtc_interrupt_enable
                0x08000870       0x3c .pioenvs\bluepill_f103c8\libFrameworkLibOpenCM3.a(rtc.o)
                0x08000870                rtc_interrupt_enable
 .text.rtc_interrupt_disable
                0x080008ac       0x3c .pioenvs\bluepill_f103c8\libFrameworkLibOpenCM3.a(rtc.o)
                0x080008ac                rtc_interrupt_disable
 .text.rtc_clear_flag
                0x080008e8       0x30 .pioenvs\bluepill_f103c8\libFrameworkLibOpenCM3.a(rtc.o)
                0x080008e8                rtc_clear_flag
 .text.rtc_check_flag
                0x08000918       0x30 .pioenvs\bluepill_f103c8\libFrameworkLibOpenCM3.a(rtc.o)
                0x08000918                rtc_check_flag
 .text.pwr_disable_backup_domain_write_protect
                0x08000948       0x10 .pioenvs\bluepill_f103c8\libFrameworkLibOpenCM3.a(pwr_common_all.o)
                0x08000948                pwr_disable_backup_domain_write_protect
 .text.pwr_enable_backup_domain_write_protect
                0x08000958       0x10 .pioenvs\bluepill_f103c8\libFrameworkLibOpenCM3.a(pwr_common_all.o)
                0x08000958                pwr_enable_backup_domain_write_protect
 .text.exti_set_trigger
                0x08000968       0x3c .pioenvs\bluepill_f103c8\libFrameworkLibOpenCM3.a(exti_common_all.o)
                0x08000968                exti_set_trigger
 .text.exti_enable_request
                0x080009a4       0x14 .pioenvs\bluepill_f103c8\libFrameworkLibOpenCM3.a(exti_common_all.o)
                0x080009a4                exti_enable_request
 .text.exti_reset_request
                0x080009b8        0xc .pioenvs\bluepill_f103c8\libFrameworkLibOpenCM3.a(exti_common_all.o)
                0x080009b8                exti_reset_request
 .text.flash_set_ws
                0x080009c4       0x14 .pioenvs\bluepill_f103c8\libFrameworkLibOpenCM3.a(flash_common_f01.o)
                0x080009c4                flash_set_ws
 .text.flash_unlock
                0x080009d8       0x24 .pioenvs\bluepill_f103c8\libFrameworkLibOpenCM3.a(flash_common_f01.o)
                0x080009d8                flash_unlock
 .text.flash_lock
                0x080009fc       0x10 .pioenvs\bluepill_f103c8\libFrameworkLibOpenCM3.a(flash_common_f01.o)
                0x080009fc                flash_lock
 .text.usbd_init
                0x08000a0c       0x50 .pioenvs\bluepill_f103c8\libFrameworkLibOpenCM3.a(usb.o)
                0x08000a0c                usbd_init
 .text._usbd_standard_request_device
                0x08000a5c       0x48 .pioenvs\bluepill_f103c8\libFrameworkLibOpenCM3.a(usb_standard.o)
                0x08000a5c                _usbd_standard_request_device
 .text._usbd_standard_request_interface
                0x08000aa4       0x30 .pioenvs\bluepill_f103c8\libFrameworkLibOpenCM3.a(usb_standard.o)
                0x08000aa4                _usbd_standard_request_interface
 .text._usbd_standard_request_endpoint
                0x08000ad4       0x3c .pioenvs\bluepill_f103c8\libFrameworkLibOpenCM3.a(usb_standard.o)
                0x08000ad4                _usbd_standard_request_endpoint
 .text.st_usbfs_v1_usbd_init
                0x08000b10       0x30 .pioenvs\bluepill_f103c8\libFrameworkLibOpenCM3.a(st_usbfs_v1.o)
 .text.st_usbfs_set_address
                0x08000b40       0x10 .pioenvs\bluepill_f103c8\libFrameworkLibOpenCM3.a(st_usbfs_core.o)
                0x08000b40                st_usbfs_set_address
 .text.st_usbfs_set_ep_rx_bufsize
                0x08000b50       0x48 .pioenvs\bluepill_f103c8\libFrameworkLibOpenCM3.a(st_usbfs_core.o)
                0x08000b50                st_usbfs_set_ep_rx_bufsize
 .text.st_usbfs_ep_setup
                0x08000b98      0x150 .pioenvs\bluepill_f103c8\libFrameworkLibOpenCM3.a(st_usbfs_core.o)
                0x08000b98                st_usbfs_ep_setup
 .text.st_usbfs_endpoints_reset
                0x08000ce8       0x44 .pioenvs\bluepill_f103c8\libFrameworkLibOpenCM3.a(st_usbfs_core.o)
                0x08000ce8                st_usbfs_endpoints_reset
 .text.st_usbfs_ep_stall_set
                0x08000d2c       0xe4 .pioenvs\bluepill_f103c8\libFrameworkLibOpenCM3.a(st_usbfs_core.o)
                0x08000d2c                st_usbfs_ep_stall_set
 .text.st_usbfs_ep_nak_set
                0x08000e10       0x58 .pioenvs\bluepill_f103c8\libFrameworkLibOpenCM3.a(st_usbfs_core.o)
                0x08000e10                st_usbfs_ep_nak_set
 .text.st_usbfs_ep_write_packet
                0x08000e68       0x8c .pioenvs\bluepill_f103c8\libFrameworkLibOpenCM3.a(st_usbfs_core.o)
                0x08000e68                st_usbfs_ep_write_packet
 .text.st_usbfs_ep_read_packet
                0x08000ef4       0xb8 .pioenvs\bluepill_f103c8\libFrameworkLibOpenCM3.a(st_usbfs_core.o)
                0x08000ef4                st_usbfs_ep_read_packet
 .text.st_usbfs_poll
                0x08000fac       0xd0 .pioenvs\bluepill_f103c8\libFrameworkLibOpenCM3.a(st_usbfs_core.o)
                0x08000fac                st_usbfs_poll
 .text.gpio_set_mode
                0x0800107c       0x62 .pioenvs\bluepill_f103c8\libFrameworkLibOpenCM3.a(gpio.o)
                0x0800107c                gpio_set_mode
 .text.gpio_set
                0x080010de        0x4 .pioenvs\bluepill_f103c8\libFrameworkLibOpenCM3.a(gpio_common_all.o)
                0x080010de                gpio_set
 .text.gpio_clear
                0x080010e2        0x6 .pioenvs\bluepill_f103c8\libFrameworkLibOpenCM3.a(gpio_common_all.o)
                0x080010e2                gpio_clear
 .text.usart_recv
                0x080010e8        0x8 .pioenvs\bluepill_f103c8\libFrameworkLibOpenCM3.a(usart_common_f124.o)
                0x080010e8                usart_recv
 .text.rcc_periph_clock_enable
                0x080010f0       0x1a .pioenvs\bluepill_f103c8\libFrameworkLibOpenCM3.a(rcc_common_all.o)
                0x080010f0                rcc_periph_clock_enable
 .text.rcc_periph_reset_pulse
                0x0800110a       0x22 .pioenvs\bluepill_f103c8\libFrameworkLibOpenCM3.a(rcc_common_all.o)
                0x0800110a                rcc_periph_reset_pulse
 .text.flash_wait_for_last_operation
                0x0800112c        0xc .pioenvs\bluepill_f103c8\libFrameworkLibOpenCM3.a(flash_common_f01.o)
                0x0800112c                flash_wait_for_last_operation
 .text.usbd_poll
                0x08001138        0x8 .pioenvs\bluepill_f103c8\libFrameworkLibOpenCM3.a(usb.o)
                0x08001138                usbd_poll
 .text.usbd_ep_setup
                0x08001140        0xe .pioenvs\bluepill_f103c8\libFrameworkLibOpenCM3.a(usb.o)
                0x08001140                usbd_ep_setup
 .text._usbd_reset
                0x0800114e       0x32 .pioenvs\bluepill_f103c8\libFrameworkLibOpenCM3.a(usb.o)
                0x0800114e                _usbd_reset
 .text.usbd_ep_write_packet
                0x08001180        0xe .pioenvs\bluepill_f103c8\libFrameworkLibOpenCM3.a(usb.o)
                0x08001180                usbd_ep_write_packet
 .text.usbd_ep_read_packet
                0x0800118e        0xe .pioenvs\bluepill_f103c8\libFrameworkLibOpenCM3.a(usb.o)
                0x0800118e                usbd_ep_read_packet
 .text.usbd_ep_stall_set
                0x0800119c        0x8 .pioenvs\bluepill_f103c8\libFrameworkLibOpenCM3.a(usb.o)
                0x0800119c                usbd_ep_stall_set
 .text.usbd_ep_stall_get
                0x080011a4        0x8 .pioenvs\bluepill_f103c8\libFrameworkLibOpenCM3.a(usb.o)
                0x080011a4                usbd_ep_stall_get
 .text.stall_transaction
                0x080011ac       0x14 .pioenvs\bluepill_f103c8\libFrameworkLibOpenCM3.a(usb_control.o)
 .text.usb_control_recv_chunk
                0x080011c0       0x3c .pioenvs\bluepill_f103c8\libFrameworkLibOpenCM3.a(usb_control.o)
 .text.usb_control_send_chunk
                0x080011fc       0x44 .pioenvs\bluepill_f103c8\libFrameworkLibOpenCM3.a(usb_control.o)
 .text.usb_control_request_dispatch
                0x08001240       0x62 .pioenvs\bluepill_f103c8\libFrameworkLibOpenCM3.a(usb_control.o)
 .text.usb_control_setup_read
                0x080012a2       0x42 .pioenvs\bluepill_f103c8\libFrameworkLibOpenCM3.a(usb_control.o)
 .text.usbd_register_control_callback
                0x080012e4       0x26 .pioenvs\bluepill_f103c8\libFrameworkLibOpenCM3.a(usb_control.o)
                0x080012e4                usbd_register_control_callback
 .text._usbd_control_setup
                0x0800130a       0x5a .pioenvs\bluepill_f103c8\libFrameworkLibOpenCM3.a(usb_control.o)
                0x0800130a                _usbd_control_setup
 .text._usbd_control_out
                0x08001364       0x82 .pioenvs\bluepill_f103c8\libFrameworkLibOpenCM3.a(usb_control.o)
                0x08001364                _usbd_control_out
 .text._usbd_control_in
                0x080013e6       0x56 .pioenvs\bluepill_f103c8\libFrameworkLibOpenCM3.a(usb_control.o)
                0x080013e6                _usbd_control_in
 .text.usb_standard_set_configuration
                0x0800143c       0x92 .pioenvs\bluepill_f103c8\libFrameworkLibOpenCM3.a(usb_standard.o)
 .text.usb_standard_get_configuration
                0x080014ce       0x20 .pioenvs\bluepill_f103c8\libFrameworkLibOpenCM3.a(usb_standard.o)
 .text.usb_standard_get_interface
                0x080014ee       0x34 .pioenvs\bluepill_f103c8\libFrameworkLibOpenCM3.a(usb_standard.o)
 .text.usb_standard_device_get_status
                0x08001522       0x18 .pioenvs\bluepill_f103c8\libFrameworkLibOpenCM3.a(usb_standard.o)
 .text.usb_standard_endpoint_get_status
                0x0800153a       0x2a .pioenvs\bluepill_f103c8\libFrameworkLibOpenCM3.a(usb_standard.o)
 .text.usb_standard_endpoint_stall
                0x08001564       0x10 .pioenvs\bluepill_f103c8\libFrameworkLibOpenCM3.a(usb_standard.o)
 .text.usb_standard_endpoint_unstall
                0x08001574       0x10 .pioenvs\bluepill_f103c8\libFrameworkLibOpenCM3.a(usb_standard.o)
 .text.usb_standard_set_address
                0x08001584       0x28 .pioenvs\bluepill_f103c8\libFrameworkLibOpenCM3.a(usb_standard.o)
 .text.usb_standard_set_interface
                0x080015ac       0x4e .pioenvs\bluepill_f103c8\libFrameworkLibOpenCM3.a(usb_standard.o)
 .text.usb_standard_get_descriptor
                0x080015fa      0x256 .pioenvs\bluepill_f103c8\libFrameworkLibOpenCM3.a(usb_standard.o)
 .text.usb_standard_interface_get_status
                0x08001850       0x18 .pioenvs\bluepill_f103c8\libFrameworkLibOpenCM3.a(usb_standard.o)
 .text.usbd_register_set_config_callback
                0x08001868       0x26 .pioenvs\bluepill_f103c8\libFrameworkLibOpenCM3.a(usb_standard.o)
                0x08001868                usbd_register_set_config_callback
 .text._usbd_standard_request
                0x0800188e       0x30 .pioenvs\bluepill_f103c8\libFrameworkLibOpenCM3.a(usb_standard.o)
                0x0800188e                _usbd_standard_request
 .text.st_usbfs_copy_to_pm
                0x080018be       0x1c .pioenvs\bluepill_f103c8\libFrameworkLibOpenCM3.a(st_usbfs_v1.o)
                0x080018be                st_usbfs_copy_to_pm
 .text.st_usbfs_copy_from_pm
                0x080018da       0x2a .pioenvs\bluepill_f103c8\libFrameworkLibOpenCM3.a(st_usbfs_v1.o)
                0x080018da                st_usbfs_copy_from_pm
 .text.blocking_handler
                0x08001904        0x2 .pioenvs\bluepill_f103c8\libFrameworkLibOpenCM3.a(vector.o)
                0x08001904                usart3_isr
                0x08001904                tim7_isr
                0x08001904                adc1_2_isr
                0x08001904                tim1_trg_com_isr
                0x08001904                usb_hp_can_tx_isr
                0x08001904                tim6_isr
                0x08001904                usb_wakeup_isr
                0x08001904                blocking_handler
                0x08001904                tim5_isr
                0x08001904                otg_fs_isr
                0x08001904                spi1_isr
                0x08001904                exti2_isr
                0x08001904                dma1_channel6_isr
                0x08001904                can_rx1_isr
                0x08001904                dma1_channel5_isr
                0x08001904                dma2_channel5_isr
                0x08001904                usart1_isr
                0x08001904                usage_fault_handler
                0x08001904                tim8_trg_com_isr
                0x08001904                can2_rx0_isr
                0x08001904                tim1_brk_isr
                0x08001904                can2_rx1_isr
                0x08001904                tim1_cc_isr
                0x08001904                sdio_isr
                0x08001904                eth_isr
                0x08001904                dma1_channel4_isr
                0x08001904                tim8_brk_isr
                0x08001904                dma2_channel4_5_isr
                0x08001904                pvd_isr
                0x08001904                rcc_isr
                0x08001904                flash_isr
                0x08001904                uart4_isr
                0x08001904                exti15_10_isr
                0x08001904                hard_fault_handler
                0x08001904                exti1_isr
                0x08001904                i2c1_ev_isr
                0x08001904                dma2_channel1_isr
                0x08001904                spi2_isr
                0x08001904                tim8_up_isr
                0x08001904                dma2_channel2_isr
                0x08001904                exti3_isr
                0x08001904                adc3_isr
                0x08001904                tim3_isr
                0x08001904                usb_lp_can_rx0_isr
                0x08001904                i2c2_er_isr
                0x08001904                i2c2_ev_isr
                0x08001904                uart5_isr
                0x08001904                fsmc_isr
                0x08001904                dma1_channel1_isr
                0x08001904                exti4_isr
                0x08001904                mem_manage_handler
                0x08001904                can2_tx_isr
                0x08001904                exti9_5_isr
                0x08001904                dma2_channel3_isr
                0x08001904                dma1_channel7_isr
                0x08001904                tim1_up_isr
                0x08001904                can2_sce_isr
                0x08001904                tim4_isr
                0x08001904                dma1_channel2_isr
                0x08001904                i2c1_er_isr
                0x08001904                can_sce_isr
                0x08001904                tim8_cc_isr
                0x08001904                tamper_isr
                0x08001904                eth_wkup_isr
                0x08001904                bus_fault_handler
                0x08001904                wwdg_isr
                0x08001904                dma1_channel3_isr
                0x08001904                spi3_isr
                0x08001904                tim2_isr
                0x08001904                exti0_isr
 .text.null_handler
                0x08001906        0x2 .pioenvs\bluepill_f103c8\libFrameworkLibOpenCM3.a(vector.o)
                0x08001906                sv_call_handler
                0x08001906                pend_sv_handler
                0x08001906                debug_monitor_handler
                0x08001906                sys_tick_handler
                0x08001906                nmi_handler
                0x08001906                null_handler
 .text.nvic_enable_irq
                0x08001908       0x1a .pioenvs\bluepill_f103c8\libFrameworkLibOpenCM3.a(nvic.o)
                0x08001908                nvic_enable_irq
 .text.st_usbfs_ep_stall_get
                0x08001922       0x38 .pioenvs\bluepill_f103c8\libFrameworkLibOpenCM3.a(st_usbfs_core.o)
                0x08001922                st_usbfs_ep_stall_get
 *libcocoOS_?.?.?.a:(SORT_BY_ALIGNMENT(.text*))
 *fill*         0x0800195a        0x2 
 .text.os_event_init
                0x0800195c        0xc .pioenvs\bluepill_f103c8\libd0a\libcocoOS_5.0.3.a(os_event.o)
                0x0800195c                os_event_init
 .text.os_init  0x08001968       0x34 .pioenvs\bluepill_f103c8\libd0a\libcocoOS_5.0.3.a(os_kernel.o)
                0x08001968                os_init
 .text.os_msgQ_init
                0x0800199c       0x24 .pioenvs\bluepill_f103c8\libd0a\libcocoOS_5.0.3.a(os_msgqueue.o)
                0x0800199c                os_msgQ_init
 .text.os_sem_init
                0x080019c0        0xc .pioenvs\bluepill_f103c8\libd0a\libcocoOS_5.0.3.a(os_sem.o)
                0x080019c0                os_sem_init
 .text.os_task_init
                0x080019cc       0x40 .pioenvs\bluepill_f103c8\libd0a\libcocoOS_5.0.3.a(os_task.o)
                0x080019cc                os_task_init
 *libqfplib.a:(SORT_BY_ALIGNMENT(.text*))
 .text          0x08001a0c      0x4c8 .pioenvs\bluepill_f103c8\lib46d\libqfplib.a(qfplib.o)
                0x08001ad4                qfp_fsub
                0x08001ada                qfp_fadd
                0x08001b1c                qfp_fcmp
                0x08001b38                qfp_fmul
                0x08001b48                qfp_fdiv
                0x08001b8a                qfp_fdiv_fast
                0x08001bda                qfp_fsqrt_fast
                0x08001c50                qfp_float2int
                0x08001c52                qfp_float2fix
                0x08001c7a                qfp_float2uint
                0x08001c7c                qfp_float2ufix
                0x08001c96                qfp_int2float
                0x08001c98                qfp_fix2float
                0x08001ca2                qfp_uint2float
                0x08001ca4                qfp_ufix2float
                0x08001d3a                qfp_fsin
                0x08001d7c                qfp_fcos
                0x08001d86                qfp_ftan
                0x08001d8e                qfp_fexp
                0x08001dbe                qfp_fsqrt
                0x08001df8                qfp_fln
                0x08001e1c                qfp_fatan2
 *libnano-float.a:(SORT_BY_ALIGNMENT(.text*))
 *fill*         0x08001ed4        0x4 
 .text.acos     0x08001ed8       0xbc .pioenvs\bluepill_f103c8\libc64\libnano-float.a(functions.o)
                0x08001ed8                acos
 .text.get_float_usage
                0x08001f94        0xc .pioenvs\bluepill_f103c8\libc64\libnano-float.a(functions.o)
                0x08001f94                get_float_usage
 .text.__wrap___aeabi_ddiv
                0x08001fa0       0x30 .pioenvs\bluepill_f103c8\libc64\libnano-float.a(functions.o)
                0x08001fa0                __wrap___aeabi_ddiv
 .text.__wrap___aeabi_dmul
                0x08001fd0       0x30 .pioenvs\bluepill_f103c8\libc64\libnano-float.a(functions.o)
                0x08001fd0                __wrap___aeabi_dmul
 .text.__wrap___aeabi_dcmpeq
                0x08002000       0x34 .pioenvs\bluepill_f103c8\libc64\libnano-float.a(functions.o)
                0x08002000                __wrap___aeabi_dcmpeq
 .text.__wrap___aeabi_dcmplt
                0x08002034       0x30 .pioenvs\bluepill_f103c8\libc64\libnano-float.a(functions.o)
                0x08002034                __wrap___aeabi_dcmplt
 .text.__wrap___aeabi_dcmple
                0x08002064       0x34 .pioenvs\bluepill_f103c8\libc64\libnano-float.a(functions.o)
                0x08002064                __wrap___aeabi_dcmple
 .text.__wrap___aeabi_dcmpge
                0x08002098       0x30 .pioenvs\bluepill_f103c8\libc64\libnano-float.a(functions.o)
                0x08002098                __wrap___aeabi_dcmpge
 .text.__wrap___aeabi_dcmpgt
                0x080020c8       0x34 .pioenvs\bluepill_f103c8\libc64\libnano-float.a(functions.o)
                0x080020c8                __wrap___aeabi_dcmpgt
 .text.__wrap___aeabi_dcmpun
                0x080020fc       0x34 .pioenvs\bluepill_f103c8\libc64\libnano-float.a(functions.o)
                0x080020fc                __wrap___aeabi_dcmpun
 .text.__wrap___aeabi_fdiv
                0x08002130       0x10 .pioenvs\bluepill_f103c8\libc64\libnano-float.a(functions.o)
                0x08002130                __wrap___aeabi_fdiv
 .text.__wrap___aeabi_d2iz
                0x08002140       0x2c .pioenvs\bluepill_f103c8\libc64\libnano-float.a(functions.o)
                0x08002140                __wrap___aeabi_d2iz
 .text.__wrap___aeabi_d2uiz
                0x0800216c       0x38 .pioenvs\bluepill_f103c8\libc64\libnano-float.a(functions.o)
                0x0800216c                __wrap___aeabi_d2uiz
 .text.sqrt     0x080021a4       0x1c .pioenvs\bluepill_f103c8\libc64\libnano-float.a(functions.o)
                0x080021a4                sqrt
 .text.log      0x080021c0       0x1c .pioenvs\bluepill_f103c8\libc64\libnano-float.a(functions.o)
                0x080021c0                log
 .text.exp      0x080021dc       0x1c .pioenvs\bluepill_f103c8\libc64\libnano-float.a(functions.o)
                0x080021dc                exp
 .text.log2     0x080021f8       0x28 .pioenvs\bluepill_f103c8\libc64\libnano-float.a(functions.o)
                0x080021f8                log2
 .text.log10    0x08002220       0x28 .pioenvs\bluepill_f103c8\libc64\libnano-float.a(functions.o)
                0x08002220                log10
 .text.pow      0x08002248       0x88 .pioenvs\bluepill_f103c8\libc64\libnano-float.a(functions.o)
                0x08002248                pow
 .text.ldexp    0x080022d0       0x40 .pioenvs\bluepill_f103c8\libc64\libnano-float.a(functions.o)
                0x080022d0                ldexp
 .text.sin      0x08002310       0x1c .pioenvs\bluepill_f103c8\libc64\libnano-float.a(functions.o)
                0x08002310                sin
 .text.cos      0x0800232c       0x34 .pioenvs\bluepill_f103c8\libc64\libnano-float.a(functions.o)
                0x0800232c                cos
 .text.tan      0x08002360       0x1c .pioenvs\bluepill_f103c8\libc64\libnano-float.a(functions.o)
                0x08002360                tan
 .text.atan2    0x0800237c       0x50 .pioenvs\bluepill_f103c8\libc64\libnano-float.a(functions.o)
                0x0800237c                atan2
 .text.atan     0x080023cc       0xa8 .pioenvs\bluepill_f103c8\libc64\libnano-float.a(functions.o)
                0x080023cc                atan
 .text.asin     0x08002474       0x88 .pioenvs\bluepill_f103c8\libc64\libnano-float.a(functions.o)
                0x08002474                asin
 .text.sinh     0x080024fc       0x94 .pioenvs\bluepill_f103c8\libc64\libnano-float.a(functions.o)
                0x080024fc                sinh
 .text.cosh     0x08002590       0x9c .pioenvs\bluepill_f103c8\libc64\libnano-float.a(functions.o)
                0x08002590                cosh
 .text.tanh     0x0800262c       0xac .pioenvs\bluepill_f103c8\libc64\libnano-float.a(functions.o)
                0x0800262c                tanh
 .text.asinh    0x080026d8       0x94 .pioenvs\bluepill_f103c8\libc64\libnano-float.a(functions.o)
                0x080026d8                asinh
 .text.acosh    0x0800276c       0xac .pioenvs\bluepill_f103c8\libc64\libnano-float.a(functions.o)
                0x0800276c                acosh
 .text.atanh    0x08002818       0xbc .pioenvs\bluepill_f103c8\libc64\libnano-float.a(functions.o)
                0x08002818                atanh
 .text.trunc    0x080028d4       0x80 .pioenvs\bluepill_f103c8\libc64\libnano-float.a(functions.o)
                0x080028d4                trunc
 .text.floor    0x08002954       0x7c .pioenvs\bluepill_f103c8\libc64\libnano-float.a(functions.o)
                0x08002954                floor
 .text.ceil     0x080029d0       0x80 .pioenvs\bluepill_f103c8\libc64\libnano-float.a(functions.o)
                0x080029d0                ceil
 .text.fmod     0x08002a50      0x148 .pioenvs\bluepill_f103c8\libc64\libnano-float.a(functions.o)
                0x08002a50                fmod
 *libnewlib.a:(SORT_BY_ALIGNMENT(.text*))
 .text.memset   0x08002b98       0x10 .pioenvs\bluepill_f103c8\liba13\libnewlib.a(memset.o)
                0x08002b98                memset
 .text.strlen   0x08002ba8       0x10 .pioenvs\bluepill_f103c8\liba13\libnewlib.a(strlen.o)
                0x08002ba8                strlen
 .text.strncat  0x08002bb8       0x28 .pioenvs\bluepill_f103c8\liba13\libnewlib.a(strncat.o)
                0x08002bb8                strncat
 .text.strncpy  0x08002be0       0x2a .pioenvs\bluepill_f103c8\liba13\libnewlib.a(strncpy.o)
                0x08002be0                strncpy
 .text.memcmp   0x08002c0a       0x1e .pioenvs\bluepill_f103c8\liba13\libnewlib.a(memcmp.o)
                0x08002c0a                memcmp
 .text.memcpy   0x08002c28       0x1c .pioenvs\bluepill_f103c8\liba13\libnewlib.a(memcpy.o)
                0x08002c28                memcpy
 *liblogger.a:(SORT_BY_ALIGNMENT(.text*))
 .text.enable_log
                0x08002c44       0x18 .pioenvs\bluepill_f103c8\lib931\liblogger.a(logger.o)
                0x08002c44                enable_log
 .text.debug_flush
                0x08002c5c       0x38 .pioenvs\bluepill_f103c8\lib931\liblogger.a(logger.o)
                0x08002c5c                debug_flush
 .text._ZL12debug_appendPKcj
                0x08002c94       0x50 .pioenvs\bluepill_f103c8\lib931\liblogger.a(logger.o)
 .text._Z11debug_printj
                0x08002ce4       0x7c .pioenvs\bluepill_f103c8\lib931\liblogger.a(logger.o)
                0x08002ce4                debug_print(unsigned int)
 .text._Z11debug_printi
                0x08002d60       0x30 .pioenvs\bluepill_f103c8\lib931\liblogger.a(logger.o)
                0x08002d60                debug_print(int)
 .text.debug_println
                0x08002d90       0x1c .pioenvs\bluepill_f103c8\lib931\liblogger.a(logger.o)
                0x08002d90                debug_println
 .text._Z13debug_printlni
                0x08002dac       0x18 .pioenvs\bluepill_f103c8\lib931\liblogger.a(logger.o)
                0x08002dac                debug_println(int)
 .text.debug_write
                0x08002dc4       0x16 .pioenvs\bluepill_f103c8\lib931\liblogger.a(logger.o)
                0x08002dc4                debug_write
 .text.debug_print
                0x08002dda       0x1a .pioenvs\bluepill_f103c8\lib931\liblogger.a(logger.o)
                0x08002dda                debug_print
 .text.debug_print_unsigned
                0x08002df4        0x4 .pioenvs\bluepill_f103c8\lib931\liblogger.a(logger.o)
                0x08002df4                debug_print_unsigned
 .text.debug_printhex
                0x08002df8       0x42 .pioenvs\bluepill_f103c8\lib931\liblogger.a(logger.o)
                0x08002df8                debug_printhex
 .text.debug_printhex_unsigned
                0x08002e3a       0x24 .pioenvs\bluepill_f103c8\lib931\liblogger.a(logger.o)
                0x08002e3a                debug_printhex_unsigned
 *libbluepill.a:(SORT_BY_ALIGNMENT(.text*))
 *fill*         0x08002e5e        0x2 
 .text.platform_setup
                0x08002e60       0x4c .pioenvs\bluepill_f103c8\libff7\libbluepill.a(bluepill.o)
                0x08002e60                platform_setup
 .text.enable_debug
                0x08002eac       0x10 .pioenvs\bluepill_f103c8\libff7\libbluepill.a(bluepill.o)
                0x08002eac                enable_debug
 .text.led_setup
                0x08002ebc       0x20 .pioenvs\bluepill_f103c8\libff7\libbluepill.a(led.o)
                0x08002ebc                led_setup
 .text.led_on   0x08002edc       0x10 .pioenvs\bluepill_f103c8\libff7\libbluepill.a(led.o)
                0x08002edc                led_on
 .text.led_off  0x08002eec       0x10 .pioenvs\bluepill_f103c8\libff7\libbluepill.a(led.o)
                0x08002eec                led_off
 .text.led_wait
                0x08002efc       0x10 .pioenvs\bluepill_f103c8\libff7\libbluepill.a(led.o)
                0x08002efc                led_wait
 .text.platform_start_timer
                0x08002f0c      0x114 .pioenvs\bluepill_f103c8\libff7\libbluepill.a(timer.o)
                0x08002f0c                platform_start_timer
 .text.rtc_isr  0x08003020       0x30 .pioenvs\bluepill_f103c8\libff7\libbluepill.a(timer.o)
                0x08003020                rtc_isr
 .text.rtc_alarm_isr
                0x08003050       0x30 .pioenvs\bluepill_f103c8\libff7\libbluepill.a(timer.o)
                0x08003050                rtc_alarm_isr
 .text.platform_alarm_count
                0x08003080        0xc .pioenvs\bluepill_f103c8\libff7\libbluepill.a(timer.o)
                0x08003080                platform_alarm_count
 .text.platform_tick_count
                0x0800308c        0xc .pioenvs\bluepill_f103c8\libff7\libbluepill.a(timer.o)
                0x0800308c                platform_tick_count
 .text.__cxa_pure_virtual
                0x08003098        0x8 .pioenvs\bluepill_f103c8\libff7\libbluepill.a(bluepill.o)
                0x08003098                __cxa_pure_virtual
 .text._Znwj    0x080030a0        0x4 .pioenvs\bluepill_f103c8\libff7\libbluepill.a(bluepill.o)
                0x080030a0                operator new(unsigned int)
 .text._ZdlPv   0x080030a4        0x4 .pioenvs\bluepill_f103c8\libff7\libbluepill.a(bluepill.o)
                0x080030a4                operator delete(void*)
 .text.platform_set_alarm
                0x080030a8        0x4 .pioenvs\bluepill_f103c8\libff7\libbluepill.a(timer.o)
                0x080030a8                platform_set_alarm
 .text.millis   0x080030ac        0x4 .pioenvs\bluepill_f103c8\libff7\libbluepill.a(timer.o)
                0x080030ac                millis
 *libbootloader.a:(SORT_BY_ALIGNMENT(.text*))
 .text.bootloader_start
                0x080030b0       0xcc .pioenvs\bluepill_f103c8\lib443\libbootloader.a(bootloader.o)
                0x080030b0                bootloader_start
 .text.target_set_led
                0x0800317c       0x18 .pioenvs\bluepill_f103c8\lib443\libbootloader.a(target_stm32f103.o)
                0x0800317c                target_set_led
 .text.target_gpio_setup
                0x08003194       0x70 .pioenvs\bluepill_f103c8\lib443\libbootloader.a(target_stm32f103.o)
                0x08003194                target_gpio_setup
 .text.target_usb_init
                0x08003204       0x2c .pioenvs\bluepill_f103c8\lib443\libbootloader.a(target_stm32f103.o)
                0x08003204                target_usb_init
 .text.target_get_force_bootloader
                0x08003230       0x34 .pioenvs\bluepill_f103c8\lib443\libbootloader.a(target_stm32f103.o)
                0x08003230                target_get_force_bootloader
 .text.target_flash_program_array
                0x08003264       0xdc .pioenvs\bluepill_f103c8\lib443\libbootloader.a(target_stm32f103.o)
                0x08003264                target_flash_program_array
 .text.set_aggregate_callback
                0x08003340       0x5c .pioenvs\bluepill_f103c8\lib443\libbootloader.a(usb_conf.o)
 .text.usb_setup
                0x0800339c       0x90 .pioenvs\bluepill_f103c8\lib443\libbootloader.a(usb_conf.o)
                0x0800339c                usb_setup
 .text.aggregate_register_config_callback
                0x0800342c       0x38 .pioenvs\bluepill_f103c8\lib443\libbootloader.a(usb_conf.o)
                0x0800342c                aggregate_register_config_callback
 .text.aggregate_register_callback
                0x08003464       0x4c .pioenvs\bluepill_f103c8\lib443\libbootloader.a(usb_conf.o)
                0x08003464                aggregate_register_callback
 .text.usb_set_serial_number
                0x080034b0       0x1c .pioenvs\bluepill_f103c8\lib443\libbootloader.a(usb_conf.o)
                0x080034b0                usb_set_serial_number
 .text.dump_buffer
                0x080034cc       0x4c .pioenvs\bluepill_f103c8\lib443\libbootloader.a(usb_conf.o)
                0x080034cc                dump_buffer
 .text.dump_usb_request
                0x08003518      0x130 .pioenvs\bluepill_f103c8\lib443\libbootloader.a(usb_conf.o)
                0x08003518                dump_usb_request
 .text.aggregate_callback
                0x08003648       0x64 .pioenvs\bluepill_f103c8\lib443\libbootloader.a(usb_conf.o)
 .text.webusb_set_config
                0x080036ac       0x28 .pioenvs\bluepill_f103c8\lib443\libbootloader.a(webusb.o)
 .text.webusb_control_vendor_request
                0x080036d4       0x9c .pioenvs\bluepill_f103c8\lib443\libbootloader.a(webusb.o)
 .text.webusb_setup
                0x08003770       0x4c .pioenvs\bluepill_f103c8\lib443\libbootloader.a(webusb.o)
                0x08003770                webusb_setup
 .text.winusb_control_vendor_request
                0x080037bc       0x94 .pioenvs\bluepill_f103c8\lib443\libbootloader.a(winusb.o)
 .text.winusb_set_config
                0x08003850       0x28 .pioenvs\bluepill_f103c8\lib443\libbootloader.a(winusb.o)
 .text.winusb_descriptor_request
                0x08003878       0x48 .pioenvs\bluepill_f103c8\lib443\libbootloader.a(winusb.o)
 .text.winusb_setup
                0x080038c0       0x5c .pioenvs\bluepill_f103c8\lib443\libbootloader.a(winusb.o)
                0x080038c0                winusb_setup
 .text.cdcacm_comm_cb
                0x0800391c       0x14 .pioenvs\bluepill_f103c8\lib443\libbootloader.a(cdc.o)
 .text.cdcacm_data_rx_cb
                0x08003930       0x4c .pioenvs\bluepill_f103c8\lib443\libbootloader.a(cdc.o)
 .text.cdcacm_set_config
                0x0800397c       0x68 .pioenvs\bluepill_f103c8\lib443\libbootloader.a(cdc.o)
 .text.cdcacm_control_request
                0x080039e4       0x68 .pioenvs\bluepill_f103c8\lib443\libbootloader.a(cdc.o)
 .text.cdc_setup
                0x08003a4c       0x24 .pioenvs\bluepill_f103c8\lib443\libbootloader.a(cdc.o)
                0x08003a4c                cdc_setup
 .text.hf2_set_config
                0x08003a70       0x3c .pioenvs\bluepill_f103c8\lib443\libbootloader.a(hf2.o)
 .text.assert.part.0
                0x08003aac       0x1c .pioenvs\bluepill_f103c8\lib443\libbootloader.a(hf2.o)
 .text.pokeSend
                0x08003ac8       0x84 .pioenvs\bluepill_f103c8\lib443\libbootloader.a(hf2.o)
 .text.send_hf2_response
                0x08003b4c       0x38 .pioenvs\bluepill_f103c8\lib443\libbootloader.a(hf2.o)
 .text.hf2_data_rx_cb
                0x08003b84      0x19c .pioenvs\bluepill_f103c8\lib443\libbootloader.a(hf2.o)
 .text.hf2_setup
                0x08003d20       0x2c .pioenvs\bluepill_f103c8\lib443\libbootloader.a(hf2.o)
                0x08003d20                hf2_setup
 .text.backup_write
                0x08003d4c       0x38 .pioenvs\bluepill_f103c8\lib443\libbootloader.a(backup.o)
                0x08003d4c                backup_write
 .text.backup_read
                0x08003d84       0x18 .pioenvs\bluepill_f103c8\lib443\libbootloader.a(backup.o)
                0x08003d84                backup_read
 .text.usb21_set_config
                0x08003d9c       0x28 .pioenvs\bluepill_f103c8\lib443\libbootloader.a(usb21_standard.o)
 .text.usb21_standard_get_descriptor
                0x08003dc4       0xcc .pioenvs\bluepill_f103c8\lib443\libbootloader.a(usb21_standard.o)
 .text.usb21_setup
                0x08003e90       0x38 .pioenvs\bluepill_f103c8\lib443\libbootloader.a(usb21_standard.o)
                0x08003e90                usb21_setup
 .text.flushFlash
                0x08003ec8       0x94 .pioenvs\bluepill_f103c8\lib443\libbootloader.a(ghostfat.o)
 .text.flash_write
                0x08003f5c       0x48 .pioenvs\bluepill_f103c8\lib443\libbootloader.a(ghostfat.o)
                0x08003f5c                flash_write
 .text.target_get_serial_number
                0x08003fa4        0x6 .pioenvs\bluepill_f103c8\lib443\libbootloader.a(target_stm32f103.o)
                0x08003fa4                target_get_serial_number
 .text.target_flash_unlock
                0x08003faa        0x4 .pioenvs\bluepill_f103c8\lib443\libbootloader.a(target_stm32f103.o)
                0x08003faa                target_flash_unlock
 .text.target_flash_lock
                0x08003fae        0x4 .pioenvs\bluepill_f103c8\lib443\libbootloader.a(target_stm32f103.o)
                0x08003fae                target_flash_lock
 .text.hf2_data_tx_cb
                0x08003fb2        0x4 .pioenvs\bluepill_f103c8\lib443\libbootloader.a(hf2.o)
 *libhal.a:(SORT_BY_ALIGNMENT(.text*))
                0x08003fb8                . = ALIGN (0x4)
 *fill*         0x08003fb6        0x2 
 *reset_handler.o(SORT_BY_ALIGNMENT(.rodata*))
 *codal_target_hal.o(SORT_BY_ALIGNMENT(.rodata*))
 .rodata.target_panic.str1.1
                0x08003fb8       0x13 .pioenvs\bluepill_f103c8\libff2\hal\codal_target_hal.o
 .rodata.target_wait.str1.1
                0x08003fcb       0x10 .pioenvs\bluepill_f103c8\libff2\hal\codal_target_hal.o
 .rodata.target_wait_us.str1.1
                0x08003fdb       0x13 .pioenvs\bluepill_f103c8\libff2\hal\codal_target_hal.o
 .rodata.test_codal.str1.1
                0x08003fee       0x34 .pioenvs\bluepill_f103c8\libff2\hal\codal_target_hal.o
 *liblibopencm3.a:(SORT_BY_ALIGNMENT(.rodata*))
 *libFrameworkLibOpenCM3.a:(SORT_BY_ALIGNMENT(.rodata*))
 *fill*         0x08004022        0x2 
 .rodata.st_usbfs_v1_usb_driver
                0x08004024       0x34 .pioenvs\bluepill_f103c8\libFrameworkLibOpenCM3.a(st_usbfs_v1.o)
                0x08004024                st_usbfs_v1_usb_driver
 .rodata.chars.4166
                0x08004058       0x11 .pioenvs\bluepill_f103c8\libFrameworkLibOpenCM3.a(desig.o)
 *libcocoOS_?.?.?.a:(SORT_BY_ALIGNMENT(.rodata*))
 *libqfplib.a:(SORT_BY_ALIGNMENT(.rodata*))
 *libnano-float.a:(SORT_BY_ALIGNMENT(.rodata*))
 *libnewlib.a:(SORT_BY_ALIGNMENT(.rodata*))
 *liblogger.a:(SORT_BY_ALIGNMENT(.rodata*))
 .rodata._Z11debug_printi.str1.1
                0x08004069        0x4 .pioenvs\bluepill_f103c8\lib931\liblogger.a(logger.o)
 .rodata._Z11debug_printj.str1.1
                0x0800406d        0xb .pioenvs\bluepill_f103c8\lib931\liblogger.a(logger.o)
 .rodata.debug_println.str1.1
                0x08004078        0x2 .pioenvs\bluepill_f103c8\lib931\liblogger.a(logger.o)
 *libbluepill.a:(SORT_BY_ALIGNMENT(.rodata*))
 .rodata.platform_setup.str1.1
                0x0800407a       0x13 .pioenvs\bluepill_f103c8\libff7\libbluepill.a(bluepill.o)
 .rodata.platform_start_timer.str1.1
                0x0800408d       0x2f .pioenvs\bluepill_f103c8\libff7\libbluepill.a(timer.o)
 *libbootloader.a:(SORT_BY_ALIGNMENT(.rodata*))
 .rodata.interfaces
                0x080040bc       0x30 .pioenvs\bluepill_f103c8\lib443\libbootloader.a(usb_conf.o)
 .rodata.bootloader_start.str1.1
                0x080040ec       0x74 .pioenvs\bluepill_f103c8\lib443\libbootloader.a(bootloader.o)
 .rodata.target_flash_program_array.str1.1
                0x08004160       0x6a .pioenvs\bluepill_f103c8\lib443\libbootloader.a(target_stm32f103.o)
                                 0x6b (size before relaxing)
 .rodata.aggregate_callback.str1.1
                0x080041ca        0x4 .pioenvs\bluepill_f103c8\lib443\libbootloader.a(usb_conf.o)
 .rodata.aggregate_register_callback.str1.1
                0x080041ce       0x26 .pioenvs\bluepill_f103c8\lib443\libbootloader.a(usb_conf.o)
 .rodata.aggregate_register_config_callback.str1.1
                0x080041f4       0x25 .pioenvs\bluepill_f103c8\lib443\libbootloader.a(usb_conf.o)
 .rodata.bos_descriptor
                0x08004219        0x9 .pioenvs\bluepill_f103c8\lib443\libbootloader.a(usb_conf.o)
 .rodata.cdc_iface_assoc
                0x08004222        0x8 .pioenvs\bluepill_f103c8\lib443\libbootloader.a(usb_conf.o)
 .rodata.cdcacm_functional_descriptors
                0x0800422a       0x13 .pioenvs\bluepill_f103c8\lib443\libbootloader.a(usb_conf.o)
 .rodata.comm_endp
                0x0800423d        0xf .pioenvs\bluepill_f103c8\lib443\libbootloader.a(usb_conf.o)
 .rodata.comm_iface
                0x0800424c       0x15 .pioenvs\bluepill_f103c8\lib443\libbootloader.a(usb_conf.o)
 .rodata.config
                0x08004261        0xd .pioenvs\bluepill_f103c8\lib443\libbootloader.a(usb_conf.o)
 .rodata.data_endp
                0x0800426e       0x1e .pioenvs\bluepill_f103c8\lib443\libbootloader.a(usb_conf.o)
 .rodata.data_iface
                0x0800428c       0x15 .pioenvs\bluepill_f103c8\lib443\libbootloader.a(usb_conf.o)
 .rodata.dev    0x080042a1       0x12 .pioenvs\bluepill_f103c8\lib443\libbootloader.a(usb_conf.o)
 .rodata.dump_buffer.str1.1
                0x080042b3        0x4 .pioenvs\bluepill_f103c8\lib443\libbootloader.a(usb_conf.o)
                                  0x7 (size before relaxing)
 .rodata.dump_usb_request.str1.1
                0x080042b7       0x70 .pioenvs\bluepill_f103c8\lib443\libbootloader.a(usb_conf.o)
 .rodata.hf2_endp
                0x08004327       0x1e .pioenvs\bluepill_f103c8\lib443\libbootloader.a(usb_conf.o)
 .rodata.hf2_iface
                0x08004345       0x15 .pioenvs\bluepill_f103c8\lib443\libbootloader.a(usb_conf.o)
 .rodata.set_aggregate_callback.str1.1
                0x0800435a       0x40 .pioenvs\bluepill_f103c8\lib443\libbootloader.a(usb_conf.o)
 .rodata.str1.1
                0x0800439a       0x7e .pioenvs\bluepill_f103c8\lib443\libbootloader.a(usb_conf.o)
 .rodata.usb_setup.str1.1
                0x08004418       0x2e .pioenvs\bluepill_f103c8\lib443\libbootloader.a(usb_conf.o)
 .rodata.webusb_control_vendor_request.str1.1
                0x08004446       0x3c .pioenvs\bluepill_f103c8\lib443\libbootloader.a(webusb.o)
                                 0x3d (size before relaxing)
 .rodata.webusb_platform_capability_descriptor
                0x08004482       0x18 .pioenvs\bluepill_f103c8\lib443\libbootloader.a(webusb.o)
                0x08004482                webusb_platform_capability_descriptor
 .rodata.webusb_set_config.str1.1
                0x0800449a       0x1d .pioenvs\bluepill_f103c8\lib443\libbootloader.a(webusb.o)
 .rodata.webusb_setup.str1.1
                0x080044b7       0x18 .pioenvs\bluepill_f103c8\lib443\libbootloader.a(webusb.o)
 .rodata.guid   0x080044cf       0x92 .pioenvs\bluepill_f103c8\lib443\libbootloader.a(winusb.o)
 .rodata.microsoft_platform_capability_descriptor
                0x08004561       0x1c .pioenvs\bluepill_f103c8\lib443\libbootloader.a(winusb.o)
                0x08004561                microsoft_platform_capability_descriptor
 .rodata.winusb_control_vendor_request.str1.1
                0x0800457d       0x14 .pioenvs\bluepill_f103c8\lib443\libbootloader.a(winusb.o)
 .rodata.winusb_descriptor_request.str1.1
                0x08004591        0x6 .pioenvs\bluepill_f103c8\lib443\libbootloader.a(winusb.o)
 .rodata.winusb_set_config.str1.1
                0x08004597       0x1d .pioenvs\bluepill_f103c8\lib443\libbootloader.a(winusb.o)
 .rodata.winusb_setup.str1.1
                0x080045b4       0x18 .pioenvs\bluepill_f103c8\lib443\libbootloader.a(winusb.o)
 .rodata.winusb_string_descriptor
                0x080045cc       0x12 .pioenvs\bluepill_f103c8\lib443\libbootloader.a(winusb.o)
 .rodata.cdc_setup.str1.1
                0x080045de       0x15 .pioenvs\bluepill_f103c8\lib443\libbootloader.a(cdc.o)
 .rodata.cdcacm_comm_cb.str1.1
                0x080045f3        0x5 .pioenvs\bluepill_f103c8\lib443\libbootloader.a(cdc.o)
 .rodata.cdcacm_control_request.str1.1
                0x080045f8       0x28 .pioenvs\bluepill_f103c8\lib443\libbootloader.a(cdc.o)
                                 0x30 (size before relaxing)
 .rodata.cdcacm_data_rx_cb.str1.1
                0x08004620        0x4 .pioenvs\bluepill_f103c8\lib443\libbootloader.a(cdc.o)
 .rodata.cdcacm_set_config.str1.1
                0x08004624       0x1d .pioenvs\bluepill_f103c8\lib443\libbootloader.a(cdc.o)
 .rodata.line_coding
                0x08004641        0x7 .pioenvs\bluepill_f103c8\lib443\libbootloader.a(cdc.o)
 .rodata.assert.part.0.str1.1
                0x08004648        0xc .pioenvs\bluepill_f103c8\lib443\libbootloader.a(hf2.o)
 .rodata.bad_packet_message
                0x08004654        0xb .pioenvs\bluepill_f103c8\lib443\libbootloader.a(hf2.o)
 .rodata.hf2_data_rx_cb.str1.1
                0x0800465f       0x88 .pioenvs\bluepill_f103c8\lib443\libbootloader.a(hf2.o)
                                 0x89 (size before relaxing)
 .rodata.hf2_set_config.str1.1
                0x080046e7        0xb .pioenvs\bluepill_f103c8\lib443\libbootloader.a(hf2.o)
 .rodata.hf2_setup.str1.1
                0x080046f2       0x15 .pioenvs\bluepill_f103c8\lib443\libbootloader.a(hf2.o)
 .rodata.send_hf2_response.str1.1
                0x08004707        0x7 .pioenvs\bluepill_f103c8\lib443\libbootloader.a(hf2.o)
 .rodata.usb21_set_config.str1.1
                0x0800470e       0x1c .pioenvs\bluepill_f103c8\lib443\libbootloader.a(usb21_standard.o)
 .rodata.usb21_setup.str1.1
                0x0800472a       0x17 .pioenvs\bluepill_f103c8\lib443\libbootloader.a(usb21_standard.o)
 .rodata.usb21_standard_get_descriptor.str1.1
                0x08004741       0x21 .pioenvs\bluepill_f103c8\lib443\libbootloader.a(usb21_standard.o)
 .rodata.flushFlash.str1.1
                0x08004762       0x1e .pioenvs\bluepill_f103c8\lib443\libbootloader.a(ghostfat.o)
                                 0x1f (size before relaxing)
 .rodata.infoUf2File
                0x08004780       0x55 .pioenvs\bluepill_f103c8\lib443\libbootloader.a(ghostfat.o)
                0x08004780                infoUf2File
 *libhal.a:(SORT_BY_ALIGNMENT(.rodata*))
                0x080047d8                . = ALIGN (0x4)
 *fill*         0x080047d5        0x3 

.text           0x08008000     0x7d88
 *(SORT_BY_ALIGNMENT(.vectors))
 *libunity.a:(SORT_BY_ALIGNMENT(.text*))
 .text.UnityPrintFloat
                0x08008000      0x344 .pioenvs\bluepill_f103c8\lib0e4\libunity.a(unity.o)
                0x08008000                UnityPrintFloat
 .text.UnityTestResultsBegin
                0x08008344       0x30 .pioenvs\bluepill_f103c8\lib0e4\libunity.a(unity.o)
 .text.UnityTestResultsFailBegin
                0x08008374       0x24 .pioenvs\bluepill_f103c8\lib0e4\libunity.a(unity.o)
 .text.UnityAddMsgIfSpecified
                0x08008398       0x50 .pioenvs\bluepill_f103c8\lib0e4\libunity.a(unity.o)
 .text.UnityConcludeTest
                0x080083e8       0x44 .pioenvs\bluepill_f103c8\lib0e4\libunity.a(unity.o)
                0x080083e8                UnityConcludeTest
 .text.UnityAssertEqualNumber
                0x0800842c       0x58 .pioenvs\bluepill_f103c8\lib0e4\libunity.a(unity.o)
                0x0800842c                UnityAssertEqualNumber
 .text.UnityAssertFloatsWithin
                0x08008484       0x58 .pioenvs\bluepill_f103c8\lib0e4\libunity.a(unity.o)
                0x08008484                UnityAssertFloatsWithin
 .text.UnityAssertDoublesWithin
                0x080084dc       0x60 .pioenvs\bluepill_f103c8\lib0e4\libunity.a(unity.o)
                0x080084dc                UnityAssertDoublesWithin
 .text.UnityDefaultTestRun
                0x0800853c       0x2c .pioenvs\bluepill_f103c8\lib0e4\libunity.a(unity.o)
                0x0800853c                UnityDefaultTestRun
 .text.UnityBegin
                0x08008568       0x20 .pioenvs\bluepill_f103c8\lib0e4\libunity.a(unity.o)
                0x08008568                UnityBegin
 .text.UnityEnd
                0x08008588       0x74 .pioenvs\bluepill_f103c8\lib0e4\libunity.a(unity.o)
                0x08008588                UnityEnd
 .text.UnityFloatsWithin
                0x080085fc       0xe4 .pioenvs\bluepill_f103c8\lib0e4\libunity.a(unity.o)
 .text.UnityDoublesWithin
                0x080086e0      0x11c .pioenvs\bluepill_f103c8\lib0e4\libunity.a(unity.o)
 .text.setUp    0x080087fc        0x2 .pioenvs\bluepill_f103c8\lib0e4\libunity.a(unity.o)
                0x080087fc                setUp
 .text.tearDown
                0x080087fe        0x2 .pioenvs\bluepill_f103c8\lib0e4\libunity.a(unity.o)
                0x080087fe                tearDown
 .text.UnityPrintNumberUnsigned
                0x08008800       0x34 .pioenvs\bluepill_f103c8\lib0e4\libunity.a(unity.o)
                0x08008800                UnityPrintNumberUnsigned
 .text.UnityPrintNumber
                0x08008834       0x18 .pioenvs\bluepill_f103c8\lib0e4\libunity.a(unity.o)
                0x08008834                UnityPrintNumber
 .text.UnityPrintNumberHex
                0x0800884c       0x2e .pioenvs\bluepill_f103c8\lib0e4\libunity.a(unity.o)
                0x0800884c                UnityPrintNumberHex
 .text.UnityPrint.part.0
                0x0800887a       0x4c .pioenvs\bluepill_f103c8\lib0e4\libunity.a(unity.o)
 .text.UnityPrint
                0x080088c6        0x8 .pioenvs\bluepill_f103c8\lib0e4\libunity.a(unity.o)
                0x080088c6                UnityPrint
 .text.UnityPrintNumberByStyle
                0x080088ce       0x3a .pioenvs\bluepill_f103c8\lib0e4\libunity.a(unity.o)
                0x080088ce                UnityPrintNumberByStyle
 :*unit_test.o(SORT_BY_ALIGNMENT(.text*))
 .text.test_fabs
                0x08008908      0x160 .pioenvs\bluepill_f103c8\libff2\hal\unit_test.o
                0x08008908                test_fabs
 .text.test_aeabi_ddiv
                0x08008a68      0x19c .pioenvs\bluepill_f103c8\libff2\hal\unit_test.o
                0x08008a68                test_aeabi_ddiv
 *fill*         0x08008c04        0x4 
 .text.test_aeabi_dmul
                0x08008c08      0x19c .pioenvs\bluepill_f103c8\libff2\hal\unit_test.o
                0x08008c08                test_aeabi_dmul
 *fill*         0x08008da4        0x4 
 .text.test_aeabi_dcmpeq
                0x08008da8      0x1a4 .pioenvs\bluepill_f103c8\libff2\hal\unit_test.o
                0x08008da8                test_aeabi_dcmpeq
 *fill*         0x08008f4c        0x4 
 .text.test_aeabi_dcmplt
                0x08008f50      0x1a4 .pioenvs\bluepill_f103c8\libff2\hal\unit_test.o
                0x08008f50                test_aeabi_dcmplt
 *fill*         0x080090f4        0x4 
 .text.test_aeabi_dcmple
                0x080090f8      0x1a4 .pioenvs\bluepill_f103c8\libff2\hal\unit_test.o
                0x080090f8                test_aeabi_dcmple
 *fill*         0x0800929c        0x4 
 .text.test_aeabi_dcmpge
                0x080092a0      0x1a4 .pioenvs\bluepill_f103c8\libff2\hal\unit_test.o
                0x080092a0                test_aeabi_dcmpge
 *fill*         0x08009444        0x4 
 .text.test_aeabi_dcmpgt
                0x08009448      0x1a4 .pioenvs\bluepill_f103c8\libff2\hal\unit_test.o
                0x08009448                test_aeabi_dcmpgt
 *fill*         0x080095ec        0x4 
 .text.test_aeabi_dcmpun
                0x080095f0      0x1a4 .pioenvs\bluepill_f103c8\libff2\hal\unit_test.o
                0x080095f0                test_aeabi_dcmpun
 *fill*         0x08009794        0x4 
 .text.test_aeabi_d2iz
                0x08009798       0x94 .pioenvs\bluepill_f103c8\libff2\hal\unit_test.o
                0x08009798                test_aeabi_d2iz
 *fill*         0x0800982c        0x4 
 .text.test_aeabi_d2uiz
                0x08009830       0x90 .pioenvs\bluepill_f103c8\libff2\hal\unit_test.o
                0x08009830                test_aeabi_d2uiz
 .text.test_sqrt
                0x080098c0       0xc8 .pioenvs\bluepill_f103c8\libff2\hal\unit_test.o
                0x080098c0                test_sqrt
 .text.test_log
                0x08009988       0xd0 .pioenvs\bluepill_f103c8\libff2\hal\unit_test.o
                0x08009988                test_log
 .text.test_exp
                0x08009a58      0x128 .pioenvs\bluepill_f103c8\libff2\hal\unit_test.o
                0x08009a58                test_exp
 .text.test_log2
                0x08009b80      0x10c .pioenvs\bluepill_f103c8\libff2\hal\unit_test.o
                0x08009b80                test_log2
 *fill*         0x08009c8c        0x4 
 .text.test_log10
                0x08009c90       0xd0 .pioenvs\bluepill_f103c8\libff2\hal\unit_test.o
                0x08009c90                test_log10
 .text.test_pow
                0x08009d60      0x110 .pioenvs\bluepill_f103c8\libff2\hal\unit_test.o
                0x08009d60                test_pow
 .text.test_ldexp
                0x08009e70       0xc4 .pioenvs\bluepill_f103c8\libff2\hal\unit_test.o
                0x08009e70                test_ldexp
 *fill*         0x08009f34        0x4 
 .text.test_sin
                0x08009f38      0x150 .pioenvs\bluepill_f103c8\libff2\hal\unit_test.o
                0x08009f38                test_sin
 .text.test_cos
                0x0800a088      0x158 .pioenvs\bluepill_f103c8\libff2\hal\unit_test.o
                0x0800a088                test_cos
 .text.test_tan
                0x0800a1e0      0x148 .pioenvs\bluepill_f103c8\libff2\hal\unit_test.o
                0x0800a1e0                test_tan
 .text.test_atan2
                0x0800a328      0x218 .pioenvs\bluepill_f103c8\libff2\hal\unit_test.o
                0x0800a328                test_atan2
 .text.test_atan
                0x0800a540       0xc4 .pioenvs\bluepill_f103c8\libff2\hal\unit_test.o
                0x0800a540                test_atan
 *fill*         0x0800a604        0x4 
 .text.test_asin
                0x0800a608       0xa8 .pioenvs\bluepill_f103c8\libff2\hal\unit_test.o
                0x0800a608                test_asin
 .text.test_acos
                0x0800a6b0      0x174 .pioenvs\bluepill_f103c8\libff2\hal\unit_test.o
                0x0800a6b0                test_acos
 *fill*         0x0800a824        0x4 
 .text.test_sinh
                0x0800a828      0x110 .pioenvs\bluepill_f103c8\libff2\hal\unit_test.o
                0x0800a828                test_sinh
 .text.test_cosh
                0x0800a938      0x110 .pioenvs\bluepill_f103c8\libff2\hal\unit_test.o
                0x0800a938                test_cosh
 .text.test_tanh
                0x0800aa48      0x110 .pioenvs\bluepill_f103c8\libff2\hal\unit_test.o
                0x0800aa48                test_tanh
 .text.test_asinh
                0x0800ab58      0x110 .pioenvs\bluepill_f103c8\libff2\hal\unit_test.o
                0x0800ab58                test_asinh
 .text.test_acosh
                0x0800ac68       0x90 .pioenvs\bluepill_f103c8\libff2\hal\unit_test.o
                0x0800ac68                test_acosh
 .text.test_atanh
                0x0800acf8       0xc8 .pioenvs\bluepill_f103c8\libff2\hal\unit_test.o
                0x0800acf8                test_atanh
 .text.test_trunc
                0x0800adc0      0x178 .pioenvs\bluepill_f103c8\libff2\hal\unit_test.o
                0x0800adc0                test_trunc
 .text.test_floor
                0x0800af38      0x17c .pioenvs\bluepill_f103c8\libff2\hal\unit_test.o
                0x0800af38                test_floor
 *fill*         0x0800b0b4        0x4 
 .text.test_ceil
                0x0800b0b8      0x17c .pioenvs\bluepill_f103c8\libff2\hal\unit_test.o
                0x0800b0b8                test_ceil
 *fill*         0x0800b234        0x4 
 .text.test_fmod
                0x0800b238      0x1d8 .pioenvs\bluepill_f103c8\libff2\hal\unit_test.o
                0x0800b238                test_fmod
 .text.test_aeabi_fdiv
                0x0800b410      0x100 .pioenvs\bluepill_f103c8\libff2\hal\unit_test.o
                0x0800b410                test_aeabi_fdiv
 .text.test_nanofloat
                0x0800b510      0x438 .pioenvs\bluepill_f103c8\libff2\hal\unit_test.o
                0x0800b510                test_nanofloat
 .text.unity_output_char
                0x0800b948        0x6 .pioenvs\bluepill_f103c8\libff2\hal\unit_test.o
                0x0800b948                unity_output_char
 .text.run_unit_test
                0x0800b94e        0x4 .pioenvs\bluepill_f103c8\libff2\hal\unit_test.o
                0x0800b94e                run_unit_test
 *(SORT_BY_ALIGNMENT(.text*))
 *fill*         0x0800b952        0x2 
 .text          0x0800b954      0x124 asm/CortexContextSwitch.s.o
                0x0800b954                swap_context
                0x0800b9d6                save_context
                0x0800ba1a                save_register_context
                0x0800ba4a                restore_register_context
 .text._ZL10debug_dumpRN5codal13STM32BluePillEPKc
                0x0800ba78       0x7c .pioenvs\bluepill_f103c8\src\main.o
 .text._Z10Blink_mainRN5codal13STM32BluePillE
                0x0800baf4       0x74 .pioenvs\bluepill_f103c8\src\main.o
                0x0800baf4                Blink_main(codal::STM32BluePill&)
 .text.startup._GLOBAL__sub_I_serialPort
                0x0800bb68       0x10 .pioenvs\bluepill_f103c8\src\uart.o
 .text._ZN5codal3_cm3Pin14setAnalogValueEi
                0x0800bb78       0x1c .pioenvs\bluepill_f103c8\lib24c\libcm.a(CmPin.o)
                0x0800bb78                codal::_cm::Pin::setAnalogValue(int)
 .text._ZN5codal3_cm3Pin13setServoValueEiii
                0x0800bb94       0x2c .pioenvs\bluepill_f103c8\lib24c\libcm.a(CmPin.o)
                0x0800bb94                codal::_cm::Pin::setServoValue(int, int, int)
 .text._ZN5codal3_cm3Pin9isTouchedEv
                0x0800bbc0        0x8 .pioenvs\bluepill_f103c8\lib24c\libcm.a(CmPin.o)
                0x0800bbc0                codal::_cm::Pin::isTouched()
 .text._ZN5codal3_cm3Pin17getAnalogPeriodUsEv
                0x0800bbc8        0x8 .pioenvs\bluepill_f103c8\lib24c\libcm.a(CmPin.o)
                0x0800bbc8                codal::_cm::Pin::getAnalogPeriodUs()
 .text._ZN5codal3_cm3Pin15setDigitalValueEi
                0x0800bbd0       0x80 .pioenvs\bluepill_f103c8\lib24c\libcm.a(CmPin.o)
                0x0800bbd0                codal::_cm::Pin::setDigitalValue(int)
 .text._ZN5codal3_cm3PinC2EhmmtNS_13PinCapabilityE
                0x0800bc50       0x2c .pioenvs\bluepill_f103c8\lib24c\libcm.a(CmPin.o)
                0x0800bc50                codal::_cm::Pin::Pin(unsigned char, unsigned long, unsigned long, unsigned short, codal::PinCapability)
                0x0800bc50                codal::_cm::Pin::Pin(unsigned char, unsigned long, unsigned long, unsigned short, codal::PinCapability)
 .text.codal_dmesg_set_flush_fn
                0x0800bc7c        0xc .pioenvs\bluepill_f103c8\lib635\libcodal-core.a(CodalDmesg.o)
                0x0800bc7c                codal_dmesg_set_flush_fn
 .text.codal_dmesg_flush
                0x0800bc88       0x10 .pioenvs\bluepill_f103c8\lib635\libcodal-core.a(CodalDmesg.o)
                0x0800bc88                codal_dmesg_flush
 .text._ZN5codal10EventModel6listenEiiPFvNS_5EventEEt
                0x0800bc98       0x60 .pioenvs\bluepill_f103c8\lib635\libcodal-core.a(CodalFiber.o)
                0x0800bc98                codal::EventModel::listen(int, int, void (*)(codal::Event), unsigned short)
 .text._ZN5codal14scheduler_tickENS_5EventE
                0x0800bcf8       0x38 .pioenvs\bluepill_f103c8\lib635\libcodal-core.a(CodalFiber.o)
                0x0800bcf8                codal::scheduler_tick(codal::Event)
 .text._ZN5codal15scheduler_eventENS_5EventE
                0x0800bd30       0xc0 .pioenvs\bluepill_f103c8\lib635\libcodal-core.a(CodalFiber.o)
                0x0800bd30                codal::scheduler_event(codal::Event)
 .text._Z15getFiberContextv
                0x0800bdf0       0x50 .pioenvs\bluepill_f103c8\lib635\libcodal-core.a(CodalFiber.o)
                0x0800bdf0                getFiberContext()
 .text._ZL10handle_fobv
                0x0800be40       0x2c .pioenvs\bluepill_f103c8\lib635\libcodal-core.a(CodalFiber.o)
 .text._ZN5codal23fiber_scheduler_runningEv
                0x0800be6c       0x10 .pioenvs\bluepill_f103c8\lib635\libcodal-core.a(CodalFiber.o)
                0x0800be6c                codal::fiber_scheduler_running()
 .text._ZN5codal14scheduler_initERNS_10EventModelE
                0x0800be7c       0xac .pioenvs\bluepill_f103c8\lib635\libcodal-core.a(CodalFiber.o)
                0x0800be7c                codal::scheduler_init(codal::EventModel&)
 .text._ZN5codal19fiber_wake_on_eventEtt
                0x0800bf28       0x5c .pioenvs\bluepill_f103c8\lib635\libcodal-core.a(CodalFiber.o)
                0x0800bf28                codal::fiber_wake_on_event(unsigned short, unsigned short)
 .text._Z14__create_fibermmmi
                0x0800bf84       0x64 .pioenvs\bluepill_f103c8\lib635\libcodal-core.a(CodalFiber.o)
                0x0800bf84                __create_fiber(unsigned long, unsigned long, unsigned long, int)
 .text._ZN5codal17verify_stack_sizeEPNS_5FiberE
                0x0800bfe8       0x44 .pioenvs\bluepill_f103c8\lib635\libcodal-core.a(CodalFiber.o)
                0x0800bfe8                codal::verify_stack_size(codal::Fiber*)
 .text._ZN5codal24scheduler_runqueue_emptyEv
                0x0800c02c       0x10 .pioenvs\bluepill_f103c8\lib635\libcodal-core.a(CodalFiber.o)
                0x0800c02c                codal::scheduler_runqueue_empty()
 .text._ZN5codal4idleEv
                0x0800c03c       0x3c .pioenvs\bluepill_f103c8\lib635\libcodal-core.a(CodalFiber.o)
                0x0800c03c                codal::idle()
 .text._ZN5codal8scheduleEv
                0x0800c078      0x108 .pioenvs\bluepill_f103c8\lib635\libcodal-core.a(CodalFiber.o)
                0x0800c078                codal::schedule()
 .text._ZN5codal11fiber_sleepEm
                0x0800c180       0x3c .pioenvs\bluepill_f103c8\lib635\libcodal-core.a(CodalFiber.o)
                0x0800c180                codal::fiber_sleep(unsigned long)
 .text._ZN5codal13release_fiberEv
                0x0800c1bc       0x6c .pioenvs\bluepill_f103c8\lib635\libcodal-core.a(CodalFiber.o)
                0x0800c1bc                codal::release_fiber()
 .text._ZN5codal6invokeEPFvPvES0_
                0x0800c228       0x80 .pioenvs\bluepill_f103c8\lib635\libcodal-core.a(CodalFiber.o)
                0x0800c228                codal::invoke(void (*)(void*), void*)
 .text._Z18device_create_heapmm
                0x0800c2a8       0x3c .pioenvs\bluepill_f103c8\lib635\libcodal-core.a(CodalHeapAllocator.o)
                0x0800c2a8                device_create_heap(unsigned long, unsigned long)
 .text.device_malloc
                0x0800c2e4       0x48 .pioenvs\bluepill_f103c8\lib635\libcodal-core.a(CodalHeapAllocator.o)
                0x0800c2e4                device_malloc
                0x0800c2e4                malloc
 .text.device_free
                0x0800c32c       0x40 .pioenvs\bluepill_f103c8\lib635\libcodal-core.a(CodalHeapAllocator.o)
                0x0800c32c                free
                0x0800c32c                device_free
 .text._ZN5codal5TimerC2Ev
                0x0800c36c       0x34 .pioenvs\bluepill_f103c8\lib635\libcodal-core.a(Timer.o)
                0x0800c36c                codal::Timer::Timer()
                0x0800c36c                codal::Timer::Timer()
 .text._ZN5codal25system_timer_current_timeEv
                0x0800c3a0       0x10 .pioenvs\bluepill_f103c8\lib635\libcodal-core.a(Timer.o)
                0x0800c3a0                codal::system_timer_current_time()
 .text._ZN5codal27system_timer_event_every_usEmtt
                0x0800c3b0       0x24 .pioenvs\bluepill_f103c8\lib635\libcodal-core.a(Timer.o)
                0x0800c3b0                codal::system_timer_event_every_us(unsigned long, unsigned short, unsigned short)
 .text._ZN5codal5Event4fireEv
                0x0800c3d4       0x20 .pioenvs\bluepill_f103c8\lib635\libcodal-core.a(Event.o)
                0x0800c3d4                codal::Event::fire()
 .text._ZN5codal14CodalComponent4initEv
                0x0800c3f4        0x8 .pioenvs\bluepill_f103c8\lib400\libmodel.a(STM32BluePill.o)
                0x0800c3f4                codal::CodalComponent::init()
 .text._ZN5codal14CodalComponentD2Ev
                0x0800c3fc       0x18 .pioenvs\bluepill_f103c8\lib400\libmodel.a(STM32BluePill.o)
                0x0800c3fc                codal::CodalComponent::~CodalComponent()
                0x0800c3fc                codal::CodalComponent::~CodalComponent()
 .text._ZN5codal13STM32BluePill4initEv
                0x0800c414       0x4c .pioenvs\bluepill_f103c8\lib400\libmodel.a(STM32BluePill.o)
                0x0800c414                codal::STM32BluePill::init()
 .text._ZN5codal13STM32BluePillC2Ev
                0x0800c460       0x98 .pioenvs\bluepill_f103c8\lib400\libmodel.a(STM32BluePill.o)
                0x0800c460                codal::STM32BluePill::STM32BluePill()
                0x0800c460                codal::STM32BluePill::STM32BluePill()
 .text._ZN5codal13STM32BluePillD2Ev
                0x0800c4f8       0x40 .pioenvs\bluepill_f103c8\lib400\libmodel.a(STM32BluePill.o)
                0x0800c4f8                codal::STM32BluePill::~STM32BluePill()
                0x0800c4f8                codal::STM32BluePill::~STM32BluePill()
 .text._ZN5codal15STM32BluePillIOC2Ev
                0x0800c538      0xaf0 .pioenvs\bluepill_f103c8\lib400\libmodel.a(STM32BluePillIO.o)
                0x0800c538                codal::STM32BluePillIO::STM32BluePillIO()
                0x0800c538                codal::STM32BluePillIO::STM32BluePillIO()
 .text.usart2_isr
                0x0800d028       0x50 .pioenvs\bluepill_f103c8\lib492\libuartint.a(uartint.o)
                0x0800d028                usart2_isr
 .text.startup._GLOBAL__sub_I__ZN13UARTInterfaceC2Ejj
                0x0800d078       0x10 .pioenvs\bluepill_f103c8\lib492\libuartint.a(uartint.o)
 .text          0x0800d088      0x378 c:/users/guppy/.platformio/packages/toolchain-gccarmnoneeabi/bin/../lib/gcc/arm-none-eabi/7.2.1/thumb/v7-m\libgcc.a(_arm_addsubdf3.o)
                0x0800d088                __aeabi_drsub
                0x0800d090                __aeabi_dsub
                0x0800d090                __subdf3
                0x0800d094                __aeabi_dadd
                0x0800d094                __adddf3
                0x0800d30c                __floatunsidf
                0x0800d30c                __aeabi_ui2d
                0x0800d32c                __floatsidf
                0x0800d32c                __aeabi_i2d
                0x0800d350                __aeabi_f2d
                0x0800d350                __extendsfdf2
                0x0800d394                __floatundidf
                0x0800d394                __aeabi_ul2d
                0x0800d3a4                __floatdidf
                0x0800d3a4                __aeabi_l2d
 .text          0x0800d400      0x424 c:/users/guppy/.platformio/packages/toolchain-gccarmnoneeabi/bin/../lib/gcc/arm-none-eabi/7.2.1/thumb/v7-m\libgcc.a(_arm_muldivdf3.o)
                0x0800d400                __aeabi_dmul
                0x0800d400                __muldf3
                0x0800d654                __divdf3
                0x0800d654                __aeabi_ddiv
 .text          0x0800d824      0x110 c:/users/guppy/.platformio/packages/toolchain-gccarmnoneeabi/bin/../lib/gcc/arm-none-eabi/7.2.1/thumb/v7-m\libgcc.a(_arm_cmpdf2.o)
                0x0800d824                __gtdf2
                0x0800d824                __gedf2
                0x0800d82c                __ltdf2
                0x0800d82c                __ledf2
                0x0800d834                __nedf2
                0x0800d834                __eqdf2
                0x0800d834                __cmpdf2
                0x0800d8b0                __aeabi_cdrcmple
                0x0800d8c0                __aeabi_cdcmpeq
                0x0800d8c0                __aeabi_cdcmple
                0x0800d8d0                __aeabi_dcmpeq
                0x0800d8e4                __aeabi_dcmplt
                0x0800d8f8                __aeabi_dcmple
                0x0800d90c                __aeabi_dcmpge
                0x0800d920                __aeabi_dcmpgt
 .text          0x0800d934       0x2c c:/users/guppy/.platformio/packages/toolchain-gccarmnoneeabi/bin/../lib/gcc/arm-none-eabi/7.2.1/thumb/v7-m\libgcc.a(_arm_unorddf2.o)
                0x0800d934                __unorddf2
                0x0800d934                __aeabi_dcmpun
 .text          0x0800d960       0x50 c:/users/guppy/.platformio/packages/toolchain-gccarmnoneeabi/bin/../lib/gcc/arm-none-eabi/7.2.1/thumb/v7-m\libgcc.a(_arm_fixdfsi.o)
                0x0800d960                __aeabi_d2iz
                0x0800d960                __fixdfsi
 .text          0x0800d9b0       0xa0 c:/users/guppy/.platformio/packages/toolchain-gccarmnoneeabi/bin/../lib/gcc/arm-none-eabi/7.2.1/thumb/v7-m\libgcc.a(_arm_truncdfsf2.o)
                0x0800d9b0                __truncdfsf2
                0x0800d9b0                __aeabi_d2f
 .text          0x0800da50      0x21c c:/users/guppy/.platformio/packages/toolchain-gccarmnoneeabi/bin/../lib/gcc/arm-none-eabi/7.2.1/thumb/v7-m\libgcc.a(_arm_addsubsf3.o)
                0x0800da50                __aeabi_frsub
                0x0800da58                __subsf3
                0x0800da58                __aeabi_fsub
                0x0800da5c                __aeabi_fadd
                0x0800da5c                __addsf3
                0x0800dbbc                __aeabi_ui2f
                0x0800dbbc                __floatunsisf
                0x0800dbc4                __aeabi_i2f
                0x0800dbc4                __floatsisf
                0x0800dbe0                __aeabi_ul2f
                0x0800dbe0                __floatundisf
                0x0800dbf0                __aeabi_l2f
                0x0800dbf0                __floatdisf
 .text          0x0800dc6c      0x2a0 c:/users/guppy/.platformio/packages/toolchain-gccarmnoneeabi/bin/../lib/gcc/arm-none-eabi/7.2.1/thumb/v7-m\libgcc.a(_arm_muldivsf3.o)
                0x0800dc6c                __mulsf3
                0x0800dc6c                __aeabi_fmul
                0x0800ddd4                __aeabi_fdiv
                0x0800ddd4                __divsf3
 .text          0x0800df0c       0xec c:/users/guppy/.platformio/packages/toolchain-gccarmnoneeabi/bin/../lib/gcc/arm-none-eabi/7.2.1/thumb/v7-m\libgcc.a(_arm_cmpsf2.o)
                0x0800df0c                __gesf2
                0x0800df0c                __gtsf2
                0x0800df14                __lesf2
                0x0800df14                __ltsf2
                0x0800df1c                __nesf2
                0x0800df1c                __eqsf2
                0x0800df1c                __cmpsf2
                0x0800df7c                __aeabi_cfrcmple
                0x0800df84                __aeabi_cfcmpeq
                0x0800df84                __aeabi_cfcmple
                0x0800df94                __aeabi_fcmpeq
                0x0800dfa8                __aeabi_fcmplt
                0x0800dfbc                __aeabi_fcmple
                0x0800dfd0                __aeabi_fcmpge
                0x0800dfe4                __aeabi_fcmpgt
 .text._ZN5codal3_cm3I2CC2ERNS_3PinES3_
                0x0800dff8       0x1c .pioenvs\bluepill_f103c8\lib24c\libcm.a(CmI2C.o)
                0x0800dff8                codal::_cm::I2C::I2C(codal::Pin&, codal::Pin&)
                0x0800dff8                codal::_cm::I2C::I2C(codal::Pin&, codal::Pin&)
 .text._ZN5codal3_cm3SPI4initEv
                0x0800e014       0x5c .pioenvs\bluepill_f103c8\lib24c\libcm.a(CmSPI.o)
                0x0800e014                codal::_cm::SPI::init()
 .text._ZN5codal3_cm3SPIC2ERNS0_3PinES3_S3_S3_
                0x0800e070       0x9c .pioenvs\bluepill_f103c8\lib24c\libcm.a(CmSPI.o)
                0x0800e070                codal::_cm::SPI::SPI(codal::_cm::Pin&, codal::_cm::Pin&, codal::_cm::Pin&, codal::_cm::Pin&)
                0x0800e070                codal::_cm::SPI::SPI(codal::_cm::Pin&, codal::_cm::Pin&, codal::_cm::Pin&, codal::_cm::Pin&)
 .text._ZN5codal3_cm6SerialD2Ev
                0x0800e10c       0x14 .pioenvs\bluepill_f103c8\lib24c\libcm.a(CmSerial.o)
                0x0800e10c                codal::_cm::Serial::~Serial()
                0x0800e10c                codal::_cm::Serial::~Serial()
 .text._ZN5codal3_cm6SerialC2ERNS0_3PinES3_hh
                0x0800e120       0x4c .pioenvs\bluepill_f103c8\lib24c\libcm.a(CmSerial.o)
                0x0800e120                codal::_cm::Serial::Serial(codal::_cm::Pin&, codal::_cm::Pin&, unsigned char, unsigned char)
                0x0800e120                codal::_cm::Serial::Serial(codal::_cm::Pin&, codal::_cm::Pin&, unsigned char, unsigned char)
 .text._ZN5codal3_cm13tick_callbackEv
                0x0800e16c       0x10 .pioenvs\bluepill_f103c8\lib24c\libcm.a(CmTimer.o)
                0x0800e16c                codal::_cm::tick_callback()
 .text._ZN5codal3_cm5Timer4initEv
                0x0800e17c       0x2c .pioenvs\bluepill_f103c8\lib24c\libcm.a(CmTimer.o)
                0x0800e17c                codal::_cm::Timer::init()
 .text._ZN5codal3_cm5TimerC2Ev
                0x0800e1a8       0x28 .pioenvs\bluepill_f103c8\lib24c\libcm.a(CmTimer.o)
                0x0800e1a8                codal::_cm::Timer::Timer()
                0x0800e1a8                codal::_cm::Timer::Timer()
 .text.pinmap_peripheral
                0x0800e1d0       0x30 .pioenvs\bluepill_f103c8\lib24c\libcm.a(CmPinMap.o)
                0x0800e1d0                pinmap_peripheral
 .text.pinmap_mode
                0x0800e200       0x2c .pioenvs\bluepill_f103c8\lib24c\libcm.a(CmPinMap.o)
                0x0800e200                pinmap_mode
 .text.pinmap_cnf
                0x0800e22c       0x2c .pioenvs\bluepill_f103c8\lib24c\libcm.a(CmPinMap.o)
                0x0800e22c                pinmap_cnf
 .text._Z18component_callbackN5codal5EventE
                0x0800e258       0x58 .pioenvs\bluepill_f103c8\lib635\libcodal-core.a(CodalComponent.o)
                0x0800e258                component_callback(codal::Event)
 .text._ZN5codal14CodalComponent12addComponentEv
                0x0800e2b0       0x70 .pioenvs\bluepill_f103c8\lib635\libcodal-core.a(CodalComponent.o)
                0x0800e2b0                codal::CodalComponent::addComponent()
 .text._ZN5codal14CodalComponent15removeComponentEv
                0x0800e320       0x20 .pioenvs\bluepill_f103c8\lib635\libcodal-core.a(CodalComponent.o)
                0x0800e320                codal::CodalComponent::removeComponent()
 .text._ZN5codal3I2CC2ERNS_3PinES2_
                0x0800e340        0xc .pioenvs\bluepill_f103c8\lib635\libcodal-core.a(I2C.o)
                0x0800e340                codal::I2C::I2C(codal::Pin&, codal::Pin&)
                0x0800e340                codal::I2C::I2C(codal::Pin&, codal::Pin&)
 .text._ZN5codal6SerialC2ERNS_3PinES2_hht
                0x0800e34c       0x5c .pioenvs\bluepill_f103c8\lib635\libcodal-core.a(Serial.o)
                0x0800e34c                codal::Serial::Serial(codal::Pin&, codal::Pin&, unsigned char, unsigned char, unsigned short)
                0x0800e34c                codal::Serial::Serial(codal::Pin&, codal::Pin&, unsigned char, unsigned char, unsigned short)
 .text._ZN5codal6SerialD2Ev
                0x0800e3a8       0x1c .pioenvs\bluepill_f103c8\lib635\libcodal-core.a(Serial.o)
                0x0800e3a8                codal::Serial::~Serial()
                0x0800e3a8                codal::Serial::~Serial()
 .text._ZN5codal10EventModel4sendENS_5EventE
                0x0800e3c4       0x14 .pioenvs\bluepill_f103c8\lib635\libcodal-core.a(MessageBus.o)
                0x0800e3c4                codal::EventModel::send(codal::Event)
 .text._ZN5codal10EventModel3addEPNS_8ListenerE
                0x0800e3d8        0x8 .pioenvs\bluepill_f103c8\lib635\libcodal-core.a(MessageBus.o)
                0x0800e3d8                codal::EventModel::add(codal::Listener*)
 .text._ZN5codal10EventModel6removeEPNS_8ListenerE
                0x0800e3e0        0x8 .pioenvs\bluepill_f103c8\lib635\libcodal-core.a(MessageBus.o)
                0x0800e3e0                codal::EventModel::remove(codal::Listener*)
 .text._ZN5codal10MessageBus6removeEPNS_8ListenerE
                0x0800e3e8       0x70 .pioenvs\bluepill_f103c8\lib635\libcodal-core.a(MessageBus.o)
                0x0800e3e8                codal::MessageBus::remove(codal::Listener*)
 .text._ZN5codal10MessageBus3addEPNS_8ListenerE
                0x0800e458       0xbc .pioenvs\bluepill_f103c8\lib635\libcodal-core.a(MessageBus.o)
                0x0800e458                codal::MessageBus::add(codal::Listener*)
 .text._ZN5codal10MessageBusD2Ev
                0x0800e514       0x78 .pioenvs\bluepill_f103c8\lib635\libcodal-core.a(MessageBus.o)
                0x0800e514                codal::MessageBus::~MessageBus()
                0x0800e514                codal::MessageBus::~MessageBus()
 .text._ZN5codal10MessageBusC2Ev
                0x0800e58c       0xa8 .pioenvs\bluepill_f103c8\lib635\libcodal-core.a(MessageBus.o)
                0x0800e58c                codal::MessageBus::MessageBus()
                0x0800e58c                codal::MessageBus::MessageBus()
 .text._ZN5codal10MessageBus7processERNS_5EventEb
                0x0800e634       0x84 .pioenvs\bluepill_f103c8\lib635\libcodal-core.a(MessageBus.o)
                0x0800e634                codal::MessageBus::process(codal::Event&, bool)
 .text._ZN5codal19allocateNotifyEventEv
                0x0800e6b8       0x10 .pioenvs\bluepill_f103c8\lib635\libcodal-core.a(MessageBus.o)
                0x0800e6b8                codal::allocateNotifyEvent()
 .text._ZN5codal13ManagedStringC2EPKcs
                0x0800e6c8       0x34 .pioenvs\bluepill_f103c8\lib635\libcodal-core.a(ManagedString.o)
                0x0800e6c8                codal::ManagedString::ManagedString(char const*, short)
                0x0800e6c8                codal::ManagedString::ManagedString(char const*, short)
 .text._ZN5codal13ManagedStringC2Ev
                0x0800e6fc        0xc .pioenvs\bluepill_f103c8\lib635\libcodal-core.a(ManagedString.o)
                0x0800e6fc                codal::ManagedString::ManagedString()
                0x0800e6fc                codal::ManagedString::ManagedString()
 .text.startup._GLOBAL__sub_I__ZN5codal13ManagedString9initEmptyEv
                0x0800e708       0x2c .pioenvs\bluepill_f103c8\lib635\libcodal-core.a(ManagedString.o)
 .text.startup.main
                0x0800e734       0x1a .pioenvs\bluepill_f103c8\src\main.o
                0x0800e734                main
 .text._ZN5codal3Pin15setServoPulseUsEm
                0x0800e74e        0x6 .pioenvs\bluepill_f103c8\lib24c\libcm.a(CmPin.o)
                0x0800e74e                codal::Pin::setServoPulseUs(unsigned long)
 .text._ZN5codal3Pin17setAnalogPeriodUsEm
                0x0800e754        0x6 .pioenvs\bluepill_f103c8\lib24c\libcm.a(CmPin.o)
                0x0800e754                codal::Pin::setAnalogPeriodUs(unsigned long)
 .text._ZN5codal3Pin8drainPinEv
                0x0800e75a        0x6 .pioenvs\bluepill_f103c8\lib24c\libcm.a(CmPin.o)
                0x0800e75a                codal::Pin::drainPin()
 .text._ZN5codal3_cm3Pin15getDigitalValueEv
                0x0800e760        0x4 .pioenvs\bluepill_f103c8\lib24c\libcm.a(CmPin.o)
                0x0800e760                codal::_cm::Pin::getDigitalValue()
 .text._ZN5codal3_cm3Pin15getDigitalValueENS_8PullModeE
                0x0800e764       0x16 .pioenvs\bluepill_f103c8\lib24c\libcm.a(CmPin.o)
                0x0800e764                codal::_cm::Pin::getDigitalValue(codal::PullMode)
 .text._ZN5codal3_cm3Pin14getAnalogValueEv
                0x0800e77a        0x4 .pioenvs\bluepill_f103c8\lib24c\libcm.a(CmPin.o)
                0x0800e77a                codal::_cm::Pin::getAnalogValue()
 .text._ZN5codal3_cm3Pin7isInputEv
                0x0800e77e        0xe .pioenvs\bluepill_f103c8\lib24c\libcm.a(CmPin.o)
                0x0800e77e                codal::_cm::Pin::isInput()
 .text._ZN5codal3_cm3Pin8isOutputEv
                0x0800e78c        0xe .pioenvs\bluepill_f103c8\lib24c\libcm.a(CmPin.o)
                0x0800e78c                codal::_cm::Pin::isOutput()
 .text._ZN5codal3_cm3Pin9isDigitalEv
                0x0800e79a        0xc .pioenvs\bluepill_f103c8\lib24c\libcm.a(CmPin.o)
                0x0800e79a                codal::_cm::Pin::isDigital()
 .text._ZN5codal3_cm3Pin8isAnalogEv
                0x0800e7a6        0xe .pioenvs\bluepill_f103c8\lib24c\libcm.a(CmPin.o)
                0x0800e7a6                codal::_cm::Pin::isAnalog()
 .text._ZN5codal3_cm3Pin15getAnalogPeriodEv
                0x0800e7b4       0x12 .pioenvs\bluepill_f103c8\lib24c\libcm.a(CmPin.o)
                0x0800e7b4                codal::_cm::Pin::getAnalogPeriod()
 .text._ZN5codal3_cm3Pin7setPullENS_8PullModeE
                0x0800e7c6        0x6 .pioenvs\bluepill_f103c8\lib24c\libcm.a(CmPin.o)
                0x0800e7c6                codal::_cm::Pin::setPull(codal::PullMode)
 .text._ZN5codal3_cm3Pin5setupEhh
                0x0800e7cc       0x1e .pioenvs\bluepill_f103c8\lib24c\libcm.a(CmPin.o)
                0x0800e7cc                codal::_cm::Pin::setup(unsigned char, unsigned char)
 .text._ZN5codal3_cm3Pin17setAnalogPeriodUsEi
                0x0800e7ea       0x12 .pioenvs\bluepill_f103c8\lib24c\libcm.a(CmPin.o)
                0x0800e7ea                codal::_cm::Pin::setAnalogPeriodUs(int)
 .text._ZN5codal3_cm3Pin15setAnalogPeriodEi
                0x0800e7fc        0xa .pioenvs\bluepill_f103c8\lib24c\libcm.a(CmPin.o)
                0x0800e7fc                codal::_cm::Pin::setAnalogPeriod(int)
 .text._ZN5codal3_cm3Pin13disableEventsEv
                0x0800e806       0x10 .pioenvs\bluepill_f103c8\lib24c\libcm.a(CmPin.o)
                0x0800e806                codal::_cm::Pin::disableEvents()
 .text._ZN5codal3_cm3Pin7eventOnEi
                0x0800e816       0x26 .pioenvs\bluepill_f103c8\lib24c\libcm.a(CmPin.o)
                0x0800e816                codal::_cm::Pin::eventOn(int)
 .text._ZN5codal14string_reverseEPc
                0x0800e83c       0x2a .pioenvs\bluepill_f103c8\lib635\libcodal-core.a(CodalCompat.o)
                0x0800e83c                codal::string_reverse(char*)
 .text._ZN5codal4itoaEiPc
                0x0800e866       0x50 .pioenvs\bluepill_f103c8\lib635\libcodal-core.a(CodalCompat.o)
                0x0800e866                codal::itoa(int, char*)
 .text._ZN5codal11queue_fiberEPNS_5FiberEPS1_
                0x0800e8b6       0x2e .pioenvs\bluepill_f103c8\lib635\libcodal-core.a(CodalFiber.o)
                0x0800e8b6                codal::queue_fiber(codal::Fiber*, codal::Fiber**)
 .text._ZN5codal13dequeue_fiberEPNS_5FiberE
                0x0800e8e4       0x34 .pioenvs\bluepill_f103c8\lib635\libcodal-core.a(CodalFiber.o)
                0x0800e8e4                codal::dequeue_fiber(codal::Fiber*)
 .text._ZN5codal12create_fiberEPFvPvES0_S2_
                0x0800e918       0x1e .pioenvs\bluepill_f103c8\lib635\libcodal-core.a(CodalFiber.o)
                0x0800e918                codal::create_fiber(void (*)(void*), void*, void (*)(void*))
 .text._ZN5codal20fiber_wait_for_eventEtt
                0x0800e936       0x12 .pioenvs\bluepill_f103c8\lib635\libcodal-core.a(CodalFiber.o)
                0x0800e936                codal::fiber_wait_for_event(unsigned short, unsigned short)
 .text._ZN5codal16launch_new_fiberEPFvvES1_
                0x0800e948       0x10 .pioenvs\bluepill_f103c8\lib635\libcodal-core.a(CodalFiber.o)
                0x0800e948                codal::launch_new_fiber(void (*)(), void (*)())
 .text._ZN5codal13release_fiberEPv
                0x0800e958       0x12 .pioenvs\bluepill_f103c8\lib635\libcodal-core.a(CodalFiber.o)
                0x0800e958                codal::release_fiber(void*)
 .text._ZN5codal22launch_new_fiber_paramEPFvPvES2_S0_
                0x0800e96a       0x1a .pioenvs\bluepill_f103c8\lib635\libcodal-core.a(CodalFiber.o)
                0x0800e96a                codal::launch_new_fiber_param(void (*)(void*), void (*)(void*), void*)
 .text._ZN5codal9idle_taskEv
                0x0800e984        0xc .pioenvs\bluepill_f103c8\lib635\libcodal-core.a(CodalFiber.o)
                0x0800e984                codal::idle_task()
 .text._Z16device_malloc_injR14HeapDefinition
                0x0800e990       0x84 .pioenvs\bluepill_f103c8\lib635\libcodal-core.a(CodalHeapAllocator.o)
                0x0800e990                device_malloc_in(unsigned int, HeapDefinition&)
 .text._ZN5codal8ListenerC2EttPFvNS_5EventEEt