Archive member included to satisfy reference by file (symbol)

.pioenvs/bluepill_f103c8/libd9b/liblogger.a(logger.o)
                              .pioenvs/bluepill_f103c8/libccd/hal/codal_target_hal.o (debug_flush)
.pioenvs/bluepill_f103c8/libd88/libnano-float.a(functions.o)
                              .pioenvs/bluepill_f103c8/src/aggregate.o (pow)
.pioenvs/bluepill_f103c8/lib98a/libnewlib.a(strlen.o)
                              .pioenvs/bluepill_f103c8/src/aggregate.o (strlen)
.pioenvs/bluepill_f103c8/lib98a/libnewlib.a(strncat.o)
                              .pioenvs/bluepill_f103c8/src/wisol.o (strncat)
.pioenvs/bluepill_f103c8/lib98a/libnewlib.a(strncmp.o)
                              .pioenvs/bluepill_f103c8/src/aggregate.o (strncmp)
.pioenvs/bluepill_f103c8/lib98a/libnewlib.a(strncpy.o)
                              .pioenvs/bluepill_f103c8/src/aggregate.o (strncpy)
.pioenvs/bluepill_f103c8/lib98a/libnewlib.a(strstr.o)
                              .pioenvs/bluepill_f103c8/src/wisol.o (strstr)
.pioenvs/bluepill_f103c8/lib271/libbluepill.a(bluepill.o)
                              .pioenvs/bluepill_f103c8/libccd/hal/codal_target_hal.o (platform_setup)
.pioenvs/bluepill_f103c8/lib271/libbluepill.a(led.o)
                              .pioenvs/bluepill_f103c8/lib271/libbluepill.a(bluepill.o) (led_setup)
.pioenvs/bluepill_f103c8/lib271/libbluepill.a(timer.o)
                              .pioenvs/bluepill_f103c8/libccd/hal/codal_target_hal.o (platform_start_timer)
.pioenvs/bluepill_f103c8/libb45/libbootloader.a(bootloader.o)
                              .pioenvs/bluepill_f103c8/libccd/hal/reset_handler.o (bootloader_start)
.pioenvs/bluepill_f103c8/libb45/libbootloader.a(target_stm32f103.o)
                              .pioenvs/bluepill_f103c8/libb45/libbootloader.a(bootloader.o) (target_set_led)
.pioenvs/bluepill_f103c8/libb45/libbootloader.a(usb_conf.o)
                              .pioenvs/bluepill_f103c8/libb45/libbootloader.a(bootloader.o) (usb_setup)
.pioenvs/bluepill_f103c8/libb45/libbootloader.a(webusb.o)
                              .pioenvs/bluepill_f103c8/libb45/libbootloader.a(usb_conf.o) (webusb_setup)
.pioenvs/bluepill_f103c8/libb45/libbootloader.a(winusb.o)
                              .pioenvs/bluepill_f103c8/libb45/libbootloader.a(usb_conf.o) (winusb_setup)
.pioenvs/bluepill_f103c8/libb45/libbootloader.a(cdc.o)
                              .pioenvs/bluepill_f103c8/libb45/libbootloader.a(usb_conf.o) (cdc_setup)
.pioenvs/bluepill_f103c8/libb45/libbootloader.a(hf2.o)
                              .pioenvs/bluepill_f103c8/libb45/libbootloader.a(usb_conf.o) (hf2_setup)
.pioenvs/bluepill_f103c8/libb45/libbootloader.a(backup.o)
                              .pioenvs/bluepill_f103c8/libb45/libbootloader.a(target_stm32f103.o) (backup_write)
.pioenvs/bluepill_f103c8/libb45/libbootloader.a(usb21_standard.o)
                              .pioenvs/bluepill_f103c8/libb45/libbootloader.a(usb_conf.o) (usb21_setup)
.pioenvs/bluepill_f103c8/libb45/libbootloader.a(ghostfat.o)
                              .pioenvs/bluepill_f103c8/libb45/libbootloader.a(hf2.o) (flash_write)
.pioenvs/bluepill_f103c8/libea7/libcocoOS_5.0.3.a(os_event.o)
                              .pioenvs/bluepill_f103c8/src/wisol.o (event_create)
.pioenvs/bluepill_f103c8/libea7/libcocoOS_5.0.3.a(os_kernel.o)
                              .pioenvs/bluepill_f103c8/src/uart.o (running_tid)
.pioenvs/bluepill_f103c8/libea7/libcocoOS_5.0.3.a(os_msgqueue.o)
                              .pioenvs/bluepill_f103c8/libea7/libcocoOS_5.0.3.a(os_kernel.o) (os_msgQ_init)
.pioenvs/bluepill_f103c8/libea7/libcocoOS_5.0.3.a(os_sem.o)
                              .pioenvs/bluepill_f103c8/libea7/libcocoOS_5.0.3.a(os_kernel.o) (os_sem_init)
.pioenvs/bluepill_f103c8/libea7/libcocoOS_5.0.3.a(os_task.o)
                              .pioenvs/bluepill_f103c8/libea7/libcocoOS_5.0.3.a(os_kernel.o) (os_task_init)
.pioenvs/bluepill_f103c8/libea7/libcocoOS_5.0.3.a(os_assert.o)
                              .pioenvs/bluepill_f103c8/libea7/libcocoOS_5.0.3.a(os_event.o) (os_on_assert)
.pioenvs/bluepill_f103c8/libea7/libcocoOS_5.0.3.a(os_cbk.o)
                              .pioenvs/bluepill_f103c8/libea7/libcocoOS_5.0.3.a(os_kernel.o) (os_cbkSleep)
.pioenvs/bluepill_f103c8/lib3e7/libcodal-core.a(CodalComponent.o)
                              .pioenvs/bluepill_f103c8/src/main.o (codal::CodalComponent::removeComponent())
.pioenvs/bluepill_f103c8/lib3e7/libcodal-core.a(CodalDmesg.o)
                              .pioenvs/bluepill_f103c8/libccd/hal/codal_target_hal.o (codalLogStore)
.pioenvs/bluepill_f103c8/lib3e7/libcodal-core.a(CodalFiber.o)
                              .pioenvs/bluepill_f103c8/src/main.o (codal::fiber_sleep(unsigned long))
.pioenvs/bluepill_f103c8/lib3e7/libcodal-core.a(CodalHeapAllocator.o)
                              .pioenvs/bluepill_f103c8/libccd/hal/codal_target_hal.o (malloc)
[...]
Memory Configuration

Name             Origin             Length             Attributes
bootrom          0x0000000008000000 0x0000000000006000 xr
rom              0x0000000008006000 0x000000000000a000 xr
bootram          0x0000000020000000 0x0000000000001400 xrw
ram              0x0000000020001400 0x0000000000003c00 xrw
*default*        0x0000000000000000 0xffffffffffffffff

Linker script and memory map


/DISCARD/
 *(SORT_BY_ALIGNMENT(.data.impure_data))
 *(SORT_BY_ALIGNMENT(.data._impure_ptr))

.boot_text      0x0000000008000000     0x3ffc
                0x0000000008000000                _boot_text = .
 *(SORT_BY_ALIGNMENT(.vectors))
 .vectors       0x0000000008000000      0x150 .pioenvs/bluepill_f103c8/libFrameworkLibOpenCM3.a(vector.o)
                0x0000000008000000                vector_table
 :*reset_handler*(SORT_BY_ALIGNMENT(.text*))
 .text.pre_main
                0x0000000008000150       0x50 .pioenvs/bluepill_f103c8/libccd/hal/reset_handler.o
 .text.reset_handler
                0x00000000080001a0       0x98 .pioenvs/bluepill_f103c8/libccd/hal/reset_handler.o
                0x00000000080001a0                reset_handler
 *libhal.a:*reset_handler*(SORT_BY_ALIGNMENT(.text*))
 :*codal_target_hal*(SORT_BY_ALIGNMENT(.text*))
 .text._ZL10timer_tickv
                0x0000000008000238       0x10 .pioenvs/bluepill_f103c8/libccd/hal/codal_target_hal.o
 .text._ZL11timer_alarmv
                0x0000000008000248       0x10 .pioenvs/bluepill_f103c8/libccd/hal/codal_target_hal.o
 .text.target_set_tick_callback
                0x0000000008000258        0xc .pioenvs/bluepill_f103c8/libccd/hal/codal_target_hal.o
                0x0000000008000258                target_set_tick_callback
 .text.target_set_alarm_callback
                0x0000000008000264        0xc .pioenvs/bluepill_f103c8/libccd/hal/codal_target_hal.o
                0x0000000008000264                target_set_alarm_callback
 .text.target_init
                0x0000000008000270       0x30 .pioenvs/bluepill_f103c8/libccd/hal/codal_target_hal.o
                0x0000000008000270                target_init
 .text.target_dmesg_flush
                0x00000000080002a0       0x3c .pioenvs/bluepill_f103c8/libccd/hal/codal_target_hal.o
                0x00000000080002a0                target_dmesg_flush
 .text.target_wait
                0x00000000080002dc       0x24 .pioenvs/bluepill_f103c8/libccd/hal/codal_target_hal.o
                0x00000000080002dc                target_wait
 .text.target_wait_us
                0x0000000008000300       0x30 .pioenvs/bluepill_f103c8/libccd/hal/codal_target_hal.o
                0x0000000008000300                target_wait_us
 .text.target_panic
                0x0000000008000330       0x20 .pioenvs/bluepill_f103c8/libccd/hal/codal_target_hal.o
                0x0000000008000330                target_panic
 .text.fiber_initial_stack_base
                0x0000000008000350        0x8 .pioenvs/bluepill_f103c8/libccd/hal/codal_target_hal.o
                0x0000000008000350                fiber_initial_stack_base
 .text.test_codal
                0x0000000008000358       0x74 .pioenvs/bluepill_f103c8/libccd/hal/codal_target_hal.o
                0x0000000008000358                test_codal
 .text.target_set_bootloader_callback
                0x00000000080003cc        0x2 .pioenvs/bluepill_f103c8/libccd/hal/codal_target_hal.o
                0x00000000080003cc                target_set_bootloader_callback
 .text.target_enable_debug
                0x00000000080003ce        0x8 .pioenvs/bluepill_f103c8/libccd/hal/codal_target_hal.o
                0x00000000080003ce                target_enable_debug
 .text.target_enable_irq
                0x00000000080003d6        0x4 .pioenvs/bluepill_f103c8/libccd/hal/codal_target_hal.o
                0x00000000080003d6                target_enable_irq
 .text.target_disable_irq
                0x00000000080003da        0x4 .pioenvs/bluepill_f103c8/libccd/hal/codal_target_hal.o
                0x00000000080003da                target_disable_irq
 .text.target_wait_for_event
                0x00000000080003de        0xa .pioenvs/bluepill_f103c8/libccd/hal/codal_target_hal.o
                0x00000000080003de                target_wait_for_event
 .text.tcb_allocate
                0x00000000080003e8        0xa .pioenvs/bluepill_f103c8/libccd/hal/codal_target_hal.o
                0x00000000080003e8                tcb_allocate
 .text.tcb_configure_lr
                0x00000000080003f2        0x4 .pioenvs/bluepill_f103c8/libccd/hal/codal_target_hal.o
                0x00000000080003f2                tcb_configure_lr
 .text.tcb_configure_sp
                0x00000000080003f6        0x4 .pioenvs/bluepill_f103c8/libccd/hal/codal_target_hal.o
                0x00000000080003f6                tcb_configure_sp
 .text.tcb_configure_stack_base
                0x00000000080003fa        0x4 .pioenvs/bluepill_f103c8/libccd/hal/codal_target_hal.o
                0x00000000080003fa                tcb_configure_stack_base
 .text.tcb_get_stack_base
                0x00000000080003fe        0x4 .pioenvs/bluepill_f103c8/libccd/hal/codal_target_hal.o
                0x00000000080003fe                tcb_get_stack_base
 .text.get_current_sp
                0x0000000008000402        0x4 .pioenvs/bluepill_f103c8/libccd/hal/codal_target_hal.o
                0x0000000008000402                get_current_sp
 .text.tcb_get_sp
                0x0000000008000406        0x4 .pioenvs/bluepill_f103c8/libccd/hal/codal_target_hal.o
                0x0000000008000406                tcb_get_sp
 .text.tcb_configure_args
                0x000000000800040a        0x8 .pioenvs/bluepill_f103c8/libccd/hal/codal_target_hal.o
                0x000000000800040a                tcb_configure_args
 .text._fini    0x0000000008000412        0x2 .pioenvs/bluepill_f103c8/libccd/hal/codal_target_hal.o
                0x0000000008000412                _fini
 .text.__aeabi_atexit
                0x0000000008000414        0x4 .pioenvs/bluepill_f103c8/libccd/hal/codal_target_hal.o
                0x0000000008000414                __aeabi_atexit
 *libhal.a:*codal_target_hal*(SORT_BY_ALIGNMENT(.text*))
 :*CortexContextSwitch*(SORT_BY_ALIGNMENT(.text*))
 .text          0x0000000008000418      0x124 asm/CortexContextSwitch.s.o
                0x0000000008000418                swap_context
                0x000000000800049a                save_context
                0x00000000080004de                save_register_context
                0x000000000800050e                restore_register_context
 *libhal.a:(SORT_BY_ALIGNMENT(.text*))
 *liblibopencm3.a:(SORT_BY_ALIGNMENT(.text*))
 *libFrameworkLibOpenCM3.a:(SORT_BY_ALIGNMENT(.text*))
 .text.desig_get_unique_id
                0x000000000800053c       0x20 .pioenvs/bluepill_f103c8/libFrameworkLibOpenCM3.a(desig.o)
                0x000000000800053c                desig_get_unique_id
 .text.desig_get_unique_id_as_string
                0x000000000800055c       0x50 .pioenvs/bluepill_f103c8/libFrameworkLibOpenCM3.a(desig.o)
                0x000000000800055c                desig_get_unique_id_as_string
 .text.flash_get_status_flags
                0x00000000080005ac       0x2c .pioenvs/bluepill_f103c8/libFrameworkLibOpenCM3.a(flash.o)
                0x00000000080005ac                flash_get_status_flags
 .text.flash_program_half_word
                0x00000000080005d8       0x70 .pioenvs/bluepill_f103c8/libFrameworkLibOpenCM3.a(flash.o)
                0x00000000080005d8                flash_program_half_word
 .text.flash_erase_page
                0x0000000008000648       0x8c .pioenvs/bluepill_f103c8/libFrameworkLibOpenCM3.a(flash.o)
                0x0000000008000648                flash_erase_page
 .text.rcc_wait_for_osc_ready
                0x00000000080006d4       0x70 .pioenvs/bluepill_f103c8/libFrameworkLibOpenCM3.a(rcc.o)
                0x00000000080006d4                rcc_wait_for_osc_ready
 .text.rcc_osc_on
                0x0000000008000744       0x70 .pioenvs/bluepill_f103c8/libFrameworkLibOpenCM3.a(rcc.o)
                0x0000000008000744                rcc_osc_on
 .text.rcc_set_sysclk_source
                0x00000000080007b4       0x14 .pioenvs/bluepill_f103c8/libFrameworkLibOpenCM3.a(rcc.o)
                0x00000000080007b4                rcc_set_sysclk_source
 .text.rcc_set_pll_multiplication_factor
                0x00000000080007c8       0x14 .pioenvs/bluepill_f103c8/libFrameworkLibOpenCM3.a(rcc.o)
                0x00000000080007c8                rcc_set_pll_multiplication_factor
 .text.rcc_set_pll_source
                0x00000000080007dc       0x14 .pioenvs/bluepill_f103c8/libFrameworkLibOpenCM3.a(rcc.o)
                0x00000000080007dc                rcc_set_pll_source
 .text.rcc_set_pllxtpre
                0x00000000080007f0       0x14 .pioenvs/bluepill_f103c8/libFrameworkLibOpenCM3.a(rcc.o)
                0x00000000080007f0                rcc_set_pllxtpre
 .text.rcc_enable_rtc_clock
                0x0000000008000804       0x10 .pioenvs/bluepill_f103c8/libFrameworkLibOpenCM3.a(rcc.o)
                0x0000000008000804                rcc_enable_rtc_clock
 .text.rcc_set_rtc_clock_source
                0x0000000008000814       0xa0 .pioenvs/bluepill_f103c8/libFrameworkLibOpenCM3.a(rcc.o)
                0x0000000008000814                rcc_set_rtc_clock_source
 .text.rcc_set_adcpre
                0x00000000080008b4       0x14 .pioenvs/bluepill_f103c8/libFrameworkLibOpenCM3.a(rcc.o)
                0x00000000080008b4                rcc_set_adcpre
 .text.rcc_set_ppre2
                0x00000000080008c8       0x14 .pioenvs/bluepill_f103c8/libFrameworkLibOpenCM3.a(rcc.o)
                0x00000000080008c8                rcc_set_ppre2
 .text.rcc_set_ppre1
                0x00000000080008dc       0x14 .pioenvs/bluepill_f103c8/libFrameworkLibOpenCM3.a(rcc.o)
                0x00000000080008dc                rcc_set_ppre1
 .text.rcc_set_hpre
                0x00000000080008f0       0x14 .pioenvs/bluepill_f103c8/libFrameworkLibOpenCM3.a(rcc.o)
                0x00000000080008f0                rcc_set_hpre
 .text.rcc_clock_setup_in_hse_8mhz_out_72mhz
                0x0000000008000904       0x90 .pioenvs/bluepill_f103c8/libFrameworkLibOpenCM3.a(rcc.o)
                0x0000000008000904                rcc_clock_setup_in_hse_8mhz_out_72mhz
 .text.rtc_enter_config_mode
                0x0000000008000994       0x24 .pioenvs/bluepill_f103c8/libFrameworkLibOpenCM3.a(rtc.o)
                0x0000000008000994                rtc_enter_config_mode
 .text.rtc_exit_config_mode
                0x00000000080009b8       0x24 .pioenvs/bluepill_f103c8/libFrameworkLibOpenCM3.a(rtc.o)
                0x00000000080009b8                rtc_exit_config_mode
 .text.rtc_set_prescale_val
                0x00000000080009dc       0x20 .pioenvs/bluepill_f103c8/libFrameworkLibOpenCM3.a(rtc.o)
                0x00000000080009dc                rtc_set_prescale_val
 .text.rtc_get_counter_val
                0x00000000080009fc       0x14 .pioenvs/bluepill_f103c8/libFrameworkLibOpenCM3.a(rtc.o)
                0x00000000080009fc                rtc_get_counter_val
 .text.rtc_set_counter_val
                0x0000000008000a10       0x20 .pioenvs/bluepill_f103c8/libFrameworkLibOpenCM3.a(rtc.o)
                0x0000000008000a10                rtc_set_counter_val
 .text.rtc_interrupt_enable
                0x0000000008000a30       0x40 .pioenvs/bluepill_f103c8/libFrameworkLibOpenCM3.a(rtc.o)
                0x0000000008000a30                rtc_interrupt_enable
 .text.rtc_interrupt_disable
                0x0000000008000a70       0x40 .pioenvs/bluepill_f103c8/libFrameworkLibOpenCM3.a(rtc.o)
                0x0000000008000a70                rtc_interrupt_disable
 .text.rtc_clear_flag
                0x0000000008000ab0       0x34 .pioenvs/bluepill_f103c8/libFrameworkLibOpenCM3.a(rtc.o)
                0x0000000008000ab0                rtc_clear_flag
 .text.rtc_check_flag
                0x0000000008000ae4       0x30 .pioenvs/bluepill_f103c8/libFrameworkLibOpenCM3.a(rtc.o)
                0x0000000008000ae4                rtc_check_flag
 .text.pwr_disable_backup_domain_write_protect
                0x0000000008000b14       0x10 .pioenvs/bluepill_f103c8/libFrameworkLibOpenCM3.a(pwr_common_all.o)
                0x0000000008000b14                pwr_disable_backup_domain_write_protect
 .text.pwr_enable_backup_domain_write_protect
                0x0000000008000b24       0x10 .pioenvs/bluepill_f103c8/libFrameworkLibOpenCM3.a(pwr_common_all.o)
                0x0000000008000b24                pwr_enable_backup_domain_write_protect
 .text.exti_set_trigger
                0x0000000008000b34       0x4c .pioenvs/bluepill_f103c8/libFrameworkLibOpenCM3.a(exti_common_all.o)
                0x0000000008000b34                exti_set_trigger
 .text.exti_enable_request
                0x0000000008000b80       0x18 .pioenvs/bluepill_f103c8/libFrameworkLibOpenCM3.a(exti_common_all.o)
                0x0000000008000b80                exti_enable_request
 .text.exti_reset_request
                0x0000000008000b98        0xc .pioenvs/bluepill_f103c8/libFrameworkLibOpenCM3.a(exti_common_all.o)
                0x0000000008000b98                exti_reset_request
 .text.flash_set_ws
                0x0000000008000ba4       0x14 .pioenvs/bluepill_f103c8/libFrameworkLibOpenCM3.a(flash_common_f01.o)
                0x0000000008000ba4                flash_set_ws
 .text.flash_unlock
                0x0000000008000bb8       0x24 .pioenvs/bluepill_f103c8/libFrameworkLibOpenCM3.a(flash_common_f01.o)
                0x0000000008000bb8                flash_unlock
 .text.flash_lock
                0x0000000008000bdc       0x10 .pioenvs/bluepill_f103c8/libFrameworkLibOpenCM3.a(flash_common_f01.o)
                0x0000000008000bdc                flash_lock
 .text.usbd_init
                0x0000000008000bec       0x58 .pioenvs/bluepill_f103c8/libFrameworkLibOpenCM3.a(usb.o)
                0x0000000008000bec                usbd_init
 .text._usbd_standard_request_device
                0x0000000008000c44       0x4c .pioenvs/bluepill_f103c8/libFrameworkLibOpenCM3.a(usb_standard.o)
                0x0000000008000c44                _usbd_standard_request_device
 .text._usbd_standard_request_interface
                0x0000000008000c90       0x34 .pioenvs/bluepill_f103c8/libFrameworkLibOpenCM3.a(usb_standard.o)
                0x0000000008000c90                _usbd_standard_request_interface
 .text._usbd_standard_request_endpoint
                0x0000000008000cc4       0x44 .pioenvs/bluepill_f103c8/libFrameworkLibOpenCM3.a(usb_standard.o)
                0x0000000008000cc4                _usbd_standard_request_endpoint
 .text.st_usbfs_v1_usbd_init
                0x0000000008000d08       0x30 .pioenvs/bluepill_f103c8/libFrameworkLibOpenCM3.a(st_usbfs_v1.o)
 .text.scb_reset_system
                0x0000000008000d38       0x10 .pioenvs/bluepill_f103c8/libFrameworkLibOpenCM3.a(scb.o)
                0x0000000008000d38                scb_reset_system
 .text.st_usbfs_set_address
                0x0000000008000d48       0x10 .pioenvs/bluepill_f103c8/libFrameworkLibOpenCM3.a(st_usbfs_core.o)
                0x0000000008000d48                st_usbfs_set_address
 .text.st_usbfs_set_ep_rx_bufsize
                0x0000000008000d58       0x60 .pioenvs/bluepill_f103c8/libFrameworkLibOpenCM3.a(st_usbfs_core.o)
                0x0000000008000d58                st_usbfs_set_ep_rx_bufsize
 .text.st_usbfs_ep_setup
                0x0000000008000db8      0x160 .pioenvs/bluepill_f103c8/libFrameworkLibOpenCM3.a(st_usbfs_core.o)
                0x0000000008000db8                st_usbfs_ep_setup
 .text.st_usbfs_ep_nak_set
                0x0000000008000f18       0x80 .pioenvs/bluepill_f103c8/libFrameworkLibOpenCM3.a(st_usbfs_core.o)
                0x0000000008000f18                st_usbfs_ep_nak_set
 .text.st_usbfs_ep_write_packet
                0x0000000008000f98       0x90 .pioenvs/bluepill_f103c8/libFrameworkLibOpenCM3.a(st_usbfs_core.o)
                0x0000000008000f98                st_usbfs_ep_write_packet
 .text.st_usbfs_ep_read_packet
                0x0000000008001028       0xd4 .pioenvs/bluepill_f103c8/libFrameworkLibOpenCM3.a(st_usbfs_core.o)
                0x0000000008001028                st_usbfs_ep_read_packet
 .text.st_usbfs_poll
                0x00000000080010fc       0xfc .pioenvs/bluepill_f103c8/libFrameworkLibOpenCM3.a(st_usbfs_core.o)
                0x00000000080010fc                st_usbfs_poll
 .text.gpio_set_mode
                0x00000000080011f8       0x6c .pioenvs/bluepill_f103c8/libFrameworkLibOpenCM3.a(gpio.o)
                0x00000000080011f8                gpio_set_mode
 .text.gpio_set
                0x0000000008001264        0x4 .pioenvs/bluepill_f103c8/libFrameworkLibOpenCM3.a(gpio_common_all.o)
                0x0000000008001264                gpio_set
 .text.gpio_clear
                0x0000000008001268        0x6 .pioenvs/bluepill_f103c8/libFrameworkLibOpenCM3.a(gpio_common_all.o)
                0x0000000008001268                gpio_clear
 .text.usart_recv
                0x000000000800126e        0x8 .pioenvs/bluepill_f103c8/libFrameworkLibOpenCM3.a(usart_common_f124.o)
                0x000000000800126e                usart_recv
 .text.rcc_periph_clock_enable
                0x0000000008001276       0x1c .pioenvs/bluepill_f103c8/libFrameworkLibOpenCM3.a(rcc_common_all.o)
                0x0000000008001276                rcc_periph_clock_enable
 .text.rcc_periph_reset_pulse
                0x0000000008001292       0x22 .pioenvs/bluepill_f103c8/libFrameworkLibOpenCM3.a(rcc_common_all.o)
                0x0000000008001292                rcc_periph_reset_pulse
 .text.flash_wait_for_last_operation
                0x00000000080012b4        0xe .pioenvs/bluepill_f103c8/libFrameworkLibOpenCM3.a(flash_common_f01.o)
                0x00000000080012b4                flash_wait_for_last_operation
 .text.usbd_poll
                0x00000000080012c2        0xc .pioenvs/bluepill_f103c8/libFrameworkLibOpenCM3.a(usb.o)
                0x00000000080012c2                usbd_poll
 .text.usbd_ep_setup
                0x00000000080012ce       0x14 .pioenvs/bluepill_f103c8/libFrameworkLibOpenCM3.a(usb.o)
                0x00000000080012ce                usbd_ep_setup
 .text._usbd_reset
                0x00000000080012e2       0x30 .pioenvs/bluepill_f103c8/libFrameworkLibOpenCM3.a(usb.o)
                0x00000000080012e2                _usbd_reset
 .text.usbd_ep_write_packet
                0x0000000008001312        0xc .pioenvs/bluepill_f103c8/libFrameworkLibOpenCM3.a(usb.o)
                0x0000000008001312                usbd_ep_write_packet
 .text.usbd_ep_read_packet
                0x000000000800131e        0xc .pioenvs/bluepill_f103c8/libFrameworkLibOpenCM3.a(usb.o)
                0x000000000800131e                usbd_ep_read_packet
 .text.usbd_ep_stall_set
                0x000000000800132a        0xc .pioenvs/bluepill_f103c8/libFrameworkLibOpenCM3.a(usb.o)
                0x000000000800132a                usbd_ep_stall_set
 .text.usbd_ep_stall_get
                0x0000000008001336        0xc .pioenvs/bluepill_f103c8/libFrameworkLibOpenCM3.a(usb.o)
                0x0000000008001336                usbd_ep_stall_get
 .text.stall_transaction
                0x0000000008001342       0x14 .pioenvs/bluepill_f103c8/libFrameworkLibOpenCM3.a(usb_control.o)
 .text.usb_control_setup_write
                0x0000000008001356       0x32 .pioenvs/bluepill_f103c8/libFrameworkLibOpenCM3.a(usb_control.o)
 .text.usb_control_recv_chunk
                0x0000000008001388       0x3c .pioenvs/bluepill_f103c8/libFrameworkLibOpenCM3.a(usb_control.o)
 .text.usb_control_send_chunk
                0x00000000080013c4       0x48 .pioenvs/bluepill_f103c8/libFrameworkLibOpenCM3.a(usb_control.o)
 .text.usb_control_request_dispatch
                0x000000000800140c       0x60 .pioenvs/bluepill_f103c8/libFrameworkLibOpenCM3.a(usb_control.o)
 .text.usb_control_setup_read
                0x000000000800146c       0x3a .pioenvs/bluepill_f103c8/libFrameworkLibOpenCM3.a(usb_control.o)
 .text.usbd_register_control_callback
                0x00000000080014a6       0x30 .pioenvs/bluepill_f103c8/libFrameworkLibOpenCM3.a(usb_control.o)
                0x00000000080014a6                usbd_register_control_callback
 .text._usbd_control_setup
                0x00000000080014d6       0x4a .pioenvs/bluepill_f103c8/libFrameworkLibOpenCM3.a(usb_control.o)
                0x00000000080014d6                _usbd_control_setup
 .text._usbd_control_out
                0x0000000008001520       0x8a .pioenvs/bluepill_f103c8/libFrameworkLibOpenCM3.a(usb_control.o)
                0x0000000008001520                _usbd_control_out
 .text._usbd_control_in
                0x00000000080015aa       0x56 .pioenvs/bluepill_f103c8/libFrameworkLibOpenCM3.a(usb_control.o)
                0x00000000080015aa                _usbd_control_in
 .text.usb_descriptor_type
                0x0000000008001600        0x4 .pioenvs/bluepill_f103c8/libFrameworkLibOpenCM3.a(usb_standard.o)
 .text.usb_descriptor_index
                0x0000000008001604        0x4 .pioenvs/bluepill_f103c8/libFrameworkLibOpenCM3.a(usb_standard.o)
 .text.usb_standard_set_address
                0x0000000008001608       0x30 .pioenvs/bluepill_f103c8/libFrameworkLibOpenCM3.a(usb_standard.o)
 .text.usb_standard_set_configuration
                0x0000000008001638       0xba .pioenvs/bluepill_f103c8/libFrameworkLibOpenCM3.a(usb_standard.o)
 .text.usb_standard_get_configuration
                0x00000000080016f2       0x24 .pioenvs/bluepill_f103c8/libFrameworkLibOpenCM3.a(usb_standard.o)
 .text.usb_standard_set_interface
                0x0000000008001716       0x56 .pioenvs/bluepill_f103c8/libFrameworkLibOpenCM3.a(usb_standard.o)
 .text.usb_standard_get_interface
                0x000000000800176c       0x3e .pioenvs/bluepill_f103c8/libFrameworkLibOpenCM3.a(usb_standard.o)
 .text.usb_standard_device_get_status
                0x00000000080017aa       0x18 .pioenvs/bluepill_f103c8/libFrameworkLibOpenCM3.a(usb_standard.o)
 .text.usb_standard_interface_get_status
                0x00000000080017c2       0x18 .pioenvs/bluepill_f103c8/libFrameworkLibOpenCM3.a(usb_standard.o)
 .text.build_config_descriptor
                0x00000000080017da      0x1ba .pioenvs/bluepill_f103c8/libFrameworkLibOpenCM3.a(usb_standard.o)
 .text.usb_standard_get_descriptor
                0x0000000008001994       0xe6 .pioenvs/bluepill_f103c8/libFrameworkLibOpenCM3.a(usb_standard.o)
 .text.usb_standard_endpoint_get_status
                0x0000000008001a7a       0x2a .pioenvs/bluepill_f103c8/libFrameworkLibOpenCM3.a(usb_standard.o)
 .text.usb_standard_endpoint_stall
                0x0000000008001aa4       0x10 .pioenvs/bluepill_f103c8/libFrameworkLibOpenCM3.a(usb_standard.o)
 .text.usb_standard_endpoint_unstall
                0x0000000008001ab4       0x10 .pioenvs/bluepill_f103c8/libFrameworkLibOpenCM3.a(usb_standard.o)
 .text.usbd_register_set_config_callback
                0x0000000008001ac4       0x28 .pioenvs/bluepill_f103c8/libFrameworkLibOpenCM3.a(usb_standard.o)
                0x0000000008001ac4                usbd_register_set_config_callback
 .text._usbd_standard_request
                0x0000000008001aec       0x32 .pioenvs/bluepill_f103c8/libFrameworkLibOpenCM3.a(usb_standard.o)
                0x0000000008001aec                _usbd_standard_request
 .text.st_usbfs_copy_to_pm
                0x0000000008001b1e       0x18 .pioenvs/bluepill_f103c8/libFrameworkLibOpenCM3.a(st_usbfs_v1.o)
                0x0000000008001b1e                st_usbfs_copy_to_pm
 .text.st_usbfs_copy_from_pm
                0x0000000008001b36       0x24 .pioenvs/bluepill_f103c8/libFrameworkLibOpenCM3.a(st_usbfs_v1.o)
                0x0000000008001b36                st_usbfs_copy_from_pm
 .text.blocking_handler
                0x0000000008001b5a        0x2 .pioenvs/bluepill_f103c8/libFrameworkLibOpenCM3.a(vector.o)
                0x0000000008001b5a                exti0_isr
                0x0000000008001b5a                tim7_isr
                0x0000000008001b5a                adc1_2_isr
                0x0000000008001b5a                tim1_trg_com_isr
                0x0000000008001b5a                usb_hp_can_tx_isr
                0x0000000008001b5a                tim6_isr
                0x0000000008001b5a                usb_wakeup_isr
                0x0000000008001b5a                blocking_handler
                0x0000000008001b5a                tim5_isr
                0x0000000008001b5a                otg_fs_isr
                0x0000000008001b5a                spi1_isr
                0x0000000008001b5a                exti2_isr
                0x0000000008001b5a                dma1_channel6_isr
                0x0000000008001b5a                can_rx1_isr
                0x0000000008001b5a                dma1_channel5_isr
                0x0000000008001b5a                dma2_channel5_isr
                0x0000000008001b5a                usart1_isr
                0x0000000008001b5a                usage_fault_handler
                0x0000000008001b5a                tim8_trg_com_isr
                0x0000000008001b5a                can2_rx0_isr
                0x0000000008001b5a                tim1_brk_isr
                0x0000000008001b5a                can2_rx1_isr
                0x0000000008001b5a                tim1_cc_isr
                0x0000000008001b5a                sdio_isr
                0x0000000008001b5a                eth_isr
                0x0000000008001b5a                dma1_channel4_isr
                0x0000000008001b5a                tim8_brk_isr
                0x0000000008001b5a                dma2_channel4_5_isr
                0x0000000008001b5a                pvd_isr
                0x0000000008001b5a                rcc_isr
                0x0000000008001b5a                flash_isr
                0x0000000008001b5a                uart4_isr
                0x0000000008001b5a                exti15_10_isr
                0x0000000008001b5a                hard_fault_handler
                0x0000000008001b5a                exti1_isr
                0x0000000008001b5a                i2c1_ev_isr
                0x0000000008001b5a                dma2_channel1_isr
                0x0000000008001b5a                spi2_isr
                0x0000000008001b5a                tim8_up_isr
                0x0000000008001b5a                dma2_channel2_isr
                0x0000000008001b5a                exti3_isr
                0x0000000008001b5a                adc3_isr
                0x0000000008001b5a                tim3_isr
                0x0000000008001b5a                usb_lp_can_rx0_isr
                0x0000000008001b5a                i2c2_er_isr
                0x0000000008001b5a                i2c2_ev_isr
                0x0000000008001b5a                uart5_isr
                0x0000000008001b5a                fsmc_isr
                0x0000000008001b5a                dma1_channel1_isr
                0x0000000008001b5a                exti4_isr
                0x0000000008001b5a                mem_manage_handler
                0x0000000008001b5a                can2_tx_isr
                0x0000000008001b5a                exti9_5_isr
                0x0000000008001b5a                dma2_channel3_isr
                0x0000000008001b5a                dma1_channel7_isr
                0x0000000008001b5a                tim1_up_isr
                0x0000000008001b5a                can2_sce_isr
                0x0000000008001b5a                tim4_isr
                0x0000000008001b5a                dma1_channel2_isr
                0x0000000008001b5a                i2c1_er_isr
                0x0000000008001b5a                can_sce_isr
                0x0000000008001b5a                tim8_cc_isr
                0x0000000008001b5a                tamper_isr
                0x0000000008001b5a                eth_wkup_isr
                0x0000000008001b5a                bus_fault_handler
                0x0000000008001b5a                wwdg_isr
                0x0000000008001b5a                dma1_channel3_isr
                0x0000000008001b5a                spi3_isr
                0x0000000008001b5a                tim2_isr
                0x0000000008001b5a                usart3_isr
 .text.null_handler
                0x0000000008001b5c        0x2 .pioenvs/bluepill_f103c8/libFrameworkLibOpenCM3.a(vector.o)
                0x0000000008001b5c                null_handler
                0x0000000008001b5c                sv_call_handler
                0x0000000008001b5c                pend_sv_handler
                0x0000000008001b5c                debug_monitor_handler
                0x0000000008001b5c                sys_tick_handler
                0x0000000008001b5c                nmi_handler
 .text.nvic_enable_irq
                0x0000000008001b5e       0x18 .pioenvs/bluepill_f103c8/libFrameworkLibOpenCM3.a(nvic.o)
                0x0000000008001b5e                nvic_enable_irq
 .text.st_usbfs_endpoints_reset
                0x0000000008001b76       0x6c .pioenvs/bluepill_f103c8/libFrameworkLibOpenCM3.a(st_usbfs_core.o)
                0x0000000008001b76                st_usbfs_endpoints_reset
 .text.st_usbfs_ep_stall_set
                0x0000000008001be2      0x108 .pioenvs/bluepill_f103c8/libFrameworkLibOpenCM3.a(st_usbfs_core.o)
                0x0000000008001be2                st_usbfs_ep_stall_set
 .text.st_usbfs_ep_stall_get
                0x0000000008001cea       0x44 .pioenvs/bluepill_f103c8/libFrameworkLibOpenCM3.a(st_usbfs_core.o)
                0x0000000008001cea                st_usbfs_ep_stall_get
 *libcocoos.a:(SORT_BY_ALIGNMENT(.text*))
 *libcocoOS_?.?.?.a:(SORT_BY_ALIGNMENT(.text*))
 *fill*         0x0000000008001d2e        0x2 
 .text.os_event_init
                0x0000000008001d30        0xc .pioenvs/bluepill_f103c8/libea7/libcocoOS_5.0.3.a(os_event.o)
                0x0000000008001d30                os_event_init
 .text.os_init  0x0000000008001d3c       0x30 .pioenvs/bluepill_f103c8/libea7/libcocoOS_5.0.3.a(os_kernel.o)
                0x0000000008001d3c                os_init
 .text.os_msgQ_init
                0x0000000008001d6c       0x38 .pioenvs/bluepill_f103c8/libea7/libcocoOS_5.0.3.a(os_msgqueue.o)
                0x0000000008001d6c                os_msgQ_init
 .text.os_sem_init
                0x0000000008001da4        0xc .pioenvs/bluepill_f103c8/libea7/libcocoOS_5.0.3.a(os_sem.o)
                0x0000000008001da4                os_sem_init
 .text.os_task_init
                0x0000000008001db0       0x74 .pioenvs/bluepill_f103c8/libea7/libcocoOS_5.0.3.a(os_task.o)
                0x0000000008001db0                os_task_init
 *libgcc.a:(SORT_BY_ALIGNMENT(.text*))
 *libqfplib.a:(SORT_BY_ALIGNMENT(.text*))
 *libnano-float.a:(SORT_BY_ALIGNMENT(.text*))
 *libnewlib.a:(SORT_BY_ALIGNMENT(.text*))
 .text.strlen   0x0000000008001e24       0x10 .pioenvs/bluepill_f103c8/lib98a/libnewlib.a(strlen.o)
                0x0000000008001e24                strlen
 .text.strncat  0x0000000008001e34       0x32 .pioenvs/bluepill_f103c8/lib98a/libnewlib.a(strncat.o)
                0x0000000008001e34                strncat
 .text.strncpy  0x0000000008001e66       0x40 .pioenvs/bluepill_f103c8/lib98a/libnewlib.a(strncpy.o)
                0x0000000008001e66                strncpy
 .text.memcmp   0x0000000008001ea6       0x20 .pioenvs/bluepill_f103c8/lib98a/libnewlib.a(memcmp.o)
                0x0000000008001ea6                memcmp
 .text.memcpy   0x0000000008001ec6       0x1a .pioenvs/bluepill_f103c8/lib98a/libnewlib.a(memcpy.o)
                0x0000000008001ec6                memcpy
 .text.memset   0x0000000008001ee0       0x16 .pioenvs/bluepill_f103c8/lib98a/libnewlib.a(memset.o)
                0x0000000008001ee0                memset
 *liblogger.a:(SORT_BY_ALIGNMENT(.text*))
 *fill*         0x0000000008001ef6        0x2 
 .text._ZL10__semihostiPv
                0x0000000008001ef8       0x24 .pioenvs/bluepill_f103c8/libd9b/liblogger.a(logger.o)
 .text.enable_log
                0x0000000008001f1c        0xc .pioenvs/bluepill_f103c8/libd9b/liblogger.a(logger.o)
                0x0000000008001f1c                enable_log
 .text.debug_flush
                0x0000000008001f28       0x28 .pioenvs/bluepill_f103c8/libd9b/liblogger.a(logger.o)
                0x0000000008001f28                debug_flush
 .text._ZL12debug_appendPKcj
                0x0000000008001f50       0x38 .pioenvs/bluepill_f103c8/libd9b/liblogger.a(logger.o)
 .text._Z11debug_printj
                0x0000000008001f88       0x88 .pioenvs/bluepill_f103c8/libd9b/liblogger.a(logger.o)
                0x0000000008001f88                debug_print(unsigned int)
 .text._Z11debug_printi
                0x0000000008002010       0x34 .pioenvs/bluepill_f103c8/libd9b/liblogger.a(logger.o)
                0x0000000008002010                debug_print(int)
 .text.debug_println
                0x0000000008002044       0x1c .pioenvs/bluepill_f103c8/libd9b/liblogger.a(logger.o)
                0x0000000008002044                debug_println
 .text._Z13debug_printlni
                0x0000000008002060       0x14 .pioenvs/bluepill_f103c8/libd9b/liblogger.a(logger.o)
                0x0000000008002060                debug_println(int)
 .text._ZL14semihost_writemPKhj
                0x0000000008002074       0x1e .pioenvs/bluepill_f103c8/libd9b/liblogger.a(logger.o)
 .text.debug_print
                0x0000000008002092       0x18 .pioenvs/bluepill_f103c8/libd9b/liblogger.a(logger.o)
                0x0000000008002092                debug_print
 .text.debug_print_unsigned
                0x00000000080020aa        0x8 .pioenvs/bluepill_f103c8/libd9b/liblogger.a(logger.o)
                0x00000000080020aa                debug_print_unsigned
 .text.debug_printhex
                0x00000000080020b2       0x70 .pioenvs/bluepill_f103c8/libd9b/liblogger.a(logger.o)
                0x00000000080020b2                debug_printhex
 .text.debug_printhex_unsigned
                0x0000000008002122       0x1c .pioenvs/bluepill_f103c8/libd9b/liblogger.a(logger.o)
                0x0000000008002122                debug_printhex_unsigned
 *libbluepill.a:(SORT_BY_ALIGNMENT(.text*))
 *fill*         0x000000000800213e        0x2 
 .text.platform_setup
                0x0000000008002140       0x4c .pioenvs/bluepill_f103c8/lib271/libbluepill.a(bluepill.o)
                0x0000000008002140                platform_setup
 .text.enable_debug
                0x000000000800218c       0x14 .pioenvs/bluepill_f103c8/lib271/libbluepill.a(bluepill.o)
                0x000000000800218c                enable_debug
 .text.led_setup
                0x00000000080021a0       0x20 .pioenvs/bluepill_f103c8/lib271/libbluepill.a(led.o)
                0x00000000080021a0                led_setup
 .text.led_on   0x00000000080021c0       0x14 .pioenvs/bluepill_f103c8/lib271/libbluepill.a(led.o)
                0x00000000080021c0                led_on
 .text.led_off  0x00000000080021d4       0x14 .pioenvs/bluepill_f103c8/lib271/libbluepill.a(led.o)
                0x00000000080021d4                led_off
 .text.led_wait
                0x00000000080021e8       0x14 .pioenvs/bluepill_f103c8/lib271/libbluepill.a(led.o)
                0x00000000080021e8                led_wait
 .text._ZL27custom_rtc_exit_config_modev
                0x00000000080021fc       0x2c .pioenvs/bluepill_f103c8/lib271/libbluepill.a(timer.o)
 .text._ZL25custom_rtc_set_alarm_timem
                0x0000000008002228       0x20 .pioenvs/bluepill_f103c8/lib271/libbluepill.a(timer.o)
 .text._ZL25custom_rtc_awake_from_off7rcc_osc
                0x0000000008002248       0x74 .pioenvs/bluepill_f103c8/lib271/libbluepill.a(timer.o)
 .text._ZL9rtc_setupv
                0x00000000080022bc       0x90 .pioenvs/bluepill_f103c8/lib271/libbluepill.a(timer.o)
 .text.platform_start_timer
                0x000000000800234c       0x34 .pioenvs/bluepill_f103c8/lib271/libbluepill.a(timer.o)
                0x000000000800234c                platform_start_timer
 .text.platform_set_alarm
                0x0000000008002380       0x38 .pioenvs/bluepill_f103c8/lib271/libbluepill.a(timer.o)
                0x0000000008002380                platform_set_alarm
 .text.rtc_isr  0x00000000080023b8       0x30 .pioenvs/bluepill_f103c8/lib271/libbluepill.a(timer.o)
                0x00000000080023b8                rtc_isr
 .text.rtc_alarm_isr
                0x00000000080023e8       0x2c .pioenvs/bluepill_f103c8/lib271/libbluepill.a(timer.o)
                0x00000000080023e8                rtc_alarm_isr
 .text.platform_alarm_count
                0x0000000008002414        0xc .pioenvs/bluepill_f103c8/lib271/libbluepill.a(timer.o)
                0x0000000008002414                platform_alarm_count
 .text.platform_tick_count
                0x0000000008002420        0xc .pioenvs/bluepill_f103c8/lib271/libbluepill.a(timer.o)
                0x0000000008002420                platform_tick_count
 .text.__cxa_pure_virtual
                0x000000000800242c        0xc .pioenvs/bluepill_f103c8/lib271/libbluepill.a(bluepill.o)
                0x000000000800242c                __cxa_pure_virtual
 .text._Znwj    0x0000000008002438        0x8 .pioenvs/bluepill_f103c8/lib271/libbluepill.a(bluepill.o)
                0x0000000008002438                operator new(unsigned int)
 .text._ZdlPv   0x0000000008002440        0x8 .pioenvs/bluepill_f103c8/lib271/libbluepill.a(bluepill.o)
                0x0000000008002440                operator delete(void*)
 .text.millis   0x0000000008002448        0x8 .pioenvs/bluepill_f103c8/lib271/libbluepill.a(timer.o)
                0x0000000008002448                millis
 *libbootloader.a:(SORT_BY_ALIGNMENT(.text*))
 .text.bootloader_poll
                0x0000000008002450       0x1c .pioenvs/bluepill_f103c8/libb45/libbootloader.a(bootloader.o)
                0x0000000008002450                bootloader_poll
 .text.get_serial_number
                0x000000000800246c       0x34 .pioenvs/bluepill_f103c8/libb45/libbootloader.a(bootloader.o)
 .text.poll_loop
                0x00000000080024a0       0x68 .pioenvs/bluepill_f103c8/libb45/libbootloader.a(bootloader.o)
 .text.bootloader_start
                0x0000000008002508       0x50 .pioenvs/bluepill_f103c8/libb45/libbootloader.a(bootloader.o)
                0x0000000008002508                bootloader_start
 .text.get_flash_end
                0x0000000008002558        0x8 .pioenvs/bluepill_f103c8/libb45/libbootloader.a(target_stm32f103.o)
 .text.validate_application
                0x0000000008002560       0x4c .pioenvs/bluepill_f103c8/libb45/libbootloader.a(target_stm32f103.o)
 .text.target_set_led
                0x00000000080025ac       0x20 .pioenvs/bluepill_f103c8/libb45/libbootloader.a(target_stm32f103.o)
                0x00000000080025ac                target_set_led
 .text.target_gpio_setup
                0x00000000080025cc       0x6c .pioenvs/bluepill_f103c8/libb45/libbootloader.a(target_stm32f103.o)
                0x00000000080025cc                target_gpio_setup
 .text.target_usb_init
                0x0000000008002638       0x34 .pioenvs/bluepill_f103c8/libb45/libbootloader.a(target_stm32f103.o)
                0x0000000008002638                target_usb_init
 .text.target_manifest_app
                0x000000000800266c       0x14 .pioenvs/bluepill_f103c8/libb45/libbootloader.a(target_stm32f103.o)
                0x000000000800266c                target_manifest_app
 .text.target_manifest_bootloader
                0x0000000008002680       0x14 .pioenvs/bluepill_f103c8/libb45/libbootloader.a(target_stm32f103.o)
                0x0000000008002680                target_manifest_bootloader
 .text.target_get_force_bootloader
                0x0000000008002694       0x40 .pioenvs/bluepill_f103c8/libb45/libbootloader.a(target_stm32f103.o)
                0x0000000008002694                target_get_force_bootloader
 .text.target_get_startup_mode
                0x00000000080026d4       0x44 .pioenvs/bluepill_f103c8/libb45/libbootloader.a(target_stm32f103.o)
                0x00000000080026d4                target_get_startup_mode
 .text.target_flash_program_array
                0x0000000008002718       0xdc .pioenvs/bluepill_f103c8/libb45/libbootloader.a(target_stm32f103.o)
                0x0000000008002718                target_flash_program_array
 .text.set_aggregate_callback
                0x00000000080027f4       0x5c .pioenvs/bluepill_f103c8/libb45/libbootloader.a(usb_conf.o)
 .text.usb_setup
                0x0000000008002850       0x94 .pioenvs/bluepill_f103c8/libb45/libbootloader.a(usb_conf.o)
                0x0000000008002850                usb_setup
 .text.aggregate_register_config_callback
                0x00000000080028e4       0x40 .pioenvs/bluepill_f103c8/libb45/libbootloader.a(usb_conf.o)
                0x00000000080028e4                aggregate_register_config_callback
 .text.aggregate_register_callback
                0x0000000008002924       0x60 .pioenvs/bluepill_f103c8/libb45/libbootloader.a(usb_conf.o)
                0x0000000008002924                aggregate_register_callback
 .text.usb_set_serial_number
                0x0000000008002984       0x24 .pioenvs/bluepill_f103c8/libb45/libbootloader.a(usb_conf.o)
                0x0000000008002984                usb_set_serial_number
 .text.dump_buffer
                0x00000000080029a8       0x48 .pioenvs/bluepill_f103c8/libb45/libbootloader.a(usb_conf.o)
                0x00000000080029a8                dump_buffer
 .text.dump_usb_request
                0x00000000080029f0      0x1a8 .pioenvs/bluepill_f103c8/libb45/libbootloader.a(usb_conf.o)
                0x00000000080029f0                dump_usb_request
 .text.aggregate_callback
                0x0000000008002b98       0x78 .pioenvs/bluepill_f103c8/libb45/libbootloader.a(usb_conf.o)
 .text.webusb_set_config
                0x0000000008002c10       0x28 .pioenvs/bluepill_f103c8/libb45/libbootloader.a(webusb.o)
 .text.webusb_control_vendor_request
                0x0000000008002c38       0xd0 .pioenvs/bluepill_f103c8/libb45/libbootloader.a(webusb.o)
 .text.webusb_setup
                0x0000000008002d08       0x4c .pioenvs/bluepill_f103c8/libb45/libbootloader.a(webusb.o)
                0x0000000008002d08                webusb_setup
 .text.winusb_set_config
                0x0000000008002d54       0x28 .pioenvs/bluepill_f103c8/libb45/libbootloader.a(winusb.o)
 .text.winusb_descriptor_request
                0x0000000008002d7c       0x60 .pioenvs/bluepill_f103c8/libb45/libbootloader.a(winusb.o)
 .text.winusb_control_vendor_request
                0x0000000008002ddc       0xc0 .pioenvs/bluepill_f103c8/libb45/libbootloader.a(winusb.o)
 .text.winusb_setup
                0x0000000008002e9c       0x58 .pioenvs/bluepill_f103c8/libb45/libbootloader.a(winusb.o)
                0x0000000008002e9c                winusb_setup
 .text.cdcacm_comm_cb
                0x0000000008002ef4       0x14 .pioenvs/bluepill_f103c8/libb45/libbootloader.a(cdc.o)
 .text.cdcacm_set_config
                0x0000000008002f08       0x64 .pioenvs/bluepill_f103c8/libb45/libbootloader.a(cdc.o)
 .text.cdcacm_control_request
                0x0000000008002f6c       0x94 .pioenvs/bluepill_f103c8/libb45/libbootloader.a(cdc.o)
 .text.cdcacm_data_rx_cb
                0x0000000008003000       0x4c .pioenvs/bluepill_f103c8/libb45/libbootloader.a(cdc.o)
 .text.cdc_setup
                0x000000000800304c       0x24 .pioenvs/bluepill_f103c8/libb45/libbootloader.a(cdc.o)
                0x000000000800304c                cdc_setup
 .text.hf2_set_config
                0x0000000008003070       0x3c .pioenvs/bluepill_f103c8/libb45/libbootloader.a(hf2.o)
 .text.assert   0x00000000080030ac       0x20 .pioenvs/bluepill_f103c8/libb45/libbootloader.a(hf2.o)
 .text.pokeSend
                0x00000000080030cc       0x84 .pioenvs/bluepill_f103c8/libb45/libbootloader.a(hf2.o)
 .text.send_hf2_response
                0x0000000008003150       0x38 .pioenvs/bluepill_f103c8/libb45/libbootloader.a(hf2.o)
 .text.handle_command
                0x0000000008003188      0x1a4 .pioenvs/bluepill_f103c8/libb45/libbootloader.a(hf2.o)
 .text.hf2_data_rx_cb
                0x000000000800332c       0xa4 .pioenvs/bluepill_f103c8/libb45/libbootloader.a(hf2.o)
 .text.hf2_setup
                0x00000000080033d0       0x2c .pioenvs/bluepill_f103c8/libb45/libbootloader.a(hf2.o)
                0x00000000080033d0                hf2_setup
 .text.backup_write
                0x00000000080033fc       0x34 .pioenvs/bluepill_f103c8/libb45/libbootloader.a(backup.o)
                0x00000000080033fc                backup_write
 .text.backup_read
                0x0000000008003430       0x18 .pioenvs/bluepill_f103c8/libb45/libbootloader.a(backup.o)
                0x0000000008003430                backup_read
 .text.usb21_set_config
                0x0000000008003448       0x28 .pioenvs/bluepill_f103c8/libb45/libbootloader.a(usb21_standard.o)
 .text.usb21_standard_get_descriptor
                0x0000000008003470       0x5c .pioenvs/bluepill_f103c8/libb45/libbootloader.a(usb21_standard.o)
 .text.usb21_setup
                0x00000000080034cc       0x34 .pioenvs/bluepill_f103c8/libb45/libbootloader.a(usb21_standard.o)
                0x00000000080034cc                usb21_setup
 .text.flushFlash
                0x0000000008003500       0xa0 .pioenvs/bluepill_f103c8/libb45/libbootloader.a(ghostfat.o)
 .text.flash_write
                0x00000000080035a0       0x48 .pioenvs/bluepill_f103c8/libb45/libbootloader.a(ghostfat.o)
                0x00000000080035a0                flash_write
 .text.sleep_us
                0x00000000080035e8       0x14 .pioenvs/bluepill_f103c8/libb45/libbootloader.a(target_stm32f103.o)
 .text.target_get_serial_number
                0x00000000080035fc        0xa .pioenvs/bluepill_f103c8/libb45/libbootloader.a(target_stm32f103.o)
                0x00000000080035fc                target_get_serial_number
 .text.target_flash_unlock
                0x0000000008003606        0x8 .pioenvs/bluepill_f103c8/libb45/libbootloader.a(target_stm32f103.o)
                0x0000000008003606                target_flash_unlock
 .text.target_flash_lock
                0x000000000800360e        0x8 .pioenvs/bluepill_f103c8/libb45/libbootloader.a(target_stm32f103.o)
                0x000000000800360e                target_flash_lock
 .text.usb_descriptor_type
                0x0000000008003616        0x4 .pioenvs/bluepill_f103c8/libb45/libbootloader.a(usb_conf.o)
 .text.usb_descriptor_index
                0x000000000800361a        0x4 .pioenvs/bluepill_f103c8/libb45/libbootloader.a(usb_conf.o)
 .text.usb_descriptor_type
                0x000000000800361e        0x4 .pioenvs/bluepill_f103c8/libb45/libbootloader.a(winusb.o)
 .text.usb_descriptor_index
                0x0000000008003622        0x4 .pioenvs/bluepill_f103c8/libb45/libbootloader.a(winusb.o)
 .text.hf2_data_tx_cb
                0x0000000008003626        0x8 .pioenvs/bluepill_f103c8/libb45/libbootloader.a(hf2.o)
 .text.build_bos_descriptor
                0x000000000800362e       0x7c .pioenvs/bluepill_f103c8/libb45/libbootloader.a(usb21_standard.o)
                0x00000000080036ac                . = ALIGN (0x4)
 *fill*         0x00000000080036aa        0x2 
 :*reset_handler*(SORT_BY_ALIGNMENT(.rodata*))
 .rodata.pre_main.str1.4
                0x00000000080036ac       0x37 .pioenvs/bluepill_f103c8/libccd/hal/reset_handler.o
 *libhal.a:*reset_handler*(SORT_BY_ALIGNMENT(.rodata*))
 :*codal_target_hal*(SORT_BY_ALIGNMENT(.rodata*))
 *fill*         0x00000000080036e3        0x1 
 .rodata.target_panic.str1.4
                0x00000000080036e4       0x13 .pioenvs/bluepill_f103c8/libccd/hal/codal_target_hal.o
 *fill*         0x00000000080036f7        0x1 
 .rodata.target_wait.str1.4
                0x00000000080036f8       0x10 .pioenvs/bluepill_f103c8/libccd/hal/codal_target_hal.o
 .rodata.target_wait_us.str1.4
                0x0000000008003708       0x13 .pioenvs/bluepill_f103c8/libccd/hal/codal_target_hal.o
 *fill*         0x000000000800371b        0x1 
 .rodata.test_codal.str1.4
                0x000000000800371c       0x3c .pioenvs/bluepill_f103c8/libccd/hal/codal_target_hal.o
 *libhal.a:*codal_target_hal*(SORT_BY_ALIGNMENT(.rodata*))
 :*CortexContextSwitch*(SORT_BY_ALIGNMENT(.rodata*))
 *libhal.a:(SORT_BY_ALIGNMENT(.rodata*))
 *liblibopencm3.a:(SORT_BY_ALIGNMENT(.rodata*))
 *libFrameworkLibOpenCM3.a:(SORT_BY_ALIGNMENT(.rodata*))
 .rodata.chars.4166
                0x0000000008003758       0x11 .pioenvs/bluepill_f103c8/libFrameworkLibOpenCM3.a(desig.o)
 *fill*         0x0000000008003769        0x3 
 .rodata.st_usbfs_v1_usb_driver
                0x000000000800376c       0x34 .pioenvs/bluepill_f103c8/libFrameworkLibOpenCM3.a(st_usbfs_v1.o)
                0x000000000800376c                st_usbfs_v1_usb_driver
 .rodata        0x00000000080037a0        0x8 .pioenvs/bluepill_f103c8/libFrameworkLibOpenCM3.a(st_usbfs_core.o)
 *libcocoos.a:(SORT_BY_ALIGNMENT(.rodata*))
 *libcocoOS_?.?.?.a:(SORT_BY_ALIGNMENT(.rodata*))
 *libgcc.a:(SORT_BY_ALIGNMENT(.rodata*))
 *libqfplib.a:(SORT_BY_ALIGNMENT(.rodata*))
 *libnano-float.a:(SORT_BY_ALIGNMENT(.rodata*))
 *libnewlib.a:(SORT_BY_ALIGNMENT(.rodata*))
 *liblogger.a:(SORT_BY_ALIGNMENT(.rodata*))
 .rodata._Z11debug_printi.str1.4
                0x00000000080037a8        0x6 .pioenvs/bluepill_f103c8/libd9b/liblogger.a(logger.o)
 *fill*         0x00000000080037ae        0x2 
 .rodata._Z11debug_printj.str1.4
                0x00000000080037b0        0xb .pioenvs/bluepill_f103c8/libd9b/liblogger.a(logger.o)
 *fill*         0x00000000080037bb        0x1 
 .rodata.debug_println.str1.4
                0x00000000080037bc        0x2 .pioenvs/bluepill_f103c8/libd9b/liblogger.a(logger.o)
 *libbluepill.a:(SORT_BY_ALIGNMENT(.rodata*))
 *fill*         0x00000000080037be        0x2 
 .rodata.platform_setup.str1.4
                0x00000000080037c0       0x13 .pioenvs/bluepill_f103c8/lib271/libbluepill.a(bluepill.o)
 *fill*         0x00000000080037d3        0x1 
 .rodata._ZL9rtc_setupv.str1.4
                0x00000000080037d4       0x1d .pioenvs/bluepill_f103c8/lib271/libbluepill.a(timer.o)
 *fill*         0x00000000080037f1        0x3 
 .rodata.platform_set_alarm.str1.4
                0x00000000080037f4       0x17 .pioenvs/bluepill_f103c8/lib271/libbluepill.a(timer.o)
                                         0x1b (size before relaxing)
 *fill*         0x000000000800380b        0x1 
 .rodata.platform_start_timer.str1.4
                0x000000000800380c       0x15 .pioenvs/bluepill_f103c8/lib271/libbluepill.a(timer.o)
 *libbootloader.a:(SORT_BY_ALIGNMENT(.rodata*))
 *fill*         0x0000000008003821        0x3 
 .rodata.bootloader_start.str1.4
                0x0000000008003824       0x1a .pioenvs/bluepill_f103c8/libb45/libbootloader.a(bootloader.o)
 *fill*         0x000000000800383e        0x2 
 .rodata.get_serial_number.str1.4
                0x0000000008003840       0x32 .pioenvs/bluepill_f103c8/libb45/libbootloader.a(bootloader.o)
 *fill*         0x0000000008003872        0x2 
 .rodata.poll_loop.str1.4
                0x0000000008003874       0x10 .pioenvs/bluepill_f103c8/libb45/libbootloader.a(bootloader.o)
 .rodata.target_flash_program_array.str1.4
                0x0000000008003884       0x73 .pioenvs/bluepill_f103c8/libb45/libbootloader.a(target_stm32f103.o)
 *fill*         0x00000000080038f7        0x1 
 .rodata.target_get_startup_mode.str1.4
                0x00000000080038f8       0x19 .pioenvs/bluepill_f103c8/libb45/libbootloader.a(target_stm32f103.o)
 *fill*         0x0000000008003911        0x3 
 .rodata.validate_application.str1.4
                0x0000000008003914       0x19 .pioenvs/bluepill_f103c8/libb45/libbootloader.a(target_stm32f103.o)
                                         0x1d (size before relaxing)
 *fill*         0x000000000800392d        0x3 
 .rodata.aggregate_callback.str1.4
                0x0000000008003930        0x4 .pioenvs/bluepill_f103c8/libb45/libbootloader.a(usb_conf.o)
 .rodata.aggregate_register_callback.str1.4
                0x0000000008003934       0x26 .pioenvs/bluepill_f103c8/libb45/libbootloader.a(usb_conf.o)
 *fill*         0x000000000800395a        0x2 
 .rodata.aggregate_register_config_callback.str1.4
                0x000000000800395c       0x25 .pioenvs/bluepill_f103c8/libb45/libbootloader.a(usb_conf.o)
 *fill*         0x0000000008003981        0x3 
 .rodata.bos_descriptor
                0x0000000008003984        0x9 .pioenvs/bluepill_f103c8/libb45/libbootloader.a(usb_conf.o)
 *fill*         0x000000000800398d        0x3 
 .rodata.cdc_iface_assoc
                0x0000000008003990        0x8 .pioenvs/bluepill_f103c8/libb45/libbootloader.a(usb_conf.o)
 .rodata.cdcacm_functional_descriptors
                0x0000000008003998       0x13 .pioenvs/bluepill_f103c8/libb45/libbootloader.a(usb_conf.o)
 *fill*         0x00000000080039ab        0x1 
 .rodata.comm_endp
                0x00000000080039ac        0xf .pioenvs/bluepill_f103c8/libb45/libbootloader.a(usb_conf.o)
 *fill*         0x00000000080039bb        0x1 
 .rodata.comm_iface
                0x00000000080039bc       0x15 .pioenvs/bluepill_f103c8/libb45/libbootloader.a(usb_conf.o)
 *fill*         0x00000000080039d1        0x3 
 .rodata.config
                0x00000000080039d4        0xd .pioenvs/bluepill_f103c8/libb45/libbootloader.a(usb_conf.o)
 *fill*         0x00000000080039e1        0x3 
 .rodata.data_endp
                0x00000000080039e4       0x1e .pioenvs/bluepill_f103c8/libb45/libbootloader.a(usb_conf.o)
 *fill*         0x0000000008003a02        0x2 
 .rodata.data_iface
                0x0000000008003a04       0x15 .pioenvs/bluepill_f103c8/libb45/libbootloader.a(usb_conf.o)
 *fill*         0x0000000008003a19        0x3 
 .rodata.dev    0x0000000008003a1c       0x12 .pioenvs/bluepill_f103c8/libb45/libbootloader.a(usb_conf.o)
 *fill*         0x0000000008003a2e        0x2 
 .rodata.dump_buffer.str1.4
                0x0000000008003a30        0x4 .pioenvs/bluepill_f103c8/libb45/libbootloader.a(usb_conf.o)
                                          0x9 (size before relaxing)
 .rodata.dump_usb_request.str1.4
                0x0000000008003a34       0x90 .pioenvs/bluepill_f103c8/libb45/libbootloader.a(usb_conf.o)
 .rodata.hf2_endp
                0x0000000008003ac4       0x1e .pioenvs/bluepill_f103c8/libb45/libbootloader.a(usb_conf.o)
 *fill*         0x0000000008003ae2        0x2 
 .rodata.hf2_iface
                0x0000000008003ae4       0x15 .pioenvs/bluepill_f103c8/libb45/libbootloader.a(usb_conf.o)
 *fill*         0x0000000008003af9        0x3 
 .rodata.interfaces
                0x0000000008003afc       0x30 .pioenvs/bluepill_f103c8/libb45/libbootloader.a(usb_conf.o)
 .rodata.set_aggregate_callback.str1.4
                0x0000000008003b2c       0x41 .pioenvs/bluepill_f103c8/libb45/libbootloader.a(usb_conf.o)
 *fill*         0x0000000008003b6d        0x3 
 .rodata.str1.4
                0x0000000008003b70       0x86 .pioenvs/bluepill_f103c8/libb45/libbootloader.a(usb_conf.o)
 *fill*         0x0000000008003bf6        0x2 
 .rodata.usb_setup.str1.4
                0x0000000008003bf8       0x31 .pioenvs/bluepill_f103c8/libb45/libbootloader.a(usb_conf.o)
 *fill*         0x0000000008003c29        0x3 
 .rodata.webusb_control_vendor_request.str1.4
                0x0000000008003c2c       0x3f .pioenvs/bluepill_f103c8/libb45/libbootloader.a(webusb.o)
                                         0x43 (size before relaxing)
 *fill*         0x0000000008003c6b        0x1 
 .rodata.webusb_platform_capability_descriptor
                0x0000000008003c6c       0x18 .pioenvs/bluepill_f103c8/libb45/libbootloader.a(webusb.o)
                0x0000000008003c6c                webusb_platform_capability_descriptor
 .rodata.webusb_set_config.str1.4
                0x0000000008003c84       0x1d .pioenvs/bluepill_f103c8/libb45/libbootloader.a(webusb.o)
 *fill*         0x0000000008003ca1        0x3 
 .rodata.webusb_setup.str1.4
                0x0000000008003ca4       0x18 .pioenvs/bluepill_f103c8/libb45/libbootloader.a(webusb.o)
 .rodata.guid   0x0000000008003cbc       0x92 .pioenvs/bluepill_f103c8/libb45/libbootloader.a(winusb.o)
 *fill*         0x0000000008003d4e        0x2 
 .rodata.microsoft_platform_capability_descriptor
                0x0000000008003d50       0x1c .pioenvs/bluepill_f103c8/libb45/libbootloader.a(winusb.o)
                0x0000000008003d50                microsoft_platform_capability_descriptor
 .rodata.winusb_control_vendor_request.str1.4
                0x0000000008003d6c       0x17 .pioenvs/bluepill_f103c8/libb45/libbootloader.a(winusb.o)
 *fill*         0x0000000008003d83        0x1 
 .rodata.winusb_descriptor_request.str1.4
                0x0000000008003d84        0x6 .pioenvs/bluepill_f103c8/libb45/libbootloader.a(winusb.o)
 *fill*         0x0000000008003d8a        0x2 
 .rodata.winusb_set_config.str1.4
                0x0000000008003d8c       0x1d .pioenvs/bluepill_f103c8/libb45/libbootloader.a(winusb.o)
 *fill*         0x0000000008003da9        0x3 
 .rodata.winusb_setup.str1.4
                0x0000000008003dac       0x18 .pioenvs/bluepill_f103c8/libb45/libbootloader.a(winusb.o)
 .rodata.winusb_string_descriptor
                0x0000000008003dc4       0x12 .pioenvs/bluepill_f103c8/libb45/libbootloader.a(winusb.o)
 *fill*         0x0000000008003dd6        0x2 
 .rodata.cdc_setup.str1.4
                0x0000000008003dd8       0x15 .pioenvs/bluepill_f103c8/libb45/libbootloader.a(cdc.o)
 *fill*         0x0000000008003ded        0x3 
 .rodata.cdcacm_comm_cb.str1.4
                0x0000000008003df0        0x5 .pioenvs/bluepill_f103c8/libb45/libbootloader.a(cdc.o)
 *fill*         0x0000000008003df5        0x3 
 .rodata.cdcacm_control_request.str1.4
                0x0000000008003df8       0x28 .pioenvs/bluepill_f103c8/libb45/libbootloader.a(cdc.o)
                                         0x31 (size before relaxing)
 .rodata.cdcacm_data_rx_cb.str1.4
                0x0000000008003e20        0x6 .pioenvs/bluepill_f103c8/libb45/libbootloader.a(cdc.o)
 *fill*         0x0000000008003e26        0x2 
 .rodata.cdcacm_set_config.str1.4
                0x0000000008003e28       0x1d .pioenvs/bluepill_f103c8/libb45/libbootloader.a(cdc.o)
 *fill*         0x0000000008003e45        0x3 
 .rodata.line_coding
                0x0000000008003e48        0x7 .pioenvs/bluepill_f103c8/libb45/libbootloader.a(cdc.o)
 *fill*         0x0000000008003e4f        0x1 
 .rodata.assert.str1.4
                0x0000000008003e50        0xc .pioenvs/bluepill_f103c8/libb45/libbootloader.a(hf2.o)
 .rodata.bad_packet_message
                0x0000000008003e5c        0xb .pioenvs/bluepill_f103c8/libb45/libbootloader.a(hf2.o)
 *fill*         0x0000000008003e67        0x1 
 .rodata.handle_command.str1.4
                0x0000000008003e68       0x89 .pioenvs/bluepill_f103c8/libb45/libbootloader.a(hf2.o)
                                         0x8d (size before relaxing)
 *fill*         0x0000000008003ef1        0x3 
 .rodata.hf2_data_rx_cb.str1.4
                0x0000000008003ef4        0xc .pioenvs/bluepill_f103c8/libb45/libbootloader.a(hf2.o)
 .rodata.hf2_set_config.str1.4
                0x0000000008003f00        0xb .pioenvs/bluepill_f103c8/libb45/libbootloader.a(hf2.o)
 *fill*         0x0000000008003f0b        0x1 
 .rodata.hf2_setup.str1.4
                0x0000000008003f0c       0x15 .pioenvs/bluepill_f103c8/libb45/libbootloader.a(hf2.o)
 *fill*         0x0000000008003f21        0x3 
 .rodata.send_hf2_response.str1.4
                0x0000000008003f24        0x7 .pioenvs/bluepill_f103c8/libb45/libbootloader.a(hf2.o)
 *fill*         0x0000000008003f2b        0x1 
 .rodata.usb21_set_config.str1.4
                0x0000000008003f2c       0x1c .pioenvs/bluepill_f103c8/libb45/libbootloader.a(usb21_standard.o)
 .rodata.usb21_setup.str1.4
                0x0000000008003f48       0x17 .pioenvs/bluepill_f103c8/libb45/libbootloader.a(usb21_standard.o)
 *fill*         0x0000000008003f5f        0x1 
 .rodata.usb21_standard_get_descriptor.str1.4
                0x0000000008003f60       0x24 .pioenvs/bluepill_f103c8/libb45/libbootloader.a(usb21_standard.o)
 .rodata.flushFlash.str1.4
                0x0000000008003f84       0x20 .pioenvs/bluepill_f103c8/libb45/libbootloader.a(ghostfat.o)
                                         0x22 (size before relaxing)
 .rodata.infoUf2File
                0x0000000008003fa4       0x55 .pioenvs/bluepill_f103c8/libb45/libbootloader.a(ghostfat.o)
                0x0000000008003fa4                infoUf2File
                0x0000000008003ffc                . = ALIGN (0x4)
 *fill*         0x0000000008003ff9        0x3 
                0x0000000008003ffc                _boot_etext = .

.text           0x0000000008006000     0x38a4
                0x0000000008006000                . = ALIGN (0x4)
                0x0000000008006000                _text = .
 *(SORT_BY_ALIGNMENT(.text.application_start))
 .text.application_start
                0x0000000008006000       0x88 .pioenvs/bluepill_f103c8/lib739/libcm.a(application.o)
                0x0000000008006000                application_start
 *(SORT_BY_ALIGNMENT(.text.main))
 .text.main     0x0000000008006088       0x14 .pioenvs/bluepill_f103c8/src/main.o
                0x0000000008006088                main
 *(SORT_BY_ALIGNMENT(.text.startup.main))
 *(SORT_BY_ALIGNMENT(.text*))
 .text._ZN5codal14CodalComponent4initEv
                0x000000000800609c        0x8 .pioenvs/bluepill_f103c8/src/main.o
                0x000000000800609c                codal::CodalComponent::init()
 .text._ZL10debug_dumpRN5codal13STM32BluePillEPKc
                0x00000000080060a4       0x7c .pioenvs/bluepill_f103c8/src/main.o
 .text._Z41__static_initialization_and_destruction_0ii
                0x0000000008006120       0x30 .pioenvs/bluepill_f103c8/src/main.o
 .text._ZN5codal14CodalComponentD2Ev
                0x0000000008006150       0x18 .pioenvs/bluepill_f103c8/src/main.o
                0x0000000008006150                codal::CodalComponent::~CodalComponent()
                0x0000000008006150                codal::CodalComponent::~CodalComponent()
 .text._ZN5codal14CodalComponentD0Ev
                0x0000000008006168       0x20 .pioenvs/bluepill_f103c8/src/main.o
                0x0000000008006168                codal::CodalComponent::~CodalComponent()
 .text._Z10Blink_mainRN5codal13STM32BluePillE
                0x0000000008006188       0x70 .pioenvs/bluepill_f103c8/src/main.o
                0x0000000008006188                Blink_main(codal::STM32BluePill&)
 .text._ZN5codal13STM32BluePillD2Ev
                0x00000000080061f8       0x4c .pioenvs/bluepill_f103c8/src/main.o
                0x00000000080061f8                codal::STM32BluePill::~STM32BluePill()
                0x00000000080061f8                codal::STM32BluePill::~STM32BluePill()
 .text._ZN5codal13STM32BluePillD0Ev
                0x0000000008006244       0x54 .pioenvs/bluepill_f103c8/src/main.o
                0x0000000008006244                codal::STM32BluePill::~STM32BluePill()
 .text._Z41__static_initialization_and_destruction_0ii
                0x0000000008006298       0x24 .pioenvs/bluepill_f103c8/src/uart.o
 .text._Z18component_callbackN5codal5EventE
                0x00000000080062bc       0x68 .pioenvs/bluepill_f103c8/lib3e7/libcodal-core.a(CodalComponent.o)
                0x00000000080062bc                component_callback(codal::Event)
 .text._ZN5codal14CodalComponent12addComponentEv
                0x0000000008006324       0xcc .pioenvs/bluepill_f103c8/lib3e7/libcodal-core.a(CodalComponent.o)
                0x0000000008006324                codal::CodalComponent::addComponent()
 .text._ZN5codal14CodalComponent15removeComponentEv
                0x00000000080063f0       0x28 .pioenvs/bluepill_f103c8/lib3e7/libcodal-core.a(CodalComponent.o)
                0x00000000080063f0                codal::CodalComponent::removeComponent()
 .text.codal_dmesg_flush
                0x0000000008006418       0x10 .pioenvs/bluepill_f103c8/lib3e7/libcodal-core.a(CodalDmesg.o)
                0x0000000008006418                codal_dmesg_flush
 .text._ZN5codal14scheduler_tickENS_5EventE
                0x0000000008006428       0x3c .pioenvs/bluepill_f103c8/lib3e7/libcodal-core.a(CodalFiber.o)
                0x0000000008006428                codal::scheduler_tick(codal::Event)
 .text._ZN5codal15scheduler_eventENS_5EventE
                0x0000000008006464       0xc0 .pioenvs/bluepill_f103c8/lib3e7/libcodal-core.a(CodalFiber.o)
                0x0000000008006464                codal::scheduler_event(codal::Event)
 .text._Z15getFiberContextv
                0x0000000008006524       0x58 .pioenvs/bluepill_f103c8/lib3e7/libcodal-core.a(CodalFiber.o)
                0x0000000008006524                getFiberContext()
 .text._ZL10handle_fobv
                0x000000000800657c       0x34 .pioenvs/bluepill_f103c8/lib3e7/libcodal-core.a(CodalFiber.o)
 .text._ZN5codal23fiber_scheduler_runningEv
                0x00000000080065b0       0x18 .pioenvs/bluepill_f103c8/lib3e7/libcodal-core.a(CodalFiber.o)
                0x00000000080065b0                codal::fiber_scheduler_running()
 .text._ZN5codal14scheduler_initERNS_10EventModelE
                0x00000000080065c8      0x11c .pioenvs/bluepill_f103c8/lib3e7/libcodal-core.a(CodalFiber.o)
                0x00000000080065c8                codal::scheduler_init(codal::EventModel&)
 .text._ZN5codal19fiber_wake_on_eventEtt
                0x00000000080066e4       0x90 .pioenvs/bluepill_f103c8/lib3e7/libcodal-core.a(CodalFiber.o)
                0x00000000080066e4                codal::fiber_wake_on_event(unsigned short, unsigned short)
 .text._Z14__create_fibermmmi
                0x0000000008006774       0x68 .pioenvs/bluepill_f103c8/lib3e7/libcodal-core.a(CodalFiber.o)
                0x0000000008006774                __create_fiber(unsigned long, unsigned long, unsigned long, int)
 .text._ZN5codal24scheduler_runqueue_emptyEv
                0x00000000080067dc       0x10 .pioenvs/bluepill_f103c8/lib3e7/libcodal-core.a(CodalFiber.o)
                0x00000000080067dc                codal::scheduler_runqueue_empty()
 .text._ZN5codal4idleEv
                0x00000000080067ec       0x44 .pioenvs/bluepill_f103c8/lib3e7/libcodal-core.a(CodalFiber.o)
                0x00000000080067ec                codal::idle()
 .text._ZN5codal8scheduleEv
                0x0000000008006830      0x1b8 .pioenvs/bluepill_f103c8/lib3e7/libcodal-core.a(CodalFiber.o)
                0x0000000008006830                codal::schedule()
 .text._ZN5codal11fiber_sleepEm
                0x00000000080069e8       0x38 .pioenvs/bluepill_f103c8/lib3e7/libcodal-core.a(CodalFiber.o)
                0x00000000080069e8                codal::fiber_sleep(unsigned long)
 .text._ZN5codal13release_fiberEv
                0x0000000008006a20       0x70 .pioenvs/bluepill_f103c8/lib3e7/libcodal-core.a(CodalFiber.o)
                0x0000000008006a20                codal::release_fiber()
 .text._ZN5codal6invokeEPFvPvES0_
                0x0000000008006a90       0x90 .pioenvs/bluepill_f103c8/lib3e7/libcodal-core.a(CodalFiber.o)
                0x0000000008006a90                codal::invoke(void (*)(void*), void*)
 .text._Z18device_create_heapmm
                0x0000000008006b20       0x3c .pioenvs/bluepill_f103c8/lib3e7/libcodal-core.a(CodalHeapAllocator.o)
                0x0000000008006b20                device_create_heap(unsigned long, unsigned long)
 .text.device_malloc
                0x0000000008006b5c       0x54 .pioenvs/bluepill_f103c8/lib3e7/libcodal-core.a(CodalHeapAllocator.o)
                0x0000000008006b5c                malloc
                0x0000000008006b5c                device_malloc
 .text.device_free
                0x0000000008006bb0       0x44 .pioenvs/bluepill_f103c8/lib3e7/libcodal-core.a(CodalHeapAllocator.o)
                0x0000000008006bb0                device_free
                0x0000000008006bb0                free
 .text._ZN5codal6SerialC2ERNS_3PinES2_hht
                0x0000000008006bf4       0x60 .pioenvs/bluepill_f103c8/lib3e7/libcodal-core.a(Serial.o)
                0x0000000008006bf4                codal::Serial::Serial(codal::Pin&, codal::Pin&, unsigned char, unsigned char, unsigned short)
                0x0000000008006bf4                codal::Serial::Serial(codal::Pin&, codal::Pin&, unsigned char, unsigned char, unsigned short)
 .text._ZN5codal6SerialD2Ev
                0x0000000008006c54       0x28 .pioenvs/bluepill_f103c8/lib3e7/libcodal-core.a(Serial.o)
                0x0000000008006c54                codal::Serial::~Serial()
                0x0000000008006c54                codal::Serial::~Serial()
 .text._ZN5codal5TimerC2Ev
                0x0000000008006c7c       0x34 .pioenvs/bluepill_f103c8/lib3e7/libcodal-core.a(Timer.o)
                0x0000000008006c7c                codal::Timer::Timer()
                0x0000000008006c7c                codal::Timer::Timer()
 .text._ZN5codal25system_timer_current_timeEv
                0x0000000008006cb0       0x18 .pioenvs/bluepill_f103c8/lib3e7/libcodal-core.a(Timer.o)
                0x0000000008006cb0                codal::system_timer_current_time()
 .text._ZN5codal27system_timer_event_every_usEmtt
                0x0000000008006cc8       0x24 .pioenvs/bluepill_f103c8/lib3e7/libcodal-core.a(Timer.o)
                0x0000000008006cc8                codal::system_timer_event_every_us(unsigned long, unsigned short, unsigned short)
 .text._ZN5codal10EventModel4sendENS_5EventE
                0x0000000008006cec       0x14 .pioenvs/bluepill_f103c8/lib3e7/libcodal-core.a(MessageBus.o)
                0x0000000008006cec                codal::EventModel::send(codal::Event)
 .text._ZN5codal10EventModel3addEPNS_8ListenerE
                0x0000000008006d00        0x8 .pioenvs/bluepill_f103c8/lib3e7/libcodal-core.a(MessageBus.o)
                0x0000000008006d00                codal::EventModel::add(codal::Listener*)
 .text._ZN5codal10EventModel6removeEPNS_8ListenerE
                0x0000000008006d08        0x8 .pioenvs/bluepill_f103c8/lib3e7/libcodal-core.a(MessageBus.o)
                0x0000000008006d08                codal::EventModel::remove(codal::Listener*)
 .text._ZN5codal10MessageBus3addEPNS_8ListenerE
                0x0000000008006d10       0xe8 .pioenvs/bluepill_f103c8/lib3e7/libcodal-core.a(MessageBus.o)
                0x0000000008006d10                codal::MessageBus::add(codal::Listener*)
 .text._ZN5codal10MessageBus7processERNS_5EventEb
                0x0000000008006df8       0x88 .pioenvs/bluepill_f103c8/lib3e7/libcodal-core.a(MessageBus.o)
                0x0000000008006df8                codal::MessageBus::process(codal::Event&, bool)
 .text._ZN5codal19allocateNotifyEventEv
                0x0000000008006e80       0x10 .pioenvs/bluepill_f103c8/lib3e7/libcodal-core.a(MessageBus.o)
                0x0000000008006e80                codal::allocateNotifyEvent()
 .text._ZN5codal22MemberFunctionCallbackC2INS_10MessageBusEEEPT_MS3_FvNS_5EventEE
                0x0000000008006e90       0x30 .pioenvs/bluepill_f103c8/lib3e7/libcodal-core.a(MessageBus.o)
                0x0000000008006e90                codal::MemberFunctionCallback::MemberFunctionCallback<codal::MessageBus>(codal::MessageBus*, void (codal::MessageBus::*)(codal::Event))
                0x0000000008006e90                codal::MemberFunctionCallback::MemberFunctionCallback<codal::MessageBus>(codal::MessageBus*, void (codal::MessageBus::*)(codal::Event))
 .text._ZN5codal10EventModel6listenINS_10MessageBusEEEittPT_MS3_FvNS_5EventEEt
                0x0000000008006ec0       0x8c .pioenvs/bluepill_f103c8/lib3e7/libcodal-core.a(MessageBus.o)
                0x0000000008006ec0                int codal::EventModel::listen<codal::MessageBus>(unsigned short, unsigned short, codal::MessageBus*, void (codal::MessageBus::*)(codal::Event), unsigned short)
 .text._ZN5codal10MessageBusC2Ev
                0x0000000008006f4c       0x74 .pioenvs/bluepill_f103c8/lib3e7/libcodal-core.a(MessageBus.o)
                0x0000000008006f4c                codal::MessageBus::MessageBus()
                0x0000000008006f4c                codal::MessageBus::MessageBus()
 .text._ZN5codal10MessageBusD2Ev
                0x0000000008006fc0       0x50 .pioenvs/bluepill_f103c8/lib3e7/libcodal-core.a(MessageBus.o)
                0x0000000008006fc0                codal::MessageBus::~MessageBus()
                0x0000000008006fc0                codal::MessageBus::~MessageBus()
 .text._ZN5codal5Event4fireEv
                0x0000000008007010       0x1c .pioenvs/bluepill_f103c8/lib3e7/libcodal-core.a(Event.o)
                0x0000000008007010                codal::Event::fire()
 .text._ZN5codal13ManagedString9initEmptyEv
                0x000000000800702c        0xc .pioenvs/bluepill_f103c8/lib3e7/libcodal-core.a(ManagedString.o)
                0x000000000800702c                codal::ManagedString::initEmpty()
 .text._Z41__static_initialization_and_destruction_0ii
                0x0000000008007038       0x38 .pioenvs/bluepill_f103c8/lib3e7/libcodal-core.a(ManagedString.o)
 .text._ZN5codal4itoaEiPc
                0x0000000008007070       0x68 .pioenvs/bluepill_f103c8/lib3e7/libcodal-core.a(CodalCompat.o)
                0x0000000008007070                codal::itoa(int, char*)
 .text._ZN5codal3_cm3Pin14setAnalogValueEi
                0x00000000080070d8       0x20 .pioenvs/bluepill_f103c8/lib739/libcm.a(CmPin.o)
                0x00000000080070d8                codal::_cm::Pin::setAnalogValue(int)
 .text._ZN5codal3_cm3Pin9isTouchedEv
                0x00000000080070f8        0x8 .pioenvs/bluepill_f103c8/lib739/libcm.a(CmPin.o)
                0x00000000080070f8                codal::_cm::Pin::isTouched()
 .text._ZN5codal3_cm3Pin17getAnalogPeriodUsEv
                0x0000000008007100        0x8 .pioenvs/bluepill_f103c8/lib739/libcm.a(CmPin.o)
                0x0000000008007100                codal::_cm::Pin::getAnalogPeriodUs()
 .text._ZN5codal3_cm3Pin15getAnalogPeriodEv
                0x0000000008007108       0x18 .pioenvs/bluepill_f103c8/lib739/libcm.a(CmPin.o)
                0x0000000008007108                codal::_cm::Pin::getAnalogPeriod()
 .text._ZN5codal3_cm3Pin15setDigitalValueEi
                0x0000000008007120       0x88 .pioenvs/bluepill_f103c8/lib739/libcm.a(CmPin.o)
                0x0000000008007120                codal::_cm::Pin::setDigitalValue(int)
 .text._ZN5codal3_cm3PinC2EhmmtNS_13PinCapabilityE
                0x00000000080071a8       0x2c .pioenvs/bluepill_f103c8/lib739/libcm.a(CmPin.o)
                0x00000000080071a8                codal::_cm::Pin::Pin(unsigned char, unsigned long, unsigned long, unsigned short, codal::PinCapability)
                0x00000000080071a8                codal::_cm::Pin::Pin(unsigned char, unsigned long, unsigned long, unsigned short, codal::PinCapability)
 .text._ZN5codal3_cm3Pin13setServoValueEiii
                0x00000000080071d4       0x78 .pioenvs/bluepill_f103c8/lib739/libcm.a(CmPin.o)
                0x00000000080071d4                codal::_cm::Pin::setServoValue(int, int, int)
 .text._ZN5codal3_cm6SerialD2Ev
                0x000000000800724c       0x14 .pioenvs/bluepill_f103c8/lib739/libcm.a(CmSerial.o)
                0x000000000800724c                codal::_cm::Serial::~Serial()
                0x000000000800724c                codal::_cm::Serial::~Serial()
 .text._ZN5codal3_cm6SerialD0Ev
                0x0000000008007260       0x1c .pioenvs/bluepill_f103c8/lib739/libcm.a(CmSerial.o)
                0x0000000008007260                codal::_cm::Serial::~Serial()
 .text._ZN5codal3_cm6SerialC2ERNS0_3PinES3_hh
                0x000000000800727c       0x50 .pioenvs/bluepill_f103c8/lib739/libcm.a(CmSerial.o)
                0x000000000800727c                codal::_cm::Serial::Serial(codal::_cm::Pin&, codal::_cm::Pin&, unsigned char, unsigned char)
                0x000000000800727c                codal::_cm::Serial::Serial(codal::_cm::Pin&, codal::_cm::Pin&, unsigned char, unsigned char)
 .text._ZN5codal3_cm14alarm_callbackEv
                0x00000000080072cc       0x14 .pioenvs/bluepill_f103c8/lib739/libcm.a(CmTimer.o)
                0x00000000080072cc                codal::_cm::alarm_callback()
 .text._ZN5codal3_cm5Timer4initEv
                0x00000000080072e0       0x2c .pioenvs/bluepill_f103c8/lib739/libcm.a(CmTimer.o)
                0x00000000080072e0                codal::_cm::Timer::init()
 .text._ZN5codal3_cm5TimerC2Ev
                0x000000000800730c       0x28 .pioenvs/bluepill_f103c8/lib739/libcm.a(CmTimer.o)
                0x000000000800730c                codal::_cm::Timer::Timer()
                0x000000000800730c                codal::_cm::Timer::Timer()
 .text._ZL8pre_mainv
                0x0000000008007334       0x48 .pioenvs/bluepill_f103c8/lib739/libcm.a(application.o)
 .text._ZN5codal13STM32BluePill4initEv
                0x000000000800737c       0x54 .pioenvs/bluepill_f103c8/lib2eb/libmodel.a(STM32BluePill.o)
                0x000000000800737c                codal::STM32BluePill::init()
 .text._ZN5codal13STM32BluePillC2Ev
                0x00000000080073d0       0x9c .pioenvs/bluepill_f103c8/lib2eb/libmodel.a(STM32BluePill.o)
                0x00000000080073d0                codal::STM32BluePill::STM32BluePill()
                0x00000000080073d0                codal::STM32BluePill::STM32BluePill()
 .text._ZN5codal15STM32BluePillIOC2Ev
                0x000000000800746c      0xb58 .pioenvs/bluepill_f103c8/lib2eb/libmodel.a(STM32BluePillIO.o)
                0x000000000800746c                codal::STM32BluePillIO::STM32BluePillIO()
                0x000000000800746c                codal::STM32BluePillIO::STM32BluePillIO()
 .text._Z41__static_initialization_and_destruction_0ii
                0x0000000008007fc4       0x1c .pioenvs/bluepill_f103c8/lib33e/libuartint.a(uartint.o)
 .text.usart2_isr
                0x0000000008007fe0       0x5c .pioenvs/bluepill_f103c8/lib33e/libuartint.a(uartint.o)
                0x0000000008007fe0                usart2_isr
 .text._ZN5codal3_cm3I2CC2ERNS_3PinES3_
                0x000000000800803c       0x1c .pioenvs/bluepill_f103c8/lib739/libcm.a(CmI2C.o)
                0x000000000800803c                codal::_cm::I2C::I2C(codal::Pin&, codal::Pin&)
                0x000000000800803c                codal::_cm::I2C::I2C(codal::Pin&, codal::Pin&)
 .text._ZN5codal3_cm3SPI4initEv
                0x0000000008008058       0x5c .pioenvs/bluepill_f103c8/lib739/libcm.a(CmSPI.o)
                0x0000000008008058                codal::_cm::SPI::init()
 .text._ZN5codal3_cm3SPIC2ERNS0_3PinES3_S3_S3_
                0x00000000080080b4       0x9c .pioenvs/bluepill_f103c8/lib739/libcm.a(CmSPI.o)
                0x00000000080080b4                codal::_cm::SPI::SPI(codal::_cm::Pin&, codal::_cm::Pin&, codal::_cm::Pin&, codal::_cm::Pin&)
                0x00000000080080b4                codal::_cm::SPI::SPI(codal::_cm::Pin&, codal::_cm::Pin&, codal::_cm::Pin&, codal::_cm::Pin&)
 .text.pinmap_peripheral
                0x0000000008008150       0x2c .pioenvs/bluepill_f103c8/lib739/libcm.a(CmPinMap.o)
                0x0000000008008150                pinmap_peripheral
 .text.pinmap_mode
                0x000000000800817c       0x28 .pioenvs/bluepill_f103c8/lib739/libcm.a(CmPinMap.o)
                0x000000000800817c                pinmap_mode
 .text.pinmap_cnf
                0x00000000080081a4       0x28 .pioenvs/bluepill_f103c8/lib739/libcm.a(CmPinMap.o)
                0x00000000080081a4                pinmap_cnf
 .text._ZN5codal3I2CC2ERNS_3PinES2_
                0x00000000080081cc        0xc .pioenvs/bluepill_f103c8/lib3e7/libcodal-core.a(I2C.o)
                0x00000000080081cc                codal::I2C::I2C(codal::Pin&, codal::Pin&)
                0x00000000080081cc                codal::I2C::I2C(codal::Pin&, codal::Pin&)
 .text._ZN5codal14CodalComponent16periodicCallbackEv
                0x00000000080081d8        0x2 .pioenvs/bluepill_f103c8/src/main.o
                0x00000000080081d8                codal::CodalComponent::periodicCallback()
 .text._ZN5codal14CodalComponent12idleCallbackEv
                0x00000000080081da        0x2 .pioenvs/bluepill_f103c8/src/main.o
                0x00000000080081da                codal::CodalComponent::idleCallback()
 .text._GLOBAL__sub_I_bluepill
                0x00000000080081dc        0xe .pioenvs/bluepill_f103c8/src/main.o
 .text._GLOBAL__sub_I_serialPort
                0x00000000080081ea        0xe .pioenvs/bluepill_f103c8/src/uart.o
 .text._ZN5codal11queue_fiberEPNS_5FiberEPS1_
                0x00000000080081f8       0x2e .pioenvs/bluepill_f103c8/lib3e7/libcodal-core.a(CodalFiber.o)
                0x00000000080081f8                codal::queue_fiber(codal::Fiber*, codal::Fiber**)
 .text._ZN5codal13dequeue_fiberEPNS_5FiberE
                0x0000000008008226       0x34 .pioenvs/bluepill_f103c8/lib3e7/libcodal-core.a(CodalFiber.o)
                0x0000000008008226                codal::dequeue_fiber(codal::Fiber*)
 .text._ZN5codal12create_fiberEPFvPvES0_S2_
                0x000000000800825a       0x20 .pioenvs/bluepill_f103c8/lib3e7/libcodal-core.a(CodalFiber.o)
                0x000000000800825a                codal::create_fiber(void (*)(void*), void*, void (*)(void*))
 .text._ZN5codal20fiber_wait_for_eventEtt
                0x000000000800827a       0x14 .pioenvs/bluepill_f103c8/lib3e7/libcodal-core.a(CodalFiber.o)
                0x000000000800827a                codal::fiber_wait_for_event(unsigned short, unsigned short)
 .text._ZN5codal16launch_new_fiberEPFvvES1_
                0x000000000800828e        0xe .pioenvs/bluepill_f103c8/lib3e7/libcodal-core.a(CodalFiber.o)
                0x000000000800828e                codal::launch_new_fiber(void (*)(), void (*)())
 .text._ZN5codal13release_fiberEPv
                0x000000000800829c       0x10 .pioenvs/bluepill_f103c8/lib3e7/libcodal-core.a(CodalFiber.o)
                0x000000000800829c                codal::release_fiber(void*)
 .text._ZN5codal22launch_new_fiber_paramEPFvPvES2_S0_
                0x00000000080082ac       0x18 .pioenvs/bluepill_f103c8/lib3e7/libcodal-core.a(CodalFiber.o)
                0x00000000080082ac                codal::launch_new_fiber_param(void (*)(void*), void (*)(void*), void*)
 .text._ZN5codal9idle_taskEv
                0x00000000080082c4        0xc .pioenvs/bluepill_f103c8/lib3e7/libcodal-core.a(CodalFiber.o)
                0x00000000080082c4                codal::idle_task()
 .text._Z16device_malloc_injR14HeapDefinition
                0x00000000080082d0       0xa0 .pioenvs/bluepill_f103c8/lib3e7/libcodal-core.a(CodalHeapAllocator.o)
                0x00000000080082d0                device_malloc_in(unsigned int, HeapDefinition&)
 .text._ZN5codal8ListenerC2EttPFvNS_5EventEEt
                0x0000000008008370       0x28 .pioenvs/bluepill_f103c8/lib3e7/libcodal-core.a(CodalListener.o)
                0x0000000008008370                codal::Listener::Listener(unsigned short, unsigned short, void (*)(codal::Event), unsigned short)
                0x0000000008008370                codal::Listener::Listener(unsigned short, unsigned short, void (*)(codal::Event), unsigned short)
 .text._ZN5codal8ListenerD2Ev
                0x0000000008008398       0x18 .pioenvs/bluepill_f103c8/lib3e7/libcodal-core.a(CodalListener.o)
                0x0000000008008398                codal::Listener::~Listener()
                0x0000000008008398                codal::Listener::~Listener()
 .text._ZN5codal8Listener5queueENS_5EventE
                0x00000000080083b0       0x62 .pioenvs/bluepill_f103c8/lib3e7/libcodal-core.a(CodalListener.o)
                0x00000000080083b0                codal::Listener::queue(codal::Event)
 .text._ZN5codal6Serial6lockRxEv
                0x0000000008008412        0xa .pioenvs/bluepill_f103c8/lib3e7/libcodal-core.a(Serial.o)
                0x0000000008008412                codal::Serial::lockRx()
 .text._ZN5codal6Serial8unlockRxEv
                0x000000000800841c        0xa .pioenvs/bluepill_f103c8/lib3e7/libcodal-core.a(Serial.o)
                0x000000000800841c                codal::Serial::unlockRx()
 .text._ZN5codal6Serial12initialiseRxEv
                0x0000000008008426       0x50 .pioenvs/bluepill_f103c8/lib3e7/libcodal-core.a(Serial.o)
                0x0000000008008426                codal::Serial::initialiseRx()
 .text._ZN5codal6Serial12circularCopyEPhhS1_tt
                0x0000000008008476       0x28 .pioenvs/bluepill_f103c8/lib3e7/libcodal-core.a(Serial.o)
                0x0000000008008476                codal::Serial::circularCopy(unsigned char*, unsigned char, unsigned char*, unsigned short, unsigned short)
 .text._ZN5codal6Serial7eventOnENS_13ManagedStringENS_10SerialModeE
                0x000000000800849e       0x2a .pioenvs/bluepill_f103c8/lib3e7/libcodal-core.a(Serial.o)
                0x000000000800849e                codal::Serial::eventOn(codal::ManagedString, codal::SerialMode)
 .text._ZN5codal6Serial7rxInUseEv
                0x00000000080084c8        0x8 .pioenvs/bluepill_f103c8/lib3e7/libcodal-core.a(Serial.o)
                0x00000000080084c8                codal::Serial::rxInUse()
 .text._ZN5codal6Serial9readUntilENS_13ManagedStringENS_10SerialModeE
                0x00000000080084d0      0x1cc .pioenvs/bluepill_f103c8/lib3e7/libcodal-core.a(Serial.o)
                0x00000000080084d0                codal::Serial::readUntil(codal::ManagedString, codal::SerialMode)
 .text._ZN5codal5Timer17disableInterruptsEv
                0x000000000800869c        0xa .pioenvs/bluepill_f103c8/lib3e7/libcodal-core.a(Timer.o)
                0x000000000800869c                codal::Timer::disableInterrupts()
 .text._ZN5codal5Timer16enableInterruptsEv
                0x00000000080086a6        0xa .pioenvs/bluepill_f103c8/lib3e7/libcodal-core.a(Timer.o)
                0x00000000080086a6                codal::Timer::enableInterrupts()
 .text._ZN5codal5Timer13getTimerEventEv
                0x00000000080086b0       0x24 .pioenvs/bluepill_f103c8/lib3e7/libcodal-core.a(Timer.o)
                0x00000000080086b0                codal::Timer::getTimerEvent()
 .text._ZN5codal5Timer17releaseTimerEventEPNS_10TimerEventE
                0x00000000080086d4       0x12 .pioenvs/bluepill_f103c8/lib3e7/libcodal-core.a(Timer.o)
                0x00000000080086d4                codal::Timer::releaseTimerEvent(codal::TimerEvent*)
 .text._ZN5codal5Timer7getTimeEv
                0x00000000080086e6        0xe .pioenvs/bluepill_f103c8/lib3e7/libcodal-core.a(Timer.o)
                0x00000000080086e6                codal::Timer::getTime()
 .text._ZN5codal5Timer9getTimeUsEv
                0x00000000080086f4        0xe .pioenvs/bluepill_f103c8/lib3e7/libcodal-core.a(Timer.o)
                0x00000000080086f4                codal::Timer::getTimeUs()
 .text._ZN5codal5Timer8setEventEmttb
                0x0000000008008702       0x6a .pioenvs/bluepill_f103c8/lib3e7/libcodal-core.a(Timer.o)
                0x0000000008008702                codal::Timer::setEvent(unsigned long, unsigned short, unsigned short, bool)
 .text._ZN5codal5Timer12eventEveryUsEmtt
                0x000000000800876c       0x10 .pioenvs/bluepill_f103c8/lib3e7/libcodal-core.a(Timer.o)
                0x000000000800876c                codal::Timer::eventEveryUs(unsigned long, unsigned short, unsigned short)
 .text._ZN5codal5Timer4syncEm
                0x000000000800877c       0x24 .pioenvs/bluepill_f103c8/lib3e7/libcodal-core.a(Timer.o)
                0x000000000800877c                codal::Timer::sync(unsigned long)
 .text._ZN5codal5Timer7triggerEv
                0x00000000080087a0       0xa4 .pioenvs/bluepill_f103c8/lib3e7/libcodal-core.a(Timer.o)
                0x00000000080087a0                codal::Timer::trigger()
 .text._ZN5codal5TimerD2Ev
                0x0000000008008844        0x2 .pioenvs/bluepill_f103c8/lib3e7/libcodal-core.a(Timer.o)
                0x0000000008008844                codal::Timer::~Timer()
                0x0000000008008844                codal::Timer::~Timer()
 .text._ZN5codal10MessageBus9elementAtEi
                0x0000000008008846       0x10 .pioenvs/bluepill_f103c8/lib3e7/libcodal-core.a(MessageBus.o)
                0x0000000008008846                codal::MessageBus::elementAt(int)
 .text._ZN5codal22MemberFunctionCallback10methodCallINS_10MessageBusEEEvPvPmNS_5EventE
                0x0000000008008856       0x36 .pioenvs/bluepill_f103c8/lib3e7/libcodal-core.a(MessageBus.o)
                0x0000000008008856                void codal::MemberFunctionCallback::methodCall<codal::MessageBus>(void*, unsigned long*, codal::Event)
 .text._Z14async_callbackPv
                0x000000000800888c       0x96 .pioenvs/bluepill_f103c8/lib3e7/libcodal-core.a(MessageBus.o)
                0x000000000800888c                async_callback(void*)
 .text._ZN5codal10MessageBus6removeEPNS_8ListenerE
                0x0000000008008922       0x76 .pioenvs/bluepill_f103c8/lib3e7/libcodal-core.a(MessageBus.o)
                0x0000000008008922                codal::MessageBus::remove(codal::Listener*)
 .text._ZN5codal10MessageBus12dequeueEventEv
                0x0000000008008998       0x24 .pioenvs/bluepill_f103c8/lib3e7/libcodal-core.a(MessageBus.o)
                0x0000000008008998                codal::MessageBus::dequeueEvent()
 .text._ZN5codal10MessageBus21deleteMarkedListenersEv
                0x00000000080089bc       0x4c .pioenvs/bluepill_f103c8/lib3e7/libcodal-core.a(MessageBus.o)
                0x00000000080089bc                codal::MessageBus::deleteMarkedListeners()
 .text._ZN5codal10MessageBus10queueEventERNS_5EventE
                0x0000000008008a08       0x5e .pioenvs/bluepill_f103c8/lib3e7/libcodal-core.a(MessageBus.o)
                0x0000000008008a08                codal::MessageBus::queueEvent(codal::Event&)
 .text._ZN5codal10MessageBus4sendENS_5EventE
                0x0000000008008a66       0x18 .pioenvs/bluepill_f103c8/lib3e7/libcodal-core.a(MessageBus.o)
                0x0000000008008a66                codal::MessageBus::send(codal::Event)
 .text._ZN5codal10MessageBus4idleENS_5EventE
                0x0000000008008a7e       0x3e .pioenvs/bluepill_f103c8/lib3e7/libcodal-core.a(MessageBus.o)
                0x0000000008008a7e                codal::MessageBus::idle(codal::Event)
 .text._ZN5codal8ListenerC2INS_10MessageBusEEEttPT_MS3_FvNS_5EventEEt
                0x0000000008008abc       0x3e .pioenvs/bluepill_f103c8/lib3e7/libcodal-core.a(MessageBus.o)
                0x0000000008008abc                codal::Listener::Listener<codal::MessageBus>(unsigned short, unsigned short, codal::MessageBus*, void (codal::MessageBus::*)(codal::Event), unsigned short)
                0x0000000008008abc                codal::Listener::Listener<codal::MessageBus>(unsigned short, unsigned short, codal::MessageBus*, void (codal::MessageBus::*)(codal::Event), unsigned short)
 .text._ZN5codal10EventModel6ignoreINS_10MessageBusEEEittPT_MS3_FvNS_5EventEE
                0x0000000008008afa       0x44 .pioenvs/bluepill_f103c8/lib3e7/libcodal-core.a(MessageBus.o)
                0x0000000008008afa                int codal::EventModel::ignore<codal::MessageBus>(unsigned short, unsigned short, codal::MessageBus*, void (codal::MessageBus::*)(codal::Event))
 .text._ZThn8_N5codal10MessageBusD1Ev
                0x0000000008008b3e        0x8 .pioenvs/bluepill_f103c8/lib3e7/libcodal-core.a(MessageBus.o)
                0x0000000008008b3e                non-virtual thunk to codal::MessageBus::~MessageBus()
 .text._ZN5codal10MessageBusD0Ev
                0x0000000008008b46       0x12 .pioenvs/bluepill_f103c8/lib3e7/libcodal-core.a(MessageBus.o)
                0x0000000008008b46                codal::MessageBus::~MessageBus()
 .text._ZThn8_N5codal10MessageBusD0Ev
                0x0000000008008b58        0x8 .pioenvs/bluepill_f103c8/lib3e7/libcodal-core.a(MessageBus.o)
                0x0000000008008b58                non-virtual thunk to codal::MessageBus::~MessageBus()
 .text._ZN5codal5EventC2Ev
                0x0000000008008b60       0x14 .pioenvs/bluepill_f103c8/lib3e7/libcodal-core.a(Event.o)
                0x0000000008008b60                codal::Event::Event()
                0x0000000008008b60                codal::Event::Event()
 .text._ZN5codal5EventC2EttNS_15EventLaunchModeE
                0x0000000008008b74       0x1e .pioenvs/bluepill_f103c8/lib3e7/libcodal-core.a(Event.o)
                0x0000000008008b74                codal::Event::Event(unsigned short, unsigned short, codal::EventLaunchMode)
                0x0000000008008b74                codal::Event::Event(unsigned short, unsigned short, codal::EventLaunchMode)
 .text._ZN5codal5EventC2EttmNS_15EventLaunchModeE
                0x0000000008008b92       0x1c .pioenvs/bluepill_f103c8/lib3e7/libcodal-core.a(Event.o)
                0x0000000008008b92                codal::Event::Event(unsigned short, unsigned short, unsigned long, codal::EventLaunchMode)
                0x0000000008008b92                codal::Event::Event(unsigned short, unsigned short, unsigned long, codal::EventLaunchMode)
 .text._ZN5codal14EventQueueItemC2ENS_5EventE
                0x0000000008008bae       0x22 .pioenvs/bluepill_f103c8/lib3e7/libcodal-core.a(Event.o)
                0x0000000008008bae                codal::EventQueueItem::EventQueueItem(codal::Event)
                0x0000000008008bae                codal::EventQueueItem::EventQueueItem(codal::Event)
 .text._ZN5codal13ManagedStringD2Ev
                0x0000000008008bd0        0xe .pioenvs/bluepill_f103c8/lib3e7/libcodal-core.a(ManagedString.o)
                0x0000000008008bd0                codal::ManagedString::~ManagedString()
                0x0000000008008bd0                codal::ManagedString::~ManagedString()
 .text._ZN5codal13ManagedString10initStringEPKci
                0x0000000008008bde       0x2e .pioenvs/bluepill_f103c8/lib3e7/libcodal-core.a(ManagedString.o)
                0x0000000008008bde                codal::ManagedString::initString(char const*, int)
 .text._ZN5codal13ManagedStringC2EPNS_10StringDataE
                0x0000000008008c0c       0x18 .pioenvs/bluepill_f103c8/lib3e7/libcodal-core.a(ManagedString.o)
                0x0000000008008c0c                codal::ManagedString::ManagedString(codal::StringData*)