Archive member included to satisfy reference by file (symbol)

.pioenvs/bluepill_f103c8/libd9b/liblogger.a(logger.o)
                              .pioenvs/bluepill_f103c8/libccd/hal/codal_target_hal.o (debug_flush)
.pioenvs/bluepill_f103c8/libd88/libnano-float.a(functions.o)
                              .pioenvs/bluepill_f103c8/src/aggregate.o (pow)
.pioenvs/bluepill_f103c8/lib98a/libnewlib.a(strlen.o)
                              .pioenvs/bluepill_f103c8/src/aggregate.o (strlen)
.pioenvs/bluepill_f103c8/lib98a/libnewlib.a(strncat.o)
                              .pioenvs/bluepill_f103c8/src/wisol.o (strncat)
.pioenvs/bluepill_f103c8/lib98a/libnewlib.a(strncmp.o)
                              .pioenvs/bluepill_f103c8/src/aggregate.o (strncmp)
.pioenvs/bluepill_f103c8/lib98a/libnewlib.a(strncpy.o)
                              .pioenvs/bluepill_f103c8/src/aggregate.o (strncpy)
.pioenvs/bluepill_f103c8/lib98a/libnewlib.a(strstr.o)
                              .pioenvs/bluepill_f103c8/src/wisol.o (strstr)
.pioenvs/bluepill_f103c8/lib271/libbluepill.a(bluepill.o)
                              .pioenvs/bluepill_f103c8/libccd/hal/codal_target_hal.o (platform_setup)
.pioenvs/bluepill_f103c8/lib271/libbluepill.a(led.o)
                              .pioenvs/bluepill_f103c8/lib271/libbluepill.a(bluepill.o) (led_setup)
.pioenvs/bluepill_f103c8/lib271/libbluepill.a(timer.o)
                              .pioenvs/bluepill_f103c8/libccd/hal/codal_target_hal.o (platform_start_timer)
.pioenvs/bluepill_f103c8/libb45/libbootloader.a(bootloader.o)
                              .pioenvs/bluepill_f103c8/libccd/hal/reset_handler.o (bootloader_start)
.pioenvs/bluepill_f103c8/libb45/libbootloader.a(target_stm32f103.o)
                              .pioenvs/bluepill_f103c8/libb45/libbootloader.a(bootloader.o) (target_set_led)
.pioenvs/bluepill_f103c8/libb45/libbootloader.a(usb_conf.o)
                              .pioenvs/bluepill_f103c8/libb45/libbootloader.a(bootloader.o) (usb_setup)
.pioenvs/bluepill_f103c8/libb45/libbootloader.a(webusb.o)
                              .pioenvs/bluepill_f103c8/libb45/libbootloader.a(usb_conf.o) (webusb_setup)
.pioenvs/bluepill_f103c8/libb45/libbootloader.a(winusb.o)
                              .pioenvs/bluepill_f103c8/libb45/libbootloader.a(usb_conf.o) (winusb_setup)
.pioenvs/bluepill_f103c8/libb45/libbootloader.a(cdc.o)
                              .pioenvs/bluepill_f103c8/libb45/libbootloader.a(usb_conf.o) (cdcadm_transmit)
.pioenvs/bluepill_f103c8/libb45/libbootloader.a(hf2.o)
                              .pioenvs/bluepill_f103c8/libb45/libbootloader.a(usb_conf.o) (hf2_setup)
.pioenvs/bluepill_f103c8/libb45/libbootloader.a(backup.o)
                              .pioenvs/bluepill_f103c8/libb45/libbootloader.a(target_stm32f103.o) (backup_write)
.pioenvs/bluepill_f103c8/libb45/libbootloader.a(usb21_standard.o)
                              .pioenvs/bluepill_f103c8/libb45/libbootloader.a(usb_conf.o) (usb21_setup)
.pioenvs/bluepill_f103c8/libb45/libbootloader.a(ghostfat.o)
                              .pioenvs/bluepill_f103c8/libb45/libbootloader.a(hf2.o) (flash_write)
.pioenvs/bluepill_f103c8/libea7/libcocoOS_5.0.3.a(os_cbk.o)
                              .pioenvs/bluepill_f103c8/libccd/hal/codal_target_hal.o (os_cbkSleep)
.pioenvs/bluepill_f103c8/libea7/libcocoOS_5.0.3.a(os_event.o)
                              .pioenvs/bluepill_f103c8/src/wisol.o (event_create)
.pioenvs/bluepill_f103c8/libea7/libcocoOS_5.0.3.a(os_kernel.o)
                              .pioenvs/bluepill_f103c8/libccd/hal/codal_target_hal.o (running_tid)
.pioenvs/bluepill_f103c8/libea7/libcocoOS_5.0.3.a(os_msgqueue.o)
                              .pioenvs/bluepill_f103c8/libea7/libcocoOS_5.0.3.a(os_kernel.o) (os_msgQ_init)
.pioenvs/bluepill_f103c8/libea7/libcocoOS_5.0.3.a(os_sem.o)
                              .pioenvs/bluepill_f103c8/libea7/libcocoOS_5.0.3.a(os_kernel.o) (os_sem_init)
.pioenvs/bluepill_f103c8/libea7/libcocoOS_5.0.3.a(os_task.o)
                              .pioenvs/bluepill_f103c8/libea7/libcocoOS_5.0.3.a(os_kernel.o) (os_task_init)
.pioenvs/bluepill_f103c8/libea7/libcocoOS_5.0.3.a(os_assert.o)
                              .pioenvs/bluepill_f103c8/libea7/libcocoOS_5.0.3.a(os_event.o) (os_on_assert)
.pioenvs/bluepill_f103c8/lib3e7/libcodal-core.a(CodalComponent.o)
                              .pioenvs/bluepill_f103c8/src/main.o (codal::CodalComponent::removeComponent())
.pioenvs/bluepill_f103c8/lib3e7/libcodal-core.a(CodalDmesg.o)
                              .pioenvs/bluepill_f103c8/libccd/hal/codal_target_hal.o (codalLogStore)
.pioenvs/bluepill_f103c8/lib3e7/libcodal-core.a(CodalFiber.o)
                              .pioenvs/bluepill_f103c8/src/main.o (codal::fiber_sleep(unsigned long))
.pioenvs/bluepill_f103c8/lib3e7/libcodal-core.a(CodalHeapAllocator.o)
                              .pioenvs/bluepill_f103c8/libccd/hal/codal_target_hal.o (malloc)
[...]
Memory Configuration

Name             Origin             Length             Attributes
bootrom          0x0000000008000000 0x0000000000006800 xr
rom              0x0000000008006800 0x0000000000009800 xr
bootram          0x0000000020000000 0x0000000000000c00 xrw
ram              0x0000000020000c00 0x0000000000003bbc xrw
bootbuf          0x00000000200047bc 0x0000000000000844 xrw
*default*        0x0000000000000000 0xffffffffffffffff

Linker script and memory map

                0x0000000000006800                _bootrom_size = 0x6800
                0x0000000000000c00                _bootram_size = 0xc00
                0x0000000000000844                _bootbuf_size = 0x844

.boot_text      0x0000000008000000     0x4914
                0x0000000008000000                _boot_text = .
 *(SORT_BY_ALIGNMENT(.vectors))
 .vectors       0x0000000008000000      0x150 .pioenvs/bluepill_f103c8/libFrameworkLibOpenCM3.a(vector.o)
                0x0000000008000000                vector_table
 :*reset_handler*(SORT_BY_ALIGNMENT(.text*))
 .text.pre_main
                0x0000000008000150       0x50 .pioenvs/bluepill_f103c8/libccd/hal/reset_handler.o
 .text.reset_handler
                0x00000000080001a0       0x98 .pioenvs/bluepill_f103c8/libccd/hal/reset_handler.o
                0x00000000080001a0                reset_handler
 *libhal.a:*reset_handler*(SORT_BY_ALIGNMENT(.text*))
 :*codal_target_hal*(SORT_BY_ALIGNMENT(.text*))
 .text._ZL11timer_alarmv
                0x0000000008000238       0x24 .pioenvs/bluepill_f103c8/libccd/hal/codal_target_hal.o
 .text._ZL10timer_tickv
                0x000000000800025c       0x60 .pioenvs/bluepill_f103c8/libccd/hal/codal_target_hal.o
 .text._ZL14os_preschedulev
                0x00000000080002bc       0x14 .pioenvs/bluepill_f103c8/libccd/hal/codal_target_hal.o
 .text._ZL11os_schedulev
                0x00000000080002d0       0x2c .pioenvs/bluepill_f103c8/libccd/hal/codal_target_hal.o
 .text.target_init
                0x00000000080002fc       0x30 .pioenvs/bluepill_f103c8/libccd/hal/codal_target_hal.o
                0x00000000080002fc                target_init
 .text.target_wait
                0x000000000800032c       0x5c .pioenvs/bluepill_f103c8/libccd/hal/codal_target_hal.o
                0x000000000800032c                target_wait
 .text.target_wait_us
                0x0000000008000388       0x14 .pioenvs/bluepill_f103c8/libccd/hal/codal_target_hal.o
                0x0000000008000388                target_wait_us
 .text.target_dmesg_flush
                0x000000000800039c       0x3c .pioenvs/bluepill_f103c8/libccd/hal/codal_target_hal.o
                0x000000000800039c                target_dmesg_flush
 .text.target_wait_for_event
                0x00000000080003d8       0x3c .pioenvs/bluepill_f103c8/libccd/hal/codal_target_hal.o
                0x00000000080003d8                target_wait_for_event
 .text.target_panic
                0x0000000008000414       0x20 .pioenvs/bluepill_f103c8/libccd/hal/codal_target_hal.o
                0x0000000008000414                target_panic
 .text.fiber_initial_stack_base
                0x0000000008000434        0x8 .pioenvs/bluepill_f103c8/libccd/hal/codal_target_hal.o
                0x0000000008000434                fiber_initial_stack_base
 .text.test_codal
                0x000000000800043c       0x74 .pioenvs/bluepill_f103c8/libccd/hal/codal_target_hal.o
                0x000000000800043c                test_codal
 .text.target_set_tick_callback
                0x00000000080004b0        0xc .pioenvs/bluepill_f103c8/libccd/hal/codal_target_hal.o
                0x00000000080004b0                target_set_tick_callback
 .text.target_set_alarm_callback
                0x00000000080004bc        0xc .pioenvs/bluepill_f103c8/libccd/hal/codal_target_hal.o
                0x00000000080004bc                target_set_alarm_callback
 .text.target_set_bootloader_callback
                0x00000000080004c8        0xc .pioenvs/bluepill_f103c8/libccd/hal/codal_target_hal.o
                0x00000000080004c8                target_set_bootloader_callback
 .text.target_enable_irq
                0x00000000080004d4        0x4 .pioenvs/bluepill_f103c8/libccd/hal/codal_target_hal.o
                0x00000000080004d4                target_enable_irq
 .text.target_disable_irq
                0x00000000080004d8        0x4 .pioenvs/bluepill_f103c8/libccd/hal/codal_target_hal.o
                0x00000000080004d8                target_disable_irq
 .text.tcb_allocate
                0x00000000080004dc        0xa .pioenvs/bluepill_f103c8/libccd/hal/codal_target_hal.o
                0x00000000080004dc                tcb_allocate
 .text.tcb_configure_lr
                0x00000000080004e6        0x4 .pioenvs/bluepill_f103c8/libccd/hal/codal_target_hal.o
                0x00000000080004e6                tcb_configure_lr
 .text.tcb_configure_sp
                0x00000000080004ea        0x4 .pioenvs/bluepill_f103c8/libccd/hal/codal_target_hal.o
                0x00000000080004ea                tcb_configure_sp
 .text.tcb_configure_stack_base
                0x00000000080004ee        0x4 .pioenvs/bluepill_f103c8/libccd/hal/codal_target_hal.o
                0x00000000080004ee                tcb_configure_stack_base
 .text.tcb_get_stack_base
                0x00000000080004f2        0x4 .pioenvs/bluepill_f103c8/libccd/hal/codal_target_hal.o
                0x00000000080004f2                tcb_get_stack_base
 .text.get_current_sp
                0x00000000080004f6        0x4 .pioenvs/bluepill_f103c8/libccd/hal/codal_target_hal.o
                0x00000000080004f6                get_current_sp
 .text.tcb_get_sp
                0x00000000080004fa        0x4 .pioenvs/bluepill_f103c8/libccd/hal/codal_target_hal.o
                0x00000000080004fa                tcb_get_sp
 .text.tcb_configure_args
                0x00000000080004fe        0x8 .pioenvs/bluepill_f103c8/libccd/hal/codal_target_hal.o
                0x00000000080004fe                tcb_configure_args
 .text._fini    0x0000000008000506        0x2 .pioenvs/bluepill_f103c8/libccd/hal/codal_target_hal.o
                0x0000000008000506                _fini
 .text.__aeabi_atexit
                0x0000000008000508        0x4 .pioenvs/bluepill_f103c8/libccd/hal/codal_target_hal.o
                0x0000000008000508                __aeabi_atexit
 .text.target_enable_debug
                0x000000000800050c        0x8 .pioenvs/bluepill_f103c8/libccd/hal/codal_target_hal.o
                0x000000000800050c                target_enable_debug
 *libhal.a:*codal_target_hal*(SORT_BY_ALIGNMENT(.text*))
 :*CortexContextSwitch*(SORT_BY_ALIGNMENT(.text*))
 .text          0x0000000008000514      0x124 asm/CortexContextSwitch.s.o
                0x0000000008000514                swap_context
                0x0000000008000596                save_context
                0x00000000080005da                save_register_context
                0x000000000800060a                restore_register_context
 *libhal.a:(SORT_BY_ALIGNMENT(.text*))
 *liblibopencm3.a:(SORT_BY_ALIGNMENT(.text*))
 *libFrameworkLibOpenCM3.a:(SORT_BY_ALIGNMENT(.text*))
 .text.desig_get_unique_id
                0x0000000008000638       0x20 .pioenvs/bluepill_f103c8/libFrameworkLibOpenCM3.a(desig.o)
                0x0000000008000638                desig_get_unique_id
 .text.desig_get_unique_id_as_string
                0x0000000008000658       0x50 .pioenvs/bluepill_f103c8/libFrameworkLibOpenCM3.a(desig.o)
                0x0000000008000658                desig_get_unique_id_as_string
 .text.flash_get_status_flags
                0x00000000080006a8       0x2c .pioenvs/bluepill_f103c8/libFrameworkLibOpenCM3.a(flash.o)
                0x00000000080006a8                flash_get_status_flags
 .text.flash_program_half_word
                0x00000000080006d4       0x70 .pioenvs/bluepill_f103c8/libFrameworkLibOpenCM3.a(flash.o)
                0x00000000080006d4                flash_program_half_word
 .text.flash_erase_page
                0x0000000008000744       0x8c .pioenvs/bluepill_f103c8/libFrameworkLibOpenCM3.a(flash.o)
                0x0000000008000744                flash_erase_page
 .text.rcc_wait_for_osc_ready
                0x00000000080007d0       0x70 .pioenvs/bluepill_f103c8/libFrameworkLibOpenCM3.a(rcc.o)
                0x00000000080007d0                rcc_wait_for_osc_ready
 .text.rcc_osc_on
                0x0000000008000840       0x70 .pioenvs/bluepill_f103c8/libFrameworkLibOpenCM3.a(rcc.o)
                0x0000000008000840                rcc_osc_on
 .text.rcc_set_sysclk_source
                0x00000000080008b0       0x14 .pioenvs/bluepill_f103c8/libFrameworkLibOpenCM3.a(rcc.o)
                0x00000000080008b0                rcc_set_sysclk_source
 .text.rcc_set_pll_multiplication_factor
                0x00000000080008c4       0x14 .pioenvs/bluepill_f103c8/libFrameworkLibOpenCM3.a(rcc.o)
                0x00000000080008c4                rcc_set_pll_multiplication_factor
 .text.rcc_set_pll_source
                0x00000000080008d8       0x14 .pioenvs/bluepill_f103c8/libFrameworkLibOpenCM3.a(rcc.o)
                0x00000000080008d8                rcc_set_pll_source
 .text.rcc_set_pllxtpre
                0x00000000080008ec       0x14 .pioenvs/bluepill_f103c8/libFrameworkLibOpenCM3.a(rcc.o)
                0x00000000080008ec                rcc_set_pllxtpre
 .text.rcc_enable_rtc_clock
                0x0000000008000900       0x10 .pioenvs/bluepill_f103c8/libFrameworkLibOpenCM3.a(rcc.o)
                0x0000000008000900                rcc_enable_rtc_clock
 .text.rcc_set_rtc_clock_source
                0x0000000008000910       0xa0 .pioenvs/bluepill_f103c8/libFrameworkLibOpenCM3.a(rcc.o)
                0x0000000008000910                rcc_set_rtc_clock_source
 .text.rcc_set_adcpre
                0x00000000080009b0       0x14 .pioenvs/bluepill_f103c8/libFrameworkLibOpenCM3.a(rcc.o)
                0x00000000080009b0                rcc_set_adcpre
 .text.rcc_set_ppre2
                0x00000000080009c4       0x14 .pioenvs/bluepill_f103c8/libFrameworkLibOpenCM3.a(rcc.o)
                0x00000000080009c4                rcc_set_ppre2
 .text.rcc_set_ppre1
                0x00000000080009d8       0x14 .pioenvs/bluepill_f103c8/libFrameworkLibOpenCM3.a(rcc.o)
                0x00000000080009d8                rcc_set_ppre1
 .text.rcc_set_hpre
                0x00000000080009ec       0x14 .pioenvs/bluepill_f103c8/libFrameworkLibOpenCM3.a(rcc.o)
                0x00000000080009ec                rcc_set_hpre
 .text.rcc_clock_setup_in_hse_8mhz_out_72mhz
                0x0000000008000a00       0x90 .pioenvs/bluepill_f103c8/libFrameworkLibOpenCM3.a(rcc.o)
                0x0000000008000a00                rcc_clock_setup_in_hse_8mhz_out_72mhz
 .text.rtc_enter_config_mode
                0x0000000008000a90       0x24 .pioenvs/bluepill_f103c8/libFrameworkLibOpenCM3.a(rtc.o)
                0x0000000008000a90                rtc_enter_config_mode
 .text.rtc_exit_config_mode
                0x0000000008000ab4       0x24 .pioenvs/bluepill_f103c8/libFrameworkLibOpenCM3.a(rtc.o)
                0x0000000008000ab4                rtc_exit_config_mode
 .text.rtc_set_alarm_time
                0x0000000008000ad8       0x20 .pioenvs/bluepill_f103c8/libFrameworkLibOpenCM3.a(rtc.o)
                0x0000000008000ad8                rtc_set_alarm_time
 .text.rtc_set_prescale_val
                0x0000000008000af8       0x20 .pioenvs/bluepill_f103c8/libFrameworkLibOpenCM3.a(rtc.o)
                0x0000000008000af8                rtc_set_prescale_val
 .text.rtc_get_counter_val
                0x0000000008000b18       0x14 .pioenvs/bluepill_f103c8/libFrameworkLibOpenCM3.a(rtc.o)
                0x0000000008000b18                rtc_get_counter_val
 .text.rtc_set_counter_val
                0x0000000008000b2c       0x20 .pioenvs/bluepill_f103c8/libFrameworkLibOpenCM3.a(rtc.o)
                0x0000000008000b2c                rtc_set_counter_val
 .text.rtc_interrupt_enable
                0x0000000008000b4c       0x40 .pioenvs/bluepill_f103c8/libFrameworkLibOpenCM3.a(rtc.o)
                0x0000000008000b4c                rtc_interrupt_enable
 .text.rtc_interrupt_disable
                0x0000000008000b8c       0x40 .pioenvs/bluepill_f103c8/libFrameworkLibOpenCM3.a(rtc.o)
                0x0000000008000b8c                rtc_interrupt_disable
 .text.rtc_clear_flag
                0x0000000008000bcc       0x34 .pioenvs/bluepill_f103c8/libFrameworkLibOpenCM3.a(rtc.o)
                0x0000000008000bcc                rtc_clear_flag
 .text.rtc_check_flag
                0x0000000008000c00       0x30 .pioenvs/bluepill_f103c8/libFrameworkLibOpenCM3.a(rtc.o)
                0x0000000008000c00                rtc_check_flag
 .text.pwr_disable_backup_domain_write_protect
                0x0000000008000c30       0x10 .pioenvs/bluepill_f103c8/libFrameworkLibOpenCM3.a(pwr_common_all.o)
                0x0000000008000c30                pwr_disable_backup_domain_write_protect
 .text.pwr_enable_backup_domain_write_protect
                0x0000000008000c40       0x10 .pioenvs/bluepill_f103c8/libFrameworkLibOpenCM3.a(pwr_common_all.o)
                0x0000000008000c40                pwr_enable_backup_domain_write_protect
 .text.exti_set_trigger
                0x0000000008000c50       0x4c .pioenvs/bluepill_f103c8/libFrameworkLibOpenCM3.a(exti_common_all.o)
                0x0000000008000c50                exti_set_trigger
 .text.exti_enable_request
                0x0000000008000c9c       0x18 .pioenvs/bluepill_f103c8/libFrameworkLibOpenCM3.a(exti_common_all.o)
                0x0000000008000c9c                exti_enable_request
 .text.exti_reset_request
                0x0000000008000cb4        0xc .pioenvs/bluepill_f103c8/libFrameworkLibOpenCM3.a(exti_common_all.o)
                0x0000000008000cb4                exti_reset_request
 .text.flash_set_ws
                0x0000000008000cc0       0x14 .pioenvs/bluepill_f103c8/libFrameworkLibOpenCM3.a(flash_common_f01.o)
                0x0000000008000cc0                flash_set_ws
 .text.flash_unlock
                0x0000000008000cd4       0x24 .pioenvs/bluepill_f103c8/libFrameworkLibOpenCM3.a(flash_common_f01.o)
                0x0000000008000cd4                flash_unlock
 .text.flash_lock
                0x0000000008000cf8       0x10 .pioenvs/bluepill_f103c8/libFrameworkLibOpenCM3.a(flash_common_f01.o)
                0x0000000008000cf8                flash_lock
 .text.usbd_init
                0x0000000008000d08       0x58 .pioenvs/bluepill_f103c8/libFrameworkLibOpenCM3.a(usb.o)
                0x0000000008000d08                usbd_init
 .text._usbd_standard_request_device
                0x0000000008000d60       0x4c .pioenvs/bluepill_f103c8/libFrameworkLibOpenCM3.a(usb_standard.o)
                0x0000000008000d60                _usbd_standard_request_device
 .text._usbd_standard_request_interface
                0x0000000008000dac       0x34 .pioenvs/bluepill_f103c8/libFrameworkLibOpenCM3.a(usb_standard.o)
                0x0000000008000dac                _usbd_standard_request_interface
 .text._usbd_standard_request_endpoint
                0x0000000008000de0       0x44 .pioenvs/bluepill_f103c8/libFrameworkLibOpenCM3.a(usb_standard.o)
                0x0000000008000de0                _usbd_standard_request_endpoint
 .text.st_usbfs_v1_usbd_init
                0x0000000008000e24       0x30 .pioenvs/bluepill_f103c8/libFrameworkLibOpenCM3.a(st_usbfs_v1.o)
 .text.scb_reset_system
                0x0000000008000e54       0x10 .pioenvs/bluepill_f103c8/libFrameworkLibOpenCM3.a(scb.o)
                0x0000000008000e54                scb_reset_system
 .text.st_usbfs_set_address
                0x0000000008000e64       0x10 .pioenvs/bluepill_f103c8/libFrameworkLibOpenCM3.a(st_usbfs_core.o)
                0x0000000008000e64                st_usbfs_set_address
 .text.st_usbfs_set_ep_rx_bufsize
                0x0000000008000e74       0x60 .pioenvs/bluepill_f103c8/libFrameworkLibOpenCM3.a(st_usbfs_core.o)
                0x0000000008000e74                st_usbfs_set_ep_rx_bufsize
 .text.st_usbfs_ep_setup
                0x0000000008000ed4      0x160 .pioenvs/bluepill_f103c8/libFrameworkLibOpenCM3.a(st_usbfs_core.o)
                0x0000000008000ed4                st_usbfs_ep_setup
 .text.st_usbfs_ep_nak_set
                0x0000000008001034       0x80 .pioenvs/bluepill_f103c8/libFrameworkLibOpenCM3.a(st_usbfs_core.o)
                0x0000000008001034                st_usbfs_ep_nak_set
 .text.st_usbfs_ep_write_packet
                0x00000000080010b4       0x90 .pioenvs/bluepill_f103c8/libFrameworkLibOpenCM3.a(st_usbfs_core.o)
                0x00000000080010b4                st_usbfs_ep_write_packet
 .text.st_usbfs_ep_read_packet
                0x0000000008001144       0xd4 .pioenvs/bluepill_f103c8/libFrameworkLibOpenCM3.a(st_usbfs_core.o)
                0x0000000008001144                st_usbfs_ep_read_packet
 .text.st_usbfs_poll
                0x0000000008001218       0xfc .pioenvs/bluepill_f103c8/libFrameworkLibOpenCM3.a(st_usbfs_core.o)
                0x0000000008001218                st_usbfs_poll
 .text.gpio_set_mode
                0x0000000008001314       0x6c .pioenvs/bluepill_f103c8/libFrameworkLibOpenCM3.a(gpio.o)
                0x0000000008001314                gpio_set_mode
 .text.gpio_set
                0x0000000008001380        0x4 .pioenvs/bluepill_f103c8/libFrameworkLibOpenCM3.a(gpio_common_all.o)
                0x0000000008001380                gpio_set
 .text.gpio_clear
                0x0000000008001384        0x6 .pioenvs/bluepill_f103c8/libFrameworkLibOpenCM3.a(gpio_common_all.o)
                0x0000000008001384                gpio_clear
 .text.usart_recv
                0x000000000800138a        0x8 .pioenvs/bluepill_f103c8/libFrameworkLibOpenCM3.a(usart_common_f124.o)
                0x000000000800138a                usart_recv
 .text.rcc_periph_clock_enable
                0x0000000008001392       0x1c .pioenvs/bluepill_f103c8/libFrameworkLibOpenCM3.a(rcc_common_all.o)
                0x0000000008001392                rcc_periph_clock_enable
 .text.rcc_periph_reset_pulse
                0x00000000080013ae       0x22 .pioenvs/bluepill_f103c8/libFrameworkLibOpenCM3.a(rcc_common_all.o)
                0x00000000080013ae                rcc_periph_reset_pulse
 .text.flash_wait_for_last_operation
                0x00000000080013d0        0xe .pioenvs/bluepill_f103c8/libFrameworkLibOpenCM3.a(flash_common_f01.o)
                0x00000000080013d0                flash_wait_for_last_operation
 .text.usbd_poll
                0x00000000080013de        0xc .pioenvs/bluepill_f103c8/libFrameworkLibOpenCM3.a(usb.o)
                0x00000000080013de                usbd_poll
 .text.usbd_ep_setup
                0x00000000080013ea       0x14 .pioenvs/bluepill_f103c8/libFrameworkLibOpenCM3.a(usb.o)
                0x00000000080013ea                usbd_ep_setup
 .text._usbd_reset
                0x00000000080013fe       0x30 .pioenvs/bluepill_f103c8/libFrameworkLibOpenCM3.a(usb.o)
                0x00000000080013fe                _usbd_reset
 .text.usbd_ep_write_packet
                0x000000000800142e        0xc .pioenvs/bluepill_f103c8/libFrameworkLibOpenCM3.a(usb.o)
                0x000000000800142e                usbd_ep_write_packet
 .text.usbd_ep_read_packet
                0x000000000800143a        0xc .pioenvs/bluepill_f103c8/libFrameworkLibOpenCM3.a(usb.o)
                0x000000000800143a                usbd_ep_read_packet
 .text.usbd_ep_stall_set
                0x0000000008001446        0xc .pioenvs/bluepill_f103c8/libFrameworkLibOpenCM3.a(usb.o)
                0x0000000008001446                usbd_ep_stall_set
 .text.usbd_ep_stall_get
                0x0000000008001452        0xc .pioenvs/bluepill_f103c8/libFrameworkLibOpenCM3.a(usb.o)
                0x0000000008001452                usbd_ep_stall_get
 .text.stall_transaction
                0x000000000800145e       0x14 .pioenvs/bluepill_f103c8/libFrameworkLibOpenCM3.a(usb_control.o)
 .text.usb_control_setup_write
                0x0000000008001472       0x32 .pioenvs/bluepill_f103c8/libFrameworkLibOpenCM3.a(usb_control.o)
 .text.usb_control_recv_chunk
                0x00000000080014a4       0x3c .pioenvs/bluepill_f103c8/libFrameworkLibOpenCM3.a(usb_control.o)
 .text.usb_control_send_chunk
                0x00000000080014e0       0x48 .pioenvs/bluepill_f103c8/libFrameworkLibOpenCM3.a(usb_control.o)
 .text.usb_control_request_dispatch
                0x0000000008001528       0x60 .pioenvs/bluepill_f103c8/libFrameworkLibOpenCM3.a(usb_control.o)
 .text.usb_control_setup_read
                0x0000000008001588       0x3a .pioenvs/bluepill_f103c8/libFrameworkLibOpenCM3.a(usb_control.o)
 .text.usbd_register_control_callback
                0x00000000080015c2       0x30 .pioenvs/bluepill_f103c8/libFrameworkLibOpenCM3.a(usb_control.o)
                0x00000000080015c2                usbd_register_control_callback
 .text._usbd_control_setup
                0x00000000080015f2       0x4a .pioenvs/bluepill_f103c8/libFrameworkLibOpenCM3.a(usb_control.o)
                0x00000000080015f2                _usbd_control_setup
 .text._usbd_control_out
                0x000000000800163c       0x8a .pioenvs/bluepill_f103c8/libFrameworkLibOpenCM3.a(usb_control.o)
                0x000000000800163c                _usbd_control_out
 .text._usbd_control_in
                0x00000000080016c6       0x56 .pioenvs/bluepill_f103c8/libFrameworkLibOpenCM3.a(usb_control.o)
                0x00000000080016c6                _usbd_control_in
 .text.usb_descriptor_type
                0x000000000800171c        0x4 .pioenvs/bluepill_f103c8/libFrameworkLibOpenCM3.a(usb_standard.o)
 .text.usb_descriptor_index
                0x0000000008001720        0x4 .pioenvs/bluepill_f103c8/libFrameworkLibOpenCM3.a(usb_standard.o)
 .text.usb_standard_set_address
                0x0000000008001724       0x30 .pioenvs/bluepill_f103c8/libFrameworkLibOpenCM3.a(usb_standard.o)
 .text.usb_standard_set_configuration
                0x0000000008001754       0xba .pioenvs/bluepill_f103c8/libFrameworkLibOpenCM3.a(usb_standard.o)
 .text.usb_standard_get_configuration
                0x000000000800180e       0x24 .pioenvs/bluepill_f103c8/libFrameworkLibOpenCM3.a(usb_standard.o)
 .text.usb_standard_set_interface
                0x0000000008001832       0x56 .pioenvs/bluepill_f103c8/libFrameworkLibOpenCM3.a(usb_standard.o)
 .text.usb_standard_get_interface
                0x0000000008001888       0x3e .pioenvs/bluepill_f103c8/libFrameworkLibOpenCM3.a(usb_standard.o)
 .text.usb_standard_device_get_status
                0x00000000080018c6       0x18 .pioenvs/bluepill_f103c8/libFrameworkLibOpenCM3.a(usb_standard.o)
 .text.usb_standard_interface_get_status
                0x00000000080018de       0x18 .pioenvs/bluepill_f103c8/libFrameworkLibOpenCM3.a(usb_standard.o)
 .text.build_config_descriptor
                0x00000000080018f6      0x1ba .pioenvs/bluepill_f103c8/libFrameworkLibOpenCM3.a(usb_standard.o)
 .text.usb_standard_get_descriptor
                0x0000000008001ab0       0xe6 .pioenvs/bluepill_f103c8/libFrameworkLibOpenCM3.a(usb_standard.o)
 .text.usb_standard_endpoint_get_status
                0x0000000008001b96       0x2a .pioenvs/bluepill_f103c8/libFrameworkLibOpenCM3.a(usb_standard.o)
 .text.usb_standard_endpoint_stall
                0x0000000008001bc0       0x10 .pioenvs/bluepill_f103c8/libFrameworkLibOpenCM3.a(usb_standard.o)
 .text.usb_standard_endpoint_unstall
                0x0000000008001bd0       0x10 .pioenvs/bluepill_f103c8/libFrameworkLibOpenCM3.a(usb_standard.o)
 .text.usbd_register_set_config_callback
                0x0000000008001be0       0x28 .pioenvs/bluepill_f103c8/libFrameworkLibOpenCM3.a(usb_standard.o)
                0x0000000008001be0                usbd_register_set_config_callback
 .text._usbd_standard_request
                0x0000000008001c08       0x32 .pioenvs/bluepill_f103c8/libFrameworkLibOpenCM3.a(usb_standard.o)
                0x0000000008001c08                _usbd_standard_request
 .text.st_usbfs_copy_to_pm
                0x0000000008001c3a       0x18 .pioenvs/bluepill_f103c8/libFrameworkLibOpenCM3.a(st_usbfs_v1.o)
                0x0000000008001c3a                st_usbfs_copy_to_pm
 .text.st_usbfs_copy_from_pm
                0x0000000008001c52       0x24 .pioenvs/bluepill_f103c8/libFrameworkLibOpenCM3.a(st_usbfs_v1.o)
                0x0000000008001c52                st_usbfs_copy_from_pm
 .text.blocking_handler
                0x0000000008001c76        0x2 .pioenvs/bluepill_f103c8/libFrameworkLibOpenCM3.a(vector.o)
                0x0000000008001c76                exti0_isr
                0x0000000008001c76                tim7_isr
                0x0000000008001c76                adc1_2_isr
                0x0000000008001c76                tim1_trg_com_isr
                0x0000000008001c76                usb_hp_can_tx_isr
                0x0000000008001c76                tim6_isr
                0x0000000008001c76                usb_wakeup_isr
                0x0000000008001c76                blocking_handler
                0x0000000008001c76                tim5_isr
                0x0000000008001c76                otg_fs_isr
                0x0000000008001c76                spi1_isr
                0x0000000008001c76                exti2_isr
                0x0000000008001c76                dma1_channel6_isr
                0x0000000008001c76                can_rx1_isr
                0x0000000008001c76                dma1_channel5_isr
                0x0000000008001c76                dma2_channel5_isr
                0x0000000008001c76                usart1_isr
                0x0000000008001c76                usage_fault_handler
                0x0000000008001c76                tim8_trg_com_isr
                0x0000000008001c76                can2_rx0_isr
                0x0000000008001c76                tim1_brk_isr
                0x0000000008001c76                can2_rx1_isr
                0x0000000008001c76                tim1_cc_isr
                0x0000000008001c76                sdio_isr
                0x0000000008001c76                eth_isr
                0x0000000008001c76                dma1_channel4_isr
                0x0000000008001c76                tim8_brk_isr
                0x0000000008001c76                dma2_channel4_5_isr
                0x0000000008001c76                pvd_isr
                0x0000000008001c76                rcc_isr
                0x0000000008001c76                flash_isr
                0x0000000008001c76                uart4_isr
                0x0000000008001c76                exti15_10_isr
                0x0000000008001c76                hard_fault_handler
                0x0000000008001c76                exti1_isr
                0x0000000008001c76                i2c1_ev_isr
                0x0000000008001c76                dma2_channel1_isr
                0x0000000008001c76                spi2_isr
                0x0000000008001c76                tim8_up_isr
                0x0000000008001c76                dma2_channel2_isr
                0x0000000008001c76                exti3_isr
                0x0000000008001c76                adc3_isr
                0x0000000008001c76                tim3_isr
                0x0000000008001c76                usb_lp_can_rx0_isr
                0x0000000008001c76                i2c2_er_isr
                0x0000000008001c76                i2c2_ev_isr
                0x0000000008001c76                uart5_isr
                0x0000000008001c76                fsmc_isr
                0x0000000008001c76                dma1_channel1_isr
                0x0000000008001c76                exti4_isr
                0x0000000008001c76                mem_manage_handler
                0x0000000008001c76                can2_tx_isr
                0x0000000008001c76                exti9_5_isr
                0x0000000008001c76                dma2_channel3_isr
                0x0000000008001c76                dma1_channel7_isr
                0x0000000008001c76                tim1_up_isr
                0x0000000008001c76                can2_sce_isr
                0x0000000008001c76                tim4_isr
                0x0000000008001c76                dma1_channel2_isr
                0x0000000008001c76                i2c1_er_isr
                0x0000000008001c76                can_sce_isr
                0x0000000008001c76                tim8_cc_isr
                0x0000000008001c76                tamper_isr
                0x0000000008001c76                eth_wkup_isr
                0x0000000008001c76                bus_fault_handler
                0x0000000008001c76                wwdg_isr
                0x0000000008001c76                dma1_channel3_isr
                0x0000000008001c76                spi3_isr
                0x0000000008001c76                tim2_isr
                0x0000000008001c76                usart3_isr
 .text.null_handler
                0x0000000008001c78        0x2 .pioenvs/bluepill_f103c8/libFrameworkLibOpenCM3.a(vector.o)
                0x0000000008001c78                null_handler
                0x0000000008001c78                sv_call_handler
                0x0000000008001c78                pend_sv_handler
                0x0000000008001c78                debug_monitor_handler
                0x0000000008001c78                sys_tick_handler
                0x0000000008001c78                nmi_handler
 .text.nvic_enable_irq
                0x0000000008001c7a       0x18 .pioenvs/bluepill_f103c8/libFrameworkLibOpenCM3.a(nvic.o)
                0x0000000008001c7a                nvic_enable_irq
 .text.st_usbfs_endpoints_reset
                0x0000000008001c92       0x6c .pioenvs/bluepill_f103c8/libFrameworkLibOpenCM3.a(st_usbfs_core.o)
                0x0000000008001c92                st_usbfs_endpoints_reset
 .text.st_usbfs_ep_stall_set
                0x0000000008001cfe      0x108 .pioenvs/bluepill_f103c8/libFrameworkLibOpenCM3.a(st_usbfs_core.o)
                0x0000000008001cfe                st_usbfs_ep_stall_set
 .text.st_usbfs_ep_stall_get
                0x0000000008001e06       0x44 .pioenvs/bluepill_f103c8/libFrameworkLibOpenCM3.a(st_usbfs_core.o)
                0x0000000008001e06                st_usbfs_ep_stall_get
 *libcocoos.a:(SORT_BY_ALIGNMENT(.text*))
 *libcocoOS_?.?.?.a:(SORT_BY_ALIGNMENT(.text*))
 *fill*         0x0000000008001e4a        0x2 
 .text.os_event_init
                0x0000000008001e4c        0xc .pioenvs/bluepill_f103c8/libea7/libcocoOS_5.0.3.a(os_event.o)
                0x0000000008001e4c                os_event_init
 .text.event_create
                0x0000000008001e58       0x38 .pioenvs/bluepill_f103c8/libea7/libcocoOS_5.0.3.a(os_event.o)
                0x0000000008001e58                event_create
 .text.os_signal_event
                0x0000000008001e90       0x10 .pioenvs/bluepill_f103c8/libea7/libcocoOS_5.0.3.a(os_event.o)
                0x0000000008001e90                os_signal_event
 .text.os_event_set_signaling_tid
                0x0000000008001ea0       0x10 .pioenvs/bluepill_f103c8/libea7/libcocoOS_5.0.3.a(os_event.o)
                0x0000000008001ea0                os_event_set_signaling_tid
 .text.os_init  0x0000000008001eb0       0x30 .pioenvs/bluepill_f103c8/libea7/libcocoOS_5.0.3.a(os_kernel.o)
                0x0000000008001eb0                os_init
 .text.os_running
                0x0000000008001ee0        0xc .pioenvs/bluepill_f103c8/libea7/libcocoOS_5.0.3.a(os_kernel.o)
                0x0000000008001ee0                os_running
 .text.os_msgQ_init
                0x0000000008001eec       0x38 .pioenvs/bluepill_f103c8/libea7/libcocoOS_5.0.3.a(os_msgqueue.o)
                0x0000000008001eec                os_msgQ_init
 .text.os_msgQ_create
                0x0000000008001f24       0x58 .pioenvs/bluepill_f103c8/libea7/libcocoOS_5.0.3.a(os_msgqueue.o)
                0x0000000008001f24                os_msgQ_create
 .text.os_msgQ_tick
                0x0000000008001f7c       0x74 .pioenvs/bluepill_f103c8/libea7/libcocoOS_5.0.3.a(os_msgqueue.o)
                0x0000000008001f7c                os_msgQ_tick
 .text.os_sem_create
                0x0000000008001ff0       0x3c .pioenvs/bluepill_f103c8/libea7/libcocoOS_5.0.3.a(os_sem.o)
 .text.os_sem_init
                0x000000000800202c        0xc .pioenvs/bluepill_f103c8/libea7/libcocoOS_5.0.3.a(os_sem.o)
                0x000000000800202c                os_sem_init
 .text.os_sem_larger_than_zero
                0x0000000008002038       0x14 .pioenvs/bluepill_f103c8/libea7/libcocoOS_5.0.3.a(os_sem.o)
                0x0000000008002038                os_sem_larger_than_zero
 .text.os_sem_decrement
                0x000000000800204c       0x1c .pioenvs/bluepill_f103c8/libea7/libcocoOS_5.0.3.a(os_sem.o)
                0x000000000800204c                os_sem_decrement
 .text.os_sem_increment
                0x0000000008002068       0x20 .pioenvs/bluepill_f103c8/libea7/libcocoOS_5.0.3.a(os_sem.o)
                0x0000000008002068                os_sem_increment
 .text.os_task_wait_queue_empty
                0x0000000008002088       0x1c .pioenvs/bluepill_f103c8/libea7/libcocoOS_5.0.3.a(os_task.o)
 .text.task_wait_sem_set
                0x00000000080020a4       0x1c .pioenvs/bluepill_f103c8/libea7/libcocoOS_5.0.3.a(os_task.o)
 .text.task_ready_set
                0x00000000080020c0       0x14 .pioenvs/bluepill_f103c8/libea7/libcocoOS_5.0.3.a(os_task.o)
 .text.os_task_init
                0x00000000080020d4       0x74 .pioenvs/bluepill_f103c8/libea7/libcocoOS_5.0.3.a(os_task.o)
                0x00000000080020d4                os_task_init
 .text.os_task_highest_prio_ready_task
                0x0000000008002148       0x44 .pioenvs/bluepill_f103c8/libea7/libcocoOS_5.0.3.a(os_task.o)
                0x0000000008002148                os_task_highest_prio_ready_task
 .text.os_task_release_waiting_task
                0x000000000800218c       0x74 .pioenvs/bluepill_f103c8/libea7/libcocoOS_5.0.3.a(os_task.o)
                0x000000000800218c                os_task_release_waiting_task
 .text.os_task_waiting_this_semaphore
                0x0000000008002200       0x48 .pioenvs/bluepill_f103c8/libea7/libcocoOS_5.0.3.a(os_task.o)
                0x0000000008002200                os_task_waiting_this_semaphore
 .text.os_task_wait_sem_set
                0x0000000008002248       0x38 .pioenvs/bluepill_f103c8/libea7/libcocoOS_5.0.3.a(os_task.o)
                0x0000000008002248                os_task_wait_sem_set
 .text.os_task_clear_wait_queue
                0x0000000008002280       0x1c .pioenvs/bluepill_f103c8/libea7/libcocoOS_5.0.3.a(os_task.o)
                0x0000000008002280                os_task_clear_wait_queue
 .text.task_create
                0x000000000800229c       0xdc .pioenvs/bluepill_f103c8/libea7/libcocoOS_5.0.3.a(os_task.o)
                0x000000000800229c                task_create
 .text.os_task_tick
                0x0000000008002378       0xac .pioenvs/bluepill_f103c8/libea7/libcocoOS_5.0.3.a(os_task.o)
                0x0000000008002378                os_task_tick
 .text.os_task_signal_event
                0x0000000008002424       0x98 .pioenvs/bluepill_f103c8/libea7/libcocoOS_5.0.3.a(os_task.o)
                0x0000000008002424                os_task_signal_event
 .text.os_task_run
                0x00000000080024bc       0x38 .pioenvs/bluepill_f103c8/libea7/libcocoOS_5.0.3.a(os_task.o)
                0x00000000080024bc                os_task_run
 .text.os_task_internal_state_get
                0x00000000080024f4       0x14 .pioenvs/bluepill_f103c8/libea7/libcocoOS_5.0.3.a(os_task.o)
                0x00000000080024f4                os_task_internal_state_get
 .text.os_task_internal_state_set
                0x0000000008002508       0x14 .pioenvs/bluepill_f103c8/libea7/libcocoOS_5.0.3.a(os_task.o)
                0x0000000008002508                os_task_internal_state_set
 .text.os_on_assert
                0x000000000800251c       0x28 .pioenvs/bluepill_f103c8/libea7/libcocoOS_5.0.3.a(os_assert.o)
                0x000000000800251c                os_on_assert
 .text.os_cbkSleep
                0x0000000008002544        0x2 .pioenvs/bluepill_f103c8/libea7/libcocoOS_5.0.3.a(os_cbk.o)
                0x0000000008002544                os_cbkSleep
 .text.os_tick  0x0000000008002546        0xc .pioenvs/bluepill_f103c8/libea7/libcocoOS_5.0.3.a(os_kernel.o)
                0x0000000008002546                os_tick
 .text.sem_bin_create
                0x0000000008002552       0x10 .pioenvs/bluepill_f103c8/libea7/libcocoOS_5.0.3.a(os_sem.o)
                0x0000000008002552                sem_bin_create
 *libgcc.a:(SORT_BY_ALIGNMENT(.text*))
 *libqfplib.a:(SORT_BY_ALIGNMENT(.text*))
 *libnano-float.a:(SORT_BY_ALIGNMENT(.text*))
 *libnewlib.a:(SORT_BY_ALIGNMENT(.text*))
 .text.strlen   0x0000000008002562       0x10 .pioenvs/bluepill_f103c8/lib98a/libnewlib.a(strlen.o)
                0x0000000008002562                strlen
 .text.strncat  0x0000000008002572       0x32 .pioenvs/bluepill_f103c8/lib98a/libnewlib.a(strncat.o)
                0x0000000008002572                strncat
 .text.strncpy  0x00000000080025a4       0x40 .pioenvs/bluepill_f103c8/lib98a/libnewlib.a(strncpy.o)
                0x00000000080025a4                strncpy
 .text.memcmp   0x00000000080025e4       0x20 .pioenvs/bluepill_f103c8/lib98a/libnewlib.a(memcmp.o)
                0x00000000080025e4                memcmp
 .text.memcpy   0x0000000008002604       0x1a .pioenvs/bluepill_f103c8/lib98a/libnewlib.a(memcpy.o)
                0x0000000008002604                memcpy
 .text.memset   0x000000000800261e       0x16 .pioenvs/bluepill_f103c8/lib98a/libnewlib.a(memset.o)
                0x000000000800261e                memset
 *liblogger.a:(SORT_BY_ALIGNMENT(.text*))
 .text._ZL10__semihostiPv
                0x0000000008002634       0x24 .pioenvs/bluepill_f103c8/libd9b/liblogger.a(logger.o)
 .text._ZL13target_in_isrv
                0x0000000008002658       0x10 .pioenvs/bluepill_f103c8/libd9b/liblogger.a(logger.o)
 .text._ZL16write_all_outputPKht
                0x0000000008002668       0x40 .pioenvs/bluepill_f103c8/libd9b/liblogger.a(logger.o)
 .text.enable_log
                0x00000000080026a8        0xc .pioenvs/bluepill_f103c8/libd9b/liblogger.a(logger.o)
                0x00000000080026a8                enable_log
 .text.logger_add_output
                0x00000000080026b4       0x48 .pioenvs/bluepill_f103c8/libd9b/liblogger.a(logger.o)
                0x00000000080026b4                logger_add_output
 .text.debug_flush
                0x00000000080026fc       0x24 .pioenvs/bluepill_f103c8/libd9b/liblogger.a(logger.o)
                0x00000000080026fc                debug_flush
 .text._ZL12debug_appendPKcj
                0x0000000008002720       0x3c .pioenvs/bluepill_f103c8/libd9b/liblogger.a(logger.o)
 .text._Z11debug_printj
                0x000000000800275c       0x88 .pioenvs/bluepill_f103c8/libd9b/liblogger.a(logger.o)
                0x000000000800275c                debug_print(unsigned int)
 .text._Z11debug_printi
                0x00000000080027e4       0x34 .pioenvs/bluepill_f103c8/libd9b/liblogger.a(logger.o)
                0x00000000080027e4                debug_print(int)
 .text.debug_println
                0x0000000008002818       0x1c .pioenvs/bluepill_f103c8/libd9b/liblogger.a(logger.o)
                0x0000000008002818                debug_println
 .text._Z13debug_printlni
                0x0000000008002834       0x14 .pioenvs/bluepill_f103c8/libd9b/liblogger.a(logger.o)
                0x0000000008002834                debug_println(int)
 .text._ZL14semihost_writemPKhj
                0x0000000008002848       0x1e .pioenvs/bluepill_f103c8/libd9b/liblogger.a(logger.o)
 .text.debug_print
                0x0000000008002866       0x18 .pioenvs/bluepill_f103c8/libd9b/liblogger.a(logger.o)
                0x0000000008002866                debug_print
 .text.debug_print_unsigned
                0x000000000800287e        0x8 .pioenvs/bluepill_f103c8/libd9b/liblogger.a(logger.o)
                0x000000000800287e                debug_print_unsigned
 .text.debug_printhex
                0x0000000008002886       0x70 .pioenvs/bluepill_f103c8/libd9b/liblogger.a(logger.o)
                0x0000000008002886                debug_printhex
 .text.debug_printhex_unsigned
                0x00000000080028f6       0x1c .pioenvs/bluepill_f103c8/libd9b/liblogger.a(logger.o)
                0x00000000080028f6                debug_printhex_unsigned
 *libbluepill.a:(SORT_BY_ALIGNMENT(.text*))
 *fill*         0x0000000008002912        0x2 
 .text.platform_setup
                0x0000000008002914       0x4c .pioenvs/bluepill_f103c8/lib271/libbluepill.a(bluepill.o)
                0x0000000008002914                platform_setup
 .text.enable_debug
                0x0000000008002960       0x14 .pioenvs/bluepill_f103c8/lib271/libbluepill.a(bluepill.o)
                0x0000000008002960                enable_debug
 .text.led_setup
                0x0000000008002974       0x20 .pioenvs/bluepill_f103c8/lib271/libbluepill.a(led.o)
                0x0000000008002974                led_setup
 .text.led_on   0x0000000008002994       0x14 .pioenvs/bluepill_f103c8/lib271/libbluepill.a(led.o)
                0x0000000008002994                led_on
 .text.led_off  0x00000000080029a8       0x14 .pioenvs/bluepill_f103c8/lib271/libbluepill.a(led.o)
                0x00000000080029a8                led_off
 .text.led_wait
                0x00000000080029bc       0x14 .pioenvs/bluepill_f103c8/lib271/libbluepill.a(led.o)
                0x00000000080029bc                led_wait
 .text._ZL25custom_rtc_awake_from_off7rcc_osc
                0x00000000080029d0       0x74 .pioenvs/bluepill_f103c8/lib271/libbluepill.a(timer.o)
 .text._ZL9rtc_setupv
                0x0000000008002a44       0x90 .pioenvs/bluepill_f103c8/lib271/libbluepill.a(timer.o)
 .text.platform_start_timer
                0x0000000008002ad4       0x34 .pioenvs/bluepill_f103c8/lib271/libbluepill.a(timer.o)
                0x0000000008002ad4                platform_start_timer
 .text.platform_set_alarm
                0x0000000008002b08       0x58 .pioenvs/bluepill_f103c8/lib271/libbluepill.a(timer.o)
                0x0000000008002b08                platform_set_alarm
 .text.rtc_isr  0x0000000008002b60       0x30 .pioenvs/bluepill_f103c8/lib271/libbluepill.a(timer.o)
                0x0000000008002b60                rtc_isr
 .text.rtc_alarm_isr
                0x0000000008002b90       0x2c .pioenvs/bluepill_f103c8/lib271/libbluepill.a(timer.o)
                0x0000000008002b90                rtc_alarm_isr
 .text.platform_alarm_count
                0x0000000008002bbc        0xc .pioenvs/bluepill_f103c8/lib271/libbluepill.a(timer.o)
                0x0000000008002bbc                platform_alarm_count
 .text.platform_tick_count
                0x0000000008002bc8        0xc .pioenvs/bluepill_f103c8/lib271/libbluepill.a(timer.o)
                0x0000000008002bc8                platform_tick_count
 .text.__cxa_pure_virtual
                0x0000000008002bd4        0xc .pioenvs/bluepill_f103c8/lib271/libbluepill.a(bluepill.o)
                0x0000000008002bd4                __cxa_pure_virtual
 .text._Znwj    0x0000000008002be0        0x8 .pioenvs/bluepill_f103c8/lib271/libbluepill.a(bluepill.o)
                0x0000000008002be0                operator new(unsigned int)
 .text._ZdlPv   0x0000000008002be8        0x8 .pioenvs/bluepill_f103c8/lib271/libbluepill.a(bluepill.o)
                0x0000000008002be8                operator delete(void*)
 .text.millis   0x0000000008002bf0        0x8 .pioenvs/bluepill_f103c8/lib271/libbluepill.a(timer.o)
                0x0000000008002bf0                millis
 *libbootloader.a:(SORT_BY_ALIGNMENT(.text*))
 .text.bootloader_poll
                0x0000000008002bf8       0x3c .pioenvs/bluepill_f103c8/libb45/libbootloader.a(bootloader.o)
                0x0000000008002bf8                bootloader_poll
 .text.get_serial_number
                0x0000000008002c34       0x34 .pioenvs/bluepill_f103c8/libb45/libbootloader.a(bootloader.o)
 .text.poll_loop
                0x0000000008002c68       0x68 .pioenvs/bluepill_f103c8/libb45/libbootloader.a(bootloader.o)
 .text.bootloader_start
                0x0000000008002cd0       0x58 .pioenvs/bluepill_f103c8/libb45/libbootloader.a(bootloader.o)
                0x0000000008002cd0                bootloader_start
 .text.get_flash_end
                0x0000000008002d28        0x8 .pioenvs/bluepill_f103c8/libb45/libbootloader.a(target_stm32f103.o)
 .text.validate_application
                0x0000000008002d30       0x4c .pioenvs/bluepill_f103c8/libb45/libbootloader.a(target_stm32f103.o)
 .text.target_set_led
                0x0000000008002d7c       0x20 .pioenvs/bluepill_f103c8/libb45/libbootloader.a(target_stm32f103.o)
                0x0000000008002d7c                target_set_led
 .text.target_gpio_setup
                0x0000000008002d9c       0x6c .pioenvs/bluepill_f103c8/libb45/libbootloader.a(target_stm32f103.o)
                0x0000000008002d9c                target_gpio_setup
 .text.target_usb_init
                0x0000000008002e08       0x34 .pioenvs/bluepill_f103c8/libb45/libbootloader.a(target_stm32f103.o)
                0x0000000008002e08                target_usb_init
 .text.target_manifest_app
                0x0000000008002e3c       0x14 .pioenvs/bluepill_f103c8/libb45/libbootloader.a(target_stm32f103.o)
                0x0000000008002e3c                target_manifest_app
 .text.target_manifest_bootloader
                0x0000000008002e50       0x14 .pioenvs/bluepill_f103c8/libb45/libbootloader.a(target_stm32f103.o)
                0x0000000008002e50                target_manifest_bootloader
 .text.target_get_force_bootloader
                0x0000000008002e64       0x40 .pioenvs/bluepill_f103c8/libb45/libbootloader.a(target_stm32f103.o)
                0x0000000008002e64                target_get_force_bootloader
 .text.target_get_startup_mode
                0x0000000008002ea4       0x44 .pioenvs/bluepill_f103c8/libb45/libbootloader.a(target_stm32f103.o)
                0x0000000008002ea4                target_get_startup_mode
 .text.target_flash_program_array
                0x0000000008002ee8       0xdc .pioenvs/bluepill_f103c8/libb45/libbootloader.a(target_stm32f103.o)
                0x0000000008002ee8                target_flash_program_array
 .text.hf2_connected
                0x0000000008002fc4       0x14 .pioenvs/bluepill_f103c8/libb45/libbootloader.a(usb_conf.o)
 .text.cdc_connected
                0x0000000008002fd8       0x20 .pioenvs/bluepill_f103c8/libb45/libbootloader.a(usb_conf.o)
 .text.usb_cdc_transmit
                0x0000000008002ff8       0x30 .pioenvs/bluepill_f103c8/libb45/libbootloader.a(usb_conf.o)
 .text.set_aggregate_callback
                0x0000000008003028       0x5c .pioenvs/bluepill_f103c8/libb45/libbootloader.a(usb_conf.o)
 .text.usb_setup
                0x0000000008003084       0xa0 .pioenvs/bluepill_f103c8/libb45/libbootloader.a(usb_conf.o)
                0x0000000008003084                usb_setup
 .text.aggregate_register_config_callback
                0x0000000008003124       0x40 .pioenvs/bluepill_f103c8/libb45/libbootloader.a(usb_conf.o)
                0x0000000008003124                aggregate_register_config_callback
 .text.aggregate_register_callback
                0x0000000008003164       0x60 .pioenvs/bluepill_f103c8/libb45/libbootloader.a(usb_conf.o)
                0x0000000008003164                aggregate_register_callback
 .text.usb_set_serial_number
                0x00000000080031c4       0x24 .pioenvs/bluepill_f103c8/libb45/libbootloader.a(usb_conf.o)
                0x00000000080031c4                usb_set_serial_number
 .text.dump_buffer
                0x00000000080031e8       0x48 .pioenvs/bluepill_f103c8/libb45/libbootloader.a(usb_conf.o)
                0x00000000080031e8                dump_buffer
 .text.dump_usb_request
                0x0000000008003230      0x1a4 .pioenvs/bluepill_f103c8/libb45/libbootloader.a(usb_conf.o)
                0x0000000008003230                dump_usb_request
 .text.aggregate_callback
                0x00000000080033d4       0xa8 .pioenvs/bluepill_f103c8/libb45/libbootloader.a(usb_conf.o)
 .text.webusb_set_config
                0x000000000800347c       0x28 .pioenvs/bluepill_f103c8/libb45/libbootloader.a(webusb.o)
 .text.webusb_control_vendor_request
                0x00000000080034a4       0xd0 .pioenvs/bluepill_f103c8/libb45/libbootloader.a(webusb.o)
 .text.webusb_setup
                0x0000000008003574       0x4c .pioenvs/bluepill_f103c8/libb45/libbootloader.a(webusb.o)
                0x0000000008003574                webusb_setup
 .text.winusb_set_config
                0x00000000080035c0       0x28 .pioenvs/bluepill_f103c8/libb45/libbootloader.a(winusb.o)
 .text.winusb_descriptor_request
                0x00000000080035e8       0x60 .pioenvs/bluepill_f103c8/libb45/libbootloader.a(winusb.o)
 .text.winusb_control_vendor_request
                0x0000000008003648       0xc0 .pioenvs/bluepill_f103c8/libb45/libbootloader.a(winusb.o)
 .text.winusb_setup
                0x0000000008003708       0x58 .pioenvs/bluepill_f103c8/libb45/libbootloader.a(winusb.o)
                0x0000000008003708                winusb_setup
 .text.cdcacm_comm_cb
                0x0000000008003760       0x10 .pioenvs/bluepill_f103c8/libb45/libbootloader.a(cdc.o)
 .text.cdcacm_set_config
                0x0000000008003770       0x64 .pioenvs/bluepill_f103c8/libb45/libbootloader.a(cdc.o)
 .text.cdcacm_control_request
                0x00000000080037d4       0x8c .pioenvs/bluepill_f103c8/libb45/libbootloader.a(cdc.o)
 .text.cdcadm_transmit
                0x0000000008003860       0x68 .pioenvs/bluepill_f103c8/libb45/libbootloader.a(cdc.o)
                0x0000000008003860                cdcadm_transmit
 .text.cdcacm_data_rx_cb
                0x00000000080038c8       0x4c .pioenvs/bluepill_f103c8/libb45/libbootloader.a(cdc.o)
 .text.cdc_setup
                0x0000000008003914       0x2c .pioenvs/bluepill_f103c8/libb45/libbootloader.a(cdc.o)
                0x0000000008003914                cdc_setup
 .text.hf2_set_config
                0x0000000008003940       0x54 .pioenvs/bluepill_f103c8/libb45/libbootloader.a(hf2.o)
 .text.assert   0x0000000008003994       0x20 .pioenvs/bluepill_f103c8/libb45/libbootloader.a(hf2.o)
 .text.pokeSend
                0x00000000080039b4       0x70 .pioenvs/bluepill_f103c8/libb45/libbootloader.a(hf2.o)
 .text.send_hf2_response
                0x0000000008003a24       0x28 .pioenvs/bluepill_f103c8/libb45/libbootloader.a(hf2.o)
 .text.handle_command
                0x0000000008003a4c      0x1a0 .pioenvs/bluepill_f103c8/libb45/libbootloader.a(hf2.o)
 .text.hf2_data_rx_cb
                0x0000000008003bec       0xec .pioenvs/bluepill_f103c8/libb45/libbootloader.a(hf2.o)
 .text.hf2_setup
                0x0000000008003cd8       0x34 .pioenvs/bluepill_f103c8/libb45/libbootloader.a(hf2.o)
                0x0000000008003cd8                hf2_setup
 .text.backup_write
                0x0000000008003d0c       0x34 .pioenvs/bluepill_f103c8/libb45/libbootloader.a(backup.o)
                0x0000000008003d0c                backup_write
 .text.backup_read
                0x0000000008003d40       0x18 .pioenvs/bluepill_f103c8/libb45/libbootloader.a(backup.o)
                0x0000000008003d40                backup_read
 .text.usb21_set_config
                0x0000000008003d58       0x28 .pioenvs/bluepill_f103c8/libb45/libbootloader.a(usb21_standard.o)
 .text.usb21_standard_get_descriptor
                0x0000000008003d80       0x5c .pioenvs/bluepill_f103c8/libb45/libbootloader.a(usb21_standard.o)
 .text.usb21_setup
                0x0000000008003ddc       0x34 .pioenvs/bluepill_f103c8/libb45/libbootloader.a(usb21_standard.o)
                0x0000000008003ddc                usb21_setup
 .text.flushFlash
                0x0000000008003e10       0xa0 .pioenvs/bluepill_f103c8/libb45/libbootloader.a(ghostfat.o)
 .text.flash_write
                0x0000000008003eb0       0x48 .pioenvs/bluepill_f103c8/libb45/libbootloader.a(ghostfat.o)
                0x0000000008003eb0                flash_write
 .text.sleep_us
                0x0000000008003ef8       0x14 .pioenvs/bluepill_f103c8/libb45/libbootloader.a(target_stm32f103.o)
 .text.target_get_serial_number
                0x0000000008003f0c        0xa .pioenvs/bluepill_f103c8/libb45/libbootloader.a(target_stm32f103.o)
                0x0000000008003f0c                target_get_serial_number
 .text.target_flash_unlock
                0x0000000008003f16        0x8 .pioenvs/bluepill_f103c8/libb45/libbootloader.a(target_stm32f103.o)
                0x0000000008003f16                target_flash_unlock
 .text.target_flash_lock
                0x0000000008003f1e        0x8 .pioenvs/bluepill_f103c8/libb45/libbootloader.a(target_stm32f103.o)
                0x0000000008003f1e                target_flash_lock
 .text.usb_descriptor_type
                0x0000000008003f26        0x4 .pioenvs/bluepill_f103c8/libb45/libbootloader.a(usb_conf.o)
 .text.usb_descriptor_index
                0x0000000008003f2a        0x4 .pioenvs/bluepill_f103c8/libb45/libbootloader.a(usb_conf.o)
 .text.usb_descriptor_type
                0x0000000008003f2e        0x4 .pioenvs/bluepill_f103c8/libb45/libbootloader.a(winusb.o)
 .text.usb_descriptor_index
                0x0000000008003f32        0x4 .pioenvs/bluepill_f103c8/libb45/libbootloader.a(winusb.o)
 .text.hf2_data_tx_cb
                0x0000000008003f36        0x2 .pioenvs/bluepill_f103c8/libb45/libbootloader.a(hf2.o)
 .text.build_bos_descriptor
                0x0000000008003f38       0x7c .pioenvs/bluepill_f103c8/libb45/libbootloader.a(usb21_standard.o)
                0x0000000008003fb4                . = ALIGN (0x4)
 :*reset_handler*(SORT_BY_ALIGNMENT(.rodata*))
 .rodata.pre_main.str1.4
                0x0000000008003fb4       0x37 .pioenvs/bluepill_f103c8/libccd/hal/reset_handler.o
 *libhal.a:*reset_handler*(SORT_BY_ALIGNMENT(.rodata*))
 :*codal_target_hal*(SORT_BY_ALIGNMENT(.rodata*))
 *fill*         0x0000000008003feb        0x1 
 .rodata._ZL10timer_tickv.str1.4
                0x0000000008003fec        0x8 .pioenvs/bluepill_f103c8/libccd/hal/codal_target_hal.o
 .rodata._ZL11timer_alarmv.str1.4
                0x0000000008003ff4        0x4 .pioenvs/bluepill_f103c8/libccd/hal/codal_target_hal.o
 .rodata.target_panic.str1.4
                0x0000000008003ff8       0x13 .pioenvs/bluepill_f103c8/libccd/hal/codal_target_hal.o
 *fill*         0x000000000800400b        0x1 
 .rodata.target_wait.str1.4
                0x000000000800400c        0xb .pioenvs/bluepill_f103c8/libccd/hal/codal_target_hal.o
 *fill*         0x0000000008004017        0x1 
 .rodata.test_codal.str1.4
                0x0000000008004018       0x3c .pioenvs/bluepill_f103c8/libccd/hal/codal_target_hal.o
 *libhal.a:*codal_target_hal*(SORT_BY_ALIGNMENT(.rodata*))
 :*CortexContextSwitch*(SORT_BY_ALIGNMENT(.rodata*))
 *libhal.a:(SORT_BY_ALIGNMENT(.rodata*))
 *liblibopencm3.a:(SORT_BY_ALIGNMENT(.rodata*))
 *libFrameworkLibOpenCM3.a:(SORT_BY_ALIGNMENT(.rodata*))
 .rodata.chars.4166
                0x0000000008004054       0x11 .pioenvs/bluepill_f103c8/libFrameworkLibOpenCM3.a(desig.o)
 *fill*         0x0000000008004065        0x3 
 .rodata.st_usbfs_v1_usb_driver
                0x0000000008004068       0x34 .pioenvs/bluepill_f103c8/libFrameworkLibOpenCM3.a(st_usbfs_v1.o)
                0x0000000008004068                st_usbfs_v1_usb_driver
 .rodata        0x000000000800409c        0x8 .pioenvs/bluepill_f103c8/libFrameworkLibOpenCM3.a(st_usbfs_core.o)
 *libcocoos.a:(SORT_BY_ALIGNMENT(.rodata*))
 *libcocoOS_?.?.?.a:(SORT_BY_ALIGNMENT(.rodata*))
 .rodata.os_on_assert.str1.4
                0x00000000080040a4       0x1c .pioenvs/bluepill_f103c8/libea7/libcocoOS_5.0.3.a(os_assert.o)
                                         0x1a (size before relaxing)
 *libgcc.a:(SORT_BY_ALIGNMENT(.rodata*))
 *libqfplib.a:(SORT_BY_ALIGNMENT(.rodata*))
 *libnano-float.a:(SORT_BY_ALIGNMENT(.rodata*))
 *libnewlib.a:(SORT_BY_ALIGNMENT(.rodata*))
 *liblogger.a:(SORT_BY_ALIGNMENT(.rodata*))
 .rodata._Z11debug_printi.str1.4
                0x00000000080040c0        0x6 .pioenvs/bluepill_f103c8/libd9b/liblogger.a(logger.o)
 *fill*         0x00000000080040c6        0x2 
 .rodata._Z11debug_printj.str1.4
                0x00000000080040c8        0xb .pioenvs/bluepill_f103c8/libd9b/liblogger.a(logger.o)
 *fill*         0x00000000080040d3        0x1 
 .rodata.debug_println.str1.4
                0x00000000080040d4        0x2 .pioenvs/bluepill_f103c8/libd9b/liblogger.a(logger.o)
 *libbluepill.a:(SORT_BY_ALIGNMENT(.rodata*))
 *fill*         0x00000000080040d6        0x2 
 .rodata.platform_setup.str1.4
                0x00000000080040d8       0x13 .pioenvs/bluepill_f103c8/lib271/libbluepill.a(bluepill.o)
 *fill*         0x00000000080040eb        0x1 
 .rodata._ZL9rtc_setupv.str1.4
                0x00000000080040ec       0x1d .pioenvs/bluepill_f103c8/lib271/libbluepill.a(timer.o)
 *fill*         0x0000000008004109        0x3 
 .rodata.platform_set_alarm.str1.4
                0x000000000800410c        0xa .pioenvs/bluepill_f103c8/lib271/libbluepill.a(timer.o)
                                          0xf (size before relaxing)
 *fill*         0x0000000008004116        0x2 
 .rodata.platform_start_timer.str1.4
                0x0000000008004118       0x15 .pioenvs/bluepill_f103c8/lib271/libbluepill.a(timer.o)
 *libbootloader.a:(SORT_BY_ALIGNMENT(.rodata*))
 *fill*         0x000000000800412d        0x3 
 .rodata.bootloader_start.str1.4
                0x0000000008004130       0x1a .pioenvs/bluepill_f103c8/libb45/libbootloader.a(bootloader.o)
 *fill*         0x000000000800414a        0x2 
 .rodata.get_serial_number.str1.4
                0x000000000800414c       0x32 .pioenvs/bluepill_f103c8/libb45/libbootloader.a(bootloader.o)
 *fill*         0x000000000800417e        0x2 
 .rodata.poll_loop.str1.4
                0x0000000008004180       0x10 .pioenvs/bluepill_f103c8/libb45/libbootloader.a(bootloader.o)
 .rodata.target_flash_program_array.str1.4
                0x0000000008004190       0x73 .pioenvs/bluepill_f103c8/libb45/libbootloader.a(target_stm32f103.o)
 *fill*         0x0000000008004203        0x1 
 .rodata.target_get_startup_mode.str1.4
                0x0000000008004204       0x19 .pioenvs/bluepill_f103c8/libb45/libbootloader.a(target_stm32f103.o)
 *fill*         0x000000000800421d        0x3 
 .rodata.validate_application.str1.4
                0x0000000008004220       0x19 .pioenvs/bluepill_f103c8/libb45/libbootloader.a(target_stm32f103.o)
                                         0x1d (size before relaxing)
 *fill*         0x0000000008004239        0x3 
 .rodata.aggregate_callback.str1.4
                0x000000000800423c        0xc .pioenvs/bluepill_f103c8/libb45/libbootloader.a(usb_conf.o)
 .rodata.aggregate_register_callback.str1.4
                0x0000000008004248       0x26 .pioenvs/bluepill_f103c8/libb45/libbootloader.a(usb_conf.o)
 *fill*         0x000000000800426e        0x2 
 .rodata.aggregate_register_config_callback.str1.4
                0x0000000008004270       0x25 .pioenvs/bluepill_f103c8/libb45/libbootloader.a(usb_conf.o)
 *fill*         0x0000000008004295        0x3 
 .rodata.bos_descriptor
                0x0000000008004298        0x9 .pioenvs/bluepill_f103c8/libb45/libbootloader.a(usb_conf.o)
 *fill*         0x00000000080042a1        0x3 
 .rodata.cdc_iface_assoc
                0x00000000080042a4        0x8 .pioenvs/bluepill_f103c8/libb45/libbootloader.a(usb_conf.o)
 .rodata.cdcacm_functional_descriptors
                0x00000000080042ac       0x13 .pioenvs/bluepill_f103c8/libb45/libbootloader.a(usb_conf.o)
 *fill*         0x00000000080042bf        0x1 
 .rodata.comm_endp
                0x00000000080042c0        0xf .pioenvs/bluepill_f103c8/libb45/libbootloader.a(usb_conf.o)
 *fill*         0x00000000080042cf        0x1 
 .rodata.comm_iface
                0x00000000080042d0       0x15 .pioenvs/bluepill_f103c8/libb45/libbootloader.a(usb_conf.o)
 *fill*         0x00000000080042e5        0x3 
 .rodata.config
                0x00000000080042e8        0xd .pioenvs/bluepill_f103c8/libb45/libbootloader.a(usb_conf.o)
 *fill*         0x00000000080042f5        0x3 
 .rodata.data_endp
                0x00000000080042f8       0x1e .pioenvs/bluepill_f103c8/libb45/libbootloader.a(usb_conf.o)
 *fill*         0x0000000008004316        0x2 
 .rodata.data_iface
                0x0000000008004318       0x15 .pioenvs/bluepill_f103c8/libb45/libbootloader.a(usb_conf.o)
 *fill*         0x000000000800432d        0x3 
 .rodata.dev    0x0000000008004330       0x12 .pioenvs/bluepill_f103c8/libb45/libbootloader.a(usb_conf.o)
 *fill*         0x0000000008004342        0x2 
 .rodata.dump_buffer.str1.4
                0x0000000008004344        0x4 .pioenvs/bluepill_f103c8/libb45/libbootloader.a(usb_conf.o)
                                          0x9 (size before relaxing)
 .rodata.dump_usb_request.str1.4
                0x0000000008004348       0x90 .pioenvs/bluepill_f103c8/libb45/libbootloader.a(usb_conf.o)
 .rodata.hf2_endp
                0x00000000080043d8       0x1e .pioenvs/bluepill_f103c8/libb45/libbootloader.a(usb_conf.o)
 *fill*         0x00000000080043f6        0x2 
 .rodata.hf2_iface
                0x00000000080043f8       0x15 .pioenvs/bluepill_f103c8/libb45/libbootloader.a(usb_conf.o)
 *fill*         0x000000000800440d        0x3 
 .rodata.interfaces
                0x0000000008004410       0x30 .pioenvs/bluepill_f103c8/libb45/libbootloader.a(usb_conf.o)
 .rodata.set_aggregate_callback.str1.4
                0x0000000008004440       0x41 .pioenvs/bluepill_f103c8/libb45/libbootloader.a(usb_conf.o)
 *fill*         0x0000000008004481        0x3 
 .rodata.str1.4
                0x0000000008004484       0x86 .pioenvs/bluepill_f103c8/libb45/libbootloader.a(usb_conf.o)
 *fill*         0x000000000800450a        0x2 
 .rodata.usb_setup.str1.4
                0x000000000800450c       0x31 .pioenvs/bluepill_f103c8/libb45/libbootloader.a(usb_conf.o)
 *fill*         0x000000000800453d        0x3 
 .rodata.webusb_control_vendor_request.str1.4
                0x0000000008004540       0x3f .pioenvs/bluepill_f103c8/libb45/libbootloader.a(webusb.o)
                                         0x43 (size before relaxing)
 *fill*         0x000000000800457f        0x1 
 .rodata.webusb_platform_capability_descriptor
                0x0000000008004580       0x18 .pioenvs/bluepill_f103c8/libb45/libbootloader.a(webusb.o)
                0x0000000008004580                webusb_platform_capability_descriptor
 .rodata.webusb_set_config.str1.4
                0x0000000008004598       0x1d .pioenvs/bluepill_f103c8/libb45/libbootloader.a(webusb.o)
 *fill*         0x00000000080045b5        0x3 
 .rodata.webusb_setup.str1.4
                0x00000000080045b8       0x18 .pioenvs/bluepill_f103c8/libb45/libbootloader.a(webusb.o)
 .rodata.guid   0x00000000080045d0       0x92 .pioenvs/bluepill_f103c8/libb45/libbootloader.a(winusb.o)
 *fill*         0x0000000008004662        0x2 
 .rodata.microsoft_platform_capability_descriptor
                0x0000000008004664       0x1c .pioenvs/bluepill_f103c8/libb45/libbootloader.a(winusb.o)
                0x0000000008004664                microsoft_platform_capability_descriptor
 .rodata.winusb_control_vendor_request.str1.4
                0x0000000008004680       0x17 .pioenvs/bluepill_f103c8/libb45/libbootloader.a(winusb.o)
 *fill*         0x0000000008004697        0x1 
 .rodata.winusb_descriptor_request.str1.4
                0x0000000008004698        0x6 .pioenvs/bluepill_f103c8/libb45/libbootloader.a(winusb.o)
 *fill*         0x000000000800469e        0x2 
 .rodata.winusb_set_config.str1.4
                0x00000000080046a0       0x1d .pioenvs/bluepill_f103c8/libb45/libbootloader.a(winusb.o)
 *fill*         0x00000000080046bd        0x3 
 .rodata.winusb_setup.str1.4
                0x00000000080046c0       0x18 .pioenvs/bluepill_f103c8/libb45/libbootloader.a(winusb.o)
 .rodata.winusb_string_descriptor
                0x00000000080046d8       0x12 .pioenvs/bluepill_f103c8/libb45/libbootloader.a(winusb.o)
 *fill*         0x00000000080046ea        0x2 
 .rodata.cdc_setup.str1.4
                0x00000000080046ec       0x15 .pioenvs/bluepill_f103c8/libb45/libbootloader.a(cdc.o)
 *fill*         0x0000000008004701        0x3 
 .rodata.cdcacm_comm_cb.str1.4
                0x0000000008004704        0x5 .pioenvs/bluepill_f103c8/libb45/libbootloader.a(cdc.o)
 *fill*         0x0000000008004709        0x3 
 .rodata.cdcacm_control_request.str1.4
                0x000000000800470c       0x28 .pioenvs/bluepill_f103c8/libb45/libbootloader.a(cdc.o)
                                         0x31 (size before relaxing)
 .rodata.cdcacm_set_config.str1.4
                0x0000000008004734       0x1d .pioenvs/bluepill_f103c8/libb45/libbootloader.a(cdc.o)
 *fill*         0x0000000008004751        0x3 
 .rodata.line_coding
                0x0000000008004754        0x7 .pioenvs/bluepill_f103c8/libb45/libbootloader.a(cdc.o)
 *fill*         0x000000000800475b        0x1 
 .rodata.assert.str1.4
                0x000000000800475c        0xc .pioenvs/bluepill_f103c8/libb45/libbootloader.a(hf2.o)
 .rodata.bad_packet_message
                0x0000000008004768        0xb .pioenvs/bluepill_f103c8/libb45/libbootloader.a(hf2.o)
 *fill*         0x0000000008004773        0x1 
 .rodata.handle_command.str1.4
                0x0000000008004774       0x89 .pioenvs/bluepill_f103c8/libb45/libbootloader.a(hf2.o)
                                         0x8d (size before relaxing)
 *fill*         0x00000000080047fd        0x3 
 .rodata.hf2_data_rx_cb.str1.4
                0x0000000008004800       0x17 .pioenvs/bluepill_f103c8/libb45/libbootloader.a(hf2.o)
                                         0x1f (size before relaxing)
 *fill*         0x0000000008004817        0x1 
 .rodata.hf2_set_config.str1.4
                0x0000000008004818        0xb .pioenvs/bluepill_f103c8/libb45/libbootloader.a(hf2.o)
 *fill*         0x0000000008004823        0x1 
 .rodata.hf2_setup.str1.4
                0x0000000008004824       0x15 .pioenvs/bluepill_f103c8/libb45/libbootloader.a(hf2.o)
 *fill*         0x0000000008004839        0x3 
 .rodata.send_hf2_response.str1.4
                0x000000000800483c        0x7 .pioenvs/bluepill_f103c8/libb45/libbootloader.a(hf2.o)
 *fill*         0x0000000008004843        0x1 
 .rodata.usb21_set_config.str1.4
                0x0000000008004844       0x1c .pioenvs/bluepill_f103c8/libb45/libbootloader.a(usb21_standard.o)
 .rodata.usb21_setup.str1.4
                0x0000000008004860       0x17 .pioenvs/bluepill_f103c8/libb45/libbootloader.a(usb21_standard.o)
 *fill*         0x0000000008004877        0x1 
 .rodata.usb21_standard_get_descriptor.str1.4
                0x0000000008004878       0x24 .pioenvs/bluepill_f103c8/libb45/libbootloader.a(usb21_standard.o)
 .rodata.flushFlash.str1.4
                0x000000000800489c       0x1e .pioenvs/bluepill_f103c8/libb45/libbootloader.a(ghostfat.o)
                                         0x22 (size before relaxing)
 *fill*         0x00000000080048ba        0x2 
 .rodata.infoUf2File
                0x00000000080048bc       0x55 .pioenvs/bluepill_f103c8/libb45/libbootloader.a(ghostfat.o)
                0x00000000080048bc                infoUf2File
                0x0000000008004914                . = ALIGN (0x4)
 *fill*         0x0000000008004911        0x3 
                0x0000000008004914                _boot_etext = .

.text           0x0000000008006800     0x3a50
                0x0000000008006800                . = ALIGN (0x4)
                0x0000000008006800                _text = .
 *(SORT_BY_ALIGNMENT(.text.application_start))
 .text.application_start
                0x0000000008006800       0x88 .pioenvs/bluepill_f103c8/lib739/libcm.a(application.o)
                0x0000000008006800                application_start
 *(SORT_BY_ALIGNMENT(.text.main))
 .text.main     0x0000000008006888       0x14 .pioenvs/bluepill_f103c8/src/main.o
                0x0000000008006888                main
 *(SORT_BY_ALIGNMENT(.text.startup.main))
 *(SORT_BY_ALIGNMENT(.text*))
 .text._ZN5codal14CodalComponent4initEv
                0x000000000800689c        0x8 .pioenvs/bluepill_f103c8/src/main.o
                0x000000000800689c                codal::CodalComponent::init()
 .text._ZL10debug_dumpRN5codal13STM32BluePillEPKc
                0x00000000080068a4       0x78 .pioenvs/bluepill_f103c8/src/main.o
 .text._Z41__static_initialization_and_destruction_0ii
                0x000000000800691c       0x30 .pioenvs/bluepill_f103c8/src/main.o
 .text._ZN5codal14CodalComponentD2Ev
                0x000000000800694c       0x18 .pioenvs/bluepill_f103c8/src/main.o
                0x000000000800694c                codal::CodalComponent::~CodalComponent()
                0x000000000800694c                codal::CodalComponent::~CodalComponent()
 .text._ZN5codal14CodalComponentD0Ev
                0x0000000008006964       0x20 .pioenvs/bluepill_f103c8/src/main.o
                0x0000000008006964                codal::CodalComponent::~CodalComponent()
 .text._Z10Blink_mainRN5codal13STM32BluePillE
                0x0000000008006984       0x70 .pioenvs/bluepill_f103c8/src/main.o
                0x0000000008006984                Blink_main(codal::STM32BluePill&)
 .text._ZN5codal13STM32BluePillD2Ev
                0x00000000080069f4       0x4c .pioenvs/bluepill_f103c8/src/main.o
                0x00000000080069f4                codal::STM32BluePill::~STM32BluePill()
                0x00000000080069f4                codal::STM32BluePill::~STM32BluePill()
 .text._ZN5codal13STM32BluePillD0Ev
                0x0000000008006a40       0x54 .pioenvs/bluepill_f103c8/src/main.o
                0x0000000008006a40                codal::STM32BluePill::~STM32BluePill()
 .text._Z41__static_initialization_and_destruction_0ii
                0x0000000008006a94       0x24 .pioenvs/bluepill_f103c8/src/uart.o
 .text._Z18component_callbackN5codal5EventE
                0x0000000008006ab8       0x68 .pioenvs/bluepill_f103c8/lib3e7/libcodal-core.a(CodalComponent.o)
                0x0000000008006ab8                component_callback(codal::Event)
 .text._ZN5codal14CodalComponent12addComponentEv
                0x0000000008006b20       0xcc .pioenvs/bluepill_f103c8/lib3e7/libcodal-core.a(CodalComponent.o)
                0x0000000008006b20                codal::CodalComponent::addComponent()
 .text._ZN5codal14CodalComponent15removeComponentEv
                0x0000000008006bec       0x28 .pioenvs/bluepill_f103c8/lib3e7/libcodal-core.a(CodalComponent.o)
                0x0000000008006bec                codal::CodalComponent::removeComponent()
 .text.codal_dmesg_flush
                0x0000000008006c14       0x10 .pioenvs/bluepill_f103c8/lib3e7/libcodal-core.a(CodalDmesg.o)
                0x0000000008006c14                codal_dmesg_flush
 .text._ZN5codal14scheduler_tickENS_5EventE
                0x0000000008006c24       0x3c .pioenvs/bluepill_f103c8/lib3e7/libcodal-core.a(CodalFiber.o)
                0x0000000008006c24                codal::scheduler_tick(codal::Event)
 .text._ZN5codal15scheduler_eventENS_5EventE
                0x0000000008006c60       0xc0 .pioenvs/bluepill_f103c8/lib3e7/libcodal-core.a(CodalFiber.o)
                0x0000000008006c60                codal::scheduler_event(codal::Event)
 .text._Z15getFiberContextv
                0x0000000008006d20       0x58 .pioenvs/bluepill_f103c8/lib3e7/libcodal-core.a(CodalFiber.o)
                0x0000000008006d20                getFiberContext()
 .text._ZL10handle_fobv
                0x0000000008006d78       0x34 .pioenvs/bluepill_f103c8/lib3e7/libcodal-core.a(CodalFiber.o)
 .text._ZN5codal23fiber_scheduler_runningEv
                0x0000000008006dac       0x18 .pioenvs/bluepill_f103c8/lib3e7/libcodal-core.a(CodalFiber.o)
                0x0000000008006dac                codal::fiber_scheduler_running()
 .text._ZN5codal14scheduler_initERNS_10EventModelE
                0x0000000008006dc4      0x11c .pioenvs/bluepill_f103c8/lib3e7/libcodal-core.a(CodalFiber.o)
                0x0000000008006dc4                codal::scheduler_init(codal::EventModel&)
 .text._ZN5codal19fiber_wake_on_eventEtt
                0x0000000008006ee0       0x90 .pioenvs/bluepill_f103c8/lib3e7/libcodal-core.a(CodalFiber.o)
                0x0000000008006ee0                codal::fiber_wake_on_event(unsigned short, unsigned short)
 .text._Z14__create_fibermmmi
                0x0000000008006f70       0x68 .pioenvs/bluepill_f103c8/lib3e7/libcodal-core.a(CodalFiber.o)
                0x0000000008006f70                __create_fiber(unsigned long, unsigned long, unsigned long, int)
 .text._ZN5codal24scheduler_runqueue_emptyEv
                0x0000000008006fd8       0x10 .pioenvs/bluepill_f103c8/lib3e7/libcodal-core.a(CodalFiber.o)
                0x0000000008006fd8                codal::scheduler_runqueue_empty()
 .text._ZN5codal4idleEv
                0x0000000008006fe8       0x44 .pioenvs/bluepill_f103c8/lib3e7/libcodal-core.a(CodalFiber.o)
                0x0000000008006fe8                codal::idle()
 .text._ZN5codal8scheduleEv
                0x000000000800702c      0x1b8 .pioenvs/bluepill_f103c8/lib3e7/libcodal-core.a(CodalFiber.o)
                0x000000000800702c                codal::schedule()
 .text._ZN5codal11fiber_sleepEm
                0x00000000080071e4       0x38 .pioenvs/bluepill_f103c8/lib3e7/libcodal-core.a(CodalFiber.o)
                0x00000000080071e4                codal::fiber_sleep(unsigned long)
 .text._ZN5codal13release_fiberEv
                0x000000000800721c       0x70 .pioenvs/bluepill_f103c8/lib3e7/libcodal-core.a(CodalFiber.o)
                0x000000000800721c                codal::release_fiber()
 .text._ZN5codal6invokeEPFvPvES0_
                0x000000000800728c       0x90 .pioenvs/bluepill_f103c8/lib3e7/libcodal-core.a(CodalFiber.o)
                0x000000000800728c                codal::invoke(void (*)(void*), void*)
 .text._Z18device_create_heapmm
                0x000000000800731c       0x3c .pioenvs/bluepill_f103c8/lib3e7/libcodal-core.a(CodalHeapAllocator.o)
                0x000000000800731c                device_create_heap(unsigned long, unsigned long)
 .text.device_malloc
                0x0000000008007358       0x54 .pioenvs/bluepill_f103c8/lib3e7/libcodal-core.a(CodalHeapAllocator.o)
                0x0000000008007358                malloc
                0x0000000008007358                device_malloc
 .text.device_free
                0x00000000080073ac       0x44 .pioenvs/bluepill_f103c8/lib3e7/libcodal-core.a(CodalHeapAllocator.o)
                0x00000000080073ac                device_free
                0x00000000080073ac                free
 .text._ZN5codal6SerialC2ERNS_3PinES2_hht
                0x00000000080073f0       0x60 .pioenvs/bluepill_f103c8/lib3e7/libcodal-core.a(Serial.o)
                0x00000000080073f0                codal::Serial::Serial(codal::Pin&, codal::Pin&, unsigned char, unsigned char, unsigned short)
                0x00000000080073f0                codal::Serial::Serial(codal::Pin&, codal::Pin&, unsigned char, unsigned char, unsigned short)
 .text._ZN5codal6SerialD2Ev
                0x0000000008007450       0x28 .pioenvs/bluepill_f103c8/lib3e7/libcodal-core.a(Serial.o)
                0x0000000008007450                codal::Serial::~Serial()
                0x0000000008007450                codal::Serial::~Serial()
 .text._ZN5codal5TimerC2Ev
                0x0000000008007478       0x34 .pioenvs/bluepill_f103c8/lib3e7/libcodal-core.a(Timer.o)
                0x0000000008007478                codal::Timer::Timer()
                0x0000000008007478                codal::Timer::Timer()
 .text._ZN5codal5Timer7triggerEv
                0x00000000080074ac       0xbc .pioenvs/bluepill_f103c8/lib3e7/libcodal-core.a(Timer.o)
                0x00000000080074ac                codal::Timer::trigger()
 .text._ZN5codal25system_timer_current_timeEv
                0x0000000008007568       0x18 .pioenvs/bluepill_f103c8/lib3e7/libcodal-core.a(Timer.o)
                0x0000000008007568                codal::system_timer_current_time()
 .text._ZN5codal27system_timer_event_every_usEmtt
                0x0000000008007580       0x24 .pioenvs/bluepill_f103c8/lib3e7/libcodal-core.a(Timer.o)
                0x0000000008007580                codal::system_timer_event_every_us(unsigned long, unsigned short, unsigned short)
 .text._ZN5codal10EventModel4sendENS_5EventE
                0x00000000080075a4       0x14 .pioenvs/bluepill_f103c8/lib3e7/libcodal-core.a(MessageBus.o)
                0x00000000080075a4                codal::EventModel::send(codal::Event)
 .text._ZN5codal10EventModel3addEPNS_8ListenerE
                0x00000000080075b8        0x8 .pioenvs/bluepill_f103c8/lib3e7/libcodal-core.a(MessageBus.o)
                0x00000000080075b8                codal::EventModel::add(codal::Listener*)
 .text._ZN5codal10EventModel6removeEPNS_8ListenerE
                0x00000000080075c0        0x8 .pioenvs/bluepill_f103c8/lib3e7/libcodal-core.a(MessageBus.o)
                0x00000000080075c0                codal::EventModel::remove(codal::Listener*)
 .text._ZN5codal10MessageBus3addEPNS_8ListenerE
                0x00000000080075c8       0xe8 .pioenvs/bluepill_f103c8/lib3e7/libcodal-core.a(MessageBus.o)
                0x00000000080075c8                codal::MessageBus::add(codal::Listener*)
 .text._ZN5codal10MessageBus7processERNS_5EventEb
                0x00000000080076b0       0x88 .pioenvs/bluepill_f103c8/lib3e7/libcodal-core.a(MessageBus.o)
                0x00000000080076b0                codal::MessageBus::process(codal::Event&, bool)
 .text._ZN5codal19allocateNotifyEventEv
                0x0000000008007738       0x10 .pioenvs/bluepill_f103c8/lib3e7/libcodal-core.a(MessageBus.o)
                0x0000000008007738                codal::allocateNotifyEvent()
 .text._ZN5codal22MemberFunctionCallbackC2INS_10MessageBusEEEPT_MS3_FvNS_5EventEE
                0x0000000008007748       0x30 .pioenvs/bluepill_f103c8/lib3e7/libcodal-core.a(MessageBus.o)
                0x0000000008007748                codal::MemberFunctionCallback::MemberFunctionCallback<codal::MessageBus>(codal::MessageBus*, void (codal::MessageBus::*)(codal::Event))
                0x0000000008007748                codal::MemberFunctionCallback::MemberFunctionCallback<codal::MessageBus>(codal::MessageBus*, void (codal::MessageBus::*)(codal::Event))
 .text._ZN5codal10EventModel6listenINS_10MessageBusEEEittPT_MS3_FvNS_5EventEEt
                0x0000000008007778       0x8c .pioenvs/bluepill_f103c8/lib3e7/libcodal-core.a(MessageBus.o)
                0x0000000008007778                int codal::EventModel::listen<codal::MessageBus>(unsigned short, unsigned short, codal::MessageBus*, void (codal::MessageBus::*)(codal::Event), unsigned short)
 .text._ZN5codal10MessageBusC2Ev
                0x0000000008007804       0x74 .pioenvs/bluepill_f103c8/lib3e7/libcodal-core.a(MessageBus.o)
                0x0000000008007804                codal::MessageBus::MessageBus()
                0x0000000008007804                codal::MessageBus::MessageBus()
 .text._ZN5codal10MessageBusD2Ev
                0x0000000008007878       0x50 .pioenvs/bluepill_f103c8/lib3e7/libcodal-core.a(MessageBus.o)
                0x0000000008007878                codal::MessageBus::~MessageBus()
                0x0000000008007878                codal::MessageBus::~MessageBus()
 .text._ZN5codal5Event4fireEv
                0x00000000080078c8       0x1c .pioenvs/bluepill_f103c8/lib3e7/libcodal-core.a(Event.o)
                0x00000000080078c8                codal::Event::fire()
 .text._ZN5codal13ManagedString9initEmptyEv
                0x00000000080078e4        0xc .pioenvs/bluepill_f103c8/lib3e7/libcodal-core.a(ManagedString.o)
                0x00000000080078e4                codal::ManagedString::initEmpty()
 .text._Z41__static_initialization_and_destruction_0ii
                0x00000000080078f0       0x38 .pioenvs/bluepill_f103c8/lib3e7/libcodal-core.a(ManagedString.o)
 .text._ZN5codal4itoaEiPc
                0x0000000008007928       0x68 .pioenvs/bluepill_f103c8/lib3e7/libcodal-core.a(CodalCompat.o)
                0x0000000008007928                codal::itoa(int, char*)
 .text._ZN5codal3_cm3Pin14setAnalogValueEi
                0x0000000008007990       0x20 .pioenvs/bluepill_f103c8/lib739/libcm.a(CmPin.o)
                0x0000000008007990                codal::_cm::Pin::setAnalogValue(int)
 .text._ZN5codal3_cm3Pin9isTouchedEv
                0x00000000080079b0        0x8 .pioenvs/bluepill_f103c8/lib739/libcm.a(CmPin.o)
                0x00000000080079b0                codal::_cm::Pin::isTouched()
 .text._ZN5codal3_cm3Pin17getAnalogPeriodUsEv
                0x00000000080079b8        0x8 .pioenvs/bluepill_f103c8/lib739/libcm.a(CmPin.o)
                0x00000000080079b8                codal::_cm::Pin::getAnalogPeriodUs()
 .text._ZN5codal3_cm3Pin15getAnalogPeriodEv
                0x00000000080079c0       0x18 .pioenvs/bluepill_f103c8/lib739/libcm.a(CmPin.o)
                0x00000000080079c0                codal::_cm::Pin::getAnalogPeriod()
 .text._ZN5codal3_cm3Pin15setDigitalValueEi
                0x00000000080079d8       0x58 .pioenvs/bluepill_f103c8/lib739/libcm.a(CmPin.o)
                0x00000000080079d8                codal::_cm::Pin::setDigitalValue(int)
 .text._ZN5codal3_cm3PinC2EhmmtNS_13PinCapabilityE
                0x0000000008007a30       0x2c .pioenvs/bluepill_f103c8/lib739/libcm.a(CmPin.o)
                0x0000000008007a30                codal::_cm::Pin::Pin(unsigned char, unsigned long, unsigned long, unsigned short, codal::PinCapability)
                0x0000000008007a30                codal::_cm::Pin::Pin(unsigned char, unsigned long, unsigned long, unsigned short, codal::PinCapability)
 .text._ZN5codal3_cm3Pin13setServoValueEiii
                0x0000000008007a5c       0x78 .pioenvs/bluepill_f103c8/lib739/libcm.a(CmPin.o)
                0x0000000008007a5c                codal::_cm::Pin::setServoValue(int, int, int)
 .text._ZN5codal3_cm6SerialD2Ev
                0x0000000008007ad4       0x14 .pioenvs/bluepill_f103c8/lib739/libcm.a(CmSerial.o)
                0x0000000008007ad4                codal::_cm::Serial::~Serial()
                0x0000000008007ad4                codal::_cm::Serial::~Serial()
 .text._ZN5codal3_cm6SerialD0Ev
                0x0000000008007ae8       0x1c .pioenvs/bluepill_f103c8/lib739/libcm.a(CmSerial.o)
                0x0000000008007ae8                codal::_cm::Serial::~Serial()
 .text._ZN5codal3_cm6SerialC2ERNS0_3PinES3_hh
                0x0000000008007b04       0x50 .pioenvs/bluepill_f103c8/lib739/libcm.a(CmSerial.o)
                0x0000000008007b04                codal::_cm::Serial::Serial(codal::_cm::Pin&, codal::_cm::Pin&, unsigned char, unsigned char)
                0x0000000008007b04                codal::_cm::Serial::Serial(codal::_cm::Pin&, codal::_cm::Pin&, unsigned char, unsigned char)
 .text._ZN5codal3_cm14alarm_callbackEv
                0x0000000008007b54       0x30 .pioenvs/bluepill_f103c8/lib739/libcm.a(CmTimer.o)
                0x0000000008007b54                codal::_cm::alarm_callback()
 .text._ZN5codal3_cmL10timer_taskEv
                0x0000000008007b84       0x6c .pioenvs/bluepill_f103c8/lib739/libcm.a(CmTimer.o)
 .text._ZN5codal3_cm5Timer9triggerInEm
                0x0000000008007bf0       0x24 .pioenvs/bluepill_f103c8/lib739/libcm.a(CmTimer.o)
                0x0000000008007bf0                codal::_cm::Timer::triggerIn(unsigned long)
 .text._ZN5codal3_cm5Timer11syncRequestEv
                0x0000000008007c14       0x48 .pioenvs/bluepill_f103c8/lib739/libcm.a(CmTimer.o)
                0x0000000008007c14                codal::_cm::Timer::syncRequest()
 .text._ZN5codal3_cm5TimerC2Ev
                0x0000000008007c5c       0x2c .pioenvs/bluepill_f103c8/lib739/libcm.a(CmTimer.o)
                0x0000000008007c5c                codal::_cm::Timer::Timer()
                0x0000000008007c5c                codal::_cm::Timer::Timer()
 .text._ZN5codal3_cm5Timer4initEv
                0x0000000008007c88       0x88 .pioenvs/bluepill_f103c8/lib739/libcm.a(CmTimer.o)
                0x0000000008007c88                codal::_cm::Timer::init()
 .text._ZL8pre_mainv
                0x0000000008007d10       0x48 .pioenvs/bluepill_f103c8/lib739/libcm.a(application.o)
 .text._ZN5codal13STM32BluePill4initEv
                0x0000000008007d58       0x80 .pioenvs/bluepill_f103c8/lib2eb/libmodel.a(STM32BluePill.o)
                0x0000000008007d58                codal::STM32BluePill::init()
 .text._ZN5codal13STM32BluePillC2Ev
                0x0000000008007dd8       0xa8 .pioenvs/bluepill_f103c8/lib2eb/libmodel.a(STM32BluePill.o)
                0x0000000008007dd8                codal::STM32BluePill::STM32BluePill()
                0x0000000008007dd8                codal::STM32BluePill::STM32BluePill()
 .text._ZN5codal15STM32BluePillIOC2Ev
                0x0000000008007e80      0xb58 .pioenvs/bluepill_f103c8/lib2eb/libmodel.a(STM32BluePillIO.o)
                0x0000000008007e80                codal::STM32BluePillIO::STM32BluePillIO()
                0x0000000008007e80                codal::STM32BluePillIO::STM32BluePillIO()
 .text._Z41__static_initialization_and_destruction_0ii
                0x00000000080089d8       0x1c .pioenvs/bluepill_f103c8/lib33e/libuartint.a(uartint.o)
 .text.usart2_isr
                0x00000000080089f4       0x5c .pioenvs/bluepill_f103c8/lib33e/libuartint.a(uartint.o)
                0x00000000080089f4                usart2_isr
 .text._ZN5codal3_cm3I2CC2ERNS_3PinES3_
                0x0000000008008a50       0x1c .pioenvs/bluepill_f103c8/lib739/libcm.a(CmI2C.o)
                0x0000000008008a50                codal::_cm::I2C::I2C(codal::Pin&, codal::Pin&)
                0x0000000008008a50                codal::_cm::I2C::I2C(codal::Pin&, codal::Pin&)
 .text._ZN5codal3_cm3SPI4initEv
                0x0000000008008a6c       0x5c .pioenvs/bluepill_f103c8/lib739/libcm.a(CmSPI.o)
                0x0000000008008a6c                codal::_cm::SPI::init()
 .text._ZN5codal3_cm3SPIC2ERNS0_3PinES3_S3_S3_
                0x0000000008008ac8       0x9c .pioenvs/bluepill_f103c8/lib739/libcm.a(CmSPI.o)
                0x0000000008008ac8                codal::_cm::SPI::SPI(codal::_cm::Pin&, codal::_cm::Pin&, codal::_cm::Pin&, codal::_cm::Pin&)
                0x0000000008008ac8                codal::_cm::SPI::SPI(codal::_cm::Pin&, codal::_cm::Pin&, codal::_cm::Pin&, codal::_cm::Pin&)
 .text.pinmap_peripheral
                0x0000000008008b64       0x2c .pioenvs/bluepill_f103c8/lib739/libcm.a(CmPinMap.o)
                0x0000000008008b64                pinmap_peripheral
 .text.pinmap_mode
                0x0000000008008b90       0x28 .pioenvs/bluepill_f103c8/lib739/libcm.a(CmPinMap.o)
                0x0000000008008b90                pinmap_mode
 .text.pinmap_cnf
                0x0000000008008bb8       0x28 .pioenvs/bluepill_f103c8/lib739/libcm.a(CmPinMap.o)
                0x0000000008008bb8                pinmap_cnf
 .text._ZN5codal3I2CC2ERNS_3PinES2_
                0x0000000008008be0        0xc .pioenvs/bluepill_f103c8/lib3e7/libcodal-core.a(I2C.o)
                0x0000000008008be0                codal::I2C::I2C(codal::Pin&, codal::Pin&)
                0x0000000008008be0                codal::I2C::I2C(codal::Pin&, codal::Pin&)
 .text._ZN5codal14CodalComponent16periodicCallbackEv
                0x0000000008008bec        0x2 .pioenvs/bluepill_f103c8/src/main.o
                0x0000000008008bec                codal::CodalComponent::periodicCallback()
 .text._ZN5codal14CodalComponent12idleCallbackEv
                0x0000000008008bee        0x2 .pioenvs/bluepill_f103c8/src/main.o
                0x0000000008008bee                codal::CodalComponent::idleCallback()
 .text._GLOBAL__sub_I_bluepill
                0x0000000008008bf0        0xe .pioenvs/bluepill_f103c8/src/main.o
 .text._GLOBAL__sub_I_serialPort
                0x0000000008008bfe        0xe .pioenvs/bluepill_f103c8/src/uart.o
 .text._ZN5codal11queue_fiberEPNS_5FiberEPS1_
                0x0000000008008c0c       0x2e .pioenvs/bluepill_f103c8/lib3e7/libcodal-core.a(CodalFiber.o)
                0x0000000008008c0c                codal::queue_fiber(codal::Fiber*, codal::Fiber**)
 .text._ZN5codal13dequeue_fiberEPNS_5FiberE
                0x0000000008008c3a       0x34 .pioenvs/bluepill_f103c8/lib3e7/libcodal-core.a(CodalFiber.o)
                0x0000000008008c3a                codal::dequeue_fiber(codal::Fiber*)
 .text._ZN5codal12create_fiberEPFvPvES0_S2_
                0x0000000008008c6e       0x20 .pioenvs/bluepill_f103c8/lib3e7/libcodal-core.a(CodalFiber.o)
                0x0000000008008c6e                codal::create_fiber(void (*)(void*), void*, void (*)(void*))
 .text._ZN5codal20fiber_wait_for_eventEtt
                0x0000000008008c8e       0x14 .pioenvs/bluepill_f103c8/lib3e7/libcodal-core.a(CodalFiber.o)
                0x0000000008008c8e                codal::fiber_wait_for_event(unsigned short, unsigned short)
 .text._ZN5codal16launch_new_fiberEPFvvES1_
                0x0000000008008ca2        0xe .pioenvs/bluepill_f103c8/lib3e7/libcodal-core.a(CodalFiber.o)
                0x0000000008008ca2                codal::launch_new_fiber(void (*)(), void (*)())
 .text._ZN5codal13release_fiberEPv
                0x0000000008008cb0       0x10 .pioenvs/bluepill_f103c8/lib3e7/libcodal-core.a(CodalFiber.o)
                0x0000000008008cb0                codal::release_fiber(void*)
 .text._ZN5codal22launch_new_fiber_paramEPFvPvES2_S0_
                0x0000000008008cc0       0x18 .pioenvs/bluepill_f103c8/lib3e7/libcodal-core.a(CodalFiber.o)
                0x0000000008008cc0                codal::launch_new_fiber_param(void (*)(void*), void (*)(void*), void*)
 .text._ZN5codal9idle_taskEv
                0x0000000008008cd8        0xc .pioenvs/bluepill_f103c8/lib3e7/libcodal-core.a(CodalFiber.o)
                0x0000000008008cd8                codal::idle_task()
 .text._Z16device_malloc_injR14HeapDefinition
                0x0000000008008ce4       0xa0 .pioenvs/bluepill_f103c8/lib3e7/libcodal-core.a(CodalHeapAllocator.o)
                0x0000000008008ce4                device_malloc_in(unsigned int, HeapDefinition&)
 .text._ZN5codal8ListenerC2EttPFvNS_5EventEEt
                0x0000000008008d84       0x28 .pioenvs/bluepill_f103c8/lib3e7/libcodal-core.a(CodalListener.o)
                0x0000000008008d84                codal::Listener::Listener(unsigned short, unsigned short, void (*)(codal::Event), unsigned short)
                0x0000000008008d84                codal::Listener::Listener(unsigned short, unsigned short, void (*)(codal::Event), unsigned short)
 .text._ZN5codal8ListenerD2Ev
                0x0000000008008dac       0x18 .pioenvs/bluepill_f103c8/lib3e7/libcodal-core.a(CodalListener.o)
                0x0000000008008dac                codal::Listener::~Listener()
                0x0000000008008dac                codal::Listener::~Listener()
 .text._ZN5codal8Listener5queueENS_5EventE
                0x0000000008008dc4       0x62 .pioenvs/bluepill_f103c8/lib3e7/libcodal-core.a(CodalListener.o)
                0x0000000008008dc4                codal::Listener::queue(codal::Event)
 .text._ZN5codal6Serial6lockRxEv
                0x0000000008008e26        0xa .pioenvs/bluepill_f103c8/lib3e7/libcodal-core.a(Serial.o)
                0x0000000008008e26                codal::Serial::lockRx()
 .text._ZN5codal6Serial8unlockRxEv
                0x0000000008008e30        0xa .pioenvs/bluepill_f103c8/lib3e7/libcodal-core.a(Serial.o)
                0x0000000008008e30                codal::Serial::unlockRx()
 .text._ZN5codal6Serial12initialiseRxEv
                0x0000000008008e3a       0x50 .pioenvs/bluepill_f103c8/lib3e7/libcodal-core.a(Serial.o)
                0x0000000008008e3a                codal::Serial::initialiseRx()
 .text._ZN5codal6Serial12circularCopyEPhhS1_tt
                0x0000000008008e8a       0x28 .pioenvs/bluepill_f103c8/lib3e7/libcodal-core.a(Serial.o)
                0x0000000008008e8a                codal::Serial::circularCopy(unsigned char*, unsigned char, unsigned char*, unsigned short, unsigned short)
 .text._ZN5codal6Serial7eventOnENS_13ManagedStringENS_10SerialModeE
                0x0000000008008eb2       0x2a .pioenvs/bluepill_f103c8/lib3e7/libcodal-core.a(Serial.o)
                0x0000000008008eb2                codal::Serial::eventOn(codal::ManagedString, codal::SerialMode)
 .text._ZN5codal6Serial7rxInUseEv
                0x0000000008008edc        0x8 .pioenvs/bluepill_f103c8/lib3e7/libcodal-core.a(Serial.o)
                0x0000000008008edc                codal::Serial::rxInUse()
 .text._ZN5codal6Serial9readUntilENS_13ManagedStringENS_10SerialModeE
                0x0000000008008ee4      0x1cc .pioenvs/bluepill_f103c8/lib3e7/libcodal-core.a(Serial.o)
                0x0000000008008ee4                codal::Serial::readUntil(codal::ManagedString, codal::SerialMode)
 .text._ZN5codal5Timer17disableInterruptsEv
                0x00000000080090b0        0xa .pioenvs/bluepill_f103c8/lib3e7/libcodal-core.a(Timer.o)
                0x00000000080090b0                codal::Timer::disableInterrupts()
 .text._ZN5codal5Timer16enableInterruptsEv
                0x00000000080090ba        0xa .pioenvs/bluepill_f103c8/lib3e7/libcodal-core.a(Timer.o)
                0x00000000080090ba                codal::Timer::enableInterrupts()
 .text._ZN5codal5Timer13getTimerEventEv
                0x00000000080090c4       0x24 .pioenvs/bluepill_f103c8/lib3e7/libcodal-core.a(Timer.o)
                0x00000000080090c4                codal::Timer::getTimerEvent()
 .text._ZN5codal5Timer17releaseTimerEventEPNS_10TimerEventE
                0x00000000080090e8       0x12 .pioenvs/bluepill_f103c8/lib3e7/libcodal-core.a(Timer.o)
                0x00000000080090e8                codal::Timer::releaseTimerEvent(codal::TimerEvent*)
 .text._ZN5codal5Timer7getTimeEv
                0x00000000080090fa        0xe .pioenvs/bluepill_f103c8/lib3e7/libcodal-core.a(Timer.o)