Archive member included to satisfy reference by file (symbol)

.pioenvs/bluepill_f103c8/libd9b/liblogger.a(logger.o)
                              .pioenvs/bluepill_f103c8/src/main.o (debug_flush)
.pioenvs/bluepill_f103c8/libfdb/libunity.a(unity.o)
                              .pioenvs/bluepill_f103c8/src/unit_test.o (UnityAssertFloatsWithin)
.pioenvs/bluepill_f103c8/lib98a/libnewlib.a(memset.o)
                              .pioenvs/bluepill_f103c8/libfdb/libunity.a(unity.o) (memset)
.pioenvs/bluepill_f103c8/lib98a/libnewlib.a(strlen.o)
                              .pioenvs/bluepill_f103c8/src/aggregate.o (strlen)
.pioenvs/bluepill_f103c8/lib98a/libnewlib.a(strncat.o)
                              .pioenvs/bluepill_f103c8/src/wisol.o (strncat)
.pioenvs/bluepill_f103c8/lib98a/libnewlib.a(strncmp.o)
                              .pioenvs/bluepill_f103c8/src/aggregate.o (strncmp)
.pioenvs/bluepill_f103c8/lib98a/libnewlib.a(strncpy.o)
                              .pioenvs/bluepill_f103c8/src/aggregate.o (strncpy)
.pioenvs/bluepill_f103c8/lib98a/libnewlib.a(strstr.o)
                              .pioenvs/bluepill_f103c8/src/wisol.o (strstr)
.pioenvs/bluepill_f103c8/libd88/libnano-float.a(functions.o)
                              .pioenvs/bluepill_f103c8/src/unit_test.o (get_float_usage)
.pioenvs/bluepill_f103c8/libea7/libcocoOS_5.0.3.a(os_event.o)
                              .pioenvs/bluepill_f103c8/src/wisol.o (event_create)
.pioenvs/bluepill_f103c8/libea7/libcocoOS_5.0.3.a(os_kernel.o)
                              .pioenvs/bluepill_f103c8/src/uart.o (running_tid)
.pioenvs/bluepill_f103c8/libea7/libcocoOS_5.0.3.a(os_msgqueue.o)
                              .pioenvs/bluepill_f103c8/libea7/libcocoOS_5.0.3.a(os_kernel.o) (os_msgQ_init)
.pioenvs/bluepill_f103c8/libea7/libcocoOS_5.0.3.a(os_sem.o)
                              .pioenvs/bluepill_f103c8/libea7/libcocoOS_5.0.3.a(os_kernel.o) (os_sem_init)
.pioenvs/bluepill_f103c8/libea7/libcocoOS_5.0.3.a(os_task.o)
                              .pioenvs/bluepill_f103c8/libea7/libcocoOS_5.0.3.a(os_kernel.o) (os_task_init)
.pioenvs/bluepill_f103c8/libea7/libcocoOS_5.0.3.a(os_assert.o)
                              .pioenvs/bluepill_f103c8/libea7/libcocoOS_5.0.3.a(os_event.o) (os_on_assert)
.pioenvs/bluepill_f103c8/libea7/libcocoOS_5.0.3.a(os_cbk.o)
                              .pioenvs/bluepill_f103c8/libea7/libcocoOS_5.0.3.a(os_kernel.o) (os_cbkSleep)
.pioenvs/bluepill_f103c8/lib739/libcm.a(CmPin.o)
                              .pioenvs/bluepill_f103c8/src/main.o (codal::_cm::Pin::setDigitalValue(int))
.pioenvs/bluepill_f103c8/lib739/libcm.a(codal_target_hal.o)
                              .pioenvs/bluepill_f103c8/src/main.o (target_enable_debug)
.pioenvs/bluepill_f103c8/lib3e7/libcodal-core.a(CodalCompat.o)
                              .pioenvs/bluepill_f103c8/lib739/libcm.a(codal_target_hal.o) (codal::seed_random(unsigned long))
.pioenvs/bluepill_f103c8/lib3e7/libcodal-core.a(CodalDmesg.o)
                              .pioenvs/bluepill_f103c8/lib739/libcm.a(codal_target_hal.o) (codal_dmesg_set_flush_fn)
.pioenvs/bluepill_f103c8/lib3e7/libcodal-core.a(CodalFiber.o)
                              .pioenvs/bluepill_f103c8/src/main.o (codal::fiber_sleep(unsigned long))
.pioenvs/bluepill_f103c8/lib3e7/libcodal-core.a(CodalHeapAllocator.o)
                              .pioenvs/bluepill_f103c8/lib739/libcm.a(codal_target_hal.o) (malloc)
.pioenvs/bluepill_f103c8/lib3e7/libcodal-core.a(CodalListener.o)
                              .pioenvs/bluepill_f103c8/lib3e7/libcodal-core.a(CodalFiber.o) (codal::Listener::Listener(unsigned short, unsigned short, void (*)(codal::Event), unsigned short))
.pioenvs/bluepill_f103c8/lib3e7/libcodal-core.a(Timer.o)
                              .pioenvs/bluepill_f103c8/lib3e7/libcodal-core.a(CodalFiber.o) (codal::system_timer_current_time())
.pioenvs/bluepill_f103c8/lib3e7/libcodal-core.a(Event.o)
                              .pioenvs/bluepill_f103c8/lib3e7/libcodal-core.a(CodalListener.o) (codal::Event::Event())
.pioenvs/bluepill_f103c8/lib271/libbluepill.a(STM32BluePill.o)
                              .pioenvs/bluepill_f103c8/src/main.o (codal::STM32BluePill::init())
.pioenvs/bluepill_f103c8/lib271/libbluepill.a(STM32BluePillIO.o)
                              .pioenvs/bluepill_f103c8/lib271/libbluepill.a(STM32BluePill.o) (codal::STM32BluePillIO::STM32BluePillIO())
.pioenvs/bluepill_f103c8/lib271/libbluepill.a(bluepill.o)
                              .pioenvs/bluepill_f103c8/lib739/libcm.a(codal_target_hal.o) (platform_setup)
.pioenvs/bluepill_f103c8/lib271/libbluepill.a(led.o)
                              .pioenvs/bluepill_f103c8/lib271/libbluepill.a(bluepill.o) (led_setup)
.pioenvs/bluepill_f103c8/lib271/libbluepill.a(timer.o)
                              .pioenvs/bluepill_f103c8/lib739/libcm.a(codal_target_hal.o) (platform_start_timer)
.pioenvs/bluepill_f103c8/lib33e/libuartint.a(uartint.o)
[...]
Memory Configuration

Name             Origin             Length             Attributes
rom              0x0000000008000000 0x0000000000010000 xr
ram              0x0000000020000000 0x0000000000005000 xrw
*default*        0x0000000000000000 0xffffffffffffffff

Linker script and memory map

LOAD asm/CortexContextSwitch.s.o
LOAD .pioenvs/bluepill_f103c8/src/aggregate.o
LOAD .pioenvs/bluepill_f103c8/src/downlink.o
LOAD .pioenvs/bluepill_f103c8/src/main.o
LOAD .pioenvs/bluepill_f103c8/src/sensor.o
LOAD .pioenvs/bluepill_f103c8/src/sensor_display.o
LOAD .pioenvs/bluepill_f103c8/src/uart.o
LOAD .pioenvs/bluepill_f103c8/src/unit_test.o
LOAD .pioenvs/bluepill_f103c8/src/wisol.o
LOAD .pioenvs/bluepill_f103c8/src/wstring.o
START GROUP
LOAD .pioenvs/bluepill_f103c8/libd9b/liblogger.a
LOAD .pioenvs/bluepill_f103c8/libfdb/libunity.a
LOAD .pioenvs/bluepill_f103c8/lib98a/libnewlib.a
LOAD .pioenvs/bluepill_f103c8/libf85/libqfplib.a
LOAD .pioenvs/bluepill_f103c8/libd88/libnano-float.a
LOAD .pioenvs/bluepill_f103c8/libea7/libcocoOS_5.0.3.a
LOAD .pioenvs/bluepill_f103c8/lib739/libcm.a
LOAD .pioenvs/bluepill_f103c8/lib3e7/libcodal-core.a
LOAD .pioenvs/bluepill_f103c8/lib271/libbluepill.a
LOAD .pioenvs/bluepill_f103c8/libc3f/libsimulator.a
LOAD .pioenvs/bluepill_f103c8/lib91e/libspiint.a
LOAD .pioenvs/bluepill_f103c8/libea2/libi2cint.a
LOAD .pioenvs/bluepill_f103c8/lib9ba/libporting.a
LOAD .pioenvs/bluepill_f103c8/lib23b/libboost_config.a
LOAD .pioenvs/bluepill_f103c8/lib186/libboost_static_assert.a
LOAD .pioenvs/bluepill_f103c8/lib047/libboost_type_traits.a
LOAD .pioenvs/bluepill_f103c8/libd23/libboost_preprocessor.a
LOAD .pioenvs/bluepill_f103c8/libf3d/libboost_assert.a
LOAD .pioenvs/bluepill_f103c8/lib3c5/libboost_core.a
LOAD .pioenvs/bluepill_f103c8/lib95e/libboost_detail.a
LOAD .pioenvs/bluepill_f103c8/libd30/libboost_utility.a
LOAD .pioenvs/bluepill_f103c8/lib64e/libboost_predef.a
LOAD .pioenvs/bluepill_f103c8/libe2b/libboost_mpl.a
LOAD .pioenvs/bluepill_f103c8/lib609/libboost_iterator.a
LOAD .pioenvs/bluepill_f103c8/libcea/libboost_parameter.a
LOAD .pioenvs/bluepill_f103c8/lib7b0/libboost_lockfree.a
LOAD .pioenvs/bluepill_f103c8/libdc9/libBME280.a
LOAD .pioenvs/bluepill_f103c8/lib573/libadcint.a
LOAD .pioenvs/bluepill_f103c8/lib33e/libuartint.a
LOAD /Users/Luppy/.platformio/packages/toolchain-gccarmnoneeabi/bin/../lib/gcc/arm-none-eabi/7.2.1/thumb/v7-m/libgcc.a
LOAD .pioenvs/bluepill_f103c8/libFrameworkLibOpenCM3.a
END GROUP

.text           0x0000000008000000     0x74ac
 *(SORT_BY_ALIGNMENT(.vectors))
 .vectors       0x0000000008000000      0x150 .pioenvs/bluepill_f103c8/libFrameworkLibOpenCM3.a(vector.o)
                0x0000000008000000                vector_table
 *(SORT_BY_ALIGNMENT(.text*))
 .text.test_aeabi_ddiv
                0x0000000008000150       0x84 .pioenvs/bluepill_f103c8/src/unit_test.o
                0x0000000008000150                test_aeabi_ddiv
 *fill*         0x00000000080001d4        0x4 
 .text.test_aeabi_dmul
                0x00000000080001d8       0x84 .pioenvs/bluepill_f103c8/src/unit_test.o
                0x00000000080001d8                test_aeabi_dmul
 *fill*         0x000000000800025c        0x4 
 .text.test_fabs
                0x0000000008000260       0xc0 .pioenvs/bluepill_f103c8/src/unit_test.o
                0x0000000008000260                test_fabs
 .text.test_sqrt
                0x0000000008000320       0xc8 .pioenvs/bluepill_f103c8/src/unit_test.o
                0x0000000008000320                test_sqrt
 .text.test_log
                0x00000000080003e8       0xd0 .pioenvs/bluepill_f103c8/src/unit_test.o
                0x00000000080003e8                test_log
 .text.test_exp
                0x00000000080004b8      0x128 .pioenvs/bluepill_f103c8/src/unit_test.o
                0x00000000080004b8                test_exp
 .text.test_log10
                0x00000000080005e0       0xd0 .pioenvs/bluepill_f103c8/src/unit_test.o
                0x00000000080005e0                test_log10
 .text.test_pow
                0x00000000080006b0      0x160 .pioenvs/bluepill_f103c8/src/unit_test.o
                0x00000000080006b0                test_pow
 .text.test_ldexp
                0x0000000008000810       0xc4 .pioenvs/bluepill_f103c8/src/unit_test.o
                0x0000000008000810                test_ldexp
 *fill*         0x00000000080008d4        0x4 
 .text.test_sin
                0x00000000080008d8      0x150 .pioenvs/bluepill_f103c8/src/unit_test.o
                0x00000000080008d8                test_sin
 .text.test_cos
                0x0000000008000a28      0x158 .pioenvs/bluepill_f103c8/src/unit_test.o
                0x0000000008000a28                test_cos
 .text.test_tan
                0x0000000008000b80      0x148 .pioenvs/bluepill_f103c8/src/unit_test.o
                0x0000000008000b80                test_tan
 .text.test_atan2
                0x0000000008000cc8      0x258 .pioenvs/bluepill_f103c8/src/unit_test.o
                0x0000000008000cc8                test_atan2
 .text.test_atan
                0x0000000008000f20       0xc4 .pioenvs/bluepill_f103c8/src/unit_test.o
                0x0000000008000f20                test_atan
 *fill*         0x0000000008000fe4        0x4 
 .text.test_asin
                0x0000000008000fe8       0xa0 .pioenvs/bluepill_f103c8/src/unit_test.o
                0x0000000008000fe8                test_asin
 .text.test_acos
                0x0000000008001088      0x11c .pioenvs/bluepill_f103c8/src/unit_test.o
                0x0000000008001088                test_acos
 *fill*         0x00000000080011a4        0x4 
 .text.test_trunc
                0x00000000080011a8       0xd8 .pioenvs/bluepill_f103c8/src/unit_test.o
                0x00000000080011a8                test_trunc
 .text.test_floor
                0x0000000008001280       0xd4 .pioenvs/bluepill_f103c8/src/unit_test.o
                0x0000000008001280                test_floor
 *fill*         0x0000000008001354        0x4 
 .text.test_ceil
                0x0000000008001358       0xd4 .pioenvs/bluepill_f103c8/src/unit_test.o
                0x0000000008001358                test_ceil
 *fill*         0x000000000800142c        0x4 
 .text.test_fmod
                0x0000000008001430      0x1d0 .pioenvs/bluepill_f103c8/src/unit_test.o
                0x0000000008001430                test_fmod
 .text.UnityPrintFloat
                0x0000000008001600      0x344 .pioenvs/bluepill_f103c8/libfdb/libunity.a(unity.o)
                0x0000000008001600                UnityPrintFloat
 .text          0x0000000008001944      0x124 asm/CortexContextSwitch.s.o
                0x0000000008001944                swap_context
                0x00000000080019c6                save_context
                0x0000000008001a0a                save_register_context
                0x0000000008001a3a                restore_register_context
 .text._Z10debug_dumpv
                0x0000000008001a68       0x38 .pioenvs/bluepill_f103c8/src/main.o
                0x0000000008001a68                debug_dump()
 .text.startup._GLOBAL__sub_I_serialPort
                0x0000000008001aa0       0x10 .pioenvs/bluepill_f103c8/src/uart.o
 .text.test_aeabi_fdiv
                0x0000000008001ab0       0x4c .pioenvs/bluepill_f103c8/src/unit_test.o
                0x0000000008001ab0                test_aeabi_fdiv
 .text.test_nanofloat
                0x0000000008001afc      0x20c .pioenvs/bluepill_f103c8/src/unit_test.o
                0x0000000008001afc                test_nanofloat
 .text.enable_log
                0x0000000008001d08       0x18 .pioenvs/bluepill_f103c8/libd9b/liblogger.a(logger.o)
                0x0000000008001d08                enable_log
 .text.debug_flush
                0x0000000008001d20       0x38 .pioenvs/bluepill_f103c8/libd9b/liblogger.a(logger.o)
                0x0000000008001d20                debug_flush
 .text._ZL12debug_appendPKcj
                0x0000000008001d58       0x50 .pioenvs/bluepill_f103c8/libd9b/liblogger.a(logger.o)
 .text._Z11debug_printj
                0x0000000008001da8       0x7c .pioenvs/bluepill_f103c8/libd9b/liblogger.a(logger.o)
                0x0000000008001da8                debug_print(unsigned int)
 .text._Z11debug_printi
                0x0000000008001e24       0x30 .pioenvs/bluepill_f103c8/libd9b/liblogger.a(logger.o)
                0x0000000008001e24                debug_print(int)
 .text.debug_println
                0x0000000008001e54       0x1c .pioenvs/bluepill_f103c8/libd9b/liblogger.a(logger.o)
                0x0000000008001e54                debug_println
 .text._Z13debug_printlni
                0x0000000008001e70       0x18 .pioenvs/bluepill_f103c8/libd9b/liblogger.a(logger.o)
                0x0000000008001e70                debug_println(int)
 .text._Z13debug_printlnj
                0x0000000008001e88       0x18 .pioenvs/bluepill_f103c8/libd9b/liblogger.a(logger.o)
                0x0000000008001e88                debug_println(unsigned int)
 .text.UnityTestResultsBegin
                0x0000000008001ea0       0x30 .pioenvs/bluepill_f103c8/libfdb/libunity.a(unity.o)
 .text.UnityTestResultsFailBegin
                0x0000000008001ed0       0x24 .pioenvs/bluepill_f103c8/libfdb/libunity.a(unity.o)
 .text.UnityAddMsgIfSpecified
                0x0000000008001ef4       0x50 .pioenvs/bluepill_f103c8/libfdb/libunity.a(unity.o)
 .text.UnityConcludeTest
                0x0000000008001f44       0x44 .pioenvs/bluepill_f103c8/libfdb/libunity.a(unity.o)
                0x0000000008001f44                UnityConcludeTest
 .text.UnityAssertFloatsWithin
                0x0000000008001f88       0x58 .pioenvs/bluepill_f103c8/libfdb/libunity.a(unity.o)
                0x0000000008001f88                UnityAssertFloatsWithin
 .text.UnityAssertDoublesWithin
                0x0000000008001fe0       0x60 .pioenvs/bluepill_f103c8/libfdb/libunity.a(unity.o)
                0x0000000008001fe0                UnityAssertDoublesWithin
 .text.UnityDefaultTestRun
                0x0000000008002040       0x2c .pioenvs/bluepill_f103c8/libfdb/libunity.a(unity.o)
                0x0000000008002040                UnityDefaultTestRun
 .text.UnityBegin
                0x000000000800206c       0x20 .pioenvs/bluepill_f103c8/libfdb/libunity.a(unity.o)
                0x000000000800206c                UnityBegin
 .text.UnityEnd
                0x000000000800208c       0x74 .pioenvs/bluepill_f103c8/libfdb/libunity.a(unity.o)
                0x000000000800208c                UnityEnd
 .text.get_float_usage
                0x0000000008002100        0xc .pioenvs/bluepill_f103c8/libd88/libnano-float.a(functions.o)
                0x0000000008002100                get_float_usage
 .text.__wrap___aeabi_ddiv
                0x000000000800210c       0x30 .pioenvs/bluepill_f103c8/libd88/libnano-float.a(functions.o)
                0x000000000800210c                __wrap___aeabi_ddiv
 .text.__wrap___aeabi_dmul
                0x000000000800213c       0x30 .pioenvs/bluepill_f103c8/libd88/libnano-float.a(functions.o)
                0x000000000800213c                __wrap___aeabi_dmul
 .text.__wrap___aeabi_fdiv
                0x000000000800216c       0x10 .pioenvs/bluepill_f103c8/libd88/libnano-float.a(functions.o)
                0x000000000800216c                __wrap___aeabi_fdiv
 .text.sqrt     0x000000000800217c       0x1c .pioenvs/bluepill_f103c8/libd88/libnano-float.a(functions.o)
                0x000000000800217c                sqrt
 .text.log      0x0000000008002198       0x1c .pioenvs/bluepill_f103c8/libd88/libnano-float.a(functions.o)
                0x0000000008002198                log
 .text.exp      0x00000000080021b4       0x1c .pioenvs/bluepill_f103c8/libd88/libnano-float.a(functions.o)
                0x00000000080021b4                exp
 .text.log10    0x00000000080021d0       0x28 .pioenvs/bluepill_f103c8/libd88/libnano-float.a(functions.o)
                0x00000000080021d0                log10
 .text.pow      0x00000000080021f8       0x38 .pioenvs/bluepill_f103c8/libd88/libnano-float.a(functions.o)
                0x00000000080021f8                pow
 .text.ldexp    0x0000000008002230       0x40 .pioenvs/bluepill_f103c8/libd88/libnano-float.a(functions.o)
                0x0000000008002230                ldexp
 .text.sin      0x0000000008002270       0x1c .pioenvs/bluepill_f103c8/libd88/libnano-float.a(functions.o)
                0x0000000008002270                sin
 .text.cos      0x000000000800228c       0x1c .pioenvs/bluepill_f103c8/libd88/libnano-float.a(functions.o)
                0x000000000800228c                cos
 .text.tan      0x00000000080022a8       0x1c .pioenvs/bluepill_f103c8/libd88/libnano-float.a(functions.o)
                0x00000000080022a8                tan
 .text.atan2    0x00000000080022c4       0x30 .pioenvs/bluepill_f103c8/libd88/libnano-float.a(functions.o)
                0x00000000080022c4                atan2
 .text.atan     0x00000000080022f4       0xa4 .pioenvs/bluepill_f103c8/libd88/libnano-float.a(functions.o)
                0x00000000080022f4                atan
 .text.asin     0x0000000008002398       0x84 .pioenvs/bluepill_f103c8/libd88/libnano-float.a(functions.o)
                0x0000000008002398                asin
 .text.acos     0x000000000800241c       0x94 .pioenvs/bluepill_f103c8/libd88/libnano-float.a(functions.o)
                0x000000000800241c                acos
 .text.trunc    0x00000000080024b0       0x78 .pioenvs/bluepill_f103c8/libd88/libnano-float.a(functions.o)
                0x00000000080024b0                trunc
 .text.floor    0x0000000008002528       0x8c .pioenvs/bluepill_f103c8/libd88/libnano-float.a(functions.o)
                0x0000000008002528                floor
 .text.ceil     0x00000000080025b4       0x88 .pioenvs/bluepill_f103c8/libd88/libnano-float.a(functions.o)
                0x00000000080025b4                ceil
 .text.fmod     0x000000000800263c      0x144 .pioenvs/bluepill_f103c8/libd88/libnano-float.a(functions.o)
                0x000000000800263c                fmod
 .text.os_event_init
                0x0000000008002780        0xc .pioenvs/bluepill_f103c8/libea7/libcocoOS_5.0.3.a(os_event.o)
                0x0000000008002780                os_event_init
 .text.os_init  0x000000000800278c       0x34 .pioenvs/bluepill_f103c8/libea7/libcocoOS_5.0.3.a(os_kernel.o)
                0x000000000800278c                os_init
 .text.os_msgQ_init
                0x00000000080027c0       0x24 .pioenvs/bluepill_f103c8/libea7/libcocoOS_5.0.3.a(os_msgqueue.o)
                0x00000000080027c0                os_msgQ_init
 .text.os_sem_init
                0x00000000080027e4        0xc .pioenvs/bluepill_f103c8/libea7/libcocoOS_5.0.3.a(os_sem.o)
                0x00000000080027e4                os_sem_init
 .text.os_task_init
                0x00000000080027f0       0x40 .pioenvs/bluepill_f103c8/libea7/libcocoOS_5.0.3.a(os_task.o)
                0x00000000080027f0                os_task_init
 .text._ZN5codal3_cm3Pin14setAnalogValueEi
                0x0000000008002830       0x1c .pioenvs/bluepill_f103c8/lib739/libcm.a(CmPin.o)
                0x0000000008002830                codal::_cm::Pin::setAnalogValue(int)
 .text._ZN5codal3_cm3Pin13setServoValueEiii
                0x000000000800284c       0x2c .pioenvs/bluepill_f103c8/lib739/libcm.a(CmPin.o)
                0x000000000800284c                codal::_cm::Pin::setServoValue(int, int, int)
 .text._ZN5codal3_cm3Pin9isTouchedEv
                0x0000000008002878        0x8 .pioenvs/bluepill_f103c8/lib739/libcm.a(CmPin.o)
                0x0000000008002878                codal::_cm::Pin::isTouched()
 .text._ZN5codal3_cm3Pin17getAnalogPeriodUsEv
                0x0000000008002880        0x8 .pioenvs/bluepill_f103c8/lib739/libcm.a(CmPin.o)
                0x0000000008002880                codal::_cm::Pin::getAnalogPeriodUs()
 .text._ZN5codal3_cm3Pin15setDigitalValueEi
                0x0000000008002888       0x80 .pioenvs/bluepill_f103c8/lib739/libcm.a(CmPin.o)
                0x0000000008002888                codal::_cm::Pin::setDigitalValue(int)
 .text._ZN5codal3_cm3PinC2EhmmtNS_13PinCapabilityE
                0x0000000008002908       0x50 .pioenvs/bluepill_f103c8/lib739/libcm.a(CmPin.o)
                0x0000000008002908                codal::_cm::Pin::Pin(unsigned char, unsigned long, unsigned long, unsigned short, codal::PinCapability)
                0x0000000008002908                codal::_cm::Pin::Pin(unsigned char, unsigned long, unsigned long, unsigned short, codal::PinCapability)
 .text._ZL10timer_tickv
                0x0000000008002958       0x10 .pioenvs/bluepill_f103c8/lib739/libcm.a(codal_target_hal.o)
 .text._Z25stm32bluepill_dmesg_flushv
                0x0000000008002968       0x38 .pioenvs/bluepill_f103c8/lib739/libcm.a(codal_target_hal.o)
                0x0000000008002968                stm32bluepill_dmesg_flush()
 .text.target_set_tick_callback
                0x00000000080029a0        0xc .pioenvs/bluepill_f103c8/lib739/libcm.a(codal_target_hal.o)
                0x00000000080029a0                target_set_tick_callback
 .text.target_init
                0x00000000080029ac       0x34 .pioenvs/bluepill_f103c8/lib739/libcm.a(codal_target_hal.o)
                0x00000000080029ac                target_init
 .text.target_wait
                0x00000000080029e0       0x24 .pioenvs/bluepill_f103c8/lib739/libcm.a(codal_target_hal.o)
                0x00000000080029e0                target_wait
 .text.target_panic
                0x0000000008002a04       0x20 .pioenvs/bluepill_f103c8/lib739/libcm.a(codal_target_hal.o)
                0x0000000008002a04                target_panic
 .text.fiber_initial_stack_base
                0x0000000008002a24        0x8 .pioenvs/bluepill_f103c8/lib739/libcm.a(codal_target_hal.o)
                0x0000000008002a24                fiber_initial_stack_base
 .text.test_codal
                0x0000000008002a2c       0x60 .pioenvs/bluepill_f103c8/lib739/libcm.a(codal_target_hal.o)
                0x0000000008002a2c                test_codal
 .text.codal_dmesg_set_flush_fn
                0x0000000008002a8c        0xc .pioenvs/bluepill_f103c8/lib3e7/libcodal-core.a(CodalDmesg.o)
                0x0000000008002a8c                codal_dmesg_set_flush_fn
 .text.codal_dmesg_flush
                0x0000000008002a98       0x10 .pioenvs/bluepill_f103c8/lib3e7/libcodal-core.a(CodalDmesg.o)
                0x0000000008002a98                codal_dmesg_flush
 .text._ZN5codal10EventModel6listenEiiPFvNS_5EventEEt
                0x0000000008002aa8       0x60 .pioenvs/bluepill_f103c8/lib3e7/libcodal-core.a(CodalFiber.o)
                0x0000000008002aa8                codal::EventModel::listen(int, int, void (*)(codal::Event), unsigned short)
 .text._ZN5codal14scheduler_tickENS_5EventE
                0x0000000008002b08       0x38 .pioenvs/bluepill_f103c8/lib3e7/libcodal-core.a(CodalFiber.o)
                0x0000000008002b08                codal::scheduler_tick(codal::Event)
 .text._ZN5codal15scheduler_eventENS_5EventE
                0x0000000008002b40       0xc0 .pioenvs/bluepill_f103c8/lib3e7/libcodal-core.a(CodalFiber.o)
                0x0000000008002b40                codal::scheduler_event(codal::Event)
 .text._Z15getFiberContextv
                0x0000000008002c00       0x50 .pioenvs/bluepill_f103c8/lib3e7/libcodal-core.a(CodalFiber.o)
                0x0000000008002c00                getFiberContext()
 .text._ZL10handle_fobv
                0x0000000008002c50       0x2c .pioenvs/bluepill_f103c8/lib3e7/libcodal-core.a(CodalFiber.o)
 .text._ZN5codal23fiber_scheduler_runningEv
                0x0000000008002c7c       0x10 .pioenvs/bluepill_f103c8/lib3e7/libcodal-core.a(CodalFiber.o)
                0x0000000008002c7c                codal::fiber_scheduler_running()
 .text._ZN5codal14scheduler_initERNS_10EventModelE
                0x0000000008002c8c       0xac .pioenvs/bluepill_f103c8/lib3e7/libcodal-core.a(CodalFiber.o)
                0x0000000008002c8c                codal::scheduler_init(codal::EventModel&)
 .text._ZN5codal19fiber_wake_on_eventEtt
                0x0000000008002d38       0x5c .pioenvs/bluepill_f103c8/lib3e7/libcodal-core.a(CodalFiber.o)
                0x0000000008002d38                codal::fiber_wake_on_event(unsigned short, unsigned short)
 .text._Z14__create_fibermmmi
                0x0000000008002d94       0x64 .pioenvs/bluepill_f103c8/lib3e7/libcodal-core.a(CodalFiber.o)
                0x0000000008002d94                __create_fiber(unsigned long, unsigned long, unsigned long, int)
 .text._ZN5codal17verify_stack_sizeEPNS_5FiberE
                0x0000000008002df8       0x44 .pioenvs/bluepill_f103c8/lib3e7/libcodal-core.a(CodalFiber.o)
                0x0000000008002df8                codal::verify_stack_size(codal::Fiber*)
 .text._ZN5codal24scheduler_runqueue_emptyEv
                0x0000000008002e3c       0x10 .pioenvs/bluepill_f103c8/lib3e7/libcodal-core.a(CodalFiber.o)
                0x0000000008002e3c                codal::scheduler_runqueue_empty()
 .text._ZN5codal4idleEv
                0x0000000008002e4c       0x3c .pioenvs/bluepill_f103c8/lib3e7/libcodal-core.a(CodalFiber.o)
                0x0000000008002e4c                codal::idle()
 .text._ZN5codal8scheduleEv
                0x0000000008002e88      0x108 .pioenvs/bluepill_f103c8/lib3e7/libcodal-core.a(CodalFiber.o)
                0x0000000008002e88                codal::schedule()
 .text._ZN5codal11fiber_sleepEm
                0x0000000008002f90       0x3c .pioenvs/bluepill_f103c8/lib3e7/libcodal-core.a(CodalFiber.o)
                0x0000000008002f90                codal::fiber_sleep(unsigned long)
 .text._ZN5codal13release_fiberEv
                0x0000000008002fcc       0x6c .pioenvs/bluepill_f103c8/lib3e7/libcodal-core.a(CodalFiber.o)
                0x0000000008002fcc                codal::release_fiber()
 .text._ZN5codal6invokeEPFvPvES0_
                0x0000000008003038       0x80 .pioenvs/bluepill_f103c8/lib3e7/libcodal-core.a(CodalFiber.o)
                0x0000000008003038                codal::invoke(void (*)(void*), void*)
 .text._Z18device_create_heapmm
                0x00000000080030b8       0x3c .pioenvs/bluepill_f103c8/lib3e7/libcodal-core.a(CodalHeapAllocator.o)
                0x00000000080030b8                device_create_heap(unsigned long, unsigned long)
 .text.device_malloc
                0x00000000080030f4       0x48 .pioenvs/bluepill_f103c8/lib3e7/libcodal-core.a(CodalHeapAllocator.o)
                0x00000000080030f4                malloc
                0x00000000080030f4                device_malloc
 .text.device_free
                0x000000000800313c       0x40 .pioenvs/bluepill_f103c8/lib3e7/libcodal-core.a(CodalHeapAllocator.o)
                0x000000000800313c                device_free
                0x000000000800313c                free
 .text._ZN5codal5TimerC2Ev
                0x000000000800317c       0x34 .pioenvs/bluepill_f103c8/lib3e7/libcodal-core.a(Timer.o)
                0x000000000800317c                codal::Timer::Timer()
                0x000000000800317c                codal::Timer::Timer()
 .text._ZN5codal25system_timer_current_timeEv
                0x00000000080031b0       0x10 .pioenvs/bluepill_f103c8/lib3e7/libcodal-core.a(Timer.o)
                0x00000000080031b0                codal::system_timer_current_time()
 .text._ZN5codal27system_timer_event_every_usEmtt
                0x00000000080031c0       0x24 .pioenvs/bluepill_f103c8/lib3e7/libcodal-core.a(Timer.o)
                0x00000000080031c0                codal::system_timer_event_every_us(unsigned long, unsigned short, unsigned short)
 .text._ZN5codal5Event4fireEv
                0x00000000080031e4       0x20 .pioenvs/bluepill_f103c8/lib3e7/libcodal-core.a(Event.o)
                0x00000000080031e4                codal::Event::fire()
 .text._ZN5codal14CodalComponent4initEv
                0x0000000008003204        0x8 .pioenvs/bluepill_f103c8/lib271/libbluepill.a(STM32BluePill.o)
                0x0000000008003204                codal::CodalComponent::init()
 .text._ZN5codal14CodalComponentD2Ev
                0x000000000800320c       0x18 .pioenvs/bluepill_f103c8/lib271/libbluepill.a(STM32BluePill.o)
                0x000000000800320c                codal::CodalComponent::~CodalComponent()
                0x000000000800320c                codal::CodalComponent::~CodalComponent()
 .text._ZN5codal13STM32BluePill4initEv
                0x0000000008003224       0x4c .pioenvs/bluepill_f103c8/lib271/libbluepill.a(STM32BluePill.o)
                0x0000000008003224                codal::STM32BluePill::init()
 .text._ZN5codal13STM32BluePillC2Ev
                0x0000000008003270       0x98 .pioenvs/bluepill_f103c8/lib271/libbluepill.a(STM32BluePill.o)
                0x0000000008003270                codal::STM32BluePill::STM32BluePill()
                0x0000000008003270                codal::STM32BluePill::STM32BluePill()
 .text._ZN5codal13STM32BluePillD2Ev
                0x0000000008003308       0x40 .pioenvs/bluepill_f103c8/lib271/libbluepill.a(STM32BluePill.o)
                0x0000000008003308                codal::STM32BluePill::~STM32BluePill()
                0x0000000008003308                codal::STM32BluePill::~STM32BluePill()
 .text._ZN5codal15STM32BluePillIOC2Ev
                0x0000000008003348      0xaf0 .pioenvs/bluepill_f103c8/lib271/libbluepill.a(STM32BluePillIO.o)
                0x0000000008003348                codal::STM32BluePillIO::STM32BluePillIO()
                0x0000000008003348                codal::STM32BluePillIO::STM32BluePillIO()
 .text.platform_setup
                0x0000000008003e38       0x4c .pioenvs/bluepill_f103c8/lib271/libbluepill.a(bluepill.o)
                0x0000000008003e38                platform_setup
 .text.enable_debug
                0x0000000008003e84       0x10 .pioenvs/bluepill_f103c8/lib271/libbluepill.a(bluepill.o)
                0x0000000008003e84                enable_debug
 .text.led_setup
                0x0000000008003e94       0x20 .pioenvs/bluepill_f103c8/lib271/libbluepill.a(led.o)
                0x0000000008003e94                led_setup
 .text.led_on   0x0000000008003eb4       0x10 .pioenvs/bluepill_f103c8/lib271/libbluepill.a(led.o)
                0x0000000008003eb4                led_on
 .text.led_off  0x0000000008003ec4       0x10 .pioenvs/bluepill_f103c8/lib271/libbluepill.a(led.o)
                0x0000000008003ec4                led_off
 .text.led_wait
                0x0000000008003ed4       0x10 .pioenvs/bluepill_f103c8/lib271/libbluepill.a(led.o)
                0x0000000008003ed4                led_wait
 .text.platform_start_timer
                0x0000000008003ee4       0x7c .pioenvs/bluepill_f103c8/lib271/libbluepill.a(timer.o)
                0x0000000008003ee4                platform_start_timer
 .text.rtc_isr  0x0000000008003f60       0x40 .pioenvs/bluepill_f103c8/lib271/libbluepill.a(timer.o)
                0x0000000008003f60                rtc_isr
 .text.rtc_alarm_isr
                0x0000000008003fa0       0x20 .pioenvs/bluepill_f103c8/lib271/libbluepill.a(timer.o)
                0x0000000008003fa0                rtc_alarm_isr
 .text.platform_alarm_count
                0x0000000008003fc0        0xc .pioenvs/bluepill_f103c8/lib271/libbluepill.a(timer.o)
                0x0000000008003fc0                platform_alarm_count
 .text.usart2_isr
                0x0000000008003fcc       0x50 .pioenvs/bluepill_f103c8/lib33e/libuartint.a(uartint.o)
                0x0000000008003fcc                usart2_isr
 .text.startup._GLOBAL__sub_I__ZN13UARTInterfaceC2Ejj
                0x000000000800401c       0x10 .pioenvs/bluepill_f103c8/lib33e/libuartint.a(uartint.o)
 .text          0x000000000800402c      0x378 /Users/Luppy/.platformio/packages/toolchain-gccarmnoneeabi/bin/../lib/gcc/arm-none-eabi/7.2.1/thumb/v7-m/libgcc.a(_arm_addsubdf3.o)
                0x000000000800402c                __aeabi_drsub
                0x0000000008004034                __subdf3
                0x0000000008004034                __aeabi_dsub
                0x0000000008004038                __aeabi_dadd
                0x0000000008004038                __adddf3
                0x00000000080042b0                __aeabi_ui2d
                0x00000000080042b0                __floatunsidf
                0x00000000080042d0                __floatsidf
                0x00000000080042d0                __aeabi_i2d
                0x00000000080042f4                __extendsfdf2
                0x00000000080042f4                __aeabi_f2d
                0x0000000008004338                __aeabi_ul2d
                0x0000000008004338                __floatundidf
                0x0000000008004348                __aeabi_l2d
                0x0000000008004348                __floatdidf
 .text          0x00000000080043a4      0x110 /Users/Luppy/.platformio/packages/toolchain-gccarmnoneeabi/bin/../lib/gcc/arm-none-eabi/7.2.1/thumb/v7-m/libgcc.a(_arm_cmpdf2.o)
                0x00000000080043a4                __gedf2
                0x00000000080043a4                __gtdf2
                0x00000000080043ac                __ledf2
                0x00000000080043ac                __ltdf2
                0x00000000080043b4                __cmpdf2
                0x00000000080043b4                __eqdf2
                0x00000000080043b4                __nedf2
                0x0000000008004430                __aeabi_cdrcmple
                0x0000000008004440                __aeabi_cdcmple
                0x0000000008004440                __aeabi_cdcmpeq
                0x0000000008004450                __aeabi_dcmpeq
                0x0000000008004464                __aeabi_dcmplt
                0x0000000008004478                __aeabi_dcmple
                0x000000000800448c                __aeabi_dcmpge
                0x00000000080044a0                __aeabi_dcmpgt
 .text          0x00000000080044b4       0x2c /Users/Luppy/.platformio/packages/toolchain-gccarmnoneeabi/bin/../lib/gcc/arm-none-eabi/7.2.1/thumb/v7-m/libgcc.a(_arm_unorddf2.o)
                0x00000000080044b4                __aeabi_dcmpun
                0x00000000080044b4                __unorddf2
 .text          0x00000000080044e0       0x50 /Users/Luppy/.platformio/packages/toolchain-gccarmnoneeabi/bin/../lib/gcc/arm-none-eabi/7.2.1/thumb/v7-m/libgcc.a(_arm_fixdfsi.o)
                0x00000000080044e0                __fixdfsi
                0x00000000080044e0                __aeabi_d2iz
 .text          0x0000000008004530       0xa0 /Users/Luppy/.platformio/packages/toolchain-gccarmnoneeabi/bin/../lib/gcc/arm-none-eabi/7.2.1/thumb/v7-m/libgcc.a(_arm_truncdfsf2.o)
                0x0000000008004530                __aeabi_d2f
                0x0000000008004530                __truncdfsf2
 .text          0x00000000080045d0      0x21c /Users/Luppy/.platformio/packages/toolchain-gccarmnoneeabi/bin/../lib/gcc/arm-none-eabi/7.2.1/thumb/v7-m/libgcc.a(_arm_addsubsf3.o)
                0x00000000080045d0                __aeabi_frsub
                0x00000000080045d8                __aeabi_fsub
                0x00000000080045d8                __subsf3
                0x00000000080045dc                __aeabi_fadd
                0x00000000080045dc                __addsf3
                0x000000000800473c                __aeabi_ui2f
                0x000000000800473c                __floatunsisf
                0x0000000008004744                __floatsisf
                0x0000000008004744                __aeabi_i2f
                0x0000000008004760                __aeabi_ul2f
                0x0000000008004760                __floatundisf
                0x0000000008004770                __aeabi_l2f
                0x0000000008004770                __floatdisf
 .text          0x00000000080047ec       0xec /Users/Luppy/.platformio/packages/toolchain-gccarmnoneeabi/bin/../lib/gcc/arm-none-eabi/7.2.1/thumb/v7-m/libgcc.a(_arm_cmpsf2.o)
                0x00000000080047ec                __gesf2
                0x00000000080047ec                __gtsf2
                0x00000000080047f4                __ltsf2
                0x00000000080047f4                __lesf2
                0x00000000080047fc                __nesf2
                0x00000000080047fc                __eqsf2
                0x00000000080047fc                __cmpsf2
                0x000000000800485c                __aeabi_cfrcmple
                0x0000000008004864                __aeabi_cfcmpeq
                0x0000000008004864                __aeabi_cfcmple
                0x0000000008004874                __aeabi_fcmpeq
                0x0000000008004888                __aeabi_fcmplt
                0x000000000800489c                __aeabi_fcmple
                0x00000000080048b0                __aeabi_fcmpge
                0x00000000080048c4                __aeabi_fcmpgt
 .text.rcc_osc_on.part.0
                0x00000000080048d8       0x10 .pioenvs/bluepill_f103c8/libFrameworkLibOpenCM3.a(rcc.o)
 .text.rcc_wait_for_osc_ready
                0x00000000080048e8       0x64 .pioenvs/bluepill_f103c8/libFrameworkLibOpenCM3.a(rcc.o)
                0x00000000080048e8                rcc_wait_for_osc_ready
 .text.rcc_osc_on
                0x000000000800494c       0x54 .pioenvs/bluepill_f103c8/libFrameworkLibOpenCM3.a(rcc.o)
                0x000000000800494c                rcc_osc_on
 .text.rcc_set_sysclk_source
                0x00000000080049a0       0x14 .pioenvs/bluepill_f103c8/libFrameworkLibOpenCM3.a(rcc.o)
                0x00000000080049a0                rcc_set_sysclk_source
 .text.rcc_set_pll_multiplication_factor
                0x00000000080049b4       0x14 .pioenvs/bluepill_f103c8/libFrameworkLibOpenCM3.a(rcc.o)
                0x00000000080049b4                rcc_set_pll_multiplication_factor
 .text.rcc_set_pll_source
                0x00000000080049c8       0x14 .pioenvs/bluepill_f103c8/libFrameworkLibOpenCM3.a(rcc.o)
                0x00000000080049c8                rcc_set_pll_source
 .text.rcc_set_pllxtpre
                0x00000000080049dc       0x14 .pioenvs/bluepill_f103c8/libFrameworkLibOpenCM3.a(rcc.o)
                0x00000000080049dc                rcc_set_pllxtpre
 .text.rcc_enable_rtc_clock
                0x00000000080049f0       0x10 .pioenvs/bluepill_f103c8/libFrameworkLibOpenCM3.a(rcc.o)
                0x00000000080049f0                rcc_enable_rtc_clock
 .text.rcc_set_rtc_clock_source
                0x0000000008004a00       0x90 .pioenvs/bluepill_f103c8/libFrameworkLibOpenCM3.a(rcc.o)
                0x0000000008004a00                rcc_set_rtc_clock_source
 .text.rcc_set_adcpre
                0x0000000008004a90       0x14 .pioenvs/bluepill_f103c8/libFrameworkLibOpenCM3.a(rcc.o)
                0x0000000008004a90                rcc_set_adcpre
 .text.rcc_set_ppre2
                0x0000000008004aa4       0x14 .pioenvs/bluepill_f103c8/libFrameworkLibOpenCM3.a(rcc.o)
                0x0000000008004aa4                rcc_set_ppre2
 .text.rcc_set_ppre1
                0x0000000008004ab8       0x14 .pioenvs/bluepill_f103c8/libFrameworkLibOpenCM3.a(rcc.o)
                0x0000000008004ab8                rcc_set_ppre1
 .text.rcc_set_hpre
                0x0000000008004acc       0x14 .pioenvs/bluepill_f103c8/libFrameworkLibOpenCM3.a(rcc.o)
                0x0000000008004acc                rcc_set_hpre
 .text.rcc_clock_setup_in_hse_8mhz_out_72mhz
                0x0000000008004ae0       0x8c .pioenvs/bluepill_f103c8/libFrameworkLibOpenCM3.a(rcc.o)
                0x0000000008004ae0                rcc_clock_setup_in_hse_8mhz_out_72mhz
 .text.rtc_enter_config_mode
                0x0000000008004b6c       0x18 .pioenvs/bluepill_f103c8/libFrameworkLibOpenCM3.a(rtc.o)
                0x0000000008004b6c                rtc_enter_config_mode
 .text.rtc_exit_config_mode
                0x0000000008004b84       0x18 .pioenvs/bluepill_f103c8/libFrameworkLibOpenCM3.a(rtc.o)
                0x0000000008004b84                rtc_exit_config_mode
 .text.rtc_awake_from_off
                0x0000000008004b9c       0x6c .pioenvs/bluepill_f103c8/libFrameworkLibOpenCM3.a(rtc.o)
                0x0000000008004b9c                rtc_awake_from_off
 .text.rtc_set_alarm_time
                0x0000000008004c08       0x20 .pioenvs/bluepill_f103c8/libFrameworkLibOpenCM3.a(rtc.o)
                0x0000000008004c08                rtc_set_alarm_time
 .text.rtc_get_counter_val
                0x0000000008004c28       0x14 .pioenvs/bluepill_f103c8/libFrameworkLibOpenCM3.a(rtc.o)
                0x0000000008004c28                rtc_get_counter_val
 .text.rtc_set_counter_val
                0x0000000008004c3c       0x1c .pioenvs/bluepill_f103c8/libFrameworkLibOpenCM3.a(rtc.o)
                0x0000000008004c3c                rtc_set_counter_val
 .text.rtc_interrupt_enable
                0x0000000008004c58       0x3c .pioenvs/bluepill_f103c8/libFrameworkLibOpenCM3.a(rtc.o)
                0x0000000008004c58                rtc_interrupt_enable
 .text.rtc_interrupt_disable
                0x0000000008004c94       0x3c .pioenvs/bluepill_f103c8/libFrameworkLibOpenCM3.a(rtc.o)
                0x0000000008004c94                rtc_interrupt_disable
 .text.rtc_clear_flag
                0x0000000008004cd0       0x30 .pioenvs/bluepill_f103c8/libFrameworkLibOpenCM3.a(rtc.o)
                0x0000000008004cd0                rtc_clear_flag
 .text.rtc_check_flag
                0x0000000008004d00       0x30 .pioenvs/bluepill_f103c8/libFrameworkLibOpenCM3.a(rtc.o)
                0x0000000008004d00                rtc_check_flag
 .text.pwr_disable_backup_domain_write_protect
                0x0000000008004d30       0x10 .pioenvs/bluepill_f103c8/libFrameworkLibOpenCM3.a(pwr_common_all.o)
                0x0000000008004d30                pwr_disable_backup_domain_write_protect
 .text.exti_set_trigger
                0x0000000008004d40       0x3c .pioenvs/bluepill_f103c8/libFrameworkLibOpenCM3.a(exti_common_all.o)
                0x0000000008004d40                exti_set_trigger
 .text.exti_enable_request
                0x0000000008004d7c       0x14 .pioenvs/bluepill_f103c8/libFrameworkLibOpenCM3.a(exti_common_all.o)
                0x0000000008004d7c                exti_enable_request
 .text.exti_reset_request
                0x0000000008004d90        0xc .pioenvs/bluepill_f103c8/libFrameworkLibOpenCM3.a(exti_common_all.o)
                0x0000000008004d90                exti_reset_request
 .text.flash_set_ws
                0x0000000008004d9c       0x14 .pioenvs/bluepill_f103c8/libFrameworkLibOpenCM3.a(flash_common_f01.o)
                0x0000000008004d9c                flash_set_ws
 .text.reset_handler
                0x0000000008004db0       0x90 .pioenvs/bluepill_f103c8/libFrameworkLibOpenCM3.a(vector.o)
                0x0000000008004db0                reset_handler
 .text          0x0000000008004e40      0x4c8 .pioenvs/bluepill_f103c8/libf85/libqfplib.a(qfplib.o)
                0x0000000008004f08                qfp_fsub
                0x0000000008004f0e                qfp_fadd
                0x0000000008004f50                qfp_fcmp
                0x0000000008004f6c                qfp_fmul
                0x0000000008004f7c                qfp_fdiv
                0x0000000008004fbe                qfp_fdiv_fast
                0x000000000800500e                qfp_fsqrt_fast
                0x0000000008005084                qfp_float2int
                0x0000000008005086                qfp_float2fix
                0x00000000080050ae                qfp_float2uint
                0x00000000080050b0                qfp_float2ufix
                0x00000000080050ca                qfp_int2float
                0x00000000080050cc                qfp_fix2float
                0x00000000080050d6                qfp_uint2float
                0x00000000080050d8                qfp_ufix2float
                0x000000000800516e                qfp_fsin
                0x00000000080051b0                qfp_fcos
                0x00000000080051ba                qfp_ftan
                0x00000000080051c2                qfp_fexp
                0x00000000080051f2                qfp_fsqrt
                0x000000000800522c                qfp_fln
                0x0000000008005250                qfp_fatan2
 .text._ZN5codal3_cm3I2CC2ERNS_3PinES3_
                0x0000000008005308       0x1c .pioenvs/bluepill_f103c8/lib739/libcm.a(CmI2C.o)
                0x0000000008005308                codal::_cm::I2C::I2C(codal::Pin&, codal::Pin&)
                0x0000000008005308                codal::_cm::I2C::I2C(codal::Pin&, codal::Pin&)
 .text._ZN5codal3_cm3SPI4initEv
                0x0000000008005324       0x5c .pioenvs/bluepill_f103c8/lib739/libcm.a(CmSPI.o)
                0x0000000008005324                codal::_cm::SPI::init()
 .text._ZN5codal3_cm3SPIC2ERNS0_3PinES3_S3_S3_
                0x0000000008005380       0x9c .pioenvs/bluepill_f103c8/lib739/libcm.a(CmSPI.o)
                0x0000000008005380                codal::_cm::SPI::SPI(codal::_cm::Pin&, codal::_cm::Pin&, codal::_cm::Pin&, codal::_cm::Pin&)
                0x0000000008005380                codal::_cm::SPI::SPI(codal::_cm::Pin&, codal::_cm::Pin&, codal::_cm::Pin&, codal::_cm::Pin&)
 .text._ZN5codal3_cm6SerialD2Ev
                0x000000000800541c       0x14 .pioenvs/bluepill_f103c8/lib739/libcm.a(CmSerial.o)
                0x000000000800541c                codal::_cm::Serial::~Serial()
                0x000000000800541c                codal::_cm::Serial::~Serial()
 .text._ZN5codal3_cm6SerialC2ERNS0_3PinES3_hh
                0x0000000008005430       0x4c .pioenvs/bluepill_f103c8/lib739/libcm.a(CmSerial.o)
                0x0000000008005430                codal::_cm::Serial::Serial(codal::_cm::Pin&, codal::_cm::Pin&, unsigned char, unsigned char)
                0x0000000008005430                codal::_cm::Serial::Serial(codal::_cm::Pin&, codal::_cm::Pin&, unsigned char, unsigned char)
 .text._ZN5codal3_cm13tick_callbackEv
                0x000000000800547c       0x10 .pioenvs/bluepill_f103c8/lib739/libcm.a(CmTimer.o)
                0x000000000800547c                codal::_cm::tick_callback()
 .text._ZN5codal3_cm5Timer4initEv
                0x000000000800548c       0x18 .pioenvs/bluepill_f103c8/lib739/libcm.a(CmTimer.o)
                0x000000000800548c                codal::_cm::Timer::init()
 .text._ZN5codal3_cm5TimerC2Ev
                0x00000000080054a4       0x28 .pioenvs/bluepill_f103c8/lib739/libcm.a(CmTimer.o)
                0x00000000080054a4                codal::_cm::Timer::Timer()
                0x00000000080054a4                codal::_cm::Timer::Timer()
 .text.pinmap_peripheral
                0x00000000080054cc       0x30 .pioenvs/bluepill_f103c8/lib739/libcm.a(CmPinMap.o)
                0x00000000080054cc                pinmap_peripheral
 .text.pinmap_mode
                0x00000000080054fc       0x2c .pioenvs/bluepill_f103c8/lib739/libcm.a(CmPinMap.o)
                0x00000000080054fc                pinmap_mode
 .text.pinmap_cnf
                0x0000000008005528       0x2c .pioenvs/bluepill_f103c8/lib739/libcm.a(CmPinMap.o)
                0x0000000008005528                pinmap_cnf
 .text._Z18component_callbackN5codal5EventE
                0x0000000008005554       0x58 .pioenvs/bluepill_f103c8/lib3e7/libcodal-core.a(CodalComponent.o)
                0x0000000008005554                component_callback(codal::Event)
 .text._ZN5codal14CodalComponent12addComponentEv
                0x00000000080055ac       0x70 .pioenvs/bluepill_f103c8/lib3e7/libcodal-core.a(CodalComponent.o)
                0x00000000080055ac                codal::CodalComponent::addComponent()
 .text._ZN5codal14CodalComponent15removeComponentEv
                0x000000000800561c       0x20 .pioenvs/bluepill_f103c8/lib3e7/libcodal-core.a(CodalComponent.o)
                0x000000000800561c                codal::CodalComponent::removeComponent()
 .text._ZN5codal3I2CC2ERNS_3PinES2_
                0x000000000800563c        0xc .pioenvs/bluepill_f103c8/lib3e7/libcodal-core.a(I2C.o)
                0x000000000800563c                codal::I2C::I2C(codal::Pin&, codal::Pin&)
                0x000000000800563c                codal::I2C::I2C(codal::Pin&, codal::Pin&)
 .text._ZN5codal6SerialC2ERNS_3PinES2_hht
                0x0000000008005648       0x5c .pioenvs/bluepill_f103c8/lib3e7/libcodal-core.a(Serial.o)
                0x0000000008005648                codal::Serial::Serial(codal::Pin&, codal::Pin&, unsigned char, unsigned char, unsigned short)
                0x0000000008005648                codal::Serial::Serial(codal::Pin&, codal::Pin&, unsigned char, unsigned char, unsigned short)
 .text._ZN5codal6SerialD2Ev
                0x00000000080056a4       0x1c .pioenvs/bluepill_f103c8/lib3e7/libcodal-core.a(Serial.o)
                0x00000000080056a4                codal::Serial::~Serial()
                0x00000000080056a4                codal::Serial::~Serial()
 .text._ZN5codal10EventModel4sendENS_5EventE
                0x00000000080056c0       0x14 .pioenvs/bluepill_f103c8/lib3e7/libcodal-core.a(MessageBus.o)
                0x00000000080056c0                codal::EventModel::send(codal::Event)
 .text._ZN5codal10EventModel3addEPNS_8ListenerE
                0x00000000080056d4        0x8 .pioenvs/bluepill_f103c8/lib3e7/libcodal-core.a(MessageBus.o)
                0x00000000080056d4                codal::EventModel::add(codal::Listener*)
 .text._ZN5codal10EventModel6removeEPNS_8ListenerE
                0x00000000080056dc        0x8 .pioenvs/bluepill_f103c8/lib3e7/libcodal-core.a(MessageBus.o)
                0x00000000080056dc                codal::EventModel::remove(codal::Listener*)
 .text._ZN5codal10MessageBus6removeEPNS_8ListenerE
                0x00000000080056e4       0x70 .pioenvs/bluepill_f103c8/lib3e7/libcodal-core.a(MessageBus.o)
                0x00000000080056e4                codal::MessageBus::remove(codal::Listener*)
 .text._ZN5codal10MessageBus3addEPNS_8ListenerE
                0x0000000008005754       0xbc .pioenvs/bluepill_f103c8/lib3e7/libcodal-core.a(MessageBus.o)
                0x0000000008005754                codal::MessageBus::add(codal::Listener*)
 .text._ZN5codal10MessageBusD2Ev
                0x0000000008005810       0x78 .pioenvs/bluepill_f103c8/lib3e7/libcodal-core.a(MessageBus.o)
                0x0000000008005810                codal::MessageBus::~MessageBus()
                0x0000000008005810                codal::MessageBus::~MessageBus()
 .text._ZN5codal10MessageBusC2Ev
                0x0000000008005888       0xa8 .pioenvs/bluepill_f103c8/lib3e7/libcodal-core.a(MessageBus.o)
                0x0000000008005888                codal::MessageBus::MessageBus()
                0x0000000008005888                codal::MessageBus::MessageBus()
 .text._ZN5codal10MessageBus7processERNS_5EventEb
                0x0000000008005930       0x84 .pioenvs/bluepill_f103c8/lib3e7/libcodal-core.a(MessageBus.o)
                0x0000000008005930                codal::MessageBus::process(codal::Event&, bool)
 .text._ZN5codal19allocateNotifyEventEv
                0x00000000080059b4       0x10 .pioenvs/bluepill_f103c8/lib3e7/libcodal-core.a(MessageBus.o)
                0x00000000080059b4                codal::allocateNotifyEvent()
 .text._ZN5codal13ManagedStringC2EPKcs
                0x00000000080059c4       0x34 .pioenvs/bluepill_f103c8/lib3e7/libcodal-core.a(ManagedString.o)
                0x00000000080059c4                codal::ManagedString::ManagedString(char const*, short)
                0x00000000080059c4                codal::ManagedString::ManagedString(char const*, short)
 .text._ZN5codal13ManagedStringC2Ev
                0x00000000080059f8        0xc .pioenvs/bluepill_f103c8/lib3e7/libcodal-core.a(ManagedString.o)
                0x00000000080059f8                codal::ManagedString::ManagedString()
                0x00000000080059f8                codal::ManagedString::ManagedString()
 .text.startup._GLOBAL__sub_I__ZN5codal13ManagedString9initEmptyEv
                0x0000000008005a04       0x2c .pioenvs/bluepill_f103c8/lib3e7/libcodal-core.a(ManagedString.o)
 .text._Z10Blink_mainRN5codal13STM32BluePillE
                0x0000000008005a30       0x30 .pioenvs/bluepill_f103c8/src/main.o
                0x0000000008005a30                Blink_main(codal::STM32BluePill&)
 .text.startup.main
                0x0000000008005a60       0x26 .pioenvs/bluepill_f103c8/src/main.o
                0x0000000008005a60                main
 .text.unity_output_char
                0x0000000008005a86        0x6 .pioenvs/bluepill_f103c8/src/unit_test.o
                0x0000000008005a86                unity_output_char
 .text.debug_write
                0x0000000008005a8c       0x16 .pioenvs/bluepill_f103c8/libd9b/liblogger.a(logger.o)
                0x0000000008005a8c                debug_write
 .text.debug_print
                0x0000000008005aa2       0x1a .pioenvs/bluepill_f103c8/libd9b/liblogger.a(logger.o)
                0x0000000008005aa2                debug_print
 .text.debug_printhex
                0x0000000008005abc       0x42 .pioenvs/bluepill_f103c8/libd9b/liblogger.a(logger.o)
                0x0000000008005abc                debug_printhex
 .text.UnityFloatsWithin
                0x0000000008005afe       0xe4 .pioenvs/bluepill_f103c8/libfdb/libunity.a(unity.o)
 .text.UnityDoublesWithin
                0x0000000008005be2      0x11c .pioenvs/bluepill_f103c8/libfdb/libunity.a(unity.o)
 .text.setUp    0x0000000008005cfe        0x2 .pioenvs/bluepill_f103c8/libfdb/libunity.a(unity.o)
                0x0000000008005cfe                setUp
 .text.tearDown
                0x0000000008005d00        0x2 .pioenvs/bluepill_f103c8/libfdb/libunity.a(unity.o)
                0x0000000008005d00                tearDown
 .text.UnityPrintNumberUnsigned
                0x0000000008005d02       0x34 .pioenvs/bluepill_f103c8/libfdb/libunity.a(unity.o)
                0x0000000008005d02                UnityPrintNumberUnsigned
 .text.UnityPrintNumber
                0x0000000008005d36       0x18 .pioenvs/bluepill_f103c8/libfdb/libunity.a(unity.o)
                0x0000000008005d36                UnityPrintNumber
 .text.UnityPrintNumberHex
                0x0000000008005d4e       0x2e .pioenvs/bluepill_f103c8/libfdb/libunity.a(unity.o)
                0x0000000008005d4e                UnityPrintNumberHex
 .text.UnityPrint.part.0
                0x0000000008005d7c       0x4c .pioenvs/bluepill_f103c8/libfdb/libunity.a(unity.o)
 .text.UnityPrint
                0x0000000008005dc8        0x8 .pioenvs/bluepill_f103c8/libfdb/libunity.a(unity.o)
                0x0000000008005dc8                UnityPrint
 .text.memset   0x0000000008005dd0       0x10 .pioenvs/bluepill_f103c8/lib98a/libnewlib.a(memset.o)
                0x0000000008005dd0                memset
 .text.strlen   0x0000000008005de0       0x10 .pioenvs/bluepill_f103c8/lib98a/libnewlib.a(strlen.o)
                0x0000000008005de0                strlen
 .text.strncat  0x0000000008005df0       0x28 .pioenvs/bluepill_f103c8/lib98a/libnewlib.a(strncat.o)
                0x0000000008005df0                strncat
 .text._ZN5codal3Pin15setServoPulseUsEm
                0x0000000008005e18        0x6 .pioenvs/bluepill_f103c8/lib739/libcm.a(CmPin.o)
                0x0000000008005e18                codal::Pin::setServoPulseUs(unsigned long)
 .text._ZN5codal3Pin17setAnalogPeriodUsEm
                0x0000000008005e1e        0x6 .pioenvs/bluepill_f103c8/lib739/libcm.a(CmPin.o)
                0x0000000008005e1e                codal::Pin::setAnalogPeriodUs(unsigned long)
 .text._ZN5codal3Pin8drainPinEv
                0x0000000008005e24        0x6 .pioenvs/bluepill_f103c8/lib739/libcm.a(CmPin.o)
                0x0000000008005e24                codal::Pin::drainPin()
 .text._ZN5codal3_cm3Pin15getDigitalValueEv
                0x0000000008005e2a        0x4 .pioenvs/bluepill_f103c8/lib739/libcm.a(CmPin.o)
                0x0000000008005e2a                codal::_cm::Pin::getDigitalValue()
 .text._ZN5codal3_cm3Pin15getDigitalValueENS_8PullModeE
                0x0000000008005e2e       0x16 .pioenvs/bluepill_f103c8/lib739/libcm.a(CmPin.o)
                0x0000000008005e2e                codal::_cm::Pin::getDigitalValue(codal::PullMode)
 .text._ZN5codal3_cm3Pin14getAnalogValueEv
                0x0000000008005e44        0x4 .pioenvs/bluepill_f103c8/lib739/libcm.a(CmPin.o)
                0x0000000008005e44                codal::_cm::Pin::getAnalogValue()
 .text._ZN5codal3_cm3Pin7isInputEv
                0x0000000008005e48        0xe .pioenvs/bluepill_f103c8/lib739/libcm.a(CmPin.o)
                0x0000000008005e48                codal::_cm::Pin::isInput()
 .text._ZN5codal3_cm3Pin8isOutputEv
                0x0000000008005e56        0xe .pioenvs/bluepill_f103c8/lib739/libcm.a(CmPin.o)
                0x0000000008005e56                codal::_cm::Pin::isOutput()
 .text._ZN5codal3_cm3Pin9isDigitalEv
                0x0000000008005e64        0xc .pioenvs/bluepill_f103c8/lib739/libcm.a(CmPin.o)
                0x0000000008005e64                codal::_cm::Pin::isDigital()
 .text._ZN5codal3_cm3Pin8isAnalogEv
                0x0000000008005e70        0xe .pioenvs/bluepill_f103c8/lib739/libcm.a(CmPin.o)
                0x0000000008005e70                codal::_cm::Pin::isAnalog()
 .text._ZN5codal3_cm3Pin15getAnalogPeriodEv
                0x0000000008005e7e       0x12 .pioenvs/bluepill_f103c8/lib739/libcm.a(CmPin.o)
                0x0000000008005e7e                codal::_cm::Pin::getAnalogPeriod()
 .text._ZN5codal3_cm3Pin7setPullENS_8PullModeE
                0x0000000008005e90        0x6 .pioenvs/bluepill_f103c8/lib739/libcm.a(CmPin.o)
                0x0000000008005e90                codal::_cm::Pin::setPull(codal::PullMode)
 .text._ZN5codal3_cm3Pin5setupEhh
                0x0000000008005e96       0x1e .pioenvs/bluepill_f103c8/lib739/libcm.a(CmPin.o)
                0x0000000008005e96                codal::_cm::Pin::setup(unsigned char, unsigned char)
 .text._ZN5codal3_cm3Pin17setAnalogPeriodUsEi
                0x0000000008005eb4       0x12 .pioenvs/bluepill_f103c8/lib739/libcm.a(CmPin.o)
                0x0000000008005eb4                codal::_cm::Pin::setAnalogPeriodUs(int)
 .text._ZN5codal3_cm3Pin15setAnalogPeriodEi
                0x0000000008005ec6        0xa .pioenvs/bluepill_f103c8/lib739/libcm.a(CmPin.o)
                0x0000000008005ec6                codal::_cm::Pin::setAnalogPeriod(int)
 .text._ZN5codal3_cm3Pin13disableEventsEv
                0x0000000008005ed0       0x10 .pioenvs/bluepill_f103c8/lib739/libcm.a(CmPin.o)
                0x0000000008005ed0                codal::_cm::Pin::disableEvents()
 .text._ZN5codal3_cm3Pin7eventOnEi
                0x0000000008005ee0       0x26 .pioenvs/bluepill_f103c8/lib739/libcm.a(CmPin.o)
                0x0000000008005ee0                codal::_cm::Pin::eventOn(int)
 .text.target_enable_debug
                0x0000000008005f06        0x4 .pioenvs/bluepill_f103c8/lib739/libcm.a(codal_target_hal.o)
                0x0000000008005f06                target_enable_debug
 .text.target_enable_irq
                0x0000000008005f0a        0x4 .pioenvs/bluepill_f103c8/lib739/libcm.a(codal_target_hal.o)
                0x0000000008005f0a                target_enable_irq
 .text.target_disable_irq
                0x0000000008005f0e        0x4 .pioenvs/bluepill_f103c8/lib739/libcm.a(codal_target_hal.o)
                0x0000000008005f0e                target_disable_irq
 .text.target_wait_for_event
                0x0000000008005f12        0xa .pioenvs/bluepill_f103c8/lib739/libcm.a(codal_target_hal.o)
                0x0000000008005f12                target_wait_for_event
 .text.tcb_allocate
                0x0000000008005f1c        0x6 .pioenvs/bluepill_f103c8/lib739/libcm.a(codal_target_hal.o)
                0x0000000008005f1c                tcb_allocate
 .text.tcb_configure_lr
                0x0000000008005f22        0x4 .pioenvs/bluepill_f103c8/lib739/libcm.a(codal_target_hal.o)
                0x0000000008005f22                tcb_configure_lr
 .text.tcb_configure_sp
                0x0000000008005f26        0x4 .pioenvs/bluepill_f103c8/lib739/libcm.a(codal_target_hal.o)
                0x0000000008005f26                tcb_configure_sp
 .text.tcb_configure_stack_base
                0x0000000008005f2a        0x4 .pioenvs/bluepill_f103c8/lib739/libcm.a(codal_target_hal.o)
                0x0000000008005f2a                tcb_configure_stack_base
 .text.tcb_get_stack_base
                0x0000000008005f2e        0x4 .pioenvs/bluepill_f103c8/lib739/libcm.a(codal_target_hal.o)
                0x0000000008005f2e                tcb_get_stack_base
 .text.get_current_sp
                0x0000000008005f32        0x4 .pioenvs/bluepill_f103c8/lib739/libcm.a(codal_target_hal.o)
                0x0000000008005f32                get_current_sp
 .text.tcb_get_sp
                0x0000000008005f36        0x4 .pioenvs/bluepill_f103c8/lib739/libcm.a(codal_target_hal.o)
                0x0000000008005f36                tcb_get_sp
 .text.tcb_configure_args
                0x0000000008005f3a        0x8 .pioenvs/bluepill_f103c8/lib739/libcm.a(codal_target_hal.o)
                0x0000000008005f3a                tcb_configure_args
 .text._fini    0x0000000008005f42        0x2 .pioenvs/bluepill_f103c8/lib739/libcm.a(codal_target_hal.o)
                0x0000000008005f42                _fini
 .text.__aeabi_atexit
                0x0000000008005f44        0x4 .pioenvs/bluepill_f103c8/lib739/libcm.a(codal_target_hal.o)
                0x0000000008005f44                __aeabi_atexit
 .text._ZN5codal14string_reverseEPc
                0x0000000008005f48       0x2a .pioenvs/bluepill_f103c8/lib3e7/libcodal-core.a(CodalCompat.o)
                0x0000000008005f48                codal::string_reverse(char*)
 .text._ZN5codal4itoaEiPc
                0x0000000008005f72       0x50 .pioenvs/bluepill_f103c8/lib3e7/libcodal-core.a(CodalCompat.o)
                0x0000000008005f72                codal::itoa(int, char*)
 .text._ZN5codal11queue_fiberEPNS_5FiberEPS1_
                0x0000000008005fc2       0x2e .pioenvs/bluepill_f103c8/lib3e7/libcodal-core.a(CodalFiber.o)
                0x0000000008005fc2                codal::queue_fiber(codal::Fiber*, codal::Fiber**)
 .text._ZN5codal13dequeue_fiberEPNS_5FiberE
                0x0000000008005ff0       0x34 .pioenvs/bluepill_f103c8/lib3e7/libcodal-core.a(CodalFiber.o)
                0x0000000008005ff0                codal::dequeue_fiber(codal::Fiber*)
 .text._ZN5codal12create_fiberEPFvPvES0_S2_
                0x0000000008006024       0x1e .pioenvs/bluepill_f103c8/lib3e7/libcodal-core.a(CodalFiber.o)
                0x0000000008006024                codal::create_fiber(void (*)(void*), void*, void (*)(void*))
 .text._ZN5codal20fiber_wait_for_eventEtt
                0x0000000008006042       0x12 .pioenvs/bluepill_f103c8/lib3e7/libcodal-core.a(CodalFiber.o)
                0x0000000008006042                codal::fiber_wait_for_event(unsigned short, unsigned short)
 .text._ZN5codal16launch_new_fiberEPFvvES1_
                0x0000000008006054       0x10 .pioenvs/bluepill_f103c8/lib3e7/libcodal-core.a(CodalFiber.o)
                0x0000000008006054                codal::launch_new_fiber(void (*)(), void (*)())
 .text._ZN5codal13release_fiberEPv
                0x0000000008006064       0x12 .pioenvs/bluepill_f103c8/lib3e7/libcodal-core.a(CodalFiber.o)
                0x0000000008006064                codal::release_fiber(void*)
 .text._ZN5codal22launch_new_fiber_paramEPFvPvES2_S0_
                0x0000000008006076       0x1a .pioenvs/bluepill_f103c8/lib3e7/libcodal-core.a(CodalFiber.o)
                0x0000000008006076                codal::launch_new_fiber_param(void (*)(void*), void (*)(void*), void*)
 .text._ZN5codal9idle_taskEv
                0x0000000008006090        0xc .pioenvs/bluepill_f103c8/lib3e7/libcodal-core.a(CodalFiber.o)
                0x0000000008006090                codal::idle_task()
 .text._Z16device_malloc_injR14HeapDefinition
                0x000000000800609c       0x84 .pioenvs/bluepill_f103c8/lib3e7/libcodal-core.a(CodalHeapAllocator.o)
                0x000000000800609c                device_malloc_in(unsigned int, HeapDefinition&)
 .text._ZN5codal8ListenerC2EttPFvNS_5EventEEt
                0x0000000008006120       0x28 .pioenvs/bluepill_f103c8/lib3e7/libcodal-core.a(CodalListener.o)
                0x0000000008006120                codal::Listener::Listener(unsigned short, unsigned short, void (*)(codal::Event), unsigned short)
                0x0000000008006120                codal::Listener::Listener(unsigned short, unsigned short, void (*)(codal::Event), unsigned short)
 .text._ZN5codal8ListenerD2Ev
                0x0000000008006148       0x14 .pioenvs/bluepill_f103c8/lib3e7/libcodal-core.a(CodalListener.o)
                0x0000000008006148                codal::Listener::~Listener()
                0x0000000008006148                codal::Listener::~Listener()
 .text._ZN5codal8Listener5queueENS_5EventE
                0x000000000800615c       0x5c .pioenvs/bluepill_f103c8/lib3e7/libcodal-core.a(CodalListener.o)
                0x000000000800615c                codal::Listener::queue(codal::Event)
 .text._ZN5codal5Timer17disableInterruptsEv
                0x00000000080061b8        0xa .pioenvs/bluepill_f103c8/lib3e7/libcodal-core.a(Timer.o)
                0x00000000080061b8                codal::Timer::disableInterrupts()
 .text._ZN5codal5Timer16enableInterruptsEv
                0x00000000080061c2        0xa .pioenvs/bluepill_f103c8/lib3e7/libcodal-core.a(Timer.o)
                0x00000000080061c2                codal::Timer::enableInterrupts()
 .text._ZN5codal5Timer13getTimerEventEv
                0x00000000080061cc       0x22 .pioenvs/bluepill_f103c8/lib3e7/libcodal-core.a(Timer.o)
                0x00000000080061cc                codal::Timer::getTimerEvent()
 .text._ZN5codal5Timer17releaseTimerEventEPNS_10TimerEventE
                0x00000000080061ee        0xe .pioenvs/bluepill_f103c8/lib3e7/libcodal-core.a(Timer.o)
                0x00000000080061ee                codal::Timer::releaseTimerEvent(codal::TimerEvent*)
 .text._ZN5codal5Timer7getTimeEv
                0x00000000080061fc        0xe .pioenvs/bluepill_f103c8/lib3e7/libcodal-core.a(Timer.o)
                0x00000000080061fc                codal::Timer::getTime()
 .text._ZN5codal5Timer9getTimeUsEv
                0x000000000800620a        0xe .pioenvs/bluepill_f103c8/lib3e7/libcodal-core.a(Timer.o)
                0x000000000800620a                codal::Timer::getTimeUs()
 .text._ZN5codal5Timer8setEventEmttb
                0x0000000008006218       0x66 .pioenvs/bluepill_f103c8/lib3e7/libcodal-core.a(Timer.o)
                0x0000000008006218                codal::Timer::setEvent(unsigned long, unsigned short, unsigned short, bool)
 .text._ZN5codal5Timer12eventEveryUsEmtt
                0x000000000800627e        0xe .pioenvs/bluepill_f103c8/lib3e7/libcodal-core.a(Timer.o)
                0x000000000800627e                codal::Timer::eventEveryUs(unsigned long, unsigned short, unsigned short)
 .text._ZN5codal5Timer4syncEm
                0x000000000800628c       0x24 .pioenvs/bluepill_f103c8/lib3e7/libcodal-core.a(Timer.o)
                0x000000000800628c                codal::Timer::sync(unsigned long)
 .text._ZN5codal5Timer7triggerEv
                0x00000000080062b0       0x92 .pioenvs/bluepill_f103c8/lib3e7/libcodal-core.a(Timer.o)
                0x00000000080062b0                codal::Timer::trigger()
 .text._ZN5codal5TimerD2Ev
                0x0000000008006342        0x2 .pioenvs/bluepill_f103c8/lib3e7/libcodal-core.a(Timer.o)
                0x0000000008006342                codal::Timer::~Timer()
                0x0000000008006342                codal::Timer::~Timer()
 .text._ZN5codal5EventC2Ev
                0x0000000008006344       0x12 .pioenvs/bluepill_f103c8/lib3e7/libcodal-core.a(Event.o)
                0x0000000008006344                codal::Event::Event()
                0x0000000008006344                codal::Event::Event()
 .text._ZN5codal5EventC2EttNS_15EventLaunchModeE
                0x0000000008006356       0x1c .pioenvs/bluepill_f103c8/lib3e7/libcodal-core.a(Event.o)
                0x0000000008006356                codal::Event::Event(unsigned short, unsigned short, codal::EventLaunchMode)
                0x0000000008006356                codal::Event::Event(unsigned short, unsigned short, codal::EventLaunchMode)
 .text._ZN5codal5EventC2EttmNS_15EventLaunchModeE
                0x0000000008006372       0x18 .pioenvs/bluepill_f103c8/lib3e7/libcodal-core.a(Event.o)
                0x0000000008006372                codal::Event::Event(unsigned short, unsigned short, unsigned long, codal::EventLaunchMode)
                0x0000000008006372                codal::Event::Event(unsigned short, unsigned short, unsigned long, codal::EventLaunchMode)
 .text._ZN5codal14EventQueueItemC2ENS_5EventE
                0x000000000800638a       0x20 .pioenvs/bluepill_f103c8/lib3e7/libcodal-core.a(Event.o)
                0x000000000800638a                codal::EventQueueItem::EventQueueItem(codal::Event)
                0x000000000800638a                codal::EventQueueItem::EventQueueItem(codal::Event)
 .text._ZN5codal14CodalComponent16periodicCallbackEv
                0x00000000080063aa        0x2 .pioenvs/bluepill_f103c8/lib271/libbluepill.a(STM32BluePill.o)
                0x00000000080063aa                codal::CodalComponent::periodicCallback()
 .text._ZN5codal14CodalComponent12idleCallbackEv
                0x00000000080063ac        0x2 .pioenvs/bluepill_f103c8/lib271/libbluepill.a(STM32BluePill.o)
                0x00000000080063ac                codal::CodalComponent::idleCallback()
 .text._ZN5codal13STM32BluePill16periodicCallbackEv
                0x00000000080063ae        0x2 .pioenvs/bluepill_f103c8/lib271/libbluepill.a(STM32BluePill.o)
                0x00000000080063ae                codal::STM32BluePill::periodicCallback()
 .text._ZN5codal14CodalComponentD0Ev
                0x00000000080063b0       0x12 .pioenvs/bluepill_f103c8/lib271/libbluepill.a(STM32BluePill.o)
                0x00000000080063b0                codal::CodalComponent::~CodalComponent()
 .text._ZN5codal13STM32BluePill12idleCallbackEv
                0x00000000080063c2        0x4 .pioenvs/bluepill_f103c8/lib271/libbluepill.a(STM32BluePill.o)
                0x00000000080063c2                codal::STM32BluePill::idleCallback()
 .text._ZN5codal13STM32BluePillD0Ev
                0x00000000080063c6       0x12 .pioenvs/bluepill_f103c8/lib271/libbluepill.a(STM32BluePill.o)
                0x00000000080063c6                codal::STM32BluePill::~STM32BluePill()
 .text.__cxa_pure_virtual
                0x00000000080063d8        0x8 .pioenvs/bluepill_f103c8/lib271/libbluepill.a(bluepill.o)
                0x00000000080063d8                __cxa_pure_virtual
 .text._Znwj    0x00000000080063e0        0x4 .pioenvs/bluepill_f103c8/lib271/libbluepill.a(bluepill.o)
                0x00000000080063e0                operator new(unsigned int)
 .text._ZdlPv   0x00000000080063e4        0x4 .pioenvs/bluepill_f103c8/lib271/libbluepill.a(bluepill.o)
                0x00000000080063e4                operator delete(void*)
 .text.millis   0x00000000080063e8        0x4 .pioenvs/bluepill_f103c8/lib271/libbluepill.a(timer.o)
                0x00000000080063e8                millis
 .text._ZN13UARTInterfaceC2Ejj
                0x00000000080063ec        0x2 .pioenvs/bluepill_f103c8/lib33e/libuartint.a(uartint.o)
                0x00000000080063ec                UARTInterface::UARTInterface(unsigned int, unsigned int)
                0x00000000080063ec                UARTInterface::UARTInterface(unsigned int, unsigned int)
 .text.gpio_set_mode
                0x00000000080063ee       0x62 .pioenvs/bluepill_f103c8/libFrameworkLibOpenCM3.a(gpio.o)
                0x00000000080063ee                gpio_set_mode
 .text.gpio_set
                0x0000000008006450        0x4 .pioenvs/bluepill_f103c8/libFrameworkLibOpenCM3.a(gpio_common_all.o)
                0x0000000008006450                gpio_set
 .text.gpio_clear
                0x0000000008006454        0x6 .pioenvs/bluepill_f103c8/libFrameworkLibOpenCM3.a(gpio_common_all.o)
                0x0000000008006454                gpio_clear
 .text.usart_recv
                0x000000000800645a        0x8 .pioenvs/bluepill_f103c8/libFrameworkLibOpenCM3.a(usart_common_f124.o)
                0x000000000800645a                usart_recv
 .text.rcc_periph_clock_enable
                0x0000000008006462       0x1a .pioenvs/bluepill_f103c8/libFrameworkLibOpenCM3.a(rcc_common_all.o)
                0x0000000008006462                rcc_periph_clock_enable
 .text.blocking_handler
                0x000000000800647c        0x2 .pioenvs/bluepill_f103c8/libFrameworkLibOpenCM3.a(vector.o)
                0x000000000800647c                exti0_isr
                0x000000000800647c                tim7_isr
                0x000000000800647c                adc1_2_isr
                0x000000000800647c                tim1_trg_com_isr
                0x000000000800647c                usb_hp_can_tx_isr
                0x000000000800647c                tim6_isr
                0x000000000800647c                usb_wakeup_isr
                0x000000000800647c                blocking_handler
                0x000000000800647c                tim5_isr
                0x000000000800647c                otg_fs_isr
                0x000000000800647c                spi1_isr
                0x000000000800647c                exti2_isr
                0x000000000800647c                dma1_channel6_isr
                0x000000000800647c                can_rx1_isr
                0x000000000800647c                dma1_channel5_isr
                0x000000000800647c                dma2_channel5_isr
                0x000000000800647c                usart1_isr
                0x000000000800647c                usage_fault_handler
                0x000000000800647c                tim8_trg_com_isr
                0x000000000800647c                can2_rx0_isr
                0x000000000800647c                tim1_brk_isr
                0x000000000800647c                can2_rx1_isr
                0x000000000800647c                tim1_cc_isr
                0x000000000800647c                sdio_isr
                0x000000000800647c                eth_isr
                0x000000000800647c                dma1_channel4_isr
                0x000000000800647c                tim8_brk_isr
                0x000000000800647c                dma2_channel4_5_isr
                0x000000000800647c                pvd_isr
                0x000000000800647c                rcc_isr
                0x000000000800647c                flash_isr
                0x000000000800647c                uart4_isr
                0x000000000800647c                exti15_10_isr
                0x000000000800647c                hard_fault_handler
                0x000000000800647c                exti1_isr
                0x000000000800647c                i2c1_ev_isr
                0x000000000800647c                dma2_channel1_isr
                0x000000000800647c                spi2_isr
                0x000000000800647c                tim8_up_isr
                0x000000000800647c                dma2_channel2_isr
                0x000000000800647c                exti3_isr
                0x000000000800647c                adc3_isr
                0x000000000800647c                tim3_isr
                0x000000000800647c                usb_lp_can_rx0_isr
                0x000000000800647c                i2c2_er_isr
                0x000000000800647c                i2c2_ev_isr
                0x000000000800647c                uart5_isr
                0x000000000800647c                fsmc_isr
                0x000000000800647c                dma1_channel1_isr
                0x000000000800647c                exti4_isr
                0x000000000800647c                mem_manage_handler
                0x000000000800647c                can2_tx_isr
                0x000000000800647c                exti9_5_isr
                0x000000000800647c                dma2_channel3_isr
                0x000000000800647c                dma1_channel7_isr
                0x000000000800647c                tim1_up_isr
                0x000000000800647c                can2_sce_isr
                0x000000000800647c                tim4_isr
                0x000000000800647c                dma1_channel2_isr
                0x000000000800647c                i2c1_er_isr
                0x000000000800647c                can_sce_isr
                0x000000000800647c                tim8_cc_isr
                0x000000000800647c                tamper_isr
                0x000000000800647c                eth_wkup_isr
                0x000000000800647c                bus_fault_handler
                0x000000000800647c                wwdg_isr
                0x000000000800647c                dma1_channel3_isr
                0x000000000800647c                spi3_isr
                0x000000000800647c                tim2_isr
                0x000000000800647c                usart3_isr
 .text.null_handler
                0x000000000800647e        0x2 .pioenvs/bluepill_f103c8/libFrameworkLibOpenCM3.a(vector.o)
                0x000000000800647e                null_handler
                0x000000000800647e                sv_call_handler
                0x000000000800647e                pend_sv_handler
                0x000000000800647e                debug_monitor_handler
                0x000000000800647e                sys_tick_handler
                0x000000000800647e                nmi_handler
 .text.nvic_enable_irq
                0x0000000008006480       0x1a .pioenvs/bluepill_f103c8/libFrameworkLibOpenCM3.a(nvic.o)
                0x0000000008006480                nvic_enable_irq
 .text.memcpy   0x000000000800649a       0x1c .pioenvs/bluepill_f103c8/lib98a/libnewlib.a(memcpy.o)
                0x000000000800649a                memcpy
 .text._ZN5codal3_cm3I2C12setFrequencyEm
                0x00000000080064b6        0x4 .pioenvs/bluepill_f103c8/lib739/libcm.a(CmI2C.o)
                0x00000000080064b6                codal::_cm::I2C::setFrequency(unsigned long)
 .text._ZN5codal3_cm3I2C5writeEtPhib
                0x00000000080064ba        0x4 .pioenvs/bluepill_f103c8/lib739/libcm.a(CmI2C.o)
                0x00000000080064ba                codal::_cm::I2C::read(unsigned short, unsigned char*, int, bool)
                0x00000000080064ba                codal::_cm::I2C::write(unsigned short, unsigned char*, int, bool)
 .text._ZN5codal3_cm3I2C12readRegisterEthPhib
                0x00000000080064be        0x4 .pioenvs/bluepill_f103c8/lib739/libcm.a(CmI2C.o)
                0x00000000080064be                codal::_cm::I2C::readRegister(unsigned short, unsigned char, unsigned char*, int, bool)
 .text._ZN5codal3_cm3SPI12setFrequencyEm
                0x00000000080064c2        0xc .pioenvs/bluepill_f103c8/lib739/libcm.a(CmSPI.o)
                0x00000000080064c2                codal::_cm::SPI::setFrequency(unsigned long)
 .text._ZN5codal3_cm3SPI5writeEi
                0x00000000080064ce        0xe .pioenvs/bluepill_f103c8/lib739/libcm.a(CmSPI.o)
                0x00000000080064ce                codal::_cm::SPI::write(int)
 .text._ZN5codal3_cm3SPI8transferEPKhmPhm
                0x00000000080064dc        0x4 .pioenvs/bluepill_f103c8/lib739/libcm.a(CmSPI.o)
                0x00000000080064dc                codal::_cm::SPI::transfer(unsigned char const*, unsigned long, unsigned char*, unsigned long)
 .text._ZN5codal3_cm3SPI7setModeEii
                0x00000000080064e0       0x18 .pioenvs/bluepill_f103c8/lib739/libcm.a(CmSPI.o)
                0x00000000080064e0                codal::_cm::SPI::setMode(int, int)
 .text._ZN5codal3_cm16_codal_setup_pinEPNS0_3PinEmPK6PinMap
                0x00000000080064f8       0x54 .pioenvs/bluepill_f103c8/lib739/libcm.a(CmSPI.o)
                0x00000000080064f8                codal::_cm::_codal_setup_pin(codal::_cm::Pin*, unsigned long, PinMap const*)
 .text._ZN5codal3_cm3SPI13startTransferEPKhmPhmPFvPvES5_
                0x000000000800654c       0x28 .pioenvs/bluepill_f103c8/lib739/libcm.a(CmSPI.o)
                0x000000000800654c                codal::_cm::SPI::startTransfer(unsigned char const*, unsigned long, unsigned char*, unsigned long, void (*)(void*), void*)
 .text._ZN5codal3_cm6Serial15enableInterruptENS_19SerialInterruptTypeE
                0x0000000008006574        0x4 .pioenvs/bluepill_f103c8/lib739/libcm.a(CmSerial.o)
                0x0000000008006574                codal::_cm::Serial::enableInterrupt(codal::SerialInterruptType)
 .text._ZN5codal3_cm6Serial16disableInterruptENS_19SerialInterruptTypeE
                0x0000000008006578        0x4 .pioenvs/bluepill_f103c8/lib739/libcm.a(CmSerial.o)
                0x0000000008006578                codal::_cm::Serial::disableInterrupt(codal::SerialInterruptType)
 .text._ZN5codal3_cm6Serial11setBaudrateEm
                0x000000000800657c        0x4 .pioenvs/bluepill_f103c8/lib739/libcm.a(CmSerial.o)
                0x000000000800657c                codal::_cm::Serial::setBaudrate(unsigned long)
 .text._ZN5codal3_cm6Serial13configurePinsERNS_3PinES3_
                0x0000000008006580        0x4 .pioenvs/bluepill_f103c8/lib739/libcm.a(CmSerial.o)
                0x0000000008006580                codal::_cm::Serial::configurePins(codal::Pin&, codal::Pin&)
 .text._ZN5codal3_cm6Serial4putcEc
                0x0000000008006584        0x4 .pioenvs/bluepill_f103c8/lib739/libcm.a(CmSerial.o)
                0x0000000008006584                codal::_cm::Serial::putc(char)
 .text._ZN5codal3_cm6Serial4getcEv
                0x0000000008006588        0x6 .pioenvs/bluepill_f103c8/lib739/libcm.a(CmSerial.o)
                0x0000000008006588                codal::_cm::Serial::getc()
 .text._ZN5codal3_cm6SerialD0Ev
                0x000000000800658e       0x12 .pioenvs/bluepill_f103c8/lib739/libcm.a(CmSerial.o)
                0x000000000800658e                codal::_cm::Serial::~Serial()
 .text._ZN5codal3_cm6Serial12initialiseRxEv
                0x00000000080065a0       0x38 .pioenvs/bluepill_f103c8/lib739/libcm.a(CmSerial.o)
                0x00000000080065a0                codal::_cm::Serial::initialiseRx()
 .text._ZN5codal3_cm6Serial12circularCopyEPhhS2_tt
                0x00000000080065d8       0x26 .pioenvs/bluepill_f103c8/lib739/libcm.a(CmSerial.o)
                0x00000000080065d8                codal::_cm::Serial::circularCopy(unsigned char*, unsigned char, unsigned char*, unsigned short, unsigned short)
 .text._ZN5codal3_cm6Serial7eventOnENS_13ManagedStringENS_10SerialModeE
                0x00000000080065fe       0x24 .pioenvs/bluepill_f103c8/lib739/libcm.a(CmSerial.o)
                0x00000000080065fe                codal::_cm::Serial::eventOn(codal::ManagedString, codal::SerialMode)
 .text._ZN5codal3_cm6Serial9readUntilENS_13ManagedStringENS_10SerialModeE
                0x0000000008006622      0x1a6 .pioenvs/bluepill_f103c8/lib739/libcm.a(CmSerial.o)
                0x0000000008006622                codal::_cm::Serial::readUntil(codal::ManagedString, codal::SerialMode)
 .text._ZN5codal3_cm5Timer9triggerInEm
                0x00000000080067c8        0x2 .pioenvs/bluepill_f103c8/lib739/libcm.a(CmTimer.o)
                0x00000000080067c8                codal::_cm::Timer::triggerIn(unsigned long)
 .text._ZN5codal3_cm5Timer11syncRequestEv
                0x00000000080067ca       0x26 .pioenvs/bluepill_f103c8/lib739/libcm.a(CmTimer.o)
                0x00000000080067ca                codal::_cm::Timer::syncRequest()
 .text._ZN5codal3I2C12setFrequencyEm
                0x00000000080067f0        0x6 .pioenvs/bluepill_f103c8/lib3e7/libcodal-core.a(I2C.o)
                0x00000000080067f0                codal::I2C::setFrequency(unsigned long)
 .text._ZN5codal3I2C5startEv
                0x00000000080067f6        0x6 .pioenvs/bluepill_f103c8/lib3e7/libcodal-core.a(I2C.o)
                0x00000000080067f6                codal::I2C::stop()
                0x00000000080067f6                codal::I2C::start()
 .text._ZN5codal3I2C5writeEh
                0x00000000080067fc        0x6 .pioenvs/bluepill_f103c8/lib3e7/libcodal-core.a(I2C.o)
                0x00000000080067fc                codal::I2C::read(codal::AcknowledgeType)
                0x00000000080067fc                codal::I2C::write(unsigned char)
 .text._ZN5codal3I2C13writeRegisterEthh
                0x0000000008006802       0x1c .pioenvs/bluepill_f103c8/lib3e7/libcodal-core.a(I2C.o)
                0x0000000008006802                codal::I2C::writeRegister(unsigned short, unsigned char, unsigned char)
 .text._ZN5codal3I2C5writeEtPhib
                0x000000000800681e       0x50 .pioenvs/bluepill_f103c8/lib3e7/libcodal-core.a(I2C.o)
                0x000000000800681e                codal::I2C::write(unsigned short, unsigned char*, int, bool)
 .text._ZN5codal3I2C4readEtPhib
                0x000000000800686e       0x64 .pioenvs/bluepill_f103c8/lib3e7/libcodal-core.a(I2C.o)
                0x000000000800686e                codal::I2C::read(unsigned short, unsigned char*, int, bool)
 .text._ZN5codal3I2C5writeEth
                0x00000000080068d2       0x1c .pioenvs/bluepill_f103c8/lib3e7/libcodal-core.a(I2C.o)
                0x00000000080068d2                codal::I2C::write(unsigned short, unsigned char)
 .text._ZN5codal3I2C12readRegisterEthPhib
                0x00000000080068ee       0x42 .pioenvs/bluepill_f103c8/lib3e7/libcodal-core.a(I2C.o)
                0x00000000080068ee                codal::I2C::readRegister(unsigned short, unsigned char, unsigned char*, int, bool)
 .text._ZN5codal6Serial12initialiseRxEv
                0x0000000008006930       0x4c .pioenvs/bluepill_f103c8/lib3e7/libcodal-core.a(Serial.o)
                0x0000000008006930                codal::Serial::initialiseRx()
 .text._ZN5codal6Serial12circularCopyEPhhS1_tt
                0x000000000800697c       0x26 .pioenvs/bluepill_f103c8/lib3e7/libcodal-core.a(Serial.o)
                0x000000000800697c                codal::Serial::circularCopy(unsigned char*, unsigned char, unsigned char*, unsigned short, unsigned short)
 .text._ZN5codal6Serial7eventOnENS_13ManagedStringENS_10SerialModeE
                0x00000000080069a2       0x26 .pioenvs/bluepill_f103c8/lib3e7/libcodal-core.a(Serial.o)
                0x00000000080069a2                codal::Serial::eventOn(codal::ManagedString, codal::SerialMode)
 .text._ZN5codal6Serial9readUntilENS_13ManagedStringENS_10SerialModeE
                0x00000000080069c8      0x1a6 .pioenvs/bluepill_f103c8/lib3e7/libcodal-core.a(Serial.o)
                0x00000000080069c8                codal::Serial::readUntil(codal::ManagedString, codal::SerialMode)
 .text._ZN5codal10MessageBus9elementAtEi
                0x0000000008006b6e       0x10 .pioenvs/bluepill_f103c8/lib3e7/libcodal-core.a(MessageBus.o)
                0x0000000008006b6e                codal::MessageBus::elementAt(int)
 .text._ZN5codal22MemberFunctionCallback10methodCallINS_10MessageBusEEEvPvPmNS_5EventE
                0x0000000008006b7e       0x30 .pioenvs/bluepill_f103c8/lib3e7/libcodal-core.a(MessageBus.o)
                0x0000000008006b7e                void codal::MemberFunctionCallback::methodCall<codal::MessageBus>(void*, unsigned long*, codal::Event)
 .text._Z14async_callbackPv
                0x0000000008006bae       0x7c .pioenvs/bluepill_f103c8/lib3e7/libcodal-core.a(MessageBus.o)
                0x0000000008006bae                async_callback(void*)
 .text._ZThn8_N5codal10MessageBusD1Ev
                0x0000000008006c2a        0x8 .pioenvs/bluepill_f103c8/lib3e7/libcodal-core.a(MessageBus.o)
                0x0000000008006c2a                non-virtual thunk to codal::MessageBus::~MessageBus()
 .text._ZN5codal10MessageBusD0Ev
                0x0000000008006c32       0x12 .pioenvs/bluepill_f103c8/lib3e7/libcodal-core.a(MessageBus.o)
                0x0000000008006c32                codal::MessageBus::~MessageBus()
 .text._ZThn8_N5codal10MessageBusD0Ev
                0x0000000008006c44        0x8 .pioenvs/bluepill_f103c8/lib3e7/libcodal-core.a(MessageBus.o)
                0x0000000008006c44                non-virtual thunk to codal::MessageBus::~MessageBus()
 .text._ZN5codal10MessageBus12dequeueEventEv
                0x0000000008006c4c       0x22 .pioenvs/bluepill_f103c8/lib3e7/libcodal-core.a(MessageBus.o)
                0x0000000008006c4c                codal::MessageBus::dequeueEvent()
 .text._ZN5codal10MessageBus21deleteMarkedListenersEv
                0x0000000008006c6e       0x42 .pioenvs/bluepill_f103c8/lib3e7/libcodal-core.a(MessageBus.o)
                0x0000000008006c6e                codal::MessageBus::deleteMarkedListeners()
 .text._ZN5codal10MessageBus10queueEventERNS_5EventE
                0x0000000008006cb0       0x5e .pioenvs/bluepill_f103c8/lib3e7/libcodal-core.a(MessageBus.o)
                0x0000000008006cb0                codal::MessageBus::queueEvent(codal::Event&)
 .text._ZN5codal10MessageBus4sendENS_5EventE
                0x0000000008006d0e       0x16 .pioenvs/bluepill_f103c8/lib3e7/libcodal-core.a(MessageBus.o)
                0x0000000008006d0e                codal::MessageBus::send(codal::Event)
 .text._ZN5codal10MessageBus4idleENS_5EventE
                0x0000000008006d24       0x34 .pioenvs/bluepill_f103c8/lib3e7/libcodal-core.a(MessageBus.o)
                0x0000000008006d24                codal::MessageBus::idle(codal::Event)
 .text._ZN5codal13ManagedStringD2Ev
                0x0000000008006d58        0xe .pioenvs/bluepill_f103c8/lib3e7/libcodal-core.a(ManagedString.o)
                0x0000000008006d58                codal::ManagedString::~ManagedString()
                0x0000000008006d58                codal::ManagedString::~ManagedString()
 .text._ZN5codal13ManagedString10initStringEPKci
                0x0000000008006d66       0x2e .pioenvs/bluepill_f103c8/lib3e7/libcodal-core.a(ManagedString.o)
                0x0000000008006d66                codal::ManagedString::initString(char const*, int)
 .text._ZN5codal13ManagedStringC2Ei
                0x0000000008006d94       0x22 .pioenvs/bluepill_f103c8/lib3e7/libcodal-core.a(ManagedString.o)
                0x0000000008006d94                codal::ManagedString::ManagedString(int)
                0x0000000008006d94                codal::ManagedString::ManagedString(int)
 .text._ZN5codal13ManagedStringC2ERKS0_
                0x0000000008006db6       0x10 .pioenvs/bluepill_f103c8/lib3e7/libcodal-core.a(ManagedString.o)
                0x0000000008006db6                codal::ManagedString::ManagedString(codal::ManagedString const&)
                0x0000000008006db6                codal::ManagedString::ManagedString(codal::ManagedString const&)
 .text._ZN5codal13ManagedStringaSERKS0_
                0x0000000008006dc6       0x1e .pioenvs/bluepill_f103c8/lib3e7/libcodal-core.a(ManagedString.o)
                0x0000000008006dc6                codal::ManagedString::operator=(codal::ManagedString const&)
 .text._ZN5codal13ManagedString6charAtEs
                0x0000000008006de4       0x18 .pioenvs/bluepill_f103c8/lib3e7/libcodal-core.a(ManagedString.o)
                0x0000000008006de4                codal::ManagedString::charAt(short)
 .text._ZL16isReadOnlyInlinePN5codal10RefCountedE
                0x0000000008006dfc       0x22 .pioenvs/bluepill_f103c8/lib3e7/libcodal-core.a(RefCounted.o)
 .text._ZN5codal10RefCounted4incrEv
                0x0000000008006e1e       0x12 .pioenvs/bluepill_f103c8/lib3e7/libcodal-core.a(RefCounted.o)
                0x0000000008006e1e                codal::RefCounted::incr()
 .text._ZN5codal10RefCounted4decrEv
                0x0000000008006e30       0x22 .pioenvs/bluepill_f103c8/lib3e7/libcodal-core.a(RefCounted.o)
                0x0000000008006e30                codal::RefCounted::decr()
 .text._ZN5codal10RefCounted7destroyEv
                0x0000000008006e52        0x4 .pioenvs/bluepill_f103c8/lib3e7/libcodal-core.a(RefCountedInit.o)
                0x0000000008006e52                codal::RefCounted::destroy()
 .text._ZN5codal10RefCounted4initEv
                0x0000000008006e56        0x6 .pioenvs/bluepill_f103c8/lib3e7/libcodal-core.a(RefCountedInit.o)
                0x0000000008006e56                codal::RefCounted::init()
 .text._ZN5codal22MemberFunctionCallback4fireENS_5EventE
                0x0000000008006e5c       0x18 .pioenvs/bluepill_f103c8/lib3e7/libcodal-core.a(MemberFunctionCallback.o)
                0x0000000008006e5c                codal::MemberFunctionCallback::fire(codal::Event)
 .text._ZN5codal22MemberFunctionCallbackeqERKS0_
                0x0000000008006e74       0x20 .pioenvs/bluepill_f103c8/lib3e7/libcodal-core.a(MemberFunctionCallback.o)
                0x0000000008006e74                codal::MemberFunctionCallback::operator==(codal::MemberFunctionCallback const&)
 .text.memcmp   0x0000000008006e94       0x1e .pioenvs/bluepill_f103c8/lib98a/libnewlib.a(memcmp.o)
                0x0000000008006e94                memcmp
                0x0000000008006eb4                . = ALIGN (0x4)
 *fill*         0x0000000008006eb2        0x2 
 *(SORT_BY_ALIGNMENT(.rodata*))
 .rodata._ZTVN5codal3_cm3PinE
                0x0000000008006eb4       0x54 .pioenvs/bluepill_f103c8/lib739/libcm.a(CmPin.o)
                0x0000000008006eb4                vtable for codal::_cm::Pin
 .rodata._ZTVN5codal5TimerE
                0x0000000008006f08       0x18 .pioenvs/bluepill_f103c8/lib3e7/libcodal-core.a(Timer.o)
                0x0000000008006f08                vtable for codal::Timer
 .rodata._ZTVN5codal14CodalComponentE
                0x0000000008006f20       0x1c .pioenvs/bluepill_f103c8/lib271/libbluepill.a(STM32BluePill.o)
                0x0000000008006f20                vtable for codal::CodalComponent
 .rodata._ZTVN5codal13STM32BluePillE
                0x0000000008006f3c       0x1c .pioenvs/bluepill_f103c8/lib271/libbluepill.a(STM32BluePill.o)
                0x0000000008006f3c                vtable for codal::STM32BluePill
 .rodata.PinMap_SPI_MISO
                0x0000000008006f58       0x48 .pioenvs/bluepill_f103c8/lib271/libbluepill.a(STM32BluePillIO.o)
                0x0000000008006f58                PinMap_SPI_MISO
 .rodata.PinMap_SPI_MOSI
                0x0000000008006fa0       0x48 .pioenvs/bluepill_f103c8/lib271/libbluepill.a(STM32BluePillIO.o)
                0x0000000008006fa0                PinMap_SPI_MOSI
 .rodata.PinMap_SPI_NSS
                0x0000000008006fe8       0x48 .pioenvs/bluepill_f103c8/lib271/libbluepill.a(STM32BluePillIO.o)
                0x0000000008006fe8                PinMap_SPI_NSS
 .rodata.PinMap_SPI_SCK
                0x0000000008007030       0x48 .pioenvs/bluepill_f103c8/lib271/libbluepill.a(STM32BluePillIO.o)
                0x0000000008007030                PinMap_SPI_SCK
 .rodata._ZTVN5codal3_cm3I2CE
                0x0000000008007078       0x2c .pioenvs/bluepill_f103c8/lib739/libcm.a(CmI2C.o)
                0x0000000008007078                vtable for codal::_cm::I2C
 .rodata._ZTVN5codal3_cm3SPIE
                0x00000000080070a4       0x1c .pioenvs/bluepill_f103c8/lib739/libcm.a(CmSPI.o)
                0x00000000080070a4                vtable for codal::_cm::SPI
 .rodata._ZTVN5codal3_cm6SerialE
                0x00000000080070c0       0x38 .pioenvs/bluepill_f103c8/lib739/libcm.a(CmSerial.o)
                0x00000000080070c0                vtable for codal::_cm::Serial
 .rodata._ZTVN5codal3_cm5TimerE
                0x00000000080070f8       0x18 .pioenvs/bluepill_f103c8/lib739/libcm.a(CmTimer.o)
                0x00000000080070f8                vtable for codal::_cm::Timer
 .rodata._ZTVN5codal3I2CE
                0x0000000008007110       0x2c .pioenvs/bluepill_f103c8/lib3e7/libcodal-core.a(I2C.o)
                0x0000000008007110                vtable for codal::I2C
 .rodata._ZTVN5codal6SerialE
                0x000000000800713c       0x38 .pioenvs/bluepill_f103c8/lib3e7/libcodal-core.a(Serial.o)
                0x000000000800713c                vtable for codal::Serial
 .rodata._ZTVN5codal10EventModelE
                0x0000000008007174       0x14 .pioenvs/bluepill_f103c8/lib3e7/libcodal-core.a(MessageBus.o)
                0x0000000008007174                vtable for codal::EventModel
 .rodata._ZTVN5codal10MessageBusE
                0x0000000008007188       0x3c .pioenvs/bluepill_f103c8/lib3e7/libcodal-core.a(MessageBus.o)
                0x0000000008007188                vtable for codal::MessageBus
 .rodata._ZL9emptyData
                0x00000000080071c4        0x4 .pioenvs/bluepill_f103c8/lib3e7/libcodal-core.a(ManagedString.o)
 .rodata._Z10debug_dumpv.str1.1
                0x00000000080071c8        0xc .pioenvs/bluepill_f103c8/src/main.o
                                          0xd (size before relaxing)
 .rodata.test_nanofloat.str1.1
                0x00000000080071d4      0x10d .pioenvs/bluepill_f103c8/src/unit_test.o
                                        0x10e (size before relaxing)
 .rodata._Z11debug_printi.str1.1
                0x00000000080072e1        0x2 .pioenvs/bluepill_f103c8/libd9b/liblogger.a(logger.o)
                                          0x4 (size before relaxing)
 .rodata._Z11debug_printj.str1.1
                0x00000000080072e3        0xb .pioenvs/bluepill_f103c8/libd9b/liblogger.a(logger.o)
 .rodata.debug_println.str1.1
                0x00000000080072ee        0x2 .pioenvs/bluepill_f103c8/libd9b/liblogger.a(logger.o)
 .rodata.UnityPrintFloat.str1.1
                0x00000000080072f0        0x8 .pioenvs/bluepill_f103c8/libfdb/libunity.a(unity.o)
                                          0xa (size before relaxing)
 .rodata.UnityStrBreaker
                0x00000000080072f8       0x18 .pioenvs/bluepill_f103c8/libfdb/libunity.a(unity.o)
 .rodata.UnityStrDetail1Name
                0x0000000008007310        0xa .pioenvs/bluepill_f103c8/libfdb/libunity.a(unity.o)
 .rodata.UnityStrDetail2Name
                0x000000000800731a        0xb .pioenvs/bluepill_f103c8/libfdb/libunity.a(unity.o)
 .rodata.UnityStrExpected
                0x0000000008007325        0xb .pioenvs/bluepill_f103c8/libfdb/libunity.a(unity.o)
 .rodata.UnityStrFail