Archive member included to satisfy reference by file (symbol)

.pioenvs\bluepill_f103c8\libd5c\liblogger.a(logger.o)
                              .pioenvs\bluepill_f103c8\lib14c\hal\codal_target_hal.o (debug_flush)
.pioenvs\bluepill_f103c8\libff5\libbluepill.a(bluepill.o)
                              .pioenvs\bluepill_f103c8\lib14c\hal\codal_target_hal.o (platform_setup)
.pioenvs\bluepill_f103c8\libff5\libbluepill.a(led.o)
                              .pioenvs\bluepill_f103c8\libff5\libbluepill.a(bluepill.o) (led_setup)
.pioenvs\bluepill_f103c8\libff5\libbluepill.a(timer.o)
                              .pioenvs\bluepill_f103c8\lib14c\hal\codal_target_hal.o (platform_start_timer)
.pioenvs\bluepill_f103c8\liba7a\libbaseloader.a(baseloader.o)
                              .pioenvs\bluepill_f103c8\lib14c\hal\reset_handler.o (baseloader_start)
.pioenvs\bluepill_f103c8\libb55\libbootloader.a(bootloader.o)
                              .pioenvs\bluepill_f103c8\lib14c\hal\reset_handler.o (bootloader_start)
.pioenvs\bluepill_f103c8\libb55\libbootloader.a(target_stm32f103.o)
                              .pioenvs\bluepill_f103c8\libb55\libbootloader.a(bootloader.o) (boot_target_get_startup_mode)
.pioenvs\bluepill_f103c8\libb55\libbootloader.a(usb_conf.o)
                              .pioenvs\bluepill_f103c8\libb55\libbootloader.a(bootloader.o) (usb_setup)
.pioenvs\bluepill_f103c8\libb55\libbootloader.a(webusb.o)
                              .pioenvs\bluepill_f103c8\libb55\libbootloader.a(usb_conf.o) (webusb_setup)
.pioenvs\bluepill_f103c8\libb55\libbootloader.a(winusb.o)
                              .pioenvs\bluepill_f103c8\libb55\libbootloader.a(usb_conf.o) (winusb_setup)
.pioenvs\bluepill_f103c8\libb55\libbootloader.a(cdc.o)
                              .pioenvs\bluepill_f103c8\libb55\libbootloader.a(usb_conf.o) (cdcadm_transmit)
.pioenvs\bluepill_f103c8\libb55\libbootloader.a(hf2.o)
                              .pioenvs\bluepill_f103c8\libb55\libbootloader.a(usb_conf.o) (hf2_setup)
.pioenvs\bluepill_f103c8\libb55\libbootloader.a(backup.o)
                              .pioenvs\bluepill_f103c8\libb55\libbootloader.a(target_stm32f103.o) (backup_write)
.pioenvs\bluepill_f103c8\libb55\libbootloader.a(usb21_standard.o)
                              .pioenvs\bluepill_f103c8\libb55\libbootloader.a(usb_conf.o) (usb21_setup)
.pioenvs\bluepill_f103c8\libb55\libbootloader.a(ghostfat.o)
                              .pioenvs\bluepill_f103c8\libb55\libbootloader.a(hf2.o) (flash_flush)
.pioenvs\bluepill_f103c8\lib9f3\libnewlib.a(memcmp.o)
                              .pioenvs\bluepill_f103c8\libb55\libbootloader.a(ghostfat.o) (memcmp)
.pioenvs\bluepill_f103c8\lib9f3\libnewlib.a(memcpy.o)
                              .pioenvs\bluepill_f103c8\libd5c\liblogger.a(logger.o) (memcpy)
.pioenvs\bluepill_f103c8\lib9f3\libnewlib.a(memset.o)
                              .pioenvs\bluepill_f103c8\libb55\libbootloader.a(hf2.o) (memset)
.pioenvs\bluepill_f103c8\lib9f3\libnewlib.a(strlen.o)
                              .pioenvs\bluepill_f103c8\src\aggregate.o (strlen)
.pioenvs\bluepill_f103c8\lib9f3\libnewlib.a(strncat.o)
                              .pioenvs\bluepill_f103c8\src\wisol.o (strncat)
.pioenvs\bluepill_f103c8\lib9f3\libnewlib.a(strncmp.o)
                              .pioenvs\bluepill_f103c8\src\aggregate.o (strncmp)
.pioenvs\bluepill_f103c8\lib9f3\libnewlib.a(strncpy.o)
                              .pioenvs\bluepill_f103c8\src\aggregate.o (strncpy)
.pioenvs\bluepill_f103c8\lib9f3\libnewlib.a(strstr.o)
                              .pioenvs\bluepill_f103c8\src\wisol.o (strstr)
.pioenvs\bluepill_f103c8\libf08\libnano-float.a(functions.o)
                              .pioenvs\bluepill_f103c8\src\aggregate.o (pow)
.pioenvs\bluepill_f103c8\lib2b9\libcocoOS_5.0.3.a(os_cbk.o)
                              .pioenvs\bluepill_f103c8\lib14c\hal\codal_target_hal.o (os_cbkSleep)
.pioenvs\bluepill_f103c8\lib2b9\libcocoOS_5.0.3.a(os_event.o)
                              .pioenvs\bluepill_f103c8\src\wisol.o (event_create)
.pioenvs\bluepill_f103c8\lib2b9\libcocoOS_5.0.3.a(os_kernel.o)
                              .pioenvs\bluepill_f103c8\lib14c\hal\codal_target_hal.o (running_tid)
.pioenvs\bluepill_f103c8\lib2b9\libcocoOS_5.0.3.a(os_msgqueue.o)
                              .pioenvs\bluepill_f103c8\lib2b9\libcocoOS_5.0.3.a(os_kernel.o) (os_msgQ_init)
.pioenvs\bluepill_f103c8\lib2b9\libcocoOS_5.0.3.a(os_sem.o)
                              .pioenvs\bluepill_f103c8\lib2b9\libcocoOS_5.0.3.a(os_kernel.o) (os_sem_init)
.pioenvs\bluepill_f103c8\lib2b9\libcocoOS_5.0.3.a(os_task.o)
                              .pioenvs\bluepill_f103c8\lib2b9\libcocoOS_5.0.3.a(os_kernel.o) (os_task_init)
.pioenvs\bluepill_f103c8\lib2b9\libcocoOS_5.0.3.a(os_assert.o)
                              .pioenvs\bluepill_f103c8\lib2b9\libcocoOS_5.0.3.a(os_event.o) (os_on_assert)
.pioenvs\bluepill_f103c8\lib0a7\libcodal-core.a(CodalComponent.o)
[...]
Memory Configuration

Name             Origin             Length             Attributes
baserom          0x08000000         0x00001000         xr
bootrom          0x08001000         0x00006800         xr
rom              0x08007800         0x00008800         xr
baseram          0x20000000         0x00000800         xrw
bootram          0x20000800         0x00001000         xrw
ram              0x20001800         0x00002fbc         xrw
bootbuf          0x200047bc         0x00000844         xrw
*default*        0x00000000         0xffffffff

Linker script and memory map

                0x00001000                _baserom_size = 0x1000
                0x00006800                _bootrom_size = 0x6800
                0x00000800                _baseram_size = 0x800
                0x00001000                _bootram_size = 0x1000
                0x00000844                _bootbuf_size = 0x844

.base_text      0x08000000      0x60c
                0x08000000                _base_text = .
 *(SORT_BY_ALIGNMENT(.vectors))
 .vectors       0x08000000      0x150 .pioenvs\bluepill_f103c8\libFrameworkLibOpenCM3.a(vector.o)
                0x08000000                vector_table
 *(SORT_BY_ALIGNMENT(.base_vectors))
 .base_vectors  0x08000150        0x8 .pioenvs\bluepill_f103c8\lib14c\hal\reset_handler.o
                0x08000150                base_vector_table
 *libbaseloader.a:(SORT_BY_ALIGNMENT(.text*))
 .text.get_flash_end
                0x08000158        0x8 .pioenvs\bluepill_f103c8\liba7a\libbaseloader.a(baseloader.o)
 .text.base_flash_unlock
                0x08000160       0x18 .pioenvs\bluepill_f103c8\liba7a\libbaseloader.a(baseloader.o)
                0x08000160                base_flash_unlock
 .text.base_flash_lock
                0x08000178       0x10 .pioenvs\bluepill_f103c8\liba7a\libbaseloader.a(baseloader.o)
                0x08000178                base_flash_lock
 .text.base_flash_program_array
                0x08000188       0xc8 .pioenvs\bluepill_f103c8\liba7a\libbaseloader.a(baseloader.o)
                0x08000188                base_flash_program_array
 .text.baseloader_start
                0x08000250      0x15c .pioenvs\bluepill_f103c8\liba7a\libbaseloader.a(baseloader.o)
                0x08000250                baseloader_start
 *(SORT_BY_ALIGNMENT(.text.blocking_handler*))
 .text.blocking_handler
                0x080003ac        0x2 .pioenvs\bluepill_f103c8\libFrameworkLibOpenCM3.a(vector.o)
                0x080003ac                usart3_isr
                0x080003ac                tim7_isr
                0x080003ac                adc1_2_isr
                0x080003ac                tim1_trg_com_isr
                0x080003ac                usb_hp_can_tx_isr
                0x080003ac                tim6_isr
                0x080003ac                usb_wakeup_isr
                0x080003ac                blocking_handler
                0x080003ac                tim5_isr
                0x080003ac                otg_fs_isr
                0x080003ac                spi1_isr
                0x080003ac                exti2_isr
                0x080003ac                dma1_channel6_isr
                0x080003ac                can_rx1_isr
                0x080003ac                dma1_channel5_isr
                0x080003ac                dma2_channel5_isr
                0x080003ac                usart1_isr
                0x080003ac                usage_fault_handler
                0x080003ac                tim8_trg_com_isr
                0x080003ac                can2_rx0_isr
                0x080003ac                tim1_brk_isr
                0x080003ac                can2_rx1_isr
                0x080003ac                tim1_cc_isr
                0x080003ac                sdio_isr
                0x080003ac                eth_isr
                0x080003ac                dma1_channel4_isr
                0x080003ac                tim8_brk_isr
                0x080003ac                dma2_channel4_5_isr
                0x080003ac                pvd_isr
                0x080003ac                rcc_isr
                0x080003ac                flash_isr
                0x080003ac                uart4_isr
                0x080003ac                exti15_10_isr
                0x080003ac                hard_fault_handler
                0x080003ac                exti1_isr
                0x080003ac                i2c1_ev_isr
                0x080003ac                dma2_channel1_isr
                0x080003ac                spi2_isr
                0x080003ac                tim8_up_isr
                0x080003ac                dma2_channel2_isr
                0x080003ac                exti3_isr
                0x080003ac                adc3_isr
                0x080003ac                tim3_isr
                0x080003ac                usb_lp_can_rx0_isr
                0x080003ac                i2c2_er_isr
                0x080003ac                i2c2_ev_isr
                0x080003ac                uart5_isr
                0x080003ac                fsmc_isr
                0x080003ac                dma1_channel1_isr
                0x080003ac                exti4_isr
                0x080003ac                mem_manage_handler
                0x080003ac                can2_tx_isr
                0x080003ac                exti9_5_isr
                0x080003ac                dma2_channel3_isr
                0x080003ac                dma1_channel7_isr
                0x080003ac                tim1_up_isr
                0x080003ac                can2_sce_isr
                0x080003ac                tim4_isr
                0x080003ac                dma1_channel2_isr
                0x080003ac                i2c1_er_isr
                0x080003ac                can_sce_isr
                0x080003ac                tim8_cc_isr
                0x080003ac                tamper_isr
                0x080003ac                eth_wkup_isr
                0x080003ac                bus_fault_handler
                0x080003ac                wwdg_isr
                0x080003ac                dma1_channel3_isr
                0x080003ac                spi3_isr
                0x080003ac                tim2_isr
                0x080003ac                exti0_isr
 *(SORT_BY_ALIGNMENT(.text.null_handler*))
 .text.null_handler
                0x080003ae        0x2 .pioenvs\bluepill_f103c8\libFrameworkLibOpenCM3.a(vector.o)
                0x080003ae                sv_call_handler
                0x080003ae                pend_sv_handler
                0x080003ae                debug_monitor_handler
                0x080003ae                sys_tick_handler
                0x080003ae                nmi_handler
                0x080003ae                null_handler
 *(SORT_BY_ALIGNMENT(.text.*_isr))
 .text.rtc_isr  0x080003b0       0x30 .pioenvs\bluepill_f103c8\libff5\libbluepill.a(timer.o)
                0x080003b0                rtc_isr
 .text.rtc_alarm_isr
                0x080003e0       0x2c .pioenvs\bluepill_f103c8\libff5\libbluepill.a(timer.o)
                0x080003e0                rtc_alarm_isr
 .text.usart2_isr
                0x0800040c       0x5c .pioenvs\bluepill_f103c8\libcec\libuartint.a(uartint.o)
                0x0800040c                usart2_isr
 :*reset_handler*(SORT_BY_ALIGNMENT(.text*))
 .text.pre_main
                0x08000468       0x50 .pioenvs\bluepill_f103c8\lib14c\hal\reset_handler.o
 .text.reset_handler
                0x080004b8       0x9c .pioenvs\bluepill_f103c8\lib14c\hal\reset_handler.o
                0x080004b8                reset_handler
                0x08000554                . = ALIGN (0x4)
 *libbaseloader.a:(SORT_BY_ALIGNMENT(.rodata*))
 .rodata.base_flash_program_array.str1.4
                0x08000554       0x43 .pioenvs\bluepill_f103c8\liba7a\libbaseloader.a(baseloader.o)
                                 0x47 (size before relaxing)
 *fill*         0x08000597        0x1 
 .rodata.baseloader_start.str1.4
                0x08000598       0x3c .pioenvs\bluepill_f103c8\liba7a\libbaseloader.a(baseloader.o)
                                 0x3b (size before relaxing)
 *(SORT_BY_ALIGNMENT(.rodata.blocking_handler*))
 *(SORT_BY_ALIGNMENT(.rodata.null_handler*))
 *(SORT_BY_ALIGNMENT(.rodata.*_isr))
 :*reset_handler*(SORT_BY_ALIGNMENT(.rodata*))
 .rodata.pre_main.str1.4
                0x080005d4       0x37 .pioenvs\bluepill_f103c8\lib14c\hal\reset_handler.o
                0x0800060c                . = ALIGN (0x4)
 *fill*         0x0800060b        0x1 
                0x0800060c                _base_etext = .

.boot_text      0x08001000     0x45b0
                0x08001000                _boot_text = .
 :*codal_target_hal*(SORT_BY_ALIGNMENT(.text*))
 .text._ZL11timer_alarmv
                0x08001000       0x24 .pioenvs\bluepill_f103c8\lib14c\hal\codal_target_hal.o
 .text._ZL15poll_bootloaderv
                0x08001024       0x70 .pioenvs\bluepill_f103c8\lib14c\hal\codal_target_hal.o
 .text._ZL10timer_tickv
                0x08001094       0x18 .pioenvs\bluepill_f103c8\lib14c\hal\codal_target_hal.o
 .text._ZL11os_schedulev
                0x080010ac       0x2c .pioenvs\bluepill_f103c8\lib14c\hal\codal_target_hal.o
 .text.target_init
                0x080010d8       0x30 .pioenvs\bluepill_f103c8\lib14c\hal\codal_target_hal.o
                0x080010d8                target_init
 .text.target_wait_for_event
                0x08001108       0x10 .pioenvs\bluepill_f103c8\lib14c\hal\codal_target_hal.o
                0x08001108                target_wait_for_event
 .text.target_wait
                0x08001118       0x5c .pioenvs\bluepill_f103c8\lib14c\hal\codal_target_hal.o
                0x08001118                target_wait
 .text.target_wait_us
                0x08001174       0x14 .pioenvs\bluepill_f103c8\lib14c\hal\codal_target_hal.o
                0x08001174                target_wait_us
 .text.target_panic
                0x08001188       0x20 .pioenvs\bluepill_f103c8\lib14c\hal\codal_target_hal.o
                0x08001188                target_panic
 .text.fiber_initial_stack_base
                0x080011a8        0x8 .pioenvs\bluepill_f103c8\lib14c\hal\codal_target_hal.o
                0x080011a8                fiber_initial_stack_base
 .text.test_codal
                0x080011b0       0x74 .pioenvs\bluepill_f103c8\lib14c\hal\codal_target_hal.o
                0x080011b0                test_codal
 .text.target_set_tick_callback
                0x08001224        0xc .pioenvs\bluepill_f103c8\lib14c\hal\codal_target_hal.o
                0x08001224                target_set_tick_callback
 .text.target_set_alarm_callback
                0x08001230        0xc .pioenvs\bluepill_f103c8\lib14c\hal\codal_target_hal.o
                0x08001230                target_set_alarm_callback
 .text.target_set_bootloader_callback
                0x0800123c        0xc .pioenvs\bluepill_f103c8\lib14c\hal\codal_target_hal.o
                0x0800123c                target_set_bootloader_callback
 .text.target_enable_irq
                0x08001248        0x4 .pioenvs\bluepill_f103c8\lib14c\hal\codal_target_hal.o
                0x08001248                target_enable_irq
 .text.target_disable_irq
                0x0800124c        0x4 .pioenvs\bluepill_f103c8\lib14c\hal\codal_target_hal.o
                0x0800124c                target_disable_irq
 .text.tcb_allocate
                0x08001250        0xa .pioenvs\bluepill_f103c8\lib14c\hal\codal_target_hal.o
                0x08001250                tcb_allocate
 .text.tcb_configure_lr
                0x0800125a        0x4 .pioenvs\bluepill_f103c8\lib14c\hal\codal_target_hal.o
                0x0800125a                tcb_configure_lr
 .text.tcb_configure_sp
                0x0800125e        0x4 .pioenvs\bluepill_f103c8\lib14c\hal\codal_target_hal.o
                0x0800125e                tcb_configure_sp
 .text.tcb_configure_stack_base
                0x08001262        0x4 .pioenvs\bluepill_f103c8\lib14c\hal\codal_target_hal.o
                0x08001262                tcb_configure_stack_base
 .text.tcb_get_stack_base
                0x08001266        0x4 .pioenvs\bluepill_f103c8\lib14c\hal\codal_target_hal.o
                0x08001266                tcb_get_stack_base
 .text.get_current_sp
                0x0800126a        0x4 .pioenvs\bluepill_f103c8\lib14c\hal\codal_target_hal.o
                0x0800126a                get_current_sp
 .text.tcb_get_sp
                0x0800126e        0x4 .pioenvs\bluepill_f103c8\lib14c\hal\codal_target_hal.o
                0x0800126e                tcb_get_sp
 .text.tcb_configure_args
                0x08001272        0x8 .pioenvs\bluepill_f103c8\lib14c\hal\codal_target_hal.o
                0x08001272                tcb_configure_args
 .text._fini    0x0800127a        0x2 .pioenvs\bluepill_f103c8\lib14c\hal\codal_target_hal.o
                0x0800127a                _fini
 .text.__aeabi_atexit
                0x0800127c        0x4 .pioenvs\bluepill_f103c8\lib14c\hal\codal_target_hal.o
                0x0800127c                __aeabi_atexit
 .text.target_enable_debug
                0x08001280        0x8 .pioenvs\bluepill_f103c8\lib14c\hal\codal_target_hal.o
                0x08001280                target_enable_debug
 *libhal.a:*codal_target_hal*(SORT_BY_ALIGNMENT(.text*))
 :*CortexContextSwitch*(SORT_BY_ALIGNMENT(.text*))
 .text          0x08001288      0x124 asm/CortexContextSwitch.s.o
                0x08001288                swap_context
                0x0800130a                save_context
                0x0800134e                save_register_context
                0x0800137e                restore_register_context
 *libhal.a:(SORT_BY_ALIGNMENT(.text*))
 *liblibopencm3.a:(SORT_BY_ALIGNMENT(.text*))
 *libFrameworkLibOpenCM3.a:(SORT_BY_ALIGNMENT(.text*))
 .text.desig_get_unique_id
                0x080013ac       0x20 .pioenvs\bluepill_f103c8\libFrameworkLibOpenCM3.a(desig.o)
                0x080013ac                desig_get_unique_id
 .text.desig_get_unique_id_as_string
                0x080013cc       0x50 .pioenvs\bluepill_f103c8\libFrameworkLibOpenCM3.a(desig.o)
                0x080013cc                desig_get_unique_id_as_string
 .text.flash_get_status_flags
                0x0800141c       0x2c .pioenvs\bluepill_f103c8\libFrameworkLibOpenCM3.a(flash.o)
                0x0800141c                flash_get_status_flags
 .text.flash_program_half_word
                0x08001448       0x70 .pioenvs\bluepill_f103c8\libFrameworkLibOpenCM3.a(flash.o)
                0x08001448                flash_program_half_word
 .text.flash_erase_page
                0x080014b8       0x8c .pioenvs\bluepill_f103c8\libFrameworkLibOpenCM3.a(flash.o)
                0x080014b8                flash_erase_page
 .text.rcc_wait_for_osc_ready
                0x08001544       0x70 .pioenvs\bluepill_f103c8\libFrameworkLibOpenCM3.a(rcc.o)
                0x08001544                rcc_wait_for_osc_ready
 .text.rcc_osc_on
                0x080015b4       0x70 .pioenvs\bluepill_f103c8\libFrameworkLibOpenCM3.a(rcc.o)
                0x080015b4                rcc_osc_on
 .text.rcc_set_sysclk_source
                0x08001624       0x14 .pioenvs\bluepill_f103c8\libFrameworkLibOpenCM3.a(rcc.o)
                0x08001624                rcc_set_sysclk_source
 .text.rcc_set_pll_multiplication_factor
                0x08001638       0x14 .pioenvs\bluepill_f103c8\libFrameworkLibOpenCM3.a(rcc.o)
                0x08001638                rcc_set_pll_multiplication_factor
 .text.rcc_set_pll_source
                0x0800164c       0x14 .pioenvs\bluepill_f103c8\libFrameworkLibOpenCM3.a(rcc.o)
                0x0800164c                rcc_set_pll_source
 .text.rcc_set_pllxtpre
                0x08001660       0x14 .pioenvs\bluepill_f103c8\libFrameworkLibOpenCM3.a(rcc.o)
                0x08001660                rcc_set_pllxtpre
 .text.rcc_enable_rtc_clock
                0x08001674       0x10 .pioenvs\bluepill_f103c8\libFrameworkLibOpenCM3.a(rcc.o)
                0x08001674                rcc_enable_rtc_clock
 .text.rcc_set_rtc_clock_source
                0x08001684       0xa0 .pioenvs\bluepill_f103c8\libFrameworkLibOpenCM3.a(rcc.o)
                0x08001684                rcc_set_rtc_clock_source
 .text.rcc_set_adcpre
                0x08001724       0x14 .pioenvs\bluepill_f103c8\libFrameworkLibOpenCM3.a(rcc.o)
                0x08001724                rcc_set_adcpre
 .text.rcc_set_ppre2
                0x08001738       0x14 .pioenvs\bluepill_f103c8\libFrameworkLibOpenCM3.a(rcc.o)
                0x08001738                rcc_set_ppre2
 .text.rcc_set_ppre1
                0x0800174c       0x14 .pioenvs\bluepill_f103c8\libFrameworkLibOpenCM3.a(rcc.o)
                0x0800174c                rcc_set_ppre1
 .text.rcc_set_hpre
                0x08001760       0x14 .pioenvs\bluepill_f103c8\libFrameworkLibOpenCM3.a(rcc.o)
                0x08001760                rcc_set_hpre
 .text.rcc_clock_setup_in_hse_8mhz_out_72mhz
                0x08001774       0x90 .pioenvs\bluepill_f103c8\libFrameworkLibOpenCM3.a(rcc.o)
                0x08001774                rcc_clock_setup_in_hse_8mhz_out_72mhz
 .text.rtc_enter_config_mode
                0x08001804       0x1c .pioenvs\bluepill_f103c8\libFrameworkLibOpenCM3.a(rtc.o)
                0x08001804                rtc_enter_config_mode
 .text.rtc_exit_config_mode
                0x08001820       0x1c .pioenvs\bluepill_f103c8\libFrameworkLibOpenCM3.a(rtc.o)
                0x08001820                rtc_exit_config_mode
 .text.rtc_set_alarm_time
                0x0800183c       0x20 .pioenvs\bluepill_f103c8\libFrameworkLibOpenCM3.a(rtc.o)
                0x0800183c                rtc_set_alarm_time
 .text.rtc_set_prescale_val
                0x0800185c       0x20 .pioenvs\bluepill_f103c8\libFrameworkLibOpenCM3.a(rtc.o)
                0x0800185c                rtc_set_prescale_val
 .text.rtc_get_counter_val
                0x0800187c       0x14 .pioenvs\bluepill_f103c8\libFrameworkLibOpenCM3.a(rtc.o)
                0x0800187c                rtc_get_counter_val
 .text.rtc_set_counter_val
                0x08001890       0x20 .pioenvs\bluepill_f103c8\libFrameworkLibOpenCM3.a(rtc.o)
                0x08001890                rtc_set_counter_val
 .text.rtc_interrupt_enable
                0x080018b0       0x40 .pioenvs\bluepill_f103c8\libFrameworkLibOpenCM3.a(rtc.o)
                0x080018b0                rtc_interrupt_enable
 .text.rtc_interrupt_disable
                0x080018f0       0x40 .pioenvs\bluepill_f103c8\libFrameworkLibOpenCM3.a(rtc.o)
                0x080018f0                rtc_interrupt_disable
 .text.rtc_clear_flag
                0x08001930       0x34 .pioenvs\bluepill_f103c8\libFrameworkLibOpenCM3.a(rtc.o)
                0x08001930                rtc_clear_flag
 .text.rtc_check_flag
                0x08001964       0x30 .pioenvs\bluepill_f103c8\libFrameworkLibOpenCM3.a(rtc.o)
                0x08001964                rtc_check_flag
 .text.pwr_disable_backup_domain_write_protect
                0x08001994       0x10 .pioenvs\bluepill_f103c8\libFrameworkLibOpenCM3.a(pwr_common_all.o)
                0x08001994                pwr_disable_backup_domain_write_protect
 .text.pwr_enable_backup_domain_write_protect
                0x080019a4       0x10 .pioenvs\bluepill_f103c8\libFrameworkLibOpenCM3.a(pwr_common_all.o)
                0x080019a4                pwr_enable_backup_domain_write_protect
 .text.exti_set_trigger
                0x080019b4       0x4c .pioenvs\bluepill_f103c8\libFrameworkLibOpenCM3.a(exti_common_all.o)
                0x080019b4                exti_set_trigger
 .text.exti_enable_request
                0x08001a00       0x18 .pioenvs\bluepill_f103c8\libFrameworkLibOpenCM3.a(exti_common_all.o)
                0x08001a00                exti_enable_request
 .text.exti_reset_request
                0x08001a18        0xc .pioenvs\bluepill_f103c8\libFrameworkLibOpenCM3.a(exti_common_all.o)
                0x08001a18                exti_reset_request
 .text.flash_set_ws
                0x08001a24       0x14 .pioenvs\bluepill_f103c8\libFrameworkLibOpenCM3.a(flash_common_f01.o)
                0x08001a24                flash_set_ws
 .text.flash_unlock
                0x08001a38       0x24 .pioenvs\bluepill_f103c8\libFrameworkLibOpenCM3.a(flash_common_f01.o)
                0x08001a38                flash_unlock
 .text.flash_lock
                0x08001a5c       0x10 .pioenvs\bluepill_f103c8\libFrameworkLibOpenCM3.a(flash_common_f01.o)
                0x08001a5c                flash_lock
 .text.usbd_init
                0x08001a6c       0x58 .pioenvs\bluepill_f103c8\libFrameworkLibOpenCM3.a(usb.o)
                0x08001a6c                usbd_init
 .text._usbd_standard_request_device
                0x08001ac4       0x4c .pioenvs\bluepill_f103c8\libFrameworkLibOpenCM3.a(usb_standard.o)
                0x08001ac4                _usbd_standard_request_device
 .text._usbd_standard_request_interface
                0x08001b10       0x34 .pioenvs\bluepill_f103c8\libFrameworkLibOpenCM3.a(usb_standard.o)
                0x08001b10                _usbd_standard_request_interface
 .text._usbd_standard_request_endpoint
                0x08001b44       0x44 .pioenvs\bluepill_f103c8\libFrameworkLibOpenCM3.a(usb_standard.o)
                0x08001b44                _usbd_standard_request_endpoint
 .text.st_usbfs_v1_usbd_init
                0x08001b88       0x30 .pioenvs\bluepill_f103c8\libFrameworkLibOpenCM3.a(st_usbfs_v1.o)
 .text.scb_reset_system
                0x08001bb8       0x10 .pioenvs\bluepill_f103c8\libFrameworkLibOpenCM3.a(scb.o)
                0x08001bb8                scb_reset_system
 .text.st_usbfs_set_address
                0x08001bc8       0x10 .pioenvs\bluepill_f103c8\libFrameworkLibOpenCM3.a(st_usbfs_core.o)
                0x08001bc8                st_usbfs_set_address
 .text.st_usbfs_set_ep_rx_bufsize
                0x08001bd8       0x60 .pioenvs\bluepill_f103c8\libFrameworkLibOpenCM3.a(st_usbfs_core.o)
                0x08001bd8                st_usbfs_set_ep_rx_bufsize
 .text.st_usbfs_ep_setup
                0x08001c38      0x160 .pioenvs\bluepill_f103c8\libFrameworkLibOpenCM3.a(st_usbfs_core.o)
                0x08001c38                st_usbfs_ep_setup
 .text.st_usbfs_ep_nak_set
                0x08001d98       0x80 .pioenvs\bluepill_f103c8\libFrameworkLibOpenCM3.a(st_usbfs_core.o)
                0x08001d98                st_usbfs_ep_nak_set
 .text.st_usbfs_ep_write_packet
                0x08001e18       0x90 .pioenvs\bluepill_f103c8\libFrameworkLibOpenCM3.a(st_usbfs_core.o)
                0x08001e18                st_usbfs_ep_write_packet
 .text.st_usbfs_ep_read_packet
                0x08001ea8       0xd4 .pioenvs\bluepill_f103c8\libFrameworkLibOpenCM3.a(st_usbfs_core.o)
                0x08001ea8                st_usbfs_ep_read_packet
 .text.st_usbfs_poll
                0x08001f7c       0xfc .pioenvs\bluepill_f103c8\libFrameworkLibOpenCM3.a(st_usbfs_core.o)
                0x08001f7c                st_usbfs_poll
 .text.gpio_set_mode
                0x08002078       0x6c .pioenvs\bluepill_f103c8\libFrameworkLibOpenCM3.a(gpio.o)
                0x08002078                gpio_set_mode
 .text.gpio_set
                0x080020e4        0x4 .pioenvs\bluepill_f103c8\libFrameworkLibOpenCM3.a(gpio_common_all.o)
                0x080020e4                gpio_set
 .text.gpio_clear
                0x080020e8        0x6 .pioenvs\bluepill_f103c8\libFrameworkLibOpenCM3.a(gpio_common_all.o)
                0x080020e8                gpio_clear
 .text.usart_recv
                0x080020ee        0x8 .pioenvs\bluepill_f103c8\libFrameworkLibOpenCM3.a(usart_common_f124.o)
                0x080020ee                usart_recv
 .text.rcc_periph_clock_enable
                0x080020f6       0x1c .pioenvs\bluepill_f103c8\libFrameworkLibOpenCM3.a(rcc_common_all.o)
                0x080020f6                rcc_periph_clock_enable
 .text.rcc_periph_reset_pulse
                0x08002112       0x22 .pioenvs\bluepill_f103c8\libFrameworkLibOpenCM3.a(rcc_common_all.o)
                0x08002112                rcc_periph_reset_pulse
 .text.flash_wait_for_last_operation
                0x08002134        0xe .pioenvs\bluepill_f103c8\libFrameworkLibOpenCM3.a(flash_common_f01.o)
                0x08002134                flash_wait_for_last_operation
 .text.usbd_register_sof_callback
                0x08002142        0x4 .pioenvs\bluepill_f103c8\libFrameworkLibOpenCM3.a(usb.o)
                0x08002142                usbd_register_sof_callback
 .text.usbd_poll
                0x08002146        0xc .pioenvs\bluepill_f103c8\libFrameworkLibOpenCM3.a(usb.o)
                0x08002146                usbd_poll
 .text.usbd_ep_setup
                0x08002152       0x14 .pioenvs\bluepill_f103c8\libFrameworkLibOpenCM3.a(usb.o)
                0x08002152                usbd_ep_setup
 .text._usbd_reset
                0x08002166       0x30 .pioenvs\bluepill_f103c8\libFrameworkLibOpenCM3.a(usb.o)
                0x08002166                _usbd_reset
 .text.usbd_ep_write_packet
                0x08002196        0xc .pioenvs\bluepill_f103c8\libFrameworkLibOpenCM3.a(usb.o)
                0x08002196                usbd_ep_write_packet
 .text.usbd_ep_read_packet
                0x080021a2        0xc .pioenvs\bluepill_f103c8\libFrameworkLibOpenCM3.a(usb.o)
                0x080021a2                usbd_ep_read_packet
 .text.usbd_ep_stall_set
                0x080021ae        0xc .pioenvs\bluepill_f103c8\libFrameworkLibOpenCM3.a(usb.o)
                0x080021ae                usbd_ep_stall_set
 .text.usbd_ep_stall_get
                0x080021ba        0xc .pioenvs\bluepill_f103c8\libFrameworkLibOpenCM3.a(usb.o)
                0x080021ba                usbd_ep_stall_get
 .text.stall_transaction
                0x080021c6       0x14 .pioenvs\bluepill_f103c8\libFrameworkLibOpenCM3.a(usb_control.o)
 .text.usb_control_setup_write
                0x080021da       0x32 .pioenvs\bluepill_f103c8\libFrameworkLibOpenCM3.a(usb_control.o)
 .text.usb_control_recv_chunk
                0x0800220c       0x3c .pioenvs\bluepill_f103c8\libFrameworkLibOpenCM3.a(usb_control.o)
 .text.usb_control_send_chunk
                0x08002248       0x48 .pioenvs\bluepill_f103c8\libFrameworkLibOpenCM3.a(usb_control.o)
 .text.usb_control_request_dispatch
                0x08002290       0x60 .pioenvs\bluepill_f103c8\libFrameworkLibOpenCM3.a(usb_control.o)
 .text.usb_control_setup_read
                0x080022f0       0x3a .pioenvs\bluepill_f103c8\libFrameworkLibOpenCM3.a(usb_control.o)
 .text.usbd_register_control_callback
                0x0800232a       0x30 .pioenvs\bluepill_f103c8\libFrameworkLibOpenCM3.a(usb_control.o)
                0x0800232a                usbd_register_control_callback
 .text._usbd_control_setup
                0x0800235a       0x4a .pioenvs\bluepill_f103c8\libFrameworkLibOpenCM3.a(usb_control.o)
                0x0800235a                _usbd_control_setup
 .text._usbd_control_out
                0x080023a4       0x8a .pioenvs\bluepill_f103c8\libFrameworkLibOpenCM3.a(usb_control.o)
                0x080023a4                _usbd_control_out
 .text._usbd_control_in
                0x0800242e       0x56 .pioenvs\bluepill_f103c8\libFrameworkLibOpenCM3.a(usb_control.o)
                0x0800242e                _usbd_control_in
 .text.usb_descriptor_type
                0x08002484        0x4 .pioenvs\bluepill_f103c8\libFrameworkLibOpenCM3.a(usb_standard.o)
 .text.usb_descriptor_index
                0x08002488        0x4 .pioenvs\bluepill_f103c8\libFrameworkLibOpenCM3.a(usb_standard.o)
 .text.usb_standard_set_address
                0x0800248c       0x30 .pioenvs\bluepill_f103c8\libFrameworkLibOpenCM3.a(usb_standard.o)
 .text.usb_standard_set_configuration
                0x080024bc       0xba .pioenvs\bluepill_f103c8\libFrameworkLibOpenCM3.a(usb_standard.o)
 .text.usb_standard_get_configuration
                0x08002576       0x24 .pioenvs\bluepill_f103c8\libFrameworkLibOpenCM3.a(usb_standard.o)
 .text.usb_standard_set_interface
                0x0800259a       0x56 .pioenvs\bluepill_f103c8\libFrameworkLibOpenCM3.a(usb_standard.o)
 .text.usb_standard_get_interface
                0x080025f0       0x3e .pioenvs\bluepill_f103c8\libFrameworkLibOpenCM3.a(usb_standard.o)
 .text.usb_standard_device_get_status
                0x0800262e       0x18 .pioenvs\bluepill_f103c8\libFrameworkLibOpenCM3.a(usb_standard.o)
 .text.usb_standard_interface_get_status
                0x08002646       0x18 .pioenvs\bluepill_f103c8\libFrameworkLibOpenCM3.a(usb_standard.o)
 .text.build_config_descriptor
                0x0800265e      0x1ba .pioenvs\bluepill_f103c8\libFrameworkLibOpenCM3.a(usb_standard.o)
 .text.usb_standard_get_descriptor
                0x08002818       0xe6 .pioenvs\bluepill_f103c8\libFrameworkLibOpenCM3.a(usb_standard.o)
 .text.usb_standard_endpoint_get_status
                0x080028fe       0x2a .pioenvs\bluepill_f103c8\libFrameworkLibOpenCM3.a(usb_standard.o)
 .text.usb_standard_endpoint_stall
                0x08002928       0x10 .pioenvs\bluepill_f103c8\libFrameworkLibOpenCM3.a(usb_standard.o)
 .text.usb_standard_endpoint_unstall
                0x08002938       0x10 .pioenvs\bluepill_f103c8\libFrameworkLibOpenCM3.a(usb_standard.o)
 .text.usbd_register_set_config_callback
                0x08002948       0x28 .pioenvs\bluepill_f103c8\libFrameworkLibOpenCM3.a(usb_standard.o)
                0x08002948                usbd_register_set_config_callback
 .text._usbd_standard_request
                0x08002970       0x32 .pioenvs\bluepill_f103c8\libFrameworkLibOpenCM3.a(usb_standard.o)
                0x08002970                _usbd_standard_request
 .text.st_usbfs_copy_to_pm
                0x080029a2       0x18 .pioenvs\bluepill_f103c8\libFrameworkLibOpenCM3.a(st_usbfs_v1.o)
                0x080029a2                st_usbfs_copy_to_pm
 .text.st_usbfs_copy_from_pm
                0x080029ba       0x24 .pioenvs\bluepill_f103c8\libFrameworkLibOpenCM3.a(st_usbfs_v1.o)
                0x080029ba                st_usbfs_copy_from_pm
 .text.nvic_enable_irq
                0x080029de       0x18 .pioenvs\bluepill_f103c8\libFrameworkLibOpenCM3.a(nvic.o)
                0x080029de                nvic_enable_irq
 .text.st_usbfs_endpoints_reset
                0x080029f6       0x6c .pioenvs\bluepill_f103c8\libFrameworkLibOpenCM3.a(st_usbfs_core.o)
                0x080029f6                st_usbfs_endpoints_reset
 .text.st_usbfs_ep_stall_set
                0x08002a62      0x108 .pioenvs\bluepill_f103c8\libFrameworkLibOpenCM3.a(st_usbfs_core.o)
                0x08002a62                st_usbfs_ep_stall_set
 .text.st_usbfs_ep_stall_get
                0x08002b6a       0x44 .pioenvs\bluepill_f103c8\libFrameworkLibOpenCM3.a(st_usbfs_core.o)
                0x08002b6a                st_usbfs_ep_stall_get
 *libcocoos.a:(SORT_BY_ALIGNMENT(.text*))
 *libcocoOS_?.?.?.a:(SORT_BY_ALIGNMENT(.text*))
 *fill*         0x08002bae        0x2 
 .text.os_event_init
                0x08002bb0        0xc .pioenvs\bluepill_f103c8\lib2b9\libcocoOS_5.0.3.a(os_event.o)
                0x08002bb0                os_event_init
 .text.os_signal_event
                0x08002bbc       0x10 .pioenvs\bluepill_f103c8\lib2b9\libcocoOS_5.0.3.a(os_event.o)
                0x08002bbc                os_signal_event
 .text.os_event_set_signaling_tid
                0x08002bcc       0x10 .pioenvs\bluepill_f103c8\lib2b9\libcocoOS_5.0.3.a(os_event.o)
                0x08002bcc                os_event_set_signaling_tid
 .text.os_init  0x08002bdc       0x30 .pioenvs\bluepill_f103c8\lib2b9\libcocoOS_5.0.3.a(os_kernel.o)
                0x08002bdc                os_init
 .text.os_running
                0x08002c0c        0xc .pioenvs\bluepill_f103c8\lib2b9\libcocoOS_5.0.3.a(os_kernel.o)
                0x08002c0c                os_running
 .text.os_msgQ_init
                0x08002c18       0x38 .pioenvs\bluepill_f103c8\lib2b9\libcocoOS_5.0.3.a(os_msgqueue.o)
                0x08002c18                os_msgQ_init
 .text.os_msgQ_tick
                0x08002c50       0x74 .pioenvs\bluepill_f103c8\lib2b9\libcocoOS_5.0.3.a(os_msgqueue.o)
                0x08002c50                os_msgQ_tick
 .text.os_sem_init
                0x08002cc4        0xc .pioenvs\bluepill_f103c8\lib2b9\libcocoOS_5.0.3.a(os_sem.o)
                0x08002cc4                os_sem_init
 .text.os_task_wait_queue_empty
                0x08002cd0       0x1c .pioenvs\bluepill_f103c8\lib2b9\libcocoOS_5.0.3.a(os_task.o)
 .text.task_ready_set
                0x08002cec       0x14 .pioenvs\bluepill_f103c8\lib2b9\libcocoOS_5.0.3.a(os_task.o)
 .text.os_task_init
                0x08002d00       0x74 .pioenvs\bluepill_f103c8\lib2b9\libcocoOS_5.0.3.a(os_task.o)
                0x08002d00                os_task_init
 .text.os_task_highest_prio_ready_task
                0x08002d74       0x44 .pioenvs\bluepill_f103c8\lib2b9\libcocoOS_5.0.3.a(os_task.o)
                0x08002d74                os_task_highest_prio_ready_task
 .text.os_task_clear_wait_queue
                0x08002db8       0x1c .pioenvs\bluepill_f103c8\lib2b9\libcocoOS_5.0.3.a(os_task.o)
                0x08002db8                os_task_clear_wait_queue
 .text.os_task_tick
                0x08002dd4       0xac .pioenvs\bluepill_f103c8\lib2b9\libcocoOS_5.0.3.a(os_task.o)
                0x08002dd4                os_task_tick
 .text.os_task_signal_event
                0x08002e80       0x98 .pioenvs\bluepill_f103c8\lib2b9\libcocoOS_5.0.3.a(os_task.o)
                0x08002e80                os_task_signal_event
 .text.os_task_run
                0x08002f18       0x38 .pioenvs\bluepill_f103c8\lib2b9\libcocoOS_5.0.3.a(os_task.o)
                0x08002f18                os_task_run
 .text.os_on_assert
                0x08002f50       0x28 .pioenvs\bluepill_f103c8\lib2b9\libcocoOS_5.0.3.a(os_assert.o)
                0x08002f50                os_on_assert
 .text.os_cbkSleep
                0x08002f78        0x2 .pioenvs\bluepill_f103c8\lib2b9\libcocoOS_5.0.3.a(os_cbk.o)
                0x08002f78                os_cbkSleep
 .text.os_tick  0x08002f7a        0xc .pioenvs\bluepill_f103c8\lib2b9\libcocoOS_5.0.3.a(os_kernel.o)
                0x08002f7a                os_tick
 *libgcc.a:(SORT_BY_ALIGNMENT(.text*))
 *libqfplib.a:(SORT_BY_ALIGNMENT(.text*))
 *libnano-float.a:(SORT_BY_ALIGNMENT(.text*))
 *libnewlib.a:(SORT_BY_ALIGNMENT(.text*))
 .text.memcmp   0x08002f86       0x20 .pioenvs\bluepill_f103c8\lib9f3\libnewlib.a(memcmp.o)
                0x08002f86                memcmp
 .text.memcpy   0x08002fa6       0x1a .pioenvs\bluepill_f103c8\lib9f3\libnewlib.a(memcpy.o)
                0x08002fa6                memcpy
 .text.memset   0x08002fc0       0x16 .pioenvs\bluepill_f103c8\lib9f3\libnewlib.a(memset.o)
                0x08002fc0                memset
 .text.strlen   0x08002fd6       0x10 .pioenvs\bluepill_f103c8\lib9f3\libnewlib.a(strlen.o)
                0x08002fd6                strlen
 .text.strncpy  0x08002fe6       0x40 .pioenvs\bluepill_f103c8\lib9f3\libnewlib.a(strncpy.o)
                0x08002fe6                strncpy
 *liblogger.a:(SORT_BY_ALIGNMENT(.text*))
 *fill*         0x08003026        0x2 
 .text._ZL10__semihostiPv
                0x08003028       0x24 .pioenvs\bluepill_f103c8\libd5c\liblogger.a(logger.o)
 .text._ZL16write_all_outputPKhtb
                0x0800304c       0x3c .pioenvs\bluepill_f103c8\libd5c\liblogger.a(logger.o)
 .text._ZL12debug_appendPKcj
                0x08003088       0x40 .pioenvs\bluepill_f103c8\libd5c\liblogger.a(logger.o)
 .text.enable_log
                0x080030c8        0xc .pioenvs\bluepill_f103c8\libd5c\liblogger.a(logger.o)
                0x080030c8                enable_log
 .text.logger_add_output
                0x080030d4       0x48 .pioenvs\bluepill_f103c8\libd5c\liblogger.a(logger.o)
                0x080030d4                logger_add_output
 .text._Z20debug_flush_internalb
                0x0800311c       0x50 .pioenvs\bluepill_f103c8\libd5c\liblogger.a(logger.o)
                0x0800311c                debug_flush_internal(bool)
 .text.debug_force_flush
                0x0800316c       0x20 .pioenvs\bluepill_f103c8\libd5c\liblogger.a(logger.o)
                0x0800316c                debug_force_flush
 .text._Z11debug_printj
                0x0800318c       0x88 .pioenvs\bluepill_f103c8\libd5c\liblogger.a(logger.o)
                0x0800318c                debug_print(unsigned int)
 .text._Z11debug_printi
                0x08003214       0x34 .pioenvs\bluepill_f103c8\libd5c\liblogger.a(logger.o)
                0x08003214                debug_print(int)
 .text.debug_println
                0x08003248       0x1c .pioenvs\bluepill_f103c8\libd5c\liblogger.a(logger.o)
                0x08003248                debug_println
 .text._Z13debug_printlni
                0x08003264       0x14 .pioenvs\bluepill_f103c8\libd5c\liblogger.a(logger.o)
                0x08003264                debug_println(int)
 .text._ZL14semihost_writemPKhj
                0x08003278       0x1e .pioenvs\bluepill_f103c8\libd5c\liblogger.a(logger.o)
 .text.debug_flush
                0x08003296        0xa .pioenvs\bluepill_f103c8\libd5c\liblogger.a(logger.o)
                0x08003296                debug_flush
 .text.debug_print
                0x080032a0       0x18 .pioenvs\bluepill_f103c8\libd5c\liblogger.a(logger.o)
                0x080032a0                debug_print
 .text.debug_print_unsigned
                0x080032b8        0x8 .pioenvs\bluepill_f103c8\libd5c\liblogger.a(logger.o)
                0x080032b8                debug_print_unsigned
 .text.debug_printhex
                0x080032c0       0x70 .pioenvs\bluepill_f103c8\libd5c\liblogger.a(logger.o)
                0x080032c0                debug_printhex
 .text.debug_printhex_unsigned
                0x08003330       0x1c .pioenvs\bluepill_f103c8\libd5c\liblogger.a(logger.o)
                0x08003330                debug_printhex_unsigned
 *libbluepill.a:(SORT_BY_ALIGNMENT(.text*))
 .text.platform_setup
                0x0800334c       0x4c .pioenvs\bluepill_f103c8\libff5\libbluepill.a(bluepill.o)
                0x0800334c                platform_setup
 .text.enable_debug
                0x08003398       0x14 .pioenvs\bluepill_f103c8\libff5\libbluepill.a(bluepill.o)
                0x08003398                enable_debug
 .text.led_setup
                0x080033ac       0x20 .pioenvs\bluepill_f103c8\libff5\libbluepill.a(led.o)
                0x080033ac                led_setup
 .text.led_on   0x080033cc       0x14 .pioenvs\bluepill_f103c8\libff5\libbluepill.a(led.o)
                0x080033cc                led_on
 .text.led_off  0x080033e0       0x14 .pioenvs\bluepill_f103c8\libff5\libbluepill.a(led.o)
                0x080033e0                led_off
 .text.led_wait
                0x080033f4       0x14 .pioenvs\bluepill_f103c8\libff5\libbluepill.a(led.o)
                0x080033f4                led_wait
 .text._ZL25custom_rtc_awake_from_off7rcc_osc
                0x08003408       0x74 .pioenvs\bluepill_f103c8\libff5\libbluepill.a(timer.o)
 .text._ZL9rtc_setupv
                0x0800347c       0x90 .pioenvs\bluepill_f103c8\libff5\libbluepill.a(timer.o)
 .text.platform_start_timer
                0x0800350c       0x34 .pioenvs\bluepill_f103c8\libff5\libbluepill.a(timer.o)
                0x0800350c                platform_start_timer
 .text.platform_set_alarm
                0x08003540       0x34 .pioenvs\bluepill_f103c8\libff5\libbluepill.a(timer.o)
                0x08003540                platform_set_alarm
 .text.platform_alarm_count
                0x08003574        0xc .pioenvs\bluepill_f103c8\libff5\libbluepill.a(timer.o)
                0x08003574                platform_alarm_count
 .text.__cxa_pure_virtual
                0x08003580        0xc .pioenvs\bluepill_f103c8\libff5\libbluepill.a(bluepill.o)
                0x08003580                __cxa_pure_virtual
 .text._Znwj    0x0800358c        0x8 .pioenvs\bluepill_f103c8\libff5\libbluepill.a(bluepill.o)
                0x0800358c                operator new(unsigned int)
 .text._ZdlPv   0x08003594        0x8 .pioenvs\bluepill_f103c8\libff5\libbluepill.a(bluepill.o)
                0x08003594                operator delete(void*)
 .text.millis   0x0800359c        0x8 .pioenvs\bluepill_f103c8\libff5\libbluepill.a(timer.o)
                0x0800359c                millis
 *libbootloader.a:(SORT_BY_ALIGNMENT(.text*))
 .text.get_serial_number
                0x080035a4       0x34 .pioenvs\bluepill_f103c8\libb55\libbootloader.a(bootloader.o)
 .text.poll_restart_callback
                0x080035d8       0x20 .pioenvs\bluepill_f103c8\libb55\libbootloader.a(bootloader.o)
                0x080035d8                poll_restart_callback
 .text.poll_loop
                0x080035f8       0xcc .pioenvs\bluepill_f103c8\libb55\libbootloader.a(bootloader.o)
 .text.bootloader_poll
                0x080036c4       0x48 .pioenvs\bluepill_f103c8\libb55\libbootloader.a(bootloader.o)
                0x080036c4                bootloader_poll
 .text.bootloader_start
                0x0800370c       0x64 .pioenvs\bluepill_f103c8\libb55\libbootloader.a(bootloader.o)
                0x0800370c                bootloader_start
 .text.get_flash_end
                0x08003770        0x8 .pioenvs\bluepill_f103c8\libb55\libbootloader.a(target_stm32f103.o)
 .text.validate_application
                0x08003778       0x5c .pioenvs\bluepill_f103c8\libb55\libbootloader.a(target_stm32f103.o)
 .text.boot_target_get_startup_mode
                0x080037d4       0xb8 .pioenvs\bluepill_f103c8\libb55\libbootloader.a(target_stm32f103.o)
                0x080037d4                boot_target_get_startup_mode
 .text.boot_target_set_led
                0x0800388c       0x20 .pioenvs\bluepill_f103c8\libb55\libbootloader.a(target_stm32f103.o)
                0x0800388c                boot_target_set_led
 .text.boot_target_gpio_setup
                0x080038ac       0x6c .pioenvs\bluepill_f103c8\libb55\libbootloader.a(target_stm32f103.o)
                0x080038ac                boot_target_gpio_setup
 .text.boot_target_usb_init
                0x08003918       0x34 .pioenvs\bluepill_f103c8\libb55\libbootloader.a(target_stm32f103.o)
                0x08003918                boot_target_usb_init
 .text.boot_target_set_restart_callback
                0x0800394c       0x20 .pioenvs\bluepill_f103c8\libb55\libbootloader.a(target_stm32f103.o)
                0x0800394c                boot_target_set_restart_callback
 .text.boot_target_manifest_app
                0x0800396c       0x20 .pioenvs\bluepill_f103c8\libb55\libbootloader.a(target_stm32f103.o)
                0x0800396c                boot_target_manifest_app
 .text.boot_target_manifest_bootloader
                0x0800398c       0x20 .pioenvs\bluepill_f103c8\libb55\libbootloader.a(target_stm32f103.o)
                0x0800398c                boot_target_manifest_bootloader
 .text.boot_target_flash_program_array
                0x080039ac       0xc8 .pioenvs\bluepill_f103c8\libb55\libbootloader.a(target_stm32f103.o)
                0x080039ac                boot_target_flash_program_array
 .text.hf2_connected
                0x08003a74       0x14 .pioenvs\bluepill_f103c8\libb55\libbootloader.a(usb_conf.o)
 .text.cdc_connected
                0x08003a88       0x20 .pioenvs\bluepill_f103c8\libb55\libbootloader.a(usb_conf.o)
 .text.usb_cdc_transmit
                0x08003aa8       0x30 .pioenvs\bluepill_f103c8\libb55\libbootloader.a(usb_conf.o)
 .text.sof_callback
                0x08003ad8       0x10 .pioenvs\bluepill_f103c8\libb55\libbootloader.a(usb_conf.o)
 .text.set_aggregate_callback
                0x08003ae8       0x50 .pioenvs\bluepill_f103c8\libb55\libbootloader.a(usb_conf.o)
 .text.usb_setup
                0x08003b38       0xac .pioenvs\bluepill_f103c8\libb55\libbootloader.a(usb_conf.o)
                0x08003b38                usb_setup
 .text.set_usb_busy
                0x08003be4       0x1c .pioenvs\bluepill_f103c8\libb55\libbootloader.a(usb_conf.o)
                0x08003be4                set_usb_busy
 .text.get_usb_status
                0x08003c00       0x38 .pioenvs\bluepill_f103c8\libb55\libbootloader.a(usb_conf.o)
                0x08003c00                get_usb_status
 .text.aggregate_register_config_callback
                0x08003c38       0x40 .pioenvs\bluepill_f103c8\libb55\libbootloader.a(usb_conf.o)
                0x08003c38                aggregate_register_config_callback
 .text.aggregate_register_callback
                0x08003c78       0x60 .pioenvs\bluepill_f103c8\libb55\libbootloader.a(usb_conf.o)
                0x08003c78                aggregate_register_callback
 .text.usb_set_serial_number
                0x08003cd8       0x24 .pioenvs\bluepill_f103c8\libb55\libbootloader.a(usb_conf.o)
                0x08003cd8                usb_set_serial_number
 .text.dump_buffer
                0x08003cfc       0x48 .pioenvs\bluepill_f103c8\libb55\libbootloader.a(usb_conf.o)
                0x08003cfc                dump_buffer
 .text.dump_usb_request
                0x08003d44      0x1a4 .pioenvs\bluepill_f103c8\libb55\libbootloader.a(usb_conf.o)
                0x08003d44                dump_usb_request
 .text.aggregate_callback
                0x08003ee8       0xa8 .pioenvs\bluepill_f103c8\libb55\libbootloader.a(usb_conf.o)
 .text.webusb_set_config
                0x08003f90       0x28 .pioenvs\bluepill_f103c8\libb55\libbootloader.a(webusb.o)
 .text.webusb_control_vendor_request
                0x08003fb8       0xd0 .pioenvs\bluepill_f103c8\libb55\libbootloader.a(webusb.o)
 .text.webusb_setup
                0x08004088       0x4c .pioenvs\bluepill_f103c8\libb55\libbootloader.a(webusb.o)
                0x08004088                webusb_setup
 .text.winusb_set_config
                0x080040d4       0x28 .pioenvs\bluepill_f103c8\libb55\libbootloader.a(winusb.o)
 .text.winusb_descriptor_request
                0x080040fc       0x60 .pioenvs\bluepill_f103c8\libb55\libbootloader.a(winusb.o)
 .text.winusb_control_vendor_request
                0x0800415c       0xc0 .pioenvs\bluepill_f103c8\libb55\libbootloader.a(winusb.o)
 .text.winusb_setup
                0x0800421c       0x58 .pioenvs\bluepill_f103c8\libb55\libbootloader.a(winusb.o)
                0x0800421c                winusb_setup
 .text.cdcacm_comm_cb
                0x08004274       0x10 .pioenvs\bluepill_f103c8\libb55\libbootloader.a(cdc.o)
 .text.cdcacm_set_config
                0x08004284       0x64 .pioenvs\bluepill_f103c8\libb55\libbootloader.a(cdc.o)
 .text.cdcacm_control_request
                0x080042e8       0x8c .pioenvs\bluepill_f103c8\libb55\libbootloader.a(cdc.o)
 .text.cdcadm_transmit
                0x08004374       0x68 .pioenvs\bluepill_f103c8\libb55\libbootloader.a(cdc.o)
                0x08004374                cdcadm_transmit
 .text.cdcacm_data_rx_cb
                0x080043dc       0x4c .pioenvs\bluepill_f103c8\libb55\libbootloader.a(cdc.o)
 .text.cdc_setup
                0x08004428       0x2c .pioenvs\bluepill_f103c8\libb55\libbootloader.a(cdc.o)
                0x08004428                cdc_setup
 .text.assert   0x08004454       0x1c .pioenvs\bluepill_f103c8\libb55\libbootloader.a(hf2.o)
 .text.hf2_set_config
                0x08004470       0x40 .pioenvs\bluepill_f103c8\libb55\libbootloader.a(hf2.o)
 .text.pokeSend
                0x080044b0       0xc8 .pioenvs\bluepill_f103c8\libb55\libbootloader.a(hf2.o)
 .text.handle_command
                0x08004578      0x298 .pioenvs\bluepill_f103c8\libb55\libbootloader.a(hf2.o)
 .text.hf2_data_rx_cb
                0x08004810       0xc4 .pioenvs\bluepill_f103c8\libb55\libbootloader.a(hf2.o)
 .text.hf2_data_tx_cb
                0x080048d4       0x58 .pioenvs\bluepill_f103c8\libb55\libbootloader.a(hf2.o)
 .text.hf2_setup
                0x0800492c       0x80 .pioenvs\bluepill_f103c8\libb55\libbootloader.a(hf2.o)
                0x0800492c                hf2_setup
 .text.backup_write
                0x080049ac       0x34 .pioenvs\bluepill_f103c8\libb55\libbootloader.a(backup.o)
                0x080049ac                backup_write
 .text.backup_read
                0x080049e0       0x18 .pioenvs\bluepill_f103c8\libb55\libbootloader.a(backup.o)
                0x080049e0                backup_read
 .text.usb21_set_config
                0x080049f8       0x28 .pioenvs\bluepill_f103c8\libb55\libbootloader.a(usb21_standard.o)
 .text.usb21_standard_get_descriptor
                0x08004a20       0x5c .pioenvs\bluepill_f103c8\libb55\libbootloader.a(usb21_standard.o)
 .text.usb21_setup
                0x08004a7c       0x34 .pioenvs\bluepill_f103c8\libb55\libbootloader.a(usb21_standard.o)
                0x08004a7c                usb21_setup
 .text.flash_flush
                0x08004ab0       0x80 .pioenvs\bluepill_f103c8\libb55\libbootloader.a(ghostfat.o)
                0x08004ab0                flash_flush
 .text.bootloader_set_restart_callback
                0x08004b30        0xa .pioenvs\bluepill_f103c8\libb55\libbootloader.a(bootloader.o)
                0x08004b30                bootloader_set_restart_callback
 .text.sleep_us
                0x08004b3a       0x14 .pioenvs\bluepill_f103c8\libb55\libbootloader.a(target_stm32f103.o)
 .text.boot_target_get_serial_number
                0x08004b4e        0xa .pioenvs\bluepill_f103c8\libb55\libbootloader.a(target_stm32f103.o)
                0x08004b4e                boot_target_get_serial_number
 .text.boot_target_flash_unlock
                0x08004b58        0x8 .pioenvs\bluepill_f103c8\libb55\libbootloader.a(target_stm32f103.o)
                0x08004b58                boot_target_flash_unlock
 .text.boot_target_flash_lock
                0x08004b60        0x8 .pioenvs\bluepill_f103c8\libb55\libbootloader.a(target_stm32f103.o)
                0x08004b60                boot_target_flash_lock
 .text.usb_descriptor_type
                0x08004b68        0x4 .pioenvs\bluepill_f103c8\libb55\libbootloader.a(usb_conf.o)
 .text.usb_descriptor_index
                0x08004b6c        0x4 .pioenvs\bluepill_f103c8\libb55\libbootloader.a(usb_conf.o)
 .text.usb_descriptor_type
                0x08004b70        0x4 .pioenvs\bluepill_f103c8\libb55\libbootloader.a(winusb.o)
 .text.usb_descriptor_index
                0x08004b74        0x4 .pioenvs\bluepill_f103c8\libb55\libbootloader.a(winusb.o)
 .text.send_hf2_response
                0x08004b78       0x18 .pioenvs\bluepill_f103c8\libb55\libbootloader.a(hf2.o)
 .text.build_bos_descriptor
                0x08004b90       0x7c .pioenvs\bluepill_f103c8\libb55\libbootloader.a(usb21_standard.o)
                0x08004c0c                . = ALIGN (0x4)
 :*codal_target_hal*(SORT_BY_ALIGNMENT(.rodata*))
 .rodata._ZL11timer_alarmv.str1.4
                0x08004c0c        0x4 .pioenvs\bluepill_f103c8\lib14c\hal\codal_target_hal.o
 .rodata._ZL15poll_bootloaderv.str1.4
                0x08004c10        0x7 .pioenvs\bluepill_f103c8\lib14c\hal\codal_target_hal.o
 *fill*         0x08004c17        0x1 
 .rodata.target_panic.str1.4
                0x08004c18       0x13 .pioenvs\bluepill_f103c8\lib14c\hal\codal_target_hal.o
 *fill*         0x08004c2b        0x1 
 .rodata.target_wait.str1.4
                0x08004c2c        0xb .pioenvs\bluepill_f103c8\lib14c\hal\codal_target_hal.o
 *fill*         0x08004c37        0x1 
 .rodata.test_codal.str1.4
                0x08004c38       0x3c .pioenvs\bluepill_f103c8\lib14c\hal\codal_target_hal.o
 *libhal.a:*codal_target_hal*(SORT_BY_ALIGNMENT(.rodata*))
 :*CortexContextSwitch*(SORT_BY_ALIGNMENT(.rodata*))
 *libhal.a:(SORT_BY_ALIGNMENT(.rodata*))
 *liblibopencm3.a:(SORT_BY_ALIGNMENT(.rodata*))
 *libFrameworkLibOpenCM3.a:(SORT_BY_ALIGNMENT(.rodata*))
 .rodata.chars.4166
                0x08004c74       0x11 .pioenvs\bluepill_f103c8\libFrameworkLibOpenCM3.a(desig.o)
 *fill*         0x08004c85        0x3 
 .rodata.st_usbfs_v1_usb_driver
                0x08004c88       0x34 .pioenvs\bluepill_f103c8\libFrameworkLibOpenCM3.a(st_usbfs_v1.o)
                0x08004c88                st_usbfs_v1_usb_driver
 .rodata        0x08004cbc        0x8 .pioenvs\bluepill_f103c8\libFrameworkLibOpenCM3.a(st_usbfs_core.o)
 *libcocoos.a:(SORT_BY_ALIGNMENT(.rodata*))
 *libcocoOS_?.?.?.a:(SORT_BY_ALIGNMENT(.rodata*))
 .rodata.os_on_assert.str1.4
                0x08004cc4       0x1c .pioenvs\bluepill_f103c8\lib2b9\libcocoOS_5.0.3.a(os_assert.o)
                                 0x1a (size before relaxing)
 *libgcc.a:(SORT_BY_ALIGNMENT(.rodata*))
 *libqfplib.a:(SORT_BY_ALIGNMENT(.rodata*))
 *libnano-float.a:(SORT_BY_ALIGNMENT(.rodata*))
 *libnewlib.a:(SORT_BY_ALIGNMENT(.rodata*))
 *liblogger.a:(SORT_BY_ALIGNMENT(.rodata*))
 .rodata._Z11debug_printi.str1.4
                0x08004ce0        0x6 .pioenvs\bluepill_f103c8\libd5c\liblogger.a(logger.o)
 *fill*         0x08004ce6        0x2 
 .rodata._Z11debug_printj.str1.4
                0x08004ce8        0xb .pioenvs\bluepill_f103c8\libd5c\liblogger.a(logger.o)
 *fill*         0x08004cf3        0x1 
 .rodata.debug_println.str1.4
                0x08004cf4        0x3 .pioenvs\bluepill_f103c8\libd5c\liblogger.a(logger.o)
 *libbluepill.a:(SORT_BY_ALIGNMENT(.rodata*))
 *fill*         0x08004cf7        0x1 
 .rodata.platform_setup.str1.4
                0x08004cf8       0x13 .pioenvs\bluepill_f103c8\libff5\libbluepill.a(bluepill.o)
 *fill*         0x08004d0b        0x1 
 .rodata._ZL9rtc_setupv.str1.4
                0x08004d0c       0x1d .pioenvs\bluepill_f103c8\libff5\libbluepill.a(timer.o)
 *fill*         0x08004d29        0x3 
 .rodata.platform_set_alarm.str1.4
                0x08004d2c        0x6 .pioenvs\bluepill_f103c8\libff5\libbluepill.a(timer.o)
 *fill*         0x08004d32        0x2 
 .rodata.platform_start_timer.str1.4
                0x08004d34       0x15 .pioenvs\bluepill_f103c8\libff5\libbluepill.a(timer.o)
 *libbootloader.a:(SORT_BY_ALIGNMENT(.rodata*))
 *fill*         0x08004d49        0x3 
 .rodata.bootloader_start.str1.4
                0x08004d4c       0x1a .pioenvs\bluepill_f103c8\libb55\libbootloader.a(bootloader.o)
 *fill*         0x08004d66        0x2 
 .rodata.get_serial_number.str1.4
                0x08004d68       0x36 .pioenvs\bluepill_f103c8\libb55\libbootloader.a(bootloader.o)
 *fill*         0x08004d9e        0x2 
 .rodata.poll_loop.str1.4
                0x08004da0       0x25 .pioenvs\bluepill_f103c8\libb55\libbootloader.a(bootloader.o)
 *fill*         0x08004dc5        0x3 
 .rodata.poll_restart_callback.str1.4
                0x08004dc8       0x11 .pioenvs\bluepill_f103c8\libb55\libbootloader.a(bootloader.o)
 *fill*         0x08004dd9        0x3 
 .rodata.boot_target_flash_program_array.str1.4
                0x08004ddc       0x43 .pioenvs\bluepill_f103c8\libb55\libbootloader.a(target_stm32f103.o)
 *fill*         0x08004e1f        0x1 
 .rodata.boot_target_get_startup_mode.str1.4
                0x08004e20       0x61 .pioenvs\bluepill_f103c8\libb55\libbootloader.a(target_stm32f103.o)
 *fill*         0x08004e81        0x3 
 .rodata.boot_target_manifest_app.str1.4
                0x08004e84        0x9 .pioenvs\bluepill_f103c8\libb55\libbootloader.a(target_stm32f103.o)
 *fill*         0x08004e8d        0x3 
 .rodata.boot_target_manifest_bootloader.str1.4
                0x08004e90       0x10 .pioenvs\bluepill_f103c8\libb55\libbootloader.a(target_stm32f103.o)
 .rodata.boot_target_set_restart_callback.str1.4
                0x08004ea0       0x16 .pioenvs\bluepill_f103c8\libb55\libbootloader.a(target_stm32f103.o)
 *fill*         0x08004eb6        0x2 
 .rodata.validate_application.str1.4
                0x08004eb8       0x20 .pioenvs\bluepill_f103c8\libb55\libbootloader.a(target_stm32f103.o)
                                 0x21 (size before relaxing)
 .rodata.aggregate_callback.str1.4
                0x08004ed8        0xc .pioenvs\bluepill_f103c8\libb55\libbootloader.a(usb_conf.o)
 .rodata.aggregate_register_callback.str1.4
                0x08004ee4       0x26 .pioenvs\bluepill_f103c8\libb55\libbootloader.a(usb_conf.o)
 *fill*         0x08004f0a        0x2 
 .rodata.aggregate_register_config_callback.str1.4
                0x08004f0c       0x25 .pioenvs\bluepill_f103c8\libb55\libbootloader.a(usb_conf.o)
 *fill*         0x08004f31        0x3 
 .rodata.bos_descriptor
                0x08004f34        0x9 .pioenvs\bluepill_f103c8\libb55\libbootloader.a(usb_conf.o)
 *fill*         0x08004f3d        0x3 
 .rodata.cdc_iface_assoc
                0x08004f40        0x8 .pioenvs\bluepill_f103c8\libb55\libbootloader.a(usb_conf.o)
 .rodata.cdcacm_functional_descriptors
                0x08004f48       0x13 .pioenvs\bluepill_f103c8\libb55\libbootloader.a(usb_conf.o)
 *fill*         0x08004f5b        0x1 
 .rodata.comm_endp
                0x08004f5c        0xf .pioenvs\bluepill_f103c8\libb55\libbootloader.a(usb_conf.o)
 *fill*         0x08004f6b        0x1 
 .rodata.comm_iface
                0x08004f6c       0x15 .pioenvs\bluepill_f103c8\libb55\libbootloader.a(usb_conf.o)
 *fill*         0x08004f81        0x3 
 .rodata.config
                0x08004f84        0xd .pioenvs\bluepill_f103c8\libb55\libbootloader.a(usb_conf.o)
 *fill*         0x08004f91        0x3 
 .rodata.data_endp
                0x08004f94       0x1e .pioenvs\bluepill_f103c8\libb55\libbootloader.a(usb_conf.o)
 *fill*         0x08004fb2        0x2 
 .rodata.data_iface
                0x08004fb4       0x15 .pioenvs\bluepill_f103c8\libb55\libbootloader.a(usb_conf.o)
 *fill*         0x08004fc9        0x3 
 .rodata.dev    0x08004fcc       0x12 .pioenvs\bluepill_f103c8\libb55\libbootloader.a(usb_conf.o)
 *fill*         0x08004fde        0x2 
 .rodata.dump_buffer.str1.4
                0x08004fe0        0x4 .pioenvs\bluepill_f103c8\libb55\libbootloader.a(usb_conf.o)
                                  0x9 (size before relaxing)
 .rodata.dump_usb_request.str1.4
                0x08004fe4       0x90 .pioenvs\bluepill_f103c8\libb55\libbootloader.a(usb_conf.o)
 .rodata.hf2_endp
                0x08005074       0x1e .pioenvs\bluepill_f103c8\libb55\libbootloader.a(usb_conf.o)
 *fill*         0x08005092        0x2 
 .rodata.hf2_iface
                0x08005094       0x15 .pioenvs\bluepill_f103c8\libb55\libbootloader.a(usb_conf.o)
 *fill*         0x080050a9        0x3 
 .rodata.interfaces
                0x080050ac       0x30 .pioenvs\bluepill_f103c8\libb55\libbootloader.a(usb_conf.o)
 .rodata.set_aggregate_callback.str1.4
                0x080050dc       0x29 .pioenvs\bluepill_f103c8\libb55\libbootloader.a(usb_conf.o)
 .rodata.set_usb_busy.str1.4
                0x08005105       0x29 .pioenvs\bluepill_f103c8\libb55\libbootloader.a(usb_conf.o)
                                  0x2 (size before relaxing)
 *fill*         0x08005105        0x3 
 .rodata.str1.4
                0x08005108       0x86 .pioenvs\bluepill_f103c8\libb55\libbootloader.a(usb_conf.o)
 *fill*         0x0800518e        0x2 
 .rodata.usb_setup.str1.4
                0x08005190       0x31 .pioenvs\bluepill_f103c8\libb55\libbootloader.a(usb_conf.o)
 *fill*         0x080051c1        0x3 
 .rodata.webusb_control_vendor_request.str1.4
                0x080051c4       0x3f .pioenvs\bluepill_f103c8\libb55\libbootloader.a(webusb.o)
                                 0x43 (size before relaxing)
 *fill*         0x08005203        0x1 
 .rodata.webusb_platform_capability_descriptor
                0x08005204       0x18 .pioenvs\bluepill_f103c8\libb55\libbootloader.a(webusb.o)
                0x08005204                webusb_platform_capability_descriptor
 .rodata.webusb_set_config.str1.4
                0x0800521c       0x1d .pioenvs\bluepill_f103c8\libb55\libbootloader.a(webusb.o)
 *fill*         0x08005239        0x3 
 .rodata.webusb_setup.str1.4
                0x0800523c       0x18 .pioenvs\bluepill_f103c8\libb55\libbootloader.a(webusb.o)
 .rodata.guid   0x08005254       0x92 .pioenvs\bluepill_f103c8\libb55\libbootloader.a(winusb.o)
 *fill*         0x080052e6        0x2 
 .rodata.microsoft_platform_capability_descriptor
                0x080052e8       0x1c .pioenvs\bluepill_f103c8\libb55\libbootloader.a(winusb.o)
                0x080052e8                microsoft_platform_capability_descriptor
 .rodata.winusb_control_vendor_request.str1.4
                0x08005304       0x17 .pioenvs\bluepill_f103c8\libb55\libbootloader.a(winusb.o)
 *fill*         0x0800531b        0x1 
 .rodata.winusb_descriptor_request.str1.4
                0x0800531c        0x6 .pioenvs\bluepill_f103c8\libb55\libbootloader.a(winusb.o)
 *fill*         0x08005322        0x2 
 .rodata.winusb_set_config.str1.4
                0x08005324       0x1d .pioenvs\bluepill_f103c8\libb55\libbootloader.a(winusb.o)
 *fill*         0x08005341        0x3 
 .rodata.winusb_setup.str1.4
                0x08005344       0x18 .pioenvs\bluepill_f103c8\libb55\libbootloader.a(winusb.o)
 .rodata.winusb_string_descriptor
                0x0800535c       0x12 .pioenvs\bluepill_f103c8\libb55\libbootloader.a(winusb.o)
 *fill*         0x0800536e        0x2 
 .rodata.cdc_setup.str1.4
                0x08005370       0x15 .pioenvs\bluepill_f103c8\libb55\libbootloader.a(cdc.o)
 *fill*         0x08005385        0x3 
 .rodata.cdcacm_comm_cb.str1.4
                0x08005388        0x5 .pioenvs\bluepill_f103c8\libb55\libbootloader.a(cdc.o)
 *fill*         0x0800538d        0x3 
 .rodata.cdcacm_control_request.str1.4
                0x08005390       0x28 .pioenvs\bluepill_f103c8\libb55\libbootloader.a(cdc.o)
                                 0x31 (size before relaxing)
 .rodata.cdcacm_set_config.str1.4
                0x080053b8       0x1d .pioenvs\bluepill_f103c8\libb55\libbootloader.a(cdc.o)
 *fill*         0x080053d5        0x3 
 .rodata.line_coding
                0x080053d8        0x7 .pioenvs\bluepill_f103c8\libb55\libbootloader.a(cdc.o)
 *fill*         0x080053df        0x1 
 .rodata.assert.str1.4
                0x080053e0        0xc .pioenvs\bluepill_f103c8\libb55\libbootloader.a(hf2.o)
 .rodata.bad_packet_message
                0x080053ec        0xb .pioenvs\bluepill_f103c8\libb55\libbootloader.a(hf2.o)
 *fill*         0x080053f7        0x1 
 .rodata.handle_command.str1.4
                0x080053f8       0xbc .pioenvs\bluepill_f103c8\libb55\libbootloader.a(hf2.o)
                                 0xc4 (size before relaxing)
 .rodata.hf2_set_config.str1.4
                0x080054b4        0xf .pioenvs\bluepill_f103c8\libb55\libbootloader.a(hf2.o)
 *fill*         0x080054c3        0x1 
 .rodata.hf2_setup.str1.4
                0x080054c4       0x25 .pioenvs\bluepill_f103c8\libb55\libbootloader.a(hf2.o)
                                 0x2d (size before relaxing)
 *fill*         0x080054e9        0x3 
 .rodata.pokeSend.str1.4
                0x080054ec       0x10 .pioenvs\bluepill_f103c8\libb55\libbootloader.a(hf2.o)
                                 0x11 (size before relaxing)
 .rodata.usb21_set_config.str1.4
                0x080054fc       0x1c .pioenvs\bluepill_f103c8\libb55\libbootloader.a(usb21_standard.o)
 .rodata.usb21_setup.str1.4
                0x08005518       0x17 .pioenvs\bluepill_f103c8\libb55\libbootloader.a(usb21_standard.o)
 *fill*         0x0800552f        0x1 
 .rodata.usb21_standard_get_descriptor.str1.4
                0x08005530       0x24 .pioenvs\bluepill_f103c8\libb55\libbootloader.a(usb21_standard.o)
 .rodata.flash_flush.str1.4
                0x08005554        0x4 .pioenvs\bluepill_f103c8\libb55\libbootloader.a(ghostfat.o)
                                  0x6 (size before relaxing)
 .rodata.infoUf2File
                0x08005558       0x55 .pioenvs\bluepill_f103c8\libb55\libbootloader.a(ghostfat.o)
                0x08005558                infoUf2File
                0x080055b0                . = ALIGN (0x4)
 *fill*         0x080055ad        0x3 
                0x080055b0                _boot_etext = .

.text           0x08007800     0x3c00
                0x08007800                . = ALIGN (0x4)
                0x08007800                _text = .
 *(SORT_BY_ALIGNMENT(.text.application_start))
 .text.application_start
                0x08007800       0x88 .pioenvs\bluepill_f103c8\libbbc\libcm.a(application.o)
                0x08007800                application_start
 *(SORT_BY_ALIGNMENT(.text.main))
 .text.main     0x08007888       0x14 .pioenvs\bluepill_f103c8\src\main.o
                0x08007888                main
 *(SORT_BY_ALIGNMENT(.text.startup.main))
 *(SORT_BY_ALIGNMENT(.text*))
 .text._ZN5codal14CodalComponent4initEv
                0x0800789c        0x8 .pioenvs\bluepill_f103c8\src\main.o
                0x0800789c                codal::CodalComponent::init()
 .text._ZL10debug_dumpRN5codal13STM32BluePillEPKc
                0x080078a4       0x44 .pioenvs\bluepill_f103c8\src\main.o
 .text._Z41__static_initialization_and_destruction_0ii
                0x080078e8       0x30 .pioenvs\bluepill_f103c8\src\main.o
 .text._ZN5codal14CodalComponentD2Ev
                0x08007918       0x18 .pioenvs\bluepill_f103c8\src\main.o
                0x08007918                codal::CodalComponent::~CodalComponent()
                0x08007918                codal::CodalComponent::~CodalComponent()
 .text._ZN5codal14CodalComponentD0Ev
                0x08007930       0x20 .pioenvs\bluepill_f103c8\src\main.o
                0x08007930                codal::CodalComponent::~CodalComponent()
 .text._Z10Blink_mainRN5codal13STM32BluePillE
                0x08007950       0x74 .pioenvs\bluepill_f103c8\src\main.o
                0x08007950                Blink_main(codal::STM32BluePill&)
 .text._ZN5codal13STM32BluePillD2Ev
                0x080079c4       0x4c .pioenvs\bluepill_f103c8\src\main.o
                0x080079c4                codal::STM32BluePill::~STM32BluePill()
                0x080079c4                codal::STM32BluePill::~STM32BluePill()
 .text._ZN5codal13STM32BluePillD0Ev
                0x08007a10       0x54 .pioenvs\bluepill_f103c8\src\main.o
                0x08007a10                codal::STM32BluePill::~STM32BluePill()
 .text._Z41__static_initialization_and_destruction_0ii
                0x08007a64       0x24 .pioenvs\bluepill_f103c8\src\uart.o
 .text._Z18component_callbackN5codal5EventE
                0x08007a88       0x68 .pioenvs\bluepill_f103c8\lib0a7\libcodal-core.a(CodalComponent.o)
                0x08007a88                component_callback(codal::Event)
 .text._ZN5codal14CodalComponent12addComponentEv
                0x08007af0       0xcc .pioenvs\bluepill_f103c8\lib0a7\libcodal-core.a(CodalComponent.o)
                0x08007af0                codal::CodalComponent::addComponent()
 .text._ZN5codal14CodalComponent15removeComponentEv
                0x08007bbc       0x28 .pioenvs\bluepill_f103c8\lib0a7\libcodal-core.a(CodalComponent.o)
                0x08007bbc                codal::CodalComponent::removeComponent()
 .text.codal_dmesg_flush
                0x08007be4       0x10 .pioenvs\bluepill_f103c8\lib0a7\libcodal-core.a(CodalDmesg.o)
                0x08007be4                codal_dmesg_flush
 .text._ZN5codal14scheduler_tickENS_5EventE
                0x08007bf4       0x3c .pioenvs\bluepill_f103c8\lib0a7\libcodal-core.a(CodalFiber.o)
                0x08007bf4                codal::scheduler_tick(codal::Event)
 .text._ZN5codal15scheduler_eventENS_5EventE
                0x08007c30       0xc0 .pioenvs\bluepill_f103c8\lib0a7\libcodal-core.a(CodalFiber.o)
                0x08007c30                codal::scheduler_event(codal::Event)
 .text._Z15getFiberContextv
                0x08007cf0       0x58 .pioenvs\bluepill_f103c8\lib0a7\libcodal-core.a(CodalFiber.o)
                0x08007cf0                getFiberContext()
 .text._ZL10handle_fobv
                0x08007d48       0x34 .pioenvs\bluepill_f103c8\lib0a7\libcodal-core.a(CodalFiber.o)
 .text._ZN5codal23fiber_scheduler_runningEv
                0x08007d7c       0x18 .pioenvs\bluepill_f103c8\lib0a7\libcodal-core.a(CodalFiber.o)
                0x08007d7c                codal::fiber_scheduler_running()
 .text._ZN5codal14scheduler_initERNS_10EventModelE
                0x08007d94      0x11c .pioenvs\bluepill_f103c8\lib0a7\libcodal-core.a(CodalFiber.o)
                0x08007d94                codal::scheduler_init(codal::EventModel&)
 .text._ZN5codal19fiber_wake_on_eventEtt
                0x08007eb0       0x90 .pioenvs\bluepill_f103c8\lib0a7\libcodal-core.a(CodalFiber.o)
                0x08007eb0                codal::fiber_wake_on_event(unsigned short, unsigned short)
 .text._Z14__create_fibermmmi
                0x08007f40       0x68 .pioenvs\bluepill_f103c8\lib0a7\libcodal-core.a(CodalFiber.o)
                0x08007f40                __create_fiber(unsigned long, unsigned long, unsigned long, int)
 .text._ZN5codal24scheduler_runqueue_emptyEv
                0x08007fa8       0x10 .pioenvs\bluepill_f103c8\lib0a7\libcodal-core.a(CodalFiber.o)
                0x08007fa8                codal::scheduler_runqueue_empty()
 .text._ZN5codal4idleEv
                0x08007fb8       0x44 .pioenvs\bluepill_f103c8\lib0a7\libcodal-core.a(CodalFiber.o)
                0x08007fb8                codal::idle()
 .text._ZN5codal8scheduleEv
                0x08007ffc      0x1b8 .pioenvs\bluepill_f103c8\lib0a7\libcodal-core.a(CodalFiber.o)
                0x08007ffc                codal::schedule()
 .text._ZN5codal11fiber_sleepEm
                0x080081b4       0x38 .pioenvs\bluepill_f103c8\lib0a7\libcodal-core.a(CodalFiber.o)
                0x080081b4                codal::fiber_sleep(unsigned long)
 .text._ZN5codal13release_fiberEv
                0x080081ec       0x70 .pioenvs\bluepill_f103c8\lib0a7\libcodal-core.a(CodalFiber.o)
                0x080081ec                codal::release_fiber()
 .text._ZN5codal6invokeEPFvPvES0_
                0x0800825c       0x90 .pioenvs\bluepill_f103c8\lib0a7\libcodal-core.a(CodalFiber.o)
                0x0800825c                codal::invoke(void (*)(void*), void*)
 .text._Z18device_create_heapmm
                0x080082ec       0x3c .pioenvs\bluepill_f103c8\lib0a7\libcodal-core.a(CodalHeapAllocator.o)
                0x080082ec                device_create_heap(unsigned long, unsigned long)
 .text.device_malloc
                0x08008328       0x54 .pioenvs\bluepill_f103c8\lib0a7\libcodal-core.a(CodalHeapAllocator.o)
                0x08008328                device_malloc
                0x08008328                malloc
 .text.device_free
                0x0800837c       0x44 .pioenvs\bluepill_f103c8\lib0a7\libcodal-core.a(CodalHeapAllocator.o)
                0x0800837c                free
                0x0800837c                device_free
 .text._ZN5codal6SerialC2ERNS_3PinES2_hht
                0x080083c0       0x60 .pioenvs\bluepill_f103c8\lib0a7\libcodal-core.a(Serial.o)
                0x080083c0                codal::Serial::Serial(codal::Pin&, codal::Pin&, unsigned char, unsigned char, unsigned short)
                0x080083c0                codal::Serial::Serial(codal::Pin&, codal::Pin&, unsigned char, unsigned char, unsigned short)
 .text._ZN5codal6SerialD2Ev
                0x08008420       0x28 .pioenvs\bluepill_f103c8\lib0a7\libcodal-core.a(Serial.o)
                0x08008420                codal::Serial::~Serial()
                0x08008420                codal::Serial::~Serial()
 .text._ZN5codal5TimerC2Ev
                0x08008448       0x34 .pioenvs\bluepill_f103c8\lib0a7\libcodal-core.a(Timer.o)
                0x08008448                codal::Timer::Timer()
                0x08008448                codal::Timer::Timer()
 .text._ZN5codal25system_timer_current_timeEv
                0x0800847c       0x18 .pioenvs\bluepill_f103c8\lib0a7\libcodal-core.a(Timer.o)
                0x0800847c                codal::system_timer_current_time()
 .text._ZN5codal27system_timer_event_every_usEmtt
                0x08008494       0x24 .pioenvs\bluepill_f103c8\lib0a7\libcodal-core.a(Timer.o)
                0x08008494                codal::system_timer_event_every_us(unsigned long, unsigned short, unsigned short)
 .text._ZN5codal10EventModel4sendENS_5EventE
                0x080084b8       0x14 .pioenvs\bluepill_f103c8\lib0a7\libcodal-core.a(MessageBus.o)
                0x080084b8                codal::EventModel::send(codal::Event)
 .text._ZN5codal10EventModel3addEPNS_8ListenerE
                0x080084cc        0x8 .pioenvs\bluepill_f103c8\lib0a7\libcodal-core.a(MessageBus.o)
                0x080084cc                codal::EventModel::add(codal::Listener*)
 .text._ZN5codal10EventModel6removeEPNS_8ListenerE
                0x080084d4        0x8 .pioenvs\bluepill_f103c8\lib0a7\libcodal-core.a(MessageBus.o)
                0x080084d4                codal::EventModel::remove(codal::Listener*)
 .text._ZN5codal10MessageBus3addEPNS_8ListenerE
                0x080084dc       0xe8 .pioenvs\bluepill_f103c8\lib0a7\libcodal-core.a(MessageBus.o)
                0x080084dc                codal::MessageBus::add(codal::Listener*)
 .text._ZN5codal10MessageBus7processERNS_5EventEb
                0x080085c4       0x88 .pioenvs\bluepill_f103c8\lib0a7\libcodal-core.a(MessageBus.o)
                0x080085c4                codal::MessageBus::process(codal::Event&, bool)
 .text._ZN5codal19allocateNotifyEventEv
                0x0800864c       0x10 .pioenvs\bluepill_f103c8\lib0a7\libcodal-core.a(MessageBus.o)
                0x0800864c                codal::allocateNotifyEvent()
 .text._ZN5codal22MemberFunctionCallbackC2INS_10MessageBusEEEPT_MS3_FvNS_5EventEE
                0x0800865c       0x30 .pioenvs\bluepill_f103c8\lib0a7\libcodal-core.a(MessageBus.o)
                0x0800865c                codal::MemberFunctionCallback::MemberFunctionCallback<codal::MessageBus>(codal::MessageBus*, void (codal::MessageBus::*)(codal::Event))
                0x0800865c                codal::MemberFunctionCallback::MemberFunctionCallback<codal::MessageBus>(codal::MessageBus*, void (codal::MessageBus::*)(codal::Event))
 .text._ZN5codal10EventModel6listenINS_10MessageBusEEEittPT_MS3_FvNS_5EventEEt
                0x0800868c       0x8c .pioenvs\bluepill_f103c8\lib0a7\libcodal-core.a(MessageBus.o)
                0x0800868c                int codal::EventModel::listen<codal::MessageBus>(unsigned short, unsigned short, codal::MessageBus*, void (codal::MessageBus::*)(codal::Event), unsigned short)
 .text._ZN5codal10MessageBusC2Ev
                0x08008718       0x74 .pioenvs\bluepill_f103c8\lib0a7\libcodal-core.a(MessageBus.o)
                0x08008718                codal::MessageBus::MessageBus()
                0x08008718                codal::MessageBus::MessageBus()
 .text._ZN5codal10MessageBusD2Ev
                0x0800878c       0x50 .pioenvs\bluepill_f103c8\lib0a7\libcodal-core.a(MessageBus.o)
                0x0800878c                codal::MessageBus::~MessageBus()
                0x0800878c                codal::MessageBus::~MessageBus()
 .text._ZN5codal5Event4fireEv
                0x080087dc       0x1c .pioenvs\bluepill_f103c8\lib0a7\libcodal-core.a(Event.o)
                0x080087dc                codal::Event::fire()
 .text._ZN5codal13ManagedString9initEmptyEv
                0x080087f8        0xc .pioenvs\bluepill_f103c8\lib0a7\libcodal-core.a(ManagedString.o)
                0x080087f8                codal::ManagedString::initEmpty()
 .text._Z41__static_initialization_and_destruction_0ii
                0x08008804       0x38 .pioenvs\bluepill_f103c8\lib0a7\libcodal-core.a(ManagedString.o)
 .text._ZN5codal4itoaEiPc
                0x0800883c       0x68 .pioenvs\bluepill_f103c8\lib0a7\libcodal-core.a(CodalCompat.o)
                0x0800883c                codal::itoa(int, char*)
 .text._ZN5codal3_cm3Pin14setAnalogValueEi
                0x080088a4       0x20 .pioenvs\bluepill_f103c8\libbbc\libcm.a(CmPin.o)
                0x080088a4                codal::_cm::Pin::setAnalogValue(int)
 .text._ZN5codal3_cm3Pin9isTouchedEv
                0x080088c4        0x8 .pioenvs\bluepill_f103c8\libbbc\libcm.a(CmPin.o)
                0x080088c4                codal::_cm::Pin::isTouched()
 .text._ZN5codal3_cm3Pin17getAnalogPeriodUsEv
                0x080088cc        0x8 .pioenvs\bluepill_f103c8\libbbc\libcm.a(CmPin.o)
                0x080088cc                codal::_cm::Pin::getAnalogPeriodUs()
 .text._ZN5codal3_cm3Pin15getAnalogPeriodEv
                0x080088d4       0x18 .pioenvs\bluepill_f103c8\libbbc\libcm.a(CmPin.o)
                0x080088d4                codal::_cm::Pin::getAnalogPeriod()
 .text._ZN5codal3_cm3Pin15setDigitalValueEi
                0x080088ec       0x68 .pioenvs\bluepill_f103c8\libbbc\libcm.a(CmPin.o)
                0x080088ec                codal::_cm::Pin::setDigitalValue(int)
 .text._ZN5codal3_cm3PinC2EhmmtNS_13PinCapabilityE
                0x08008954       0x2c .pioenvs\bluepill_f103c8\libbbc\libcm.a(CmPin.o)
                0x08008954                codal::_cm::Pin::Pin(unsigned char, unsigned long, unsigned long, unsigned short, codal::PinCapability)
                0x08008954                codal::_cm::Pin::Pin(unsigned char, unsigned long, unsigned long, unsigned short, codal::PinCapability)
 .text._ZN5codal3_cm3Pin13setServoValueEiii
                0x08008980       0x78 .pioenvs\bluepill_f103c8\libbbc\libcm.a(CmPin.o)
                0x08008980                codal::_cm::Pin::setServoValue(int, int, int)
 .text._ZN5codal3_cm6SerialD2Ev
                0x080089f8       0x14 .pioenvs\bluepill_f103c8\libbbc\libcm.a(CmSerial.o)
                0x080089f8                codal::_cm::Serial::~Serial()
                0x080089f8                codal::_cm::Serial::~Serial()
 .text._ZN5codal3_cm6SerialD0Ev
                0x08008a0c       0x1c .pioenvs\bluepill_f103c8\libbbc\libcm.a(CmSerial.o)
                0x08008a0c                codal::_cm::Serial::~Serial()
 .text._ZN5codal3_cm6SerialC2ERNS0_3PinES3_hh
                0x08008a28       0x50 .pioenvs\bluepill_f103c8\libbbc\libcm.a(CmSerial.o)
                0x08008a28                codal::_cm::Serial::Serial(codal::_cm::Pin&, codal::_cm::Pin&, unsigned char, unsigned char)
                0x08008a28                codal::_cm::Serial::Serial(codal::_cm::Pin&, codal::_cm::Pin&, unsigned char, unsigned char)
 .text._ZN5codal3_cm13tick_callbackEv
                0x08008a78       0x30 .pioenvs\bluepill_f103c8\libbbc\libcm.a(CmTimer.o)
                0x08008a78                codal::_cm::tick_callback()
 .text._ZN5codal3_cm14alarm_callbackEv
                0x08008aa8       0x14 .pioenvs\bluepill_f103c8\libbbc\libcm.a(CmTimer.o)
                0x08008aa8                codal::_cm::alarm_callback()
 .text._ZN5codal3_cm5Timer9triggerInEm
                0x08008abc       0x24 .pioenvs\bluepill_f103c8\libbbc\libcm.a(CmTimer.o)
                0x08008abc                codal::_cm::Timer::triggerIn(unsigned long)
 .text._ZN5codal3_cm5Timer11syncRequestEv
                0x08008ae0       0x48 .pioenvs\bluepill_f103c8\libbbc\libcm.a(CmTimer.o)
                0x08008ae0                codal::_cm::Timer::syncRequest()
 .text._ZN5codal3_cm5TimerC2Ev
                0x08008b28       0x34 .pioenvs\bluepill_f103c8\libbbc\libcm.a(CmTimer.o)
                0x08008b28                codal::_cm::Timer::Timer()
                0x08008b28                codal::_cm::Timer::Timer()
 .text._ZN5codal3_cm5Timer4initEv
                0x08008b5c       0x60 .pioenvs\bluepill_f103c8\libbbc\libcm.a(CmTimer.o)
                0x08008b5c                codal::_cm::Timer::init()
 .text._ZL8pre_mainv
                0x08008bbc       0x48 .pioenvs\bluepill_f103c8\libbbc\libcm.a(application.o)
 .text._ZL15restart_handlerN5codal5EventE
                0x08008c04       0x50 .pioenvs\bluepill_f103c8\libbbc\libcm.a(tasks.o)
 .text._ZL10flush_taskv
                0x08008c54       0x18 .pioenvs\bluepill_f103c8\libbbc\libcm.a(tasks.o)
 .text._Z41__static_initialization_and_destruction_0ii
                0x08008c6c       0x28 .pioenvs\bluepill_f103c8\libbbc\libcm.a(tasks.o)
 .text.restart_callback
                0x08008c94       0x5c .pioenvs\bluepill_f103c8\libbbc\libcm.a(tasks.o)
                0x08008c94                restart_callback
 .text.start_background_tasks
                0x08008cf0       0xe0 .pioenvs\bluepill_f103c8\libbbc\libcm.a(tasks.o)
                0x08008cf0                start_background_tasks
 .text._ZN5codal13STM32BluePill4initEv
                0x08008dd0       0x80 .pioenvs\bluepill_f103c8\lib7ee\libmodel.a(STM32BluePill.o)
                0x08008dd0                codal::STM32BluePill::init()
 .text._ZN5codal13STM32BluePillC2Ev
                0x08008e50       0xa8 .pioenvs\bluepill_f103c8\lib7ee\libmodel.a(STM32BluePill.o)
                0x08008e50                codal::STM32BluePill::STM32BluePill()
                0x08008e50                codal::STM32BluePill::STM32BluePill()
 .text._ZN5codal15STM32BluePillIOC2Ev
                0x08008ef8      0xb58 .pioenvs\bluepill_f103c8\lib7ee\libmodel.a(STM32BluePillIO.o)
                0x08008ef8                codal::STM32BluePillIO::STM32BluePillIO()
                0x08008ef8                codal::STM32BluePillIO::STM32BluePillIO()
 .text._Z41__static_initialization_and_destruction_0ii
                0x08009a50       0x1c .pioenvs\bluepill_f103c8\libcec\libuartint.a(uartint.o)
 .text._ZN5codal3_cm3I2CC2ERNS_3PinES3_
                0x08009a6c       0x1c .pioenvs\bluepill_f103c8\libbbc\libcm.a(CmI2C.o)
                0x08009a6c                codal::_cm::I2C::I2C(codal::Pin&, codal::Pin&)
                0x08009a6c                codal::_cm::I2C::I2C(codal::Pin&, codal::Pin&)
 .text._ZN5codal3_cm3SPI4initEv
                0x08009a88       0x5c .pioenvs\bluepill_f103c8\libbbc\libcm.a(CmSPI.o)
                0x08009a88                codal::_cm::SPI::init()
 .text._ZN5codal3_cm3SPIC2ERNS0_3PinES3_S3_S3_
                0x08009ae4       0x9c .pioenvs\bluepill_f103c8\libbbc\libcm.a(CmSPI.o)
                0x08009ae4                codal::_cm::SPI::SPI(codal::_cm::Pin&, codal::_cm::Pin&, codal::_cm::Pin&, codal::_cm::Pin&)
                0x08009ae4                codal::_cm::SPI::SPI(codal::_cm::Pin&, codal::_cm::Pin&, codal::_cm::Pin&, codal::_cm::Pin&)
 .text.pinmap_peripheral
                0x08009b80       0x2c .pioenvs\bluepill_f103c8\libbbc\libcm.a(CmPinMap.o)
                0x08009b80                pinmap_peripheral
 .text.pinmap_mode
                0x08009bac       0x28 .pioenvs\bluepill_f103c8\libbbc\libcm.a(CmPinMap.o)
                0x08009bac                pinmap_mode
 .text.pinmap_cnf
                0x08009bd4       0x28 .pioenvs\bluepill_f103c8\libbbc\libcm.a(CmPinMap.o)
                0x08009bd4                pinmap_cnf
 .text._ZN5codal3I2CC2ERNS_3PinES2_
                0x08009bfc        0xc .pioenvs\bluepill_f103c8\lib0a7\libcodal-core.a(I2C.o)
                0x08009bfc                codal::I2C::I2C(codal::Pin&, codal::Pin&)
                0x08009bfc                codal::I2C::I2C(codal::Pin&, codal::Pin&)
 .text._ZN5codal14CodalComponent16periodicCallbackEv
                0x08009c08        0x2 .pioenvs\bluepill_f103c8\src\main.o
                0x08009c08                codal::CodalComponent::periodicCallback()
 .text._ZN5codal14CodalComponent12idleCallbackEv
                0x08009c0a        0x2 .pioenvs\bluepill_f103c8\src\main.o
                0x08009c0a                codal::CodalComponent::idleCallback()
 .text._GLOBAL__sub_I_bluepill
                0x08009c0c        0xe .pioenvs\bluepill_f103c8\src\main.o
 .text._GLOBAL__sub_I_serialPort
                0x08009c1a        0xe .pioenvs\bluepill_f103c8\src\uart.o
 .text._ZN5codal11queue_fiberEPNS_5FiberEPS1_
                0x08009c28       0x2e .pioenvs\bluepill_f103c8\lib0a7\libcodal-core.a(CodalFiber.o)
                0x08009c28                codal::queue_fiber(codal::Fiber*, codal::Fiber**)
 .text._ZN5codal13dequeue_fiberEPNS_5FiberE
                0x08009c56       0x34 .pioenvs\bluepill_f103c8\lib0a7\libcodal-core.a(CodalFiber.o)
                0x08009c56                codal::dequeue_fiber(codal::Fiber*)
 .text._ZN5codal12create_fiberEPFvvES1_
                0x08009c8a       0x1e .pioenvs\bluepill_f103c8\lib0a7\libcodal-core.a(CodalFiber.o)
                0x08009c8a                codal::create_fiber(void (*)(), void (*)())
 .text._ZN5codal12create_fiberEPFvPvES0_S2_
                0x08009ca8       0x20 .pioenvs\bluepill_f103c8\lib0a7\libcodal-core.a(CodalFiber.o)
                0x08009ca8                codal::create_fiber(void (*)(void*), void*, void (*)(void*))
 .text._ZN5codal20fiber_wait_for_eventEtt
                0x08009cc8       0x14 .pioenvs\bluepill_f103c8\lib0a7\libcodal-core.a(CodalFiber.o)
                0x08009cc8                codal::fiber_wait_for_event(unsigned short, unsigned short)
 .text._ZN5codal16launch_new_fiberEPFvvES1_
                0x08009cdc        0xe .pioenvs\bluepill_f103c8\lib0a7\libcodal-core.a(CodalFiber.o)
                0x08009cdc                codal::launch_new_fiber(void (*)(), void (*)())
 .text._ZN5codal13release_fiberEPv
                0x08009cea       0x10 .pioenvs\bluepill_f103c8\lib0a7\libcodal-core.a(CodalFiber.o)
                0x08009cea                codal::release_fiber(void*)
 .text._ZN5codal22launch_new_fiber_paramEPFvPvES2_S0_
                0x08009cfa       0x18 .pioenvs\bluepill_f103c8\lib0a7\libcodal-core.a(CodalFiber.o)
                0x08009cfa                codal::launch_new_fiber_param(void (*)(void*), void (*)(void*), void*)
 .text._ZN5codal9idle_taskEv
                0x08009d12        0xc .pioenvs\bluepill_f103c8\lib0a7\libcodal-core.a(CodalFiber.o)
                0x08009d12                codal::idle_task()
 .text._Z16device_malloc_injR14HeapDefinition
                0x08009d1e       0xa0 .pioenvs\bluepill_f103c8\lib0a7\libcodal-core.a(CodalHeapAllocator.o)
                0x08009d1e                device_malloc_in(unsigned int, HeapDefinition&)
 .text._ZN5codal8ListenerC2EttPFvNS_5EventEEt
                0x08009dbe       0x28 .pioenvs\bluepill_f103c8\lib0a7\libcodal-core.a(CodalListener.o)
                0x08009dbe                codal::Listener::Listener(unsigned short, unsigned short, void (*)(codal::Event), unsigned short)
                0x08009dbe                codal::Listener::Listener(unsigned short, unsigned short, void (*)(codal::Event), unsigned short)
 .text._ZN5codal8ListenerD2Ev
                0x08009de6       0x18 .pioenvs\bluepill_f103c8\lib0a7\libcodal-core.a(CodalListener.o)
                0x08009de6                codal::Listener::~Listener()
                0x08009de6                codal::Listener::~Listener()
 .text._ZN5codal8Listener5queueENS_5EventE
                0x08009dfe       0x62 .pioenvs\bluepill_f103c8\lib0a7\libcodal-core.a(CodalListener.o)
                0x08009dfe                codal::Listener::queue(codal::Event)
 .text._ZN5codal6Serial6lockRxEv
                0x08009e60        0xa .pioenvs\bluepill_f103c8\lib0a7\libcodal-core.a(Serial.o)
                0x08009e60                codal::Serial::lockRx()
 .text._ZN5codal6Serial8unlockRxEv
                0x08009e6a        0xa .pioenvs\bluepill_f103c8\lib0a7\libcodal-core.a(Serial.o)
                0x08009e6a                codal::Serial::unlockRx()
 .text._ZN5codal6Serial12initialiseRxEv
                0x08009e74       0x50 .pioenvs\bluepill_f103c8\lib0a7\libcodal-core.a(Serial.o)
                0x08009e74                codal::Serial::initialiseRx()
 .text._ZN5codal6Serial12circularCopyEPhhS1_tt
                0x08009ec4       0x28 .pioenvs\bluepill_f103c8\lib0a7\libcodal-core.a(Serial.o)
                0x08009ec4                codal::Serial::circularCopy(unsigned char*, unsigned char, unsigned char*, unsigned short, unsigned short)
 .text._ZN5codal6Serial7eventOnENS_13ManagedStringENS_10SerialModeE
                0x08009eec       0x2a .pioenvs\bluepill_f103c8\lib0a7\libcodal-core.a(Serial.o)
                0x08009eec                codal::Serial::eventOn(codal::ManagedString, codal::SerialMode)
 .text._ZN5codal6Serial7rxInUseEv
                0x08009f16        0x8 .pioenvs\bluepill_f103c8\lib0a7\libcodal-core.a(Serial.o)
                0x08009f16                codal::Serial::rxInUse()
 .text._ZN5codal6Serial9readUntilENS_13ManagedStringENS_10SerialModeE
                0x08009f1e      0x1cc .pioenvs\bluepill_f103c8\lib0a7\libcodal-core.a(Serial.o)
                0x08009f1e                codal::Serial::readUntil(codal::ManagedString, codal::SerialMode)
 .text._ZN5codal5Timer17disableInterruptsEv
                0x0800a0ea        0xa .pioenvs\bluepill_f103c8\lib0a7\libcodal-core.a(Timer.o)
                0x0800a0ea                codal::Timer::disableInterrupts()
 .text._ZN5codal5Timer16enableInterruptsEv
                0x0800a0f4        0xa .pioenvs\bluepill_f103c8\lib0a7\libcodal-core.a(Timer.o)
                0x0800a0f4                codal::Timer::enableInterrupts()
 .text._ZN5codal5Timer13getTimerEventEv
                0x0800a0fe       0x24 .pioenvs\bluepill_f103c8\lib0a7\libcodal-core.a(Timer.o)
                0x0800a0fe                codal::Timer::getTimerEvent()
 .text._ZN5codal5Timer17releaseTimerEventEPNS_10TimerEventE
                0x0800a122       0x12 .pioenvs\bluepill_f103c8\lib0a7\libcodal-core.a(Timer.o)
                0x0800a122                codal::Timer::releaseTimerEvent(codal::TimerEvent*)
 .text._ZN5codal5Timer7getTimeEv
                0x0800a134        0xe .pioenvs\bluepill_f103c8\lib0a7\libcodal-core.a(Timer.o)
                0x0800a134                codal::Timer::getTime()
 .text._ZN5codal5Timer9getTimeUsEv
                0x0800a142        0xe .pioenvs\bluepill_f103c8\lib0a7\libcodal-core.a(Timer.o)
                0x0800a142                codal::Timer::getTimeUs()
 .text._ZN5codal5Timer8setEventEmttb
                0x0800a150       0x6a .pioenvs\bluepill_f103c8\lib0a7\libcodal-core.a(Timer.o)
                0x0800a150                codal::Timer::setEvent(unsigned long, unsigned short, unsigned short, bool)
 .text._ZN5codal5Timer12eventEveryUsEmtt
                0x0800a1ba       0x10 .pioenvs\bluepill_f103c8\lib0a7\libcodal-core.a(Timer.o)
                0x0800a1ba                codal::Timer::eventEveryUs(unsigned long, unsigned short, unsigned short)
 .text._ZN5codal5Timer4syncEm
                0x0800a1ca       0x24 .pioenvs\bluepill_f103c8\lib0a7\libcodal-core.a(Timer.o)
                0x0800a1ca                codal::Timer::sync(unsigned long)
 .text._ZN5codal5Timer7triggerEv
                0x0800a1ee       0xa4 .pioenvs\bluepill_f103c8\lib0a7\libcodal-core.a(Timer.o)
                0x0800a1ee                codal::Timer::trigger()
 .text._ZN5codal5TimerD2Ev
                0x0800a292        0x2 .pioenvs\bluepill_f103c8\lib0a7\libcodal-core.a(Timer.o)
                0x0800a292                codal::Timer::~Timer()
                0x0800a292                codal::Timer::~Timer()
 .text._ZN5codal10MessageBus9elementAtEi
                0x0800a294       0x10 .pioenvs\bluepill_f103c8\lib0a7\libcodal-core.a(MessageBus.o)
                0x0800a294                codal::MessageBus::elementAt(int)
 .text._ZN5codal22MemberFunctionCallback10methodCallINS_10MessageBusEEEvPvPmNS_5EventE
                0x0800a2a4       0x36 .pioenvs\bluepill_f103c8\lib0a7\libcodal-core.a(MessageBus.o)
                0x0800a2a4                void codal::MemberFunctionCallback::methodCall<codal::MessageBus>(void*, unsigned long*, codal::Event)
 .text._Z14async_callbackPv
                0x0800a2da       0x96 .pioenvs\bluepill_f103c8\lib0a7\libcodal-core.a(MessageBus.o)
                0x0800a2da                async_callback(void*)
 .text._ZN5codal10MessageBus6removeEPNS_8ListenerE
                0x0800a370       0x76 .pioenvs\bluepill_f103c8\lib0a7\libcodal-core.a(MessageBus.o)
                0x0800a370                codal::MessageBus::remove(codal::Listener*)
 .text._ZN5codal10MessageBus12dequeueEventEv
                0x0800a3e6       0x24 .pioenvs\bluepill_f103c8\lib0a7\libcodal-core.a(MessageBus.o)
                0x0800a3e6                codal::MessageBus::dequeueEvent()
 .text._ZN5codal10MessageBus21deleteMarkedListenersEv
                0x0800a40a       0x4c .pioenvs\bluepill_f103c8\lib0a7\libcodal-core.a(MessageBus.o)
                0x0800a40a                codal::MessageBus::deleteMarkedListeners()
 .text._ZN5codal10MessageBus10queueEventERNS_5EventE
                0x0800a456       0x5e .pioenvs\bluepill_f103c8\lib0a7\libcodal-core.a(MessageBus.o)
                0x0800a456                codal::MessageBus::queueEvent(codal::Event&)
 .text._ZN5codal10MessageBus4sendENS_5EventE
                0x0800a4b4       0x18 .pioenvs\bluepill_f103c8\lib0a7\libcodal-core.a(MessageBus.o)
                0x0800a4b4                codal::MessageBus::send(codal::Event)
 .text._ZN5codal10MessageBus4idleENS_5EventE
                0x0800a4cc       0x3e .pioenvs\bluepill_f103c8\lib0a7\libcodal-core.a(MessageBus.o)
                0x0800a4cc                codal::MessageBus::idle(codal::Event)
 .text._ZN5codal8ListenerC2INS_10MessageBusEEEttPT_MS3_FvNS_5EventEEt
                0x0800a50a       0x3e .pioenvs\bluepill_f103c8\lib0a7\libcodal-core.a(MessageBus.o)
                0x0800a50a                codal::Listener::Listener<codal::MessageBus>(unsigned short, unsigned short, codal::MessageBus*, void (codal::MessageBus::*)(codal::Event), unsigned short)
                0x0800a50a                codal::Listener::Listener<codal::MessageBus>(unsigned short, unsigned short, codal::MessageBus*, void (codal::MessageBus::*)(codal::Event), unsigned short)
 .text._ZN5codal10EventModel6ignoreINS_10MessageBusEEEittPT_MS3_FvNS_5EventEE
                0x0800a548       0x44 .pioenvs\bluepill_f103c8\lib0a7\libcodal-core.a(MessageBus.o)
                0x0800a548                int codal::EventModel::ignore<codal::MessageBus>(unsigned short, unsigned short, codal::MessageBus*, void (codal::MessageBus::*)(codal::Event))
 .text._ZThn8_N5codal10MessageBusD1Ev
                0x0800a58c        0x8 .pioenvs\bluepill_f103c8\lib0a7\libcodal-core.a(MessageBus.o)
                0x0800a58c                non-virtual thunk to codal::MessageBus::~MessageBus()
 .text._ZN5codal10MessageBusD0Ev
                0x0800a594       0x12 .pioenvs\bluepill_f103c8\lib0a7\libcodal-core.a(MessageBus.o)
                0x0800a594                codal::MessageBus::~MessageBus()
 .text._ZThn8_N5codal10MessageBusD0Ev
                0x0800a5a6        0x8 .pioenvs\bluepill_f103c8\lib0a7\libcodal-core.a(MessageBus.o)
                0x0800a5a6                non-virtual thunk to codal::MessageBus::~MessageBus()
 .text._ZN5codal5EventC2Ev
                0x0800a5ae       0x14 .pioenvs\bluepill_f103c8\lib0a7\libcodal-core.a(Event.o)