Archive member included to satisfy reference by file (symbol)

.pioenvs\bluepill_f103c8\lib931\liblogger.a(logger.o)
                              .pioenvs\bluepill_f103c8\libff2\hal\codal_target_hal.o (debug_flush)
.pioenvs\bluepill_f103c8\libff7\libbluepill.a(bluepill.o)
                              .pioenvs\bluepill_f103c8\libff2\hal\codal_target_hal.o (platform_setup)
.pioenvs\bluepill_f103c8\libff7\libbluepill.a(led.o)
                              .pioenvs\bluepill_f103c8\libff7\libbluepill.a(bluepill.o) (led_setup)
.pioenvs\bluepill_f103c8\libff7\libbluepill.a(timer.o)
                              .pioenvs\bluepill_f103c8\libff2\hal\codal_target_hal.o (platform_start_timer)
.pioenvs\bluepill_f103c8\lib8fe\libbaseloader.a(baseloader.o)
                              (base_vector_table)
.pioenvs\bluepill_f103c8\lib443\libbootloader.a(bootloader.o)
                              .pioenvs\bluepill_f103c8\libff2\hal\reset_handler.o (bootloader_start)
.pioenvs\bluepill_f103c8\lib443\libbootloader.a(target_stm32f103.o)
                              .pioenvs\bluepill_f103c8\lib443\libbootloader.a(bootloader.o) (boot_target_get_startup_mode)
.pioenvs\bluepill_f103c8\lib443\libbootloader.a(usb_conf.o)
                              .pioenvs\bluepill_f103c8\lib443\libbootloader.a(bootloader.o) (usb_setup)
.pioenvs\bluepill_f103c8\lib443\libbootloader.a(webusb.o)
                              .pioenvs\bluepill_f103c8\lib443\libbootloader.a(usb_conf.o) (webusb_setup)
.pioenvs\bluepill_f103c8\lib443\libbootloader.a(winusb.o)
                              .pioenvs\bluepill_f103c8\lib443\libbootloader.a(usb_conf.o) (winusb_setup)
.pioenvs\bluepill_f103c8\lib443\libbootloader.a(cdc.o)
                              .pioenvs\bluepill_f103c8\lib443\libbootloader.a(usb_conf.o) (cdcadm_transmit)
.pioenvs\bluepill_f103c8\lib443\libbootloader.a(hf2.o)
                              .pioenvs\bluepill_f103c8\lib443\libbootloader.a(usb_conf.o) (hf2_setup)
.pioenvs\bluepill_f103c8\lib443\libbootloader.a(backup.o)
                              .pioenvs\bluepill_f103c8\lib443\libbootloader.a(target_stm32f103.o) (backup_write)
.pioenvs\bluepill_f103c8\lib443\libbootloader.a(usb21_standard.o)
                              .pioenvs\bluepill_f103c8\lib443\libbootloader.a(usb_conf.o) (usb21_setup)
.pioenvs\bluepill_f103c8\lib443\libbootloader.a(ghostfat.o)
                              .pioenvs\bluepill_f103c8\lib443\libbootloader.a(hf2.o) (flash_flush)
.pioenvs\bluepill_f103c8\libd0a\libcocoOS_5.0.3.a(os_cbk.o)
                              .pioenvs\bluepill_f103c8\libff2\hal\codal_target_hal.o (os_cbkSleep)
.pioenvs\bluepill_f103c8\libd0a\libcocoOS_5.0.3.a(os_event.o)
                              .pioenvs\bluepill_f103c8\src\wisol.o (event_create)
.pioenvs\bluepill_f103c8\libd0a\libcocoOS_5.0.3.a(os_kernel.o)
                              .pioenvs\bluepill_f103c8\libff2\hal\codal_target_hal.o (os_init)
.pioenvs\bluepill_f103c8\libd0a\libcocoOS_5.0.3.a(os_msgqueue.o)
                              .pioenvs\bluepill_f103c8\libd0a\libcocoOS_5.0.3.a(os_kernel.o) (os_msgQ_init)
.pioenvs\bluepill_f103c8\libd0a\libcocoOS_5.0.3.a(os_sem.o)
                              .pioenvs\bluepill_f103c8\libd0a\libcocoOS_5.0.3.a(os_kernel.o) (os_sem_init)
.pioenvs\bluepill_f103c8\libd0a\libcocoOS_5.0.3.a(os_task.o)
                              .pioenvs\bluepill_f103c8\libd0a\libcocoOS_5.0.3.a(os_kernel.o) (os_task_init)
.pioenvs\bluepill_f103c8\libd0a\libcocoOS_5.0.3.a(os_assert.o)
                              .pioenvs\bluepill_f103c8\libd0a\libcocoOS_5.0.3.a(os_event.o) (os_on_assert)
.pioenvs\bluepill_f103c8\liba13\libnewlib.a(memcmp.o)
                              .pioenvs\bluepill_f103c8\lib443\libbootloader.a(ghostfat.o) (memcmp)
.pioenvs\bluepill_f103c8\liba13\libnewlib.a(memcpy.o)
                              .pioenvs\bluepill_f103c8\lib931\liblogger.a(logger.o) (memcpy)
.pioenvs\bluepill_f103c8\liba13\libnewlib.a(memset.o)
                              .pioenvs\bluepill_f103c8\lib443\libbootloader.a(hf2.o) (memset)
.pioenvs\bluepill_f103c8\liba13\libnewlib.a(strlen.o)
                              .pioenvs\bluepill_f103c8\src\aggregate.o (strlen)
.pioenvs\bluepill_f103c8\liba13\libnewlib.a(strncat.o)
                              .pioenvs\bluepill_f103c8\src\wisol.o (strncat)
.pioenvs\bluepill_f103c8\liba13\libnewlib.a(strncmp.o)
                              .pioenvs\bluepill_f103c8\src\aggregate.o (strncmp)
.pioenvs\bluepill_f103c8\liba13\libnewlib.a(strncpy.o)
                              .pioenvs\bluepill_f103c8\src\aggregate.o (strncpy)
.pioenvs\bluepill_f103c8\liba13\libnewlib.a(strstr.o)
                              .pioenvs\bluepill_f103c8\src\wisol.o (strstr)
.pioenvs\bluepill_f103c8\lib635\libcodal-core.a(CodalComponent.o)
                              .pioenvs\bluepill_f103c8\src\main.o (codal::CodalComponent::removeComponent())
.pioenvs\bluepill_f103c8\lib635\libcodal-core.a(CodalDmesg.o)
[...]
Memory Configuration

Name             Origin             Length             Attributes
bootrom          0x08000000         0x00006c00         xr
rom              0x08006c00         0x00009400         xr
bootram          0x20000000         0x00001000         xrw
ram              0x20001000         0x000037bc         xrw
bootbuf          0x200047bc         0x00000844         xrw
*default*        0x00000000         0xffffffff

Linker script and memory map

                0x00006c00                _bootrom_size = 0x6c00
                0x00000800                _baseram_size = 0x800
                0x00001000                _bootram_size = 0x1000
                0x00000844                _bootbuf_size = 0x844

.boot_text      0x08000000     0x46fc
                0x08000000                _boot_text = .
 *(SORT_BY_ALIGNMENT(.vectors))
 .vectors       0x08000000      0x150 .pioenvs\bluepill_f103c8\libFrameworkLibOpenCM3.a(vector.o)
                0x08000000                vector_table
 *(SORT_BY_ALIGNMENT(.base_vectors))
 .base_vectors  0x08000150       0x14 .pioenvs\bluepill_f103c8\lib8fe\libbaseloader.a(baseloader.o)
                0x08000150                base_vector_table
 *libbaseloader.a:(SORT_BY_ALIGNMENT(.text*))
 .text.baseloader_start
                0x08000164      0x34c .pioenvs\bluepill_f103c8\lib8fe\libbaseloader.a(baseloader.o)
                0x08000164                baseloader_start
 .text.baseloader_fetch
                0x080004b0       0x9c .pioenvs\bluepill_f103c8\lib8fe\libbaseloader.a(baseloader.o)
                0x080004b0                baseloader_fetch
                0x0800054c                . = ALIGN (0x4)
 *libbaseloader.a:(SORT_BY_ALIGNMENT(.rodata*))
                0x0800054c                . = ALIGN (0x4)
                0x0800054c                _base_etext = .
 *(SORT_BY_ALIGNMENT(.text.blocking_handler*))
 .text.blocking_handler
                0x0800054c        0x2 .pioenvs\bluepill_f103c8\libFrameworkLibOpenCM3.a(vector.o)
                0x0800054c                usart3_isr
                0x0800054c                tim7_isr
                0x0800054c                adc1_2_isr
                0x0800054c                tim1_trg_com_isr
                0x0800054c                usb_hp_can_tx_isr
                0x0800054c                tim6_isr
                0x0800054c                usb_wakeup_isr
                0x0800054c                blocking_handler
                0x0800054c                tim5_isr
                0x0800054c                otg_fs_isr
                0x0800054c                spi1_isr
                0x0800054c                exti2_isr
                0x0800054c                dma1_channel6_isr
                0x0800054c                can_rx1_isr
                0x0800054c                dma1_channel5_isr
                0x0800054c                dma2_channel5_isr
                0x0800054c                usart1_isr
                0x0800054c                usage_fault_handler
                0x0800054c                tim8_trg_com_isr
                0x0800054c                can2_rx0_isr
                0x0800054c                tim1_brk_isr
                0x0800054c                can2_rx1_isr
                0x0800054c                tim1_cc_isr
                0x0800054c                sdio_isr
                0x0800054c                eth_isr
                0x0800054c                dma1_channel4_isr
                0x0800054c                tim8_brk_isr
                0x0800054c                dma2_channel4_5_isr
                0x0800054c                pvd_isr
                0x0800054c                rcc_isr
                0x0800054c                flash_isr
                0x0800054c                uart4_isr
                0x0800054c                exti15_10_isr
                0x0800054c                hard_fault_handler
                0x0800054c                exti1_isr
                0x0800054c                i2c1_ev_isr
                0x0800054c                dma2_channel1_isr
                0x0800054c                spi2_isr
                0x0800054c                tim8_up_isr
                0x0800054c                dma2_channel2_isr
                0x0800054c                exti3_isr
                0x0800054c                adc3_isr
                0x0800054c                tim3_isr
                0x0800054c                usb_lp_can_rx0_isr
                0x0800054c                i2c2_er_isr
                0x0800054c                i2c2_ev_isr
                0x0800054c                uart5_isr
                0x0800054c                fsmc_isr
                0x0800054c                dma1_channel1_isr
                0x0800054c                exti4_isr
                0x0800054c                mem_manage_handler
                0x0800054c                can2_tx_isr
                0x0800054c                exti9_5_isr
                0x0800054c                dma2_channel3_isr
                0x0800054c                dma1_channel7_isr
                0x0800054c                tim1_up_isr
                0x0800054c                can2_sce_isr
                0x0800054c                tim4_isr
                0x0800054c                dma1_channel2_isr
                0x0800054c                i2c1_er_isr
                0x0800054c                can_sce_isr
                0x0800054c                tim8_cc_isr
                0x0800054c                tamper_isr
                0x0800054c                eth_wkup_isr
                0x0800054c                bus_fault_handler
                0x0800054c                wwdg_isr
                0x0800054c                dma1_channel3_isr
                0x0800054c                spi3_isr
                0x0800054c                tim2_isr
                0x0800054c                exti0_isr
 *(SORT_BY_ALIGNMENT(.text.null_handler*))
 .text.null_handler
                0x0800054e        0x2 .pioenvs\bluepill_f103c8\libFrameworkLibOpenCM3.a(vector.o)
                0x0800054e                sv_call_handler
                0x0800054e                pend_sv_handler
                0x0800054e                debug_monitor_handler
                0x0800054e                sys_tick_handler
                0x0800054e                nmi_handler
                0x0800054e                null_handler
 *(SORT_BY_ALIGNMENT(.text.*_isr))
 .text.rtc_isr  0x08000550       0x30 .pioenvs\bluepill_f103c8\libff7\libbluepill.a(timer.o)
                0x08000550                rtc_isr
 .text.rtc_alarm_isr
                0x08000580       0x30 .pioenvs\bluepill_f103c8\libff7\libbluepill.a(timer.o)
                0x08000580                rtc_alarm_isr
 .text.usart2_isr
                0x080005b0       0x50 .pioenvs\bluepill_f103c8\lib492\libuartint.a(uartint.o)
                0x080005b0                usart2_isr
 :*reset_handler*(SORT_BY_ALIGNMENT(.text*))
 .text.reset_handler
                0x08000600       0xdc .pioenvs\bluepill_f103c8\libff2\hal\reset_handler.o
                0x08000600                reset_handler
 :*codal_target_hal*(SORT_BY_ALIGNMENT(.text*))
 .text._ZL10timer_tickv
                0x080006dc       0x7c .pioenvs\bluepill_f103c8\libff2\hal\codal_target_hal.o
 .text._ZL11timer_alarmv
                0x08000758       0x2c .pioenvs\bluepill_f103c8\libff2\hal\codal_target_hal.o
 .text.target_init
                0x08000784       0x30 .pioenvs\bluepill_f103c8\libff2\hal\codal_target_hal.o
                0x08000784                target_init
 .text.target_wait_for_event
                0x080007b4       0x10 .pioenvs\bluepill_f103c8\libff2\hal\codal_target_hal.o
                0x080007b4                target_wait_for_event
 .text.target_wait
                0x080007c4       0x74 .pioenvs\bluepill_f103c8\libff2\hal\codal_target_hal.o
                0x080007c4                target_wait
 .text.target_panic
                0x08000838       0x20 .pioenvs\bluepill_f103c8\libff2\hal\codal_target_hal.o
                0x08000838                target_panic
 .text.fiber_initial_stack_base
                0x08000858        0x8 .pioenvs\bluepill_f103c8\libff2\hal\codal_target_hal.o
                0x08000858                fiber_initial_stack_base
 .text.test_codal
                0x08000860       0x70 .pioenvs\bluepill_f103c8\libff2\hal\codal_target_hal.o
                0x08000860                test_codal
 .text.target_set_tick_callback
                0x080008d0        0xc .pioenvs\bluepill_f103c8\libff2\hal\codal_target_hal.o
                0x080008d0                target_set_tick_callback
 .text.target_set_alarm_callback
                0x080008dc        0xc .pioenvs\bluepill_f103c8\libff2\hal\codal_target_hal.o
                0x080008dc                target_set_alarm_callback
 .text.target_set_bootloader_callback
                0x080008e8        0xc .pioenvs\bluepill_f103c8\libff2\hal\codal_target_hal.o
                0x080008e8                target_set_bootloader_callback
 .text.target_wait_us
                0x080008f4        0xc .pioenvs\bluepill_f103c8\libff2\hal\codal_target_hal.o
                0x080008f4                target_wait_us
 .text.target_enable_irq
                0x08000900        0x4 .pioenvs\bluepill_f103c8\libff2\hal\codal_target_hal.o
                0x08000900                target_enable_irq
 .text.target_disable_irq
                0x08000904        0x4 .pioenvs\bluepill_f103c8\libff2\hal\codal_target_hal.o
                0x08000904                target_disable_irq
 .text.tcb_allocate
                0x08000908        0x6 .pioenvs\bluepill_f103c8\libff2\hal\codal_target_hal.o
                0x08000908                tcb_allocate
 .text.tcb_configure_lr
                0x0800090e        0x4 .pioenvs\bluepill_f103c8\libff2\hal\codal_target_hal.o
                0x0800090e                tcb_configure_lr
 .text.tcb_configure_sp
                0x08000912        0x4 .pioenvs\bluepill_f103c8\libff2\hal\codal_target_hal.o
                0x08000912                tcb_configure_sp
 .text.tcb_configure_stack_base
                0x08000916        0x4 .pioenvs\bluepill_f103c8\libff2\hal\codal_target_hal.o
                0x08000916                tcb_configure_stack_base
 .text.tcb_get_stack_base
                0x0800091a        0x4 .pioenvs\bluepill_f103c8\libff2\hal\codal_target_hal.o
                0x0800091a                tcb_get_stack_base
 .text.get_current_sp
                0x0800091e        0x4 .pioenvs\bluepill_f103c8\libff2\hal\codal_target_hal.o
                0x0800091e                get_current_sp
 .text.tcb_get_sp
                0x08000922        0x4 .pioenvs\bluepill_f103c8\libff2\hal\codal_target_hal.o
                0x08000922                tcb_get_sp
 .text.tcb_configure_args
                0x08000926        0x8 .pioenvs\bluepill_f103c8\libff2\hal\codal_target_hal.o
                0x08000926                tcb_configure_args
 .text._fini    0x0800092e        0x2 .pioenvs\bluepill_f103c8\libff2\hal\codal_target_hal.o
                0x0800092e                _fini
 .text.__aeabi_atexit
                0x08000930        0x4 .pioenvs\bluepill_f103c8\libff2\hal\codal_target_hal.o
                0x08000930                __aeabi_atexit
 .text.target_enable_debug
                0x08000934        0x4 .pioenvs\bluepill_f103c8\libff2\hal\codal_target_hal.o
                0x08000934                target_enable_debug
 *libhal.a:*codal_target_hal*(SORT_BY_ALIGNMENT(.text*))
 :*CortexContextSwitch*(SORT_BY_ALIGNMENT(.text*))
 .text          0x08000938      0x124 asm/CortexContextSwitch.s.o
                0x08000938                swap_context
                0x080009ba                save_context
                0x080009fe                save_register_context
                0x08000a2e                restore_register_context
 *libhal.a:(SORT_BY_ALIGNMENT(.text*))
 *liblibopencm3.a:(SORT_BY_ALIGNMENT(.text*))
 *libFrameworkLibOpenCM3.a:(SORT_BY_ALIGNMENT(.text*))
 .text.desig_get_unique_id
                0x08000a5c       0x20 .pioenvs\bluepill_f103c8\libFrameworkLibOpenCM3.a(desig.o)
                0x08000a5c                desig_get_unique_id
 .text.desig_get_unique_id_as_string
                0x08000a7c       0x48 .pioenvs\bluepill_f103c8\libFrameworkLibOpenCM3.a(desig.o)
                0x08000a7c                desig_get_unique_id_as_string
 .text.flash_get_status_flags
                0x08000ac4       0x28 .pioenvs\bluepill_f103c8\libFrameworkLibOpenCM3.a(flash.o)
                0x08000ac4                flash_get_status_flags
 .text.flash_program_half_word
                0x08000aec       0x60 .pioenvs\bluepill_f103c8\libFrameworkLibOpenCM3.a(flash.o)
                0x08000aec                flash_program_half_word
 .text.flash_erase_page
                0x08000b4c       0x78 .pioenvs\bluepill_f103c8\libFrameworkLibOpenCM3.a(flash.o)
                0x08000b4c                flash_erase_page
 .text.rcc_osc_on.part.0
                0x08000bc4       0x10 .pioenvs\bluepill_f103c8\libFrameworkLibOpenCM3.a(rcc.o)
 .text.rcc_wait_for_osc_ready
                0x08000bd4       0x64 .pioenvs\bluepill_f103c8\libFrameworkLibOpenCM3.a(rcc.o)
                0x08000bd4                rcc_wait_for_osc_ready
 .text.rcc_osc_on
                0x08000c38       0x54 .pioenvs\bluepill_f103c8\libFrameworkLibOpenCM3.a(rcc.o)
                0x08000c38                rcc_osc_on
 .text.rcc_set_sysclk_source
                0x08000c8c       0x14 .pioenvs\bluepill_f103c8\libFrameworkLibOpenCM3.a(rcc.o)
                0x08000c8c                rcc_set_sysclk_source
 .text.rcc_set_pll_multiplication_factor
                0x08000ca0       0x14 .pioenvs\bluepill_f103c8\libFrameworkLibOpenCM3.a(rcc.o)
                0x08000ca0                rcc_set_pll_multiplication_factor
 .text.rcc_set_pll_source
                0x08000cb4       0x14 .pioenvs\bluepill_f103c8\libFrameworkLibOpenCM3.a(rcc.o)
                0x08000cb4                rcc_set_pll_source
 .text.rcc_set_pllxtpre
                0x08000cc8       0x14 .pioenvs\bluepill_f103c8\libFrameworkLibOpenCM3.a(rcc.o)
                0x08000cc8                rcc_set_pllxtpre
 .text.rcc_enable_rtc_clock
                0x08000cdc       0x10 .pioenvs\bluepill_f103c8\libFrameworkLibOpenCM3.a(rcc.o)
                0x08000cdc                rcc_enable_rtc_clock
 .text.rcc_set_rtc_clock_source
                0x08000cec       0x90 .pioenvs\bluepill_f103c8\libFrameworkLibOpenCM3.a(rcc.o)
                0x08000cec                rcc_set_rtc_clock_source
 .text.rcc_set_adcpre
                0x08000d7c       0x14 .pioenvs\bluepill_f103c8\libFrameworkLibOpenCM3.a(rcc.o)
                0x08000d7c                rcc_set_adcpre
 .text.rcc_set_ppre2
                0x08000d90       0x14 .pioenvs\bluepill_f103c8\libFrameworkLibOpenCM3.a(rcc.o)
                0x08000d90                rcc_set_ppre2
 .text.rcc_set_ppre1
                0x08000da4       0x14 .pioenvs\bluepill_f103c8\libFrameworkLibOpenCM3.a(rcc.o)
                0x08000da4                rcc_set_ppre1
 .text.rcc_set_hpre
                0x08000db8       0x14 .pioenvs\bluepill_f103c8\libFrameworkLibOpenCM3.a(rcc.o)
                0x08000db8                rcc_set_hpre
 .text.rcc_clock_setup_in_hse_8mhz_out_72mhz
                0x08000dcc       0x8c .pioenvs\bluepill_f103c8\libFrameworkLibOpenCM3.a(rcc.o)
                0x08000dcc                rcc_clock_setup_in_hse_8mhz_out_72mhz
 .text.rtc_enter_config_mode
                0x08000e58       0x18 .pioenvs\bluepill_f103c8\libFrameworkLibOpenCM3.a(rtc.o)
                0x08000e58                rtc_enter_config_mode
 .text.rtc_exit_config_mode
                0x08000e70       0x18 .pioenvs\bluepill_f103c8\libFrameworkLibOpenCM3.a(rtc.o)
                0x08000e70                rtc_exit_config_mode
 .text.rtc_set_alarm_time
                0x08000e88       0x20 .pioenvs\bluepill_f103c8\libFrameworkLibOpenCM3.a(rtc.o)
                0x08000e88                rtc_set_alarm_time
 .text.rtc_set_prescale_val
                0x08000ea8       0x20 .pioenvs\bluepill_f103c8\libFrameworkLibOpenCM3.a(rtc.o)
                0x08000ea8                rtc_set_prescale_val
 .text.rtc_get_counter_val
                0x08000ec8       0x14 .pioenvs\bluepill_f103c8\libFrameworkLibOpenCM3.a(rtc.o)
                0x08000ec8                rtc_get_counter_val
 .text.rtc_set_counter_val
                0x08000edc       0x1c .pioenvs\bluepill_f103c8\libFrameworkLibOpenCM3.a(rtc.o)
                0x08000edc                rtc_set_counter_val
 .text.rtc_interrupt_enable
                0x08000ef8       0x3c .pioenvs\bluepill_f103c8\libFrameworkLibOpenCM3.a(rtc.o)
                0x08000ef8                rtc_interrupt_enable
 .text.rtc_interrupt_disable
                0x08000f34       0x3c .pioenvs\bluepill_f103c8\libFrameworkLibOpenCM3.a(rtc.o)
                0x08000f34                rtc_interrupt_disable
 .text.rtc_clear_flag
                0x08000f70       0x30 .pioenvs\bluepill_f103c8\libFrameworkLibOpenCM3.a(rtc.o)
                0x08000f70                rtc_clear_flag
 .text.rtc_check_flag
                0x08000fa0       0x30 .pioenvs\bluepill_f103c8\libFrameworkLibOpenCM3.a(rtc.o)
                0x08000fa0                rtc_check_flag
 .text.pwr_disable_backup_domain_write_protect
                0x08000fd0       0x10 .pioenvs\bluepill_f103c8\libFrameworkLibOpenCM3.a(pwr_common_all.o)
                0x08000fd0                pwr_disable_backup_domain_write_protect
 .text.pwr_enable_backup_domain_write_protect
                0x08000fe0       0x10 .pioenvs\bluepill_f103c8\libFrameworkLibOpenCM3.a(pwr_common_all.o)
                0x08000fe0                pwr_enable_backup_domain_write_protect
 .text.exti_set_trigger
                0x08000ff0       0x3c .pioenvs\bluepill_f103c8\libFrameworkLibOpenCM3.a(exti_common_all.o)
                0x08000ff0                exti_set_trigger
 .text.exti_enable_request
                0x0800102c       0x14 .pioenvs\bluepill_f103c8\libFrameworkLibOpenCM3.a(exti_common_all.o)
                0x0800102c                exti_enable_request
 .text.exti_reset_request
                0x08001040        0xc .pioenvs\bluepill_f103c8\libFrameworkLibOpenCM3.a(exti_common_all.o)
                0x08001040                exti_reset_request
 .text.flash_set_ws
                0x0800104c       0x14 .pioenvs\bluepill_f103c8\libFrameworkLibOpenCM3.a(flash_common_f01.o)
                0x0800104c                flash_set_ws
 .text.flash_unlock
                0x08001060       0x24 .pioenvs\bluepill_f103c8\libFrameworkLibOpenCM3.a(flash_common_f01.o)
                0x08001060                flash_unlock
 .text.flash_lock
                0x08001084       0x10 .pioenvs\bluepill_f103c8\libFrameworkLibOpenCM3.a(flash_common_f01.o)
                0x08001084                flash_lock
 .text.usbd_init
                0x08001094       0x50 .pioenvs\bluepill_f103c8\libFrameworkLibOpenCM3.a(usb.o)
                0x08001094                usbd_init
 .text._usbd_standard_request_device
                0x080010e4       0x48 .pioenvs\bluepill_f103c8\libFrameworkLibOpenCM3.a(usb_standard.o)
                0x080010e4                _usbd_standard_request_device
 .text._usbd_standard_request_interface
                0x0800112c       0x30 .pioenvs\bluepill_f103c8\libFrameworkLibOpenCM3.a(usb_standard.o)
                0x0800112c                _usbd_standard_request_interface
 .text._usbd_standard_request_endpoint
                0x0800115c       0x3c .pioenvs\bluepill_f103c8\libFrameworkLibOpenCM3.a(usb_standard.o)
                0x0800115c                _usbd_standard_request_endpoint
 .text.st_usbfs_v1_usbd_init
                0x08001198       0x30 .pioenvs\bluepill_f103c8\libFrameworkLibOpenCM3.a(st_usbfs_v1.o)
 .text.scb_reset_system
                0x080011c8       0x10 .pioenvs\bluepill_f103c8\libFrameworkLibOpenCM3.a(scb.o)
                0x080011c8                scb_reset_system
 .text.st_usbfs_set_address
                0x080011d8       0x10 .pioenvs\bluepill_f103c8\libFrameworkLibOpenCM3.a(st_usbfs_core.o)
                0x080011d8                st_usbfs_set_address
 .text.st_usbfs_set_ep_rx_bufsize
                0x080011e8       0x48 .pioenvs\bluepill_f103c8\libFrameworkLibOpenCM3.a(st_usbfs_core.o)
                0x080011e8                st_usbfs_set_ep_rx_bufsize
 .text.st_usbfs_ep_setup
                0x08001230      0x150 .pioenvs\bluepill_f103c8\libFrameworkLibOpenCM3.a(st_usbfs_core.o)
                0x08001230                st_usbfs_ep_setup
 .text.st_usbfs_endpoints_reset
                0x08001380       0x44 .pioenvs\bluepill_f103c8\libFrameworkLibOpenCM3.a(st_usbfs_core.o)
                0x08001380                st_usbfs_endpoints_reset
 .text.st_usbfs_ep_stall_set
                0x080013c4       0xe4 .pioenvs\bluepill_f103c8\libFrameworkLibOpenCM3.a(st_usbfs_core.o)
                0x080013c4                st_usbfs_ep_stall_set
 .text.st_usbfs_ep_nak_set
                0x080014a8       0x58 .pioenvs\bluepill_f103c8\libFrameworkLibOpenCM3.a(st_usbfs_core.o)
                0x080014a8                st_usbfs_ep_nak_set
 .text.st_usbfs_ep_write_packet
                0x08001500       0x8c .pioenvs\bluepill_f103c8\libFrameworkLibOpenCM3.a(st_usbfs_core.o)
                0x08001500                st_usbfs_ep_write_packet
 .text.st_usbfs_ep_read_packet
                0x0800158c       0xb8 .pioenvs\bluepill_f103c8\libFrameworkLibOpenCM3.a(st_usbfs_core.o)
                0x0800158c                st_usbfs_ep_read_packet
 .text.st_usbfs_poll
                0x08001644       0xd0 .pioenvs\bluepill_f103c8\libFrameworkLibOpenCM3.a(st_usbfs_core.o)
                0x08001644                st_usbfs_poll
 .text.gpio_set_mode
                0x08001714       0x62 .pioenvs\bluepill_f103c8\libFrameworkLibOpenCM3.a(gpio.o)
                0x08001714                gpio_set_mode
 .text.gpio_set
                0x08001776        0x4 .pioenvs\bluepill_f103c8\libFrameworkLibOpenCM3.a(gpio_common_all.o)
                0x08001776                gpio_set
 .text.gpio_clear
                0x0800177a        0x6 .pioenvs\bluepill_f103c8\libFrameworkLibOpenCM3.a(gpio_common_all.o)
                0x0800177a                gpio_clear
 .text.usart_recv
                0x08001780        0x8 .pioenvs\bluepill_f103c8\libFrameworkLibOpenCM3.a(usart_common_f124.o)
                0x08001780                usart_recv
 .text.rcc_periph_clock_enable
                0x08001788       0x1a .pioenvs\bluepill_f103c8\libFrameworkLibOpenCM3.a(rcc_common_all.o)
                0x08001788                rcc_periph_clock_enable
 .text.rcc_periph_reset_pulse
                0x080017a2       0x22 .pioenvs\bluepill_f103c8\libFrameworkLibOpenCM3.a(rcc_common_all.o)
                0x080017a2                rcc_periph_reset_pulse
 .text.flash_wait_for_last_operation
                0x080017c4        0xc .pioenvs\bluepill_f103c8\libFrameworkLibOpenCM3.a(flash_common_f01.o)
                0x080017c4                flash_wait_for_last_operation
 .text.usbd_register_sof_callback
                0x080017d0        0x4 .pioenvs\bluepill_f103c8\libFrameworkLibOpenCM3.a(usb.o)
                0x080017d0                usbd_register_sof_callback
 .text.usbd_poll
                0x080017d4        0x8 .pioenvs\bluepill_f103c8\libFrameworkLibOpenCM3.a(usb.o)
                0x080017d4                usbd_poll
 .text.usbd_ep_setup
                0x080017dc        0xe .pioenvs\bluepill_f103c8\libFrameworkLibOpenCM3.a(usb.o)
                0x080017dc                usbd_ep_setup
 .text._usbd_reset
                0x080017ea       0x32 .pioenvs\bluepill_f103c8\libFrameworkLibOpenCM3.a(usb.o)
                0x080017ea                _usbd_reset
 .text.usbd_ep_write_packet
                0x0800181c        0xe .pioenvs\bluepill_f103c8\libFrameworkLibOpenCM3.a(usb.o)
                0x0800181c                usbd_ep_write_packet
 .text.usbd_ep_read_packet
                0x0800182a        0xe .pioenvs\bluepill_f103c8\libFrameworkLibOpenCM3.a(usb.o)
                0x0800182a                usbd_ep_read_packet
 .text.usbd_ep_stall_set
                0x08001838        0x8 .pioenvs\bluepill_f103c8\libFrameworkLibOpenCM3.a(usb.o)
                0x08001838                usbd_ep_stall_set
 .text.usbd_ep_stall_get
                0x08001840        0x8 .pioenvs\bluepill_f103c8\libFrameworkLibOpenCM3.a(usb.o)
                0x08001840                usbd_ep_stall_get
 .text.stall_transaction
                0x08001848       0x14 .pioenvs\bluepill_f103c8\libFrameworkLibOpenCM3.a(usb_control.o)
 .text.usb_control_recv_chunk
                0x0800185c       0x3c .pioenvs\bluepill_f103c8\libFrameworkLibOpenCM3.a(usb_control.o)
 .text.usb_control_send_chunk
                0x08001898       0x44 .pioenvs\bluepill_f103c8\libFrameworkLibOpenCM3.a(usb_control.o)
 .text.usb_control_request_dispatch
                0x080018dc       0x62 .pioenvs\bluepill_f103c8\libFrameworkLibOpenCM3.a(usb_control.o)
 .text.usb_control_setup_read
                0x0800193e       0x42 .pioenvs\bluepill_f103c8\libFrameworkLibOpenCM3.a(usb_control.o)
 .text.usbd_register_control_callback
                0x08001980       0x26 .pioenvs\bluepill_f103c8\libFrameworkLibOpenCM3.a(usb_control.o)
                0x08001980                usbd_register_control_callback
 .text._usbd_control_setup
                0x080019a6       0x5a .pioenvs\bluepill_f103c8\libFrameworkLibOpenCM3.a(usb_control.o)
                0x080019a6                _usbd_control_setup
 .text._usbd_control_out
                0x08001a00       0x82 .pioenvs\bluepill_f103c8\libFrameworkLibOpenCM3.a(usb_control.o)
                0x08001a00                _usbd_control_out
 .text._usbd_control_in
                0x08001a82       0x56 .pioenvs\bluepill_f103c8\libFrameworkLibOpenCM3.a(usb_control.o)
                0x08001a82                _usbd_control_in
 .text.usb_standard_set_configuration
                0x08001ad8       0x92 .pioenvs\bluepill_f103c8\libFrameworkLibOpenCM3.a(usb_standard.o)
 .text.usb_standard_get_configuration
                0x08001b6a       0x20 .pioenvs\bluepill_f103c8\libFrameworkLibOpenCM3.a(usb_standard.o)
 .text.usb_standard_get_interface
                0x08001b8a       0x34 .pioenvs\bluepill_f103c8\libFrameworkLibOpenCM3.a(usb_standard.o)
 .text.usb_standard_device_get_status
                0x08001bbe       0x18 .pioenvs\bluepill_f103c8\libFrameworkLibOpenCM3.a(usb_standard.o)
 .text.usb_standard_endpoint_get_status
                0x08001bd6       0x2a .pioenvs\bluepill_f103c8\libFrameworkLibOpenCM3.a(usb_standard.o)
 .text.usb_standard_endpoint_stall
                0x08001c00       0x10 .pioenvs\bluepill_f103c8\libFrameworkLibOpenCM3.a(usb_standard.o)
 .text.usb_standard_endpoint_unstall
                0x08001c10       0x10 .pioenvs\bluepill_f103c8\libFrameworkLibOpenCM3.a(usb_standard.o)
 .text.usb_standard_set_address
                0x08001c20       0x28 .pioenvs\bluepill_f103c8\libFrameworkLibOpenCM3.a(usb_standard.o)
 .text.usb_standard_set_interface
                0x08001c48       0x4e .pioenvs\bluepill_f103c8\libFrameworkLibOpenCM3.a(usb_standard.o)
 .text.usb_standard_get_descriptor
                0x08001c96      0x256 .pioenvs\bluepill_f103c8\libFrameworkLibOpenCM3.a(usb_standard.o)
 .text.usb_standard_interface_get_status
                0x08001eec       0x18 .pioenvs\bluepill_f103c8\libFrameworkLibOpenCM3.a(usb_standard.o)
 .text.usbd_register_set_config_callback
                0x08001f04       0x26 .pioenvs\bluepill_f103c8\libFrameworkLibOpenCM3.a(usb_standard.o)
                0x08001f04                usbd_register_set_config_callback
 .text._usbd_standard_request
                0x08001f2a       0x30 .pioenvs\bluepill_f103c8\libFrameworkLibOpenCM3.a(usb_standard.o)
                0x08001f2a                _usbd_standard_request
 .text.st_usbfs_copy_to_pm
                0x08001f5a       0x1c .pioenvs\bluepill_f103c8\libFrameworkLibOpenCM3.a(st_usbfs_v1.o)
                0x08001f5a                st_usbfs_copy_to_pm
 .text.st_usbfs_copy_from_pm
                0x08001f76       0x2a .pioenvs\bluepill_f103c8\libFrameworkLibOpenCM3.a(st_usbfs_v1.o)
                0x08001f76                st_usbfs_copy_from_pm
 .text.nvic_enable_irq
                0x08001fa0       0x1a .pioenvs\bluepill_f103c8\libFrameworkLibOpenCM3.a(nvic.o)
                0x08001fa0                nvic_enable_irq
 .text.st_usbfs_ep_stall_get
                0x08001fba       0x38 .pioenvs\bluepill_f103c8\libFrameworkLibOpenCM3.a(st_usbfs_core.o)
                0x08001fba                st_usbfs_ep_stall_get
 *libcocoos.a:(SORT_BY_ALIGNMENT(.text*))
 *libcocoOS_?.?.?.a:(SORT_BY_ALIGNMENT(.text*))
 *fill*         0x08001ff2        0x2 
 .text.os_event_init
                0x08001ff4        0xc .pioenvs\bluepill_f103c8\libd0a\libcocoOS_5.0.3.a(os_event.o)
                0x08001ff4                os_event_init
 .text.os_signal_event
                0x08002000        0xc .pioenvs\bluepill_f103c8\libd0a\libcocoOS_5.0.3.a(os_event.o)
                0x08002000                os_signal_event
 .text.os_event_set_signaling_tid
                0x0800200c       0x10 .pioenvs\bluepill_f103c8\libd0a\libcocoOS_5.0.3.a(os_event.o)
                0x0800200c                os_event_set_signaling_tid
 .text.os_init  0x0800201c       0x34 .pioenvs\bluepill_f103c8\libd0a\libcocoOS_5.0.3.a(os_kernel.o)
                0x0800201c                os_init
 .text.os_running
                0x08002050        0xc .pioenvs\bluepill_f103c8\libd0a\libcocoOS_5.0.3.a(os_kernel.o)
                0x08002050                os_running
 .text.os_msgQ_init
                0x0800205c       0x24 .pioenvs\bluepill_f103c8\libd0a\libcocoOS_5.0.3.a(os_msgqueue.o)
                0x0800205c                os_msgQ_init
 .text.os_msgQ_tick
                0x08002080       0x54 .pioenvs\bluepill_f103c8\libd0a\libcocoOS_5.0.3.a(os_msgqueue.o)
                0x08002080                os_msgQ_tick
 .text.os_sem_init
                0x080020d4        0xc .pioenvs\bluepill_f103c8\libd0a\libcocoOS_5.0.3.a(os_sem.o)
                0x080020d4                os_sem_init
 .text.os_task_init
                0x080020e0       0x40 .pioenvs\bluepill_f103c8\libd0a\libcocoOS_5.0.3.a(os_task.o)
                0x080020e0                os_task_init
 .text.os_task_highest_prio_ready_task
                0x08002120       0x34 .pioenvs\bluepill_f103c8\libd0a\libcocoOS_5.0.3.a(os_task.o)
                0x08002120                os_task_highest_prio_ready_task
 .text.os_task_tick
                0x08002154       0x88 .pioenvs\bluepill_f103c8\libd0a\libcocoOS_5.0.3.a(os_task.o)
                0x08002154                os_task_tick
 .text.os_task_signal_event
                0x080021dc       0x64 .pioenvs\bluepill_f103c8\libd0a\libcocoOS_5.0.3.a(os_task.o)
                0x080021dc                os_task_signal_event
 .text.os_task_run
                0x08002240       0x34 .pioenvs\bluepill_f103c8\libd0a\libcocoOS_5.0.3.a(os_task.o)
                0x08002240                os_task_run
 .text.os_on_assert
                0x08002274       0x28 .pioenvs\bluepill_f103c8\libd0a\libcocoOS_5.0.3.a(os_assert.o)
                0x08002274                os_on_assert
 .text.os_cbkSleep
                0x0800229c        0x2 .pioenvs\bluepill_f103c8\libd0a\libcocoOS_5.0.3.a(os_cbk.o)
                0x0800229c                os_cbkSleep
 .text.os_tick  0x0800229e        0x8 .pioenvs\bluepill_f103c8\libd0a\libcocoOS_5.0.3.a(os_kernel.o)
                0x0800229e                os_tick
 *libgcc.a:(SORT_BY_ALIGNMENT(.text*))
 *libqfplib.a:(SORT_BY_ALIGNMENT(.text*))
 *libnano-float.a:(SORT_BY_ALIGNMENT(.text*))
 *libnewlib.a:(SORT_BY_ALIGNMENT(.text*))
 .text.memcmp   0x080022a6       0x1e .pioenvs\bluepill_f103c8\liba13\libnewlib.a(memcmp.o)
                0x080022a6                memcmp
 .text.memcpy   0x080022c4       0x1c .pioenvs\bluepill_f103c8\liba13\libnewlib.a(memcpy.o)
                0x080022c4                memcpy
 .text.memset   0x080022e0       0x10 .pioenvs\bluepill_f103c8\liba13\libnewlib.a(memset.o)
                0x080022e0                memset
 .text.strlen   0x080022f0       0x10 .pioenvs\bluepill_f103c8\liba13\libnewlib.a(strlen.o)
                0x080022f0                strlen
 .text.strncpy  0x08002300       0x2a .pioenvs\bluepill_f103c8\liba13\libnewlib.a(strncpy.o)
                0x08002300                strncpy
 *liblogger.a:(SORT_BY_ALIGNMENT(.text*))
 *fill*         0x0800232a        0x2 
 .text._ZL12debug_appendPKcj.part.1
                0x0800232c       0x34 .pioenvs\bluepill_f103c8\lib931\liblogger.a(logger.o)
 .text.enable_log
                0x08002360        0xc .pioenvs\bluepill_f103c8\lib931\liblogger.a(logger.o)
                0x08002360                enable_log
 .text.logger_add_output
                0x0800236c       0x38 .pioenvs\bluepill_f103c8\lib931\liblogger.a(logger.o)
                0x0800236c                logger_add_output
 .text._Z20debug_flush_internalb
                0x080023a4       0x8c .pioenvs\bluepill_f103c8\lib931\liblogger.a(logger.o)
                0x080023a4                debug_flush_internal(bool)
 .text.debug_force_flush
                0x08002430       0x1c .pioenvs\bluepill_f103c8\lib931\liblogger.a(logger.o)
                0x08002430                debug_force_flush
 .text._Z11debug_printj
                0x0800244c       0x84 .pioenvs\bluepill_f103c8\lib931\liblogger.a(logger.o)
                0x0800244c                debug_print(unsigned int)
 .text._Z11debug_printi
                0x080024d0       0x30 .pioenvs\bluepill_f103c8\lib931\liblogger.a(logger.o)
                0x080024d0                debug_print(int)
 .text.debug_println
                0x08002500       0x1c .pioenvs\bluepill_f103c8\lib931\liblogger.a(logger.o)
                0x08002500                debug_println
 .text._Z13debug_printlni
                0x0800251c       0x18 .pioenvs\bluepill_f103c8\lib931\liblogger.a(logger.o)
                0x0800251c                debug_println(int)
 .text.debug_flush
                0x08002534        0x6 .pioenvs\bluepill_f103c8\lib931\liblogger.a(logger.o)
                0x08002534                debug_flush
 .text.debug_print
                0x0800253a       0x20 .pioenvs\bluepill_f103c8\lib931\liblogger.a(logger.o)
                0x0800253a                debug_print
 .text.debug_print_int
                0x0800255a        0x4 .pioenvs\bluepill_f103c8\lib931\liblogger.a(logger.o)
                0x0800255a                debug_print_int
 .text.debug_print_unsigned
                0x0800255e        0x4 .pioenvs\bluepill_f103c8\lib931\liblogger.a(logger.o)
                0x0800255e                debug_print_unsigned
 .text.debug_printhex
                0x08002562       0x48 .pioenvs\bluepill_f103c8\lib931\liblogger.a(logger.o)
                0x08002562                debug_printhex
 .text.debug_printhex_unsigned
                0x080025aa       0x24 .pioenvs\bluepill_f103c8\lib931\liblogger.a(logger.o)
                0x080025aa                debug_printhex_unsigned
 *libbluepill.a:(SORT_BY_ALIGNMENT(.text*))
 *fill*         0x080025ce        0x2 
 .text.platform_setup
                0x080025d0       0x4c .pioenvs\bluepill_f103c8\libff7\libbluepill.a(bluepill.o)
                0x080025d0                platform_setup
 .text.enable_debug
                0x0800261c       0x10 .pioenvs\bluepill_f103c8\libff7\libbluepill.a(bluepill.o)
                0x0800261c                enable_debug
 .text.led_setup
                0x0800262c       0x20 .pioenvs\bluepill_f103c8\libff7\libbluepill.a(led.o)
                0x0800262c                led_setup
 .text.led_on   0x0800264c       0x10 .pioenvs\bluepill_f103c8\libff7\libbluepill.a(led.o)
                0x0800264c                led_on
 .text.led_off  0x0800265c       0x10 .pioenvs\bluepill_f103c8\libff7\libbluepill.a(led.o)
                0x0800265c                led_off
 .text.led_wait
                0x0800266c       0x10 .pioenvs\bluepill_f103c8\libff7\libbluepill.a(led.o)
                0x0800266c                led_wait
 .text.platform_start_timer
                0x0800267c      0x114 .pioenvs\bluepill_f103c8\libff7\libbluepill.a(timer.o)
                0x0800267c                platform_start_timer
 .text.platform_set_alarm
                0x08002790       0x30 .pioenvs\bluepill_f103c8\libff7\libbluepill.a(timer.o)
                0x08002790                platform_set_alarm
 .text.platform_alarm_count
                0x080027c0        0xc .pioenvs\bluepill_f103c8\libff7\libbluepill.a(timer.o)
                0x080027c0                platform_alarm_count
 .text.__cxa_pure_virtual
                0x080027cc        0x8 .pioenvs\bluepill_f103c8\libff7\libbluepill.a(bluepill.o)
                0x080027cc                __cxa_pure_virtual
 .text._Znwj    0x080027d4        0x4 .pioenvs\bluepill_f103c8\libff7\libbluepill.a(bluepill.o)
                0x080027d4                operator new(unsigned int)
 .text._ZdlPv   0x080027d8        0x4 .pioenvs\bluepill_f103c8\libff7\libbluepill.a(bluepill.o)
                0x080027d8                operator delete(void*)
 .text.millis   0x080027dc        0x4 .pioenvs\bluepill_f103c8\libff7\libbluepill.a(timer.o)
                0x080027dc                millis
 *libbootloader.a:(SORT_BY_ALIGNMENT(.text*))
 .text.poll_restart_callback
                0x080027e0       0x20 .pioenvs\bluepill_f103c8\lib443\libbootloader.a(bootloader.o)
                0x080027e0                poll_restart_callback
 .text.bootloader_poll
                0x08002800       0x44 .pioenvs\bluepill_f103c8\lib443\libbootloader.a(bootloader.o)
                0x08002800                bootloader_poll
 .text.bootloader_start
                0x08002844      0x224 .pioenvs\bluepill_f103c8\lib443\libbootloader.a(bootloader.o)
                0x08002844                bootloader_start
 .text.boot_target_get_startup_mode
                0x08002a68       0xe4 .pioenvs\bluepill_f103c8\lib443\libbootloader.a(target_stm32f103.o)
                0x08002a68                boot_target_get_startup_mode
 .text.boot_target_set_led
                0x08002b4c       0x18 .pioenvs\bluepill_f103c8\lib443\libbootloader.a(target_stm32f103.o)
                0x08002b4c                boot_target_set_led
 .text.boot_target_gpio_setup
                0x08002b64       0x70 .pioenvs\bluepill_f103c8\lib443\libbootloader.a(target_stm32f103.o)
                0x08002b64                boot_target_gpio_setup
 .text.boot_target_usb_init
                0x08002bd4       0x2c .pioenvs\bluepill_f103c8\lib443\libbootloader.a(target_stm32f103.o)
                0x08002bd4                boot_target_usb_init
 .text.boot_target_set_restart_callback
                0x08002c00       0x24 .pioenvs\bluepill_f103c8\lib443\libbootloader.a(target_stm32f103.o)
                0x08002c00                boot_target_set_restart_callback
 .text.boot_target_manifest_app
                0x08002c24       0x20 .pioenvs\bluepill_f103c8\lib443\libbootloader.a(target_stm32f103.o)
                0x08002c24                boot_target_manifest_app
 .text.boot_target_manifest_bootloader
                0x08002c44       0x20 .pioenvs\bluepill_f103c8\lib443\libbootloader.a(target_stm32f103.o)
                0x08002c44                boot_target_manifest_bootloader
 .text.boot_target_flash_program_array
                0x08002c64       0xc8 .pioenvs\bluepill_f103c8\lib443\libbootloader.a(target_stm32f103.o)
                0x08002c64                boot_target_flash_program_array
 .text.hf2_connected
                0x08002d2c       0x10 .pioenvs\bluepill_f103c8\lib443\libbootloader.a(usb_conf.o)
 .text.usb_cdc_transmit
                0x08002d3c       0x24 .pioenvs\bluepill_f103c8\lib443\libbootloader.a(usb_conf.o)
 .text.sof_callback
                0x08002d60       0x10 .pioenvs\bluepill_f103c8\lib443\libbootloader.a(usb_conf.o)
 .text.cdc_connected
                0x08002d70       0x1c .pioenvs\bluepill_f103c8\lib443\libbootloader.a(usb_conf.o)
 .text.set_aggregate_callback
                0x08002d8c       0x50 .pioenvs\bluepill_f103c8\lib443\libbootloader.a(usb_conf.o)
 .text.usb_setup
                0x08002ddc       0xa8 .pioenvs\bluepill_f103c8\lib443\libbootloader.a(usb_conf.o)
                0x08002ddc                usb_setup
 .text.set_usb_busy
                0x08002e84       0x1c .pioenvs\bluepill_f103c8\lib443\libbootloader.a(usb_conf.o)
                0x08002e84                set_usb_busy
 .text.get_usb_status
                0x08002ea0       0x2c .pioenvs\bluepill_f103c8\lib443\libbootloader.a(usb_conf.o)
                0x08002ea0                get_usb_status
 .text.aggregate_register_config_callback
                0x08002ecc       0x38 .pioenvs\bluepill_f103c8\lib443\libbootloader.a(usb_conf.o)
                0x08002ecc                aggregate_register_config_callback
 .text.aggregate_register_callback
                0x08002f04       0x4c .pioenvs\bluepill_f103c8\lib443\libbootloader.a(usb_conf.o)
                0x08002f04                aggregate_register_callback
 .text.usb_set_serial_number
                0x08002f50       0x1c .pioenvs\bluepill_f103c8\lib443\libbootloader.a(usb_conf.o)
                0x08002f50                usb_set_serial_number
 .text.dump_buffer
                0x08002f6c       0x4c .pioenvs\bluepill_f103c8\lib443\libbootloader.a(usb_conf.o)
                0x08002f6c                dump_buffer
 .text.dump_usb_request
                0x08002fb8      0x130 .pioenvs\bluepill_f103c8\lib443\libbootloader.a(usb_conf.o)
                0x08002fb8                dump_usb_request
 .text.aggregate_callback
                0x080030e8       0x9c .pioenvs\bluepill_f103c8\lib443\libbootloader.a(usb_conf.o)
 .text.webusb_set_config
                0x08003184       0x28 .pioenvs\bluepill_f103c8\lib443\libbootloader.a(webusb.o)
 .text.webusb_control_vendor_request
                0x080031ac       0x9c .pioenvs\bluepill_f103c8\lib443\libbootloader.a(webusb.o)
 .text.webusb_setup
                0x08003248       0x4c .pioenvs\bluepill_f103c8\lib443\libbootloader.a(webusb.o)
                0x08003248                webusb_setup
 .text.winusb_control_vendor_request
                0x08003294       0x94 .pioenvs\bluepill_f103c8\lib443\libbootloader.a(winusb.o)
 .text.winusb_set_config
                0x08003328       0x28 .pioenvs\bluepill_f103c8\lib443\libbootloader.a(winusb.o)
 .text.winusb_descriptor_request
                0x08003350       0x48 .pioenvs\bluepill_f103c8\lib443\libbootloader.a(winusb.o)
 .text.winusb_setup
                0x08003398       0x5c .pioenvs\bluepill_f103c8\lib443\libbootloader.a(winusb.o)
                0x08003398                winusb_setup
 .text.cdcacm_comm_cb
                0x080033f4        0xc .pioenvs\bluepill_f103c8\lib443\libbootloader.a(cdc.o)
 .text.cdcacm_set_config
                0x08003400       0x68 .pioenvs\bluepill_f103c8\lib443\libbootloader.a(cdc.o)
 .text.cdcacm_control_request
                0x08003468       0x64 .pioenvs\bluepill_f103c8\lib443\libbootloader.a(cdc.o)
 .text.cdcadm_transmit
                0x080034cc       0x58 .pioenvs\bluepill_f103c8\lib443\libbootloader.a(cdc.o)
                0x080034cc                cdcadm_transmit
 .text.cdcacm_data_rx_cb
                0x08003524       0x4c .pioenvs\bluepill_f103c8\lib443\libbootloader.a(cdc.o)
 .text.cdc_setup
                0x08003570       0x2c .pioenvs\bluepill_f103c8\lib443\libbootloader.a(cdc.o)
                0x08003570                cdc_setup
 .text.hf2_set_config
                0x0800359c       0x40 .pioenvs\bluepill_f103c8\lib443\libbootloader.a(hf2.o)
 .text.pokeSend
                0x080035dc       0xcc .pioenvs\bluepill_f103c8\lib443\libbootloader.a(hf2.o)
 .text.hf2_data_tx_cb
                0x080036a8       0x4c .pioenvs\bluepill_f103c8\lib443\libbootloader.a(hf2.o)
 .text.assert   0x080036f4       0x1c .pioenvs\bluepill_f103c8\lib443\libbootloader.a(hf2.o)
 .text.hf2_data_rx_cb
                0x08003710      0x3c4 .pioenvs\bluepill_f103c8\lib443\libbootloader.a(hf2.o)
 .text.hf2_setup
                0x08003ad4       0x80 .pioenvs\bluepill_f103c8\lib443\libbootloader.a(hf2.o)
                0x08003ad4                hf2_setup
 .text.backup_write
                0x08003b54       0x38 .pioenvs\bluepill_f103c8\lib443\libbootloader.a(backup.o)
                0x08003b54                backup_write
 .text.backup_read
                0x08003b8c       0x18 .pioenvs\bluepill_f103c8\lib443\libbootloader.a(backup.o)
                0x08003b8c                backup_read
 .text.usb21_set_config
                0x08003ba4       0x28 .pioenvs\bluepill_f103c8\lib443\libbootloader.a(usb21_standard.o)
 .text.usb21_standard_get_descriptor
                0x08003bcc       0xcc .pioenvs\bluepill_f103c8\lib443\libbootloader.a(usb21_standard.o)
 .text.usb21_setup
                0x08003c98       0x38 .pioenvs\bluepill_f103c8\lib443\libbootloader.a(usb21_standard.o)
                0x08003c98                usb21_setup
 .text.flash_flush
                0x08003cd0       0x74 .pioenvs\bluepill_f103c8\lib443\libbootloader.a(ghostfat.o)
                0x08003cd0                flash_flush
 .text.flash_write
                0x08003d44       0x48 .pioenvs\bluepill_f103c8\lib443\libbootloader.a(ghostfat.o)
                0x08003d44                flash_write
 .text.bootloader_set_restart_callback
                0x08003d8c        0xa .pioenvs\bluepill_f103c8\lib443\libbootloader.a(bootloader.o)
                0x08003d8c                bootloader_set_restart_callback
 .text.boot_target_get_serial_number
                0x08003d96        0x6 .pioenvs\bluepill_f103c8\lib443\libbootloader.a(target_stm32f103.o)
                0x08003d96                boot_target_get_serial_number
 .text.boot_target_flash_unlock
                0x08003d9c        0x4 .pioenvs\bluepill_f103c8\lib443\libbootloader.a(target_stm32f103.o)
                0x08003d9c                boot_target_flash_unlock
 .text.boot_target_flash_lock
                0x08003da0        0x4 .pioenvs\bluepill_f103c8\lib443\libbootloader.a(target_stm32f103.o)
                0x08003da0                boot_target_flash_lock
 .text.send_hf2_response
                0x08003da4       0x12 .pioenvs\bluepill_f103c8\lib443\libbootloader.a(hf2.o)
                0x08003db8                . = ALIGN (0x4)
 *fill*         0x08003db6        0x2 
 *(SORT_BY_ALIGNMENT(.rodata.blocking_handler*))
 *(SORT_BY_ALIGNMENT(.rodata.null_handler*))
 *(SORT_BY_ALIGNMENT(.rodata.*_isr))
 :*reset_handler*(SORT_BY_ALIGNMENT(.rodata*))
 .rodata.reset_handler.str1.1
                0x08003db8       0x34 .pioenvs\bluepill_f103c8\libff2\hal\reset_handler.o
 :*codal_target_hal*(SORT_BY_ALIGNMENT(.rodata*))
 .rodata._ZL10timer_tickv.str1.1
                0x08003dec        0x7 .pioenvs\bluepill_f103c8\libff2\hal\codal_target_hal.o
 .rodata._ZL11timer_alarmv.str1.1
                0x08003df3        0x4 .pioenvs\bluepill_f103c8\libff2\hal\codal_target_hal.o
 .rodata.target_panic.str1.1
                0x08003df7       0x13 .pioenvs\bluepill_f103c8\libff2\hal\codal_target_hal.o
 .rodata.target_wait.str1.1
                0x08003e0a        0x5 .pioenvs\bluepill_f103c8\libff2\hal\codal_target_hal.o
                                  0x8 (size before relaxing)
 .rodata.test_codal.str1.1
                0x08003e0f       0x34 .pioenvs\bluepill_f103c8\libff2\hal\codal_target_hal.o
 *libhal.a:*codal_target_hal*(SORT_BY_ALIGNMENT(.rodata*))
 :*CortexContextSwitch*(SORT_BY_ALIGNMENT(.rodata*))
 *libhal.a:(SORT_BY_ALIGNMENT(.rodata*))
 *liblibopencm3.a:(SORT_BY_ALIGNMENT(.rodata*))
 *libFrameworkLibOpenCM3.a:(SORT_BY_ALIGNMENT(.rodata*))
 *fill*         0x08003e43        0x1 
 .rodata.st_usbfs_v1_usb_driver
                0x08003e44       0x34 .pioenvs\bluepill_f103c8\libFrameworkLibOpenCM3.a(st_usbfs_v1.o)
                0x08003e44                st_usbfs_v1_usb_driver
 .rodata.chars.4166
                0x08003e78       0x11 .pioenvs\bluepill_f103c8\libFrameworkLibOpenCM3.a(desig.o)
 *libcocoos.a:(SORT_BY_ALIGNMENT(.rodata*))
 *libcocoOS_?.?.?.a:(SORT_BY_ALIGNMENT(.rodata*))
 .rodata.os_on_assert.str1.1
                0x08003e89       0x1a .pioenvs\bluepill_f103c8\libd0a\libcocoOS_5.0.3.a(os_assert.o)
 *libgcc.a:(SORT_BY_ALIGNMENT(.rodata*))
 *libqfplib.a:(SORT_BY_ALIGNMENT(.rodata*))
 *libnano-float.a:(SORT_BY_ALIGNMENT(.rodata*))
 *libnewlib.a:(SORT_BY_ALIGNMENT(.rodata*))
 *liblogger.a:(SORT_BY_ALIGNMENT(.rodata*))
 .rodata._Z11debug_printi.str1.1
                0x08003ea3        0x4 .pioenvs\bluepill_f103c8\lib931\liblogger.a(logger.o)
 .rodata._Z11debug_printj.str1.1
                0x08003ea7        0xb .pioenvs\bluepill_f103c8\lib931\liblogger.a(logger.o)
 .rodata.debug_println.str1.1
                0x08003eb2        0x3 .pioenvs\bluepill_f103c8\lib931\liblogger.a(logger.o)
 *libbluepill.a:(SORT_BY_ALIGNMENT(.rodata*))
 .rodata.platform_setup.str1.1
                0x08003eb5       0x13 .pioenvs\bluepill_f103c8\libff7\libbluepill.a(bluepill.o)
 .rodata.platform_set_alarm.str1.1
                0x08003ec8        0x6 .pioenvs\bluepill_f103c8\libff7\libbluepill.a(timer.o)
 .rodata.platform_start_timer.str1.1
                0x08003ece       0x2f .pioenvs\bluepill_f103c8\libff7\libbluepill.a(timer.o)
 *libbootloader.a:(SORT_BY_ALIGNMENT(.rodata*))
 *fill*         0x08003efd        0x3 
 .rodata.interfaces
                0x08003f00       0x30 .pioenvs\bluepill_f103c8\lib443\libbootloader.a(usb_conf.o)
 .rodata.bootloader_start.str1.1
                0x08003f30       0xb2 .pioenvs\bluepill_f103c8\lib443\libbootloader.a(bootloader.o)
                                 0xb3 (size before relaxing)
 .rodata.poll_restart_callback.str1.1
                0x08003fe2       0x11 .pioenvs\bluepill_f103c8\lib443\libbootloader.a(bootloader.o)
 .rodata.boot_target_flash_program_array.str1.1
                0x08003ff3       0x3c .pioenvs\bluepill_f103c8\lib443\libbootloader.a(target_stm32f103.o)
 .rodata.boot_target_get_startup_mode.str1.1
                0x0800402f       0x67 .pioenvs\bluepill_f103c8\lib443\libbootloader.a(target_stm32f103.o)
                                 0x76 (size before relaxing)
 .rodata.boot_target_manifest_app.str1.1
                0x08004096        0x9 .pioenvs\bluepill_f103c8\lib443\libbootloader.a(target_stm32f103.o)
 .rodata.boot_target_manifest_bootloader.str1.1
                0x0800409f       0x10 .pioenvs\bluepill_f103c8\lib443\libbootloader.a(target_stm32f103.o)
 .rodata.boot_target_set_restart_callback.str1.1
                0x080040af       0x16 .pioenvs\bluepill_f103c8\lib443\libbootloader.a(target_stm32f103.o)
 .rodata.aggregate_callback.str1.1
                0x080040c5        0xc .pioenvs\bluepill_f103c8\lib443\libbootloader.a(usb_conf.o)
 .rodata.aggregate_register_callback.str1.1
                0x080040d1       0x26 .pioenvs\bluepill_f103c8\lib443\libbootloader.a(usb_conf.o)
 .rodata.aggregate_register_config_callback.str1.1
                0x080040f7       0x25 .pioenvs\bluepill_f103c8\lib443\libbootloader.a(usb_conf.o)
 .rodata.bos_descriptor
                0x0800411c        0x9 .pioenvs\bluepill_f103c8\lib443\libbootloader.a(usb_conf.o)
 .rodata.cdc_iface_assoc
                0x08004125        0x8 .pioenvs\bluepill_f103c8\lib443\libbootloader.a(usb_conf.o)
 .rodata.cdcacm_functional_descriptors
                0x0800412d       0x13 .pioenvs\bluepill_f103c8\lib443\libbootloader.a(usb_conf.o)
 .rodata.comm_endp
                0x08004140        0xf .pioenvs\bluepill_f103c8\lib443\libbootloader.a(usb_conf.o)
 .rodata.comm_iface
                0x0800414f       0x15 .pioenvs\bluepill_f103c8\lib443\libbootloader.a(usb_conf.o)
 .rodata.config
                0x08004164        0xd .pioenvs\bluepill_f103c8\lib443\libbootloader.a(usb_conf.o)
 .rodata.data_endp
                0x08004171       0x1e .pioenvs\bluepill_f103c8\lib443\libbootloader.a(usb_conf.o)
 .rodata.data_iface
                0x0800418f       0x15 .pioenvs\bluepill_f103c8\lib443\libbootloader.a(usb_conf.o)
 .rodata.dev    0x080041a4       0x12 .pioenvs\bluepill_f103c8\lib443\libbootloader.a(usb_conf.o)
 .rodata.dump_buffer.str1.1
                0x080041b6        0x4 .pioenvs\bluepill_f103c8\lib443\libbootloader.a(usb_conf.o)
                                  0x7 (size before relaxing)
 .rodata.dump_usb_request.str1.1
                0x080041ba       0x69 .pioenvs\bluepill_f103c8\lib443\libbootloader.a(usb_conf.o)
                                 0x70 (size before relaxing)
 .rodata.hf2_endp
                0x08004223       0x1e .pioenvs\bluepill_f103c8\lib443\libbootloader.a(usb_conf.o)
 .rodata.hf2_iface
                0x08004241       0x15 .pioenvs\bluepill_f103c8\lib443\libbootloader.a(usb_conf.o)
 .rodata.set_aggregate_callback.str1.1
                0x08004256       0x29 .pioenvs\bluepill_f103c8\lib443\libbootloader.a(usb_conf.o)
 .rodata.set_usb_busy.str1.1
                0x0800427f       0x29 .pioenvs\bluepill_f103c8\lib443\libbootloader.a(usb_conf.o)
                                  0x2 (size before relaxing)
 .rodata.str1.1
                0x0800427f       0x7e .pioenvs\bluepill_f103c8\lib443\libbootloader.a(usb_conf.o)
 .rodata.usb_setup.str1.1
                0x080042fd       0x2e .pioenvs\bluepill_f103c8\lib443\libbootloader.a(usb_conf.o)
 .rodata.webusb_control_vendor_request.str1.1
                0x0800432b       0x3c .pioenvs\bluepill_f103c8\lib443\libbootloader.a(webusb.o)
                                 0x3d (size before relaxing)
 .rodata.webusb_platform_capability_descriptor
                0x08004367       0x18 .pioenvs\bluepill_f103c8\lib443\libbootloader.a(webusb.o)
                0x08004367                webusb_platform_capability_descriptor
 .rodata.webusb_set_config.str1.1
                0x0800437f       0x1d .pioenvs\bluepill_f103c8\lib443\libbootloader.a(webusb.o)
 .rodata.webusb_setup.str1.1
                0x0800439c       0x18 .pioenvs\bluepill_f103c8\lib443\libbootloader.a(webusb.o)
 .rodata.guid   0x080043b4       0x92 .pioenvs\bluepill_f103c8\lib443\libbootloader.a(winusb.o)
 .rodata.microsoft_platform_capability_descriptor
                0x08004446       0x1c .pioenvs\bluepill_f103c8\lib443\libbootloader.a(winusb.o)
                0x08004446                microsoft_platform_capability_descriptor
 .rodata.winusb_control_vendor_request.str1.1
                0x08004462       0x14 .pioenvs\bluepill_f103c8\lib443\libbootloader.a(winusb.o)
 .rodata.winusb_descriptor_request.str1.1
                0x08004476        0x6 .pioenvs\bluepill_f103c8\lib443\libbootloader.a(winusb.o)
 .rodata.winusb_set_config.str1.1
                0x0800447c       0x1d .pioenvs\bluepill_f103c8\lib443\libbootloader.a(winusb.o)
 .rodata.winusb_setup.str1.1
                0x08004499       0x18 .pioenvs\bluepill_f103c8\lib443\libbootloader.a(winusb.o)
 .rodata.winusb_string_descriptor
                0x080044b1       0x12 .pioenvs\bluepill_f103c8\lib443\libbootloader.a(winusb.o)
 .rodata.cdc_setup.str1.1
                0x080044c3       0x15 .pioenvs\bluepill_f103c8\lib443\libbootloader.a(cdc.o)
 .rodata.cdcacm_comm_cb.str1.1
                0x080044d8        0x5 .pioenvs\bluepill_f103c8\lib443\libbootloader.a(cdc.o)
 .rodata.cdcacm_control_request.str1.1
                0x080044dd       0x28 .pioenvs\bluepill_f103c8\lib443\libbootloader.a(cdc.o)
                                 0x30 (size before relaxing)
 .rodata.cdcacm_set_config.str1.1
                0x08004505       0x1d .pioenvs\bluepill_f103c8\lib443\libbootloader.a(cdc.o)
 .rodata.line_coding
                0x08004522        0x7 .pioenvs\bluepill_f103c8\lib443\libbootloader.a(cdc.o)
 .rodata.assert.str1.1
                0x08004529        0xc .pioenvs\bluepill_f103c8\lib443\libbootloader.a(hf2.o)
 .rodata.bad_packet_message
                0x08004535        0xb .pioenvs\bluepill_f103c8\lib443\libbootloader.a(hf2.o)
 .rodata.hf2_data_rx_cb.str1.1
                0x08004540       0xcf .pioenvs\bluepill_f103c8\lib443\libbootloader.a(hf2.o)
                                 0xd5 (size before relaxing)
 .rodata.hf2_set_config.str1.1
                0x0800460f        0xf .pioenvs\bluepill_f103c8\lib443\libbootloader.a(hf2.o)
 .rodata.hf2_setup.str1.1
                0x0800461e       0x22 .pioenvs\bluepill_f103c8\lib443\libbootloader.a(hf2.o)
                                 0x27 (size before relaxing)
 .rodata.pokeSend.str1.1
                0x08004640        0xf .pioenvs\bluepill_f103c8\lib443\libbootloader.a(hf2.o)
                                 0x10 (size before relaxing)
 .rodata.usb21_set_config.str1.1
                0x0800464f       0x1c .pioenvs\bluepill_f103c8\lib443\libbootloader.a(usb21_standard.o)
 .rodata.usb21_setup.str1.1
                0x0800466b       0x17 .pioenvs\bluepill_f103c8\lib443\libbootloader.a(usb21_standard.o)
 .rodata.usb21_standard_get_descriptor.str1.1
                0x08004682       0x21 .pioenvs\bluepill_f103c8\lib443\libbootloader.a(usb21_standard.o)
 .rodata.flash_flush.str1.1
                0x080046a3        0x4 .pioenvs\bluepill_f103c8\lib443\libbootloader.a(ghostfat.o)
                                  0x6 (size before relaxing)
 .rodata.infoUf2File
                0x080046a7       0x55 .pioenvs\bluepill_f103c8\lib443\libbootloader.a(ghostfat.o)
                0x080046a7                infoUf2File
                0x080046fc                . = ALIGN (0x4)
                0x080046fc                _boot_etext = .

.text           0x08006c00     0x3500
                0x08006c00                . = ALIGN (0x4)
                0x08006c00                _text = .
 *(SORT_BY_ALIGNMENT(.text.application_start))
 .text.application_start
                0x08006c00       0xc4 .pioenvs\bluepill_f103c8\lib24c\libcm.a(application.o)
                0x08006c00                application_start
 *(SORT_BY_ALIGNMENT(.text.main))
 *(SORT_BY_ALIGNMENT(.text.startup.main))
 .text.startup.main
                0x08006cc4       0x14 .pioenvs\bluepill_f103c8\src\main.o
                0x08006cc4                main
 *(SORT_BY_ALIGNMENT(.text*))
 .text._ZN5codal14CodalComponent4initEv
                0x08006cd8        0x8 .pioenvs\bluepill_f103c8\src\main.o
                0x08006cd8                codal::CodalComponent::init()
 .text._ZN5codal14CodalComponentD2Ev
                0x08006ce0       0x18 .pioenvs\bluepill_f103c8\src\main.o
                0x08006ce0                codal::CodalComponent::~CodalComponent()
                0x08006ce0                codal::CodalComponent::~CodalComponent()
 .text._ZL10debug_dumpRN5codal13STM32BluePillEPKc.isra.0
                0x08006cf8       0x40 .pioenvs\bluepill_f103c8\src\main.o
 .text.startup._GLOBAL__sub_I_bluepill
                0x08006d38       0x24 .pioenvs\bluepill_f103c8\src\main.o
 .text._Z10Blink_mainRN5codal13STM32BluePillE
                0x08006d5c       0x70 .pioenvs\bluepill_f103c8\src\main.o
                0x08006d5c                Blink_main(codal::STM32BluePill&)
 .text._ZN5codal13STM32BluePillD2Ev
                0x08006dcc       0x40 .pioenvs\bluepill_f103c8\src\main.o
                0x08006dcc                codal::STM32BluePill::~STM32BluePill()
                0x08006dcc                codal::STM32BluePill::~STM32BluePill()
 .text.startup._GLOBAL__sub_I_serialPort
                0x08006e0c       0x10 .pioenvs\bluepill_f103c8\src\uart.o
 .text._Z18component_callbackN5codal5EventE
                0x08006e1c       0x58 .pioenvs\bluepill_f103c8\lib635\libcodal-core.a(CodalComponent.o)
                0x08006e1c                component_callback(codal::Event)
 .text._ZN5codal10EventModel6listenEiiPFvNS_5EventEEt
                0x08006e74       0x60 .pioenvs\bluepill_f103c8\lib635\libcodal-core.a(CodalComponent.o)
                0x08006e74                codal::EventModel::listen(int, int, void (*)(codal::Event), unsigned short)
 .text._ZN5codal14CodalComponent12addComponentEv
                0x08006ed4       0x70 .pioenvs\bluepill_f103c8\lib635\libcodal-core.a(CodalComponent.o)
                0x08006ed4                codal::CodalComponent::addComponent()
 .text._ZN5codal14CodalComponent15removeComponentEv
                0x08006f44       0x20 .pioenvs\bluepill_f103c8\lib635\libcodal-core.a(CodalComponent.o)
                0x08006f44                codal::CodalComponent::removeComponent()
 .text.codal_dmesg_flush
                0x08006f64       0x10 .pioenvs\bluepill_f103c8\lib635\libcodal-core.a(CodalDmesg.o)
                0x08006f64                codal_dmesg_flush
 .text._ZN5codal14scheduler_tickENS_5EventE
                0x08006f74       0x38 .pioenvs\bluepill_f103c8\lib635\libcodal-core.a(CodalFiber.o)
                0x08006f74                codal::scheduler_tick(codal::Event)
 .text._ZN5codal15scheduler_eventENS_5EventE
                0x08006fac       0xc0 .pioenvs\bluepill_f103c8\lib635\libcodal-core.a(CodalFiber.o)
                0x08006fac                codal::scheduler_event(codal::Event)
 .text._Z15getFiberContextv
                0x0800706c       0x50 .pioenvs\bluepill_f103c8\lib635\libcodal-core.a(CodalFiber.o)
                0x0800706c                getFiberContext()
 .text._ZL10handle_fobv
                0x080070bc       0x2c .pioenvs\bluepill_f103c8\lib635\libcodal-core.a(CodalFiber.o)
 .text._ZN5codal23fiber_scheduler_runningEv
                0x080070e8       0x10 .pioenvs\bluepill_f103c8\lib635\libcodal-core.a(CodalFiber.o)
                0x080070e8                codal::fiber_scheduler_running()
 .text._ZN5codal14scheduler_initERNS_10EventModelE
                0x080070f8       0xac .pioenvs\bluepill_f103c8\lib635\libcodal-core.a(CodalFiber.o)
                0x080070f8                codal::scheduler_init(codal::EventModel&)
 .text._ZN5codal19fiber_wake_on_eventEtt
                0x080071a4       0x5c .pioenvs\bluepill_f103c8\lib635\libcodal-core.a(CodalFiber.o)
                0x080071a4                codal::fiber_wake_on_event(unsigned short, unsigned short)
 .text._Z14__create_fibermmmi
                0x08007200       0x64 .pioenvs\bluepill_f103c8\lib635\libcodal-core.a(CodalFiber.o)
                0x08007200                __create_fiber(unsigned long, unsigned long, unsigned long, int)
 .text._ZN5codal17verify_stack_sizeEPNS_5FiberE
                0x08007264       0x44 .pioenvs\bluepill_f103c8\lib635\libcodal-core.a(CodalFiber.o)
                0x08007264                codal::verify_stack_size(codal::Fiber*)
 .text._ZN5codal24scheduler_runqueue_emptyEv
                0x080072a8       0x10 .pioenvs\bluepill_f103c8\lib635\libcodal-core.a(CodalFiber.o)
                0x080072a8                codal::scheduler_runqueue_empty()
 .text._ZN5codal4idleEv
                0x080072b8       0x3c .pioenvs\bluepill_f103c8\lib635\libcodal-core.a(CodalFiber.o)
                0x080072b8                codal::idle()
 .text._ZN5codal8scheduleEv
                0x080072f4      0x108 .pioenvs\bluepill_f103c8\lib635\libcodal-core.a(CodalFiber.o)
                0x080072f4                codal::schedule()
 .text._ZN5codal11fiber_sleepEm
                0x080073fc       0x3c .pioenvs\bluepill_f103c8\lib635\libcodal-core.a(CodalFiber.o)
                0x080073fc                codal::fiber_sleep(unsigned long)
 .text._ZN5codal13release_fiberEv
                0x08007438       0x6c .pioenvs\bluepill_f103c8\lib635\libcodal-core.a(CodalFiber.o)
                0x08007438                codal::release_fiber()
 .text._ZN5codal6invokeEPFvPvES0_
                0x080074a4       0x80 .pioenvs\bluepill_f103c8\lib635\libcodal-core.a(CodalFiber.o)
                0x080074a4                codal::invoke(void (*)(void*), void*)
 .text._Z18device_create_heapmm
                0x08007524       0x3c .pioenvs\bluepill_f103c8\lib635\libcodal-core.a(CodalHeapAllocator.o)
                0x08007524                device_create_heap(unsigned long, unsigned long)
 .text.device_malloc
                0x08007560       0x48 .pioenvs\bluepill_f103c8\lib635\libcodal-core.a(CodalHeapAllocator.o)
                0x08007560                device_malloc
                0x08007560                malloc
 .text.device_free
                0x080075a8       0x40 .pioenvs\bluepill_f103c8\lib635\libcodal-core.a(CodalHeapAllocator.o)
                0x080075a8                free
                0x080075a8                device_free
 .text._ZN5codal6SerialC2ERNS_3PinES2_hht
                0x080075e8       0x5c .pioenvs\bluepill_f103c8\lib635\libcodal-core.a(Serial.o)
                0x080075e8                codal::Serial::Serial(codal::Pin&, codal::Pin&, unsigned char, unsigned char, unsigned short)
                0x080075e8                codal::Serial::Serial(codal::Pin&, codal::Pin&, unsigned char, unsigned char, unsigned short)
 .text._ZN5codal6SerialD2Ev
                0x08007644       0x1c .pioenvs\bluepill_f103c8\lib635\libcodal-core.a(Serial.o)
                0x08007644                codal::Serial::~Serial()
                0x08007644                codal::Serial::~Serial()
 .text._ZN5codal5TimerC2Ev
                0x08007660       0x34 .pioenvs\bluepill_f103c8\lib635\libcodal-core.a(Timer.o)
                0x08007660                codal::Timer::Timer()
                0x08007660                codal::Timer::Timer()
 .text._ZN5codal25system_timer_current_timeEv
                0x08007694       0x10 .pioenvs\bluepill_f103c8\lib635\libcodal-core.a(Timer.o)
                0x08007694                codal::system_timer_current_time()
 .text._ZN5codal27system_timer_event_every_usEmtt
                0x080076a4       0x24 .pioenvs\bluepill_f103c8\lib635\libcodal-core.a(Timer.o)
                0x080076a4                codal::system_timer_event_every_us(unsigned long, unsigned short, unsigned short)
 .text._ZN5codal10EventModel4sendENS_5EventE
                0x080076c8       0x14 .pioenvs\bluepill_f103c8\lib635\libcodal-core.a(MessageBus.o)
                0x080076c8                codal::EventModel::send(codal::Event)
 .text._ZN5codal10EventModel3addEPNS_8ListenerE
                0x080076dc        0x8 .pioenvs\bluepill_f103c8\lib635\libcodal-core.a(MessageBus.o)
                0x080076dc                codal::EventModel::add(codal::Listener*)
 .text._ZN5codal10EventModel6removeEPNS_8ListenerE
                0x080076e4        0x8 .pioenvs\bluepill_f103c8\lib635\libcodal-core.a(MessageBus.o)
                0x080076e4                codal::EventModel::remove(codal::Listener*)
 .text._ZN5codal10MessageBus6removeEPNS_8ListenerE
                0x080076ec       0x70 .pioenvs\bluepill_f103c8\lib635\libcodal-core.a(MessageBus.o)
                0x080076ec                codal::MessageBus::remove(codal::Listener*)
 .text._ZN5codal10MessageBus3addEPNS_8ListenerE
                0x0800775c       0xbc .pioenvs\bluepill_f103c8\lib635\libcodal-core.a(MessageBus.o)
                0x0800775c                codal::MessageBus::add(codal::Listener*)
 .text._ZN5codal10MessageBusD2Ev
                0x08007818       0x78 .pioenvs\bluepill_f103c8\lib635\libcodal-core.a(MessageBus.o)
                0x08007818                codal::MessageBus::~MessageBus()
                0x08007818                codal::MessageBus::~MessageBus()
 .text._ZN5codal10MessageBusC2Ev
                0x08007890       0xa8 .pioenvs\bluepill_f103c8\lib635\libcodal-core.a(MessageBus.o)
                0x08007890                codal::MessageBus::MessageBus()
                0x08007890                codal::MessageBus::MessageBus()
 .text._ZN5codal10MessageBus7processERNS_5EventEb
                0x08007938       0x84 .pioenvs\bluepill_f103c8\lib635\libcodal-core.a(MessageBus.o)
                0x08007938                codal::MessageBus::process(codal::Event&, bool)
 .text._ZN5codal19allocateNotifyEventEv
                0x080079bc       0x10 .pioenvs\bluepill_f103c8\lib635\libcodal-core.a(MessageBus.o)
                0x080079bc                codal::allocateNotifyEvent()
 .text._ZN5codal5Event4fireEv
                0x080079cc       0x20 .pioenvs\bluepill_f103c8\lib635\libcodal-core.a(Event.o)
                0x080079cc                codal::Event::fire()
 .text._ZN5codal13ManagedStringC2EPKcs
                0x080079ec       0x34 .pioenvs\bluepill_f103c8\lib635\libcodal-core.a(ManagedString.o)
                0x080079ec                codal::ManagedString::ManagedString(char const*, short)
                0x080079ec                codal::ManagedString::ManagedString(char const*, short)
 .text._ZN5codal13ManagedStringC2Ev
                0x08007a20        0xc .pioenvs\bluepill_f103c8\lib635\libcodal-core.a(ManagedString.o)
                0x08007a20                codal::ManagedString::ManagedString()
                0x08007a20                codal::ManagedString::ManagedString()
 .text.startup._GLOBAL__sub_I__ZN5codal13ManagedString9initEmptyEv
                0x08007a2c       0x2c .pioenvs\bluepill_f103c8\lib635\libcodal-core.a(ManagedString.o)
 .text._ZN5codal3_cm3Pin14setAnalogValueEi
                0x08007a58       0x1c .pioenvs\bluepill_f103c8\lib24c\libcm.a(CmPin.o)
                0x08007a58                codal::_cm::Pin::setAnalogValue(int)
 .text._ZN5codal3_cm3Pin13setServoValueEiii
                0x08007a74       0x2c .pioenvs\bluepill_f103c8\lib24c\libcm.a(CmPin.o)
                0x08007a74                codal::_cm::Pin::setServoValue(int, int, int)
 .text._ZN5codal3_cm3Pin9isTouchedEv
                0x08007aa0        0x8 .pioenvs\bluepill_f103c8\lib24c\libcm.a(CmPin.o)
                0x08007aa0                codal::_cm::Pin::isTouched()
 .text._ZN5codal3_cm3Pin17getAnalogPeriodUsEv
                0x08007aa8        0x8 .pioenvs\bluepill_f103c8\lib24c\libcm.a(CmPin.o)
                0x08007aa8                codal::_cm::Pin::getAnalogPeriodUs()
 .text._ZN5codal3_cm3Pin15setDigitalValueEi
                0x08007ab0       0x60 .pioenvs\bluepill_f103c8\lib24c\libcm.a(CmPin.o)
                0x08007ab0                codal::_cm::Pin::setDigitalValue(int)
 .text._ZN5codal3_cm3PinC2EhmmtNS_13PinCapabilityE
                0x08007b10       0x2c .pioenvs\bluepill_f103c8\lib24c\libcm.a(CmPin.o)
                0x08007b10                codal::_cm::Pin::Pin(unsigned char, unsigned long, unsigned long, unsigned short, codal::PinCapability)
                0x08007b10                codal::_cm::Pin::Pin(unsigned char, unsigned long, unsigned long, unsigned short, codal::PinCapability)
 .text._ZN5codal3_cm6SerialD2Ev
                0x08007b3c       0x14 .pioenvs\bluepill_f103c8\lib24c\libcm.a(CmSerial.o)
                0x08007b3c                codal::_cm::Serial::~Serial()
                0x08007b3c                codal::_cm::Serial::~Serial()
 .text._ZN5codal3_cm6SerialC2ERNS0_3PinES3_hh
                0x08007b50       0x4c .pioenvs\bluepill_f103c8\lib24c\libcm.a(CmSerial.o)
                0x08007b50                codal::_cm::Serial::Serial(codal::_cm::Pin&, codal::_cm::Pin&, unsigned char, unsigned char)
                0x08007b50                codal::_cm::Serial::Serial(codal::_cm::Pin&, codal::_cm::Pin&, unsigned char, unsigned char)
 .text._ZN5codal3_cm14alarm_callbackEv
                0x08007b9c       0x10 .pioenvs\bluepill_f103c8\lib24c\libcm.a(CmTimer.o)
                0x08007b9c                codal::_cm::alarm_callback()
 .text._ZN5codal3_cm5Timer9triggerInEm
                0x08007bac       0x20 .pioenvs\bluepill_f103c8\lib24c\libcm.a(CmTimer.o)
                0x08007bac                codal::_cm::Timer::triggerIn(unsigned long)
 .text._ZN5codal3_cm13tick_callbackEv
                0x08007bcc       0x2c .pioenvs\bluepill_f103c8\lib24c\libcm.a(CmTimer.o)
                0x08007bcc                codal::_cm::tick_callback()
 .text._ZN5codal3_cm5Timer11syncRequestEv
                0x08007bf8       0x48 .pioenvs\bluepill_f103c8\lib24c\libcm.a(CmTimer.o)
                0x08007bf8                codal::_cm::Timer::syncRequest()
 .text._ZN5codal3_cm5TimerC2Ev
                0x08007c40       0x34 .pioenvs\bluepill_f103c8\lib24c\libcm.a(CmTimer.o)
                0x08007c40                codal::_cm::Timer::Timer()
                0x08007c40                codal::_cm::Timer::Timer()
 .text._ZN5codal3_cm5Timer4initEv
                0x08007c74       0x5c .pioenvs\bluepill_f103c8\lib24c\libcm.a(CmTimer.o)
                0x08007c74                codal::_cm::Timer::init()
 .text._ZL10flush_taskv
                0x08007cd0       0x18 .pioenvs\bluepill_f103c8\lib24c\libcm.a(tasks.o)
 .text._ZL15restart_handlerN5codal5EventE
                0x08007ce8       0x4c .pioenvs\bluepill_f103c8\lib24c\libcm.a(tasks.o)
 .text.restart_callback
                0x08007d34       0x5c .pioenvs\bluepill_f103c8\lib24c\libcm.a(tasks.o)
                0x08007d34                restart_callback
 .text.start_background_tasks
                0x08007d90       0xc0 .pioenvs\bluepill_f103c8\lib24c\libcm.a(tasks.o)
                0x08007d90                start_background_tasks
 .text.startup._GLOBAL__sub_I_restart_callback
                0x08007e50       0x14 .pioenvs\bluepill_f103c8\lib24c\libcm.a(tasks.o)
 .text._ZN5codal13STM32BluePill4initEv
                0x08007e64       0x78 .pioenvs\bluepill_f103c8\lib400\libmodel.a(STM32BluePill.o)
                0x08007e64                codal::STM32BluePill::init()
 .text._ZN5codal13STM32BluePillC2Ev
                0x08007edc       0xa4 .pioenvs\bluepill_f103c8\lib400\libmodel.a(STM32BluePill.o)
                0x08007edc                codal::STM32BluePill::STM32BluePill()
                0x08007edc                codal::STM32BluePill::STM32BluePill()
 .text._ZN5codal15STM32BluePillIOC2Ev
                0x08007f80      0xaf0 .pioenvs\bluepill_f103c8\lib400\libmodel.a(STM32BluePillIO.o)
                0x08007f80                codal::STM32BluePillIO::STM32BluePillIO()
                0x08007f80                codal::STM32BluePillIO::STM32BluePillIO()
 .text.startup._GLOBAL__sub_I__ZN13UARTInterfaceC2Ejj
                0x08008a70       0x10 .pioenvs\bluepill_f103c8\lib492\libuartint.a(uartint.o)
 .text._ZN5codal3_cm3I2CC2ERNS_3PinES3_
                0x08008a80       0x1c .pioenvs\bluepill_f103c8\lib24c\libcm.a(CmI2C.o)
                0x08008a80                codal::_cm::I2C::I2C(codal::Pin&, codal::Pin&)
                0x08008a80                codal::_cm::I2C::I2C(codal::Pin&, codal::Pin&)
 .text._ZN5codal3_cm3SPI4initEv
                0x08008a9c       0x5c .pioenvs\bluepill_f103c8\lib24c\libcm.a(CmSPI.o)
                0x08008a9c                codal::_cm::SPI::init()
 .text._ZN5codal3_cm3SPIC2ERNS0_3PinES3_S3_S3_
                0x08008af8       0x9c .pioenvs\bluepill_f103c8\lib24c\libcm.a(CmSPI.o)
                0x08008af8                codal::_cm::SPI::SPI(codal::_cm::Pin&, codal::_cm::Pin&, codal::_cm::Pin&, codal::_cm::Pin&)
                0x08008af8                codal::_cm::SPI::SPI(codal::_cm::Pin&, codal::_cm::Pin&, codal::_cm::Pin&, codal::_cm::Pin&)
 .text.pinmap_peripheral
                0x08008b94       0x30 .pioenvs\bluepill_f103c8\lib24c\libcm.a(CmPinMap.o)
                0x08008b94                pinmap_peripheral
 .text.pinmap_mode
                0x08008bc4       0x2c .pioenvs\bluepill_f103c8\lib24c\libcm.a(CmPinMap.o)
                0x08008bc4                pinmap_mode
 .text.pinmap_cnf
                0x08008bf0       0x2c .pioenvs\bluepill_f103c8\lib24c\libcm.a(CmPinMap.o)
                0x08008bf0                pinmap_cnf
 .text._ZN5codal3I2CC2ERNS_3PinES2_
                0x08008c1c        0xc .pioenvs\bluepill_f103c8\lib635\libcodal-core.a(I2C.o)
                0x08008c1c                codal::I2C::I2C(codal::Pin&, codal::Pin&)
                0x08008c1c                codal::I2C::I2C(codal::Pin&, codal::Pin&)
 .text._ZN5codal14CodalComponent16periodicCallbackEv
                0x08008c28        0x2 .pioenvs\bluepill_f103c8\src\main.o
                0x08008c28                codal::CodalComponent::periodicCallback()
 .text._ZN5codal14CodalComponent12idleCallbackEv
                0x08008c2a        0x2 .pioenvs\bluepill_f103c8\src\main.o
                0x08008c2a                codal::CodalComponent::idleCallback()
 .text._ZN5codal14CodalComponentD0Ev
                0x08008c2c       0x12 .pioenvs\bluepill_f103c8\src\main.o
                0x08008c2c                codal::CodalComponent::~CodalComponent()
 .text._ZN5codal13STM32BluePillD0Ev
                0x08008c3e       0x12 .pioenvs\bluepill_f103c8\src\main.o
                0x08008c3e                codal::STM32BluePill::~STM32BluePill()
 .text._ZN5codal11queue_fiberEPNS_5FiberEPS1_
                0x08008c50       0x2e .pioenvs\bluepill_f103c8\lib635\libcodal-core.a(CodalFiber.o)
                0x08008c50                codal::queue_fiber(codal::Fiber*, codal::Fiber**)
 .text._ZN5codal13dequeue_fiberEPNS_5FiberE
                0x08008c7e       0x34 .pioenvs\bluepill_f103c8\lib635\libcodal-core.a(CodalFiber.o)
                0x08008c7e                codal::dequeue_fiber(codal::Fiber*)
 .text._ZN5codal12create_fiberEPFvvES1_
                0x08008cb2       0x1a .pioenvs\bluepill_f103c8\lib635\libcodal-core.a(CodalFiber.o)
                0x08008cb2                codal::create_fiber(void (*)(), void (*)())
 .text._ZN5codal12create_fiberEPFvPvES0_S2_
                0x08008ccc       0x1e .pioenvs\bluepill_f103c8\lib635\libcodal-core.a(CodalFiber.o)
                0x08008ccc                codal::create_fiber(void (*)(void*), void*, void (*)(void*))
 .text._ZN5codal20fiber_wait_for_eventEtt
                0x08008cea       0x12 .pioenvs\bluepill_f103c8\lib635\libcodal-core.a(CodalFiber.o)
                0x08008cea                codal::fiber_wait_for_event(unsigned short, unsigned short)
 .text._ZN5codal16launch_new_fiberEPFvvES1_
                0x08008cfc       0x10 .pioenvs\bluepill_f103c8\lib635\libcodal-core.a(CodalFiber.o)
                0x08008cfc                codal::launch_new_fiber(void (*)(), void (*)())
 .text._ZN5codal13release_fiberEPv
                0x08008d0c       0x12 .pioenvs\bluepill_f103c8\lib635\libcodal-core.a(CodalFiber.o)
                0x08008d0c                codal::release_fiber(void*)
 .text._ZN5codal22launch_new_fiber_paramEPFvPvES2_S0_
                0x08008d1e       0x1a .pioenvs\bluepill_f103c8\lib635\libcodal-core.a(CodalFiber.o)
                0x08008d1e                codal::launch_new_fiber_param(void (*)(void*), void (*)(void*), void*)
 .text._ZN5codal9idle_taskEv
                0x08008d38        0xc .pioenvs\bluepill_f103c8\lib635\libcodal-core.a(CodalFiber.o)
                0x08008d38                codal::idle_task()
 .text._Z16device_malloc_injR14HeapDefinition
                0x08008d44       0x84 .pioenvs\bluepill_f103c8\lib635\libcodal-core.a(CodalHeapAllocator.o)
                0x08008d44                device_malloc_in(unsigned int, HeapDefinition&)
 .text._ZN5codal8ListenerC2EttPFvNS_5EventEEt
                0x08008dc8       0x28 .pioenvs\bluepill_f103c8\lib635\libcodal-core.a(CodalListener.o)
                0x08008dc8                codal::Listener::Listener(unsigned short, unsigned short, void (*)(codal::Event), unsigned short)
                0x08008dc8                codal::Listener::Listener(unsigned short, unsigned short, void (*)(codal::Event), unsigned short)
 .text._ZN5codal8ListenerD2Ev
                0x08008df0       0x14 .pioenvs\bluepill_f103c8\lib635\libcodal-core.a(CodalListener.o)
                0x08008df0                codal::Listener::~Listener()
                0x08008df0                codal::Listener::~Listener()
 .text._ZN5codal8Listener5queueENS_5EventE
                0x08008e04       0x5c .pioenvs\bluepill_f103c8\lib635\libcodal-core.a(CodalListener.o)
                0x08008e04                codal::Listener::queue(codal::Event)
 .text._ZN5codal6Serial12initialiseRxEv
                0x08008e60       0x4c .pioenvs\bluepill_f103c8\lib635\libcodal-core.a(Serial.o)
                0x08008e60                codal::Serial::initialiseRx()
 .text._ZN5codal6Serial12circularCopyEPhhS1_tt
                0x08008eac       0x26 .pioenvs\bluepill_f103c8\lib635\libcodal-core.a(Serial.o)
                0x08008eac                codal::Serial::circularCopy(unsigned char*, unsigned char, unsigned char*, unsigned short, unsigned short)
 .text._ZN5codal6Serial7eventOnENS_13ManagedStringENS_10SerialModeE
                0x08008ed2       0x26 .pioenvs\bluepill_f103c8\lib635\libcodal-core.a(Serial.o)
                0x08008ed2                codal::Serial::eventOn(codal::ManagedString, codal::SerialMode)
 .text._ZN5codal6Serial9readUntilENS_13ManagedStringENS_10SerialModeE
                0x08008ef8      0x1a6 .pioenvs\bluepill_f103c8\lib635\libcodal-core.a(Serial.o)
                0x08008ef8                codal::Serial::readUntil(codal::ManagedString, codal::SerialMode)
 .text._ZN5codal5Timer17disableInterruptsEv
                0x0800909e        0xa .pioenvs\bluepill_f103c8\lib635\libcodal-core.a(Timer.o)
                0x0800909e                codal::Timer::disableInterrupts()
 .text._ZN5codal5Timer16enableInterruptsEv
                0x080090a8        0xa .pioenvs\bluepill_f103c8\lib635\libcodal-core.a(Timer.o)
                0x080090a8                codal::Timer::enableInterrupts()
 .text._ZN5codal5Timer13getTimerEventEv
                0x080090b2       0x22 .pioenvs\bluepill_f103c8\lib635\libcodal-core.a(Timer.o)
                0x080090b2                codal::Timer::getTimerEvent()
 .text._ZN5codal5Timer17releaseTimerEventEPNS_10TimerEventE
                0x080090d4        0xe .pioenvs\bluepill_f103c8\lib635\libcodal-core.a(Timer.o)
                0x080090d4                codal::Timer::releaseTimerEvent(codal::TimerEvent*)
 .text._ZN5codal5Timer7getTimeEv
                0x080090e2        0xe .pioenvs\bluepill_f103c8\lib635\libcodal-core.a(Timer.o)
                0x080090e2                codal::Timer::getTime()
 .text._ZN5codal5Timer9getTimeUsEv
                0x080090f0        0xe .pioenvs\bluepill_f103c8\lib635\libcodal-core.a(Timer.o)
                0x080090f0                codal::Timer::getTimeUs()
 .text._ZN5codal5Timer8setEventEmttb
                0x080090fe       0x66 .pioenvs\bluepill_f103c8\lib635\libcodal-core.a(Timer.o)
                0x080090fe                codal::Timer::setEvent(unsigned long, unsigned short, unsigned short, bool)
 .text._ZN5codal5Timer12eventEveryUsEmtt
                0x08009164        0xe .pioenvs\bluepill_f103c8\lib635\libcodal-core.a(Timer.o)
                0x08009164                codal::Timer::eventEveryUs(unsigned long, unsigned short, unsigned short)
 .text._ZN5codal5Timer4syncEm
                0x08009172       0x24 .pioenvs\bluepill_f103c8\lib635\libcodal-core.a(Timer.o)
                0x08009172                codal::Timer::sync(unsigned long)
 .text._ZN5codal5Timer7triggerEv
                0x08009196       0x92 .pioenvs\bluepill_f103c8\lib635\libcodal-core.a(Timer.o)
                0x08009196                codal::Timer::trigger()
 .text._ZN5codal5TimerD2Ev
                0x08009228        0x2 .pioenvs\bluepill_f103c8\lib635\libcodal-core.a(Timer.o)
                0x08009228                codal::Timer::~Timer()
                0x08009228                codal::Timer::~Timer()
 .text._ZN5codal10MessageBus9elementAtEi
                0x0800922a       0x10 .pioenvs\bluepill_f103c8\lib635\libcodal-core.a(MessageBus.o)
                0x0800922a                codal::MessageBus::elementAt(int)
 .text._ZN5codal22MemberFunctionCallback10methodCallINS_10MessageBusEEEvPvPmNS_5EventE
                0x0800923a       0x30 .pioenvs\bluepill_f103c8\lib635\libcodal-core.a(MessageBus.o)
                0x0800923a                void codal::MemberFunctionCallback::methodCall<codal::MessageBus>(void*, unsigned long*, codal::Event)
 .text._Z14async_callbackPv
                0x0800926a       0x7c .pioenvs\bluepill_f103c8\lib635\libcodal-core.a(MessageBus.o)
                0x0800926a                async_callback(void*)
 .text._ZThn8_N5codal10MessageBusD1Ev
                0x080092e6        0x8 .pioenvs\bluepill_f103c8\lib635\libcodal-core.a(MessageBus.o)
                0x080092e6                non-virtual thunk to codal::MessageBus::~MessageBus()
 .text._ZN5codal10MessageBusD0Ev
                0x080092ee       0x12 .pioenvs\bluepill_f103c8\lib635\libcodal-core.a(MessageBus.o)
                0x080092ee                codal::MessageBus::~MessageBus()
 .text._ZThn8_N5codal10MessageBusD0Ev
                0x08009300        0x8 .pioenvs\bluepill_f103c8\lib635\libcodal-core.a(MessageBus.o)
                0x08009300                non-virtual thunk to codal::MessageBus::~MessageBus()
 .text._ZN5codal10MessageBus12dequeueEventEv
                0x08009308       0x22 .pioenvs\bluepill_f103c8\lib635\libcodal-core.a(MessageBus.o)
                0x08009308                codal::MessageBus::dequeueEvent()
 .text._ZN5codal10MessageBus21deleteMarkedListenersEv
                0x0800932a       0x42 .pioenvs\bluepill_f103c8\lib635\libcodal-core.a(MessageBus.o)
                0x0800932a                codal::MessageBus::deleteMarkedListeners()
 .text._ZN5codal10MessageBus10queueEventERNS_5EventE
                0x0800936c       0x5e .pioenvs\bluepill_f103c8\lib635\libcodal-core.a(MessageBus.o)
                0x0800936c                codal::MessageBus::queueEvent(codal::Event&)
 .text._ZN5codal10MessageBus4sendENS_5EventE
                0x080093ca       0x16 .pioenvs\bluepill_f103c8\lib635\libcodal-core.a(MessageBus.o)
                0x080093ca                codal::MessageBus::send(codal::Event)
 .text._ZN5codal10MessageBus4idleENS_5EventE
                0x080093e0       0x34 .pioenvs\bluepill_f103c8\lib635\libcodal-core.a(MessageBus.o)
                0x080093e0                codal::MessageBus::idle(codal::Event)
 .text._ZN5codal5EventC2Ev
                0x08009414       0x12 .pioenvs\bluepill_f103c8\lib635\libcodal-core.a(Event.o)
                0x08009414                codal::Event::Event()
                0x08009414                codal::Event::Event()
 .text._ZN5codal5EventC2EttNS_15EventLaunchModeE
                0x08009426       0x1c .pioenvs\bluepill_f103c8\lib635\libcodal-core.a(Event.o)
                0x08009426                codal::Event::Event(unsigned short, unsigned short, codal::EventLaunchMode)
                0x08009426                codal::Event::Event(unsigned short, unsigned short, codal::EventLaunchMode)
 .text._ZN5codal5EventC2EttmNS_15EventLaunchModeE
                0x08009442       0x18 .pioenvs\bluepill_f103c8\lib635\libcodal-core.a(Event.o)
                0x08009442                codal::Event::Event(unsigned short, unsigned short, unsigned long, codal::EventLaunchMode)
                0x08009442                codal::Event::Event(unsigned short, unsigned short, unsigned long, codal::EventLaunchMode)
 .text._ZN5codal14EventQueueItemC2ENS_5EventE
                0x0800945a       0x20 .pioenvs\bluepill_f103c8\lib635\libcodal-core.a(Event.o)
                0x0800945a                codal::EventQueueItem::EventQueueItem(codal::Event)
                0x0800945a                codal::EventQueueItem::EventQueueItem(codal::Event)
 .text._ZN5codal13ManagedStringD2Ev
                0x0800947a        0xe .pioenvs\bluepill_f103c8\lib635\libcodal-core.a(ManagedString.o)
                0x0800947a                codal::ManagedString::~ManagedString()
                0x0800947a                codal::ManagedString::~ManagedString()
 .text._ZN5codal13ManagedString10initStringEPKci
                0x08009488       0x2e .pioenvs\bluepill_f103c8\lib635\libcodal-core.a(ManagedString.o)
                0x08009488                codal::ManagedString::initString(char const*, int)
 .text._ZN5codal13ManagedStringC2Ei
                0x080094b6       0x22 .pioenvs\bluepill_f103c8\lib635\libcodal-core.a(ManagedString.o)
                0x080094b6                codal::ManagedString::ManagedString(int)
                0x080094b6                codal::ManagedString::ManagedString(int)
 .text._ZN5codal13ManagedStringC2ERKS0_
                0x080094d8       0x10 .pioenvs\bluepill_f103c8\lib635\libcodal-core.a(ManagedString.o)
                0x080094d8                codal::ManagedString::ManagedString(codal::ManagedString const&)
                0x080094d8                codal::ManagedString::ManagedString(codal::ManagedString const&)
 .text._ZN5codal13ManagedStringaSERKS0_
                0x080094e8       0x1e .pioenvs\bluepill_f103c8\lib635\libcodal-core.a(ManagedString.o)
                0x080094e8                codal::ManagedString::operator=(codal::ManagedString const&)
 .text._ZN5codal13ManagedString6charAtEs
                0x08009506       0x18 .pioenvs\bluepill_f103c8\lib635\libcodal-core.a(ManagedString.o)
                0x08009506                codal::ManagedString::charAt(short)
 .text._ZL16isReadOnlyInlinePN5codal10RefCountedE
                0x0800951e       0x22 .pioenvs\bluepill_f103c8\lib635\libcodal-core.a(RefCounted.o)
 .text._ZN5codal10RefCounted4incrEv
                0x08009540       0x12 .pioenvs\bluepill_f103c8\lib635\libcodal-core.a(RefCounted.o)
                0x08009540                codal::RefCounted::incr()
 .text._ZN5codal10RefCounted4decrEv
                0x08009552       0x22 .pioenvs\bluepill_f103c8\lib635\libcodal-core.a(RefCounted.o)
                0x08009552                codal::RefCounted::decr()
 .text._ZN5codal10RefCounted7destroyEv
                0x08009574        0x4 .pioenvs\bluepill_f103c8\lib635\libcodal-core.a(RefCountedInit.o)
                0x08009574                codal::RefCounted::destroy()
 .text._ZN5codal10RefCounted4initEv
                0x08009578        0x6 .pioenvs\bluepill_f103c8\lib635\libcodal-core.a(RefCountedInit.o)
                0x08009578                codal::RefCounted::init()
 .text._ZN5codal14string_reverseEPc
                0x0800957e       0x2a .pioenvs\bluepill_f103c8\lib635\libcodal-core.a(CodalCompat.o)
                0x0800957e                codal::string_reverse(char*)
 .text._ZN5codal4itoaEiPc
                0x080095a8       0x50 .pioenvs\bluepill_f103c8\lib635\libcodal-core.a(CodalCompat.o)
                0x080095a8                codal::itoa(int, char*)
 .text._ZN5codal22MemberFunctionCallback4fireENS_5EventE
                0x080095f8       0x18 .pioenvs\bluepill_f103c8\lib635\libcodal-core.a(MemberFunctionCallback.o)
                0x080095f8                codal::MemberFunctionCallback::fire(codal::Event)
 .text._ZN5codal22MemberFunctionCallbackeqERKS0_
                0x08009610       0x20 .pioenvs\bluepill_f103c8\lib635\libcodal-core.a(MemberFunctionCallback.o)
                0x08009610                codal::MemberFunctionCallback::operator==(codal::MemberFunctionCallback const&)
 .text._ZN5codal3Pin15setServoPulseUsEm
                0x08009630        0x6 .pioenvs\bluepill_f103c8\lib24c\libcm.a(CmPin.o)
                0x08009630                codal::Pin::setServoPulseUs(unsigned long)
 .text._ZN5codal3Pin17setAnalogPeriodUsEm
                0x08009636        0x6 .pioenvs\bluepill_f103c8\lib24c\libcm.a(CmPin.o)
                0x08009636                codal::Pin::setAnalogPeriodUs(unsigned long)
 .text._ZN5codal3Pin8drainPinEv
                0x0800963c        0x6 .pioenvs\bluepill_f103c8\lib24c\libcm.a(CmPin.o)
                0x0800963c                codal::Pin::drainPin()
 .text._ZN5codal3_cm3Pin15getDigitalValueEv
                0x08009642        0x4 .pioenvs\bluepill_f103c8\lib24c\libcm.a(CmPin.o)
                0x08009642                codal::_cm::Pin::getDigitalValue()
 .text._ZN5codal3_cm3Pin15getDigitalValueENS_8PullModeE
                0x08009646       0x16 .pioenvs\bluepill_f103c8\lib24c\libcm.a(CmPin.o)
                0x08009646                codal::_cm::Pin::getDigitalValue(codal::PullMode)
 .text._ZN5codal3_cm3Pin14getAnalogValueEv
                0x0800965c        0x4 .pioenvs\bluepill_f103c8\lib24c\libcm.a(CmPin.o)
                0x0800965c                codal::_cm::Pin::getAnalogValue()
 .text._ZN5codal3_cm3Pin7isInputEv
                0x08009660        0xe .pioenvs\bluepill_f103c8\lib24c\libcm.a(CmPin.o)
                0x08009660                codal::_cm::Pin::isInput()
 .text._ZN5codal3_cm3Pin8isOutputEv
                0x0800966e        0xe .pioenvs\bluepill_f103c8\lib24c\libcm.a(CmPin.o)
                0x0800966e                codal::_cm::Pin::isOutput()
 .text._ZN5codal3_cm3Pin9isDigitalEv
                0x0800967c        0xc .pioenvs\bluepill_f103c8\lib24c\libcm.a(CmPin.o)
                0x0800967c                codal::_cm::Pin::isDigital()
 .text._ZN5codal3_cm3Pin8isAnalogEv
                0x08009688        0xe .pioenvs\bluepill_f103c8\lib24c\libcm.a(CmPin.o)
                0x08009688                codal::_cm::Pin::isAnalog()
 .text._ZN5codal3_cm3Pin15getAnalogPeriodEv
                0x08009696       0x12 .pioenvs\bluepill_f103c8\lib24c\libcm.a(CmPin.o)
                0x08009696                codal::_cm::Pin::getAnalogPeriod()
 .text._ZN5codal3_cm3Pin7setPullENS_8PullModeE
                0x080096a8        0x6 .pioenvs\bluepill_f103c8\lib24c\libcm.a(CmPin.o)
                0x080096a8                codal::_cm::Pin::setPull(codal::PullMode)
 .text._ZN5codal3_cm3Pin5setupEhh
                0x080096ae       0x1e .pioenvs\bluepill_f103c8\lib24c\libcm.a(CmPin.o)
                0x080096ae                codal::_cm::Pin::setup(unsigned char, unsigned char)
 .text._ZN5codal3_cm3Pin17setAnalogPeriodUsEi
                0x080096cc       0x12 .pioenvs\bluepill_f103c8\lib24c\libcm.a(CmPin.o)
                0x080096cc                codal::_cm::Pin::setAnalogPeriodUs(int)
 .text._ZN5codal3_cm3Pin15setAnalogPeriodEi
                0x080096de        0xa .pioenvs\bluepill_f103c8\lib24c\libcm.a(CmPin.o)
                0x080096de                codal::_cm::Pin::setAnalogPeriod(int)
 .text._ZN5codal3_cm3Pin13disableEventsEv
                0x080096e8       0x10 .pioenvs\bluepill_f103c8\lib24c\libcm.a(CmPin.o)
                0x080096e8                codal::_cm::Pin::disableEvents()
 .text._ZN5codal3_cm3Pin7eventOnEi
                0x080096f8       0x26 .pioenvs\bluepill_f103c8\lib24c\libcm.a(CmPin.o)
                0x080096f8                codal::_cm::Pin::eventOn(int)
 .text._ZN5codal3_cm6Serial15enableInterruptENS_19SerialInterruptTypeE
                0x0800971e        0x4 .pioenvs\bluepill_f103c8\lib24c\libcm.a(CmSerial.o)
                0x0800971e                codal::_cm::Serial::enableInterrupt(codal::SerialInterruptType)
 .text._ZN5codal3_cm6Serial16disableInterruptENS_19SerialInterruptTypeE
                0x08009722        0x4 .pioenvs\bluepill_f103c8\lib24c\libcm.a(CmSerial.o)