Archive member included to satisfy reference by file (symbol)

.pioenvs\bluepill_f103c8\libd5c\liblogger.a(logger.o)
                              .pioenvs\bluepill_f103c8\lib14c\hal\codal_target_hal.o (debug_flush)
.pioenvs\bluepill_f103c8\libff5\libbluepill.a(bluepill.o)
                              .pioenvs\bluepill_f103c8\lib14c\hal\codal_target_hal.o (platform_setup)
.pioenvs\bluepill_f103c8\libff5\libbluepill.a(led.o)
                              .pioenvs\bluepill_f103c8\libff5\libbluepill.a(bluepill.o) (led_setup)
.pioenvs\bluepill_f103c8\libff5\libbluepill.a(timer.o)
                              .pioenvs\bluepill_f103c8\lib14c\hal\codal_target_hal.o (platform_start_timer)
.pioenvs\bluepill_f103c8\liba7a\libbaseloader.a(baseloader.o)
                              (base_vector_table)
.pioenvs\bluepill_f103c8\libb55\libbootloader.a(bootloader.o)
                              .pioenvs\bluepill_f103c8\lib14c\hal\reset_handler.o (bootloader_start)
.pioenvs\bluepill_f103c8\libb55\libbootloader.a(ghostfat.o)
                              .pioenvs\bluepill_f103c8\libb55\libbootloader.a(bootloader.o) (flashBuf)
.pioenvs\bluepill_f103c8\libb55\libbootloader.a(target_stm32f103.o)
                              .pioenvs\bluepill_f103c8\libb55\libbootloader.a(bootloader.o) (boot_target_get_startup_mode)
.pioenvs\bluepill_f103c8\libb55\libbootloader.a(usb_conf.o)
                              .pioenvs\bluepill_f103c8\libb55\libbootloader.a(bootloader.o) (usb_setup)
.pioenvs\bluepill_f103c8\libb55\libbootloader.a(webusb.o)
                              .pioenvs\bluepill_f103c8\libb55\libbootloader.a(usb_conf.o) (webusb_setup)
.pioenvs\bluepill_f103c8\libb55\libbootloader.a(winusb.o)
                              .pioenvs\bluepill_f103c8\libb55\libbootloader.a(usb_conf.o) (winusb_setup)
.pioenvs\bluepill_f103c8\libb55\libbootloader.a(cdc.o)
                              .pioenvs\bluepill_f103c8\libb55\libbootloader.a(usb_conf.o) (cdcadm_transmit)
.pioenvs\bluepill_f103c8\libb55\libbootloader.a(hf2.o)
                              .pioenvs\bluepill_f103c8\libb55\libbootloader.a(usb_conf.o) (hf2_setup)
.pioenvs\bluepill_f103c8\libb55\libbootloader.a(backup.o)
                              .pioenvs\bluepill_f103c8\libb55\libbootloader.a(target_stm32f103.o) (backup_write)
.pioenvs\bluepill_f103c8\libb55\libbootloader.a(usb21_standard.o)
                              .pioenvs\bluepill_f103c8\libb55\libbootloader.a(usb_conf.o) (usb21_setup)
.pioenvs\bluepill_f103c8\lib9f3\libnewlib.a(memcmp.o)
                              .pioenvs\bluepill_f103c8\libb55\libbootloader.a(ghostfat.o) (memcmp)
.pioenvs\bluepill_f103c8\lib9f3\libnewlib.a(memcpy.o)
                              .pioenvs\bluepill_f103c8\libd5c\liblogger.a(logger.o) (memcpy)
.pioenvs\bluepill_f103c8\lib9f3\libnewlib.a(memset.o)
                              .pioenvs\bluepill_f103c8\libb55\libbootloader.a(ghostfat.o) (memset)
.pioenvs\bluepill_f103c8\lib9f3\libnewlib.a(strlen.o)
                              .pioenvs\bluepill_f103c8\src\aggregate.o (strlen)
.pioenvs\bluepill_f103c8\lib9f3\libnewlib.a(strncat.o)
                              .pioenvs\bluepill_f103c8\src\wisol.o (strncat)
.pioenvs\bluepill_f103c8\lib9f3\libnewlib.a(strncmp.o)
                              .pioenvs\bluepill_f103c8\src\aggregate.o (strncmp)
.pioenvs\bluepill_f103c8\lib9f3\libnewlib.a(strncpy.o)
                              .pioenvs\bluepill_f103c8\src\aggregate.o (strncpy)
.pioenvs\bluepill_f103c8\lib9f3\libnewlib.a(strstr.o)
                              .pioenvs\bluepill_f103c8\src\wisol.o (strstr)
.pioenvs\bluepill_f103c8\libf08\libnano-float.a(functions.o)
                              .pioenvs\bluepill_f103c8\src\aggregate.o (pow)
.pioenvs\bluepill_f103c8\lib2b9\libcocoOS_5.0.3.a(os_cbk.o)
                              .pioenvs\bluepill_f103c8\lib14c\hal\codal_target_hal.o (os_cbkSleep)
.pioenvs\bluepill_f103c8\lib2b9\libcocoOS_5.0.3.a(os_event.o)
                              .pioenvs\bluepill_f103c8\src\wisol.o (event_create)
.pioenvs\bluepill_f103c8\lib2b9\libcocoOS_5.0.3.a(os_kernel.o)
                              .pioenvs\bluepill_f103c8\lib14c\hal\codal_target_hal.o (running_tid)
.pioenvs\bluepill_f103c8\lib2b9\libcocoOS_5.0.3.a(os_msgqueue.o)
                              .pioenvs\bluepill_f103c8\lib2b9\libcocoOS_5.0.3.a(os_kernel.o) (os_msgQ_init)
.pioenvs\bluepill_f103c8\lib2b9\libcocoOS_5.0.3.a(os_sem.o)
                              .pioenvs\bluepill_f103c8\lib2b9\libcocoOS_5.0.3.a(os_kernel.o) (os_sem_init)
.pioenvs\bluepill_f103c8\lib2b9\libcocoOS_5.0.3.a(os_task.o)
                              .pioenvs\bluepill_f103c8\lib2b9\libcocoOS_5.0.3.a(os_kernel.o) (os_task_init)
.pioenvs\bluepill_f103c8\lib2b9\libcocoOS_5.0.3.a(os_assert.o)
                              .pioenvs\bluepill_f103c8\lib2b9\libcocoOS_5.0.3.a(os_event.o) (os_on_assert)
.pioenvs\bluepill_f103c8\lib0a7\libcodal-core.a(CodalComponent.o)
[...]
Memory Configuration

Name             Origin             Length             Attributes
bootrom          0x08000000         0x00007400         xr
rom              0x08007400         0x00008c00         xr
bootram          0x20000000         0x00001000         xrw
ram              0x20001000         0x000037bc         xrw
bootbuf          0x200047bc         0x00000844         xrw
*default*        0x00000000         0xffffffff

Linker script and memory map

                0x00007400                _bootrom_size = 0x7400
                0x00001000                _bootram_size = 0x1000
                0x00000844                _bootbuf_size = 0x844

.boot_text      0x08000000     0x555c
                0x08000000                _boot_text = .
 *(SORT_BY_ALIGNMENT(.vectors))
 .vectors       0x08000000      0x150 .pioenvs\bluepill_f103c8\libFrameworkLibOpenCM3.a(vector.o)
                0x08000000                vector_table
 *(SORT_BY_ALIGNMENT(.base_vectors))
 .base_vectors  0x08000150       0x18 .pioenvs\bluepill_f103c8\liba7a\libbaseloader.a(baseloader.o)
                0x08000150                base_vector_table
 *libbaseloader.a:(SORT_BY_ALIGNMENT(.text*))
 .text.baseloader_start
                0x08000168      0x510 .pioenvs\bluepill_f103c8\liba7a\libbaseloader.a(baseloader.o)
                0x08000168                baseloader_start
 .text.baseloader_fetch
                0x08000678       0xd4 .pioenvs\bluepill_f103c8\liba7a\libbaseloader.a(baseloader.o)
                0x08000678                baseloader_fetch
                0x0800074c                . = ALIGN (0x4)
 *libbaseloader.a:(SORT_BY_ALIGNMENT(.rodata*))
                0x0800074c                . = ALIGN (0x4)
                0x0800074c                _base_etext = .
 *(SORT_BY_ALIGNMENT(.text.blocking_handler*))
 .text.blocking_handler
                0x0800074c        0x2 .pioenvs\bluepill_f103c8\libFrameworkLibOpenCM3.a(vector.o)
                0x0800074c                usart3_isr
                0x0800074c                tim7_isr
                0x0800074c                adc1_2_isr
                0x0800074c                tim1_trg_com_isr
                0x0800074c                usb_hp_can_tx_isr
                0x0800074c                tim6_isr
                0x0800074c                usb_wakeup_isr
                0x0800074c                blocking_handler
                0x0800074c                tim5_isr
                0x0800074c                otg_fs_isr
                0x0800074c                spi1_isr
                0x0800074c                exti2_isr
                0x0800074c                dma1_channel6_isr
                0x0800074c                can_rx1_isr
                0x0800074c                dma1_channel5_isr
                0x0800074c                dma2_channel5_isr
                0x0800074c                usart1_isr
                0x0800074c                usage_fault_handler
                0x0800074c                tim8_trg_com_isr
                0x0800074c                can2_rx0_isr
                0x0800074c                tim1_brk_isr
                0x0800074c                can2_rx1_isr
                0x0800074c                tim1_cc_isr
                0x0800074c                sdio_isr
                0x0800074c                eth_isr
                0x0800074c                dma1_channel4_isr
                0x0800074c                tim8_brk_isr
                0x0800074c                dma2_channel4_5_isr
                0x0800074c                pvd_isr
                0x0800074c                rcc_isr
                0x0800074c                flash_isr
                0x0800074c                uart4_isr
                0x0800074c                exti15_10_isr
                0x0800074c                hard_fault_handler
                0x0800074c                exti1_isr
                0x0800074c                i2c1_ev_isr
                0x0800074c                dma2_channel1_isr
                0x0800074c                spi2_isr
                0x0800074c                tim8_up_isr
                0x0800074c                dma2_channel2_isr
                0x0800074c                exti3_isr
                0x0800074c                adc3_isr
                0x0800074c                tim3_isr
                0x0800074c                usb_lp_can_rx0_isr
                0x0800074c                i2c2_er_isr
                0x0800074c                i2c2_ev_isr
                0x0800074c                uart5_isr
                0x0800074c                fsmc_isr
                0x0800074c                dma1_channel1_isr
                0x0800074c                exti4_isr
                0x0800074c                mem_manage_handler
                0x0800074c                can2_tx_isr
                0x0800074c                exti9_5_isr
                0x0800074c                dma2_channel3_isr
                0x0800074c                dma1_channel7_isr
                0x0800074c                tim1_up_isr
                0x0800074c                can2_sce_isr
                0x0800074c                tim4_isr
                0x0800074c                dma1_channel2_isr
                0x0800074c                i2c1_er_isr
                0x0800074c                can_sce_isr
                0x0800074c                tim8_cc_isr
                0x0800074c                tamper_isr
                0x0800074c                eth_wkup_isr
                0x0800074c                bus_fault_handler
                0x0800074c                wwdg_isr
                0x0800074c                dma1_channel3_isr
                0x0800074c                spi3_isr
                0x0800074c                tim2_isr
                0x0800074c                exti0_isr
 *(SORT_BY_ALIGNMENT(.text.null_handler*))
 .text.null_handler
                0x0800074e        0x2 .pioenvs\bluepill_f103c8\libFrameworkLibOpenCM3.a(vector.o)
                0x0800074e                sv_call_handler
                0x0800074e                pend_sv_handler
                0x0800074e                debug_monitor_handler
                0x0800074e                sys_tick_handler
                0x0800074e                nmi_handler
                0x0800074e                null_handler
 *(SORT_BY_ALIGNMENT(.text.*_isr))
 .text.rtc_isr  0x08000750       0x30 .pioenvs\bluepill_f103c8\libff5\libbluepill.a(timer.o)
                0x08000750                rtc_isr
 .text.rtc_alarm_isr
                0x08000780       0x2c .pioenvs\bluepill_f103c8\libff5\libbluepill.a(timer.o)
                0x08000780                rtc_alarm_isr
 .text.usart2_isr
                0x080007ac       0x5c .pioenvs\bluepill_f103c8\libcec\libuartint.a(uartint.o)
                0x080007ac                usart2_isr
 :*reset_handler*(SORT_BY_ALIGNMENT(.text*))
 .text.pre_main
                0x08000808       0x50 .pioenvs\bluepill_f103c8\lib14c\hal\reset_handler.o
 .text.reset_handler
                0x08000858       0x98 .pioenvs\bluepill_f103c8\lib14c\hal\reset_handler.o
                0x08000858                reset_handler
 :*codal_target_hal*(SORT_BY_ALIGNMENT(.text*))
 .text._ZL11timer_alarmv
                0x080008f0       0x24 .pioenvs\bluepill_f103c8\lib14c\hal\codal_target_hal.o
 .text._ZL15poll_bootloaderv
                0x08000914       0x70 .pioenvs\bluepill_f103c8\lib14c\hal\codal_target_hal.o
 .text._ZL10timer_tickv
                0x08000984       0x18 .pioenvs\bluepill_f103c8\lib14c\hal\codal_target_hal.o
 .text._ZL11os_schedulev
                0x0800099c       0x2c .pioenvs\bluepill_f103c8\lib14c\hal\codal_target_hal.o
 .text.target_init
                0x080009c8       0x30 .pioenvs\bluepill_f103c8\lib14c\hal\codal_target_hal.o
                0x080009c8                target_init
 .text.target_wait_for_event
                0x080009f8       0x10 .pioenvs\bluepill_f103c8\lib14c\hal\codal_target_hal.o
                0x080009f8                target_wait_for_event
 .text.target_wait
                0x08000a08       0x5c .pioenvs\bluepill_f103c8\lib14c\hal\codal_target_hal.o
                0x08000a08                target_wait
 .text.target_wait_us
                0x08000a64       0x14 .pioenvs\bluepill_f103c8\lib14c\hal\codal_target_hal.o
                0x08000a64                target_wait_us
 .text.target_panic
                0x08000a78       0x20 .pioenvs\bluepill_f103c8\lib14c\hal\codal_target_hal.o
                0x08000a78                target_panic
 .text.fiber_initial_stack_base
                0x08000a98        0x8 .pioenvs\bluepill_f103c8\lib14c\hal\codal_target_hal.o
                0x08000a98                fiber_initial_stack_base
 .text.test_codal
                0x08000aa0       0x74 .pioenvs\bluepill_f103c8\lib14c\hal\codal_target_hal.o
                0x08000aa0                test_codal
 .text.target_set_tick_callback
                0x08000b14        0xc .pioenvs\bluepill_f103c8\lib14c\hal\codal_target_hal.o
                0x08000b14                target_set_tick_callback
 .text.target_set_alarm_callback
                0x08000b20        0xc .pioenvs\bluepill_f103c8\lib14c\hal\codal_target_hal.o
                0x08000b20                target_set_alarm_callback
 .text.target_set_bootloader_callback
                0x08000b2c        0xc .pioenvs\bluepill_f103c8\lib14c\hal\codal_target_hal.o
                0x08000b2c                target_set_bootloader_callback
 .text.target_enable_irq
                0x08000b38        0x4 .pioenvs\bluepill_f103c8\lib14c\hal\codal_target_hal.o
                0x08000b38                target_enable_irq
 .text.target_disable_irq
                0x08000b3c        0x4 .pioenvs\bluepill_f103c8\lib14c\hal\codal_target_hal.o
                0x08000b3c                target_disable_irq
 .text.tcb_allocate
                0x08000b40        0xa .pioenvs\bluepill_f103c8\lib14c\hal\codal_target_hal.o
                0x08000b40                tcb_allocate
 .text.tcb_configure_lr
                0x08000b4a        0x4 .pioenvs\bluepill_f103c8\lib14c\hal\codal_target_hal.o
                0x08000b4a                tcb_configure_lr
 .text.tcb_configure_sp
                0x08000b4e        0x4 .pioenvs\bluepill_f103c8\lib14c\hal\codal_target_hal.o
                0x08000b4e                tcb_configure_sp
 .text.tcb_configure_stack_base
                0x08000b52        0x4 .pioenvs\bluepill_f103c8\lib14c\hal\codal_target_hal.o
                0x08000b52                tcb_configure_stack_base
 .text.tcb_get_stack_base
                0x08000b56        0x4 .pioenvs\bluepill_f103c8\lib14c\hal\codal_target_hal.o
                0x08000b56                tcb_get_stack_base
 .text.get_current_sp
                0x08000b5a        0x4 .pioenvs\bluepill_f103c8\lib14c\hal\codal_target_hal.o
                0x08000b5a                get_current_sp
 .text.tcb_get_sp
                0x08000b5e        0x4 .pioenvs\bluepill_f103c8\lib14c\hal\codal_target_hal.o
                0x08000b5e                tcb_get_sp
 .text.tcb_configure_args
                0x08000b62        0x8 .pioenvs\bluepill_f103c8\lib14c\hal\codal_target_hal.o
                0x08000b62                tcb_configure_args
 .text._fini    0x08000b6a        0x2 .pioenvs\bluepill_f103c8\lib14c\hal\codal_target_hal.o
                0x08000b6a                _fini
 .text.__aeabi_atexit
                0x08000b6c        0x4 .pioenvs\bluepill_f103c8\lib14c\hal\codal_target_hal.o
                0x08000b6c                __aeabi_atexit
 .text.target_enable_debug
                0x08000b70        0x8 .pioenvs\bluepill_f103c8\lib14c\hal\codal_target_hal.o
                0x08000b70                target_enable_debug
 *libhal.a:*codal_target_hal*(SORT_BY_ALIGNMENT(.text*))
 :*CortexContextSwitch*(SORT_BY_ALIGNMENT(.text*))
 .text          0x08000b78      0x124 asm/CortexContextSwitch.s.o
                0x08000b78                swap_context
                0x08000bfa                save_context
                0x08000c3e                save_register_context
                0x08000c6e                restore_register_context
 *libhal.a:(SORT_BY_ALIGNMENT(.text*))
 *liblibopencm3.a:(SORT_BY_ALIGNMENT(.text*))
 *libFrameworkLibOpenCM3.a:(SORT_BY_ALIGNMENT(.text*))
 .text.desig_get_unique_id
                0x08000c9c       0x20 .pioenvs\bluepill_f103c8\libFrameworkLibOpenCM3.a(desig.o)
                0x08000c9c                desig_get_unique_id
 .text.desig_get_unique_id_as_string
                0x08000cbc       0x50 .pioenvs\bluepill_f103c8\libFrameworkLibOpenCM3.a(desig.o)
                0x08000cbc                desig_get_unique_id_as_string
 .text.rcc_wait_for_osc_ready
                0x08000d0c       0x70 .pioenvs\bluepill_f103c8\libFrameworkLibOpenCM3.a(rcc.o)
                0x08000d0c                rcc_wait_for_osc_ready
 .text.rcc_osc_on
                0x08000d7c       0x70 .pioenvs\bluepill_f103c8\libFrameworkLibOpenCM3.a(rcc.o)
                0x08000d7c                rcc_osc_on
 .text.rcc_set_sysclk_source
                0x08000dec       0x14 .pioenvs\bluepill_f103c8\libFrameworkLibOpenCM3.a(rcc.o)
                0x08000dec                rcc_set_sysclk_source
 .text.rcc_set_pll_multiplication_factor
                0x08000e00       0x14 .pioenvs\bluepill_f103c8\libFrameworkLibOpenCM3.a(rcc.o)
                0x08000e00                rcc_set_pll_multiplication_factor
 .text.rcc_set_pll_source
                0x08000e14       0x14 .pioenvs\bluepill_f103c8\libFrameworkLibOpenCM3.a(rcc.o)
                0x08000e14                rcc_set_pll_source
 .text.rcc_set_pllxtpre
                0x08000e28       0x14 .pioenvs\bluepill_f103c8\libFrameworkLibOpenCM3.a(rcc.o)
                0x08000e28                rcc_set_pllxtpre
 .text.rcc_enable_rtc_clock
                0x08000e3c       0x10 .pioenvs\bluepill_f103c8\libFrameworkLibOpenCM3.a(rcc.o)
                0x08000e3c                rcc_enable_rtc_clock
 .text.rcc_set_rtc_clock_source
                0x08000e4c       0xa0 .pioenvs\bluepill_f103c8\libFrameworkLibOpenCM3.a(rcc.o)
                0x08000e4c                rcc_set_rtc_clock_source
 .text.rcc_set_adcpre
                0x08000eec       0x14 .pioenvs\bluepill_f103c8\libFrameworkLibOpenCM3.a(rcc.o)
                0x08000eec                rcc_set_adcpre
 .text.rcc_set_ppre2
                0x08000f00       0x14 .pioenvs\bluepill_f103c8\libFrameworkLibOpenCM3.a(rcc.o)
                0x08000f00                rcc_set_ppre2
 .text.rcc_set_ppre1
                0x08000f14       0x14 .pioenvs\bluepill_f103c8\libFrameworkLibOpenCM3.a(rcc.o)
                0x08000f14                rcc_set_ppre1
 .text.rcc_set_hpre
                0x08000f28       0x14 .pioenvs\bluepill_f103c8\libFrameworkLibOpenCM3.a(rcc.o)
                0x08000f28                rcc_set_hpre
 .text.rcc_clock_setup_in_hse_8mhz_out_72mhz
                0x08000f3c       0x90 .pioenvs\bluepill_f103c8\libFrameworkLibOpenCM3.a(rcc.o)
                0x08000f3c                rcc_clock_setup_in_hse_8mhz_out_72mhz
 .text.rtc_enter_config_mode
                0x08000fcc       0x1c .pioenvs\bluepill_f103c8\libFrameworkLibOpenCM3.a(rtc.o)
                0x08000fcc                rtc_enter_config_mode
 .text.rtc_exit_config_mode
                0x08000fe8       0x1c .pioenvs\bluepill_f103c8\libFrameworkLibOpenCM3.a(rtc.o)
                0x08000fe8                rtc_exit_config_mode
 .text.rtc_set_alarm_time
                0x08001004       0x20 .pioenvs\bluepill_f103c8\libFrameworkLibOpenCM3.a(rtc.o)
                0x08001004                rtc_set_alarm_time
 .text.rtc_set_prescale_val
                0x08001024       0x20 .pioenvs\bluepill_f103c8\libFrameworkLibOpenCM3.a(rtc.o)
                0x08001024                rtc_set_prescale_val
 .text.rtc_get_counter_val
                0x08001044       0x14 .pioenvs\bluepill_f103c8\libFrameworkLibOpenCM3.a(rtc.o)
                0x08001044                rtc_get_counter_val
 .text.rtc_set_counter_val
                0x08001058       0x20 .pioenvs\bluepill_f103c8\libFrameworkLibOpenCM3.a(rtc.o)
                0x08001058                rtc_set_counter_val
 .text.rtc_interrupt_enable
                0x08001078       0x40 .pioenvs\bluepill_f103c8\libFrameworkLibOpenCM3.a(rtc.o)
                0x08001078                rtc_interrupt_enable
 .text.rtc_interrupt_disable
                0x080010b8       0x40 .pioenvs\bluepill_f103c8\libFrameworkLibOpenCM3.a(rtc.o)
                0x080010b8                rtc_interrupt_disable
 .text.rtc_clear_flag
                0x080010f8       0x34 .pioenvs\bluepill_f103c8\libFrameworkLibOpenCM3.a(rtc.o)
                0x080010f8                rtc_clear_flag
 .text.rtc_check_flag
                0x0800112c       0x30 .pioenvs\bluepill_f103c8\libFrameworkLibOpenCM3.a(rtc.o)
                0x0800112c                rtc_check_flag
 .text.pwr_disable_backup_domain_write_protect
                0x0800115c       0x10 .pioenvs\bluepill_f103c8\libFrameworkLibOpenCM3.a(pwr_common_all.o)
                0x0800115c                pwr_disable_backup_domain_write_protect
 .text.pwr_enable_backup_domain_write_protect
                0x0800116c       0x10 .pioenvs\bluepill_f103c8\libFrameworkLibOpenCM3.a(pwr_common_all.o)
                0x0800116c                pwr_enable_backup_domain_write_protect
 .text.exti_set_trigger
                0x0800117c       0x4c .pioenvs\bluepill_f103c8\libFrameworkLibOpenCM3.a(exti_common_all.o)
                0x0800117c                exti_set_trigger
 .text.exti_enable_request
                0x080011c8       0x18 .pioenvs\bluepill_f103c8\libFrameworkLibOpenCM3.a(exti_common_all.o)
                0x080011c8                exti_enable_request
 .text.exti_reset_request
                0x080011e0        0xc .pioenvs\bluepill_f103c8\libFrameworkLibOpenCM3.a(exti_common_all.o)
                0x080011e0                exti_reset_request
 .text.flash_set_ws
                0x080011ec       0x14 .pioenvs\bluepill_f103c8\libFrameworkLibOpenCM3.a(flash_common_f01.o)
                0x080011ec                flash_set_ws
 .text.usbd_init
                0x08001200       0x58 .pioenvs\bluepill_f103c8\libFrameworkLibOpenCM3.a(usb.o)
                0x08001200                usbd_init
 .text._usbd_standard_request_device
                0x08001258       0x4c .pioenvs\bluepill_f103c8\libFrameworkLibOpenCM3.a(usb_standard.o)
                0x08001258                _usbd_standard_request_device
 .text._usbd_standard_request_interface
                0x080012a4       0x34 .pioenvs\bluepill_f103c8\libFrameworkLibOpenCM3.a(usb_standard.o)
                0x080012a4                _usbd_standard_request_interface
 .text._usbd_standard_request_endpoint
                0x080012d8       0x44 .pioenvs\bluepill_f103c8\libFrameworkLibOpenCM3.a(usb_standard.o)
                0x080012d8                _usbd_standard_request_endpoint
 .text.st_usbfs_v1_usbd_init
                0x0800131c       0x30 .pioenvs\bluepill_f103c8\libFrameworkLibOpenCM3.a(st_usbfs_v1.o)
 .text.scb_reset_system
                0x0800134c       0x10 .pioenvs\bluepill_f103c8\libFrameworkLibOpenCM3.a(scb.o)
                0x0800134c                scb_reset_system
 .text.st_usbfs_set_address
                0x0800135c       0x10 .pioenvs\bluepill_f103c8\libFrameworkLibOpenCM3.a(st_usbfs_core.o)
                0x0800135c                st_usbfs_set_address
 .text.st_usbfs_set_ep_rx_bufsize
                0x0800136c       0x60 .pioenvs\bluepill_f103c8\libFrameworkLibOpenCM3.a(st_usbfs_core.o)
                0x0800136c                st_usbfs_set_ep_rx_bufsize
 .text.st_usbfs_ep_setup
                0x080013cc      0x160 .pioenvs\bluepill_f103c8\libFrameworkLibOpenCM3.a(st_usbfs_core.o)
                0x080013cc                st_usbfs_ep_setup
 .text.st_usbfs_ep_nak_set
                0x0800152c       0x80 .pioenvs\bluepill_f103c8\libFrameworkLibOpenCM3.a(st_usbfs_core.o)
                0x0800152c                st_usbfs_ep_nak_set
 .text.st_usbfs_ep_write_packet
                0x080015ac       0x90 .pioenvs\bluepill_f103c8\libFrameworkLibOpenCM3.a(st_usbfs_core.o)
                0x080015ac                st_usbfs_ep_write_packet
 .text.st_usbfs_ep_read_packet
                0x0800163c       0xd4 .pioenvs\bluepill_f103c8\libFrameworkLibOpenCM3.a(st_usbfs_core.o)
                0x0800163c                st_usbfs_ep_read_packet
 .text.st_usbfs_poll
                0x08001710       0xfc .pioenvs\bluepill_f103c8\libFrameworkLibOpenCM3.a(st_usbfs_core.o)
                0x08001710                st_usbfs_poll
 .text.gpio_set_mode
                0x0800180c       0x6c .pioenvs\bluepill_f103c8\libFrameworkLibOpenCM3.a(gpio.o)
                0x0800180c                gpio_set_mode
 .text.gpio_set
                0x08001878        0x4 .pioenvs\bluepill_f103c8\libFrameworkLibOpenCM3.a(gpio_common_all.o)
                0x08001878                gpio_set
 .text.gpio_clear
                0x0800187c        0x6 .pioenvs\bluepill_f103c8\libFrameworkLibOpenCM3.a(gpio_common_all.o)
                0x0800187c                gpio_clear
 .text.usart_recv
                0x08001882        0x8 .pioenvs\bluepill_f103c8\libFrameworkLibOpenCM3.a(usart_common_f124.o)
                0x08001882                usart_recv
 .text.rcc_periph_clock_enable
                0x0800188a       0x1c .pioenvs\bluepill_f103c8\libFrameworkLibOpenCM3.a(rcc_common_all.o)
                0x0800188a                rcc_periph_clock_enable
 .text.rcc_periph_reset_pulse
                0x080018a6       0x22 .pioenvs\bluepill_f103c8\libFrameworkLibOpenCM3.a(rcc_common_all.o)
                0x080018a6                rcc_periph_reset_pulse
 .text.usbd_register_sof_callback
                0x080018c8        0x4 .pioenvs\bluepill_f103c8\libFrameworkLibOpenCM3.a(usb.o)
                0x080018c8                usbd_register_sof_callback
 .text.usbd_poll
                0x080018cc        0xc .pioenvs\bluepill_f103c8\libFrameworkLibOpenCM3.a(usb.o)
                0x080018cc                usbd_poll
 .text.usbd_ep_setup
                0x080018d8       0x14 .pioenvs\bluepill_f103c8\libFrameworkLibOpenCM3.a(usb.o)
                0x080018d8                usbd_ep_setup
 .text._usbd_reset
                0x080018ec       0x30 .pioenvs\bluepill_f103c8\libFrameworkLibOpenCM3.a(usb.o)
                0x080018ec                _usbd_reset
 .text.usbd_ep_write_packet
                0x0800191c        0xc .pioenvs\bluepill_f103c8\libFrameworkLibOpenCM3.a(usb.o)
                0x0800191c                usbd_ep_write_packet
 .text.usbd_ep_read_packet
                0x08001928        0xc .pioenvs\bluepill_f103c8\libFrameworkLibOpenCM3.a(usb.o)
                0x08001928                usbd_ep_read_packet
 .text.usbd_ep_stall_set
                0x08001934        0xc .pioenvs\bluepill_f103c8\libFrameworkLibOpenCM3.a(usb.o)
                0x08001934                usbd_ep_stall_set
 .text.usbd_ep_stall_get
                0x08001940        0xc .pioenvs\bluepill_f103c8\libFrameworkLibOpenCM3.a(usb.o)
                0x08001940                usbd_ep_stall_get
 .text.stall_transaction
                0x0800194c       0x14 .pioenvs\bluepill_f103c8\libFrameworkLibOpenCM3.a(usb_control.o)
 .text.usb_control_setup_write
                0x08001960       0x32 .pioenvs\bluepill_f103c8\libFrameworkLibOpenCM3.a(usb_control.o)
 .text.usb_control_recv_chunk
                0x08001992       0x3c .pioenvs\bluepill_f103c8\libFrameworkLibOpenCM3.a(usb_control.o)
 .text.usb_control_send_chunk
                0x080019ce       0x48 .pioenvs\bluepill_f103c8\libFrameworkLibOpenCM3.a(usb_control.o)
 .text.usb_control_request_dispatch
                0x08001a16       0x60 .pioenvs\bluepill_f103c8\libFrameworkLibOpenCM3.a(usb_control.o)
 .text.usb_control_setup_read
                0x08001a76       0x3a .pioenvs\bluepill_f103c8\libFrameworkLibOpenCM3.a(usb_control.o)
 .text.usbd_register_control_callback
                0x08001ab0       0x30 .pioenvs\bluepill_f103c8\libFrameworkLibOpenCM3.a(usb_control.o)
                0x08001ab0                usbd_register_control_callback
 .text._usbd_control_setup
                0x08001ae0       0x4a .pioenvs\bluepill_f103c8\libFrameworkLibOpenCM3.a(usb_control.o)
                0x08001ae0                _usbd_control_setup
 .text._usbd_control_out
                0x08001b2a       0x8a .pioenvs\bluepill_f103c8\libFrameworkLibOpenCM3.a(usb_control.o)
                0x08001b2a                _usbd_control_out
 .text._usbd_control_in
                0x08001bb4       0x56 .pioenvs\bluepill_f103c8\libFrameworkLibOpenCM3.a(usb_control.o)
                0x08001bb4                _usbd_control_in
 .text.usb_descriptor_type
                0x08001c0a        0x4 .pioenvs\bluepill_f103c8\libFrameworkLibOpenCM3.a(usb_standard.o)
 .text.usb_descriptor_index
                0x08001c0e        0x4 .pioenvs\bluepill_f103c8\libFrameworkLibOpenCM3.a(usb_standard.o)
 .text.usb_standard_set_address
                0x08001c12       0x30 .pioenvs\bluepill_f103c8\libFrameworkLibOpenCM3.a(usb_standard.o)
 .text.usb_standard_set_configuration
                0x08001c42       0xba .pioenvs\bluepill_f103c8\libFrameworkLibOpenCM3.a(usb_standard.o)
 .text.usb_standard_get_configuration
                0x08001cfc       0x24 .pioenvs\bluepill_f103c8\libFrameworkLibOpenCM3.a(usb_standard.o)
 .text.usb_standard_set_interface
                0x08001d20       0x56 .pioenvs\bluepill_f103c8\libFrameworkLibOpenCM3.a(usb_standard.o)
 .text.usb_standard_get_interface
                0x08001d76       0x3e .pioenvs\bluepill_f103c8\libFrameworkLibOpenCM3.a(usb_standard.o)
 .text.usb_standard_device_get_status
                0x08001db4       0x18 .pioenvs\bluepill_f103c8\libFrameworkLibOpenCM3.a(usb_standard.o)
 .text.usb_standard_interface_get_status
                0x08001dcc       0x18 .pioenvs\bluepill_f103c8\libFrameworkLibOpenCM3.a(usb_standard.o)
 .text.build_config_descriptor
                0x08001de4      0x1ba .pioenvs\bluepill_f103c8\libFrameworkLibOpenCM3.a(usb_standard.o)
 .text.usb_standard_get_descriptor
                0x08001f9e       0xe6 .pioenvs\bluepill_f103c8\libFrameworkLibOpenCM3.a(usb_standard.o)
 .text.usb_standard_endpoint_get_status
                0x08002084       0x2a .pioenvs\bluepill_f103c8\libFrameworkLibOpenCM3.a(usb_standard.o)
 .text.usb_standard_endpoint_stall
                0x080020ae       0x10 .pioenvs\bluepill_f103c8\libFrameworkLibOpenCM3.a(usb_standard.o)
 .text.usb_standard_endpoint_unstall
                0x080020be       0x10 .pioenvs\bluepill_f103c8\libFrameworkLibOpenCM3.a(usb_standard.o)
 .text.usbd_register_set_config_callback
                0x080020ce       0x28 .pioenvs\bluepill_f103c8\libFrameworkLibOpenCM3.a(usb_standard.o)
                0x080020ce                usbd_register_set_config_callback
 .text._usbd_standard_request
                0x080020f6       0x32 .pioenvs\bluepill_f103c8\libFrameworkLibOpenCM3.a(usb_standard.o)
                0x080020f6                _usbd_standard_request
 .text.st_usbfs_copy_to_pm
                0x08002128       0x18 .pioenvs\bluepill_f103c8\libFrameworkLibOpenCM3.a(st_usbfs_v1.o)
                0x08002128                st_usbfs_copy_to_pm
 .text.st_usbfs_copy_from_pm
                0x08002140       0x24 .pioenvs\bluepill_f103c8\libFrameworkLibOpenCM3.a(st_usbfs_v1.o)
                0x08002140                st_usbfs_copy_from_pm
 .text.nvic_enable_irq
                0x08002164       0x18 .pioenvs\bluepill_f103c8\libFrameworkLibOpenCM3.a(nvic.o)
                0x08002164                nvic_enable_irq
 .text.st_usbfs_endpoints_reset
                0x0800217c       0x6c .pioenvs\bluepill_f103c8\libFrameworkLibOpenCM3.a(st_usbfs_core.o)
                0x0800217c                st_usbfs_endpoints_reset
 .text.st_usbfs_ep_stall_set
                0x080021e8      0x108 .pioenvs\bluepill_f103c8\libFrameworkLibOpenCM3.a(st_usbfs_core.o)
                0x080021e8                st_usbfs_ep_stall_set
 .text.st_usbfs_ep_stall_get
                0x080022f0       0x44 .pioenvs\bluepill_f103c8\libFrameworkLibOpenCM3.a(st_usbfs_core.o)
                0x080022f0                st_usbfs_ep_stall_get
 *libcocoos.a:(SORT_BY_ALIGNMENT(.text*))
 *libcocoOS_?.?.?.a:(SORT_BY_ALIGNMENT(.text*))
 .text.os_event_init
                0x08002334        0xc .pioenvs\bluepill_f103c8\lib2b9\libcocoOS_5.0.3.a(os_event.o)
                0x08002334                os_event_init
 .text.os_signal_event
                0x08002340       0x10 .pioenvs\bluepill_f103c8\lib2b9\libcocoOS_5.0.3.a(os_event.o)
                0x08002340                os_signal_event
 .text.os_event_set_signaling_tid
                0x08002350       0x10 .pioenvs\bluepill_f103c8\lib2b9\libcocoOS_5.0.3.a(os_event.o)
                0x08002350                os_event_set_signaling_tid
 .text.os_init  0x08002360       0x30 .pioenvs\bluepill_f103c8\lib2b9\libcocoOS_5.0.3.a(os_kernel.o)
                0x08002360                os_init
 .text.os_running
                0x08002390        0xc .pioenvs\bluepill_f103c8\lib2b9\libcocoOS_5.0.3.a(os_kernel.o)
                0x08002390                os_running
 .text.os_msgQ_init
                0x0800239c       0x38 .pioenvs\bluepill_f103c8\lib2b9\libcocoOS_5.0.3.a(os_msgqueue.o)
                0x0800239c                os_msgQ_init
 .text.os_msgQ_tick
                0x080023d4       0x74 .pioenvs\bluepill_f103c8\lib2b9\libcocoOS_5.0.3.a(os_msgqueue.o)
                0x080023d4                os_msgQ_tick
 .text.os_sem_init
                0x08002448        0xc .pioenvs\bluepill_f103c8\lib2b9\libcocoOS_5.0.3.a(os_sem.o)
                0x08002448                os_sem_init
 .text.os_task_wait_queue_empty
                0x08002454       0x1c .pioenvs\bluepill_f103c8\lib2b9\libcocoOS_5.0.3.a(os_task.o)
 .text.task_ready_set
                0x08002470       0x14 .pioenvs\bluepill_f103c8\lib2b9\libcocoOS_5.0.3.a(os_task.o)
 .text.os_task_init
                0x08002484       0x74 .pioenvs\bluepill_f103c8\lib2b9\libcocoOS_5.0.3.a(os_task.o)
                0x08002484                os_task_init
 .text.os_task_highest_prio_ready_task
                0x080024f8       0x44 .pioenvs\bluepill_f103c8\lib2b9\libcocoOS_5.0.3.a(os_task.o)
                0x080024f8                os_task_highest_prio_ready_task
 .text.os_task_clear_wait_queue
                0x0800253c       0x1c .pioenvs\bluepill_f103c8\lib2b9\libcocoOS_5.0.3.a(os_task.o)
                0x0800253c                os_task_clear_wait_queue
 .text.os_task_tick
                0x08002558       0xac .pioenvs\bluepill_f103c8\lib2b9\libcocoOS_5.0.3.a(os_task.o)
                0x08002558                os_task_tick
 .text.os_task_signal_event
                0x08002604       0x98 .pioenvs\bluepill_f103c8\lib2b9\libcocoOS_5.0.3.a(os_task.o)
                0x08002604                os_task_signal_event
 .text.os_task_run
                0x0800269c       0x38 .pioenvs\bluepill_f103c8\lib2b9\libcocoOS_5.0.3.a(os_task.o)
                0x0800269c                os_task_run
 .text.os_on_assert
                0x080026d4       0x28 .pioenvs\bluepill_f103c8\lib2b9\libcocoOS_5.0.3.a(os_assert.o)
                0x080026d4                os_on_assert
 .text.os_cbkSleep
                0x080026fc        0x2 .pioenvs\bluepill_f103c8\lib2b9\libcocoOS_5.0.3.a(os_cbk.o)
                0x080026fc                os_cbkSleep
 .text.os_tick  0x080026fe        0xc .pioenvs\bluepill_f103c8\lib2b9\libcocoOS_5.0.3.a(os_kernel.o)
                0x080026fe                os_tick
 *libgcc.a:(SORT_BY_ALIGNMENT(.text*))
 *libqfplib.a:(SORT_BY_ALIGNMENT(.text*))
 *libnano-float.a:(SORT_BY_ALIGNMENT(.text*))
 *libnewlib.a:(SORT_BY_ALIGNMENT(.text*))
 .text.memcmp   0x0800270a       0x20 .pioenvs\bluepill_f103c8\lib9f3\libnewlib.a(memcmp.o)
                0x0800270a                memcmp
 .text.memcpy   0x0800272a       0x1a .pioenvs\bluepill_f103c8\lib9f3\libnewlib.a(memcpy.o)
                0x0800272a                memcpy
 .text.memset   0x08002744       0x16 .pioenvs\bluepill_f103c8\lib9f3\libnewlib.a(memset.o)
                0x08002744                memset
 .text.strlen   0x0800275a       0x10 .pioenvs\bluepill_f103c8\lib9f3\libnewlib.a(strlen.o)
                0x0800275a                strlen
 .text.strncpy  0x0800276a       0x40 .pioenvs\bluepill_f103c8\lib9f3\libnewlib.a(strncpy.o)
                0x0800276a                strncpy
 *liblogger.a:(SORT_BY_ALIGNMENT(.text*))
 *fill*         0x080027aa        0x2 
 .text._ZL10__semihostiPv
                0x080027ac       0x24 .pioenvs\bluepill_f103c8\libd5c\liblogger.a(logger.o)
 .text._ZL16write_all_outputPKhtb
                0x080027d0       0x48 .pioenvs\bluepill_f103c8\libd5c\liblogger.a(logger.o)
 .text._ZL12debug_appendPKcj
                0x08002818       0x5c .pioenvs\bluepill_f103c8\libd5c\liblogger.a(logger.o)
 .text.enable_log
                0x08002874        0xc .pioenvs\bluepill_f103c8\libd5c\liblogger.a(logger.o)
                0x08002874                enable_log
 .text.disable_log
                0x08002880        0xc .pioenvs\bluepill_f103c8\libd5c\liblogger.a(logger.o)
                0x08002880                disable_log
 .text.logger_add_output
                0x0800288c       0x48 .pioenvs\bluepill_f103c8\libd5c\liblogger.a(logger.o)
                0x0800288c                logger_add_output
 .text._Z20debug_flush_internalb
                0x080028d4       0x60 .pioenvs\bluepill_f103c8\libd5c\liblogger.a(logger.o)
                0x080028d4                debug_flush_internal(bool)
 .text.debug_force_flush
                0x08002934       0x20 .pioenvs\bluepill_f103c8\libd5c\liblogger.a(logger.o)
                0x08002934                debug_force_flush
 .text._Z11debug_printj
                0x08002954       0x88 .pioenvs\bluepill_f103c8\libd5c\liblogger.a(logger.o)
                0x08002954                debug_print(unsigned int)
 .text._Z11debug_printi
                0x080029dc       0x34 .pioenvs\bluepill_f103c8\libd5c\liblogger.a(logger.o)
                0x080029dc                debug_print(int)
 .text.debug_println
                0x08002a10       0x1c .pioenvs\bluepill_f103c8\libd5c\liblogger.a(logger.o)
                0x08002a10                debug_println
 .text._Z13debug_printlni
                0x08002a2c       0x14 .pioenvs\bluepill_f103c8\libd5c\liblogger.a(logger.o)
                0x08002a2c                debug_println(int)
 .text._ZL14semihost_writemPKhj
                0x08002a40       0x1e .pioenvs\bluepill_f103c8\libd5c\liblogger.a(logger.o)
 .text.debug_flush
                0x08002a5e        0xa .pioenvs\bluepill_f103c8\libd5c\liblogger.a(logger.o)
                0x08002a5e                debug_flush
 .text.debug_print
                0x08002a68       0x18 .pioenvs\bluepill_f103c8\libd5c\liblogger.a(logger.o)
                0x08002a68                debug_print
 .text.debug_print_int
                0x08002a80        0x8 .pioenvs\bluepill_f103c8\libd5c\liblogger.a(logger.o)
                0x08002a80                debug_print_int
 .text.debug_print_unsigned
                0x08002a88        0x8 .pioenvs\bluepill_f103c8\libd5c\liblogger.a(logger.o)
                0x08002a88                debug_print_unsigned
 .text.debug_printhex
                0x08002a90       0x70 .pioenvs\bluepill_f103c8\libd5c\liblogger.a(logger.o)
                0x08002a90                debug_printhex
 .text.debug_printhex_unsigned
                0x08002b00       0x1c .pioenvs\bluepill_f103c8\libd5c\liblogger.a(logger.o)
                0x08002b00                debug_printhex_unsigned
 *libbluepill.a:(SORT_BY_ALIGNMENT(.text*))
 .text.platform_setup
                0x08002b1c       0x4c .pioenvs\bluepill_f103c8\libff5\libbluepill.a(bluepill.o)
                0x08002b1c                platform_setup
 .text.enable_debug
                0x08002b68       0x14 .pioenvs\bluepill_f103c8\libff5\libbluepill.a(bluepill.o)
                0x08002b68                enable_debug
 .text.led_setup
                0x08002b7c       0x20 .pioenvs\bluepill_f103c8\libff5\libbluepill.a(led.o)
                0x08002b7c                led_setup
 .text.led_on   0x08002b9c       0x14 .pioenvs\bluepill_f103c8\libff5\libbluepill.a(led.o)
                0x08002b9c                led_on
 .text.led_off  0x08002bb0       0x14 .pioenvs\bluepill_f103c8\libff5\libbluepill.a(led.o)
                0x08002bb0                led_off
 .text.led_wait
                0x08002bc4       0x14 .pioenvs\bluepill_f103c8\libff5\libbluepill.a(led.o)
                0x08002bc4                led_wait
 .text._ZL25custom_rtc_awake_from_off7rcc_osc
                0x08002bd8       0x74 .pioenvs\bluepill_f103c8\libff5\libbluepill.a(timer.o)
 .text._ZL9rtc_setupv
                0x08002c4c       0x90 .pioenvs\bluepill_f103c8\libff5\libbluepill.a(timer.o)
 .text.platform_start_timer
                0x08002cdc       0x34 .pioenvs\bluepill_f103c8\libff5\libbluepill.a(timer.o)
                0x08002cdc                platform_start_timer
 .text.platform_set_alarm
                0x08002d10       0x34 .pioenvs\bluepill_f103c8\libff5\libbluepill.a(timer.o)
                0x08002d10                platform_set_alarm
 .text.platform_alarm_count
                0x08002d44        0xc .pioenvs\bluepill_f103c8\libff5\libbluepill.a(timer.o)
                0x08002d44                platform_alarm_count
 .text.__cxa_pure_virtual
                0x08002d50        0xc .pioenvs\bluepill_f103c8\libff5\libbluepill.a(bluepill.o)
                0x08002d50                __cxa_pure_virtual
 .text._Znwj    0x08002d5c        0x8 .pioenvs\bluepill_f103c8\libff5\libbluepill.a(bluepill.o)
                0x08002d5c                operator new(unsigned int)
 .text._ZdlPv   0x08002d64        0x8 .pioenvs\bluepill_f103c8\libff5\libbluepill.a(bluepill.o)
                0x08002d64                operator delete(void*)
 .text.millis   0x08002d6c        0x8 .pioenvs\bluepill_f103c8\libff5\libbluepill.a(timer.o)
                0x08002d6c                millis
 *libbootloader.a:(SORT_BY_ALIGNMENT(.text*))
 .text.get_serial_number
                0x08002d74       0x34 .pioenvs\bluepill_f103c8\libb55\libbootloader.a(bootloader.o)
 .text.poll_restart_callback
                0x08002da8       0x20 .pioenvs\bluepill_f103c8\libb55\libbootloader.a(bootloader.o)
                0x08002da8                poll_restart_callback
 .text.bootloader_poll
                0x08002dc8       0x30 .pioenvs\bluepill_f103c8\libb55\libbootloader.a(bootloader.o)
                0x08002dc8                bootloader_poll
 .text.poll_loop
                0x08002df8       0xcc .pioenvs\bluepill_f103c8\libb55\libbootloader.a(bootloader.o)
 .text.prepare_baseloader
                0x08002ec4      0x258 .pioenvs\bluepill_f103c8\libb55\libbootloader.a(bootloader.o)
                0x08002ec4                prepare_baseloader
 .text.bootloader_start
                0x0800311c       0x70 .pioenvs\bluepill_f103c8\libb55\libbootloader.a(bootloader.o)
                0x0800311c                bootloader_start
 .text.base_flash_program_array
                0x0800318c       0x34 .pioenvs\bluepill_f103c8\libb55\libbootloader.a(ghostfat.o)
                0x0800318c                base_flash_program_array
 .text.flash_flush
                0x080031c0       0x9c .pioenvs\bluepill_f103c8\libb55\libbootloader.a(ghostfat.o)
                0x080031c0                flash_flush
 .text.flash_write
                0x0800325c       0xd8 .pioenvs\bluepill_f103c8\libb55\libbootloader.a(ghostfat.o)
                0x0800325c                flash_write
 .text.validate_application
                0x08003334       0x5c .pioenvs\bluepill_f103c8\libb55\libbootloader.a(target_stm32f103.o)
 .text.boot_target_get_startup_mode
                0x08003390       0xe8 .pioenvs\bluepill_f103c8\libb55\libbootloader.a(target_stm32f103.o)
                0x08003390                boot_target_get_startup_mode
 .text.boot_target_set_led
                0x08003478       0x20 .pioenvs\bluepill_f103c8\libb55\libbootloader.a(target_stm32f103.o)
                0x08003478                boot_target_set_led
 .text.boot_target_gpio_setup
                0x08003498       0x6c .pioenvs\bluepill_f103c8\libb55\libbootloader.a(target_stm32f103.o)
                0x08003498                boot_target_gpio_setup
 .text.boot_target_usb_init
                0x08003504       0x34 .pioenvs\bluepill_f103c8\libb55\libbootloader.a(target_stm32f103.o)
                0x08003504                boot_target_usb_init
 .text.boot_target_set_restart_callback
                0x08003538       0x20 .pioenvs\bluepill_f103c8\libb55\libbootloader.a(target_stm32f103.o)
                0x08003538                boot_target_set_restart_callback
 .text.boot_target_manifest_app
                0x08003558       0x20 .pioenvs\bluepill_f103c8\libb55\libbootloader.a(target_stm32f103.o)
                0x08003558                boot_target_manifest_app
 .text.boot_target_manifest_baseloader
                0x08003578       0x20 .pioenvs\bluepill_f103c8\libb55\libbootloader.a(target_stm32f103.o)
                0x08003578                boot_target_manifest_baseloader
 .text.boot_target_manifest_bootloader
                0x08003598       0x20 .pioenvs\bluepill_f103c8\libb55\libbootloader.a(target_stm32f103.o)
                0x08003598                boot_target_manifest_bootloader
 .text.hf2_connected
                0x080035b8       0x14 .pioenvs\bluepill_f103c8\libb55\libbootloader.a(usb_conf.o)
 .text.cdc_connected
                0x080035cc       0x20 .pioenvs\bluepill_f103c8\libb55\libbootloader.a(usb_conf.o)
 .text.usb_cdc_transmit
                0x080035ec       0x30 .pioenvs\bluepill_f103c8\libb55\libbootloader.a(usb_conf.o)
 .text.sof_callback
                0x0800361c       0x10 .pioenvs\bluepill_f103c8\libb55\libbootloader.a(usb_conf.o)
 .text.set_aggregate_callback
                0x0800362c       0x50 .pioenvs\bluepill_f103c8\libb55\libbootloader.a(usb_conf.o)
 .text.usb_setup
                0x0800367c       0xac .pioenvs\bluepill_f103c8\libb55\libbootloader.a(usb_conf.o)
                0x0800367c                usb_setup
 .text.set_usb_busy
                0x08003728       0x1c .pioenvs\bluepill_f103c8\libb55\libbootloader.a(usb_conf.o)
                0x08003728                set_usb_busy
 .text.get_usb_status
                0x08003744       0x38 .pioenvs\bluepill_f103c8\libb55\libbootloader.a(usb_conf.o)
                0x08003744                get_usb_status
 .text.aggregate_register_config_callback
                0x0800377c       0x40 .pioenvs\bluepill_f103c8\libb55\libbootloader.a(usb_conf.o)
                0x0800377c                aggregate_register_config_callback
 .text.aggregate_register_callback
                0x080037bc       0x60 .pioenvs\bluepill_f103c8\libb55\libbootloader.a(usb_conf.o)
                0x080037bc                aggregate_register_callback
 .text.usb_set_serial_number
                0x0800381c       0x24 .pioenvs\bluepill_f103c8\libb55\libbootloader.a(usb_conf.o)
                0x0800381c                usb_set_serial_number
 .text.dump_buffer
                0x08003840       0x48 .pioenvs\bluepill_f103c8\libb55\libbootloader.a(usb_conf.o)
                0x08003840                dump_buffer
 .text.dump_usb_request
                0x08003888      0x1a4 .pioenvs\bluepill_f103c8\libb55\libbootloader.a(usb_conf.o)
                0x08003888                dump_usb_request
 .text.aggregate_callback
                0x08003a2c       0xa8 .pioenvs\bluepill_f103c8\libb55\libbootloader.a(usb_conf.o)
 .text.webusb_set_config
                0x08003ad4       0x28 .pioenvs\bluepill_f103c8\libb55\libbootloader.a(webusb.o)
 .text.webusb_control_vendor_request
                0x08003afc       0xd0 .pioenvs\bluepill_f103c8\libb55\libbootloader.a(webusb.o)
 .text.webusb_setup
                0x08003bcc       0x4c .pioenvs\bluepill_f103c8\libb55\libbootloader.a(webusb.o)
                0x08003bcc                webusb_setup
 .text.winusb_set_config
                0x08003c18       0x28 .pioenvs\bluepill_f103c8\libb55\libbootloader.a(winusb.o)
 .text.winusb_descriptor_request
                0x08003c40       0x60 .pioenvs\bluepill_f103c8\libb55\libbootloader.a(winusb.o)
 .text.winusb_control_vendor_request
                0x08003ca0       0xc0 .pioenvs\bluepill_f103c8\libb55\libbootloader.a(winusb.o)
 .text.winusb_setup
                0x08003d60       0x58 .pioenvs\bluepill_f103c8\libb55\libbootloader.a(winusb.o)
                0x08003d60                winusb_setup
 .text.cdcacm_comm_cb
                0x08003db8       0x10 .pioenvs\bluepill_f103c8\libb55\libbootloader.a(cdc.o)
 .text.cdcacm_set_config
                0x08003dc8       0x64 .pioenvs\bluepill_f103c8\libb55\libbootloader.a(cdc.o)
 .text.cdcacm_control_request
                0x08003e2c       0x8c .pioenvs\bluepill_f103c8\libb55\libbootloader.a(cdc.o)
 .text.cdcadm_transmit
                0x08003eb8       0x68 .pioenvs\bluepill_f103c8\libb55\libbootloader.a(cdc.o)
                0x08003eb8                cdcadm_transmit
 .text.cdcacm_data_rx_cb
                0x08003f20       0x4c .pioenvs\bluepill_f103c8\libb55\libbootloader.a(cdc.o)
 .text.cdc_setup
                0x08003f6c       0x2c .pioenvs\bluepill_f103c8\libb55\libbootloader.a(cdc.o)
                0x08003f6c                cdc_setup
 .text.assert   0x08003f98       0x20 .pioenvs\bluepill_f103c8\libb55\libbootloader.a(hf2.o)
 .text.hf2_set_config
                0x08003fb8       0x40 .pioenvs\bluepill_f103c8\libb55\libbootloader.a(hf2.o)
 .text.pokeSend
                0x08003ff8       0xc8 .pioenvs\bluepill_f103c8\libb55\libbootloader.a(hf2.o)
 .text.handle_flash_write
                0x080040c0      0x320 .pioenvs\bluepill_f103c8\libb55\libbootloader.a(hf2.o)
 .text.handle_command
                0x080043e0      0x214 .pioenvs\bluepill_f103c8\libb55\libbootloader.a(hf2.o)
 .text.hf2_data_rx_cb
                0x080045f4       0xc4 .pioenvs\bluepill_f103c8\libb55\libbootloader.a(hf2.o)
 .text.hf2_data_tx_cb
                0x080046b8       0x58 .pioenvs\bluepill_f103c8\libb55\libbootloader.a(hf2.o)
 .text.hf2_setup
                0x08004710       0x80 .pioenvs\bluepill_f103c8\libb55\libbootloader.a(hf2.o)
                0x08004710                hf2_setup
 .text.backup_write
                0x08004790       0x34 .pioenvs\bluepill_f103c8\libb55\libbootloader.a(backup.o)
                0x08004790                backup_write
 .text.backup_read
                0x080047c4       0x18 .pioenvs\bluepill_f103c8\libb55\libbootloader.a(backup.o)
                0x080047c4                backup_read
 .text.usb21_set_config
                0x080047dc       0x28 .pioenvs\bluepill_f103c8\libb55\libbootloader.a(usb21_standard.o)
 .text.usb21_standard_get_descriptor
                0x08004804       0x5c .pioenvs\bluepill_f103c8\libb55\libbootloader.a(usb21_standard.o)
 .text.usb21_setup
                0x08004860       0x34 .pioenvs\bluepill_f103c8\libb55\libbootloader.a(usb21_standard.o)
                0x08004860                usb21_setup
 .text.bootloader_set_restart_callback
                0x08004894        0xa .pioenvs\bluepill_f103c8\libb55\libbootloader.a(bootloader.o)
                0x08004894                bootloader_set_restart_callback
 .text.sleep_us
                0x0800489e       0x14 .pioenvs\bluepill_f103c8\libb55\libbootloader.a(target_stm32f103.o)
 .text.boot_target_get_serial_number
                0x080048b2        0xa .pioenvs\bluepill_f103c8\libb55\libbootloader.a(target_stm32f103.o)
                0x080048b2                boot_target_get_serial_number
 .text.usb_descriptor_type
                0x080048bc        0x4 .pioenvs\bluepill_f103c8\libb55\libbootloader.a(usb_conf.o)
 .text.usb_descriptor_index
                0x080048c0        0x4 .pioenvs\bluepill_f103c8\libb55\libbootloader.a(usb_conf.o)
 .text.usb_descriptor_type
                0x080048c4        0x4 .pioenvs\bluepill_f103c8\libb55\libbootloader.a(winusb.o)
 .text.usb_descriptor_index
                0x080048c8        0x4 .pioenvs\bluepill_f103c8\libb55\libbootloader.a(winusb.o)
 .text.send_hf2_response
                0x080048cc       0x18 .pioenvs\bluepill_f103c8\libb55\libbootloader.a(hf2.o)
 .text.build_bos_descriptor
                0x080048e4       0x7c .pioenvs\bluepill_f103c8\libb55\libbootloader.a(usb21_standard.o)
                0x08004960                . = ALIGN (0x4)
 *(SORT_BY_ALIGNMENT(.rodata.blocking_handler*))
 *(SORT_BY_ALIGNMENT(.rodata.null_handler*))
 *(SORT_BY_ALIGNMENT(.rodata.*_isr))
 :*reset_handler*(SORT_BY_ALIGNMENT(.rodata*))
 .rodata.pre_main.str1.4
                0x08004960       0x37 .pioenvs\bluepill_f103c8\lib14c\hal\reset_handler.o
 :*codal_target_hal*(SORT_BY_ALIGNMENT(.rodata*))
 *fill*         0x08004997        0x1 
 .rodata._ZL11timer_alarmv.str1.4
                0x08004998        0x4 .pioenvs\bluepill_f103c8\lib14c\hal\codal_target_hal.o
 .rodata._ZL15poll_bootloaderv.str1.4
                0x0800499c        0x7 .pioenvs\bluepill_f103c8\lib14c\hal\codal_target_hal.o
 *fill*         0x080049a3        0x1 
 .rodata.target_panic.str1.4
                0x080049a4       0x13 .pioenvs\bluepill_f103c8\lib14c\hal\codal_target_hal.o
 *fill*         0x080049b7        0x1 
 .rodata.target_wait.str1.4
                0x080049b8        0xb .pioenvs\bluepill_f103c8\lib14c\hal\codal_target_hal.o
 *fill*         0x080049c3        0x1 
 .rodata.test_codal.str1.4
                0x080049c4       0x3c .pioenvs\bluepill_f103c8\lib14c\hal\codal_target_hal.o
 *libhal.a:*codal_target_hal*(SORT_BY_ALIGNMENT(.rodata*))
 :*CortexContextSwitch*(SORT_BY_ALIGNMENT(.rodata*))
 *libhal.a:(SORT_BY_ALIGNMENT(.rodata*))
 *liblibopencm3.a:(SORT_BY_ALIGNMENT(.rodata*))
 *libFrameworkLibOpenCM3.a:(SORT_BY_ALIGNMENT(.rodata*))
 .rodata.chars.4166
                0x08004a00       0x11 .pioenvs\bluepill_f103c8\libFrameworkLibOpenCM3.a(desig.o)
 *fill*         0x08004a11        0x3 
 .rodata.st_usbfs_v1_usb_driver
                0x08004a14       0x34 .pioenvs\bluepill_f103c8\libFrameworkLibOpenCM3.a(st_usbfs_v1.o)
                0x08004a14                st_usbfs_v1_usb_driver
 .rodata        0x08004a48        0x8 .pioenvs\bluepill_f103c8\libFrameworkLibOpenCM3.a(st_usbfs_core.o)
 *libcocoos.a:(SORT_BY_ALIGNMENT(.rodata*))
 *libcocoOS_?.?.?.a:(SORT_BY_ALIGNMENT(.rodata*))
 .rodata.os_on_assert.str1.4
                0x08004a50       0x1c .pioenvs\bluepill_f103c8\lib2b9\libcocoOS_5.0.3.a(os_assert.o)
                                 0x1a (size before relaxing)
 *libgcc.a:(SORT_BY_ALIGNMENT(.rodata*))
 *libqfplib.a:(SORT_BY_ALIGNMENT(.rodata*))
 *libnano-float.a:(SORT_BY_ALIGNMENT(.rodata*))
 *libnewlib.a:(SORT_BY_ALIGNMENT(.rodata*))
 *liblogger.a:(SORT_BY_ALIGNMENT(.rodata*))
 .rodata._Z11debug_printi.str1.4
                0x08004a6c        0x6 .pioenvs\bluepill_f103c8\libd5c\liblogger.a(logger.o)
 *fill*         0x08004a72        0x2 
 .rodata._Z11debug_printj.str1.4
                0x08004a74        0xb .pioenvs\bluepill_f103c8\libd5c\liblogger.a(logger.o)
 *fill*         0x08004a7f        0x1 
 .rodata._ZL12debug_appendPKcj.str1.4
                0x08004a80        0xa .pioenvs\bluepill_f103c8\libd5c\liblogger.a(logger.o)
 *fill*         0x08004a8a        0x2 
 .rodata.debug_println.str1.4
                0x08004a8c        0x3 .pioenvs\bluepill_f103c8\libd5c\liblogger.a(logger.o)
 *libbluepill.a:(SORT_BY_ALIGNMENT(.rodata*))
 *fill*         0x08004a8f        0x1 
 .rodata.platform_setup.str1.4
                0x08004a90       0x13 .pioenvs\bluepill_f103c8\libff5\libbluepill.a(bluepill.o)
 *fill*         0x08004aa3        0x1 
 .rodata._ZL9rtc_setupv.str1.4
                0x08004aa4       0x1d .pioenvs\bluepill_f103c8\libff5\libbluepill.a(timer.o)
 *fill*         0x08004ac1        0x3 
 .rodata.platform_set_alarm.str1.4
                0x08004ac4        0x6 .pioenvs\bluepill_f103c8\libff5\libbluepill.a(timer.o)
 *fill*         0x08004aca        0x2 
 .rodata.platform_start_timer.str1.4
                0x08004acc       0x15 .pioenvs\bluepill_f103c8\libff5\libbluepill.a(timer.o)
 *libbootloader.a:(SORT_BY_ALIGNMENT(.rodata*))
 *fill*         0x08004ae1        0x3 
 .rodata.bootloader_start.str1.4
                0x08004ae4       0x1a .pioenvs\bluepill_f103c8\libb55\libbootloader.a(bootloader.o)
 *fill*         0x08004afe        0x2 
 .rodata.get_serial_number.str1.4
                0x08004b00       0x36 .pioenvs\bluepill_f103c8\libb55\libbootloader.a(bootloader.o)
 *fill*         0x08004b36        0x2 
 .rodata.poll_loop.str1.4
                0x08004b38       0x25 .pioenvs\bluepill_f103c8\libb55\libbootloader.a(bootloader.o)
 *fill*         0x08004b5d        0x3 
 .rodata.poll_restart_callback.str1.4
                0x08004b60       0x11 .pioenvs\bluepill_f103c8\libb55\libbootloader.a(bootloader.o)
 *fill*         0x08004b71        0x3 
 .rodata.prepare_baseloader.str1.4
                0x08004b74       0xdc .pioenvs\bluepill_f103c8\libb55\libbootloader.a(bootloader.o)
                                 0xec (size before relaxing)
 .rodata.flash_flush.str1.4
                0x08004c50       0x1d .pioenvs\bluepill_f103c8\libb55\libbootloader.a(ghostfat.o)
                                 0x25 (size before relaxing)
 *fill*         0x08004c6d        0x3 
 .rodata.flash_write.str1.4
                0x08004c70       0x26 .pioenvs\bluepill_f103c8\libb55\libbootloader.a(ghostfat.o)
                                 0x37 (size before relaxing)
 *fill*         0x08004c96        0x2 
 .rodata.infoUf2File
                0x08004c98       0x55 .pioenvs\bluepill_f103c8\libb55\libbootloader.a(ghostfat.o)
                0x08004c98                infoUf2File
 *fill*         0x08004ced        0x3 
 .rodata.boot_target_get_startup_mode.str1.4
                0x08004cf0       0x81 .pioenvs\bluepill_f103c8\libb55\libbootloader.a(target_stm32f103.o)
 *fill*         0x08004d71        0x3 
 .rodata.boot_target_manifest_app.str1.4
                0x08004d74        0x9 .pioenvs\bluepill_f103c8\libb55\libbootloader.a(target_stm32f103.o)
 *fill*         0x08004d7d        0x3 
 .rodata.boot_target_manifest_baseloader.str1.4
                0x08004d80       0x10 .pioenvs\bluepill_f103c8\libb55\libbootloader.a(target_stm32f103.o)
 .rodata.boot_target_manifest_bootloader.str1.4
                0x08004d90       0x10 .pioenvs\bluepill_f103c8\libb55\libbootloader.a(target_stm32f103.o)
 .rodata.boot_target_set_restart_callback.str1.4
                0x08004da0       0x16 .pioenvs\bluepill_f103c8\libb55\libbootloader.a(target_stm32f103.o)
 *fill*         0x08004db6        0x2 
 .rodata.validate_application.str1.4
                0x08004db8       0x20 .pioenvs\bluepill_f103c8\libb55\libbootloader.a(target_stm32f103.o)
                                 0x21 (size before relaxing)
 .rodata.aggregate_callback.str1.4
                0x08004dd8        0xc .pioenvs\bluepill_f103c8\libb55\libbootloader.a(usb_conf.o)
 .rodata.aggregate_register_callback.str1.4
                0x08004de4       0x26 .pioenvs\bluepill_f103c8\libb55\libbootloader.a(usb_conf.o)
 *fill*         0x08004e0a        0x2 
 .rodata.aggregate_register_config_callback.str1.4
                0x08004e0c       0x25 .pioenvs\bluepill_f103c8\libb55\libbootloader.a(usb_conf.o)
 *fill*         0x08004e31        0x3 
 .rodata.bos_descriptor
                0x08004e34        0x9 .pioenvs\bluepill_f103c8\libb55\libbootloader.a(usb_conf.o)
 *fill*         0x08004e3d        0x3 
 .rodata.cdc_iface_assoc
                0x08004e40        0x8 .pioenvs\bluepill_f103c8\libb55\libbootloader.a(usb_conf.o)
 .rodata.cdcacm_functional_descriptors
                0x08004e48       0x13 .pioenvs\bluepill_f103c8\libb55\libbootloader.a(usb_conf.o)
 *fill*         0x08004e5b        0x1 
 .rodata.comm_endp
                0x08004e5c        0xf .pioenvs\bluepill_f103c8\libb55\libbootloader.a(usb_conf.o)
 *fill*         0x08004e6b        0x1 
 .rodata.comm_iface
                0x08004e6c       0x15 .pioenvs\bluepill_f103c8\libb55\libbootloader.a(usb_conf.o)
 *fill*         0x08004e81        0x3 
 .rodata.config
                0x08004e84        0xd .pioenvs\bluepill_f103c8\libb55\libbootloader.a(usb_conf.o)
 *fill*         0x08004e91        0x3 
 .rodata.data_endp
                0x08004e94       0x1e .pioenvs\bluepill_f103c8\libb55\libbootloader.a(usb_conf.o)
 *fill*         0x08004eb2        0x2 
 .rodata.data_iface
                0x08004eb4       0x15 .pioenvs\bluepill_f103c8\libb55\libbootloader.a(usb_conf.o)
 *fill*         0x08004ec9        0x3 
 .rodata.dev    0x08004ecc       0x12 .pioenvs\bluepill_f103c8\libb55\libbootloader.a(usb_conf.o)
 *fill*         0x08004ede        0x2 
 .rodata.dump_buffer.str1.4
                0x08004ee0        0x4 .pioenvs\bluepill_f103c8\libb55\libbootloader.a(usb_conf.o)
                                  0x9 (size before relaxing)
 .rodata.dump_usb_request.str1.4
                0x08004ee4       0x88 .pioenvs\bluepill_f103c8\libb55\libbootloader.a(usb_conf.o)
                                 0x90 (size before relaxing)
 .rodata.hf2_endp
                0x08004f6c       0x1e .pioenvs\bluepill_f103c8\libb55\libbootloader.a(usb_conf.o)
 *fill*         0x08004f8a        0x2 
 .rodata.hf2_iface
                0x08004f8c       0x15 .pioenvs\bluepill_f103c8\libb55\libbootloader.a(usb_conf.o)
 *fill*         0x08004fa1        0x3 
 .rodata.interfaces
                0x08004fa4       0x30 .pioenvs\bluepill_f103c8\libb55\libbootloader.a(usb_conf.o)
 .rodata.set_aggregate_callback.str1.4
                0x08004fd4       0x29 .pioenvs\bluepill_f103c8\libb55\libbootloader.a(usb_conf.o)
 .rodata.set_usb_busy.str1.4
                0x08004ffd       0x29 .pioenvs\bluepill_f103c8\libb55\libbootloader.a(usb_conf.o)
                                  0x2 (size before relaxing)
 *fill*         0x08004ffd        0x3 
 .rodata.str1.4
                0x08005000       0x86 .pioenvs\bluepill_f103c8\libb55\libbootloader.a(usb_conf.o)
 *fill*         0x08005086        0x2 
 .rodata.usb_setup.str1.4
                0x08005088       0x31 .pioenvs\bluepill_f103c8\libb55\libbootloader.a(usb_conf.o)
 *fill*         0x080050b9        0x3 
 .rodata.webusb_control_vendor_request.str1.4
                0x080050bc       0x3f .pioenvs\bluepill_f103c8\libb55\libbootloader.a(webusb.o)
                                 0x43 (size before relaxing)
 *fill*         0x080050fb        0x1 
 .rodata.webusb_platform_capability_descriptor
                0x080050fc       0x18 .pioenvs\bluepill_f103c8\libb55\libbootloader.a(webusb.o)
                0x080050fc                webusb_platform_capability_descriptor
 .rodata.webusb_set_config.str1.4
                0x08005114       0x1d .pioenvs\bluepill_f103c8\libb55\libbootloader.a(webusb.o)
 *fill*         0x08005131        0x3 
 .rodata.webusb_setup.str1.4
                0x08005134       0x18 .pioenvs\bluepill_f103c8\libb55\libbootloader.a(webusb.o)
 .rodata.guid   0x0800514c       0x92 .pioenvs\bluepill_f103c8\libb55\libbootloader.a(winusb.o)
 *fill*         0x080051de        0x2 
 .rodata.microsoft_platform_capability_descriptor
                0x080051e0       0x1c .pioenvs\bluepill_f103c8\libb55\libbootloader.a(winusb.o)
                0x080051e0                microsoft_platform_capability_descriptor
 .rodata.winusb_control_vendor_request.str1.4
                0x080051fc       0x17 .pioenvs\bluepill_f103c8\libb55\libbootloader.a(winusb.o)
 *fill*         0x08005213        0x1 
 .rodata.winusb_descriptor_request.str1.4
                0x08005214        0x6 .pioenvs\bluepill_f103c8\libb55\libbootloader.a(winusb.o)
 *fill*         0x0800521a        0x2 
 .rodata.winusb_set_config.str1.4
                0x0800521c       0x1d .pioenvs\bluepill_f103c8\libb55\libbootloader.a(winusb.o)
 *fill*         0x08005239        0x3 
 .rodata.winusb_setup.str1.4
                0x0800523c       0x18 .pioenvs\bluepill_f103c8\libb55\libbootloader.a(winusb.o)
 .rodata.winusb_string_descriptor
                0x08005254       0x12 .pioenvs\bluepill_f103c8\libb55\libbootloader.a(winusb.o)
 *fill*         0x08005266        0x2 
 .rodata.cdc_setup.str1.4
                0x08005268       0x15 .pioenvs\bluepill_f103c8\libb55\libbootloader.a(cdc.o)
 *fill*         0x0800527d        0x3 
 .rodata.cdcacm_comm_cb.str1.4
                0x08005280        0x5 .pioenvs\bluepill_f103c8\libb55\libbootloader.a(cdc.o)
 *fill*         0x08005285        0x3 
 .rodata.cdcacm_control_request.str1.4
                0x08005288       0x28 .pioenvs\bluepill_f103c8\libb55\libbootloader.a(cdc.o)
                                 0x31 (size before relaxing)
 .rodata.cdcacm_set_config.str1.4
                0x080052b0       0x1d .pioenvs\bluepill_f103c8\libb55\libbootloader.a(cdc.o)
 *fill*         0x080052cd        0x3 
 .rodata.line_coding
                0x080052d0        0x7 .pioenvs\bluepill_f103c8\libb55\libbootloader.a(cdc.o)
 *fill*         0x080052d7        0x1 
 .rodata.assert.str1.4
                0x080052d8        0xc .pioenvs\bluepill_f103c8\libb55\libbootloader.a(hf2.o)
 .rodata.bad_packet_message
                0x080052e4        0xb .pioenvs\bluepill_f103c8\libb55\libbootloader.a(hf2.o)
 *fill*         0x080052ef        0x1 
 .rodata.handle_command.str1.4
                0x080052f0       0x94 .pioenvs\bluepill_f103c8\libb55\libbootloader.a(hf2.o)
 .rodata.handle_flash_write.str1.4
                0x08005384      0x130 .pioenvs\bluepill_f103c8\libb55\libbootloader.a(hf2.o)
                                0x150 (size before relaxing)
 .rodata.hf2_set_config.str1.4
                0x080054b4        0xf .pioenvs\bluepill_f103c8\libb55\libbootloader.a(hf2.o)
 *fill*         0x080054c3        0x1 
 .rodata.hf2_setup.str1.4
                0x080054c4       0x2d .pioenvs\bluepill_f103c8\libb55\libbootloader.a(hf2.o)
 *fill*         0x080054f1        0x3 
 .rodata.pokeSend.str1.4
                0x080054f4       0x10 .pioenvs\bluepill_f103c8\libb55\libbootloader.a(hf2.o)
                                 0x11 (size before relaxing)
 .rodata.usb21_set_config.str1.4
                0x08005504       0x1c .pioenvs\bluepill_f103c8\libb55\libbootloader.a(usb21_standard.o)
 .rodata.usb21_setup.str1.4
                0x08005520       0x17 .pioenvs\bluepill_f103c8\libb55\libbootloader.a(usb21_standard.o)
 *fill*         0x08005537        0x1 
 .rodata.usb21_standard_get_descriptor.str1.4
                0x08005538       0x24 .pioenvs\bluepill_f103c8\libb55\libbootloader.a(usb21_standard.o)
                0x0800555c                . = ALIGN (0x4)
                0x0800555c                _boot_etext = .

.text           0x08007400     0x3c00
                0x08007400                . = ALIGN (0x4)
                0x08007400                _text = .
 *(SORT_BY_ALIGNMENT(.text.application_start))
 .text.application_start
                0x08007400       0x88 .pioenvs\bluepill_f103c8\libbbc\libcm.a(application.o)
                0x08007400                application_start
 *(SORT_BY_ALIGNMENT(.text.main))
 .text.main     0x08007488       0x14 .pioenvs\bluepill_f103c8\src\main.o
                0x08007488                main
 *(SORT_BY_ALIGNMENT(.text.startup.main))
 *(SORT_BY_ALIGNMENT(.text*))
 .text._ZN5codal14CodalComponent4initEv
                0x0800749c        0x8 .pioenvs\bluepill_f103c8\src\main.o
                0x0800749c                codal::CodalComponent::init()
 .text._ZL10debug_dumpRN5codal13STM32BluePillEPKc
                0x080074a4       0x44 .pioenvs\bluepill_f103c8\src\main.o
 .text._Z41__static_initialization_and_destruction_0ii
                0x080074e8       0x30 .pioenvs\bluepill_f103c8\src\main.o
 .text._ZN5codal14CodalComponentD2Ev
                0x08007518       0x18 .pioenvs\bluepill_f103c8\src\main.o
                0x08007518                codal::CodalComponent::~CodalComponent()
                0x08007518                codal::CodalComponent::~CodalComponent()
 .text._ZN5codal14CodalComponentD0Ev
                0x08007530       0x20 .pioenvs\bluepill_f103c8\src\main.o
                0x08007530                codal::CodalComponent::~CodalComponent()
 .text._Z10Blink_mainRN5codal13STM32BluePillE
                0x08007550       0x74 .pioenvs\bluepill_f103c8\src\main.o
                0x08007550                Blink_main(codal::STM32BluePill&)
 .text._ZN5codal13STM32BluePillD2Ev
                0x080075c4       0x4c .pioenvs\bluepill_f103c8\src\main.o
                0x080075c4                codal::STM32BluePill::~STM32BluePill()
                0x080075c4                codal::STM32BluePill::~STM32BluePill()
 .text._ZN5codal13STM32BluePillD0Ev
                0x08007610       0x54 .pioenvs\bluepill_f103c8\src\main.o
                0x08007610                codal::STM32BluePill::~STM32BluePill()
 .text._Z41__static_initialization_and_destruction_0ii
                0x08007664       0x24 .pioenvs\bluepill_f103c8\src\uart.o
 .text._Z18component_callbackN5codal5EventE
                0x08007688       0x68 .pioenvs\bluepill_f103c8\lib0a7\libcodal-core.a(CodalComponent.o)
                0x08007688                component_callback(codal::Event)
 .text._ZN5codal14CodalComponent12addComponentEv
                0x080076f0       0xcc .pioenvs\bluepill_f103c8\lib0a7\libcodal-core.a(CodalComponent.o)
                0x080076f0                codal::CodalComponent::addComponent()
 .text._ZN5codal14CodalComponent15removeComponentEv
                0x080077bc       0x28 .pioenvs\bluepill_f103c8\lib0a7\libcodal-core.a(CodalComponent.o)
                0x080077bc                codal::CodalComponent::removeComponent()
 .text.codal_dmesg_flush
                0x080077e4       0x10 .pioenvs\bluepill_f103c8\lib0a7\libcodal-core.a(CodalDmesg.o)
                0x080077e4                codal_dmesg_flush
 .text._ZN5codal14scheduler_tickENS_5EventE
                0x080077f4       0x3c .pioenvs\bluepill_f103c8\lib0a7\libcodal-core.a(CodalFiber.o)
                0x080077f4                codal::scheduler_tick(codal::Event)
 .text._ZN5codal15scheduler_eventENS_5EventE
                0x08007830       0xc0 .pioenvs\bluepill_f103c8\lib0a7\libcodal-core.a(CodalFiber.o)
                0x08007830                codal::scheduler_event(codal::Event)
 .text._Z15getFiberContextv
                0x080078f0       0x58 .pioenvs\bluepill_f103c8\lib0a7\libcodal-core.a(CodalFiber.o)
                0x080078f0                getFiberContext()
 .text._ZL10handle_fobv
                0x08007948       0x34 .pioenvs\bluepill_f103c8\lib0a7\libcodal-core.a(CodalFiber.o)
 .text._ZN5codal23fiber_scheduler_runningEv
                0x0800797c       0x18 .pioenvs\bluepill_f103c8\lib0a7\libcodal-core.a(CodalFiber.o)
                0x0800797c                codal::fiber_scheduler_running()
 .text._ZN5codal14scheduler_initERNS_10EventModelE
                0x08007994      0x11c .pioenvs\bluepill_f103c8\lib0a7\libcodal-core.a(CodalFiber.o)
                0x08007994                codal::scheduler_init(codal::EventModel&)
 .text._ZN5codal19fiber_wake_on_eventEtt
                0x08007ab0       0x90 .pioenvs\bluepill_f103c8\lib0a7\libcodal-core.a(CodalFiber.o)
                0x08007ab0                codal::fiber_wake_on_event(unsigned short, unsigned short)
 .text._Z14__create_fibermmmi
                0x08007b40       0x68 .pioenvs\bluepill_f103c8\lib0a7\libcodal-core.a(CodalFiber.o)
                0x08007b40                __create_fiber(unsigned long, unsigned long, unsigned long, int)
 .text._ZN5codal24scheduler_runqueue_emptyEv
                0x08007ba8       0x10 .pioenvs\bluepill_f103c8\lib0a7\libcodal-core.a(CodalFiber.o)
                0x08007ba8                codal::scheduler_runqueue_empty()
 .text._ZN5codal4idleEv
                0x08007bb8       0x44 .pioenvs\bluepill_f103c8\lib0a7\libcodal-core.a(CodalFiber.o)
                0x08007bb8                codal::idle()
 .text._ZN5codal8scheduleEv
                0x08007bfc      0x1b8 .pioenvs\bluepill_f103c8\lib0a7\libcodal-core.a(CodalFiber.o)
                0x08007bfc                codal::schedule()
 .text._ZN5codal11fiber_sleepEm
                0x08007db4       0x38 .pioenvs\bluepill_f103c8\lib0a7\libcodal-core.a(CodalFiber.o)
                0x08007db4                codal::fiber_sleep(unsigned long)
 .text._ZN5codal13release_fiberEv
                0x08007dec       0x70 .pioenvs\bluepill_f103c8\lib0a7\libcodal-core.a(CodalFiber.o)
                0x08007dec                codal::release_fiber()
 .text._ZN5codal6invokeEPFvPvES0_
                0x08007e5c       0x90 .pioenvs\bluepill_f103c8\lib0a7\libcodal-core.a(CodalFiber.o)
                0x08007e5c                codal::invoke(void (*)(void*), void*)
 .text._Z18device_create_heapmm
                0x08007eec       0x3c .pioenvs\bluepill_f103c8\lib0a7\libcodal-core.a(CodalHeapAllocator.o)
                0x08007eec                device_create_heap(unsigned long, unsigned long)
 .text.device_malloc
                0x08007f28       0x54 .pioenvs\bluepill_f103c8\lib0a7\libcodal-core.a(CodalHeapAllocator.o)
                0x08007f28                device_malloc
                0x08007f28                malloc
 .text.device_free
                0x08007f7c       0x44 .pioenvs\bluepill_f103c8\lib0a7\libcodal-core.a(CodalHeapAllocator.o)
                0x08007f7c                free
                0x08007f7c                device_free
 .text._ZN5codal6SerialC2ERNS_3PinES2_hht
                0x08007fc0       0x60 .pioenvs\bluepill_f103c8\lib0a7\libcodal-core.a(Serial.o)
                0x08007fc0                codal::Serial::Serial(codal::Pin&, codal::Pin&, unsigned char, unsigned char, unsigned short)
                0x08007fc0                codal::Serial::Serial(codal::Pin&, codal::Pin&, unsigned char, unsigned char, unsigned short)
 .text._ZN5codal6SerialD2Ev
                0x08008020       0x28 .pioenvs\bluepill_f103c8\lib0a7\libcodal-core.a(Serial.o)
                0x08008020                codal::Serial::~Serial()
                0x08008020                codal::Serial::~Serial()
 .text._ZN5codal5TimerC2Ev
                0x08008048       0x34 .pioenvs\bluepill_f103c8\lib0a7\libcodal-core.a(Timer.o)
                0x08008048                codal::Timer::Timer()
                0x08008048                codal::Timer::Timer()
 .text._ZN5codal25system_timer_current_timeEv
                0x0800807c       0x18 .pioenvs\bluepill_f103c8\lib0a7\libcodal-core.a(Timer.o)
                0x0800807c                codal::system_timer_current_time()
 .text._ZN5codal27system_timer_event_every_usEmtt
                0x08008094       0x24 .pioenvs\bluepill_f103c8\lib0a7\libcodal-core.a(Timer.o)
                0x08008094                codal::system_timer_event_every_us(unsigned long, unsigned short, unsigned short)
 .text._ZN5codal10EventModel4sendENS_5EventE
                0x080080b8       0x14 .pioenvs\bluepill_f103c8\lib0a7\libcodal-core.a(MessageBus.o)
                0x080080b8                codal::EventModel::send(codal::Event)
 .text._ZN5codal10EventModel3addEPNS_8ListenerE
                0x080080cc        0x8 .pioenvs\bluepill_f103c8\lib0a7\libcodal-core.a(MessageBus.o)
                0x080080cc                codal::EventModel::add(codal::Listener*)
 .text._ZN5codal10EventModel6removeEPNS_8ListenerE
                0x080080d4        0x8 .pioenvs\bluepill_f103c8\lib0a7\libcodal-core.a(MessageBus.o)
                0x080080d4                codal::EventModel::remove(codal::Listener*)
 .text._ZN5codal10MessageBus3addEPNS_8ListenerE
                0x080080dc       0xe8 .pioenvs\bluepill_f103c8\lib0a7\libcodal-core.a(MessageBus.o)
                0x080080dc                codal::MessageBus::add(codal::Listener*)
 .text._ZN5codal10MessageBus7processERNS_5EventEb
                0x080081c4       0x88 .pioenvs\bluepill_f103c8\lib0a7\libcodal-core.a(MessageBus.o)
                0x080081c4                codal::MessageBus::process(codal::Event&, bool)
 .text._ZN5codal19allocateNotifyEventEv
                0x0800824c       0x10 .pioenvs\bluepill_f103c8\lib0a7\libcodal-core.a(MessageBus.o)
                0x0800824c                codal::allocateNotifyEvent()
 .text._ZN5codal22MemberFunctionCallbackC2INS_10MessageBusEEEPT_MS3_FvNS_5EventEE
                0x0800825c       0x30 .pioenvs\bluepill_f103c8\lib0a7\libcodal-core.a(MessageBus.o)
                0x0800825c                codal::MemberFunctionCallback::MemberFunctionCallback<codal::MessageBus>(codal::MessageBus*, void (codal::MessageBus::*)(codal::Event))
                0x0800825c                codal::MemberFunctionCallback::MemberFunctionCallback<codal::MessageBus>(codal::MessageBus*, void (codal::MessageBus::*)(codal::Event))
 .text._ZN5codal10EventModel6listenINS_10MessageBusEEEittPT_MS3_FvNS_5EventEEt
                0x0800828c       0x8c .pioenvs\bluepill_f103c8\lib0a7\libcodal-core.a(MessageBus.o)
                0x0800828c                int codal::EventModel::listen<codal::MessageBus>(unsigned short, unsigned short, codal::MessageBus*, void (codal::MessageBus::*)(codal::Event), unsigned short)
 .text._ZN5codal10MessageBusC2Ev
                0x08008318       0x74 .pioenvs\bluepill_f103c8\lib0a7\libcodal-core.a(MessageBus.o)
                0x08008318                codal::MessageBus::MessageBus()
                0x08008318                codal::MessageBus::MessageBus()
 .text._ZN5codal10MessageBusD2Ev
                0x0800838c       0x50 .pioenvs\bluepill_f103c8\lib0a7\libcodal-core.a(MessageBus.o)
                0x0800838c                codal::MessageBus::~MessageBus()
                0x0800838c                codal::MessageBus::~MessageBus()
 .text._ZN5codal5Event4fireEv
                0x080083dc       0x1c .pioenvs\bluepill_f103c8\lib0a7\libcodal-core.a(Event.o)
                0x080083dc                codal::Event::fire()
 .text._ZN5codal13ManagedString9initEmptyEv
                0x080083f8        0xc .pioenvs\bluepill_f103c8\lib0a7\libcodal-core.a(ManagedString.o)
                0x080083f8                codal::ManagedString::initEmpty()
 .text._Z41__static_initialization_and_destruction_0ii
                0x08008404       0x38 .pioenvs\bluepill_f103c8\lib0a7\libcodal-core.a(ManagedString.o)
 .text._ZN5codal4itoaEiPc
                0x0800843c       0x68 .pioenvs\bluepill_f103c8\lib0a7\libcodal-core.a(CodalCompat.o)
                0x0800843c                codal::itoa(int, char*)
 .text._ZN5codal3_cm3Pin14setAnalogValueEi
                0x080084a4       0x20 .pioenvs\bluepill_f103c8\libbbc\libcm.a(CmPin.o)
                0x080084a4                codal::_cm::Pin::setAnalogValue(int)
 .text._ZN5codal3_cm3Pin9isTouchedEv
                0x080084c4        0x8 .pioenvs\bluepill_f103c8\libbbc\libcm.a(CmPin.o)
                0x080084c4                codal::_cm::Pin::isTouched()
 .text._ZN5codal3_cm3Pin17getAnalogPeriodUsEv
                0x080084cc        0x8 .pioenvs\bluepill_f103c8\libbbc\libcm.a(CmPin.o)
                0x080084cc                codal::_cm::Pin::getAnalogPeriodUs()
 .text._ZN5codal3_cm3Pin15getAnalogPeriodEv
                0x080084d4       0x18 .pioenvs\bluepill_f103c8\libbbc\libcm.a(CmPin.o)
                0x080084d4                codal::_cm::Pin::getAnalogPeriod()
 .text._ZN5codal3_cm3Pin15setDigitalValueEi
                0x080084ec       0x68 .pioenvs\bluepill_f103c8\libbbc\libcm.a(CmPin.o)
                0x080084ec                codal::_cm::Pin::setDigitalValue(int)
 .text._ZN5codal3_cm3PinC2EhmmtNS_13PinCapabilityE
                0x08008554       0x2c .pioenvs\bluepill_f103c8\libbbc\libcm.a(CmPin.o)
                0x08008554                codal::_cm::Pin::Pin(unsigned char, unsigned long, unsigned long, unsigned short, codal::PinCapability)
                0x08008554                codal::_cm::Pin::Pin(unsigned char, unsigned long, unsigned long, unsigned short, codal::PinCapability)
 .text._ZN5codal3_cm3Pin13setServoValueEiii
                0x08008580       0x78 .pioenvs\bluepill_f103c8\libbbc\libcm.a(CmPin.o)
                0x08008580                codal::_cm::Pin::setServoValue(int, int, int)
 .text._ZN5codal3_cm6SerialD2Ev
                0x080085f8       0x14 .pioenvs\bluepill_f103c8\libbbc\libcm.a(CmSerial.o)
                0x080085f8                codal::_cm::Serial::~Serial()
                0x080085f8                codal::_cm::Serial::~Serial()
 .text._ZN5codal3_cm6SerialD0Ev
                0x0800860c       0x1c .pioenvs\bluepill_f103c8\libbbc\libcm.a(CmSerial.o)
                0x0800860c                codal::_cm::Serial::~Serial()
 .text._ZN5codal3_cm6SerialC2ERNS0_3PinES3_hh
                0x08008628       0x50 .pioenvs\bluepill_f103c8\libbbc\libcm.a(CmSerial.o)
                0x08008628                codal::_cm::Serial::Serial(codal::_cm::Pin&, codal::_cm::Pin&, unsigned char, unsigned char)
                0x08008628                codal::_cm::Serial::Serial(codal::_cm::Pin&, codal::_cm::Pin&, unsigned char, unsigned char)
 .text._ZN5codal3_cm13tick_callbackEv
                0x08008678       0x30 .pioenvs\bluepill_f103c8\libbbc\libcm.a(CmTimer.o)
                0x08008678                codal::_cm::tick_callback()
 .text._ZN5codal3_cm14alarm_callbackEv
                0x080086a8       0x14 .pioenvs\bluepill_f103c8\libbbc\libcm.a(CmTimer.o)
                0x080086a8                codal::_cm::alarm_callback()
 .text._ZN5codal3_cm5Timer9triggerInEm
                0x080086bc       0x24 .pioenvs\bluepill_f103c8\libbbc\libcm.a(CmTimer.o)
                0x080086bc                codal::_cm::Timer::triggerIn(unsigned long)
 .text._ZN5codal3_cm5Timer11syncRequestEv
                0x080086e0       0x48 .pioenvs\bluepill_f103c8\libbbc\libcm.a(CmTimer.o)
                0x080086e0                codal::_cm::Timer::syncRequest()
 .text._ZN5codal3_cm5TimerC2Ev
                0x08008728       0x34 .pioenvs\bluepill_f103c8\libbbc\libcm.a(CmTimer.o)
                0x08008728                codal::_cm::Timer::Timer()
                0x08008728                codal::_cm::Timer::Timer()
 .text._ZN5codal3_cm5Timer4initEv
                0x0800875c       0x60 .pioenvs\bluepill_f103c8\libbbc\libcm.a(CmTimer.o)
                0x0800875c                codal::_cm::Timer::init()
 .text._ZL8pre_mainv
                0x080087bc       0x48 .pioenvs\bluepill_f103c8\libbbc\libcm.a(application.o)
 .text._ZL15restart_handlerN5codal5EventE
                0x08008804       0x50 .pioenvs\bluepill_f103c8\libbbc\libcm.a(tasks.o)
 .text._ZL10flush_taskv
                0x08008854       0x18 .pioenvs\bluepill_f103c8\libbbc\libcm.a(tasks.o)
 .text._Z41__static_initialization_and_destruction_0ii
                0x0800886c       0x28 .pioenvs\bluepill_f103c8\libbbc\libcm.a(tasks.o)
 .text.restart_callback
                0x08008894       0x5c .pioenvs\bluepill_f103c8\libbbc\libcm.a(tasks.o)
                0x08008894                restart_callback
 .text.start_background_tasks
                0x080088f0       0xe0 .pioenvs\bluepill_f103c8\libbbc\libcm.a(tasks.o)
                0x080088f0                start_background_tasks
 .text._ZN5codal13STM32BluePill4initEv
                0x080089d0       0x80 .pioenvs\bluepill_f103c8\lib7ee\libmodel.a(STM32BluePill.o)
                0x080089d0                codal::STM32BluePill::init()
 .text._ZN5codal13STM32BluePillC2Ev
                0x08008a50       0xa8 .pioenvs\bluepill_f103c8\lib7ee\libmodel.a(STM32BluePill.o)
                0x08008a50                codal::STM32BluePill::STM32BluePill()
                0x08008a50                codal::STM32BluePill::STM32BluePill()
 .text._ZN5codal15STM32BluePillIOC2Ev
                0x08008af8      0xb58 .pioenvs\bluepill_f103c8\lib7ee\libmodel.a(STM32BluePillIO.o)
                0x08008af8                codal::STM32BluePillIO::STM32BluePillIO()
                0x08008af8                codal::STM32BluePillIO::STM32BluePillIO()
 .text._Z41__static_initialization_and_destruction_0ii
                0x08009650       0x1c .pioenvs\bluepill_f103c8\libcec\libuartint.a(uartint.o)
 .text._ZN5codal3_cm3I2CC2ERNS_3PinES3_
                0x0800966c       0x1c .pioenvs\bluepill_f103c8\libbbc\libcm.a(CmI2C.o)
                0x0800966c                codal::_cm::I2C::I2C(codal::Pin&, codal::Pin&)
                0x0800966c                codal::_cm::I2C::I2C(codal::Pin&, codal::Pin&)
 .text._ZN5codal3_cm3SPI4initEv
                0x08009688       0x5c .pioenvs\bluepill_f103c8\libbbc\libcm.a(CmSPI.o)
                0x08009688                codal::_cm::SPI::init()
 .text._ZN5codal3_cm3SPIC2ERNS0_3PinES3_S3_S3_
                0x080096e4       0x9c .pioenvs\bluepill_f103c8\libbbc\libcm.a(CmSPI.o)
                0x080096e4                codal::_cm::SPI::SPI(codal::_cm::Pin&, codal::_cm::Pin&, codal::_cm::Pin&, codal::_cm::Pin&)
                0x080096e4                codal::_cm::SPI::SPI(codal::_cm::Pin&, codal::_cm::Pin&, codal::_cm::Pin&, codal::_cm::Pin&)
 .text.pinmap_peripheral
                0x08009780       0x2c .pioenvs\bluepill_f103c8\libbbc\libcm.a(CmPinMap.o)
                0x08009780                pinmap_peripheral
 .text.pinmap_mode
                0x080097ac       0x28 .pioenvs\bluepill_f103c8\libbbc\libcm.a(CmPinMap.o)
                0x080097ac                pinmap_mode
 .text.pinmap_cnf
                0x080097d4       0x28 .pioenvs\bluepill_f103c8\libbbc\libcm.a(CmPinMap.o)
                0x080097d4                pinmap_cnf
 .text._ZN5codal3I2CC2ERNS_3PinES2_
                0x080097fc        0xc .pioenvs\bluepill_f103c8\lib0a7\libcodal-core.a(I2C.o)
                0x080097fc                codal::I2C::I2C(codal::Pin&, codal::Pin&)
                0x080097fc                codal::I2C::I2C(codal::Pin&, codal::Pin&)
 .text._ZN5codal14CodalComponent16periodicCallbackEv
                0x08009808        0x2 .pioenvs\bluepill_f103c8\src\main.o
                0x08009808                codal::CodalComponent::periodicCallback()
 .text._ZN5codal14CodalComponent12idleCallbackEv
                0x0800980a        0x2 .pioenvs\bluepill_f103c8\src\main.o
                0x0800980a                codal::CodalComponent::idleCallback()
 .text._GLOBAL__sub_I_bluepill
                0x0800980c        0xe .pioenvs\bluepill_f103c8\src\main.o
 .text._GLOBAL__sub_I_serialPort
                0x0800981a        0xe .pioenvs\bluepill_f103c8\src\uart.o
 .text._ZN5codal11queue_fiberEPNS_5FiberEPS1_
                0x08009828       0x2e .pioenvs\bluepill_f103c8\lib0a7\libcodal-core.a(CodalFiber.o)
                0x08009828                codal::queue_fiber(codal::Fiber*, codal::Fiber**)
 .text._ZN5codal13dequeue_fiberEPNS_5FiberE
                0x08009856       0x34 .pioenvs\bluepill_f103c8\lib0a7\libcodal-core.a(CodalFiber.o)
                0x08009856                codal::dequeue_fiber(codal::Fiber*)
 .text._ZN5codal12create_fiberEPFvvES1_
                0x0800988a       0x1e .pioenvs\bluepill_f103c8\lib0a7\libcodal-core.a(CodalFiber.o)
                0x0800988a                codal::create_fiber(void (*)(), void (*)())
 .text._ZN5codal12create_fiberEPFvPvES0_S2_
                0x080098a8       0x20 .pioenvs\bluepill_f103c8\lib0a7\libcodal-core.a(CodalFiber.o)
                0x080098a8                codal::create_fiber(void (*)(void*), void*, void (*)(void*))
 .text._ZN5codal20fiber_wait_for_eventEtt
                0x080098c8       0x14 .pioenvs\bluepill_f103c8\lib0a7\libcodal-core.a(CodalFiber.o)
                0x080098c8                codal::fiber_wait_for_event(unsigned short, unsigned short)
 .text._ZN5codal16launch_new_fiberEPFvvES1_
                0x080098dc        0xe .pioenvs\bluepill_f103c8\lib0a7\libcodal-core.a(CodalFiber.o)
                0x080098dc                codal::launch_new_fiber(void (*)(), void (*)())
 .text._ZN5codal13release_fiberEPv
                0x080098ea       0x10 .pioenvs\bluepill_f103c8\lib0a7\libcodal-core.a(CodalFiber.o)
                0x080098ea                codal::release_fiber(void*)
 .text._ZN5codal22launch_new_fiber_paramEPFvPvES2_S0_
                0x080098fa       0x18 .pioenvs\bluepill_f103c8\lib0a7\libcodal-core.a(CodalFiber.o)
                0x080098fa                codal::launch_new_fiber_param(void (*)(void*), void (*)(void*), void*)
 .text._ZN5codal9idle_taskEv
                0x08009912        0xc .pioenvs\bluepill_f103c8\lib0a7\libcodal-core.a(CodalFiber.o)
                0x08009912                codal::idle_task()
 .text._Z16device_malloc_injR14HeapDefinition
                0x0800991e       0xa0 .pioenvs\bluepill_f103c8\lib0a7\libcodal-core.a(CodalHeapAllocator.o)
                0x0800991e                device_malloc_in(unsigned int, HeapDefinition&)
 .text._ZN5codal8ListenerC2EttPFvNS_5EventEEt
                0x080099be       0x28 .pioenvs\bluepill_f103c8\lib0a7\libcodal-core.a(CodalListener.o)
                0x080099be                codal::Listener::Listener(unsigned short, unsigned short, void (*)(codal::Event), unsigned short)
                0x080099be                codal::Listener::Listener(unsigned short, unsigned short, void (*)(codal::Event), unsigned short)
 .text._ZN5codal8ListenerD2Ev
                0x080099e6       0x18 .pioenvs\bluepill_f103c8\lib0a7\libcodal-core.a(CodalListener.o)
                0x080099e6                codal::Listener::~Listener()
                0x080099e6                codal::Listener::~Listener()
 .text._ZN5codal8Listener5queueENS_5EventE
                0x080099fe       0x62 .pioenvs\bluepill_f103c8\lib0a7\libcodal-core.a(CodalListener.o)
                0x080099fe                codal::Listener::queue(codal::Event)
 .text._ZN5codal6Serial6lockRxEv
                0x08009a60        0xa .pioenvs\bluepill_f103c8\lib0a7\libcodal-core.a(Serial.o)
                0x08009a60                codal::Serial::lockRx()
 .text._ZN5codal6Serial8unlockRxEv
                0x08009a6a        0xa .pioenvs\bluepill_f103c8\lib0a7\libcodal-core.a(Serial.o)
                0x08009a6a                codal::Serial::unlockRx()
 .text._ZN5codal6Serial12initialiseRxEv
                0x08009a74       0x50 .pioenvs\bluepill_f103c8\lib0a7\libcodal-core.a(Serial.o)
                0x08009a74                codal::Serial::initialiseRx()
 .text._ZN5codal6Serial12circularCopyEPhhS1_tt
                0x08009ac4       0x28 .pioenvs\bluepill_f103c8\lib0a7\libcodal-core.a(Serial.o)
                0x08009ac4                codal::Serial::circularCopy(unsigned char*, unsigned char, unsigned char*, unsigned short, unsigned short)
 .text._ZN5codal6Serial7eventOnENS_13ManagedStringENS_10SerialModeE
                0x08009aec       0x2a .pioenvs\bluepill_f103c8\lib0a7\libcodal-core.a(Serial.o)
                0x08009aec                codal::Serial::eventOn(codal::ManagedString, codal::SerialMode)
 .text._ZN5codal6Serial7rxInUseEv
                0x08009b16        0x8 .pioenvs\bluepill_f103c8\lib0a7\libcodal-core.a(Serial.o)
                0x08009b16                codal::Serial::rxInUse()
 .text._ZN5codal6Serial9readUntilENS_13ManagedStringENS_10SerialModeE
                0x08009b1e      0x1cc .pioenvs\bluepill_f103c8\lib0a7\libcodal-core.a(Serial.o)
                0x08009b1e                codal::Serial::readUntil(codal::ManagedString, codal::SerialMode)
 .text._ZN5codal5Timer17disableInterruptsEv
                0x08009cea        0xa .pioenvs\bluepill_f103c8\lib0a7\libcodal-core.a(Timer.o)
                0x08009cea                codal::Timer::disableInterrupts()
 .text._ZN5codal5Timer16enableInterruptsEv
                0x08009cf4        0xa .pioenvs\bluepill_f103c8\lib0a7\libcodal-core.a(Timer.o)
                0x08009cf4                codal::Timer::enableInterrupts()
 .text._ZN5codal5Timer13getTimerEventEv
                0x08009cfe       0x24 .pioenvs\bluepill_f103c8\lib0a7\libcodal-core.a(Timer.o)
                0x08009cfe                codal::Timer::getTimerEvent()
 .text._ZN5codal5Timer17releaseTimerEventEPNS_10TimerEventE
                0x08009d22       0x12 .pioenvs\bluepill_f103c8\lib0a7\libcodal-core.a(Timer.o)
                0x08009d22                codal::Timer::releaseTimerEvent(codal::TimerEvent*)
 .text._ZN5codal5Timer7getTimeEv
                0x08009d34        0xe .pioenvs\bluepill_f103c8\lib0a7\libcodal-core.a(Timer.o)
                0x08009d34                codal::Timer::getTime()
 .text._ZN5codal5Timer9getTimeUsEv
                0x08009d42        0xe .pioenvs\bluepill_f103c8\lib0a7\libcodal-core.a(Timer.o)
                0x08009d42                codal::Timer::getTimeUs()
 .text._ZN5codal5Timer8setEventEmttb
                0x08009d50       0x6a .pioenvs\bluepill_f103c8\lib0a7\libcodal-core.a(Timer.o)
                0x08009d50                codal::Timer::setEvent(unsigned long, unsigned short, unsigned short, bool)
 .text._ZN5codal5Timer12eventEveryUsEmtt
                0x08009dba       0x10 .pioenvs\bluepill_f103c8\lib0a7\libcodal-core.a(Timer.o)
                0x08009dba                codal::Timer::eventEveryUs(unsigned long, unsigned short, unsigned short)
 .text._ZN5codal5Timer4syncEm
                0x08009dca       0x24 .pioenvs\bluepill_f103c8\lib0a7\libcodal-core.a(Timer.o)
                0x08009dca                codal::Timer::sync(unsigned long)
 .text._ZN5codal5Timer7triggerEv
                0x08009dee       0xa4 .pioenvs\bluepill_f103c8\lib0a7\libcodal-core.a(Timer.o)
                0x08009dee                codal::Timer::trigger()
 .text._ZN5codal5TimerD2Ev
                0x08009e92        0x2 .pioenvs\bluepill_f103c8\lib0a7\libcodal-core.a(Timer.o)
                0x08009e92                codal::Timer::~Timer()
                0x08009e92                codal::Timer::~Timer()
 .text._ZN5codal10MessageBus9elementAtEi
                0x08009e94       0x10 .pioenvs\bluepill_f103c8\lib0a7\libcodal-core.a(MessageBus.o)
                0x08009e94                codal::MessageBus::elementAt(int)
 .text._ZN5codal22MemberFunctionCallback10methodCallINS_10MessageBusEEEvPvPmNS_5EventE
                0x08009ea4       0x36 .pioenvs\bluepill_f103c8\lib0a7\libcodal-core.a(MessageBus.o)
                0x08009ea4                void codal::MemberFunctionCallback::methodCall<codal::MessageBus>(void*, unsigned long*, codal::Event)
 .text._Z14async_callbackPv
                0x08009eda       0x96 .pioenvs\bluepill_f103c8\lib0a7\libcodal-core.a(MessageBus.o)
                0x08009eda                async_callback(void*)
 .text._ZN5codal10MessageBus6removeEPNS_8ListenerE
                0x08009f70       0x76 .pioenvs\bluepill_f103c8\lib0a7\libcodal-core.a(MessageBus.o)
                0x08009f70                codal::MessageBus::remove(codal::Listener*)
 .text._ZN5codal10MessageBus12dequeueEventEv
                0x08009fe6       0x24 .pioenvs\bluepill_f103c8\lib0a7\libcodal-core.a(MessageBus.o)
                0x08009fe6                codal::MessageBus::dequeueEvent()
 .text._ZN5codal10MessageBus21deleteMarkedListenersEv
                0x0800a00a       0x4c .pioenvs\bluepill_f103c8\lib0a7\libcodal-core.a(MessageBus.o)
                0x0800a00a                codal::MessageBus::deleteMarkedListeners()
 .text._ZN5codal10MessageBus10queueEventERNS_5EventE
                0x0800a056       0x5e .pioenvs\bluepill_f103c8\lib0a7\libcodal-core.a(MessageBus.o)
                0x0800a056                codal::MessageBus::queueEvent(codal::Event&)
 .text._ZN5codal10MessageBus4sendENS_5EventE
                0x0800a0b4       0x18 .pioenvs\bluepill_f103c8\lib0a7\libcodal-core.a(MessageBus.o)
                0x0800a0b4                codal::MessageBus::send(codal::Event)
 .text._ZN5codal10MessageBus4idleENS_5EventE
                0x0800a0cc       0x3e .pioenvs\bluepill_f103c8\lib0a7\libcodal-core.a(MessageBus.o)
                0x0800a0cc                codal::MessageBus::idle(codal::Event)
 .text._ZN5codal8ListenerC2INS_10MessageBusEEEttPT_MS3_FvNS_5EventEEt
                0x0800a10a       0x3e .pioenvs\bluepill_f103c8\lib0a7\libcodal-core.a(MessageBus.o)
                0x0800a10a                codal::Listener::Listener<codal::MessageBus>(unsigned short, unsigned short, codal::MessageBus*, void (codal::MessageBus::*)(codal::Event), unsigned short)
                0x0800a10a                codal::Listener::Listener<codal::MessageBus>(unsigned short, unsigned short, codal::MessageBus*, void (codal::MessageBus::*)(codal::Event), unsigned short)
 .text._ZN5codal10EventModel6ignoreINS_10MessageBusEEEittPT_MS3_FvNS_5EventEE
                0x0800a148       0x44 .pioenvs\bluepill_f103c8\lib0a7\libcodal-core.a(MessageBus.o)
                0x0800a148                int codal::EventModel::ignore<codal::MessageBus>(unsigned short, unsigned short, codal::MessageBus*, void (codal::MessageBus::*)(codal::Event))
 .text._ZThn8_N5codal10MessageBusD1Ev
                0x0800a18c        0x8 .pioenvs\bluepill_f103c8\lib0a7\libcodal-core.a(MessageBus.o)
                0x0800a18c                non-virtual thunk to codal::MessageBus::~MessageBus()
 .text._ZN5codal10MessageBusD0Ev
                0x0800a194       0x12 .pioenvs\bluepill_f103c8\lib0a7\libcodal-core.a(MessageBus.o)
                0x0800a194                codal::MessageBus::~MessageBus()
 .text._ZThn8_N5codal10MessageBusD0Ev
                0x0800a1a6        0x8 .pioenvs\bluepill_f103c8\lib0a7\libcodal-core.a(MessageBus.o)
                0x0800a1a6                non-virtual thunk to codal::MessageBus::~MessageBus()
 .text._ZN5codal5EventC2Ev
                0x0800a1ae       0x14 .pioenvs\bluepill_f103c8\lib0a7\libcodal-core.a(Event.o)
                0x0800a1ae                codal::Event::Event()
                0x0800a1ae                codal::Event::Event()
 .text._ZN5codal5EventC2EttNS_15EventLaunchModeE
                0x0800a1c2       0x1e .pioenvs\bluepill_f103c8\lib0a7\libcodal-core.a(Event.o)
                0x0800a1c2                codal::Event::Event(unsigned short, unsigned short, codal::EventLaunchMode)
                0x0800a1c2                codal::Event::Event(unsigned short, unsigned short, codal::EventLaunchMode)
 .text._ZN5codal5EventC2EttmNS_15EventLaunchModeE
                0x0800a1e0       0x1c .pioenvs\bluepill_f103c8\lib0a7\libcodal-core.a(Event.o)
                0x0800a1e0                codal::Event::Event(unsigned short, unsigned short, unsigned long, codal::EventLaunchMode)
                0x0800a1e0                codal::Event::Event(unsigned short, unsigned short, unsigned long, codal::EventLaunchMode)
 .text._ZN5codal14EventQueueItemC2ENS_5EventE
                0x0800a1fc       0x22 .pioenvs\bluepill_f103c8\lib0a7\libcodal-core.a(Event.o)
                0x0800a1fc                codal::EventQueueItem::EventQueueItem(codal::Event)
                0x0800a1fc                codal::EventQueueItem::EventQueueItem(codal::Event)
 .text._ZN5codal13ManagedStringD2Ev