Archive member included to satisfy reference by file (symbol)

.pioenvs/bluepill_f103c8/libfdb/libunity.a(unity.o)
                              .pioenvs/bluepill_f103c8/libccd/hal/unit_test.o (UnityAssertEqualNumber)
.pioenvs/bluepill_f103c8/libd9b/liblogger.a(logger.o)
                              .pioenvs/bluepill_f103c8/libccd/hal/codal_target_hal.o (debug_flush)
.pioenvs/bluepill_f103c8/libd88/libnano-float.a(functions.o)
                              .pioenvs/bluepill_f103c8/libccd/hal/unit_test.o (get_float_usage)
.pioenvs/bluepill_f103c8/lib98a/libnewlib.a(memset.o)
                              .pioenvs/bluepill_f103c8/libfdb/libunity.a(unity.o) (memset)
.pioenvs/bluepill_f103c8/lib98a/libnewlib.a(strlen.o)
                              .pioenvs/bluepill_f103c8/src/aggregate.o (strlen)
.pioenvs/bluepill_f103c8/lib98a/libnewlib.a(strncat.o)
                              .pioenvs/bluepill_f103c8/src/wisol.o (strncat)
.pioenvs/bluepill_f103c8/lib98a/libnewlib.a(strncmp.o)
                              .pioenvs/bluepill_f103c8/src/aggregate.o (strncmp)
.pioenvs/bluepill_f103c8/lib98a/libnewlib.a(strncpy.o)
                              .pioenvs/bluepill_f103c8/src/aggregate.o (strncpy)
.pioenvs/bluepill_f103c8/lib98a/libnewlib.a(strstr.o)
                              .pioenvs/bluepill_f103c8/src/wisol.o (strstr)
.pioenvs/bluepill_f103c8/lib271/libbluepill.a(bluepill.o)
                              .pioenvs/bluepill_f103c8/libccd/hal/codal_target_hal.o (platform_setup)
.pioenvs/bluepill_f103c8/lib271/libbluepill.a(led.o)
                              .pioenvs/bluepill_f103c8/lib271/libbluepill.a(bluepill.o) (led_setup)
.pioenvs/bluepill_f103c8/lib271/libbluepill.a(timer.o)
                              .pioenvs/bluepill_f103c8/libccd/hal/codal_target_hal.o (platform_start_timer)
.pioenvs/bluepill_f103c8/libb45/libbootloader.a(bootloader.o)
                              .pioenvs/bluepill_f103c8/libccd/hal/codal_target_hal.o (bootloader_start)
.pioenvs/bluepill_f103c8/libb45/libbootloader.a(target_stm32f103.o)
                              .pioenvs/bluepill_f103c8/libb45/libbootloader.a(bootloader.o) (target_set_led)
.pioenvs/bluepill_f103c8/libb45/libbootloader.a(usb_conf.o)
                              .pioenvs/bluepill_f103c8/libb45/libbootloader.a(bootloader.o) (usb_setup)
.pioenvs/bluepill_f103c8/libb45/libbootloader.a(webusb.o)
                              .pioenvs/bluepill_f103c8/libb45/libbootloader.a(usb_conf.o) (webusb_setup)
.pioenvs/bluepill_f103c8/libb45/libbootloader.a(winusb.o)
                              .pioenvs/bluepill_f103c8/libb45/libbootloader.a(usb_conf.o) (winusb_setup)
.pioenvs/bluepill_f103c8/libb45/libbootloader.a(cdc.o)
                              .pioenvs/bluepill_f103c8/libb45/libbootloader.a(usb_conf.o) (cdc_setup)
.pioenvs/bluepill_f103c8/libb45/libbootloader.a(hf2.o)
                              .pioenvs/bluepill_f103c8/libb45/libbootloader.a(usb_conf.o) (hf2_setup)
.pioenvs/bluepill_f103c8/libb45/libbootloader.a(backup.o)
                              .pioenvs/bluepill_f103c8/libb45/libbootloader.a(target_stm32f103.o) (backup_write)
.pioenvs/bluepill_f103c8/libb45/libbootloader.a(usb21_standard.o)
                              .pioenvs/bluepill_f103c8/libb45/libbootloader.a(usb_conf.o) (usb21_setup)
.pioenvs/bluepill_f103c8/libb45/libbootloader.a(ghostfat.o)
                              .pioenvs/bluepill_f103c8/libb45/libbootloader.a(hf2.o) (flash_write)
.pioenvs/bluepill_f103c8/lib739/libcm.a(CmPin.o)
                              .pioenvs/bluepill_f103c8/src/main.o (codal::_cm::Pin::setDigitalValue(int))
.pioenvs/bluepill_f103c8/libea7/libcocoOS_5.0.3.a(os_event.o)
                              .pioenvs/bluepill_f103c8/src/wisol.o (event_create)
.pioenvs/bluepill_f103c8/libea7/libcocoOS_5.0.3.a(os_kernel.o)
                              .pioenvs/bluepill_f103c8/src/uart.o (running_tid)
.pioenvs/bluepill_f103c8/libea7/libcocoOS_5.0.3.a(os_msgqueue.o)
                              .pioenvs/bluepill_f103c8/libea7/libcocoOS_5.0.3.a(os_kernel.o) (os_msgQ_init)
.pioenvs/bluepill_f103c8/libea7/libcocoOS_5.0.3.a(os_sem.o)
                              .pioenvs/bluepill_f103c8/libea7/libcocoOS_5.0.3.a(os_kernel.o) (os_sem_init)
.pioenvs/bluepill_f103c8/libea7/libcocoOS_5.0.3.a(os_task.o)
                              .pioenvs/bluepill_f103c8/libea7/libcocoOS_5.0.3.a(os_kernel.o) (os_task_init)
.pioenvs/bluepill_f103c8/libea7/libcocoOS_5.0.3.a(os_assert.o)
                              .pioenvs/bluepill_f103c8/libea7/libcocoOS_5.0.3.a(os_event.o) (os_on_assert)
.pioenvs/bluepill_f103c8/libea7/libcocoOS_5.0.3.a(os_cbk.o)
                              .pioenvs/bluepill_f103c8/libea7/libcocoOS_5.0.3.a(os_kernel.o) (os_cbkSleep)
.pioenvs/bluepill_f103c8/lib3e7/libcodal-core.a(CodalCompat.o)
                              .pioenvs/bluepill_f103c8/libccd/hal/codal_target_hal.o (codal::seed_random(unsigned long))
.pioenvs/bluepill_f103c8/lib3e7/libcodal-core.a(CodalDmesg.o)
[...]
Memory Configuration

Name             Origin             Length             Attributes
bootrom          0x0000000008000000 0x0000000000008000 xr
rom              0x0000000008008000 0x0000000000008000 xr
bootram          0x0000000020000000 0x0000000000002800 xrw
ram              0x0000000020002800 0x0000000000002800 xrw
*default*        0x0000000000000000 0xffffffffffffffff

Linker script and memory map


.boot_text      0x0000000008000000     0x52f8
 *(SORT_BY_ALIGNMENT(.vectors))
 .vectors       0x0000000008000000      0x150 .pioenvs/bluepill_f103c8/libFrameworkLibOpenCM3.a(vector.o)
                0x0000000008000000                vector_table
 :*reset_handler.o(SORT_BY_ALIGNMENT(.text*))
 .text.reset_handler
                0x0000000008000150       0xc8 .pioenvs/bluepill_f103c8/libccd/hal/reset_handler.o
                0x0000000008000150                reset_handler
 .text.pre_main
                0x0000000008000218       0x12 .pioenvs/bluepill_f103c8/libccd/hal/reset_handler.o
                0x0000000008000218                pre_main
 :*codal_target_hal.o(SORT_BY_ALIGNMENT(.text*))
 *fill*         0x000000000800022a        0x2 
 .text._ZL10timer_tickv
                0x000000000800022c       0x10 .pioenvs/bluepill_f103c8/libccd/hal/codal_target_hal.o
 .text._ZL11timer_alarmv
                0x000000000800023c       0x10 .pioenvs/bluepill_f103c8/libccd/hal/codal_target_hal.o
 .text._Z25stm32bluepill_dmesg_flushv
                0x000000000800024c       0x38 .pioenvs/bluepill_f103c8/libccd/hal/codal_target_hal.o
                0x000000000800024c                stm32bluepill_dmesg_flush()
 .text.target_set_tick_callback
                0x0000000008000284        0xc .pioenvs/bluepill_f103c8/libccd/hal/codal_target_hal.o
                0x0000000008000284                target_set_tick_callback
 .text.target_set_alarm_callback
                0x0000000008000290        0xc .pioenvs/bluepill_f103c8/libccd/hal/codal_target_hal.o
                0x0000000008000290                target_set_alarm_callback
 .text.target_init
                0x000000000800029c       0x3c .pioenvs/bluepill_f103c8/libccd/hal/codal_target_hal.o
                0x000000000800029c                target_init
 .text.target_wait
                0x00000000080002d8       0x24 .pioenvs/bluepill_f103c8/libccd/hal/codal_target_hal.o
                0x00000000080002d8                target_wait
 .text.target_wait_us
                0x00000000080002fc       0x2c .pioenvs/bluepill_f103c8/libccd/hal/codal_target_hal.o
                0x00000000080002fc                target_wait_us
 .text.target_panic
                0x0000000008000328       0x20 .pioenvs/bluepill_f103c8/libccd/hal/codal_target_hal.o
                0x0000000008000328                target_panic
 .text.fiber_initial_stack_base
                0x0000000008000348        0x8 .pioenvs/bluepill_f103c8/libccd/hal/codal_target_hal.o
                0x0000000008000348                fiber_initial_stack_base
 .text.test_codal
                0x0000000008000350       0x70 .pioenvs/bluepill_f103c8/libccd/hal/codal_target_hal.o
                0x0000000008000350                test_codal
 .text.target_enable_debug
                0x00000000080003c0        0x4 .pioenvs/bluepill_f103c8/libccd/hal/codal_target_hal.o
                0x00000000080003c0                target_enable_debug
 .text.target_enable_irq
                0x00000000080003c4        0x4 .pioenvs/bluepill_f103c8/libccd/hal/codal_target_hal.o
                0x00000000080003c4                target_enable_irq
 .text.target_disable_irq
                0x00000000080003c8        0x4 .pioenvs/bluepill_f103c8/libccd/hal/codal_target_hal.o
                0x00000000080003c8                target_disable_irq
 .text.target_wait_for_event
                0x00000000080003cc        0xa .pioenvs/bluepill_f103c8/libccd/hal/codal_target_hal.o
                0x00000000080003cc                target_wait_for_event
 .text.tcb_allocate
                0x00000000080003d6        0x6 .pioenvs/bluepill_f103c8/libccd/hal/codal_target_hal.o
                0x00000000080003d6                tcb_allocate
 .text.tcb_configure_lr
                0x00000000080003dc        0x4 .pioenvs/bluepill_f103c8/libccd/hal/codal_target_hal.o
                0x00000000080003dc                tcb_configure_lr
 .text.tcb_configure_sp
                0x00000000080003e0        0x4 .pioenvs/bluepill_f103c8/libccd/hal/codal_target_hal.o
                0x00000000080003e0                tcb_configure_sp
 .text.tcb_configure_stack_base
                0x00000000080003e4        0x4 .pioenvs/bluepill_f103c8/libccd/hal/codal_target_hal.o
                0x00000000080003e4                tcb_configure_stack_base
 .text.tcb_get_stack_base
                0x00000000080003e8        0x4 .pioenvs/bluepill_f103c8/libccd/hal/codal_target_hal.o
                0x00000000080003e8                tcb_get_stack_base
 .text.get_current_sp
                0x00000000080003ec        0x4 .pioenvs/bluepill_f103c8/libccd/hal/codal_target_hal.o
                0x00000000080003ec                get_current_sp
 .text.tcb_get_sp
                0x00000000080003f0        0x4 .pioenvs/bluepill_f103c8/libccd/hal/codal_target_hal.o
                0x00000000080003f0                tcb_get_sp
 .text.tcb_configure_args
                0x00000000080003f4        0x8 .pioenvs/bluepill_f103c8/libccd/hal/codal_target_hal.o
                0x00000000080003f4                tcb_configure_args
 .text._fini    0x00000000080003fc        0x2 .pioenvs/bluepill_f103c8/libccd/hal/codal_target_hal.o
                0x00000000080003fc                _fini
 .text.__aeabi_atexit
                0x00000000080003fe        0x4 .pioenvs/bluepill_f103c8/libccd/hal/codal_target_hal.o
                0x00000000080003fe                __aeabi_atexit
 *liblibopencm3.a:(SORT_BY_ALIGNMENT(.text*))
 *libFrameworkLibOpenCM3.a:(SORT_BY_ALIGNMENT(.text*))
 *fill*         0x0000000008000402        0x2 
 .text.desig_get_unique_id
                0x0000000008000404       0x20 .pioenvs/bluepill_f103c8/libFrameworkLibOpenCM3.a(desig.o)
                0x0000000008000404                desig_get_unique_id
 .text.desig_get_unique_id_as_string
                0x0000000008000424       0x48 .pioenvs/bluepill_f103c8/libFrameworkLibOpenCM3.a(desig.o)
                0x0000000008000424                desig_get_unique_id_as_string
 .text.flash_get_status_flags
                0x000000000800046c       0x28 .pioenvs/bluepill_f103c8/libFrameworkLibOpenCM3.a(flash.o)
                0x000000000800046c                flash_get_status_flags
 .text.flash_program_half_word
                0x0000000008000494       0x60 .pioenvs/bluepill_f103c8/libFrameworkLibOpenCM3.a(flash.o)
                0x0000000008000494                flash_program_half_word
 .text.flash_erase_page
                0x00000000080004f4       0x78 .pioenvs/bluepill_f103c8/libFrameworkLibOpenCM3.a(flash.o)
                0x00000000080004f4                flash_erase_page
 .text.rcc_osc_on.part.0
                0x000000000800056c       0x10 .pioenvs/bluepill_f103c8/libFrameworkLibOpenCM3.a(rcc.o)
 .text.rcc_wait_for_osc_ready
                0x000000000800057c       0x64 .pioenvs/bluepill_f103c8/libFrameworkLibOpenCM3.a(rcc.o)
                0x000000000800057c                rcc_wait_for_osc_ready
 .text.rcc_osc_on
                0x00000000080005e0       0x54 .pioenvs/bluepill_f103c8/libFrameworkLibOpenCM3.a(rcc.o)
                0x00000000080005e0                rcc_osc_on
 .text.rcc_set_sysclk_source
                0x0000000008000634       0x14 .pioenvs/bluepill_f103c8/libFrameworkLibOpenCM3.a(rcc.o)
                0x0000000008000634                rcc_set_sysclk_source
 .text.rcc_set_pll_multiplication_factor
                0x0000000008000648       0x14 .pioenvs/bluepill_f103c8/libFrameworkLibOpenCM3.a(rcc.o)
                0x0000000008000648                rcc_set_pll_multiplication_factor
 .text.rcc_set_pll_source
                0x000000000800065c       0x14 .pioenvs/bluepill_f103c8/libFrameworkLibOpenCM3.a(rcc.o)
                0x000000000800065c                rcc_set_pll_source
 .text.rcc_set_pllxtpre
                0x0000000008000670       0x14 .pioenvs/bluepill_f103c8/libFrameworkLibOpenCM3.a(rcc.o)
                0x0000000008000670                rcc_set_pllxtpre
 .text.rcc_enable_rtc_clock
                0x0000000008000684       0x10 .pioenvs/bluepill_f103c8/libFrameworkLibOpenCM3.a(rcc.o)
                0x0000000008000684                rcc_enable_rtc_clock
 .text.rcc_set_rtc_clock_source
                0x0000000008000694       0x90 .pioenvs/bluepill_f103c8/libFrameworkLibOpenCM3.a(rcc.o)
                0x0000000008000694                rcc_set_rtc_clock_source
 .text.rcc_set_adcpre
                0x0000000008000724       0x14 .pioenvs/bluepill_f103c8/libFrameworkLibOpenCM3.a(rcc.o)
                0x0000000008000724                rcc_set_adcpre
 .text.rcc_set_ppre2
                0x0000000008000738       0x14 .pioenvs/bluepill_f103c8/libFrameworkLibOpenCM3.a(rcc.o)
                0x0000000008000738                rcc_set_ppre2
 .text.rcc_set_ppre1
                0x000000000800074c       0x14 .pioenvs/bluepill_f103c8/libFrameworkLibOpenCM3.a(rcc.o)
                0x000000000800074c                rcc_set_ppre1
 .text.rcc_set_hpre
                0x0000000008000760       0x14 .pioenvs/bluepill_f103c8/libFrameworkLibOpenCM3.a(rcc.o)
                0x0000000008000760                rcc_set_hpre
 .text.rcc_clock_setup_in_hse_8mhz_out_72mhz
                0x0000000008000774       0x8c .pioenvs/bluepill_f103c8/libFrameworkLibOpenCM3.a(rcc.o)
                0x0000000008000774                rcc_clock_setup_in_hse_8mhz_out_72mhz
 .text.rtc_enter_config_mode
                0x0000000008000800       0x18 .pioenvs/bluepill_f103c8/libFrameworkLibOpenCM3.a(rtc.o)
                0x0000000008000800                rtc_enter_config_mode
 .text.rtc_exit_config_mode
                0x0000000008000818       0x18 .pioenvs/bluepill_f103c8/libFrameworkLibOpenCM3.a(rtc.o)
                0x0000000008000818                rtc_exit_config_mode
 .text.rtc_set_alarm_time
                0x0000000008000830       0x20 .pioenvs/bluepill_f103c8/libFrameworkLibOpenCM3.a(rtc.o)
                0x0000000008000830                rtc_set_alarm_time
 .text.rtc_set_prescale_val
                0x0000000008000850       0x20 .pioenvs/bluepill_f103c8/libFrameworkLibOpenCM3.a(rtc.o)
                0x0000000008000850                rtc_set_prescale_val
 .text.rtc_get_counter_val
                0x0000000008000870       0x14 .pioenvs/bluepill_f103c8/libFrameworkLibOpenCM3.a(rtc.o)
                0x0000000008000870                rtc_get_counter_val
 .text.rtc_set_counter_val
                0x0000000008000884       0x1c .pioenvs/bluepill_f103c8/libFrameworkLibOpenCM3.a(rtc.o)
                0x0000000008000884                rtc_set_counter_val
 .text.rtc_interrupt_enable
                0x00000000080008a0       0x3c .pioenvs/bluepill_f103c8/libFrameworkLibOpenCM3.a(rtc.o)
                0x00000000080008a0                rtc_interrupt_enable
 .text.rtc_interrupt_disable
                0x00000000080008dc       0x3c .pioenvs/bluepill_f103c8/libFrameworkLibOpenCM3.a(rtc.o)
                0x00000000080008dc                rtc_interrupt_disable
 .text.rtc_clear_flag
                0x0000000008000918       0x30 .pioenvs/bluepill_f103c8/libFrameworkLibOpenCM3.a(rtc.o)
                0x0000000008000918                rtc_clear_flag
 .text.rtc_check_flag
                0x0000000008000948       0x30 .pioenvs/bluepill_f103c8/libFrameworkLibOpenCM3.a(rtc.o)
                0x0000000008000948                rtc_check_flag
 .text.pwr_disable_backup_domain_write_protect
                0x0000000008000978       0x10 .pioenvs/bluepill_f103c8/libFrameworkLibOpenCM3.a(pwr_common_all.o)
                0x0000000008000978                pwr_disable_backup_domain_write_protect
 .text.pwr_enable_backup_domain_write_protect
                0x0000000008000988       0x10 .pioenvs/bluepill_f103c8/libFrameworkLibOpenCM3.a(pwr_common_all.o)
                0x0000000008000988                pwr_enable_backup_domain_write_protect
 .text.exti_set_trigger
                0x0000000008000998       0x3c .pioenvs/bluepill_f103c8/libFrameworkLibOpenCM3.a(exti_common_all.o)
                0x0000000008000998                exti_set_trigger
 .text.exti_enable_request
                0x00000000080009d4       0x14 .pioenvs/bluepill_f103c8/libFrameworkLibOpenCM3.a(exti_common_all.o)
                0x00000000080009d4                exti_enable_request
 .text.exti_reset_request
                0x00000000080009e8        0xc .pioenvs/bluepill_f103c8/libFrameworkLibOpenCM3.a(exti_common_all.o)
                0x00000000080009e8                exti_reset_request
 .text.flash_set_ws
                0x00000000080009f4       0x14 .pioenvs/bluepill_f103c8/libFrameworkLibOpenCM3.a(flash_common_f01.o)
                0x00000000080009f4                flash_set_ws
 .text.flash_unlock
                0x0000000008000a08       0x24 .pioenvs/bluepill_f103c8/libFrameworkLibOpenCM3.a(flash_common_f01.o)
                0x0000000008000a08                flash_unlock
 .text.flash_lock
                0x0000000008000a2c       0x10 .pioenvs/bluepill_f103c8/libFrameworkLibOpenCM3.a(flash_common_f01.o)
                0x0000000008000a2c                flash_lock
 .text.usbd_init
                0x0000000008000a3c       0x50 .pioenvs/bluepill_f103c8/libFrameworkLibOpenCM3.a(usb.o)
                0x0000000008000a3c                usbd_init
 .text._usbd_standard_request_device
                0x0000000008000a8c       0x48 .pioenvs/bluepill_f103c8/libFrameworkLibOpenCM3.a(usb_standard.o)
                0x0000000008000a8c                _usbd_standard_request_device
 .text._usbd_standard_request_interface
                0x0000000008000ad4       0x30 .pioenvs/bluepill_f103c8/libFrameworkLibOpenCM3.a(usb_standard.o)
                0x0000000008000ad4                _usbd_standard_request_interface
 .text._usbd_standard_request_endpoint
                0x0000000008000b04       0x3c .pioenvs/bluepill_f103c8/libFrameworkLibOpenCM3.a(usb_standard.o)
                0x0000000008000b04                _usbd_standard_request_endpoint
 .text.st_usbfs_v1_usbd_init
                0x0000000008000b40       0x30 .pioenvs/bluepill_f103c8/libFrameworkLibOpenCM3.a(st_usbfs_v1.o)
 .text.st_usbfs_set_address
                0x0000000008000b70       0x10 .pioenvs/bluepill_f103c8/libFrameworkLibOpenCM3.a(st_usbfs_core.o)
                0x0000000008000b70                st_usbfs_set_address
 .text.st_usbfs_set_ep_rx_bufsize
                0x0000000008000b80       0x48 .pioenvs/bluepill_f103c8/libFrameworkLibOpenCM3.a(st_usbfs_core.o)
                0x0000000008000b80                st_usbfs_set_ep_rx_bufsize
 .text.st_usbfs_ep_setup
                0x0000000008000bc8      0x150 .pioenvs/bluepill_f103c8/libFrameworkLibOpenCM3.a(st_usbfs_core.o)
                0x0000000008000bc8                st_usbfs_ep_setup
 .text.st_usbfs_endpoints_reset
                0x0000000008000d18       0x44 .pioenvs/bluepill_f103c8/libFrameworkLibOpenCM3.a(st_usbfs_core.o)
                0x0000000008000d18                st_usbfs_endpoints_reset
 .text.st_usbfs_ep_stall_set
                0x0000000008000d5c       0xe4 .pioenvs/bluepill_f103c8/libFrameworkLibOpenCM3.a(st_usbfs_core.o)
                0x0000000008000d5c                st_usbfs_ep_stall_set
 .text.st_usbfs_ep_nak_set
                0x0000000008000e40       0x58 .pioenvs/bluepill_f103c8/libFrameworkLibOpenCM3.a(st_usbfs_core.o)
                0x0000000008000e40                st_usbfs_ep_nak_set
 .text.st_usbfs_ep_write_packet
                0x0000000008000e98       0x8c .pioenvs/bluepill_f103c8/libFrameworkLibOpenCM3.a(st_usbfs_core.o)
                0x0000000008000e98                st_usbfs_ep_write_packet
 .text.st_usbfs_ep_read_packet
                0x0000000008000f24       0xb8 .pioenvs/bluepill_f103c8/libFrameworkLibOpenCM3.a(st_usbfs_core.o)
                0x0000000008000f24                st_usbfs_ep_read_packet
 .text.st_usbfs_poll
                0x0000000008000fdc       0xd0 .pioenvs/bluepill_f103c8/libFrameworkLibOpenCM3.a(st_usbfs_core.o)
                0x0000000008000fdc                st_usbfs_poll
 .text.gpio_set_mode
                0x00000000080010ac       0x62 .pioenvs/bluepill_f103c8/libFrameworkLibOpenCM3.a(gpio.o)
                0x00000000080010ac                gpio_set_mode
 .text.gpio_set
                0x000000000800110e        0x4 .pioenvs/bluepill_f103c8/libFrameworkLibOpenCM3.a(gpio_common_all.o)
                0x000000000800110e                gpio_set
 .text.gpio_clear
                0x0000000008001112        0x6 .pioenvs/bluepill_f103c8/libFrameworkLibOpenCM3.a(gpio_common_all.o)
                0x0000000008001112                gpio_clear
 .text.usart_recv
                0x0000000008001118        0x8 .pioenvs/bluepill_f103c8/libFrameworkLibOpenCM3.a(usart_common_f124.o)
                0x0000000008001118                usart_recv
 .text.rcc_periph_clock_enable
                0x0000000008001120       0x1a .pioenvs/bluepill_f103c8/libFrameworkLibOpenCM3.a(rcc_common_all.o)
                0x0000000008001120                rcc_periph_clock_enable
 .text.rcc_periph_reset_pulse
                0x000000000800113a       0x22 .pioenvs/bluepill_f103c8/libFrameworkLibOpenCM3.a(rcc_common_all.o)
                0x000000000800113a                rcc_periph_reset_pulse
 .text.flash_wait_for_last_operation
                0x000000000800115c        0xc .pioenvs/bluepill_f103c8/libFrameworkLibOpenCM3.a(flash_common_f01.o)
                0x000000000800115c                flash_wait_for_last_operation
 .text.usbd_poll
                0x0000000008001168        0x8 .pioenvs/bluepill_f103c8/libFrameworkLibOpenCM3.a(usb.o)
                0x0000000008001168                usbd_poll
 .text.usbd_ep_setup
                0x0000000008001170        0xe .pioenvs/bluepill_f103c8/libFrameworkLibOpenCM3.a(usb.o)
                0x0000000008001170                usbd_ep_setup
 .text._usbd_reset
                0x000000000800117e       0x32 .pioenvs/bluepill_f103c8/libFrameworkLibOpenCM3.a(usb.o)
                0x000000000800117e                _usbd_reset
 .text.usbd_ep_write_packet
                0x00000000080011b0        0xe .pioenvs/bluepill_f103c8/libFrameworkLibOpenCM3.a(usb.o)
                0x00000000080011b0                usbd_ep_write_packet
 .text.usbd_ep_read_packet
                0x00000000080011be        0xe .pioenvs/bluepill_f103c8/libFrameworkLibOpenCM3.a(usb.o)
                0x00000000080011be                usbd_ep_read_packet
 .text.usbd_ep_stall_set
                0x00000000080011cc        0x8 .pioenvs/bluepill_f103c8/libFrameworkLibOpenCM3.a(usb.o)
                0x00000000080011cc                usbd_ep_stall_set
 .text.usbd_ep_stall_get
                0x00000000080011d4        0x8 .pioenvs/bluepill_f103c8/libFrameworkLibOpenCM3.a(usb.o)
                0x00000000080011d4                usbd_ep_stall_get
 .text.stall_transaction
                0x00000000080011dc       0x14 .pioenvs/bluepill_f103c8/libFrameworkLibOpenCM3.a(usb_control.o)
 .text.usb_control_recv_chunk
                0x00000000080011f0       0x3c .pioenvs/bluepill_f103c8/libFrameworkLibOpenCM3.a(usb_control.o)
 .text.usb_control_send_chunk
                0x000000000800122c       0x44 .pioenvs/bluepill_f103c8/libFrameworkLibOpenCM3.a(usb_control.o)
 .text.usb_control_request_dispatch
                0x0000000008001270       0x62 .pioenvs/bluepill_f103c8/libFrameworkLibOpenCM3.a(usb_control.o)
 .text.usb_control_setup_read
                0x00000000080012d2       0x42 .pioenvs/bluepill_f103c8/libFrameworkLibOpenCM3.a(usb_control.o)
 .text.usbd_register_control_callback
                0x0000000008001314       0x26 .pioenvs/bluepill_f103c8/libFrameworkLibOpenCM3.a(usb_control.o)
                0x0000000008001314                usbd_register_control_callback
 .text._usbd_control_setup
                0x000000000800133a       0x5a .pioenvs/bluepill_f103c8/libFrameworkLibOpenCM3.a(usb_control.o)
                0x000000000800133a                _usbd_control_setup
 .text._usbd_control_out
                0x0000000008001394       0x82 .pioenvs/bluepill_f103c8/libFrameworkLibOpenCM3.a(usb_control.o)
                0x0000000008001394                _usbd_control_out
 .text._usbd_control_in
                0x0000000008001416       0x56 .pioenvs/bluepill_f103c8/libFrameworkLibOpenCM3.a(usb_control.o)
                0x0000000008001416                _usbd_control_in
 .text.usb_standard_set_configuration
                0x000000000800146c       0x92 .pioenvs/bluepill_f103c8/libFrameworkLibOpenCM3.a(usb_standard.o)
 .text.usb_standard_get_configuration
                0x00000000080014fe       0x20 .pioenvs/bluepill_f103c8/libFrameworkLibOpenCM3.a(usb_standard.o)
 .text.usb_standard_get_interface
                0x000000000800151e       0x34 .pioenvs/bluepill_f103c8/libFrameworkLibOpenCM3.a(usb_standard.o)
 .text.usb_standard_device_get_status
                0x0000000008001552       0x18 .pioenvs/bluepill_f103c8/libFrameworkLibOpenCM3.a(usb_standard.o)
 .text.usb_standard_endpoint_get_status
                0x000000000800156a       0x2a .pioenvs/bluepill_f103c8/libFrameworkLibOpenCM3.a(usb_standard.o)
 .text.usb_standard_endpoint_stall
                0x0000000008001594       0x10 .pioenvs/bluepill_f103c8/libFrameworkLibOpenCM3.a(usb_standard.o)
 .text.usb_standard_endpoint_unstall
                0x00000000080015a4       0x10 .pioenvs/bluepill_f103c8/libFrameworkLibOpenCM3.a(usb_standard.o)
 .text.usb_standard_set_address
                0x00000000080015b4       0x28 .pioenvs/bluepill_f103c8/libFrameworkLibOpenCM3.a(usb_standard.o)
 .text.usb_standard_set_interface
                0x00000000080015dc       0x4e .pioenvs/bluepill_f103c8/libFrameworkLibOpenCM3.a(usb_standard.o)
 .text.usb_standard_get_descriptor
                0x000000000800162a      0x256 .pioenvs/bluepill_f103c8/libFrameworkLibOpenCM3.a(usb_standard.o)
 .text.usb_standard_interface_get_status
                0x0000000008001880       0x18 .pioenvs/bluepill_f103c8/libFrameworkLibOpenCM3.a(usb_standard.o)
 .text.usbd_register_set_config_callback
                0x0000000008001898       0x26 .pioenvs/bluepill_f103c8/libFrameworkLibOpenCM3.a(usb_standard.o)
                0x0000000008001898                usbd_register_set_config_callback
 .text._usbd_standard_request
                0x00000000080018be       0x30 .pioenvs/bluepill_f103c8/libFrameworkLibOpenCM3.a(usb_standard.o)
                0x00000000080018be                _usbd_standard_request
 .text.st_usbfs_copy_to_pm
                0x00000000080018ee       0x1c .pioenvs/bluepill_f103c8/libFrameworkLibOpenCM3.a(st_usbfs_v1.o)
                0x00000000080018ee                st_usbfs_copy_to_pm
 .text.st_usbfs_copy_from_pm
                0x000000000800190a       0x2a .pioenvs/bluepill_f103c8/libFrameworkLibOpenCM3.a(st_usbfs_v1.o)
                0x000000000800190a                st_usbfs_copy_from_pm
 .text.blocking_handler
                0x0000000008001934        0x2 .pioenvs/bluepill_f103c8/libFrameworkLibOpenCM3.a(vector.o)
                0x0000000008001934                exti0_isr
                0x0000000008001934                tim7_isr
                0x0000000008001934                adc1_2_isr
                0x0000000008001934                tim1_trg_com_isr
                0x0000000008001934                usb_hp_can_tx_isr
                0x0000000008001934                tim6_isr
                0x0000000008001934                usb_wakeup_isr
                0x0000000008001934                blocking_handler
                0x0000000008001934                tim5_isr
                0x0000000008001934                otg_fs_isr
                0x0000000008001934                spi1_isr
                0x0000000008001934                exti2_isr
                0x0000000008001934                dma1_channel6_isr
                0x0000000008001934                can_rx1_isr
                0x0000000008001934                dma1_channel5_isr
                0x0000000008001934                dma2_channel5_isr
                0x0000000008001934                usart1_isr
                0x0000000008001934                usage_fault_handler
                0x0000000008001934                tim8_trg_com_isr
                0x0000000008001934                can2_rx0_isr
                0x0000000008001934                tim1_brk_isr
                0x0000000008001934                can2_rx1_isr
                0x0000000008001934                tim1_cc_isr
                0x0000000008001934                sdio_isr
                0x0000000008001934                eth_isr
                0x0000000008001934                dma1_channel4_isr
                0x0000000008001934                tim8_brk_isr
                0x0000000008001934                dma2_channel4_5_isr
                0x0000000008001934                pvd_isr
                0x0000000008001934                rcc_isr
                0x0000000008001934                flash_isr
                0x0000000008001934                uart4_isr
                0x0000000008001934                exti15_10_isr
                0x0000000008001934                hard_fault_handler
                0x0000000008001934                exti1_isr
                0x0000000008001934                i2c1_ev_isr
                0x0000000008001934                dma2_channel1_isr
                0x0000000008001934                spi2_isr
                0x0000000008001934                tim8_up_isr
                0x0000000008001934                dma2_channel2_isr
                0x0000000008001934                exti3_isr
                0x0000000008001934                adc3_isr
                0x0000000008001934                tim3_isr
                0x0000000008001934                usb_lp_can_rx0_isr
                0x0000000008001934                i2c2_er_isr
                0x0000000008001934                i2c2_ev_isr
                0x0000000008001934                uart5_isr
                0x0000000008001934                fsmc_isr
                0x0000000008001934                dma1_channel1_isr
                0x0000000008001934                exti4_isr
                0x0000000008001934                mem_manage_handler
                0x0000000008001934                can2_tx_isr
                0x0000000008001934                exti9_5_isr
                0x0000000008001934                dma2_channel3_isr
                0x0000000008001934                dma1_channel7_isr
                0x0000000008001934                tim1_up_isr
                0x0000000008001934                can2_sce_isr
                0x0000000008001934                tim4_isr
                0x0000000008001934                dma1_channel2_isr
                0x0000000008001934                i2c1_er_isr
                0x0000000008001934                can_sce_isr
                0x0000000008001934                tim8_cc_isr
                0x0000000008001934                tamper_isr
                0x0000000008001934                eth_wkup_isr
                0x0000000008001934                bus_fault_handler
                0x0000000008001934                wwdg_isr
                0x0000000008001934                dma1_channel3_isr
                0x0000000008001934                spi3_isr
                0x0000000008001934                tim2_isr
                0x0000000008001934                usart3_isr
 .text.null_handler
                0x0000000008001936        0x2 .pioenvs/bluepill_f103c8/libFrameworkLibOpenCM3.a(vector.o)
                0x0000000008001936                null_handler
                0x0000000008001936                sv_call_handler
                0x0000000008001936                pend_sv_handler
                0x0000000008001936                debug_monitor_handler
                0x0000000008001936                sys_tick_handler
                0x0000000008001936                nmi_handler
 .text.nvic_enable_irq
                0x0000000008001938       0x1a .pioenvs/bluepill_f103c8/libFrameworkLibOpenCM3.a(nvic.o)
                0x0000000008001938                nvic_enable_irq
 .text.st_usbfs_ep_stall_get
                0x0000000008001952       0x38 .pioenvs/bluepill_f103c8/libFrameworkLibOpenCM3.a(st_usbfs_core.o)
                0x0000000008001952                st_usbfs_ep_stall_get
 *libunity.a:(SORT_BY_ALIGNMENT(.text*))
 *fill*         0x000000000800198a        0x6 
 .text.UnityPrintFloat
                0x0000000008001990      0x344 .pioenvs/bluepill_f103c8/libfdb/libunity.a(unity.o)
                0x0000000008001990                UnityPrintFloat
 .text.UnityTestResultsBegin
                0x0000000008001cd4       0x30 .pioenvs/bluepill_f103c8/libfdb/libunity.a(unity.o)
 .text.UnityTestResultsFailBegin
                0x0000000008001d04       0x24 .pioenvs/bluepill_f103c8/libfdb/libunity.a(unity.o)
 .text.UnityAddMsgIfSpecified
                0x0000000008001d28       0x50 .pioenvs/bluepill_f103c8/libfdb/libunity.a(unity.o)
 .text.UnityConcludeTest
                0x0000000008001d78       0x44 .pioenvs/bluepill_f103c8/libfdb/libunity.a(unity.o)
                0x0000000008001d78                UnityConcludeTest
 .text.UnityAssertEqualNumber
                0x0000000008001dbc       0x58 .pioenvs/bluepill_f103c8/libfdb/libunity.a(unity.o)
                0x0000000008001dbc                UnityAssertEqualNumber
 .text.UnityAssertFloatsWithin
                0x0000000008001e14       0x58 .pioenvs/bluepill_f103c8/libfdb/libunity.a(unity.o)
                0x0000000008001e14                UnityAssertFloatsWithin
 .text.UnityAssertDoublesWithin
                0x0000000008001e6c       0x60 .pioenvs/bluepill_f103c8/libfdb/libunity.a(unity.o)
                0x0000000008001e6c                UnityAssertDoublesWithin
 .text.UnityDefaultTestRun
                0x0000000008001ecc       0x2c .pioenvs/bluepill_f103c8/libfdb/libunity.a(unity.o)
                0x0000000008001ecc                UnityDefaultTestRun
 .text.UnityBegin
                0x0000000008001ef8       0x20 .pioenvs/bluepill_f103c8/libfdb/libunity.a(unity.o)
                0x0000000008001ef8                UnityBegin
 .text.UnityEnd
                0x0000000008001f18       0x74 .pioenvs/bluepill_f103c8/libfdb/libunity.a(unity.o)
                0x0000000008001f18                UnityEnd
 .text.UnityFloatsWithin
                0x0000000008001f8c       0xe4 .pioenvs/bluepill_f103c8/libfdb/libunity.a(unity.o)
 .text.UnityDoublesWithin
                0x0000000008002070      0x11c .pioenvs/bluepill_f103c8/libfdb/libunity.a(unity.o)
 .text.setUp    0x000000000800218c        0x2 .pioenvs/bluepill_f103c8/libfdb/libunity.a(unity.o)
                0x000000000800218c                setUp
 .text.tearDown
                0x000000000800218e        0x2 .pioenvs/bluepill_f103c8/libfdb/libunity.a(unity.o)
                0x000000000800218e                tearDown
 .text.UnityPrintNumberUnsigned
                0x0000000008002190       0x34 .pioenvs/bluepill_f103c8/libfdb/libunity.a(unity.o)
                0x0000000008002190                UnityPrintNumberUnsigned
 .text.UnityPrintNumber
                0x00000000080021c4       0x18 .pioenvs/bluepill_f103c8/libfdb/libunity.a(unity.o)
                0x00000000080021c4                UnityPrintNumber
 .text.UnityPrintNumberHex
                0x00000000080021dc       0x2e .pioenvs/bluepill_f103c8/libfdb/libunity.a(unity.o)
                0x00000000080021dc                UnityPrintNumberHex
 .text.UnityPrint.part.0
                0x000000000800220a       0x4c .pioenvs/bluepill_f103c8/libfdb/libunity.a(unity.o)
 .text.UnityPrint
                0x0000000008002256        0x8 .pioenvs/bluepill_f103c8/libfdb/libunity.a(unity.o)
                0x0000000008002256                UnityPrint
 .text.UnityPrintNumberByStyle
                0x000000000800225e       0x3a .pioenvs/bluepill_f103c8/libfdb/libunity.a(unity.o)
                0x000000000800225e                UnityPrintNumberByStyle
 *libqfplib.a:(SORT_BY_ALIGNMENT(.text*))
 .text          0x0000000008002298      0x4c8 .pioenvs/bluepill_f103c8/libf85/libqfplib.a(qfplib.o)
                0x0000000008002360                qfp_fsub
                0x0000000008002366                qfp_fadd
                0x00000000080023a8                qfp_fcmp
                0x00000000080023c4                qfp_fmul
                0x00000000080023d4                qfp_fdiv
                0x0000000008002416                qfp_fdiv_fast
                0x0000000008002466                qfp_fsqrt_fast
                0x00000000080024dc                qfp_float2int
                0x00000000080024de                qfp_float2fix
                0x0000000008002506                qfp_float2uint
                0x0000000008002508                qfp_float2ufix
                0x0000000008002522                qfp_int2float
                0x0000000008002524                qfp_fix2float
                0x000000000800252e                qfp_uint2float
                0x0000000008002530                qfp_ufix2float
                0x00000000080025c6                qfp_fsin
                0x0000000008002608                qfp_fcos
                0x0000000008002612                qfp_ftan
                0x000000000800261a                qfp_fexp
                0x000000000800264a                qfp_fsqrt
                0x0000000008002684                qfp_fln
                0x00000000080026a8                qfp_fatan2
 *libnano-float.a:(SORT_BY_ALIGNMENT(.text*))
 .text.acos     0x0000000008002760       0xbc .pioenvs/bluepill_f103c8/libd88/libnano-float.a(functions.o)
                0x0000000008002760                acos
 .text.get_float_usage
                0x000000000800281c        0xc .pioenvs/bluepill_f103c8/libd88/libnano-float.a(functions.o)
                0x000000000800281c                get_float_usage
 .text.__wrap___aeabi_ddiv
                0x0000000008002828       0x30 .pioenvs/bluepill_f103c8/libd88/libnano-float.a(functions.o)
                0x0000000008002828                __wrap___aeabi_ddiv
 .text.__wrap___aeabi_dmul
                0x0000000008002858       0x30 .pioenvs/bluepill_f103c8/libd88/libnano-float.a(functions.o)
                0x0000000008002858                __wrap___aeabi_dmul
 .text.__wrap___aeabi_dcmpeq
                0x0000000008002888       0x34 .pioenvs/bluepill_f103c8/libd88/libnano-float.a(functions.o)
                0x0000000008002888                __wrap___aeabi_dcmpeq
 .text.__wrap___aeabi_dcmplt
                0x00000000080028bc       0x30 .pioenvs/bluepill_f103c8/libd88/libnano-float.a(functions.o)
                0x00000000080028bc                __wrap___aeabi_dcmplt
 .text.__wrap___aeabi_dcmple
                0x00000000080028ec       0x34 .pioenvs/bluepill_f103c8/libd88/libnano-float.a(functions.o)
                0x00000000080028ec                __wrap___aeabi_dcmple
 .text.__wrap___aeabi_dcmpge
                0x0000000008002920       0x30 .pioenvs/bluepill_f103c8/libd88/libnano-float.a(functions.o)
                0x0000000008002920                __wrap___aeabi_dcmpge
 .text.__wrap___aeabi_dcmpgt
                0x0000000008002950       0x34 .pioenvs/bluepill_f103c8/libd88/libnano-float.a(functions.o)
                0x0000000008002950                __wrap___aeabi_dcmpgt
 .text.__wrap___aeabi_dcmpun
                0x0000000008002984       0x34 .pioenvs/bluepill_f103c8/libd88/libnano-float.a(functions.o)
                0x0000000008002984                __wrap___aeabi_dcmpun
 .text.__wrap___aeabi_fdiv
                0x00000000080029b8       0x10 .pioenvs/bluepill_f103c8/libd88/libnano-float.a(functions.o)
                0x00000000080029b8                __wrap___aeabi_fdiv
 .text.__wrap___aeabi_d2iz
                0x00000000080029c8       0x2c .pioenvs/bluepill_f103c8/libd88/libnano-float.a(functions.o)
                0x00000000080029c8                __wrap___aeabi_d2iz
 .text.__wrap___aeabi_d2uiz
                0x00000000080029f4       0x38 .pioenvs/bluepill_f103c8/libd88/libnano-float.a(functions.o)
                0x00000000080029f4                __wrap___aeabi_d2uiz
 .text.sqrt     0x0000000008002a2c       0x1c .pioenvs/bluepill_f103c8/libd88/libnano-float.a(functions.o)
                0x0000000008002a2c                sqrt
 .text.log      0x0000000008002a48       0x1c .pioenvs/bluepill_f103c8/libd88/libnano-float.a(functions.o)
                0x0000000008002a48                log
 .text.exp      0x0000000008002a64       0x1c .pioenvs/bluepill_f103c8/libd88/libnano-float.a(functions.o)
                0x0000000008002a64                exp
 .text.log2     0x0000000008002a80       0x28 .pioenvs/bluepill_f103c8/libd88/libnano-float.a(functions.o)
                0x0000000008002a80                log2
 .text.log10    0x0000000008002aa8       0x28 .pioenvs/bluepill_f103c8/libd88/libnano-float.a(functions.o)
                0x0000000008002aa8                log10
 .text.pow      0x0000000008002ad0       0x88 .pioenvs/bluepill_f103c8/libd88/libnano-float.a(functions.o)
                0x0000000008002ad0                pow
 .text.ldexp    0x0000000008002b58       0x40 .pioenvs/bluepill_f103c8/libd88/libnano-float.a(functions.o)
                0x0000000008002b58                ldexp
 .text.sin      0x0000000008002b98       0x1c .pioenvs/bluepill_f103c8/libd88/libnano-float.a(functions.o)
                0x0000000008002b98                sin
 .text.cos      0x0000000008002bb4       0x34 .pioenvs/bluepill_f103c8/libd88/libnano-float.a(functions.o)
                0x0000000008002bb4                cos
 .text.tan      0x0000000008002be8       0x1c .pioenvs/bluepill_f103c8/libd88/libnano-float.a(functions.o)
                0x0000000008002be8                tan
 .text.atan2    0x0000000008002c04       0x50 .pioenvs/bluepill_f103c8/libd88/libnano-float.a(functions.o)
                0x0000000008002c04                atan2
 .text.atan     0x0000000008002c54       0xa8 .pioenvs/bluepill_f103c8/libd88/libnano-float.a(functions.o)
                0x0000000008002c54                atan
 .text.asin     0x0000000008002cfc       0x88 .pioenvs/bluepill_f103c8/libd88/libnano-float.a(functions.o)
                0x0000000008002cfc                asin
 .text.sinh     0x0000000008002d84       0x94 .pioenvs/bluepill_f103c8/libd88/libnano-float.a(functions.o)
                0x0000000008002d84                sinh
 .text.cosh     0x0000000008002e18       0x9c .pioenvs/bluepill_f103c8/libd88/libnano-float.a(functions.o)
                0x0000000008002e18                cosh
 .text.tanh     0x0000000008002eb4       0xac .pioenvs/bluepill_f103c8/libd88/libnano-float.a(functions.o)
                0x0000000008002eb4                tanh
 .text.asinh    0x0000000008002f60       0x94 .pioenvs/bluepill_f103c8/libd88/libnano-float.a(functions.o)
                0x0000000008002f60                asinh
 .text.acosh    0x0000000008002ff4       0xac .pioenvs/bluepill_f103c8/libd88/libnano-float.a(functions.o)
                0x0000000008002ff4                acosh
 .text.atanh    0x00000000080030a0       0xbc .pioenvs/bluepill_f103c8/libd88/libnano-float.a(functions.o)
                0x00000000080030a0                atanh
 .text.trunc    0x000000000800315c       0x80 .pioenvs/bluepill_f103c8/libd88/libnano-float.a(functions.o)
                0x000000000800315c                trunc
 .text.floor    0x00000000080031dc       0x7c .pioenvs/bluepill_f103c8/libd88/libnano-float.a(functions.o)
                0x00000000080031dc                floor
 .text.ceil     0x0000000008003258       0x80 .pioenvs/bluepill_f103c8/libd88/libnano-float.a(functions.o)
                0x0000000008003258                ceil
 .text.fmod     0x00000000080032d8      0x148 .pioenvs/bluepill_f103c8/libd88/libnano-float.a(functions.o)
                0x00000000080032d8                fmod
 *libnewlib.a:(SORT_BY_ALIGNMENT(.text*))
 .text.memset   0x0000000008003420       0x10 .pioenvs/bluepill_f103c8/lib98a/libnewlib.a(memset.o)
                0x0000000008003420                memset
 .text.strlen   0x0000000008003430       0x10 .pioenvs/bluepill_f103c8/lib98a/libnewlib.a(strlen.o)
                0x0000000008003430                strlen
 .text.strncat  0x0000000008003440       0x28 .pioenvs/bluepill_f103c8/lib98a/libnewlib.a(strncat.o)
                0x0000000008003440                strncat
 .text.strncpy  0x0000000008003468       0x2a .pioenvs/bluepill_f103c8/lib98a/libnewlib.a(strncpy.o)
                0x0000000008003468                strncpy
 .text.memcmp   0x0000000008003492       0x1e .pioenvs/bluepill_f103c8/lib98a/libnewlib.a(memcmp.o)
                0x0000000008003492                memcmp
 .text.memcpy   0x00000000080034b0       0x1c .pioenvs/bluepill_f103c8/lib98a/libnewlib.a(memcpy.o)
                0x00000000080034b0                memcpy
 *liblogger.a:(SORT_BY_ALIGNMENT(.text*))
 .text.enable_log
                0x00000000080034cc       0x18 .pioenvs/bluepill_f103c8/libd9b/liblogger.a(logger.o)
                0x00000000080034cc                enable_log
 .text.debug_flush
                0x00000000080034e4       0x38 .pioenvs/bluepill_f103c8/libd9b/liblogger.a(logger.o)
                0x00000000080034e4                debug_flush
 .text._ZL12debug_appendPKcj
                0x000000000800351c       0x50 .pioenvs/bluepill_f103c8/libd9b/liblogger.a(logger.o)
 .text._Z11debug_printj
                0x000000000800356c       0x7c .pioenvs/bluepill_f103c8/libd9b/liblogger.a(logger.o)
                0x000000000800356c                debug_print(unsigned int)
 .text._Z11debug_printi
                0x00000000080035e8       0x30 .pioenvs/bluepill_f103c8/libd9b/liblogger.a(logger.o)
                0x00000000080035e8                debug_print(int)
 .text.debug_println
                0x0000000008003618       0x1c .pioenvs/bluepill_f103c8/libd9b/liblogger.a(logger.o)
                0x0000000008003618                debug_println
 .text._Z13debug_printlni
                0x0000000008003634       0x18 .pioenvs/bluepill_f103c8/libd9b/liblogger.a(logger.o)
                0x0000000008003634                debug_println(int)
 .text.debug_write
                0x000000000800364c       0x16 .pioenvs/bluepill_f103c8/libd9b/liblogger.a(logger.o)
                0x000000000800364c                debug_write
 .text.debug_print
                0x0000000008003662       0x1a .pioenvs/bluepill_f103c8/libd9b/liblogger.a(logger.o)
                0x0000000008003662                debug_print
 .text.debug_print_unsigned
                0x000000000800367c        0x4 .pioenvs/bluepill_f103c8/libd9b/liblogger.a(logger.o)
                0x000000000800367c                debug_print_unsigned
 .text.debug_printhex
                0x0000000008003680       0x42 .pioenvs/bluepill_f103c8/libd9b/liblogger.a(logger.o)
                0x0000000008003680                debug_printhex
 .text.debug_printhex_unsigned
                0x00000000080036c2       0x24 .pioenvs/bluepill_f103c8/libd9b/liblogger.a(logger.o)
                0x00000000080036c2                debug_printhex_unsigned
 *libbluepill.a:(SORT_BY_ALIGNMENT(.text*))
 *fill*         0x00000000080036e6        0x2 
 .text.platform_setup
                0x00000000080036e8       0x4c .pioenvs/bluepill_f103c8/lib271/libbluepill.a(bluepill.o)
                0x00000000080036e8                platform_setup
 .text.enable_debug
                0x0000000008003734       0x10 .pioenvs/bluepill_f103c8/lib271/libbluepill.a(bluepill.o)
                0x0000000008003734                enable_debug
 .text.led_setup
                0x0000000008003744       0x20 .pioenvs/bluepill_f103c8/lib271/libbluepill.a(led.o)
                0x0000000008003744                led_setup
 .text.led_on   0x0000000008003764       0x10 .pioenvs/bluepill_f103c8/lib271/libbluepill.a(led.o)
                0x0000000008003764                led_on
 .text.led_off  0x0000000008003774       0x10 .pioenvs/bluepill_f103c8/lib271/libbluepill.a(led.o)
                0x0000000008003774                led_off
 .text.led_wait
                0x0000000008003784       0x10 .pioenvs/bluepill_f103c8/lib271/libbluepill.a(led.o)
                0x0000000008003784                led_wait
 .text.platform_start_timer
                0x0000000008003794      0x114 .pioenvs/bluepill_f103c8/lib271/libbluepill.a(timer.o)
                0x0000000008003794                platform_start_timer
 .text.rtc_isr  0x00000000080038a8       0x30 .pioenvs/bluepill_f103c8/lib271/libbluepill.a(timer.o)
                0x00000000080038a8                rtc_isr
 .text.rtc_alarm_isr
                0x00000000080038d8       0x30 .pioenvs/bluepill_f103c8/lib271/libbluepill.a(timer.o)
                0x00000000080038d8                rtc_alarm_isr
 .text.platform_alarm_count
                0x0000000008003908        0xc .pioenvs/bluepill_f103c8/lib271/libbluepill.a(timer.o)
                0x0000000008003908                platform_alarm_count
 .text.platform_tick_count
                0x0000000008003914        0xc .pioenvs/bluepill_f103c8/lib271/libbluepill.a(timer.o)
                0x0000000008003914                platform_tick_count
 .text.__cxa_pure_virtual
                0x0000000008003920        0x8 .pioenvs/bluepill_f103c8/lib271/libbluepill.a(bluepill.o)
                0x0000000008003920                __cxa_pure_virtual
 .text._Znwj    0x0000000008003928        0x4 .pioenvs/bluepill_f103c8/lib271/libbluepill.a(bluepill.o)
                0x0000000008003928                operator new(unsigned int)
 .text._ZdlPv   0x000000000800392c        0x4 .pioenvs/bluepill_f103c8/lib271/libbluepill.a(bluepill.o)
                0x000000000800392c                operator delete(void*)
 .text.platform_set_alarm
                0x0000000008003930        0x4 .pioenvs/bluepill_f103c8/lib271/libbluepill.a(timer.o)
                0x0000000008003930                platform_set_alarm
 .text.millis   0x0000000008003934        0x4 .pioenvs/bluepill_f103c8/lib271/libbluepill.a(timer.o)
                0x0000000008003934                millis
 *libbootloader.a:(SORT_BY_ALIGNMENT(.text*))
 .text.bootloader_start
                0x0000000008003938       0xcc .pioenvs/bluepill_f103c8/libb45/libbootloader.a(bootloader.o)
                0x0000000008003938                bootloader_start
 .text.target_set_led
                0x0000000008003a04       0x18 .pioenvs/bluepill_f103c8/libb45/libbootloader.a(target_stm32f103.o)
                0x0000000008003a04                target_set_led
 .text.target_gpio_setup
                0x0000000008003a1c       0x70 .pioenvs/bluepill_f103c8/libb45/libbootloader.a(target_stm32f103.o)
                0x0000000008003a1c                target_gpio_setup
 .text.target_usb_init
                0x0000000008003a8c       0x2c .pioenvs/bluepill_f103c8/libb45/libbootloader.a(target_stm32f103.o)
                0x0000000008003a8c                target_usb_init
 .text.target_get_force_bootloader
                0x0000000008003ab8       0x34 .pioenvs/bluepill_f103c8/libb45/libbootloader.a(target_stm32f103.o)
                0x0000000008003ab8                target_get_force_bootloader
 .text.target_flash_program_array
                0x0000000008003aec       0xdc .pioenvs/bluepill_f103c8/libb45/libbootloader.a(target_stm32f103.o)
                0x0000000008003aec                target_flash_program_array
 .text.set_aggregate_callback
                0x0000000008003bc8       0x5c .pioenvs/bluepill_f103c8/libb45/libbootloader.a(usb_conf.o)
 .text.usb_setup
                0x0000000008003c24       0x90 .pioenvs/bluepill_f103c8/libb45/libbootloader.a(usb_conf.o)
                0x0000000008003c24                usb_setup
 .text.aggregate_register_config_callback
                0x0000000008003cb4       0x38 .pioenvs/bluepill_f103c8/libb45/libbootloader.a(usb_conf.o)
                0x0000000008003cb4                aggregate_register_config_callback
 .text.aggregate_register_callback
                0x0000000008003cec       0x4c .pioenvs/bluepill_f103c8/libb45/libbootloader.a(usb_conf.o)
                0x0000000008003cec                aggregate_register_callback
 .text.usb_set_serial_number
                0x0000000008003d38       0x1c .pioenvs/bluepill_f103c8/libb45/libbootloader.a(usb_conf.o)
                0x0000000008003d38                usb_set_serial_number
 .text.dump_buffer
                0x0000000008003d54       0x4c .pioenvs/bluepill_f103c8/libb45/libbootloader.a(usb_conf.o)
                0x0000000008003d54                dump_buffer
 .text.dump_usb_request
                0x0000000008003da0      0x130 .pioenvs/bluepill_f103c8/libb45/libbootloader.a(usb_conf.o)
                0x0000000008003da0                dump_usb_request
 .text.aggregate_callback
                0x0000000008003ed0       0x64 .pioenvs/bluepill_f103c8/libb45/libbootloader.a(usb_conf.o)
 .text.webusb_set_config
                0x0000000008003f34       0x28 .pioenvs/bluepill_f103c8/libb45/libbootloader.a(webusb.o)
 .text.webusb_control_vendor_request
                0x0000000008003f5c       0x9c .pioenvs/bluepill_f103c8/libb45/libbootloader.a(webusb.o)
 .text.webusb_setup
                0x0000000008003ff8       0x4c .pioenvs/bluepill_f103c8/libb45/libbootloader.a(webusb.o)
                0x0000000008003ff8                webusb_setup
 .text.winusb_control_vendor_request
                0x0000000008004044       0x94 .pioenvs/bluepill_f103c8/libb45/libbootloader.a(winusb.o)
 .text.winusb_set_config
                0x00000000080040d8       0x28 .pioenvs/bluepill_f103c8/libb45/libbootloader.a(winusb.o)
 .text.winusb_descriptor_request
                0x0000000008004100       0x48 .pioenvs/bluepill_f103c8/libb45/libbootloader.a(winusb.o)
 .text.winusb_setup
                0x0000000008004148       0x5c .pioenvs/bluepill_f103c8/libb45/libbootloader.a(winusb.o)
                0x0000000008004148                winusb_setup
 .text.cdcacm_comm_cb
                0x00000000080041a4       0x14 .pioenvs/bluepill_f103c8/libb45/libbootloader.a(cdc.o)
 .text.cdcacm_data_rx_cb
                0x00000000080041b8       0x4c .pioenvs/bluepill_f103c8/libb45/libbootloader.a(cdc.o)
 .text.cdcacm_set_config
                0x0000000008004204       0x68 .pioenvs/bluepill_f103c8/libb45/libbootloader.a(cdc.o)
 .text.cdcacm_control_request
                0x000000000800426c       0x68 .pioenvs/bluepill_f103c8/libb45/libbootloader.a(cdc.o)
 .text.cdc_setup
                0x00000000080042d4       0x24 .pioenvs/bluepill_f103c8/libb45/libbootloader.a(cdc.o)
                0x00000000080042d4                cdc_setup
 .text.hf2_set_config
                0x00000000080042f8       0x3c .pioenvs/bluepill_f103c8/libb45/libbootloader.a(hf2.o)
 .text.assert.part.0
                0x0000000008004334       0x1c .pioenvs/bluepill_f103c8/libb45/libbootloader.a(hf2.o)
 .text.pokeSend
                0x0000000008004350       0x84 .pioenvs/bluepill_f103c8/libb45/libbootloader.a(hf2.o)
 .text.send_hf2_response
                0x00000000080043d4       0x38 .pioenvs/bluepill_f103c8/libb45/libbootloader.a(hf2.o)
 .text.hf2_data_rx_cb
                0x000000000800440c      0x19c .pioenvs/bluepill_f103c8/libb45/libbootloader.a(hf2.o)
 .text.hf2_setup
                0x00000000080045a8       0x2c .pioenvs/bluepill_f103c8/libb45/libbootloader.a(hf2.o)
                0x00000000080045a8                hf2_setup
 .text.backup_write
                0x00000000080045d4       0x38 .pioenvs/bluepill_f103c8/libb45/libbootloader.a(backup.o)
                0x00000000080045d4                backup_write
 .text.backup_read
                0x000000000800460c       0x18 .pioenvs/bluepill_f103c8/libb45/libbootloader.a(backup.o)
                0x000000000800460c                backup_read
 .text.usb21_set_config
                0x0000000008004624       0x28 .pioenvs/bluepill_f103c8/libb45/libbootloader.a(usb21_standard.o)
 .text.usb21_standard_get_descriptor
                0x000000000800464c       0xcc .pioenvs/bluepill_f103c8/libb45/libbootloader.a(usb21_standard.o)
 .text.usb21_setup
                0x0000000008004718       0x38 .pioenvs/bluepill_f103c8/libb45/libbootloader.a(usb21_standard.o)
                0x0000000008004718                usb21_setup
 .text.flushFlash
                0x0000000008004750       0x94 .pioenvs/bluepill_f103c8/libb45/libbootloader.a(ghostfat.o)
 .text.flash_write
                0x00000000080047e4       0x48 .pioenvs/bluepill_f103c8/libb45/libbootloader.a(ghostfat.o)
                0x00000000080047e4                flash_write
 .text.target_get_serial_number
                0x000000000800482c        0x6 .pioenvs/bluepill_f103c8/libb45/libbootloader.a(target_stm32f103.o)
                0x000000000800482c                target_get_serial_number
 .text.target_flash_unlock
                0x0000000008004832        0x4 .pioenvs/bluepill_f103c8/libb45/libbootloader.a(target_stm32f103.o)
                0x0000000008004832                target_flash_unlock
 .text.target_flash_lock
                0x0000000008004836        0x4 .pioenvs/bluepill_f103c8/libb45/libbootloader.a(target_stm32f103.o)
                0x0000000008004836                target_flash_lock
 .text.hf2_data_tx_cb
                0x000000000800483a        0x4 .pioenvs/bluepill_f103c8/libb45/libbootloader.a(hf2.o)
 *libhal.a:(SORT_BY_ALIGNMENT(.text*))
                0x0000000008004840                . = ALIGN (0x4)
 *fill*         0x000000000800483e        0x2 
 *reset_handler.o(SORT_BY_ALIGNMENT(.rodata*))
 *codal_target_hal.o(SORT_BY_ALIGNMENT(.rodata*))
 .rodata.target_panic.str1.1
                0x0000000008004840       0x13 .pioenvs/bluepill_f103c8/libccd/hal/codal_target_hal.o
 .rodata.target_wait.str1.1
                0x0000000008004853       0x10 .pioenvs/bluepill_f103c8/libccd/hal/codal_target_hal.o
 .rodata.target_wait_us.str1.1
                0x0000000008004863       0x13 .pioenvs/bluepill_f103c8/libccd/hal/codal_target_hal.o
 .rodata.test_codal.str1.1
                0x0000000008004876       0x34 .pioenvs/bluepill_f103c8/libccd/hal/codal_target_hal.o
 *unit_test.o(SORT_BY_ALIGNMENT(.rodata*))
 .rodata.test_nanofloat.str1.1
                0x00000000080048aa      0x228 .pioenvs/bluepill_f103c8/libccd/hal/unit_test.o
                                        0x229 (size before relaxing)
 *liblibopencm3.a:(SORT_BY_ALIGNMENT(.rodata*))
 *libFrameworkLibOpenCM3.a:(SORT_BY_ALIGNMENT(.rodata*))
 *fill*         0x0000000008004ad2        0x2 
 .rodata.st_usbfs_v1_usb_driver
                0x0000000008004ad4       0x34 .pioenvs/bluepill_f103c8/libFrameworkLibOpenCM3.a(st_usbfs_v1.o)
                0x0000000008004ad4                st_usbfs_v1_usb_driver
 .rodata.chars.4166
                0x0000000008004b08       0x11 .pioenvs/bluepill_f103c8/libFrameworkLibOpenCM3.a(desig.o)
 *libunity.a:(SORT_BY_ALIGNMENT(.rodata*))
 .rodata.UnityPrintFloat.str1.1
                0x0000000008004b19        0x8 .pioenvs/bluepill_f103c8/libfdb/libunity.a(unity.o)
                                          0xa (size before relaxing)
 .rodata.UnityStrBreaker
                0x0000000008004b21       0x18 .pioenvs/bluepill_f103c8/libfdb/libunity.a(unity.o)
 .rodata.UnityStrDetail1Name
                0x0000000008004b39        0xa .pioenvs/bluepill_f103c8/libfdb/libunity.a(unity.o)
 .rodata.UnityStrDetail2Name
                0x0000000008004b43        0xb .pioenvs/bluepill_f103c8/libfdb/libunity.a(unity.o)
 .rodata.UnityStrExpected
                0x0000000008004b4e        0xb .pioenvs/bluepill_f103c8/libfdb/libunity.a(unity.o)
 .rodata.UnityStrFail
                0x0000000008004b59        0x5 .pioenvs/bluepill_f103c8/libfdb/libunity.a(unity.o)
 .rodata.UnityStrOk
                0x0000000008004b5e        0x3 .pioenvs/bluepill_f103c8/libfdb/libunity.a(unity.o)
 .rodata.UnityStrPass
                0x0000000008004b61        0x5 .pioenvs/bluepill_f103c8/libfdb/libunity.a(unity.o)
 .rodata.UnityStrResultsFailures
                0x0000000008004b66        0xb .pioenvs/bluepill_f103c8/libfdb/libunity.a(unity.o)
 .rodata.UnityStrResultsIgnored
                0x0000000008004b71        0xa .pioenvs/bluepill_f103c8/libfdb/libunity.a(unity.o)
 .rodata.UnityStrResultsTests
                0x0000000008004b7b        0x8 .pioenvs/bluepill_f103c8/libfdb/libunity.a(unity.o)
 .rodata.UnityStrSpacer
                0x0000000008004b83        0x3 .pioenvs/bluepill_f103c8/libfdb/libunity.a(unity.o)
 .rodata.UnityStrWas
                0x0000000008004b86        0x6 .pioenvs/bluepill_f103c8/libfdb/libunity.a(unity.o)
 *libqfplib.a:(SORT_BY_ALIGNMENT(.rodata*))
 *libnano-float.a:(SORT_BY_ALIGNMENT(.rodata*))
 *libnewlib.a:(SORT_BY_ALIGNMENT(.rodata*))
 *liblogger.a:(SORT_BY_ALIGNMENT(.rodata*))
 .rodata._Z11debug_printi.str1.1
                0x0000000008004b8c        0x2 .pioenvs/bluepill_f103c8/libd9b/liblogger.a(logger.o)
                                          0x4 (size before relaxing)
 .rodata._Z11debug_printj.str1.1
                0x0000000008004b8e        0xb .pioenvs/bluepill_f103c8/libd9b/liblogger.a(logger.o)
 .rodata.debug_println.str1.1
                0x0000000008004b99        0x2 .pioenvs/bluepill_f103c8/libd9b/liblogger.a(logger.o)
 *libbluepill.a:(SORT_BY_ALIGNMENT(.rodata*))
 .rodata.platform_setup.str1.1
                0x0000000008004b9b       0x13 .pioenvs/bluepill_f103c8/lib271/libbluepill.a(bluepill.o)
 .rodata.platform_start_timer.str1.1
                0x0000000008004bae       0x2f .pioenvs/bluepill_f103c8/lib271/libbluepill.a(timer.o)
 *libbootloader.a:(SORT_BY_ALIGNMENT(.rodata*))
 *fill*         0x0000000008004bdd        0x3 
 .rodata.interfaces
                0x0000000008004be0       0x30 .pioenvs/bluepill_f103c8/libb45/libbootloader.a(usb_conf.o)
 .rodata.bootloader_start.str1.1
                0x0000000008004c10       0x74 .pioenvs/bluepill_f103c8/libb45/libbootloader.a(bootloader.o)
 .rodata.target_flash_program_array.str1.1
                0x0000000008004c84       0x6a .pioenvs/bluepill_f103c8/libb45/libbootloader.a(target_stm32f103.o)
                                         0x6b (size before relaxing)
 .rodata.aggregate_callback.str1.1
                0x0000000008004cee        0x4 .pioenvs/bluepill_f103c8/libb45/libbootloader.a(usb_conf.o)
 .rodata.aggregate_register_callback.str1.1
                0x0000000008004cf2       0x26 .pioenvs/bluepill_f103c8/libb45/libbootloader.a(usb_conf.o)
 .rodata.aggregate_register_config_callback.str1.1
                0x0000000008004d18       0x25 .pioenvs/bluepill_f103c8/libb45/libbootloader.a(usb_conf.o)
 .rodata.bos_descriptor
                0x0000000008004d3d        0x9 .pioenvs/bluepill_f103c8/libb45/libbootloader.a(usb_conf.o)
 .rodata.cdc_iface_assoc
                0x0000000008004d46        0x8 .pioenvs/bluepill_f103c8/libb45/libbootloader.a(usb_conf.o)
 .rodata.cdcacm_functional_descriptors
                0x0000000008004d4e       0x13 .pioenvs/bluepill_f103c8/libb45/libbootloader.a(usb_conf.o)
 .rodata.comm_endp
                0x0000000008004d61        0xf .pioenvs/bluepill_f103c8/libb45/libbootloader.a(usb_conf.o)
 .rodata.comm_iface
                0x0000000008004d70       0x15 .pioenvs/bluepill_f103c8/libb45/libbootloader.a(usb_conf.o)
 .rodata.config
                0x0000000008004d85        0xd .pioenvs/bluepill_f103c8/libb45/libbootloader.a(usb_conf.o)
 .rodata.data_endp
                0x0000000008004d92       0x1e .pioenvs/bluepill_f103c8/libb45/libbootloader.a(usb_conf.o)
 .rodata.data_iface
                0x0000000008004db0       0x15 .pioenvs/bluepill_f103c8/libb45/libbootloader.a(usb_conf.o)
 .rodata.dev    0x0000000008004dc5       0x12 .pioenvs/bluepill_f103c8/libb45/libbootloader.a(usb_conf.o)
 .rodata.dump_buffer.str1.1
                0x0000000008004dd7       0x25 .pioenvs/bluepill_f103c8/libb45/libbootloader.a(usb_conf.o)
                                          0x7 (size before relaxing)
 .rodata.dump_usb_request.str1.1
                0x0000000008004dd7       0x70 .pioenvs/bluepill_f103c8/libb45/libbootloader.a(usb_conf.o)
 .rodata.hf2_endp
                0x0000000008004e47       0x1e .pioenvs/bluepill_f103c8/libb45/libbootloader.a(usb_conf.o)
 .rodata.hf2_iface
                0x0000000008004e65       0x15 .pioenvs/bluepill_f103c8/libb45/libbootloader.a(usb_conf.o)
 .rodata.set_aggregate_callback.str1.1
                0x0000000008004e7a       0x40 .pioenvs/bluepill_f103c8/libb45/libbootloader.a(usb_conf.o)
 .rodata.str1.1
                0x0000000008004eba       0x7e .pioenvs/bluepill_f103c8/libb45/libbootloader.a(usb_conf.o)
 .rodata.usb_setup.str1.1
                0x0000000008004f38       0x2e .pioenvs/bluepill_f103c8/libb45/libbootloader.a(usb_conf.o)
 .rodata.webusb_control_vendor_request.str1.1
                0x0000000008004f66       0x3c .pioenvs/bluepill_f103c8/libb45/libbootloader.a(webusb.o)
                                         0x3d (size before relaxing)
 .rodata.webusb_platform_capability_descriptor
                0x0000000008004fa2       0x18 .pioenvs/bluepill_f103c8/libb45/libbootloader.a(webusb.o)
                0x0000000008004fa2                webusb_platform_capability_descriptor
 .rodata.webusb_set_config.str1.1
                0x0000000008004fba       0x1d .pioenvs/bluepill_f103c8/libb45/libbootloader.a(webusb.o)
 .rodata.webusb_setup.str1.1
                0x0000000008004fd7       0x18 .pioenvs/bluepill_f103c8/libb45/libbootloader.a(webusb.o)
 .rodata.guid   0x0000000008004fef       0x92 .pioenvs/bluepill_f103c8/libb45/libbootloader.a(winusb.o)
 .rodata.microsoft_platform_capability_descriptor
                0x0000000008005081       0x1c .pioenvs/bluepill_f103c8/libb45/libbootloader.a(winusb.o)
                0x0000000008005081                microsoft_platform_capability_descriptor
 .rodata.winusb_control_vendor_request.str1.1
                0x000000000800509d       0x14 .pioenvs/bluepill_f103c8/libb45/libbootloader.a(winusb.o)
 .rodata.winusb_descriptor_request.str1.1
                0x00000000080050b1        0x6 .pioenvs/bluepill_f103c8/libb45/libbootloader.a(winusb.o)
 .rodata.winusb_set_config.str1.1
                0x00000000080050b7       0x1d .pioenvs/bluepill_f103c8/libb45/libbootloader.a(winusb.o)
 .rodata.winusb_setup.str1.1
                0x00000000080050d4       0x18 .pioenvs/bluepill_f103c8/libb45/libbootloader.a(winusb.o)
 .rodata.winusb_string_descriptor
                0x00000000080050ec       0x12 .pioenvs/bluepill_f103c8/libb45/libbootloader.a(winusb.o)
 .rodata.cdc_setup.str1.1
                0x00000000080050fe       0x15 .pioenvs/bluepill_f103c8/libb45/libbootloader.a(cdc.o)
 .rodata.cdcacm_comm_cb.str1.1
                0x0000000008005113        0x5 .pioenvs/bluepill_f103c8/libb45/libbootloader.a(cdc.o)
 .rodata.cdcacm_control_request.str1.1
                0x0000000008005118       0x28 .pioenvs/bluepill_f103c8/libb45/libbootloader.a(cdc.o)
                                         0x30 (size before relaxing)
 .rodata.cdcacm_data_rx_cb.str1.1
                0x0000000008005140        0x4 .pioenvs/bluepill_f103c8/libb45/libbootloader.a(cdc.o)
 .rodata.cdcacm_set_config.str1.1
                0x0000000008005144       0x1d .pioenvs/bluepill_f103c8/libb45/libbootloader.a(cdc.o)
 .rodata.line_coding
                0x0000000008005161        0x7 .pioenvs/bluepill_f103c8/libb45/libbootloader.a(cdc.o)
 .rodata.assert.part.0.str1.1
                0x0000000008005168        0xc .pioenvs/bluepill_f103c8/libb45/libbootloader.a(hf2.o)
 .rodata.bad_packet_message
                0x0000000008005174        0xb .pioenvs/bluepill_f103c8/libb45/libbootloader.a(hf2.o)
 .rodata.hf2_data_rx_cb.str1.1
                0x000000000800517f       0x88 .pioenvs/bluepill_f103c8/libb45/libbootloader.a(hf2.o)
                                         0x89 (size before relaxing)
 .rodata.hf2_set_config.str1.1
                0x0000000008005207        0xb .pioenvs/bluepill_f103c8/libb45/libbootloader.a(hf2.o)
 .rodata.hf2_setup.str1.1
                0x0000000008005212       0x15 .pioenvs/bluepill_f103c8/libb45/libbootloader.a(hf2.o)
 .rodata.send_hf2_response.str1.1
                0x0000000008005227        0x7 .pioenvs/bluepill_f103c8/libb45/libbootloader.a(hf2.o)
 .rodata.usb21_set_config.str1.1
                0x000000000800522e       0x1c .pioenvs/bluepill_f103c8/libb45/libbootloader.a(usb21_standard.o)
 .rodata.usb21_setup.str1.1
                0x000000000800524a       0x17 .pioenvs/bluepill_f103c8/libb45/libbootloader.a(usb21_standard.o)
 .rodata.usb21_standard_get_descriptor.str1.1
                0x0000000008005261       0x21 .pioenvs/bluepill_f103c8/libb45/libbootloader.a(usb21_standard.o)
 .rodata.flushFlash.str1.1
                0x0000000008005282       0x1e .pioenvs/bluepill_f103c8/libb45/libbootloader.a(ghostfat.o)
                                         0x1f (size before relaxing)
 .rodata.infoUf2File
                0x00000000080052a0       0x55 .pioenvs/bluepill_f103c8/libb45/libbootloader.a(ghostfat.o)
                0x00000000080052a0                infoUf2File
 *libhal.a:(SORT_BY_ALIGNMENT(.rodata*))
                0x00000000080052f8                . = ALIGN (0x4)
 *fill*         0x00000000080052f5        0x3 

.text           0x0000000008008000     0x7294
 *(SORT_BY_ALIGNMENT(.vectors))
 :*unit_test.o(SORT_BY_ALIGNMENT(.text*))
 .text.test_fabs
                0x0000000008008000      0x160 .pioenvs/bluepill_f103c8/libccd/hal/unit_test.o
                0x0000000008008000                test_fabs
 .text.test_aeabi_ddiv
                0x0000000008008160      0x19c .pioenvs/bluepill_f103c8/libccd/hal/unit_test.o
                0x0000000008008160                test_aeabi_ddiv
 *fill*         0x00000000080082fc        0x4 
 .text.test_aeabi_dmul
                0x0000000008008300      0x19c .pioenvs/bluepill_f103c8/libccd/hal/unit_test.o
                0x0000000008008300                test_aeabi_dmul
 *fill*         0x000000000800849c        0x4 
 .text.test_aeabi_dcmpeq
                0x00000000080084a0      0x1a4 .pioenvs/bluepill_f103c8/libccd/hal/unit_test.o
                0x00000000080084a0                test_aeabi_dcmpeq
 *fill*         0x0000000008008644        0x4 
 .text.test_aeabi_dcmplt
                0x0000000008008648      0x1a4 .pioenvs/bluepill_f103c8/libccd/hal/unit_test.o
                0x0000000008008648                test_aeabi_dcmplt
 *fill*         0x00000000080087ec        0x4 
 .text.test_aeabi_dcmple
                0x00000000080087f0      0x1a4 .pioenvs/bluepill_f103c8/libccd/hal/unit_test.o
                0x00000000080087f0                test_aeabi_dcmple
 *fill*         0x0000000008008994        0x4 
 .text.test_aeabi_dcmpge
                0x0000000008008998      0x1a4 .pioenvs/bluepill_f103c8/libccd/hal/unit_test.o
                0x0000000008008998                test_aeabi_dcmpge
 *fill*         0x0000000008008b3c        0x4 
 .text.test_aeabi_dcmpgt
                0x0000000008008b40      0x1a4 .pioenvs/bluepill_f103c8/libccd/hal/unit_test.o
                0x0000000008008b40                test_aeabi_dcmpgt
 *fill*         0x0000000008008ce4        0x4 
 .text.test_aeabi_dcmpun
                0x0000000008008ce8      0x1a4 .pioenvs/bluepill_f103c8/libccd/hal/unit_test.o
                0x0000000008008ce8                test_aeabi_dcmpun
 *fill*         0x0000000008008e8c        0x4 
 .text.test_aeabi_d2iz
                0x0000000008008e90       0x94 .pioenvs/bluepill_f103c8/libccd/hal/unit_test.o
                0x0000000008008e90                test_aeabi_d2iz
 *fill*         0x0000000008008f24        0x4 
 .text.test_aeabi_d2uiz
                0x0000000008008f28       0x90 .pioenvs/bluepill_f103c8/libccd/hal/unit_test.o
                0x0000000008008f28                test_aeabi_d2uiz
 .text.test_sqrt
                0x0000000008008fb8       0xc8 .pioenvs/bluepill_f103c8/libccd/hal/unit_test.o
                0x0000000008008fb8                test_sqrt
 .text.test_log
                0x0000000008009080       0xd0 .pioenvs/bluepill_f103c8/libccd/hal/unit_test.o
                0x0000000008009080                test_log
 .text.test_exp
                0x0000000008009150      0x128 .pioenvs/bluepill_f103c8/libccd/hal/unit_test.o
                0x0000000008009150                test_exp
 .text.test_log2
                0x0000000008009278      0x10c .pioenvs/bluepill_f103c8/libccd/hal/unit_test.o
                0x0000000008009278                test_log2
 *fill*         0x0000000008009384        0x4 
 .text.test_log10
                0x0000000008009388       0xd0 .pioenvs/bluepill_f103c8/libccd/hal/unit_test.o
                0x0000000008009388                test_log10
 .text.test_pow
                0x0000000008009458      0x110 .pioenvs/bluepill_f103c8/libccd/hal/unit_test.o
                0x0000000008009458                test_pow
 .text.test_ldexp
                0x0000000008009568       0xc4 .pioenvs/bluepill_f103c8/libccd/hal/unit_test.o
                0x0000000008009568                test_ldexp
 *fill*         0x000000000800962c        0x4 
 .text.test_sin
                0x0000000008009630      0x150 .pioenvs/bluepill_f103c8/libccd/hal/unit_test.o
                0x0000000008009630                test_sin
 .text.test_cos
                0x0000000008009780      0x158 .pioenvs/bluepill_f103c8/libccd/hal/unit_test.o
                0x0000000008009780                test_cos
 .text.test_tan
                0x00000000080098d8      0x148 .pioenvs/bluepill_f103c8/libccd/hal/unit_test.o
                0x00000000080098d8                test_tan
 .text.test_atan2
                0x0000000008009a20      0x218 .pioenvs/bluepill_f103c8/libccd/hal/unit_test.o
                0x0000000008009a20                test_atan2
 .text.test_atan
                0x0000000008009c38       0xc4 .pioenvs/bluepill_f103c8/libccd/hal/unit_test.o
                0x0000000008009c38                test_atan
 *fill*         0x0000000008009cfc        0x4 
 .text.test_asin
                0x0000000008009d00       0xa8 .pioenvs/bluepill_f103c8/libccd/hal/unit_test.o
                0x0000000008009d00                test_asin
 .text.test_acos
                0x0000000008009da8      0x174 .pioenvs/bluepill_f103c8/libccd/hal/unit_test.o
                0x0000000008009da8                test_acos
 *fill*         0x0000000008009f1c        0x4 
 .text.test_sinh
                0x0000000008009f20      0x110 .pioenvs/bluepill_f103c8/libccd/hal/unit_test.o
                0x0000000008009f20                test_sinh
 .text.test_cosh
                0x000000000800a030      0x110 .pioenvs/bluepill_f103c8/libccd/hal/unit_test.o
                0x000000000800a030                test_cosh
 .text.test_tanh
                0x000000000800a140      0x110 .pioenvs/bluepill_f103c8/libccd/hal/unit_test.o
                0x000000000800a140                test_tanh
 .text.test_asinh
                0x000000000800a250      0x110 .pioenvs/bluepill_f103c8/libccd/hal/unit_test.o
                0x000000000800a250                test_asinh
 .text.test_acosh
                0x000000000800a360       0x90 .pioenvs/bluepill_f103c8/libccd/hal/unit_test.o
                0x000000000800a360                test_acosh
 .text.test_atanh
                0x000000000800a3f0       0xc8 .pioenvs/bluepill_f103c8/libccd/hal/unit_test.o
                0x000000000800a3f0                test_atanh
 .text.test_trunc
                0x000000000800a4b8      0x178 .pioenvs/bluepill_f103c8/libccd/hal/unit_test.o
                0x000000000800a4b8                test_trunc
 .text.test_floor
                0x000000000800a630      0x17c .pioenvs/bluepill_f103c8/libccd/hal/unit_test.o
                0x000000000800a630                test_floor
 *fill*         0x000000000800a7ac        0x4 
 .text.test_ceil
                0x000000000800a7b0      0x17c .pioenvs/bluepill_f103c8/libccd/hal/unit_test.o
                0x000000000800a7b0                test_ceil
 *fill*         0x000000000800a92c        0x4 
 .text.test_fmod
                0x000000000800a930      0x1d8 .pioenvs/bluepill_f103c8/libccd/hal/unit_test.o
                0x000000000800a930                test_fmod
 .text.test_aeabi_fdiv
                0x000000000800ab08      0x100 .pioenvs/bluepill_f103c8/libccd/hal/unit_test.o
                0x000000000800ab08                test_aeabi_fdiv
 .text.test_nanofloat
                0x000000000800ac08      0x438 .pioenvs/bluepill_f103c8/libccd/hal/unit_test.o
                0x000000000800ac08                test_nanofloat
 .text.unity_output_char
                0x000000000800b040        0x6 .pioenvs/bluepill_f103c8/libccd/hal/unit_test.o
                0x000000000800b040                unity_output_char
 .text.run_unit_test
                0x000000000800b046        0x4 .pioenvs/bluepill_f103c8/libccd/hal/unit_test.o
                0x000000000800b046                run_unit_test
 *(SORT_BY_ALIGNMENT(.text*))
 *fill*         0x000000000800b04a        0x2 
 .text          0x000000000800b04c      0x124 asm/CortexContextSwitch.s.o
                0x000000000800b04c                swap_context
                0x000000000800b0ce                save_context
                0x000000000800b112                save_register_context
                0x000000000800b142                restore_register_context
 .text._ZL10debug_dumpRN5codal13STM32BluePillEPKc
                0x000000000800b170       0x7c .pioenvs/bluepill_f103c8/src/main.o
 .text._Z10Blink_mainRN5codal13STM32BluePillE
                0x000000000800b1ec       0x74 .pioenvs/bluepill_f103c8/src/main.o
                0x000000000800b1ec                Blink_main(codal::STM32BluePill&)
 .text.startup._GLOBAL__sub_I_serialPort
                0x000000000800b260       0x10 .pioenvs/bluepill_f103c8/src/uart.o
 .text._ZN5codal3_cm3Pin14setAnalogValueEi
                0x000000000800b270       0x1c .pioenvs/bluepill_f103c8/lib739/libcm.a(CmPin.o)
                0x000000000800b270                codal::_cm::Pin::setAnalogValue(int)
 .text._ZN5codal3_cm3Pin13setServoValueEiii
                0x000000000800b28c       0x2c .pioenvs/bluepill_f103c8/lib739/libcm.a(CmPin.o)
                0x000000000800b28c                codal::_cm::Pin::setServoValue(int, int, int)
 .text._ZN5codal3_cm3Pin9isTouchedEv
                0x000000000800b2b8        0x8 .pioenvs/bluepill_f103c8/lib739/libcm.a(CmPin.o)
                0x000000000800b2b8                codal::_cm::Pin::isTouched()
 .text._ZN5codal3_cm3Pin17getAnalogPeriodUsEv
                0x000000000800b2c0        0x8 .pioenvs/bluepill_f103c8/lib739/libcm.a(CmPin.o)
                0x000000000800b2c0                codal::_cm::Pin::getAnalogPeriodUs()
 .text._ZN5codal3_cm3Pin15setDigitalValueEi
                0x000000000800b2c8       0x80 .pioenvs/bluepill_f103c8/lib739/libcm.a(CmPin.o)
                0x000000000800b2c8                codal::_cm::Pin::setDigitalValue(int)
 .text._ZN5codal3_cm3PinC2EhmmtNS_13PinCapabilityE
                0x000000000800b348       0x2c .pioenvs/bluepill_f103c8/lib739/libcm.a(CmPin.o)
                0x000000000800b348                codal::_cm::Pin::Pin(unsigned char, unsigned long, unsigned long, unsigned short, codal::PinCapability)
                0x000000000800b348                codal::_cm::Pin::Pin(unsigned char, unsigned long, unsigned long, unsigned short, codal::PinCapability)
 .text.os_event_init
                0x000000000800b374        0xc .pioenvs/bluepill_f103c8/libea7/libcocoOS_5.0.3.a(os_event.o)
                0x000000000800b374                os_event_init
 .text.os_init  0x000000000800b380       0x34 .pioenvs/bluepill_f103c8/libea7/libcocoOS_5.0.3.a(os_kernel.o)
                0x000000000800b380                os_init
 .text.os_msgQ_init
                0x000000000800b3b4       0x24 .pioenvs/bluepill_f103c8/libea7/libcocoOS_5.0.3.a(os_msgqueue.o)
                0x000000000800b3b4                os_msgQ_init
 .text.os_sem_init
                0x000000000800b3d8        0xc .pioenvs/bluepill_f103c8/libea7/libcocoOS_5.0.3.a(os_sem.o)
                0x000000000800b3d8                os_sem_init
 .text.os_task_init
                0x000000000800b3e4       0x40 .pioenvs/bluepill_f103c8/libea7/libcocoOS_5.0.3.a(os_task.o)
                0x000000000800b3e4                os_task_init
 .text.codal_dmesg_set_flush_fn
                0x000000000800b424        0xc .pioenvs/bluepill_f103c8/lib3e7/libcodal-core.a(CodalDmesg.o)
                0x000000000800b424                codal_dmesg_set_flush_fn
 .text.codal_dmesg_flush
                0x000000000800b430       0x10 .pioenvs/bluepill_f103c8/lib3e7/libcodal-core.a(CodalDmesg.o)
                0x000000000800b430                codal_dmesg_flush
 .text._ZN5codal10EventModel6listenEiiPFvNS_5EventEEt
                0x000000000800b440       0x60 .pioenvs/bluepill_f103c8/lib3e7/libcodal-core.a(CodalFiber.o)
                0x000000000800b440                codal::EventModel::listen(int, int, void (*)(codal::Event), unsigned short)
 .text._ZN5codal14scheduler_tickENS_5EventE
                0x000000000800b4a0       0x38 .pioenvs/bluepill_f103c8/lib3e7/libcodal-core.a(CodalFiber.o)
                0x000000000800b4a0                codal::scheduler_tick(codal::Event)
 .text._ZN5codal15scheduler_eventENS_5EventE
                0x000000000800b4d8       0xc0 .pioenvs/bluepill_f103c8/lib3e7/libcodal-core.a(CodalFiber.o)
                0x000000000800b4d8                codal::scheduler_event(codal::Event)
 .text._Z15getFiberContextv
                0x000000000800b598       0x50 .pioenvs/bluepill_f103c8/lib3e7/libcodal-core.a(CodalFiber.o)
                0x000000000800b598                getFiberContext()
 .text._ZL10handle_fobv
                0x000000000800b5e8       0x2c .pioenvs/bluepill_f103c8/lib3e7/libcodal-core.a(CodalFiber.o)
 .text._ZN5codal23fiber_scheduler_runningEv
                0x000000000800b614       0x10 .pioenvs/bluepill_f103c8/lib3e7/libcodal-core.a(CodalFiber.o)
                0x000000000800b614                codal::fiber_scheduler_running()
 .text._ZN5codal14scheduler_initERNS_10EventModelE
                0x000000000800b624       0xac .pioenvs/bluepill_f103c8/lib3e7/libcodal-core.a(CodalFiber.o)
                0x000000000800b624                codal::scheduler_init(codal::EventModel&)
 .text._ZN5codal19fiber_wake_on_eventEtt
                0x000000000800b6d0       0x5c .pioenvs/bluepill_f103c8/lib3e7/libcodal-core.a(CodalFiber.o)
                0x000000000800b6d0                codal::fiber_wake_on_event(unsigned short, unsigned short)
 .text._Z14__create_fibermmmi
                0x000000000800b72c       0x64 .pioenvs/bluepill_f103c8/lib3e7/libcodal-core.a(CodalFiber.o)
                0x000000000800b72c                __create_fiber(unsigned long, unsigned long, unsigned long, int)
 .text._ZN5codal17verify_stack_sizeEPNS_5FiberE
                0x000000000800b790       0x44 .pioenvs/bluepill_f103c8/lib3e7/libcodal-core.a(CodalFiber.o)
                0x000000000800b790                codal::verify_stack_size(codal::Fiber*)
 .text._ZN5codal24scheduler_runqueue_emptyEv
                0x000000000800b7d4       0x10 .pioenvs/bluepill_f103c8/lib3e7/libcodal-core.a(CodalFiber.o)
                0x000000000800b7d4                codal::scheduler_runqueue_empty()
 .text._ZN5codal4idleEv
                0x000000000800b7e4       0x3c .pioenvs/bluepill_f103c8/lib3e7/libcodal-core.a(CodalFiber.o)
                0x000000000800b7e4                codal::idle()
 .text._ZN5codal8scheduleEv
                0x000000000800b820      0x108 .pioenvs/bluepill_f103c8/lib3e7/libcodal-core.a(CodalFiber.o)
                0x000000000800b820                codal::schedule()
 .text._ZN5codal11fiber_sleepEm
                0x000000000800b928       0x3c .pioenvs/bluepill_f103c8/lib3e7/libcodal-core.a(CodalFiber.o)
                0x000000000800b928                codal::fiber_sleep(unsigned long)
 .text._ZN5codal13release_fiberEv
                0x000000000800b964       0x6c .pioenvs/bluepill_f103c8/lib3e7/libcodal-core.a(CodalFiber.o)
                0x000000000800b964                codal::release_fiber()
 .text._ZN5codal6invokeEPFvPvES0_
                0x000000000800b9d0       0x80 .pioenvs/bluepill_f103c8/lib3e7/libcodal-core.a(CodalFiber.o)
                0x000000000800b9d0                codal::invoke(void (*)(void*), void*)
 .text._Z18device_create_heapmm
                0x000000000800ba50       0x3c .pioenvs/bluepill_f103c8/lib3e7/libcodal-core.a(CodalHeapAllocator.o)
                0x000000000800ba50                device_create_heap(unsigned long, unsigned long)
 .text.device_malloc
                0x000000000800ba8c       0x48 .pioenvs/bluepill_f103c8/lib3e7/libcodal-core.a(CodalHeapAllocator.o)
                0x000000000800ba8c                malloc
                0x000000000800ba8c                device_malloc
 .text.device_free
                0x000000000800bad4       0x40 .pioenvs/bluepill_f103c8/lib3e7/libcodal-core.a(CodalHeapAllocator.o)
                0x000000000800bad4                device_free
                0x000000000800bad4                free
 .text._ZN5codal5TimerC2Ev
                0x000000000800bb14       0x34 .pioenvs/bluepill_f103c8/lib3e7/libcodal-core.a(Timer.o)
                0x000000000800bb14                codal::Timer::Timer()
                0x000000000800bb14                codal::Timer::Timer()
 .text._ZN5codal25system_timer_current_timeEv
                0x000000000800bb48       0x10 .pioenvs/bluepill_f103c8/lib3e7/libcodal-core.a(Timer.o)
                0x000000000800bb48                codal::system_timer_current_time()
 .text._ZN5codal27system_timer_event_every_usEmtt
                0x000000000800bb58       0x24 .pioenvs/bluepill_f103c8/lib3e7/libcodal-core.a(Timer.o)
                0x000000000800bb58                codal::system_timer_event_every_us(unsigned long, unsigned short, unsigned short)
 .text._ZN5codal5Event4fireEv
                0x000000000800bb7c       0x20 .pioenvs/bluepill_f103c8/lib3e7/libcodal-core.a(Event.o)
                0x000000000800bb7c                codal::Event::fire()
 .text._ZN5codal14CodalComponent4initEv
                0x000000000800bb9c        0x8 .pioenvs/bluepill_f103c8/lib2eb/libmodel.a(STM32BluePill.o)
                0x000000000800bb9c                codal::CodalComponent::init()
 .text._ZN5codal14CodalComponentD2Ev
                0x000000000800bba4       0x18 .pioenvs/bluepill_f103c8/lib2eb/libmodel.a(STM32BluePill.o)
                0x000000000800bba4                codal::CodalComponent::~CodalComponent()
                0x000000000800bba4                codal::CodalComponent::~CodalComponent()
 .text._ZN5codal13STM32BluePill4initEv
                0x000000000800bbbc       0x4c .pioenvs/bluepill_f103c8/lib2eb/libmodel.a(STM32BluePill.o)
                0x000000000800bbbc                codal::STM32BluePill::init()
 .text._ZN5codal13STM32BluePillC2Ev
                0x000000000800bc08       0x98 .pioenvs/bluepill_f103c8/lib2eb/libmodel.a(STM32BluePill.o)
                0x000000000800bc08                codal::STM32BluePill::STM32BluePill()
                0x000000000800bc08                codal::STM32BluePill::STM32BluePill()
 .text._ZN5codal13STM32BluePillD2Ev
                0x000000000800bca0       0x40 .pioenvs/bluepill_f103c8/lib2eb/libmodel.a(STM32BluePill.o)
                0x000000000800bca0                codal::STM32BluePill::~STM32BluePill()
                0x000000000800bca0                codal::STM32BluePill::~STM32BluePill()
 .text._ZN5codal15STM32BluePillIOC2Ev
                0x000000000800bce0      0xaf0 .pioenvs/bluepill_f103c8/lib2eb/libmodel.a(STM32BluePillIO.o)
                0x000000000800bce0                codal::STM32BluePillIO::STM32BluePillIO()
                0x000000000800bce0                codal::STM32BluePillIO::STM32BluePillIO()
 .text.usart2_isr
                0x000000000800c7d0       0x50 .pioenvs/bluepill_f103c8/lib33e/libuartint.a(uartint.o)
                0x000000000800c7d0                usart2_isr
 .text.startup._GLOBAL__sub_I__ZN13UARTInterfaceC2Ejj
                0x000000000800c820       0x10 .pioenvs/bluepill_f103c8/lib33e/libuartint.a(uartint.o)
 .text          0x000000000800c830      0x378 /Users/Luppy/.platformio/packages/toolchain-gccarmnoneeabi/bin/../lib/gcc/arm-none-eabi/7.2.1/thumb/v7-m/libgcc.a(_arm_addsubdf3.o)
                0x000000000800c830                __aeabi_drsub
                0x000000000800c838                __subdf3
                0x000000000800c838                __aeabi_dsub
                0x000000000800c83c                __aeabi_dadd
                0x000000000800c83c                __adddf3
                0x000000000800cab4                __aeabi_ui2d
                0x000000000800cab4                __floatunsidf
                0x000000000800cad4                __floatsidf
                0x000000000800cad4                __aeabi_i2d
                0x000000000800caf8                __extendsfdf2
                0x000000000800caf8                __aeabi_f2d
                0x000000000800cb3c                __aeabi_ul2d
                0x000000000800cb3c                __floatundidf
                0x000000000800cb4c                __aeabi_l2d
                0x000000000800cb4c                __floatdidf
 .text          0x000000000800cba8      0x424 /Users/Luppy/.platformio/packages/toolchain-gccarmnoneeabi/bin/../lib/gcc/arm-none-eabi/7.2.1/thumb/v7-m/libgcc.a(_arm_muldivdf3.o)
                0x000000000800cba8                __aeabi_dmul
                0x000000000800cba8                __muldf3
                0x000000000800cdfc                __aeabi_ddiv
                0x000000000800cdfc                __divdf3
 .text          0x000000000800cfcc      0x110 /Users/Luppy/.platformio/packages/toolchain-gccarmnoneeabi/bin/../lib/gcc/arm-none-eabi/7.2.1/thumb/v7-m/libgcc.a(_arm_cmpdf2.o)
                0x000000000800cfcc                __gedf2
                0x000000000800cfcc                __gtdf2
                0x000000000800cfd4                __ledf2
                0x000000000800cfd4                __ltdf2
                0x000000000800cfdc                __cmpdf2
                0x000000000800cfdc                __eqdf2
                0x000000000800cfdc                __nedf2
                0x000000000800d058                __aeabi_cdrcmple
                0x000000000800d068                __aeabi_cdcmple
                0x000000000800d068                __aeabi_cdcmpeq
                0x000000000800d078                __aeabi_dcmpeq
                0x000000000800d08c                __aeabi_dcmplt
                0x000000000800d0a0                __aeabi_dcmple
                0x000000000800d0b4                __aeabi_dcmpge
                0x000000000800d0c8                __aeabi_dcmpgt
 .text          0x000000000800d0dc       0x2c /Users/Luppy/.platformio/packages/toolchain-gccarmnoneeabi/bin/../lib/gcc/arm-none-eabi/7.2.1/thumb/v7-m/libgcc.a(_arm_unorddf2.o)
                0x000000000800d0dc                __aeabi_dcmpun
                0x000000000800d0dc                __unorddf2
 .text          0x000000000800d108       0x50 /Users/Luppy/.platformio/packages/toolchain-gccarmnoneeabi/bin/../lib/gcc/arm-none-eabi/7.2.1/thumb/v7-m/libgcc.a(_arm_fixdfsi.o)
                0x000000000800d108                __fixdfsi
                0x000000000800d108                __aeabi_d2iz
 .text          0x000000000800d158       0xa0 /Users/Luppy/.platformio/packages/toolchain-gccarmnoneeabi/bin/../lib/gcc/arm-none-eabi/7.2.1/thumb/v7-m/libgcc.a(_arm_truncdfsf2.o)
                0x000000000800d158                __aeabi_d2f
                0x000000000800d158                __truncdfsf2
 .text          0x000000000800d1f8      0x21c /Users/Luppy/.platformio/packages/toolchain-gccarmnoneeabi/bin/../lib/gcc/arm-none-eabi/7.2.1/thumb/v7-m/libgcc.a(_arm_addsubsf3.o)
                0x000000000800d1f8                __aeabi_frsub
                0x000000000800d200                __aeabi_fsub
                0x000000000800d200                __subsf3
                0x000000000800d204                __aeabi_fadd
                0x000000000800d204                __addsf3
                0x000000000800d364                __aeabi_ui2f
                0x000000000800d364                __floatunsisf
                0x000000000800d36c                __floatsisf
                0x000000000800d36c                __aeabi_i2f
                0x000000000800d388                __aeabi_ul2f
                0x000000000800d388                __floatundisf
                0x000000000800d398                __aeabi_l2f
                0x000000000800d398                __floatdisf
 .text          0x000000000800d414      0x2a0 /Users/Luppy/.platformio/packages/toolchain-gccarmnoneeabi/bin/../lib/gcc/arm-none-eabi/7.2.1/thumb/v7-m/libgcc.a(_arm_muldivsf3.o)
                0x000000000800d414                __mulsf3
                0x000000000800d414                __aeabi_fmul
                0x000000000800d57c                __divsf3
                0x000000000800d57c                __aeabi_fdiv
 .text          0x000000000800d6b4       0xec /Users/Luppy/.platformio/packages/toolchain-gccarmnoneeabi/bin/../lib/gcc/arm-none-eabi/7.2.1/thumb/v7-m/libgcc.a(_arm_cmpsf2.o)
                0x000000000800d6b4                __gesf2
                0x000000000800d6b4                __gtsf2
                0x000000000800d6bc                __ltsf2
                0x000000000800d6bc                __lesf2
                0x000000000800d6c4                __nesf2
                0x000000000800d6c4                __eqsf2
                0x000000000800d6c4                __cmpsf2
                0x000000000800d724                __aeabi_cfrcmple
                0x000000000800d72c                __aeabi_cfcmpeq
                0x000000000800d72c                __aeabi_cfcmple
                0x000000000800d73c                __aeabi_fcmpeq
                0x000000000800d750                __aeabi_fcmplt
                0x000000000800d764                __aeabi_fcmple
                0x000000000800d778                __aeabi_fcmpge
                0x000000000800d78c                __aeabi_fcmpgt
 .text._ZN5codal3_cm3I2CC2ERNS_3PinES3_
                0x000000000800d7a0       0x1c .pioenvs/bluepill_f103c8/lib739/libcm.a(CmI2C.o)
                0x000000000800d7a0                codal::_cm::I2C::I2C(codal::Pin&, codal::Pin&)
                0x000000000800d7a0                codal::_cm::I2C::I2C(codal::Pin&, codal::Pin&)
 .text._ZN5codal3_cm3SPI4initEv
                0x000000000800d7bc       0x5c .pioenvs/bluepill_f103c8/lib739/libcm.a(CmSPI.o)
                0x000000000800d7bc                codal::_cm::SPI::init()
 .text._ZN5codal3_cm3SPIC2ERNS0_3PinES3_S3_S3_
                0x000000000800d818       0x9c .pioenvs/bluepill_f103c8/lib739/libcm.a(CmSPI.o)
                0x000000000800d818                codal::_cm::SPI::SPI(codal::_cm::Pin&, codal::_cm::Pin&, codal::_cm::Pin&, codal::_cm::Pin&)
                0x000000000800d818                codal::_cm::SPI::SPI(codal::_cm::Pin&, codal::_cm::Pin&, codal::_cm::Pin&, codal::_cm::Pin&)
 .text._ZN5codal3_cm6SerialD2Ev
                0x000000000800d8b4       0x14 .pioenvs/bluepill_f103c8/lib739/libcm.a(CmSerial.o)
                0x000000000800d8b4                codal::_cm::Serial::~Serial()
                0x000000000800d8b4                codal::_cm::Serial::~Serial()
 .text._ZN5codal3_cm6SerialC2ERNS0_3PinES3_hh
                0x000000000800d8c8       0x4c .pioenvs/bluepill_f103c8/lib739/libcm.a(CmSerial.o)
                0x000000000800d8c8                codal::_cm::Serial::Serial(codal::_cm::Pin&, codal::_cm::Pin&, unsigned char, unsigned char)
                0x000000000800d8c8                codal::_cm::Serial::Serial(codal::_cm::Pin&, codal::_cm::Pin&, unsigned char, unsigned char)
 .text._ZN5codal3_cm13tick_callbackEv
                0x000000000800d914       0x10 .pioenvs/bluepill_f103c8/lib739/libcm.a(CmTimer.o)
                0x000000000800d914                codal::_cm::tick_callback()
 .text._ZN5codal3_cm5Timer4initEv
                0x000000000800d924       0x2c .pioenvs/bluepill_f103c8/lib739/libcm.a(CmTimer.o)
                0x000000000800d924                codal::_cm::Timer::init()
 .text._ZN5codal3_cm5TimerC2Ev
                0x000000000800d950       0x28 .pioenvs/bluepill_f103c8/lib739/libcm.a(CmTimer.o)
                0x000000000800d950                codal::_cm::Timer::Timer()
                0x000000000800d950                codal::_cm::Timer::Timer()
 .text.pinmap_peripheral
                0x000000000800d978       0x30 .pioenvs/bluepill_f103c8/lib739/libcm.a(CmPinMap.o)
                0x000000000800d978                pinmap_peripheral
 .text.pinmap_mode
                0x000000000800d9a8       0x2c .pioenvs/bluepill_f103c8/lib739/libcm.a(CmPinMap.o)
                0x000000000800d9a8                pinmap_mode
 .text.pinmap_cnf
                0x000000000800d9d4       0x2c .pioenvs/bluepill_f103c8/lib739/libcm.a(CmPinMap.o)
                0x000000000800d9d4                pinmap_cnf
 .text._Z18component_callbackN5codal5EventE
                0x000000000800da00       0x58 .pioenvs/bluepill_f103c8/lib3e7/libcodal-core.a(CodalComponent.o)
                0x000000000800da00                component_callback(codal::Event)
 .text._ZN5codal14CodalComponent12addComponentEv
                0x000000000800da58       0x70 .pioenvs/bluepill_f103c8/lib3e7/libcodal-core.a(CodalComponent.o)
                0x000000000800da58                codal::CodalComponent::addComponent()
 .text._ZN5codal14CodalComponent15removeComponentEv
                0x000000000800dac8       0x20 .pioenvs/bluepill_f103c8/lib3e7/libcodal-core.a(CodalComponent.o)
                0x000000000800dac8                codal::CodalComponent::removeComponent()
 .text._ZN5codal3I2CC2ERNS_3PinES2_
                0x000000000800dae8        0xc .pioenvs/bluepill_f103c8/lib3e7/libcodal-core.a(I2C.o)
                0x000000000800dae8                codal::I2C::I2C(codal::Pin&, codal::Pin&)
                0x000000000800dae8                codal::I2C::I2C(codal::Pin&, codal::Pin&)
 .text._ZN5codal6SerialC2ERNS_3PinES2_hht
                0x000000000800daf4       0x5c .pioenvs/bluepill_f103c8/lib3e7/libcodal-core.a(Serial.o)
                0x000000000800daf4                codal::Serial::Serial(codal::Pin&, codal::Pin&, unsigned char, unsigned char, unsigned short)