Archive member included to satisfy reference by file (symbol)

.pioenvs\bluepill_f103c8\libd0a\libcocoOS_5.0.3.a(os_event.o)
                              .pioenvs\bluepill_f103c8\src\wisol.o (event_create)
.pioenvs\bluepill_f103c8\libd0a\libcocoOS_5.0.3.a(os_kernel.o)
                              .pioenvs\bluepill_f103c8\src\uart.o (running_tid)
.pioenvs\bluepill_f103c8\libd0a\libcocoOS_5.0.3.a(os_msgqueue.o)
                              .pioenvs\bluepill_f103c8\libd0a\libcocoOS_5.0.3.a(os_kernel.o) (os_msgQ_init)
.pioenvs\bluepill_f103c8\libd0a\libcocoOS_5.0.3.a(os_sem.o)
                              .pioenvs\bluepill_f103c8\libd0a\libcocoOS_5.0.3.a(os_kernel.o) (os_sem_init)
.pioenvs\bluepill_f103c8\libd0a\libcocoOS_5.0.3.a(os_task.o)
                              .pioenvs\bluepill_f103c8\libd0a\libcocoOS_5.0.3.a(os_kernel.o) (os_task_init)
.pioenvs\bluepill_f103c8\libd0a\libcocoOS_5.0.3.a(os_assert.o)
                              .pioenvs\bluepill_f103c8\libd0a\libcocoOS_5.0.3.a(os_event.o) (os_on_assert)
.pioenvs\bluepill_f103c8\libd0a\libcocoOS_5.0.3.a(os_cbk.o)
                              .pioenvs\bluepill_f103c8\libd0a\libcocoOS_5.0.3.a(os_kernel.o) (os_cbkSleep)
.pioenvs\bluepill_f103c8\lib931\liblogger.a(logger.o)
                              .pioenvs\bluepill_f103c8\src\main.o (debug_flush)
.pioenvs\bluepill_f103c8\liba13\libnewlib.a(strlen.o)
                              .pioenvs\bluepill_f103c8\src\aggregate.o (strlen)
.pioenvs\bluepill_f103c8\liba13\libnewlib.a(strncat.o)
                              .pioenvs\bluepill_f103c8\src\wisol.o (strncat)
.pioenvs\bluepill_f103c8\liba13\libnewlib.a(strncmp.o)
                              .pioenvs\bluepill_f103c8\src\aggregate.o (strncmp)
.pioenvs\bluepill_f103c8\liba13\libnewlib.a(strncpy.o)
                              .pioenvs\bluepill_f103c8\src\aggregate.o (strncpy)
.pioenvs\bluepill_f103c8\liba13\libnewlib.a(strstr.o)
                              .pioenvs\bluepill_f103c8\src\wisol.o (strstr)
.pioenvs\bluepill_f103c8\lib635\libcodal-core.a(CodalComponent.o)
                              .pioenvs\bluepill_f103c8\src\main.o (codal::CodalComponent::removeComponent())
.pioenvs\bluepill_f103c8\lib635\libcodal-core.a(CodalFiber.o)
                              .pioenvs\bluepill_f103c8\src\main.o (codal::fiber_sleep(unsigned long))
.pioenvs\bluepill_f103c8\lib635\libcodal-core.a(CodalHeapAllocator.o)
                              .pioenvs\bluepill_f103c8\lib635\libcodal-core.a(CodalFiber.o) (malloc)
.pioenvs\bluepill_f103c8\lib635\libcodal-core.a(CodalListener.o)
                              .pioenvs\bluepill_f103c8\lib635\libcodal-core.a(CodalComponent.o) (codal::Listener::Listener(unsigned short, unsigned short, void (*)(codal::Event), unsigned short))
.pioenvs\bluepill_f103c8\lib635\libcodal-core.a(Serial.o)
                              .pioenvs\bluepill_f103c8\src\main.o (codal::Serial::~Serial())
.pioenvs\bluepill_f103c8\lib635\libcodal-core.a(Timer.o)
                              .pioenvs\bluepill_f103c8\src\main.o (codal::Timer::~Timer())
.pioenvs\bluepill_f103c8\lib635\libcodal-core.a(MessageBus.o)
                              .pioenvs\bluepill_f103c8\src\main.o (codal::MessageBus::~MessageBus())
.pioenvs\bluepill_f103c8\lib635\libcodal-core.a(Event.o)
                              .pioenvs\bluepill_f103c8\lib635\libcodal-core.a(CodalListener.o) (codal::Event::Event())
.pioenvs\bluepill_f103c8\lib635\libcodal-core.a(ManagedString.o)
                              .pioenvs\bluepill_f103c8\lib635\libcodal-core.a(Serial.o) (codal::ManagedString::~ManagedString())
.pioenvs\bluepill_f103c8\lib635\libcodal-core.a(RefCounted.o)
                              .pioenvs\bluepill_f103c8\lib635\libcodal-core.a(ManagedString.o) (codal::RefCounted::incr())
.pioenvs\bluepill_f103c8\lib635\libcodal-core.a(RefCountedInit.o)
                              .pioenvs\bluepill_f103c8\lib635\libcodal-core.a(RefCounted.o) (codal::RefCounted::destroy())
.pioenvs\bluepill_f103c8\lib635\libcodal-core.a(CodalCompat.o)
                              .pioenvs\bluepill_f103c8\lib635\libcodal-core.a(Serial.o) (codal::itoa(int, char*))
.pioenvs\bluepill_f103c8\lib635\libcodal-core.a(MemberFunctionCallback.o)
                              .pioenvs\bluepill_f103c8\lib635\libcodal-core.a(MessageBus.o) (codal::MemberFunctionCallback::fire(codal::Event))
.pioenvs\bluepill_f103c8\lib24c\libcm.a(CmPin.o)
                              .pioenvs\bluepill_f103c8\src\main.o (codal::_cm::Pin::setDigitalValue(int))
.pioenvs\bluepill_f103c8\lib24c\libcm.a(CmSerial.o)
                              .pioenvs\bluepill_f103c8\src\main.o (vtable for codal::_cm::Serial)
.pioenvs\bluepill_f103c8\lib24c\libcm.a(CmTimer.o)
                              .pioenvs\bluepill_f103c8\src\main.o (vtable for codal::_cm::Timer)
.pioenvs\bluepill_f103c8\lib24c\libcm.a(codal_target_hal.o)
                              .pioenvs\bluepill_f103c8\lib24c\libcm.a(CmTimer.o) (target_set_tick_callback)
[...]
Memory Configuration

Name             Origin             Length             Attributes
rom              0x08000000         0x00010000         xr
ram              0x20000000         0x00005000         xrw
*default*        0x00000000         0xffffffff

Linker script and memory map

LOAD asm/CortexContextSwitch.s.o
LOAD .pioenvs\bluepill_f103c8\src\aggregate.o
LOAD .pioenvs\bluepill_f103c8\src\downlink.o
LOAD .pioenvs\bluepill_f103c8\src\main.o
LOAD .pioenvs\bluepill_f103c8\src\sensor.o
LOAD .pioenvs\bluepill_f103c8\src\sensor_display.o
LOAD .pioenvs\bluepill_f103c8\src\uart.o
LOAD .pioenvs\bluepill_f103c8\src\wisol.o
LOAD .pioenvs\bluepill_f103c8\src\wstring.o
START GROUP
LOAD .pioenvs\bluepill_f103c8\libd0a\libcocoOS_5.0.3.a
LOAD .pioenvs\bluepill_f103c8\lib931\liblogger.a
LOAD .pioenvs\bluepill_f103c8\lib6b9\libboost_config.a
LOAD .pioenvs\bluepill_f103c8\lib95e\libboost_assert.a
LOAD .pioenvs\bluepill_f103c8\libb77\libboost_core.a
LOAD .pioenvs\bluepill_f103c8\libd55\libboost_static_assert.a
LOAD .pioenvs\bluepill_f103c8\lib43c\libboost_type_traits.a
LOAD .pioenvs\bluepill_f103c8\libf2c\libboost_preprocessor.a
LOAD .pioenvs\bluepill_f103c8\libb93\libboost_detail.a
LOAD .pioenvs\bluepill_f103c8\lib0fe\libboost_utility.a
LOAD .pioenvs\bluepill_f103c8\lib2eb\libboost_predef.a
LOAD .pioenvs\bluepill_f103c8\libffd\libboost_mpl.a
LOAD .pioenvs\bluepill_f103c8\lib3f0\libboost_iterator.a
LOAD .pioenvs\bluepill_f103c8\lib337\libboost_parameter.a
LOAD .pioenvs\bluepill_f103c8\libcaf\libboost_lockfree.a
LOAD .pioenvs\bluepill_f103c8\liba13\libnewlib.a
LOAD .pioenvs\bluepill_f103c8\lib635\libcodal-core.a
LOAD .pioenvs\bluepill_f103c8\lib24c\libcm.a
LOAD .pioenvs\bluepill_f103c8\libff7\libbluepill.a
LOAD .pioenvs\bluepill_f103c8\lib59a\libi2cint.a
LOAD .pioenvs\bluepill_f103c8\lib257\libsimulator.a
LOAD .pioenvs\bluepill_f103c8\lib743\libspiint.a
LOAD .pioenvs\bluepill_f103c8\libe9f\libporting.a
LOAD .pioenvs\bluepill_f103c8\lib167\libBME280.a
LOAD .pioenvs\bluepill_f103c8\lib7c6\libadcint.a
LOAD .pioenvs\bluepill_f103c8\lib492\libuartint.a
LOAD c:/users/guppy/.platformio/packages/toolchain-gccarmnoneeabi/bin/../lib/gcc/arm-none-eabi/7.2.1/../../../../arm-none-eabi/lib/thumb/v7-m\libc.a
LOAD c:/users/guppy/.platformio/packages/toolchain-gccarmnoneeabi/bin/../lib/gcc/arm-none-eabi/7.2.1/thumb/v7-m\libgcc.a
LOAD c:/users/guppy/.platformio/packages/toolchain-gccarmnoneeabi/bin/../lib/gcc/arm-none-eabi/7.2.1/../../../../arm-none-eabi/lib/thumb/v7-m\libm.a
LOAD c:/users/guppy/.platformio/packages/toolchain-gccarmnoneeabi/bin/../lib/gcc/arm-none-eabi/7.2.1/../../../../arm-none-eabi/lib/thumb/v7-m\libstdc++.a
LOAD c:/users/guppy/.platformio/packages/toolchain-gccarmnoneeabi/bin/../lib/gcc/arm-none-eabi/7.2.1/../../../../arm-none-eabi/lib/thumb/v7-m\libnosys.a
LOAD .pioenvs\bluepill_f103c8\libFrameworkLibOpenCM3.a
END GROUP

.text           0x08000000     0x470c
 *(SORT_BY_ALIGNMENT(.vectors))
 .vectors       0x08000000      0x150 .pioenvs\bluepill_f103c8\libFrameworkLibOpenCM3.a(vector.o)
                0x08000000                vector_table
 *(SORT_BY_ALIGNMENT(.text*))
 .text          0x08000150      0x124 asm/CortexContextSwitch.s.o
                0x08000150                swap_context
                0x080001d2                save_context
                0x08000216                save_register_context
                0x08000246                restore_register_context
 .text._ZN5codal14CodalComponent4initEv
                0x08000274        0x8 .pioenvs\bluepill_f103c8\src\main.o
                0x08000274                codal::CodalComponent::init()
 .text._ZN5codal14CodalComponentD2Ev
                0x0800027c       0x18 .pioenvs\bluepill_f103c8\src\main.o
                0x0800027c                codal::CodalComponent::~CodalComponent()
                0x0800027c                codal::CodalComponent::~CodalComponent()
 .text._Z10debug_dumpv
                0x08000294       0x38 .pioenvs\bluepill_f103c8\src\main.o
                0x08000294                debug_dump()
 .text.startup._GLOBAL__sub_I___dso_handle
                0x080002cc       0x24 .pioenvs\bluepill_f103c8\src\main.o
 .text.startup.main
                0x080002f0       0x1c .pioenvs\bluepill_f103c8\src\main.o
                0x080002f0                main
 .text._ZN5codal13STM32BluePillD2Ev
                0x0800030c       0x40 .pioenvs\bluepill_f103c8\src\main.o
                0x0800030c                codal::STM32BluePill::~STM32BluePill()
                0x0800030c                codal::STM32BluePill::~STM32BluePill()
 .text.startup._GLOBAL__sub_I_serialPort
                0x0800034c       0x10 .pioenvs\bluepill_f103c8\src\uart.o
 .text.os_event_init
                0x0800035c        0xc .pioenvs\bluepill_f103c8\libd0a\libcocoOS_5.0.3.a(os_event.o)
                0x0800035c                os_event_init
 .text.os_init  0x08000368       0x34 .pioenvs\bluepill_f103c8\libd0a\libcocoOS_5.0.3.a(os_kernel.o)
                0x08000368                os_init
 .text.os_msgQ_init
                0x0800039c       0x24 .pioenvs\bluepill_f103c8\libd0a\libcocoOS_5.0.3.a(os_msgqueue.o)
                0x0800039c                os_msgQ_init
 .text.os_sem_init
                0x080003c0        0xc .pioenvs\bluepill_f103c8\libd0a\libcocoOS_5.0.3.a(os_sem.o)
                0x080003c0                os_sem_init
 .text.os_task_init
                0x080003cc       0x40 .pioenvs\bluepill_f103c8\libd0a\libcocoOS_5.0.3.a(os_task.o)
                0x080003cc                os_task_init
 .text.disable_log
                0x0800040c       0x14 .pioenvs\bluepill_f103c8\lib931\liblogger.a(logger.o)
                0x0800040c                disable_log
 .text.debug_flush
                0x08000420       0x38 .pioenvs\bluepill_f103c8\lib931\liblogger.a(logger.o)
                0x08000420                debug_flush
 .text._ZL12debug_appendPKcj
                0x08000458       0x50 .pioenvs\bluepill_f103c8\lib931\liblogger.a(logger.o)
 .text._Z11debug_printj
                0x080004a8       0x7c .pioenvs\bluepill_f103c8\lib931\liblogger.a(logger.o)
                0x080004a8                debug_print(unsigned int)
 .text._Z11debug_printi
                0x08000524       0x30 .pioenvs\bluepill_f103c8\lib931\liblogger.a(logger.o)
                0x08000524                debug_print(int)
 .text.debug_println
                0x08000554       0x1c .pioenvs\bluepill_f103c8\lib931\liblogger.a(logger.o)
                0x08000554                debug_println
 .text._Z13debug_printlni
                0x08000570       0x18 .pioenvs\bluepill_f103c8\lib931\liblogger.a(logger.o)
                0x08000570                debug_println(int)
 .text._Z13debug_printlnj
                0x08000588       0x18 .pioenvs\bluepill_f103c8\lib931\liblogger.a(logger.o)
                0x08000588                debug_println(unsigned int)
 .text._Z18component_callbackN5codal5EventE
                0x080005a0       0x58 .pioenvs\bluepill_f103c8\lib635\libcodal-core.a(CodalComponent.o)
                0x080005a0                component_callback(codal::Event)
 .text._ZN5codal10EventModel6listenEiiPFvNS_5EventEEt
                0x080005f8       0x60 .pioenvs\bluepill_f103c8\lib635\libcodal-core.a(CodalComponent.o)
                0x080005f8                codal::EventModel::listen(int, int, void (*)(codal::Event), unsigned short)
 .text._ZN5codal14CodalComponent12addComponentEv
                0x08000658       0x70 .pioenvs\bluepill_f103c8\lib635\libcodal-core.a(CodalComponent.o)
                0x08000658                codal::CodalComponent::addComponent()
 .text._ZN5codal14CodalComponent15removeComponentEv
                0x080006c8       0x20 .pioenvs\bluepill_f103c8\lib635\libcodal-core.a(CodalComponent.o)
                0x080006c8                codal::CodalComponent::removeComponent()
 .text._ZN5codal14scheduler_tickENS_5EventE
                0x080006e8       0x54 .pioenvs\bluepill_f103c8\lib635\libcodal-core.a(CodalFiber.o)
                0x080006e8                codal::scheduler_tick(codal::Event)
 .text._ZN5codal15scheduler_eventENS_5EventE
                0x0800073c       0xc0 .pioenvs\bluepill_f103c8\lib635\libcodal-core.a(CodalFiber.o)
                0x0800073c                codal::scheduler_event(codal::Event)
 .text._Z15getFiberContextv
                0x080007fc       0x50 .pioenvs\bluepill_f103c8\lib635\libcodal-core.a(CodalFiber.o)
                0x080007fc                getFiberContext()
 .text._ZL10handle_fobv
                0x0800084c       0x2c .pioenvs\bluepill_f103c8\lib635\libcodal-core.a(CodalFiber.o)
 .text._ZN5codal23fiber_scheduler_runningEv
                0x08000878       0x10 .pioenvs\bluepill_f103c8\lib635\libcodal-core.a(CodalFiber.o)
                0x08000878                codal::fiber_scheduler_running()
 .text._ZN5codal14scheduler_initERNS_10EventModelE
                0x08000888       0xb0 .pioenvs\bluepill_f103c8\lib635\libcodal-core.a(CodalFiber.o)
                0x08000888                codal::scheduler_init(codal::EventModel&)
 .text._ZN5codal19fiber_wake_on_eventEtt
                0x08000938       0x5c .pioenvs\bluepill_f103c8\lib635\libcodal-core.a(CodalFiber.o)
                0x08000938                codal::fiber_wake_on_event(unsigned short, unsigned short)
 .text._Z14__create_fibermmmi
                0x08000994       0x64 .pioenvs\bluepill_f103c8\lib635\libcodal-core.a(CodalFiber.o)
                0x08000994                __create_fiber(unsigned long, unsigned long, unsigned long, int)
 .text._ZN5codal17verify_stack_sizeEPNS_5FiberE
                0x080009f8       0x44 .pioenvs\bluepill_f103c8\lib635\libcodal-core.a(CodalFiber.o)
                0x080009f8                codal::verify_stack_size(codal::Fiber*)
 .text._ZN5codal24scheduler_runqueue_emptyEv
                0x08000a3c       0x10 .pioenvs\bluepill_f103c8\lib635\libcodal-core.a(CodalFiber.o)
                0x08000a3c                codal::scheduler_runqueue_empty()
 .text._ZN5codal4idleEv
                0x08000a4c       0x3c .pioenvs\bluepill_f103c8\lib635\libcodal-core.a(CodalFiber.o)
                0x08000a4c                codal::idle()
 .text._ZN5codal8scheduleEv
                0x08000a88      0x108 .pioenvs\bluepill_f103c8\lib635\libcodal-core.a(CodalFiber.o)
                0x08000a88                codal::schedule()
 .text._ZN5codal11fiber_sleepEm
                0x08000b90       0x3c .pioenvs\bluepill_f103c8\lib635\libcodal-core.a(CodalFiber.o)
                0x08000b90                codal::fiber_sleep(unsigned long)
 .text._ZN5codal13release_fiberEv
                0x08000bcc       0x6c .pioenvs\bluepill_f103c8\lib635\libcodal-core.a(CodalFiber.o)
                0x08000bcc                codal::release_fiber()
 .text._ZN5codal6invokeEPFvPvES0_
                0x08000c38       0x80 .pioenvs\bluepill_f103c8\lib635\libcodal-core.a(CodalFiber.o)
                0x08000c38                codal::invoke(void (*)(void*), void*)
 .text._Z18device_create_heapmm
                0x08000cb8       0x3c .pioenvs\bluepill_f103c8\lib635\libcodal-core.a(CodalHeapAllocator.o)
                0x08000cb8                device_create_heap(unsigned long, unsigned long)
 .text.device_malloc
                0x08000cf4       0x48 .pioenvs\bluepill_f103c8\lib635\libcodal-core.a(CodalHeapAllocator.o)
                0x08000cf4                device_malloc
                0x08000cf4                malloc
 .text.device_free
                0x08000d3c       0x40 .pioenvs\bluepill_f103c8\lib635\libcodal-core.a(CodalHeapAllocator.o)
                0x08000d3c                free
                0x08000d3c                device_free
 .text._ZN5codal6SerialC2ERNS_3PinES2_hht
                0x08000d7c       0x5c .pioenvs\bluepill_f103c8\lib635\libcodal-core.a(Serial.o)
                0x08000d7c                codal::Serial::Serial(codal::Pin&, codal::Pin&, unsigned char, unsigned char, unsigned short)
                0x08000d7c                codal::Serial::Serial(codal::Pin&, codal::Pin&, unsigned char, unsigned char, unsigned short)
 .text._ZN5codal6SerialD2Ev
                0x08000dd8       0x1c .pioenvs\bluepill_f103c8\lib635\libcodal-core.a(Serial.o)
                0x08000dd8                codal::Serial::~Serial()
                0x08000dd8                codal::Serial::~Serial()
 .text._ZN5codal5TimerC2Ev
                0x08000df4       0x3c .pioenvs\bluepill_f103c8\lib635\libcodal-core.a(Timer.o)
                0x08000df4                codal::Timer::Timer()
                0x08000df4                codal::Timer::Timer()
 .text._ZN5codal25system_timer_current_timeEv
                0x08000e30       0x14 .pioenvs\bluepill_f103c8\lib635\libcodal-core.a(Timer.o)
                0x08000e30                codal::system_timer_current_time()
 .text._ZN5codal28system_timer_current_time_usEv
                0x08000e44       0x14 .pioenvs\bluepill_f103c8\lib635\libcodal-core.a(Timer.o)
                0x08000e44                codal::system_timer_current_time_us()
 .text._ZN5codal27system_timer_event_every_usEytt
                0x08000e58       0x28 .pioenvs\bluepill_f103c8\lib635\libcodal-core.a(Timer.o)
                0x08000e58                codal::system_timer_event_every_us(unsigned long long, unsigned short, unsigned short)
 .text._ZN5codal10EventModel4sendENS_5EventE
                0x08000e80       0x10 .pioenvs\bluepill_f103c8\lib635\libcodal-core.a(MessageBus.o)
                0x08000e80                codal::EventModel::send(codal::Event)
 .text._ZN5codal10EventModel3addEPNS_8ListenerE
                0x08000e90        0x8 .pioenvs\bluepill_f103c8\lib635\libcodal-core.a(MessageBus.o)
                0x08000e90                codal::EventModel::add(codal::Listener*)
 .text._ZN5codal10EventModel6removeEPNS_8ListenerE
                0x08000e98        0x8 .pioenvs\bluepill_f103c8\lib635\libcodal-core.a(MessageBus.o)
                0x08000e98                codal::EventModel::remove(codal::Listener*)
 .text._ZN5codal10MessageBus6removeEPNS_8ListenerE
                0x08000ea0       0x70 .pioenvs\bluepill_f103c8\lib635\libcodal-core.a(MessageBus.o)
                0x08000ea0                codal::MessageBus::remove(codal::Listener*)
 .text._ZN5codal10MessageBus3addEPNS_8ListenerE
                0x08000f10       0xc0 .pioenvs\bluepill_f103c8\lib635\libcodal-core.a(MessageBus.o)
                0x08000f10                codal::MessageBus::add(codal::Listener*)
 .text._ZN5codal10MessageBusD2Ev
                0x08000fd0       0x78 .pioenvs\bluepill_f103c8\lib635\libcodal-core.a(MessageBus.o)
                0x08000fd0                codal::MessageBus::~MessageBus()
                0x08000fd0                codal::MessageBus::~MessageBus()
 .text._ZN5codal10MessageBusC2Ev
                0x08001048       0xa8 .pioenvs\bluepill_f103c8\lib635\libcodal-core.a(MessageBus.o)
                0x08001048                codal::MessageBus::MessageBus()
                0x08001048                codal::MessageBus::MessageBus()
 .text._ZN5codal10MessageBus7processERNS_5EventEb
                0x080010f0       0x88 .pioenvs\bluepill_f103c8\lib635\libcodal-core.a(MessageBus.o)
                0x080010f0                codal::MessageBus::process(codal::Event&, bool)
 .text._ZN5codal19allocateNotifyEventEv
                0x08001178       0x10 .pioenvs\bluepill_f103c8\lib635\libcodal-core.a(MessageBus.o)
                0x08001178                codal::allocateNotifyEvent()
 .text._ZN5codal5Event4fireEv
                0x08001188       0x28 .pioenvs\bluepill_f103c8\lib635\libcodal-core.a(Event.o)
                0x08001188                codal::Event::fire()
 .text._ZN5codal13ManagedStringC2EPKcs
                0x080011b0       0x34 .pioenvs\bluepill_f103c8\lib635\libcodal-core.a(ManagedString.o)
                0x080011b0                codal::ManagedString::ManagedString(char const*, short)
                0x080011b0                codal::ManagedString::ManagedString(char const*, short)
 .text._ZN5codal13ManagedStringC2Ev
                0x080011e4        0xc .pioenvs\bluepill_f103c8\lib635\libcodal-core.a(ManagedString.o)
                0x080011e4                codal::ManagedString::ManagedString()
                0x080011e4                codal::ManagedString::ManagedString()
 .text.startup._GLOBAL__sub_I__ZN5codal13ManagedString9initEmptyEv
                0x080011f0       0x2c .pioenvs\bluepill_f103c8\lib635\libcodal-core.a(ManagedString.o)
 .text._ZN5codal3_cm3Pin14setAnalogValueEi
                0x0800121c       0x1c .pioenvs\bluepill_f103c8\lib24c\libcm.a(CmPin.o)
                0x0800121c                codal::_cm::Pin::setAnalogValue(int)
 .text._ZN5codal3_cm3Pin13setServoValueEiii
                0x08001238       0x2c .pioenvs\bluepill_f103c8\lib24c\libcm.a(CmPin.o)
                0x08001238                codal::_cm::Pin::setServoValue(int, int, int)
 .text._ZN5codal3_cm3Pin9isTouchedEv
                0x08001264        0x8 .pioenvs\bluepill_f103c8\lib24c\libcm.a(CmPin.o)
                0x08001264                codal::_cm::Pin::isTouched()
 .text._ZN5codal3_cm3Pin17getAnalogPeriodUsEv
                0x0800126c        0x8 .pioenvs\bluepill_f103c8\lib24c\libcm.a(CmPin.o)
                0x0800126c                codal::_cm::Pin::getAnalogPeriodUs()
 .text._ZN5codal3_cm3Pin15setDigitalValueEi
                0x08001274       0x80 .pioenvs\bluepill_f103c8\lib24c\libcm.a(CmPin.o)
                0x08001274                codal::_cm::Pin::setDigitalValue(int)
 .text._ZN5codal3_cm3PinC2EhmmtNS_13PinCapabilityE
                0x080012f4       0x50 .pioenvs\bluepill_f103c8\lib24c\libcm.a(CmPin.o)
                0x080012f4                codal::_cm::Pin::Pin(unsigned char, unsigned long, unsigned long, unsigned short, codal::PinCapability)
                0x080012f4                codal::_cm::Pin::Pin(unsigned char, unsigned long, unsigned long, unsigned short, codal::PinCapability)
 .text._ZN5codal3_cm6SerialD2Ev
                0x08001344       0x14 .pioenvs\bluepill_f103c8\lib24c\libcm.a(CmSerial.o)
                0x08001344                codal::_cm::Serial::~Serial()
                0x08001344                codal::_cm::Serial::~Serial()
 .text._ZN5codal3_cm6SerialC2ERNS0_3PinES3_hh
                0x08001358       0x4c .pioenvs\bluepill_f103c8\lib24c\libcm.a(CmSerial.o)
                0x08001358                codal::_cm::Serial::Serial(codal::_cm::Pin&, codal::_cm::Pin&, unsigned char, unsigned char)
                0x08001358                codal::_cm::Serial::Serial(codal::_cm::Pin&, codal::_cm::Pin&, unsigned char, unsigned char)
 .text._ZN5codal3_cm13tick_callbackEv
                0x080013a4       0x10 .pioenvs\bluepill_f103c8\lib24c\libcm.a(CmTimer.o)
                0x080013a4                codal::_cm::tick_callback()
 .text._ZN5codal3_cm5Timer4initEv
                0x080013b4       0x18 .pioenvs\bluepill_f103c8\lib24c\libcm.a(CmTimer.o)
                0x080013b4                codal::_cm::Timer::init()
 .text._ZN5codal3_cm5TimerC2Ev
                0x080013cc       0x28 .pioenvs\bluepill_f103c8\lib24c\libcm.a(CmTimer.o)
                0x080013cc                codal::_cm::Timer::Timer()
                0x080013cc                codal::_cm::Timer::Timer()
 .text._ZL10timer_tickv
                0x080013f4       0x10 .pioenvs\bluepill_f103c8\lib24c\libcm.a(codal_target_hal.o)
 .text._Z25stm32bluepill_dmesg_flushv
                0x08001404       0x38 .pioenvs\bluepill_f103c8\lib24c\libcm.a(codal_target_hal.o)
                0x08001404                stm32bluepill_dmesg_flush()
 .text.target_set_tick_callback
                0x0800143c        0xc .pioenvs\bluepill_f103c8\lib24c\libcm.a(codal_target_hal.o)
                0x0800143c                target_set_tick_callback
 .text.target_init
                0x08001448       0x34 .pioenvs\bluepill_f103c8\lib24c\libcm.a(codal_target_hal.o)
                0x08001448                target_init
 .text.target_enter_deep_sleep_standby_mode
                0x0800147c       0x1c .pioenvs\bluepill_f103c8\lib24c\libcm.a(codal_target_hal.o)
                0x0800147c                target_enter_deep_sleep_standby_mode
 .text.target_wait
                0x08001498       0x24 .pioenvs\bluepill_f103c8\lib24c\libcm.a(codal_target_hal.o)
                0x08001498                target_wait
 .text.target_panic
                0x080014bc       0x20 .pioenvs\bluepill_f103c8\lib24c\libcm.a(codal_target_hal.o)
                0x080014bc                target_panic
 .text.fiber_initial_stack_base
                0x080014dc        0x8 .pioenvs\bluepill_f103c8\lib24c\libcm.a(codal_target_hal.o)
                0x080014dc                fiber_initial_stack_base
 .text.test_codal
                0x080014e4       0x5c .pioenvs\bluepill_f103c8\lib24c\libcm.a(codal_target_hal.o)
                0x080014e4                test_codal
 .text._ZN5codal13STM32BluePill4initEv
                0x08001540       0x4c .pioenvs\bluepill_f103c8\libff7\libbluepill.a(STM32BluePill.o)
                0x08001540                codal::STM32BluePill::init()
 .text._ZN5codal13STM32BluePillC2Ev
                0x0800158c       0x98 .pioenvs\bluepill_f103c8\libff7\libbluepill.a(STM32BluePill.o)
                0x0800158c                codal::STM32BluePill::STM32BluePill()
                0x0800158c                codal::STM32BluePill::STM32BluePill()
 .text._ZN5codal15STM32BluePillIOC2Ev
                0x08001624      0xaf0 .pioenvs\bluepill_f103c8\libff7\libbluepill.a(STM32BluePillIO.o)
                0x08001624                codal::STM32BluePillIO::STM32BluePillIO()
                0x08001624                codal::STM32BluePillIO::STM32BluePillIO()
 .text.platform_setup
                0x08002114       0x4c .pioenvs\bluepill_f103c8\libff7\libbluepill.a(bluepill.o)
                0x08002114                platform_setup
 .text.disable_debug
                0x08002160       0x10 .pioenvs\bluepill_f103c8\libff7\libbluepill.a(bluepill.o)
                0x08002160                disable_debug
 .text.led_setup
                0x08002170       0x20 .pioenvs\bluepill_f103c8\libff7\libbluepill.a(led.o)
                0x08002170                led_setup
 .text.led_on   0x08002190       0x10 .pioenvs\bluepill_f103c8\libff7\libbluepill.a(led.o)
                0x08002190                led_on
 .text.led_off  0x080021a0       0x10 .pioenvs\bluepill_f103c8\libff7\libbluepill.a(led.o)
                0x080021a0                led_off
 .text.led_wait
                0x080021b0       0x10 .pioenvs\bluepill_f103c8\libff7\libbluepill.a(led.o)
                0x080021b0                led_wait
 .text.platform_start_timer
                0x080021c0       0x88 .pioenvs\bluepill_f103c8\libff7\libbluepill.a(timer.o)
                0x080021c0                platform_start_timer
 .text.rtc_isr  0x08002248       0x40 .pioenvs\bluepill_f103c8\libff7\libbluepill.a(timer.o)
                0x08002248                rtc_isr
 .text.rtc_alarm_isr
                0x08002288       0x20 .pioenvs\bluepill_f103c8\libff7\libbluepill.a(timer.o)
                0x08002288                rtc_alarm_isr
 .text.platform_alarm_count
                0x080022a8        0xc .pioenvs\bluepill_f103c8\libff7\libbluepill.a(timer.o)
                0x080022a8                platform_alarm_count
 .text.usart2_isr
                0x080022b4       0x50 .pioenvs\bluepill_f103c8\lib492\libuartint.a(uartint.o)
                0x080022b4                usart2_isr
 .text.startup._GLOBAL__sub_I__ZN13UARTInterfaceC2Ejj
                0x08002304       0x10 .pioenvs\bluepill_f103c8\lib492\libuartint.a(uartint.o)
 .text.__aeabi_atexit
                0x08002314        0xc c:/users/guppy/.platformio/packages/toolchain-gccarmnoneeabi/bin/../lib/gcc/arm-none-eabi/7.2.1/../../../../arm-none-eabi/lib/thumb/v7-m\libc.a(lib_a-aeabi_atexit.o)
                0x08002314                __aeabi_atexit
 .text.__cxa_atexit
                0x08002320        0xc c:/users/guppy/.platformio/packages/toolchain-gccarmnoneeabi/bin/../lib/gcc/arm-none-eabi/7.2.1/../../../../arm-none-eabi/lib/thumb/v7-m\libc.a(lib_a-cxa_atexit.o)
                0x08002320                __cxa_atexit
 .text.memcmp   0x0800232c       0x64 c:/users/guppy/.platformio/packages/toolchain-gccarmnoneeabi/bin/../lib/gcc/arm-none-eabi/7.2.1/../../../../arm-none-eabi/lib/thumb/v7-m\libc.a(lib_a-memcmp.o)
                0x0800232c                memcmp
 .text          0x08002390       0xec c:/users/guppy/.platformio/packages/toolchain-gccarmnoneeabi/bin/../lib/gcc/arm-none-eabi/7.2.1/../../../../arm-none-eabi/lib/thumb/v7-m\libc.a(lib_a-memcpy.o)
                0x08002390                memcpy
 .text.memset   0x0800247c       0x94 c:/users/guppy/.platformio/packages/toolchain-gccarmnoneeabi/bin/../lib/gcc/arm-none-eabi/7.2.1/../../../../arm-none-eabi/lib/thumb/v7-m\libc.a(lib_a-memset.o)
                0x0800247c                memset
 .text.__register_exitproc
                0x08002510       0xc0 c:/users/guppy/.platformio/packages/toolchain-gccarmnoneeabi/bin/../lib/gcc/arm-none-eabi/7.2.1/../../../../arm-none-eabi/lib/thumb/v7-m\libc.a(lib_a-__atexit.o)
                0x08002510                __register_exitproc
 .text.startup.register_fini
                0x080025d0       0x14 c:/users/guppy/.platformio/packages/toolchain-gccarmnoneeabi/bin/../lib/gcc/arm-none-eabi/7.2.1/../../../../arm-none-eabi/lib/thumb/v7-m\libc.a(lib_a-__call_atexit.o)
 .text.__libc_fini_array
                0x080025e4       0x34 c:/users/guppy/.platformio/packages/toolchain-gccarmnoneeabi/bin/../lib/gcc/arm-none-eabi/7.2.1/../../../../arm-none-eabi/lib/thumb/v7-m\libc.a(lib_a-fini.o)
                0x080025e4                __libc_fini_array
 .text.__retarget_lock_acquire_recursive
                0x08002618        0x4 c:/users/guppy/.platformio/packages/toolchain-gccarmnoneeabi/bin/../lib/gcc/arm-none-eabi/7.2.1/../../../../arm-none-eabi/lib/thumb/v7-m\libc.a(lib_a-lock.o)
                0x08002618                __retarget_lock_acquire_recursive
 .text.__retarget_lock_release_recursive
                0x0800261c        0x4 c:/users/guppy/.platformio/packages/toolchain-gccarmnoneeabi/bin/../lib/gcc/arm-none-eabi/7.2.1/../../../../arm-none-eabi/lib/thumb/v7-m\libc.a(lib_a-lock.o)
                0x0800261c                __retarget_lock_release_recursive
 .text          0x08002620       0x30 c:/users/guppy/.platformio/packages/toolchain-gccarmnoneeabi/bin/../lib/gcc/arm-none-eabi/7.2.1/thumb/v7-m\libgcc.a(_aeabi_uldivmod.o)
                0x08002620                __aeabi_uldivmod
 .text          0x08002650      0x2d0 c:/users/guppy/.platformio/packages/toolchain-gccarmnoneeabi/bin/../lib/gcc/arm-none-eabi/7.2.1/thumb/v7-m\libgcc.a(_udivmoddi4.o)
                0x08002650                __udivmoddi4
 .text          0x08002920        0x4 c:/users/guppy/.platformio/packages/toolchain-gccarmnoneeabi/bin/../lib/gcc/arm-none-eabi/7.2.1/thumb/v7-m\libgcc.a(_dvmd_tls.o)
                0x08002920                __aeabi_idiv0
                0x08002920                __aeabi_ldiv0
 .text.rcc_osc_on.part.0
                0x08002924       0x10 .pioenvs\bluepill_f103c8\libFrameworkLibOpenCM3.a(rcc.o)
 .text.rcc_wait_for_osc_ready
                0x08002934       0x64 .pioenvs\bluepill_f103c8\libFrameworkLibOpenCM3.a(rcc.o)
                0x08002934                rcc_wait_for_osc_ready
 .text.rcc_osc_on
                0x08002998       0x54 .pioenvs\bluepill_f103c8\libFrameworkLibOpenCM3.a(rcc.o)
                0x08002998                rcc_osc_on
 .text.rcc_set_sysclk_source
                0x080029ec       0x14 .pioenvs\bluepill_f103c8\libFrameworkLibOpenCM3.a(rcc.o)
                0x080029ec                rcc_set_sysclk_source
 .text.rcc_set_pll_multiplication_factor
                0x08002a00       0x14 .pioenvs\bluepill_f103c8\libFrameworkLibOpenCM3.a(rcc.o)
                0x08002a00                rcc_set_pll_multiplication_factor
 .text.rcc_set_pll_source
                0x08002a14       0x14 .pioenvs\bluepill_f103c8\libFrameworkLibOpenCM3.a(rcc.o)
                0x08002a14                rcc_set_pll_source
 .text.rcc_set_pllxtpre
                0x08002a28       0x14 .pioenvs\bluepill_f103c8\libFrameworkLibOpenCM3.a(rcc.o)
                0x08002a28                rcc_set_pllxtpre
 .text.rcc_enable_rtc_clock
                0x08002a3c       0x10 .pioenvs\bluepill_f103c8\libFrameworkLibOpenCM3.a(rcc.o)
                0x08002a3c                rcc_enable_rtc_clock
 .text.rcc_set_rtc_clock_source
                0x08002a4c       0x90 .pioenvs\bluepill_f103c8\libFrameworkLibOpenCM3.a(rcc.o)
                0x08002a4c                rcc_set_rtc_clock_source
 .text.rcc_set_adcpre
                0x08002adc       0x14 .pioenvs\bluepill_f103c8\libFrameworkLibOpenCM3.a(rcc.o)
                0x08002adc                rcc_set_adcpre
 .text.rcc_set_ppre2
                0x08002af0       0x14 .pioenvs\bluepill_f103c8\libFrameworkLibOpenCM3.a(rcc.o)
                0x08002af0                rcc_set_ppre2
 .text.rcc_set_ppre1
                0x08002b04       0x14 .pioenvs\bluepill_f103c8\libFrameworkLibOpenCM3.a(rcc.o)
                0x08002b04                rcc_set_ppre1
 .text.rcc_set_hpre
                0x08002b18       0x14 .pioenvs\bluepill_f103c8\libFrameworkLibOpenCM3.a(rcc.o)
                0x08002b18                rcc_set_hpre
 .text.rcc_clock_setup_in_hse_8mhz_out_72mhz
                0x08002b2c       0x8c .pioenvs\bluepill_f103c8\libFrameworkLibOpenCM3.a(rcc.o)
                0x08002b2c                rcc_clock_setup_in_hse_8mhz_out_72mhz
 .text.rtc_enter_config_mode
                0x08002bb8       0x18 .pioenvs\bluepill_f103c8\libFrameworkLibOpenCM3.a(rtc.o)
                0x08002bb8                rtc_enter_config_mode
 .text.rtc_exit_config_mode
                0x08002bd0       0x18 .pioenvs\bluepill_f103c8\libFrameworkLibOpenCM3.a(rtc.o)
                0x08002bd0                rtc_exit_config_mode
 .text.rtc_awake_from_off
                0x08002be8       0x6c .pioenvs\bluepill_f103c8\libFrameworkLibOpenCM3.a(rtc.o)
                0x08002be8                rtc_awake_from_off
 .text.rtc_set_alarm_time
                0x08002c54       0x20 .pioenvs\bluepill_f103c8\libFrameworkLibOpenCM3.a(rtc.o)
                0x08002c54                rtc_set_alarm_time
 .text.rtc_set_prescale_val
                0x08002c74       0x20 .pioenvs\bluepill_f103c8\libFrameworkLibOpenCM3.a(rtc.o)
                0x08002c74                rtc_set_prescale_val
 .text.rtc_get_counter_val
                0x08002c94       0x14 .pioenvs\bluepill_f103c8\libFrameworkLibOpenCM3.a(rtc.o)
                0x08002c94                rtc_get_counter_val
 .text.rtc_set_counter_val
                0x08002ca8       0x1c .pioenvs\bluepill_f103c8\libFrameworkLibOpenCM3.a(rtc.o)
                0x08002ca8                rtc_set_counter_val
 .text.rtc_interrupt_enable
                0x08002cc4       0x3c .pioenvs\bluepill_f103c8\libFrameworkLibOpenCM3.a(rtc.o)
                0x08002cc4                rtc_interrupt_enable
 .text.rtc_interrupt_disable
                0x08002d00       0x3c .pioenvs\bluepill_f103c8\libFrameworkLibOpenCM3.a(rtc.o)
                0x08002d00                rtc_interrupt_disable
 .text.rtc_clear_flag
                0x08002d3c       0x30 .pioenvs\bluepill_f103c8\libFrameworkLibOpenCM3.a(rtc.o)
                0x08002d3c                rtc_clear_flag
 .text.rtc_check_flag
                0x08002d6c       0x30 .pioenvs\bluepill_f103c8\libFrameworkLibOpenCM3.a(rtc.o)
                0x08002d6c                rtc_check_flag
 .text.pwr_disable_backup_domain_write_protect
                0x08002d9c       0x10 .pioenvs\bluepill_f103c8\libFrameworkLibOpenCM3.a(pwr_common_all.o)
                0x08002d9c                pwr_disable_backup_domain_write_protect
 .text.pwr_clear_wakeup_flag
                0x08002dac       0x10 .pioenvs\bluepill_f103c8\libFrameworkLibOpenCM3.a(pwr_common_all.o)
                0x08002dac                pwr_clear_wakeup_flag
 .text.pwr_set_standby_mode
                0x08002dbc       0x10 .pioenvs\bluepill_f103c8\libFrameworkLibOpenCM3.a(pwr_common_all.o)
                0x08002dbc                pwr_set_standby_mode
 .text.exti_set_trigger
                0x08002dcc       0x3c .pioenvs\bluepill_f103c8\libFrameworkLibOpenCM3.a(exti_common_all.o)
                0x08002dcc                exti_set_trigger
 .text.exti_enable_request
                0x08002e08       0x14 .pioenvs\bluepill_f103c8\libFrameworkLibOpenCM3.a(exti_common_all.o)
                0x08002e08                exti_enable_request
 .text.exti_reset_request
                0x08002e1c        0xc .pioenvs\bluepill_f103c8\libFrameworkLibOpenCM3.a(exti_common_all.o)
                0x08002e1c                exti_reset_request
 .text.flash_set_ws
                0x08002e28       0x14 .pioenvs\bluepill_f103c8\libFrameworkLibOpenCM3.a(flash_common_f01.o)
                0x08002e28                flash_set_ws
 .text.reset_handler
                0x08002e3c       0x90 .pioenvs\bluepill_f103c8\libFrameworkLibOpenCM3.a(vector.o)
                0x08002e3c                reset_handler
 .text.codal_dmesg_set_flush_fn
                0x08002ecc        0xc .pioenvs\bluepill_f103c8\lib635\libcodal-core.a(CodalDmesg.o)
                0x08002ecc                codal_dmesg_set_flush_fn
 .text.codal_dmesg_flush
                0x08002ed8       0x10 .pioenvs\bluepill_f103c8\lib635\libcodal-core.a(CodalDmesg.o)
                0x08002ed8                codal_dmesg_flush
 .text._ZN5codal3_cm3I2CC2ERNS_3PinES3_
                0x08002ee8       0x1c .pioenvs\bluepill_f103c8\lib24c\libcm.a(CmI2C.o)
                0x08002ee8                codal::_cm::I2C::I2C(codal::Pin&, codal::Pin&)
                0x08002ee8                codal::_cm::I2C::I2C(codal::Pin&, codal::Pin&)
 .text._ZN5codal3_cm3SPI4initEv
                0x08002f04       0x50 .pioenvs\bluepill_f103c8\lib24c\libcm.a(CmSPI.o)
                0x08002f04                codal::_cm::SPI::init()
 .text._ZN5codal3_cm3SPIC2ERNS0_3PinES3_S3_S3_
                0x08002f54       0x9c .pioenvs\bluepill_f103c8\lib24c\libcm.a(CmSPI.o)
                0x08002f54                codal::_cm::SPI::SPI(codal::_cm::Pin&, codal::_cm::Pin&, codal::_cm::Pin&, codal::_cm::Pin&)
                0x08002f54                codal::_cm::SPI::SPI(codal::_cm::Pin&, codal::_cm::Pin&, codal::_cm::Pin&, codal::_cm::Pin&)
 .text.pinmap_peripheral
                0x08002ff0       0x30 .pioenvs\bluepill_f103c8\lib24c\libcm.a(CmPinMap.o)
                0x08002ff0                pinmap_peripheral
 .text.pinmap_mode
                0x08003020       0x2c .pioenvs\bluepill_f103c8\lib24c\libcm.a(CmPinMap.o)
                0x08003020                pinmap_mode
 .text.pinmap_cnf
                0x0800304c       0x2c .pioenvs\bluepill_f103c8\lib24c\libcm.a(CmPinMap.o)
                0x0800304c                pinmap_cnf
 .text._ZN5codal3I2CC2ERNS_3PinES2_
                0x08003078        0xc .pioenvs\bluepill_f103c8\lib635\libcodal-core.a(I2C.o)
                0x08003078                codal::I2C::I2C(codal::Pin&, codal::Pin&)
                0x08003078                codal::I2C::I2C(codal::Pin&, codal::Pin&)
 .text._ZN5codal14CodalComponent16periodicCallbackEv
                0x08003084        0x2 .pioenvs\bluepill_f103c8\src\main.o
                0x08003084                codal::CodalComponent::periodicCallback()
 .text._ZN5codal14CodalComponent12idleCallbackEv
                0x08003086        0x2 .pioenvs\bluepill_f103c8\src\main.o
                0x08003086                codal::CodalComponent::idleCallback()
 .text._ZN5codal14CodalComponentD0Ev
                0x08003088       0x12 .pioenvs\bluepill_f103c8\src\main.o
                0x08003088                codal::CodalComponent::~CodalComponent()
 .text._fini    0x0800309a        0x2 .pioenvs\bluepill_f103c8\src\main.o
                0x0800309a                _fini
 .text.__wrap_atexit
                0x0800309c        0x4 .pioenvs\bluepill_f103c8\src\main.o
                0x0800309c                __wrap_atexit
 .text._Z10Blink_mainRN5codal13STM32BluePillE
                0x080030a0       0x4a .pioenvs\bluepill_f103c8\src\main.o
                0x080030a0                Blink_main(codal::STM32BluePill&)
 .text._ZN5codal13STM32BluePillD0Ev
                0x080030ea       0x12 .pioenvs\bluepill_f103c8\src\main.o
                0x080030ea                codal::STM32BluePill::~STM32BluePill()
 .text.debug_print
                0x080030fc       0x1a .pioenvs\bluepill_f103c8\lib931\liblogger.a(logger.o)
                0x080030fc                debug_print
 .text.strlen   0x08003116       0x10 .pioenvs\bluepill_f103c8\liba13\libnewlib.a(strlen.o)
                0x08003116                strlen
 .text.strncat  0x08003126       0x28 .pioenvs\bluepill_f103c8\liba13\libnewlib.a(strncat.o)
                0x08003126                strncat
 .text._ZN5codal11queue_fiberEPNS_5FiberEPS1_
                0x0800314e       0x2e .pioenvs\bluepill_f103c8\lib635\libcodal-core.a(CodalFiber.o)
                0x0800314e                codal::queue_fiber(codal::Fiber*, codal::Fiber**)
 .text._ZN5codal13dequeue_fiberEPNS_5FiberE
                0x0800317c       0x34 .pioenvs\bluepill_f103c8\lib635\libcodal-core.a(CodalFiber.o)
                0x0800317c                codal::dequeue_fiber(codal::Fiber*)
 .text._ZN5codal12create_fiberEPFvPvES0_S2_
                0x080031b0       0x1e .pioenvs\bluepill_f103c8\lib635\libcodal-core.a(CodalFiber.o)
                0x080031b0                codal::create_fiber(void (*)(void*), void*, void (*)(void*))
 .text._ZN5codal20fiber_wait_for_eventEtt
                0x080031ce       0x12 .pioenvs\bluepill_f103c8\lib635\libcodal-core.a(CodalFiber.o)
                0x080031ce                codal::fiber_wait_for_event(unsigned short, unsigned short)
 .text._ZN5codal16launch_new_fiberEPFvvES1_
                0x080031e0       0x10 .pioenvs\bluepill_f103c8\lib635\libcodal-core.a(CodalFiber.o)
                0x080031e0                codal::launch_new_fiber(void (*)(), void (*)())
 .text._ZN5codal13release_fiberEPv
                0x080031f0       0x12 .pioenvs\bluepill_f103c8\lib635\libcodal-core.a(CodalFiber.o)
                0x080031f0                codal::release_fiber(void*)
 .text._ZN5codal22launch_new_fiber_paramEPFvPvES2_S0_
                0x08003202       0x1a .pioenvs\bluepill_f103c8\lib635\libcodal-core.a(CodalFiber.o)
                0x08003202                codal::launch_new_fiber_param(void (*)(void*), void (*)(void*), void*)
 .text._ZN5codal9idle_taskEv
                0x0800321c        0xc .pioenvs\bluepill_f103c8\lib635\libcodal-core.a(CodalFiber.o)
                0x0800321c                codal::idle_task()
 .text._Z16device_malloc_injR14HeapDefinition
                0x08003228       0x84 .pioenvs\bluepill_f103c8\lib635\libcodal-core.a(CodalHeapAllocator.o)
                0x08003228                device_malloc_in(unsigned int, HeapDefinition&)
 .text._ZN5codal8ListenerC2EttPFvNS_5EventEEt
                0x080032ac       0x28 .pioenvs\bluepill_f103c8\lib635\libcodal-core.a(CodalListener.o)
                0x080032ac                codal::Listener::Listener(unsigned short, unsigned short, void (*)(codal::Event), unsigned short)
                0x080032ac                codal::Listener::Listener(unsigned short, unsigned short, void (*)(codal::Event), unsigned short)
 .text._ZN5codal8ListenerD2Ev
                0x080032d4       0x14 .pioenvs\bluepill_f103c8\lib635\libcodal-core.a(CodalListener.o)
                0x080032d4                codal::Listener::~Listener()
                0x080032d4                codal::Listener::~Listener()
 .text._ZN5codal8Listener5queueENS_5EventE
                0x080032e8       0x7c .pioenvs\bluepill_f103c8\lib635\libcodal-core.a(CodalListener.o)
                0x080032e8                codal::Listener::queue(codal::Event)
 .text._ZN5codal6Serial12initialiseRxEv
                0x08003364       0x4c .pioenvs\bluepill_f103c8\lib635\libcodal-core.a(Serial.o)
                0x08003364                codal::Serial::initialiseRx()
 .text._ZN5codal6Serial12circularCopyEPhhS1_tt
                0x080033b0       0x26 .pioenvs\bluepill_f103c8\lib635\libcodal-core.a(Serial.o)
                0x080033b0                codal::Serial::circularCopy(unsigned char*, unsigned char, unsigned char*, unsigned short, unsigned short)
 .text._ZN5codal6Serial7eventOnENS_13ManagedStringENS_10SerialModeE
                0x080033d6       0x26 .pioenvs\bluepill_f103c8\lib635\libcodal-core.a(Serial.o)
                0x080033d6                codal::Serial::eventOn(codal::ManagedString, codal::SerialMode)
 .text._ZN5codal6Serial9readUntilENS_13ManagedStringENS_10SerialModeE
                0x080033fc      0x1a6 .pioenvs\bluepill_f103c8\lib635\libcodal-core.a(Serial.o)
                0x080033fc                codal::Serial::readUntil(codal::ManagedString, codal::SerialMode)
 .text._ZN5codal5Timer17disableInterruptsEv
                0x080035a2        0xa .pioenvs\bluepill_f103c8\lib635\libcodal-core.a(Timer.o)
                0x080035a2                codal::Timer::disableInterrupts()
 .text._ZN5codal5Timer16enableInterruptsEv
                0x080035ac        0xa .pioenvs\bluepill_f103c8\lib635\libcodal-core.a(Timer.o)
                0x080035ac                codal::Timer::enableInterrupts()
 .text._ZN5codal5Timer13getTimerEventEv
                0x080035b6       0x22 .pioenvs\bluepill_f103c8\lib635\libcodal-core.a(Timer.o)
                0x080035b6                codal::Timer::getTimerEvent()
 .text._ZN5codal5Timer17releaseTimerEventEPNS_10TimerEventE
                0x080035d8        0xe .pioenvs\bluepill_f103c8\lib635\libcodal-core.a(Timer.o)
                0x080035d8                codal::Timer::releaseTimerEvent(codal::TimerEvent*)
 .text._ZN5codal5Timer7getTimeEv
                0x080035e6       0x10 .pioenvs\bluepill_f103c8\lib635\libcodal-core.a(Timer.o)
                0x080035e6                codal::Timer::getTime()
 .text._ZN5codal5Timer9getTimeUsEv
                0x080035f6       0x10 .pioenvs\bluepill_f103c8\lib635\libcodal-core.a(Timer.o)
                0x080035f6                codal::Timer::getTimeUs()
 .text._ZN5codal5Timer8setEventEyttb
                0x08003606       0x88 .pioenvs\bluepill_f103c8\lib635\libcodal-core.a(Timer.o)
                0x08003606                codal::Timer::setEvent(unsigned long long, unsigned short, unsigned short, bool)
 .text._ZN5codal5Timer12eventEveryUsEytt
                0x0800368e       0x1c .pioenvs\bluepill_f103c8\lib635\libcodal-core.a(Timer.o)
                0x0800368e                codal::Timer::eventEveryUs(unsigned long long, unsigned short, unsigned short)
 .text._ZN5codal5Timer4syncEy
                0x080036aa       0x3e .pioenvs\bluepill_f103c8\lib635\libcodal-core.a(Timer.o)
                0x080036aa                codal::Timer::sync(unsigned long long)
 .text._ZN5codal5Timer7triggerEv
                0x080036e8       0xca .pioenvs\bluepill_f103c8\lib635\libcodal-core.a(Timer.o)
                0x080036e8                codal::Timer::trigger()
 .text._ZN5codal5TimerD2Ev
                0x080037b2        0x2 .pioenvs\bluepill_f103c8\lib635\libcodal-core.a(Timer.o)
                0x080037b2                codal::Timer::~Timer()
                0x080037b2                codal::Timer::~Timer()
 .text._ZN5codal10MessageBus9elementAtEi
                0x080037b4       0x10 .pioenvs\bluepill_f103c8\lib635\libcodal-core.a(MessageBus.o)
                0x080037b4                codal::MessageBus::elementAt(int)
 .text._ZN5codal22MemberFunctionCallback10methodCallINS_10MessageBusEEEvPvPmNS_5EventE
                0x080037c4       0x44 .pioenvs\bluepill_f103c8\lib635\libcodal-core.a(MessageBus.o)
                0x080037c4                void codal::MemberFunctionCallback::methodCall<codal::MessageBus>(void*, unsigned long*, codal::Event)
 .text._Z14async_callbackPv
                0x08003808       0x98 .pioenvs\bluepill_f103c8\lib635\libcodal-core.a(MessageBus.o)
                0x08003808                async_callback(void*)
 .text._ZThn8_N5codal10MessageBusD1Ev
                0x080038a0        0x8 .pioenvs\bluepill_f103c8\lib635\libcodal-core.a(MessageBus.o)
                0x080038a0                non-virtual thunk to codal::MessageBus::~MessageBus()
 .text._ZN5codal10MessageBusD0Ev
                0x080038a8       0x12 .pioenvs\bluepill_f103c8\lib635\libcodal-core.a(MessageBus.o)
                0x080038a8                codal::MessageBus::~MessageBus()
 .text._ZThn8_N5codal10MessageBusD0Ev
                0x080038ba        0x8 .pioenvs\bluepill_f103c8\lib635\libcodal-core.a(MessageBus.o)
                0x080038ba                non-virtual thunk to codal::MessageBus::~MessageBus()
 .text._ZN5codal10MessageBus12dequeueEventEv
                0x080038c2       0x22 .pioenvs\bluepill_f103c8\lib635\libcodal-core.a(MessageBus.o)
                0x080038c2                codal::MessageBus::dequeueEvent()
 .text._ZN5codal10MessageBus21deleteMarkedListenersEv
                0x080038e4       0x42 .pioenvs\bluepill_f103c8\lib635\libcodal-core.a(MessageBus.o)
                0x080038e4                codal::MessageBus::deleteMarkedListeners()
 .text._ZN5codal10MessageBus10queueEventERNS_5EventE
                0x08003926       0x6c .pioenvs\bluepill_f103c8\lib635\libcodal-core.a(MessageBus.o)
                0x08003926                codal::MessageBus::queueEvent(codal::Event&)
 .text._ZN5codal10MessageBus4sendENS_5EventE
                0x08003992       0x18 .pioenvs\bluepill_f103c8\lib635\libcodal-core.a(MessageBus.o)
                0x08003992                codal::MessageBus::send(codal::Event)
 .text._ZN5codal10MessageBus4idleENS_5EventE
                0x080039aa       0x3a .pioenvs\bluepill_f103c8\lib635\libcodal-core.a(MessageBus.o)
                0x080039aa                codal::MessageBus::idle(codal::Event)
 .text._ZN5codal5EventC2Ev
                0x080039e4       0x14 .pioenvs\bluepill_f103c8\lib635\libcodal-core.a(Event.o)
                0x080039e4                codal::Event::Event()
                0x080039e4                codal::Event::Event()
 .text._ZN5codal5EventC2EttNS_15EventLaunchModeE
                0x080039f8       0x1e .pioenvs\bluepill_f103c8\lib635\libcodal-core.a(Event.o)
                0x080039f8                codal::Event::Event(unsigned short, unsigned short, codal::EventLaunchMode)
                0x080039f8                codal::Event::Event(unsigned short, unsigned short, codal::EventLaunchMode)
 .text._ZN5codal5EventC2EttyNS_15EventLaunchModeE
                0x08003a16       0x1e .pioenvs\bluepill_f103c8\lib635\libcodal-core.a(Event.o)
                0x08003a16                codal::Event::Event(unsigned short, unsigned short, unsigned long long, codal::EventLaunchMode)
                0x08003a16                codal::Event::Event(unsigned short, unsigned short, unsigned long long, codal::EventLaunchMode)
 .text._ZN5codal14EventQueueItemC2ENS_5EventE
                0x08003a34       0x26 .pioenvs\bluepill_f103c8\lib635\libcodal-core.a(Event.o)
                0x08003a34                codal::EventQueueItem::EventQueueItem(codal::Event)
                0x08003a34                codal::EventQueueItem::EventQueueItem(codal::Event)
 .text._ZN5codal13ManagedStringD2Ev
                0x08003a5a        0xe .pioenvs\bluepill_f103c8\lib635\libcodal-core.a(ManagedString.o)
                0x08003a5a                codal::ManagedString::~ManagedString()
                0x08003a5a                codal::ManagedString::~ManagedString()
 .text._ZN5codal13ManagedString10initStringEPKci
                0x08003a68       0x2e .pioenvs\bluepill_f103c8\lib635\libcodal-core.a(ManagedString.o)
                0x08003a68                codal::ManagedString::initString(char const*, int)
 .text._ZN5codal13ManagedStringC2Ei
                0x08003a96       0x22 .pioenvs\bluepill_f103c8\lib635\libcodal-core.a(ManagedString.o)
                0x08003a96                codal::ManagedString::ManagedString(int)
                0x08003a96                codal::ManagedString::ManagedString(int)
 .text._ZN5codal13ManagedStringC2ERKS0_
                0x08003ab8       0x10 .pioenvs\bluepill_f103c8\lib635\libcodal-core.a(ManagedString.o)
                0x08003ab8                codal::ManagedString::ManagedString(codal::ManagedString const&)
                0x08003ab8                codal::ManagedString::ManagedString(codal::ManagedString const&)
 .text._ZN5codal13ManagedStringaSERKS0_
                0x08003ac8       0x1e .pioenvs\bluepill_f103c8\lib635\libcodal-core.a(ManagedString.o)
                0x08003ac8                codal::ManagedString::operator=(codal::ManagedString const&)
 .text._ZN5codal13ManagedString6charAtEs
                0x08003ae6       0x18 .pioenvs\bluepill_f103c8\lib635\libcodal-core.a(ManagedString.o)
                0x08003ae6                codal::ManagedString::charAt(short)
 .text._ZL16isReadOnlyInlinePN5codal10RefCountedE
                0x08003afe       0x22 .pioenvs\bluepill_f103c8\lib635\libcodal-core.a(RefCounted.o)
 .text._ZN5codal10RefCounted4incrEv
                0x08003b20       0x12 .pioenvs\bluepill_f103c8\lib635\libcodal-core.a(RefCounted.o)
                0x08003b20                codal::RefCounted::incr()
 .text._ZN5codal10RefCounted4decrEv
                0x08003b32       0x22 .pioenvs\bluepill_f103c8\lib635\libcodal-core.a(RefCounted.o)
                0x08003b32                codal::RefCounted::decr()
 .text._ZN5codal10RefCounted7destroyEv
                0x08003b54        0x4 .pioenvs\bluepill_f103c8\lib635\libcodal-core.a(RefCountedInit.o)
                0x08003b54                codal::RefCounted::destroy()
 .text._ZN5codal10RefCounted4initEv
                0x08003b58        0x6 .pioenvs\bluepill_f103c8\lib635\libcodal-core.a(RefCountedInit.o)
                0x08003b58                codal::RefCounted::init()
 .text._ZN5codal14string_reverseEPc
                0x08003b5e       0x2a .pioenvs\bluepill_f103c8\lib635\libcodal-core.a(CodalCompat.o)
                0x08003b5e                codal::string_reverse(char*)
 .text._ZN5codal4itoaEiPc
                0x08003b88       0x50 .pioenvs\bluepill_f103c8\lib635\libcodal-core.a(CodalCompat.o)
                0x08003b88                codal::itoa(int, char*)
 .text._ZN5codal22MemberFunctionCallback4fireENS_5EventE
                0x08003bd8       0x2c .pioenvs\bluepill_f103c8\lib635\libcodal-core.a(MemberFunctionCallback.o)
                0x08003bd8                codal::MemberFunctionCallback::fire(codal::Event)
 .text._ZN5codal22MemberFunctionCallbackeqERKS0_
                0x08003c04       0x20 .pioenvs\bluepill_f103c8\lib635\libcodal-core.a(MemberFunctionCallback.o)
                0x08003c04                codal::MemberFunctionCallback::operator==(codal::MemberFunctionCallback const&)
 .text._ZN5codal3Pin15setServoPulseUsEm
                0x08003c24        0x6 .pioenvs\bluepill_f103c8\lib24c\libcm.a(CmPin.o)
                0x08003c24                codal::Pin::setServoPulseUs(unsigned long)
 .text._ZN5codal3Pin17setAnalogPeriodUsEm
                0x08003c2a        0x6 .pioenvs\bluepill_f103c8\lib24c\libcm.a(CmPin.o)
                0x08003c2a                codal::Pin::setAnalogPeriodUs(unsigned long)
 .text._ZN5codal3Pin8drainPinEv
                0x08003c30        0x6 .pioenvs\bluepill_f103c8\lib24c\libcm.a(CmPin.o)
                0x08003c30                codal::Pin::drainPin()
 .text._ZN5codal3_cm3Pin15getDigitalValueEv
                0x08003c36        0x4 .pioenvs\bluepill_f103c8\lib24c\libcm.a(CmPin.o)
                0x08003c36                codal::_cm::Pin::getDigitalValue()
 .text._ZN5codal3_cm3Pin15getDigitalValueENS_8PullModeE
                0x08003c3a       0x16 .pioenvs\bluepill_f103c8\lib24c\libcm.a(CmPin.o)
                0x08003c3a                codal::_cm::Pin::getDigitalValue(codal::PullMode)
 .text._ZN5codal3_cm3Pin14getAnalogValueEv
                0x08003c50        0x4 .pioenvs\bluepill_f103c8\lib24c\libcm.a(CmPin.o)
                0x08003c50                codal::_cm::Pin::getAnalogValue()
 .text._ZN5codal3_cm3Pin7isInputEv
                0x08003c54        0xe .pioenvs\bluepill_f103c8\lib24c\libcm.a(CmPin.o)
                0x08003c54                codal::_cm::Pin::isInput()
 .text._ZN5codal3_cm3Pin8isOutputEv
                0x08003c62        0xe .pioenvs\bluepill_f103c8\lib24c\libcm.a(CmPin.o)
                0x08003c62                codal::_cm::Pin::isOutput()
 .text._ZN5codal3_cm3Pin9isDigitalEv
                0x08003c70        0xc .pioenvs\bluepill_f103c8\lib24c\libcm.a(CmPin.o)
                0x08003c70                codal::_cm::Pin::isDigital()
 .text._ZN5codal3_cm3Pin8isAnalogEv
                0x08003c7c        0xe .pioenvs\bluepill_f103c8\lib24c\libcm.a(CmPin.o)
                0x08003c7c                codal::_cm::Pin::isAnalog()
 .text._ZN5codal3_cm3Pin15getAnalogPeriodEv
                0x08003c8a       0x12 .pioenvs\bluepill_f103c8\lib24c\libcm.a(CmPin.o)
                0x08003c8a                codal::_cm::Pin::getAnalogPeriod()
 .text._ZN5codal3_cm3Pin7setPullENS_8PullModeE
                0x08003c9c        0x6 .pioenvs\bluepill_f103c8\lib24c\libcm.a(CmPin.o)
                0x08003c9c                codal::_cm::Pin::setPull(codal::PullMode)
 .text._ZN5codal3_cm3Pin5setupEhh
                0x08003ca2       0x1e .pioenvs\bluepill_f103c8\lib24c\libcm.a(CmPin.o)
                0x08003ca2                codal::_cm::Pin::setup(unsigned char, unsigned char)
 .text._ZN5codal3_cm3Pin17setAnalogPeriodUsEi
                0x08003cc0       0x12 .pioenvs\bluepill_f103c8\lib24c\libcm.a(CmPin.o)
                0x08003cc0                codal::_cm::Pin::setAnalogPeriodUs(int)
 .text._ZN5codal3_cm3Pin15setAnalogPeriodEi
                0x08003cd2        0xa .pioenvs\bluepill_f103c8\lib24c\libcm.a(CmPin.o)
                0x08003cd2                codal::_cm::Pin::setAnalogPeriod(int)
 .text._ZN5codal3_cm3Pin13disableEventsEv
                0x08003cdc       0x10 .pioenvs\bluepill_f103c8\lib24c\libcm.a(CmPin.o)
                0x08003cdc                codal::_cm::Pin::disableEvents()
 .text._ZN5codal3_cm3Pin7eventOnEi
                0x08003cec       0x26 .pioenvs\bluepill_f103c8\lib24c\libcm.a(CmPin.o)
                0x08003cec                codal::_cm::Pin::eventOn(int)
 .text._ZN5codal3_cm6Serial15enableInterruptENS_19SerialInterruptTypeE
                0x08003d12        0x4 .pioenvs\bluepill_f103c8\lib24c\libcm.a(CmSerial.o)
                0x08003d12                codal::_cm::Serial::enableInterrupt(codal::SerialInterruptType)
 .text._ZN5codal3_cm6Serial16disableInterruptENS_19SerialInterruptTypeE
                0x08003d16        0x4 .pioenvs\bluepill_f103c8\lib24c\libcm.a(CmSerial.o)
                0x08003d16                codal::_cm::Serial::disableInterrupt(codal::SerialInterruptType)
 .text._ZN5codal3_cm6Serial11setBaudrateEm
                0x08003d1a        0x4 .pioenvs\bluepill_f103c8\lib24c\libcm.a(CmSerial.o)
                0x08003d1a                codal::_cm::Serial::setBaudrate(unsigned long)
 .text._ZN5codal3_cm6Serial13configurePinsERNS_3PinES3_
                0x08003d1e        0x4 .pioenvs\bluepill_f103c8\lib24c\libcm.a(CmSerial.o)
                0x08003d1e                codal::_cm::Serial::configurePins(codal::Pin&, codal::Pin&)
 .text._ZN5codal3_cm6Serial4putcEc
                0x08003d22        0x4 .pioenvs\bluepill_f103c8\lib24c\libcm.a(CmSerial.o)
                0x08003d22                codal::_cm::Serial::putc(char)
 .text._ZN5codal3_cm6Serial4getcEv
                0x08003d26        0x6 .pioenvs\bluepill_f103c8\lib24c\libcm.a(CmSerial.o)
                0x08003d26                codal::_cm::Serial::getc()
 .text._ZN5codal3_cm6SerialD0Ev
                0x08003d2c       0x12 .pioenvs\bluepill_f103c8\lib24c\libcm.a(CmSerial.o)
                0x08003d2c                codal::_cm::Serial::~Serial()
 .text._ZN5codal3_cm6Serial12initialiseRxEv
                0x08003d3e       0x38 .pioenvs\bluepill_f103c8\lib24c\libcm.a(CmSerial.o)
                0x08003d3e                codal::_cm::Serial::initialiseRx()
 .text._ZN5codal3_cm6Serial12circularCopyEPhhS2_tt
                0x08003d76       0x26 .pioenvs\bluepill_f103c8\lib24c\libcm.a(CmSerial.o)
                0x08003d76                codal::_cm::Serial::circularCopy(unsigned char*, unsigned char, unsigned char*, unsigned short, unsigned short)
 .text._ZN5codal3_cm6Serial7eventOnENS_13ManagedStringENS_10SerialModeE
                0x08003d9c       0x24 .pioenvs\bluepill_f103c8\lib24c\libcm.a(CmSerial.o)
                0x08003d9c                codal::_cm::Serial::eventOn(codal::ManagedString, codal::SerialMode)
 .text._ZN5codal3_cm6Serial9readUntilENS_13ManagedStringENS_10SerialModeE
                0x08003dc0      0x1a6 .pioenvs\bluepill_f103c8\lib24c\libcm.a(CmSerial.o)
                0x08003dc0                codal::_cm::Serial::readUntil(codal::ManagedString, codal::SerialMode)
 .text._ZN5codal3_cm5Timer9triggerInEy
                0x08003f66        0x2 .pioenvs\bluepill_f103c8\lib24c\libcm.a(CmTimer.o)
                0x08003f66                codal::_cm::Timer::triggerIn(unsigned long long)
 .text._ZN5codal3_cm5Timer11syncRequestEv
                0x08003f68       0x28 .pioenvs\bluepill_f103c8\lib24c\libcm.a(CmTimer.o)
                0x08003f68                codal::_cm::Timer::syncRequest()
 .text.target_disable_debug
                0x08003f90        0x4 .pioenvs\bluepill_f103c8\lib24c\libcm.a(codal_target_hal.o)
                0x08003f90                target_disable_debug
 .text.target_enable_irq
                0x08003f94        0x4 .pioenvs\bluepill_f103c8\lib24c\libcm.a(codal_target_hal.o)
                0x08003f94                target_enable_irq
 .text.target_disable_irq
                0x08003f98        0x4 .pioenvs\bluepill_f103c8\lib24c\libcm.a(codal_target_hal.o)
                0x08003f98                target_disable_irq
 .text.target_wait_for_event
                0x08003f9c        0xa .pioenvs\bluepill_f103c8\lib24c\libcm.a(codal_target_hal.o)
                0x08003f9c                target_wait_for_event
 .text.tcb_allocate
                0x08003fa6        0x6 .pioenvs\bluepill_f103c8\lib24c\libcm.a(codal_target_hal.o)
                0x08003fa6                tcb_allocate
 .text.tcb_configure_lr
                0x08003fac        0x4 .pioenvs\bluepill_f103c8\lib24c\libcm.a(codal_target_hal.o)
                0x08003fac                tcb_configure_lr
 .text.tcb_configure_sp
                0x08003fb0        0x4 .pioenvs\bluepill_f103c8\lib24c\libcm.a(codal_target_hal.o)
                0x08003fb0                tcb_configure_sp
 .text.tcb_configure_stack_base
                0x08003fb4        0x4 .pioenvs\bluepill_f103c8\lib24c\libcm.a(codal_target_hal.o)
                0x08003fb4                tcb_configure_stack_base
 .text.tcb_get_stack_base
                0x08003fb8        0x4 .pioenvs\bluepill_f103c8\lib24c\libcm.a(codal_target_hal.o)
                0x08003fb8                tcb_get_stack_base
 .text.get_current_sp
                0x08003fbc        0x4 .pioenvs\bluepill_f103c8\lib24c\libcm.a(codal_target_hal.o)
                0x08003fbc                get_current_sp
 .text.tcb_get_sp
                0x08003fc0        0x4 .pioenvs\bluepill_f103c8\lib24c\libcm.a(codal_target_hal.o)
                0x08003fc0                tcb_get_sp
 .text.tcb_configure_args
                0x08003fc4        0x8 .pioenvs\bluepill_f103c8\lib24c\libcm.a(codal_target_hal.o)
                0x08003fc4                tcb_configure_args
 .text._ZN5codal13STM32BluePill16periodicCallbackEv
                0x08003fcc        0x2 .pioenvs\bluepill_f103c8\libff7\libbluepill.a(STM32BluePill.o)
                0x08003fcc                codal::STM32BluePill::periodicCallback()
 .text._ZN5codal13STM32BluePill12idleCallbackEv
                0x08003fce        0x4 .pioenvs\bluepill_f103c8\libff7\libbluepill.a(STM32BluePill.o)
                0x08003fce                codal::STM32BluePill::idleCallback()
 .text._ZN5codal13STM32BluePill12disableDebugEv
                0x08003fd2        0x4 .pioenvs\bluepill_f103c8\libff7\libbluepill.a(STM32BluePill.o)
                0x08003fd2                codal::STM32BluePill::disableDebug()
 .text.__cxa_pure_virtual
                0x08003fd6        0x8 .pioenvs\bluepill_f103c8\libff7\libbluepill.a(bluepill.o)
                0x08003fd6                __cxa_pure_virtual
 .text._Znwj    0x08003fde        0x4 .pioenvs\bluepill_f103c8\libff7\libbluepill.a(bluepill.o)
                0x08003fde                operator new(unsigned int)
 .text._ZdlPv   0x08003fe2        0x4 .pioenvs\bluepill_f103c8\libff7\libbluepill.a(bluepill.o)
                0x08003fe2                operator delete(void*)
 .text.platform_set_alarm
                0x08003fe6        0x4 .pioenvs\bluepill_f103c8\libff7\libbluepill.a(timer.o)
                0x08003fe6                platform_set_alarm
 .text.millis   0x08003fea        0x4 .pioenvs\bluepill_f103c8\libff7\libbluepill.a(timer.o)
                0x08003fea                millis
 .text._ZN13UARTInterfaceC2Ejj
                0x08003fee        0x2 .pioenvs\bluepill_f103c8\lib492\libuartint.a(uartint.o)
                0x08003fee                UARTInterface::UARTInterface(unsigned int, unsigned int)
                0x08003fee                UARTInterface::UARTInterface(unsigned int, unsigned int)
 .text.gpio_set_mode
                0x08003ff0       0x62 .pioenvs\bluepill_f103c8\libFrameworkLibOpenCM3.a(gpio.o)
                0x08003ff0                gpio_set_mode
 .text.gpio_set
                0x08004052        0x4 .pioenvs\bluepill_f103c8\libFrameworkLibOpenCM3.a(gpio_common_all.o)
                0x08004052                gpio_set
 .text.gpio_clear
                0x08004056        0x6 .pioenvs\bluepill_f103c8\libFrameworkLibOpenCM3.a(gpio_common_all.o)
                0x08004056                gpio_clear
 .text.usart_recv
                0x0800405c        0x8 .pioenvs\bluepill_f103c8\libFrameworkLibOpenCM3.a(usart_common_f124.o)
                0x0800405c                usart_recv
 .text.rcc_periph_clock_enable
                0x08004064       0x1a .pioenvs\bluepill_f103c8\libFrameworkLibOpenCM3.a(rcc_common_all.o)
                0x08004064                rcc_periph_clock_enable
 .text.blocking_handler
                0x0800407e        0x2 .pioenvs\bluepill_f103c8\libFrameworkLibOpenCM3.a(vector.o)
                0x0800407e                usart3_isr
                0x0800407e                tim7_isr
                0x0800407e                adc1_2_isr
                0x0800407e                tim1_trg_com_isr
                0x0800407e                usb_hp_can_tx_isr
                0x0800407e                tim6_isr
                0x0800407e                usb_wakeup_isr
                0x0800407e                blocking_handler
                0x0800407e                tim5_isr
                0x0800407e                otg_fs_isr
                0x0800407e                spi1_isr
                0x0800407e                exti2_isr
                0x0800407e                dma1_channel6_isr
                0x0800407e                can_rx1_isr
                0x0800407e                dma1_channel5_isr
                0x0800407e                dma2_channel5_isr
                0x0800407e                usart1_isr
                0x0800407e                usage_fault_handler
                0x0800407e                tim8_trg_com_isr
                0x0800407e                can2_rx0_isr
                0x0800407e                tim1_brk_isr
                0x0800407e                can2_rx1_isr
                0x0800407e                tim1_cc_isr
                0x0800407e                sdio_isr
                0x0800407e                eth_isr
                0x0800407e                dma1_channel4_isr
                0x0800407e                tim8_brk_isr
                0x0800407e                dma2_channel4_5_isr
                0x0800407e                pvd_isr
                0x0800407e                rcc_isr
                0x0800407e                flash_isr
                0x0800407e                uart4_isr
                0x0800407e                exti15_10_isr
                0x0800407e                hard_fault_handler
                0x0800407e                exti1_isr
                0x0800407e                i2c1_ev_isr
                0x0800407e                dma2_channel1_isr
                0x0800407e                spi2_isr
                0x0800407e                tim8_up_isr
                0x0800407e                dma2_channel2_isr
                0x0800407e                exti3_isr
                0x0800407e                adc3_isr
                0x0800407e                tim3_isr
                0x0800407e                usb_lp_can_rx0_isr
                0x0800407e                i2c2_er_isr
                0x0800407e                i2c2_ev_isr
                0x0800407e                uart5_isr
                0x0800407e                fsmc_isr
                0x0800407e                dma1_channel1_isr
                0x0800407e                exti4_isr
                0x0800407e                mem_manage_handler
                0x0800407e                can2_tx_isr
                0x0800407e                exti9_5_isr
                0x0800407e                dma2_channel3_isr
                0x0800407e                dma1_channel7_isr
                0x0800407e                tim1_up_isr
                0x0800407e                can2_sce_isr
                0x0800407e                tim4_isr
                0x0800407e                dma1_channel2_isr
                0x0800407e                i2c1_er_isr
                0x0800407e                can_sce_isr
                0x0800407e                tim8_cc_isr
                0x0800407e                tamper_isr
                0x0800407e                eth_wkup_isr
                0x0800407e                bus_fault_handler
                0x0800407e                wwdg_isr
                0x0800407e                dma1_channel3_isr
                0x0800407e                spi3_isr
                0x0800407e                tim2_isr
                0x0800407e                exti0_isr
 .text.null_handler
                0x08004080        0x2 .pioenvs\bluepill_f103c8\libFrameworkLibOpenCM3.a(vector.o)
                0x08004080                sv_call_handler
                0x08004080                pend_sv_handler
                0x08004080                debug_monitor_handler
                0x08004080                sys_tick_handler
                0x08004080                nmi_handler
                0x08004080                null_handler
 .text.nvic_enable_irq
                0x08004082       0x1a .pioenvs\bluepill_f103c8\libFrameworkLibOpenCM3.a(nvic.o)
                0x08004082                nvic_enable_irq
 .text._ZN5codal3_cm3I2C12setFrequencyEm
                0x0800409c        0x4 .pioenvs\bluepill_f103c8\lib24c\libcm.a(CmI2C.o)
                0x0800409c                codal::_cm::I2C::setFrequency(unsigned long)
 .text._ZN5codal3_cm3I2C5writeEtPhib
                0x080040a0        0x4 .pioenvs\bluepill_f103c8\lib24c\libcm.a(CmI2C.o)
                0x080040a0                codal::_cm::I2C::write(unsigned short, unsigned char*, int, bool)
                0x080040a0                codal::_cm::I2C::read(unsigned short, unsigned char*, int, bool)
 .text._ZN5codal3_cm3I2C12readRegisterEthPhib
                0x080040a4        0x4 .pioenvs\bluepill_f103c8\lib24c\libcm.a(CmI2C.o)
                0x080040a4                codal::_cm::I2C::readRegister(unsigned short, unsigned char, unsigned char*, int, bool)
 .text._ZN5codal3_cm3SPI12setFrequencyEm
                0x080040a8        0xc .pioenvs\bluepill_f103c8\lib24c\libcm.a(CmSPI.o)
                0x080040a8                codal::_cm::SPI::setFrequency(unsigned long)
 .text._ZN5codal3_cm3SPI5writeEi
                0x080040b4        0xe .pioenvs\bluepill_f103c8\lib24c\libcm.a(CmSPI.o)
                0x080040b4                codal::_cm::SPI::write(int)
 .text._ZN5codal3_cm3SPI8transferEPKhmPhm
                0x080040c2        0x4 .pioenvs\bluepill_f103c8\lib24c\libcm.a(CmSPI.o)
                0x080040c2                codal::_cm::SPI::transfer(unsigned char const*, unsigned long, unsigned char*, unsigned long)
 .text._ZN5codal3_cm3SPI7setModeEii
                0x080040c6       0x18 .pioenvs\bluepill_f103c8\lib24c\libcm.a(CmSPI.o)
                0x080040c6                codal::_cm::SPI::setMode(int, int)
 .text._ZN5codal3_cm16_codal_setup_pinEPNS0_3PinEmPK6PinMap
                0x080040de       0x54 .pioenvs\bluepill_f103c8\lib24c\libcm.a(CmSPI.o)
                0x080040de                codal::_cm::_codal_setup_pin(codal::_cm::Pin*, unsigned long, PinMap const*)
 .text._ZN5codal3_cm3SPI13startTransferEPKhmPhmPFvPvES5_
                0x08004132       0x28 .pioenvs\bluepill_f103c8\lib24c\libcm.a(CmSPI.o)
                0x08004132                codal::_cm::SPI::startTransfer(unsigned char const*, unsigned long, unsigned char*, unsigned long, void (*)(void*), void*)
 .text._ZN5codal3I2C12setFrequencyEm
                0x0800415a        0x6 .pioenvs\bluepill_f103c8\lib635\libcodal-core.a(I2C.o)
                0x0800415a                codal::I2C::setFrequency(unsigned long)
 .text._ZN5codal3I2C5startEv
                0x08004160        0x6 .pioenvs\bluepill_f103c8\lib635\libcodal-core.a(I2C.o)
                0x08004160                codal::I2C::start()
                0x08004160                codal::I2C::stop()
 .text._ZN5codal3I2C5writeEh
                0x08004166        0x6 .pioenvs\bluepill_f103c8\lib635\libcodal-core.a(I2C.o)
                0x08004166                codal::I2C::write(unsigned char)
                0x08004166                codal::I2C::read(codal::AcknowledgeType)
 .text._ZN5codal3I2C13writeRegisterEthh
                0x0800416c       0x1c .pioenvs\bluepill_f103c8\lib635\libcodal-core.a(I2C.o)
                0x0800416c                codal::I2C::writeRegister(unsigned short, unsigned char, unsigned char)
 .text._ZN5codal3I2C5writeEtPhib
                0x08004188       0x50 .pioenvs\bluepill_f103c8\lib635\libcodal-core.a(I2C.o)
                0x08004188                codal::I2C::write(unsigned short, unsigned char*, int, bool)
 .text._ZN5codal3I2C4readEtPhib
                0x080041d8       0x64 .pioenvs\bluepill_f103c8\lib635\libcodal-core.a(I2C.o)
                0x080041d8                codal::I2C::read(unsigned short, unsigned char*, int, bool)
 .text._ZN5codal3I2C5writeEth
                0x0800423c       0x1c .pioenvs\bluepill_f103c8\lib635\libcodal-core.a(I2C.o)
                0x0800423c                codal::I2C::write(unsigned short, unsigned char)
 .text._ZN5codal3I2C12readRegisterEthPhib
                0x08004258       0x42 .pioenvs\bluepill_f103c8\lib635\libcodal-core.a(I2C.o)
                0x08004258                codal::I2C::readRegister(unsigned short, unsigned char, unsigned char*, int, bool)
                0x0800429c                . = ALIGN (0x4)
 *fill*         0x0800429a        0x2 
 *(SORT_BY_ALIGNMENT(.rodata*))
 .rodata._ZTVN5codal14CodalComponentE
                0x0800429c       0x1c .pioenvs\bluepill_f103c8\src\main.o
                0x0800429c                vtable for codal::CodalComponent
 .rodata._ZTVN5codal6SerialE
                0x080042b8       0x38 .pioenvs\bluepill_f103c8\lib635\libcodal-core.a(Serial.o)
                0x080042b8                vtable for codal::Serial
 .rodata._ZTVN5codal5TimerE
                0x080042f0       0x18 .pioenvs\bluepill_f103c8\lib635\libcodal-core.a(Timer.o)
                0x080042f0                vtable for codal::Timer
 .rodata._ZTVN5codal10EventModelE
                0x08004308       0x14 .pioenvs\bluepill_f103c8\lib635\libcodal-core.a(MessageBus.o)
                0x08004308                vtable for codal::EventModel
 .rodata._ZTVN5codal10MessageBusE
                0x0800431c       0x3c .pioenvs\bluepill_f103c8\lib635\libcodal-core.a(MessageBus.o)
                0x0800431c                vtable for codal::MessageBus
 .rodata._ZL9emptyData
                0x08004358        0x4 .pioenvs\bluepill_f103c8\lib635\libcodal-core.a(ManagedString.o)
 .rodata._ZTVN5codal3_cm3PinE
                0x0800435c       0x54 .pioenvs\bluepill_f103c8\lib24c\libcm.a(CmPin.o)
                0x0800435c                vtable for codal::_cm::Pin
 .rodata._ZTVN5codal3_cm6SerialE
                0x080043b0       0x38 .pioenvs\bluepill_f103c8\lib24c\libcm.a(CmSerial.o)
                0x080043b0                vtable for codal::_cm::Serial
 .rodata._ZTVN5codal3_cm5TimerE
                0x080043e8       0x18 .pioenvs\bluepill_f103c8\lib24c\libcm.a(CmTimer.o)
                0x080043e8                vtable for codal::_cm::Timer
 .rodata._ZTVN5codal13STM32BluePillE
                0x08004400       0x1c .pioenvs\bluepill_f103c8\libff7\libbluepill.a(STM32BluePill.o)
                0x08004400                vtable for codal::STM32BluePill
 .rodata.PinMap_SPI_MISO
                0x0800441c       0x48 .pioenvs\bluepill_f103c8\libff7\libbluepill.a(STM32BluePillIO.o)
                0x0800441c                PinMap_SPI_MISO
 .rodata.PinMap_SPI_MOSI
                0x08004464       0x48 .pioenvs\bluepill_f103c8\libff7\libbluepill.a(STM32BluePillIO.o)
                0x08004464                PinMap_SPI_MOSI
 .rodata.PinMap_SPI_NSS
                0x080044ac       0x48 .pioenvs\bluepill_f103c8\libff7\libbluepill.a(STM32BluePillIO.o)
                0x080044ac                PinMap_SPI_NSS
 .rodata.PinMap_SPI_SCK
                0x080044f4       0x48 .pioenvs\bluepill_f103c8\libff7\libbluepill.a(STM32BluePillIO.o)
                0x080044f4                PinMap_SPI_SCK
 .rodata._global_impure_ptr
                0x0800453c        0x4 c:/users/guppy/.platformio/packages/toolchain-gccarmnoneeabi/bin/../lib/gcc/arm-none-eabi/7.2.1/../../../../arm-none-eabi/lib/thumb/v7-m\libc.a(lib_a-impure.o)
                0x0800453c                _global_impure_ptr
 .rodata._ZTVN5codal3_cm3I2CE
                0x08004540       0x2c .pioenvs\bluepill_f103c8\lib24c\libcm.a(CmI2C.o)
                0x08004540                vtable for codal::_cm::I2C
 .rodata._ZTVN5codal3_cm3SPIE
                0x0800456c       0x1c .pioenvs\bluepill_f103c8\lib24c\libcm.a(CmSPI.o)
                0x0800456c                vtable for codal::_cm::SPI
 .rodata._ZTVN5codal3I2CE
                0x08004588       0x2c .pioenvs\bluepill_f103c8\lib635\libcodal-core.a(I2C.o)
                0x08004588                vtable for codal::I2C
 .rodata._Z10debug_dumpv.str1.1
                0x080045b4        0xc .pioenvs\bluepill_f103c8\src\main.o
                                  0xd (size before relaxing)
 .rodata._Z11debug_printi.str1.1
                0x080045c0        0x4 .pioenvs\bluepill_f103c8\lib931\liblogger.a(logger.o)
 .rodata._Z11debug_printj.str1.1
                0x080045c4        0xb .pioenvs\bluepill_f103c8\lib931\liblogger.a(logger.o)
 .rodata.debug_println.str1.1
                0x080045cf        0x2 .pioenvs\bluepill_f103c8\lib931\liblogger.a(logger.o)
 .rodata._ZN5codal3_cm3Pin15setDigitalValueEi.str1.1
                0x080045d1       0x42 .pioenvs\bluepill_f103c8\lib24c\libcm.a(CmPin.o)
 .rodata._ZN5codal3_cm3PinC2EhmmtNS_13PinCapabilityE.str1.1
                0x08004613        0xa .pioenvs\bluepill_f103c8\lib24c\libcm.a(CmPin.o)
 .rodata._ZN5codal3_cm3PinC2Ei7PinNameNS_13PinCapabilityE.str1.1
                0x0800461d        0xf .pioenvs\bluepill_f103c8\lib24c\libcm.a(CmPin.o)
                                 0x17 (size before relaxing)
 .rodata.target_panic.str1.1
                0x0800462c       0x13 .pioenvs\bluepill_f103c8\lib24c\libcm.a(codal_target_hal.o)
 .rodata.target_wait.str1.1
                0x0800463f       0x10 .pioenvs\bluepill_f103c8\lib24c\libcm.a(codal_target_hal.o)
 .rodata.test_codal.str1.1
                0x0800464f       0x2d .pioenvs\bluepill_f103c8\lib24c\libcm.a(codal_target_hal.o)
 .rodata.platform_setup.str1.1
                0x0800467c       0x13 .pioenvs\bluepill_f103c8\libff7\libbluepill.a(bluepill.o)
 .rodata._ZN5codal3_cm3SPIC2ERNS0_3PinES3_S3_.str1.1
                0x0800468f       0x22 .pioenvs\bluepill_f103c8\lib24c\libcm.a(CmSPI.o)
                                 0x23 (size before relaxing)
 .rodata._ZN5codal3_cm3SPIC2ERNS0_3PinES3_S3_S3_.str1.1
                0x080046b1        0x6 .pioenvs\bluepill_f103c8\lib24c\libcm.a(CmSPI.o)
                                 0x10 (size before relaxing)
 .rodata.pinmap_cnf.str1.1
                0x080046b7       0x19 .pioenvs\bluepill_f103c8\lib24c\libcm.a(CmPinMap.o)
 .rodata.pinmap_mode.str1.1
                0x080046d0       0x1a .pioenvs\bluepill_f103c8\lib24c\libcm.a(CmPinMap.o)
 .rodata.pinmap_peripheral.str1.1
                0x080046ea       0x20 .pioenvs\bluepill_f103c8\lib24c\libcm.a(CmPinMap.o)
                0x0800470c                . = ALIGN (0x4)
 *fill*         0x0800470a        0x2 

.glue_7         0x0800470c        0x0
 .glue_7        0x0800470c        0x0 linker stubs

.glue_7t        0x0800470c        0x0
 .glue_7t       0x0800470c        0x0 linker stubs

.vfp11_veneer   0x0800470c        0x0
 .vfp11_veneer  0x0800470c        0x0 linker stubs

.v4_bx          0x0800470c        0x0
 .v4_bx         0x0800470c        0x0 linker stubs

.iplt           0x0800470c        0x0
 .iplt          0x0800470c        0x0 asm/CortexContextSwitch.s.o

.preinit_array  0x0800470c        0x0
                0x0800470c                . = ALIGN (0x4)
                0x0800470c                __preinit_array_start = .
 *(SORT_BY_ALIGNMENT(.preinit_array))
                0x0800470c                __preinit_array_end = .

.init_array     0x0800470c       0x14
                0x0800470c                . = ALIGN (0x4)
                0x0800470c                __init_array_start = .
 *(SORT_BY_NAME(SORT_BY_ALIGNMENT(.init_array.*)))
 .init_array.00000
                0x0800470c        0x4 c:/users/guppy/.platformio/packages/toolchain-gccarmnoneeabi/bin/../lib/gcc/arm-none-eabi/7.2.1/../../../../arm-none-eabi/lib/thumb/v7-m\libc.a(lib_a-__call_atexit.o)
 *(SORT_BY_ALIGNMENT(.init_array))
 .init_array    0x08004710        0x4 .pioenvs\bluepill_f103c8\src\main.o
 .init_array    0x08004714        0x4 .pioenvs\bluepill_f103c8\src\uart.o
 .init_array    0x08004718        0x4 .pioenvs\bluepill_f103c8\lib635\libcodal-core.a(ManagedString.o)
 .init_array    0x0800471c        0x4 .pioenvs\bluepill_f103c8\lib492\libuartint.a(uartint.o)
                0x08004720                __init_array_end = .

.fini_array     0x08004720        0x0
                0x08004720                . = ALIGN (0x4)
                0x08004720                __fini_array_start = .
 *(SORT_BY_ALIGNMENT(.fini_array))
 *(SORT_BY_NAME(SORT_BY_ALIGNMENT(.fini_array.*)))
                0x08004720                __fini_array_end = .

.ARM.extab
 *(SORT_BY_ALIGNMENT(.ARM.extab*))

.ARM.exidx      0x08004720        0x8
                0x08004720                __exidx_start = .
 *(SORT_BY_ALIGNMENT(.ARM.exidx*))
 .ARM.exidx     0x08004720        0x8 c:/users/guppy/.platformio/packages/toolchain-gccarmnoneeabi/bin/../lib/gcc/arm-none-eabi/7.2.1/thumb/v7-m\libgcc.a(_udivmoddi4.o)
                0x08004728                __exidx_end = .

.rel.dyn        0x08004728        0x0
 .rel.iplt      0x08004728        0x0 asm/CortexContextSwitch.s.o
                0x08004728                . = ALIGN (0x4)
                0x08004728                _etext = .

.data           0x20000000      0x440 load address 0x08004728
                0x20000000                _data = .
 *(SORT_BY_ALIGNMENT(.data*))
 .data.impure_data
                0x20000000      0x428 c:/users/guppy/.platformio/packages/toolchain-gccarmnoneeabi/bin/../lib/gcc/arm-none-eabi/7.2.1/../../../../arm-none-eabi/lib/thumb/v7-m\libc.a(lib_a-impure.o)
 .data.codal_heap_start
                0x20000428        0x4 .pioenvs\bluepill_f103c8\lib24c\libcm.a(codal_target_hal.o)
                0x20000428                codal_heap_start
 .data.__atexit_recursive_mutex
                0x2000042c        0x4 c:/users/guppy/.platformio/packages/toolchain-gccarmnoneeabi/bin/../lib/gcc/arm-none-eabi/7.2.1/../../../../arm-none-eabi/lib/thumb/v7-m\libc.a(lib_a-__call_atexit.o)
                0x2000042c                __atexit_recursive_mutex
 .data.rcc_ahb_frequency
                0x20000430        0x4 .pioenvs\bluepill_f103c8\libFrameworkLibOpenCM3.a(rcc.o)
                0x20000430                rcc_ahb_frequency
 .data.rcc_apb1_frequency
                0x20000434        0x4 .pioenvs\bluepill_f103c8\libFrameworkLibOpenCM3.a(rcc.o)
                0x20000434                rcc_apb1_frequency
 .data.rcc_apb2_frequency
                0x20000438        0x4 .pioenvs\bluepill_f103c8\libFrameworkLibOpenCM3.a(rcc.o)
                0x20000438                rcc_apb2_frequency
 .data._ZL12userNotifyId
                0x2000043c        0x2 .pioenvs\bluepill_f103c8\lib635\libcodal-core.a(MessageBus.o)
                0x20000440                . = ALIGN (0x4)
 *fill*         0x2000043e        0x2 
                0x20000440                _edata = .
                0x08004728                _data_loadaddr = LOADADDR (.data)

.igot.plt       0x20000440        0x0 load address 0x08004b68
 .igot.plt      0x20000440        0x0 asm/CortexContextSwitch.s.o

.bss            0x20000440     0x1740 load address 0x08004b68
 *(SORT_BY_ALIGNMENT(.bss*))
 .bss.bluepill  0x20000440     0x1050 .pioenvs\bluepill_f103c8\src\main.o
                0x20000440                bluepill
 .bss.__dso_handle
                0x20001490        0x4 .pioenvs\bluepill_f103c8\src\main.o
                0x20001490                __dso_handle
 .bss.msgQList  0x20001494       0x20 .pioenvs\bluepill_f103c8\libd0a\libcocoOS_5.0.3.a(os_msgqueue.o)
 .bss.task_list
                0x200014b4       0x8c .pioenvs\bluepill_f103c8\libd0a\libcocoOS_5.0.3.a(os_task.o)
 .bss._ZN5codal14CodalComponent10componentsE
                0x20001540       0xf0 .pioenvs\bluepill_f103c8\lib635\libcodal-core.a(CodalComponent.o)
                0x20001540                codal::CodalComponent::components
 .bss._ZN5codal12currentFiberE
                0x20001630        0x4 .pioenvs\bluepill_f103c8\lib635\libcodal-core.a(CodalFiber.o)
                0x20001630                codal::currentFiber
 .bss._ZN5codalL10messageBusE
                0x20001634        0x4 .pioenvs\bluepill_f103c8\lib635\libcodal-core.a(CodalFiber.o)
 .bss._ZN5codalL10sleepQueueE
                0x20001638        0x4 .pioenvs\bluepill_f103c8\lib635\libcodal-core.a(CodalFiber.o)
 .bss._ZN5codalL11forkedFiberE
                0x2000163c        0x4 .pioenvs\bluepill_f103c8\lib635\libcodal-core.a(CodalFiber.o)
 .bss._ZN5codalL8runQueueE
                0x20001640        0x4 .pioenvs\bluepill_f103c8\lib635\libcodal-core.a(CodalFiber.o)
 .bss._ZN5codalL9fiberPoolE
                0x20001644        0x4 .pioenvs\bluepill_f103c8\lib635\libcodal-core.a(CodalFiber.o)
 .bss._ZN5codalL9idleFiberE
                0x20001648        0x4 .pioenvs\bluepill_f103c8\lib635\libcodal-core.a(CodalFiber.o)
 .bss._ZN5codalL9waitQueueE
                0x2000164c        0x4 .pioenvs\bluepill_f103c8\lib635\libcodal-core.a(CodalFiber.o)
 .bss.heap      0x20001650        0x8 .pioenvs\bluepill_f103c8\lib635\libcodal-core.a(CodalHeapAllocator.o)
                0x20001650                heap
 .bss._ZN5codal12system_timerE
                0x20001658        0x4 .pioenvs\bluepill_f103c8\lib635\libcodal-core.a(Timer.o)
                0x20001658                codal::system_timer
 .bss._ZN5codal10EventModel15defaultEventBusE
                0x2000165c        0x4 .pioenvs\bluepill_f103c8\lib635\libcodal-core.a(Event.o)
                0x2000165c                codal::EventModel::defaultEventBus
 .bss._ZN5codal13ManagedString11EmptyStringE
                0x20001660        0x4 .pioenvs\bluepill_f103c8\lib635\libcodal-core.a(ManagedString.o)
                0x20001660                codal::ManagedString::EmptyString
 .bss._ZN5codal3_cm5Timer8instanceE
                0x20001664        0x4 .pioenvs\bluepill_f103c8\lib24c\libcm.a(CmTimer.o)
                0x20001664                codal::_cm::Timer::instance
 .bss._ZL13tick_callback
                0x20001668        0x4 .pioenvs\bluepill_f103c8\lib24c\libcm.a(codal_target_hal.o)
 .bss._ZL10alarmCount
                0x2000166c        0x4 .pioenvs\bluepill_f103c8\libff7\libbluepill.a(timer.o)
 .bss._ZL8tickFunc
                0x20001670        0x4 .pioenvs\bluepill_f103c8\libff7\libbluepill.a(timer.o)
 .bss._ZL9tickCount
                0x20001674        0x4 .pioenvs\bluepill_f103c8\libff7\libbluepill.a(timer.o)
 .bss._ZL13responseQueue
                0x20001678       0x6c .pioenvs\bluepill_f103c8\lib492\libuartint.a(uartint.o)
 .bss._ZL14dmesg_flush_fn
                0x200016e4        0x4 .pioenvs\bluepill_f103c8\lib635\libcodal-core.a(CodalDmesg.o)
 .bss.codalLogStore
                0x200016e8      0x404 .pioenvs\bluepill_f103c8\lib635\libcodal-core.a(CodalDmesg.o)
                0x200016e8                codalLogStore
 .bss._ZN5codal3_cmL10_instancesE
                0x20001aec       0x10 .pioenvs\bluepill_f103c8\lib24c\libcm.a(CmSPI.o)
 .bss.serialPort
                0x20001afc        0x1 .pioenvs\bluepill_f103c8\src\uart.o
                0x20001afc                serialPort
 .bss.nEvents   0x20001afd        0x1 .pioenvs\bluepill_f103c8\libd0a\libcocoOS_5.0.3.a(os_event.o)
 .bss.nQueues   0x20001afe        0x1 .pioenvs\bluepill_f103c8\libd0a\libcocoOS_5.0.3.a(os_msgqueue.o)
 .bss.nSemaphores
                0x20001aff        0x1 .pioenvs\bluepill_f103c8\libd0a\libcocoOS_5.0.3.a(os_sem.o)
 .bss.nTasks    0x20001b00        0x1 .pioenvs\bluepill_f103c8\libd0a\libcocoOS_5.0.3.a(os_task.o)
 .bss._ZL10logEnabled
                0x20001b01        0x1 .pioenvs\bluepill_f103c8\lib931\liblogger.a(logger.o)
 .bss._ZL11debugBuffer
                0x20001b02       0x51 .pioenvs\bluepill_f103c8\lib931\liblogger.a(logger.o)
 .bss._ZN5codal14CodalComponent13configurationE
                0x20001b53        0x1 .pioenvs\bluepill_f103c8\lib635\libcodal-core.a(CodalComponent.o)
                0x20001b53                codal::CodalComponent::configuration
 .bss._ZN5codalL11fiber_flagsE
                0x20001b54        0x1 .pioenvs\bluepill_f103c8\lib635\libcodal-core.a(CodalFiber.o)
 .bss._ZZ13device_mallocE11initialised
                0x20001b55        0x1 .pioenvs\bluepill_f103c8\lib635\libcodal-core.a(CodalHeapAllocator.o)
 .bss.heap_count
                0x20001b56        0x1 .pioenvs\bluepill_f103c8\lib635\libcodal-core.a(CodalHeapAllocator.o)
                0x20001b56                heap_count
 .bss._ZL11initialised
                0x20001b57        0x1 .pioenvs\bluepill_f103c8\lib24c\libcm.a(codal_target_hal.o)
 .bss._ZL12debugEnabled
                0x20001b58        0x1 .pioenvs\bluepill_f103c8\libff7\libbluepill.a(bluepill.o)
 .bss._ZZ20platform_start_timerE12timerStarted
                0x20001b59        0x1 .pioenvs\bluepill_f103c8\libff7\libbluepill.a(timer.o)
 *(SORT_BY_ALIGNMENT(COMMON))
 *fill*         0x20001b5a        0x2 
 COMMON         0x20001b5c       0x21 c:/users/guppy/.platformio/packages/toolchain-gccarmnoneeabi/bin/../lib/gcc/arm-none-eabi/7.2.1/../../../../arm-none-eabi/lib/thumb/v7-m\libc.a(lib_a-lock.o)
                0x20001b5c                __lock___atexit_recursive_mutex
                0x20001b60                __lock___arc4random_mutex
                0x20001b64                __lock___env_recursive_mutex
                0x20001b68                __lock___sinit_recursive_mutex
                0x20001b6c                __lock___malloc_recursive_mutex
                0x20001b70                __lock___at_quick_exit_mutex
                0x20001b74                __lock___dd_hash_mutex
                0x20001b78                __lock___tz_mutex
                0x20001b7c                __lock___sfp_recursive_mutex
 COMMON         0x20001b7d        0x3 .pioenvs\bluepill_f103c8\libd0a\libcocoOS_5.0.3.a(os_kernel.o)
                0x20001b7d                running_tid
                0x20001b7e                running
                0x20001b7f                last_running_task
                0x20001b80                . = ALIGN (0x4)
                0x20001b80                _ebss = .

/DISCARD/
 *(SORT_BY_ALIGNMENT(.eh_frame))
                0x20001b80                . = ALIGN (0x4)
                0x20001b80                end = .
                0x20005000                PROVIDE (_stack, (ORIGIN (ram) + LENGTH (ram)))
OUTPUT(.pioenvs\bluepill_f103c8\firmware.elf elf32-littlearm)

.ARM.attributes
                0x00000000       0x2f
 .ARM.attributes
                0x00000000       0x21 asm/CortexContextSwitch.s.o
 .ARM.attributes
                0x00000021       0x33 .pioenvs\bluepill_f103c8\src\main.o
 .ARM.attributes
                0x00000054       0x33 .pioenvs\bluepill_f103c8\src\uart.o
 .ARM.attributes
                0x00000087       0x33 .pioenvs\bluepill_f103c8\libd0a\libcocoOS_5.0.3.a(os_event.o)
 .ARM.attributes
                0x000000ba       0x33 .pioenvs\bluepill_f103c8\libd0a\libcocoOS_5.0.3.a(os_kernel.o)
 .ARM.attributes
                0x000000ed       0x33 .pioenvs\bluepill_f103c8\libd0a\libcocoOS_5.0.3.a(os_msgqueue.o)
 .ARM.attributes
                0x00000120       0x33 .pioenvs\bluepill_f103c8\libd0a\libcocoOS_5.0.3.a(os_sem.o)
 .ARM.attributes
                0x00000153       0x33 .pioenvs\bluepill_f103c8\libd0a\libcocoOS_5.0.3.a(os_task.o)
 .ARM.attributes
                0x00000186       0x33 .pioenvs\bluepill_f103c8\lib931\liblogger.a(logger.o)
 .ARM.attributes
                0x000001b9       0x33 .pioenvs\bluepill_f103c8\liba13\libnewlib.a(strlen.o)
 .ARM.attributes
                0x000001ec       0x33 .pioenvs\bluepill_f103c8\liba13\libnewlib.a(strncat.o)
 .ARM.attributes
                0x0000021f       0x33 .pioenvs\bluepill_f103c8\lib635\libcodal-core.a(CodalComponent.o)
 .ARM.attributes
                0x00000252       0x33 .pioenvs\bluepill_f103c8\lib635\libcodal-core.a(CodalFiber.o)
 .ARM.attributes
                0x00000285       0x33 .pioenvs\bluepill_f103c8\lib635\libcodal-core.a(CodalHeapAllocator.o)
 .ARM.attributes
                0x000002b8       0x33 .pioenvs\bluepill_f103c8\lib635\libcodal-core.a(CodalListener.o)
 .ARM.attributes
                0x000002eb       0x33 .pioenvs\bluepill_f103c8\lib635\libcodal-core.a(Serial.o)
 .ARM.attributes
                0x0000031e       0x33 .pioenvs\bluepill_f103c8\lib635\libcodal-core.a(Timer.o)
 .ARM.attributes
                0x00000351       0x33 .pioenvs\bluepill_f103c8\lib635\libcodal-core.a(MessageBus.o)
 .ARM.attributes
                0x00000384       0x33 .pioenvs\bluepill_f103c8\lib635\libcodal-core.a(Event.o)
 .ARM.attributes
                0x000003b7       0x33 .pioenvs\bluepill_f103c8\lib635\libcodal-core.a(ManagedString.o)
 .ARM.attributes
                0x000003ea       0x33 .pioenvs\bluepill_f103c8\lib635\libcodal-core.a(RefCounted.o)
 .ARM.attributes
                0x0000041d       0x33 .pioenvs\bluepill_f103c8\lib635\libcodal-core.a(RefCountedInit.o)
 .ARM.attributes
                0x00000450       0x33 .pioenvs\bluepill_f103c8\lib635\libcodal-core.a(CodalCompat.o)
 .ARM.attributes
                0x00000483       0x33 .pioenvs\bluepill_f103c8\lib635\libcodal-core.a(MemberFunctionCallback.o)
 .ARM.attributes
                0x000004b6       0x33 .pioenvs\bluepill_f103c8\lib24c\libcm.a(CmPin.o)
 .ARM.attributes
                0x000004e9       0x33 .pioenvs\bluepill_f103c8\lib24c\libcm.a(CmSerial.o)
 .ARM.attributes
                0x0000051c       0x33 .pioenvs\bluepill_f103c8\lib24c\libcm.a(CmTimer.o)
 .ARM.attributes
                0x0000054f       0x33 .pioenvs\bluepill_f103c8\lib24c\libcm.a(codal_target_hal.o)
 .ARM.attributes
                0x00000582       0x33 .pioenvs\bluepill_f103c8\libff7\libbluepill.a(STM32BluePill.o)
 .ARM.attributes
                0x000005b5       0x33 .pioenvs\bluepill_f103c8\libff7\libbluepill.a(STM32BluePillIO.o)
 .ARM.attributes
                0x000005e8       0x33 .pioenvs\bluepill_f103c8\libff7\libbluepill.a(bluepill.o)
 .ARM.attributes
                0x0000061b       0x33 .pioenvs\bluepill_f103c8\libff7\libbluepill.a(led.o)
 .ARM.attributes
                0x0000064e       0x33 .pioenvs\bluepill_f103c8\libff7\libbluepill.a(timer.o)
 .ARM.attributes
                0x00000681       0x33 .pioenvs\bluepill_f103c8\lib492\libuartint.a(uartint.o)
 .ARM.attributes
                0x000006b4       0x2d c:/users/guppy/.platformio/packages/toolchain-gccarmnoneeabi/bin/../lib/gcc/arm-none-eabi/7.2.1/../../../../arm-none-eabi/lib/thumb/v7-m\libc.a(lib_a-aeabi_atexit.o)
 .ARM.attributes
                0x000006e1       0x2d c:/users/guppy/.platformio/packages/toolchain-gccarmnoneeabi/bin/../lib/gcc/arm-none-eabi/7.2.1/../../../../arm-none-eabi/lib/thumb/v7-m\libc.a(lib_a-cxa_atexit.o)
 .ARM.attributes
                0x0000070e       0x2d c:/users/guppy/.platformio/packages/toolchain-gccarmnoneeabi/bin/../lib/gcc/arm-none-eabi/7.2.1/../../../../arm-none-eabi/lib/thumb/v7-m\libc.a(lib_a-memcmp.o)
 .ARM.attributes
                0x0000073b       0x1b c:/users/guppy/.platformio/packages/toolchain-gccarmnoneeabi/bin/../lib/gcc/arm-none-eabi/7.2.1/../../../../arm-none-eabi/lib/thumb/v7-m\libc.a(lib_a-memcpy.o)
 .ARM.attributes
                0x00000756       0x2d c:/users/guppy/.platformio/packages/toolchain-gccarmnoneeabi/bin/../lib/gcc/arm-none-eabi/7.2.1/../../../../arm-none-eabi/lib/thumb/v7-m\libc.a(lib_a-memset.o)
 .ARM.attributes
                0x00000783       0x2d c:/users/guppy/.platformio/packages/toolchain-gccarmnoneeabi/bin/../lib/gcc/arm-none-eabi/7.2.1/../../../../arm-none-eabi/lib/thumb/v7-m\libc.a(lib_a-__atexit.o)
 .ARM.attributes
                0x000007b0       0x2d c:/users/guppy/.platformio/packages/toolchain-gccarmnoneeabi/bin/../lib/gcc/arm-none-eabi/7.2.1/../../../../arm-none-eabi/lib/thumb/v7-m\libc.a(lib_a-__call_atexit.o)
 .ARM.attributes
                0x000007dd       0x2d c:/users/guppy/.platformio/packages/toolchain-gccarmnoneeabi/bin/../lib/gcc/arm-none-eabi/7.2.1/../../../../arm-none-eabi/lib/thumb/v7-m\libc.a(lib_a-fini.o)
 .ARM.attributes
                0x0000080a       0x2d c:/users/guppy/.platformio/packages/toolchain-gccarmnoneeabi/bin/../lib/gcc/arm-none-eabi/7.2.1/../../../../arm-none-eabi/lib/thumb/v7-m\libc.a(lib_a-impure.o)
 .ARM.attributes