Archive member included to satisfy reference by file (symbol)

.pioenvs/bluepill_f103c8/libd9b/liblogger.a(logger.o)
                              .pioenvs/bluepill_f103c8/src/main.o (debug_flush)
.pioenvs/bluepill_f103c8/lib98a/libnewlib.a(strlen.o)
                              .pioenvs/bluepill_f103c8/src/aggregate.o (strlen)
.pioenvs/bluepill_f103c8/lib98a/libnewlib.a(strncat.o)
                              .pioenvs/bluepill_f103c8/src/wisol.o (strncat)
.pioenvs/bluepill_f103c8/lib98a/libnewlib.a(strncmp.o)
                              .pioenvs/bluepill_f103c8/src/aggregate.o (strncmp)
.pioenvs/bluepill_f103c8/lib98a/libnewlib.a(strncpy.o)
                              .pioenvs/bluepill_f103c8/src/aggregate.o (strncpy)
.pioenvs/bluepill_f103c8/lib98a/libnewlib.a(strstr.o)
                              .pioenvs/bluepill_f103c8/src/wisol.o (strstr)
.pioenvs/bluepill_f103c8/libea7/libcocoOS_5.0.3.a(os_event.o)
                              .pioenvs/bluepill_f103c8/src/wisol.o (event_create)
.pioenvs/bluepill_f103c8/libea7/libcocoOS_5.0.3.a(os_kernel.o)
                              .pioenvs/bluepill_f103c8/src/uart.o (running_tid)
.pioenvs/bluepill_f103c8/libea7/libcocoOS_5.0.3.a(os_msgqueue.o)
                              .pioenvs/bluepill_f103c8/libea7/libcocoOS_5.0.3.a(os_kernel.o) (os_msgQ_init)
.pioenvs/bluepill_f103c8/libea7/libcocoOS_5.0.3.a(os_sem.o)
                              .pioenvs/bluepill_f103c8/libea7/libcocoOS_5.0.3.a(os_kernel.o) (os_sem_init)
.pioenvs/bluepill_f103c8/libea7/libcocoOS_5.0.3.a(os_task.o)
                              .pioenvs/bluepill_f103c8/libea7/libcocoOS_5.0.3.a(os_kernel.o) (os_task_init)
.pioenvs/bluepill_f103c8/libea7/libcocoOS_5.0.3.a(os_assert.o)
                              .pioenvs/bluepill_f103c8/libea7/libcocoOS_5.0.3.a(os_event.o) (os_on_assert)
.pioenvs/bluepill_f103c8/libea7/libcocoOS_5.0.3.a(os_cbk.o)
                              .pioenvs/bluepill_f103c8/libea7/libcocoOS_5.0.3.a(os_kernel.o) (os_cbkSleep)
.pioenvs/bluepill_f103c8/lib739/libcm.a(CmPin.o)
                              .pioenvs/bluepill_f103c8/src/main.o (codal::_cm::Pin::setDigitalValue(int))
.pioenvs/bluepill_f103c8/lib739/libcm.a(codal_target_hal.o)
                              .pioenvs/bluepill_f103c8/src/main.o (target_enable_debug)
.pioenvs/bluepill_f103c8/lib3e7/libcodal-core.a(CodalCompat.o)
                              .pioenvs/bluepill_f103c8/lib739/libcm.a(codal_target_hal.o) (codal::seed_random(unsigned long))
.pioenvs/bluepill_f103c8/lib3e7/libcodal-core.a(CodalDmesg.o)
                              .pioenvs/bluepill_f103c8/lib739/libcm.a(codal_target_hal.o) (codal_dmesg_set_flush_fn)
.pioenvs/bluepill_f103c8/lib3e7/libcodal-core.a(CodalFiber.o)
                              .pioenvs/bluepill_f103c8/src/main.o (codal::fiber_sleep(unsigned long))
.pioenvs/bluepill_f103c8/lib3e7/libcodal-core.a(CodalHeapAllocator.o)
                              .pioenvs/bluepill_f103c8/lib739/libcm.a(codal_target_hal.o) (malloc)
.pioenvs/bluepill_f103c8/lib3e7/libcodal-core.a(CodalListener.o)
                              .pioenvs/bluepill_f103c8/lib3e7/libcodal-core.a(CodalFiber.o) (codal::Listener::Listener(unsigned short, unsigned short, void (*)(codal::Event), unsigned short))
.pioenvs/bluepill_f103c8/lib3e7/libcodal-core.a(Timer.o)
                              .pioenvs/bluepill_f103c8/lib3e7/libcodal-core.a(CodalFiber.o) (codal::system_timer_current_time())
.pioenvs/bluepill_f103c8/lib3e7/libcodal-core.a(Event.o)
                              .pioenvs/bluepill_f103c8/lib3e7/libcodal-core.a(CodalListener.o) (codal::Event::Event())
.pioenvs/bluepill_f103c8/lib271/libbluepill.a(STM32BluePill.o)
                              .pioenvs/bluepill_f103c8/src/main.o (codal::STM32BluePill::init())
.pioenvs/bluepill_f103c8/lib271/libbluepill.a(STM32BluePillIO.o)
                              .pioenvs/bluepill_f103c8/lib271/libbluepill.a(STM32BluePill.o) (codal::STM32BluePillIO::STM32BluePillIO())
.pioenvs/bluepill_f103c8/lib271/libbluepill.a(bluepill.o)
                              .pioenvs/bluepill_f103c8/lib739/libcm.a(codal_target_hal.o) (platform_setup)
.pioenvs/bluepill_f103c8/lib271/libbluepill.a(led.o)
                              .pioenvs/bluepill_f103c8/lib271/libbluepill.a(bluepill.o) (led_setup)
.pioenvs/bluepill_f103c8/lib271/libbluepill.a(timer.o)
                              .pioenvs/bluepill_f103c8/lib739/libcm.a(codal_target_hal.o) (platform_start_timer)
.pioenvs/bluepill_f103c8/lib33e/libuartint.a(uartint.o)
                              .pioenvs/bluepill_f103c8/src/uart.o (UARTInterface::UARTInterface(unsigned int, unsigned int))
.pioenvs/bluepill_f103c8/libFrameworkLibOpenCM3.a(gpio.o)
                              .pioenvs/bluepill_f103c8/lib739/libcm.a(CmPin.o) (gpio_set_mode)
.pioenvs/bluepill_f103c8/libFrameworkLibOpenCM3.a(rcc.o)
                              .pioenvs/bluepill_f103c8/lib271/libbluepill.a(timer.o) (rcc_enable_rtc_clock)
[...]
Memory Configuration

Name             Origin             Length             Attributes
rom              0x0000000008000000 0x0000000000010000 xr
ram              0x0000000020000000 0x0000000000005000 xrw
*default*        0x0000000000000000 0xffffffffffffffff

Linker script and memory map

LOAD asm/CortexContextSwitch.s.o
LOAD .pioenvs/bluepill_f103c8/src/aggregate.o
LOAD .pioenvs/bluepill_f103c8/src/downlink.o
LOAD .pioenvs/bluepill_f103c8/src/main.o
LOAD .pioenvs/bluepill_f103c8/src/sensor.o
LOAD .pioenvs/bluepill_f103c8/src/sensor_display.o
LOAD .pioenvs/bluepill_f103c8/src/uart.o
LOAD .pioenvs/bluepill_f103c8/src/wisol.o
LOAD .pioenvs/bluepill_f103c8/src/wstring.o
START GROUP
LOAD .pioenvs/bluepill_f103c8/libd9b/liblogger.a
LOAD .pioenvs/bluepill_f103c8/lib98a/libnewlib.a
LOAD .pioenvs/bluepill_f103c8/libd88/libnano-float.a
LOAD .pioenvs/bluepill_f103c8/libea7/libcocoOS_5.0.3.a
LOAD .pioenvs/bluepill_f103c8/lib739/libcm.a
LOAD .pioenvs/bluepill_f103c8/lib3e7/libcodal-core.a
LOAD .pioenvs/bluepill_f103c8/lib271/libbluepill.a
LOAD .pioenvs/bluepill_f103c8/libea2/libi2cint.a
LOAD .pioenvs/bluepill_f103c8/libc3f/libsimulator.a
LOAD .pioenvs/bluepill_f103c8/lib91e/libspiint.a
LOAD .pioenvs/bluepill_f103c8/lib9ba/libporting.a
LOAD .pioenvs/bluepill_f103c8/libdc9/libBME280.a
LOAD .pioenvs/bluepill_f103c8/lib573/libadcint.a
LOAD .pioenvs/bluepill_f103c8/lib23b/libboost_config.a
LOAD .pioenvs/bluepill_f103c8/libf3d/libboost_assert.a
LOAD .pioenvs/bluepill_f103c8/lib186/libboost_static_assert.a
LOAD .pioenvs/bluepill_f103c8/lib047/libboost_type_traits.a
LOAD .pioenvs/bluepill_f103c8/lib3c5/libboost_core.a
LOAD .pioenvs/bluepill_f103c8/libd23/libboost_preprocessor.a
LOAD .pioenvs/bluepill_f103c8/lib64e/libboost_predef.a
LOAD .pioenvs/bluepill_f103c8/libd30/libboost_utility.a
LOAD .pioenvs/bluepill_f103c8/libe2b/libboost_mpl.a
LOAD .pioenvs/bluepill_f103c8/lib95e/libboost_detail.a
LOAD .pioenvs/bluepill_f103c8/lib609/libboost_iterator.a
LOAD .pioenvs/bluepill_f103c8/libcea/libboost_parameter.a
LOAD .pioenvs/bluepill_f103c8/lib7b0/libboost_lockfree.a
LOAD .pioenvs/bluepill_f103c8/lib33e/libuartint.a
LOAD .pioenvs/bluepill_f103c8/libFrameworkLibOpenCM3.a
END GROUP

.text           0x0000000008000000     0x471c
 *(SORT_BY_ALIGNMENT(.vectors))
 .vectors       0x0000000008000000      0x150 .pioenvs/bluepill_f103c8/libFrameworkLibOpenCM3.a(vector.o)
                0x0000000008000000                vector_table
 *(SORT_BY_ALIGNMENT(.text*))
 .text          0x0000000008000150      0x124 asm/CortexContextSwitch.s.o
                0x0000000008000150                swap_context
                0x00000000080001d2                save_context
                0x0000000008000216                save_register_context
                0x0000000008000246                restore_register_context
 .text._Z10debug_dumpv
                0x0000000008000274       0x38 .pioenvs/bluepill_f103c8/src/main.o
                0x0000000008000274                debug_dump()
 .text._Z41__static_initialization_and_destruction_0ii
                0x00000000080002ac       0x24 .pioenvs/bluepill_f103c8/src/uart.o
 .text._ZL10__semihostiPv
                0x00000000080002d0       0x24 .pioenvs/bluepill_f103c8/libd9b/liblogger.a(logger.o)
 .text.enable_log
                0x00000000080002f4       0x18 .pioenvs/bluepill_f103c8/libd9b/liblogger.a(logger.o)
                0x00000000080002f4                enable_log
 .text.debug_flush
                0x000000000800030c       0x28 .pioenvs/bluepill_f103c8/libd9b/liblogger.a(logger.o)
                0x000000000800030c                debug_flush
 .text._ZL12debug_appendPKcj
                0x0000000008000334       0x38 .pioenvs/bluepill_f103c8/libd9b/liblogger.a(logger.o)
 .text._Z11debug_printj
                0x000000000800036c       0x88 .pioenvs/bluepill_f103c8/libd9b/liblogger.a(logger.o)
                0x000000000800036c                debug_print(unsigned int)
 .text._Z11debug_printi
                0x00000000080003f4       0x34 .pioenvs/bluepill_f103c8/libd9b/liblogger.a(logger.o)
                0x00000000080003f4                debug_print(int)
 .text.debug_println
                0x0000000008000428       0x1c .pioenvs/bluepill_f103c8/libd9b/liblogger.a(logger.o)
                0x0000000008000428                debug_println
 .text._Z13debug_printlni
                0x0000000008000444       0x14 .pioenvs/bluepill_f103c8/libd9b/liblogger.a(logger.o)
                0x0000000008000444                debug_println(int)
 .text._Z13debug_printlnj
                0x0000000008000458       0x14 .pioenvs/bluepill_f103c8/libd9b/liblogger.a(logger.o)
                0x0000000008000458                debug_println(unsigned int)
 .text.os_event_init
                0x000000000800046c        0xc .pioenvs/bluepill_f103c8/libea7/libcocoOS_5.0.3.a(os_event.o)
                0x000000000800046c                os_event_init
 .text.os_init  0x0000000008000478       0x30 .pioenvs/bluepill_f103c8/libea7/libcocoOS_5.0.3.a(os_kernel.o)
                0x0000000008000478                os_init
 .text.os_msgQ_init
                0x00000000080004a8       0x38 .pioenvs/bluepill_f103c8/libea7/libcocoOS_5.0.3.a(os_msgqueue.o)
                0x00000000080004a8                os_msgQ_init
 .text.os_sem_init
                0x00000000080004e0        0xc .pioenvs/bluepill_f103c8/libea7/libcocoOS_5.0.3.a(os_sem.o)
                0x00000000080004e0                os_sem_init
 .text.os_task_init
                0x00000000080004ec       0x74 .pioenvs/bluepill_f103c8/libea7/libcocoOS_5.0.3.a(os_task.o)
                0x00000000080004ec                os_task_init
 .text._ZN5codal3_cm3Pin14setAnalogValueEi
                0x0000000008000560       0x20 .pioenvs/bluepill_f103c8/lib739/libcm.a(CmPin.o)
                0x0000000008000560                codal::_cm::Pin::setAnalogValue(int)
 .text._ZN5codal3_cm3Pin9isTouchedEv
                0x0000000008000580        0x8 .pioenvs/bluepill_f103c8/lib739/libcm.a(CmPin.o)
                0x0000000008000580                codal::_cm::Pin::isTouched()
 .text._ZN5codal3_cm3Pin17getAnalogPeriodUsEv
                0x0000000008000588        0x8 .pioenvs/bluepill_f103c8/lib739/libcm.a(CmPin.o)
                0x0000000008000588                codal::_cm::Pin::getAnalogPeriodUs()
 .text._ZN5codal3_cm3Pin15getAnalogPeriodEv
                0x0000000008000590       0x18 .pioenvs/bluepill_f103c8/lib739/libcm.a(CmPin.o)
                0x0000000008000590                codal::_cm::Pin::getAnalogPeriod()
 .text._ZN5codal3_cm3Pin15setDigitalValueEi
                0x00000000080005a8       0x84 .pioenvs/bluepill_f103c8/lib739/libcm.a(CmPin.o)
                0x00000000080005a8                codal::_cm::Pin::setDigitalValue(int)
 .text._ZN5codal3_cm3PinC2EhmmtNS_13PinCapabilityE
                0x000000000800062c       0x50 .pioenvs/bluepill_f103c8/lib739/libcm.a(CmPin.o)
                0x000000000800062c                codal::_cm::Pin::Pin(unsigned char, unsigned long, unsigned long, unsigned short, codal::PinCapability)
                0x000000000800062c                codal::_cm::Pin::Pin(unsigned char, unsigned long, unsigned long, unsigned short, codal::PinCapability)
 .text._ZN5codal3_cm3Pin13setServoValueEiii
                0x000000000800067c       0x78 .pioenvs/bluepill_f103c8/lib739/libcm.a(CmPin.o)
                0x000000000800067c                codal::_cm::Pin::setServoValue(int, int, int)
 .text._ZL10timer_tickv
                0x00000000080006f4       0x10 .pioenvs/bluepill_f103c8/lib739/libcm.a(codal_target_hal.o)
 .text._Z25stm32bluepill_dmesg_flushv
                0x0000000008000704       0x3c .pioenvs/bluepill_f103c8/lib739/libcm.a(codal_target_hal.o)
                0x0000000008000704                stm32bluepill_dmesg_flush()
 .text.target_set_tick_callback
                0x0000000008000740        0xc .pioenvs/bluepill_f103c8/lib739/libcm.a(codal_target_hal.o)
                0x0000000008000740                target_set_tick_callback
 .text.target_init
                0x000000000800074c       0x34 .pioenvs/bluepill_f103c8/lib739/libcm.a(codal_target_hal.o)
                0x000000000800074c                target_init
 .text.target_wait
                0x0000000008000780       0x24 .pioenvs/bluepill_f103c8/lib739/libcm.a(codal_target_hal.o)
                0x0000000008000780                target_wait
 .text.target_panic
                0x00000000080007a4       0x20 .pioenvs/bluepill_f103c8/lib739/libcm.a(codal_target_hal.o)
                0x00000000080007a4                target_panic
 .text.fiber_initial_stack_base
                0x00000000080007c4        0x8 .pioenvs/bluepill_f103c8/lib739/libcm.a(codal_target_hal.o)
                0x00000000080007c4                fiber_initial_stack_base
 .text.test_codal
                0x00000000080007cc       0x64 .pioenvs/bluepill_f103c8/lib739/libcm.a(codal_target_hal.o)
                0x00000000080007cc                test_codal
 .text._ZN5codal4itoaEiPc
                0x0000000008000830       0x68 .pioenvs/bluepill_f103c8/lib3e7/libcodal-core.a(CodalCompat.o)
                0x0000000008000830                codal::itoa(int, char*)
 .text.codal_dmesg_set_flush_fn
                0x0000000008000898        0xc .pioenvs/bluepill_f103c8/lib3e7/libcodal-core.a(CodalDmesg.o)
                0x0000000008000898                codal_dmesg_set_flush_fn
 .text.codal_dmesg_flush
                0x00000000080008a4       0x10 .pioenvs/bluepill_f103c8/lib3e7/libcodal-core.a(CodalDmesg.o)
                0x00000000080008a4                codal_dmesg_flush
 .text._ZN5codal14scheduler_tickENS_5EventE
                0x00000000080008b4       0x3c .pioenvs/bluepill_f103c8/lib3e7/libcodal-core.a(CodalFiber.o)
                0x00000000080008b4                codal::scheduler_tick(codal::Event)
 .text._ZN5codal15scheduler_eventENS_5EventE
                0x00000000080008f0       0xc0 .pioenvs/bluepill_f103c8/lib3e7/libcodal-core.a(CodalFiber.o)
                0x00000000080008f0                codal::scheduler_event(codal::Event)
 .text._Z15getFiberContextv
                0x00000000080009b0       0x58 .pioenvs/bluepill_f103c8/lib3e7/libcodal-core.a(CodalFiber.o)
                0x00000000080009b0                getFiberContext()
 .text._ZL10handle_fobv
                0x0000000008000a08       0x34 .pioenvs/bluepill_f103c8/lib3e7/libcodal-core.a(CodalFiber.o)
 .text._ZN5codal23fiber_scheduler_runningEv
                0x0000000008000a3c       0x18 .pioenvs/bluepill_f103c8/lib3e7/libcodal-core.a(CodalFiber.o)
                0x0000000008000a3c                codal::fiber_scheduler_running()
 .text._ZN5codal14scheduler_initERNS_10EventModelE
                0x0000000008000a54      0x11c .pioenvs/bluepill_f103c8/lib3e7/libcodal-core.a(CodalFiber.o)
                0x0000000008000a54                codal::scheduler_init(codal::EventModel&)
 .text._ZN5codal19fiber_wake_on_eventEtt
                0x0000000008000b70       0x90 .pioenvs/bluepill_f103c8/lib3e7/libcodal-core.a(CodalFiber.o)
                0x0000000008000b70                codal::fiber_wake_on_event(unsigned short, unsigned short)
 .text._Z14__create_fibermmmi
                0x0000000008000c00       0x68 .pioenvs/bluepill_f103c8/lib3e7/libcodal-core.a(CodalFiber.o)
                0x0000000008000c00                __create_fiber(unsigned long, unsigned long, unsigned long, int)
 .text._ZN5codal24scheduler_runqueue_emptyEv
                0x0000000008000c68       0x10 .pioenvs/bluepill_f103c8/lib3e7/libcodal-core.a(CodalFiber.o)
                0x0000000008000c68                codal::scheduler_runqueue_empty()
 .text._ZN5codal4idleEv
                0x0000000008000c78       0x44 .pioenvs/bluepill_f103c8/lib3e7/libcodal-core.a(CodalFiber.o)
                0x0000000008000c78                codal::idle()
 .text._ZN5codal8scheduleEv
                0x0000000008000cbc      0x1b8 .pioenvs/bluepill_f103c8/lib3e7/libcodal-core.a(CodalFiber.o)
                0x0000000008000cbc                codal::schedule()
 .text._ZN5codal11fiber_sleepEm
                0x0000000008000e74       0x38 .pioenvs/bluepill_f103c8/lib3e7/libcodal-core.a(CodalFiber.o)
                0x0000000008000e74                codal::fiber_sleep(unsigned long)
 .text._ZN5codal13release_fiberEv
                0x0000000008000eac       0x70 .pioenvs/bluepill_f103c8/lib3e7/libcodal-core.a(CodalFiber.o)
                0x0000000008000eac                codal::release_fiber()
 .text._ZN5codal6invokeEPFvPvES0_
                0x0000000008000f1c       0x90 .pioenvs/bluepill_f103c8/lib3e7/libcodal-core.a(CodalFiber.o)
                0x0000000008000f1c                codal::invoke(void (*)(void*), void*)
 .text._Z18device_create_heapmm
                0x0000000008000fac       0x3c .pioenvs/bluepill_f103c8/lib3e7/libcodal-core.a(CodalHeapAllocator.o)
                0x0000000008000fac                device_create_heap(unsigned long, unsigned long)
 .text.device_malloc
                0x0000000008000fe8       0x54 .pioenvs/bluepill_f103c8/lib3e7/libcodal-core.a(CodalHeapAllocator.o)
                0x0000000008000fe8                malloc
                0x0000000008000fe8                device_malloc
 .text.device_free
                0x000000000800103c       0x44 .pioenvs/bluepill_f103c8/lib3e7/libcodal-core.a(CodalHeapAllocator.o)
                0x000000000800103c                device_free
                0x000000000800103c                free
 .text._ZN5codal5TimerC2Ev
                0x0000000008001080       0x34 .pioenvs/bluepill_f103c8/lib3e7/libcodal-core.a(Timer.o)
                0x0000000008001080                codal::Timer::Timer()
                0x0000000008001080                codal::Timer::Timer()
 .text._ZN5codal25system_timer_current_timeEv
                0x00000000080010b4       0x18 .pioenvs/bluepill_f103c8/lib3e7/libcodal-core.a(Timer.o)
                0x00000000080010b4                codal::system_timer_current_time()
 .text._ZN5codal27system_timer_event_every_usEmtt
                0x00000000080010cc       0x24 .pioenvs/bluepill_f103c8/lib3e7/libcodal-core.a(Timer.o)
                0x00000000080010cc                codal::system_timer_event_every_us(unsigned long, unsigned short, unsigned short)
 .text._ZN5codal5Event4fireEv
                0x00000000080010f0       0x1c .pioenvs/bluepill_f103c8/lib3e7/libcodal-core.a(Event.o)
                0x00000000080010f0                codal::Event::fire()
 .text._ZN5codal14CodalComponent4initEv
                0x000000000800110c        0x8 .pioenvs/bluepill_f103c8/lib271/libbluepill.a(STM32BluePill.o)
                0x000000000800110c                codal::CodalComponent::init()
 .text._ZN5codal14CodalComponentD2Ev
                0x0000000008001114       0x18 .pioenvs/bluepill_f103c8/lib271/libbluepill.a(STM32BluePill.o)
                0x0000000008001114                codal::CodalComponent::~CodalComponent()
                0x0000000008001114                codal::CodalComponent::~CodalComponent()
 .text._ZN5codal14CodalComponentD0Ev
                0x000000000800112c       0x20 .pioenvs/bluepill_f103c8/lib271/libbluepill.a(STM32BluePill.o)
                0x000000000800112c                codal::CodalComponent::~CodalComponent()
 .text._ZN5codal13STM32BluePill4initEv
                0x000000000800114c       0x54 .pioenvs/bluepill_f103c8/lib271/libbluepill.a(STM32BluePill.o)
                0x000000000800114c                codal::STM32BluePill::init()
 .text._ZN5codal13STM32BluePillC2Ev
                0x00000000080011a0       0x9c .pioenvs/bluepill_f103c8/lib271/libbluepill.a(STM32BluePill.o)
                0x00000000080011a0                codal::STM32BluePill::STM32BluePill()
                0x00000000080011a0                codal::STM32BluePill::STM32BluePill()
 .text._ZN5codal13STM32BluePillD2Ev
                0x000000000800123c       0x4c .pioenvs/bluepill_f103c8/lib271/libbluepill.a(STM32BluePill.o)
                0x000000000800123c                codal::STM32BluePill::~STM32BluePill()
                0x000000000800123c                codal::STM32BluePill::~STM32BluePill()
 .text._ZN5codal13STM32BluePillD0Ev
                0x0000000008001288       0x54 .pioenvs/bluepill_f103c8/lib271/libbluepill.a(STM32BluePill.o)
                0x0000000008001288                codal::STM32BluePill::~STM32BluePill()
 .text._ZN5codal15STM32BluePillIOC2Ev
                0x00000000080012dc      0xb58 .pioenvs/bluepill_f103c8/lib271/libbluepill.a(STM32BluePillIO.o)
                0x00000000080012dc                codal::STM32BluePillIO::STM32BluePillIO()
                0x00000000080012dc                codal::STM32BluePillIO::STM32BluePillIO()
 .text.platform_setup
                0x0000000008001e34       0x4c .pioenvs/bluepill_f103c8/lib271/libbluepill.a(bluepill.o)
                0x0000000008001e34                platform_setup
 .text.enable_debug
                0x0000000008001e80       0x14 .pioenvs/bluepill_f103c8/lib271/libbluepill.a(bluepill.o)
                0x0000000008001e80                enable_debug
 .text.led_setup
                0x0000000008001e94       0x20 .pioenvs/bluepill_f103c8/lib271/libbluepill.a(led.o)
                0x0000000008001e94                led_setup
 .text.led_on   0x0000000008001eb4       0x14 .pioenvs/bluepill_f103c8/lib271/libbluepill.a(led.o)
                0x0000000008001eb4                led_on
 .text.led_off  0x0000000008001ec8       0x14 .pioenvs/bluepill_f103c8/lib271/libbluepill.a(led.o)
                0x0000000008001ec8                led_off
 .text.led_wait
                0x0000000008001edc       0x14 .pioenvs/bluepill_f103c8/lib271/libbluepill.a(led.o)
                0x0000000008001edc                led_wait
 .text.platform_start_timer
                0x0000000008001ef0       0x24 .pioenvs/bluepill_f103c8/lib271/libbluepill.a(timer.o)
                0x0000000008001ef0                platform_start_timer
 .text.rtc_isr  0x0000000008001f14       0x3c .pioenvs/bluepill_f103c8/lib271/libbluepill.a(timer.o)
                0x0000000008001f14                rtc_isr
 .text.rtc_alarm_isr
                0x0000000008001f50       0x20 .pioenvs/bluepill_f103c8/lib271/libbluepill.a(timer.o)
                0x0000000008001f50                rtc_alarm_isr
 .text.platform_alarm_count
                0x0000000008001f70        0xc .pioenvs/bluepill_f103c8/lib271/libbluepill.a(timer.o)
                0x0000000008001f70                platform_alarm_count
 .text._Z41__static_initialization_and_destruction_0ii
                0x0000000008001f7c       0x1c .pioenvs/bluepill_f103c8/lib33e/libuartint.a(uartint.o)
 .text.usart2_isr
                0x0000000008001f98       0x5c .pioenvs/bluepill_f103c8/lib33e/libuartint.a(uartint.o)
                0x0000000008001f98                usart2_isr
 .text.rcc_wait_for_osc_ready
                0x0000000008001ff4       0x70 .pioenvs/bluepill_f103c8/libFrameworkLibOpenCM3.a(rcc.o)
                0x0000000008001ff4                rcc_wait_for_osc_ready
 .text.rcc_osc_on
                0x0000000008002064       0x70 .pioenvs/bluepill_f103c8/libFrameworkLibOpenCM3.a(rcc.o)
                0x0000000008002064                rcc_osc_on
 .text.rcc_set_sysclk_source
                0x00000000080020d4       0x14 .pioenvs/bluepill_f103c8/libFrameworkLibOpenCM3.a(rcc.o)
                0x00000000080020d4                rcc_set_sysclk_source
 .text.rcc_set_pll_multiplication_factor
                0x00000000080020e8       0x14 .pioenvs/bluepill_f103c8/libFrameworkLibOpenCM3.a(rcc.o)
                0x00000000080020e8                rcc_set_pll_multiplication_factor
 .text.rcc_set_pll_source
                0x00000000080020fc       0x14 .pioenvs/bluepill_f103c8/libFrameworkLibOpenCM3.a(rcc.o)
                0x00000000080020fc                rcc_set_pll_source
 .text.rcc_set_pllxtpre
                0x0000000008002110       0x14 .pioenvs/bluepill_f103c8/libFrameworkLibOpenCM3.a(rcc.o)
                0x0000000008002110                rcc_set_pllxtpre
 .text.rcc_enable_rtc_clock
                0x0000000008002124       0x10 .pioenvs/bluepill_f103c8/libFrameworkLibOpenCM3.a(rcc.o)
                0x0000000008002124                rcc_enable_rtc_clock
 .text.rcc_set_rtc_clock_source
                0x0000000008002134       0xa0 .pioenvs/bluepill_f103c8/libFrameworkLibOpenCM3.a(rcc.o)
                0x0000000008002134                rcc_set_rtc_clock_source
 .text.rcc_set_adcpre
                0x00000000080021d4       0x14 .pioenvs/bluepill_f103c8/libFrameworkLibOpenCM3.a(rcc.o)
                0x00000000080021d4                rcc_set_adcpre
 .text.rcc_set_ppre2
                0x00000000080021e8       0x14 .pioenvs/bluepill_f103c8/libFrameworkLibOpenCM3.a(rcc.o)
                0x00000000080021e8                rcc_set_ppre2
 .text.rcc_set_ppre1
                0x00000000080021fc       0x14 .pioenvs/bluepill_f103c8/libFrameworkLibOpenCM3.a(rcc.o)
                0x00000000080021fc                rcc_set_ppre1
 .text.rcc_set_hpre
                0x0000000008002210       0x14 .pioenvs/bluepill_f103c8/libFrameworkLibOpenCM3.a(rcc.o)
                0x0000000008002210                rcc_set_hpre
 .text.rcc_clock_setup_in_hse_8mhz_out_72mhz
                0x0000000008002224       0x90 .pioenvs/bluepill_f103c8/libFrameworkLibOpenCM3.a(rcc.o)
                0x0000000008002224                rcc_clock_setup_in_hse_8mhz_out_72mhz
 .text.rtc_enter_config_mode
                0x00000000080022b4       0x1c .pioenvs/bluepill_f103c8/libFrameworkLibOpenCM3.a(rtc.o)
                0x00000000080022b4                rtc_enter_config_mode
 .text.rtc_exit_config_mode
                0x00000000080022d0       0x1c .pioenvs/bluepill_f103c8/libFrameworkLibOpenCM3.a(rtc.o)
                0x00000000080022d0                rtc_exit_config_mode
 .text.rtc_awake_from_off
                0x00000000080022ec       0x7c .pioenvs/bluepill_f103c8/libFrameworkLibOpenCM3.a(rtc.o)
                0x00000000080022ec                rtc_awake_from_off
 .text.rtc_set_alarm_time
                0x0000000008002368       0x20 .pioenvs/bluepill_f103c8/libFrameworkLibOpenCM3.a(rtc.o)
                0x0000000008002368                rtc_set_alarm_time
 .text.rtc_set_prescale_val
                0x0000000008002388       0x20 .pioenvs/bluepill_f103c8/libFrameworkLibOpenCM3.a(rtc.o)
                0x0000000008002388                rtc_set_prescale_val
 .text.rtc_get_counter_val
                0x00000000080023a8       0x14 .pioenvs/bluepill_f103c8/libFrameworkLibOpenCM3.a(rtc.o)
                0x00000000080023a8                rtc_get_counter_val
 .text.rtc_set_counter_val
                0x00000000080023bc       0x20 .pioenvs/bluepill_f103c8/libFrameworkLibOpenCM3.a(rtc.o)
                0x00000000080023bc                rtc_set_counter_val
 .text.rtc_interrupt_enable
                0x00000000080023dc       0x40 .pioenvs/bluepill_f103c8/libFrameworkLibOpenCM3.a(rtc.o)
                0x00000000080023dc                rtc_interrupt_enable
 .text.rtc_interrupt_disable
                0x000000000800241c       0x40 .pioenvs/bluepill_f103c8/libFrameworkLibOpenCM3.a(rtc.o)
                0x000000000800241c                rtc_interrupt_disable
 .text.rtc_clear_flag
                0x000000000800245c       0x34 .pioenvs/bluepill_f103c8/libFrameworkLibOpenCM3.a(rtc.o)
                0x000000000800245c                rtc_clear_flag
 .text.rtc_check_flag
                0x0000000008002490       0x30 .pioenvs/bluepill_f103c8/libFrameworkLibOpenCM3.a(rtc.o)
                0x0000000008002490                rtc_check_flag
 .text.pwr_disable_backup_domain_write_protect
                0x00000000080024c0       0x10 .pioenvs/bluepill_f103c8/libFrameworkLibOpenCM3.a(pwr_common_all.o)
                0x00000000080024c0                pwr_disable_backup_domain_write_protect
 .text.exti_set_trigger
                0x00000000080024d0       0x4c .pioenvs/bluepill_f103c8/libFrameworkLibOpenCM3.a(exti_common_all.o)
                0x00000000080024d0                exti_set_trigger
 .text.exti_enable_request
                0x000000000800251c       0x18 .pioenvs/bluepill_f103c8/libFrameworkLibOpenCM3.a(exti_common_all.o)
                0x000000000800251c                exti_enable_request
 .text.exti_reset_request
                0x0000000008002534        0xc .pioenvs/bluepill_f103c8/libFrameworkLibOpenCM3.a(exti_common_all.o)
                0x0000000008002534                exti_reset_request
 .text.flash_set_ws
                0x0000000008002540       0x14 .pioenvs/bluepill_f103c8/libFrameworkLibOpenCM3.a(flash_common_f01.o)
                0x0000000008002540                flash_set_ws
 .text.reset_handler
                0x0000000008002554       0x8c .pioenvs/bluepill_f103c8/libFrameworkLibOpenCM3.a(vector.o)
                0x0000000008002554                reset_handler
 .text._ZN5codal3_cm3I2CC2ERNS_3PinES3_
                0x00000000080025e0       0x1c .pioenvs/bluepill_f103c8/lib739/libcm.a(CmI2C.o)
                0x00000000080025e0                codal::_cm::I2C::I2C(codal::Pin&, codal::Pin&)
                0x00000000080025e0                codal::_cm::I2C::I2C(codal::Pin&, codal::Pin&)
 .text._ZN5codal3_cm3SPI4initEv
                0x00000000080025fc       0x5c .pioenvs/bluepill_f103c8/lib739/libcm.a(CmSPI.o)
                0x00000000080025fc                codal::_cm::SPI::init()
 .text._ZN5codal3_cm3SPIC2ERNS0_3PinES3_S3_S3_
                0x0000000008002658       0x9c .pioenvs/bluepill_f103c8/lib739/libcm.a(CmSPI.o)
                0x0000000008002658                codal::_cm::SPI::SPI(codal::_cm::Pin&, codal::_cm::Pin&, codal::_cm::Pin&, codal::_cm::Pin&)
                0x0000000008002658                codal::_cm::SPI::SPI(codal::_cm::Pin&, codal::_cm::Pin&, codal::_cm::Pin&, codal::_cm::Pin&)
 .text._ZN5codal3_cm6SerialD2Ev
                0x00000000080026f4       0x14 .pioenvs/bluepill_f103c8/lib739/libcm.a(CmSerial.o)
                0x00000000080026f4                codal::_cm::Serial::~Serial()
                0x00000000080026f4                codal::_cm::Serial::~Serial()
 .text._ZN5codal3_cm6SerialD0Ev
                0x0000000008002708       0x1c .pioenvs/bluepill_f103c8/lib739/libcm.a(CmSerial.o)
                0x0000000008002708                codal::_cm::Serial::~Serial()
 .text._ZN5codal3_cm6SerialC2ERNS0_3PinES3_hh
                0x0000000008002724       0x50 .pioenvs/bluepill_f103c8/lib739/libcm.a(CmSerial.o)
                0x0000000008002724                codal::_cm::Serial::Serial(codal::_cm::Pin&, codal::_cm::Pin&, unsigned char, unsigned char)
                0x0000000008002724                codal::_cm::Serial::Serial(codal::_cm::Pin&, codal::_cm::Pin&, unsigned char, unsigned char)
 .text._ZN5codal3_cm13tick_callbackEv
                0x0000000008002774       0x14 .pioenvs/bluepill_f103c8/lib739/libcm.a(CmTimer.o)
                0x0000000008002774                codal::_cm::tick_callback()
 .text._ZN5codal3_cm5Timer4initEv
                0x0000000008002788       0x18 .pioenvs/bluepill_f103c8/lib739/libcm.a(CmTimer.o)
                0x0000000008002788                codal::_cm::Timer::init()
 .text._ZN5codal3_cm5TimerC2Ev
                0x00000000080027a0       0x28 .pioenvs/bluepill_f103c8/lib739/libcm.a(CmTimer.o)
                0x00000000080027a0                codal::_cm::Timer::Timer()
                0x00000000080027a0                codal::_cm::Timer::Timer()
 .text.pinmap_peripheral
                0x00000000080027c8       0x2c .pioenvs/bluepill_f103c8/lib739/libcm.a(CmPinMap.o)
                0x00000000080027c8                pinmap_peripheral
 .text.pinmap_mode
                0x00000000080027f4       0x28 .pioenvs/bluepill_f103c8/lib739/libcm.a(CmPinMap.o)
                0x00000000080027f4                pinmap_mode
 .text.pinmap_cnf
                0x000000000800281c       0x28 .pioenvs/bluepill_f103c8/lib739/libcm.a(CmPinMap.o)
                0x000000000800281c                pinmap_cnf
 .text._Z18component_callbackN5codal5EventE
                0x0000000008002844       0x68 .pioenvs/bluepill_f103c8/lib3e7/libcodal-core.a(CodalComponent.o)
                0x0000000008002844                component_callback(codal::Event)
 .text._ZN5codal14CodalComponent12addComponentEv
                0x00000000080028ac       0xcc .pioenvs/bluepill_f103c8/lib3e7/libcodal-core.a(CodalComponent.o)
                0x00000000080028ac                codal::CodalComponent::addComponent()
 .text._ZN5codal14CodalComponent15removeComponentEv
                0x0000000008002978       0x28 .pioenvs/bluepill_f103c8/lib3e7/libcodal-core.a(CodalComponent.o)
                0x0000000008002978                codal::CodalComponent::removeComponent()
 .text._ZN5codal3I2CC2ERNS_3PinES2_
                0x00000000080029a0        0xc .pioenvs/bluepill_f103c8/lib3e7/libcodal-core.a(I2C.o)
                0x00000000080029a0                codal::I2C::I2C(codal::Pin&, codal::Pin&)
                0x00000000080029a0                codal::I2C::I2C(codal::Pin&, codal::Pin&)
 .text._ZN5codal6SerialC2ERNS_3PinES2_hht
                0x00000000080029ac       0x60 .pioenvs/bluepill_f103c8/lib3e7/libcodal-core.a(Serial.o)
                0x00000000080029ac                codal::Serial::Serial(codal::Pin&, codal::Pin&, unsigned char, unsigned char, unsigned short)
                0x00000000080029ac                codal::Serial::Serial(codal::Pin&, codal::Pin&, unsigned char, unsigned char, unsigned short)
 .text._ZN5codal6SerialD2Ev
                0x0000000008002a0c       0x28 .pioenvs/bluepill_f103c8/lib3e7/libcodal-core.a(Serial.o)
                0x0000000008002a0c                codal::Serial::~Serial()
                0x0000000008002a0c                codal::Serial::~Serial()
 .text._ZN5codal10EventModel4sendENS_5EventE
                0x0000000008002a34       0x14 .pioenvs/bluepill_f103c8/lib3e7/libcodal-core.a(MessageBus.o)
                0x0000000008002a34                codal::EventModel::send(codal::Event)
 .text._ZN5codal10EventModel3addEPNS_8ListenerE
                0x0000000008002a48        0x8 .pioenvs/bluepill_f103c8/lib3e7/libcodal-core.a(MessageBus.o)
                0x0000000008002a48                codal::EventModel::add(codal::Listener*)
 .text._ZN5codal10EventModel6removeEPNS_8ListenerE
                0x0000000008002a50        0x8 .pioenvs/bluepill_f103c8/lib3e7/libcodal-core.a(MessageBus.o)
                0x0000000008002a50                codal::EventModel::remove(codal::Listener*)
 .text._ZN5codal10MessageBus3addEPNS_8ListenerE
                0x0000000008002a58       0xe8 .pioenvs/bluepill_f103c8/lib3e7/libcodal-core.a(MessageBus.o)
                0x0000000008002a58                codal::MessageBus::add(codal::Listener*)
 .text._ZN5codal10MessageBus7processERNS_5EventEb
                0x0000000008002b40       0x88 .pioenvs/bluepill_f103c8/lib3e7/libcodal-core.a(MessageBus.o)
                0x0000000008002b40                codal::MessageBus::process(codal::Event&, bool)
 .text._ZN5codal19allocateNotifyEventEv
                0x0000000008002bc8       0x10 .pioenvs/bluepill_f103c8/lib3e7/libcodal-core.a(MessageBus.o)
                0x0000000008002bc8                codal::allocateNotifyEvent()
 .text._ZN5codal22MemberFunctionCallbackC2INS_10MessageBusEEEPT_MS3_FvNS_5EventEE
                0x0000000008002bd8       0x30 .pioenvs/bluepill_f103c8/lib3e7/libcodal-core.a(MessageBus.o)
                0x0000000008002bd8                codal::MemberFunctionCallback::MemberFunctionCallback<codal::MessageBus>(codal::MessageBus*, void (codal::MessageBus::*)(codal::Event))
                0x0000000008002bd8                codal::MemberFunctionCallback::MemberFunctionCallback<codal::MessageBus>(codal::MessageBus*, void (codal::MessageBus::*)(codal::Event))
 .text._ZN5codal10EventModel6listenINS_10MessageBusEEEittPT_MS3_FvNS_5EventEEt
                0x0000000008002c08       0x8c .pioenvs/bluepill_f103c8/lib3e7/libcodal-core.a(MessageBus.o)
                0x0000000008002c08                int codal::EventModel::listen<codal::MessageBus>(unsigned short, unsigned short, codal::MessageBus*, void (codal::MessageBus::*)(codal::Event), unsigned short)
 .text._ZN5codal10MessageBusC2Ev
                0x0000000008002c94       0x74 .pioenvs/bluepill_f103c8/lib3e7/libcodal-core.a(MessageBus.o)
                0x0000000008002c94                codal::MessageBus::MessageBus()
                0x0000000008002c94                codal::MessageBus::MessageBus()
 .text._ZN5codal10MessageBusD2Ev
                0x0000000008002d08       0x50 .pioenvs/bluepill_f103c8/lib3e7/libcodal-core.a(MessageBus.o)
                0x0000000008002d08                codal::MessageBus::~MessageBus()
                0x0000000008002d08                codal::MessageBus::~MessageBus()
 .text._ZN5codal13ManagedString9initEmptyEv
                0x0000000008002d58        0xc .pioenvs/bluepill_f103c8/lib3e7/libcodal-core.a(ManagedString.o)
                0x0000000008002d58                codal::ManagedString::initEmpty()
 .text._Z41__static_initialization_and_destruction_0ii
                0x0000000008002d64       0x38 .pioenvs/bluepill_f103c8/lib3e7/libcodal-core.a(ManagedString.o)
 .text._Z10Blink_mainRN5codal13STM32BluePillE
                0x0000000008002d9c       0x30 .pioenvs/bluepill_f103c8/src/main.o
                0x0000000008002d9c                Blink_main(codal::STM32BluePill&)
 .text.main     0x0000000008002dcc       0x1e .pioenvs/bluepill_f103c8/src/main.o
                0x0000000008002dcc                main
 .text._GLOBAL__sub_I_serialPort
                0x0000000008002dea        0xe .pioenvs/bluepill_f103c8/src/uart.o
 .text._ZL14semihost_writemPKhj
                0x0000000008002df8       0x1e .pioenvs/bluepill_f103c8/libd9b/liblogger.a(logger.o)
 .text.debug_print
                0x0000000008002e16       0x18 .pioenvs/bluepill_f103c8/libd9b/liblogger.a(logger.o)
                0x0000000008002e16                debug_print
 .text.strlen   0x0000000008002e2e       0x10 .pioenvs/bluepill_f103c8/lib98a/libnewlib.a(strlen.o)
                0x0000000008002e2e                strlen
 .text.strncat  0x0000000008002e3e       0x32 .pioenvs/bluepill_f103c8/lib98a/libnewlib.a(strncat.o)
                0x0000000008002e3e                strncat
 .text._ZN5codal3Pin15setServoPulseUsEm
                0x0000000008002e70        0x6 .pioenvs/bluepill_f103c8/lib739/libcm.a(CmPin.o)
                0x0000000008002e70                codal::Pin::setServoPulseUs(unsigned long)
 .text._ZN5codal3Pin17setAnalogPeriodUsEm
                0x0000000008002e76        0x6 .pioenvs/bluepill_f103c8/lib739/libcm.a(CmPin.o)
                0x0000000008002e76                codal::Pin::setAnalogPeriodUs(unsigned long)
 .text._ZN5codal3Pin8drainPinEv
                0x0000000008002e7c        0x6 .pioenvs/bluepill_f103c8/lib739/libcm.a(CmPin.o)
                0x0000000008002e7c                codal::Pin::drainPin()
 .text._ZN5codal3_cm3Pin15getDigitalValueEv
                0x0000000008002e82        0x4 .pioenvs/bluepill_f103c8/lib739/libcm.a(CmPin.o)
                0x0000000008002e82                codal::_cm::Pin::getDigitalValue()
 .text._ZN5codal3_cm3Pin15getDigitalValueENS_8PullModeE
                0x0000000008002e86       0x14 .pioenvs/bluepill_f103c8/lib739/libcm.a(CmPin.o)
                0x0000000008002e86                codal::_cm::Pin::getDigitalValue(codal::PullMode)
 .text._ZN5codal3_cm3Pin14getAnalogValueEv
                0x0000000008002e9a        0x4 .pioenvs/bluepill_f103c8/lib739/libcm.a(CmPin.o)
                0x0000000008002e9a                codal::_cm::Pin::getAnalogValue()
 .text._ZN5codal3_cm3Pin7isInputEv
                0x0000000008002e9e        0xe .pioenvs/bluepill_f103c8/lib739/libcm.a(CmPin.o)
                0x0000000008002e9e                codal::_cm::Pin::isInput()
 .text._ZN5codal3_cm3Pin8isOutputEv
                0x0000000008002eac        0xe .pioenvs/bluepill_f103c8/lib739/libcm.a(CmPin.o)
                0x0000000008002eac                codal::_cm::Pin::isOutput()
 .text._ZN5codal3_cm3Pin9isDigitalEv
                0x0000000008002eba        0xc .pioenvs/bluepill_f103c8/lib739/libcm.a(CmPin.o)
                0x0000000008002eba                codal::_cm::Pin::isDigital()
 .text._ZN5codal3_cm3Pin8isAnalogEv
                0x0000000008002ec6        0xe .pioenvs/bluepill_f103c8/lib739/libcm.a(CmPin.o)
                0x0000000008002ec6                codal::_cm::Pin::isAnalog()
 .text._ZN5codal3_cm3Pin7setPullENS_8PullModeE
                0x0000000008002ed4        0x6 .pioenvs/bluepill_f103c8/lib739/libcm.a(CmPin.o)
                0x0000000008002ed4                codal::_cm::Pin::setPull(codal::PullMode)
 .text._ZN5codal3_cm3Pin5setupEhh
                0x0000000008002eda       0x1c .pioenvs/bluepill_f103c8/lib739/libcm.a(CmPin.o)
                0x0000000008002eda                codal::_cm::Pin::setup(unsigned char, unsigned char)
 .text._ZN5codal3_cm3Pin10disconnectEv
                0x0000000008002ef6        0x6 .pioenvs/bluepill_f103c8/lib739/libcm.a(CmPin.o)
                0x0000000008002ef6                codal::_cm::Pin::disconnect()
 .text._ZN5codal3_cm3Pin15setServoPulseUsEi
                0x0000000008002efc        0x4 .pioenvs/bluepill_f103c8/lib739/libcm.a(CmPin.o)
                0x0000000008002efc                codal::_cm::Pin::setServoPulseUs(int)
 .text._ZN5codal3_cm3Pin17setAnalogPeriodUsEi
                0x0000000008002f00       0x18 .pioenvs/bluepill_f103c8/lib739/libcm.a(CmPin.o)
                0x0000000008002f00                codal::_cm::Pin::setAnalogPeriodUs(int)
 .text._ZN5codal3_cm3Pin15setAnalogPeriodEi
                0x0000000008002f18       0x10 .pioenvs/bluepill_f103c8/lib739/libcm.a(CmPin.o)
                0x0000000008002f18                codal::_cm::Pin::setAnalogPeriod(int)
 .text._ZN5codal3_cm3Pin13disableEventsEv
                0x0000000008002f28       0x14 .pioenvs/bluepill_f103c8/lib739/libcm.a(CmPin.o)
                0x0000000008002f28                codal::_cm::Pin::disableEvents()
 .text._ZN5codal3_cm3Pin7eventOnEi
                0x0000000008002f3c       0x2c .pioenvs/bluepill_f103c8/lib739/libcm.a(CmPin.o)
                0x0000000008002f3c                codal::_cm::Pin::eventOn(int)
 .text.target_enable_debug
                0x0000000008002f68        0x8 .pioenvs/bluepill_f103c8/lib739/libcm.a(codal_target_hal.o)
                0x0000000008002f68                target_enable_debug
 .text.target_enable_irq
                0x0000000008002f70        0x4 .pioenvs/bluepill_f103c8/lib739/libcm.a(codal_target_hal.o)
                0x0000000008002f70                target_enable_irq
 .text.target_disable_irq
                0x0000000008002f74        0x4 .pioenvs/bluepill_f103c8/lib739/libcm.a(codal_target_hal.o)
                0x0000000008002f74                target_disable_irq
 .text.target_wait_for_event
                0x0000000008002f78        0xa .pioenvs/bluepill_f103c8/lib739/libcm.a(codal_target_hal.o)
                0x0000000008002f78                target_wait_for_event
 .text.tcb_allocate
                0x0000000008002f82        0xa .pioenvs/bluepill_f103c8/lib739/libcm.a(codal_target_hal.o)
                0x0000000008002f82                tcb_allocate
 .text.tcb_configure_lr
                0x0000000008002f8c        0x4 .pioenvs/bluepill_f103c8/lib739/libcm.a(codal_target_hal.o)
                0x0000000008002f8c                tcb_configure_lr
 .text.tcb_configure_sp
                0x0000000008002f90        0x4 .pioenvs/bluepill_f103c8/lib739/libcm.a(codal_target_hal.o)
                0x0000000008002f90                tcb_configure_sp
 .text.tcb_configure_stack_base
                0x0000000008002f94        0x4 .pioenvs/bluepill_f103c8/lib739/libcm.a(codal_target_hal.o)
                0x0000000008002f94                tcb_configure_stack_base
 .text.tcb_get_stack_base
                0x0000000008002f98        0x4 .pioenvs/bluepill_f103c8/lib739/libcm.a(codal_target_hal.o)
                0x0000000008002f98                tcb_get_stack_base
 .text.get_current_sp
                0x0000000008002f9c        0x4 .pioenvs/bluepill_f103c8/lib739/libcm.a(codal_target_hal.o)
                0x0000000008002f9c                get_current_sp
 .text.tcb_get_sp
                0x0000000008002fa0        0x4 .pioenvs/bluepill_f103c8/lib739/libcm.a(codal_target_hal.o)
                0x0000000008002fa0                tcb_get_sp
 .text.tcb_configure_args
                0x0000000008002fa4        0x8 .pioenvs/bluepill_f103c8/lib739/libcm.a(codal_target_hal.o)
                0x0000000008002fa4                tcb_configure_args
 .text._fini    0x0000000008002fac        0x2 .pioenvs/bluepill_f103c8/lib739/libcm.a(codal_target_hal.o)
                0x0000000008002fac                _fini
 .text.__aeabi_atexit
                0x0000000008002fae        0x4 .pioenvs/bluepill_f103c8/lib739/libcm.a(codal_target_hal.o)
                0x0000000008002fae                __aeabi_atexit
 .text._ZN5codal14string_reverseEPc
                0x0000000008002fb2       0x32 .pioenvs/bluepill_f103c8/lib3e7/libcodal-core.a(CodalCompat.o)
                0x0000000008002fb2                codal::string_reverse(char*)
 .text._ZN5codal11queue_fiberEPNS_5FiberEPS1_
                0x0000000008002fe4       0x2e .pioenvs/bluepill_f103c8/lib3e7/libcodal-core.a(CodalFiber.o)
                0x0000000008002fe4                codal::queue_fiber(codal::Fiber*, codal::Fiber**)
 .text._ZN5codal13dequeue_fiberEPNS_5FiberE
                0x0000000008003012       0x34 .pioenvs/bluepill_f103c8/lib3e7/libcodal-core.a(CodalFiber.o)
                0x0000000008003012                codal::dequeue_fiber(codal::Fiber*)
 .text._ZN5codal12create_fiberEPFvPvES0_S2_
                0x0000000008003046       0x20 .pioenvs/bluepill_f103c8/lib3e7/libcodal-core.a(CodalFiber.o)
                0x0000000008003046                codal::create_fiber(void (*)(void*), void*, void (*)(void*))
 .text._ZN5codal20fiber_wait_for_eventEtt
                0x0000000008003066       0x14 .pioenvs/bluepill_f103c8/lib3e7/libcodal-core.a(CodalFiber.o)
                0x0000000008003066                codal::fiber_wait_for_event(unsigned short, unsigned short)
 .text._ZN5codal16launch_new_fiberEPFvvES1_
                0x000000000800307a        0xe .pioenvs/bluepill_f103c8/lib3e7/libcodal-core.a(CodalFiber.o)
                0x000000000800307a                codal::launch_new_fiber(void (*)(), void (*)())
 .text._ZN5codal13release_fiberEPv
                0x0000000008003088       0x10 .pioenvs/bluepill_f103c8/lib3e7/libcodal-core.a(CodalFiber.o)
                0x0000000008003088                codal::release_fiber(void*)
 .text._ZN5codal22launch_new_fiber_paramEPFvPvES2_S0_
                0x0000000008003098       0x18 .pioenvs/bluepill_f103c8/lib3e7/libcodal-core.a(CodalFiber.o)
                0x0000000008003098                codal::launch_new_fiber_param(void (*)(void*), void (*)(void*), void*)
 .text._ZN5codal9idle_taskEv
                0x00000000080030b0        0xc .pioenvs/bluepill_f103c8/lib3e7/libcodal-core.a(CodalFiber.o)
                0x00000000080030b0                codal::idle_task()
 .text._Z16device_malloc_injR14HeapDefinition
                0x00000000080030bc       0xa0 .pioenvs/bluepill_f103c8/lib3e7/libcodal-core.a(CodalHeapAllocator.o)
                0x00000000080030bc                device_malloc_in(unsigned int, HeapDefinition&)
 .text._ZN5codal8ListenerC2EttPFvNS_5EventEEt
                0x000000000800315c       0x28 .pioenvs/bluepill_f103c8/lib3e7/libcodal-core.a(CodalListener.o)
                0x000000000800315c                codal::Listener::Listener(unsigned short, unsigned short, void (*)(codal::Event), unsigned short)
                0x000000000800315c                codal::Listener::Listener(unsigned short, unsigned short, void (*)(codal::Event), unsigned short)
 .text._ZN5codal8ListenerD2Ev
                0x0000000008003184       0x18 .pioenvs/bluepill_f103c8/lib3e7/libcodal-core.a(CodalListener.o)
                0x0000000008003184                codal::Listener::~Listener()
                0x0000000008003184                codal::Listener::~Listener()
 .text._ZN5codal8Listener5queueENS_5EventE
                0x000000000800319c       0x62 .pioenvs/bluepill_f103c8/lib3e7/libcodal-core.a(CodalListener.o)
                0x000000000800319c                codal::Listener::queue(codal::Event)
 .text._ZN5codal5Timer17disableInterruptsEv
                0x00000000080031fe        0xa .pioenvs/bluepill_f103c8/lib3e7/libcodal-core.a(Timer.o)
                0x00000000080031fe                codal::Timer::disableInterrupts()
 .text._ZN5codal5Timer16enableInterruptsEv
                0x0000000008003208        0xa .pioenvs/bluepill_f103c8/lib3e7/libcodal-core.a(Timer.o)
                0x0000000008003208                codal::Timer::enableInterrupts()
 .text._ZN5codal5Timer13getTimerEventEv
                0x0000000008003212       0x24 .pioenvs/bluepill_f103c8/lib3e7/libcodal-core.a(Timer.o)
                0x0000000008003212                codal::Timer::getTimerEvent()
 .text._ZN5codal5Timer17releaseTimerEventEPNS_10TimerEventE
                0x0000000008003236       0x12 .pioenvs/bluepill_f103c8/lib3e7/libcodal-core.a(Timer.o)
                0x0000000008003236                codal::Timer::releaseTimerEvent(codal::TimerEvent*)
 .text._ZN5codal5Timer7getTimeEv
                0x0000000008003248        0xe .pioenvs/bluepill_f103c8/lib3e7/libcodal-core.a(Timer.o)
                0x0000000008003248                codal::Timer::getTime()
 .text._ZN5codal5Timer9getTimeUsEv
                0x0000000008003256        0xe .pioenvs/bluepill_f103c8/lib3e7/libcodal-core.a(Timer.o)
                0x0000000008003256                codal::Timer::getTimeUs()
 .text._ZN5codal5Timer8setEventEmttb
                0x0000000008003264       0x6a .pioenvs/bluepill_f103c8/lib3e7/libcodal-core.a(Timer.o)
                0x0000000008003264                codal::Timer::setEvent(unsigned long, unsigned short, unsigned short, bool)
 .text._ZN5codal5Timer12eventEveryUsEmtt
                0x00000000080032ce       0x10 .pioenvs/bluepill_f103c8/lib3e7/libcodal-core.a(Timer.o)
                0x00000000080032ce                codal::Timer::eventEveryUs(unsigned long, unsigned short, unsigned short)
 .text._ZN5codal5Timer4syncEm
                0x00000000080032de       0x24 .pioenvs/bluepill_f103c8/lib3e7/libcodal-core.a(Timer.o)
                0x00000000080032de                codal::Timer::sync(unsigned long)
 .text._ZN5codal5Timer7triggerEv
                0x0000000008003302       0xa4 .pioenvs/bluepill_f103c8/lib3e7/libcodal-core.a(Timer.o)
                0x0000000008003302                codal::Timer::trigger()
 .text._ZN5codal5TimerD2Ev
                0x00000000080033a6        0x2 .pioenvs/bluepill_f103c8/lib3e7/libcodal-core.a(Timer.o)
                0x00000000080033a6                codal::Timer::~Timer()
                0x00000000080033a6                codal::Timer::~Timer()
 .text._ZN5codal5EventC2Ev
                0x00000000080033a8       0x14 .pioenvs/bluepill_f103c8/lib3e7/libcodal-core.a(Event.o)
                0x00000000080033a8                codal::Event::Event()
                0x00000000080033a8                codal::Event::Event()
 .text._ZN5codal5EventC2EttNS_15EventLaunchModeE
                0x00000000080033bc       0x1e .pioenvs/bluepill_f103c8/lib3e7/libcodal-core.a(Event.o)
                0x00000000080033bc                codal::Event::Event(unsigned short, unsigned short, codal::EventLaunchMode)
                0x00000000080033bc                codal::Event::Event(unsigned short, unsigned short, codal::EventLaunchMode)
 .text._ZN5codal5EventC2EttmNS_15EventLaunchModeE
                0x00000000080033da       0x1c .pioenvs/bluepill_f103c8/lib3e7/libcodal-core.a(Event.o)
                0x00000000080033da                codal::Event::Event(unsigned short, unsigned short, unsigned long, codal::EventLaunchMode)
                0x00000000080033da                codal::Event::Event(unsigned short, unsigned short, unsigned long, codal::EventLaunchMode)
 .text._ZN5codal14EventQueueItemC2ENS_5EventE
                0x00000000080033f6       0x22 .pioenvs/bluepill_f103c8/lib3e7/libcodal-core.a(Event.o)
                0x00000000080033f6                codal::EventQueueItem::EventQueueItem(codal::Event)
                0x00000000080033f6                codal::EventQueueItem::EventQueueItem(codal::Event)
 .text._ZN5codal14CodalComponent16periodicCallbackEv
                0x0000000008003418        0x2 .pioenvs/bluepill_f103c8/lib271/libbluepill.a(STM32BluePill.o)
                0x0000000008003418                codal::CodalComponent::periodicCallback()
 .text._ZN5codal14CodalComponent12idleCallbackEv
                0x000000000800341a        0x2 .pioenvs/bluepill_f103c8/lib271/libbluepill.a(STM32BluePill.o)
                0x000000000800341a                codal::CodalComponent::idleCallback()
 .text._ZN5codal13STM32BluePill16periodicCallbackEv
                0x000000000800341c        0x2 .pioenvs/bluepill_f103c8/lib271/libbluepill.a(STM32BluePill.o)
                0x000000000800341c                codal::STM32BluePill::periodicCallback()
 .text._ZN5codal13STM32BluePill12idleCallbackEv
                0x000000000800341e        0x8 .pioenvs/bluepill_f103c8/lib271/libbluepill.a(STM32BluePill.o)
                0x000000000800341e                codal::STM32BluePill::idleCallback()
 .text.__cxa_pure_virtual
                0x0000000008003426        0xc .pioenvs/bluepill_f103c8/lib271/libbluepill.a(bluepill.o)
                0x0000000008003426                __cxa_pure_virtual
 .text._Znwj    0x0000000008003432        0x8 .pioenvs/bluepill_f103c8/lib271/libbluepill.a(bluepill.o)
                0x0000000008003432                operator new(unsigned int)
 .text._ZdlPv   0x000000000800343a        0x8 .pioenvs/bluepill_f103c8/lib271/libbluepill.a(bluepill.o)
                0x000000000800343a                operator delete(void*)
 .text._ZL9rtc_setupv
                0x0000000008003442       0x72 .pioenvs/bluepill_f103c8/lib271/libbluepill.a(timer.o)
 .text.millis   0x00000000080034b4        0x8 .pioenvs/bluepill_f103c8/lib271/libbluepill.a(timer.o)
                0x00000000080034b4                millis
 .text._ZN13UARTInterfaceC2Ejj
                0x00000000080034bc        0x2 .pioenvs/bluepill_f103c8/lib33e/libuartint.a(uartint.o)
                0x00000000080034bc                UARTInterface::UARTInterface(unsigned int, unsigned int)
                0x00000000080034bc                UARTInterface::UARTInterface(unsigned int, unsigned int)
 .text._GLOBAL__sub_I__ZN13UARTInterfaceC2Ejj
                0x00000000080034be        0xe .pioenvs/bluepill_f103c8/lib33e/libuartint.a(uartint.o)
 .text.gpio_set_mode
                0x00000000080034cc       0x6c .pioenvs/bluepill_f103c8/libFrameworkLibOpenCM3.a(gpio.o)
                0x00000000080034cc                gpio_set_mode
 .text.gpio_set
                0x0000000008003538        0x4 .pioenvs/bluepill_f103c8/libFrameworkLibOpenCM3.a(gpio_common_all.o)
                0x0000000008003538                gpio_set
 .text.gpio_clear
                0x000000000800353c        0x6 .pioenvs/bluepill_f103c8/libFrameworkLibOpenCM3.a(gpio_common_all.o)
                0x000000000800353c                gpio_clear
 .text.usart_recv
                0x0000000008003542        0x8 .pioenvs/bluepill_f103c8/libFrameworkLibOpenCM3.a(usart_common_f124.o)
                0x0000000008003542                usart_recv
 .text.rcc_periph_clock_enable
                0x000000000800354a       0x1c .pioenvs/bluepill_f103c8/libFrameworkLibOpenCM3.a(rcc_common_all.o)
                0x000000000800354a                rcc_periph_clock_enable
 .text.blocking_handler
                0x0000000008003566        0x2 .pioenvs/bluepill_f103c8/libFrameworkLibOpenCM3.a(vector.o)
                0x0000000008003566                exti0_isr
                0x0000000008003566                tim7_isr
                0x0000000008003566                adc1_2_isr
                0x0000000008003566                tim1_trg_com_isr
                0x0000000008003566                usb_hp_can_tx_isr
                0x0000000008003566                tim6_isr
                0x0000000008003566                usb_wakeup_isr
                0x0000000008003566                blocking_handler
                0x0000000008003566                tim5_isr
                0x0000000008003566                otg_fs_isr
                0x0000000008003566                spi1_isr
                0x0000000008003566                exti2_isr
                0x0000000008003566                dma1_channel6_isr
                0x0000000008003566                can_rx1_isr
                0x0000000008003566                dma1_channel5_isr
                0x0000000008003566                dma2_channel5_isr
                0x0000000008003566                usart1_isr
                0x0000000008003566                usage_fault_handler
                0x0000000008003566                tim8_trg_com_isr
                0x0000000008003566                can2_rx0_isr
                0x0000000008003566                tim1_brk_isr
                0x0000000008003566                can2_rx1_isr
                0x0000000008003566                tim1_cc_isr
                0x0000000008003566                sdio_isr
                0x0000000008003566                eth_isr
                0x0000000008003566                dma1_channel4_isr
                0x0000000008003566                tim8_brk_isr
                0x0000000008003566                dma2_channel4_5_isr
                0x0000000008003566                pvd_isr
                0x0000000008003566                rcc_isr
                0x0000000008003566                flash_isr
                0x0000000008003566                uart4_isr
                0x0000000008003566                exti15_10_isr
                0x0000000008003566                hard_fault_handler
                0x0000000008003566                exti1_isr
                0x0000000008003566                i2c1_ev_isr
                0x0000000008003566                dma2_channel1_isr
                0x0000000008003566                spi2_isr
                0x0000000008003566                tim8_up_isr
                0x0000000008003566                dma2_channel2_isr
                0x0000000008003566                exti3_isr
                0x0000000008003566                adc3_isr
                0x0000000008003566                tim3_isr
                0x0000000008003566                usb_lp_can_rx0_isr
                0x0000000008003566                i2c2_er_isr
                0x0000000008003566                i2c2_ev_isr
                0x0000000008003566                uart5_isr
                0x0000000008003566                fsmc_isr
                0x0000000008003566                dma1_channel1_isr
                0x0000000008003566                exti4_isr
                0x0000000008003566                mem_manage_handler
                0x0000000008003566                can2_tx_isr
                0x0000000008003566                exti9_5_isr
                0x0000000008003566                dma2_channel3_isr
                0x0000000008003566                dma1_channel7_isr
                0x0000000008003566                tim1_up_isr
                0x0000000008003566                can2_sce_isr
                0x0000000008003566                tim4_isr
                0x0000000008003566                dma1_channel2_isr
                0x0000000008003566                i2c1_er_isr
                0x0000000008003566                can_sce_isr
                0x0000000008003566                tim8_cc_isr
                0x0000000008003566                tamper_isr
                0x0000000008003566                eth_wkup_isr
                0x0000000008003566                bus_fault_handler
                0x0000000008003566                wwdg_isr
                0x0000000008003566                dma1_channel3_isr
                0x0000000008003566                spi3_isr
                0x0000000008003566                tim2_isr
                0x0000000008003566                usart3_isr
 .text.null_handler
                0x0000000008003568        0x2 .pioenvs/bluepill_f103c8/libFrameworkLibOpenCM3.a(vector.o)
                0x0000000008003568                null_handler
                0x0000000008003568                sv_call_handler
                0x0000000008003568                pend_sv_handler
                0x0000000008003568                debug_monitor_handler
                0x0000000008003568                sys_tick_handler
                0x0000000008003568                nmi_handler
 .text.nvic_enable_irq
                0x000000000800356a       0x18 .pioenvs/bluepill_f103c8/libFrameworkLibOpenCM3.a(nvic.o)
                0x000000000800356a                nvic_enable_irq
 .text.memcpy   0x0000000008003582       0x1a .pioenvs/bluepill_f103c8/lib98a/libnewlib.a(memcpy.o)
                0x0000000008003582                memcpy
 .text.memset   0x000000000800359c       0x16 .pioenvs/bluepill_f103c8/lib98a/libnewlib.a(memset.o)
                0x000000000800359c                memset
 .text._ZN5codal3_cm3I2C12setFrequencyEm
                0x00000000080035b2        0x4 .pioenvs/bluepill_f103c8/lib739/libcm.a(CmI2C.o)
                0x00000000080035b2                codal::_cm::I2C::setFrequency(unsigned long)
 .text._ZN5codal3_cm3I2C5writeEtPhib
                0x00000000080035b6        0x4 .pioenvs/bluepill_f103c8/lib739/libcm.a(CmI2C.o)
                0x00000000080035b6                codal::_cm::I2C::write(unsigned short, unsigned char*, int, bool)
 .text._ZN5codal3_cm3I2C4readEtPhib
                0x00000000080035ba        0x4 .pioenvs/bluepill_f103c8/lib739/libcm.a(CmI2C.o)
                0x00000000080035ba                codal::_cm::I2C::read(unsigned short, unsigned char*, int, bool)
 .text._ZN5codal3_cm3I2C12readRegisterEthPhib
                0x00000000080035be        0x4 .pioenvs/bluepill_f103c8/lib739/libcm.a(CmI2C.o)
                0x00000000080035be                codal::_cm::I2C::readRegister(unsigned short, unsigned char, unsigned char*, int, bool)
 .text._ZN5codal3_cm3SPI12setFrequencyEm
                0x00000000080035c2        0xc .pioenvs/bluepill_f103c8/lib739/libcm.a(CmSPI.o)
                0x00000000080035c2                codal::_cm::SPI::setFrequency(unsigned long)
 .text._ZN5codal3_cm3SPI5writeEi
                0x00000000080035ce        0xe .pioenvs/bluepill_f103c8/lib739/libcm.a(CmSPI.o)
                0x00000000080035ce                codal::_cm::SPI::write(int)
 .text._ZN5codal3_cm3SPI8transferEPKhmPhm
                0x00000000080035dc        0x4 .pioenvs/bluepill_f103c8/lib739/libcm.a(CmSPI.o)
                0x00000000080035dc                codal::_cm::SPI::transfer(unsigned char const*, unsigned long, unsigned char*, unsigned long)
 .text._ZN5codal3_cm3SPI7setModeEii
                0x00000000080035e0       0x18 .pioenvs/bluepill_f103c8/lib739/libcm.a(CmSPI.o)
                0x00000000080035e0                codal::_cm::SPI::setMode(int, int)
 .text._ZN5codal3_cm16_codal_setup_pinEPNS0_3PinEmPK6PinMap
                0x00000000080035f8       0x54 .pioenvs/bluepill_f103c8/lib739/libcm.a(CmSPI.o)
                0x00000000080035f8                codal::_cm::_codal_setup_pin(codal::_cm::Pin*, unsigned long, PinMap const*)
 .text._ZN5codal3_cm3SPI13startTransferEPKhmPhmPFvPvES5_
                0x000000000800364c       0x2a .pioenvs/bluepill_f103c8/lib739/libcm.a(CmSPI.o)
                0x000000000800364c                codal::_cm::SPI::startTransfer(unsigned char const*, unsigned long, unsigned char*, unsigned long, void (*)(void*), void*)
 .text._ZN5codal3_cm6Serial15enableInterruptENS_19SerialInterruptTypeE
                0x0000000008003676        0x4 .pioenvs/bluepill_f103c8/lib739/libcm.a(CmSerial.o)
                0x0000000008003676                codal::_cm::Serial::enableInterrupt(codal::SerialInterruptType)
 .text._ZN5codal3_cm6Serial16disableInterruptENS_19SerialInterruptTypeE
                0x000000000800367a        0x4 .pioenvs/bluepill_f103c8/lib739/libcm.a(CmSerial.o)
                0x000000000800367a                codal::_cm::Serial::disableInterrupt(codal::SerialInterruptType)
 .text._ZN5codal3_cm6Serial11setBaudrateEm
                0x000000000800367e        0x4 .pioenvs/bluepill_f103c8/lib739/libcm.a(CmSerial.o)
                0x000000000800367e                codal::_cm::Serial::setBaudrate(unsigned long)
 .text._ZN5codal3_cm6Serial13configurePinsERNS_3PinES3_
                0x0000000008003682        0x4 .pioenvs/bluepill_f103c8/lib739/libcm.a(CmSerial.o)
                0x0000000008003682                codal::_cm::Serial::configurePins(codal::Pin&, codal::Pin&)
 .text._ZN5codal3_cm6Serial4putcEc
                0x0000000008003686        0x4 .pioenvs/bluepill_f103c8/lib739/libcm.a(CmSerial.o)
                0x0000000008003686                codal::_cm::Serial::putc(char)
 .text._ZN5codal3_cm6Serial4getcEv
                0x000000000800368a        0x6 .pioenvs/bluepill_f103c8/lib739/libcm.a(CmSerial.o)
                0x000000000800368a                codal::_cm::Serial::getc()
 .text._ZN5codal3_cm6Serial6lockRxEv
                0x0000000008003690        0xa .pioenvs/bluepill_f103c8/lib739/libcm.a(CmSerial.o)
                0x0000000008003690                codal::_cm::Serial::lockRx()
 .text._ZN5codal3_cm6Serial8unlockRxEv
                0x000000000800369a        0xa .pioenvs/bluepill_f103c8/lib739/libcm.a(CmSerial.o)
                0x000000000800369a                codal::_cm::Serial::unlockRx()
 .text._ZN5codal3_cm6Serial12initialiseRxEv
                0x00000000080036a4       0x3c .pioenvs/bluepill_f103c8/lib739/libcm.a(CmSerial.o)
                0x00000000080036a4                codal::_cm::Serial::initialiseRx()
 .text._ZN5codal3_cm6Serial12circularCopyEPhhS2_tt
                0x00000000080036e0       0x28 .pioenvs/bluepill_f103c8/lib739/libcm.a(CmSerial.o)
                0x00000000080036e0                codal::_cm::Serial::circularCopy(unsigned char*, unsigned char, unsigned char*, unsigned short, unsigned short)
 .text._ZN5codal3_cm6Serial4baudEi
                0x0000000008003708       0x10 .pioenvs/bluepill_f103c8/lib739/libcm.a(CmSerial.o)
                0x0000000008003708                codal::_cm::Serial::baud(int)
 .text._ZN5codal3_cm6Serial7eventOnENS_13ManagedStringENS_10SerialModeE
                0x0000000008003718       0x28 .pioenvs/bluepill_f103c8/lib739/libcm.a(CmSerial.o)
                0x0000000008003718                codal::_cm::Serial::eventOn(codal::ManagedString, codal::SerialMode)
 .text._ZN5codal3_cm6Serial7rxInUseEv
                0x0000000008003740        0x8 .pioenvs/bluepill_f103c8/lib739/libcm.a(CmSerial.o)
                0x0000000008003740                codal::_cm::Serial::rxInUse()
 .text._ZN5codal3_cm6Serial9readUntilENS_13ManagedStringENS_10SerialModeE
                0x0000000008003748      0x1cc .pioenvs/bluepill_f103c8/lib739/libcm.a(CmSerial.o)
                0x0000000008003748                codal::_cm::Serial::readUntil(codal::ManagedString, codal::SerialMode)
 .text._ZN5codal3_cm5Timer9triggerInEm
                0x0000000008003914        0x2 .pioenvs/bluepill_f103c8/lib739/libcm.a(CmTimer.o)
                0x0000000008003914                codal::_cm::Timer::triggerIn(unsigned long)
 .text._ZN5codal3_cm5Timer11syncRequestEv
                0x0000000008003916       0x26 .pioenvs/bluepill_f103c8/lib739/libcm.a(CmTimer.o)
                0x0000000008003916                codal::_cm::Timer::syncRequest()
 .text._ZL22pinmap_find_peripheralhPK6PinMap
                0x000000000800393c       0x18 .pioenvs/bluepill_f103c8/lib739/libcm.a(CmPinMap.o)
 .text._ZL16pinmap_find_modehPK6PinMap
                0x0000000008003954       0x16 .pioenvs/bluepill_f103c8/lib739/libcm.a(CmPinMap.o)
 .text._ZL15pinmap_find_cnfhPK6PinMap
                0x000000000800396a       0x16 .pioenvs/bluepill_f103c8/lib739/libcm.a(CmPinMap.o)
 .text._ZN5codal3I2C12setFrequencyEm
                0x0000000008003980        0x6 .pioenvs/bluepill_f103c8/lib3e7/libcodal-core.a(I2C.o)
                0x0000000008003980                codal::I2C::setFrequency(unsigned long)
 .text._ZN5codal3I2C5startEv
                0x0000000008003986        0x6 .pioenvs/bluepill_f103c8/lib3e7/libcodal-core.a(I2C.o)
                0x0000000008003986                codal::I2C::start()
 .text._ZN5codal3I2C4stopEv
                0x000000000800398c        0x6 .pioenvs/bluepill_f103c8/lib3e7/libcodal-core.a(I2C.o)
                0x000000000800398c                codal::I2C::stop()
 .text._ZN5codal3I2C5writeEh
                0x0000000008003992        0x6 .pioenvs/bluepill_f103c8/lib3e7/libcodal-core.a(I2C.o)
                0x0000000008003992                codal::I2C::write(unsigned char)
 .text._ZN5codal3I2C4readENS_15AcknowledgeTypeE
                0x0000000008003998        0x6 .pioenvs/bluepill_f103c8/lib3e7/libcodal-core.a(I2C.o)
                0x0000000008003998                codal::I2C::read(codal::AcknowledgeType)
 .text._ZN5codal3I2C5writeEtPhib
                0x000000000800399e       0x5e .pioenvs/bluepill_f103c8/lib3e7/libcodal-core.a(I2C.o)
                0x000000000800399e                codal::I2C::write(unsigned short, unsigned char*, int, bool)
 .text._ZN5codal3I2C13writeRegisterEthh
                0x00000000080039fc       0x1e .pioenvs/bluepill_f103c8/lib3e7/libcodal-core.a(I2C.o)
                0x00000000080039fc                codal::I2C::writeRegister(unsigned short, unsigned char, unsigned char)
 .text._ZN5codal3I2C4readEtPhib
                0x0000000008003a1a       0x78 .pioenvs/bluepill_f103c8/lib3e7/libcodal-core.a(I2C.o)
                0x0000000008003a1a                codal::I2C::read(unsigned short, unsigned char*, int, bool)
 .text._ZN5codal3I2C5writeEth
                0x0000000008003a92       0x1c .pioenvs/bluepill_f103c8/lib3e7/libcodal-core.a(I2C.o)
                0x0000000008003a92                codal::I2C::write(unsigned short, unsigned char)
 .text._ZN5codal3I2C12readRegisterEthPhib
                0x0000000008003aae       0x46 .pioenvs/bluepill_f103c8/lib3e7/libcodal-core.a(I2C.o)
                0x0000000008003aae                codal::I2C::readRegister(unsigned short, unsigned char, unsigned char*, int, bool)
 .text._ZN5codal6Serial6lockRxEv
                0x0000000008003af4        0xa .pioenvs/bluepill_f103c8/lib3e7/libcodal-core.a(Serial.o)
                0x0000000008003af4                codal::Serial::lockRx()
 .text._ZN5codal6Serial8unlockRxEv
                0x0000000008003afe        0xa .pioenvs/bluepill_f103c8/lib3e7/libcodal-core.a(Serial.o)
                0x0000000008003afe                codal::Serial::unlockRx()
 .text._ZN5codal6Serial12initialiseRxEv
                0x0000000008003b08       0x50 .pioenvs/bluepill_f103c8/lib3e7/libcodal-core.a(Serial.o)
                0x0000000008003b08                codal::Serial::initialiseRx()
 .text._ZN5codal6Serial12circularCopyEPhhS1_tt
                0x0000000008003b58       0x28 .pioenvs/bluepill_f103c8/lib3e7/libcodal-core.a(Serial.o)
                0x0000000008003b58                codal::Serial::circularCopy(unsigned char*, unsigned char, unsigned char*, unsigned short, unsigned short)
 .text._ZN5codal6Serial7eventOnENS_13ManagedStringENS_10SerialModeE
                0x0000000008003b80       0x2a .pioenvs/bluepill_f103c8/lib3e7/libcodal-core.a(Serial.o)
                0x0000000008003b80                codal::Serial::eventOn(codal::ManagedString, codal::SerialMode)
 .text._ZN5codal6Serial7rxInUseEv
                0x0000000008003baa        0x8 .pioenvs/bluepill_f103c8/lib3e7/libcodal-core.a(Serial.o)
                0x0000000008003baa                codal::Serial::rxInUse()
 .text._ZN5codal6Serial9readUntilENS_13ManagedStringENS_10SerialModeE
                0x0000000008003bb2      0x1cc .pioenvs/bluepill_f103c8/lib3e7/libcodal-core.a(Serial.o)
                0x0000000008003bb2                codal::Serial::readUntil(codal::ManagedString, codal::SerialMode)
 .text._ZN5codal10MessageBus9elementAtEi
                0x0000000008003d7e       0x10 .pioenvs/bluepill_f103c8/lib3e7/libcodal-core.a(MessageBus.o)
                0x0000000008003d7e                codal::MessageBus::elementAt(int)
 .text._ZN5codal22MemberFunctionCallback10methodCallINS_10MessageBusEEEvPvPmNS_5EventE
                0x0000000008003d8e       0x36 .pioenvs/bluepill_f103c8/lib3e7/libcodal-core.a(MessageBus.o)
                0x0000000008003d8e                void codal::MemberFunctionCallback::methodCall<codal::MessageBus>(void*, unsigned long*, codal::Event)
 .text._Z14async_callbackPv
                0x0000000008003dc4       0x96 .pioenvs/bluepill_f103c8/lib3e7/libcodal-core.a(MessageBus.o)
                0x0000000008003dc4                async_callback(void*)
 .text._ZN5codal10MessageBus6removeEPNS_8ListenerE
                0x0000000008003e5a       0x76 .pioenvs/bluepill_f103c8/lib3e7/libcodal-core.a(MessageBus.o)
                0x0000000008003e5a                codal::MessageBus::remove(codal::Listener*)
 .text._ZN5codal10MessageBus12dequeueEventEv
                0x0000000008003ed0       0x24 .pioenvs/bluepill_f103c8/lib3e7/libcodal-core.a(MessageBus.o)
                0x0000000008003ed0                codal::MessageBus::dequeueEvent()
 .text._ZN5codal10MessageBus21deleteMarkedListenersEv
                0x0000000008003ef4       0x4c .pioenvs/bluepill_f103c8/lib3e7/libcodal-core.a(MessageBus.o)
                0x0000000008003ef4                codal::MessageBus::deleteMarkedListeners()
 .text._ZN5codal10MessageBus10queueEventERNS_5EventE
                0x0000000008003f40       0x5e .pioenvs/bluepill_f103c8/lib3e7/libcodal-core.a(MessageBus.o)
                0x0000000008003f40                codal::MessageBus::queueEvent(codal::Event&)
 .text._ZN5codal10MessageBus4sendENS_5EventE
                0x0000000008003f9e       0x18 .pioenvs/bluepill_f103c8/lib3e7/libcodal-core.a(MessageBus.o)
                0x0000000008003f9e                codal::MessageBus::send(codal::Event)
 .text._ZN5codal10MessageBus4idleENS_5EventE
                0x0000000008003fb6       0x3e .pioenvs/bluepill_f103c8/lib3e7/libcodal-core.a(MessageBus.o)
                0x0000000008003fb6                codal::MessageBus::idle(codal::Event)
 .text._ZN5codal8ListenerC2INS_10MessageBusEEEttPT_MS3_FvNS_5EventEEt
                0x0000000008003ff4       0x3e .pioenvs/bluepill_f103c8/lib3e7/libcodal-core.a(MessageBus.o)
                0x0000000008003ff4                codal::Listener::Listener<codal::MessageBus>(unsigned short, unsigned short, codal::MessageBus*, void (codal::MessageBus::*)(codal::Event), unsigned short)
                0x0000000008003ff4                codal::Listener::Listener<codal::MessageBus>(unsigned short, unsigned short, codal::MessageBus*, void (codal::MessageBus::*)(codal::Event), unsigned short)
 .text._ZN5codal10EventModel6ignoreINS_10MessageBusEEEittPT_MS3_FvNS_5EventEE
                0x0000000008004032       0x44 .pioenvs/bluepill_f103c8/lib3e7/libcodal-core.a(MessageBus.o)
                0x0000000008004032                int codal::EventModel::ignore<codal::MessageBus>(unsigned short, unsigned short, codal::MessageBus*, void (codal::MessageBus::*)(codal::Event))
 .text._ZThn8_N5codal10MessageBusD1Ev
                0x0000000008004076        0x8 .pioenvs/bluepill_f103c8/lib3e7/libcodal-core.a(MessageBus.o)
                0x0000000008004076                non-virtual thunk to codal::MessageBus::~MessageBus()
 .text._ZN5codal10MessageBusD0Ev
                0x000000000800407e       0x12 .pioenvs/bluepill_f103c8/lib3e7/libcodal-core.a(MessageBus.o)
                0x000000000800407e                codal::MessageBus::~MessageBus()
 .text._ZThn8_N5codal10MessageBusD0Ev
                0x0000000008004090        0x8 .pioenvs/bluepill_f103c8/lib3e7/libcodal-core.a(MessageBus.o)
                0x0000000008004090                non-virtual thunk to codal::MessageBus::~MessageBus()
 .text._ZN5codal13ManagedStringD2Ev
                0x0000000008004098        0xe .pioenvs/bluepill_f103c8/lib3e7/libcodal-core.a(ManagedString.o)
                0x0000000008004098                codal::ManagedString::~ManagedString()
                0x0000000008004098                codal::ManagedString::~ManagedString()
 .text._ZN5codal13ManagedString10initStringEPKci
                0x00000000080040a6       0x2e .pioenvs/bluepill_f103c8/lib3e7/libcodal-core.a(ManagedString.o)
                0x00000000080040a6                codal::ManagedString::initString(char const*, int)
 .text._ZN5codal13ManagedStringC2EPNS_10StringDataE
                0x00000000080040d4       0x18 .pioenvs/bluepill_f103c8/lib3e7/libcodal-core.a(ManagedString.o)
                0x00000000080040d4                codal::ManagedString::ManagedString(codal::StringData*)
                0x00000000080040d4                codal::ManagedString::ManagedString(codal::StringData*)
 .text._ZN5codal13ManagedStringC2Ei
                0x00000000080040ec       0x24 .pioenvs/bluepill_f103c8/lib3e7/libcodal-core.a(ManagedString.o)
                0x00000000080040ec                codal::ManagedString::ManagedString(int)
                0x00000000080040ec                codal::ManagedString::ManagedString(int)
 .text._ZN5codal13ManagedStringC2EPKcs
                0x0000000008004110       0x30 .pioenvs/bluepill_f103c8/lib3e7/libcodal-core.a(ManagedString.o)
                0x0000000008004110                codal::ManagedString::ManagedString(char const*, short)
                0x0000000008004110                codal::ManagedString::ManagedString(char const*, short)
 .text._ZN5codal13ManagedStringC2ERKS0_
                0x0000000008004140       0x10 .pioenvs/bluepill_f103c8/lib3e7/libcodal-core.a(ManagedString.o)
                0x0000000008004140                codal::ManagedString::ManagedString(codal::ManagedString const&)
                0x0000000008004140                codal::ManagedString::ManagedString(codal::ManagedString const&)
 .text._ZN5codal13ManagedStringC2Ev
                0x0000000008004150        0xc .pioenvs/bluepill_f103c8/lib3e7/libcodal-core.a(ManagedString.o)
                0x0000000008004150                codal::ManagedString::ManagedString()
                0x0000000008004150                codal::ManagedString::ManagedString()
 .text._ZN5codal13ManagedStringaSERKS0_
                0x000000000800415c       0x1e .pioenvs/bluepill_f103c8/lib3e7/libcodal-core.a(ManagedString.o)
                0x000000000800415c                codal::ManagedString::operator=(codal::ManagedString const&)
 .text._ZN5codal13ManagedString6charAtEs
                0x000000000800417a       0x1c .pioenvs/bluepill_f103c8/lib3e7/libcodal-core.a(ManagedString.o)
                0x000000000800417a                codal::ManagedString::charAt(short)
 .text._GLOBAL__sub_I__ZN5codal13ManagedString9initEmptyEv
                0x0000000008004196        0xe .pioenvs/bluepill_f103c8/lib3e7/libcodal-core.a(ManagedString.o)
 .text._ZN5codal10RefCounted4incrEv
                0x00000000080041a4       0x28 .pioenvs/bluepill_f103c8/lib3e7/libcodal-core.a(RefCounted.o)
                0x00000000080041a4                codal::RefCounted::incr()
 .text._ZN5codal10RefCounted4decrEv
                0x00000000080041cc       0x36 .pioenvs/bluepill_f103c8/lib3e7/libcodal-core.a(RefCounted.o)
                0x00000000080041cc                codal::RefCounted::decr()
 .text._ZN5codal10RefCounted7destroyEv
                0x0000000008004202        0x8 .pioenvs/bluepill_f103c8/lib3e7/libcodal-core.a(RefCountedInit.o)
                0x0000000008004202                codal::RefCounted::destroy()
 .text._ZN5codal10RefCounted4initEv
                0x000000000800420a        0x6 .pioenvs/bluepill_f103c8/lib3e7/libcodal-core.a(RefCountedInit.o)
                0x000000000800420a                codal::RefCounted::init()
 .text._ZN5codal22MemberFunctionCallback4fireENS_5EventE
                0x0000000008004210       0x18 .pioenvs/bluepill_f103c8/lib3e7/libcodal-core.a(MemberFunctionCallback.o)
                0x0000000008004210                codal::MemberFunctionCallback::fire(codal::Event)
 .text._ZN5codal22MemberFunctionCallbackeqERKS0_
                0x0000000008004228       0x22 .pioenvs/bluepill_f103c8/lib3e7/libcodal-core.a(MemberFunctionCallback.o)
                0x0000000008004228                codal::MemberFunctionCallback::operator==(codal::MemberFunctionCallback const&)
 .text.memcmp   0x000000000800424a       0x20 .pioenvs/bluepill_f103c8/lib98a/libnewlib.a(memcmp.o)
                0x000000000800424a                memcmp
                0x000000000800426c                . = ALIGN (0x4)
 *fill*         0x000000000800426a        0x2 
 *(SORT_BY_ALIGNMENT(.rodata*))
 .rodata._Z10debug_dumpv.str1.4
                0x000000000800426c        0xd .pioenvs/bluepill_f103c8/src/main.o
                                         0x11 (size before relaxing)
 *fill*         0x0000000008004279        0x3 
 .rodata._Z11debug_printi.str1.4
                0x000000000800427c        0x6 .pioenvs/bluepill_f103c8/libd9b/liblogger.a(logger.o)
 *fill*         0x0000000008004282        0x2 
 .rodata._Z11debug_printj.str1.4
                0x0000000008004284        0xb .pioenvs/bluepill_f103c8/libd9b/liblogger.a(logger.o)
 *fill*         0x000000000800428f        0x1 
 .rodata.debug_println.str1.4
                0x0000000008004290        0x2 .pioenvs/bluepill_f103c8/libd9b/liblogger.a(logger.o)
 *fill*         0x0000000008004292        0x2 
 .rodata._ZN5codal3_cm3Pin15setDigitalValueEi.str1.4
                0x0000000008004294       0x42 .pioenvs/bluepill_f103c8/lib739/libcm.a(CmPin.o)
 *fill*         0x00000000080042d6        0x2 
 .rodata._ZN5codal3_cm3PinC2EhmmtNS_13PinCapabilityE.str1.4
                0x00000000080042d8        0xa .pioenvs/bluepill_f103c8/lib739/libcm.a(CmPin.o)
 *fill*         0x00000000080042e2        0x2 
 .rodata._ZN5codal3_cm3PinC2Ei7PinNameNS_13PinCapabilityE.str1.4
                0x00000000080042e4       0x17 .pioenvs/bluepill_f103c8/lib739/libcm.a(CmPin.o)
                                         0x19 (size before relaxing)
 *fill*         0x00000000080042fb        0x1 
 .rodata._ZTVN5codal3_cm3PinE
                0x00000000080042fc       0x54 .pioenvs/bluepill_f103c8/lib739/libcm.a(CmPin.o)
                0x00000000080042fc                vtable for codal::_cm::Pin
 .rodata.target_panic.str1.4
                0x0000000008004350       0x13 .pioenvs/bluepill_f103c8/lib739/libcm.a(codal_target_hal.o)
 *fill*         0x0000000008004363        0x1 
 .rodata.target_wait.str1.4
                0x0000000008004364       0x10 .pioenvs/bluepill_f103c8/lib739/libcm.a(codal_target_hal.o)
 .rodata.test_codal.str1.4
                0x0000000008004374       0x33 .pioenvs/bluepill_f103c8/lib739/libcm.a(codal_target_hal.o)
 *fill*         0x00000000080043a7        0x1 
 .rodata._ZTVN5codal5TimerE
                0x00000000080043a8       0x18 .pioenvs/bluepill_f103c8/lib3e7/libcodal-core.a(Timer.o)
                0x00000000080043a8                vtable for codal::Timer
 .rodata._ZTVN5codal14CodalComponentE
                0x00000000080043c0       0x1c .pioenvs/bluepill_f103c8/lib271/libbluepill.a(STM32BluePill.o)
                0x00000000080043c0                vtable for codal::CodalComponent
 .rodata._ZTVN5codal13STM32BluePillE
                0x00000000080043dc       0x1c .pioenvs/bluepill_f103c8/lib271/libbluepill.a(STM32BluePill.o)
                0x00000000080043dc                vtable for codal::STM32BluePill
 .rodata.PinMap_SPI_MISO
                0x00000000080043f8       0x48 .pioenvs/bluepill_f103c8/lib271/libbluepill.a(STM32BluePillIO.o)
                0x00000000080043f8                PinMap_SPI_MISO
 .rodata.PinMap_SPI_MOSI
                0x0000000008004440       0x48 .pioenvs/bluepill_f103c8/lib271/libbluepill.a(STM32BluePillIO.o)
                0x0000000008004440                PinMap_SPI_MOSI
 .rodata.PinMap_SPI_NSS
                0x0000000008004488       0x48 .pioenvs/bluepill_f103c8/lib271/libbluepill.a(STM32BluePillIO.o)
                0x0000000008004488                PinMap_SPI_NSS
 .rodata.PinMap_SPI_SCK
                0x00000000080044d0       0x48 .pioenvs/bluepill_f103c8/lib271/libbluepill.a(STM32BluePillIO.o)
                0x00000000080044d0                PinMap_SPI_SCK
 .rodata.platform_setup.str1.4
                0x0000000008004518       0x13 .pioenvs/bluepill_f103c8/lib271/libbluepill.a(bluepill.o)
 *fill*         0x000000000800452b        0x1 
 .rodata._ZTVN5codal3_cm3I2CE
                0x000000000800452c       0x2c .pioenvs/bluepill_f103c8/lib739/libcm.a(CmI2C.o)
                0x000000000800452c                vtable for codal::_cm::I2C
 .rodata._ZN5codal3_cm3SPI4initEv.str1.4
                0x0000000008004558       0x10 .pioenvs/bluepill_f103c8/lib739/libcm.a(CmSPI.o)
 .rodata._ZN5codal3_cm3SPIC2ERNS0_3PinES3_S3_.str1.4
                0x0000000008004568       0x23 .pioenvs/bluepill_f103c8/lib739/libcm.a(CmSPI.o)
                                         0x25 (size before relaxing)
 *fill*         0x000000000800458b        0x1 
 .rodata._ZN5codal3_cm3SPIC2ERNS0_3PinES3_S3_S3_.str1.4
                0x000000000800458c       0x12 .pioenvs/bluepill_f103c8/lib739/libcm.a(CmSPI.o)
 *fill*         0x000000000800459e        0x2 
 .rodata._ZTVN5codal3_cm3SPIE
                0x00000000080045a0       0x1c .pioenvs/bluepill_f103c8/lib739/libcm.a(CmSPI.o)
                0x00000000080045a0                vtable for codal::_cm::SPI
 .rodata._ZTVN5codal3_cm6SerialE
                0x00000000080045bc       0x38 .pioenvs/bluepill_f103c8/lib739/libcm.a(CmSerial.o)
                0x00000000080045bc                vtable for codal::_cm::Serial
 .rodata._ZTVN5codal3_cm5TimerE
                0x00000000080045f4       0x18 .pioenvs/bluepill_f103c8/lib739/libcm.a(CmTimer.o)
                0x00000000080045f4                vtable for codal::_cm::Timer
 .rodata.pinmap_cnf.str1.4
                0x000000000800460c       0x19 .pioenvs/bluepill_f103c8/lib739/libcm.a(CmPinMap.o)
 *fill*         0x0000000008004625        0x3 
 .rodata.pinmap_mode.str1.4
                0x0000000008004628       0x1a .pioenvs/bluepill_f103c8/lib739/libcm.a(CmPinMap.o)
 *fill*         0x0000000008004642        0x2 
 .rodata.pinmap_peripheral.str1.4
                0x0000000008004644       0x20 .pioenvs/bluepill_f103c8/lib739/libcm.a(CmPinMap.o)
 .rodata._ZTVN5codal3I2CE
                0x0000000008004664       0x2c .pioenvs/bluepill_f103c8/lib3e7/libcodal-core.a(I2C.o)
                0x0000000008004664                vtable for codal::I2C
 .rodata._ZTVN5codal6SerialE
                0x0000000008004690       0x38 .pioenvs/bluepill_f103c8/lib3e7/libcodal-core.a(Serial.o)
                0x0000000008004690                vtable for codal::Serial
 .rodata._ZTVN5codal10EventModelE
                0x00000000080046c8       0x14 .pioenvs/bluepill_f103c8/lib3e7/libcodal-core.a(MessageBus.o)
                0x00000000080046c8                vtable for codal::EventModel
 .rodata._ZTVN5codal10MessageBusE
                0x00000000080046dc       0x3c .pioenvs/bluepill_f103c8/lib3e7/libcodal-core.a(MessageBus.o)
                0x00000000080046dc                vtable for codal::MessageBus
 .rodata._ZL9emptyData
                0x0000000008004718        0x4 .pioenvs/bluepill_f103c8/lib3e7/libcodal-core.a(ManagedString.o)
                0x000000000800471c                . = ALIGN (0x4)

.glue_7         0x000000000800471c        0x0
 .glue_7        0x000000000800471c        0x0 linker stubs

.glue_7t        0x000000000800471c        0x0
 .glue_7t       0x000000000800471c        0x0 linker stubs

.vfp11_veneer   0x000000000800471c        0x0
 .vfp11_veneer  0x000000000800471c        0x0 linker stubs

.v4_bx          0x000000000800471c        0x0
 .v4_bx         0x000000000800471c        0x0 linker stubs

.iplt           0x000000000800471c        0x0
 .iplt          0x000000000800471c        0x0 asm/CortexContextSwitch.s.o

.rel.dyn        0x000000000800471c        0x0
 .rel.iplt      0x000000000800471c        0x0 asm/CortexContextSwitch.s.o

.preinit_array  0x000000000800471c        0x0
                0x000000000800471c                . = ALIGN (0x4)
                0x000000000800471c                __preinit_array_start = .
 *(SORT_BY_ALIGNMENT(.preinit_array))
                0x000000000800471c                __preinit_array_end = .

.init_array     0x000000000800471c        0xc
                0x000000000800471c                . = ALIGN (0x4)
                0x000000000800471c                __init_array_start = .
 *(SORT_BY_NAME(SORT_BY_ALIGNMENT(.init_array.*)))
 *(SORT_BY_ALIGNMENT(.init_array))
 .init_array    0x000000000800471c        0x4 .pioenvs/bluepill_f103c8/src/uart.o
 .init_array    0x0000000008004720        0x4 .pioenvs/bluepill_f103c8/lib33e/libuartint.a(uartint.o)
 .init_array    0x0000000008004724        0x4 .pioenvs/bluepill_f103c8/lib3e7/libcodal-core.a(ManagedString.o)
                0x0000000008004728                __init_array_end = .

.fini_array     0x0000000008004728        0x0
                0x0000000008004728                . = ALIGN (0x4)
                0x0000000008004728                __fini_array_start = .
 *(SORT_BY_ALIGNMENT(.fini_array))
 *(SORT_BY_NAME(SORT_BY_ALIGNMENT(.fini_array.*)))
                0x0000000008004728                __fini_array_end = .

.ARM.extab
 *(SORT_BY_ALIGNMENT(.ARM.extab*))

.ARM.exidx      0x0000000008004728        0x0
                0x0000000008004728                __exidx_start = .
 *(SORT_BY_ALIGNMENT(.ARM.exidx*))
                0x0000000008004728                __exidx_end = .
                0x0000000008004728                . = ALIGN (0x4)
                0x0000000008004728                _etext = .

.data           0x0000000020000000       0x14 load address 0x0000000008004728
                0x0000000020000000                _data = .
 *(SORT_BY_ALIGNMENT(.data*))
 .data.codal_heap_start
                0x0000000020000000        0x4 .pioenvs/bluepill_f103c8/lib739/libcm.a(codal_target_hal.o)
                0x0000000020000000                codal_heap_start
 .data.rcc_ahb_frequency
                0x0000000020000004        0x4 .pioenvs/bluepill_f103c8/libFrameworkLibOpenCM3.a(rcc.o)
                0x0000000020000004                rcc_ahb_frequency
 .data.rcc_apb1_frequency
                0x0000000020000008        0x4 .pioenvs/bluepill_f103c8/libFrameworkLibOpenCM3.a(rcc.o)
                0x0000000020000008                rcc_apb1_frequency
 .data.rcc_apb2_frequency
                0x000000002000000c        0x4 .pioenvs/bluepill_f103c8/libFrameworkLibOpenCM3.a(rcc.o)
                0x000000002000000c                rcc_apb2_frequency
 .data._ZL12userNotifyId
                0x0000000020000010        0x2 .pioenvs/bluepill_f103c8/lib3e7/libcodal-core.a(MessageBus.o)
                0x0000000020000014                . = ALIGN (0x4)
 *fill*         0x0000000020000012        0x2 
                0x0000000020000014                _edata = .
                0x0000000008004728                _data_loadaddr = LOADADDR (.data)

.igot.plt       0x0000000020000014        0x0 load address 0x000000000800473c
 .igot.plt      0x0000000020000014        0x0 asm/CortexContextSwitch.s.o

.bss            0x0000000020000014      0x6d4 load address 0x000000000800473c
 *(SORT_BY_ALIGNMENT(.bss*))
 .bss.serialPort
                0x0000000020000014        0x1 .pioenvs/bluepill_f103c8/src/uart.o
                0x0000000020000014                serialPort
 *fill*         0x0000000020000015        0x3 
 .bss._ZL11debugBuffer
                0x0000000020000018       0x51 .pioenvs/bluepill_f103c8/libd9b/liblogger.a(logger.o)
 *fill*         0x0000000020000069        0x3 
 .bss.msgQList  0x000000002000006c       0x20 .pioenvs/bluepill_f103c8/libea7/libcocoOS_5.0.3.a(os_msgqueue.o)
 .bss.task_list
                0x000000002000008c       0x8c .pioenvs/bluepill_f103c8/libea7/libcocoOS_5.0.3.a(os_task.o)
 .bss._ZL13tick_callback
                0x0000000020000118        0x4 .pioenvs/bluepill_f103c8/lib739/libcm.a(codal_target_hal.o)
 .bss.__dso_handle
                0x000000002000011c        0x4 .pioenvs/bluepill_f103c8/lib739/libcm.a(codal_target_hal.o)
                0x000000002000011c                __dso_handle
 .bss._ZL14dmesg_flush_fn
                0x0000000020000120        0x4 .pioenvs/bluepill_f103c8/lib3e7/libcodal-core.a(CodalDmesg.o)
 .bss.codalLogStore
                0x0000000020000124      0x404 .pioenvs/bluepill_f103c8/lib3e7/libcodal-core.a(CodalDmesg.o)
                0x0000000020000124                codalLogStore
 .bss._ZN5codal12currentFiberE
                0x0000000020000528        0x4 .pioenvs/bluepill_f103c8/lib3e7/libcodal-core.a(CodalFiber.o)
                0x0000000020000528                codal::currentFiber
 .bss._ZN5codalL10messageBusE
                0x000000002000052c        0x4 .pioenvs/bluepill_f103c8/lib3e7/libcodal-core.a(CodalFiber.o)
 .bss._ZN5codalL10sleepQueueE
                0x0000000020000530        0x4 .pioenvs/bluepill_f103c8/lib3e7/libcodal-core.a(CodalFiber.o)
 .bss._ZN5codalL11forkedFiberE
                0x0000000020000534        0x4 .pioenvs/bluepill_f103c8/lib3e7/libcodal-core.a(CodalFiber.o)
 .bss._ZN5codalL8runQueueE
                0x0000000020000538        0x4 .pioenvs/bluepill_f103c8/lib3e7/libcodal-core.a(CodalFiber.o)
 .bss._ZN5codalL9fiberPoolE
                0x000000002000053c        0x4 .pioenvs/bluepill_f103c8/lib3e7/libcodal-core.a(CodalFiber.o)
 .bss._ZN5codalL9idleFiberE
                0x0000000020000540        0x4 .pioenvs/bluepill_f103c8/lib3e7/libcodal-core.a(CodalFiber.o)
 .bss._ZN5codalL9waitQueueE
                0x0000000020000544        0x4 .pioenvs/bluepill_f103c8/lib3e7/libcodal-core.a(CodalFiber.o)
 .bss.heap      0x0000000020000548        0x8 .pioenvs/bluepill_f103c8/lib3e7/libcodal-core.a(CodalHeapAllocator.o)
                0x0000000020000548                heap
 .bss._ZN5codal12system_timerE
                0x0000000020000550        0x4 .pioenvs/bluepill_f103c8/lib3e7/libcodal-core.a(Timer.o)
                0x0000000020000550                codal::system_timer
 .bss._ZN5codal10EventModel15defaultEventBusE
                0x0000000020000554        0x4 .pioenvs/bluepill_f103c8/lib3e7/libcodal-core.a(Event.o)
                0x0000000020000554                codal::EventModel::defaultEventBus
 .bss._ZL10alarmCount
                0x0000000020000558        0x4 .pioenvs/bluepill_f103c8/lib271/libbluepill.a(timer.o)
 .bss._ZL8tickFunc
                0x000000002000055c        0x4 .pioenvs/bluepill_f103c8/lib271/libbluepill.a(timer.o)
 .bss._ZL9tickCount
                0x0000000020000560        0x4 .pioenvs/bluepill_f103c8/lib271/libbluepill.a(timer.o)
 .bss._ZL13responseQueue
                0x0000000020000564       0x6c .pioenvs/bluepill_f103c8/lib33e/libuartint.a(uartint.o)
 .bss._ZN5codal3_cmL10_instancesE
                0x00000000200005d0       0x10 .pioenvs/bluepill_f103c8/lib739/libcm.a(CmSPI.o)
 .bss._ZN5codal3_cm5Timer8instanceE
                0x00000000200005e0        0x4 .pioenvs/bluepill_f103c8/lib739/libcm.a(CmTimer.o)
                0x00000000200005e0                codal::_cm::Timer::instance
 .bss._ZN5codal14CodalComponent10componentsE
                0x00000000200005e4       0xf0 .pioenvs/bluepill_f103c8/lib3e7/libcodal-core.a(CodalComponent.o)
                0x00000000200005e4                codal::CodalComponent::components
 .bss._ZN5codal13ManagedString11EmptyStringE
                0x00000000200006d4        0x4 .pioenvs/bluepill_f103c8/lib3e7/libcodal-core.a(ManagedString.o)
                0x00000000200006d4                codal::ManagedString::EmptyString
 .bss._ZL10logEnabled
                0x00000000200006d8        0x1 .pioenvs/bluepill_f103c8/libd9b/liblogger.a(logger.o)
 .bss.nEvents   0x00000000200006d9        0x1 .pioenvs/bluepill_f103c8/libea7/libcocoOS_5.0.3.a(os_event.o)
 .bss.nQueues   0x00000000200006da        0x1 .pioenvs/bluepill_f103c8/libea7/libcocoOS_5.0.3.a(os_msgqueue.o)
 .bss.nSemaphores
                0x00000000200006db        0x1 .pioenvs/bluepill_f103c8/libea7/libcocoOS_5.0.3.a(os_sem.o)
 .bss.nTasks    0x00000000200006dc        0x1 .pioenvs/bluepill_f103c8/libea7/libcocoOS_5.0.3.a(os_task.o)
 .bss._ZL11initialised
                0x00000000200006dd        0x1 .pioenvs/bluepill_f103c8/lib739/libcm.a(codal_target_hal.o)
 .bss._ZN5codalL11fiber_flagsE
                0x00000000200006de        0x1 .pioenvs/bluepill_f103c8/lib3e7/libcodal-core.a(CodalFiber.o)
 .bss._ZZ13device_mallocE11initialised
                0x00000000200006df        0x1 .pioenvs/bluepill_f103c8/lib3e7/libcodal-core.a(CodalHeapAllocator.o)
 .bss.heap_count
                0x00000000200006e0        0x1 .pioenvs/bluepill_f103c8/lib3e7/libcodal-core.a(CodalHeapAllocator.o)
                0x00000000200006e0                heap_count
 .bss._ZL12debugEnabled
                0x00000000200006e1        0x1 .pioenvs/bluepill_f103c8/lib271/libbluepill.a(bluepill.o)
 .bss._ZZ20platform_start_timerE12timerStarted
                0x00000000200006e2        0x1 .pioenvs/bluepill_f103c8/lib271/libbluepill.a(timer.o)
 .bss._ZN5codal14CodalComponent13configurationE
                0x00000000200006e3        0x1 .pioenvs/bluepill_f103c8/lib3e7/libcodal-core.a(CodalComponent.o)
                0x00000000200006e3                codal::CodalComponent::configuration
 *(SORT_BY_ALIGNMENT(COMMON))
 COMMON         0x00000000200006e4        0x3 .pioenvs/bluepill_f103c8/libea7/libcocoOS_5.0.3.a(os_kernel.o)
                0x00000000200006e4                running_tid
                0x00000000200006e5                running
                0x00000000200006e6                last_running_task
                0x00000000200006e8                . = ALIGN (0x4)
 *fill*         0x00000000200006e7        0x1 
                0x00000000200006e8                _ebss = .

/DISCARD/
 *(SORT_BY_ALIGNMENT(.eh_frame))
                0x00000000200006e8                . = ALIGN (0x4)
                0x00000000200006e8                end = .
                0x0000000020005000                PROVIDE (_stack, (ORIGIN (ram) + LENGTH (ram)))
OUTPUT(.pioenvs/bluepill_f103c8/firmware.elf elf32-littlearm)

.ARM.attributes
                0x0000000000000000       0x2f
 .ARM.attributes
                0x0000000000000000       0x21 asm/CortexContextSwitch.s.o
 .ARM.attributes