Archive member included to satisfy reference by file (symbol)

.pioenvs/bluepill_f103c8/libd9b/liblogger.a(logger.o)
                              .pioenvs/bluepill_f103c8/libccd/hal/codal_target_hal.o (debug_flush)
.pioenvs/bluepill_f103c8/lib98a/libnewlib.a(strlen.o)
                              .pioenvs/bluepill_f103c8/src/aggregate.o (strlen)
.pioenvs/bluepill_f103c8/lib98a/libnewlib.a(strncat.o)
                              .pioenvs/bluepill_f103c8/src/wisol.o (strncat)
.pioenvs/bluepill_f103c8/lib98a/libnewlib.a(strncmp.o)
                              .pioenvs/bluepill_f103c8/src/aggregate.o (strncmp)
.pioenvs/bluepill_f103c8/lib98a/libnewlib.a(strncpy.o)
                              .pioenvs/bluepill_f103c8/src/aggregate.o (strncpy)
.pioenvs/bluepill_f103c8/lib98a/libnewlib.a(strstr.o)
                              .pioenvs/bluepill_f103c8/src/wisol.o (strstr)
.pioenvs/bluepill_f103c8/lib271/libbluepill.a(bluepill.o)
                              .pioenvs/bluepill_f103c8/libccd/hal/codal_target_hal.o (platform_setup)
.pioenvs/bluepill_f103c8/lib271/libbluepill.a(led.o)
                              .pioenvs/bluepill_f103c8/lib271/libbluepill.a(bluepill.o) (led_setup)
.pioenvs/bluepill_f103c8/lib271/libbluepill.a(timer.o)
                              .pioenvs/bluepill_f103c8/libccd/hal/codal_target_hal.o (platform_start_timer)
.pioenvs/bluepill_f103c8/libea7/libcocoOS_5.0.3.a(os_cbk.o)
                              .pioenvs/bluepill_f103c8/libccd/hal/codal_target_hal.o (os_cbkSleep)
.pioenvs/bluepill_f103c8/libea7/libcocoOS_5.0.3.a(os_event.o)
                              .pioenvs/bluepill_f103c8/src/wisol.o (event_create)
.pioenvs/bluepill_f103c8/libea7/libcocoOS_5.0.3.a(os_kernel.o)
                              .pioenvs/bluepill_f103c8/libccd/hal/codal_target_hal.o (os_init)
.pioenvs/bluepill_f103c8/libea7/libcocoOS_5.0.3.a(os_msgqueue.o)
                              .pioenvs/bluepill_f103c8/libea7/libcocoOS_5.0.3.a(os_kernel.o) (os_msgQ_init)
.pioenvs/bluepill_f103c8/libea7/libcocoOS_5.0.3.a(os_sem.o)
                              .pioenvs/bluepill_f103c8/libea7/libcocoOS_5.0.3.a(os_kernel.o) (os_sem_init)
.pioenvs/bluepill_f103c8/libea7/libcocoOS_5.0.3.a(os_task.o)
                              .pioenvs/bluepill_f103c8/libea7/libcocoOS_5.0.3.a(os_kernel.o) (os_task_init)
.pioenvs/bluepill_f103c8/libea7/libcocoOS_5.0.3.a(os_assert.o)
                              .pioenvs/bluepill_f103c8/libea7/libcocoOS_5.0.3.a(os_event.o) (os_on_assert)
.pioenvs/bluepill_f103c8/lib3e7/libcodal-core.a(CodalComponent.o)
                              .pioenvs/bluepill_f103c8/src/main.o (codal::CodalComponent::removeComponent())
.pioenvs/bluepill_f103c8/lib3e7/libcodal-core.a(CodalDmesg.o)
                              .pioenvs/bluepill_f103c8/libccd/hal/codal_target_hal.o (codalLogStore)
.pioenvs/bluepill_f103c8/lib3e7/libcodal-core.a(CodalFiber.o)
                              .pioenvs/bluepill_f103c8/src/main.o (codal::fiber_sleep(unsigned long))
.pioenvs/bluepill_f103c8/lib3e7/libcodal-core.a(CodalHeapAllocator.o)
                              .pioenvs/bluepill_f103c8/libccd/hal/codal_target_hal.o (malloc)
.pioenvs/bluepill_f103c8/lib3e7/libcodal-core.a(CodalListener.o)
                              .pioenvs/bluepill_f103c8/lib3e7/libcodal-core.a(CodalComponent.o) (codal::Listener::Listener(unsigned short, unsigned short, void (*)(codal::Event), unsigned short))
.pioenvs/bluepill_f103c8/lib3e7/libcodal-core.a(Timer.o)
                              .pioenvs/bluepill_f103c8/src/main.o (codal::Timer::getTime())
.pioenvs/bluepill_f103c8/lib3e7/libcodal-core.a(MessageBus.o)
                              .pioenvs/bluepill_f103c8/src/main.o (codal::MessageBus::~MessageBus())
.pioenvs/bluepill_f103c8/lib3e7/libcodal-core.a(Event.o)
                              .pioenvs/bluepill_f103c8/lib3e7/libcodal-core.a(CodalListener.o) (codal::Event::Event())
.pioenvs/bluepill_f103c8/lib3e7/libcodal-core.a(CodalCompat.o)
                              .pioenvs/bluepill_f103c8/lib3e7/libcodal-core.a(CodalDmesg.o) (codal::itoa(int, char*))
.pioenvs/bluepill_f103c8/lib3e7/libcodal-core.a(MemberFunctionCallback.o)
                              .pioenvs/bluepill_f103c8/lib3e7/libcodal-core.a(MessageBus.o) (codal::MemberFunctionCallback::fire(codal::Event))
.pioenvs/bluepill_f103c8/lib739/libcm.a(CmPin.o)
                              .pioenvs/bluepill_f103c8/src/main.o (codal::_cm::Pin::setDigitalValue(int))
.pioenvs/bluepill_f103c8/lib739/libcm.a(CmTimer.o)
                              .pioenvs/bluepill_f103c8/src/main.o (vtable for codal::_cm::Timer)
.pioenvs/bluepill_f103c8/lib739/libcm.a(application.o)
                              .pioenvs/bluepill_f103c8/libccd/hal/reset_handler.o (application_start)
.pioenvs/bluepill_f103c8/lib2eb/libmodel.a(STM32BluePill.o)
                              .pioenvs/bluepill_f103c8/src/main.o (codal::STM32BluePill::init())
.pioenvs/bluepill_f103c8/lib2eb/libmodel.a(STM32BluePillIO.o)
[...]
Memory Configuration

Name             Origin             Length             Attributes
bootrom          0x0000000008000000 0x0000000000004800 xr
rom              0x0000000008004800 0x000000000000b800 xr
bootram          0x0000000020000000 0x0000000000000800 xrw
ram              0x0000000020000800 0x0000000000003fbc xrw
bootbuf          0x00000000200047bc 0x0000000000000844 xrw
*default*        0x0000000000000000 0xffffffffffffffff

Linker script and memory map

                0x0000000000004800                _bootrom_size = 0x4800
                0x0000000000000800                _bootram_size = 0x800
                0x0000000000000844                _bootbuf_size = 0x844

/DISCARD/
 *(SORT_BY_ALIGNMENT(.data.impure_data))
 *(SORT_BY_ALIGNMENT(.data._impure_ptr))

.boot_text      0x0000000008000000     0x138c
                0x0000000008000000                _boot_text = .
 *(SORT_BY_ALIGNMENT(.vectors))
 .vectors       0x0000000008000000      0x150 .pioenvs/bluepill_f103c8/libFrameworkLibOpenCM3.a(vector.o)
                0x0000000008000000                vector_table
 :*reset_handler*(SORT_BY_ALIGNMENT(.text*))
 .text.reset_handler
                0x0000000008000150       0xd8 .pioenvs/bluepill_f103c8/libccd/hal/reset_handler.o
                0x0000000008000150                reset_handler
 *libhal.a:*reset_handler*(SORT_BY_ALIGNMENT(.text*))
 :*codal_target_hal*(SORT_BY_ALIGNMENT(.text*))
 .text._ZL11timer_alarmv
                0x0000000008000228       0x18 .pioenvs/bluepill_f103c8/libccd/hal/codal_target_hal.o
 .text._ZL10timer_tickv
                0x0000000008000240       0x18 .pioenvs/bluepill_f103c8/libccd/hal/codal_target_hal.o
 .text._ZL11os_schedulev
                0x0000000008000258       0x28 .pioenvs/bluepill_f103c8/libccd/hal/codal_target_hal.o
 .text.target_init
                0x0000000008000280       0x34 .pioenvs/bluepill_f103c8/libccd/hal/codal_target_hal.o
                0x0000000008000280                target_init
 .text.target_dmesg_flush
                0x00000000080002b4       0x38 .pioenvs/bluepill_f103c8/libccd/hal/codal_target_hal.o
                0x00000000080002b4                target_dmesg_flush
 .text.target_wait_for_event
                0x00000000080002ec       0x1c .pioenvs/bluepill_f103c8/libccd/hal/codal_target_hal.o
                0x00000000080002ec                target_wait_for_event
 .text.target_wait
                0x0000000008000308       0x24 .pioenvs/bluepill_f103c8/libccd/hal/codal_target_hal.o
                0x0000000008000308                target_wait
 .text.target_wait_us
                0x000000000800032c       0x2c .pioenvs/bluepill_f103c8/libccd/hal/codal_target_hal.o
                0x000000000800032c                target_wait_us
 .text.target_panic
                0x0000000008000358       0x20 .pioenvs/bluepill_f103c8/libccd/hal/codal_target_hal.o
                0x0000000008000358                target_panic
 .text.fiber_initial_stack_base
                0x0000000008000378        0x8 .pioenvs/bluepill_f103c8/libccd/hal/codal_target_hal.o
                0x0000000008000378                fiber_initial_stack_base
 .text.test_codal
                0x0000000008000380       0x70 .pioenvs/bluepill_f103c8/libccd/hal/codal_target_hal.o
                0x0000000008000380                test_codal
 .text.target_enable_debug
                0x00000000080003f0        0x4 .pioenvs/bluepill_f103c8/libccd/hal/codal_target_hal.o
                0x00000000080003f0                target_enable_debug
 .text.target_enable_irq
                0x00000000080003f4        0x4 .pioenvs/bluepill_f103c8/libccd/hal/codal_target_hal.o
                0x00000000080003f4                target_enable_irq
 .text.target_disable_irq
                0x00000000080003f8        0x4 .pioenvs/bluepill_f103c8/libccd/hal/codal_target_hal.o
                0x00000000080003f8                target_disable_irq
 .text.tcb_allocate
                0x00000000080003fc        0x6 .pioenvs/bluepill_f103c8/libccd/hal/codal_target_hal.o
                0x00000000080003fc                tcb_allocate
 .text.tcb_configure_lr
                0x0000000008000402        0x4 .pioenvs/bluepill_f103c8/libccd/hal/codal_target_hal.o
                0x0000000008000402                tcb_configure_lr
 .text.tcb_configure_sp
                0x0000000008000406        0x4 .pioenvs/bluepill_f103c8/libccd/hal/codal_target_hal.o
                0x0000000008000406                tcb_configure_sp
 .text.tcb_configure_stack_base
                0x000000000800040a        0x4 .pioenvs/bluepill_f103c8/libccd/hal/codal_target_hal.o
                0x000000000800040a                tcb_configure_stack_base
 .text.tcb_get_stack_base
                0x000000000800040e        0x4 .pioenvs/bluepill_f103c8/libccd/hal/codal_target_hal.o
                0x000000000800040e                tcb_get_stack_base
 .text.get_current_sp
                0x0000000008000412        0x4 .pioenvs/bluepill_f103c8/libccd/hal/codal_target_hal.o
                0x0000000008000412                get_current_sp
 .text.tcb_get_sp
                0x0000000008000416        0x4 .pioenvs/bluepill_f103c8/libccd/hal/codal_target_hal.o
                0x0000000008000416                tcb_get_sp
 .text.tcb_configure_args
                0x000000000800041a        0x8 .pioenvs/bluepill_f103c8/libccd/hal/codal_target_hal.o
                0x000000000800041a                tcb_configure_args
 .text._fini    0x0000000008000422        0x2 .pioenvs/bluepill_f103c8/libccd/hal/codal_target_hal.o
                0x0000000008000422                _fini
 .text.__aeabi_atexit
                0x0000000008000424        0x4 .pioenvs/bluepill_f103c8/libccd/hal/codal_target_hal.o
                0x0000000008000424                __aeabi_atexit
 *libhal.a:*codal_target_hal*(SORT_BY_ALIGNMENT(.text*))
 :*CortexContextSwitch*(SORT_BY_ALIGNMENT(.text*))
 .text          0x0000000008000428      0x124 asm/CortexContextSwitch.s.o
                0x0000000008000428                swap_context
                0x00000000080004aa                save_context
                0x00000000080004ee                save_register_context
                0x000000000800051e                restore_register_context
 *libhal.a:(SORT_BY_ALIGNMENT(.text*))
 *liblibopencm3.a:(SORT_BY_ALIGNMENT(.text*))
 *libFrameworkLibOpenCM3.a:(SORT_BY_ALIGNMENT(.text*))
 .text.rcc_osc_on.part.0
                0x000000000800054c       0x10 .pioenvs/bluepill_f103c8/libFrameworkLibOpenCM3.a(rcc.o)
 .text.rcc_wait_for_osc_ready
                0x000000000800055c       0x64 .pioenvs/bluepill_f103c8/libFrameworkLibOpenCM3.a(rcc.o)
                0x000000000800055c                rcc_wait_for_osc_ready
 .text.rcc_osc_on
                0x00000000080005c0       0x54 .pioenvs/bluepill_f103c8/libFrameworkLibOpenCM3.a(rcc.o)
                0x00000000080005c0                rcc_osc_on
 .text.rcc_set_sysclk_source
                0x0000000008000614       0x14 .pioenvs/bluepill_f103c8/libFrameworkLibOpenCM3.a(rcc.o)
                0x0000000008000614                rcc_set_sysclk_source
 .text.rcc_set_pll_multiplication_factor
                0x0000000008000628       0x14 .pioenvs/bluepill_f103c8/libFrameworkLibOpenCM3.a(rcc.o)
                0x0000000008000628                rcc_set_pll_multiplication_factor
 .text.rcc_set_pll_source
                0x000000000800063c       0x14 .pioenvs/bluepill_f103c8/libFrameworkLibOpenCM3.a(rcc.o)
                0x000000000800063c                rcc_set_pll_source
 .text.rcc_set_pllxtpre
                0x0000000008000650       0x14 .pioenvs/bluepill_f103c8/libFrameworkLibOpenCM3.a(rcc.o)
                0x0000000008000650                rcc_set_pllxtpre
 .text.rcc_enable_rtc_clock
                0x0000000008000664       0x10 .pioenvs/bluepill_f103c8/libFrameworkLibOpenCM3.a(rcc.o)
                0x0000000008000664                rcc_enable_rtc_clock
 .text.rcc_set_rtc_clock_source
                0x0000000008000674       0x90 .pioenvs/bluepill_f103c8/libFrameworkLibOpenCM3.a(rcc.o)
                0x0000000008000674                rcc_set_rtc_clock_source
 .text.rcc_set_adcpre
                0x0000000008000704       0x14 .pioenvs/bluepill_f103c8/libFrameworkLibOpenCM3.a(rcc.o)
                0x0000000008000704                rcc_set_adcpre
 .text.rcc_set_ppre2
                0x0000000008000718       0x14 .pioenvs/bluepill_f103c8/libFrameworkLibOpenCM3.a(rcc.o)
                0x0000000008000718                rcc_set_ppre2
 .text.rcc_set_ppre1
                0x000000000800072c       0x14 .pioenvs/bluepill_f103c8/libFrameworkLibOpenCM3.a(rcc.o)
                0x000000000800072c                rcc_set_ppre1
 .text.rcc_set_hpre
                0x0000000008000740       0x14 .pioenvs/bluepill_f103c8/libFrameworkLibOpenCM3.a(rcc.o)
                0x0000000008000740                rcc_set_hpre
 .text.rcc_clock_setup_in_hse_8mhz_out_72mhz
                0x0000000008000754       0x8c .pioenvs/bluepill_f103c8/libFrameworkLibOpenCM3.a(rcc.o)
                0x0000000008000754                rcc_clock_setup_in_hse_8mhz_out_72mhz
 .text.rtc_enter_config_mode
                0x00000000080007e0       0x20 .pioenvs/bluepill_f103c8/libFrameworkLibOpenCM3.a(rtc.o)
                0x00000000080007e0                rtc_enter_config_mode
 .text.rtc_exit_config_mode
                0x0000000008000800       0x20 .pioenvs/bluepill_f103c8/libFrameworkLibOpenCM3.a(rtc.o)
                0x0000000008000800                rtc_exit_config_mode
 .text.rtc_set_alarm_time
                0x0000000008000820       0x20 .pioenvs/bluepill_f103c8/libFrameworkLibOpenCM3.a(rtc.o)
                0x0000000008000820                rtc_set_alarm_time
 .text.rtc_set_prescale_val
                0x0000000008000840       0x20 .pioenvs/bluepill_f103c8/libFrameworkLibOpenCM3.a(rtc.o)
                0x0000000008000840                rtc_set_prescale_val
 .text.rtc_get_counter_val
                0x0000000008000860       0x14 .pioenvs/bluepill_f103c8/libFrameworkLibOpenCM3.a(rtc.o)
                0x0000000008000860                rtc_get_counter_val
 .text.rtc_get_alarm_val
                0x0000000008000874       0x14 .pioenvs/bluepill_f103c8/libFrameworkLibOpenCM3.a(rtc.o)
                0x0000000008000874                rtc_get_alarm_val
 .text.rtc_set_counter_val
                0x0000000008000888       0x1c .pioenvs/bluepill_f103c8/libFrameworkLibOpenCM3.a(rtc.o)
                0x0000000008000888                rtc_set_counter_val
 .text.rtc_interrupt_enable
                0x00000000080008a4       0x3c .pioenvs/bluepill_f103c8/libFrameworkLibOpenCM3.a(rtc.o)
                0x00000000080008a4                rtc_interrupt_enable
 .text.rtc_interrupt_disable
                0x00000000080008e0       0x3c .pioenvs/bluepill_f103c8/libFrameworkLibOpenCM3.a(rtc.o)
                0x00000000080008e0                rtc_interrupt_disable
 .text.rtc_clear_flag
                0x000000000800091c       0x30 .pioenvs/bluepill_f103c8/libFrameworkLibOpenCM3.a(rtc.o)
                0x000000000800091c                rtc_clear_flag
 .text.rtc_check_flag
                0x000000000800094c       0x30 .pioenvs/bluepill_f103c8/libFrameworkLibOpenCM3.a(rtc.o)
                0x000000000800094c                rtc_check_flag
 .text.pwr_disable_backup_domain_write_protect
                0x000000000800097c       0x10 .pioenvs/bluepill_f103c8/libFrameworkLibOpenCM3.a(pwr_common_all.o)
                0x000000000800097c                pwr_disable_backup_domain_write_protect
 .text.exti_set_trigger
                0x000000000800098c       0x3c .pioenvs/bluepill_f103c8/libFrameworkLibOpenCM3.a(exti_common_all.o)
                0x000000000800098c                exti_set_trigger
 .text.exti_enable_request
                0x00000000080009c8       0x14 .pioenvs/bluepill_f103c8/libFrameworkLibOpenCM3.a(exti_common_all.o)
                0x00000000080009c8                exti_enable_request
 .text.exti_reset_request
                0x00000000080009dc        0xc .pioenvs/bluepill_f103c8/libFrameworkLibOpenCM3.a(exti_common_all.o)
                0x00000000080009dc                exti_reset_request
 .text.flash_set_ws
                0x00000000080009e8       0x14 .pioenvs/bluepill_f103c8/libFrameworkLibOpenCM3.a(flash_common_f01.o)
                0x00000000080009e8                flash_set_ws
 .text.gpio_set_mode
                0x00000000080009fc       0x62 .pioenvs/bluepill_f103c8/libFrameworkLibOpenCM3.a(gpio.o)
                0x00000000080009fc                gpio_set_mode
 .text.gpio_set
                0x0000000008000a5e        0x4 .pioenvs/bluepill_f103c8/libFrameworkLibOpenCM3.a(gpio_common_all.o)
                0x0000000008000a5e                gpio_set
 .text.gpio_clear
                0x0000000008000a62        0x6 .pioenvs/bluepill_f103c8/libFrameworkLibOpenCM3.a(gpio_common_all.o)
                0x0000000008000a62                gpio_clear
 .text.usart_recv
                0x0000000008000a68        0x8 .pioenvs/bluepill_f103c8/libFrameworkLibOpenCM3.a(usart_common_f124.o)
                0x0000000008000a68                usart_recv
 .text.rcc_periph_clock_enable
                0x0000000008000a70       0x1a .pioenvs/bluepill_f103c8/libFrameworkLibOpenCM3.a(rcc_common_all.o)
                0x0000000008000a70                rcc_periph_clock_enable
 .text.blocking_handler
                0x0000000008000a8a        0x2 .pioenvs/bluepill_f103c8/libFrameworkLibOpenCM3.a(vector.o)
                0x0000000008000a8a                exti0_isr
                0x0000000008000a8a                tim7_isr
                0x0000000008000a8a                adc1_2_isr
                0x0000000008000a8a                tim1_trg_com_isr
                0x0000000008000a8a                usb_hp_can_tx_isr
                0x0000000008000a8a                tim6_isr
                0x0000000008000a8a                usb_wakeup_isr
                0x0000000008000a8a                blocking_handler
                0x0000000008000a8a                tim5_isr
                0x0000000008000a8a                otg_fs_isr
                0x0000000008000a8a                spi1_isr
                0x0000000008000a8a                exti2_isr
                0x0000000008000a8a                dma1_channel6_isr
                0x0000000008000a8a                can_rx1_isr
                0x0000000008000a8a                dma1_channel5_isr
                0x0000000008000a8a                dma2_channel5_isr
                0x0000000008000a8a                usart1_isr
                0x0000000008000a8a                usage_fault_handler
                0x0000000008000a8a                tim8_trg_com_isr
                0x0000000008000a8a                can2_rx0_isr
                0x0000000008000a8a                tim1_brk_isr
                0x0000000008000a8a                can2_rx1_isr
                0x0000000008000a8a                tim1_cc_isr
                0x0000000008000a8a                sdio_isr
                0x0000000008000a8a                eth_isr
                0x0000000008000a8a                dma1_channel4_isr
                0x0000000008000a8a                tim8_brk_isr
                0x0000000008000a8a                dma2_channel4_5_isr
                0x0000000008000a8a                pvd_isr
                0x0000000008000a8a                rcc_isr
                0x0000000008000a8a                flash_isr
                0x0000000008000a8a                uart4_isr
                0x0000000008000a8a                exti15_10_isr
                0x0000000008000a8a                hard_fault_handler
                0x0000000008000a8a                exti1_isr
                0x0000000008000a8a                i2c1_ev_isr
                0x0000000008000a8a                dma2_channel1_isr
                0x0000000008000a8a                spi2_isr
                0x0000000008000a8a                tim8_up_isr
                0x0000000008000a8a                dma2_channel2_isr
                0x0000000008000a8a                exti3_isr
                0x0000000008000a8a                adc3_isr
                0x0000000008000a8a                tim3_isr
                0x0000000008000a8a                usb_lp_can_rx0_isr
                0x0000000008000a8a                i2c2_er_isr
                0x0000000008000a8a                i2c2_ev_isr
                0x0000000008000a8a                uart5_isr
                0x0000000008000a8a                fsmc_isr
                0x0000000008000a8a                dma1_channel1_isr
                0x0000000008000a8a                exti4_isr
                0x0000000008000a8a                mem_manage_handler
                0x0000000008000a8a                can2_tx_isr
                0x0000000008000a8a                exti9_5_isr
                0x0000000008000a8a                dma2_channel3_isr
                0x0000000008000a8a                dma1_channel7_isr
                0x0000000008000a8a                tim1_up_isr
                0x0000000008000a8a                can2_sce_isr
                0x0000000008000a8a                tim4_isr
                0x0000000008000a8a                dma1_channel2_isr
                0x0000000008000a8a                i2c1_er_isr
                0x0000000008000a8a                can_sce_isr
                0x0000000008000a8a                tim8_cc_isr
                0x0000000008000a8a                tamper_isr
                0x0000000008000a8a                eth_wkup_isr
                0x0000000008000a8a                bus_fault_handler
                0x0000000008000a8a                wwdg_isr
                0x0000000008000a8a                dma1_channel3_isr
                0x0000000008000a8a                spi3_isr
                0x0000000008000a8a                tim2_isr
                0x0000000008000a8a                usart3_isr
 .text.null_handler
                0x0000000008000a8c        0x2 .pioenvs/bluepill_f103c8/libFrameworkLibOpenCM3.a(vector.o)
                0x0000000008000a8c                null_handler
                0x0000000008000a8c                sv_call_handler
                0x0000000008000a8c                pend_sv_handler
                0x0000000008000a8c                debug_monitor_handler
                0x0000000008000a8c                sys_tick_handler
                0x0000000008000a8c                nmi_handler
 .text.nvic_enable_irq
                0x0000000008000a8e       0x1a .pioenvs/bluepill_f103c8/libFrameworkLibOpenCM3.a(nvic.o)
                0x0000000008000a8e                nvic_enable_irq
 *libcocoos.a:(SORT_BY_ALIGNMENT(.text*))
 *libcocoOS_?.?.?.a:(SORT_BY_ALIGNMENT(.text*))
 .text.os_event_init
                0x0000000008000aa8        0xc .pioenvs/bluepill_f103c8/libea7/libcocoOS_5.0.3.a(os_event.o)
                0x0000000008000aa8                os_event_init
 .text.os_signal_event
                0x0000000008000ab4        0xc .pioenvs/bluepill_f103c8/libea7/libcocoOS_5.0.3.a(os_event.o)
                0x0000000008000ab4                os_signal_event
 .text.os_event_set_signaling_tid
                0x0000000008000ac0       0x10 .pioenvs/bluepill_f103c8/libea7/libcocoOS_5.0.3.a(os_event.o)
                0x0000000008000ac0                os_event_set_signaling_tid
 .text.os_init  0x0000000008000ad0       0x34 .pioenvs/bluepill_f103c8/libea7/libcocoOS_5.0.3.a(os_kernel.o)
                0x0000000008000ad0                os_init
 .text.os_msgQ_init
                0x0000000008000b04       0x24 .pioenvs/bluepill_f103c8/libea7/libcocoOS_5.0.3.a(os_msgqueue.o)
                0x0000000008000b04                os_msgQ_init
 .text.os_msgQ_tick
                0x0000000008000b28       0x54 .pioenvs/bluepill_f103c8/libea7/libcocoOS_5.0.3.a(os_msgqueue.o)
                0x0000000008000b28                os_msgQ_tick
 .text.os_sem_init
                0x0000000008000b7c        0xc .pioenvs/bluepill_f103c8/libea7/libcocoOS_5.0.3.a(os_sem.o)
                0x0000000008000b7c                os_sem_init
 .text.os_task_init
                0x0000000008000b88       0x40 .pioenvs/bluepill_f103c8/libea7/libcocoOS_5.0.3.a(os_task.o)
                0x0000000008000b88                os_task_init
 .text.os_task_highest_prio_ready_task
                0x0000000008000bc8       0x34 .pioenvs/bluepill_f103c8/libea7/libcocoOS_5.0.3.a(os_task.o)
                0x0000000008000bc8                os_task_highest_prio_ready_task
 .text.os_task_tick
                0x0000000008000bfc       0x88 .pioenvs/bluepill_f103c8/libea7/libcocoOS_5.0.3.a(os_task.o)
                0x0000000008000bfc                os_task_tick
 .text.os_task_signal_event
                0x0000000008000c84       0x64 .pioenvs/bluepill_f103c8/libea7/libcocoOS_5.0.3.a(os_task.o)
                0x0000000008000c84                os_task_signal_event
 .text.os_task_run
                0x0000000008000ce8       0x34 .pioenvs/bluepill_f103c8/libea7/libcocoOS_5.0.3.a(os_task.o)
                0x0000000008000ce8                os_task_run
 .text.os_on_assert
                0x0000000008000d1c       0x10 .pioenvs/bluepill_f103c8/libea7/libcocoOS_5.0.3.a(os_assert.o)
                0x0000000008000d1c                os_on_assert
 .text.os_cbkSleep
                0x0000000008000d2c        0x2 .pioenvs/bluepill_f103c8/libea7/libcocoOS_5.0.3.a(os_cbk.o)
                0x0000000008000d2c                os_cbkSleep
 .text.os_tick  0x0000000008000d2e        0x8 .pioenvs/bluepill_f103c8/libea7/libcocoOS_5.0.3.a(os_kernel.o)
                0x0000000008000d2e                os_tick
 *libgcc.a:(SORT_BY_ALIGNMENT(.text*))
 *libqfplib.a:(SORT_BY_ALIGNMENT(.text*))
 *libnano-float.a:(SORT_BY_ALIGNMENT(.text*))
 *libnewlib.a:(SORT_BY_ALIGNMENT(.text*))
 .text.strlen   0x0000000008000d36       0x10 .pioenvs/bluepill_f103c8/lib98a/libnewlib.a(strlen.o)
                0x0000000008000d36                strlen
 .text.strncat  0x0000000008000d46       0x28 .pioenvs/bluepill_f103c8/lib98a/libnewlib.a(strncat.o)
                0x0000000008000d46                strncat
 .text.memcmp   0x0000000008000d6e       0x1e .pioenvs/bluepill_f103c8/lib98a/libnewlib.a(memcmp.o)
                0x0000000008000d6e                memcmp
 .text.memset   0x0000000008000d8c       0x10 .pioenvs/bluepill_f103c8/lib98a/libnewlib.a(memset.o)
                0x0000000008000d8c                memset
 *liblogger.a:(SORT_BY_ALIGNMENT(.text*))
 .text.enable_log
                0x0000000008000d9c        0xc .pioenvs/bluepill_f103c8/libd9b/liblogger.a(logger.o)
                0x0000000008000d9c                enable_log
 .text.debug_flush
                0x0000000008000da8       0x38 .pioenvs/bluepill_f103c8/libd9b/liblogger.a(logger.o)
                0x0000000008000da8                debug_flush
 .text._ZL12debug_appendPKcj
                0x0000000008000de0       0x50 .pioenvs/bluepill_f103c8/libd9b/liblogger.a(logger.o)
 .text._Z11debug_printj
                0x0000000008000e30       0x7c .pioenvs/bluepill_f103c8/libd9b/liblogger.a(logger.o)
                0x0000000008000e30                debug_print(unsigned int)
 .text._Z11debug_printi
                0x0000000008000eac       0x30 .pioenvs/bluepill_f103c8/libd9b/liblogger.a(logger.o)
                0x0000000008000eac                debug_print(int)
 .text.debug_println
                0x0000000008000edc       0x1c .pioenvs/bluepill_f103c8/libd9b/liblogger.a(logger.o)
                0x0000000008000edc                debug_println
 .text._Z13debug_printlni
                0x0000000008000ef8       0x18 .pioenvs/bluepill_f103c8/libd9b/liblogger.a(logger.o)
                0x0000000008000ef8                debug_println(int)
 .text.debug_print
                0x0000000008000f10       0x1a .pioenvs/bluepill_f103c8/libd9b/liblogger.a(logger.o)
                0x0000000008000f10                debug_print
 .text.debug_printhex
                0x0000000008000f2a       0x42 .pioenvs/bluepill_f103c8/libd9b/liblogger.a(logger.o)
                0x0000000008000f2a                debug_printhex
 .text.debug_printhex_unsigned
                0x0000000008000f6c       0x24 .pioenvs/bluepill_f103c8/libd9b/liblogger.a(logger.o)
                0x0000000008000f6c                debug_printhex_unsigned
 *libbluepill.a:(SORT_BY_ALIGNMENT(.text*))
 .text.platform_setup
                0x0000000008000f90       0x4c .pioenvs/bluepill_f103c8/lib271/libbluepill.a(bluepill.o)
                0x0000000008000f90                platform_setup
 .text.enable_debug
                0x0000000008000fdc       0x10 .pioenvs/bluepill_f103c8/lib271/libbluepill.a(bluepill.o)
                0x0000000008000fdc                enable_debug
 .text.led_setup
                0x0000000008000fec       0x20 .pioenvs/bluepill_f103c8/lib271/libbluepill.a(led.o)
                0x0000000008000fec                led_setup
 .text.led_on   0x000000000800100c       0x10 .pioenvs/bluepill_f103c8/lib271/libbluepill.a(led.o)
                0x000000000800100c                led_on
 .text.led_off  0x000000000800101c       0x10 .pioenvs/bluepill_f103c8/lib271/libbluepill.a(led.o)
                0x000000000800101c                led_off
 .text.led_wait
                0x000000000800102c       0x10 .pioenvs/bluepill_f103c8/lib271/libbluepill.a(led.o)
                0x000000000800102c                led_wait
 .text.platform_start_timer
                0x000000000800103c      0x118 .pioenvs/bluepill_f103c8/lib271/libbluepill.a(timer.o)
                0x000000000800103c                platform_start_timer
 .text.platform_set_alarm
                0x0000000008001154       0xa8 .pioenvs/bluepill_f103c8/lib271/libbluepill.a(timer.o)
                0x0000000008001154                platform_set_alarm
 .text.rtc_isr  0x00000000080011fc       0x30 .pioenvs/bluepill_f103c8/lib271/libbluepill.a(timer.o)
                0x00000000080011fc                rtc_isr
 .text.rtc_alarm_isr
                0x000000000800122c       0x30 .pioenvs/bluepill_f103c8/lib271/libbluepill.a(timer.o)
                0x000000000800122c                rtc_alarm_isr
 .text.platform_alarm_count
                0x000000000800125c        0xc .pioenvs/bluepill_f103c8/lib271/libbluepill.a(timer.o)
                0x000000000800125c                platform_alarm_count
 .text.platform_tick_count
                0x0000000008001268        0xc .pioenvs/bluepill_f103c8/lib271/libbluepill.a(timer.o)
                0x0000000008001268                platform_tick_count
 .text.__cxa_pure_virtual
                0x0000000008001274        0x8 .pioenvs/bluepill_f103c8/lib271/libbluepill.a(bluepill.o)
                0x0000000008001274                __cxa_pure_virtual
 .text._Znwj    0x000000000800127c        0x4 .pioenvs/bluepill_f103c8/lib271/libbluepill.a(bluepill.o)
                0x000000000800127c                operator new(unsigned int)
 .text._ZdlPv   0x0000000008001280        0x4 .pioenvs/bluepill_f103c8/lib271/libbluepill.a(bluepill.o)
                0x0000000008001280                operator delete(void*)
 .text.platform_get_alarm
                0x0000000008001284        0x4 .pioenvs/bluepill_f103c8/lib271/libbluepill.a(timer.o)
                0x0000000008001284                platform_get_alarm
 .text.millis   0x0000000008001288        0x4 .pioenvs/bluepill_f103c8/lib271/libbluepill.a(timer.o)
                0x0000000008001288                millis
 *libbootloader.a:(SORT_BY_ALIGNMENT(.text*))
                0x000000000800128c                . = ALIGN (0x4)
 :*reset_handler*(SORT_BY_ALIGNMENT(.rodata*))
 .rodata.reset_handler.str1.1
                0x000000000800128c       0x34 .pioenvs/bluepill_f103c8/libccd/hal/reset_handler.o
 *libhal.a:*reset_handler*(SORT_BY_ALIGNMENT(.rodata*))
 :*codal_target_hal*(SORT_BY_ALIGNMENT(.rodata*))
 .rodata._ZL11timer_alarmv.str1.1
                0x00000000080012c0        0x4 .pioenvs/bluepill_f103c8/libccd/hal/codal_target_hal.o
 .rodata.target_panic.str1.1
                0x00000000080012c4       0x13 .pioenvs/bluepill_f103c8/libccd/hal/codal_target_hal.o
 .rodata.target_wait.str1.1
                0x00000000080012d7       0x10 .pioenvs/bluepill_f103c8/libccd/hal/codal_target_hal.o
 .rodata.target_wait_for_event.str1.1
                0x00000000080012e7       0x10 .pioenvs/bluepill_f103c8/libccd/hal/codal_target_hal.o
                                          0x2 (size before relaxing)
 .rodata.target_wait_us.str1.1
                0x00000000080012e7       0x13 .pioenvs/bluepill_f103c8/libccd/hal/codal_target_hal.o
 .rodata.test_codal.str1.1
                0x00000000080012fa       0x34 .pioenvs/bluepill_f103c8/libccd/hal/codal_target_hal.o
 *libhal.a:*codal_target_hal*(SORT_BY_ALIGNMENT(.rodata*))
 :*CortexContextSwitch*(SORT_BY_ALIGNMENT(.rodata*))
 *libhal.a:(SORT_BY_ALIGNMENT(.rodata*))
 *liblibopencm3.a:(SORT_BY_ALIGNMENT(.rodata*))
 *libFrameworkLibOpenCM3.a:(SORT_BY_ALIGNMENT(.rodata*))
 *libcocoos.a:(SORT_BY_ALIGNMENT(.rodata*))
 *libcocoOS_?.?.?.a:(SORT_BY_ALIGNMENT(.rodata*))
 *libgcc.a:(SORT_BY_ALIGNMENT(.rodata*))
 *libqfplib.a:(SORT_BY_ALIGNMENT(.rodata*))
 *libnano-float.a:(SORT_BY_ALIGNMENT(.rodata*))
 *libnewlib.a:(SORT_BY_ALIGNMENT(.rodata*))
 *liblogger.a:(SORT_BY_ALIGNMENT(.rodata*))
 .rodata._Z11debug_printi.str1.1
                0x000000000800132e        0x4 .pioenvs/bluepill_f103c8/libd9b/liblogger.a(logger.o)
 .rodata._Z11debug_printj.str1.1
                0x0000000008001332        0xb .pioenvs/bluepill_f103c8/libd9b/liblogger.a(logger.o)
 .rodata.debug_println.str1.1
                0x000000000800133d        0x2 .pioenvs/bluepill_f103c8/libd9b/liblogger.a(logger.o)
 *libbluepill.a:(SORT_BY_ALIGNMENT(.rodata*))
 .rodata.platform_setup.str1.1
                0x000000000800133f       0x13 .pioenvs/bluepill_f103c8/lib271/libbluepill.a(bluepill.o)
 .rodata.platform_set_alarm.str1.1
                0x0000000008001352        0xb .pioenvs/bluepill_f103c8/lib271/libbluepill.a(timer.o)
 .rodata.platform_start_timer.str1.1
                0x000000000800135d       0x2f .pioenvs/bluepill_f103c8/lib271/libbluepill.a(timer.o)
 *libbootloader.a:(SORT_BY_ALIGNMENT(.rodata*))
                0x000000000800138c                . = ALIGN (0x4)
                0x000000000800138c                _boot_etext = .

.text           0x0000000008004800     0x2948
                0x0000000008004800                . = ALIGN (0x4)
                0x0000000008004800                _text = .
 *(SORT_BY_ALIGNMENT(.text.application_start))
 .text.application_start
                0x0000000008004800       0xc4 .pioenvs/bluepill_f103c8/lib739/libcm.a(application.o)
                0x0000000008004800                application_start
 *(SORT_BY_ALIGNMENT(.text.main))
 *(SORT_BY_ALIGNMENT(.text.startup.main))
 .text.startup.main
                0x00000000080048c4       0x14 .pioenvs/bluepill_f103c8/src/main.o
                0x00000000080048c4                main
 *(SORT_BY_ALIGNMENT(.text*))
 .text._ZN5codal14CodalComponent4initEv
                0x00000000080048d8        0x8 .pioenvs/bluepill_f103c8/src/main.o
                0x00000000080048d8                codal::CodalComponent::init()
 .text._ZL10debug_dumpRN5codal13STM32BluePillEPKc
                0x00000000080048e0       0x7c .pioenvs/bluepill_f103c8/src/main.o
 .text._ZN5codal14CodalComponentD2Ev
                0x000000000800495c       0x18 .pioenvs/bluepill_f103c8/src/main.o
                0x000000000800495c                codal::CodalComponent::~CodalComponent()
                0x000000000800495c                codal::CodalComponent::~CodalComponent()
 .text.startup._GLOBAL__sub_I_bluepill
                0x0000000008004974       0x24 .pioenvs/bluepill_f103c8/src/main.o
 .text._Z10Blink_mainRN5codal13STM32BluePillE
                0x0000000008004998       0x74 .pioenvs/bluepill_f103c8/src/main.o
                0x0000000008004998                Blink_main(codal::STM32BluePill&)
 .text._ZN5codal13STM32BluePillD2Ev
                0x0000000008004a0c       0x2c .pioenvs/bluepill_f103c8/src/main.o
                0x0000000008004a0c                codal::STM32BluePill::~STM32BluePill()
                0x0000000008004a0c                codal::STM32BluePill::~STM32BluePill()
 .text.startup._GLOBAL__sub_I_serialPort
                0x0000000008004a38       0x10 .pioenvs/bluepill_f103c8/src/uart.o
 .text._Z18component_callbackN5codal5EventE
                0x0000000008004a48       0x58 .pioenvs/bluepill_f103c8/lib3e7/libcodal-core.a(CodalComponent.o)
                0x0000000008004a48                component_callback(codal::Event)
 .text._ZN5codal10EventModel6listenEiiPFvNS_5EventEEt
                0x0000000008004aa0       0x60 .pioenvs/bluepill_f103c8/lib3e7/libcodal-core.a(CodalComponent.o)
                0x0000000008004aa0                codal::EventModel::listen(int, int, void (*)(codal::Event), unsigned short)
 .text._ZN5codal14CodalComponent12addComponentEv
                0x0000000008004b00       0x70 .pioenvs/bluepill_f103c8/lib3e7/libcodal-core.a(CodalComponent.o)
                0x0000000008004b00                codal::CodalComponent::addComponent()
 .text._ZN5codal14CodalComponent15removeComponentEv
                0x0000000008004b70       0x20 .pioenvs/bluepill_f103c8/lib3e7/libcodal-core.a(CodalComponent.o)
                0x0000000008004b70                codal::CodalComponent::removeComponent()
 .text.codal_dmesg_flush
                0x0000000008004b90       0x10 .pioenvs/bluepill_f103c8/lib3e7/libcodal-core.a(CodalDmesg.o)
                0x0000000008004b90                codal_dmesg_flush
 .text._ZN5codal14scheduler_tickENS_5EventE
                0x0000000008004ba0       0x38 .pioenvs/bluepill_f103c8/lib3e7/libcodal-core.a(CodalFiber.o)
                0x0000000008004ba0                codal::scheduler_tick(codal::Event)
 .text._ZN5codal15scheduler_eventENS_5EventE
                0x0000000008004bd8       0xc0 .pioenvs/bluepill_f103c8/lib3e7/libcodal-core.a(CodalFiber.o)
                0x0000000008004bd8                codal::scheduler_event(codal::Event)
 .text._Z15getFiberContextv
                0x0000000008004c98       0x50 .pioenvs/bluepill_f103c8/lib3e7/libcodal-core.a(CodalFiber.o)
                0x0000000008004c98                getFiberContext()
 .text._ZL10handle_fobv
                0x0000000008004ce8       0x2c .pioenvs/bluepill_f103c8/lib3e7/libcodal-core.a(CodalFiber.o)
 .text._ZN5codal23fiber_scheduler_runningEv
                0x0000000008004d14       0x10 .pioenvs/bluepill_f103c8/lib3e7/libcodal-core.a(CodalFiber.o)
                0x0000000008004d14                codal::fiber_scheduler_running()
 .text._ZN5codal14scheduler_initERNS_10EventModelE
                0x0000000008004d24       0xac .pioenvs/bluepill_f103c8/lib3e7/libcodal-core.a(CodalFiber.o)
                0x0000000008004d24                codal::scheduler_init(codal::EventModel&)
 .text._Z14__create_fibermmmi
                0x0000000008004dd0       0x64 .pioenvs/bluepill_f103c8/lib3e7/libcodal-core.a(CodalFiber.o)
                0x0000000008004dd0                __create_fiber(unsigned long, unsigned long, unsigned long, int)
 .text._ZN5codal17verify_stack_sizeEPNS_5FiberE
                0x0000000008004e34       0x44 .pioenvs/bluepill_f103c8/lib3e7/libcodal-core.a(CodalFiber.o)
                0x0000000008004e34                codal::verify_stack_size(codal::Fiber*)
 .text._ZN5codal24scheduler_runqueue_emptyEv
                0x0000000008004e78       0x10 .pioenvs/bluepill_f103c8/lib3e7/libcodal-core.a(CodalFiber.o)
                0x0000000008004e78                codal::scheduler_runqueue_empty()
 .text._ZN5codal4idleEv
                0x0000000008004e88       0x3c .pioenvs/bluepill_f103c8/lib3e7/libcodal-core.a(CodalFiber.o)
                0x0000000008004e88                codal::idle()
 .text._ZN5codal8scheduleEv
                0x0000000008004ec4      0x108 .pioenvs/bluepill_f103c8/lib3e7/libcodal-core.a(CodalFiber.o)
                0x0000000008004ec4                codal::schedule()
 .text._ZN5codal11fiber_sleepEm
                0x0000000008004fcc       0x3c .pioenvs/bluepill_f103c8/lib3e7/libcodal-core.a(CodalFiber.o)
                0x0000000008004fcc                codal::fiber_sleep(unsigned long)
 .text._ZN5codal13release_fiberEv
                0x0000000008005008       0x6c .pioenvs/bluepill_f103c8/lib3e7/libcodal-core.a(CodalFiber.o)
                0x0000000008005008                codal::release_fiber()
 .text._ZN5codal6invokeEPFvPvES0_
                0x0000000008005074       0x80 .pioenvs/bluepill_f103c8/lib3e7/libcodal-core.a(CodalFiber.o)
                0x0000000008005074                codal::invoke(void (*)(void*), void*)
 .text._Z18device_create_heapmm
                0x00000000080050f4       0x3c .pioenvs/bluepill_f103c8/lib3e7/libcodal-core.a(CodalHeapAllocator.o)
                0x00000000080050f4                device_create_heap(unsigned long, unsigned long)
 .text.device_malloc
                0x0000000008005130       0x48 .pioenvs/bluepill_f103c8/lib3e7/libcodal-core.a(CodalHeapAllocator.o)
                0x0000000008005130                malloc
                0x0000000008005130                device_malloc
 .text.device_free
                0x0000000008005178       0x40 .pioenvs/bluepill_f103c8/lib3e7/libcodal-core.a(CodalHeapAllocator.o)
                0x0000000008005178                device_free
                0x0000000008005178                free
 .text._ZN5codal5TimerC2Ev
                0x00000000080051b8       0x34 .pioenvs/bluepill_f103c8/lib3e7/libcodal-core.a(Timer.o)
                0x00000000080051b8                codal::Timer::Timer()
                0x00000000080051b8                codal::Timer::Timer()
 .text._ZN5codal25system_timer_current_timeEv
                0x00000000080051ec       0x10 .pioenvs/bluepill_f103c8/lib3e7/libcodal-core.a(Timer.o)
                0x00000000080051ec                codal::system_timer_current_time()
 .text._ZN5codal27system_timer_event_every_usEmtt
                0x00000000080051fc       0x24 .pioenvs/bluepill_f103c8/lib3e7/libcodal-core.a(Timer.o)
                0x00000000080051fc                codal::system_timer_event_every_us(unsigned long, unsigned short, unsigned short)
 .text._ZN5codal10EventModel4sendENS_5EventE
                0x0000000008005220       0x14 .pioenvs/bluepill_f103c8/lib3e7/libcodal-core.a(MessageBus.o)
                0x0000000008005220                codal::EventModel::send(codal::Event)
 .text._ZN5codal10EventModel3addEPNS_8ListenerE
                0x0000000008005234        0x8 .pioenvs/bluepill_f103c8/lib3e7/libcodal-core.a(MessageBus.o)
                0x0000000008005234                codal::EventModel::add(codal::Listener*)
 .text._ZN5codal10EventModel6removeEPNS_8ListenerE
                0x000000000800523c        0x8 .pioenvs/bluepill_f103c8/lib3e7/libcodal-core.a(MessageBus.o)
                0x000000000800523c                codal::EventModel::remove(codal::Listener*)
 .text._ZN5codal10MessageBus6removeEPNS_8ListenerE
                0x0000000008005244       0x70 .pioenvs/bluepill_f103c8/lib3e7/libcodal-core.a(MessageBus.o)
                0x0000000008005244                codal::MessageBus::remove(codal::Listener*)
 .text._ZN5codal10MessageBus3addEPNS_8ListenerE
                0x00000000080052b4       0xbc .pioenvs/bluepill_f103c8/lib3e7/libcodal-core.a(MessageBus.o)
                0x00000000080052b4                codal::MessageBus::add(codal::Listener*)
 .text._ZN5codal10MessageBusD2Ev
                0x0000000008005370       0x78 .pioenvs/bluepill_f103c8/lib3e7/libcodal-core.a(MessageBus.o)
                0x0000000008005370                codal::MessageBus::~MessageBus()
                0x0000000008005370                codal::MessageBus::~MessageBus()
 .text._ZN5codal10MessageBusC2Ev
                0x00000000080053e8       0xa8 .pioenvs/bluepill_f103c8/lib3e7/libcodal-core.a(MessageBus.o)
                0x00000000080053e8                codal::MessageBus::MessageBus()
                0x00000000080053e8                codal::MessageBus::MessageBus()
 .text._ZN5codal10MessageBus7processERNS_5EventEb
                0x0000000008005490       0x84 .pioenvs/bluepill_f103c8/lib3e7/libcodal-core.a(MessageBus.o)
                0x0000000008005490                codal::MessageBus::process(codal::Event&, bool)
 .text._ZN5codal19allocateNotifyEventEv
                0x0000000008005514       0x10 .pioenvs/bluepill_f103c8/lib3e7/libcodal-core.a(MessageBus.o)
                0x0000000008005514                codal::allocateNotifyEvent()
 .text._ZN5codal5Event4fireEv
                0x0000000008005524       0x20 .pioenvs/bluepill_f103c8/lib3e7/libcodal-core.a(Event.o)
                0x0000000008005524                codal::Event::fire()
 .text._ZN5codal3_cm3Pin14setAnalogValueEi
                0x0000000008005544       0x1c .pioenvs/bluepill_f103c8/lib739/libcm.a(CmPin.o)
                0x0000000008005544                codal::_cm::Pin::setAnalogValue(int)
 .text._ZN5codal3_cm3Pin13setServoValueEiii
                0x0000000008005560       0x2c .pioenvs/bluepill_f103c8/lib739/libcm.a(CmPin.o)
                0x0000000008005560                codal::_cm::Pin::setServoValue(int, int, int)
 .text._ZN5codal3_cm3Pin9isTouchedEv
                0x000000000800558c        0x8 .pioenvs/bluepill_f103c8/lib739/libcm.a(CmPin.o)
                0x000000000800558c                codal::_cm::Pin::isTouched()
 .text._ZN5codal3_cm3Pin17getAnalogPeriodUsEv
                0x0000000008005594        0x8 .pioenvs/bluepill_f103c8/lib739/libcm.a(CmPin.o)
                0x0000000008005594                codal::_cm::Pin::getAnalogPeriodUs()
 .text._ZN5codal3_cm3Pin15setDigitalValueEi
                0x000000000800559c       0x88 .pioenvs/bluepill_f103c8/lib739/libcm.a(CmPin.o)
                0x000000000800559c                codal::_cm::Pin::setDigitalValue(int)
 .text._ZN5codal3_cm3PinC2EhmmtNS_13PinCapabilityE
                0x0000000008005624       0x2c .pioenvs/bluepill_f103c8/lib739/libcm.a(CmPin.o)
                0x0000000008005624                codal::_cm::Pin::Pin(unsigned char, unsigned long, unsigned long, unsigned short, codal::PinCapability)
                0x0000000008005624                codal::_cm::Pin::Pin(unsigned char, unsigned long, unsigned long, unsigned short, codal::PinCapability)
 .text._ZN5codal3_cm5Timer9triggerInEm
                0x0000000008005650       0x24 .pioenvs/bluepill_f103c8/lib739/libcm.a(CmTimer.o)
                0x0000000008005650                codal::_cm::Timer::triggerIn(unsigned long)
 .text._ZN5codal3_cm5TimerC2Ev
                0x0000000008005674       0x20 .pioenvs/bluepill_f103c8/lib739/libcm.a(CmTimer.o)
                0x0000000008005674                codal::_cm::Timer::Timer()
                0x0000000008005674                codal::_cm::Timer::Timer()
 .text._ZN5codal13STM32BluePill4initEv
                0x0000000008005694       0x70 .pioenvs/bluepill_f103c8/lib2eb/libmodel.a(STM32BluePill.o)
                0x0000000008005694                codal::STM32BluePill::init()
 .text._ZN5codal13STM32BluePillC2Ev
                0x0000000008005704       0x90 .pioenvs/bluepill_f103c8/lib2eb/libmodel.a(STM32BluePill.o)
                0x0000000008005704                codal::STM32BluePill::STM32BluePill()
                0x0000000008005704                codal::STM32BluePill::STM32BluePill()
 .text._ZN5codal15STM32BluePillIOC2Ev
                0x0000000008005794      0xaf0 .pioenvs/bluepill_f103c8/lib2eb/libmodel.a(STM32BluePillIO.o)
                0x0000000008005794                codal::STM32BluePillIO::STM32BluePillIO()
                0x0000000008005794                codal::STM32BluePillIO::STM32BluePillIO()
 .text.usart2_isr
                0x0000000008006284       0x50 .pioenvs/bluepill_f103c8/lib33e/libuartint.a(uartint.o)
                0x0000000008006284                usart2_isr
 .text.startup._GLOBAL__sub_I__ZN13UARTInterfaceC2Ejj
                0x00000000080062d4       0x10 .pioenvs/bluepill_f103c8/lib33e/libuartint.a(uartint.o)
 .text._ZN5codal3_cm3I2CC2ERNS_3PinES3_
                0x00000000080062e4       0x1c .pioenvs/bluepill_f103c8/lib739/libcm.a(CmI2C.o)
                0x00000000080062e4                codal::_cm::I2C::I2C(codal::Pin&, codal::Pin&)
                0x00000000080062e4                codal::_cm::I2C::I2C(codal::Pin&, codal::Pin&)
 .text._ZN5codal3_cm3SPI4initEv
                0x0000000008006300       0x5c .pioenvs/bluepill_f103c8/lib739/libcm.a(CmSPI.o)
                0x0000000008006300                codal::_cm::SPI::init()
 .text._ZN5codal3_cm3SPIC2ERNS0_3PinES3_S3_S3_
                0x000000000800635c       0x9c .pioenvs/bluepill_f103c8/lib739/libcm.a(CmSPI.o)
                0x000000000800635c                codal::_cm::SPI::SPI(codal::_cm::Pin&, codal::_cm::Pin&, codal::_cm::Pin&, codal::_cm::Pin&)
                0x000000000800635c                codal::_cm::SPI::SPI(codal::_cm::Pin&, codal::_cm::Pin&, codal::_cm::Pin&, codal::_cm::Pin&)
 .text.pinmap_peripheral
                0x00000000080063f8       0x30 .pioenvs/bluepill_f103c8/lib739/libcm.a(CmPinMap.o)
                0x00000000080063f8                pinmap_peripheral
 .text.pinmap_mode
                0x0000000008006428       0x2c .pioenvs/bluepill_f103c8/lib739/libcm.a(CmPinMap.o)
                0x0000000008006428                pinmap_mode
 .text.pinmap_cnf
                0x0000000008006454       0x2c .pioenvs/bluepill_f103c8/lib739/libcm.a(CmPinMap.o)
                0x0000000008006454                pinmap_cnf
 .text._ZN5codal3I2CC2ERNS_3PinES2_
                0x0000000008006480        0xc .pioenvs/bluepill_f103c8/lib3e7/libcodal-core.a(I2C.o)
                0x0000000008006480                codal::I2C::I2C(codal::Pin&, codal::Pin&)
                0x0000000008006480                codal::I2C::I2C(codal::Pin&, codal::Pin&)
 .text._ZN5codal14CodalComponent16periodicCallbackEv
                0x000000000800648c        0x2 .pioenvs/bluepill_f103c8/src/main.o
                0x000000000800648c                codal::CodalComponent::periodicCallback()
 .text._ZN5codal14CodalComponent12idleCallbackEv
                0x000000000800648e        0x2 .pioenvs/bluepill_f103c8/src/main.o
                0x000000000800648e                codal::CodalComponent::idleCallback()
 .text._ZN5codal14CodalComponentD0Ev
                0x0000000008006490       0x12 .pioenvs/bluepill_f103c8/src/main.o
                0x0000000008006490                codal::CodalComponent::~CodalComponent()
 .text._ZN5codal13STM32BluePillD0Ev
                0x00000000080064a2       0x12 .pioenvs/bluepill_f103c8/src/main.o
                0x00000000080064a2                codal::STM32BluePill::~STM32BluePill()
 .text._ZN5codal11queue_fiberEPNS_5FiberEPS1_
                0x00000000080064b4       0x2e .pioenvs/bluepill_f103c8/lib3e7/libcodal-core.a(CodalFiber.o)
                0x00000000080064b4                codal::queue_fiber(codal::Fiber*, codal::Fiber**)
 .text._ZN5codal13dequeue_fiberEPNS_5FiberE
                0x00000000080064e2       0x34 .pioenvs/bluepill_f103c8/lib3e7/libcodal-core.a(CodalFiber.o)
                0x00000000080064e2                codal::dequeue_fiber(codal::Fiber*)
 .text._ZN5codal12create_fiberEPFvPvES0_S2_
                0x0000000008006516       0x1e .pioenvs/bluepill_f103c8/lib3e7/libcodal-core.a(CodalFiber.o)
                0x0000000008006516                codal::create_fiber(void (*)(void*), void*, void (*)(void*))
 .text._ZN5codal16launch_new_fiberEPFvvES1_
                0x0000000008006534       0x10 .pioenvs/bluepill_f103c8/lib3e7/libcodal-core.a(CodalFiber.o)
                0x0000000008006534                codal::launch_new_fiber(void (*)(), void (*)())
 .text._ZN5codal13release_fiberEPv
                0x0000000008006544       0x12 .pioenvs/bluepill_f103c8/lib3e7/libcodal-core.a(CodalFiber.o)
                0x0000000008006544                codal::release_fiber(void*)
 .text._ZN5codal22launch_new_fiber_paramEPFvPvES2_S0_
                0x0000000008006556       0x1a .pioenvs/bluepill_f103c8/lib3e7/libcodal-core.a(CodalFiber.o)
                0x0000000008006556                codal::launch_new_fiber_param(void (*)(void*), void (*)(void*), void*)
 .text._ZN5codal9idle_taskEv
                0x0000000008006570        0xc .pioenvs/bluepill_f103c8/lib3e7/libcodal-core.a(CodalFiber.o)
                0x0000000008006570                codal::idle_task()
 .text._Z16device_malloc_injR14HeapDefinition
                0x000000000800657c       0x84 .pioenvs/bluepill_f103c8/lib3e7/libcodal-core.a(CodalHeapAllocator.o)
                0x000000000800657c                device_malloc_in(unsigned int, HeapDefinition&)
 .text._ZN5codal8ListenerC2EttPFvNS_5EventEEt
                0x0000000008006600       0x28 .pioenvs/bluepill_f103c8/lib3e7/libcodal-core.a(CodalListener.o)
                0x0000000008006600                codal::Listener::Listener(unsigned short, unsigned short, void (*)(codal::Event), unsigned short)
                0x0000000008006600                codal::Listener::Listener(unsigned short, unsigned short, void (*)(codal::Event), unsigned short)
 .text._ZN5codal8ListenerD2Ev
                0x0000000008006628       0x14 .pioenvs/bluepill_f103c8/lib3e7/libcodal-core.a(CodalListener.o)
                0x0000000008006628                codal::Listener::~Listener()
                0x0000000008006628                codal::Listener::~Listener()
 .text._ZN5codal8Listener5queueENS_5EventE
                0x000000000800663c       0x5c .pioenvs/bluepill_f103c8/lib3e7/libcodal-core.a(CodalListener.o)
                0x000000000800663c                codal::Listener::queue(codal::Event)
 .text._ZN5codal5Timer17disableInterruptsEv
                0x0000000008006698        0xa .pioenvs/bluepill_f103c8/lib3e7/libcodal-core.a(Timer.o)
                0x0000000008006698                codal::Timer::disableInterrupts()
 .text._ZN5codal5Timer16enableInterruptsEv
                0x00000000080066a2        0xa .pioenvs/bluepill_f103c8/lib3e7/libcodal-core.a(Timer.o)
                0x00000000080066a2                codal::Timer::enableInterrupts()
 .text._ZN5codal5Timer13getTimerEventEv
                0x00000000080066ac       0x22 .pioenvs/bluepill_f103c8/lib3e7/libcodal-core.a(Timer.o)
                0x00000000080066ac                codal::Timer::getTimerEvent()
 .text._ZN5codal5Timer7getTimeEv
                0x00000000080066ce        0xe .pioenvs/bluepill_f103c8/lib3e7/libcodal-core.a(Timer.o)
                0x00000000080066ce                codal::Timer::getTime()
 .text._ZN5codal5Timer9getTimeUsEv
                0x00000000080066dc        0xe .pioenvs/bluepill_f103c8/lib3e7/libcodal-core.a(Timer.o)
                0x00000000080066dc                codal::Timer::getTimeUs()
 .text._ZN5codal5Timer8setEventEmttb
                0x00000000080066ea       0x66 .pioenvs/bluepill_f103c8/lib3e7/libcodal-core.a(Timer.o)
                0x00000000080066ea                codal::Timer::setEvent(unsigned long, unsigned short, unsigned short, bool)
 .text._ZN5codal5Timer12eventEveryUsEmtt
                0x0000000008006750        0xe .pioenvs/bluepill_f103c8/lib3e7/libcodal-core.a(Timer.o)
                0x0000000008006750                codal::Timer::eventEveryUs(unsigned long, unsigned short, unsigned short)
 .text._ZN5codal5Timer4syncEm
                0x000000000800675e       0x24 .pioenvs/bluepill_f103c8/lib3e7/libcodal-core.a(Timer.o)
                0x000000000800675e                codal::Timer::sync(unsigned long)
 .text._ZN5codal5TimerD2Ev
                0x0000000008006782        0x2 .pioenvs/bluepill_f103c8/lib3e7/libcodal-core.a(Timer.o)
                0x0000000008006782                codal::Timer::~Timer()
                0x0000000008006782                codal::Timer::~Timer()
 .text._ZN5codal10MessageBus9elementAtEi
                0x0000000008006784       0x10 .pioenvs/bluepill_f103c8/lib3e7/libcodal-core.a(MessageBus.o)
                0x0000000008006784                codal::MessageBus::elementAt(int)
 .text._ZN5codal22MemberFunctionCallback10methodCallINS_10MessageBusEEEvPvPmNS_5EventE
                0x0000000008006794       0x30 .pioenvs/bluepill_f103c8/lib3e7/libcodal-core.a(MessageBus.o)
                0x0000000008006794                void codal::MemberFunctionCallback::methodCall<codal::MessageBus>(void*, unsigned long*, codal::Event)
 .text._Z14async_callbackPv
                0x00000000080067c4       0x7c .pioenvs/bluepill_f103c8/lib3e7/libcodal-core.a(MessageBus.o)
                0x00000000080067c4                async_callback(void*)
 .text._ZThn8_N5codal10MessageBusD1Ev
                0x0000000008006840        0x8 .pioenvs/bluepill_f103c8/lib3e7/libcodal-core.a(MessageBus.o)
                0x0000000008006840                non-virtual thunk to codal::MessageBus::~MessageBus()
 .text._ZN5codal10MessageBusD0Ev
                0x0000000008006848       0x12 .pioenvs/bluepill_f103c8/lib3e7/libcodal-core.a(MessageBus.o)
                0x0000000008006848                codal::MessageBus::~MessageBus()
 .text._ZThn8_N5codal10MessageBusD0Ev
                0x000000000800685a        0x8 .pioenvs/bluepill_f103c8/lib3e7/libcodal-core.a(MessageBus.o)
                0x000000000800685a                non-virtual thunk to codal::MessageBus::~MessageBus()
 .text._ZN5codal10MessageBus12dequeueEventEv
                0x0000000008006862       0x22 .pioenvs/bluepill_f103c8/lib3e7/libcodal-core.a(MessageBus.o)
                0x0000000008006862                codal::MessageBus::dequeueEvent()
 .text._ZN5codal10MessageBus21deleteMarkedListenersEv
                0x0000000008006884       0x42 .pioenvs/bluepill_f103c8/lib3e7/libcodal-core.a(MessageBus.o)
                0x0000000008006884                codal::MessageBus::deleteMarkedListeners()
 .text._ZN5codal10MessageBus10queueEventERNS_5EventE
                0x00000000080068c6       0x5e .pioenvs/bluepill_f103c8/lib3e7/libcodal-core.a(MessageBus.o)
                0x00000000080068c6                codal::MessageBus::queueEvent(codal::Event&)
 .text._ZN5codal10MessageBus4sendENS_5EventE
                0x0000000008006924       0x16 .pioenvs/bluepill_f103c8/lib3e7/libcodal-core.a(MessageBus.o)
                0x0000000008006924                codal::MessageBus::send(codal::Event)
 .text._ZN5codal10MessageBus4idleENS_5EventE
                0x000000000800693a       0x34 .pioenvs/bluepill_f103c8/lib3e7/libcodal-core.a(MessageBus.o)
                0x000000000800693a                codal::MessageBus::idle(codal::Event)
 .text._ZN5codal5EventC2Ev
                0x000000000800696e       0x12 .pioenvs/bluepill_f103c8/lib3e7/libcodal-core.a(Event.o)
                0x000000000800696e                codal::Event::Event()
                0x000000000800696e                codal::Event::Event()
 .text._ZN5codal5EventC2EttNS_15EventLaunchModeE
                0x0000000008006980       0x1c .pioenvs/bluepill_f103c8/lib3e7/libcodal-core.a(Event.o)
                0x0000000008006980                codal::Event::Event(unsigned short, unsigned short, codal::EventLaunchMode)
                0x0000000008006980                codal::Event::Event(unsigned short, unsigned short, codal::EventLaunchMode)
 .text._ZN5codal14EventQueueItemC2ENS_5EventE
                0x000000000800699c       0x20 .pioenvs/bluepill_f103c8/lib3e7/libcodal-core.a(Event.o)
                0x000000000800699c                codal::EventQueueItem::EventQueueItem(codal::Event)
                0x000000000800699c                codal::EventQueueItem::EventQueueItem(codal::Event)
 .text._ZN5codal22MemberFunctionCallback4fireENS_5EventE
                0x00000000080069bc       0x18 .pioenvs/bluepill_f103c8/lib3e7/libcodal-core.a(MemberFunctionCallback.o)
                0x00000000080069bc                codal::MemberFunctionCallback::fire(codal::Event)
 .text._ZN5codal22MemberFunctionCallbackeqERKS0_
                0x00000000080069d4       0x20 .pioenvs/bluepill_f103c8/lib3e7/libcodal-core.a(MemberFunctionCallback.o)
                0x00000000080069d4                codal::MemberFunctionCallback::operator==(codal::MemberFunctionCallback const&)
 .text._ZN5codal3Pin15setServoPulseUsEm
                0x00000000080069f4        0x6 .pioenvs/bluepill_f103c8/lib739/libcm.a(CmPin.o)
                0x00000000080069f4                codal::Pin::setServoPulseUs(unsigned long)
 .text._ZN5codal3Pin17setAnalogPeriodUsEm
                0x00000000080069fa        0x6 .pioenvs/bluepill_f103c8/lib739/libcm.a(CmPin.o)
                0x00000000080069fa                codal::Pin::setAnalogPeriodUs(unsigned long)
 .text._ZN5codal3Pin8drainPinEv
                0x0000000008006a00        0x6 .pioenvs/bluepill_f103c8/lib739/libcm.a(CmPin.o)
                0x0000000008006a00                codal::Pin::drainPin()
 .text._ZN5codal3_cm3Pin15getDigitalValueEv
                0x0000000008006a06        0x4 .pioenvs/bluepill_f103c8/lib739/libcm.a(CmPin.o)
                0x0000000008006a06                codal::_cm::Pin::getDigitalValue()
 .text._ZN5codal3_cm3Pin15getDigitalValueENS_8PullModeE
                0x0000000008006a0a       0x16 .pioenvs/bluepill_f103c8/lib739/libcm.a(CmPin.o)
                0x0000000008006a0a                codal::_cm::Pin::getDigitalValue(codal::PullMode)
 .text._ZN5codal3_cm3Pin14getAnalogValueEv
                0x0000000008006a20        0x4 .pioenvs/bluepill_f103c8/lib739/libcm.a(CmPin.o)
                0x0000000008006a20                codal::_cm::Pin::getAnalogValue()
 .text._ZN5codal3_cm3Pin7isInputEv
                0x0000000008006a24        0xe .pioenvs/bluepill_f103c8/lib739/libcm.a(CmPin.o)
                0x0000000008006a24                codal::_cm::Pin::isInput()
 .text._ZN5codal3_cm3Pin8isOutputEv
                0x0000000008006a32        0xe .pioenvs/bluepill_f103c8/lib739/libcm.a(CmPin.o)
                0x0000000008006a32                codal::_cm::Pin::isOutput()
 .text._ZN5codal3_cm3Pin9isDigitalEv
                0x0000000008006a40        0xc .pioenvs/bluepill_f103c8/lib739/libcm.a(CmPin.o)
                0x0000000008006a40                codal::_cm::Pin::isDigital()
 .text._ZN5codal3_cm3Pin8isAnalogEv
                0x0000000008006a4c        0xe .pioenvs/bluepill_f103c8/lib739/libcm.a(CmPin.o)
                0x0000000008006a4c                codal::_cm::Pin::isAnalog()
 .text._ZN5codal3_cm3Pin15getAnalogPeriodEv
                0x0000000008006a5a       0x12 .pioenvs/bluepill_f103c8/lib739/libcm.a(CmPin.o)
                0x0000000008006a5a                codal::_cm::Pin::getAnalogPeriod()
 .text._ZN5codal3_cm3Pin7setPullENS_8PullModeE
                0x0000000008006a6c        0x6 .pioenvs/bluepill_f103c8/lib739/libcm.a(CmPin.o)
                0x0000000008006a6c                codal::_cm::Pin::setPull(codal::PullMode)
 .text._ZN5codal3_cm3Pin5setupEhh
                0x0000000008006a72       0x1e .pioenvs/bluepill_f103c8/lib739/libcm.a(CmPin.o)
                0x0000000008006a72                codal::_cm::Pin::setup(unsigned char, unsigned char)
 .text._ZN5codal3_cm3Pin17setAnalogPeriodUsEi
                0x0000000008006a90       0x12 .pioenvs/bluepill_f103c8/lib739/libcm.a(CmPin.o)
                0x0000000008006a90                codal::_cm::Pin::setAnalogPeriodUs(int)
 .text._ZN5codal3_cm3Pin15setAnalogPeriodEi
                0x0000000008006aa2        0xa .pioenvs/bluepill_f103c8/lib739/libcm.a(CmPin.o)
                0x0000000008006aa2                codal::_cm::Pin::setAnalogPeriod(int)
 .text._ZN5codal3_cm3Pin13disableEventsEv
                0x0000000008006aac       0x10 .pioenvs/bluepill_f103c8/lib739/libcm.a(CmPin.o)
                0x0000000008006aac                codal::_cm::Pin::disableEvents()
 .text._ZN5codal3_cm3Pin7eventOnEi
                0x0000000008006abc       0x26 .pioenvs/bluepill_f103c8/lib739/libcm.a(CmPin.o)
                0x0000000008006abc                codal::_cm::Pin::eventOn(int)
 .text._ZN5codal3_cm5Timer11syncRequestEv
                0x0000000008006ae2       0x26 .pioenvs/bluepill_f103c8/lib739/libcm.a(CmTimer.o)
                0x0000000008006ae2                codal::_cm::Timer::syncRequest()
 .text._ZN5codal13STM32BluePill16periodicCallbackEv
                0x0000000008006b08        0x2 .pioenvs/bluepill_f103c8/lib2eb/libmodel.a(STM32BluePill.o)
                0x0000000008006b08                codal::STM32BluePill::periodicCallback()
 .text._ZN5codal13STM32BluePill12idleCallbackEv
                0x0000000008006b0a        0x4 .pioenvs/bluepill_f103c8/lib2eb/libmodel.a(STM32BluePill.o)
                0x0000000008006b0a                codal::STM32BluePill::idleCallback()
 .text._ZN13UARTInterfaceC2Ejj
                0x0000000008006b0e        0x2 .pioenvs/bluepill_f103c8/lib33e/libuartint.a(uartint.o)
                0x0000000008006b0e                UARTInterface::UARTInterface(unsigned int, unsigned int)
                0x0000000008006b0e                UARTInterface::UARTInterface(unsigned int, unsigned int)
 .text._ZN5codal3_cm3I2C12setFrequencyEm
                0x0000000008006b10        0x4 .pioenvs/bluepill_f103c8/lib739/libcm.a(CmI2C.o)
                0x0000000008006b10                codal::_cm::I2C::setFrequency(unsigned long)
 .text._ZN5codal3_cm3I2C5writeEtPhib
                0x0000000008006b14        0x4 .pioenvs/bluepill_f103c8/lib739/libcm.a(CmI2C.o)
                0x0000000008006b14                codal::_cm::I2C::read(unsigned short, unsigned char*, int, bool)
                0x0000000008006b14                codal::_cm::I2C::write(unsigned short, unsigned char*, int, bool)
 .text._ZN5codal3_cm3I2C12readRegisterEthPhib
                0x0000000008006b18        0x4 .pioenvs/bluepill_f103c8/lib739/libcm.a(CmI2C.o)
                0x0000000008006b18                codal::_cm::I2C::readRegister(unsigned short, unsigned char, unsigned char*, int, bool)
 .text._ZN5codal3_cm3SPI12setFrequencyEm
                0x0000000008006b1c        0xc .pioenvs/bluepill_f103c8/lib739/libcm.a(CmSPI.o)
                0x0000000008006b1c                codal::_cm::SPI::setFrequency(unsigned long)
 .text._ZN5codal3_cm3SPI5writeEi
                0x0000000008006b28        0xe .pioenvs/bluepill_f103c8/lib739/libcm.a(CmSPI.o)
                0x0000000008006b28                codal::_cm::SPI::write(int)
 .text._ZN5codal3_cm3SPI8transferEPKhmPhm
                0x0000000008006b36        0x4 .pioenvs/bluepill_f103c8/lib739/libcm.a(CmSPI.o)
                0x0000000008006b36                codal::_cm::SPI::transfer(unsigned char const*, unsigned long, unsigned char*, unsigned long)
 .text._ZN5codal3_cm3SPI7setModeEii
                0x0000000008006b3a       0x18 .pioenvs/bluepill_f103c8/lib739/libcm.a(CmSPI.o)
                0x0000000008006b3a                codal::_cm::SPI::setMode(int, int)
 .text._ZN5codal3_cm16_codal_setup_pinEPNS0_3PinEmPK6PinMap
                0x0000000008006b52       0x54 .pioenvs/bluepill_f103c8/lib739/libcm.a(CmSPI.o)
                0x0000000008006b52                codal::_cm::_codal_setup_pin(codal::_cm::Pin*, unsigned long, PinMap const*)
 .text._ZN5codal3_cm3SPI13startTransferEPKhmPhmPFvPvES5_
                0x0000000008006ba6       0x28 .pioenvs/bluepill_f103c8/lib739/libcm.a(CmSPI.o)
                0x0000000008006ba6                codal::_cm::SPI::startTransfer(unsigned char const*, unsigned long, unsigned char*, unsigned long, void (*)(void*), void*)
 .text._ZN5codal3I2C12setFrequencyEm
                0x0000000008006bce        0x6 .pioenvs/bluepill_f103c8/lib3e7/libcodal-core.a(I2C.o)
                0x0000000008006bce                codal::I2C::setFrequency(unsigned long)
 .text._ZN5codal3I2C5startEv
                0x0000000008006bd4        0x6 .pioenvs/bluepill_f103c8/lib3e7/libcodal-core.a(I2C.o)
                0x0000000008006bd4                codal::I2C::stop()
                0x0000000008006bd4                codal::I2C::start()
 .text._ZN5codal3I2C5writeEh
                0x0000000008006bda        0x6 .pioenvs/bluepill_f103c8/lib3e7/libcodal-core.a(I2C.o)
                0x0000000008006bda                codal::I2C::read(codal::AcknowledgeType)
                0x0000000008006bda                codal::I2C::write(unsigned char)
 .text._ZN5codal3I2C13writeRegisterEthh
                0x0000000008006be0       0x1c .pioenvs/bluepill_f103c8/lib3e7/libcodal-core.a(I2C.o)
                0x0000000008006be0                codal::I2C::writeRegister(unsigned short, unsigned char, unsigned char)
 .text._ZN5codal3I2C5writeEtPhib
                0x0000000008006bfc       0x50 .pioenvs/bluepill_f103c8/lib3e7/libcodal-core.a(I2C.o)
                0x0000000008006bfc                codal::I2C::write(unsigned short, unsigned char*, int, bool)
 .text._ZN5codal3I2C4readEtPhib
                0x0000000008006c4c       0x64 .pioenvs/bluepill_f103c8/lib3e7/libcodal-core.a(I2C.o)
                0x0000000008006c4c                codal::I2C::read(unsigned short, unsigned char*, int, bool)
 .text._ZN5codal3I2C5writeEth
                0x0000000008006cb0       0x1c .pioenvs/bluepill_f103c8/lib3e7/libcodal-core.a(I2C.o)
                0x0000000008006cb0                codal::I2C::write(unsigned short, unsigned char)
 .text._ZN5codal3I2C12readRegisterEthPhib
                0x0000000008006ccc       0x42 .pioenvs/bluepill_f103c8/lib3e7/libcodal-core.a(I2C.o)
                0x0000000008006ccc                codal::I2C::readRegister(unsigned short, unsigned char, unsigned char*, int, bool)
                0x0000000008006d10                . = ALIGN (0x4)
 *fill*         0x0000000008006d0e        0x2 
 *(SORT_BY_ALIGNMENT(.rodata*))
 .rodata._ZTVN5codal14CodalComponentE
                0x0000000008006d10       0x1c .pioenvs/bluepill_f103c8/src/main.o
                0x0000000008006d10                vtable for codal::CodalComponent
 .rodata._ZTVN5codal5TimerE
                0x0000000008006d2c       0x18 .pioenvs/bluepill_f103c8/lib3e7/libcodal-core.a(Timer.o)
                0x0000000008006d2c                vtable for codal::Timer
 .rodata._ZTVN5codal10EventModelE
                0x0000000008006d44       0x14 .pioenvs/bluepill_f103c8/lib3e7/libcodal-core.a(MessageBus.o)
                0x0000000008006d44                vtable for codal::EventModel
 .rodata._ZTVN5codal10MessageBusE
                0x0000000008006d58       0x3c .pioenvs/bluepill_f103c8/lib3e7/libcodal-core.a(MessageBus.o)
                0x0000000008006d58                vtable for codal::MessageBus
 .rodata._ZTVN5codal3_cm3PinE
                0x0000000008006d94       0x54 .pioenvs/bluepill_f103c8/lib739/libcm.a(CmPin.o)
                0x0000000008006d94                vtable for codal::_cm::Pin
 .rodata._ZTVN5codal3_cm5TimerE
                0x0000000008006de8       0x18 .pioenvs/bluepill_f103c8/lib739/libcm.a(CmTimer.o)
                0x0000000008006de8                vtable for codal::_cm::Timer
 .rodata._ZTVN5codal13STM32BluePillE
                0x0000000008006e00       0x1c .pioenvs/bluepill_f103c8/lib2eb/libmodel.a(STM32BluePill.o)
                0x0000000008006e00                vtable for codal::STM32BluePill
 .rodata.PinMap_SPI_MISO
                0x0000000008006e1c       0x48 .pioenvs/bluepill_f103c8/lib2eb/libmodel.a(STM32BluePillIO.o)
                0x0000000008006e1c                PinMap_SPI_MISO
 .rodata.PinMap_SPI_MOSI
                0x0000000008006e64       0x48 .pioenvs/bluepill_f103c8/lib2eb/libmodel.a(STM32BluePillIO.o)
                0x0000000008006e64                PinMap_SPI_MOSI
 .rodata.PinMap_SPI_NSS
                0x0000000008006eac       0x48 .pioenvs/bluepill_f103c8/lib2eb/libmodel.a(STM32BluePillIO.o)
                0x0000000008006eac                PinMap_SPI_NSS
 .rodata.PinMap_SPI_SCK
                0x0000000008006ef4       0x48 .pioenvs/bluepill_f103c8/lib2eb/libmodel.a(STM32BluePillIO.o)
                0x0000000008006ef4                PinMap_SPI_SCK
 .rodata._ZTVN5codal3_cm3I2CE
                0x0000000008006f3c       0x2c .pioenvs/bluepill_f103c8/lib739/libcm.a(CmI2C.o)
                0x0000000008006f3c                vtable for codal::_cm::I2C
 .rodata._ZTVN5codal3_cm3SPIE
                0x0000000008006f68       0x1c .pioenvs/bluepill_f103c8/lib739/libcm.a(CmSPI.o)
                0x0000000008006f68                vtable for codal::_cm::SPI
 .rodata._ZTVN5codal3I2CE
                0x0000000008006f84       0x2c .pioenvs/bluepill_f103c8/lib3e7/libcodal-core.a(I2C.o)
                0x0000000008006f84                vtable for codal::I2C
 .rodata._Z10Blink_mainRN5codal13STM32BluePillE.str1.1
                0x0000000008006fb0       0x1f .pioenvs/bluepill_f103c8/src/main.o
 .rodata._ZL10debug_dumpRN5codal13STM32BluePillEPKc.str1.1
                0x0000000008006fcf       0x21 .pioenvs/bluepill_f103c8/src/main.o
                                         0x22 (size before relaxing)
 .rodata._ZN5codal3_cm3Pin15setDigitalValueEi.str1.1
                0x0000000008006ff0       0x43 .pioenvs/bluepill_f103c8/lib739/libcm.a(CmPin.o)
 .rodata._ZN5codal3_cm5Timer9triggerInEm.str1.1
                0x0000000008007033       0x43 .pioenvs/bluepill_f103c8/lib739/libcm.a(CmTimer.o)
                                          0x2 (size before relaxing)
 .rodata.application_start.str1.1
                0x0000000008007033       0x34 .pioenvs/bluepill_f103c8/lib739/libcm.a(application.o)
 .rodata._ZN5codal13STM32BluePill4initEv.str1.1
                0x0000000008007067       0x42 .pioenvs/bluepill_f103c8/lib2eb/libmodel.a(STM32BluePill.o)
 .rodata._ZN5codal13STM32BluePillC2Ev.str1.1
                0x00000000080070a9       0x13 .pioenvs/bluepill_f103c8/lib2eb/libmodel.a(STM32BluePill.o)
 .rodata._ZN5codal3_cm3SPI4initEv.str1.1
                0x00000000080070bc       0x10 .pioenvs/bluepill_f103c8/lib739/libcm.a(CmSPI.o)
 .rodata._ZN5codal3_cm3SPIC2ERNS0_3PinES3_S3_.str1.1
                0x00000000080070cc       0x22 .pioenvs/bluepill_f103c8/lib739/libcm.a(CmSPI.o)
                                         0x23 (size before relaxing)
 .rodata._ZN5codal3_cm3SPIC2ERNS0_3PinES3_S3_S3_.str1.1
                0x00000000080070ee        0x6 .pioenvs/bluepill_f103c8/lib739/libcm.a(CmSPI.o)
                                         0x10 (size before relaxing)
 .rodata.pinmap_cnf.str1.1
                0x00000000080070f4       0x19 .pioenvs/bluepill_f103c8/lib739/libcm.a(CmPinMap.o)
 .rodata.pinmap_mode.str1.1
                0x000000000800710d       0x1a .pioenvs/bluepill_f103c8/lib739/libcm.a(CmPinMap.o)
 .rodata.pinmap_peripheral.str1.1
                0x0000000008007127       0x20 .pioenvs/bluepill_f103c8/lib739/libcm.a(CmPinMap.o)
                0x0000000008007148                . = ALIGN (0x4)
 *fill*         0x0000000008007147        0x1 

.glue_7         0x0000000008007148        0x0
 .glue_7        0x0000000008007148        0x0 linker stubs

.glue_7t        0x0000000008007148        0x0
 .glue_7t       0x0000000008007148        0x0 linker stubs

.vfp11_veneer   0x0000000008007148        0x0
 .vfp11_veneer  0x0000000008007148        0x0 linker stubs

.v4_bx          0x0000000008007148        0x0
 .v4_bx         0x0000000008007148        0x0 linker stubs

.iplt           0x0000000008007148        0x0
 .iplt          0x0000000008007148        0x0 asm/CortexContextSwitch.s.o

.rel.dyn        0x0000000008007148        0x0
 .rel.iplt      0x0000000008007148        0x0 asm/CortexContextSwitch.s.o

.boot_preinit_array
                0x000000000800138c        0x0
                0x000000000800138c                . = ALIGN (0x4)
                0x000000000800138c                __boot_preinit_array_start = .
 :*reset_handler*(SORT_BY_ALIGNMENT(.preinit_array))
 *libhal.a:*reset_handler*(SORT_BY_ALIGNMENT(.preinit_array))
 :*codal_target_hal*(SORT_BY_ALIGNMENT(.preinit_array))
 *libhal.a:*codal_target_hal*(SORT_BY_ALIGNMENT(.preinit_array))
 :*CortexContextSwitch*(SORT_BY_ALIGNMENT(.preinit_array))
 *libhal.a:(SORT_BY_ALIGNMENT(.preinit_array))
 *liblibopencm3.a:(SORT_BY_ALIGNMENT(.preinit_array))
 *libFrameworkLibOpenCM3.a:(SORT_BY_ALIGNMENT(.preinit_array))
 *libcocoos.a:(SORT_BY_ALIGNMENT(.preinit_array))
 *libcocoOS_?.?.?.a:(SORT_BY_ALIGNMENT(.preinit_array))
 *libgcc.a:(SORT_BY_ALIGNMENT(.preinit_array))
 *libqfplib.a:(SORT_BY_ALIGNMENT(.preinit_array))
 *libnano-float.a:(SORT_BY_ALIGNMENT(.preinit_array))
 *libnewlib.a:(SORT_BY_ALIGNMENT(.preinit_array))
 *liblogger.a:(SORT_BY_ALIGNMENT(.preinit_array))
 *libbluepill.a:(SORT_BY_ALIGNMENT(.preinit_array))
 *libbootloader.a:(SORT_BY_ALIGNMENT(.preinit_array))
                0x000000000800138c                __boot_preinit_array_end = .

.preinit_array  0x0000000008007148        0x0
                0x0000000008007148                . = ALIGN (0x4)
                0x0000000008007148                __preinit_array_start = .
 *(SORT_BY_ALIGNMENT(.preinit_array))
                0x0000000008007148                __preinit_array_end = .

.boot_init_array
                0x000000000800138c        0x0
                0x000000000800138c                . = ALIGN (0x4)
                0x000000000800138c                __boot_init_array_start = .
 :*reset_handler*(SORT_BY_NAME(SORT_BY_ALIGNMENT(.init_array.*)))
 *libhal.a:*reset_handler*(SORT_BY_NAME(SORT_BY_ALIGNMENT(.init_array.*)))
 :*codal_target_hal*(SORT_BY_NAME(SORT_BY_ALIGNMENT(.init_array.*)))
 *libhal.a:*codal_target_hal*(SORT_BY_NAME(SORT_BY_ALIGNMENT(.init_array.*)))
 :*CortexContextSwitch*(SORT_BY_NAME(SORT_BY_ALIGNMENT(.init_array.*)))
 *libhal.a:(SORT_BY_NAME(SORT_BY_ALIGNMENT(.init_array.*)))
 *liblibopencm3.a:(SORT_BY_NAME(SORT_BY_ALIGNMENT(.init_array.*)))
 *libFrameworkLibOpenCM3.a:(SORT_BY_NAME(SORT_BY_ALIGNMENT(.init_array.*)))
 *libcocoos.a:(SORT_BY_NAME(SORT_BY_ALIGNMENT(.init_array.*)))
 *libcocoOS_?.?.?.a:(SORT_BY_NAME(SORT_BY_ALIGNMENT(.init_array.*)))
 *libgcc.a:(SORT_BY_NAME(SORT_BY_ALIGNMENT(.init_array.*)))
 *libqfplib.a:(SORT_BY_NAME(SORT_BY_ALIGNMENT(.init_array.*)))
 *libnano-float.a:(SORT_BY_NAME(SORT_BY_ALIGNMENT(.init_array.*)))
 *libnewlib.a:(SORT_BY_NAME(SORT_BY_ALIGNMENT(.init_array.*)))
 *liblogger.a:(SORT_BY_NAME(SORT_BY_ALIGNMENT(.init_array.*)))
 *libbluepill.a:(SORT_BY_NAME(SORT_BY_ALIGNMENT(.init_array.*)))
 *libbootloader.a:(SORT_BY_NAME(SORT_BY_ALIGNMENT(.init_array.*)))
 :*reset_handler*(SORT_BY_ALIGNMENT(.init_array))
 *libhal.a:*reset_handler*(SORT_BY_ALIGNMENT(.init_array))
 :*codal_target_hal*(SORT_BY_ALIGNMENT(.init_array))
 *libhal.a:*codal_target_hal*(SORT_BY_ALIGNMENT(.init_array))
 :*CortexContextSwitch*(SORT_BY_ALIGNMENT(.init_array))
 *libhal.a:(SORT_BY_ALIGNMENT(.init_array))
 *liblibopencm3.a:(SORT_BY_ALIGNMENT(.init_array))
 *libFrameworkLibOpenCM3.a:(SORT_BY_ALIGNMENT(.init_array))
 *libcocoos.a:(SORT_BY_ALIGNMENT(.init_array))
 *libcocoOS_?.?.?.a:(SORT_BY_ALIGNMENT(.init_array))
 *libgcc.a:(SORT_BY_ALIGNMENT(.init_array))
 *libqfplib.a:(SORT_BY_ALIGNMENT(.init_array))
 *libnano-float.a:(SORT_BY_ALIGNMENT(.init_array))
 *libnewlib.a:(SORT_BY_ALIGNMENT(.init_array))
 *liblogger.a:(SORT_BY_ALIGNMENT(.init_array))
 *libbluepill.a:(SORT_BY_ALIGNMENT(.init_array))
 *libbootloader.a:(SORT_BY_ALIGNMENT(.init_array))
                0x000000000800138c                __boot_init_array_end = .
                0x000000000800138c                . = ALIGN (0x4)
                0x000000000800138c                _boot_etext = .

.init_array     0x0000000008007148        0xc
                0x0000000008007148                . = ALIGN (0x4)
                0x0000000008007148                __init_array_start = .
 *(SORT_BY_NAME(SORT_BY_ALIGNMENT(.init_array.*)))
 *(SORT_BY_ALIGNMENT(.init_array))
 .init_array    0x0000000008007148        0x4 .pioenvs/bluepill_f103c8/src/main.o
 .init_array    0x000000000800714c        0x4 .pioenvs/bluepill_f103c8/src/uart.o
 .init_array    0x0000000008007150        0x4 .pioenvs/bluepill_f103c8/lib33e/libuartint.a(uartint.o)
                0x0000000008007154                __init_array_end = .
                0x0000000008007154                . = ALIGN (0x4)
                0x0000000008007154                _etext = .

.boot_fini_array
                0x000000000800138c        0x0
                0x000000000800138c                . = ALIGN (0x4)
                0x000000000800138c                __boot_fini_array_start = .
 :*reset_handler*(SORT_BY_ALIGNMENT(.fini_array))
 *libhal.a:*reset_handler*(SORT_BY_ALIGNMENT(.fini_array))
 :*codal_target_hal*(SORT_BY_ALIGNMENT(.fini_array))
 *libhal.a:*codal_target_hal*(SORT_BY_ALIGNMENT(.fini_array))
 :*CortexContextSwitch*(SORT_BY_ALIGNMENT(.fini_array))
 *libhal.a:(SORT_BY_ALIGNMENT(.fini_array))
 *liblibopencm3.a:(SORT_BY_ALIGNMENT(.fini_array))
 *libFrameworkLibOpenCM3.a:(SORT_BY_ALIGNMENT(.fini_array))
 *libcocoos.a:(SORT_BY_ALIGNMENT(.fini_array))
 *libcocoOS_?.?.?.a:(SORT_BY_ALIGNMENT(.fini_array))
 *libgcc.a:(SORT_BY_ALIGNMENT(.fini_array))
 *libqfplib.a:(SORT_BY_ALIGNMENT(.fini_array))
 *libnano-float.a:(SORT_BY_ALIGNMENT(.fini_array))
 *libnewlib.a:(SORT_BY_ALIGNMENT(.fini_array))
 *liblogger.a:(SORT_BY_ALIGNMENT(.fini_array))
 *libbluepill.a:(SORT_BY_ALIGNMENT(.fini_array))
 *libbootloader.a:(SORT_BY_ALIGNMENT(.fini_array))
 :*reset_handler*(SORT_BY_NAME(SORT_BY_ALIGNMENT(.fini_array.*)))
 *libhal.a:*reset_handler*(SORT_BY_NAME(SORT_BY_ALIGNMENT(.fini_array.*)))
 :*codal_target_hal*(SORT_BY_NAME(SORT_BY_ALIGNMENT(.fini_array.*)))
 *libhal.a:*codal_target_hal*(SORT_BY_NAME(SORT_BY_ALIGNMENT(.fini_array.*)))
 :*CortexContextSwitch*(SORT_BY_NAME(SORT_BY_ALIGNMENT(.fini_array.*)))
 *libhal.a:(SORT_BY_NAME(SORT_BY_ALIGNMENT(.fini_array.*)))
 *liblibopencm3.a:(SORT_BY_NAME(SORT_BY_ALIGNMENT(.fini_array.*)))
 *libFrameworkLibOpenCM3.a:(SORT_BY_NAME(SORT_BY_ALIGNMENT(.fini_array.*)))
 *libcocoos.a:(SORT_BY_NAME(SORT_BY_ALIGNMENT(.fini_array.*)))
 *libcocoOS_?.?.?.a:(SORT_BY_NAME(SORT_BY_ALIGNMENT(.fini_array.*)))
 *libgcc.a:(SORT_BY_NAME(SORT_BY_ALIGNMENT(.fini_array.*)))
 *libqfplib.a:(SORT_BY_NAME(SORT_BY_ALIGNMENT(.fini_array.*)))
 *libnano-float.a:(SORT_BY_NAME(SORT_BY_ALIGNMENT(.fini_array.*)))
 *libnewlib.a:(SORT_BY_NAME(SORT_BY_ALIGNMENT(.fini_array.*)))
 *liblogger.a:(SORT_BY_NAME(SORT_BY_ALIGNMENT(.fini_array.*)))
 *libbluepill.a:(SORT_BY_NAME(SORT_BY_ALIGNMENT(.fini_array.*)))
 *libbootloader.a:(SORT_BY_NAME(SORT_BY_ALIGNMENT(.fini_array.*)))
                0x000000000800138c                __boot_fini_array_end = .

.fini_array     0x0000000008007154        0x0
                0x0000000008007154                . = ALIGN (0x4)
                0x0000000008007154                __fini_array_start = .
 *(SORT_BY_ALIGNMENT(.fini_array))
 *(SORT_BY_NAME(SORT_BY_ALIGNMENT(.fini_array.*)))
                0x0000000008007154                __fini_array_end = .

.boot_data      0x0000000020000000       0x18 load address 0x000000000800138c
                0x0000000020000000                _boot_data = .
 :*reset_handler*(SORT_BY_ALIGNMENT(.data*))
 .data.hal_data_test
                0x0000000020000000        0x4 .pioenvs/bluepill_f103c8/libccd/hal/reset_handler.o
                0x0000000020000000                hal_data_test
 *libhal.a:*reset_handler*(SORT_BY_ALIGNMENT(.data*))
 :*codal_target_hal*(SORT_BY_ALIGNMENT(.data*))
 .data.codal_heap_start
                0x0000000020000004        0x4 .pioenvs/bluepill_f103c8/libccd/hal/codal_target_hal.o
                0x0000000020000004                codal_heap_start
 *libhal.a:*codal_target_hal*(SORT_BY_ALIGNMENT(.data*))
 :*CortexContextSwitch.*(SORT_BY_ALIGNMENT(.data*))
 *libhal.a:(SORT_BY_ALIGNMENT(.data*))
 *liblibopencm3.a:(SORT_BY_ALIGNMENT(.data*))
 *libFrameworkLibOpenCM3.a:(SORT_BY_ALIGNMENT(.data*))
 .data.rcc_ahb_frequency
                0x0000000020000008        0x4 .pioenvs/bluepill_f103c8/libFrameworkLibOpenCM3.a(rcc.o)
                0x0000000020000008                rcc_ahb_frequency
 .data.rcc_apb1_frequency
                0x000000002000000c        0x4 .pioenvs/bluepill_f103c8/libFrameworkLibOpenCM3.a(rcc.o)
                0x000000002000000c                rcc_apb1_frequency
 .data.rcc_apb2_frequency
                0x0000000020000010        0x4 .pioenvs/bluepill_f103c8/libFrameworkLibOpenCM3.a(rcc.o)
                0x0000000020000010                rcc_apb2_frequency
 *libcocoos.a:(SORT_BY_ALIGNMENT(.data*))
 *libcocoOS_?.?.?.a:(SORT_BY_ALIGNMENT(.data*))
 .data.lastSignaledEvent
                0x0000000020000014        0x1 .pioenvs/bluepill_f103c8/libea7/libcocoOS_5.0.3.a(os_event.o)
 *libgcc.a:(SORT_BY_ALIGNMENT(.data*))
 *libqfplib.a:(SORT_BY_ALIGNMENT(.data*))
 *libnano-float.a:(SORT_BY_ALIGNMENT(.data*))
 *libnewlib.a:(SORT_BY_ALIGNMENT(.data*))
 *liblogger.a:(SORT_BY_ALIGNMENT(.data*))
 *libbluepill.a:(SORT_BY_ALIGNMENT(.data*))
 *libbootloader.a:(SORT_BY_ALIGNMENT(.data*))
                0x0000000020000018                . = ALIGN (0x4)
 *fill*         0x0000000020000015        0x3 
                0x0000000020000018                _boot_edata = .
                0x000000000800138c                _boot_data_loadaddr = LOADADDR (.boot_data)

.data           0x0000000020000800        0x8 load address 0x0000000008007154
                0x0000000020000800                _data = .
 *(SORT_BY_ALIGNMENT(.data*))
 .data.app_data_test
                0x0000000020000800        0x4 .pioenvs/bluepill_f103c8/lib739/libcm.a(application.o)
                0x0000000020000800                app_data_test
 .data._ZL12userNotifyId
                0x0000000020000804        0x2 .pioenvs/bluepill_f103c8/lib3e7/libcodal-core.a(MessageBus.o)
                0x0000000020000808                . = ALIGN (0x4)
 *fill*         0x0000000020000806        0x2 
                0x0000000020000808                _edata = .
                0x0000000008007154                _data_loadaddr = LOADADDR (.data)

.igot.plt       0x0000000020000808        0x0 load address 0x000000000800715c
 .igot.plt      0x0000000020000808        0x0 asm/CortexContextSwitch.s.o

.boot_bss       0x0000000020000018      0x1f0
 :*reset_handler*(SORT_BY_ALIGNMENT(.bss*))
 *libhal.a:*reset_handler*(SORT_BY_ALIGNMENT(.bss*))
 :*codal_target_hal*(SORT_BY_ALIGNMENT(.bss*))
 .bss._ZL13tick_callback
                0x0000000020000018        0x4 .pioenvs/bluepill_f103c8/libccd/hal/codal_target_hal.o
 .bss._ZL14alarm_callback
                0x000000002000001c        0x4 .pioenvs/bluepill_f103c8/libccd/hal/codal_target_hal.o
 .bss.__dso_handle
                0x0000000020000020        0x4 .pioenvs/bluepill_f103c8/libccd/hal/codal_target_hal.o
                0x0000000020000020                __dso_handle
 .bss._ZL11initialised
                0x0000000020000024        0x1 .pioenvs/bluepill_f103c8/libccd/hal/codal_target_hal.o
 *libhal.a:*codal_target_hal*(SORT_BY_ALIGNMENT(.bss*))
 :*CortexContextSwitch*(SORT_BY_ALIGNMENT(.bss*))
 *libhal.a:(SORT_BY_ALIGNMENT(.bss*))
 *liblibopencm3.a:(SORT_BY_ALIGNMENT(.bss*))
 *libFrameworkLibOpenCM3.a:(SORT_BY_ALIGNMENT(.bss*))
 *libcocoos.a:(SORT_BY_ALIGNMENT(.bss*))
 *libcocoOS_?.?.?.a:(SORT_BY_ALIGNMENT(.bss*))
 *fill*         0x0000000020000025        0x3 
 .bss.msgQList  0x0000000020000028       0x20 .pioenvs/bluepill_f103c8/libea7/libcocoOS_5.0.3.a(os_msgqueue.o)
 .bss.task_list
                0x0000000020000048       0x8c .pioenvs/bluepill_f103c8/libea7/libcocoOS_5.0.3.a(os_task.o)
 .bss.l.4338    0x00000000200000d4        0x2 .pioenvs/bluepill_f103c8/libea7/libcocoOS_5.0.3.a(os_assert.o)
 .bss.eventList
                0x00000000200000d6        0xe .pioenvs/bluepill_f103c8/libea7/libcocoOS_5.0.3.a(os_event.o)
 .bss.nEvents   0x00000000200000e4        0x1 .pioenvs/bluepill_f103c8/libea7/libcocoOS_5.0.3.a(os_event.o)
 .bss.nQueues   0x00000000200000e5        0x1 .pioenvs/bluepill_f103c8/libea7/libcocoOS_5.0.3.a(os_msgqueue.o)
 .bss.nSemaphores
                0x00000000200000e6        0x1 .pioenvs/bluepill_f103c8/libea7/libcocoOS_5.0.3.a(os_sem.o)
 .bss.nTasks    0x00000000200000e7        0x1 .pioenvs/bluepill_f103c8/libea7/libcocoOS_5.0.3.a(os_task.o)
 *libgcc.a:(SORT_BY_ALIGNMENT(.bss*))
 *libqfplib.a:(SORT_BY_ALIGNMENT(.bss*))
 *libnano-float.a:(SORT_BY_ALIGNMENT(.bss*))
 *libnewlib.a:(SORT_BY_ALIGNMENT(.bss*))
 *liblogger.a:(SORT_BY_ALIGNMENT(.bss*))
 .bss._ZL10logEnabled
                0x00000000200000e8        0x1 .pioenvs/bluepill_f103c8/libd9b/liblogger.a(logger.o)
 .bss._ZL11debugBuffer
                0x00000000200000e9      0x101 .pioenvs/bluepill_f103c8/libd9b/liblogger.a(logger.o)
 *libbluepill.a:(SORT_BY_ALIGNMENT(.bss*))
 *fill*         0x00000000200001ea        0x2 
 .bss._ZL10alarmCount
                0x00000000200001ec        0x4 .pioenvs/bluepill_f103c8/lib271/libbluepill.a(timer.o)
 .bss._ZL8tickFunc
                0x00000000200001f0        0x4 .pioenvs/bluepill_f103c8/lib271/libbluepill.a(timer.o)
 .bss._ZL9alarmFunc
                0x00000000200001f4        0x4 .pioenvs/bluepill_f103c8/lib271/libbluepill.a(timer.o)
 .bss._ZL9tickCount
                0x00000000200001f8        0x4 .pioenvs/bluepill_f103c8/lib271/libbluepill.a(timer.o)
 .bss._ZL12debugEnabled
                0x00000000200001fc        0x1 .pioenvs/bluepill_f103c8/lib271/libbluepill.a(bluepill.o)
 .bss._ZZ20platform_start_timerE12timerStarted
                0x00000000200001fd        0x1 .pioenvs/bluepill_f103c8/lib271/libbluepill.a(timer.o)
 *libbootloader.a:(SORT_BY_ALIGNMENT(.bss*))
 :*reset_handler*(SORT_BY_ALIGNMENT(COMMON))
 *fill*         0x00000000200001fe        0x2 
 COMMON         0x0000000020000200        0x4 .pioenvs/bluepill_f103c8/libccd/hal/reset_handler.o
                0x0000000020000200                hal_bss_test
 *libhal.a:*reset_handler*(SORT_BY_ALIGNMENT(COMMON))
 :*codal_target_hal*(SORT_BY_ALIGNMENT(COMMON))
 *libhal.a:*codal_target_hal*(SORT_BY_ALIGNMENT(COMMON))
 :*CortexContextSwitch*(SORT_BY_ALIGNMENT(COMMON))
 *libhal.a:(SORT_BY_ALIGNMENT(COMMON))
 *liblibopencm3.a:(SORT_BY_ALIGNMENT(COMMON))
 *libFrameworkLibOpenCM3.a:(SORT_BY_ALIGNMENT(COMMON))
 *libcocoos.a:(SORT_BY_ALIGNMENT(COMMON))
 *libcocoOS_?.?.?.a:(SORT_BY_ALIGNMENT(COMMON))
 COMMON         0x0000000020000204        0x3 .pioenvs/bluepill_f103c8/libea7/libcocoOS_5.0.3.a(os_kernel.o)
                0x0000000020000204                running_tid
                0x0000000020000205                running
                0x0000000020000206                last_running_task
 *libgcc.a:(SORT_BY_ALIGNMENT(COMMON))
 *libqfplib.a:(SORT_BY_ALIGNMENT(COMMON))
 *libnano-float.a:(SORT_BY_ALIGNMENT(COMMON))
 *libnewlib.a:(SORT_BY_ALIGNMENT(COMMON))
 *liblogger.a:(SORT_BY_ALIGNMENT(COMMON))
 *libbluepill.a:(SORT_BY_ALIGNMENT(COMMON))
 *libbootloader.a:(SORT_BY_ALIGNMENT(COMMON))
                0x0000000020000208                . = ALIGN (0x4)
 *fill*         0x0000000020000207        0x1 
                0x0000000020000208                _boot_ebss = .
                0x0000000020000208                . = ALIGN (0x4)
                0x0000000020000208                boot_end = .

.bss            0x0000000020000808     0x12c0
 *(SORT_BY_ALIGNMENT(.bss*))
 .bss.bluepill  0x0000000020000808     0x100c .pioenvs/bluepill_f103c8/src/main.o
                0x0000000020000808                bluepill
 .bss._ZN5codal14CodalComponent10componentsE
                0x0000000020001814       0xf0 .pioenvs/bluepill_f103c8/lib3e7/libcodal-core.a(CodalComponent.o)
                0x0000000020001814                codal::CodalComponent::components
 .bss._ZL14dmesg_flush_fn
                0x0000000020001904        0x4 .pioenvs/bluepill_f103c8/lib3e7/libcodal-core.a(CodalDmesg.o)
 .bss.codalLogStore
                0x0000000020001908      0x104 .pioenvs/bluepill_f103c8/lib3e7/libcodal-core.a(CodalDmesg.o)
                0x0000000020001908                codalLogStore
 .bss._ZN5codal12currentFiberE
                0x0000000020001a0c        0x4 .pioenvs/bluepill_f103c8/lib3e7/libcodal-core.a(CodalFiber.o)
                0x0000000020001a0c                codal::currentFiber
 .bss._ZN5codalL10messageBusE
                0x0000000020001a10        0x4 .pioenvs/bluepill_f103c8/lib3e7/libcodal-core.a(CodalFiber.o)
 .bss._ZN5codalL10sleepQueueE
                0x0000000020001a14        0x4 .pioenvs/bluepill_f103c8/lib3e7/libcodal-core.a(CodalFiber.o)
 .bss._ZN5codalL11forkedFiberE
                0x0000000020001a18        0x4 .pioenvs/bluepill_f103c8/lib3e7/libcodal-core.a(CodalFiber.o)
 .bss._ZN5codalL8runQueueE
                0x0000000020001a1c        0x4 .pioenvs/bluepill_f103c8/lib3e7/libcodal-core.a(CodalFiber.o)
 .bss._ZN5codalL9fiberPoolE
                0x0000000020001a20        0x4 .pioenvs/bluepill_f103c8/lib3e7/libcodal-core.a(CodalFiber.o)
 .bss._ZN5codalL9idleFiberE
                0x0000000020001a24        0x4 .pioenvs/bluepill_f103c8/lib3e7/libcodal-core.a(CodalFiber.o)
 .bss._ZN5codalL9waitQueueE
                0x0000000020001a28        0x4 .pioenvs/bluepill_f103c8/lib3e7/libcodal-core.a(CodalFiber.o)
 .bss.heap      0x0000000020001a2c        0x8 .pioenvs/bluepill_f103c8/lib3e7/libcodal-core.a(CodalHeapAllocator.o)
                0x0000000020001a2c                heap
 .bss._ZN5codal12system_timerE
                0x0000000020001a34        0x4 .pioenvs/bluepill_f103c8/lib3e7/libcodal-core.a(Timer.o)
                0x0000000020001a34                codal::system_timer
 .bss._ZN5codal10EventModel15defaultEventBusE
                0x0000000020001a38        0x4 .pioenvs/bluepill_f103c8/lib3e7/libcodal-core.a(Event.o)
                0x0000000020001a38                codal::EventModel::defaultEventBus
 .bss._ZN5codal3_cm5Timer8instanceE
                0x0000000020001a3c        0x4 .pioenvs/bluepill_f103c8/lib739/libcm.a(CmTimer.o)
                0x0000000020001a3c                codal::_cm::Timer::instance
 .bss.app_bss_test
                0x0000000020001a40        0x4 .pioenvs/bluepill_f103c8/lib739/libcm.a(application.o)
                0x0000000020001a40                app_bss_test
 .bss._ZL13responseQueue
                0x0000000020001a44       0x6c .pioenvs/bluepill_f103c8/lib33e/libuartint.a(uartint.o)
 .bss._ZN5codal3_cmL10_instancesE
                0x0000000020001ab0       0x10 .pioenvs/bluepill_f103c8/lib739/libcm.a(CmSPI.o)
 .bss.serialPort
                0x0000000020001ac0        0x1 .pioenvs/bluepill_f103c8/src/uart.o
                0x0000000020001ac0                serialPort
 .bss._ZN5codal14CodalComponent13configurationE
                0x0000000020001ac1        0x1 .pioenvs/bluepill_f103c8/lib3e7/libcodal-core.a(CodalComponent.o)
                0x0000000020001ac1                codal::CodalComponent::configuration
 .bss._ZN5codalL11fiber_flagsE
                0x0000000020001ac2        0x1 .pioenvs/bluepill_f103c8/lib3e7/libcodal-core.a(CodalFiber.o)
 .bss._ZZ13device_mallocE11initialised
                0x0000000020001ac3        0x1 .pioenvs/bluepill_f103c8/lib3e7/libcodal-core.a(CodalHeapAllocator.o)
 .bss.heap_count
                0x0000000020001ac4        0x1 .pioenvs/bluepill_f103c8/lib3e7/libcodal-core.a(CodalHeapAllocator.o)
                0x0000000020001ac4                heap_count
 *(SORT_BY_ALIGNMENT(COMMON))
                0x0000000020001ac8                . = ALIGN (0x4)
 *fill*         0x0000000020001ac5        0x3 
                0x0000000020001ac8                _ebss = .

.boot_buf       0x00000000200047bc        0x0
 *(SORT_BY_ALIGNMENT(.boot_buf*))
                0x00000000200047bc                . = ALIGN (0x4)
                0x00000000200047bc                _eboot_buf = .
                0x00000000200047bc                . = ALIGN (0x4)
                0x00000000200047bc                end = .
                0x0000000020005000                PROVIDE (_stack, (ORIGIN (bootbuf) + LENGTH (bootbuf)))
                [!provide]                        PROVIDE (_boot_stack, (ORIGIN (ram) + LENGTH (ram)))
LOAD asm/CortexContextSwitch.s.o
LOAD .pioenvs/bluepill_f103c8/libccd/hal/codal_target_hal.o
LOAD .pioenvs/bluepill_f103c8/libccd/hal/reset_handler.o
LOAD .pioenvs/bluepill_f103c8/src/aggregate.o
LOAD .pioenvs/bluepill_f103c8/src/downlink.o
LOAD .pioenvs/bluepill_f103c8/src/main.o
LOAD .pioenvs/bluepill_f103c8/src/sensor.o
LOAD .pioenvs/bluepill_f103c8/src/sensor_display.o
LOAD .pioenvs/bluepill_f103c8/src/uart.o
LOAD .pioenvs/bluepill_f103c8/src/wisol.o
LOAD .pioenvs/bluepill_f103c8/src/wstring.o
START GROUP
LOAD .pioenvs/bluepill_f103c8/libfdb/libunity.a
LOAD .pioenvs/bluepill_f103c8/libf85/libqfplib.a
LOAD .pioenvs/bluepill_f103c8/libd9b/liblogger.a
LOAD .pioenvs/bluepill_f103c8/libd88/libnano-float.a
LOAD .pioenvs/bluepill_f103c8/lib98a/libnewlib.a
LOAD .pioenvs/bluepill_f103c8/lib271/libbluepill.a
LOAD .pioenvs/bluepill_f103c8/libb45/libbootloader.a
LOAD .pioenvs/bluepill_f103c8/libea7/libcocoOS_5.0.3.a
LOAD .pioenvs/bluepill_f103c8/lib3e7/libcodal-core.a
LOAD .pioenvs/bluepill_f103c8/lib739/libcm.a
LOAD .pioenvs/bluepill_f103c8/lib2eb/libmodel.a
LOAD .pioenvs/bluepill_f103c8/lib533/libunittest.a
LOAD .pioenvs/bluepill_f103c8/libc3f/libsimulator.a
LOAD .pioenvs/bluepill_f103c8/lib91e/libspiint.a
LOAD .pioenvs/bluepill_f103c8/libea2/libi2cint.a
LOAD .pioenvs/bluepill_f103c8/lib9ba/libporting.a
LOAD .pioenvs/bluepill_f103c8/lib573/libadcint.a
LOAD .pioenvs/bluepill_f103c8/libdc9/libBME280.a
LOAD .pioenvs/bluepill_f103c8/lib23b/libboost_config.a
LOAD .pioenvs/bluepill_f103c8/libd23/libboost_preprocessor.a
LOAD .pioenvs/bluepill_f103c8/lib186/libboost_static_assert.a
LOAD .pioenvs/bluepill_f103c8/lib047/libboost_type_traits.a
LOAD .pioenvs/bluepill_f103c8/libf3d/libboost_assert.a
LOAD .pioenvs/bluepill_f103c8/lib3c5/libboost_core.a
LOAD .pioenvs/bluepill_f103c8/libd30/libboost_utility.a
LOAD .pioenvs/bluepill_f103c8/lib64e/libboost_predef.a
LOAD .pioenvs/bluepill_f103c8/libe2b/libboost_mpl.a
LOAD .pioenvs/bluepill_f103c8/lib95e/libboost_detail.a
LOAD .pioenvs/bluepill_f103c8/libcea/libboost_parameter.a
LOAD .pioenvs/bluepill_f103c8/lib609/libboost_iterator.a
LOAD .pioenvs/bluepill_f103c8/lib7b0/libboost_lockfree.a
LOAD .pioenvs/bluepill_f103c8/lib33e/libuartint.a
LOAD .pioenvs/bluepill_f103c8/libFrameworkLibOpenCM3.a
END GROUP
OUTPUT(.pioenvs/bluepill_f103c8/firmware.elf elf32-littlearm)

.ARM.attributes
                0x0000000000000000       0x2f
 .ARM.attributes
                0x0000000000000000       0x21 asm/CortexContextSwitch.s.o
 .ARM.attributes
                0x0000000000000021       0x33 .pioenvs/bluepill_f103c8/libccd/hal/codal_target_hal.o
 .ARM.attributes
                0x0000000000000054       0x33 .pioenvs/bluepill_f103c8/libccd/hal/reset_handler.o
 .ARM.attributes
                0x0000000000000087       0x33 .pioenvs/bluepill_f103c8/src/main.o
 .ARM.attributes
                0x00000000000000ba       0x33 .pioenvs/bluepill_f103c8/src/uart.o
 .ARM.attributes
                0x00000000000000ed       0x33 .pioenvs/bluepill_f103c8/libd9b/liblogger.a(logger.o)
 .ARM.attributes
                0x0000000000000120       0x33 .pioenvs/bluepill_f103c8/lib98a/libnewlib.a(strlen.o)
 .ARM.attributes