Archive member included to satisfy reference by file (symbol)

.pioenvs\bluepill_f103c8\lib931\liblogger.a(logger.o)
                              .pioenvs\bluepill_f103c8\src\main.o (debug_flush)
.pioenvs\bluepill_f103c8\liba13\libnewlib.a(strlen.o)
                              .pioenvs\bluepill_f103c8\src\aggregate.o (strlen)
.pioenvs\bluepill_f103c8\liba13\libnewlib.a(strncat.o)
                              .pioenvs\bluepill_f103c8\src\wisol.o (strncat)
.pioenvs\bluepill_f103c8\liba13\libnewlib.a(strncmp.o)
                              .pioenvs\bluepill_f103c8\src\aggregate.o (strncmp)
.pioenvs\bluepill_f103c8\liba13\libnewlib.a(strncpy.o)
                              .pioenvs\bluepill_f103c8\src\aggregate.o (strncpy)
.pioenvs\bluepill_f103c8\liba13\libnewlib.a(strstr.o)
                              .pioenvs\bluepill_f103c8\src\wisol.o (strstr)
.pioenvs\bluepill_f103c8\libd0a\libcocoOS_5.0.3.a(os_event.o)
                              .pioenvs\bluepill_f103c8\src\wisol.o (event_create)
.pioenvs\bluepill_f103c8\libd0a\libcocoOS_5.0.3.a(os_kernel.o)
                              .pioenvs\bluepill_f103c8\src\uart.o (running_tid)
.pioenvs\bluepill_f103c8\libd0a\libcocoOS_5.0.3.a(os_msgqueue.o)
                              .pioenvs\bluepill_f103c8\libd0a\libcocoOS_5.0.3.a(os_kernel.o) (os_msgQ_init)
.pioenvs\bluepill_f103c8\libd0a\libcocoOS_5.0.3.a(os_sem.o)
                              .pioenvs\bluepill_f103c8\libd0a\libcocoOS_5.0.3.a(os_kernel.o) (os_sem_init)
.pioenvs\bluepill_f103c8\libd0a\libcocoOS_5.0.3.a(os_task.o)
                              .pioenvs\bluepill_f103c8\libd0a\libcocoOS_5.0.3.a(os_kernel.o) (os_task_init)
.pioenvs\bluepill_f103c8\libd0a\libcocoOS_5.0.3.a(os_assert.o)
                              .pioenvs\bluepill_f103c8\libd0a\libcocoOS_5.0.3.a(os_event.o) (os_on_assert)
.pioenvs\bluepill_f103c8\libd0a\libcocoOS_5.0.3.a(os_cbk.o)
                              .pioenvs\bluepill_f103c8\libd0a\libcocoOS_5.0.3.a(os_kernel.o) (os_cbkSleep)
.pioenvs\bluepill_f103c8\lib24c\libcm.a(CmPin.o)
                              .pioenvs\bluepill_f103c8\src\main.o (codal::_cm::Pin::setDigitalValue(int))
.pioenvs\bluepill_f103c8\lib24c\libcm.a(CmSerial.o)
                              .pioenvs\bluepill_f103c8\src\main.o (vtable for codal::_cm::Serial)
.pioenvs\bluepill_f103c8\lib24c\libcm.a(CmTimer.o)
                              .pioenvs\bluepill_f103c8\src\main.o (vtable for codal::_cm::Timer)
.pioenvs\bluepill_f103c8\lib24c\libcm.a(codal_target_hal.o)
                              .pioenvs\bluepill_f103c8\lib24c\libcm.a(CmTimer.o) (target_set_tick_callback)
.pioenvs\bluepill_f103c8\lib635\libcodal-core.a(CodalCompat.o)
                              .pioenvs\bluepill_f103c8\lib24c\libcm.a(codal_target_hal.o) (codal::seed_random(unsigned long))
.pioenvs\bluepill_f103c8\lib635\libcodal-core.a(CodalComponent.o)
                              .pioenvs\bluepill_f103c8\src\main.o (codal::CodalComponent::removeComponent())
.pioenvs\bluepill_f103c8\lib635\libcodal-core.a(CodalDmesg.o)
                              .pioenvs\bluepill_f103c8\lib24c\libcm.a(codal_target_hal.o) (codal_dmesg_set_flush_fn)
.pioenvs\bluepill_f103c8\lib635\libcodal-core.a(CodalFiber.o)
                              .pioenvs\bluepill_f103c8\lib24c\libcm.a(CmSerial.o) (codal::fiber_wake_on_event(unsigned short, unsigned short))
.pioenvs\bluepill_f103c8\lib635\libcodal-core.a(CodalHeapAllocator.o)
                              .pioenvs\bluepill_f103c8\lib24c\libcm.a(CmSerial.o) (malloc)
.pioenvs\bluepill_f103c8\lib635\libcodal-core.a(CodalListener.o)
                              .pioenvs\bluepill_f103c8\lib635\libcodal-core.a(CodalComponent.o) (codal::Listener::Listener(unsigned short, unsigned short, void (*)(codal::Event), unsigned short))
.pioenvs\bluepill_f103c8\lib635\libcodal-core.a(Serial.o)
                              .pioenvs\bluepill_f103c8\lib24c\libcm.a(CmSerial.o) (codal::Serial::Serial(codal::Pin&, codal::Pin&, unsigned char, unsigned char, unsigned short))
.pioenvs\bluepill_f103c8\lib635\libcodal-core.a(Timer.o)
                              .pioenvs\bluepill_f103c8\lib24c\libcm.a(CmTimer.o) (codal::Timer::disableInterrupts())
.pioenvs\bluepill_f103c8\lib635\libcodal-core.a(MessageBus.o)
                              .pioenvs\bluepill_f103c8\src\main.o (codal::MessageBus::~MessageBus())
.pioenvs\bluepill_f103c8\lib635\libcodal-core.a(Event.o)
                              .pioenvs\bluepill_f103c8\lib635\libcodal-core.a(CodalListener.o) (codal::Event::Event())
.pioenvs\bluepill_f103c8\lib635\libcodal-core.a(ManagedString.o)
                              .pioenvs\bluepill_f103c8\lib24c\libcm.a(CmSerial.o) (codal::ManagedString::~ManagedString())
.pioenvs\bluepill_f103c8\lib635\libcodal-core.a(RefCounted.o)
                              .pioenvs\bluepill_f103c8\lib635\libcodal-core.a(ManagedString.o) (codal::RefCounted::incr())
.pioenvs\bluepill_f103c8\lib635\libcodal-core.a(RefCountedInit.o)
[...]
Memory Configuration

Name             Origin             Length             Attributes
rom              0x08000000         0x00010000         xr
ram              0x20000000         0x00005000         xrw
*default*        0x00000000         0xffffffff

Linker script and memory map

LOAD asm/CortexContextSwitch.s.o
LOAD .pioenvs\bluepill_f103c8\src\aggregate.o
LOAD .pioenvs\bluepill_f103c8\src\downlink.o
LOAD .pioenvs\bluepill_f103c8\src\main.o
LOAD .pioenvs\bluepill_f103c8\src\sensor.o
LOAD .pioenvs\bluepill_f103c8\src\sensor_display.o
LOAD .pioenvs\bluepill_f103c8\src\uart.o
LOAD .pioenvs\bluepill_f103c8\src\wisol.o
LOAD .pioenvs\bluepill_f103c8\src\wstring.o
START GROUP
LOAD .pioenvs\bluepill_f103c8\lib931\liblogger.a
LOAD .pioenvs\bluepill_f103c8\liba13\libnewlib.a
LOAD .pioenvs\bluepill_f103c8\libd0a\libcocoOS_5.0.3.a
LOAD .pioenvs\bluepill_f103c8\lib24c\libcm.a
LOAD .pioenvs\bluepill_f103c8\lib635\libcodal-core.a
LOAD .pioenvs\bluepill_f103c8\libff7\libbluepill.a
LOAD .pioenvs\bluepill_f103c8\lib743\libspiint.a
LOAD .pioenvs\bluepill_f103c8\lib257\libsimulator.a
LOAD .pioenvs\bluepill_f103c8\lib59a\libi2cint.a
LOAD .pioenvs\bluepill_f103c8\libe9f\libporting.a
LOAD .pioenvs\bluepill_f103c8\lib167\libBME280.a
LOAD .pioenvs\bluepill_f103c8\lib6b9\libboost_config.a
LOAD .pioenvs\bluepill_f103c8\lib95e\libboost_assert.a
LOAD .pioenvs\bluepill_f103c8\libb77\libboost_core.a
LOAD .pioenvs\bluepill_f103c8\libf2c\libboost_preprocessor.a
LOAD .pioenvs\bluepill_f103c8\libd55\libboost_static_assert.a
LOAD .pioenvs\bluepill_f103c8\lib43c\libboost_type_traits.a
LOAD .pioenvs\bluepill_f103c8\lib2eb\libboost_predef.a
LOAD .pioenvs\bluepill_f103c8\lib0fe\libboost_utility.a
LOAD .pioenvs\bluepill_f103c8\libffd\libboost_mpl.a
LOAD .pioenvs\bluepill_f103c8\libb93\libboost_detail.a
LOAD .pioenvs\bluepill_f103c8\lib3f0\libboost_iterator.a
LOAD .pioenvs\bluepill_f103c8\lib337\libboost_parameter.a
LOAD .pioenvs\bluepill_f103c8\libcaf\libboost_lockfree.a
LOAD .pioenvs\bluepill_f103c8\lib7c6\libadcint.a
LOAD .pioenvs\bluepill_f103c8\lib492\libuartint.a
LOAD .pioenvs\bluepill_f103c8\libFrameworkLibOpenCM3.a
END GROUP

.text           0x08000000     0x4140
 *(SORT_BY_ALIGNMENT(.vectors))
 .vectors       0x08000000      0x150 .pioenvs\bluepill_f103c8\libFrameworkLibOpenCM3.a(vector.o)
                0x08000000                vector_table
 *(SORT_BY_ALIGNMENT(.text*))
 .text          0x08000150      0x124 asm/CortexContextSwitch.s.o
                0x08000150                swap_context
                0x080001d2                save_context
                0x08000216                save_register_context
                0x08000246                restore_register_context
 .text._ZN5codal14CodalComponent4initEv
                0x08000274        0x8 .pioenvs\bluepill_f103c8\src\main.o
                0x08000274                codal::CodalComponent::init()
 .text._ZN5codal14CodalComponentD2Ev
                0x0800027c       0x18 .pioenvs\bluepill_f103c8\src\main.o
                0x0800027c                codal::CodalComponent::~CodalComponent()
                0x0800027c                codal::CodalComponent::~CodalComponent()
 .text._Z10debug_dumpv
                0x08000294       0x38 .pioenvs\bluepill_f103c8\src\main.o
                0x08000294                debug_dump()
 .text.startup._GLOBAL__sub_I_bluepill
                0x080002cc       0x24 .pioenvs\bluepill_f103c8\src\main.o
 .text.startup.main
                0x080002f0       0x1c .pioenvs\bluepill_f103c8\src\main.o
                0x080002f0                main
 .text._ZN5codal13STM32BluePillD2Ev
                0x0800030c       0x40 .pioenvs\bluepill_f103c8\src\main.o
                0x0800030c                codal::STM32BluePill::~STM32BluePill()
                0x0800030c                codal::STM32BluePill::~STM32BluePill()
 .text.startup._GLOBAL__sub_I_serialPort
                0x0800034c       0x10 .pioenvs\bluepill_f103c8\src\uart.o
 .text.disable_log
                0x0800035c       0x14 .pioenvs\bluepill_f103c8\lib931\liblogger.a(logger.o)
                0x0800035c                disable_log
 .text.debug_flush
                0x08000370       0x38 .pioenvs\bluepill_f103c8\lib931\liblogger.a(logger.o)
                0x08000370                debug_flush
 .text._ZL12debug_appendPKcj
                0x080003a8       0x50 .pioenvs\bluepill_f103c8\lib931\liblogger.a(logger.o)
 .text._Z11debug_printj
                0x080003f8       0x7c .pioenvs\bluepill_f103c8\lib931\liblogger.a(logger.o)
                0x080003f8                debug_print(unsigned int)
 .text._Z11debug_printi
                0x08000474       0x30 .pioenvs\bluepill_f103c8\lib931\liblogger.a(logger.o)
                0x08000474                debug_print(int)
 .text.debug_println
                0x080004a4       0x1c .pioenvs\bluepill_f103c8\lib931\liblogger.a(logger.o)
                0x080004a4                debug_println
 .text._Z13debug_printlni
                0x080004c0       0x18 .pioenvs\bluepill_f103c8\lib931\liblogger.a(logger.o)
                0x080004c0                debug_println(int)
 .text._Z13debug_printlnj
                0x080004d8       0x18 .pioenvs\bluepill_f103c8\lib931\liblogger.a(logger.o)
                0x080004d8                debug_println(unsigned int)
 .text.os_event_init
                0x080004f0        0xc .pioenvs\bluepill_f103c8\libd0a\libcocoOS_5.0.3.a(os_event.o)
                0x080004f0                os_event_init
 .text.os_init  0x080004fc       0x34 .pioenvs\bluepill_f103c8\libd0a\libcocoOS_5.0.3.a(os_kernel.o)
                0x080004fc                os_init
 .text.os_msgQ_init
                0x08000530       0x24 .pioenvs\bluepill_f103c8\libd0a\libcocoOS_5.0.3.a(os_msgqueue.o)
                0x08000530                os_msgQ_init
 .text.os_sem_init
                0x08000554        0xc .pioenvs\bluepill_f103c8\libd0a\libcocoOS_5.0.3.a(os_sem.o)
                0x08000554                os_sem_init
 .text.os_task_init
                0x08000560       0x40 .pioenvs\bluepill_f103c8\libd0a\libcocoOS_5.0.3.a(os_task.o)
                0x08000560                os_task_init
 .text._ZN5codal3_cm3Pin14setAnalogValueEi
                0x080005a0       0x1c .pioenvs\bluepill_f103c8\lib24c\libcm.a(CmPin.o)
                0x080005a0                codal::_cm::Pin::setAnalogValue(int)
 .text._ZN5codal3_cm3Pin13setServoValueEiii
                0x080005bc       0x2c .pioenvs\bluepill_f103c8\lib24c\libcm.a(CmPin.o)
                0x080005bc                codal::_cm::Pin::setServoValue(int, int, int)
 .text._ZN5codal3_cm3Pin9isTouchedEv
                0x080005e8        0x8 .pioenvs\bluepill_f103c8\lib24c\libcm.a(CmPin.o)
                0x080005e8                codal::_cm::Pin::isTouched()
 .text._ZN5codal3_cm3Pin17getAnalogPeriodUsEv
                0x080005f0        0x8 .pioenvs\bluepill_f103c8\lib24c\libcm.a(CmPin.o)
                0x080005f0                codal::_cm::Pin::getAnalogPeriodUs()
 .text._ZN5codal3_cm3Pin15setDigitalValueEi
                0x080005f8       0x80 .pioenvs\bluepill_f103c8\lib24c\libcm.a(CmPin.o)
                0x080005f8                codal::_cm::Pin::setDigitalValue(int)
 .text._ZN5codal3_cm3PinC2EhmmtNS_13PinCapabilityE
                0x08000678       0x50 .pioenvs\bluepill_f103c8\lib24c\libcm.a(CmPin.o)
                0x08000678                codal::_cm::Pin::Pin(unsigned char, unsigned long, unsigned long, unsigned short, codal::PinCapability)
                0x08000678                codal::_cm::Pin::Pin(unsigned char, unsigned long, unsigned long, unsigned short, codal::PinCapability)
 .text._ZN5codal3_cm6SerialD2Ev
                0x080006c8       0x14 .pioenvs\bluepill_f103c8\lib24c\libcm.a(CmSerial.o)
                0x080006c8                codal::_cm::Serial::~Serial()
                0x080006c8                codal::_cm::Serial::~Serial()
 .text._ZN5codal3_cm6SerialC2ERNS0_3PinES3_hh
                0x080006dc       0x4c .pioenvs\bluepill_f103c8\lib24c\libcm.a(CmSerial.o)
                0x080006dc                codal::_cm::Serial::Serial(codal::_cm::Pin&, codal::_cm::Pin&, unsigned char, unsigned char)
                0x080006dc                codal::_cm::Serial::Serial(codal::_cm::Pin&, codal::_cm::Pin&, unsigned char, unsigned char)
 .text._ZN5codal3_cm13tick_callbackEv
                0x08000728       0x10 .pioenvs\bluepill_f103c8\lib24c\libcm.a(CmTimer.o)
                0x08000728                codal::_cm::tick_callback()
 .text._ZN5codal3_cm5Timer4initEv
                0x08000738       0x18 .pioenvs\bluepill_f103c8\lib24c\libcm.a(CmTimer.o)
                0x08000738                codal::_cm::Timer::init()
 .text._ZN5codal3_cm5TimerC2Ev
                0x08000750       0x28 .pioenvs\bluepill_f103c8\lib24c\libcm.a(CmTimer.o)
                0x08000750                codal::_cm::Timer::Timer()
                0x08000750                codal::_cm::Timer::Timer()
 .text._ZL10timer_tickv
                0x08000778       0x10 .pioenvs\bluepill_f103c8\lib24c\libcm.a(codal_target_hal.o)
 .text._Z25stm32bluepill_dmesg_flushv
                0x08000788       0x38 .pioenvs\bluepill_f103c8\lib24c\libcm.a(codal_target_hal.o)
                0x08000788                stm32bluepill_dmesg_flush()
 .text.target_set_tick_callback
                0x080007c0        0xc .pioenvs\bluepill_f103c8\lib24c\libcm.a(codal_target_hal.o)
                0x080007c0                target_set_tick_callback
 .text.target_init
                0x080007cc       0x34 .pioenvs\bluepill_f103c8\lib24c\libcm.a(codal_target_hal.o)
                0x080007cc                target_init
 .text.target_enter_deep_sleep_standby_mode
                0x08000800       0x1c .pioenvs\bluepill_f103c8\lib24c\libcm.a(codal_target_hal.o)
                0x08000800                target_enter_deep_sleep_standby_mode
 .text.target_wait
                0x0800081c       0x24 .pioenvs\bluepill_f103c8\lib24c\libcm.a(codal_target_hal.o)
                0x0800081c                target_wait
 .text.target_panic
                0x08000840       0x20 .pioenvs\bluepill_f103c8\lib24c\libcm.a(codal_target_hal.o)
                0x08000840                target_panic
 .text.fiber_initial_stack_base
                0x08000860        0x8 .pioenvs\bluepill_f103c8\lib24c\libcm.a(codal_target_hal.o)
                0x08000860                fiber_initial_stack_base
 .text.test_codal
                0x08000868       0x5c .pioenvs\bluepill_f103c8\lib24c\libcm.a(codal_target_hal.o)
                0x08000868                test_codal
 .text._Z18component_callbackN5codal5EventE
                0x080008c4       0x58 .pioenvs\bluepill_f103c8\lib635\libcodal-core.a(CodalComponent.o)
                0x080008c4                component_callback(codal::Event)
 .text._ZN5codal10EventModel6listenEiiPFvNS_5EventEEt
                0x0800091c       0x60 .pioenvs\bluepill_f103c8\lib635\libcodal-core.a(CodalComponent.o)
                0x0800091c                codal::EventModel::listen(int, int, void (*)(codal::Event), unsigned short)
 .text._ZN5codal14CodalComponent12addComponentEv
                0x0800097c       0x70 .pioenvs\bluepill_f103c8\lib635\libcodal-core.a(CodalComponent.o)
                0x0800097c                codal::CodalComponent::addComponent()
 .text._ZN5codal14CodalComponent15removeComponentEv
                0x080009ec       0x20 .pioenvs\bluepill_f103c8\lib635\libcodal-core.a(CodalComponent.o)
                0x080009ec                codal::CodalComponent::removeComponent()
 .text.codal_dmesg_set_flush_fn
                0x08000a0c        0xc .pioenvs\bluepill_f103c8\lib635\libcodal-core.a(CodalDmesg.o)
                0x08000a0c                codal_dmesg_set_flush_fn
 .text.codal_dmesg_flush
                0x08000a18       0x10 .pioenvs\bluepill_f103c8\lib635\libcodal-core.a(CodalDmesg.o)
                0x08000a18                codal_dmesg_flush
 .text._ZN5codal14scheduler_tickENS_5EventE
                0x08000a28       0x54 .pioenvs\bluepill_f103c8\lib635\libcodal-core.a(CodalFiber.o)
                0x08000a28                codal::scheduler_tick(codal::Event)
 .text._ZN5codal15scheduler_eventENS_5EventE
                0x08000a7c       0xc0 .pioenvs\bluepill_f103c8\lib635\libcodal-core.a(CodalFiber.o)
                0x08000a7c                codal::scheduler_event(codal::Event)
 .text._Z15getFiberContextv
                0x08000b3c       0x50 .pioenvs\bluepill_f103c8\lib635\libcodal-core.a(CodalFiber.o)
                0x08000b3c                getFiberContext()
 .text._ZL10handle_fobv
                0x08000b8c       0x2c .pioenvs\bluepill_f103c8\lib635\libcodal-core.a(CodalFiber.o)
 .text._ZN5codal23fiber_scheduler_runningEv
                0x08000bb8       0x10 .pioenvs\bluepill_f103c8\lib635\libcodal-core.a(CodalFiber.o)
                0x08000bb8                codal::fiber_scheduler_running()
 .text._ZN5codal14scheduler_initERNS_10EventModelE
                0x08000bc8       0xb0 .pioenvs\bluepill_f103c8\lib635\libcodal-core.a(CodalFiber.o)
                0x08000bc8                codal::scheduler_init(codal::EventModel&)
 .text._ZN5codal19fiber_wake_on_eventEtt
                0x08000c78       0x5c .pioenvs\bluepill_f103c8\lib635\libcodal-core.a(CodalFiber.o)
                0x08000c78                codal::fiber_wake_on_event(unsigned short, unsigned short)
 .text._Z14__create_fibermmmi
                0x08000cd4       0x64 .pioenvs\bluepill_f103c8\lib635\libcodal-core.a(CodalFiber.o)
                0x08000cd4                __create_fiber(unsigned long, unsigned long, unsigned long, int)
 .text._ZN5codal17verify_stack_sizeEPNS_5FiberE
                0x08000d38       0x44 .pioenvs\bluepill_f103c8\lib635\libcodal-core.a(CodalFiber.o)
                0x08000d38                codal::verify_stack_size(codal::Fiber*)
 .text._ZN5codal24scheduler_runqueue_emptyEv
                0x08000d7c       0x10 .pioenvs\bluepill_f103c8\lib635\libcodal-core.a(CodalFiber.o)
                0x08000d7c                codal::scheduler_runqueue_empty()
 .text._ZN5codal4idleEv
                0x08000d8c       0x3c .pioenvs\bluepill_f103c8\lib635\libcodal-core.a(CodalFiber.o)
                0x08000d8c                codal::idle()
 .text._ZN5codal8scheduleEv
                0x08000dc8      0x108 .pioenvs\bluepill_f103c8\lib635\libcodal-core.a(CodalFiber.o)
                0x08000dc8                codal::schedule()
 .text._ZN5codal11fiber_sleepEm
                0x08000ed0       0x3c .pioenvs\bluepill_f103c8\lib635\libcodal-core.a(CodalFiber.o)
                0x08000ed0                codal::fiber_sleep(unsigned long)
 .text._ZN5codal13release_fiberEv
                0x08000f0c       0x6c .pioenvs\bluepill_f103c8\lib635\libcodal-core.a(CodalFiber.o)
                0x08000f0c                codal::release_fiber()
 .text._ZN5codal6invokeEPFvPvES0_
                0x08000f78       0x80 .pioenvs\bluepill_f103c8\lib635\libcodal-core.a(CodalFiber.o)
                0x08000f78                codal::invoke(void (*)(void*), void*)
 .text._Z18device_create_heapmm
                0x08000ff8       0x3c .pioenvs\bluepill_f103c8\lib635\libcodal-core.a(CodalHeapAllocator.o)
                0x08000ff8                device_create_heap(unsigned long, unsigned long)
 .text.device_malloc
                0x08001034       0x48 .pioenvs\bluepill_f103c8\lib635\libcodal-core.a(CodalHeapAllocator.o)
                0x08001034                device_malloc
                0x08001034                malloc
 .text.device_free
                0x0800107c       0x40 .pioenvs\bluepill_f103c8\lib635\libcodal-core.a(CodalHeapAllocator.o)
                0x0800107c                free
                0x0800107c                device_free
 .text._ZN5codal6SerialC2ERNS_3PinES2_hht
                0x080010bc       0x5c .pioenvs\bluepill_f103c8\lib635\libcodal-core.a(Serial.o)
                0x080010bc                codal::Serial::Serial(codal::Pin&, codal::Pin&, unsigned char, unsigned char, unsigned short)
                0x080010bc                codal::Serial::Serial(codal::Pin&, codal::Pin&, unsigned char, unsigned char, unsigned short)
 .text._ZN5codal6SerialD2Ev
                0x08001118       0x1c .pioenvs\bluepill_f103c8\lib635\libcodal-core.a(Serial.o)
                0x08001118                codal::Serial::~Serial()
                0x08001118                codal::Serial::~Serial()
 .text._ZN5codal5TimerC2Ev
                0x08001134       0x3c .pioenvs\bluepill_f103c8\lib635\libcodal-core.a(Timer.o)
                0x08001134                codal::Timer::Timer()
                0x08001134                codal::Timer::Timer()
 .text._ZN5codal25system_timer_current_timeEv
                0x08001170       0x14 .pioenvs\bluepill_f103c8\lib635\libcodal-core.a(Timer.o)
                0x08001170                codal::system_timer_current_time()
 .text._ZN5codal28system_timer_current_time_usEv
                0x08001184       0x14 .pioenvs\bluepill_f103c8\lib635\libcodal-core.a(Timer.o)
                0x08001184                codal::system_timer_current_time_us()
 .text._ZN5codal27system_timer_event_every_usEytt
                0x08001198       0x28 .pioenvs\bluepill_f103c8\lib635\libcodal-core.a(Timer.o)
                0x08001198                codal::system_timer_event_every_us(unsigned long long, unsigned short, unsigned short)
 .text._ZN5codal10EventModel4sendENS_5EventE
                0x080011c0       0x10 .pioenvs\bluepill_f103c8\lib635\libcodal-core.a(MessageBus.o)
                0x080011c0                codal::EventModel::send(codal::Event)
 .text._ZN5codal10EventModel3addEPNS_8ListenerE
                0x080011d0        0x8 .pioenvs\bluepill_f103c8\lib635\libcodal-core.a(MessageBus.o)
                0x080011d0                codal::EventModel::add(codal::Listener*)
 .text._ZN5codal10EventModel6removeEPNS_8ListenerE
                0x080011d8        0x8 .pioenvs\bluepill_f103c8\lib635\libcodal-core.a(MessageBus.o)
                0x080011d8                codal::EventModel::remove(codal::Listener*)
 .text._ZN5codal10MessageBus6removeEPNS_8ListenerE
                0x080011e0       0x70 .pioenvs\bluepill_f103c8\lib635\libcodal-core.a(MessageBus.o)
                0x080011e0                codal::MessageBus::remove(codal::Listener*)
 .text._ZN5codal10MessageBus3addEPNS_8ListenerE
                0x08001250       0xc0 .pioenvs\bluepill_f103c8\lib635\libcodal-core.a(MessageBus.o)
                0x08001250                codal::MessageBus::add(codal::Listener*)
 .text._ZN5codal10MessageBusD2Ev
                0x08001310       0x78 .pioenvs\bluepill_f103c8\lib635\libcodal-core.a(MessageBus.o)
                0x08001310                codal::MessageBus::~MessageBus()
                0x08001310                codal::MessageBus::~MessageBus()
 .text._ZN5codal10MessageBusC2Ev
                0x08001388       0xa8 .pioenvs\bluepill_f103c8\lib635\libcodal-core.a(MessageBus.o)
                0x08001388                codal::MessageBus::MessageBus()
                0x08001388                codal::MessageBus::MessageBus()
 .text._ZN5codal10MessageBus7processERNS_5EventEb
                0x08001430       0x88 .pioenvs\bluepill_f103c8\lib635\libcodal-core.a(MessageBus.o)
                0x08001430                codal::MessageBus::process(codal::Event&, bool)
 .text._ZN5codal19allocateNotifyEventEv
                0x080014b8       0x10 .pioenvs\bluepill_f103c8\lib635\libcodal-core.a(MessageBus.o)
                0x080014b8                codal::allocateNotifyEvent()
 .text._ZN5codal5Event4fireEv
                0x080014c8       0x28 .pioenvs\bluepill_f103c8\lib635\libcodal-core.a(Event.o)
                0x080014c8                codal::Event::fire()
 .text._ZN5codal13ManagedStringC2EPKcs
                0x080014f0       0x34 .pioenvs\bluepill_f103c8\lib635\libcodal-core.a(ManagedString.o)
                0x080014f0                codal::ManagedString::ManagedString(char const*, short)
                0x080014f0                codal::ManagedString::ManagedString(char const*, short)
 .text._ZN5codal13ManagedStringC2Ev
                0x08001524        0xc .pioenvs\bluepill_f103c8\lib635\libcodal-core.a(ManagedString.o)
                0x08001524                codal::ManagedString::ManagedString()
                0x08001524                codal::ManagedString::ManagedString()
 .text.startup._GLOBAL__sub_I__ZN5codal13ManagedString9initEmptyEv
                0x08001530       0x2c .pioenvs\bluepill_f103c8\lib635\libcodal-core.a(ManagedString.o)
 .text._ZN5codal13STM32BluePill4initEv
                0x0800155c       0x4c .pioenvs\bluepill_f103c8\libff7\libbluepill.a(STM32BluePill.o)
                0x0800155c                codal::STM32BluePill::init()
 .text._ZN5codal13STM32BluePillC2Ev
                0x080015a8       0x98 .pioenvs\bluepill_f103c8\libff7\libbluepill.a(STM32BluePill.o)
                0x080015a8                codal::STM32BluePill::STM32BluePill()
                0x080015a8                codal::STM32BluePill::STM32BluePill()
 .text._ZN5codal15STM32BluePillIOC2Ev
                0x08001640      0xaf0 .pioenvs\bluepill_f103c8\libff7\libbluepill.a(STM32BluePillIO.o)
                0x08001640                codal::STM32BluePillIO::STM32BluePillIO()
                0x08001640                codal::STM32BluePillIO::STM32BluePillIO()
 .text.platform_setup
                0x08002130       0x4c .pioenvs\bluepill_f103c8\libff7\libbluepill.a(bluepill.o)
                0x08002130                platform_setup
 .text.disable_debug
                0x0800217c       0x10 .pioenvs\bluepill_f103c8\libff7\libbluepill.a(bluepill.o)
                0x0800217c                disable_debug
 .text.led_setup
                0x0800218c       0x20 .pioenvs\bluepill_f103c8\libff7\libbluepill.a(led.o)
                0x0800218c                led_setup
 .text.led_on   0x080021ac       0x10 .pioenvs\bluepill_f103c8\libff7\libbluepill.a(led.o)
                0x080021ac                led_on
 .text.led_off  0x080021bc       0x10 .pioenvs\bluepill_f103c8\libff7\libbluepill.a(led.o)
                0x080021bc                led_off
 .text.led_wait
                0x080021cc       0x10 .pioenvs\bluepill_f103c8\libff7\libbluepill.a(led.o)
                0x080021cc                led_wait
 .text.platform_start_timer
                0x080021dc       0x88 .pioenvs\bluepill_f103c8\libff7\libbluepill.a(timer.o)
                0x080021dc                platform_start_timer
 .text.rtc_isr  0x08002264       0x40 .pioenvs\bluepill_f103c8\libff7\libbluepill.a(timer.o)
                0x08002264                rtc_isr
 .text.rtc_alarm_isr
                0x080022a4       0x20 .pioenvs\bluepill_f103c8\libff7\libbluepill.a(timer.o)
                0x080022a4                rtc_alarm_isr
 .text.platform_alarm_count
                0x080022c4        0xc .pioenvs\bluepill_f103c8\libff7\libbluepill.a(timer.o)
                0x080022c4                platform_alarm_count
 .text.usart2_isr
                0x080022d0       0x50 .pioenvs\bluepill_f103c8\lib492\libuartint.a(uartint.o)
                0x080022d0                usart2_isr
 .text.startup._GLOBAL__sub_I__ZN13UARTInterfaceC2Ejj
                0x08002320       0x10 .pioenvs\bluepill_f103c8\lib492\libuartint.a(uartint.o)
 .text.rcc_osc_on.part.0
                0x08002330       0x10 .pioenvs\bluepill_f103c8\libFrameworkLibOpenCM3.a(rcc.o)
 .text.rcc_wait_for_osc_ready
                0x08002340       0x64 .pioenvs\bluepill_f103c8\libFrameworkLibOpenCM3.a(rcc.o)
                0x08002340                rcc_wait_for_osc_ready
 .text.rcc_osc_on
                0x080023a4       0x54 .pioenvs\bluepill_f103c8\libFrameworkLibOpenCM3.a(rcc.o)
                0x080023a4                rcc_osc_on
 .text.rcc_set_sysclk_source
                0x080023f8       0x14 .pioenvs\bluepill_f103c8\libFrameworkLibOpenCM3.a(rcc.o)
                0x080023f8                rcc_set_sysclk_source
 .text.rcc_set_pll_multiplication_factor
                0x0800240c       0x14 .pioenvs\bluepill_f103c8\libFrameworkLibOpenCM3.a(rcc.o)
                0x0800240c                rcc_set_pll_multiplication_factor
 .text.rcc_set_pll_source
                0x08002420       0x14 .pioenvs\bluepill_f103c8\libFrameworkLibOpenCM3.a(rcc.o)
                0x08002420                rcc_set_pll_source
 .text.rcc_set_pllxtpre
                0x08002434       0x14 .pioenvs\bluepill_f103c8\libFrameworkLibOpenCM3.a(rcc.o)
                0x08002434                rcc_set_pllxtpre
 .text.rcc_enable_rtc_clock
                0x08002448       0x10 .pioenvs\bluepill_f103c8\libFrameworkLibOpenCM3.a(rcc.o)
                0x08002448                rcc_enable_rtc_clock
 .text.rcc_set_rtc_clock_source
                0x08002458       0x90 .pioenvs\bluepill_f103c8\libFrameworkLibOpenCM3.a(rcc.o)
                0x08002458                rcc_set_rtc_clock_source
 .text.rcc_set_adcpre
                0x080024e8       0x14 .pioenvs\bluepill_f103c8\libFrameworkLibOpenCM3.a(rcc.o)
                0x080024e8                rcc_set_adcpre
 .text.rcc_set_ppre2
                0x080024fc       0x14 .pioenvs\bluepill_f103c8\libFrameworkLibOpenCM3.a(rcc.o)
                0x080024fc                rcc_set_ppre2
 .text.rcc_set_ppre1
                0x08002510       0x14 .pioenvs\bluepill_f103c8\libFrameworkLibOpenCM3.a(rcc.o)
                0x08002510                rcc_set_ppre1
 .text.rcc_set_hpre
                0x08002524       0x14 .pioenvs\bluepill_f103c8\libFrameworkLibOpenCM3.a(rcc.o)
                0x08002524                rcc_set_hpre
 .text.rcc_clock_setup_in_hse_8mhz_out_72mhz
                0x08002538       0x8c .pioenvs\bluepill_f103c8\libFrameworkLibOpenCM3.a(rcc.o)
                0x08002538                rcc_clock_setup_in_hse_8mhz_out_72mhz
 .text.rtc_enter_config_mode
                0x080025c4       0x18 .pioenvs\bluepill_f103c8\libFrameworkLibOpenCM3.a(rtc.o)
                0x080025c4                rtc_enter_config_mode
 .text.rtc_exit_config_mode
                0x080025dc       0x18 .pioenvs\bluepill_f103c8\libFrameworkLibOpenCM3.a(rtc.o)
                0x080025dc                rtc_exit_config_mode
 .text.rtc_awake_from_off
                0x080025f4       0x6c .pioenvs\bluepill_f103c8\libFrameworkLibOpenCM3.a(rtc.o)
                0x080025f4                rtc_awake_from_off
 .text.rtc_set_alarm_time
                0x08002660       0x20 .pioenvs\bluepill_f103c8\libFrameworkLibOpenCM3.a(rtc.o)
                0x08002660                rtc_set_alarm_time
 .text.rtc_set_prescale_val
                0x08002680       0x20 .pioenvs\bluepill_f103c8\libFrameworkLibOpenCM3.a(rtc.o)
                0x08002680                rtc_set_prescale_val
 .text.rtc_get_counter_val
                0x080026a0       0x14 .pioenvs\bluepill_f103c8\libFrameworkLibOpenCM3.a(rtc.o)
                0x080026a0                rtc_get_counter_val
 .text.rtc_set_counter_val
                0x080026b4       0x1c .pioenvs\bluepill_f103c8\libFrameworkLibOpenCM3.a(rtc.o)
                0x080026b4                rtc_set_counter_val
 .text.rtc_interrupt_enable
                0x080026d0       0x3c .pioenvs\bluepill_f103c8\libFrameworkLibOpenCM3.a(rtc.o)
                0x080026d0                rtc_interrupt_enable
 .text.rtc_interrupt_disable
                0x0800270c       0x3c .pioenvs\bluepill_f103c8\libFrameworkLibOpenCM3.a(rtc.o)
                0x0800270c                rtc_interrupt_disable
 .text.rtc_clear_flag
                0x08002748       0x30 .pioenvs\bluepill_f103c8\libFrameworkLibOpenCM3.a(rtc.o)
                0x08002748                rtc_clear_flag
 .text.rtc_check_flag
                0x08002778       0x30 .pioenvs\bluepill_f103c8\libFrameworkLibOpenCM3.a(rtc.o)
                0x08002778                rtc_check_flag
 .text.pwr_disable_backup_domain_write_protect
                0x080027a8       0x10 .pioenvs\bluepill_f103c8\libFrameworkLibOpenCM3.a(pwr_common_all.o)
                0x080027a8                pwr_disable_backup_domain_write_protect
 .text.pwr_clear_wakeup_flag
                0x080027b8       0x10 .pioenvs\bluepill_f103c8\libFrameworkLibOpenCM3.a(pwr_common_all.o)
                0x080027b8                pwr_clear_wakeup_flag
 .text.pwr_set_standby_mode
                0x080027c8       0x10 .pioenvs\bluepill_f103c8\libFrameworkLibOpenCM3.a(pwr_common_all.o)
                0x080027c8                pwr_set_standby_mode
 .text.exti_set_trigger
                0x080027d8       0x3c .pioenvs\bluepill_f103c8\libFrameworkLibOpenCM3.a(exti_common_all.o)
                0x080027d8                exti_set_trigger
 .text.exti_enable_request
                0x08002814       0x14 .pioenvs\bluepill_f103c8\libFrameworkLibOpenCM3.a(exti_common_all.o)
                0x08002814                exti_enable_request
 .text.exti_reset_request
                0x08002828        0xc .pioenvs\bluepill_f103c8\libFrameworkLibOpenCM3.a(exti_common_all.o)
                0x08002828                exti_reset_request
 .text.flash_set_ws
                0x08002834       0x14 .pioenvs\bluepill_f103c8\libFrameworkLibOpenCM3.a(flash_common_f01.o)
                0x08002834                flash_set_ws
 .text.reset_handler
                0x08002848       0x90 .pioenvs\bluepill_f103c8\libFrameworkLibOpenCM3.a(vector.o)
                0x08002848                reset_handler
 .text._ZN5codal3_cm3I2CC2ERNS_3PinES3_
                0x080028d8       0x1c .pioenvs\bluepill_f103c8\lib24c\libcm.a(CmI2C.o)
                0x080028d8                codal::_cm::I2C::I2C(codal::Pin&, codal::Pin&)
                0x080028d8                codal::_cm::I2C::I2C(codal::Pin&, codal::Pin&)
 .text._ZN5codal3_cm3SPI4initEv
                0x080028f4       0x50 .pioenvs\bluepill_f103c8\lib24c\libcm.a(CmSPI.o)
                0x080028f4                codal::_cm::SPI::init()
 .text._ZN5codal3_cm3SPIC2ERNS0_3PinES3_S3_S3_
                0x08002944       0x9c .pioenvs\bluepill_f103c8\lib24c\libcm.a(CmSPI.o)
                0x08002944                codal::_cm::SPI::SPI(codal::_cm::Pin&, codal::_cm::Pin&, codal::_cm::Pin&, codal::_cm::Pin&)
                0x08002944                codal::_cm::SPI::SPI(codal::_cm::Pin&, codal::_cm::Pin&, codal::_cm::Pin&, codal::_cm::Pin&)
 .text.pinmap_peripheral
                0x080029e0       0x30 .pioenvs\bluepill_f103c8\lib24c\libcm.a(CmPinMap.o)
                0x080029e0                pinmap_peripheral
 .text.pinmap_mode
                0x08002a10       0x2c .pioenvs\bluepill_f103c8\lib24c\libcm.a(CmPinMap.o)
                0x08002a10                pinmap_mode
 .text.pinmap_cnf
                0x08002a3c       0x2c .pioenvs\bluepill_f103c8\lib24c\libcm.a(CmPinMap.o)
                0x08002a3c                pinmap_cnf
 .text._ZN5codal3I2CC2ERNS_3PinES2_
                0x08002a68        0xc .pioenvs\bluepill_f103c8\lib635\libcodal-core.a(I2C.o)
                0x08002a68                codal::I2C::I2C(codal::Pin&, codal::Pin&)
                0x08002a68                codal::I2C::I2C(codal::Pin&, codal::Pin&)
 .text._ZN5codal14CodalComponent16periodicCallbackEv
                0x08002a74        0x2 .pioenvs\bluepill_f103c8\src\main.o
                0x08002a74                codal::CodalComponent::periodicCallback()
 .text._ZN5codal14CodalComponent12idleCallbackEv
                0x08002a76        0x2 .pioenvs\bluepill_f103c8\src\main.o
                0x08002a76                codal::CodalComponent::idleCallback()
 .text._ZN5codal14CodalComponentD0Ev
                0x08002a78       0x12 .pioenvs\bluepill_f103c8\src\main.o
                0x08002a78                codal::CodalComponent::~CodalComponent()
 .text._Z10Blink_mainRN5codal13STM32BluePillE
                0x08002a8a       0x4a .pioenvs\bluepill_f103c8\src\main.o
                0x08002a8a                Blink_main(codal::STM32BluePill&)
 .text._ZN5codal13STM32BluePillD0Ev
                0x08002ad4       0x12 .pioenvs\bluepill_f103c8\src\main.o
                0x08002ad4                codal::STM32BluePill::~STM32BluePill()
 .text.debug_print
                0x08002ae6       0x1a .pioenvs\bluepill_f103c8\lib931\liblogger.a(logger.o)
                0x08002ae6                debug_print
 .text.strlen   0x08002b00       0x10 .pioenvs\bluepill_f103c8\liba13\libnewlib.a(strlen.o)
                0x08002b00                strlen
 .text.strncat  0x08002b10       0x28 .pioenvs\bluepill_f103c8\liba13\libnewlib.a(strncat.o)
                0x08002b10                strncat
 .text._ZN5codal3Pin15setServoPulseUsEm
                0x08002b38        0x6 .pioenvs\bluepill_f103c8\lib24c\libcm.a(CmPin.o)
                0x08002b38                codal::Pin::setServoPulseUs(unsigned long)
 .text._ZN5codal3Pin17setAnalogPeriodUsEm
                0x08002b3e        0x6 .pioenvs\bluepill_f103c8\lib24c\libcm.a(CmPin.o)
                0x08002b3e                codal::Pin::setAnalogPeriodUs(unsigned long)
 .text._ZN5codal3Pin8drainPinEv
                0x08002b44        0x6 .pioenvs\bluepill_f103c8\lib24c\libcm.a(CmPin.o)
                0x08002b44                codal::Pin::drainPin()
 .text._ZN5codal3_cm3Pin15getDigitalValueEv
                0x08002b4a        0x4 .pioenvs\bluepill_f103c8\lib24c\libcm.a(CmPin.o)
                0x08002b4a                codal::_cm::Pin::getDigitalValue()
 .text._ZN5codal3_cm3Pin15getDigitalValueENS_8PullModeE
                0x08002b4e       0x16 .pioenvs\bluepill_f103c8\lib24c\libcm.a(CmPin.o)
                0x08002b4e                codal::_cm::Pin::getDigitalValue(codal::PullMode)
 .text._ZN5codal3_cm3Pin14getAnalogValueEv
                0x08002b64        0x4 .pioenvs\bluepill_f103c8\lib24c\libcm.a(CmPin.o)
                0x08002b64                codal::_cm::Pin::getAnalogValue()
 .text._ZN5codal3_cm3Pin7isInputEv
                0x08002b68        0xe .pioenvs\bluepill_f103c8\lib24c\libcm.a(CmPin.o)
                0x08002b68                codal::_cm::Pin::isInput()
 .text._ZN5codal3_cm3Pin8isOutputEv
                0x08002b76        0xe .pioenvs\bluepill_f103c8\lib24c\libcm.a(CmPin.o)
                0x08002b76                codal::_cm::Pin::isOutput()
 .text._ZN5codal3_cm3Pin9isDigitalEv
                0x08002b84        0xc .pioenvs\bluepill_f103c8\lib24c\libcm.a(CmPin.o)
                0x08002b84                codal::_cm::Pin::isDigital()
 .text._ZN5codal3_cm3Pin8isAnalogEv
                0x08002b90        0xe .pioenvs\bluepill_f103c8\lib24c\libcm.a(CmPin.o)
                0x08002b90                codal::_cm::Pin::isAnalog()
 .text._ZN5codal3_cm3Pin15getAnalogPeriodEv
                0x08002b9e       0x12 .pioenvs\bluepill_f103c8\lib24c\libcm.a(CmPin.o)
                0x08002b9e                codal::_cm::Pin::getAnalogPeriod()
 .text._ZN5codal3_cm3Pin7setPullENS_8PullModeE
                0x08002bb0        0x6 .pioenvs\bluepill_f103c8\lib24c\libcm.a(CmPin.o)
                0x08002bb0                codal::_cm::Pin::setPull(codal::PullMode)
 .text._ZN5codal3_cm3Pin5setupEhh
                0x08002bb6       0x1e .pioenvs\bluepill_f103c8\lib24c\libcm.a(CmPin.o)
                0x08002bb6                codal::_cm::Pin::setup(unsigned char, unsigned char)
 .text._ZN5codal3_cm3Pin17setAnalogPeriodUsEi
                0x08002bd4       0x12 .pioenvs\bluepill_f103c8\lib24c\libcm.a(CmPin.o)
                0x08002bd4                codal::_cm::Pin::setAnalogPeriodUs(int)
 .text._ZN5codal3_cm3Pin15setAnalogPeriodEi
                0x08002be6        0xa .pioenvs\bluepill_f103c8\lib24c\libcm.a(CmPin.o)
                0x08002be6                codal::_cm::Pin::setAnalogPeriod(int)
 .text._ZN5codal3_cm3Pin13disableEventsEv
                0x08002bf0       0x10 .pioenvs\bluepill_f103c8\lib24c\libcm.a(CmPin.o)
                0x08002bf0                codal::_cm::Pin::disableEvents()
 .text._ZN5codal3_cm3Pin7eventOnEi
                0x08002c00       0x26 .pioenvs\bluepill_f103c8\lib24c\libcm.a(CmPin.o)
                0x08002c00                codal::_cm::Pin::eventOn(int)
 .text._ZN5codal3_cm6Serial15enableInterruptENS_19SerialInterruptTypeE
                0x08002c26        0x4 .pioenvs\bluepill_f103c8\lib24c\libcm.a(CmSerial.o)
                0x08002c26                codal::_cm::Serial::enableInterrupt(codal::SerialInterruptType)
 .text._ZN5codal3_cm6Serial16disableInterruptENS_19SerialInterruptTypeE
                0x08002c2a        0x4 .pioenvs\bluepill_f103c8\lib24c\libcm.a(CmSerial.o)
                0x08002c2a                codal::_cm::Serial::disableInterrupt(codal::SerialInterruptType)
 .text._ZN5codal3_cm6Serial11setBaudrateEm
                0x08002c2e        0x4 .pioenvs\bluepill_f103c8\lib24c\libcm.a(CmSerial.o)
                0x08002c2e                codal::_cm::Serial::setBaudrate(unsigned long)
 .text._ZN5codal3_cm6Serial13configurePinsERNS_3PinES3_
                0x08002c32        0x4 .pioenvs\bluepill_f103c8\lib24c\libcm.a(CmSerial.o)
                0x08002c32                codal::_cm::Serial::configurePins(codal::Pin&, codal::Pin&)
 .text._ZN5codal3_cm6Serial4putcEc
                0x08002c36        0x4 .pioenvs\bluepill_f103c8\lib24c\libcm.a(CmSerial.o)
                0x08002c36                codal::_cm::Serial::putc(char)
 .text._ZN5codal3_cm6Serial4getcEv
                0x08002c3a        0x6 .pioenvs\bluepill_f103c8\lib24c\libcm.a(CmSerial.o)
                0x08002c3a                codal::_cm::Serial::getc()
 .text._ZN5codal3_cm6SerialD0Ev
                0x08002c40       0x12 .pioenvs\bluepill_f103c8\lib24c\libcm.a(CmSerial.o)
                0x08002c40                codal::_cm::Serial::~Serial()
 .text._ZN5codal3_cm6Serial12initialiseRxEv
                0x08002c52       0x38 .pioenvs\bluepill_f103c8\lib24c\libcm.a(CmSerial.o)
                0x08002c52                codal::_cm::Serial::initialiseRx()
 .text._ZN5codal3_cm6Serial12circularCopyEPhhS2_tt
                0x08002c8a       0x26 .pioenvs\bluepill_f103c8\lib24c\libcm.a(CmSerial.o)
                0x08002c8a                codal::_cm::Serial::circularCopy(unsigned char*, unsigned char, unsigned char*, unsigned short, unsigned short)
 .text._ZN5codal3_cm6Serial7eventOnENS_13ManagedStringENS_10SerialModeE
                0x08002cb0       0x24 .pioenvs\bluepill_f103c8\lib24c\libcm.a(CmSerial.o)
                0x08002cb0                codal::_cm::Serial::eventOn(codal::ManagedString, codal::SerialMode)
 .text._ZN5codal3_cm6Serial9readUntilENS_13ManagedStringENS_10SerialModeE
                0x08002cd4      0x1a6 .pioenvs\bluepill_f103c8\lib24c\libcm.a(CmSerial.o)
                0x08002cd4                codal::_cm::Serial::readUntil(codal::ManagedString, codal::SerialMode)
 .text._ZN5codal3_cm5Timer9triggerInEy
                0x08002e7a        0x2 .pioenvs\bluepill_f103c8\lib24c\libcm.a(CmTimer.o)
                0x08002e7a                codal::_cm::Timer::triggerIn(unsigned long long)
 .text._ZN5codal3_cm5Timer11syncRequestEv
                0x08002e7c       0x28 .pioenvs\bluepill_f103c8\lib24c\libcm.a(CmTimer.o)
                0x08002e7c                codal::_cm::Timer::syncRequest()
 .text.target_disable_debug
                0x08002ea4        0x4 .pioenvs\bluepill_f103c8\lib24c\libcm.a(codal_target_hal.o)
                0x08002ea4                target_disable_debug
 .text.target_enable_irq
                0x08002ea8        0x4 .pioenvs\bluepill_f103c8\lib24c\libcm.a(codal_target_hal.o)
                0x08002ea8                target_enable_irq
 .text.target_disable_irq
                0x08002eac        0x4 .pioenvs\bluepill_f103c8\lib24c\libcm.a(codal_target_hal.o)
                0x08002eac                target_disable_irq
 .text.target_wait_for_event
                0x08002eb0        0xa .pioenvs\bluepill_f103c8\lib24c\libcm.a(codal_target_hal.o)
                0x08002eb0                target_wait_for_event
 .text.tcb_allocate
                0x08002eba        0x6 .pioenvs\bluepill_f103c8\lib24c\libcm.a(codal_target_hal.o)
                0x08002eba                tcb_allocate
 .text.tcb_configure_lr
                0x08002ec0        0x4 .pioenvs\bluepill_f103c8\lib24c\libcm.a(codal_target_hal.o)
                0x08002ec0                tcb_configure_lr
 .text.tcb_configure_sp
                0x08002ec4        0x4 .pioenvs\bluepill_f103c8\lib24c\libcm.a(codal_target_hal.o)
                0x08002ec4                tcb_configure_sp
 .text.tcb_configure_stack_base
                0x08002ec8        0x4 .pioenvs\bluepill_f103c8\lib24c\libcm.a(codal_target_hal.o)
                0x08002ec8                tcb_configure_stack_base
 .text.tcb_get_stack_base
                0x08002ecc        0x4 .pioenvs\bluepill_f103c8\lib24c\libcm.a(codal_target_hal.o)
                0x08002ecc                tcb_get_stack_base
 .text.get_current_sp
                0x08002ed0        0x4 .pioenvs\bluepill_f103c8\lib24c\libcm.a(codal_target_hal.o)
                0x08002ed0                get_current_sp
 .text.tcb_get_sp
                0x08002ed4        0x4 .pioenvs\bluepill_f103c8\lib24c\libcm.a(codal_target_hal.o)
                0x08002ed4                tcb_get_sp
 .text.tcb_configure_args
                0x08002ed8        0x8 .pioenvs\bluepill_f103c8\lib24c\libcm.a(codal_target_hal.o)
                0x08002ed8                tcb_configure_args
 .text._fini    0x08002ee0        0x2 .pioenvs\bluepill_f103c8\lib24c\libcm.a(codal_target_hal.o)
                0x08002ee0                _fini
 .text.__aeabi_atexit
                0x08002ee2        0x4 .pioenvs\bluepill_f103c8\lib24c\libcm.a(codal_target_hal.o)
                0x08002ee2                __aeabi_atexit
 .text._ZN5codal14string_reverseEPc
                0x08002ee6       0x2a .pioenvs\bluepill_f103c8\lib635\libcodal-core.a(CodalCompat.o)
                0x08002ee6                codal::string_reverse(char*)
 .text._ZN5codal4itoaEiPc
                0x08002f10       0x50 .pioenvs\bluepill_f103c8\lib635\libcodal-core.a(CodalCompat.o)
                0x08002f10                codal::itoa(int, char*)
 .text._ZN5codal11queue_fiberEPNS_5FiberEPS1_
                0x08002f60       0x2e .pioenvs\bluepill_f103c8\lib635\libcodal-core.a(CodalFiber.o)
                0x08002f60                codal::queue_fiber(codal::Fiber*, codal::Fiber**)
 .text._ZN5codal13dequeue_fiberEPNS_5FiberE
                0x08002f8e       0x34 .pioenvs\bluepill_f103c8\lib635\libcodal-core.a(CodalFiber.o)
                0x08002f8e                codal::dequeue_fiber(codal::Fiber*)
 .text._ZN5codal12create_fiberEPFvPvES0_S2_
                0x08002fc2       0x1e .pioenvs\bluepill_f103c8\lib635\libcodal-core.a(CodalFiber.o)
                0x08002fc2                codal::create_fiber(void (*)(void*), void*, void (*)(void*))
 .text._ZN5codal20fiber_wait_for_eventEtt
                0x08002fe0       0x12 .pioenvs\bluepill_f103c8\lib635\libcodal-core.a(CodalFiber.o)
                0x08002fe0                codal::fiber_wait_for_event(unsigned short, unsigned short)
 .text._ZN5codal16launch_new_fiberEPFvvES1_
                0x08002ff2       0x10 .pioenvs\bluepill_f103c8\lib635\libcodal-core.a(CodalFiber.o)
                0x08002ff2                codal::launch_new_fiber(void (*)(), void (*)())
 .text._ZN5codal13release_fiberEPv
                0x08003002       0x12 .pioenvs\bluepill_f103c8\lib635\libcodal-core.a(CodalFiber.o)
                0x08003002                codal::release_fiber(void*)
 .text._ZN5codal22launch_new_fiber_paramEPFvPvES2_S0_
                0x08003014       0x1a .pioenvs\bluepill_f103c8\lib635\libcodal-core.a(CodalFiber.o)
                0x08003014                codal::launch_new_fiber_param(void (*)(void*), void (*)(void*), void*)
 .text._ZN5codal9idle_taskEv
                0x0800302e        0xc .pioenvs\bluepill_f103c8\lib635\libcodal-core.a(CodalFiber.o)
                0x0800302e                codal::idle_task()
 .text._Z16device_malloc_injR14HeapDefinition
                0x0800303a       0x84 .pioenvs\bluepill_f103c8\lib635\libcodal-core.a(CodalHeapAllocator.o)
                0x0800303a                device_malloc_in(unsigned int, HeapDefinition&)
 .text._ZN5codal8ListenerC2EttPFvNS_5EventEEt
                0x080030be       0x28 .pioenvs\bluepill_f103c8\lib635\libcodal-core.a(CodalListener.o)
                0x080030be                codal::Listener::Listener(unsigned short, unsigned short, void (*)(codal::Event), unsigned short)
                0x080030be                codal::Listener::Listener(unsigned short, unsigned short, void (*)(codal::Event), unsigned short)
 .text._ZN5codal8ListenerD2Ev
                0x080030e6       0x14 .pioenvs\bluepill_f103c8\lib635\libcodal-core.a(CodalListener.o)
                0x080030e6                codal::Listener::~Listener()
                0x080030e6                codal::Listener::~Listener()
 .text._ZN5codal8Listener5queueENS_5EventE
                0x080030fa       0x7c .pioenvs\bluepill_f103c8\lib635\libcodal-core.a(CodalListener.o)
                0x080030fa                codal::Listener::queue(codal::Event)
 .text._ZN5codal6Serial12initialiseRxEv
                0x08003176       0x4c .pioenvs\bluepill_f103c8\lib635\libcodal-core.a(Serial.o)
                0x08003176                codal::Serial::initialiseRx()
 .text._ZN5codal6Serial12circularCopyEPhhS1_tt
                0x080031c2       0x26 .pioenvs\bluepill_f103c8\lib635\libcodal-core.a(Serial.o)
                0x080031c2                codal::Serial::circularCopy(unsigned char*, unsigned char, unsigned char*, unsigned short, unsigned short)
 .text._ZN5codal6Serial7eventOnENS_13ManagedStringENS_10SerialModeE
                0x080031e8       0x26 .pioenvs\bluepill_f103c8\lib635\libcodal-core.a(Serial.o)
                0x080031e8                codal::Serial::eventOn(codal::ManagedString, codal::SerialMode)
 .text._ZN5codal6Serial9readUntilENS_13ManagedStringENS_10SerialModeE
                0x0800320e      0x1a6 .pioenvs\bluepill_f103c8\lib635\libcodal-core.a(Serial.o)
                0x0800320e                codal::Serial::readUntil(codal::ManagedString, codal::SerialMode)
 .text._ZN5codal5Timer17disableInterruptsEv
                0x080033b4        0xa .pioenvs\bluepill_f103c8\lib635\libcodal-core.a(Timer.o)
                0x080033b4                codal::Timer::disableInterrupts()
 .text._ZN5codal5Timer16enableInterruptsEv
                0x080033be        0xa .pioenvs\bluepill_f103c8\lib635\libcodal-core.a(Timer.o)
                0x080033be                codal::Timer::enableInterrupts()
 .text._ZN5codal5Timer13getTimerEventEv
                0x080033c8       0x22 .pioenvs\bluepill_f103c8\lib635\libcodal-core.a(Timer.o)
                0x080033c8                codal::Timer::getTimerEvent()
 .text._ZN5codal5Timer17releaseTimerEventEPNS_10TimerEventE
                0x080033ea        0xe .pioenvs\bluepill_f103c8\lib635\libcodal-core.a(Timer.o)
                0x080033ea                codal::Timer::releaseTimerEvent(codal::TimerEvent*)
 .text._ZN5codal5Timer7getTimeEv
                0x080033f8       0x10 .pioenvs\bluepill_f103c8\lib635\libcodal-core.a(Timer.o)
                0x080033f8                codal::Timer::getTime()
 .text._ZN5codal5Timer9getTimeUsEv
                0x08003408       0x10 .pioenvs\bluepill_f103c8\lib635\libcodal-core.a(Timer.o)
                0x08003408                codal::Timer::getTimeUs()
 .text._ZN5codal5Timer8setEventEyttb
                0x08003418       0x88 .pioenvs\bluepill_f103c8\lib635\libcodal-core.a(Timer.o)
                0x08003418                codal::Timer::setEvent(unsigned long long, unsigned short, unsigned short, bool)
 .text._ZN5codal5Timer12eventEveryUsEytt
                0x080034a0       0x1c .pioenvs\bluepill_f103c8\lib635\libcodal-core.a(Timer.o)
                0x080034a0                codal::Timer::eventEveryUs(unsigned long long, unsigned short, unsigned short)
 .text._ZN5codal5Timer4syncEy
                0x080034bc       0x3e .pioenvs\bluepill_f103c8\lib635\libcodal-core.a(Timer.o)
                0x080034bc                codal::Timer::sync(unsigned long long)
 .text._ZN5codal5Timer7triggerEv
                0x080034fa       0xca .pioenvs\bluepill_f103c8\lib635\libcodal-core.a(Timer.o)
                0x080034fa                codal::Timer::trigger()
 .text._ZN5codal5TimerD2Ev
                0x080035c4        0x2 .pioenvs\bluepill_f103c8\lib635\libcodal-core.a(Timer.o)
                0x080035c4                codal::Timer::~Timer()
                0x080035c4                codal::Timer::~Timer()
 .text._ZN5codal10MessageBus9elementAtEi
                0x080035c6       0x10 .pioenvs\bluepill_f103c8\lib635\libcodal-core.a(MessageBus.o)
                0x080035c6                codal::MessageBus::elementAt(int)
 .text._ZN5codal22MemberFunctionCallback10methodCallINS_10MessageBusEEEvPvPmNS_5EventE
                0x080035d6       0x44 .pioenvs\bluepill_f103c8\lib635\libcodal-core.a(MessageBus.o)
                0x080035d6                void codal::MemberFunctionCallback::methodCall<codal::MessageBus>(void*, unsigned long*, codal::Event)
 .text._Z14async_callbackPv
                0x0800361a       0x98 .pioenvs\bluepill_f103c8\lib635\libcodal-core.a(MessageBus.o)
                0x0800361a                async_callback(void*)
 .text._ZThn8_N5codal10MessageBusD1Ev
                0x080036b2        0x8 .pioenvs\bluepill_f103c8\lib635\libcodal-core.a(MessageBus.o)
                0x080036b2                non-virtual thunk to codal::MessageBus::~MessageBus()
 .text._ZN5codal10MessageBusD0Ev
                0x080036ba       0x12 .pioenvs\bluepill_f103c8\lib635\libcodal-core.a(MessageBus.o)
                0x080036ba                codal::MessageBus::~MessageBus()
 .text._ZThn8_N5codal10MessageBusD0Ev
                0x080036cc        0x8 .pioenvs\bluepill_f103c8\lib635\libcodal-core.a(MessageBus.o)
                0x080036cc                non-virtual thunk to codal::MessageBus::~MessageBus()
 .text._ZN5codal10MessageBus12dequeueEventEv
                0x080036d4       0x22 .pioenvs\bluepill_f103c8\lib635\libcodal-core.a(MessageBus.o)
                0x080036d4                codal::MessageBus::dequeueEvent()
 .text._ZN5codal10MessageBus21deleteMarkedListenersEv
                0x080036f6       0x42 .pioenvs\bluepill_f103c8\lib635\libcodal-core.a(MessageBus.o)
                0x080036f6                codal::MessageBus::deleteMarkedListeners()
 .text._ZN5codal10MessageBus10queueEventERNS_5EventE
                0x08003738       0x6c .pioenvs\bluepill_f103c8\lib635\libcodal-core.a(MessageBus.o)
                0x08003738                codal::MessageBus::queueEvent(codal::Event&)
 .text._ZN5codal10MessageBus4sendENS_5EventE
                0x080037a4       0x18 .pioenvs\bluepill_f103c8\lib635\libcodal-core.a(MessageBus.o)
                0x080037a4                codal::MessageBus::send(codal::Event)
 .text._ZN5codal10MessageBus4idleENS_5EventE
                0x080037bc       0x3a .pioenvs\bluepill_f103c8\lib635\libcodal-core.a(MessageBus.o)
                0x080037bc                codal::MessageBus::idle(codal::Event)
 .text._ZN5codal5EventC2Ev
                0x080037f6       0x14 .pioenvs\bluepill_f103c8\lib635\libcodal-core.a(Event.o)
                0x080037f6                codal::Event::Event()
                0x080037f6                codal::Event::Event()
 .text._ZN5codal5EventC2EttNS_15EventLaunchModeE
                0x0800380a       0x1e .pioenvs\bluepill_f103c8\lib635\libcodal-core.a(Event.o)
                0x0800380a                codal::Event::Event(unsigned short, unsigned short, codal::EventLaunchMode)
                0x0800380a                codal::Event::Event(unsigned short, unsigned short, codal::EventLaunchMode)
 .text._ZN5codal5EventC2EttyNS_15EventLaunchModeE
                0x08003828       0x1e .pioenvs\bluepill_f103c8\lib635\libcodal-core.a(Event.o)
                0x08003828                codal::Event::Event(unsigned short, unsigned short, unsigned long long, codal::EventLaunchMode)
                0x08003828                codal::Event::Event(unsigned short, unsigned short, unsigned long long, codal::EventLaunchMode)
 .text._ZN5codal14EventQueueItemC2ENS_5EventE
                0x08003846       0x26 .pioenvs\bluepill_f103c8\lib635\libcodal-core.a(Event.o)
                0x08003846                codal::EventQueueItem::EventQueueItem(codal::Event)
                0x08003846                codal::EventQueueItem::EventQueueItem(codal::Event)
 .text._ZN5codal13ManagedStringD2Ev
                0x0800386c        0xe .pioenvs\bluepill_f103c8\lib635\libcodal-core.a(ManagedString.o)
                0x0800386c                codal::ManagedString::~ManagedString()
                0x0800386c                codal::ManagedString::~ManagedString()
 .text._ZN5codal13ManagedString10initStringEPKci
                0x0800387a       0x2e .pioenvs\bluepill_f103c8\lib635\libcodal-core.a(ManagedString.o)
                0x0800387a                codal::ManagedString::initString(char const*, int)
 .text._ZN5codal13ManagedStringC2Ei
                0x080038a8       0x22 .pioenvs\bluepill_f103c8\lib635\libcodal-core.a(ManagedString.o)
                0x080038a8                codal::ManagedString::ManagedString(int)
                0x080038a8                codal::ManagedString::ManagedString(int)
 .text._ZN5codal13ManagedStringC2ERKS0_
                0x080038ca       0x10 .pioenvs\bluepill_f103c8\lib635\libcodal-core.a(ManagedString.o)
                0x080038ca                codal::ManagedString::ManagedString(codal::ManagedString const&)
                0x080038ca                codal::ManagedString::ManagedString(codal::ManagedString const&)
 .text._ZN5codal13ManagedStringaSERKS0_
                0x080038da       0x1e .pioenvs\bluepill_f103c8\lib635\libcodal-core.a(ManagedString.o)
                0x080038da                codal::ManagedString::operator=(codal::ManagedString const&)
 .text._ZN5codal13ManagedString6charAtEs
                0x080038f8       0x18 .pioenvs\bluepill_f103c8\lib635\libcodal-core.a(ManagedString.o)
                0x080038f8                codal::ManagedString::charAt(short)
 .text._ZL16isReadOnlyInlinePN5codal10RefCountedE
                0x08003910       0x22 .pioenvs\bluepill_f103c8\lib635\libcodal-core.a(RefCounted.o)
 .text._ZN5codal10RefCounted4incrEv
                0x08003932       0x12 .pioenvs\bluepill_f103c8\lib635\libcodal-core.a(RefCounted.o)
                0x08003932                codal::RefCounted::incr()
 .text._ZN5codal10RefCounted4decrEv
                0x08003944       0x22 .pioenvs\bluepill_f103c8\lib635\libcodal-core.a(RefCounted.o)
                0x08003944                codal::RefCounted::decr()
 .text._ZN5codal10RefCounted7destroyEv
                0x08003966        0x4 .pioenvs\bluepill_f103c8\lib635\libcodal-core.a(RefCountedInit.o)
                0x08003966                codal::RefCounted::destroy()
 .text._ZN5codal10RefCounted4initEv
                0x0800396a        0x6 .pioenvs\bluepill_f103c8\lib635\libcodal-core.a(RefCountedInit.o)
                0x0800396a                codal::RefCounted::init()
 .text._ZN5codal22MemberFunctionCallback4fireENS_5EventE
                0x08003970       0x2c .pioenvs\bluepill_f103c8\lib635\libcodal-core.a(MemberFunctionCallback.o)
                0x08003970                codal::MemberFunctionCallback::fire(codal::Event)
 .text._ZN5codal22MemberFunctionCallbackeqERKS0_
                0x0800399c       0x20 .pioenvs\bluepill_f103c8\lib635\libcodal-core.a(MemberFunctionCallback.o)
                0x0800399c                codal::MemberFunctionCallback::operator==(codal::MemberFunctionCallback const&)
 .text._ZN5codal13STM32BluePill16periodicCallbackEv
                0x080039bc        0x2 .pioenvs\bluepill_f103c8\libff7\libbluepill.a(STM32BluePill.o)
                0x080039bc                codal::STM32BluePill::periodicCallback()
 .text._ZN5codal13STM32BluePill12idleCallbackEv
                0x080039be        0x4 .pioenvs\bluepill_f103c8\libff7\libbluepill.a(STM32BluePill.o)
                0x080039be                codal::STM32BluePill::idleCallback()
 .text._ZN5codal13STM32BluePill12disableDebugEv
                0x080039c2        0x4 .pioenvs\bluepill_f103c8\libff7\libbluepill.a(STM32BluePill.o)
                0x080039c2                codal::STM32BluePill::disableDebug()
 .text.__cxa_pure_virtual
                0x080039c6        0x8 .pioenvs\bluepill_f103c8\libff7\libbluepill.a(bluepill.o)
                0x080039c6                __cxa_pure_virtual
 .text._Znwj    0x080039ce        0x4 .pioenvs\bluepill_f103c8\libff7\libbluepill.a(bluepill.o)
                0x080039ce                operator new(unsigned int)
 .text._ZdlPv   0x080039d2        0x4 .pioenvs\bluepill_f103c8\libff7\libbluepill.a(bluepill.o)
                0x080039d2                operator delete(void*)
 .text.platform_set_alarm
                0x080039d6        0x4 .pioenvs\bluepill_f103c8\libff7\libbluepill.a(timer.o)
                0x080039d6                platform_set_alarm
 .text.millis   0x080039da        0x4 .pioenvs\bluepill_f103c8\libff7\libbluepill.a(timer.o)
                0x080039da                millis
 .text._ZN13UARTInterfaceC2Ejj
                0x080039de        0x2 .pioenvs\bluepill_f103c8\lib492\libuartint.a(uartint.o)
                0x080039de                UARTInterface::UARTInterface(unsigned int, unsigned int)
                0x080039de                UARTInterface::UARTInterface(unsigned int, unsigned int)
 .text.gpio_set_mode
                0x080039e0       0x62 .pioenvs\bluepill_f103c8\libFrameworkLibOpenCM3.a(gpio.o)
                0x080039e0                gpio_set_mode
 .text.gpio_set
                0x08003a42        0x4 .pioenvs\bluepill_f103c8\libFrameworkLibOpenCM3.a(gpio_common_all.o)
                0x08003a42                gpio_set
 .text.gpio_clear
                0x08003a46        0x6 .pioenvs\bluepill_f103c8\libFrameworkLibOpenCM3.a(gpio_common_all.o)
                0x08003a46                gpio_clear
 .text.usart_recv
                0x08003a4c        0x8 .pioenvs\bluepill_f103c8\libFrameworkLibOpenCM3.a(usart_common_f124.o)
                0x08003a4c                usart_recv
 .text.rcc_periph_clock_enable
                0x08003a54       0x1a .pioenvs\bluepill_f103c8\libFrameworkLibOpenCM3.a(rcc_common_all.o)
                0x08003a54                rcc_periph_clock_enable
 .text.blocking_handler
                0x08003a6e        0x2 .pioenvs\bluepill_f103c8\libFrameworkLibOpenCM3.a(vector.o)
                0x08003a6e                usart3_isr
                0x08003a6e                tim7_isr
                0x08003a6e                adc1_2_isr
                0x08003a6e                tim1_trg_com_isr
                0x08003a6e                usb_hp_can_tx_isr
                0x08003a6e                tim6_isr
                0x08003a6e                usb_wakeup_isr
                0x08003a6e                blocking_handler
                0x08003a6e                tim5_isr
                0x08003a6e                otg_fs_isr
                0x08003a6e                spi1_isr
                0x08003a6e                exti2_isr
                0x08003a6e                dma1_channel6_isr
                0x08003a6e                can_rx1_isr
                0x08003a6e                dma1_channel5_isr
                0x08003a6e                dma2_channel5_isr
                0x08003a6e                usart1_isr
                0x08003a6e                usage_fault_handler
                0x08003a6e                tim8_trg_com_isr
                0x08003a6e                can2_rx0_isr
                0x08003a6e                tim1_brk_isr
                0x08003a6e                can2_rx1_isr
                0x08003a6e                tim1_cc_isr
                0x08003a6e                sdio_isr
                0x08003a6e                eth_isr
                0x08003a6e                dma1_channel4_isr
                0x08003a6e                tim8_brk_isr
                0x08003a6e                dma2_channel4_5_isr
                0x08003a6e                pvd_isr
                0x08003a6e                rcc_isr
                0x08003a6e                flash_isr
                0x08003a6e                uart4_isr
                0x08003a6e                exti15_10_isr
                0x08003a6e                hard_fault_handler
                0x08003a6e                exti1_isr
                0x08003a6e                i2c1_ev_isr
                0x08003a6e                dma2_channel1_isr
                0x08003a6e                spi2_isr
                0x08003a6e                tim8_up_isr
                0x08003a6e                dma2_channel2_isr
                0x08003a6e                exti3_isr
                0x08003a6e                adc3_isr
                0x08003a6e                tim3_isr
                0x08003a6e                usb_lp_can_rx0_isr
                0x08003a6e                i2c2_er_isr
                0x08003a6e                i2c2_ev_isr
                0x08003a6e                uart5_isr
                0x08003a6e                fsmc_isr
                0x08003a6e                dma1_channel1_isr
                0x08003a6e                exti4_isr
                0x08003a6e                mem_manage_handler
                0x08003a6e                can2_tx_isr
                0x08003a6e                exti9_5_isr
                0x08003a6e                dma2_channel3_isr
                0x08003a6e                dma1_channel7_isr
                0x08003a6e                tim1_up_isr
                0x08003a6e                can2_sce_isr
                0x08003a6e                tim4_isr
                0x08003a6e                dma1_channel2_isr
                0x08003a6e                i2c1_er_isr
                0x08003a6e                can_sce_isr
                0x08003a6e                tim8_cc_isr
                0x08003a6e                tamper_isr
                0x08003a6e                eth_wkup_isr
                0x08003a6e                bus_fault_handler
                0x08003a6e                wwdg_isr
                0x08003a6e                dma1_channel3_isr
                0x08003a6e                spi3_isr
                0x08003a6e                tim2_isr
                0x08003a6e                exti0_isr
 .text.null_handler
                0x08003a70        0x2 .pioenvs\bluepill_f103c8\libFrameworkLibOpenCM3.a(vector.o)
                0x08003a70                sv_call_handler
                0x08003a70                pend_sv_handler
                0x08003a70                debug_monitor_handler
                0x08003a70                sys_tick_handler
                0x08003a70                nmi_handler
                0x08003a70                null_handler
 .text.nvic_enable_irq
                0x08003a72       0x1a .pioenvs\bluepill_f103c8\libFrameworkLibOpenCM3.a(nvic.o)
                0x08003a72                nvic_enable_irq
 .text.memcmp   0x08003a8c       0x1e .pioenvs\bluepill_f103c8\liba13\libnewlib.a(memcmp.o)
                0x08003a8c                memcmp
 .text.memcpy   0x08003aaa       0x1c .pioenvs\bluepill_f103c8\liba13\libnewlib.a(memcpy.o)
                0x08003aaa                memcpy
 .text.memset   0x08003ac6       0x10 .pioenvs\bluepill_f103c8\liba13\libnewlib.a(memset.o)
                0x08003ac6                memset
 .text._ZN5codal3_cm3I2C12setFrequencyEm
                0x08003ad6        0x4 .pioenvs\bluepill_f103c8\lib24c\libcm.a(CmI2C.o)
                0x08003ad6                codal::_cm::I2C::setFrequency(unsigned long)
 .text._ZN5codal3_cm3I2C5writeEtPhib
                0x08003ada        0x4 .pioenvs\bluepill_f103c8\lib24c\libcm.a(CmI2C.o)
                0x08003ada                codal::_cm::I2C::write(unsigned short, unsigned char*, int, bool)
                0x08003ada                codal::_cm::I2C::read(unsigned short, unsigned char*, int, bool)
 .text._ZN5codal3_cm3I2C12readRegisterEthPhib
                0x08003ade        0x4 .pioenvs\bluepill_f103c8\lib24c\libcm.a(CmI2C.o)
                0x08003ade                codal::_cm::I2C::readRegister(unsigned short, unsigned char, unsigned char*, int, bool)
 .text._ZN5codal3_cm3SPI12setFrequencyEm
                0x08003ae2        0xc .pioenvs\bluepill_f103c8\lib24c\libcm.a(CmSPI.o)
                0x08003ae2                codal::_cm::SPI::setFrequency(unsigned long)
 .text._ZN5codal3_cm3SPI5writeEi
                0x08003aee        0xe .pioenvs\bluepill_f103c8\lib24c\libcm.a(CmSPI.o)
                0x08003aee                codal::_cm::SPI::write(int)
 .text._ZN5codal3_cm3SPI8transferEPKhmPhm
                0x08003afc        0x4 .pioenvs\bluepill_f103c8\lib24c\libcm.a(CmSPI.o)
                0x08003afc                codal::_cm::SPI::transfer(unsigned char const*, unsigned long, unsigned char*, unsigned long)
 .text._ZN5codal3_cm3SPI7setModeEii
                0x08003b00       0x18 .pioenvs\bluepill_f103c8\lib24c\libcm.a(CmSPI.o)
                0x08003b00                codal::_cm::SPI::setMode(int, int)
 .text._ZN5codal3_cm16_codal_setup_pinEPNS0_3PinEmPK6PinMap
                0x08003b18       0x54 .pioenvs\bluepill_f103c8\lib24c\libcm.a(CmSPI.o)
                0x08003b18                codal::_cm::_codal_setup_pin(codal::_cm::Pin*, unsigned long, PinMap const*)
 .text._ZN5codal3_cm3SPI13startTransferEPKhmPhmPFvPvES5_
                0x08003b6c       0x28 .pioenvs\bluepill_f103c8\lib24c\libcm.a(CmSPI.o)
                0x08003b6c                codal::_cm::SPI::startTransfer(unsigned char const*, unsigned long, unsigned char*, unsigned long, void (*)(void*), void*)
 .text._ZN5codal3I2C12setFrequencyEm
                0x08003b94        0x6 .pioenvs\bluepill_f103c8\lib635\libcodal-core.a(I2C.o)
                0x08003b94                codal::I2C::setFrequency(unsigned long)
 .text._ZN5codal3I2C5startEv
                0x08003b9a        0x6 .pioenvs\bluepill_f103c8\lib635\libcodal-core.a(I2C.o)
                0x08003b9a                codal::I2C::start()
                0x08003b9a                codal::I2C::stop()
 .text._ZN5codal3I2C5writeEh
                0x08003ba0        0x6 .pioenvs\bluepill_f103c8\lib635\libcodal-core.a(I2C.o)
                0x08003ba0                codal::I2C::write(unsigned char)
                0x08003ba0                codal::I2C::read(codal::AcknowledgeType)
 .text._ZN5codal3I2C13writeRegisterEthh
                0x08003ba6       0x1c .pioenvs\bluepill_f103c8\lib635\libcodal-core.a(I2C.o)
                0x08003ba6                codal::I2C::writeRegister(unsigned short, unsigned char, unsigned char)
 .text._ZN5codal3I2C5writeEtPhib
                0x08003bc2       0x50 .pioenvs\bluepill_f103c8\lib635\libcodal-core.a(I2C.o)
                0x08003bc2                codal::I2C::write(unsigned short, unsigned char*, int, bool)
 .text._ZN5codal3I2C4readEtPhib
                0x08003c12       0x64 .pioenvs\bluepill_f103c8\lib635\libcodal-core.a(I2C.o)
                0x08003c12                codal::I2C::read(unsigned short, unsigned char*, int, bool)
 .text._ZN5codal3I2C5writeEth
                0x08003c76       0x1c .pioenvs\bluepill_f103c8\lib635\libcodal-core.a(I2C.o)
                0x08003c76                codal::I2C::write(unsigned short, unsigned char)
 .text._ZN5codal3I2C12readRegisterEthPhib
                0x08003c92       0x42 .pioenvs\bluepill_f103c8\lib635\libcodal-core.a(I2C.o)
                0x08003c92                codal::I2C::readRegister(unsigned short, unsigned char, unsigned char*, int, bool)
                0x08003cd4                . = ALIGN (0x4)
 *(SORT_BY_ALIGNMENT(.rodata*))
 .rodata._ZTVN5codal14CodalComponentE
                0x08003cd4       0x1c .pioenvs\bluepill_f103c8\src\main.o
                0x08003cd4                vtable for codal::CodalComponent
 .rodata._ZTVN5codal3_cm3PinE
                0x08003cf0       0x54 .pioenvs\bluepill_f103c8\lib24c\libcm.a(CmPin.o)
                0x08003cf0                vtable for codal::_cm::Pin
 .rodata._ZTVN5codal3_cm6SerialE
                0x08003d44       0x38 .pioenvs\bluepill_f103c8\lib24c\libcm.a(CmSerial.o)
                0x08003d44                vtable for codal::_cm::Serial
 .rodata._ZTVN5codal3_cm5TimerE
                0x08003d7c       0x18 .pioenvs\bluepill_f103c8\lib24c\libcm.a(CmTimer.o)
                0x08003d7c                vtable for codal::_cm::Timer
 .rodata._ZTVN5codal6SerialE
                0x08003d94       0x38 .pioenvs\bluepill_f103c8\lib635\libcodal-core.a(Serial.o)
                0x08003d94                vtable for codal::Serial
 .rodata._ZTVN5codal5TimerE
                0x08003dcc       0x18 .pioenvs\bluepill_f103c8\lib635\libcodal-core.a(Timer.o)
                0x08003dcc                vtable for codal::Timer
 .rodata._ZTVN5codal10EventModelE
                0x08003de4       0x14 .pioenvs\bluepill_f103c8\lib635\libcodal-core.a(MessageBus.o)
                0x08003de4                vtable for codal::EventModel
 .rodata._ZTVN5codal10MessageBusE
                0x08003df8       0x3c .pioenvs\bluepill_f103c8\lib635\libcodal-core.a(MessageBus.o)
                0x08003df8                vtable for codal::MessageBus
 .rodata._ZL9emptyData
                0x08003e34        0x4 .pioenvs\bluepill_f103c8\lib635\libcodal-core.a(ManagedString.o)
 .rodata._ZTVN5codal13STM32BluePillE
                0x08003e38       0x1c .pioenvs\bluepill_f103c8\libff7\libbluepill.a(STM32BluePill.o)
                0x08003e38                vtable for codal::STM32BluePill
 .rodata.PinMap_SPI_MISO
                0x08003e54       0x48 .pioenvs\bluepill_f103c8\libff7\libbluepill.a(STM32BluePillIO.o)
                0x08003e54                PinMap_SPI_MISO
 .rodata.PinMap_SPI_MOSI
                0x08003e9c       0x48 .pioenvs\bluepill_f103c8\libff7\libbluepill.a(STM32BluePillIO.o)
                0x08003e9c                PinMap_SPI_MOSI
 .rodata.PinMap_SPI_NSS
                0x08003ee4       0x48 .pioenvs\bluepill_f103c8\libff7\libbluepill.a(STM32BluePillIO.o)
                0x08003ee4                PinMap_SPI_NSS
 .rodata.PinMap_SPI_SCK
                0x08003f2c       0x48 .pioenvs\bluepill_f103c8\libff7\libbluepill.a(STM32BluePillIO.o)
                0x08003f2c                PinMap_SPI_SCK
 .rodata._ZTVN5codal3_cm3I2CE
                0x08003f74       0x2c .pioenvs\bluepill_f103c8\lib24c\libcm.a(CmI2C.o)
                0x08003f74                vtable for codal::_cm::I2C
 .rodata._ZTVN5codal3_cm3SPIE
                0x08003fa0       0x1c .pioenvs\bluepill_f103c8\lib24c\libcm.a(CmSPI.o)
                0x08003fa0                vtable for codal::_cm::SPI
 .rodata._ZTVN5codal3I2CE
                0x08003fbc       0x2c .pioenvs\bluepill_f103c8\lib635\libcodal-core.a(I2C.o)
                0x08003fbc                vtable for codal::I2C
 .rodata._Z10debug_dumpv.str1.1
                0x08003fe8        0xc .pioenvs\bluepill_f103c8\src\main.o
                                  0xd (size before relaxing)
 .rodata._Z11debug_printi.str1.1
                0x08003ff4        0x4 .pioenvs\bluepill_f103c8\lib931\liblogger.a(logger.o)
 .rodata._Z11debug_printj.str1.1
                0x08003ff8        0xb .pioenvs\bluepill_f103c8\lib931\liblogger.a(logger.o)
 .rodata.debug_println.str1.1
                0x08004003        0x2 .pioenvs\bluepill_f103c8\lib931\liblogger.a(logger.o)
 .rodata._ZN5codal3_cm3Pin15setDigitalValueEi.str1.1
                0x08004005       0x42 .pioenvs\bluepill_f103c8\lib24c\libcm.a(CmPin.o)
 .rodata._ZN5codal3_cm3PinC2EhmmtNS_13PinCapabilityE.str1.1
                0x08004047        0xa .pioenvs\bluepill_f103c8\lib24c\libcm.a(CmPin.o)
 .rodata._ZN5codal3_cm3PinC2Ei7PinNameNS_13PinCapabilityE.str1.1
                0x08004051        0xf .pioenvs\bluepill_f103c8\lib24c\libcm.a(CmPin.o)
                                 0x17 (size before relaxing)
 .rodata.target_panic.str1.1
                0x08004060       0x13 .pioenvs\bluepill_f103c8\lib24c\libcm.a(codal_target_hal.o)
 .rodata.target_wait.str1.1
                0x08004073       0x10 .pioenvs\bluepill_f103c8\lib24c\libcm.a(codal_target_hal.o)
 .rodata.test_codal.str1.1
                0x08004083       0x2d .pioenvs\bluepill_f103c8\lib24c\libcm.a(codal_target_hal.o)
 .rodata.platform_setup.str1.1
                0x080040b0       0x13 .pioenvs\bluepill_f103c8\libff7\libbluepill.a(bluepill.o)
 .rodata._ZN5codal3_cm3SPIC2ERNS0_3PinES3_S3_.str1.1
                0x080040c3       0x22 .pioenvs\bluepill_f103c8\lib24c\libcm.a(CmSPI.o)
                                 0x23 (size before relaxing)
 .rodata._ZN5codal3_cm3SPIC2ERNS0_3PinES3_S3_S3_.str1.1
                0x080040e5        0x6 .pioenvs\bluepill_f103c8\lib24c\libcm.a(CmSPI.o)
                                 0x10 (size before relaxing)
 .rodata.pinmap_cnf.str1.1
                0x080040eb       0x19 .pioenvs\bluepill_f103c8\lib24c\libcm.a(CmPinMap.o)
 .rodata.pinmap_mode.str1.1
                0x08004104       0x1a .pioenvs\bluepill_f103c8\lib24c\libcm.a(CmPinMap.o)
 .rodata.pinmap_peripheral.str1.1
                0x0800411e       0x20 .pioenvs\bluepill_f103c8\lib24c\libcm.a(CmPinMap.o)
                0x08004140                . = ALIGN (0x4)
 *fill*         0x0800413e        0x2 

.glue_7         0x08004140        0x0
 .glue_7        0x08004140        0x0 linker stubs

.glue_7t        0x08004140        0x0
 .glue_7t       0x08004140        0x0 linker stubs

.vfp11_veneer   0x08004140        0x0
 .vfp11_veneer  0x08004140        0x0 linker stubs

.v4_bx          0x08004140        0x0
 .v4_bx         0x08004140        0x0 linker stubs

.iplt           0x08004140        0x0
 .iplt          0x08004140        0x0 asm/CortexContextSwitch.s.o

.rel.dyn        0x08004140        0x0
 .rel.iplt      0x08004140        0x0 asm/CortexContextSwitch.s.o

.preinit_array  0x08004140        0x0
                0x08004140                . = ALIGN (0x4)
                0x08004140                __preinit_array_start = .
 *(SORT_BY_ALIGNMENT(.preinit_array))
                0x08004140                __preinit_array_end = .

.init_array     0x08004140       0x10
                0x08004140                . = ALIGN (0x4)
                0x08004140                __init_array_start = .
 *(SORT_BY_NAME(SORT_BY_ALIGNMENT(.init_array.*)))
 *(SORT_BY_ALIGNMENT(.init_array))
 .init_array    0x08004140        0x4 .pioenvs\bluepill_f103c8\src\main.o
 .init_array    0x08004144        0x4 .pioenvs\bluepill_f103c8\src\uart.o
 .init_array    0x08004148        0x4 .pioenvs\bluepill_f103c8\lib635\libcodal-core.a(ManagedString.o)
 .init_array    0x0800414c        0x4 .pioenvs\bluepill_f103c8\lib492\libuartint.a(uartint.o)
                0x08004150                __init_array_end = .

.fini_array     0x08004150        0x0
                0x08004150                . = ALIGN (0x4)
                0x08004150                __fini_array_start = .
 *(SORT_BY_ALIGNMENT(.fini_array))
 *(SORT_BY_NAME(SORT_BY_ALIGNMENT(.fini_array.*)))
                0x08004150                __fini_array_end = .

.ARM.extab
 *(SORT_BY_ALIGNMENT(.ARM.extab*))

.ARM.exidx      0x08004150        0x0
                0x08004150                __exidx_start = .
 *(SORT_BY_ALIGNMENT(.ARM.exidx*))
                0x08004150                __exidx_end = .
                0x08004150                . = ALIGN (0x4)
                0x08004150                _etext = .

.data           0x20000000       0x14 load address 0x08004150
                0x20000000                _data = .
 *(SORT_BY_ALIGNMENT(.data*))
 .data.codal_heap_start
                0x20000000        0x4 .pioenvs\bluepill_f103c8\lib24c\libcm.a(codal_target_hal.o)
                0x20000000                codal_heap_start
 .data.rcc_ahb_frequency
                0x20000004        0x4 .pioenvs\bluepill_f103c8\libFrameworkLibOpenCM3.a(rcc.o)
                0x20000004                rcc_ahb_frequency
 .data.rcc_apb1_frequency
                0x20000008        0x4 .pioenvs\bluepill_f103c8\libFrameworkLibOpenCM3.a(rcc.o)
                0x20000008                rcc_apb1_frequency
 .data.rcc_apb2_frequency
                0x2000000c        0x4 .pioenvs\bluepill_f103c8\libFrameworkLibOpenCM3.a(rcc.o)
                0x2000000c                rcc_apb2_frequency
 .data._ZL12userNotifyId
                0x20000010        0x2 .pioenvs\bluepill_f103c8\lib635\libcodal-core.a(MessageBus.o)
                0x20000014                . = ALIGN (0x4)
 *fill*         0x20000012        0x2 
                0x20000014                _edata = .
                0x08004150                _data_loadaddr = LOADADDR (.data)

.igot.plt       0x20000014        0x0 load address 0x08004164
 .igot.plt      0x20000014        0x0 asm/CortexContextSwitch.s.o

.bss            0x20000018     0x1720 load address 0x08004164
 *(SORT_BY_ALIGNMENT(.bss*))
 .bss.bluepill  0x20000018     0x1050 .pioenvs\bluepill_f103c8\src\main.o
                0x20000018                bluepill
 .bss.msgQList  0x20001068       0x20 .pioenvs\bluepill_f103c8\libd0a\libcocoOS_5.0.3.a(os_msgqueue.o)
 .bss.task_list
                0x20001088       0x8c .pioenvs\bluepill_f103c8\libd0a\libcocoOS_5.0.3.a(os_task.o)
 .bss._ZN5codal3_cm5Timer8instanceE
                0x20001114        0x4 .pioenvs\bluepill_f103c8\lib24c\libcm.a(CmTimer.o)
                0x20001114                codal::_cm::Timer::instance
 .bss._ZL13tick_callback
                0x20001118        0x4 .pioenvs\bluepill_f103c8\lib24c\libcm.a(codal_target_hal.o)
 .bss.__dso_handle
                0x2000111c        0x4 .pioenvs\bluepill_f103c8\lib24c\libcm.a(codal_target_hal.o)
                0x2000111c                __dso_handle
 .bss._ZN5codal14CodalComponent10componentsE
                0x20001120       0xf0 .pioenvs\bluepill_f103c8\lib635\libcodal-core.a(CodalComponent.o)
                0x20001120                codal::CodalComponent::components
 .bss._ZL14dmesg_flush_fn
                0x20001210        0x4 .pioenvs\bluepill_f103c8\lib635\libcodal-core.a(CodalDmesg.o)
 .bss.codalLogStore
                0x20001214      0x404 .pioenvs\bluepill_f103c8\lib635\libcodal-core.a(CodalDmesg.o)
                0x20001214                codalLogStore
 .bss._ZN5codal12currentFiberE
                0x20001618        0x4 .pioenvs\bluepill_f103c8\lib635\libcodal-core.a(CodalFiber.o)
                0x20001618                codal::currentFiber
 .bss._ZN5codalL10messageBusE
                0x2000161c        0x4 .pioenvs\bluepill_f103c8\lib635\libcodal-core.a(CodalFiber.o)
 .bss._ZN5codalL10sleepQueueE
                0x20001620        0x4 .pioenvs\bluepill_f103c8\lib635\libcodal-core.a(CodalFiber.o)
 .bss._ZN5codalL11forkedFiberE
                0x20001624        0x4 .pioenvs\bluepill_f103c8\lib635\libcodal-core.a(CodalFiber.o)
 .bss._ZN5codalL8runQueueE
                0x20001628        0x4 .pioenvs\bluepill_f103c8\lib635\libcodal-core.a(CodalFiber.o)
 .bss._ZN5codalL9fiberPoolE
                0x2000162c        0x4 .pioenvs\bluepill_f103c8\lib635\libcodal-core.a(CodalFiber.o)
 .bss._ZN5codalL9idleFiberE
                0x20001630        0x4 .pioenvs\bluepill_f103c8\lib635\libcodal-core.a(CodalFiber.o)
 .bss._ZN5codalL9waitQueueE
                0x20001634        0x4 .pioenvs\bluepill_f103c8\lib635\libcodal-core.a(CodalFiber.o)
 .bss.heap      0x20001638        0x8 .pioenvs\bluepill_f103c8\lib635\libcodal-core.a(CodalHeapAllocator.o)
                0x20001638                heap
 .bss._ZN5codal12system_timerE
                0x20001640        0x4 .pioenvs\bluepill_f103c8\lib635\libcodal-core.a(Timer.o)
                0x20001640                codal::system_timer
 .bss._ZN5codal10EventModel15defaultEventBusE
                0x20001644        0x4 .pioenvs\bluepill_f103c8\lib635\libcodal-core.a(Event.o)
                0x20001644                codal::EventModel::defaultEventBus
 .bss._ZN5codal13ManagedString11EmptyStringE
                0x20001648        0x4 .pioenvs\bluepill_f103c8\lib635\libcodal-core.a(ManagedString.o)
                0x20001648                codal::ManagedString::EmptyString
 .bss._ZL10alarmCount
                0x2000164c        0x4 .pioenvs\bluepill_f103c8\libff7\libbluepill.a(timer.o)
 .bss._ZL8tickFunc
                0x20001650        0x4 .pioenvs\bluepill_f103c8\libff7\libbluepill.a(timer.o)
 .bss._ZL9tickCount
                0x20001654        0x4 .pioenvs\bluepill_f103c8\libff7\libbluepill.a(timer.o)
 .bss._ZL13responseQueue
                0x20001658       0x6c .pioenvs\bluepill_f103c8\lib492\libuartint.a(uartint.o)
 .bss._ZN5codal3_cmL10_instancesE
                0x200016c4       0x10 .pioenvs\bluepill_f103c8\lib24c\libcm.a(CmSPI.o)
 .bss.serialPort
                0x200016d4        0x1 .pioenvs\bluepill_f103c8\src\uart.o
                0x200016d4                serialPort
 .bss._ZL10logEnabled
                0x200016d5        0x1 .pioenvs\bluepill_f103c8\lib931\liblogger.a(logger.o)
 .bss._ZL11debugBuffer
                0x200016d6       0x51 .pioenvs\bluepill_f103c8\lib931\liblogger.a(logger.o)
 .bss.nEvents   0x20001727        0x1 .pioenvs\bluepill_f103c8\libd0a\libcocoOS_5.0.3.a(os_event.o)
 .bss.nQueues   0x20001728        0x1 .pioenvs\bluepill_f103c8\libd0a\libcocoOS_5.0.3.a(os_msgqueue.o)
 .bss.nSemaphores
                0x20001729        0x1 .pioenvs\bluepill_f103c8\libd0a\libcocoOS_5.0.3.a(os_sem.o)
 .bss.nTasks    0x2000172a        0x1 .pioenvs\bluepill_f103c8\libd0a\libcocoOS_5.0.3.a(os_task.o)
 .bss._ZL11initialised
                0x2000172b        0x1 .pioenvs\bluepill_f103c8\lib24c\libcm.a(codal_target_hal.o)
 .bss._ZN5codal14CodalComponent13configurationE
                0x2000172c        0x1 .pioenvs\bluepill_f103c8\lib635\libcodal-core.a(CodalComponent.o)
                0x2000172c                codal::CodalComponent::configuration
 .bss._ZN5codalL11fiber_flagsE
                0x2000172d        0x1 .pioenvs\bluepill_f103c8\lib635\libcodal-core.a(CodalFiber.o)
 .bss._ZZ13device_mallocE11initialised
                0x2000172e        0x1 .pioenvs\bluepill_f103c8\lib635\libcodal-core.a(CodalHeapAllocator.o)
 .bss.heap_count
                0x2000172f        0x1 .pioenvs\bluepill_f103c8\lib635\libcodal-core.a(CodalHeapAllocator.o)
                0x2000172f                heap_count
 .bss._ZL12debugEnabled
                0x20001730        0x1 .pioenvs\bluepill_f103c8\libff7\libbluepill.a(bluepill.o)
 .bss._ZZ20platform_start_timerE12timerStarted
                0x20001731        0x1 .pioenvs\bluepill_f103c8\libff7\libbluepill.a(timer.o)
 *(SORT_BY_ALIGNMENT(COMMON))
 COMMON         0x20001732        0x3 .pioenvs\bluepill_f103c8\libd0a\libcocoOS_5.0.3.a(os_kernel.o)
                0x20001732                running_tid
                0x20001733                running
                0x20001734                last_running_task
                0x20001738                . = ALIGN (0x4)
 *fill*         0x20001735        0x3 
                0x20001738                _ebss = .

/DISCARD/
 *(SORT_BY_ALIGNMENT(.eh_frame))
                0x20001738                . = ALIGN (0x4)
                0x20001738                end = .
                0x20005000                PROVIDE (_stack, (ORIGIN (ram) + LENGTH (ram)))
OUTPUT(.pioenvs\bluepill_f103c8\firmware.elf elf32-littlearm)

.ARM.attributes
                0x00000000       0x2f
 .ARM.attributes
                0x00000000       0x21 asm/CortexContextSwitch.s.o
 .ARM.attributes
                0x00000021       0x33 .pioenvs\bluepill_f103c8\src\main.o
 .ARM.attributes
                0x00000054       0x33 .pioenvs\bluepill_f103c8\src\uart.o
 .ARM.attributes
                0x00000087       0x33 .pioenvs\bluepill_f103c8\lib931\liblogger.a(logger.o)
 .ARM.attributes
                0x000000ba       0x33 .pioenvs\bluepill_f103c8\liba13\libnewlib.a(strlen.o)
 .ARM.attributes
                0x000000ed       0x33 .pioenvs\bluepill_f103c8\liba13\libnewlib.a(strncat.o)
 .ARM.attributes
                0x00000120       0x33 .pioenvs\bluepill_f103c8\libd0a\libcocoOS_5.0.3.a(os_event.o)
 .ARM.attributes
                0x00000153       0x33 .pioenvs\bluepill_f103c8\libd0a\libcocoOS_5.0.3.a(os_kernel.o)
 .ARM.attributes
                0x00000186       0x33 .pioenvs\bluepill_f103c8\libd0a\libcocoOS_5.0.3.a(os_msgqueue.o)
 .ARM.attributes
                0x000001b9       0x33 .pioenvs\bluepill_f103c8\libd0a\libcocoOS_5.0.3.a(os_sem.o)
 .ARM.attributes
                0x000001ec       0x33 .pioenvs\bluepill_f103c8\libd0a\libcocoOS_5.0.3.a(os_task.o)
 .ARM.attributes
                0x0000021f       0x33 .pioenvs\bluepill_f103c8\lib24c\libcm.a(CmPin.o)
 .ARM.attributes
                0x00000252       0x33 .pioenvs\bluepill_f103c8\lib24c\libcm.a(CmSerial.o)
 .ARM.attributes
                0x00000285       0x33 .pioenvs\bluepill_f103c8\lib24c\libcm.a(CmTimer.o)
 .ARM.attributes
                0x000002b8       0x33 .pioenvs\bluepill_f103c8\lib24c\libcm.a(codal_target_hal.o)
 .ARM.attributes
                0x000002eb       0x33 .pioenvs\bluepill_f103c8\lib635\libcodal-core.a(CodalCompat.o)
 .ARM.attributes
                0x0000031e       0x33 .pioenvs\bluepill_f103c8\lib635\libcodal-core.a(CodalComponent.o)
 .ARM.attributes
                0x00000351       0x33 .pioenvs\bluepill_f103c8\lib635\libcodal-core.a(CodalDmesg.o)
 .ARM.attributes
                0x00000384       0x33 .pioenvs\bluepill_f103c8\lib635\libcodal-core.a(CodalFiber.o)
 .ARM.attributes
                0x000003b7       0x33 .pioenvs\bluepill_f103c8\lib635\libcodal-core.a(CodalHeapAllocator.o)
 .ARM.attributes
                0x000003ea       0x33 .pioenvs\bluepill_f103c8\lib635\libcodal-core.a(CodalListener.o)
 .ARM.attributes
                0x0000041d       0x33 .pioenvs\bluepill_f103c8\lib635\libcodal-core.a(Serial.o)
 .ARM.attributes
                0x00000450       0x33 .pioenvs\bluepill_f103c8\lib635\libcodal-core.a(Timer.o)
 .ARM.attributes
                0x00000483       0x33 .pioenvs\bluepill_f103c8\lib635\libcodal-core.a(MessageBus.o)
 .ARM.attributes
                0x000004b6       0x33 .pioenvs\bluepill_f103c8\lib635\libcodal-core.a(Event.o)
 .ARM.attributes
                0x000004e9       0x33 .pioenvs\bluepill_f103c8\lib635\libcodal-core.a(ManagedString.o)
 .ARM.attributes
                0x0000051c       0x33 .pioenvs\bluepill_f103c8\lib635\libcodal-core.a(RefCounted.o)
 .ARM.attributes
                0x0000054f       0x33 .pioenvs\bluepill_f103c8\lib635\libcodal-core.a(RefCountedInit.o)
 .ARM.attributes
                0x00000582       0x33 .pioenvs\bluepill_f103c8\lib635\libcodal-core.a(MemberFunctionCallback.o)
 .ARM.attributes
                0x000005b5       0x33 .pioenvs\bluepill_f103c8\libff7\libbluepill.a(STM32BluePill.o)
 .ARM.attributes
                0x000005e8       0x33 .pioenvs\bluepill_f103c8\libff7\libbluepill.a(STM32BluePillIO.o)
 .ARM.attributes
                0x0000061b       0x33 .pioenvs\bluepill_f103c8\libff7\libbluepill.a(bluepill.o)
 .ARM.attributes
                0x0000064e       0x33 .pioenvs\bluepill_f103c8\libff7\libbluepill.a(led.o)
 .ARM.attributes
                0x00000681       0x33 .pioenvs\bluepill_f103c8\libff7\libbluepill.a(timer.o)
 .ARM.attributes
                0x000006b4       0x33 .pioenvs\bluepill_f103c8\lib492\libuartint.a(uartint.o)
 .ARM.attributes
                0x000006e7       0x33 .pioenvs\bluepill_f103c8\libFrameworkLibOpenCM3.a(gpio.o)
 .ARM.attributes
                0x0000071a       0x33 .pioenvs\bluepill_f103c8\libFrameworkLibOpenCM3.a(rcc.o)
 .ARM.attributes
                0x0000074d       0x33 .pioenvs\bluepill_f103c8\libFrameworkLibOpenCM3.a(rtc.o)
 .ARM.attributes
                0x00000780       0x33 .pioenvs\bluepill_f103c8\libFrameworkLibOpenCM3.a(gpio_common_all.o)
 .ARM.attributes
                0x000007b3       0x33 .pioenvs\bluepill_f103c8\libFrameworkLibOpenCM3.a(pwr_common_all.o)
 .ARM.attributes
                0x000007e6       0x33 .pioenvs\bluepill_f103c8\libFrameworkLibOpenCM3.a(usart_common_f124.o)
 .ARM.attributes
                0x00000819       0x33 .pioenvs\bluepill_f103c8\libFrameworkLibOpenCM3.a(rcc_common_all.o)
 .ARM.attributes
                0x0000084c       0x33 .pioenvs\bluepill_f103c8\libFrameworkLibOpenCM3.a(exti_common_all.o)
 .ARM.attributes
                0x0000087f       0x33 .pioenvs\bluepill_f103c8\libFrameworkLibOpenCM3.a(flash_common_f01.o)
 .ARM.attributes
                0x000008b2       0x33 .pioenvs\bluepill_f103c8\libFrameworkLibOpenCM3.a(vector.o)
 .ARM.attributes
                0x000008e5       0x33 .pioenvs\bluepill_f103c8\libFrameworkLibOpenCM3.a(nvic.o)
 .ARM.attributes
                0x00000918       0x33 .pioenvs\bluepill_f103c8\liba13\libnewlib.a(memcmp.o)
 .ARM.attributes
                0x0000094b       0x33 .pioenvs\bluepill_f103c8\liba13\libnewlib.a(memcpy.o)
 .ARM.attributes
                0x0000097e       0x33 .pioenvs\bluepill_f103c8\liba13\libnewlib.a(memset.o)
 .ARM.attributes
                0x000009b1       0x33 .pioenvs\bluepill_f103c8\lib24c\libcm.a(CmI2C.o)
 .ARM.attributes
                0x000009e4       0x33 .pioenvs\bluepill_f103c8\lib24c\libcm.a(CmSPI.o)
 .ARM.attributes
                0x00000a17       0x33 .pioenvs\bluepill_f103c8\lib24c\libcm.a(CmPinMap.o)
 .ARM.attributes
                0x00000a4a       0x33 .pioenvs\bluepill_f103c8\lib635\libcodal-core.a(I2C.o)

.comment        0x00000000       0x7e
 .comment       0x00000000       0x7e .pioenvs\bluepill_f103c8\src\main.o
                                 0x7f (size before relaxing)
 .comment       0x0000007e       0x7f .pioenvs\bluepill_f103c8\src\uart.o
 .comment       0x0000007e       0x7f .pioenvs\bluepill_f103c8\lib931\liblogger.a(logger.o)
 .comment       0x0000007e       0x7f .pioenvs\bluepill_f103c8\liba13\libnewlib.a(strlen.o)
 .comment       0x0000007e       0x7f .pioenvs\bluepill_f103c8\liba13\libnewlib.a(strncat.o)
 .comment       0x0000007e       0x7f .pioenvs\bluepill_f103c8\libd0a\libcocoOS_5.0.3.a(os_event.o)
 .comment       0x0000007e       0x7f .pioenvs\bluepill_f103c8\libd0a\libcocoOS_5.0.3.a(os_kernel.o)
 .comment       0x0000007e       0x7f .pioenvs\bluepill_f103c8\libd0a\libcocoOS_5.0.3.a(os_msgqueue.o)
 .comment       0x0000007e       0x7f .pioenvs\bluepill_f103c8\libd0a\libcocoOS_5.0.3.a(os_sem.o)
 .comment       0x0000007e       0x7f .pioenvs\bluepill_f103c8\libd0a\libcocoOS_5.0.3.a(os_task.o)
 .comment       0x0000007e       0x7f .pioenvs\bluepill_f103c8\lib24c\libcm.a(CmPin.o)
 .comment       0x0000007e       0x7f .pioenvs\bluepill_f103c8\lib24c\libcm.a(CmSerial.o)
 .comment       0x0000007e       0x7f .pioenvs\bluepill_f103c8\lib24c\libcm.a(CmTimer.o)
 .comment       0x0000007e       0x7f .pioenvs\bluepill_f103c8\lib24c\libcm.a(codal_target_hal.o)
 .comment       0x0000007e       0x7f .pioenvs\bluepill_f103c8\lib635\libcodal-core.a(CodalCompat.o)
 .comment       0x0000007e       0x7f .pioenvs\bluepill_f103c8\lib635\libcodal-core.a(CodalComponent.o)
 .comment       0x0000007e       0x7f .pioenvs\bluepill_f103c8\lib635\libcodal-core.a(CodalDmesg.o)
 .comment       0x0000007e       0x7f .pioenvs\bluepill_f103c8\lib635\libcodal-core.a(CodalFiber.o)
 .comment       0x0000007e       0x7f .pioenvs\bluepill_f103c8\lib635\libcodal-core.a(CodalHeapAllocator.o)
 .comment       0x0000007e       0x7f .pioenvs\bluepill_f103c8\lib635\libcodal-core.a(CodalListener.o)
 .comment       0x0000007e       0x7f .pioenvs\bluepill_f103c8\lib635\libcodal-core.a(Serial.o)
 .comment       0x0000007e       0x7f .pioenvs\bluepill_f103c8\lib635\libcodal-core.a(Timer.o)
 .comment       0x0000007e       0x7f .pioenvs\bluepill_f103c8\lib635\libcodal-core.a(MessageBus.o)
 .comment       0x0000007e       0x7f .pioenvs\bluepill_f103c8\lib635\libcodal-core.a(Event.o)
 .comment       0x0000007e       0x7f .pioenvs\bluepill_f103c8\lib635\libcodal-core.a(ManagedString.o)
 .comment       0x0000007e       0x7f .pioenvs\bluepill_f103c8\lib635\libcodal-core.a(RefCounted.o)
 .comment       0x0000007e       0x7f .pioenvs\bluepill_f103c8\lib635\libcodal-core.a(RefCountedInit.o)
 .comment       0x0000007e       0x7f .pioenvs\bluepill_f103c8\lib635\libcodal-core.a(MemberFunctionCallback.o)
 .comment       0x0000007e       0x7f .pioenvs\bluepill_f103c8\libff7\libbluepill.a(STM32BluePill.o)
 .comment       0x0000007e       0x7f .pioenvs\bluepill_f103c8\libff7\libbluepill.a(STM32BluePillIO.o)
 .comment       0x0000007e       0x7f .pioenvs\bluepill_f103c8\libff7\libbluepill.a(bluepill.o)
 .comment       0x0000007e       0x7f .pioenvs\bluepill_f103c8\libff7\libbluepill.a(led.o)
 .comment       0x0000007e       0x7f .pioenvs\bluepill_f103c8\libff7\libbluepill.a(timer.o)
 .comment       0x0000007e       0x7f .pioenvs\bluepill_f103c8\lib492\libuartint.a(uartint.o)
 .comment       0x0000007e       0x7f .pioenvs\bluepill_f103c8\libFrameworkLibOpenCM3.a(gpio.o)
 .comment       0x0000007e       0x7f .pioenvs\bluepill_f103c8\libFrameworkLibOpenCM3.a(rcc.o)
 .comment       0x0000007e       0x7f .pioenvs\bluepill_f103c8\libFrameworkLibOpenCM3.a(rtc.o)
 .comment       0x0000007e       0x7f .pioenvs\bluepill_f103c8\libFrameworkLibOpenCM3.a(gpio_common_all.o)
 .comment       0x0000007e       0x7f .pioenvs\bluepill_f103c8\libFrameworkLibOpenCM3.a(pwr_common_all.o)
 .comment       0x0000007e       0x7f .pioenvs\bluepill_f103c8\libFrameworkLibOpenCM3.a(usart_common_f124.o)
 .comment       0x0000007e       0x7f .pioenvs\bluepill_f103c8\libFrameworkLibOpenCM3.a(rcc_common_all.o)
 .comment       0x0000007e       0x7f .pioenvs\bluepill_f103c8\libFrameworkLibOpenCM3.a(exti_common_all.o)
 .comment       0x0000007e       0x7f .pioenvs\bluepill_f103c8\libFrameworkLibOpenCM3.a(flash_common_f01.o)
 .comment       0x0000007e       0x7f .pioenvs\bluepill_f103c8\libFrameworkLibOpenCM3.a(vector.o)
 .comment       0x0000007e       0x7f .pioenvs\bluepill_f103c8\libFrameworkLibOpenCM3.a(nvic.o)
 .comment       0x0000007e       0x7f .pioenvs\bluepill_f103c8\liba13\libnewlib.a(memcmp.o)
 .comment       0x0000007e       0x7f .pioenvs\bluepill_f103c8\liba13\libnewlib.a(memcpy.o)
 .comment       0x0000007e       0x7f .pioenvs\bluepill_f103c8\liba13\libnewlib.a(memset.o)
 .comment       0x0000007e       0x7f .pioenvs\bluepill_f103c8\lib24c\libcm.a(CmI2C.o)
 .comment       0x0000007e       0x7f .pioenvs\bluepill_f103c8\lib24c\libcm.a(CmSPI.o)
 .comment       0x0000007e       0x7f .pioenvs\bluepill_f103c8\lib24c\libcm.a(CmPinMap.o)
 .comment       0x0000007e       0x7f .pioenvs\bluepill_f103c8\lib635\libcodal-core.a(I2C.o)

.debug_line     0x00000000      0x10e
 .debug_line    0x00000000      0x10e asm/CortexContextSwitch.s.o

.debug_info     0x00000000       0x26
 .debug_info    0x00000000       0x26 asm/CortexContextSwitch.s.o

.debug_abbrev   0x00000000       0x14
 .debug_abbrev  0x00000000       0x14 asm/CortexContextSwitch.s.o

.debug_aranges  0x00000000       0x20
 .debug_aranges