Archive member included to satisfy reference by file (symbol)

.pioenvs/bluepill_f103c8/libd9b/liblogger.a(logger.o)
                              .pioenvs/bluepill_f103c8/libccd/hal/codal_target_hal.o (debug_flush)
.pioenvs/bluepill_f103c8/libd88/libnano-float.a(functions.o)
                              .pioenvs/bluepill_f103c8/src/aggregate.o (pow)
.pioenvs/bluepill_f103c8/lib98a/libnewlib.a(strlen.o)
                              .pioenvs/bluepill_f103c8/src/aggregate.o (strlen)
.pioenvs/bluepill_f103c8/lib98a/libnewlib.a(strncat.o)
                              .pioenvs/bluepill_f103c8/src/wisol.o (strncat)
.pioenvs/bluepill_f103c8/lib98a/libnewlib.a(strncmp.o)
                              .pioenvs/bluepill_f103c8/src/aggregate.o (strncmp)
.pioenvs/bluepill_f103c8/lib98a/libnewlib.a(strncpy.o)
                              .pioenvs/bluepill_f103c8/src/aggregate.o (strncpy)
.pioenvs/bluepill_f103c8/lib98a/libnewlib.a(strstr.o)
                              .pioenvs/bluepill_f103c8/src/wisol.o (strstr)
.pioenvs/bluepill_f103c8/lib271/libbluepill.a(bluepill.o)
                              .pioenvs/bluepill_f103c8/libccd/hal/codal_target_hal.o (platform_setup)
.pioenvs/bluepill_f103c8/lib271/libbluepill.a(led.o)
                              .pioenvs/bluepill_f103c8/lib271/libbluepill.a(bluepill.o) (led_setup)
.pioenvs/bluepill_f103c8/lib271/libbluepill.a(timer.o)
                              .pioenvs/bluepill_f103c8/libccd/hal/codal_target_hal.o (platform_start_timer)
.pioenvs/bluepill_f103c8/libb45/libbootloader.a(bootloader.o)
                              .pioenvs/bluepill_f103c8/libccd/hal/reset_handler.o (bootloader_start)
.pioenvs/bluepill_f103c8/libb45/libbootloader.a(target_stm32f103.o)
                              .pioenvs/bluepill_f103c8/libb45/libbootloader.a(bootloader.o) (target_get_startup_mode)
.pioenvs/bluepill_f103c8/libb45/libbootloader.a(usb_conf.o)
                              .pioenvs/bluepill_f103c8/libb45/libbootloader.a(bootloader.o) (usb_setup)
.pioenvs/bluepill_f103c8/libb45/libbootloader.a(webusb.o)
                              .pioenvs/bluepill_f103c8/libb45/libbootloader.a(usb_conf.o) (webusb_setup)
.pioenvs/bluepill_f103c8/libb45/libbootloader.a(winusb.o)
                              .pioenvs/bluepill_f103c8/libb45/libbootloader.a(usb_conf.o) (winusb_setup)
.pioenvs/bluepill_f103c8/libb45/libbootloader.a(cdc.o)
                              .pioenvs/bluepill_f103c8/libb45/libbootloader.a(usb_conf.o) (cdc_setup)
.pioenvs/bluepill_f103c8/libb45/libbootloader.a(hf2.o)
                              .pioenvs/bluepill_f103c8/libb45/libbootloader.a(usb_conf.o) (hf2_setup)
.pioenvs/bluepill_f103c8/libb45/libbootloader.a(backup.o)
                              .pioenvs/bluepill_f103c8/libb45/libbootloader.a(target_stm32f103.o) (backup_write)
.pioenvs/bluepill_f103c8/libb45/libbootloader.a(usb21_standard.o)
                              .pioenvs/bluepill_f103c8/libb45/libbootloader.a(usb_conf.o) (usb21_setup)
.pioenvs/bluepill_f103c8/libb45/libbootloader.a(ghostfat.o)
                              .pioenvs/bluepill_f103c8/libb45/libbootloader.a(hf2.o) (flash_write)
.pioenvs/bluepill_f103c8/libea7/libcocoOS_5.0.3.a(os_cbk.o)
                              .pioenvs/bluepill_f103c8/libccd/hal/codal_target_hal.o (os_cbkSleep)
.pioenvs/bluepill_f103c8/libea7/libcocoOS_5.0.3.a(os_event.o)
                              .pioenvs/bluepill_f103c8/src/wisol.o (event_create)
.pioenvs/bluepill_f103c8/libea7/libcocoOS_5.0.3.a(os_kernel.o)
                              .pioenvs/bluepill_f103c8/libccd/hal/codal_target_hal.o (running_tid)
.pioenvs/bluepill_f103c8/libea7/libcocoOS_5.0.3.a(os_msgqueue.o)
                              .pioenvs/bluepill_f103c8/libea7/libcocoOS_5.0.3.a(os_kernel.o) (os_msgQ_init)
.pioenvs/bluepill_f103c8/libea7/libcocoOS_5.0.3.a(os_sem.o)
                              .pioenvs/bluepill_f103c8/libea7/libcocoOS_5.0.3.a(os_kernel.o) (os_sem_init)
.pioenvs/bluepill_f103c8/libea7/libcocoOS_5.0.3.a(os_task.o)
                              .pioenvs/bluepill_f103c8/libea7/libcocoOS_5.0.3.a(os_kernel.o) (os_task_init)
.pioenvs/bluepill_f103c8/libea7/libcocoOS_5.0.3.a(os_assert.o)
                              .pioenvs/bluepill_f103c8/libea7/libcocoOS_5.0.3.a(os_event.o) (os_on_assert)
.pioenvs/bluepill_f103c8/lib3e7/libcodal-core.a(CodalComponent.o)
                              .pioenvs/bluepill_f103c8/src/main.o (codal::CodalComponent::removeComponent())
.pioenvs/bluepill_f103c8/lib3e7/libcodal-core.a(CodalDmesg.o)
                              .pioenvs/bluepill_f103c8/libccd/hal/codal_target_hal.o (codalLogStore)
.pioenvs/bluepill_f103c8/lib3e7/libcodal-core.a(CodalFiber.o)
                              .pioenvs/bluepill_f103c8/src/main.o (codal::fiber_sleep(unsigned long))
.pioenvs/bluepill_f103c8/lib3e7/libcodal-core.a(CodalHeapAllocator.o)
                              .pioenvs/bluepill_f103c8/libccd/hal/codal_target_hal.o (malloc)
[...]
Memory Configuration

Name             Origin             Length             Attributes
bootrom          0x0000000008000000 0x0000000000004c00 xr
rom              0x0000000008004c00 0x000000000000b400 xr
bootram          0x0000000020000000 0x0000000000000800 xrw
ram              0x0000000020000800 0x0000000000003fbc xrw
bootbuf          0x00000000200047bc 0x0000000000000844 xrw
*default*        0x0000000000000000 0xffffffffffffffff

Linker script and memory map

                0x0000000000004c00                _bootrom_size = 0x4c00
                0x0000000000000800                _bootram_size = 0x800
                0x0000000000000844                _bootbuf_size = 0x844

/DISCARD/
 *(SORT_BY_ALIGNMENT(.data.impure_data))
 *(SORT_BY_ALIGNMENT(.data._impure_ptr))

.boot_text      0x0000000008000000     0x4624
                0x0000000008000000                _boot_text = .
 *(SORT_BY_ALIGNMENT(.vectors))
 .vectors       0x0000000008000000      0x150 .pioenvs/bluepill_f103c8/libFrameworkLibOpenCM3.a(vector.o)
                0x0000000008000000                vector_table
 :*reset_handler*(SORT_BY_ALIGNMENT(.text*))
 .text.pre_main
                0x0000000008000150       0x50 .pioenvs/bluepill_f103c8/libccd/hal/reset_handler.o
 .text.reset_handler
                0x00000000080001a0       0x98 .pioenvs/bluepill_f103c8/libccd/hal/reset_handler.o
                0x00000000080001a0                reset_handler
 *libhal.a:*reset_handler*(SORT_BY_ALIGNMENT(.text*))
 :*codal_target_hal*(SORT_BY_ALIGNMENT(.text*))
 .text._ZL14os_preschedulev
                0x0000000008000238        0xc .pioenvs/bluepill_f103c8/libccd/hal/codal_target_hal.o
 .text._ZL11timer_alarmv
                0x0000000008000244       0x24 .pioenvs/bluepill_f103c8/libccd/hal/codal_target_hal.o
 .text._ZL10timer_tickv
                0x0000000008000268       0x34 .pioenvs/bluepill_f103c8/libccd/hal/codal_target_hal.o
 .text._ZL8usb_taskv
                0x000000000800029c       0x5c .pioenvs/bluepill_f103c8/libccd/hal/codal_target_hal.o
 .text._ZL11os_schedulev
                0x00000000080002f8       0x24 .pioenvs/bluepill_f103c8/libccd/hal/codal_target_hal.o
 .text.target_set_tick_callback
                0x000000000800031c        0xc .pioenvs/bluepill_f103c8/libccd/hal/codal_target_hal.o
                0x000000000800031c                target_set_tick_callback
 .text.target_set_alarm_callback
                0x0000000008000328        0xc .pioenvs/bluepill_f103c8/libccd/hal/codal_target_hal.o
                0x0000000008000328                target_set_alarm_callback
 .text.target_set_bootloader_callback
                0x0000000008000334        0xc .pioenvs/bluepill_f103c8/libccd/hal/codal_target_hal.o
                0x0000000008000334                target_set_bootloader_callback
 .text.target_init
                0x0000000008000340       0x5c .pioenvs/bluepill_f103c8/libccd/hal/codal_target_hal.o
                0x0000000008000340                target_init
 .text.target_dmesg_flush
                0x000000000800039c       0x3c .pioenvs/bluepill_f103c8/libccd/hal/codal_target_hal.o
                0x000000000800039c                target_dmesg_flush
 .text.target_wait_for_event
                0x00000000080003d8       0x24 .pioenvs/bluepill_f103c8/libccd/hal/codal_target_hal.o
                0x00000000080003d8                target_wait_for_event
 .text.target_wait
                0x00000000080003fc       0x24 .pioenvs/bluepill_f103c8/libccd/hal/codal_target_hal.o
                0x00000000080003fc                target_wait
 .text.target_wait_us
                0x0000000008000420       0x30 .pioenvs/bluepill_f103c8/libccd/hal/codal_target_hal.o
                0x0000000008000420                target_wait_us
 .text.target_panic
                0x0000000008000450       0x20 .pioenvs/bluepill_f103c8/libccd/hal/codal_target_hal.o
                0x0000000008000450                target_panic
 .text.fiber_initial_stack_base
                0x0000000008000470        0x8 .pioenvs/bluepill_f103c8/libccd/hal/codal_target_hal.o
                0x0000000008000470                fiber_initial_stack_base
 .text.test_codal
                0x0000000008000478       0x74 .pioenvs/bluepill_f103c8/libccd/hal/codal_target_hal.o
                0x0000000008000478                test_codal
 .text.target_enable_debug
                0x00000000080004ec        0x8 .pioenvs/bluepill_f103c8/libccd/hal/codal_target_hal.o
                0x00000000080004ec                target_enable_debug
 .text.target_enable_irq
                0x00000000080004f4        0x4 .pioenvs/bluepill_f103c8/libccd/hal/codal_target_hal.o
                0x00000000080004f4                target_enable_irq
 .text.target_disable_irq
                0x00000000080004f8        0x4 .pioenvs/bluepill_f103c8/libccd/hal/codal_target_hal.o
                0x00000000080004f8                target_disable_irq
 .text.tcb_allocate
                0x00000000080004fc        0xa .pioenvs/bluepill_f103c8/libccd/hal/codal_target_hal.o
                0x00000000080004fc                tcb_allocate
 .text.tcb_configure_lr
                0x0000000008000506        0x4 .pioenvs/bluepill_f103c8/libccd/hal/codal_target_hal.o
                0x0000000008000506                tcb_configure_lr
 .text.tcb_configure_sp
                0x000000000800050a        0x4 .pioenvs/bluepill_f103c8/libccd/hal/codal_target_hal.o
                0x000000000800050a                tcb_configure_sp
 .text.tcb_configure_stack_base
                0x000000000800050e        0x4 .pioenvs/bluepill_f103c8/libccd/hal/codal_target_hal.o
                0x000000000800050e                tcb_configure_stack_base
 .text.tcb_get_stack_base
                0x0000000008000512        0x4 .pioenvs/bluepill_f103c8/libccd/hal/codal_target_hal.o
                0x0000000008000512                tcb_get_stack_base
 .text.get_current_sp
                0x0000000008000516        0x4 .pioenvs/bluepill_f103c8/libccd/hal/codal_target_hal.o
                0x0000000008000516                get_current_sp
 .text.tcb_get_sp
                0x000000000800051a        0x4 .pioenvs/bluepill_f103c8/libccd/hal/codal_target_hal.o
                0x000000000800051a                tcb_get_sp
 .text.tcb_configure_args
                0x000000000800051e        0x8 .pioenvs/bluepill_f103c8/libccd/hal/codal_target_hal.o
                0x000000000800051e                tcb_configure_args
 .text._fini    0x0000000008000526        0x2 .pioenvs/bluepill_f103c8/libccd/hal/codal_target_hal.o
                0x0000000008000526                _fini
 .text.__aeabi_atexit
                0x0000000008000528        0x4 .pioenvs/bluepill_f103c8/libccd/hal/codal_target_hal.o
                0x0000000008000528                __aeabi_atexit
 *libhal.a:*codal_target_hal*(SORT_BY_ALIGNMENT(.text*))
 :*CortexContextSwitch*(SORT_BY_ALIGNMENT(.text*))
 .text          0x000000000800052c      0x124 asm/CortexContextSwitch.s.o
                0x000000000800052c                swap_context
                0x00000000080005ae                save_context
                0x00000000080005f2                save_register_context
                0x0000000008000622                restore_register_context
 *libhal.a:(SORT_BY_ALIGNMENT(.text*))
 *liblibopencm3.a:(SORT_BY_ALIGNMENT(.text*))
 *libFrameworkLibOpenCM3.a:(SORT_BY_ALIGNMENT(.text*))
 .text.desig_get_unique_id
                0x0000000008000650       0x20 .pioenvs/bluepill_f103c8/libFrameworkLibOpenCM3.a(desig.o)
                0x0000000008000650                desig_get_unique_id
 .text.desig_get_unique_id_as_string
                0x0000000008000670       0x50 .pioenvs/bluepill_f103c8/libFrameworkLibOpenCM3.a(desig.o)
                0x0000000008000670                desig_get_unique_id_as_string
 .text.flash_get_status_flags
                0x00000000080006c0       0x2c .pioenvs/bluepill_f103c8/libFrameworkLibOpenCM3.a(flash.o)
                0x00000000080006c0                flash_get_status_flags
 .text.flash_program_half_word
                0x00000000080006ec       0x70 .pioenvs/bluepill_f103c8/libFrameworkLibOpenCM3.a(flash.o)
                0x00000000080006ec                flash_program_half_word
 .text.flash_erase_page
                0x000000000800075c       0x8c .pioenvs/bluepill_f103c8/libFrameworkLibOpenCM3.a(flash.o)
                0x000000000800075c                flash_erase_page
 .text.rcc_wait_for_osc_ready
                0x00000000080007e8       0x70 .pioenvs/bluepill_f103c8/libFrameworkLibOpenCM3.a(rcc.o)
                0x00000000080007e8                rcc_wait_for_osc_ready
 .text.rcc_osc_on
                0x0000000008000858       0x70 .pioenvs/bluepill_f103c8/libFrameworkLibOpenCM3.a(rcc.o)
                0x0000000008000858                rcc_osc_on
 .text.rcc_set_sysclk_source
                0x00000000080008c8       0x14 .pioenvs/bluepill_f103c8/libFrameworkLibOpenCM3.a(rcc.o)
                0x00000000080008c8                rcc_set_sysclk_source
 .text.rcc_set_pll_multiplication_factor
                0x00000000080008dc       0x14 .pioenvs/bluepill_f103c8/libFrameworkLibOpenCM3.a(rcc.o)
                0x00000000080008dc                rcc_set_pll_multiplication_factor
 .text.rcc_set_pll_source
                0x00000000080008f0       0x14 .pioenvs/bluepill_f103c8/libFrameworkLibOpenCM3.a(rcc.o)
                0x00000000080008f0                rcc_set_pll_source
 .text.rcc_set_pllxtpre
                0x0000000008000904       0x14 .pioenvs/bluepill_f103c8/libFrameworkLibOpenCM3.a(rcc.o)
                0x0000000008000904                rcc_set_pllxtpre
 .text.rcc_enable_rtc_clock
                0x0000000008000918       0x10 .pioenvs/bluepill_f103c8/libFrameworkLibOpenCM3.a(rcc.o)
                0x0000000008000918                rcc_enable_rtc_clock
 .text.rcc_set_rtc_clock_source
                0x0000000008000928       0xa0 .pioenvs/bluepill_f103c8/libFrameworkLibOpenCM3.a(rcc.o)
                0x0000000008000928                rcc_set_rtc_clock_source
 .text.rcc_set_adcpre
                0x00000000080009c8       0x14 .pioenvs/bluepill_f103c8/libFrameworkLibOpenCM3.a(rcc.o)
                0x00000000080009c8                rcc_set_adcpre
 .text.rcc_set_ppre2
                0x00000000080009dc       0x14 .pioenvs/bluepill_f103c8/libFrameworkLibOpenCM3.a(rcc.o)
                0x00000000080009dc                rcc_set_ppre2
 .text.rcc_set_ppre1
                0x00000000080009f0       0x14 .pioenvs/bluepill_f103c8/libFrameworkLibOpenCM3.a(rcc.o)
                0x00000000080009f0                rcc_set_ppre1
 .text.rcc_set_hpre
                0x0000000008000a04       0x14 .pioenvs/bluepill_f103c8/libFrameworkLibOpenCM3.a(rcc.o)
                0x0000000008000a04                rcc_set_hpre
 .text.rcc_clock_setup_in_hse_8mhz_out_72mhz
                0x0000000008000a18       0x90 .pioenvs/bluepill_f103c8/libFrameworkLibOpenCM3.a(rcc.o)
                0x0000000008000a18                rcc_clock_setup_in_hse_8mhz_out_72mhz
 .text.rtc_enter_config_mode
                0x0000000008000aa8       0x24 .pioenvs/bluepill_f103c8/libFrameworkLibOpenCM3.a(rtc.o)
                0x0000000008000aa8                rtc_enter_config_mode
 .text.rtc_exit_config_mode
                0x0000000008000acc       0x24 .pioenvs/bluepill_f103c8/libFrameworkLibOpenCM3.a(rtc.o)
                0x0000000008000acc                rtc_exit_config_mode
 .text.rtc_set_alarm_time
                0x0000000008000af0       0x20 .pioenvs/bluepill_f103c8/libFrameworkLibOpenCM3.a(rtc.o)
                0x0000000008000af0                rtc_set_alarm_time
 .text.rtc_set_prescale_val
                0x0000000008000b10       0x20 .pioenvs/bluepill_f103c8/libFrameworkLibOpenCM3.a(rtc.o)
                0x0000000008000b10                rtc_set_prescale_val
 .text.rtc_get_counter_val
                0x0000000008000b30       0x14 .pioenvs/bluepill_f103c8/libFrameworkLibOpenCM3.a(rtc.o)
                0x0000000008000b30                rtc_get_counter_val
 .text.rtc_set_counter_val
                0x0000000008000b44       0x20 .pioenvs/bluepill_f103c8/libFrameworkLibOpenCM3.a(rtc.o)
                0x0000000008000b44                rtc_set_counter_val
 .text.rtc_interrupt_enable
                0x0000000008000b64       0x40 .pioenvs/bluepill_f103c8/libFrameworkLibOpenCM3.a(rtc.o)
                0x0000000008000b64                rtc_interrupt_enable
 .text.rtc_interrupt_disable
                0x0000000008000ba4       0x40 .pioenvs/bluepill_f103c8/libFrameworkLibOpenCM3.a(rtc.o)
                0x0000000008000ba4                rtc_interrupt_disable
 .text.rtc_clear_flag
                0x0000000008000be4       0x34 .pioenvs/bluepill_f103c8/libFrameworkLibOpenCM3.a(rtc.o)
                0x0000000008000be4                rtc_clear_flag
 .text.rtc_check_flag
                0x0000000008000c18       0x30 .pioenvs/bluepill_f103c8/libFrameworkLibOpenCM3.a(rtc.o)
                0x0000000008000c18                rtc_check_flag
 .text.pwr_disable_backup_domain_write_protect
                0x0000000008000c48       0x10 .pioenvs/bluepill_f103c8/libFrameworkLibOpenCM3.a(pwr_common_all.o)
                0x0000000008000c48                pwr_disable_backup_domain_write_protect
 .text.pwr_enable_backup_domain_write_protect
                0x0000000008000c58       0x10 .pioenvs/bluepill_f103c8/libFrameworkLibOpenCM3.a(pwr_common_all.o)
                0x0000000008000c58                pwr_enable_backup_domain_write_protect
 .text.exti_set_trigger
                0x0000000008000c68       0x4c .pioenvs/bluepill_f103c8/libFrameworkLibOpenCM3.a(exti_common_all.o)
                0x0000000008000c68                exti_set_trigger
 .text.exti_enable_request
                0x0000000008000cb4       0x18 .pioenvs/bluepill_f103c8/libFrameworkLibOpenCM3.a(exti_common_all.o)
                0x0000000008000cb4                exti_enable_request
 .text.exti_reset_request
                0x0000000008000ccc        0xc .pioenvs/bluepill_f103c8/libFrameworkLibOpenCM3.a(exti_common_all.o)
                0x0000000008000ccc                exti_reset_request
 .text.flash_set_ws
                0x0000000008000cd8       0x14 .pioenvs/bluepill_f103c8/libFrameworkLibOpenCM3.a(flash_common_f01.o)
                0x0000000008000cd8                flash_set_ws
 .text.flash_unlock
                0x0000000008000cec       0x24 .pioenvs/bluepill_f103c8/libFrameworkLibOpenCM3.a(flash_common_f01.o)
                0x0000000008000cec                flash_unlock
 .text.flash_lock
                0x0000000008000d10       0x10 .pioenvs/bluepill_f103c8/libFrameworkLibOpenCM3.a(flash_common_f01.o)
                0x0000000008000d10                flash_lock
 .text.usbd_init
                0x0000000008000d20       0x58 .pioenvs/bluepill_f103c8/libFrameworkLibOpenCM3.a(usb.o)
                0x0000000008000d20                usbd_init
 .text._usbd_standard_request_device
                0x0000000008000d78       0x4c .pioenvs/bluepill_f103c8/libFrameworkLibOpenCM3.a(usb_standard.o)
                0x0000000008000d78                _usbd_standard_request_device
 .text._usbd_standard_request_interface
                0x0000000008000dc4       0x34 .pioenvs/bluepill_f103c8/libFrameworkLibOpenCM3.a(usb_standard.o)
                0x0000000008000dc4                _usbd_standard_request_interface
 .text._usbd_standard_request_endpoint
                0x0000000008000df8       0x44 .pioenvs/bluepill_f103c8/libFrameworkLibOpenCM3.a(usb_standard.o)
                0x0000000008000df8                _usbd_standard_request_endpoint
 .text.st_usbfs_v1_usbd_init
                0x0000000008000e3c       0x30 .pioenvs/bluepill_f103c8/libFrameworkLibOpenCM3.a(st_usbfs_v1.o)
 .text.scb_reset_system
                0x0000000008000e6c       0x10 .pioenvs/bluepill_f103c8/libFrameworkLibOpenCM3.a(scb.o)
                0x0000000008000e6c                scb_reset_system
 .text.st_usbfs_set_address
                0x0000000008000e7c       0x10 .pioenvs/bluepill_f103c8/libFrameworkLibOpenCM3.a(st_usbfs_core.o)
                0x0000000008000e7c                st_usbfs_set_address
 .text.st_usbfs_set_ep_rx_bufsize
                0x0000000008000e8c       0x60 .pioenvs/bluepill_f103c8/libFrameworkLibOpenCM3.a(st_usbfs_core.o)
                0x0000000008000e8c                st_usbfs_set_ep_rx_bufsize
 .text.st_usbfs_ep_setup
                0x0000000008000eec      0x160 .pioenvs/bluepill_f103c8/libFrameworkLibOpenCM3.a(st_usbfs_core.o)
                0x0000000008000eec                st_usbfs_ep_setup
 .text.st_usbfs_ep_nak_set
                0x000000000800104c       0x80 .pioenvs/bluepill_f103c8/libFrameworkLibOpenCM3.a(st_usbfs_core.o)
                0x000000000800104c                st_usbfs_ep_nak_set
 .text.st_usbfs_ep_write_packet
                0x00000000080010cc       0x90 .pioenvs/bluepill_f103c8/libFrameworkLibOpenCM3.a(st_usbfs_core.o)
                0x00000000080010cc                st_usbfs_ep_write_packet
 .text.st_usbfs_ep_read_packet
                0x000000000800115c       0xd4 .pioenvs/bluepill_f103c8/libFrameworkLibOpenCM3.a(st_usbfs_core.o)
                0x000000000800115c                st_usbfs_ep_read_packet
 .text.st_usbfs_poll
                0x0000000008001230       0xfc .pioenvs/bluepill_f103c8/libFrameworkLibOpenCM3.a(st_usbfs_core.o)
                0x0000000008001230                st_usbfs_poll
 .text.gpio_set_mode
                0x000000000800132c       0x6c .pioenvs/bluepill_f103c8/libFrameworkLibOpenCM3.a(gpio.o)
                0x000000000800132c                gpio_set_mode
 .text.gpio_set
                0x0000000008001398        0x4 .pioenvs/bluepill_f103c8/libFrameworkLibOpenCM3.a(gpio_common_all.o)
                0x0000000008001398                gpio_set
 .text.gpio_clear
                0x000000000800139c        0x6 .pioenvs/bluepill_f103c8/libFrameworkLibOpenCM3.a(gpio_common_all.o)
                0x000000000800139c                gpio_clear
 .text.usart_recv
                0x00000000080013a2        0x8 .pioenvs/bluepill_f103c8/libFrameworkLibOpenCM3.a(usart_common_f124.o)
                0x00000000080013a2                usart_recv
 .text.rcc_periph_clock_enable
                0x00000000080013aa       0x1c .pioenvs/bluepill_f103c8/libFrameworkLibOpenCM3.a(rcc_common_all.o)
                0x00000000080013aa                rcc_periph_clock_enable
 .text.rcc_periph_reset_pulse
                0x00000000080013c6       0x22 .pioenvs/bluepill_f103c8/libFrameworkLibOpenCM3.a(rcc_common_all.o)
                0x00000000080013c6                rcc_periph_reset_pulse
 .text.flash_wait_for_last_operation
                0x00000000080013e8        0xe .pioenvs/bluepill_f103c8/libFrameworkLibOpenCM3.a(flash_common_f01.o)
                0x00000000080013e8                flash_wait_for_last_operation
 .text.usbd_poll
                0x00000000080013f6        0xc .pioenvs/bluepill_f103c8/libFrameworkLibOpenCM3.a(usb.o)
                0x00000000080013f6                usbd_poll
 .text.usbd_ep_setup
                0x0000000008001402       0x14 .pioenvs/bluepill_f103c8/libFrameworkLibOpenCM3.a(usb.o)
                0x0000000008001402                usbd_ep_setup
 .text._usbd_reset
                0x0000000008001416       0x30 .pioenvs/bluepill_f103c8/libFrameworkLibOpenCM3.a(usb.o)
                0x0000000008001416                _usbd_reset
 .text.usbd_ep_write_packet
                0x0000000008001446        0xc .pioenvs/bluepill_f103c8/libFrameworkLibOpenCM3.a(usb.o)
                0x0000000008001446                usbd_ep_write_packet
 .text.usbd_ep_read_packet
                0x0000000008001452        0xc .pioenvs/bluepill_f103c8/libFrameworkLibOpenCM3.a(usb.o)
                0x0000000008001452                usbd_ep_read_packet
 .text.usbd_ep_stall_set
                0x000000000800145e        0xc .pioenvs/bluepill_f103c8/libFrameworkLibOpenCM3.a(usb.o)
                0x000000000800145e                usbd_ep_stall_set
 .text.usbd_ep_stall_get
                0x000000000800146a        0xc .pioenvs/bluepill_f103c8/libFrameworkLibOpenCM3.a(usb.o)
                0x000000000800146a                usbd_ep_stall_get
 .text.stall_transaction
                0x0000000008001476       0x14 .pioenvs/bluepill_f103c8/libFrameworkLibOpenCM3.a(usb_control.o)
 .text.usb_control_setup_write
                0x000000000800148a       0x32 .pioenvs/bluepill_f103c8/libFrameworkLibOpenCM3.a(usb_control.o)
 .text.usb_control_recv_chunk
                0x00000000080014bc       0x3c .pioenvs/bluepill_f103c8/libFrameworkLibOpenCM3.a(usb_control.o)
 .text.usb_control_send_chunk
                0x00000000080014f8       0x48 .pioenvs/bluepill_f103c8/libFrameworkLibOpenCM3.a(usb_control.o)
 .text.usb_control_request_dispatch
                0x0000000008001540       0x60 .pioenvs/bluepill_f103c8/libFrameworkLibOpenCM3.a(usb_control.o)
 .text.usb_control_setup_read
                0x00000000080015a0       0x3a .pioenvs/bluepill_f103c8/libFrameworkLibOpenCM3.a(usb_control.o)
 .text.usbd_register_control_callback
                0x00000000080015da       0x30 .pioenvs/bluepill_f103c8/libFrameworkLibOpenCM3.a(usb_control.o)
                0x00000000080015da                usbd_register_control_callback
 .text._usbd_control_setup
                0x000000000800160a       0x4a .pioenvs/bluepill_f103c8/libFrameworkLibOpenCM3.a(usb_control.o)
                0x000000000800160a                _usbd_control_setup
 .text._usbd_control_out
                0x0000000008001654       0x8a .pioenvs/bluepill_f103c8/libFrameworkLibOpenCM3.a(usb_control.o)
                0x0000000008001654                _usbd_control_out
 .text._usbd_control_in
                0x00000000080016de       0x56 .pioenvs/bluepill_f103c8/libFrameworkLibOpenCM3.a(usb_control.o)
                0x00000000080016de                _usbd_control_in
 .text.usb_descriptor_type
                0x0000000008001734        0x4 .pioenvs/bluepill_f103c8/libFrameworkLibOpenCM3.a(usb_standard.o)
 .text.usb_descriptor_index
                0x0000000008001738        0x4 .pioenvs/bluepill_f103c8/libFrameworkLibOpenCM3.a(usb_standard.o)
 .text.usb_standard_set_address
                0x000000000800173c       0x30 .pioenvs/bluepill_f103c8/libFrameworkLibOpenCM3.a(usb_standard.o)
 .text.usb_standard_set_configuration
                0x000000000800176c       0xba .pioenvs/bluepill_f103c8/libFrameworkLibOpenCM3.a(usb_standard.o)
 .text.usb_standard_get_configuration
                0x0000000008001826       0x24 .pioenvs/bluepill_f103c8/libFrameworkLibOpenCM3.a(usb_standard.o)
 .text.usb_standard_set_interface
                0x000000000800184a       0x56 .pioenvs/bluepill_f103c8/libFrameworkLibOpenCM3.a(usb_standard.o)
 .text.usb_standard_get_interface
                0x00000000080018a0       0x3e .pioenvs/bluepill_f103c8/libFrameworkLibOpenCM3.a(usb_standard.o)
 .text.usb_standard_device_get_status
                0x00000000080018de       0x18 .pioenvs/bluepill_f103c8/libFrameworkLibOpenCM3.a(usb_standard.o)
 .text.usb_standard_interface_get_status
                0x00000000080018f6       0x18 .pioenvs/bluepill_f103c8/libFrameworkLibOpenCM3.a(usb_standard.o)
 .text.build_config_descriptor
                0x000000000800190e      0x1ba .pioenvs/bluepill_f103c8/libFrameworkLibOpenCM3.a(usb_standard.o)
 .text.usb_standard_get_descriptor
                0x0000000008001ac8       0xe6 .pioenvs/bluepill_f103c8/libFrameworkLibOpenCM3.a(usb_standard.o)
 .text.usb_standard_endpoint_get_status
                0x0000000008001bae       0x2a .pioenvs/bluepill_f103c8/libFrameworkLibOpenCM3.a(usb_standard.o)
 .text.usb_standard_endpoint_stall
                0x0000000008001bd8       0x10 .pioenvs/bluepill_f103c8/libFrameworkLibOpenCM3.a(usb_standard.o)
 .text.usb_standard_endpoint_unstall
                0x0000000008001be8       0x10 .pioenvs/bluepill_f103c8/libFrameworkLibOpenCM3.a(usb_standard.o)
 .text.usbd_register_set_config_callback
                0x0000000008001bf8       0x28 .pioenvs/bluepill_f103c8/libFrameworkLibOpenCM3.a(usb_standard.o)
                0x0000000008001bf8                usbd_register_set_config_callback
 .text._usbd_standard_request
                0x0000000008001c20       0x32 .pioenvs/bluepill_f103c8/libFrameworkLibOpenCM3.a(usb_standard.o)
                0x0000000008001c20                _usbd_standard_request
 .text.st_usbfs_copy_to_pm
                0x0000000008001c52       0x18 .pioenvs/bluepill_f103c8/libFrameworkLibOpenCM3.a(st_usbfs_v1.o)
                0x0000000008001c52                st_usbfs_copy_to_pm
 .text.st_usbfs_copy_from_pm
                0x0000000008001c6a       0x24 .pioenvs/bluepill_f103c8/libFrameworkLibOpenCM3.a(st_usbfs_v1.o)
                0x0000000008001c6a                st_usbfs_copy_from_pm
 .text.blocking_handler
                0x0000000008001c8e        0x2 .pioenvs/bluepill_f103c8/libFrameworkLibOpenCM3.a(vector.o)
                0x0000000008001c8e                exti0_isr
                0x0000000008001c8e                tim7_isr
                0x0000000008001c8e                adc1_2_isr
                0x0000000008001c8e                tim1_trg_com_isr
                0x0000000008001c8e                usb_hp_can_tx_isr
                0x0000000008001c8e                tim6_isr
                0x0000000008001c8e                usb_wakeup_isr
                0x0000000008001c8e                blocking_handler
                0x0000000008001c8e                tim5_isr
                0x0000000008001c8e                otg_fs_isr
                0x0000000008001c8e                spi1_isr
                0x0000000008001c8e                exti2_isr
                0x0000000008001c8e                dma1_channel6_isr
                0x0000000008001c8e                can_rx1_isr
                0x0000000008001c8e                dma1_channel5_isr
                0x0000000008001c8e                dma2_channel5_isr
                0x0000000008001c8e                usart1_isr
                0x0000000008001c8e                usage_fault_handler
                0x0000000008001c8e                tim8_trg_com_isr
                0x0000000008001c8e                can2_rx0_isr
                0x0000000008001c8e                tim1_brk_isr
                0x0000000008001c8e                can2_rx1_isr
                0x0000000008001c8e                tim1_cc_isr
                0x0000000008001c8e                sdio_isr
                0x0000000008001c8e                eth_isr
                0x0000000008001c8e                dma1_channel4_isr
                0x0000000008001c8e                tim8_brk_isr
                0x0000000008001c8e                dma2_channel4_5_isr
                0x0000000008001c8e                pvd_isr
                0x0000000008001c8e                rcc_isr
                0x0000000008001c8e                flash_isr
                0x0000000008001c8e                uart4_isr
                0x0000000008001c8e                exti15_10_isr
                0x0000000008001c8e                hard_fault_handler
                0x0000000008001c8e                exti1_isr
                0x0000000008001c8e                i2c1_ev_isr
                0x0000000008001c8e                dma2_channel1_isr
                0x0000000008001c8e                spi2_isr
                0x0000000008001c8e                tim8_up_isr
                0x0000000008001c8e                dma2_channel2_isr
                0x0000000008001c8e                exti3_isr
                0x0000000008001c8e                adc3_isr
                0x0000000008001c8e                tim3_isr
                0x0000000008001c8e                usb_lp_can_rx0_isr
                0x0000000008001c8e                i2c2_er_isr
                0x0000000008001c8e                i2c2_ev_isr
                0x0000000008001c8e                uart5_isr
                0x0000000008001c8e                fsmc_isr
                0x0000000008001c8e                dma1_channel1_isr
                0x0000000008001c8e                exti4_isr
                0x0000000008001c8e                mem_manage_handler
                0x0000000008001c8e                can2_tx_isr
                0x0000000008001c8e                exti9_5_isr
                0x0000000008001c8e                dma2_channel3_isr
                0x0000000008001c8e                dma1_channel7_isr
                0x0000000008001c8e                tim1_up_isr
                0x0000000008001c8e                can2_sce_isr
                0x0000000008001c8e                tim4_isr
                0x0000000008001c8e                dma1_channel2_isr
                0x0000000008001c8e                i2c1_er_isr
                0x0000000008001c8e                can_sce_isr
                0x0000000008001c8e                tim8_cc_isr
                0x0000000008001c8e                tamper_isr
                0x0000000008001c8e                eth_wkup_isr
                0x0000000008001c8e                bus_fault_handler
                0x0000000008001c8e                wwdg_isr
                0x0000000008001c8e                dma1_channel3_isr
                0x0000000008001c8e                spi3_isr
                0x0000000008001c8e                tim2_isr
                0x0000000008001c8e                usart3_isr
 .text.null_handler
                0x0000000008001c90        0x2 .pioenvs/bluepill_f103c8/libFrameworkLibOpenCM3.a(vector.o)
                0x0000000008001c90                null_handler
                0x0000000008001c90                sv_call_handler
                0x0000000008001c90                pend_sv_handler
                0x0000000008001c90                debug_monitor_handler
                0x0000000008001c90                sys_tick_handler
                0x0000000008001c90                nmi_handler
 .text.nvic_enable_irq
                0x0000000008001c92       0x18 .pioenvs/bluepill_f103c8/libFrameworkLibOpenCM3.a(nvic.o)
                0x0000000008001c92                nvic_enable_irq
 .text.st_usbfs_endpoints_reset
                0x0000000008001caa       0x6c .pioenvs/bluepill_f103c8/libFrameworkLibOpenCM3.a(st_usbfs_core.o)
                0x0000000008001caa                st_usbfs_endpoints_reset
 .text.st_usbfs_ep_stall_set
                0x0000000008001d16      0x108 .pioenvs/bluepill_f103c8/libFrameworkLibOpenCM3.a(st_usbfs_core.o)
                0x0000000008001d16                st_usbfs_ep_stall_set
 .text.st_usbfs_ep_stall_get
                0x0000000008001e1e       0x44 .pioenvs/bluepill_f103c8/libFrameworkLibOpenCM3.a(st_usbfs_core.o)
                0x0000000008001e1e                st_usbfs_ep_stall_get
 *libcocoos.a:(SORT_BY_ALIGNMENT(.text*))
 *libcocoOS_?.?.?.a:(SORT_BY_ALIGNMENT(.text*))
 *fill*         0x0000000008001e62        0x2 
 .text.os_event_init
                0x0000000008001e64        0xc .pioenvs/bluepill_f103c8/libea7/libcocoOS_5.0.3.a(os_event.o)
                0x0000000008001e64                os_event_init
 .text.event_create
                0x0000000008001e70       0x38 .pioenvs/bluepill_f103c8/libea7/libcocoOS_5.0.3.a(os_event.o)
                0x0000000008001e70                event_create
 .text.os_signal_event
                0x0000000008001ea8       0x10 .pioenvs/bluepill_f103c8/libea7/libcocoOS_5.0.3.a(os_event.o)
                0x0000000008001ea8                os_signal_event
 .text.os_event_set_signaling_tid
                0x0000000008001eb8       0x10 .pioenvs/bluepill_f103c8/libea7/libcocoOS_5.0.3.a(os_event.o)
                0x0000000008001eb8                os_event_set_signaling_tid
 .text.os_init  0x0000000008001ec8       0x30 .pioenvs/bluepill_f103c8/libea7/libcocoOS_5.0.3.a(os_kernel.o)
                0x0000000008001ec8                os_init
 .text.os_running
                0x0000000008001ef8        0xc .pioenvs/bluepill_f103c8/libea7/libcocoOS_5.0.3.a(os_kernel.o)
                0x0000000008001ef8                os_running
 .text.os_msgQ_init
                0x0000000008001f04       0x38 .pioenvs/bluepill_f103c8/libea7/libcocoOS_5.0.3.a(os_msgqueue.o)
                0x0000000008001f04                os_msgQ_init
 .text.os_msgQ_create
                0x0000000008001f3c       0x58 .pioenvs/bluepill_f103c8/libea7/libcocoOS_5.0.3.a(os_msgqueue.o)
                0x0000000008001f3c                os_msgQ_create
 .text.os_msgQ_tick
                0x0000000008001f94       0x74 .pioenvs/bluepill_f103c8/libea7/libcocoOS_5.0.3.a(os_msgqueue.o)
                0x0000000008001f94                os_msgQ_tick
 .text.os_sem_create
                0x0000000008002008       0x3c .pioenvs/bluepill_f103c8/libea7/libcocoOS_5.0.3.a(os_sem.o)
 .text.os_sem_init
                0x0000000008002044        0xc .pioenvs/bluepill_f103c8/libea7/libcocoOS_5.0.3.a(os_sem.o)
                0x0000000008002044                os_sem_init
 .text.os_sem_larger_than_zero
                0x0000000008002050       0x14 .pioenvs/bluepill_f103c8/libea7/libcocoOS_5.0.3.a(os_sem.o)
                0x0000000008002050                os_sem_larger_than_zero
 .text.os_sem_decrement
                0x0000000008002064       0x1c .pioenvs/bluepill_f103c8/libea7/libcocoOS_5.0.3.a(os_sem.o)
                0x0000000008002064                os_sem_decrement
 .text.os_sem_increment
                0x0000000008002080       0x20 .pioenvs/bluepill_f103c8/libea7/libcocoOS_5.0.3.a(os_sem.o)
                0x0000000008002080                os_sem_increment
 .text.os_task_wait_queue_empty
                0x00000000080020a0       0x1c .pioenvs/bluepill_f103c8/libea7/libcocoOS_5.0.3.a(os_task.o)
 .text.task_wait_sem_set
                0x00000000080020bc       0x1c .pioenvs/bluepill_f103c8/libea7/libcocoOS_5.0.3.a(os_task.o)
 .text.task_ready_set
                0x00000000080020d8       0x14 .pioenvs/bluepill_f103c8/libea7/libcocoOS_5.0.3.a(os_task.o)
 .text.os_task_init
                0x00000000080020ec       0x74 .pioenvs/bluepill_f103c8/libea7/libcocoOS_5.0.3.a(os_task.o)
                0x00000000080020ec                os_task_init
 .text.os_task_highest_prio_ready_task
                0x0000000008002160       0x44 .pioenvs/bluepill_f103c8/libea7/libcocoOS_5.0.3.a(os_task.o)
                0x0000000008002160                os_task_highest_prio_ready_task
 .text.os_task_release_waiting_task
                0x00000000080021a4       0x74 .pioenvs/bluepill_f103c8/libea7/libcocoOS_5.0.3.a(os_task.o)
                0x00000000080021a4                os_task_release_waiting_task
 .text.os_task_waiting_this_semaphore
                0x0000000008002218       0x48 .pioenvs/bluepill_f103c8/libea7/libcocoOS_5.0.3.a(os_task.o)
                0x0000000008002218                os_task_waiting_this_semaphore
 .text.os_task_wait_sem_set
                0x0000000008002260       0x38 .pioenvs/bluepill_f103c8/libea7/libcocoOS_5.0.3.a(os_task.o)
                0x0000000008002260                os_task_wait_sem_set
 .text.os_task_clear_wait_queue
                0x0000000008002298       0x1c .pioenvs/bluepill_f103c8/libea7/libcocoOS_5.0.3.a(os_task.o)
                0x0000000008002298                os_task_clear_wait_queue
 .text.task_create
                0x00000000080022b4       0xdc .pioenvs/bluepill_f103c8/libea7/libcocoOS_5.0.3.a(os_task.o)
                0x00000000080022b4                task_create
 .text.os_task_tick
                0x0000000008002390       0xac .pioenvs/bluepill_f103c8/libea7/libcocoOS_5.0.3.a(os_task.o)
                0x0000000008002390                os_task_tick
 .text.os_task_signal_event
                0x000000000800243c       0x98 .pioenvs/bluepill_f103c8/libea7/libcocoOS_5.0.3.a(os_task.o)
                0x000000000800243c                os_task_signal_event
 .text.os_task_run
                0x00000000080024d4       0x38 .pioenvs/bluepill_f103c8/libea7/libcocoOS_5.0.3.a(os_task.o)
                0x00000000080024d4                os_task_run
 .text.os_task_internal_state_get
                0x000000000800250c       0x14 .pioenvs/bluepill_f103c8/libea7/libcocoOS_5.0.3.a(os_task.o)
                0x000000000800250c                os_task_internal_state_get
 .text.os_task_internal_state_set
                0x0000000008002520       0x14 .pioenvs/bluepill_f103c8/libea7/libcocoOS_5.0.3.a(os_task.o)
                0x0000000008002520                os_task_internal_state_set
 .text.os_on_assert
                0x0000000008002534       0x28 .pioenvs/bluepill_f103c8/libea7/libcocoOS_5.0.3.a(os_assert.o)
                0x0000000008002534                os_on_assert
 .text.os_cbkSleep
                0x000000000800255c        0x2 .pioenvs/bluepill_f103c8/libea7/libcocoOS_5.0.3.a(os_cbk.o)
                0x000000000800255c                os_cbkSleep
 .text.os_tick  0x000000000800255e        0xc .pioenvs/bluepill_f103c8/libea7/libcocoOS_5.0.3.a(os_kernel.o)
                0x000000000800255e                os_tick
 .text.sem_bin_create
                0x000000000800256a       0x10 .pioenvs/bluepill_f103c8/libea7/libcocoOS_5.0.3.a(os_sem.o)
                0x000000000800256a                sem_bin_create
 *libgcc.a:(SORT_BY_ALIGNMENT(.text*))
 *libqfplib.a:(SORT_BY_ALIGNMENT(.text*))
 *libnano-float.a:(SORT_BY_ALIGNMENT(.text*))
 *libnewlib.a:(SORT_BY_ALIGNMENT(.text*))
 .text.strlen   0x000000000800257a       0x10 .pioenvs/bluepill_f103c8/lib98a/libnewlib.a(strlen.o)
                0x000000000800257a                strlen
 .text.strncat  0x000000000800258a       0x32 .pioenvs/bluepill_f103c8/lib98a/libnewlib.a(strncat.o)
                0x000000000800258a                strncat
 .text.strncpy  0x00000000080025bc       0x40 .pioenvs/bluepill_f103c8/lib98a/libnewlib.a(strncpy.o)
                0x00000000080025bc                strncpy
 .text.memcmp   0x00000000080025fc       0x20 .pioenvs/bluepill_f103c8/lib98a/libnewlib.a(memcmp.o)
                0x00000000080025fc                memcmp
 .text.memcpy   0x000000000800261c       0x1a .pioenvs/bluepill_f103c8/lib98a/libnewlib.a(memcpy.o)
                0x000000000800261c                memcpy
 .text.memset   0x0000000008002636       0x16 .pioenvs/bluepill_f103c8/lib98a/libnewlib.a(memset.o)
                0x0000000008002636                memset
 *liblogger.a:(SORT_BY_ALIGNMENT(.text*))
 .text._ZL10__semihostiPv
                0x000000000800264c       0x24 .pioenvs/bluepill_f103c8/libd9b/liblogger.a(logger.o)
 .text.enable_log
                0x0000000008002670        0xc .pioenvs/bluepill_f103c8/libd9b/liblogger.a(logger.o)
                0x0000000008002670                enable_log
 .text.debug_flush
                0x000000000800267c       0x28 .pioenvs/bluepill_f103c8/libd9b/liblogger.a(logger.o)
                0x000000000800267c                debug_flush
 .text._ZL12debug_appendPKcj
                0x00000000080026a4       0x38 .pioenvs/bluepill_f103c8/libd9b/liblogger.a(logger.o)
 .text._Z11debug_printj
                0x00000000080026dc       0x88 .pioenvs/bluepill_f103c8/libd9b/liblogger.a(logger.o)
                0x00000000080026dc                debug_print(unsigned int)
 .text._Z11debug_printi
                0x0000000008002764       0x34 .pioenvs/bluepill_f103c8/libd9b/liblogger.a(logger.o)
                0x0000000008002764                debug_print(int)
 .text.debug_println
                0x0000000008002798       0x1c .pioenvs/bluepill_f103c8/libd9b/liblogger.a(logger.o)
                0x0000000008002798                debug_println
 .text._Z13debug_printlni
                0x00000000080027b4       0x14 .pioenvs/bluepill_f103c8/libd9b/liblogger.a(logger.o)
                0x00000000080027b4                debug_println(int)
 .text._ZL14semihost_writemPKhj
                0x00000000080027c8       0x1e .pioenvs/bluepill_f103c8/libd9b/liblogger.a(logger.o)
 .text.debug_print
                0x00000000080027e6       0x18 .pioenvs/bluepill_f103c8/libd9b/liblogger.a(logger.o)
                0x00000000080027e6                debug_print
 .text.debug_print_unsigned
                0x00000000080027fe        0x8 .pioenvs/bluepill_f103c8/libd9b/liblogger.a(logger.o)
                0x00000000080027fe                debug_print_unsigned
 .text.debug_printhex
                0x0000000008002806       0x70 .pioenvs/bluepill_f103c8/libd9b/liblogger.a(logger.o)
                0x0000000008002806                debug_printhex
 .text.debug_printhex_unsigned
                0x0000000008002876       0x1c .pioenvs/bluepill_f103c8/libd9b/liblogger.a(logger.o)
                0x0000000008002876                debug_printhex_unsigned
 *libbluepill.a:(SORT_BY_ALIGNMENT(.text*))
 *fill*         0x0000000008002892        0x2 
 .text.platform_setup
                0x0000000008002894       0x4c .pioenvs/bluepill_f103c8/lib271/libbluepill.a(bluepill.o)
                0x0000000008002894                platform_setup
 .text.enable_debug
                0x00000000080028e0       0x14 .pioenvs/bluepill_f103c8/lib271/libbluepill.a(bluepill.o)
                0x00000000080028e0                enable_debug
 .text.led_setup
                0x00000000080028f4       0x20 .pioenvs/bluepill_f103c8/lib271/libbluepill.a(led.o)
                0x00000000080028f4                led_setup
 .text.led_on   0x0000000008002914       0x14 .pioenvs/bluepill_f103c8/lib271/libbluepill.a(led.o)
                0x0000000008002914                led_on
 .text.led_off  0x0000000008002928       0x14 .pioenvs/bluepill_f103c8/lib271/libbluepill.a(led.o)
                0x0000000008002928                led_off
 .text.led_wait
                0x000000000800293c       0x14 .pioenvs/bluepill_f103c8/lib271/libbluepill.a(led.o)
                0x000000000800293c                led_wait
 .text._ZL25custom_rtc_awake_from_off7rcc_osc
                0x0000000008002950       0x74 .pioenvs/bluepill_f103c8/lib271/libbluepill.a(timer.o)
 .text._ZL9rtc_setupv
                0x00000000080029c4       0x90 .pioenvs/bluepill_f103c8/lib271/libbluepill.a(timer.o)
 .text.platform_start_timer
                0x0000000008002a54       0x34 .pioenvs/bluepill_f103c8/lib271/libbluepill.a(timer.o)
                0x0000000008002a54                platform_start_timer
 .text.platform_set_alarm
                0x0000000008002a88       0x58 .pioenvs/bluepill_f103c8/lib271/libbluepill.a(timer.o)
                0x0000000008002a88                platform_set_alarm
 .text.rtc_isr  0x0000000008002ae0       0x30 .pioenvs/bluepill_f103c8/lib271/libbluepill.a(timer.o)
                0x0000000008002ae0                rtc_isr
 .text.rtc_alarm_isr
                0x0000000008002b10       0x2c .pioenvs/bluepill_f103c8/lib271/libbluepill.a(timer.o)
                0x0000000008002b10                rtc_alarm_isr
 .text.platform_alarm_count
                0x0000000008002b3c        0xc .pioenvs/bluepill_f103c8/lib271/libbluepill.a(timer.o)
                0x0000000008002b3c                platform_alarm_count
 .text.platform_tick_count
                0x0000000008002b48        0xc .pioenvs/bluepill_f103c8/lib271/libbluepill.a(timer.o)
                0x0000000008002b48                platform_tick_count
 .text.__cxa_pure_virtual
                0x0000000008002b54        0xc .pioenvs/bluepill_f103c8/lib271/libbluepill.a(bluepill.o)
                0x0000000008002b54                __cxa_pure_virtual
 .text._Znwj    0x0000000008002b60        0x8 .pioenvs/bluepill_f103c8/lib271/libbluepill.a(bluepill.o)
                0x0000000008002b60                operator new(unsigned int)
 .text._ZdlPv   0x0000000008002b68        0x8 .pioenvs/bluepill_f103c8/lib271/libbluepill.a(bluepill.o)
                0x0000000008002b68                operator delete(void*)
 .text.millis   0x0000000008002b70        0x8 .pioenvs/bluepill_f103c8/lib271/libbluepill.a(timer.o)
                0x0000000008002b70                millis
 *libbootloader.a:(SORT_BY_ALIGNMENT(.text*))
 .text.bootloader_poll
                0x0000000008002b78       0x34 .pioenvs/bluepill_f103c8/libb45/libbootloader.a(bootloader.o)
                0x0000000008002b78                bootloader_poll
 .text.get_serial_number
                0x0000000008002bac       0x34 .pioenvs/bluepill_f103c8/libb45/libbootloader.a(bootloader.o)
 .text.poll_loop
                0x0000000008002be0       0x68 .pioenvs/bluepill_f103c8/libb45/libbootloader.a(bootloader.o)
 .text.bootloader_start
                0x0000000008002c48       0x58 .pioenvs/bluepill_f103c8/libb45/libbootloader.a(bootloader.o)
                0x0000000008002c48                bootloader_start
 .text.get_flash_end
                0x0000000008002ca0        0x8 .pioenvs/bluepill_f103c8/libb45/libbootloader.a(target_stm32f103.o)
 .text.target_set_led
                0x0000000008002ca8       0x20 .pioenvs/bluepill_f103c8/libb45/libbootloader.a(target_stm32f103.o)
                0x0000000008002ca8                target_set_led
 .text.target_gpio_setup
                0x0000000008002cc8       0x6c .pioenvs/bluepill_f103c8/libb45/libbootloader.a(target_stm32f103.o)
                0x0000000008002cc8                target_gpio_setup
 .text.target_usb_init
                0x0000000008002d34       0x34 .pioenvs/bluepill_f103c8/libb45/libbootloader.a(target_stm32f103.o)
                0x0000000008002d34                target_usb_init
 .text.target_manifest_app
                0x0000000008002d68       0x14 .pioenvs/bluepill_f103c8/libb45/libbootloader.a(target_stm32f103.o)
                0x0000000008002d68                target_manifest_app
 .text.target_manifest_bootloader
                0x0000000008002d7c       0x14 .pioenvs/bluepill_f103c8/libb45/libbootloader.a(target_stm32f103.o)
                0x0000000008002d7c                target_manifest_bootloader
 .text.target_flash_program_array
                0x0000000008002d90       0xdc .pioenvs/bluepill_f103c8/libb45/libbootloader.a(target_stm32f103.o)
                0x0000000008002d90                target_flash_program_array
 .text.set_aggregate_callback
                0x0000000008002e6c       0x5c .pioenvs/bluepill_f103c8/libb45/libbootloader.a(usb_conf.o)
 .text.usb_setup
                0x0000000008002ec8       0x94 .pioenvs/bluepill_f103c8/libb45/libbootloader.a(usb_conf.o)
                0x0000000008002ec8                usb_setup
 .text.aggregate_register_config_callback
                0x0000000008002f5c       0x40 .pioenvs/bluepill_f103c8/libb45/libbootloader.a(usb_conf.o)
                0x0000000008002f5c                aggregate_register_config_callback
 .text.aggregate_register_callback
                0x0000000008002f9c       0x60 .pioenvs/bluepill_f103c8/libb45/libbootloader.a(usb_conf.o)
                0x0000000008002f9c                aggregate_register_callback
 .text.usb_set_serial_number
                0x0000000008002ffc       0x24 .pioenvs/bluepill_f103c8/libb45/libbootloader.a(usb_conf.o)
                0x0000000008002ffc                usb_set_serial_number
 .text.dump_buffer
                0x0000000008003020       0x48 .pioenvs/bluepill_f103c8/libb45/libbootloader.a(usb_conf.o)
                0x0000000008003020                dump_buffer
 .text.dump_usb_request
                0x0000000008003068      0x1a4 .pioenvs/bluepill_f103c8/libb45/libbootloader.a(usb_conf.o)
                0x0000000008003068                dump_usb_request
 .text.aggregate_callback
                0x000000000800320c       0x78 .pioenvs/bluepill_f103c8/libb45/libbootloader.a(usb_conf.o)
 .text.webusb_set_config
                0x0000000008003284       0x28 .pioenvs/bluepill_f103c8/libb45/libbootloader.a(webusb.o)
 .text.webusb_control_vendor_request
                0x00000000080032ac       0xd0 .pioenvs/bluepill_f103c8/libb45/libbootloader.a(webusb.o)
 .text.webusb_setup
                0x000000000800337c       0x4c .pioenvs/bluepill_f103c8/libb45/libbootloader.a(webusb.o)
                0x000000000800337c                webusb_setup
 .text.winusb_set_config
                0x00000000080033c8       0x28 .pioenvs/bluepill_f103c8/libb45/libbootloader.a(winusb.o)
 .text.winusb_descriptor_request
                0x00000000080033f0       0x60 .pioenvs/bluepill_f103c8/libb45/libbootloader.a(winusb.o)
 .text.winusb_control_vendor_request
                0x0000000008003450       0xc0 .pioenvs/bluepill_f103c8/libb45/libbootloader.a(winusb.o)
 .text.winusb_setup
                0x0000000008003510       0x58 .pioenvs/bluepill_f103c8/libb45/libbootloader.a(winusb.o)
                0x0000000008003510                winusb_setup
 .text.cdcacm_comm_cb
                0x0000000008003568       0x14 .pioenvs/bluepill_f103c8/libb45/libbootloader.a(cdc.o)
 .text.cdcacm_set_config
                0x000000000800357c       0x64 .pioenvs/bluepill_f103c8/libb45/libbootloader.a(cdc.o)
 .text.cdcacm_control_request
                0x00000000080035e0       0x94 .pioenvs/bluepill_f103c8/libb45/libbootloader.a(cdc.o)
 .text.cdcacm_data_rx_cb
                0x0000000008003674       0x4c .pioenvs/bluepill_f103c8/libb45/libbootloader.a(cdc.o)
 .text.cdc_setup
                0x00000000080036c0       0x24 .pioenvs/bluepill_f103c8/libb45/libbootloader.a(cdc.o)
                0x00000000080036c0                cdc_setup
 .text.hf2_set_config
                0x00000000080036e4       0x3c .pioenvs/bluepill_f103c8/libb45/libbootloader.a(hf2.o)
 .text.assert   0x0000000008003720       0x20 .pioenvs/bluepill_f103c8/libb45/libbootloader.a(hf2.o)
 .text.pokeSend
                0x0000000008003740       0x84 .pioenvs/bluepill_f103c8/libb45/libbootloader.a(hf2.o)
 .text.send_hf2_response
                0x00000000080037c4       0x38 .pioenvs/bluepill_f103c8/libb45/libbootloader.a(hf2.o)
 .text.handle_command
                0x00000000080037fc      0x18c .pioenvs/bluepill_f103c8/libb45/libbootloader.a(hf2.o)
 .text.hf2_data_rx_cb
                0x0000000008003988       0xa4 .pioenvs/bluepill_f103c8/libb45/libbootloader.a(hf2.o)
 .text.hf2_setup
                0x0000000008003a2c       0x2c .pioenvs/bluepill_f103c8/libb45/libbootloader.a(hf2.o)
                0x0000000008003a2c                hf2_setup
 .text.backup_write
                0x0000000008003a58       0x34 .pioenvs/bluepill_f103c8/libb45/libbootloader.a(backup.o)
                0x0000000008003a58                backup_write
 .text.usb21_set_config
                0x0000000008003a8c       0x28 .pioenvs/bluepill_f103c8/libb45/libbootloader.a(usb21_standard.o)
 .text.usb21_standard_get_descriptor
                0x0000000008003ab4       0x5c .pioenvs/bluepill_f103c8/libb45/libbootloader.a(usb21_standard.o)
 .text.usb21_setup
                0x0000000008003b10       0x34 .pioenvs/bluepill_f103c8/libb45/libbootloader.a(usb21_standard.o)
                0x0000000008003b10                usb21_setup
 .text.flushFlash
                0x0000000008003b44       0xa0 .pioenvs/bluepill_f103c8/libb45/libbootloader.a(ghostfat.o)
 .text.flash_write
                0x0000000008003be4       0x48 .pioenvs/bluepill_f103c8/libb45/libbootloader.a(ghostfat.o)
                0x0000000008003be4                flash_write
 .text.sleep_us
                0x0000000008003c2c       0x14 .pioenvs/bluepill_f103c8/libb45/libbootloader.a(target_stm32f103.o)
 .text.target_get_startup_mode
                0x0000000008003c40        0x4 .pioenvs/bluepill_f103c8/libb45/libbootloader.a(target_stm32f103.o)
                0x0000000008003c40                target_get_startup_mode
 .text.target_get_serial_number
                0x0000000008003c44        0xa .pioenvs/bluepill_f103c8/libb45/libbootloader.a(target_stm32f103.o)
                0x0000000008003c44                target_get_serial_number
 .text.target_flash_unlock
                0x0000000008003c4e        0x8 .pioenvs/bluepill_f103c8/libb45/libbootloader.a(target_stm32f103.o)
                0x0000000008003c4e                target_flash_unlock
 .text.target_flash_lock
                0x0000000008003c56        0x8 .pioenvs/bluepill_f103c8/libb45/libbootloader.a(target_stm32f103.o)
                0x0000000008003c56                target_flash_lock
 .text.usb_descriptor_type
                0x0000000008003c5e        0x4 .pioenvs/bluepill_f103c8/libb45/libbootloader.a(usb_conf.o)
 .text.usb_descriptor_index
                0x0000000008003c62        0x4 .pioenvs/bluepill_f103c8/libb45/libbootloader.a(usb_conf.o)
 .text.usb_descriptor_type
                0x0000000008003c66        0x4 .pioenvs/bluepill_f103c8/libb45/libbootloader.a(winusb.o)
 .text.usb_descriptor_index
                0x0000000008003c6a        0x4 .pioenvs/bluepill_f103c8/libb45/libbootloader.a(winusb.o)
 .text.hf2_data_tx_cb
                0x0000000008003c6e        0x8 .pioenvs/bluepill_f103c8/libb45/libbootloader.a(hf2.o)
 .text.build_bos_descriptor
                0x0000000008003c76       0x7c .pioenvs/bluepill_f103c8/libb45/libbootloader.a(usb21_standard.o)
                0x0000000008003cf4                . = ALIGN (0x4)
 *fill*         0x0000000008003cf2        0x2 
 :*reset_handler*(SORT_BY_ALIGNMENT(.rodata*))
 .rodata.pre_main.str1.4
                0x0000000008003cf4       0x37 .pioenvs/bluepill_f103c8/libccd/hal/reset_handler.o
 *libhal.a:*reset_handler*(SORT_BY_ALIGNMENT(.rodata*))
 :*codal_target_hal*(SORT_BY_ALIGNMENT(.rodata*))
 *fill*         0x0000000008003d2b        0x1 
 .rodata._ZL11timer_alarmv.str1.4
                0x0000000008003d2c        0x4 .pioenvs/bluepill_f103c8/libccd/hal/codal_target_hal.o
 .rodata.target_panic.str1.4
                0x0000000008003d30       0x13 .pioenvs/bluepill_f103c8/libccd/hal/codal_target_hal.o
 *fill*         0x0000000008003d43        0x1 
 .rodata.target_wait.str1.4
                0x0000000008003d44       0x10 .pioenvs/bluepill_f103c8/libccd/hal/codal_target_hal.o
 .rodata.target_wait_us.str1.4
                0x0000000008003d54       0x13 .pioenvs/bluepill_f103c8/libccd/hal/codal_target_hal.o
 *fill*         0x0000000008003d67        0x1 
 .rodata.test_codal.str1.4
                0x0000000008003d68       0x3c .pioenvs/bluepill_f103c8/libccd/hal/codal_target_hal.o
 *libhal.a:*codal_target_hal*(SORT_BY_ALIGNMENT(.rodata*))
 :*CortexContextSwitch*(SORT_BY_ALIGNMENT(.rodata*))
 *libhal.a:(SORT_BY_ALIGNMENT(.rodata*))
 *liblibopencm3.a:(SORT_BY_ALIGNMENT(.rodata*))
 *libFrameworkLibOpenCM3.a:(SORT_BY_ALIGNMENT(.rodata*))
 .rodata.chars.4166
                0x0000000008003da4       0x11 .pioenvs/bluepill_f103c8/libFrameworkLibOpenCM3.a(desig.o)
 *fill*         0x0000000008003db5        0x3 
 .rodata.st_usbfs_v1_usb_driver
                0x0000000008003db8       0x34 .pioenvs/bluepill_f103c8/libFrameworkLibOpenCM3.a(st_usbfs_v1.o)
                0x0000000008003db8                st_usbfs_v1_usb_driver
 .rodata        0x0000000008003dec        0x8 .pioenvs/bluepill_f103c8/libFrameworkLibOpenCM3.a(st_usbfs_core.o)
 *libcocoos.a:(SORT_BY_ALIGNMENT(.rodata*))
 *libcocoOS_?.?.?.a:(SORT_BY_ALIGNMENT(.rodata*))
 .rodata.os_on_assert.str1.4
                0x0000000008003df4       0x1c .pioenvs/bluepill_f103c8/libea7/libcocoOS_5.0.3.a(os_assert.o)
                                         0x1a (size before relaxing)
 *libgcc.a:(SORT_BY_ALIGNMENT(.rodata*))
 *libqfplib.a:(SORT_BY_ALIGNMENT(.rodata*))
 *libnano-float.a:(SORT_BY_ALIGNMENT(.rodata*))
 *libnewlib.a:(SORT_BY_ALIGNMENT(.rodata*))
 *liblogger.a:(SORT_BY_ALIGNMENT(.rodata*))
 .rodata._Z11debug_printi.str1.4
                0x0000000008003e10        0x6 .pioenvs/bluepill_f103c8/libd9b/liblogger.a(logger.o)
 *fill*         0x0000000008003e16        0x2 
 .rodata._Z11debug_printj.str1.4
                0x0000000008003e18        0xb .pioenvs/bluepill_f103c8/libd9b/liblogger.a(logger.o)
 *fill*         0x0000000008003e23        0x1 
 .rodata.debug_println.str1.4
                0x0000000008003e24        0x2 .pioenvs/bluepill_f103c8/libd9b/liblogger.a(logger.o)
 *libbluepill.a:(SORT_BY_ALIGNMENT(.rodata*))
 *fill*         0x0000000008003e26        0x2 
 .rodata.platform_setup.str1.4
                0x0000000008003e28       0x13 .pioenvs/bluepill_f103c8/lib271/libbluepill.a(bluepill.o)
 *fill*         0x0000000008003e3b        0x1 
 .rodata._ZL9rtc_setupv.str1.4
                0x0000000008003e3c       0x1d .pioenvs/bluepill_f103c8/lib271/libbluepill.a(timer.o)
 *fill*         0x0000000008003e59        0x3 
 .rodata.platform_set_alarm.str1.4
                0x0000000008003e5c        0xf .pioenvs/bluepill_f103c8/lib271/libbluepill.a(timer.o)
 *fill*         0x0000000008003e6b        0x1 
 .rodata.platform_start_timer.str1.4
                0x0000000008003e6c       0x15 .pioenvs/bluepill_f103c8/lib271/libbluepill.a(timer.o)
 *libbootloader.a:(SORT_BY_ALIGNMENT(.rodata*))
 *fill*         0x0000000008003e81        0x3 
 .rodata.bootloader_start.str1.4
                0x0000000008003e84       0x1a .pioenvs/bluepill_f103c8/libb45/libbootloader.a(bootloader.o)
 *fill*         0x0000000008003e9e        0x2 
 .rodata.get_serial_number.str1.4
                0x0000000008003ea0       0x32 .pioenvs/bluepill_f103c8/libb45/libbootloader.a(bootloader.o)
 *fill*         0x0000000008003ed2        0x2 
 .rodata.poll_loop.str1.4
                0x0000000008003ed4       0x10 .pioenvs/bluepill_f103c8/libb45/libbootloader.a(bootloader.o)
 .rodata.target_flash_program_array.str1.4
                0x0000000008003ee4       0x73 .pioenvs/bluepill_f103c8/libb45/libbootloader.a(target_stm32f103.o)
                                         0x77 (size before relaxing)
 *fill*         0x0000000008003f57        0x1 
 .rodata.aggregate_callback.str1.4
                0x0000000008003f58        0x4 .pioenvs/bluepill_f103c8/libb45/libbootloader.a(usb_conf.o)
 .rodata.aggregate_register_callback.str1.4
                0x0000000008003f5c       0x26 .pioenvs/bluepill_f103c8/libb45/libbootloader.a(usb_conf.o)
 *fill*         0x0000000008003f82        0x2 
 .rodata.aggregate_register_config_callback.str1.4
                0x0000000008003f84       0x25 .pioenvs/bluepill_f103c8/libb45/libbootloader.a(usb_conf.o)
 *fill*         0x0000000008003fa9        0x3 
 .rodata.bos_descriptor
                0x0000000008003fac        0x9 .pioenvs/bluepill_f103c8/libb45/libbootloader.a(usb_conf.o)
 *fill*         0x0000000008003fb5        0x3 
 .rodata.cdc_iface_assoc
                0x0000000008003fb8        0x8 .pioenvs/bluepill_f103c8/libb45/libbootloader.a(usb_conf.o)
 .rodata.cdcacm_functional_descriptors
                0x0000000008003fc0       0x13 .pioenvs/bluepill_f103c8/libb45/libbootloader.a(usb_conf.o)
 *fill*         0x0000000008003fd3        0x1 
 .rodata.comm_endp
                0x0000000008003fd4        0xf .pioenvs/bluepill_f103c8/libb45/libbootloader.a(usb_conf.o)
 *fill*         0x0000000008003fe3        0x1 
 .rodata.comm_iface
                0x0000000008003fe4       0x15 .pioenvs/bluepill_f103c8/libb45/libbootloader.a(usb_conf.o)
 *fill*         0x0000000008003ff9        0x3 
 .rodata.config
                0x0000000008003ffc        0xd .pioenvs/bluepill_f103c8/libb45/libbootloader.a(usb_conf.o)
 *fill*         0x0000000008004009        0x3 
 .rodata.data_endp
                0x000000000800400c       0x1e .pioenvs/bluepill_f103c8/libb45/libbootloader.a(usb_conf.o)
 *fill*         0x000000000800402a        0x2 
 .rodata.data_iface
                0x000000000800402c       0x15 .pioenvs/bluepill_f103c8/libb45/libbootloader.a(usb_conf.o)
 *fill*         0x0000000008004041        0x3 
 .rodata.dev    0x0000000008004044       0x12 .pioenvs/bluepill_f103c8/libb45/libbootloader.a(usb_conf.o)
 *fill*         0x0000000008004056        0x2 
 .rodata.dump_buffer.str1.4
                0x0000000008004058        0x4 .pioenvs/bluepill_f103c8/libb45/libbootloader.a(usb_conf.o)
                                          0x9 (size before relaxing)
 .rodata.dump_usb_request.str1.4
                0x000000000800405c       0x90 .pioenvs/bluepill_f103c8/libb45/libbootloader.a(usb_conf.o)
 .rodata.hf2_endp
                0x00000000080040ec       0x1e .pioenvs/bluepill_f103c8/libb45/libbootloader.a(usb_conf.o)
 *fill*         0x000000000800410a        0x2 
 .rodata.hf2_iface
                0x000000000800410c       0x15 .pioenvs/bluepill_f103c8/libb45/libbootloader.a(usb_conf.o)
 *fill*         0x0000000008004121        0x3 
 .rodata.interfaces
                0x0000000008004124       0x30 .pioenvs/bluepill_f103c8/libb45/libbootloader.a(usb_conf.o)
 .rodata.set_aggregate_callback.str1.4
                0x0000000008004154       0x41 .pioenvs/bluepill_f103c8/libb45/libbootloader.a(usb_conf.o)
 *fill*         0x0000000008004195        0x3 
 .rodata.str1.4
                0x0000000008004198       0x86 .pioenvs/bluepill_f103c8/libb45/libbootloader.a(usb_conf.o)
 *fill*         0x000000000800421e        0x2 
 .rodata.usb_setup.str1.4
                0x0000000008004220       0x31 .pioenvs/bluepill_f103c8/libb45/libbootloader.a(usb_conf.o)
 *fill*         0x0000000008004251        0x3 
 .rodata.webusb_control_vendor_request.str1.4
                0x0000000008004254       0x3f .pioenvs/bluepill_f103c8/libb45/libbootloader.a(webusb.o)
                                         0x43 (size before relaxing)
 *fill*         0x0000000008004293        0x1 
 .rodata.webusb_platform_capability_descriptor
                0x0000000008004294       0x18 .pioenvs/bluepill_f103c8/libb45/libbootloader.a(webusb.o)
                0x0000000008004294                webusb_platform_capability_descriptor
 .rodata.webusb_set_config.str1.4
                0x00000000080042ac       0x1d .pioenvs/bluepill_f103c8/libb45/libbootloader.a(webusb.o)
 *fill*         0x00000000080042c9        0x3 
 .rodata.webusb_setup.str1.4
                0x00000000080042cc       0x18 .pioenvs/bluepill_f103c8/libb45/libbootloader.a(webusb.o)
 .rodata.guid   0x00000000080042e4       0x92 .pioenvs/bluepill_f103c8/libb45/libbootloader.a(winusb.o)
 *fill*         0x0000000008004376        0x2 
 .rodata.microsoft_platform_capability_descriptor
                0x0000000008004378       0x1c .pioenvs/bluepill_f103c8/libb45/libbootloader.a(winusb.o)
                0x0000000008004378                microsoft_platform_capability_descriptor
 .rodata.winusb_control_vendor_request.str1.4
                0x0000000008004394       0x17 .pioenvs/bluepill_f103c8/libb45/libbootloader.a(winusb.o)
 *fill*         0x00000000080043ab        0x1 
 .rodata.winusb_descriptor_request.str1.4
                0x00000000080043ac        0x6 .pioenvs/bluepill_f103c8/libb45/libbootloader.a(winusb.o)
 *fill*         0x00000000080043b2        0x2 
 .rodata.winusb_set_config.str1.4
                0x00000000080043b4       0x1d .pioenvs/bluepill_f103c8/libb45/libbootloader.a(winusb.o)
 *fill*         0x00000000080043d1        0x3 
 .rodata.winusb_setup.str1.4
                0x00000000080043d4       0x18 .pioenvs/bluepill_f103c8/libb45/libbootloader.a(winusb.o)
 .rodata.winusb_string_descriptor
                0x00000000080043ec       0x12 .pioenvs/bluepill_f103c8/libb45/libbootloader.a(winusb.o)
 *fill*         0x00000000080043fe        0x2 
 .rodata.cdc_setup.str1.4
                0x0000000008004400       0x15 .pioenvs/bluepill_f103c8/libb45/libbootloader.a(cdc.o)
 *fill*         0x0000000008004415        0x3 
 .rodata.cdcacm_comm_cb.str1.4
                0x0000000008004418        0x5 .pioenvs/bluepill_f103c8/libb45/libbootloader.a(cdc.o)
 *fill*         0x000000000800441d        0x3 
 .rodata.cdcacm_control_request.str1.4
                0x0000000008004420       0x28 .pioenvs/bluepill_f103c8/libb45/libbootloader.a(cdc.o)
                                         0x31 (size before relaxing)
 .rodata.cdcacm_data_rx_cb.str1.4
                0x0000000008004448        0x6 .pioenvs/bluepill_f103c8/libb45/libbootloader.a(cdc.o)
 *fill*         0x000000000800444e        0x2 
 .rodata.cdcacm_set_config.str1.4
                0x0000000008004450       0x1d .pioenvs/bluepill_f103c8/libb45/libbootloader.a(cdc.o)
 *fill*         0x000000000800446d        0x3 
 .rodata.line_coding
                0x0000000008004470        0x7 .pioenvs/bluepill_f103c8/libb45/libbootloader.a(cdc.o)
 *fill*         0x0000000008004477        0x1 
 .rodata.assert.str1.4
                0x0000000008004478        0xc .pioenvs/bluepill_f103c8/libb45/libbootloader.a(hf2.o)
 .rodata.bad_packet_message
                0x0000000008004484        0xb .pioenvs/bluepill_f103c8/libb45/libbootloader.a(hf2.o)
 *fill*         0x000000000800448f        0x1 
 .rodata.handle_command.str1.4
                0x0000000008004490       0x89 .pioenvs/bluepill_f103c8/libb45/libbootloader.a(hf2.o)
                                         0x8d (size before relaxing)
 *fill*         0x0000000008004519        0x3 
 .rodata.hf2_data_rx_cb.str1.4
                0x000000000800451c        0xc .pioenvs/bluepill_f103c8/libb45/libbootloader.a(hf2.o)
 .rodata.hf2_set_config.str1.4
                0x0000000008004528        0xb .pioenvs/bluepill_f103c8/libb45/libbootloader.a(hf2.o)
 *fill*         0x0000000008004533        0x1 
 .rodata.hf2_setup.str1.4
                0x0000000008004534       0x15 .pioenvs/bluepill_f103c8/libb45/libbootloader.a(hf2.o)
 *fill*         0x0000000008004549        0x3 
 .rodata.send_hf2_response.str1.4
                0x000000000800454c        0x7 .pioenvs/bluepill_f103c8/libb45/libbootloader.a(hf2.o)
 *fill*         0x0000000008004553        0x1 
 .rodata.usb21_set_config.str1.4
                0x0000000008004554       0x1c .pioenvs/bluepill_f103c8/libb45/libbootloader.a(usb21_standard.o)
 .rodata.usb21_setup.str1.4
                0x0000000008004570       0x17 .pioenvs/bluepill_f103c8/libb45/libbootloader.a(usb21_standard.o)
 *fill*         0x0000000008004587        0x1 
 .rodata.usb21_standard_get_descriptor.str1.4
                0x0000000008004588       0x24 .pioenvs/bluepill_f103c8/libb45/libbootloader.a(usb21_standard.o)
 .rodata.flushFlash.str1.4
                0x00000000080045ac       0x1e .pioenvs/bluepill_f103c8/libb45/libbootloader.a(ghostfat.o)
                                         0x22 (size before relaxing)
 *fill*         0x00000000080045ca        0x2 
 .rodata.infoUf2File
                0x00000000080045cc       0x55 .pioenvs/bluepill_f103c8/libb45/libbootloader.a(ghostfat.o)
                0x00000000080045cc                infoUf2File
                0x0000000008004624                . = ALIGN (0x4)
 *fill*         0x0000000008004621        0x3 
                0x0000000008004624                _boot_etext = .

.text           0x0000000008004c00     0x3a6c
                0x0000000008004c00                . = ALIGN (0x4)
                0x0000000008004c00                _text = .
 *(SORT_BY_ALIGNMENT(.text.application_start))
 .text.application_start
                0x0000000008004c00       0x88 .pioenvs/bluepill_f103c8/lib739/libcm.a(application.o)
                0x0000000008004c00                application_start
 *(SORT_BY_ALIGNMENT(.text.main))
 .text.main     0x0000000008004c88       0x14 .pioenvs/bluepill_f103c8/src/main.o
                0x0000000008004c88                main
 *(SORT_BY_ALIGNMENT(.text.startup.main))
 *(SORT_BY_ALIGNMENT(.text*))
 .text._ZN5codal14CodalComponent4initEv
                0x0000000008004c9c        0x8 .pioenvs/bluepill_f103c8/src/main.o
                0x0000000008004c9c                codal::CodalComponent::init()
 .text._ZL10debug_dumpRN5codal13STM32BluePillEPKc
                0x0000000008004ca4       0x7c .pioenvs/bluepill_f103c8/src/main.o
 .text._Z41__static_initialization_and_destruction_0ii
                0x0000000008004d20       0x30 .pioenvs/bluepill_f103c8/src/main.o
 .text._ZN5codal14CodalComponentD2Ev
                0x0000000008004d50       0x18 .pioenvs/bluepill_f103c8/src/main.o
                0x0000000008004d50                codal::CodalComponent::~CodalComponent()
                0x0000000008004d50                codal::CodalComponent::~CodalComponent()
 .text._ZN5codal14CodalComponentD0Ev
                0x0000000008004d68       0x20 .pioenvs/bluepill_f103c8/src/main.o
                0x0000000008004d68                codal::CodalComponent::~CodalComponent()
 .text._Z10Blink_mainRN5codal13STM32BluePillE
                0x0000000008004d88       0x70 .pioenvs/bluepill_f103c8/src/main.o
                0x0000000008004d88                Blink_main(codal::STM32BluePill&)
 .text._ZN5codal13STM32BluePillD2Ev
                0x0000000008004df8       0x4c .pioenvs/bluepill_f103c8/src/main.o
                0x0000000008004df8                codal::STM32BluePill::~STM32BluePill()
                0x0000000008004df8                codal::STM32BluePill::~STM32BluePill()
 .text._ZN5codal13STM32BluePillD0Ev
                0x0000000008004e44       0x54 .pioenvs/bluepill_f103c8/src/main.o
                0x0000000008004e44                codal::STM32BluePill::~STM32BluePill()
 .text._Z41__static_initialization_and_destruction_0ii
                0x0000000008004e98       0x24 .pioenvs/bluepill_f103c8/src/uart.o
 .text._Z18component_callbackN5codal5EventE
                0x0000000008004ebc       0x68 .pioenvs/bluepill_f103c8/lib3e7/libcodal-core.a(CodalComponent.o)
                0x0000000008004ebc                component_callback(codal::Event)
 .text._ZN5codal14CodalComponent12addComponentEv
                0x0000000008004f24       0xcc .pioenvs/bluepill_f103c8/lib3e7/libcodal-core.a(CodalComponent.o)
                0x0000000008004f24                codal::CodalComponent::addComponent()
 .text._ZN5codal14CodalComponent15removeComponentEv
                0x0000000008004ff0       0x28 .pioenvs/bluepill_f103c8/lib3e7/libcodal-core.a(CodalComponent.o)
                0x0000000008004ff0                codal::CodalComponent::removeComponent()
 .text.codal_dmesg_flush
                0x0000000008005018       0x10 .pioenvs/bluepill_f103c8/lib3e7/libcodal-core.a(CodalDmesg.o)
                0x0000000008005018                codal_dmesg_flush
 .text._ZN5codal14scheduler_tickENS_5EventE
                0x0000000008005028       0x3c .pioenvs/bluepill_f103c8/lib3e7/libcodal-core.a(CodalFiber.o)
                0x0000000008005028                codal::scheduler_tick(codal::Event)
 .text._ZN5codal15scheduler_eventENS_5EventE
                0x0000000008005064       0xc0 .pioenvs/bluepill_f103c8/lib3e7/libcodal-core.a(CodalFiber.o)
                0x0000000008005064                codal::scheduler_event(codal::Event)
 .text._Z15getFiberContextv
                0x0000000008005124       0x58 .pioenvs/bluepill_f103c8/lib3e7/libcodal-core.a(CodalFiber.o)
                0x0000000008005124                getFiberContext()
 .text._ZL10handle_fobv
                0x000000000800517c       0x34 .pioenvs/bluepill_f103c8/lib3e7/libcodal-core.a(CodalFiber.o)
 .text._ZN5codal23fiber_scheduler_runningEv
                0x00000000080051b0       0x18 .pioenvs/bluepill_f103c8/lib3e7/libcodal-core.a(CodalFiber.o)
                0x00000000080051b0                codal::fiber_scheduler_running()
 .text._ZN5codal14scheduler_initERNS_10EventModelE
                0x00000000080051c8      0x11c .pioenvs/bluepill_f103c8/lib3e7/libcodal-core.a(CodalFiber.o)
                0x00000000080051c8                codal::scheduler_init(codal::EventModel&)
 .text._ZN5codal19fiber_wake_on_eventEtt
                0x00000000080052e4       0x90 .pioenvs/bluepill_f103c8/lib3e7/libcodal-core.a(CodalFiber.o)
                0x00000000080052e4                codal::fiber_wake_on_event(unsigned short, unsigned short)
 .text._Z14__create_fibermmmi
                0x0000000008005374       0x68 .pioenvs/bluepill_f103c8/lib3e7/libcodal-core.a(CodalFiber.o)
                0x0000000008005374                __create_fiber(unsigned long, unsigned long, unsigned long, int)
 .text._ZN5codal24scheduler_runqueue_emptyEv
                0x00000000080053dc       0x10 .pioenvs/bluepill_f103c8/lib3e7/libcodal-core.a(CodalFiber.o)
                0x00000000080053dc                codal::scheduler_runqueue_empty()
 .text._ZN5codal4idleEv
                0x00000000080053ec       0x44 .pioenvs/bluepill_f103c8/lib3e7/libcodal-core.a(CodalFiber.o)
                0x00000000080053ec                codal::idle()
 .text._ZN5codal8scheduleEv
                0x0000000008005430      0x1b8 .pioenvs/bluepill_f103c8/lib3e7/libcodal-core.a(CodalFiber.o)
                0x0000000008005430                codal::schedule()
 .text._ZN5codal11fiber_sleepEm
                0x00000000080055e8       0x38 .pioenvs/bluepill_f103c8/lib3e7/libcodal-core.a(CodalFiber.o)
                0x00000000080055e8                codal::fiber_sleep(unsigned long)
 .text._ZN5codal13release_fiberEv
                0x0000000008005620       0x70 .pioenvs/bluepill_f103c8/lib3e7/libcodal-core.a(CodalFiber.o)
                0x0000000008005620                codal::release_fiber()
 .text._ZN5codal6invokeEPFvPvES0_
                0x0000000008005690       0x90 .pioenvs/bluepill_f103c8/lib3e7/libcodal-core.a(CodalFiber.o)
                0x0000000008005690                codal::invoke(void (*)(void*), void*)
 .text._Z18device_create_heapmm
                0x0000000008005720       0x3c .pioenvs/bluepill_f103c8/lib3e7/libcodal-core.a(CodalHeapAllocator.o)
                0x0000000008005720                device_create_heap(unsigned long, unsigned long)
 .text.device_malloc
                0x000000000800575c       0x54 .pioenvs/bluepill_f103c8/lib3e7/libcodal-core.a(CodalHeapAllocator.o)
                0x000000000800575c                malloc
                0x000000000800575c                device_malloc
 .text.device_free
                0x00000000080057b0       0x44 .pioenvs/bluepill_f103c8/lib3e7/libcodal-core.a(CodalHeapAllocator.o)
                0x00000000080057b0                device_free
                0x00000000080057b0                free
 .text._ZN5codal6SerialC2ERNS_3PinES2_hht
                0x00000000080057f4       0x60 .pioenvs/bluepill_f103c8/lib3e7/libcodal-core.a(Serial.o)
                0x00000000080057f4                codal::Serial::Serial(codal::Pin&, codal::Pin&, unsigned char, unsigned char, unsigned short)
                0x00000000080057f4                codal::Serial::Serial(codal::Pin&, codal::Pin&, unsigned char, unsigned char, unsigned short)
 .text._ZN5codal6SerialD2Ev
                0x0000000008005854       0x28 .pioenvs/bluepill_f103c8/lib3e7/libcodal-core.a(Serial.o)
                0x0000000008005854                codal::Serial::~Serial()
                0x0000000008005854                codal::Serial::~Serial()
 .text._ZN5codal5TimerC2Ev
                0x000000000800587c       0x34 .pioenvs/bluepill_f103c8/lib3e7/libcodal-core.a(Timer.o)
                0x000000000800587c                codal::Timer::Timer()
                0x000000000800587c                codal::Timer::Timer()
 .text._ZN5codal5Timer7triggerEv
                0x00000000080058b0       0xbc .pioenvs/bluepill_f103c8/lib3e7/libcodal-core.a(Timer.o)
                0x00000000080058b0                codal::Timer::trigger()
 .text._ZN5codal25system_timer_current_timeEv
                0x000000000800596c       0x18 .pioenvs/bluepill_f103c8/lib3e7/libcodal-core.a(Timer.o)
                0x000000000800596c                codal::system_timer_current_time()
 .text._ZN5codal27system_timer_event_every_usEmtt
                0x0000000008005984       0x24 .pioenvs/bluepill_f103c8/lib3e7/libcodal-core.a(Timer.o)
                0x0000000008005984                codal::system_timer_event_every_us(unsigned long, unsigned short, unsigned short)
 .text._ZN5codal10EventModel4sendENS_5EventE
                0x00000000080059a8       0x14 .pioenvs/bluepill_f103c8/lib3e7/libcodal-core.a(MessageBus.o)
                0x00000000080059a8                codal::EventModel::send(codal::Event)
 .text._ZN5codal10EventModel3addEPNS_8ListenerE
                0x00000000080059bc        0x8 .pioenvs/bluepill_f103c8/lib3e7/libcodal-core.a(MessageBus.o)
                0x00000000080059bc                codal::EventModel::add(codal::Listener*)
 .text._ZN5codal10EventModel6removeEPNS_8ListenerE
                0x00000000080059c4        0x8 .pioenvs/bluepill_f103c8/lib3e7/libcodal-core.a(MessageBus.o)
                0x00000000080059c4                codal::EventModel::remove(codal::Listener*)
 .text._ZN5codal10MessageBus3addEPNS_8ListenerE
                0x00000000080059cc       0xe8 .pioenvs/bluepill_f103c8/lib3e7/libcodal-core.a(MessageBus.o)
                0x00000000080059cc                codal::MessageBus::add(codal::Listener*)
 .text._ZN5codal10MessageBus7processERNS_5EventEb
                0x0000000008005ab4       0x88 .pioenvs/bluepill_f103c8/lib3e7/libcodal-core.a(MessageBus.o)
                0x0000000008005ab4                codal::MessageBus::process(codal::Event&, bool)
 .text._ZN5codal19allocateNotifyEventEv
                0x0000000008005b3c       0x10 .pioenvs/bluepill_f103c8/lib3e7/libcodal-core.a(MessageBus.o)
                0x0000000008005b3c                codal::allocateNotifyEvent()
 .text._ZN5codal22MemberFunctionCallbackC2INS_10MessageBusEEEPT_MS3_FvNS_5EventEE
                0x0000000008005b4c       0x30 .pioenvs/bluepill_f103c8/lib3e7/libcodal-core.a(MessageBus.o)
                0x0000000008005b4c                codal::MemberFunctionCallback::MemberFunctionCallback<codal::MessageBus>(codal::MessageBus*, void (codal::MessageBus::*)(codal::Event))
                0x0000000008005b4c                codal::MemberFunctionCallback::MemberFunctionCallback<codal::MessageBus>(codal::MessageBus*, void (codal::MessageBus::*)(codal::Event))
 .text._ZN5codal10EventModel6listenINS_10MessageBusEEEittPT_MS3_FvNS_5EventEEt
                0x0000000008005b7c       0x8c .pioenvs/bluepill_f103c8/lib3e7/libcodal-core.a(MessageBus.o)
                0x0000000008005b7c                int codal::EventModel::listen<codal::MessageBus>(unsigned short, unsigned short, codal::MessageBus*, void (codal::MessageBus::*)(codal::Event), unsigned short)
 .text._ZN5codal10MessageBusC2Ev
                0x0000000008005c08       0x74 .pioenvs/bluepill_f103c8/lib3e7/libcodal-core.a(MessageBus.o)
                0x0000000008005c08                codal::MessageBus::MessageBus()
                0x0000000008005c08                codal::MessageBus::MessageBus()
 .text._ZN5codal10MessageBusD2Ev
                0x0000000008005c7c       0x50 .pioenvs/bluepill_f103c8/lib3e7/libcodal-core.a(MessageBus.o)
                0x0000000008005c7c                codal::MessageBus::~MessageBus()
                0x0000000008005c7c                codal::MessageBus::~MessageBus()
 .text._ZN5codal5Event4fireEv
                0x0000000008005ccc       0x1c .pioenvs/bluepill_f103c8/lib3e7/libcodal-core.a(Event.o)
                0x0000000008005ccc                codal::Event::fire()
 .text._ZN5codal13ManagedString9initEmptyEv
                0x0000000008005ce8        0xc .pioenvs/bluepill_f103c8/lib3e7/libcodal-core.a(ManagedString.o)
                0x0000000008005ce8                codal::ManagedString::initEmpty()
 .text._Z41__static_initialization_and_destruction_0ii
                0x0000000008005cf4       0x38 .pioenvs/bluepill_f103c8/lib3e7/libcodal-core.a(ManagedString.o)
 .text._ZN5codal4itoaEiPc
                0x0000000008005d2c       0x68 .pioenvs/bluepill_f103c8/lib3e7/libcodal-core.a(CodalCompat.o)
                0x0000000008005d2c                codal::itoa(int, char*)
 .text._ZN5codal3_cm3Pin14setAnalogValueEi
                0x0000000008005d94       0x20 .pioenvs/bluepill_f103c8/lib739/libcm.a(CmPin.o)
                0x0000000008005d94                codal::_cm::Pin::setAnalogValue(int)
 .text._ZN5codal3_cm3Pin9isTouchedEv
                0x0000000008005db4        0x8 .pioenvs/bluepill_f103c8/lib739/libcm.a(CmPin.o)
                0x0000000008005db4                codal::_cm::Pin::isTouched()
 .text._ZN5codal3_cm3Pin17getAnalogPeriodUsEv
                0x0000000008005dbc        0x8 .pioenvs/bluepill_f103c8/lib739/libcm.a(CmPin.o)
                0x0000000008005dbc                codal::_cm::Pin::getAnalogPeriodUs()
 .text._ZN5codal3_cm3Pin15getAnalogPeriodEv
                0x0000000008005dc4       0x18 .pioenvs/bluepill_f103c8/lib739/libcm.a(CmPin.o)
                0x0000000008005dc4                codal::_cm::Pin::getAnalogPeriod()
 .text._ZN5codal3_cm3Pin15setDigitalValueEi
                0x0000000008005ddc       0x58 .pioenvs/bluepill_f103c8/lib739/libcm.a(CmPin.o)
                0x0000000008005ddc                codal::_cm::Pin::setDigitalValue(int)
 .text._ZN5codal3_cm3PinC2EhmmtNS_13PinCapabilityE
                0x0000000008005e34       0x2c .pioenvs/bluepill_f103c8/lib739/libcm.a(CmPin.o)
                0x0000000008005e34                codal::_cm::Pin::Pin(unsigned char, unsigned long, unsigned long, unsigned short, codal::PinCapability)
                0x0000000008005e34                codal::_cm::Pin::Pin(unsigned char, unsigned long, unsigned long, unsigned short, codal::PinCapability)
 .text._ZN5codal3_cm3Pin13setServoValueEiii
                0x0000000008005e60       0x78 .pioenvs/bluepill_f103c8/lib739/libcm.a(CmPin.o)
                0x0000000008005e60                codal::_cm::Pin::setServoValue(int, int, int)
 .text._ZN5codal3_cm6SerialD2Ev
                0x0000000008005ed8       0x14 .pioenvs/bluepill_f103c8/lib739/libcm.a(CmSerial.o)
                0x0000000008005ed8                codal::_cm::Serial::~Serial()
                0x0000000008005ed8                codal::_cm::Serial::~Serial()
 .text._ZN5codal3_cm6SerialD0Ev
                0x0000000008005eec       0x1c .pioenvs/bluepill_f103c8/lib739/libcm.a(CmSerial.o)
                0x0000000008005eec                codal::_cm::Serial::~Serial()
 .text._ZN5codal3_cm6SerialC2ERNS0_3PinES3_hh
                0x0000000008005f08       0x50 .pioenvs/bluepill_f103c8/lib739/libcm.a(CmSerial.o)
                0x0000000008005f08                codal::_cm::Serial::Serial(codal::_cm::Pin&, codal::_cm::Pin&, unsigned char, unsigned char)
                0x0000000008005f08                codal::_cm::Serial::Serial(codal::_cm::Pin&, codal::_cm::Pin&, unsigned char, unsigned char)
 .text._ZN5codal3_cm14alarm_callbackEv
                0x0000000008005f58       0x30 .pioenvs/bluepill_f103c8/lib739/libcm.a(CmTimer.o)
                0x0000000008005f58                codal::_cm::alarm_callback()
 .text._ZN5codal3_cmL10timer_taskEv
                0x0000000008005f88       0x6c .pioenvs/bluepill_f103c8/lib739/libcm.a(CmTimer.o)
 .text._ZN5codal3_cm5Timer9triggerInEm
                0x0000000008005ff4       0x24 .pioenvs/bluepill_f103c8/lib739/libcm.a(CmTimer.o)
                0x0000000008005ff4                codal::_cm::Timer::triggerIn(unsigned long)
 .text._ZN5codal3_cm5Timer11syncRequestEv
                0x0000000008006018       0x48 .pioenvs/bluepill_f103c8/lib739/libcm.a(CmTimer.o)
                0x0000000008006018                codal::_cm::Timer::syncRequest()
 .text._ZN5codal3_cm5TimerC2Ev
                0x0000000008006060       0x2c .pioenvs/bluepill_f103c8/lib739/libcm.a(CmTimer.o)
                0x0000000008006060                codal::_cm::Timer::Timer()
                0x0000000008006060                codal::_cm::Timer::Timer()
 .text._ZN5codal3_cm5Timer4initEv
                0x000000000800608c       0x88 .pioenvs/bluepill_f103c8/lib739/libcm.a(CmTimer.o)
                0x000000000800608c                codal::_cm::Timer::init()
 .text._ZL8pre_mainv
                0x0000000008006114       0x48 .pioenvs/bluepill_f103c8/lib739/libcm.a(application.o)
 .text._ZN5codal13STM32BluePill4initEv
                0x000000000800615c       0x80 .pioenvs/bluepill_f103c8/lib2eb/libmodel.a(STM32BluePill.o)
                0x000000000800615c                codal::STM32BluePill::init()
 .text._ZN5codal13STM32BluePillC2Ev
                0x00000000080061dc       0xa8 .pioenvs/bluepill_f103c8/lib2eb/libmodel.a(STM32BluePill.o)
                0x00000000080061dc                codal::STM32BluePill::STM32BluePill()
                0x00000000080061dc                codal::STM32BluePill::STM32BluePill()
 .text._ZN5codal15STM32BluePillIOC2Ev
                0x0000000008006284      0xb58 .pioenvs/bluepill_f103c8/lib2eb/libmodel.a(STM32BluePillIO.o)
                0x0000000008006284                codal::STM32BluePillIO::STM32BluePillIO()
                0x0000000008006284                codal::STM32BluePillIO::STM32BluePillIO()
 .text._Z41__static_initialization_and_destruction_0ii
                0x0000000008006ddc       0x1c .pioenvs/bluepill_f103c8/lib33e/libuartint.a(uartint.o)
 .text.usart2_isr
                0x0000000008006df8       0x5c .pioenvs/bluepill_f103c8/lib33e/libuartint.a(uartint.o)
                0x0000000008006df8                usart2_isr
 .text._ZN5codal3_cm3I2CC2ERNS_3PinES3_
                0x0000000008006e54       0x1c .pioenvs/bluepill_f103c8/lib739/libcm.a(CmI2C.o)
                0x0000000008006e54                codal::_cm::I2C::I2C(codal::Pin&, codal::Pin&)
                0x0000000008006e54                codal::_cm::I2C::I2C(codal::Pin&, codal::Pin&)
 .text._ZN5codal3_cm3SPI4initEv
                0x0000000008006e70       0x5c .pioenvs/bluepill_f103c8/lib739/libcm.a(CmSPI.o)
                0x0000000008006e70                codal::_cm::SPI::init()
 .text._ZN5codal3_cm3SPIC2ERNS0_3PinES3_S3_S3_
                0x0000000008006ecc       0x9c .pioenvs/bluepill_f103c8/lib739/libcm.a(CmSPI.o)
                0x0000000008006ecc                codal::_cm::SPI::SPI(codal::_cm::Pin&, codal::_cm::Pin&, codal::_cm::Pin&, codal::_cm::Pin&)
                0x0000000008006ecc                codal::_cm::SPI::SPI(codal::_cm::Pin&, codal::_cm::Pin&, codal::_cm::Pin&, codal::_cm::Pin&)
 .text.pinmap_peripheral
                0x0000000008006f68       0x2c .pioenvs/bluepill_f103c8/lib739/libcm.a(CmPinMap.o)
                0x0000000008006f68                pinmap_peripheral
 .text.pinmap_mode
                0x0000000008006f94       0x28 .pioenvs/bluepill_f103c8/lib739/libcm.a(CmPinMap.o)
                0x0000000008006f94                pinmap_mode
 .text.pinmap_cnf
                0x0000000008006fbc       0x28 .pioenvs/bluepill_f103c8/lib739/libcm.a(CmPinMap.o)
                0x0000000008006fbc                pinmap_cnf
 .text._ZN5codal3I2CC2ERNS_3PinES2_
                0x0000000008006fe4        0xc .pioenvs/bluepill_f103c8/lib3e7/libcodal-core.a(I2C.o)
                0x0000000008006fe4                codal::I2C::I2C(codal::Pin&, codal::Pin&)
                0x0000000008006fe4                codal::I2C::I2C(codal::Pin&, codal::Pin&)
 .text._ZN5codal14CodalComponent16periodicCallbackEv
                0x0000000008006ff0        0x2 .pioenvs/bluepill_f103c8/src/main.o
                0x0000000008006ff0                codal::CodalComponent::periodicCallback()
 .text._ZN5codal14CodalComponent12idleCallbackEv
                0x0000000008006ff2        0x2 .pioenvs/bluepill_f103c8/src/main.o
                0x0000000008006ff2                codal::CodalComponent::idleCallback()
 .text._GLOBAL__sub_I_bluepill
                0x0000000008006ff4        0xe .pioenvs/bluepill_f103c8/src/main.o
 .text._GLOBAL__sub_I_serialPort
                0x0000000008007002        0xe .pioenvs/bluepill_f103c8/src/uart.o
 .text._ZN5codal11queue_fiberEPNS_5FiberEPS1_
                0x0000000008007010       0x2e .pioenvs/bluepill_f103c8/lib3e7/libcodal-core.a(CodalFiber.o)
                0x0000000008007010                codal::queue_fiber(codal::Fiber*, codal::Fiber**)
 .text._ZN5codal13dequeue_fiberEPNS_5FiberE
                0x000000000800703e       0x34 .pioenvs/bluepill_f103c8/lib3e7/libcodal-core.a(CodalFiber.o)
                0x000000000800703e                codal::dequeue_fiber(codal::Fiber*)
 .text._ZN5codal12create_fiberEPFvPvES0_S2_
                0x0000000008007072       0x20 .pioenvs/bluepill_f103c8/lib3e7/libcodal-core.a(CodalFiber.o)
                0x0000000008007072                codal::create_fiber(void (*)(void*), void*, void (*)(void*))
 .text._ZN5codal20fiber_wait_for_eventEtt
                0x0000000008007092       0x14 .pioenvs/bluepill_f103c8/lib3e7/libcodal-core.a(CodalFiber.o)
                0x0000000008007092                codal::fiber_wait_for_event(unsigned short, unsigned short)
 .text._ZN5codal16launch_new_fiberEPFvvES1_
                0x00000000080070a6        0xe .pioenvs/bluepill_f103c8/lib3e7/libcodal-core.a(CodalFiber.o)
                0x00000000080070a6                codal::launch_new_fiber(void (*)(), void (*)())
 .text._ZN5codal13release_fiberEPv
                0x00000000080070b4       0x10 .pioenvs/bluepill_f103c8/lib3e7/libcodal-core.a(CodalFiber.o)
                0x00000000080070b4                codal::release_fiber(void*)
 .text._ZN5codal22launch_new_fiber_paramEPFvPvES2_S0_
                0x00000000080070c4       0x18 .pioenvs/bluepill_f103c8/lib3e7/libcodal-core.a(CodalFiber.o)
                0x00000000080070c4                codal::launch_new_fiber_param(void (*)(void*), void (*)(void*), void*)
 .text._ZN5codal9idle_taskEv
                0x00000000080070dc        0xc .pioenvs/bluepill_f103c8/lib3e7/libcodal-core.a(CodalFiber.o)
                0x00000000080070dc                codal::idle_task()
 .text._Z16device_malloc_injR14HeapDefinition
                0x00000000080070e8       0xa0 .pioenvs/bluepill_f103c8/lib3e7/libcodal-core.a(CodalHeapAllocator.o)
                0x00000000080070e8                device_malloc_in(unsigned int, HeapDefinition&)
 .text._ZN5codal8ListenerC2EttPFvNS_5EventEEt
                0x0000000008007188       0x28 .pioenvs/bluepill_f103c8/lib3e7/libcodal-core.a(CodalListener.o)
                0x0000000008007188                codal::Listener::Listener(unsigned short, unsigned short, void (*)(codal::Event), unsigned short)
                0x0000000008007188                codal::Listener::Listener(unsigned short, unsigned short, void (*)(codal::Event), unsigned short)
 .text._ZN5codal8ListenerD2Ev
                0x00000000080071b0       0x18 .pioenvs/bluepill_f103c8/lib3e7/libcodal-core.a(CodalListener.o)
                0x00000000080071b0                codal::Listener::~Listener()
                0x00000000080071b0                codal::Listener::~Listener()
 .text._ZN5codal8Listener5queueENS_5EventE
                0x00000000080071c8       0x62 .pioenvs/bluepill_f103c8/lib3e7/libcodal-core.a(CodalListener.o)
                0x00000000080071c8                codal::Listener::queue(codal::Event)
 .text._ZN5codal6Serial6lockRxEv
                0x000000000800722a        0xa .pioenvs/bluepill_f103c8/lib3e7/libcodal-core.a(Serial.o)
                0x000000000800722a                codal::Serial::lockRx()
 .text._ZN5codal6Serial8unlockRxEv
                0x0000000008007234        0xa .pioenvs/bluepill_f103c8/lib3e7/libcodal-core.a(Serial.o)
                0x0000000008007234                codal::Serial::unlockRx()
 .text._ZN5codal6Serial12initialiseRxEv
                0x000000000800723e       0x50 .pioenvs/bluepill_f103c8/lib3e7/libcodal-core.a(Serial.o)
                0x000000000800723e                codal::Serial::initialiseRx()
 .text._ZN5codal6Serial12circularCopyEPhhS1_tt
                0x000000000800728e       0x28 .pioenvs/bluepill_f103c8/lib3e7/libcodal-core.a(Serial.o)
                0x000000000800728e                codal::Serial::circularCopy(unsigned char*, unsigned char, unsigned char*, unsigned short, unsigned short)
 .text._ZN5codal6Serial7eventOnENS_13ManagedStringENS_10SerialModeE
                0x00000000080072b6       0x2a .pioenvs/bluepill_f103c8/lib3e7/libcodal-core.a(Serial.o)
                0x00000000080072b6                codal::Serial::eventOn(codal::ManagedString, codal::SerialMode)
 .text._ZN5codal6Serial7rxInUseEv
                0x00000000080072e0        0x8 .pioenvs/bluepill_f103c8/lib3e7/libcodal-core.a(Serial.o)
                0x00000000080072e0                codal::Serial::rxInUse()
 .text._ZN5codal6Serial9readUntilENS_13ManagedStringENS_10SerialModeE
                0x00000000080072e8      0x1cc .pioenvs/bluepill_f103c8/lib3e7/libcodal-core.a(Serial.o)
                0x00000000080072e8                codal::Serial::readUntil(codal::ManagedString, codal::SerialMode)
 .text._ZN5codal5Timer17disableInterruptsEv
                0x00000000080074b4        0xa .pioenvs/bluepill_f103c8/lib3e7/libcodal-core.a(Timer.o)
                0x00000000080074b4                codal::Timer::disableInterrupts()
 .text._ZN5codal5Timer16enableInterruptsEv
                0x00000000080074be        0xa .pioenvs/bluepill_f103c8/lib3e7/libcodal-core.a(Timer.o)
                0x00000000080074be                codal::Timer::enableInterrupts()
 .text._ZN5codal5Timer13getTimerEventEv
                0x00000000080074c8       0x24 .pioenvs/bluepill_f103c8/lib3e7/libcodal-core.a(Timer.o)
                0x00000000080074c8                codal::Timer::getTimerEvent()
 .text._ZN5codal5Timer17releaseTimerEventEPNS_10TimerEventE
                0x00000000080074ec       0x12 .pioenvs/bluepill_f103c8/lib3e7/libcodal-core.a(Timer.o)
                0x00000000080074ec                codal::Timer::releaseTimerEvent(codal::TimerEvent*)
 .text._ZN5codal5Timer7getTimeEv
                0x00000000080074fe        0xe .pioenvs/bluepill_f103c8/lib3e7/libcodal-core.a(Timer.o)
                0x00000000080074fe                codal::Timer::getTime()
 .text._ZN5codal5Timer9getTimeUsEv
                0x000000000800750c        0xe .pioenvs/bluepill_f103c8/lib3e7/libcodal-core.a(Timer.o)
                0x000000000800750c                codal::Timer::getTimeUs()
 .text._ZN5codal5Timer8setEventEmttb
                0x000000000800751a       0x6a .pioenvs/bluepill_f103c8/lib3e7/libcodal-core.a(Timer.o)
                0x000000000800751a                codal::Timer::setEvent(unsigned long, unsigned short, unsigned short, bool)
 .text._ZN5codal5Timer12eventEveryUsEmtt
                0x0000000008007584       0x10 .pioenvs/bluepill_f103c8/lib3e7/libcodal-core.a(Timer.o)
                0x0000000008007584                codal::Timer::eventEveryUs(unsigned long, unsigned short, unsigned short)
 .text._ZN5codal5Timer4syncEm
                0x0000000008007594       0x24 .pioenvs/bluepill_f103c8/lib3e7/libcodal-core.a(Timer.o)
                0x0000000008007594                codal::Timer::sync(unsigned long)
 .text._ZN5codal5TimerD2Ev
                0x00000000080075b8        0x2 .pioenvs/bluepill_f103c8/lib3e7/libcodal-core.a(Timer.o)
                0x00000000080075b8                codal::Timer::~Timer()
                0x00000000080075b8                codal::Timer::~Timer()
 .text._ZN5codal10MessageBus9elementAtEi
                0x00000000080075ba       0x10 .pioenvs/bluepill_f103c8/lib3e7/libcodal-core.a(MessageBus.o)
                0x00000000080075ba                codal::MessageBus::elementAt(int)
 .text._ZN5codal22MemberFunctionCallback10methodCallINS_10MessageBusEEEvPvPmNS_5EventE
                0x00000000080075ca       0x36 .pioenvs/bluepill_f103c8/lib3e7/libcodal-core.a(MessageBus.o)