Archive member included to satisfy reference by file (symbol)

.pioenvs/bluepill_f103c8/libd9b/liblogger.a(logger.o)
                              .pioenvs/bluepill_f103c8/libccd/hal/codal_target_hal.o (debug_flush)
.pioenvs/bluepill_f103c8/lib98a/libnewlib.a(strlen.o)
                              .pioenvs/bluepill_f103c8/src/aggregate.o (strlen)
.pioenvs/bluepill_f103c8/lib98a/libnewlib.a(strncat.o)
                              .pioenvs/bluepill_f103c8/src/wisol.o (strncat)
.pioenvs/bluepill_f103c8/lib98a/libnewlib.a(strncmp.o)
                              .pioenvs/bluepill_f103c8/src/aggregate.o (strncmp)
.pioenvs/bluepill_f103c8/lib98a/libnewlib.a(strncpy.o)
                              .pioenvs/bluepill_f103c8/src/aggregate.o (strncpy)
.pioenvs/bluepill_f103c8/lib98a/libnewlib.a(strstr.o)
                              .pioenvs/bluepill_f103c8/src/wisol.o (strstr)
.pioenvs/bluepill_f103c8/lib271/libbluepill.a(bluepill.o)
                              .pioenvs/bluepill_f103c8/libccd/hal/codal_target_hal.o (platform_setup)
.pioenvs/bluepill_f103c8/lib271/libbluepill.a(led.o)
                              .pioenvs/bluepill_f103c8/lib271/libbluepill.a(bluepill.o) (led_setup)
.pioenvs/bluepill_f103c8/lib271/libbluepill.a(timer.o)
                              .pioenvs/bluepill_f103c8/libccd/hal/codal_target_hal.o (platform_start_timer)
.pioenvs/bluepill_f103c8/libea7/libcocoOS_5.0.3.a(os_event.o)
                              .pioenvs/bluepill_f103c8/src/wisol.o (event_create)
.pioenvs/bluepill_f103c8/libea7/libcocoOS_5.0.3.a(os_kernel.o)
                              .pioenvs/bluepill_f103c8/libccd/hal/codal_target_hal.o (os_init)
.pioenvs/bluepill_f103c8/libea7/libcocoOS_5.0.3.a(os_msgqueue.o)
                              .pioenvs/bluepill_f103c8/libea7/libcocoOS_5.0.3.a(os_kernel.o) (os_msgQ_init)
.pioenvs/bluepill_f103c8/libea7/libcocoOS_5.0.3.a(os_sem.o)
                              .pioenvs/bluepill_f103c8/libea7/libcocoOS_5.0.3.a(os_kernel.o) (os_sem_init)
.pioenvs/bluepill_f103c8/libea7/libcocoOS_5.0.3.a(os_task.o)
                              .pioenvs/bluepill_f103c8/libea7/libcocoOS_5.0.3.a(os_kernel.o) (os_task_init)
.pioenvs/bluepill_f103c8/libea7/libcocoOS_5.0.3.a(os_assert.o)
                              .pioenvs/bluepill_f103c8/libea7/libcocoOS_5.0.3.a(os_event.o) (os_on_assert)
.pioenvs/bluepill_f103c8/libea7/libcocoOS_5.0.3.a(os_cbk.o)
                              .pioenvs/bluepill_f103c8/libea7/libcocoOS_5.0.3.a(os_kernel.o) (os_cbkSleep)
.pioenvs/bluepill_f103c8/lib3e7/libcodal-core.a(CodalDmesg.o)
                              .pioenvs/bluepill_f103c8/libccd/hal/codal_target_hal.o (codalLogStore)
.pioenvs/bluepill_f103c8/lib3e7/libcodal-core.a(CodalFiber.o)
                              .pioenvs/bluepill_f103c8/src/main.o (codal::fiber_sleep(unsigned long))
.pioenvs/bluepill_f103c8/lib3e7/libcodal-core.a(CodalHeapAllocator.o)
                              .pioenvs/bluepill_f103c8/libccd/hal/codal_target_hal.o (malloc)
.pioenvs/bluepill_f103c8/lib3e7/libcodal-core.a(CodalListener.o)
                              .pioenvs/bluepill_f103c8/lib3e7/libcodal-core.a(CodalFiber.o) (codal::Listener::Listener(unsigned short, unsigned short, void (*)(codal::Event), unsigned short))
.pioenvs/bluepill_f103c8/lib3e7/libcodal-core.a(Timer.o)
                              .pioenvs/bluepill_f103c8/src/main.o (codal::Timer::getTime())
.pioenvs/bluepill_f103c8/lib3e7/libcodal-core.a(Event.o)
                              .pioenvs/bluepill_f103c8/lib3e7/libcodal-core.a(CodalListener.o) (codal::Event::Event())
.pioenvs/bluepill_f103c8/lib3e7/libcodal-core.a(CodalCompat.o)
                              .pioenvs/bluepill_f103c8/lib3e7/libcodal-core.a(CodalDmesg.o) (codal::itoa(int, char*))
.pioenvs/bluepill_f103c8/lib739/libcm.a(CmPin.o)
                              .pioenvs/bluepill_f103c8/src/main.o (codal::_cm::Pin::setDigitalValue(int))
.pioenvs/bluepill_f103c8/lib739/libcm.a(application.o)
                              .pioenvs/bluepill_f103c8/libccd/hal/reset_handler.o (application_start)
.pioenvs/bluepill_f103c8/lib2eb/libmodel.a(STM32BluePill.o)
                              .pioenvs/bluepill_f103c8/src/main.o (codal::STM32BluePill::init())
.pioenvs/bluepill_f103c8/lib2eb/libmodel.a(STM32BluePillIO.o)
                              .pioenvs/bluepill_f103c8/lib2eb/libmodel.a(STM32BluePill.o) (codal::STM32BluePillIO::STM32BluePillIO())
.pioenvs/bluepill_f103c8/lib33e/libuartint.a(uartint.o)
                              .pioenvs/bluepill_f103c8/src/uart.o (UARTInterface::UARTInterface(unsigned int, unsigned int))
.pioenvs/bluepill_f103c8/libFrameworkLibOpenCM3.a(gpio.o)
                              .pioenvs/bluepill_f103c8/lib271/libbluepill.a(led.o) (gpio_set_mode)
.pioenvs/bluepill_f103c8/libFrameworkLibOpenCM3.a(rcc.o)
                              .pioenvs/bluepill_f103c8/lib271/libbluepill.a(timer.o) (rcc_enable_rtc_clock)
.pioenvs/bluepill_f103c8/libFrameworkLibOpenCM3.a(rtc.o)
[...]
Memory Configuration

Name             Origin             Length             Attributes
bootrom          0x0000000008000000 0x0000000000006000 xr
rom              0x0000000008006000 0x000000000000a000 xr
bootram          0x0000000020000000 0x0000000000002800 xrw
ram              0x0000000020002800 0x0000000000002800 xrw
*default*        0x0000000000000000 0xffffffffffffffff

Linker script and memory map


/DISCARD/
 *(SORT_BY_ALIGNMENT(.data.impure_data))
 *(SORT_BY_ALIGNMENT(.data._impure_ptr))

.boot_text      0x0000000008000000     0x10f8
                0x0000000008000000                _boot_text = .
 *(SORT_BY_ALIGNMENT(.vectors))
 .vectors       0x0000000008000000      0x150 .pioenvs/bluepill_f103c8/libFrameworkLibOpenCM3.a(vector.o)
                0x0000000008000000                vector_table
 :*reset_handler*(SORT_BY_ALIGNMENT(.text*))
 .text.reset_handler
                0x0000000008000150       0xd8 .pioenvs/bluepill_f103c8/libccd/hal/reset_handler.o
                0x0000000008000150                reset_handler
 *libhal.a:*reset_handler*(SORT_BY_ALIGNMENT(.text*))
 :*codal_target_hal*(SORT_BY_ALIGNMENT(.text*))
 .text._ZL10timer_tickv
                0x0000000008000228       0x20 .pioenvs/bluepill_f103c8/libccd/hal/codal_target_hal.o
 .text._ZL11timer_alarmv
                0x0000000008000248       0x20 .pioenvs/bluepill_f103c8/libccd/hal/codal_target_hal.o
 .text.target_set_tick_callback
                0x0000000008000268        0xc .pioenvs/bluepill_f103c8/libccd/hal/codal_target_hal.o
                0x0000000008000268                target_set_tick_callback
 .text.target_set_alarm_callback
                0x0000000008000274        0xc .pioenvs/bluepill_f103c8/libccd/hal/codal_target_hal.o
                0x0000000008000274                target_set_alarm_callback
 .text.target_init
                0x0000000008000280       0x30 .pioenvs/bluepill_f103c8/libccd/hal/codal_target_hal.o
                0x0000000008000280                target_init
 .text.target_dmesg_flush
                0x00000000080002b0       0x38 .pioenvs/bluepill_f103c8/libccd/hal/codal_target_hal.o
                0x00000000080002b0                target_dmesg_flush
 .text.target_wait
                0x00000000080002e8       0x24 .pioenvs/bluepill_f103c8/libccd/hal/codal_target_hal.o
                0x00000000080002e8                target_wait
 .text.target_wait_us
                0x000000000800030c       0x2c .pioenvs/bluepill_f103c8/libccd/hal/codal_target_hal.o
                0x000000000800030c                target_wait_us
 .text.target_panic
                0x0000000008000338       0x20 .pioenvs/bluepill_f103c8/libccd/hal/codal_target_hal.o
                0x0000000008000338                target_panic
 .text.fiber_initial_stack_base
                0x0000000008000358        0x8 .pioenvs/bluepill_f103c8/libccd/hal/codal_target_hal.o
                0x0000000008000358                fiber_initial_stack_base
 .text.test_codal
                0x0000000008000360       0x70 .pioenvs/bluepill_f103c8/libccd/hal/codal_target_hal.o
                0x0000000008000360                test_codal
 .text.target_enable_debug
                0x00000000080003d0        0x4 .pioenvs/bluepill_f103c8/libccd/hal/codal_target_hal.o
                0x00000000080003d0                target_enable_debug
 .text.target_enable_irq
                0x00000000080003d4        0x4 .pioenvs/bluepill_f103c8/libccd/hal/codal_target_hal.o
                0x00000000080003d4                target_enable_irq
 .text.target_disable_irq
                0x00000000080003d8        0x4 .pioenvs/bluepill_f103c8/libccd/hal/codal_target_hal.o
                0x00000000080003d8                target_disable_irq
 .text.target_wait_for_event
                0x00000000080003dc        0xa .pioenvs/bluepill_f103c8/libccd/hal/codal_target_hal.o
                0x00000000080003dc                target_wait_for_event
 .text.tcb_allocate
                0x00000000080003e6        0x6 .pioenvs/bluepill_f103c8/libccd/hal/codal_target_hal.o
                0x00000000080003e6                tcb_allocate
 .text.tcb_configure_lr
                0x00000000080003ec        0x4 .pioenvs/bluepill_f103c8/libccd/hal/codal_target_hal.o
                0x00000000080003ec                tcb_configure_lr
 .text.tcb_configure_sp
                0x00000000080003f0        0x4 .pioenvs/bluepill_f103c8/libccd/hal/codal_target_hal.o
                0x00000000080003f0                tcb_configure_sp
 .text.tcb_configure_stack_base
                0x00000000080003f4        0x4 .pioenvs/bluepill_f103c8/libccd/hal/codal_target_hal.o
                0x00000000080003f4                tcb_configure_stack_base
 .text.tcb_get_stack_base
                0x00000000080003f8        0x4 .pioenvs/bluepill_f103c8/libccd/hal/codal_target_hal.o
                0x00000000080003f8                tcb_get_stack_base
 .text.get_current_sp
                0x00000000080003fc        0x4 .pioenvs/bluepill_f103c8/libccd/hal/codal_target_hal.o
                0x00000000080003fc                get_current_sp
 .text.tcb_get_sp
                0x0000000008000400        0x4 .pioenvs/bluepill_f103c8/libccd/hal/codal_target_hal.o
                0x0000000008000400                tcb_get_sp
 .text.tcb_configure_args
                0x0000000008000404        0x8 .pioenvs/bluepill_f103c8/libccd/hal/codal_target_hal.o
                0x0000000008000404                tcb_configure_args
 .text._fini    0x000000000800040c        0x2 .pioenvs/bluepill_f103c8/libccd/hal/codal_target_hal.o
                0x000000000800040c                _fini
 .text.__aeabi_atexit
                0x000000000800040e        0x4 .pioenvs/bluepill_f103c8/libccd/hal/codal_target_hal.o
                0x000000000800040e                __aeabi_atexit
 *libhal.a:*codal_target_hal*(SORT_BY_ALIGNMENT(.text*))
 :*CortexContextSwitch*(SORT_BY_ALIGNMENT(.text*))
 *fill*         0x0000000008000412        0x2 
 .text          0x0000000008000414      0x124 asm/CortexContextSwitch.s.o
                0x0000000008000414                swap_context
                0x0000000008000496                save_context
                0x00000000080004da                save_register_context
                0x000000000800050a                restore_register_context
 *libhal.a:(SORT_BY_ALIGNMENT(.text*))
 *liblibopencm3.a:(SORT_BY_ALIGNMENT(.text*))
 *libFrameworkLibOpenCM3.a:(SORT_BY_ALIGNMENT(.text*))
 .text.rcc_osc_on.part.0
                0x0000000008000538       0x10 .pioenvs/bluepill_f103c8/libFrameworkLibOpenCM3.a(rcc.o)
 .text.rcc_wait_for_osc_ready
                0x0000000008000548       0x64 .pioenvs/bluepill_f103c8/libFrameworkLibOpenCM3.a(rcc.o)
                0x0000000008000548                rcc_wait_for_osc_ready
 .text.rcc_osc_on
                0x00000000080005ac       0x54 .pioenvs/bluepill_f103c8/libFrameworkLibOpenCM3.a(rcc.o)
                0x00000000080005ac                rcc_osc_on
 .text.rcc_set_sysclk_source
                0x0000000008000600       0x14 .pioenvs/bluepill_f103c8/libFrameworkLibOpenCM3.a(rcc.o)
                0x0000000008000600                rcc_set_sysclk_source
 .text.rcc_set_pll_multiplication_factor
                0x0000000008000614       0x14 .pioenvs/bluepill_f103c8/libFrameworkLibOpenCM3.a(rcc.o)
                0x0000000008000614                rcc_set_pll_multiplication_factor
 .text.rcc_set_pll_source
                0x0000000008000628       0x14 .pioenvs/bluepill_f103c8/libFrameworkLibOpenCM3.a(rcc.o)
                0x0000000008000628                rcc_set_pll_source
 .text.rcc_set_pllxtpre
                0x000000000800063c       0x14 .pioenvs/bluepill_f103c8/libFrameworkLibOpenCM3.a(rcc.o)
                0x000000000800063c                rcc_set_pllxtpre
 .text.rcc_enable_rtc_clock
                0x0000000008000650       0x10 .pioenvs/bluepill_f103c8/libFrameworkLibOpenCM3.a(rcc.o)
                0x0000000008000650                rcc_enable_rtc_clock
 .text.rcc_set_rtc_clock_source
                0x0000000008000660       0x90 .pioenvs/bluepill_f103c8/libFrameworkLibOpenCM3.a(rcc.o)
                0x0000000008000660                rcc_set_rtc_clock_source
 .text.rcc_set_adcpre
                0x00000000080006f0       0x14 .pioenvs/bluepill_f103c8/libFrameworkLibOpenCM3.a(rcc.o)
                0x00000000080006f0                rcc_set_adcpre
 .text.rcc_set_ppre2
                0x0000000008000704       0x14 .pioenvs/bluepill_f103c8/libFrameworkLibOpenCM3.a(rcc.o)
                0x0000000008000704                rcc_set_ppre2
 .text.rcc_set_ppre1
                0x0000000008000718       0x14 .pioenvs/bluepill_f103c8/libFrameworkLibOpenCM3.a(rcc.o)
                0x0000000008000718                rcc_set_ppre1
 .text.rcc_set_hpre
                0x000000000800072c       0x14 .pioenvs/bluepill_f103c8/libFrameworkLibOpenCM3.a(rcc.o)
                0x000000000800072c                rcc_set_hpre
 .text.rcc_clock_setup_in_hse_8mhz_out_72mhz
                0x0000000008000740       0x8c .pioenvs/bluepill_f103c8/libFrameworkLibOpenCM3.a(rcc.o)
                0x0000000008000740                rcc_clock_setup_in_hse_8mhz_out_72mhz
 .text.rtc_enter_config_mode
                0x00000000080007cc       0x18 .pioenvs/bluepill_f103c8/libFrameworkLibOpenCM3.a(rtc.o)
                0x00000000080007cc                rtc_enter_config_mode
 .text.rtc_exit_config_mode
                0x00000000080007e4       0x18 .pioenvs/bluepill_f103c8/libFrameworkLibOpenCM3.a(rtc.o)
                0x00000000080007e4                rtc_exit_config_mode
 .text.rtc_set_alarm_time
                0x00000000080007fc       0x20 .pioenvs/bluepill_f103c8/libFrameworkLibOpenCM3.a(rtc.o)
                0x00000000080007fc                rtc_set_alarm_time
 .text.rtc_set_prescale_val
                0x000000000800081c       0x20 .pioenvs/bluepill_f103c8/libFrameworkLibOpenCM3.a(rtc.o)
                0x000000000800081c                rtc_set_prescale_val
 .text.rtc_get_counter_val
                0x000000000800083c       0x14 .pioenvs/bluepill_f103c8/libFrameworkLibOpenCM3.a(rtc.o)
                0x000000000800083c                rtc_get_counter_val
 .text.rtc_set_counter_val
                0x0000000008000850       0x1c .pioenvs/bluepill_f103c8/libFrameworkLibOpenCM3.a(rtc.o)
                0x0000000008000850                rtc_set_counter_val
 .text.rtc_interrupt_enable
                0x000000000800086c       0x3c .pioenvs/bluepill_f103c8/libFrameworkLibOpenCM3.a(rtc.o)
                0x000000000800086c                rtc_interrupt_enable
 .text.rtc_interrupt_disable
                0x00000000080008a8       0x3c .pioenvs/bluepill_f103c8/libFrameworkLibOpenCM3.a(rtc.o)
                0x00000000080008a8                rtc_interrupt_disable
 .text.rtc_clear_flag
                0x00000000080008e4       0x30 .pioenvs/bluepill_f103c8/libFrameworkLibOpenCM3.a(rtc.o)
                0x00000000080008e4                rtc_clear_flag
 .text.rtc_check_flag
                0x0000000008000914       0x30 .pioenvs/bluepill_f103c8/libFrameworkLibOpenCM3.a(rtc.o)
                0x0000000008000914                rtc_check_flag
 .text.pwr_disable_backup_domain_write_protect
                0x0000000008000944       0x10 .pioenvs/bluepill_f103c8/libFrameworkLibOpenCM3.a(pwr_common_all.o)
                0x0000000008000944                pwr_disable_backup_domain_write_protect
 .text.exti_set_trigger
                0x0000000008000954       0x3c .pioenvs/bluepill_f103c8/libFrameworkLibOpenCM3.a(exti_common_all.o)
                0x0000000008000954                exti_set_trigger
 .text.exti_enable_request
                0x0000000008000990       0x14 .pioenvs/bluepill_f103c8/libFrameworkLibOpenCM3.a(exti_common_all.o)
                0x0000000008000990                exti_enable_request
 .text.exti_reset_request
                0x00000000080009a4        0xc .pioenvs/bluepill_f103c8/libFrameworkLibOpenCM3.a(exti_common_all.o)
                0x00000000080009a4                exti_reset_request
 .text.flash_set_ws
                0x00000000080009b0       0x14 .pioenvs/bluepill_f103c8/libFrameworkLibOpenCM3.a(flash_common_f01.o)
                0x00000000080009b0                flash_set_ws
 .text.gpio_set_mode
                0x00000000080009c4       0x62 .pioenvs/bluepill_f103c8/libFrameworkLibOpenCM3.a(gpio.o)
                0x00000000080009c4                gpio_set_mode
 .text.gpio_set
                0x0000000008000a26        0x4 .pioenvs/bluepill_f103c8/libFrameworkLibOpenCM3.a(gpio_common_all.o)
                0x0000000008000a26                gpio_set
 .text.gpio_clear
                0x0000000008000a2a        0x6 .pioenvs/bluepill_f103c8/libFrameworkLibOpenCM3.a(gpio_common_all.o)
                0x0000000008000a2a                gpio_clear
 .text.usart_recv
                0x0000000008000a30        0x8 .pioenvs/bluepill_f103c8/libFrameworkLibOpenCM3.a(usart_common_f124.o)
                0x0000000008000a30                usart_recv
 .text.rcc_periph_clock_enable
                0x0000000008000a38       0x1a .pioenvs/bluepill_f103c8/libFrameworkLibOpenCM3.a(rcc_common_all.o)
                0x0000000008000a38                rcc_periph_clock_enable
 .text.blocking_handler
                0x0000000008000a52        0x2 .pioenvs/bluepill_f103c8/libFrameworkLibOpenCM3.a(vector.o)
                0x0000000008000a52                exti0_isr
                0x0000000008000a52                tim7_isr
                0x0000000008000a52                adc1_2_isr
                0x0000000008000a52                tim1_trg_com_isr
                0x0000000008000a52                usb_hp_can_tx_isr
                0x0000000008000a52                tim6_isr
                0x0000000008000a52                usb_wakeup_isr
                0x0000000008000a52                blocking_handler
                0x0000000008000a52                tim5_isr
                0x0000000008000a52                otg_fs_isr
                0x0000000008000a52                spi1_isr
                0x0000000008000a52                exti2_isr
                0x0000000008000a52                dma1_channel6_isr
                0x0000000008000a52                can_rx1_isr
                0x0000000008000a52                dma1_channel5_isr
                0x0000000008000a52                dma2_channel5_isr
                0x0000000008000a52                usart1_isr
                0x0000000008000a52                usage_fault_handler
                0x0000000008000a52                tim8_trg_com_isr
                0x0000000008000a52                can2_rx0_isr
                0x0000000008000a52                tim1_brk_isr
                0x0000000008000a52                can2_rx1_isr
                0x0000000008000a52                tim1_cc_isr
                0x0000000008000a52                sdio_isr
                0x0000000008000a52                eth_isr
                0x0000000008000a52                dma1_channel4_isr
                0x0000000008000a52                tim8_brk_isr
                0x0000000008000a52                dma2_channel4_5_isr
                0x0000000008000a52                pvd_isr
                0x0000000008000a52                rcc_isr
                0x0000000008000a52                flash_isr
                0x0000000008000a52                uart4_isr
                0x0000000008000a52                exti15_10_isr
                0x0000000008000a52                hard_fault_handler
                0x0000000008000a52                exti1_isr
                0x0000000008000a52                i2c1_ev_isr
                0x0000000008000a52                dma2_channel1_isr
                0x0000000008000a52                spi2_isr
                0x0000000008000a52                tim8_up_isr
                0x0000000008000a52                dma2_channel2_isr
                0x0000000008000a52                exti3_isr
                0x0000000008000a52                adc3_isr
                0x0000000008000a52                tim3_isr
                0x0000000008000a52                usb_lp_can_rx0_isr
                0x0000000008000a52                i2c2_er_isr
                0x0000000008000a52                i2c2_ev_isr
                0x0000000008000a52                uart5_isr
                0x0000000008000a52                fsmc_isr
                0x0000000008000a52                dma1_channel1_isr
                0x0000000008000a52                exti4_isr
                0x0000000008000a52                mem_manage_handler
                0x0000000008000a52                can2_tx_isr
                0x0000000008000a52                exti9_5_isr
                0x0000000008000a52                dma2_channel3_isr
                0x0000000008000a52                dma1_channel7_isr
                0x0000000008000a52                tim1_up_isr
                0x0000000008000a52                can2_sce_isr
                0x0000000008000a52                tim4_isr
                0x0000000008000a52                dma1_channel2_isr
                0x0000000008000a52                i2c1_er_isr
                0x0000000008000a52                can_sce_isr
                0x0000000008000a52                tim8_cc_isr
                0x0000000008000a52                tamper_isr
                0x0000000008000a52                eth_wkup_isr
                0x0000000008000a52                bus_fault_handler
                0x0000000008000a52                wwdg_isr
                0x0000000008000a52                dma1_channel3_isr
                0x0000000008000a52                spi3_isr
                0x0000000008000a52                tim2_isr
                0x0000000008000a52                usart3_isr
 .text.null_handler
                0x0000000008000a54        0x2 .pioenvs/bluepill_f103c8/libFrameworkLibOpenCM3.a(vector.o)
                0x0000000008000a54                null_handler
                0x0000000008000a54                sv_call_handler
                0x0000000008000a54                pend_sv_handler
                0x0000000008000a54                debug_monitor_handler
                0x0000000008000a54                sys_tick_handler
                0x0000000008000a54                nmi_handler
 .text.nvic_enable_irq
                0x0000000008000a56       0x1a .pioenvs/bluepill_f103c8/libFrameworkLibOpenCM3.a(nvic.o)
                0x0000000008000a56                nvic_enable_irq
 *libcocoos.a:(SORT_BY_ALIGNMENT(.text*))
 *libcocoOS_?.?.?.a:(SORT_BY_ALIGNMENT(.text*))
 .text.os_event_init
                0x0000000008000a70        0xc .pioenvs/bluepill_f103c8/libea7/libcocoOS_5.0.3.a(os_event.o)
                0x0000000008000a70                os_event_init
 .text.os_init  0x0000000008000a7c       0x34 .pioenvs/bluepill_f103c8/libea7/libcocoOS_5.0.3.a(os_kernel.o)
                0x0000000008000a7c                os_init
 .text.os_msgQ_init
                0x0000000008000ab0       0x24 .pioenvs/bluepill_f103c8/libea7/libcocoOS_5.0.3.a(os_msgqueue.o)
                0x0000000008000ab0                os_msgQ_init
 .text.os_sem_init
                0x0000000008000ad4        0xc .pioenvs/bluepill_f103c8/libea7/libcocoOS_5.0.3.a(os_sem.o)
                0x0000000008000ad4                os_sem_init
 .text.os_task_init
                0x0000000008000ae0       0x40 .pioenvs/bluepill_f103c8/libea7/libcocoOS_5.0.3.a(os_task.o)
                0x0000000008000ae0                os_task_init
 *libgcc.a:(SORT_BY_ALIGNMENT(.text*))
 *libqfplib.a:(SORT_BY_ALIGNMENT(.text*))
 *libnano-float.a:(SORT_BY_ALIGNMENT(.text*))
 *libnewlib.a:(SORT_BY_ALIGNMENT(.text*))
 .text.strlen   0x0000000008000b20       0x10 .pioenvs/bluepill_f103c8/lib98a/libnewlib.a(strlen.o)
                0x0000000008000b20                strlen
 .text.strncat  0x0000000008000b30       0x28 .pioenvs/bluepill_f103c8/lib98a/libnewlib.a(strncat.o)
                0x0000000008000b30                strncat
 .text.memcpy   0x0000000008000b58       0x1c .pioenvs/bluepill_f103c8/lib98a/libnewlib.a(memcpy.o)
                0x0000000008000b58                memcpy
 .text.memset   0x0000000008000b74       0x10 .pioenvs/bluepill_f103c8/lib98a/libnewlib.a(memset.o)
                0x0000000008000b74                memset
 .text.memcmp   0x0000000008000b84       0x1e .pioenvs/bluepill_f103c8/lib98a/libnewlib.a(memcmp.o)
                0x0000000008000b84                memcmp
 *liblogger.a:(SORT_BY_ALIGNMENT(.text*))
 *fill*         0x0000000008000ba2        0x2 
 .text.enable_log
                0x0000000008000ba4        0xc .pioenvs/bluepill_f103c8/libd9b/liblogger.a(logger.o)
                0x0000000008000ba4                enable_log
 .text.debug_flush
                0x0000000008000bb0       0x38 .pioenvs/bluepill_f103c8/libd9b/liblogger.a(logger.o)
                0x0000000008000bb0                debug_flush
 .text._ZL12debug_appendPKcj
                0x0000000008000be8       0x54 .pioenvs/bluepill_f103c8/libd9b/liblogger.a(logger.o)
 .text._Z11debug_printj
                0x0000000008000c3c       0x7c .pioenvs/bluepill_f103c8/libd9b/liblogger.a(logger.o)
                0x0000000008000c3c                debug_print(unsigned int)
 .text._Z11debug_printi
                0x0000000008000cb8       0x30 .pioenvs/bluepill_f103c8/libd9b/liblogger.a(logger.o)
                0x0000000008000cb8                debug_print(int)
 .text.debug_println
                0x0000000008000ce8       0x1c .pioenvs/bluepill_f103c8/libd9b/liblogger.a(logger.o)
                0x0000000008000ce8                debug_println
 .text._Z13debug_printlni
                0x0000000008000d04       0x18 .pioenvs/bluepill_f103c8/libd9b/liblogger.a(logger.o)
                0x0000000008000d04                debug_println(int)
 .text._Z13debug_printlnj
                0x0000000008000d1c       0x18 .pioenvs/bluepill_f103c8/libd9b/liblogger.a(logger.o)
                0x0000000008000d1c                debug_println(unsigned int)
 .text.debug_print
                0x0000000008000d34       0x1a .pioenvs/bluepill_f103c8/libd9b/liblogger.a(logger.o)
                0x0000000008000d34                debug_print
 .text.debug_printhex
                0x0000000008000d4e       0x42 .pioenvs/bluepill_f103c8/libd9b/liblogger.a(logger.o)
                0x0000000008000d4e                debug_printhex
 .text.debug_printhex_unsigned
                0x0000000008000d90       0x24 .pioenvs/bluepill_f103c8/libd9b/liblogger.a(logger.o)
                0x0000000008000d90                debug_printhex_unsigned
 *libbluepill.a:(SORT_BY_ALIGNMENT(.text*))
 .text.platform_setup
                0x0000000008000db4       0x4c .pioenvs/bluepill_f103c8/lib271/libbluepill.a(bluepill.o)
                0x0000000008000db4                platform_setup
 .text.enable_debug
                0x0000000008000e00       0x10 .pioenvs/bluepill_f103c8/lib271/libbluepill.a(bluepill.o)
                0x0000000008000e00                enable_debug
 .text.led_setup
                0x0000000008000e10       0x20 .pioenvs/bluepill_f103c8/lib271/libbluepill.a(led.o)
                0x0000000008000e10                led_setup
 .text.led_on   0x0000000008000e30       0x10 .pioenvs/bluepill_f103c8/lib271/libbluepill.a(led.o)
                0x0000000008000e30                led_on
 .text.led_off  0x0000000008000e40       0x10 .pioenvs/bluepill_f103c8/lib271/libbluepill.a(led.o)
                0x0000000008000e40                led_off
 .text.led_wait
                0x0000000008000e50       0x10 .pioenvs/bluepill_f103c8/lib271/libbluepill.a(led.o)
                0x0000000008000e50                led_wait
 .text.platform_start_timer
                0x0000000008000e60      0x118 .pioenvs/bluepill_f103c8/lib271/libbluepill.a(timer.o)
                0x0000000008000e60                platform_start_timer
 .text.rtc_isr  0x0000000008000f78       0x30 .pioenvs/bluepill_f103c8/lib271/libbluepill.a(timer.o)
                0x0000000008000f78                rtc_isr
 .text.rtc_alarm_isr
                0x0000000008000fa8       0x30 .pioenvs/bluepill_f103c8/lib271/libbluepill.a(timer.o)
                0x0000000008000fa8                rtc_alarm_isr
 .text.platform_alarm_count
                0x0000000008000fd8        0xc .pioenvs/bluepill_f103c8/lib271/libbluepill.a(timer.o)
                0x0000000008000fd8                platform_alarm_count
 .text.platform_tick_count
                0x0000000008000fe4        0xc .pioenvs/bluepill_f103c8/lib271/libbluepill.a(timer.o)
                0x0000000008000fe4                platform_tick_count
 .text.__cxa_pure_virtual
                0x0000000008000ff0        0x8 .pioenvs/bluepill_f103c8/lib271/libbluepill.a(bluepill.o)
                0x0000000008000ff0                __cxa_pure_virtual
 .text._Znwj    0x0000000008000ff8        0x4 .pioenvs/bluepill_f103c8/lib271/libbluepill.a(bluepill.o)
                0x0000000008000ff8                operator new(unsigned int)
 .text._ZdlPv   0x0000000008000ffc        0x4 .pioenvs/bluepill_f103c8/lib271/libbluepill.a(bluepill.o)
                0x0000000008000ffc                operator delete(void*)
 .text.millis   0x0000000008001000        0x4 .pioenvs/bluepill_f103c8/lib271/libbluepill.a(timer.o)
                0x0000000008001000                millis
 *libbootloader.a:(SORT_BY_ALIGNMENT(.text*))
                0x0000000008001004                . = ALIGN (0x4)
 :*reset_handler*(SORT_BY_ALIGNMENT(.rodata*))
 .rodata.reset_handler.str1.1
                0x0000000008001004       0x34 .pioenvs/bluepill_f103c8/libccd/hal/reset_handler.o
 *libhal.a:*reset_handler*(SORT_BY_ALIGNMENT(.rodata*))
 :*codal_target_hal*(SORT_BY_ALIGNMENT(.rodata*))
 .rodata.target_panic.str1.1
                0x0000000008001038       0x13 .pioenvs/bluepill_f103c8/libccd/hal/codal_target_hal.o
 .rodata.target_wait.str1.1
                0x000000000800104b       0x10 .pioenvs/bluepill_f103c8/libccd/hal/codal_target_hal.o
 .rodata.target_wait_us.str1.1
                0x000000000800105b       0x13 .pioenvs/bluepill_f103c8/libccd/hal/codal_target_hal.o
 .rodata.test_codal.str1.1
                0x000000000800106e       0x34 .pioenvs/bluepill_f103c8/libccd/hal/codal_target_hal.o
 *libhal.a:*codal_target_hal*(SORT_BY_ALIGNMENT(.rodata*))
 :*CortexContextSwitch*(SORT_BY_ALIGNMENT(.rodata*))
 *libhal.a:(SORT_BY_ALIGNMENT(.rodata*))
 *liblibopencm3.a:(SORT_BY_ALIGNMENT(.rodata*))
 *libFrameworkLibOpenCM3.a:(SORT_BY_ALIGNMENT(.rodata*))
 *libcocoos.a:(SORT_BY_ALIGNMENT(.rodata*))
 *libcocoOS_?.?.?.a:(SORT_BY_ALIGNMENT(.rodata*))
 *libgcc.a:(SORT_BY_ALIGNMENT(.rodata*))
 *libqfplib.a:(SORT_BY_ALIGNMENT(.rodata*))
 *libnano-float.a:(SORT_BY_ALIGNMENT(.rodata*))
 *libnewlib.a:(SORT_BY_ALIGNMENT(.rodata*))
 *liblogger.a:(SORT_BY_ALIGNMENT(.rodata*))
 .rodata._Z11debug_printi.str1.1
                0x00000000080010a2        0x4 .pioenvs/bluepill_f103c8/libd9b/liblogger.a(logger.o)
 .rodata._Z11debug_printj.str1.1
                0x00000000080010a6        0xb .pioenvs/bluepill_f103c8/libd9b/liblogger.a(logger.o)
 .rodata.debug_println.str1.1
                0x00000000080010b1        0x2 .pioenvs/bluepill_f103c8/libd9b/liblogger.a(logger.o)
 *libbluepill.a:(SORT_BY_ALIGNMENT(.rodata*))
 .rodata.platform_setup.str1.1
                0x00000000080010b3       0x13 .pioenvs/bluepill_f103c8/lib271/libbluepill.a(bluepill.o)
 .rodata.platform_start_timer.str1.1
                0x00000000080010c6       0x2f .pioenvs/bluepill_f103c8/lib271/libbluepill.a(timer.o)
 *libbootloader.a:(SORT_BY_ALIGNMENT(.rodata*))
                0x00000000080010f8                . = ALIGN (0x4)
 *fill*         0x00000000080010f5        0x3 
                0x00000000080010f8                _boot_etext = .

.text           0x0000000008006000     0x32e4
                0x0000000008006000                . = ALIGN (0x4)
                0x0000000008006000                _text = .
 *(SORT_BY_ALIGNMENT(.text.application_start))
 .text.application_start
                0x0000000008006000       0xc4 .pioenvs/bluepill_f103c8/lib739/libcm.a(application.o)
                0x0000000008006000                application_start
 *(SORT_BY_ALIGNMENT(.text.main))
 *(SORT_BY_ALIGNMENT(.text.startup.main))
 .text.startup.main
                0x00000000080060c4       0x1a .pioenvs/bluepill_f103c8/src/main.o
                0x00000000080060c4                main
 *(SORT_BY_ALIGNMENT(.text*))
 *fill*         0x00000000080060de        0x2 
 .text._ZL10debug_dumpRN5codal13STM32BluePillEPKc
                0x00000000080060e0       0x7c .pioenvs/bluepill_f103c8/src/main.o
 .text._Z10Blink_mainRN5codal13STM32BluePillE
                0x000000000800615c       0x74 .pioenvs/bluepill_f103c8/src/main.o
                0x000000000800615c                Blink_main(codal::STM32BluePill&)
 .text.startup._GLOBAL__sub_I_serialPort
                0x00000000080061d0       0x10 .pioenvs/bluepill_f103c8/src/uart.o
 .text.codal_dmesg_flush
                0x00000000080061e0       0x10 .pioenvs/bluepill_f103c8/lib3e7/libcodal-core.a(CodalDmesg.o)
                0x00000000080061e0                codal_dmesg_flush
 .text._ZN5codal10EventModel6listenEiiPFvNS_5EventEEt
                0x00000000080061f0       0x60 .pioenvs/bluepill_f103c8/lib3e7/libcodal-core.a(CodalFiber.o)
                0x00000000080061f0                codal::EventModel::listen(int, int, void (*)(codal::Event), unsigned short)
 .text._ZN5codal14scheduler_tickENS_5EventE
                0x0000000008006250       0x38 .pioenvs/bluepill_f103c8/lib3e7/libcodal-core.a(CodalFiber.o)
                0x0000000008006250                codal::scheduler_tick(codal::Event)
 .text._ZN5codal15scheduler_eventENS_5EventE
                0x0000000008006288       0xc0 .pioenvs/bluepill_f103c8/lib3e7/libcodal-core.a(CodalFiber.o)
                0x0000000008006288                codal::scheduler_event(codal::Event)
 .text._Z15getFiberContextv
                0x0000000008006348       0x50 .pioenvs/bluepill_f103c8/lib3e7/libcodal-core.a(CodalFiber.o)
                0x0000000008006348                getFiberContext()
 .text._ZL10handle_fobv
                0x0000000008006398       0x2c .pioenvs/bluepill_f103c8/lib3e7/libcodal-core.a(CodalFiber.o)
 .text._ZN5codal23fiber_scheduler_runningEv
                0x00000000080063c4       0x10 .pioenvs/bluepill_f103c8/lib3e7/libcodal-core.a(CodalFiber.o)
                0x00000000080063c4                codal::fiber_scheduler_running()
 .text._ZN5codal14scheduler_initERNS_10EventModelE
                0x00000000080063d4       0xac .pioenvs/bluepill_f103c8/lib3e7/libcodal-core.a(CodalFiber.o)
                0x00000000080063d4                codal::scheduler_init(codal::EventModel&)
 .text._ZN5codal19fiber_wake_on_eventEtt
                0x0000000008006480       0x5c .pioenvs/bluepill_f103c8/lib3e7/libcodal-core.a(CodalFiber.o)
                0x0000000008006480                codal::fiber_wake_on_event(unsigned short, unsigned short)
 .text._Z14__create_fibermmmi
                0x00000000080064dc       0x64 .pioenvs/bluepill_f103c8/lib3e7/libcodal-core.a(CodalFiber.o)
                0x00000000080064dc                __create_fiber(unsigned long, unsigned long, unsigned long, int)
 .text._ZN5codal17verify_stack_sizeEPNS_5FiberE
                0x0000000008006540       0x44 .pioenvs/bluepill_f103c8/lib3e7/libcodal-core.a(CodalFiber.o)
                0x0000000008006540                codal::verify_stack_size(codal::Fiber*)
 .text._ZN5codal24scheduler_runqueue_emptyEv
                0x0000000008006584       0x10 .pioenvs/bluepill_f103c8/lib3e7/libcodal-core.a(CodalFiber.o)
                0x0000000008006584                codal::scheduler_runqueue_empty()
 .text._ZN5codal4idleEv
                0x0000000008006594       0x3c .pioenvs/bluepill_f103c8/lib3e7/libcodal-core.a(CodalFiber.o)
                0x0000000008006594                codal::idle()
 .text._ZN5codal8scheduleEv
                0x00000000080065d0      0x108 .pioenvs/bluepill_f103c8/lib3e7/libcodal-core.a(CodalFiber.o)
                0x00000000080065d0                codal::schedule()
 .text._ZN5codal11fiber_sleepEm
                0x00000000080066d8       0x84 .pioenvs/bluepill_f103c8/lib3e7/libcodal-core.a(CodalFiber.o)
                0x00000000080066d8                codal::fiber_sleep(unsigned long)
 .text._ZN5codal13release_fiberEv
                0x000000000800675c       0x6c .pioenvs/bluepill_f103c8/lib3e7/libcodal-core.a(CodalFiber.o)
                0x000000000800675c                codal::release_fiber()
 .text._ZN5codal6invokeEPFvPvES0_
                0x00000000080067c8       0x80 .pioenvs/bluepill_f103c8/lib3e7/libcodal-core.a(CodalFiber.o)
                0x00000000080067c8                codal::invoke(void (*)(void*), void*)
 .text._Z18device_create_heapmm
                0x0000000008006848       0x3c .pioenvs/bluepill_f103c8/lib3e7/libcodal-core.a(CodalHeapAllocator.o)
                0x0000000008006848                device_create_heap(unsigned long, unsigned long)
 .text.device_malloc
                0x0000000008006884       0x48 .pioenvs/bluepill_f103c8/lib3e7/libcodal-core.a(CodalHeapAllocator.o)
                0x0000000008006884                malloc
                0x0000000008006884                device_malloc
 .text.device_free
                0x00000000080068cc       0x40 .pioenvs/bluepill_f103c8/lib3e7/libcodal-core.a(CodalHeapAllocator.o)
                0x00000000080068cc                device_free
                0x00000000080068cc                free
 .text._ZN5codal5TimerC2Ev
                0x000000000800690c       0x34 .pioenvs/bluepill_f103c8/lib3e7/libcodal-core.a(Timer.o)
                0x000000000800690c                codal::Timer::Timer()
                0x000000000800690c                codal::Timer::Timer()
 .text._ZN5codal5Timer7triggerEv
                0x0000000008006940       0xb0 .pioenvs/bluepill_f103c8/lib3e7/libcodal-core.a(Timer.o)
                0x0000000008006940                codal::Timer::trigger()
 .text._ZN5codal25system_timer_current_timeEv
                0x00000000080069f0       0x10 .pioenvs/bluepill_f103c8/lib3e7/libcodal-core.a(Timer.o)
                0x00000000080069f0                codal::system_timer_current_time()
 .text._ZN5codal27system_timer_event_every_usEmtt
                0x0000000008006a00       0x24 .pioenvs/bluepill_f103c8/lib3e7/libcodal-core.a(Timer.o)
                0x0000000008006a00                codal::system_timer_event_every_us(unsigned long, unsigned short, unsigned short)
 .text._ZN5codal5Event4fireEv
                0x0000000008006a24       0x20 .pioenvs/bluepill_f103c8/lib3e7/libcodal-core.a(Event.o)
                0x0000000008006a24                codal::Event::fire()
 .text._ZN5codal3_cm3Pin14setAnalogValueEi
                0x0000000008006a44       0x1c .pioenvs/bluepill_f103c8/lib739/libcm.a(CmPin.o)
                0x0000000008006a44                codal::_cm::Pin::setAnalogValue(int)
 .text._ZN5codal3_cm3Pin13setServoValueEiii
                0x0000000008006a60       0x2c .pioenvs/bluepill_f103c8/lib739/libcm.a(CmPin.o)
                0x0000000008006a60                codal::_cm::Pin::setServoValue(int, int, int)
 .text._ZN5codal3_cm3Pin9isTouchedEv
                0x0000000008006a8c        0x8 .pioenvs/bluepill_f103c8/lib739/libcm.a(CmPin.o)
                0x0000000008006a8c                codal::_cm::Pin::isTouched()
 .text._ZN5codal3_cm3Pin17getAnalogPeriodUsEv
                0x0000000008006a94        0x8 .pioenvs/bluepill_f103c8/lib739/libcm.a(CmPin.o)
                0x0000000008006a94                codal::_cm::Pin::getAnalogPeriodUs()
 .text._ZN5codal3_cm3Pin15setDigitalValueEi
                0x0000000008006a9c       0x88 .pioenvs/bluepill_f103c8/lib739/libcm.a(CmPin.o)
                0x0000000008006a9c                codal::_cm::Pin::setDigitalValue(int)
 .text._ZN5codal3_cm3PinC2EhmmtNS_13PinCapabilityE
                0x0000000008006b24       0x2c .pioenvs/bluepill_f103c8/lib739/libcm.a(CmPin.o)
                0x0000000008006b24                codal::_cm::Pin::Pin(unsigned char, unsigned long, unsigned long, unsigned short, codal::PinCapability)
                0x0000000008006b24                codal::_cm::Pin::Pin(unsigned char, unsigned long, unsigned long, unsigned short, codal::PinCapability)
 .text._ZN5codal14CodalComponent4initEv
                0x0000000008006b50        0x8 .pioenvs/bluepill_f103c8/lib2eb/libmodel.a(STM32BluePill.o)
                0x0000000008006b50                codal::CodalComponent::init()
 .text._ZN5codal14CodalComponentD2Ev
                0x0000000008006b58       0x18 .pioenvs/bluepill_f103c8/lib2eb/libmodel.a(STM32BluePill.o)
                0x0000000008006b58                codal::CodalComponent::~CodalComponent()
                0x0000000008006b58                codal::CodalComponent::~CodalComponent()
 .text._ZN5codal13STM32BluePill4initEv
                0x0000000008006b70       0x4c .pioenvs/bluepill_f103c8/lib2eb/libmodel.a(STM32BluePill.o)
                0x0000000008006b70                codal::STM32BluePill::init()
 .text._ZN5codal13STM32BluePillC2Ev
                0x0000000008006bbc       0x98 .pioenvs/bluepill_f103c8/lib2eb/libmodel.a(STM32BluePill.o)
                0x0000000008006bbc                codal::STM32BluePill::STM32BluePill()
                0x0000000008006bbc                codal::STM32BluePill::STM32BluePill()
 .text._ZN5codal13STM32BluePillD2Ev
                0x0000000008006c54       0x40 .pioenvs/bluepill_f103c8/lib2eb/libmodel.a(STM32BluePill.o)
                0x0000000008006c54                codal::STM32BluePill::~STM32BluePill()
                0x0000000008006c54                codal::STM32BluePill::~STM32BluePill()
 .text._ZN5codal15STM32BluePillIOC2Ev
                0x0000000008006c94      0xaf0 .pioenvs/bluepill_f103c8/lib2eb/libmodel.a(STM32BluePillIO.o)
                0x0000000008006c94                codal::STM32BluePillIO::STM32BluePillIO()
                0x0000000008006c94                codal::STM32BluePillIO::STM32BluePillIO()
 .text.usart2_isr
                0x0000000008007784       0x50 .pioenvs/bluepill_f103c8/lib33e/libuartint.a(uartint.o)
                0x0000000008007784                usart2_isr
 .text.startup._GLOBAL__sub_I__ZN13UARTInterfaceC2Ejj
                0x00000000080077d4       0x10 .pioenvs/bluepill_f103c8/lib33e/libuartint.a(uartint.o)
 .text._Z18component_callbackN5codal5EventE
                0x00000000080077e4       0x58 .pioenvs/bluepill_f103c8/lib3e7/libcodal-core.a(CodalComponent.o)
                0x00000000080077e4                component_callback(codal::Event)
 .text._ZN5codal14CodalComponent12addComponentEv
                0x000000000800783c       0x70 .pioenvs/bluepill_f103c8/lib3e7/libcodal-core.a(CodalComponent.o)
                0x000000000800783c                codal::CodalComponent::addComponent()
 .text._ZN5codal14CodalComponent15removeComponentEv
                0x00000000080078ac       0x20 .pioenvs/bluepill_f103c8/lib3e7/libcodal-core.a(CodalComponent.o)
                0x00000000080078ac                codal::CodalComponent::removeComponent()
 .text._ZN5codal6SerialC2ERNS_3PinES2_hht
                0x00000000080078cc       0x5c .pioenvs/bluepill_f103c8/lib3e7/libcodal-core.a(Serial.o)
                0x00000000080078cc                codal::Serial::Serial(codal::Pin&, codal::Pin&, unsigned char, unsigned char, unsigned short)
                0x00000000080078cc                codal::Serial::Serial(codal::Pin&, codal::Pin&, unsigned char, unsigned char, unsigned short)
 .text._ZN5codal6SerialD2Ev
                0x0000000008007928       0x1c .pioenvs/bluepill_f103c8/lib3e7/libcodal-core.a(Serial.o)
                0x0000000008007928                codal::Serial::~Serial()
                0x0000000008007928                codal::Serial::~Serial()
 .text._ZN5codal10EventModel4sendENS_5EventE
                0x0000000008007944       0x14 .pioenvs/bluepill_f103c8/lib3e7/libcodal-core.a(MessageBus.o)
                0x0000000008007944                codal::EventModel::send(codal::Event)
 .text._ZN5codal10EventModel3addEPNS_8ListenerE
                0x0000000008007958        0x8 .pioenvs/bluepill_f103c8/lib3e7/libcodal-core.a(MessageBus.o)
                0x0000000008007958                codal::EventModel::add(codal::Listener*)
 .text._ZN5codal10EventModel6removeEPNS_8ListenerE
                0x0000000008007960        0x8 .pioenvs/bluepill_f103c8/lib3e7/libcodal-core.a(MessageBus.o)
                0x0000000008007960                codal::EventModel::remove(codal::Listener*)
 .text._ZN5codal10MessageBus6removeEPNS_8ListenerE
                0x0000000008007968       0x70 .pioenvs/bluepill_f103c8/lib3e7/libcodal-core.a(MessageBus.o)
                0x0000000008007968                codal::MessageBus::remove(codal::Listener*)
 .text._ZN5codal10MessageBus3addEPNS_8ListenerE
                0x00000000080079d8       0xbc .pioenvs/bluepill_f103c8/lib3e7/libcodal-core.a(MessageBus.o)
                0x00000000080079d8                codal::MessageBus::add(codal::Listener*)
 .text._ZN5codal10MessageBusD2Ev
                0x0000000008007a94       0x78 .pioenvs/bluepill_f103c8/lib3e7/libcodal-core.a(MessageBus.o)
                0x0000000008007a94                codal::MessageBus::~MessageBus()
                0x0000000008007a94                codal::MessageBus::~MessageBus()
 .text._ZN5codal10MessageBusC2Ev
                0x0000000008007b0c       0xa8 .pioenvs/bluepill_f103c8/lib3e7/libcodal-core.a(MessageBus.o)
                0x0000000008007b0c                codal::MessageBus::MessageBus()
                0x0000000008007b0c                codal::MessageBus::MessageBus()
 .text._ZN5codal10MessageBus7processERNS_5EventEb
                0x0000000008007bb4       0x84 .pioenvs/bluepill_f103c8/lib3e7/libcodal-core.a(MessageBus.o)
                0x0000000008007bb4                codal::MessageBus::process(codal::Event&, bool)
 .text._ZN5codal19allocateNotifyEventEv
                0x0000000008007c38       0x10 .pioenvs/bluepill_f103c8/lib3e7/libcodal-core.a(MessageBus.o)
                0x0000000008007c38                codal::allocateNotifyEvent()
 .text._ZN5codal13ManagedStringC2EPKcs
                0x0000000008007c48       0x34 .pioenvs/bluepill_f103c8/lib3e7/libcodal-core.a(ManagedString.o)
                0x0000000008007c48                codal::ManagedString::ManagedString(char const*, short)
                0x0000000008007c48                codal::ManagedString::ManagedString(char const*, short)
 .text._ZN5codal13ManagedStringC2Ev
                0x0000000008007c7c        0xc .pioenvs/bluepill_f103c8/lib3e7/libcodal-core.a(ManagedString.o)
                0x0000000008007c7c                codal::ManagedString::ManagedString()
                0x0000000008007c7c                codal::ManagedString::ManagedString()
 .text.startup._GLOBAL__sub_I__ZN5codal13ManagedString9initEmptyEv
                0x0000000008007c88       0x2c .pioenvs/bluepill_f103c8/lib3e7/libcodal-core.a(ManagedString.o)
 .text._ZN5codal3_cm3I2CC2ERNS_3PinES3_
                0x0000000008007cb4       0x1c .pioenvs/bluepill_f103c8/lib739/libcm.a(CmI2C.o)
                0x0000000008007cb4                codal::_cm::I2C::I2C(codal::Pin&, codal::Pin&)
                0x0000000008007cb4                codal::_cm::I2C::I2C(codal::Pin&, codal::Pin&)
 .text._ZN5codal3_cm3SPI4initEv
                0x0000000008007cd0       0x5c .pioenvs/bluepill_f103c8/lib739/libcm.a(CmSPI.o)
                0x0000000008007cd0                codal::_cm::SPI::init()
 .text._ZN5codal3_cm3SPIC2ERNS0_3PinES3_S3_S3_
                0x0000000008007d2c       0x9c .pioenvs/bluepill_f103c8/lib739/libcm.a(CmSPI.o)
                0x0000000008007d2c                codal::_cm::SPI::SPI(codal::_cm::Pin&, codal::_cm::Pin&, codal::_cm::Pin&, codal::_cm::Pin&)
                0x0000000008007d2c                codal::_cm::SPI::SPI(codal::_cm::Pin&, codal::_cm::Pin&, codal::_cm::Pin&, codal::_cm::Pin&)
 .text._ZN5codal3_cm6SerialD2Ev
                0x0000000008007dc8       0x14 .pioenvs/bluepill_f103c8/lib739/libcm.a(CmSerial.o)
                0x0000000008007dc8                codal::_cm::Serial::~Serial()
                0x0000000008007dc8                codal::_cm::Serial::~Serial()
 .text._ZN5codal3_cm6SerialC2ERNS0_3PinES3_hh
                0x0000000008007ddc       0x4c .pioenvs/bluepill_f103c8/lib739/libcm.a(CmSerial.o)
                0x0000000008007ddc                codal::_cm::Serial::Serial(codal::_cm::Pin&, codal::_cm::Pin&, unsigned char, unsigned char)
                0x0000000008007ddc                codal::_cm::Serial::Serial(codal::_cm::Pin&, codal::_cm::Pin&, unsigned char, unsigned char)
 .text._ZN5codal3_cm13tick_callbackEv
                0x0000000008007e28       0x10 .pioenvs/bluepill_f103c8/lib739/libcm.a(CmTimer.o)
                0x0000000008007e28                codal::_cm::tick_callback()
 .text._ZN5codal3_cm5Timer9triggerInEm
                0x0000000008007e38       0x1c .pioenvs/bluepill_f103c8/lib739/libcm.a(CmTimer.o)
                0x0000000008007e38                codal::_cm::Timer::triggerIn(unsigned long)
 .text._ZN5codal3_cm5Timer4initEv
                0x0000000008007e54       0x2c .pioenvs/bluepill_f103c8/lib739/libcm.a(CmTimer.o)
                0x0000000008007e54                codal::_cm::Timer::init()
 .text._ZN5codal3_cm5TimerC2Ev
                0x0000000008007e80       0x28 .pioenvs/bluepill_f103c8/lib739/libcm.a(CmTimer.o)
                0x0000000008007e80                codal::_cm::Timer::Timer()
                0x0000000008007e80                codal::_cm::Timer::Timer()
 .text.pinmap_peripheral
                0x0000000008007ea8       0x30 .pioenvs/bluepill_f103c8/lib739/libcm.a(CmPinMap.o)
                0x0000000008007ea8                pinmap_peripheral
 .text.pinmap_mode
                0x0000000008007ed8       0x2c .pioenvs/bluepill_f103c8/lib739/libcm.a(CmPinMap.o)
                0x0000000008007ed8                pinmap_mode
 .text.pinmap_cnf
                0x0000000008007f04       0x2c .pioenvs/bluepill_f103c8/lib739/libcm.a(CmPinMap.o)
                0x0000000008007f04                pinmap_cnf
 .text._ZN5codal3I2CC2ERNS_3PinES2_
                0x0000000008007f30        0xc .pioenvs/bluepill_f103c8/lib3e7/libcodal-core.a(I2C.o)
                0x0000000008007f30                codal::I2C::I2C(codal::Pin&, codal::Pin&)
                0x0000000008007f30                codal::I2C::I2C(codal::Pin&, codal::Pin&)
 .text._ZN5codal11queue_fiberEPNS_5FiberEPS1_
                0x0000000008007f3c       0x2e .pioenvs/bluepill_f103c8/lib3e7/libcodal-core.a(CodalFiber.o)
                0x0000000008007f3c                codal::queue_fiber(codal::Fiber*, codal::Fiber**)
 .text._ZN5codal13dequeue_fiberEPNS_5FiberE
                0x0000000008007f6a       0x34 .pioenvs/bluepill_f103c8/lib3e7/libcodal-core.a(CodalFiber.o)
                0x0000000008007f6a                codal::dequeue_fiber(codal::Fiber*)
 .text._ZN5codal12create_fiberEPFvPvES0_S2_
                0x0000000008007f9e       0x1e .pioenvs/bluepill_f103c8/lib3e7/libcodal-core.a(CodalFiber.o)
                0x0000000008007f9e                codal::create_fiber(void (*)(void*), void*, void (*)(void*))
 .text._ZN5codal20fiber_wait_for_eventEtt
                0x0000000008007fbc       0x12 .pioenvs/bluepill_f103c8/lib3e7/libcodal-core.a(CodalFiber.o)
                0x0000000008007fbc                codal::fiber_wait_for_event(unsigned short, unsigned short)
 .text._ZN5codal16launch_new_fiberEPFvvES1_
                0x0000000008007fce       0x10 .pioenvs/bluepill_f103c8/lib3e7/libcodal-core.a(CodalFiber.o)
                0x0000000008007fce                codal::launch_new_fiber(void (*)(), void (*)())
 .text._ZN5codal13release_fiberEPv
                0x0000000008007fde       0x12 .pioenvs/bluepill_f103c8/lib3e7/libcodal-core.a(CodalFiber.o)
                0x0000000008007fde                codal::release_fiber(void*)
 .text._ZN5codal22launch_new_fiber_paramEPFvPvES2_S0_
                0x0000000008007ff0       0x1a .pioenvs/bluepill_f103c8/lib3e7/libcodal-core.a(CodalFiber.o)
                0x0000000008007ff0                codal::launch_new_fiber_param(void (*)(void*), void (*)(void*), void*)
 .text._ZN5codal9idle_taskEv
                0x000000000800800a        0xc .pioenvs/bluepill_f103c8/lib3e7/libcodal-core.a(CodalFiber.o)
                0x000000000800800a                codal::idle_task()
 .text._Z16device_malloc_injR14HeapDefinition
                0x0000000008008016       0x84 .pioenvs/bluepill_f103c8/lib3e7/libcodal-core.a(CodalHeapAllocator.o)
                0x0000000008008016                device_malloc_in(unsigned int, HeapDefinition&)
 .text._ZN5codal8ListenerC2EttPFvNS_5EventEEt
                0x000000000800809a       0x28 .pioenvs/bluepill_f103c8/lib3e7/libcodal-core.a(CodalListener.o)
                0x000000000800809a                codal::Listener::Listener(unsigned short, unsigned short, void (*)(codal::Event), unsigned short)
                0x000000000800809a                codal::Listener::Listener(unsigned short, unsigned short, void (*)(codal::Event), unsigned short)
 .text._ZN5codal8ListenerD2Ev
                0x00000000080080c2       0x14 .pioenvs/bluepill_f103c8/lib3e7/libcodal-core.a(CodalListener.o)
                0x00000000080080c2                codal::Listener::~Listener()
                0x00000000080080c2                codal::Listener::~Listener()
 .text._ZN5codal8Listener5queueENS_5EventE
                0x00000000080080d6       0x5c .pioenvs/bluepill_f103c8/lib3e7/libcodal-core.a(CodalListener.o)
                0x00000000080080d6                codal::Listener::queue(codal::Event)
 .text._ZN5codal5Timer17disableInterruptsEv
                0x0000000008008132        0xa .pioenvs/bluepill_f103c8/lib3e7/libcodal-core.a(Timer.o)
                0x0000000008008132                codal::Timer::disableInterrupts()
 .text._ZN5codal5Timer16enableInterruptsEv
                0x000000000800813c        0xa .pioenvs/bluepill_f103c8/lib3e7/libcodal-core.a(Timer.o)
                0x000000000800813c                codal::Timer::enableInterrupts()
 .text._ZN5codal5Timer13getTimerEventEv
                0x0000000008008146       0x22 .pioenvs/bluepill_f103c8/lib3e7/libcodal-core.a(Timer.o)
                0x0000000008008146                codal::Timer::getTimerEvent()
 .text._ZN5codal5Timer17releaseTimerEventEPNS_10TimerEventE
                0x0000000008008168        0xe .pioenvs/bluepill_f103c8/lib3e7/libcodal-core.a(Timer.o)
                0x0000000008008168                codal::Timer::releaseTimerEvent(codal::TimerEvent*)
 .text._ZN5codal5Timer7getTimeEv
                0x0000000008008176        0xe .pioenvs/bluepill_f103c8/lib3e7/libcodal-core.a(Timer.o)
                0x0000000008008176                codal::Timer::getTime()
 .text._ZN5codal5Timer9getTimeUsEv
                0x0000000008008184        0xe .pioenvs/bluepill_f103c8/lib3e7/libcodal-core.a(Timer.o)
                0x0000000008008184                codal::Timer::getTimeUs()
 .text._ZN5codal5Timer8setEventEmttb
                0x0000000008008192       0x66 .pioenvs/bluepill_f103c8/lib3e7/libcodal-core.a(Timer.o)
                0x0000000008008192                codal::Timer::setEvent(unsigned long, unsigned short, unsigned short, bool)
 .text._ZN5codal5Timer12eventEveryUsEmtt
                0x00000000080081f8        0xe .pioenvs/bluepill_f103c8/lib3e7/libcodal-core.a(Timer.o)
                0x00000000080081f8                codal::Timer::eventEveryUs(unsigned long, unsigned short, unsigned short)
 .text._ZN5codal5Timer4syncEm
                0x0000000008008206       0x24 .pioenvs/bluepill_f103c8/lib3e7/libcodal-core.a(Timer.o)
                0x0000000008008206                codal::Timer::sync(unsigned long)
 .text._ZN5codal5TimerD2Ev
                0x000000000800822a        0x2 .pioenvs/bluepill_f103c8/lib3e7/libcodal-core.a(Timer.o)
                0x000000000800822a                codal::Timer::~Timer()
                0x000000000800822a                codal::Timer::~Timer()
 .text._ZN5codal5EventC2Ev
                0x000000000800822c       0x12 .pioenvs/bluepill_f103c8/lib3e7/libcodal-core.a(Event.o)
                0x000000000800822c                codal::Event::Event()
                0x000000000800822c                codal::Event::Event()
 .text._ZN5codal5EventC2EttNS_15EventLaunchModeE
                0x000000000800823e       0x1c .pioenvs/bluepill_f103c8/lib3e7/libcodal-core.a(Event.o)
                0x000000000800823e                codal::Event::Event(unsigned short, unsigned short, codal::EventLaunchMode)
                0x000000000800823e                codal::Event::Event(unsigned short, unsigned short, codal::EventLaunchMode)
 .text._ZN5codal5EventC2EttmNS_15EventLaunchModeE
                0x000000000800825a       0x18 .pioenvs/bluepill_f103c8/lib3e7/libcodal-core.a(Event.o)
                0x000000000800825a                codal::Event::Event(unsigned short, unsigned short, unsigned long, codal::EventLaunchMode)
                0x000000000800825a                codal::Event::Event(unsigned short, unsigned short, unsigned long, codal::EventLaunchMode)
 .text._ZN5codal14EventQueueItemC2ENS_5EventE
                0x0000000008008272       0x20 .pioenvs/bluepill_f103c8/lib3e7/libcodal-core.a(Event.o)
                0x0000000008008272                codal::EventQueueItem::EventQueueItem(codal::Event)
                0x0000000008008272                codal::EventQueueItem::EventQueueItem(codal::Event)
 .text._ZN5codal14string_reverseEPc
                0x0000000008008292       0x2a .pioenvs/bluepill_f103c8/lib3e7/libcodal-core.a(CodalCompat.o)
                0x0000000008008292                codal::string_reverse(char*)
 .text._ZN5codal4itoaEiPc
                0x00000000080082bc       0x50 .pioenvs/bluepill_f103c8/lib3e7/libcodal-core.a(CodalCompat.o)
                0x00000000080082bc                codal::itoa(int, char*)
 .text._ZN5codal3Pin15setServoPulseUsEm
                0x000000000800830c        0x6 .pioenvs/bluepill_f103c8/lib739/libcm.a(CmPin.o)
                0x000000000800830c                codal::Pin::setServoPulseUs(unsigned long)
 .text._ZN5codal3Pin17setAnalogPeriodUsEm
                0x0000000008008312        0x6 .pioenvs/bluepill_f103c8/lib739/libcm.a(CmPin.o)
                0x0000000008008312                codal::Pin::setAnalogPeriodUs(unsigned long)
 .text._ZN5codal3Pin8drainPinEv
                0x0000000008008318        0x6 .pioenvs/bluepill_f103c8/lib739/libcm.a(CmPin.o)
                0x0000000008008318                codal::Pin::drainPin()
 .text._ZN5codal3_cm3Pin15getDigitalValueEv
                0x000000000800831e        0x4 .pioenvs/bluepill_f103c8/lib739/libcm.a(CmPin.o)
                0x000000000800831e                codal::_cm::Pin::getDigitalValue()
 .text._ZN5codal3_cm3Pin15getDigitalValueENS_8PullModeE
                0x0000000008008322       0x16 .pioenvs/bluepill_f103c8/lib739/libcm.a(CmPin.o)
                0x0000000008008322                codal::_cm::Pin::getDigitalValue(codal::PullMode)
 .text._ZN5codal3_cm3Pin14getAnalogValueEv
                0x0000000008008338        0x4 .pioenvs/bluepill_f103c8/lib739/libcm.a(CmPin.o)
                0x0000000008008338                codal::_cm::Pin::getAnalogValue()
 .text._ZN5codal3_cm3Pin7isInputEv
                0x000000000800833c        0xe .pioenvs/bluepill_f103c8/lib739/libcm.a(CmPin.o)
                0x000000000800833c                codal::_cm::Pin::isInput()
 .text._ZN5codal3_cm3Pin8isOutputEv
                0x000000000800834a        0xe .pioenvs/bluepill_f103c8/lib739/libcm.a(CmPin.o)
                0x000000000800834a                codal::_cm::Pin::isOutput()
 .text._ZN5codal3_cm3Pin9isDigitalEv
                0x0000000008008358        0xc .pioenvs/bluepill_f103c8/lib739/libcm.a(CmPin.o)
                0x0000000008008358                codal::_cm::Pin::isDigital()
 .text._ZN5codal3_cm3Pin8isAnalogEv
                0x0000000008008364        0xe .pioenvs/bluepill_f103c8/lib739/libcm.a(CmPin.o)
                0x0000000008008364                codal::_cm::Pin::isAnalog()
 .text._ZN5codal3_cm3Pin15getAnalogPeriodEv
                0x0000000008008372       0x12 .pioenvs/bluepill_f103c8/lib739/libcm.a(CmPin.o)
                0x0000000008008372                codal::_cm::Pin::getAnalogPeriod()
 .text._ZN5codal3_cm3Pin7setPullENS_8PullModeE
                0x0000000008008384        0x6 .pioenvs/bluepill_f103c8/lib739/libcm.a(CmPin.o)
                0x0000000008008384                codal::_cm::Pin::setPull(codal::PullMode)
 .text._ZN5codal3_cm3Pin5setupEhh
                0x000000000800838a       0x1e .pioenvs/bluepill_f103c8/lib739/libcm.a(CmPin.o)
                0x000000000800838a                codal::_cm::Pin::setup(unsigned char, unsigned char)
 .text._ZN5codal3_cm3Pin17setAnalogPeriodUsEi
                0x00000000080083a8       0x12 .pioenvs/bluepill_f103c8/lib739/libcm.a(CmPin.o)
                0x00000000080083a8                codal::_cm::Pin::setAnalogPeriodUs(int)
 .text._ZN5codal3_cm3Pin15setAnalogPeriodEi
                0x00000000080083ba        0xa .pioenvs/bluepill_f103c8/lib739/libcm.a(CmPin.o)
                0x00000000080083ba                codal::_cm::Pin::setAnalogPeriod(int)
 .text._ZN5codal3_cm3Pin13disableEventsEv
                0x00000000080083c4       0x10 .pioenvs/bluepill_f103c8/lib739/libcm.a(CmPin.o)
                0x00000000080083c4                codal::_cm::Pin::disableEvents()
 .text._ZN5codal3_cm3Pin7eventOnEi
                0x00000000080083d4       0x26 .pioenvs/bluepill_f103c8/lib739/libcm.a(CmPin.o)
                0x00000000080083d4                codal::_cm::Pin::eventOn(int)
 .text._ZN5codal14CodalComponent16periodicCallbackEv
                0x00000000080083fa        0x2 .pioenvs/bluepill_f103c8/lib2eb/libmodel.a(STM32BluePill.o)
                0x00000000080083fa                codal::CodalComponent::periodicCallback()
 .text._ZN5codal14CodalComponent12idleCallbackEv
                0x00000000080083fc        0x2 .pioenvs/bluepill_f103c8/lib2eb/libmodel.a(STM32BluePill.o)
                0x00000000080083fc                codal::CodalComponent::idleCallback()
 .text._ZN5codal13STM32BluePill16periodicCallbackEv
                0x00000000080083fe        0x2 .pioenvs/bluepill_f103c8/lib2eb/libmodel.a(STM32BluePill.o)
                0x00000000080083fe                codal::STM32BluePill::periodicCallback()
 .text._ZN5codal14CodalComponentD0Ev
                0x0000000008008400       0x12 .pioenvs/bluepill_f103c8/lib2eb/libmodel.a(STM32BluePill.o)
                0x0000000008008400                codal::CodalComponent::~CodalComponent()
 .text._ZN5codal13STM32BluePill12idleCallbackEv
                0x0000000008008412        0x4 .pioenvs/bluepill_f103c8/lib2eb/libmodel.a(STM32BluePill.o)
                0x0000000008008412                codal::STM32BluePill::idleCallback()
 .text._ZN5codal13STM32BluePillD0Ev
                0x0000000008008416       0x12 .pioenvs/bluepill_f103c8/lib2eb/libmodel.a(STM32BluePill.o)
                0x0000000008008416                codal::STM32BluePill::~STM32BluePill()
 .text._ZN13UARTInterfaceC2Ejj
                0x0000000008008428        0x2 .pioenvs/bluepill_f103c8/lib33e/libuartint.a(uartint.o)
                0x0000000008008428                UARTInterface::UARTInterface(unsigned int, unsigned int)
                0x0000000008008428                UARTInterface::UARTInterface(unsigned int, unsigned int)
 .text._ZN5codal6Serial12initialiseRxEv
                0x000000000800842a       0x4c .pioenvs/bluepill_f103c8/lib3e7/libcodal-core.a(Serial.o)
                0x000000000800842a                codal::Serial::initialiseRx()
 .text._ZN5codal6Serial12circularCopyEPhhS1_tt
                0x0000000008008476       0x26 .pioenvs/bluepill_f103c8/lib3e7/libcodal-core.a(Serial.o)
                0x0000000008008476                codal::Serial::circularCopy(unsigned char*, unsigned char, unsigned char*, unsigned short, unsigned short)
 .text._ZN5codal6Serial7eventOnENS_13ManagedStringENS_10SerialModeE
                0x000000000800849c       0x26 .pioenvs/bluepill_f103c8/lib3e7/libcodal-core.a(Serial.o)
                0x000000000800849c                codal::Serial::eventOn(codal::ManagedString, codal::SerialMode)
 .text._ZN5codal6Serial9readUntilENS_13ManagedStringENS_10SerialModeE
                0x00000000080084c2      0x1a6 .pioenvs/bluepill_f103c8/lib3e7/libcodal-core.a(Serial.o)
                0x00000000080084c2                codal::Serial::readUntil(codal::ManagedString, codal::SerialMode)
 .text._ZN5codal10MessageBus9elementAtEi
                0x0000000008008668       0x10 .pioenvs/bluepill_f103c8/lib3e7/libcodal-core.a(MessageBus.o)
                0x0000000008008668                codal::MessageBus::elementAt(int)
 .text._ZN5codal22MemberFunctionCallback10methodCallINS_10MessageBusEEEvPvPmNS_5EventE
                0x0000000008008678       0x30 .pioenvs/bluepill_f103c8/lib3e7/libcodal-core.a(MessageBus.o)
                0x0000000008008678                void codal::MemberFunctionCallback::methodCall<codal::MessageBus>(void*, unsigned long*, codal::Event)
 .text._Z14async_callbackPv
                0x00000000080086a8       0x7c .pioenvs/bluepill_f103c8/lib3e7/libcodal-core.a(MessageBus.o)
                0x00000000080086a8                async_callback(void*)
 .text._ZThn8_N5codal10MessageBusD1Ev
                0x0000000008008724        0x8 .pioenvs/bluepill_f103c8/lib3e7/libcodal-core.a(MessageBus.o)
                0x0000000008008724                non-virtual thunk to codal::MessageBus::~MessageBus()
 .text._ZN5codal10MessageBusD0Ev
                0x000000000800872c       0x12 .pioenvs/bluepill_f103c8/lib3e7/libcodal-core.a(MessageBus.o)
                0x000000000800872c                codal::MessageBus::~MessageBus()
 .text._ZThn8_N5codal10MessageBusD0Ev
                0x000000000800873e        0x8 .pioenvs/bluepill_f103c8/lib3e7/libcodal-core.a(MessageBus.o)
                0x000000000800873e                non-virtual thunk to codal::MessageBus::~MessageBus()
 .text._ZN5codal10MessageBus12dequeueEventEv
                0x0000000008008746       0x22 .pioenvs/bluepill_f103c8/lib3e7/libcodal-core.a(MessageBus.o)
                0x0000000008008746                codal::MessageBus::dequeueEvent()
 .text._ZN5codal10MessageBus21deleteMarkedListenersEv
                0x0000000008008768       0x42 .pioenvs/bluepill_f103c8/lib3e7/libcodal-core.a(MessageBus.o)
                0x0000000008008768                codal::MessageBus::deleteMarkedListeners()
 .text._ZN5codal10MessageBus10queueEventERNS_5EventE
                0x00000000080087aa       0x5e .pioenvs/bluepill_f103c8/lib3e7/libcodal-core.a(MessageBus.o)
                0x00000000080087aa                codal::MessageBus::queueEvent(codal::Event&)
 .text._ZN5codal10MessageBus4sendENS_5EventE
                0x0000000008008808       0x16 .pioenvs/bluepill_f103c8/lib3e7/libcodal-core.a(MessageBus.o)
                0x0000000008008808                codal::MessageBus::send(codal::Event)
 .text._ZN5codal10MessageBus4idleENS_5EventE
                0x000000000800881e       0x34 .pioenvs/bluepill_f103c8/lib3e7/libcodal-core.a(MessageBus.o)
                0x000000000800881e                codal::MessageBus::idle(codal::Event)
 .text._ZN5codal13ManagedStringD2Ev
                0x0000000008008852        0xe .pioenvs/bluepill_f103c8/lib3e7/libcodal-core.a(ManagedString.o)
                0x0000000008008852                codal::ManagedString::~ManagedString()
                0x0000000008008852                codal::ManagedString::~ManagedString()
 .text._ZN5codal13ManagedString10initStringEPKci
                0x0000000008008860       0x2e .pioenvs/bluepill_f103c8/lib3e7/libcodal-core.a(ManagedString.o)
                0x0000000008008860                codal::ManagedString::initString(char const*, int)
 .text._ZN5codal13ManagedStringC2Ei
                0x000000000800888e       0x22 .pioenvs/bluepill_f103c8/lib3e7/libcodal-core.a(ManagedString.o)
                0x000000000800888e                codal::ManagedString::ManagedString(int)
                0x000000000800888e                codal::ManagedString::ManagedString(int)
 .text._ZN5codal13ManagedStringC2ERKS0_
                0x00000000080088b0       0x10 .pioenvs/bluepill_f103c8/lib3e7/libcodal-core.a(ManagedString.o)
                0x00000000080088b0                codal::ManagedString::ManagedString(codal::ManagedString const&)
                0x00000000080088b0                codal::ManagedString::ManagedString(codal::ManagedString const&)
 .text._ZN5codal13ManagedStringaSERKS0_
                0x00000000080088c0       0x1e .pioenvs/bluepill_f103c8/lib3e7/libcodal-core.a(ManagedString.o)
                0x00000000080088c0                codal::ManagedString::operator=(codal::ManagedString const&)
 .text._ZN5codal13ManagedString6charAtEs
                0x00000000080088de       0x18 .pioenvs/bluepill_f103c8/lib3e7/libcodal-core.a(ManagedString.o)
                0x00000000080088de                codal::ManagedString::charAt(short)
 .text._ZL16isReadOnlyInlinePN5codal10RefCountedE
                0x00000000080088f6       0x22 .pioenvs/bluepill_f103c8/lib3e7/libcodal-core.a(RefCounted.o)
 .text._ZN5codal10RefCounted4incrEv
                0x0000000008008918       0x12 .pioenvs/bluepill_f103c8/lib3e7/libcodal-core.a(RefCounted.o)
                0x0000000008008918                codal::RefCounted::incr()
 .text._ZN5codal10RefCounted4decrEv
                0x000000000800892a       0x22 .pioenvs/bluepill_f103c8/lib3e7/libcodal-core.a(RefCounted.o)
                0x000000000800892a                codal::RefCounted::decr()
 .text._ZN5codal10RefCounted7destroyEv
                0x000000000800894c        0x4 .pioenvs/bluepill_f103c8/lib3e7/libcodal-core.a(RefCountedInit.o)
                0x000000000800894c                codal::RefCounted::destroy()
 .text._ZN5codal10RefCounted4initEv
                0x0000000008008950        0x6 .pioenvs/bluepill_f103c8/lib3e7/libcodal-core.a(RefCountedInit.o)
                0x0000000008008950                codal::RefCounted::init()
 .text._ZN5codal22MemberFunctionCallback4fireENS_5EventE
                0x0000000008008956       0x18 .pioenvs/bluepill_f103c8/lib3e7/libcodal-core.a(MemberFunctionCallback.o)
                0x0000000008008956                codal::MemberFunctionCallback::fire(codal::Event)
 .text._ZN5codal22MemberFunctionCallbackeqERKS0_
                0x000000000800896e       0x20 .pioenvs/bluepill_f103c8/lib3e7/libcodal-core.a(MemberFunctionCallback.o)
                0x000000000800896e                codal::MemberFunctionCallback::operator==(codal::MemberFunctionCallback const&)
 .text._ZN5codal3_cm3I2C12setFrequencyEm
                0x000000000800898e        0x4 .pioenvs/bluepill_f103c8/lib739/libcm.a(CmI2C.o)
                0x000000000800898e                codal::_cm::I2C::setFrequency(unsigned long)
 .text._ZN5codal3_cm3I2C5writeEtPhib
                0x0000000008008992        0x4 .pioenvs/bluepill_f103c8/lib739/libcm.a(CmI2C.o)
                0x0000000008008992                codal::_cm::I2C::read(unsigned short, unsigned char*, int, bool)
                0x0000000008008992                codal::_cm::I2C::write(unsigned short, unsigned char*, int, bool)
 .text._ZN5codal3_cm3I2C12readRegisterEthPhib
                0x0000000008008996        0x4 .pioenvs/bluepill_f103c8/lib739/libcm.a(CmI2C.o)
                0x0000000008008996                codal::_cm::I2C::readRegister(unsigned short, unsigned char, unsigned char*, int, bool)
 .text._ZN5codal3_cm3SPI12setFrequencyEm
                0x000000000800899a        0xc .pioenvs/bluepill_f103c8/lib739/libcm.a(CmSPI.o)
                0x000000000800899a                codal::_cm::SPI::setFrequency(unsigned long)
 .text._ZN5codal3_cm3SPI5writeEi
                0x00000000080089a6        0xe .pioenvs/bluepill_f103c8/lib739/libcm.a(CmSPI.o)
                0x00000000080089a6                codal::_cm::SPI::write(int)
 .text._ZN5codal3_cm3SPI8transferEPKhmPhm
                0x00000000080089b4        0x4 .pioenvs/bluepill_f103c8/lib739/libcm.a(CmSPI.o)
                0x00000000080089b4                codal::_cm::SPI::transfer(unsigned char const*, unsigned long, unsigned char*, unsigned long)
 .text._ZN5codal3_cm3SPI7setModeEii
                0x00000000080089b8       0x18 .pioenvs/bluepill_f103c8/lib739/libcm.a(CmSPI.o)
                0x00000000080089b8                codal::_cm::SPI::setMode(int, int)
 .text._ZN5codal3_cm16_codal_setup_pinEPNS0_3PinEmPK6PinMap
                0x00000000080089d0       0x54 .pioenvs/bluepill_f103c8/lib739/libcm.a(CmSPI.o)
                0x00000000080089d0                codal::_cm::_codal_setup_pin(codal::_cm::Pin*, unsigned long, PinMap const*)
 .text._ZN5codal3_cm3SPI13startTransferEPKhmPhmPFvPvES5_
                0x0000000008008a24       0x28 .pioenvs/bluepill_f103c8/lib739/libcm.a(CmSPI.o)
                0x0000000008008a24                codal::_cm::SPI::startTransfer(unsigned char const*, unsigned long, unsigned char*, unsigned long, void (*)(void*), void*)
 .text._ZN5codal3_cm6Serial15enableInterruptENS_19SerialInterruptTypeE
                0x0000000008008a4c        0x4 .pioenvs/bluepill_f103c8/lib739/libcm.a(CmSerial.o)
                0x0000000008008a4c                codal::_cm::Serial::enableInterrupt(codal::SerialInterruptType)
 .text._ZN5codal3_cm6Serial16disableInterruptENS_19SerialInterruptTypeE
                0x0000000008008a50        0x4 .pioenvs/bluepill_f103c8/lib739/libcm.a(CmSerial.o)
                0x0000000008008a50                codal::_cm::Serial::disableInterrupt(codal::SerialInterruptType)
 .text._ZN5codal3_cm6Serial11setBaudrateEm
                0x0000000008008a54        0x4 .pioenvs/bluepill_f103c8/lib739/libcm.a(CmSerial.o)
                0x0000000008008a54                codal::_cm::Serial::setBaudrate(unsigned long)
 .text._ZN5codal3_cm6Serial13configurePinsERNS_3PinES3_
                0x0000000008008a58        0x4 .pioenvs/bluepill_f103c8/lib739/libcm.a(CmSerial.o)
                0x0000000008008a58                codal::_cm::Serial::configurePins(codal::Pin&, codal::Pin&)
 .text._ZN5codal3_cm6Serial4putcEc
                0x0000000008008a5c        0x4 .pioenvs/bluepill_f103c8/lib739/libcm.a(CmSerial.o)
                0x0000000008008a5c                codal::_cm::Serial::putc(char)
 .text._ZN5codal3_cm6Serial4getcEv
                0x0000000008008a60        0x6 .pioenvs/bluepill_f103c8/lib739/libcm.a(CmSerial.o)
                0x0000000008008a60                codal::_cm::Serial::getc()
 .text._ZN5codal3_cm6SerialD0Ev
                0x0000000008008a66       0x12 .pioenvs/bluepill_f103c8/lib739/libcm.a(CmSerial.o)
                0x0000000008008a66                codal::_cm::Serial::~Serial()
 .text._ZN5codal3_cm6Serial12initialiseRxEv
                0x0000000008008a78       0x38 .pioenvs/bluepill_f103c8/lib739/libcm.a(CmSerial.o)
                0x0000000008008a78                codal::_cm::Serial::initialiseRx()
 .text._ZN5codal3_cm6Serial12circularCopyEPhhS2_tt
                0x0000000008008ab0       0x26 .pioenvs/bluepill_f103c8/lib739/libcm.a(CmSerial.o)
                0x0000000008008ab0                codal::_cm::Serial::circularCopy(unsigned char*, unsigned char, unsigned char*, unsigned short, unsigned short)
 .text._ZN5codal3_cm6Serial7eventOnENS_13ManagedStringENS_10SerialModeE
                0x0000000008008ad6       0x24 .pioenvs/bluepill_f103c8/lib739/libcm.a(CmSerial.o)
                0x0000000008008ad6                codal::_cm::Serial::eventOn(codal::ManagedString, codal::SerialMode)
 .text._ZN5codal3_cm6Serial9readUntilENS_13ManagedStringENS_10SerialModeE
                0x0000000008008afa      0x1a6 .pioenvs/bluepill_f103c8/lib739/libcm.a(CmSerial.o)
                0x0000000008008afa                codal::_cm::Serial::readUntil(codal::ManagedString, codal::SerialMode)
 .text._ZN5codal3_cm14alarm_callbackEv
                0x0000000008008ca0        0x4 .pioenvs/bluepill_f103c8/lib739/libcm.a(CmTimer.o)
                0x0000000008008ca0                codal::_cm::alarm_callback()
 .text._ZN5codal3_cm5Timer11syncRequestEv
                0x0000000008008ca4       0x26 .pioenvs/bluepill_f103c8/lib739/libcm.a(CmTimer.o)
                0x0000000008008ca4                codal::_cm::Timer::syncRequest()
 .text._ZN5codal3I2C12setFrequencyEm
                0x0000000008008cca        0x6 .pioenvs/bluepill_f103c8/lib3e7/libcodal-core.a(I2C.o)
                0x0000000008008cca                codal::I2C::setFrequency(unsigned long)
 .text._ZN5codal3I2C5startEv
                0x0000000008008cd0        0x6 .pioenvs/bluepill_f103c8/lib3e7/libcodal-core.a(I2C.o)
                0x0000000008008cd0                codal::I2C::stop()
                0x0000000008008cd0                codal::I2C::start()
 .text._ZN5codal3I2C5writeEh
                0x0000000008008cd6        0x6 .pioenvs/bluepill_f103c8/lib3e7/libcodal-core.a(I2C.o)
                0x0000000008008cd6                codal::I2C::read(codal::AcknowledgeType)
                0x0000000008008cd6                codal::I2C::write(unsigned char)
 .text._ZN5codal3I2C13writeRegisterEthh
                0x0000000008008cdc       0x1c .pioenvs/bluepill_f103c8/lib3e7/libcodal-core.a(I2C.o)
                0x0000000008008cdc                codal::I2C::writeRegister(unsigned short, unsigned char, unsigned char)
 .text._ZN5codal3I2C5writeEtPhib
                0x0000000008008cf8       0x50 .pioenvs/bluepill_f103c8/lib3e7/libcodal-core.a(I2C.o)
                0x0000000008008cf8                codal::I2C::write(unsigned short, unsigned char*, int, bool)
 .text._ZN5codal3I2C4readEtPhib
                0x0000000008008d48       0x64 .pioenvs/bluepill_f103c8/lib3e7/libcodal-core.a(I2C.o)
                0x0000000008008d48                codal::I2C::read(unsigned short, unsigned char*, int, bool)
 .text._ZN5codal3I2C5writeEth
                0x0000000008008dac       0x1c .pioenvs/bluepill_f103c8/lib3e7/libcodal-core.a(I2C.o)
                0x0000000008008dac                codal::I2C::write(unsigned short, unsigned char)
 .text._ZN5codal3I2C12readRegisterEthPhib
                0x0000000008008dc8       0x42 .pioenvs/bluepill_f103c8/lib3e7/libcodal-core.a(I2C.o)
                0x0000000008008dc8                codal::I2C::readRegister(unsigned short, unsigned char, unsigned char*, int, bool)
                0x0000000008008e0c                . = ALIGN (0x4)
 *fill*         0x0000000008008e0a        0x2 
 *(SORT_BY_ALIGNMENT(.rodata*))
 .rodata._ZTVN5codal5TimerE
                0x0000000008008e0c       0x18 .pioenvs/bluepill_f103c8/lib3e7/libcodal-core.a(Timer.o)
                0x0000000008008e0c                vtable for codal::Timer
 .rodata._ZTVN5codal3_cm3PinE
                0x0000000008008e24       0x54 .pioenvs/bluepill_f103c8/lib739/libcm.a(CmPin.o)
                0x0000000008008e24                vtable for codal::_cm::Pin
 .rodata._ZTVN5codal14CodalComponentE
                0x0000000008008e78       0x1c .pioenvs/bluepill_f103c8/lib2eb/libmodel.a(STM32BluePill.o)
                0x0000000008008e78                vtable for codal::CodalComponent
 .rodata._ZTVN5codal13STM32BluePillE
                0x0000000008008e94       0x1c .pioenvs/bluepill_f103c8/lib2eb/libmodel.a(STM32BluePill.o)
                0x0000000008008e94                vtable for codal::STM32BluePill
 .rodata.PinMap_SPI_MISO
                0x0000000008008eb0       0x48 .pioenvs/bluepill_f103c8/lib2eb/libmodel.a(STM32BluePillIO.o)
                0x0000000008008eb0                PinMap_SPI_MISO
 .rodata.PinMap_SPI_MOSI
                0x0000000008008ef8       0x48 .pioenvs/bluepill_f103c8/lib2eb/libmodel.a(STM32BluePillIO.o)
                0x0000000008008ef8                PinMap_SPI_MOSI
 .rodata.PinMap_SPI_NSS
                0x0000000008008f40       0x48 .pioenvs/bluepill_f103c8/lib2eb/libmodel.a(STM32BluePillIO.o)
                0x0000000008008f40                PinMap_SPI_NSS
 .rodata.PinMap_SPI_SCK
                0x0000000008008f88       0x48 .pioenvs/bluepill_f103c8/lib2eb/libmodel.a(STM32BluePillIO.o)
                0x0000000008008f88                PinMap_SPI_SCK
 .rodata._ZTVN5codal6SerialE
                0x0000000008008fd0       0x38 .pioenvs/bluepill_f103c8/lib3e7/libcodal-core.a(Serial.o)
                0x0000000008008fd0                vtable for codal::Serial
 .rodata._ZTVN5codal10EventModelE
                0x0000000008009008       0x14 .pioenvs/bluepill_f103c8/lib3e7/libcodal-core.a(MessageBus.o)
                0x0000000008009008                vtable for codal::EventModel
 .rodata._ZTVN5codal10MessageBusE
                0x000000000800901c       0x3c .pioenvs/bluepill_f103c8/lib3e7/libcodal-core.a(MessageBus.o)
                0x000000000800901c                vtable for codal::MessageBus
 .rodata._ZL9emptyData
                0x0000000008009058        0x4 .pioenvs/bluepill_f103c8/lib3e7/libcodal-core.a(ManagedString.o)
 .rodata._ZTVN5codal3_cm3I2CE
                0x000000000800905c       0x2c .pioenvs/bluepill_f103c8/lib739/libcm.a(CmI2C.o)
                0x000000000800905c                vtable for codal::_cm::I2C
 .rodata._ZTVN5codal3_cm3SPIE
                0x0000000008009088       0x1c .pioenvs/bluepill_f103c8/lib739/libcm.a(CmSPI.o)
                0x0000000008009088                vtable for codal::_cm::SPI
 .rodata._ZTVN5codal3_cm6SerialE
                0x00000000080090a4       0x38 .pioenvs/bluepill_f103c8/lib739/libcm.a(CmSerial.o)
                0x00000000080090a4                vtable for codal::_cm::Serial
 .rodata._ZTVN5codal3_cm5TimerE
                0x00000000080090dc       0x18 .pioenvs/bluepill_f103c8/lib739/libcm.a(CmTimer.o)
                0x00000000080090dc                vtable for codal::_cm::Timer
 .rodata._ZTVN5codal3I2CE
                0x00000000080090f4       0x2c .pioenvs/bluepill_f103c8/lib3e7/libcodal-core.a(I2C.o)
                0x00000000080090f4                vtable for codal::I2C
 .rodata._Z10Blink_mainRN5codal13STM32BluePillE.str1.1
                0x0000000008009120       0x1f .pioenvs/bluepill_f103c8/src/main.o
 .rodata._ZL10debug_dumpRN5codal13STM32BluePillEPKc.str1.1
                0x000000000800913f       0x21 .pioenvs/bluepill_f103c8/src/main.o
                                         0x22 (size before relaxing)
 .rodata._ZN5codal11fiber_sleepEm.str1.1
                0x0000000008009160       0x66 .pioenvs/bluepill_f103c8/lib3e7/libcodal-core.a(CodalFiber.o)
 .rodata._ZN5codal5Timer7triggerEv.str1.1
                0x00000000080091c6        0x6 .pioenvs/bluepill_f103c8/lib3e7/libcodal-core.a(Timer.o)
 .rodata._ZN5codal3_cm3Pin15setDigitalValueEi.str1.1
                0x00000000080091cc       0x43 .pioenvs/bluepill_f103c8/lib739/libcm.a(CmPin.o)
 .rodata.application_start.str1.1
                0x000000000800920f       0x34 .pioenvs/bluepill_f103c8/lib739/libcm.a(application.o)
 .rodata._ZN5codal3_cm3SPI4initEv.str1.1
                0x0000000008009243       0x10 .pioenvs/bluepill_f103c8/lib739/libcm.a(CmSPI.o)
 .rodata._ZN5codal3_cm3SPIC2ERNS0_3PinES3_S3_.str1.1
                0x0000000008009253       0x22 .pioenvs/bluepill_f103c8/lib739/libcm.a(CmSPI.o)
                                         0x23 (size before relaxing)
 .rodata._ZN5codal3_cm3SPIC2ERNS0_3PinES3_S3_S3_.str1.1
                0x0000000008009275        0x6 .pioenvs/bluepill_f103c8/lib739/libcm.a(CmSPI.o)
                                         0x10 (size before relaxing)
 .rodata._ZN5codal3_cm5Timer4initEv.str1.1
                0x000000000800927b        0xb .pioenvs/bluepill_f103c8/lib739/libcm.a(CmTimer.o)
 .rodata._ZN5codal3_cm5Timer9triggerInEm.str1.1
                0x0000000008009286        0xb .pioenvs/bluepill_f103c8/lib739/libcm.a(CmTimer.o)
 .rodata.pinmap_cnf.str1.1
                0x0000000008009291       0x19 .pioenvs/bluepill_f103c8/lib739/libcm.a(CmPinMap.o)
 .rodata.pinmap_mode.str1.1
                0x00000000080092aa       0x1a .pioenvs/bluepill_f103c8/lib739/libcm.a(CmPinMap.o)
 .rodata.pinmap_peripheral.str1.1
                0x00000000080092c4       0x20 .pioenvs/bluepill_f103c8/lib739/libcm.a(CmPinMap.o)
                0x00000000080092e4                . = ALIGN (0x4)

.glue_7         0x00000000080092e4        0x0
 .glue_7        0x00000000080092e4        0x0 linker stubs

.glue_7t        0x00000000080092e4        0x0
 .glue_7t       0x00000000080092e4        0x0 linker stubs

.vfp11_veneer   0x00000000080092e4        0x0
 .vfp11_veneer  0x00000000080092e4        0x0 linker stubs

.v4_bx          0x00000000080092e4        0x0
 .v4_bx         0x00000000080092e4        0x0 linker stubs

.iplt           0x00000000080092e4        0x0
 .iplt          0x00000000080092e4        0x0 asm/CortexContextSwitch.s.o

.rel.dyn        0x00000000080092e4        0x0
 .rel.iplt      0x00000000080092e4        0x0 asm/CortexContextSwitch.s.o

.boot_preinit_array
                0x00000000080010f8        0x0
                0x00000000080010f8                . = ALIGN (0x4)
                0x00000000080010f8                __boot_preinit_array_start = .
 :*reset_handler*(SORT_BY_ALIGNMENT(.preinit_array))
 *libhal.a:*reset_handler*(SORT_BY_ALIGNMENT(.preinit_array))
 :*codal_target_hal*(SORT_BY_ALIGNMENT(.preinit_array))
 *libhal.a:*codal_target_hal*(SORT_BY_ALIGNMENT(.preinit_array))
 :*CortexContextSwitch*(SORT_BY_ALIGNMENT(.preinit_array))
 *libhal.a:(SORT_BY_ALIGNMENT(.preinit_array))
 *liblibopencm3.a:(SORT_BY_ALIGNMENT(.preinit_array))
 *libFrameworkLibOpenCM3.a:(SORT_BY_ALIGNMENT(.preinit_array))
 *libcocoos.a:(SORT_BY_ALIGNMENT(.preinit_array))
 *libcocoOS_?.?.?.a:(SORT_BY_ALIGNMENT(.preinit_array))
 *libgcc.a:(SORT_BY_ALIGNMENT(.preinit_array))
 *libqfplib.a:(SORT_BY_ALIGNMENT(.preinit_array))
 *libnano-float.a:(SORT_BY_ALIGNMENT(.preinit_array))
 *libnewlib.a:(SORT_BY_ALIGNMENT(.preinit_array))
 *liblogger.a:(SORT_BY_ALIGNMENT(.preinit_array))
 *libbluepill.a:(SORT_BY_ALIGNMENT(.preinit_array))
 *libbootloader.a:(SORT_BY_ALIGNMENT(.preinit_array))
                0x00000000080010f8                __boot_preinit_array_end = .

.preinit_array  0x00000000080092e4        0x0
                0x00000000080092e4                . = ALIGN (0x4)
                0x00000000080092e4                __preinit_array_start = .
 *(SORT_BY_ALIGNMENT(.preinit_array))
                0x00000000080092e4                __preinit_array_end = .

.boot_init_array
                0x00000000080010f8        0x0
                0x00000000080010f8                . = ALIGN (0x4)
                0x00000000080010f8                __boot_init_array_start = .
 :*reset_handler*(SORT_BY_NAME(SORT_BY_ALIGNMENT(.init_array.*)))
 *libhal.a:*reset_handler*(SORT_BY_NAME(SORT_BY_ALIGNMENT(.init_array.*)))
 :*codal_target_hal*(SORT_BY_NAME(SORT_BY_ALIGNMENT(.init_array.*)))
 *libhal.a:*codal_target_hal*(SORT_BY_NAME(SORT_BY_ALIGNMENT(.init_array.*)))
 :*CortexContextSwitch*(SORT_BY_NAME(SORT_BY_ALIGNMENT(.init_array.*)))
 *libhal.a:(SORT_BY_NAME(SORT_BY_ALIGNMENT(.init_array.*)))
 *liblibopencm3.a:(SORT_BY_NAME(SORT_BY_ALIGNMENT(.init_array.*)))
 *libFrameworkLibOpenCM3.a:(SORT_BY_NAME(SORT_BY_ALIGNMENT(.init_array.*)))
 *libcocoos.a:(SORT_BY_NAME(SORT_BY_ALIGNMENT(.init_array.*)))
 *libcocoOS_?.?.?.a:(SORT_BY_NAME(SORT_BY_ALIGNMENT(.init_array.*)))
 *libgcc.a:(SORT_BY_NAME(SORT_BY_ALIGNMENT(.init_array.*)))
 *libqfplib.a:(SORT_BY_NAME(SORT_BY_ALIGNMENT(.init_array.*)))
 *libnano-float.a:(SORT_BY_NAME(SORT_BY_ALIGNMENT(.init_array.*)))
 *libnewlib.a:(SORT_BY_NAME(SORT_BY_ALIGNMENT(.init_array.*)))
 *liblogger.a:(SORT_BY_NAME(SORT_BY_ALIGNMENT(.init_array.*)))
 *libbluepill.a:(SORT_BY_NAME(SORT_BY_ALIGNMENT(.init_array.*)))
 *libbootloader.a:(SORT_BY_NAME(SORT_BY_ALIGNMENT(.init_array.*)))
 :*reset_handler*(SORT_BY_ALIGNMENT(.init_array))
 *libhal.a:*reset_handler*(SORT_BY_ALIGNMENT(.init_array))
 :*codal_target_hal*(SORT_BY_ALIGNMENT(.init_array))
 *libhal.a:*codal_target_hal*(SORT_BY_ALIGNMENT(.init_array))
 :*CortexContextSwitch*(SORT_BY_ALIGNMENT(.init_array))
 *libhal.a:(SORT_BY_ALIGNMENT(.init_array))
 *liblibopencm3.a:(SORT_BY_ALIGNMENT(.init_array))
 *libFrameworkLibOpenCM3.a:(SORT_BY_ALIGNMENT(.init_array))
 *libcocoos.a:(SORT_BY_ALIGNMENT(.init_array))
 *libcocoOS_?.?.?.a:(SORT_BY_ALIGNMENT(.init_array))
 *libgcc.a:(SORT_BY_ALIGNMENT(.init_array))
 *libqfplib.a:(SORT_BY_ALIGNMENT(.init_array))
 *libnano-float.a:(SORT_BY_ALIGNMENT(.init_array))
 *libnewlib.a:(SORT_BY_ALIGNMENT(.init_array))
 *liblogger.a:(SORT_BY_ALIGNMENT(.init_array))
 *libbluepill.a:(SORT_BY_ALIGNMENT(.init_array))
 *libbootloader.a:(SORT_BY_ALIGNMENT(.init_array))
                0x00000000080010f8                __boot_init_array_end = .
                0x00000000080010f8                . = ALIGN (0x4)
                0x00000000080010f8                _boot_etext = .

.init_array     0x00000000080092e4        0xc
                0x00000000080092e4                . = ALIGN (0x4)
                0x00000000080092e4                __init_array_start = .
 *(SORT_BY_NAME(SORT_BY_ALIGNMENT(.init_array.*)))
 *(SORT_BY_ALIGNMENT(.init_array))
 .init_array    0x00000000080092e4        0x4 .pioenvs/bluepill_f103c8/src/uart.o
 .init_array    0x00000000080092e8        0x4 .pioenvs/bluepill_f103c8/lib33e/libuartint.a(uartint.o)
 .init_array    0x00000000080092ec        0x4 .pioenvs/bluepill_f103c8/lib3e7/libcodal-core.a(ManagedString.o)
                0x00000000080092f0                __init_array_end = .
                0x00000000080092f0                . = ALIGN (0x4)
                0x00000000080092f0                _etext = .

.boot_fini_array
                0x00000000080010f8        0x0
                0x00000000080010f8                . = ALIGN (0x4)
                0x00000000080010f8                __boot_fini_array_start = .
 :*reset_handler*(SORT_BY_ALIGNMENT(.fini_array))
 *libhal.a:*reset_handler*(SORT_BY_ALIGNMENT(.fini_array))
 :*codal_target_hal*(SORT_BY_ALIGNMENT(.fini_array))
 *libhal.a:*codal_target_hal*(SORT_BY_ALIGNMENT(.fini_array))
 :*CortexContextSwitch*(SORT_BY_ALIGNMENT(.fini_array))
 *libhal.a:(SORT_BY_ALIGNMENT(.fini_array))
 *liblibopencm3.a:(SORT_BY_ALIGNMENT(.fini_array))
 *libFrameworkLibOpenCM3.a:(SORT_BY_ALIGNMENT(.fini_array))
 *libcocoos.a:(SORT_BY_ALIGNMENT(.fini_array))
 *libcocoOS_?.?.?.a:(SORT_BY_ALIGNMENT(.fini_array))
 *libgcc.a:(SORT_BY_ALIGNMENT(.fini_array))
 *libqfplib.a:(SORT_BY_ALIGNMENT(.fini_array))
 *libnano-float.a:(SORT_BY_ALIGNMENT(.fini_array))
 *libnewlib.a:(SORT_BY_ALIGNMENT(.fini_array))
 *liblogger.a:(SORT_BY_ALIGNMENT(.fini_array))
 *libbluepill.a:(SORT_BY_ALIGNMENT(.fini_array))
 *libbootloader.a:(SORT_BY_ALIGNMENT(.fini_array))
 :*reset_handler*(SORT_BY_NAME(SORT_BY_ALIGNMENT(.fini_array.*)))
 *libhal.a:*reset_handler*(SORT_BY_NAME(SORT_BY_ALIGNMENT(.fini_array.*)))
 :*codal_target_hal*(SORT_BY_NAME(SORT_BY_ALIGNMENT(.fini_array.*)))
 *libhal.a:*codal_target_hal*(SORT_BY_NAME(SORT_BY_ALIGNMENT(.fini_array.*)))
 :*CortexContextSwitch*(SORT_BY_NAME(SORT_BY_ALIGNMENT(.fini_array.*)))
 *libhal.a:(SORT_BY_NAME(SORT_BY_ALIGNMENT(.fini_array.*)))
 *liblibopencm3.a:(SORT_BY_NAME(SORT_BY_ALIGNMENT(.fini_array.*)))
 *libFrameworkLibOpenCM3.a:(SORT_BY_NAME(SORT_BY_ALIGNMENT(.fini_array.*)))
 *libcocoos.a:(SORT_BY_NAME(SORT_BY_ALIGNMENT(.fini_array.*)))
 *libcocoOS_?.?.?.a:(SORT_BY_NAME(SORT_BY_ALIGNMENT(.fini_array.*)))
 *libgcc.a:(SORT_BY_NAME(SORT_BY_ALIGNMENT(.fini_array.*)))
 *libqfplib.a:(SORT_BY_NAME(SORT_BY_ALIGNMENT(.fini_array.*)))
 *libnano-float.a:(SORT_BY_NAME(SORT_BY_ALIGNMENT(.fini_array.*)))
 *libnewlib.a:(SORT_BY_NAME(SORT_BY_ALIGNMENT(.fini_array.*)))
 *liblogger.a:(SORT_BY_NAME(SORT_BY_ALIGNMENT(.fini_array.*)))
 *libbluepill.a:(SORT_BY_NAME(SORT_BY_ALIGNMENT(.fini_array.*)))
 *libbootloader.a:(SORT_BY_NAME(SORT_BY_ALIGNMENT(.fini_array.*)))
                0x00000000080010f8                __boot_fini_array_end = .

.fini_array     0x00000000080092f0        0x0
                0x00000000080092f0                . = ALIGN (0x4)
                0x00000000080092f0                __fini_array_start = .
 *(SORT_BY_ALIGNMENT(.fini_array))
 *(SORT_BY_NAME(SORT_BY_ALIGNMENT(.fini_array.*)))
                0x00000000080092f0                __fini_array_end = .

.boot_data      0x0000000020000000       0x14 load address 0x00000000080010f8
                0x0000000020000000                _boot_data = .
 :*reset_handler*(SORT_BY_ALIGNMENT(.data*))
 .data.hal_data_test
                0x0000000020000000        0x4 .pioenvs/bluepill_f103c8/libccd/hal/reset_handler.o
                0x0000000020000000                hal_data_test
 *libhal.a:*reset_handler*(SORT_BY_ALIGNMENT(.data*))
 :*codal_target_hal*(SORT_BY_ALIGNMENT(.data*))
 .data.codal_heap_start
                0x0000000020000004        0x4 .pioenvs/bluepill_f103c8/libccd/hal/codal_target_hal.o
                0x0000000020000004                codal_heap_start
 *libhal.a:*codal_target_hal*(SORT_BY_ALIGNMENT(.data*))
 :*CortexContextSwitch.*(SORT_BY_ALIGNMENT(.data*))
 *libhal.a:(SORT_BY_ALIGNMENT(.data*))
 *liblibopencm3.a:(SORT_BY_ALIGNMENT(.data*))
 *libFrameworkLibOpenCM3.a:(SORT_BY_ALIGNMENT(.data*))
 .data.rcc_ahb_frequency
                0x0000000020000008        0x4 .pioenvs/bluepill_f103c8/libFrameworkLibOpenCM3.a(rcc.o)
                0x0000000020000008                rcc_ahb_frequency
 .data.rcc_apb1_frequency
                0x000000002000000c        0x4 .pioenvs/bluepill_f103c8/libFrameworkLibOpenCM3.a(rcc.o)
                0x000000002000000c                rcc_apb1_frequency
 .data.rcc_apb2_frequency
                0x0000000020000010        0x4 .pioenvs/bluepill_f103c8/libFrameworkLibOpenCM3.a(rcc.o)
                0x0000000020000010                rcc_apb2_frequency
 *libcocoos.a:(SORT_BY_ALIGNMENT(.data*))
 *libcocoOS_?.?.?.a:(SORT_BY_ALIGNMENT(.data*))
 *libgcc.a:(SORT_BY_ALIGNMENT(.data*))
 *libqfplib.a:(SORT_BY_ALIGNMENT(.data*))
 *libnano-float.a:(SORT_BY_ALIGNMENT(.data*))
 *libnewlib.a:(SORT_BY_ALIGNMENT(.data*))
 *liblogger.a:(SORT_BY_ALIGNMENT(.data*))
 *libbluepill.a:(SORT_BY_ALIGNMENT(.data*))
 *libbootloader.a:(SORT_BY_ALIGNMENT(.data*))
                0x0000000020000014                . = ALIGN (0x4)
                0x0000000020000014                _boot_edata = .
                0x00000000080010f8                _boot_data_loadaddr = LOADADDR (.boot_data)

.data           0x0000000020002800        0x8 load address 0x00000000080092f0
                0x0000000020002800                _data = .
 *(SORT_BY_ALIGNMENT(.data*))
 .data.app_data_test
                0x0000000020002800        0x4 .pioenvs/bluepill_f103c8/lib739/libcm.a(application.o)
                0x0000000020002800                app_data_test
 .data._ZL12userNotifyId
                0x0000000020002804        0x2 .pioenvs/bluepill_f103c8/lib3e7/libcodal-core.a(MessageBus.o)
                0x0000000020002808                . = ALIGN (0x4)
 *fill*         0x0000000020002806        0x2 
                0x0000000020002808                _edata = .
                0x00000000080092f0                _data_loadaddr = LOADADDR (.data)

.igot.plt       0x0000000020002808        0x0 load address 0x00000000080092f8
 .igot.plt      0x0000000020002808        0x0 asm/CortexContextSwitch.s.o

.boot_bss       0x0000000020000014      0x2e4
 :*reset_handler*(SORT_BY_ALIGNMENT(.bss*))
 *libhal.a:*reset_handler*(SORT_BY_ALIGNMENT(.bss*))
 :*codal_target_hal*(SORT_BY_ALIGNMENT(.bss*))
 .bss._ZL13tick_callback
                0x0000000020000014        0x4 .pioenvs/bluepill_f103c8/libccd/hal/codal_target_hal.o
 .bss._ZL14alarm_callback
                0x0000000020000018        0x4 .pioenvs/bluepill_f103c8/libccd/hal/codal_target_hal.o
 .bss._ZL19bootloader_callback
                0x000000002000001c        0x4 .pioenvs/bluepill_f103c8/libccd/hal/codal_target_hal.o
 .bss.__dso_handle
                0x0000000020000020        0x4 .pioenvs/bluepill_f103c8/libccd/hal/codal_target_hal.o
                0x0000000020000020                __dso_handle
 .bss._ZL11initialised
                0x0000000020000024        0x1 .pioenvs/bluepill_f103c8/libccd/hal/codal_target_hal.o
 *libhal.a:*codal_target_hal*(SORT_BY_ALIGNMENT(.bss*))
 :*CortexContextSwitch*(SORT_BY_ALIGNMENT(.bss*))
 *libhal.a:(SORT_BY_ALIGNMENT(.bss*))
 *liblibopencm3.a:(SORT_BY_ALIGNMENT(.bss*))
 *libFrameworkLibOpenCM3.a:(SORT_BY_ALIGNMENT(.bss*))
 *libcocoos.a:(SORT_BY_ALIGNMENT(.bss*))
 *libcocoOS_?.?.?.a:(SORT_BY_ALIGNMENT(.bss*))
 *fill*         0x0000000020000025        0x3 
 .bss.msgQList  0x0000000020000028       0x20 .pioenvs/bluepill_f103c8/libea7/libcocoOS_5.0.3.a(os_msgqueue.o)
 .bss.task_list
                0x0000000020000048       0x8c .pioenvs/bluepill_f103c8/libea7/libcocoOS_5.0.3.a(os_task.o)
 .bss.nEvents   0x00000000200000d4        0x1 .pioenvs/bluepill_f103c8/libea7/libcocoOS_5.0.3.a(os_event.o)
 .bss.nQueues   0x00000000200000d5        0x1 .pioenvs/bluepill_f103c8/libea7/libcocoOS_5.0.3.a(os_msgqueue.o)
 .bss.nSemaphores
                0x00000000200000d6        0x1 .pioenvs/bluepill_f103c8/libea7/libcocoOS_5.0.3.a(os_sem.o)
 .bss.nTasks    0x00000000200000d7        0x1 .pioenvs/bluepill_f103c8/libea7/libcocoOS_5.0.3.a(os_task.o)
 *libgcc.a:(SORT_BY_ALIGNMENT(.bss*))
 *libqfplib.a:(SORT_BY_ALIGNMENT(.bss*))
 *libnano-float.a:(SORT_BY_ALIGNMENT(.bss*))
 *libnewlib.a:(SORT_BY_ALIGNMENT(.bss*))
 *liblogger.a:(SORT_BY_ALIGNMENT(.bss*))
 .bss._ZL10logEnabled
                0x00000000200000d8        0x1 .pioenvs/bluepill_f103c8/libd9b/liblogger.a(logger.o)
 .bss._ZL11debugBuffer
                0x00000000200000d9      0x201 .pioenvs/bluepill_f103c8/libd9b/liblogger.a(logger.o)
 *libbluepill.a:(SORT_BY_ALIGNMENT(.bss*))
 *fill*         0x00000000200002da        0x2 
 .bss._ZL10alarmCount
                0x00000000200002dc        0x4 .pioenvs/bluepill_f103c8/lib271/libbluepill.a(timer.o)
 .bss._ZL8tickFunc
                0x00000000200002e0        0x4 .pioenvs/bluepill_f103c8/lib271/libbluepill.a(timer.o)
 .bss._ZL9alarmFunc
                0x00000000200002e4        0x4 .pioenvs/bluepill_f103c8/lib271/libbluepill.a(timer.o)
 .bss._ZL9tickCount
                0x00000000200002e8        0x4 .pioenvs/bluepill_f103c8/lib271/libbluepill.a(timer.o)
 .bss._ZL12debugEnabled
                0x00000000200002ec        0x1 .pioenvs/bluepill_f103c8/lib271/libbluepill.a(bluepill.o)
 .bss._ZZ20platform_start_timerE12timerStarted
                0x00000000200002ed        0x1 .pioenvs/bluepill_f103c8/lib271/libbluepill.a(timer.o)
 *libbootloader.a:(SORT_BY_ALIGNMENT(.bss*))
 :*reset_handler*(SORT_BY_ALIGNMENT(COMMON))
 *fill*         0x00000000200002ee        0x2 