Archive member included to satisfy reference by file (symbol)

.pioenvs/bluepill_f103c8/libd9b/liblogger.a(logger.o)
                              .pioenvs/bluepill_f103c8/libccd/hal/codal_target_hal.o (debug_flush)
.pioenvs/bluepill_f103c8/libd88/libnano-float.a(functions.o)
                              .pioenvs/bluepill_f103c8/src/aggregate.o (pow)
.pioenvs/bluepill_f103c8/lib98a/libnewlib.a(memcpy.o)
                              .pioenvs/bluepill_f103c8/libd9b/liblogger.a(logger.o) (memcpy)
.pioenvs/bluepill_f103c8/lib98a/libnewlib.a(strlen.o)
                              .pioenvs/bluepill_f103c8/src/aggregate.o (strlen)
.pioenvs/bluepill_f103c8/lib98a/libnewlib.a(strncat.o)
                              .pioenvs/bluepill_f103c8/src/wisol.o (strncat)
.pioenvs/bluepill_f103c8/lib98a/libnewlib.a(strncmp.o)
                              .pioenvs/bluepill_f103c8/src/aggregate.o (strncmp)
.pioenvs/bluepill_f103c8/lib98a/libnewlib.a(strncpy.o)
                              .pioenvs/bluepill_f103c8/src/aggregate.o (strncpy)
.pioenvs/bluepill_f103c8/lib98a/libnewlib.a(strstr.o)
                              .pioenvs/bluepill_f103c8/src/wisol.o (strstr)
.pioenvs/bluepill_f103c8/lib271/libbluepill.a(bluepill.o)
                              .pioenvs/bluepill_f103c8/libccd/hal/codal_target_hal.o (platform_setup)
.pioenvs/bluepill_f103c8/lib271/libbluepill.a(led.o)
                              .pioenvs/bluepill_f103c8/lib271/libbluepill.a(bluepill.o) (led_setup)
.pioenvs/bluepill_f103c8/lib271/libbluepill.a(timer.o)
                              .pioenvs/bluepill_f103c8/libccd/hal/codal_target_hal.o (millis)
.pioenvs/bluepill_f103c8/libb45/libbootloader.a(bootloader.o)
                              .pioenvs/bluepill_f103c8/libccd/hal/codal_target_hal.o (bootloader_status)
.pioenvs/bluepill_f103c8/libb45/libbootloader.a(target_stm32f103.o)
                              .pioenvs/bluepill_f103c8/libb45/libbootloader.a(bootloader.o) (target_get_startup_mode)
.pioenvs/bluepill_f103c8/libb45/libbootloader.a(usb_conf.o)
                              .pioenvs/bluepill_f103c8/libb45/libbootloader.a(bootloader.o) (get_usb_status)
.pioenvs/bluepill_f103c8/libb45/libbootloader.a(webusb.o)
                              .pioenvs/bluepill_f103c8/libb45/libbootloader.a(usb_conf.o) (webusb_setup)
.pioenvs/bluepill_f103c8/libb45/libbootloader.a(winusb.o)
                              .pioenvs/bluepill_f103c8/libb45/libbootloader.a(usb_conf.o) (winusb_setup)
.pioenvs/bluepill_f103c8/libb45/libbootloader.a(cdc.o)
                              .pioenvs/bluepill_f103c8/libb45/libbootloader.a(usb_conf.o) (cdc_setup)
.pioenvs/bluepill_f103c8/libb45/libbootloader.a(hf2.o)
                              .pioenvs/bluepill_f103c8/libb45/libbootloader.a(usb_conf.o) (hf2_setup)
.pioenvs/bluepill_f103c8/libb45/libbootloader.a(backup.o)
                              .pioenvs/bluepill_f103c8/libb45/libbootloader.a(target_stm32f103.o) (backup_write)
.pioenvs/bluepill_f103c8/libb45/libbootloader.a(usb21_standard.o)
                              .pioenvs/bluepill_f103c8/libb45/libbootloader.a(usb_conf.o) (usb21_setup)
.pioenvs/bluepill_f103c8/libb45/libbootloader.a(ghostfat.o)
                              .pioenvs/bluepill_f103c8/libb45/libbootloader.a(hf2.o) (flash_write)
.pioenvs/bluepill_f103c8/libea7/libcocoOS_5.0.3.a(os_cbk.o)
                              .pioenvs/bluepill_f103c8/libccd/hal/codal_target_hal.o (os_cbkSleep)
.pioenvs/bluepill_f103c8/libea7/libcocoOS_5.0.3.a(os_event.o)
                              .pioenvs/bluepill_f103c8/src/wisol.o (event_create)
.pioenvs/bluepill_f103c8/libea7/libcocoOS_5.0.3.a(os_kernel.o)
                              .pioenvs/bluepill_f103c8/libccd/hal/codal_target_hal.o (running_tid)
.pioenvs/bluepill_f103c8/libea7/libcocoOS_5.0.3.a(os_msgqueue.o)
                              .pioenvs/bluepill_f103c8/libea7/libcocoOS_5.0.3.a(os_kernel.o) (os_msgQ_init)
.pioenvs/bluepill_f103c8/libea7/libcocoOS_5.0.3.a(os_sem.o)
                              .pioenvs/bluepill_f103c8/libea7/libcocoOS_5.0.3.a(os_kernel.o) (os_sem_init)
.pioenvs/bluepill_f103c8/libea7/libcocoOS_5.0.3.a(os_task.o)
                              .pioenvs/bluepill_f103c8/libea7/libcocoOS_5.0.3.a(os_kernel.o) (os_task_init)
.pioenvs/bluepill_f103c8/libea7/libcocoOS_5.0.3.a(os_assert.o)
                              .pioenvs/bluepill_f103c8/libea7/libcocoOS_5.0.3.a(os_event.o) (os_on_assert)
.pioenvs/bluepill_f103c8/lib3e7/libcodal-core.a(CodalComponent.o)
                              .pioenvs/bluepill_f103c8/src/main.o (codal::CodalComponent::removeComponent())
.pioenvs/bluepill_f103c8/lib3e7/libcodal-core.a(CodalDmesg.o)
                              .pioenvs/bluepill_f103c8/libccd/hal/codal_target_hal.o (codalLogStore)
.pioenvs/bluepill_f103c8/lib3e7/libcodal-core.a(CodalFiber.o)
                              .pioenvs/bluepill_f103c8/src/main.o (codal::fiber_sleep(unsigned long))
[...]
Memory Configuration

Name             Origin             Length             Attributes
bootrom          0x0000000008000000 0x0000000000006800 xr
rom              0x0000000008006800 0x0000000000009800 xr
bootram          0x0000000020000000 0x0000000000000c00 xrw
ram              0x0000000020000c00 0x0000000000003bbc xrw
bootbuf          0x00000000200047bc 0x0000000000000844 xrw
*default*        0x0000000000000000 0xffffffffffffffff

Linker script and memory map

                0x0000000000006800                _bootrom_size = 0x6800
                0x0000000000000c00                _bootram_size = 0xc00
                0x0000000000000844                _bootbuf_size = 0x844

.boot_text      0x0000000008000000     0x42a0
                0x0000000008000000                _boot_text = .
 *(SORT_BY_ALIGNMENT(.vectors))
 .vectors       0x0000000008000000      0x150 .pioenvs/bluepill_f103c8/libFrameworkLibOpenCM3.a(vector.o)
                0x0000000008000000                vector_table
 :*reset_handler*(SORT_BY_ALIGNMENT(.text*))
 .text.pre_main
                0x0000000008000150       0x50 .pioenvs/bluepill_f103c8/libccd/hal/reset_handler.o
 .text.reset_handler
                0x00000000080001a0       0x98 .pioenvs/bluepill_f103c8/libccd/hal/reset_handler.o
                0x00000000080001a0                reset_handler
 *libhal.a:*reset_handler*(SORT_BY_ALIGNMENT(.text*))
 :*codal_target_hal*(SORT_BY_ALIGNMENT(.text*))
 .text._ZL15poll_bootloaderv
                0x0000000008000238       0x70 .pioenvs/bluepill_f103c8/libccd/hal/codal_target_hal.o
 .text._ZL14os_preschedulev
                0x00000000080002a8       0x14 .pioenvs/bluepill_f103c8/libccd/hal/codal_target_hal.o
 .text._ZL11os_schedulev
                0x00000000080002bc       0x2c .pioenvs/bluepill_f103c8/libccd/hal/codal_target_hal.o
 .text.target_init
                0x00000000080002e8       0x20 .pioenvs/bluepill_f103c8/libccd/hal/codal_target_hal.o
                0x00000000080002e8                target_init
 .text.target_wait
                0x0000000008000308       0x5c .pioenvs/bluepill_f103c8/libccd/hal/codal_target_hal.o
                0x0000000008000308                target_wait
 .text.target_wait_us
                0x0000000008000364       0x14 .pioenvs/bluepill_f103c8/libccd/hal/codal_target_hal.o
                0x0000000008000364                target_wait_us
 .text.target_dmesg_flush
                0x0000000008000378       0x3c .pioenvs/bluepill_f103c8/libccd/hal/codal_target_hal.o
                0x0000000008000378                target_dmesg_flush
 .text.target_wait_for_event
                0x00000000080003b4       0x60 .pioenvs/bluepill_f103c8/libccd/hal/codal_target_hal.o
                0x00000000080003b4                target_wait_for_event
 .text.target_panic
                0x0000000008000414       0x20 .pioenvs/bluepill_f103c8/libccd/hal/codal_target_hal.o
                0x0000000008000414                target_panic
 .text.fiber_initial_stack_base
                0x0000000008000434        0x8 .pioenvs/bluepill_f103c8/libccd/hal/codal_target_hal.o
                0x0000000008000434                fiber_initial_stack_base
 .text.test_codal
                0x000000000800043c       0x74 .pioenvs/bluepill_f103c8/libccd/hal/codal_target_hal.o
                0x000000000800043c                test_codal
 .text.target_set_bootloader_callback
                0x00000000080004b0        0xc .pioenvs/bluepill_f103c8/libccd/hal/codal_target_hal.o
                0x00000000080004b0                target_set_bootloader_callback
 .text.target_enable_irq
                0x00000000080004bc        0x4 .pioenvs/bluepill_f103c8/libccd/hal/codal_target_hal.o
                0x00000000080004bc                target_enable_irq
 .text.target_disable_irq
                0x00000000080004c0        0x4 .pioenvs/bluepill_f103c8/libccd/hal/codal_target_hal.o
                0x00000000080004c0                target_disable_irq
 .text.tcb_allocate
                0x00000000080004c4        0xa .pioenvs/bluepill_f103c8/libccd/hal/codal_target_hal.o
                0x00000000080004c4                tcb_allocate
 .text.tcb_configure_lr
                0x00000000080004ce        0x4 .pioenvs/bluepill_f103c8/libccd/hal/codal_target_hal.o
                0x00000000080004ce                tcb_configure_lr
 .text.tcb_configure_sp
                0x00000000080004d2        0x4 .pioenvs/bluepill_f103c8/libccd/hal/codal_target_hal.o
                0x00000000080004d2                tcb_configure_sp
 .text.tcb_configure_stack_base
                0x00000000080004d6        0x4 .pioenvs/bluepill_f103c8/libccd/hal/codal_target_hal.o
                0x00000000080004d6                tcb_configure_stack_base
 .text.tcb_get_stack_base
                0x00000000080004da        0x4 .pioenvs/bluepill_f103c8/libccd/hal/codal_target_hal.o
                0x00000000080004da                tcb_get_stack_base
 .text.get_current_sp
                0x00000000080004de        0x4 .pioenvs/bluepill_f103c8/libccd/hal/codal_target_hal.o
                0x00000000080004de                get_current_sp
 .text.tcb_get_sp
                0x00000000080004e2        0x4 .pioenvs/bluepill_f103c8/libccd/hal/codal_target_hal.o
                0x00000000080004e2                tcb_get_sp
 .text.tcb_configure_args
                0x00000000080004e6        0x8 .pioenvs/bluepill_f103c8/libccd/hal/codal_target_hal.o
                0x00000000080004e6                tcb_configure_args
 .text._fini    0x00000000080004ee        0x2 .pioenvs/bluepill_f103c8/libccd/hal/codal_target_hal.o
                0x00000000080004ee                _fini
 .text.__aeabi_atexit
                0x00000000080004f0        0x4 .pioenvs/bluepill_f103c8/libccd/hal/codal_target_hal.o
                0x00000000080004f0                __aeabi_atexit
 .text.target_set_tick_callback
                0x00000000080004f4        0x2 .pioenvs/bluepill_f103c8/libccd/hal/codal_target_hal.o
                0x00000000080004f4                target_set_tick_callback
 .text.target_set_alarm_callback
                0x00000000080004f6        0x2 .pioenvs/bluepill_f103c8/libccd/hal/codal_target_hal.o
                0x00000000080004f6                target_set_alarm_callback
 .text.target_enable_debug
                0x00000000080004f8        0x8 .pioenvs/bluepill_f103c8/libccd/hal/codal_target_hal.o
                0x00000000080004f8                target_enable_debug
 *libhal.a:*codal_target_hal*(SORT_BY_ALIGNMENT(.text*))
 :*CortexContextSwitch*(SORT_BY_ALIGNMENT(.text*))
 .text          0x0000000008000500      0x124 asm/CortexContextSwitch.s.o
                0x0000000008000500                swap_context
                0x0000000008000582                save_context
                0x00000000080005c6                save_register_context
                0x00000000080005f6                restore_register_context
 *libhal.a:(SORT_BY_ALIGNMENT(.text*))
 *liblibopencm3.a:(SORT_BY_ALIGNMENT(.text*))
 *libFrameworkLibOpenCM3.a:(SORT_BY_ALIGNMENT(.text*))
 .text.desig_get_unique_id
                0x0000000008000624       0x20 .pioenvs/bluepill_f103c8/libFrameworkLibOpenCM3.a(desig.o)
                0x0000000008000624                desig_get_unique_id
 .text.desig_get_unique_id_as_string
                0x0000000008000644       0x50 .pioenvs/bluepill_f103c8/libFrameworkLibOpenCM3.a(desig.o)
                0x0000000008000644                desig_get_unique_id_as_string
 .text.flash_get_status_flags
                0x0000000008000694       0x2c .pioenvs/bluepill_f103c8/libFrameworkLibOpenCM3.a(flash.o)
                0x0000000008000694                flash_get_status_flags
 .text.flash_program_half_word
                0x00000000080006c0       0x70 .pioenvs/bluepill_f103c8/libFrameworkLibOpenCM3.a(flash.o)
                0x00000000080006c0                flash_program_half_word
 .text.flash_erase_page
                0x0000000008000730       0x8c .pioenvs/bluepill_f103c8/libFrameworkLibOpenCM3.a(flash.o)
                0x0000000008000730                flash_erase_page
 .text.rcc_wait_for_osc_ready
                0x00000000080007bc       0x70 .pioenvs/bluepill_f103c8/libFrameworkLibOpenCM3.a(rcc.o)
                0x00000000080007bc                rcc_wait_for_osc_ready
 .text.rcc_osc_on
                0x000000000800082c       0x70 .pioenvs/bluepill_f103c8/libFrameworkLibOpenCM3.a(rcc.o)
                0x000000000800082c                rcc_osc_on
 .text.rcc_set_sysclk_source
                0x000000000800089c       0x14 .pioenvs/bluepill_f103c8/libFrameworkLibOpenCM3.a(rcc.o)
                0x000000000800089c                rcc_set_sysclk_source
 .text.rcc_set_pll_multiplication_factor
                0x00000000080008b0       0x14 .pioenvs/bluepill_f103c8/libFrameworkLibOpenCM3.a(rcc.o)
                0x00000000080008b0                rcc_set_pll_multiplication_factor
 .text.rcc_set_pll_source
                0x00000000080008c4       0x14 .pioenvs/bluepill_f103c8/libFrameworkLibOpenCM3.a(rcc.o)
                0x00000000080008c4                rcc_set_pll_source
 .text.rcc_set_pllxtpre
                0x00000000080008d8       0x14 .pioenvs/bluepill_f103c8/libFrameworkLibOpenCM3.a(rcc.o)
                0x00000000080008d8                rcc_set_pllxtpre
 .text.rcc_set_adcpre
                0x00000000080008ec       0x14 .pioenvs/bluepill_f103c8/libFrameworkLibOpenCM3.a(rcc.o)
                0x00000000080008ec                rcc_set_adcpre
 .text.rcc_set_ppre2
                0x0000000008000900       0x14 .pioenvs/bluepill_f103c8/libFrameworkLibOpenCM3.a(rcc.o)
                0x0000000008000900                rcc_set_ppre2
 .text.rcc_set_ppre1
                0x0000000008000914       0x14 .pioenvs/bluepill_f103c8/libFrameworkLibOpenCM3.a(rcc.o)
                0x0000000008000914                rcc_set_ppre1
 .text.rcc_set_hpre
                0x0000000008000928       0x14 .pioenvs/bluepill_f103c8/libFrameworkLibOpenCM3.a(rcc.o)
                0x0000000008000928                rcc_set_hpre
 .text.rcc_clock_setup_in_hse_8mhz_out_72mhz
                0x000000000800093c       0x90 .pioenvs/bluepill_f103c8/libFrameworkLibOpenCM3.a(rcc.o)
                0x000000000800093c                rcc_clock_setup_in_hse_8mhz_out_72mhz
 .text.rtc_enter_config_mode
                0x00000000080009cc       0x24 .pioenvs/bluepill_f103c8/libFrameworkLibOpenCM3.a(rtc.o)
                0x00000000080009cc                rtc_enter_config_mode
 .text.rtc_exit_config_mode
                0x00000000080009f0       0x24 .pioenvs/bluepill_f103c8/libFrameworkLibOpenCM3.a(rtc.o)
                0x00000000080009f0                rtc_exit_config_mode
 .text.rtc_set_alarm_time
                0x0000000008000a14       0x20 .pioenvs/bluepill_f103c8/libFrameworkLibOpenCM3.a(rtc.o)
                0x0000000008000a14                rtc_set_alarm_time
 .text.rtc_get_counter_val
                0x0000000008000a34       0x14 .pioenvs/bluepill_f103c8/libFrameworkLibOpenCM3.a(rtc.o)
                0x0000000008000a34                rtc_get_counter_val
 .text.rtc_clear_flag
                0x0000000008000a48       0x34 .pioenvs/bluepill_f103c8/libFrameworkLibOpenCM3.a(rtc.o)
                0x0000000008000a48                rtc_clear_flag
 .text.rtc_check_flag
                0x0000000008000a7c       0x30 .pioenvs/bluepill_f103c8/libFrameworkLibOpenCM3.a(rtc.o)
                0x0000000008000a7c                rtc_check_flag
 .text.pwr_disable_backup_domain_write_protect
                0x0000000008000aac       0x10 .pioenvs/bluepill_f103c8/libFrameworkLibOpenCM3.a(pwr_common_all.o)
                0x0000000008000aac                pwr_disable_backup_domain_write_protect
 .text.pwr_enable_backup_domain_write_protect
                0x0000000008000abc       0x10 .pioenvs/bluepill_f103c8/libFrameworkLibOpenCM3.a(pwr_common_all.o)
                0x0000000008000abc                pwr_enable_backup_domain_write_protect
 .text.exti_reset_request
                0x0000000008000acc        0xc .pioenvs/bluepill_f103c8/libFrameworkLibOpenCM3.a(exti_common_all.o)
                0x0000000008000acc                exti_reset_request
 .text.flash_set_ws
                0x0000000008000ad8       0x14 .pioenvs/bluepill_f103c8/libFrameworkLibOpenCM3.a(flash_common_f01.o)
                0x0000000008000ad8                flash_set_ws
 .text.flash_unlock
                0x0000000008000aec       0x24 .pioenvs/bluepill_f103c8/libFrameworkLibOpenCM3.a(flash_common_f01.o)
                0x0000000008000aec                flash_unlock
 .text.flash_lock
                0x0000000008000b10       0x10 .pioenvs/bluepill_f103c8/libFrameworkLibOpenCM3.a(flash_common_f01.o)
                0x0000000008000b10                flash_lock
 .text.usbd_init
                0x0000000008000b20       0x58 .pioenvs/bluepill_f103c8/libFrameworkLibOpenCM3.a(usb.o)
                0x0000000008000b20                usbd_init
 .text._usbd_standard_request_device
                0x0000000008000b78       0x4c .pioenvs/bluepill_f103c8/libFrameworkLibOpenCM3.a(usb_standard.o)
                0x0000000008000b78                _usbd_standard_request_device
 .text._usbd_standard_request_interface
                0x0000000008000bc4       0x34 .pioenvs/bluepill_f103c8/libFrameworkLibOpenCM3.a(usb_standard.o)
                0x0000000008000bc4                _usbd_standard_request_interface
 .text._usbd_standard_request_endpoint
                0x0000000008000bf8       0x44 .pioenvs/bluepill_f103c8/libFrameworkLibOpenCM3.a(usb_standard.o)
                0x0000000008000bf8                _usbd_standard_request_endpoint
 .text.st_usbfs_v1_usbd_init
                0x0000000008000c3c       0x30 .pioenvs/bluepill_f103c8/libFrameworkLibOpenCM3.a(st_usbfs_v1.o)
 .text.scb_reset_system
                0x0000000008000c6c       0x10 .pioenvs/bluepill_f103c8/libFrameworkLibOpenCM3.a(scb.o)
                0x0000000008000c6c                scb_reset_system
 .text.st_usbfs_set_address
                0x0000000008000c7c       0x10 .pioenvs/bluepill_f103c8/libFrameworkLibOpenCM3.a(st_usbfs_core.o)
                0x0000000008000c7c                st_usbfs_set_address
 .text.st_usbfs_set_ep_rx_bufsize
                0x0000000008000c8c       0x60 .pioenvs/bluepill_f103c8/libFrameworkLibOpenCM3.a(st_usbfs_core.o)
                0x0000000008000c8c                st_usbfs_set_ep_rx_bufsize
 .text.st_usbfs_ep_setup
                0x0000000008000cec      0x160 .pioenvs/bluepill_f103c8/libFrameworkLibOpenCM3.a(st_usbfs_core.o)
                0x0000000008000cec                st_usbfs_ep_setup
 .text.st_usbfs_ep_nak_set
                0x0000000008000e4c       0x80 .pioenvs/bluepill_f103c8/libFrameworkLibOpenCM3.a(st_usbfs_core.o)
                0x0000000008000e4c                st_usbfs_ep_nak_set
 .text.st_usbfs_ep_write_packet
                0x0000000008000ecc       0x90 .pioenvs/bluepill_f103c8/libFrameworkLibOpenCM3.a(st_usbfs_core.o)
                0x0000000008000ecc                st_usbfs_ep_write_packet
 .text.st_usbfs_ep_read_packet
                0x0000000008000f5c       0xd4 .pioenvs/bluepill_f103c8/libFrameworkLibOpenCM3.a(st_usbfs_core.o)
                0x0000000008000f5c                st_usbfs_ep_read_packet
 .text.st_usbfs_poll
                0x0000000008001030       0xfc .pioenvs/bluepill_f103c8/libFrameworkLibOpenCM3.a(st_usbfs_core.o)
                0x0000000008001030                st_usbfs_poll
 .text.gpio_set_mode
                0x000000000800112c       0x6c .pioenvs/bluepill_f103c8/libFrameworkLibOpenCM3.a(gpio.o)
                0x000000000800112c                gpio_set_mode
 .text.gpio_set
                0x0000000008001198        0x4 .pioenvs/bluepill_f103c8/libFrameworkLibOpenCM3.a(gpio_common_all.o)
                0x0000000008001198                gpio_set
 .text.gpio_clear
                0x000000000800119c        0x6 .pioenvs/bluepill_f103c8/libFrameworkLibOpenCM3.a(gpio_common_all.o)
                0x000000000800119c                gpio_clear
 .text.usart_recv
                0x00000000080011a2        0x8 .pioenvs/bluepill_f103c8/libFrameworkLibOpenCM3.a(usart_common_f124.o)
                0x00000000080011a2                usart_recv
 .text.rcc_periph_clock_enable
                0x00000000080011aa       0x1c .pioenvs/bluepill_f103c8/libFrameworkLibOpenCM3.a(rcc_common_all.o)
                0x00000000080011aa                rcc_periph_clock_enable
 .text.rcc_periph_reset_pulse
                0x00000000080011c6       0x22 .pioenvs/bluepill_f103c8/libFrameworkLibOpenCM3.a(rcc_common_all.o)
                0x00000000080011c6                rcc_periph_reset_pulse
 .text.flash_wait_for_last_operation
                0x00000000080011e8        0xe .pioenvs/bluepill_f103c8/libFrameworkLibOpenCM3.a(flash_common_f01.o)
                0x00000000080011e8                flash_wait_for_last_operation
 .text.usbd_register_sof_callback
                0x00000000080011f6        0x4 .pioenvs/bluepill_f103c8/libFrameworkLibOpenCM3.a(usb.o)
                0x00000000080011f6                usbd_register_sof_callback
 .text.usbd_poll
                0x00000000080011fa        0xc .pioenvs/bluepill_f103c8/libFrameworkLibOpenCM3.a(usb.o)
                0x00000000080011fa                usbd_poll
 .text.usbd_ep_setup
                0x0000000008001206       0x14 .pioenvs/bluepill_f103c8/libFrameworkLibOpenCM3.a(usb.o)
                0x0000000008001206                usbd_ep_setup
 .text._usbd_reset
                0x000000000800121a       0x30 .pioenvs/bluepill_f103c8/libFrameworkLibOpenCM3.a(usb.o)
                0x000000000800121a                _usbd_reset
 .text.usbd_ep_write_packet
                0x000000000800124a        0xc .pioenvs/bluepill_f103c8/libFrameworkLibOpenCM3.a(usb.o)
                0x000000000800124a                usbd_ep_write_packet
 .text.usbd_ep_read_packet
                0x0000000008001256        0xc .pioenvs/bluepill_f103c8/libFrameworkLibOpenCM3.a(usb.o)
                0x0000000008001256                usbd_ep_read_packet
 .text.usbd_ep_stall_set
                0x0000000008001262        0xc .pioenvs/bluepill_f103c8/libFrameworkLibOpenCM3.a(usb.o)
                0x0000000008001262                usbd_ep_stall_set
 .text.usbd_ep_stall_get
                0x000000000800126e        0xc .pioenvs/bluepill_f103c8/libFrameworkLibOpenCM3.a(usb.o)
                0x000000000800126e                usbd_ep_stall_get
 .text.stall_transaction
                0x000000000800127a       0x14 .pioenvs/bluepill_f103c8/libFrameworkLibOpenCM3.a(usb_control.o)
 .text.usb_control_setup_write
                0x000000000800128e       0x32 .pioenvs/bluepill_f103c8/libFrameworkLibOpenCM3.a(usb_control.o)
 .text.usb_control_recv_chunk
                0x00000000080012c0       0x3c .pioenvs/bluepill_f103c8/libFrameworkLibOpenCM3.a(usb_control.o)
 .text.usb_control_send_chunk
                0x00000000080012fc       0x48 .pioenvs/bluepill_f103c8/libFrameworkLibOpenCM3.a(usb_control.o)
 .text.usb_control_request_dispatch
                0x0000000008001344       0x60 .pioenvs/bluepill_f103c8/libFrameworkLibOpenCM3.a(usb_control.o)
 .text.usb_control_setup_read
                0x00000000080013a4       0x3a .pioenvs/bluepill_f103c8/libFrameworkLibOpenCM3.a(usb_control.o)
 .text.usbd_register_control_callback
                0x00000000080013de       0x30 .pioenvs/bluepill_f103c8/libFrameworkLibOpenCM3.a(usb_control.o)
                0x00000000080013de                usbd_register_control_callback
 .text._usbd_control_setup
                0x000000000800140e       0x4a .pioenvs/bluepill_f103c8/libFrameworkLibOpenCM3.a(usb_control.o)
                0x000000000800140e                _usbd_control_setup
 .text._usbd_control_out
                0x0000000008001458       0x8a .pioenvs/bluepill_f103c8/libFrameworkLibOpenCM3.a(usb_control.o)
                0x0000000008001458                _usbd_control_out
 .text._usbd_control_in
                0x00000000080014e2       0x56 .pioenvs/bluepill_f103c8/libFrameworkLibOpenCM3.a(usb_control.o)
                0x00000000080014e2                _usbd_control_in
 .text.usb_descriptor_type
                0x0000000008001538        0x4 .pioenvs/bluepill_f103c8/libFrameworkLibOpenCM3.a(usb_standard.o)
 .text.usb_descriptor_index
                0x000000000800153c        0x4 .pioenvs/bluepill_f103c8/libFrameworkLibOpenCM3.a(usb_standard.o)
 .text.usb_standard_set_address
                0x0000000008001540       0x30 .pioenvs/bluepill_f103c8/libFrameworkLibOpenCM3.a(usb_standard.o)
 .text.usb_standard_set_configuration
                0x0000000008001570       0xba .pioenvs/bluepill_f103c8/libFrameworkLibOpenCM3.a(usb_standard.o)
 .text.usb_standard_get_configuration
                0x000000000800162a       0x24 .pioenvs/bluepill_f103c8/libFrameworkLibOpenCM3.a(usb_standard.o)
 .text.usb_standard_set_interface
                0x000000000800164e       0x56 .pioenvs/bluepill_f103c8/libFrameworkLibOpenCM3.a(usb_standard.o)
 .text.usb_standard_get_interface
                0x00000000080016a4       0x3e .pioenvs/bluepill_f103c8/libFrameworkLibOpenCM3.a(usb_standard.o)
 .text.usb_standard_device_get_status
                0x00000000080016e2       0x18 .pioenvs/bluepill_f103c8/libFrameworkLibOpenCM3.a(usb_standard.o)
 .text.usb_standard_interface_get_status
                0x00000000080016fa       0x18 .pioenvs/bluepill_f103c8/libFrameworkLibOpenCM3.a(usb_standard.o)
 .text.build_config_descriptor
                0x0000000008001712      0x1ba .pioenvs/bluepill_f103c8/libFrameworkLibOpenCM3.a(usb_standard.o)
 .text.usb_standard_get_descriptor
                0x00000000080018cc       0xe6 .pioenvs/bluepill_f103c8/libFrameworkLibOpenCM3.a(usb_standard.o)
 .text.usb_standard_endpoint_get_status
                0x00000000080019b2       0x2a .pioenvs/bluepill_f103c8/libFrameworkLibOpenCM3.a(usb_standard.o)
 .text.usb_standard_endpoint_stall
                0x00000000080019dc       0x10 .pioenvs/bluepill_f103c8/libFrameworkLibOpenCM3.a(usb_standard.o)
 .text.usb_standard_endpoint_unstall
                0x00000000080019ec       0x10 .pioenvs/bluepill_f103c8/libFrameworkLibOpenCM3.a(usb_standard.o)
 .text.usbd_register_set_config_callback
                0x00000000080019fc       0x28 .pioenvs/bluepill_f103c8/libFrameworkLibOpenCM3.a(usb_standard.o)
                0x00000000080019fc                usbd_register_set_config_callback
 .text._usbd_standard_request
                0x0000000008001a24       0x32 .pioenvs/bluepill_f103c8/libFrameworkLibOpenCM3.a(usb_standard.o)
                0x0000000008001a24                _usbd_standard_request
 .text.st_usbfs_copy_to_pm
                0x0000000008001a56       0x18 .pioenvs/bluepill_f103c8/libFrameworkLibOpenCM3.a(st_usbfs_v1.o)
                0x0000000008001a56                st_usbfs_copy_to_pm
 .text.st_usbfs_copy_from_pm
                0x0000000008001a6e       0x24 .pioenvs/bluepill_f103c8/libFrameworkLibOpenCM3.a(st_usbfs_v1.o)
                0x0000000008001a6e                st_usbfs_copy_from_pm
 .text.blocking_handler
                0x0000000008001a92        0x2 .pioenvs/bluepill_f103c8/libFrameworkLibOpenCM3.a(vector.o)
                0x0000000008001a92                exti0_isr
                0x0000000008001a92                tim7_isr
                0x0000000008001a92                adc1_2_isr
                0x0000000008001a92                tim1_trg_com_isr
                0x0000000008001a92                usb_hp_can_tx_isr
                0x0000000008001a92                tim6_isr
                0x0000000008001a92                usb_wakeup_isr
                0x0000000008001a92                blocking_handler
                0x0000000008001a92                tim5_isr
                0x0000000008001a92                otg_fs_isr
                0x0000000008001a92                spi1_isr
                0x0000000008001a92                exti2_isr
                0x0000000008001a92                dma1_channel6_isr
                0x0000000008001a92                can_rx1_isr
                0x0000000008001a92                dma1_channel5_isr
                0x0000000008001a92                dma2_channel5_isr
                0x0000000008001a92                usart1_isr
                0x0000000008001a92                usage_fault_handler
                0x0000000008001a92                tim8_trg_com_isr
                0x0000000008001a92                can2_rx0_isr
                0x0000000008001a92                tim1_brk_isr
                0x0000000008001a92                can2_rx1_isr
                0x0000000008001a92                tim1_cc_isr
                0x0000000008001a92                sdio_isr
                0x0000000008001a92                eth_isr
                0x0000000008001a92                dma1_channel4_isr
                0x0000000008001a92                tim8_brk_isr
                0x0000000008001a92                dma2_channel4_5_isr
                0x0000000008001a92                pvd_isr
                0x0000000008001a92                rcc_isr
                0x0000000008001a92                flash_isr
                0x0000000008001a92                uart4_isr
                0x0000000008001a92                exti15_10_isr
                0x0000000008001a92                hard_fault_handler
                0x0000000008001a92                exti1_isr
                0x0000000008001a92                i2c1_ev_isr
                0x0000000008001a92                dma2_channel1_isr
                0x0000000008001a92                spi2_isr
                0x0000000008001a92                tim8_up_isr
                0x0000000008001a92                dma2_channel2_isr
                0x0000000008001a92                exti3_isr
                0x0000000008001a92                adc3_isr
                0x0000000008001a92                tim3_isr
                0x0000000008001a92                usb_lp_can_rx0_isr
                0x0000000008001a92                i2c2_er_isr
                0x0000000008001a92                i2c2_ev_isr
                0x0000000008001a92                uart5_isr
                0x0000000008001a92                fsmc_isr
                0x0000000008001a92                dma1_channel1_isr
                0x0000000008001a92                exti4_isr
                0x0000000008001a92                mem_manage_handler
                0x0000000008001a92                can2_tx_isr
                0x0000000008001a92                exti9_5_isr
                0x0000000008001a92                dma2_channel3_isr
                0x0000000008001a92                dma1_channel7_isr
                0x0000000008001a92                tim1_up_isr
                0x0000000008001a92                can2_sce_isr
                0x0000000008001a92                tim4_isr
                0x0000000008001a92                dma1_channel2_isr
                0x0000000008001a92                i2c1_er_isr
                0x0000000008001a92                can_sce_isr
                0x0000000008001a92                tim8_cc_isr
                0x0000000008001a92                tamper_isr
                0x0000000008001a92                eth_wkup_isr
                0x0000000008001a92                bus_fault_handler
                0x0000000008001a92                wwdg_isr
                0x0000000008001a92                dma1_channel3_isr
                0x0000000008001a92                spi3_isr
                0x0000000008001a92                tim2_isr
                0x0000000008001a92                usart3_isr
 .text.null_handler
                0x0000000008001a94        0x2 .pioenvs/bluepill_f103c8/libFrameworkLibOpenCM3.a(vector.o)
                0x0000000008001a94                null_handler
                0x0000000008001a94                sv_call_handler
                0x0000000008001a94                pend_sv_handler
                0x0000000008001a94                debug_monitor_handler
                0x0000000008001a94                sys_tick_handler
                0x0000000008001a94                nmi_handler
 .text.st_usbfs_endpoints_reset
                0x0000000008001a96       0x6c .pioenvs/bluepill_f103c8/libFrameworkLibOpenCM3.a(st_usbfs_core.o)
                0x0000000008001a96                st_usbfs_endpoints_reset
 .text.st_usbfs_ep_stall_set
                0x0000000008001b02      0x108 .pioenvs/bluepill_f103c8/libFrameworkLibOpenCM3.a(st_usbfs_core.o)
                0x0000000008001b02                st_usbfs_ep_stall_set
 .text.st_usbfs_ep_stall_get
                0x0000000008001c0a       0x44 .pioenvs/bluepill_f103c8/libFrameworkLibOpenCM3.a(st_usbfs_core.o)
                0x0000000008001c0a                st_usbfs_ep_stall_get
 *libcocoos.a:(SORT_BY_ALIGNMENT(.text*))
 *libcocoOS_?.?.?.a:(SORT_BY_ALIGNMENT(.text*))
 *fill*         0x0000000008001c4e        0x2 
 .text.os_event_init
                0x0000000008001c50        0xc .pioenvs/bluepill_f103c8/libea7/libcocoOS_5.0.3.a(os_event.o)
                0x0000000008001c50                os_event_init
 .text.event_create
                0x0000000008001c5c       0x38 .pioenvs/bluepill_f103c8/libea7/libcocoOS_5.0.3.a(os_event.o)
                0x0000000008001c5c                event_create
 .text.os_init  0x0000000008001c94       0x30 .pioenvs/bluepill_f103c8/libea7/libcocoOS_5.0.3.a(os_kernel.o)
                0x0000000008001c94                os_init
 .text.os_running
                0x0000000008001cc4        0xc .pioenvs/bluepill_f103c8/libea7/libcocoOS_5.0.3.a(os_kernel.o)
                0x0000000008001cc4                os_running
 .text.os_msgQ_init
                0x0000000008001cd0       0x38 .pioenvs/bluepill_f103c8/libea7/libcocoOS_5.0.3.a(os_msgqueue.o)
                0x0000000008001cd0                os_msgQ_init
 .text.os_msgQ_create
                0x0000000008001d08       0x58 .pioenvs/bluepill_f103c8/libea7/libcocoOS_5.0.3.a(os_msgqueue.o)
                0x0000000008001d08                os_msgQ_create
 .text.os_sem_create
                0x0000000008001d60       0x3c .pioenvs/bluepill_f103c8/libea7/libcocoOS_5.0.3.a(os_sem.o)
 .text.os_sem_init
                0x0000000008001d9c        0xc .pioenvs/bluepill_f103c8/libea7/libcocoOS_5.0.3.a(os_sem.o)
                0x0000000008001d9c                os_sem_init
 .text.os_sem_larger_than_zero
                0x0000000008001da8       0x14 .pioenvs/bluepill_f103c8/libea7/libcocoOS_5.0.3.a(os_sem.o)
                0x0000000008001da8                os_sem_larger_than_zero
 .text.os_sem_decrement
                0x0000000008001dbc       0x1c .pioenvs/bluepill_f103c8/libea7/libcocoOS_5.0.3.a(os_sem.o)
                0x0000000008001dbc                os_sem_decrement
 .text.os_sem_increment
                0x0000000008001dd8       0x20 .pioenvs/bluepill_f103c8/libea7/libcocoOS_5.0.3.a(os_sem.o)
                0x0000000008001dd8                os_sem_increment
 .text.task_wait_sem_set
                0x0000000008001df8       0x1c .pioenvs/bluepill_f103c8/libea7/libcocoOS_5.0.3.a(os_task.o)
 .text.os_task_init
                0x0000000008001e14       0x74 .pioenvs/bluepill_f103c8/libea7/libcocoOS_5.0.3.a(os_task.o)
                0x0000000008001e14                os_task_init
 .text.os_task_highest_prio_ready_task
                0x0000000008001e88       0x44 .pioenvs/bluepill_f103c8/libea7/libcocoOS_5.0.3.a(os_task.o)
                0x0000000008001e88                os_task_highest_prio_ready_task
 .text.os_task_release_waiting_task
                0x0000000008001ecc       0x74 .pioenvs/bluepill_f103c8/libea7/libcocoOS_5.0.3.a(os_task.o)
                0x0000000008001ecc                os_task_release_waiting_task
 .text.os_task_waiting_this_semaphore
                0x0000000008001f40       0x48 .pioenvs/bluepill_f103c8/libea7/libcocoOS_5.0.3.a(os_task.o)
                0x0000000008001f40                os_task_waiting_this_semaphore
 .text.os_task_wait_sem_set
                0x0000000008001f88       0x38 .pioenvs/bluepill_f103c8/libea7/libcocoOS_5.0.3.a(os_task.o)
                0x0000000008001f88                os_task_wait_sem_set
 .text.os_task_clear_wait_queue
                0x0000000008001fc0       0x1c .pioenvs/bluepill_f103c8/libea7/libcocoOS_5.0.3.a(os_task.o)
                0x0000000008001fc0                os_task_clear_wait_queue
 .text.task_create
                0x0000000008001fdc       0xdc .pioenvs/bluepill_f103c8/libea7/libcocoOS_5.0.3.a(os_task.o)
                0x0000000008001fdc                task_create
 .text.os_task_run
                0x00000000080020b8       0x38 .pioenvs/bluepill_f103c8/libea7/libcocoOS_5.0.3.a(os_task.o)
                0x00000000080020b8                os_task_run
 .text.os_task_internal_state_get
                0x00000000080020f0       0x14 .pioenvs/bluepill_f103c8/libea7/libcocoOS_5.0.3.a(os_task.o)
                0x00000000080020f0                os_task_internal_state_get
 .text.os_task_internal_state_set
                0x0000000008002104       0x14 .pioenvs/bluepill_f103c8/libea7/libcocoOS_5.0.3.a(os_task.o)
                0x0000000008002104                os_task_internal_state_set
 .text.os_on_assert
                0x0000000008002118       0x28 .pioenvs/bluepill_f103c8/libea7/libcocoOS_5.0.3.a(os_assert.o)
                0x0000000008002118                os_on_assert
 .text.os_cbkSleep
                0x0000000008002140        0x2 .pioenvs/bluepill_f103c8/libea7/libcocoOS_5.0.3.a(os_cbk.o)
                0x0000000008002140                os_cbkSleep
 .text.sem_bin_create
                0x0000000008002142       0x10 .pioenvs/bluepill_f103c8/libea7/libcocoOS_5.0.3.a(os_sem.o)
                0x0000000008002142                sem_bin_create
 *libgcc.a:(SORT_BY_ALIGNMENT(.text*))
 *libqfplib.a:(SORT_BY_ALIGNMENT(.text*))
 *libnano-float.a:(SORT_BY_ALIGNMENT(.text*))
 *libnewlib.a:(SORT_BY_ALIGNMENT(.text*))
 .text.memcpy   0x0000000008002152       0x1a .pioenvs/bluepill_f103c8/lib98a/libnewlib.a(memcpy.o)
                0x0000000008002152                memcpy
 .text.strlen   0x000000000800216c       0x10 .pioenvs/bluepill_f103c8/lib98a/libnewlib.a(strlen.o)
                0x000000000800216c                strlen
 .text.strncpy  0x000000000800217c       0x40 .pioenvs/bluepill_f103c8/lib98a/libnewlib.a(strncpy.o)
                0x000000000800217c                strncpy
 .text.memcmp   0x00000000080021bc       0x20 .pioenvs/bluepill_f103c8/lib98a/libnewlib.a(memcmp.o)
                0x00000000080021bc                memcmp
 .text.memset   0x00000000080021dc       0x16 .pioenvs/bluepill_f103c8/lib98a/libnewlib.a(memset.o)
                0x00000000080021dc                memset
 *liblogger.a:(SORT_BY_ALIGNMENT(.text*))
 *fill*         0x00000000080021f2        0x2 
 .text._ZL10__semihostiPv
                0x00000000080021f4       0x24 .pioenvs/bluepill_f103c8/libd9b/liblogger.a(logger.o)
 .text._ZL13target_in_isrv
                0x0000000008002218       0x10 .pioenvs/bluepill_f103c8/libd9b/liblogger.a(logger.o)
 .text._ZL16write_all_outputPKht
                0x0000000008002228       0x44 .pioenvs/bluepill_f103c8/libd9b/liblogger.a(logger.o)
 .text._ZL12debug_appendPKcj
                0x000000000800226c       0x40 .pioenvs/bluepill_f103c8/libd9b/liblogger.a(logger.o)
 .text.enable_log
                0x00000000080022ac        0xc .pioenvs/bluepill_f103c8/libd9b/liblogger.a(logger.o)
                0x00000000080022ac                enable_log
 .text.logger_add_output
                0x00000000080022b8       0x48 .pioenvs/bluepill_f103c8/libd9b/liblogger.a(logger.o)
                0x00000000080022b8                logger_add_output
 .text.debug_force_flush
                0x0000000008002300       0x50 .pioenvs/bluepill_f103c8/libd9b/liblogger.a(logger.o)
                0x0000000008002300                debug_force_flush
 .text._Z11debug_printj
                0x0000000008002350       0x88 .pioenvs/bluepill_f103c8/libd9b/liblogger.a(logger.o)
                0x0000000008002350                debug_print(unsigned int)
 .text._Z11debug_printi
                0x00000000080023d8       0x34 .pioenvs/bluepill_f103c8/libd9b/liblogger.a(logger.o)
                0x00000000080023d8                debug_print(int)
 .text.debug_println
                0x000000000800240c       0x1c .pioenvs/bluepill_f103c8/libd9b/liblogger.a(logger.o)
                0x000000000800240c                debug_println
 .text._Z13debug_printlni
                0x0000000008002428       0x14 .pioenvs/bluepill_f103c8/libd9b/liblogger.a(logger.o)
                0x0000000008002428                debug_println(int)
 .text._ZL14semihost_writemPKhj
                0x000000000800243c       0x1e .pioenvs/bluepill_f103c8/libd9b/liblogger.a(logger.o)
 .text.debug_flush
                0x000000000800245a        0x2 .pioenvs/bluepill_f103c8/libd9b/liblogger.a(logger.o)
                0x000000000800245a                debug_flush
 .text.debug_print
                0x000000000800245c       0x18 .pioenvs/bluepill_f103c8/libd9b/liblogger.a(logger.o)
                0x000000000800245c                debug_print
 .text.debug_print_unsigned
                0x0000000008002474        0x8 .pioenvs/bluepill_f103c8/libd9b/liblogger.a(logger.o)
                0x0000000008002474                debug_print_unsigned
 .text.debug_printhex
                0x000000000800247c       0x70 .pioenvs/bluepill_f103c8/libd9b/liblogger.a(logger.o)
                0x000000000800247c                debug_printhex
 .text.debug_printhex_unsigned
                0x00000000080024ec       0x1c .pioenvs/bluepill_f103c8/libd9b/liblogger.a(logger.o)
                0x00000000080024ec                debug_printhex_unsigned
 *libbluepill.a:(SORT_BY_ALIGNMENT(.text*))
 .text.platform_setup
                0x0000000008002508       0x4c .pioenvs/bluepill_f103c8/lib271/libbluepill.a(bluepill.o)
                0x0000000008002508                platform_setup
 .text.enable_debug
                0x0000000008002554       0x14 .pioenvs/bluepill_f103c8/lib271/libbluepill.a(bluepill.o)
                0x0000000008002554                enable_debug
 .text.led_setup
                0x0000000008002568       0x20 .pioenvs/bluepill_f103c8/lib271/libbluepill.a(led.o)
                0x0000000008002568                led_setup
 .text.led_on   0x0000000008002588       0x14 .pioenvs/bluepill_f103c8/lib271/libbluepill.a(led.o)
                0x0000000008002588                led_on
 .text.led_off  0x000000000800259c       0x14 .pioenvs/bluepill_f103c8/lib271/libbluepill.a(led.o)
                0x000000000800259c                led_off
 .text.led_wait
                0x00000000080025b0       0x14 .pioenvs/bluepill_f103c8/lib271/libbluepill.a(led.o)
                0x00000000080025b0                led_wait
 .text.platform_set_alarm
                0x00000000080025c4       0x34 .pioenvs/bluepill_f103c8/lib271/libbluepill.a(timer.o)
                0x00000000080025c4                platform_set_alarm
 .text.rtc_isr  0x00000000080025f8       0x30 .pioenvs/bluepill_f103c8/lib271/libbluepill.a(timer.o)
                0x00000000080025f8                rtc_isr
 .text.rtc_alarm_isr
                0x0000000008002628       0x2c .pioenvs/bluepill_f103c8/lib271/libbluepill.a(timer.o)
                0x0000000008002628                rtc_alarm_isr
 .text.platform_alarm_count
                0x0000000008002654        0xc .pioenvs/bluepill_f103c8/lib271/libbluepill.a(timer.o)
                0x0000000008002654                platform_alarm_count
 .text.__cxa_pure_virtual
                0x0000000008002660        0xc .pioenvs/bluepill_f103c8/lib271/libbluepill.a(bluepill.o)
                0x0000000008002660                __cxa_pure_virtual
 .text._Znwj    0x000000000800266c        0x8 .pioenvs/bluepill_f103c8/lib271/libbluepill.a(bluepill.o)
                0x000000000800266c                operator new(unsigned int)
 .text._ZdlPv   0x0000000008002674        0x8 .pioenvs/bluepill_f103c8/lib271/libbluepill.a(bluepill.o)
                0x0000000008002674                operator delete(void*)
 .text.millis   0x000000000800267c        0x8 .pioenvs/bluepill_f103c8/lib271/libbluepill.a(timer.o)
                0x000000000800267c                millis
 *libbootloader.a:(SORT_BY_ALIGNMENT(.text*))
 .text.bootloader_poll
                0x0000000008002684       0x48 .pioenvs/bluepill_f103c8/libb45/libbootloader.a(bootloader.o)
                0x0000000008002684                bootloader_poll
 .text.get_serial_number
                0x00000000080026cc       0x34 .pioenvs/bluepill_f103c8/libb45/libbootloader.a(bootloader.o)
 .text.poll_loop
                0x0000000008002700       0x78 .pioenvs/bluepill_f103c8/libb45/libbootloader.a(bootloader.o)
 .text.bootloader_start
                0x0000000008002778       0x58 .pioenvs/bluepill_f103c8/libb45/libbootloader.a(bootloader.o)
                0x0000000008002778                bootloader_start
 .text.get_flash_end
                0x00000000080027d0        0x8 .pioenvs/bluepill_f103c8/libb45/libbootloader.a(target_stm32f103.o)
 .text.target_set_led
                0x00000000080027d8       0x20 .pioenvs/bluepill_f103c8/libb45/libbootloader.a(target_stm32f103.o)
                0x00000000080027d8                target_set_led
 .text.target_gpio_setup
                0x00000000080027f8       0x6c .pioenvs/bluepill_f103c8/libb45/libbootloader.a(target_stm32f103.o)
                0x00000000080027f8                target_gpio_setup
 .text.target_usb_init
                0x0000000008002864       0x34 .pioenvs/bluepill_f103c8/libb45/libbootloader.a(target_stm32f103.o)
                0x0000000008002864                target_usb_init
 .text.target_manifest_app
                0x0000000008002898       0x14 .pioenvs/bluepill_f103c8/libb45/libbootloader.a(target_stm32f103.o)
                0x0000000008002898                target_manifest_app
 .text.target_manifest_bootloader
                0x00000000080028ac       0x14 .pioenvs/bluepill_f103c8/libb45/libbootloader.a(target_stm32f103.o)
                0x00000000080028ac                target_manifest_bootloader
 .text.target_flash_program_array
                0x00000000080028c0       0xdc .pioenvs/bluepill_f103c8/libb45/libbootloader.a(target_stm32f103.o)
                0x00000000080028c0                target_flash_program_array
 .text.usb_cdc_transmit
                0x000000000800299c       0x24 .pioenvs/bluepill_f103c8/libb45/libbootloader.a(usb_conf.o)
 .text.hf2_connected
                0x00000000080029c0       0x14 .pioenvs/bluepill_f103c8/libb45/libbootloader.a(usb_conf.o)
 .text.sof_callback
                0x00000000080029d4       0x10 .pioenvs/bluepill_f103c8/libb45/libbootloader.a(usb_conf.o)
 .text.cdc_connected
                0x00000000080029e4       0x20 .pioenvs/bluepill_f103c8/libb45/libbootloader.a(usb_conf.o)
 .text.set_aggregate_callback
                0x0000000008002a04       0x50 .pioenvs/bluepill_f103c8/libb45/libbootloader.a(usb_conf.o)
 .text.set_usb_busy
                0x0000000008002a54       0x1c .pioenvs/bluepill_f103c8/libb45/libbootloader.a(usb_conf.o)
                0x0000000008002a54                set_usb_busy
 .text.get_usb_status
                0x0000000008002a70       0x38 .pioenvs/bluepill_f103c8/libb45/libbootloader.a(usb_conf.o)
                0x0000000008002a70                get_usb_status
 .text.usb_setup
                0x0000000008002aa8       0xac .pioenvs/bluepill_f103c8/libb45/libbootloader.a(usb_conf.o)
                0x0000000008002aa8                usb_setup
 .text.aggregate_register_config_callback
                0x0000000008002b54       0x40 .pioenvs/bluepill_f103c8/libb45/libbootloader.a(usb_conf.o)
                0x0000000008002b54                aggregate_register_config_callback
 .text.aggregate_register_callback
                0x0000000008002b94       0x60 .pioenvs/bluepill_f103c8/libb45/libbootloader.a(usb_conf.o)
                0x0000000008002b94                aggregate_register_callback
 .text.usb_set_serial_number
                0x0000000008002bf4       0x24 .pioenvs/bluepill_f103c8/libb45/libbootloader.a(usb_conf.o)
                0x0000000008002bf4                usb_set_serial_number
 .text.dump_buffer
                0x0000000008002c18       0x48 .pioenvs/bluepill_f103c8/libb45/libbootloader.a(usb_conf.o)
                0x0000000008002c18                dump_buffer
 .text.dump_usb_request
                0x0000000008002c60      0x1a4 .pioenvs/bluepill_f103c8/libb45/libbootloader.a(usb_conf.o)
                0x0000000008002c60                dump_usb_request
 .text.aggregate_callback
                0x0000000008002e04       0xa8 .pioenvs/bluepill_f103c8/libb45/libbootloader.a(usb_conf.o)
 .text.webusb_set_config
                0x0000000008002eac       0x28 .pioenvs/bluepill_f103c8/libb45/libbootloader.a(webusb.o)
 .text.webusb_control_vendor_request
                0x0000000008002ed4       0xd0 .pioenvs/bluepill_f103c8/libb45/libbootloader.a(webusb.o)
 .text.webusb_setup
                0x0000000008002fa4       0x4c .pioenvs/bluepill_f103c8/libb45/libbootloader.a(webusb.o)
                0x0000000008002fa4                webusb_setup
 .text.winusb_set_config
                0x0000000008002ff0       0x28 .pioenvs/bluepill_f103c8/libb45/libbootloader.a(winusb.o)
 .text.winusb_descriptor_request
                0x0000000008003018       0x60 .pioenvs/bluepill_f103c8/libb45/libbootloader.a(winusb.o)
 .text.winusb_control_vendor_request
                0x0000000008003078       0xc0 .pioenvs/bluepill_f103c8/libb45/libbootloader.a(winusb.o)
 .text.winusb_setup
                0x0000000008003138       0x58 .pioenvs/bluepill_f103c8/libb45/libbootloader.a(winusb.o)
                0x0000000008003138                winusb_setup
 .text.cdcacm_comm_cb
                0x0000000008003190       0x10 .pioenvs/bluepill_f103c8/libb45/libbootloader.a(cdc.o)
 .text.cdcacm_set_config
                0x00000000080031a0       0x64 .pioenvs/bluepill_f103c8/libb45/libbootloader.a(cdc.o)
 .text.cdcacm_control_request
                0x0000000008003204       0x8c .pioenvs/bluepill_f103c8/libb45/libbootloader.a(cdc.o)
 .text.cdcadm_transmit
                0x0000000008003290       0x68 .pioenvs/bluepill_f103c8/libb45/libbootloader.a(cdc.o)
                0x0000000008003290                cdcadm_transmit
 .text.cdcacm_data_rx_cb
                0x00000000080032f8       0x4c .pioenvs/bluepill_f103c8/libb45/libbootloader.a(cdc.o)
 .text.cdc_setup
                0x0000000008003344       0x2c .pioenvs/bluepill_f103c8/libb45/libbootloader.a(cdc.o)
                0x0000000008003344                cdc_setup
 .text.hf2_set_config
                0x0000000008003370       0x3c .pioenvs/bluepill_f103c8/libb45/libbootloader.a(hf2.o)
 .text.assert   0x00000000080033ac       0x20 .pioenvs/bluepill_f103c8/libb45/libbootloader.a(hf2.o)
 .text.pokeSend
                0x00000000080033cc       0x80 .pioenvs/bluepill_f103c8/libb45/libbootloader.a(hf2.o)
 .text.handle_command
                0x000000000800344c      0x1bc .pioenvs/bluepill_f103c8/libb45/libbootloader.a(hf2.o)
 .text.hf2_data_rx_cb
                0x0000000008003608       0xe0 .pioenvs/bluepill_f103c8/libb45/libbootloader.a(hf2.o)
 .text.hf2_setup
                0x00000000080036e8       0x34 .pioenvs/bluepill_f103c8/libb45/libbootloader.a(hf2.o)
                0x00000000080036e8                hf2_setup
 .text.backup_write
                0x000000000800371c       0x34 .pioenvs/bluepill_f103c8/libb45/libbootloader.a(backup.o)
                0x000000000800371c                backup_write
 .text.usb21_set_config
                0x0000000008003750       0x28 .pioenvs/bluepill_f103c8/libb45/libbootloader.a(usb21_standard.o)
 .text.usb21_standard_get_descriptor
                0x0000000008003778       0x5c .pioenvs/bluepill_f103c8/libb45/libbootloader.a(usb21_standard.o)
 .text.usb21_setup
                0x00000000080037d4       0x34 .pioenvs/bluepill_f103c8/libb45/libbootloader.a(usb21_standard.o)
                0x00000000080037d4                usb21_setup
 .text.flushFlash
                0x0000000008003808       0xa0 .pioenvs/bluepill_f103c8/libb45/libbootloader.a(ghostfat.o)
 .text.flash_write
                0x00000000080038a8       0x48 .pioenvs/bluepill_f103c8/libb45/libbootloader.a(ghostfat.o)
                0x00000000080038a8                flash_write
 .text.bootloader_status
                0x00000000080038f0        0x8 .pioenvs/bluepill_f103c8/libb45/libbootloader.a(bootloader.o)
                0x00000000080038f0                bootloader_status
 .text.sleep_us
                0x00000000080038f8       0x14 .pioenvs/bluepill_f103c8/libb45/libbootloader.a(target_stm32f103.o)
 .text.target_get_startup_mode
                0x000000000800390c        0x4 .pioenvs/bluepill_f103c8/libb45/libbootloader.a(target_stm32f103.o)
                0x000000000800390c                target_get_startup_mode
 .text.target_get_serial_number
                0x0000000008003910        0xa .pioenvs/bluepill_f103c8/libb45/libbootloader.a(target_stm32f103.o)
                0x0000000008003910                target_get_serial_number
 .text.target_flash_unlock
                0x000000000800391a        0x8 .pioenvs/bluepill_f103c8/libb45/libbootloader.a(target_stm32f103.o)
                0x000000000800391a                target_flash_unlock
 .text.target_flash_lock
                0x0000000008003922        0x8 .pioenvs/bluepill_f103c8/libb45/libbootloader.a(target_stm32f103.o)
                0x0000000008003922                target_flash_lock
 .text.usb_descriptor_type
                0x000000000800392a        0x4 .pioenvs/bluepill_f103c8/libb45/libbootloader.a(usb_conf.o)
 .text.usb_descriptor_index
                0x000000000800392e        0x4 .pioenvs/bluepill_f103c8/libb45/libbootloader.a(usb_conf.o)
 .text.usb_descriptor_type
                0x0000000008003932        0x4 .pioenvs/bluepill_f103c8/libb45/libbootloader.a(winusb.o)
 .text.usb_descriptor_index
                0x0000000008003936        0x4 .pioenvs/bluepill_f103c8/libb45/libbootloader.a(winusb.o)
 .text.hf2_data_tx_cb
                0x000000000800393a        0x2 .pioenvs/bluepill_f103c8/libb45/libbootloader.a(hf2.o)
 .text.send_hf2_response
                0x000000000800393c       0x18 .pioenvs/bluepill_f103c8/libb45/libbootloader.a(hf2.o)
 .text.build_bos_descriptor
                0x0000000008003954       0x7c .pioenvs/bluepill_f103c8/libb45/libbootloader.a(usb21_standard.o)
                0x00000000080039d0                . = ALIGN (0x4)
 :*reset_handler*(SORT_BY_ALIGNMENT(.rodata*))
 .rodata.pre_main.str1.4
                0x00000000080039d0       0x37 .pioenvs/bluepill_f103c8/libccd/hal/reset_handler.o
 *libhal.a:*reset_handler*(SORT_BY_ALIGNMENT(.rodata*))
 :*codal_target_hal*(SORT_BY_ALIGNMENT(.rodata*))
 *fill*         0x0000000008003a07        0x1 
 .rodata._ZL15poll_bootloaderv.str1.4
                0x0000000008003a08        0x7 .pioenvs/bluepill_f103c8/libccd/hal/codal_target_hal.o
 *fill*         0x0000000008003a0f        0x1 
 .rodata.target_panic.str1.4
                0x0000000008003a10       0x13 .pioenvs/bluepill_f103c8/libccd/hal/codal_target_hal.o
 *fill*         0x0000000008003a23        0x1 
 .rodata.target_wait.str1.4
                0x0000000008003a24        0xb .pioenvs/bluepill_f103c8/libccd/hal/codal_target_hal.o
 *fill*         0x0000000008003a2f        0x1 
 .rodata.target_wait_for_event.str1.4
                0x0000000008003a30        0x2 .pioenvs/bluepill_f103c8/libccd/hal/codal_target_hal.o
 *fill*         0x0000000008003a32        0x2 
 .rodata.test_codal.str1.4
                0x0000000008003a34       0x3c .pioenvs/bluepill_f103c8/libccd/hal/codal_target_hal.o
 *libhal.a:*codal_target_hal*(SORT_BY_ALIGNMENT(.rodata*))
 :*CortexContextSwitch*(SORT_BY_ALIGNMENT(.rodata*))
 *libhal.a:(SORT_BY_ALIGNMENT(.rodata*))
 *liblibopencm3.a:(SORT_BY_ALIGNMENT(.rodata*))
 *libFrameworkLibOpenCM3.a:(SORT_BY_ALIGNMENT(.rodata*))
 .rodata.chars.4166
                0x0000000008003a70       0x11 .pioenvs/bluepill_f103c8/libFrameworkLibOpenCM3.a(desig.o)
 *fill*         0x0000000008003a81        0x3 
 .rodata.st_usbfs_v1_usb_driver
                0x0000000008003a84       0x34 .pioenvs/bluepill_f103c8/libFrameworkLibOpenCM3.a(st_usbfs_v1.o)
                0x0000000008003a84                st_usbfs_v1_usb_driver
 .rodata        0x0000000008003ab8        0x8 .pioenvs/bluepill_f103c8/libFrameworkLibOpenCM3.a(st_usbfs_core.o)
 *libcocoos.a:(SORT_BY_ALIGNMENT(.rodata*))
 *libcocoOS_?.?.?.a:(SORT_BY_ALIGNMENT(.rodata*))
 .rodata.os_on_assert.str1.4
                0x0000000008003ac0       0x1c .pioenvs/bluepill_f103c8/libea7/libcocoOS_5.0.3.a(os_assert.o)
                                         0x1a (size before relaxing)
 *libgcc.a:(SORT_BY_ALIGNMENT(.rodata*))
 *libqfplib.a:(SORT_BY_ALIGNMENT(.rodata*))
 *libnano-float.a:(SORT_BY_ALIGNMENT(.rodata*))
 *libnewlib.a:(SORT_BY_ALIGNMENT(.rodata*))
 *liblogger.a:(SORT_BY_ALIGNMENT(.rodata*))
 .rodata._Z11debug_printi.str1.4
                0x0000000008003adc        0x6 .pioenvs/bluepill_f103c8/libd9b/liblogger.a(logger.o)
 *fill*         0x0000000008003ae2        0x2 
 .rodata._Z11debug_printj.str1.4
                0x0000000008003ae4        0xb .pioenvs/bluepill_f103c8/libd9b/liblogger.a(logger.o)
 *fill*         0x0000000008003aef        0x1 
 .rodata.debug_println.str1.4
                0x0000000008003af0        0x3 .pioenvs/bluepill_f103c8/libd9b/liblogger.a(logger.o)
 *libbluepill.a:(SORT_BY_ALIGNMENT(.rodata*))
 *fill*         0x0000000008003af3        0x1 
 .rodata.platform_setup.str1.4
                0x0000000008003af4       0x13 .pioenvs/bluepill_f103c8/lib271/libbluepill.a(bluepill.o)
 *fill*         0x0000000008003b07        0x1 
 .rodata.platform_set_alarm.str1.4
                0x0000000008003b08        0x6 .pioenvs/bluepill_f103c8/lib271/libbluepill.a(timer.o)
 *libbootloader.a:(SORT_BY_ALIGNMENT(.rodata*))
 *fill*         0x0000000008003b0e        0x2 
 .rodata.bootloader_start.str1.4
                0x0000000008003b10       0x1a .pioenvs/bluepill_f103c8/libb45/libbootloader.a(bootloader.o)
 *fill*         0x0000000008003b2a        0x2 
 .rodata.get_serial_number.str1.4
                0x0000000008003b2c       0x32 .pioenvs/bluepill_f103c8/libb45/libbootloader.a(bootloader.o)
 *fill*         0x0000000008003b5e        0x2 
 .rodata.poll_loop.str1.4
                0x0000000008003b60       0x10 .pioenvs/bluepill_f103c8/libb45/libbootloader.a(bootloader.o)
 .rodata.target_flash_program_array.str1.4
                0x0000000008003b70       0x73 .pioenvs/bluepill_f103c8/libb45/libbootloader.a(target_stm32f103.o)
                                         0x77 (size before relaxing)
 *fill*         0x0000000008003be3        0x1 
 .rodata.aggregate_callback.str1.4
                0x0000000008003be4        0xc .pioenvs/bluepill_f103c8/libb45/libbootloader.a(usb_conf.o)
 .rodata.aggregate_register_callback.str1.4
                0x0000000008003bf0       0x26 .pioenvs/bluepill_f103c8/libb45/libbootloader.a(usb_conf.o)
 *fill*         0x0000000008003c16        0x2 
 .rodata.aggregate_register_config_callback.str1.4
                0x0000000008003c18       0x25 .pioenvs/bluepill_f103c8/libb45/libbootloader.a(usb_conf.o)
 *fill*         0x0000000008003c3d        0x3 
 .rodata.bos_descriptor
                0x0000000008003c40        0x9 .pioenvs/bluepill_f103c8/libb45/libbootloader.a(usb_conf.o)
 *fill*         0x0000000008003c49        0x3 
 .rodata.cdc_iface_assoc
                0x0000000008003c4c        0x8 .pioenvs/bluepill_f103c8/libb45/libbootloader.a(usb_conf.o)
 .rodata.cdcacm_functional_descriptors
                0x0000000008003c54       0x13 .pioenvs/bluepill_f103c8/libb45/libbootloader.a(usb_conf.o)
 *fill*         0x0000000008003c67        0x1 
 .rodata.comm_endp
                0x0000000008003c68        0xf .pioenvs/bluepill_f103c8/libb45/libbootloader.a(usb_conf.o)
 *fill*         0x0000000008003c77        0x1 
 .rodata.comm_iface
                0x0000000008003c78       0x15 .pioenvs/bluepill_f103c8/libb45/libbootloader.a(usb_conf.o)
 *fill*         0x0000000008003c8d        0x3 
 .rodata.config
                0x0000000008003c90        0xd .pioenvs/bluepill_f103c8/libb45/libbootloader.a(usb_conf.o)
 *fill*         0x0000000008003c9d        0x3 
 .rodata.data_endp
                0x0000000008003ca0       0x1e .pioenvs/bluepill_f103c8/libb45/libbootloader.a(usb_conf.o)
 *fill*         0x0000000008003cbe        0x2 
 .rodata.data_iface
                0x0000000008003cc0       0x15 .pioenvs/bluepill_f103c8/libb45/libbootloader.a(usb_conf.o)
 *fill*         0x0000000008003cd5        0x3 
 .rodata.dev    0x0000000008003cd8       0x12 .pioenvs/bluepill_f103c8/libb45/libbootloader.a(usb_conf.o)
 *fill*         0x0000000008003cea        0x2 
 .rodata.dump_buffer.str1.4
                0x0000000008003cec        0x4 .pioenvs/bluepill_f103c8/libb45/libbootloader.a(usb_conf.o)
                                          0x9 (size before relaxing)
 .rodata.dump_usb_request.str1.4
                0x0000000008003cf0       0x90 .pioenvs/bluepill_f103c8/libb45/libbootloader.a(usb_conf.o)
 .rodata.hf2_endp
                0x0000000008003d80       0x1e .pioenvs/bluepill_f103c8/libb45/libbootloader.a(usb_conf.o)
 *fill*         0x0000000008003d9e        0x2 
 .rodata.hf2_iface
                0x0000000008003da0       0x15 .pioenvs/bluepill_f103c8/libb45/libbootloader.a(usb_conf.o)
 *fill*         0x0000000008003db5        0x3 
 .rodata.interfaces
                0x0000000008003db8       0x30 .pioenvs/bluepill_f103c8/libb45/libbootloader.a(usb_conf.o)
 .rodata.set_aggregate_callback.str1.4
                0x0000000008003de8       0x29 .pioenvs/bluepill_f103c8/libb45/libbootloader.a(usb_conf.o)
 *fill*         0x0000000008003e11        0x3 
 .rodata.set_usb_busy.str1.4
                0x0000000008003e14        0x2 .pioenvs/bluepill_f103c8/libb45/libbootloader.a(usb_conf.o)
 *fill*         0x0000000008003e16        0x2 
 .rodata.str1.4
                0x0000000008003e18       0x86 .pioenvs/bluepill_f103c8/libb45/libbootloader.a(usb_conf.o)
 *fill*         0x0000000008003e9e        0x2 
 .rodata.usb_setup.str1.4
                0x0000000008003ea0       0x31 .pioenvs/bluepill_f103c8/libb45/libbootloader.a(usb_conf.o)
 *fill*         0x0000000008003ed1        0x3 
 .rodata.webusb_control_vendor_request.str1.4
                0x0000000008003ed4       0x3f .pioenvs/bluepill_f103c8/libb45/libbootloader.a(webusb.o)
                                         0x43 (size before relaxing)
 *fill*         0x0000000008003f13        0x1 
 .rodata.webusb_platform_capability_descriptor
                0x0000000008003f14       0x18 .pioenvs/bluepill_f103c8/libb45/libbootloader.a(webusb.o)
                0x0000000008003f14                webusb_platform_capability_descriptor
 .rodata.webusb_set_config.str1.4
                0x0000000008003f2c       0x1d .pioenvs/bluepill_f103c8/libb45/libbootloader.a(webusb.o)
 *fill*         0x0000000008003f49        0x3 
 .rodata.webusb_setup.str1.4
                0x0000000008003f4c       0x18 .pioenvs/bluepill_f103c8/libb45/libbootloader.a(webusb.o)
 .rodata.guid   0x0000000008003f64       0x92 .pioenvs/bluepill_f103c8/libb45/libbootloader.a(winusb.o)
 *fill*         0x0000000008003ff6        0x2 
 .rodata.microsoft_platform_capability_descriptor
                0x0000000008003ff8       0x1c .pioenvs/bluepill_f103c8/libb45/libbootloader.a(winusb.o)
                0x0000000008003ff8                microsoft_platform_capability_descriptor
 .rodata.winusb_control_vendor_request.str1.4
                0x0000000008004014       0x17 .pioenvs/bluepill_f103c8/libb45/libbootloader.a(winusb.o)
 *fill*         0x000000000800402b        0x1 
 .rodata.winusb_descriptor_request.str1.4
                0x000000000800402c        0x6 .pioenvs/bluepill_f103c8/libb45/libbootloader.a(winusb.o)
 *fill*         0x0000000008004032        0x2 
 .rodata.winusb_set_config.str1.4
                0x0000000008004034       0x1d .pioenvs/bluepill_f103c8/libb45/libbootloader.a(winusb.o)
 *fill*         0x0000000008004051        0x3 
 .rodata.winusb_setup.str1.4
                0x0000000008004054       0x18 .pioenvs/bluepill_f103c8/libb45/libbootloader.a(winusb.o)
 .rodata.winusb_string_descriptor
                0x000000000800406c       0x12 .pioenvs/bluepill_f103c8/libb45/libbootloader.a(winusb.o)
 *fill*         0x000000000800407e        0x2 
 .rodata.cdc_setup.str1.4
                0x0000000008004080       0x15 .pioenvs/bluepill_f103c8/libb45/libbootloader.a(cdc.o)
 *fill*         0x0000000008004095        0x3 
 .rodata.cdcacm_comm_cb.str1.4
                0x0000000008004098        0x5 .pioenvs/bluepill_f103c8/libb45/libbootloader.a(cdc.o)
 *fill*         0x000000000800409d        0x3 
 .rodata.cdcacm_control_request.str1.4
                0x00000000080040a0       0x28 .pioenvs/bluepill_f103c8/libb45/libbootloader.a(cdc.o)
                                         0x31 (size before relaxing)
 .rodata.cdcacm_set_config.str1.4
                0x00000000080040c8       0x1d .pioenvs/bluepill_f103c8/libb45/libbootloader.a(cdc.o)
 *fill*         0x00000000080040e5        0x3 
 .rodata.line_coding
                0x00000000080040e8        0x7 .pioenvs/bluepill_f103c8/libb45/libbootloader.a(cdc.o)
 *fill*         0x00000000080040ef        0x1 
 .rodata.assert.str1.4
                0x00000000080040f0        0xc .pioenvs/bluepill_f103c8/libb45/libbootloader.a(hf2.o)
 .rodata.bad_packet_message
                0x00000000080040fc        0xb .pioenvs/bluepill_f103c8/libb45/libbootloader.a(hf2.o)
 *fill*         0x0000000008004107        0x1 
 .rodata.handle_command.str1.4
                0x0000000008004108       0x89 .pioenvs/bluepill_f103c8/libb45/libbootloader.a(hf2.o)
                                         0x8d (size before relaxing)
 *fill*         0x0000000008004191        0x3 
 .rodata.hf2_data_rx_cb.str1.4
                0x0000000008004194        0xb .pioenvs/bluepill_f103c8/libb45/libbootloader.a(hf2.o)
                                         0x13 (size before relaxing)
 *fill*         0x000000000800419f        0x1 
 .rodata.hf2_set_config.str1.4
                0x00000000080041a0        0xb .pioenvs/bluepill_f103c8/libb45/libbootloader.a(hf2.o)
 *fill*         0x00000000080041ab        0x1 
 .rodata.hf2_setup.str1.4
                0x00000000080041ac       0x15 .pioenvs/bluepill_f103c8/libb45/libbootloader.a(hf2.o)
 *fill*         0x00000000080041c1        0x3 
 .rodata.pokeSend.str1.4
                0x00000000080041c4        0xa .pioenvs/bluepill_f103c8/libb45/libbootloader.a(hf2.o)
 *fill*         0x00000000080041ce        0x2 
 .rodata.usb21_set_config.str1.4
                0x00000000080041d0       0x1c .pioenvs/bluepill_f103c8/libb45/libbootloader.a(usb21_standard.o)
 .rodata.usb21_setup.str1.4
                0x00000000080041ec       0x17 .pioenvs/bluepill_f103c8/libb45/libbootloader.a(usb21_standard.o)
 *fill*         0x0000000008004203        0x1 
 .rodata.usb21_standard_get_descriptor.str1.4
                0x0000000008004204       0x24 .pioenvs/bluepill_f103c8/libb45/libbootloader.a(usb21_standard.o)
 .rodata.flushFlash.str1.4
                0x0000000008004228       0x1e .pioenvs/bluepill_f103c8/libb45/libbootloader.a(ghostfat.o)
                                         0x22 (size before relaxing)
 *fill*         0x0000000008004246        0x2 
 .rodata.infoUf2File
                0x0000000008004248       0x55 .pioenvs/bluepill_f103c8/libb45/libbootloader.a(ghostfat.o)
                0x0000000008004248                infoUf2File
                0x00000000080042a0                . = ALIGN (0x4)
 *fill*         0x000000000800429d        0x3 
                0x00000000080042a0                _boot_etext = .

.text           0x0000000008006800     0x39a0
                0x0000000008006800                . = ALIGN (0x4)
                0x0000000008006800                _text = .
 *(SORT_BY_ALIGNMENT(.text.application_start))
 .text.application_start
                0x0000000008006800       0x88 .pioenvs/bluepill_f103c8/lib739/libcm.a(application.o)
                0x0000000008006800                application_start
 *(SORT_BY_ALIGNMENT(.text.main))
 .text.main     0x0000000008006888       0x14 .pioenvs/bluepill_f103c8/src/main.o
                0x0000000008006888                main
 *(SORT_BY_ALIGNMENT(.text.startup.main))
 *(SORT_BY_ALIGNMENT(.text*))
 .text._ZN5codal14CodalComponent4initEv
                0x000000000800689c        0x8 .pioenvs/bluepill_f103c8/src/main.o
                0x000000000800689c                codal::CodalComponent::init()
 .text._ZL10debug_dumpRN5codal13STM32BluePillEPKc
                0x00000000080068a4       0x44 .pioenvs/bluepill_f103c8/src/main.o
 .text._Z41__static_initialization_and_destruction_0ii
                0x00000000080068e8       0x30 .pioenvs/bluepill_f103c8/src/main.o
 .text._ZN5codal14CodalComponentD2Ev
                0x0000000008006918       0x18 .pioenvs/bluepill_f103c8/src/main.o
                0x0000000008006918                codal::CodalComponent::~CodalComponent()
                0x0000000008006918                codal::CodalComponent::~CodalComponent()
 .text._ZN5codal14CodalComponentD0Ev
                0x0000000008006930       0x20 .pioenvs/bluepill_f103c8/src/main.o
                0x0000000008006930                codal::CodalComponent::~CodalComponent()
 .text._Z10Blink_mainRN5codal13STM32BluePillE
                0x0000000008006950       0x74 .pioenvs/bluepill_f103c8/src/main.o
                0x0000000008006950                Blink_main(codal::STM32BluePill&)
 .text._ZN5codal13STM32BluePillD2Ev
                0x00000000080069c4       0x4c .pioenvs/bluepill_f103c8/src/main.o
                0x00000000080069c4                codal::STM32BluePill::~STM32BluePill()
                0x00000000080069c4                codal::STM32BluePill::~STM32BluePill()
 .text._ZN5codal13STM32BluePillD0Ev
                0x0000000008006a10       0x54 .pioenvs/bluepill_f103c8/src/main.o
                0x0000000008006a10                codal::STM32BluePill::~STM32BluePill()
 .text._Z41__static_initialization_and_destruction_0ii
                0x0000000008006a64       0x24 .pioenvs/bluepill_f103c8/src/uart.o
 .text._Z18component_callbackN5codal5EventE
                0x0000000008006a88       0x68 .pioenvs/bluepill_f103c8/lib3e7/libcodal-core.a(CodalComponent.o)
                0x0000000008006a88                component_callback(codal::Event)
 .text._ZN5codal14CodalComponent12addComponentEv
                0x0000000008006af0       0xcc .pioenvs/bluepill_f103c8/lib3e7/libcodal-core.a(CodalComponent.o)
                0x0000000008006af0                codal::CodalComponent::addComponent()
 .text._ZN5codal14CodalComponent15removeComponentEv
                0x0000000008006bbc       0x28 .pioenvs/bluepill_f103c8/lib3e7/libcodal-core.a(CodalComponent.o)
                0x0000000008006bbc                codal::CodalComponent::removeComponent()
 .text.codal_dmesg_flush
                0x0000000008006be4       0x10 .pioenvs/bluepill_f103c8/lib3e7/libcodal-core.a(CodalDmesg.o)
                0x0000000008006be4                codal_dmesg_flush
 .text._ZN5codal14scheduler_tickENS_5EventE
                0x0000000008006bf4       0x3c .pioenvs/bluepill_f103c8/lib3e7/libcodal-core.a(CodalFiber.o)
                0x0000000008006bf4                codal::scheduler_tick(codal::Event)
 .text._ZN5codal15scheduler_eventENS_5EventE
                0x0000000008006c30       0xc0 .pioenvs/bluepill_f103c8/lib3e7/libcodal-core.a(CodalFiber.o)
                0x0000000008006c30                codal::scheduler_event(codal::Event)
 .text._Z15getFiberContextv
                0x0000000008006cf0       0x58 .pioenvs/bluepill_f103c8/lib3e7/libcodal-core.a(CodalFiber.o)
                0x0000000008006cf0                getFiberContext()
 .text._ZL10handle_fobv
                0x0000000008006d48       0x34 .pioenvs/bluepill_f103c8/lib3e7/libcodal-core.a(CodalFiber.o)
 .text._ZN5codal23fiber_scheduler_runningEv
                0x0000000008006d7c       0x18 .pioenvs/bluepill_f103c8/lib3e7/libcodal-core.a(CodalFiber.o)
                0x0000000008006d7c                codal::fiber_scheduler_running()
 .text._ZN5codal14scheduler_initERNS_10EventModelE
                0x0000000008006d94      0x11c .pioenvs/bluepill_f103c8/lib3e7/libcodal-core.a(CodalFiber.o)
                0x0000000008006d94                codal::scheduler_init(codal::EventModel&)
 .text._ZN5codal19fiber_wake_on_eventEtt
                0x0000000008006eb0       0x90 .pioenvs/bluepill_f103c8/lib3e7/libcodal-core.a(CodalFiber.o)
                0x0000000008006eb0                codal::fiber_wake_on_event(unsigned short, unsigned short)
 .text._Z14__create_fibermmmi
                0x0000000008006f40       0x68 .pioenvs/bluepill_f103c8/lib3e7/libcodal-core.a(CodalFiber.o)
                0x0000000008006f40                __create_fiber(unsigned long, unsigned long, unsigned long, int)
 .text._ZN5codal24scheduler_runqueue_emptyEv
                0x0000000008006fa8       0x10 .pioenvs/bluepill_f103c8/lib3e7/libcodal-core.a(CodalFiber.o)
                0x0000000008006fa8                codal::scheduler_runqueue_empty()
 .text._ZN5codal4idleEv
                0x0000000008006fb8       0x44 .pioenvs/bluepill_f103c8/lib3e7/libcodal-core.a(CodalFiber.o)
                0x0000000008006fb8                codal::idle()
 .text._ZN5codal8scheduleEv
                0x0000000008006ffc      0x1b8 .pioenvs/bluepill_f103c8/lib3e7/libcodal-core.a(CodalFiber.o)
                0x0000000008006ffc                codal::schedule()
 .text._ZN5codal11fiber_sleepEm
                0x00000000080071b4       0x38 .pioenvs/bluepill_f103c8/lib3e7/libcodal-core.a(CodalFiber.o)
                0x00000000080071b4                codal::fiber_sleep(unsigned long)
 .text._ZN5codal13release_fiberEv
                0x00000000080071ec       0x70 .pioenvs/bluepill_f103c8/lib3e7/libcodal-core.a(CodalFiber.o)
                0x00000000080071ec                codal::release_fiber()
 .text._ZN5codal6invokeEPFvPvES0_
                0x000000000800725c       0x90 .pioenvs/bluepill_f103c8/lib3e7/libcodal-core.a(CodalFiber.o)
                0x000000000800725c                codal::invoke(void (*)(void*), void*)
 .text._Z18device_create_heapmm
                0x00000000080072ec       0x3c .pioenvs/bluepill_f103c8/lib3e7/libcodal-core.a(CodalHeapAllocator.o)
                0x00000000080072ec                device_create_heap(unsigned long, unsigned long)
 .text.device_malloc
                0x0000000008007328       0x54 .pioenvs/bluepill_f103c8/lib3e7/libcodal-core.a(CodalHeapAllocator.o)
                0x0000000008007328                malloc
                0x0000000008007328                device_malloc
 .text.device_free
                0x000000000800737c       0x44 .pioenvs/bluepill_f103c8/lib3e7/libcodal-core.a(CodalHeapAllocator.o)
                0x000000000800737c                device_free
                0x000000000800737c                free
 .text._ZN5codal6SerialC2ERNS_3PinES2_hht
                0x00000000080073c0       0x60 .pioenvs/bluepill_f103c8/lib3e7/libcodal-core.a(Serial.o)
                0x00000000080073c0                codal::Serial::Serial(codal::Pin&, codal::Pin&, unsigned char, unsigned char, unsigned short)
                0x00000000080073c0                codal::Serial::Serial(codal::Pin&, codal::Pin&, unsigned char, unsigned char, unsigned short)
 .text._ZN5codal6SerialD2Ev
                0x0000000008007420       0x28 .pioenvs/bluepill_f103c8/lib3e7/libcodal-core.a(Serial.o)
                0x0000000008007420                codal::Serial::~Serial()
                0x0000000008007420                codal::Serial::~Serial()
 .text._ZN5codal5TimerC2Ev
                0x0000000008007448       0x34 .pioenvs/bluepill_f103c8/lib3e7/libcodal-core.a(Timer.o)
                0x0000000008007448                codal::Timer::Timer()
                0x0000000008007448                codal::Timer::Timer()
 .text._ZN5codal25system_timer_current_timeEv
                0x000000000800747c       0x18 .pioenvs/bluepill_f103c8/lib3e7/libcodal-core.a(Timer.o)
                0x000000000800747c                codal::system_timer_current_time()
 .text._ZN5codal27system_timer_event_every_usEmtt
                0x0000000008007494       0x24 .pioenvs/bluepill_f103c8/lib3e7/libcodal-core.a(Timer.o)
                0x0000000008007494                codal::system_timer_event_every_us(unsigned long, unsigned short, unsigned short)
 .text._ZN5codal10EventModel4sendENS_5EventE
                0x00000000080074b8       0x14 .pioenvs/bluepill_f103c8/lib3e7/libcodal-core.a(MessageBus.o)
                0x00000000080074b8                codal::EventModel::send(codal::Event)
 .text._ZN5codal10EventModel3addEPNS_8ListenerE
                0x00000000080074cc        0x8 .pioenvs/bluepill_f103c8/lib3e7/libcodal-core.a(MessageBus.o)
                0x00000000080074cc                codal::EventModel::add(codal::Listener*)
 .text._ZN5codal10EventModel6removeEPNS_8ListenerE
                0x00000000080074d4        0x8 .pioenvs/bluepill_f103c8/lib3e7/libcodal-core.a(MessageBus.o)
                0x00000000080074d4                codal::EventModel::remove(codal::Listener*)
 .text._ZN5codal10MessageBus3addEPNS_8ListenerE
                0x00000000080074dc       0xe8 .pioenvs/bluepill_f103c8/lib3e7/libcodal-core.a(MessageBus.o)
                0x00000000080074dc                codal::MessageBus::add(codal::Listener*)
 .text._ZN5codal10MessageBus7processERNS_5EventEb
                0x00000000080075c4       0x88 .pioenvs/bluepill_f103c8/lib3e7/libcodal-core.a(MessageBus.o)
                0x00000000080075c4                codal::MessageBus::process(codal::Event&, bool)
 .text._ZN5codal19allocateNotifyEventEv
                0x000000000800764c       0x10 .pioenvs/bluepill_f103c8/lib3e7/libcodal-core.a(MessageBus.o)
                0x000000000800764c                codal::allocateNotifyEvent()
 .text._ZN5codal22MemberFunctionCallbackC2INS_10MessageBusEEEPT_MS3_FvNS_5EventEE
                0x000000000800765c       0x30 .pioenvs/bluepill_f103c8/lib3e7/libcodal-core.a(MessageBus.o)
                0x000000000800765c                codal::MemberFunctionCallback::MemberFunctionCallback<codal::MessageBus>(codal::MessageBus*, void (codal::MessageBus::*)(codal::Event))
                0x000000000800765c                codal::MemberFunctionCallback::MemberFunctionCallback<codal::MessageBus>(codal::MessageBus*, void (codal::MessageBus::*)(codal::Event))
 .text._ZN5codal10EventModel6listenINS_10MessageBusEEEittPT_MS3_FvNS_5EventEEt
                0x000000000800768c       0x8c .pioenvs/bluepill_f103c8/lib3e7/libcodal-core.a(MessageBus.o)
                0x000000000800768c                int codal::EventModel::listen<codal::MessageBus>(unsigned short, unsigned short, codal::MessageBus*, void (codal::MessageBus::*)(codal::Event), unsigned short)
 .text._ZN5codal10MessageBusC2Ev
                0x0000000008007718       0x74 .pioenvs/bluepill_f103c8/lib3e7/libcodal-core.a(MessageBus.o)
                0x0000000008007718                codal::MessageBus::MessageBus()
                0x0000000008007718                codal::MessageBus::MessageBus()
 .text._ZN5codal10MessageBusD2Ev
                0x000000000800778c       0x50 .pioenvs/bluepill_f103c8/lib3e7/libcodal-core.a(MessageBus.o)
                0x000000000800778c                codal::MessageBus::~MessageBus()
                0x000000000800778c                codal::MessageBus::~MessageBus()
 .text._ZN5codal5Event4fireEv
                0x00000000080077dc       0x1c .pioenvs/bluepill_f103c8/lib3e7/libcodal-core.a(Event.o)
                0x00000000080077dc                codal::Event::fire()
 .text._ZN5codal13ManagedString9initEmptyEv
                0x00000000080077f8        0xc .pioenvs/bluepill_f103c8/lib3e7/libcodal-core.a(ManagedString.o)
                0x00000000080077f8                codal::ManagedString::initEmpty()
 .text._Z41__static_initialization_and_destruction_0ii
                0x0000000008007804       0x38 .pioenvs/bluepill_f103c8/lib3e7/libcodal-core.a(ManagedString.o)
 .text._ZN5codal4itoaEiPc
                0x000000000800783c       0x68 .pioenvs/bluepill_f103c8/lib3e7/libcodal-core.a(CodalCompat.o)
                0x000000000800783c                codal::itoa(int, char*)
 .text._ZN5codal3_cm3Pin14setAnalogValueEi
                0x00000000080078a4       0x20 .pioenvs/bluepill_f103c8/lib739/libcm.a(CmPin.o)
                0x00000000080078a4                codal::_cm::Pin::setAnalogValue(int)
 .text._ZN5codal3_cm3Pin9isTouchedEv
                0x00000000080078c4        0x8 .pioenvs/bluepill_f103c8/lib739/libcm.a(CmPin.o)
                0x00000000080078c4                codal::_cm::Pin::isTouched()
 .text._ZN5codal3_cm3Pin17getAnalogPeriodUsEv
                0x00000000080078cc        0x8 .pioenvs/bluepill_f103c8/lib739/libcm.a(CmPin.o)
                0x00000000080078cc                codal::_cm::Pin::getAnalogPeriodUs()
 .text._ZN5codal3_cm3Pin15getAnalogPeriodEv
                0x00000000080078d4       0x18 .pioenvs/bluepill_f103c8/lib739/libcm.a(CmPin.o)
                0x00000000080078d4                codal::_cm::Pin::getAnalogPeriod()
 .text._ZN5codal3_cm3Pin15setDigitalValueEi
                0x00000000080078ec       0x58 .pioenvs/bluepill_f103c8/lib739/libcm.a(CmPin.o)
                0x00000000080078ec                codal::_cm::Pin::setDigitalValue(int)
 .text._ZN5codal3_cm3PinC2EhmmtNS_13PinCapabilityE
                0x0000000008007944       0x2c .pioenvs/bluepill_f103c8/lib739/libcm.a(CmPin.o)
                0x0000000008007944                codal::_cm::Pin::Pin(unsigned char, unsigned long, unsigned long, unsigned short, codal::PinCapability)
                0x0000000008007944                codal::_cm::Pin::Pin(unsigned char, unsigned long, unsigned long, unsigned short, codal::PinCapability)
 .text._ZN5codal3_cm3Pin13setServoValueEiii
                0x0000000008007970       0x78 .pioenvs/bluepill_f103c8/lib739/libcm.a(CmPin.o)
                0x0000000008007970                codal::_cm::Pin::setServoValue(int, int, int)
 .text._ZN5codal3_cm6SerialD2Ev
                0x00000000080079e8       0x14 .pioenvs/bluepill_f103c8/lib739/libcm.a(CmSerial.o)
                0x00000000080079e8                codal::_cm::Serial::~Serial()
                0x00000000080079e8                codal::_cm::Serial::~Serial()
 .text._ZN5codal3_cm6SerialD0Ev
                0x00000000080079fc       0x1c .pioenvs/bluepill_f103c8/lib739/libcm.a(CmSerial.o)
                0x00000000080079fc                codal::_cm::Serial::~Serial()
 .text._ZN5codal3_cm6SerialC2ERNS0_3PinES3_hh
                0x0000000008007a18       0x50 .pioenvs/bluepill_f103c8/lib739/libcm.a(CmSerial.o)
                0x0000000008007a18                codal::_cm::Serial::Serial(codal::_cm::Pin&, codal::_cm::Pin&, unsigned char, unsigned char)
                0x0000000008007a18                codal::_cm::Serial::Serial(codal::_cm::Pin&, codal::_cm::Pin&, unsigned char, unsigned char)
 .text._ZN5codal3_cm14alarm_callbackEv
                0x0000000008007a68       0x24 .pioenvs/bluepill_f103c8/lib739/libcm.a(CmTimer.o)
                0x0000000008007a68                codal::_cm::alarm_callback()
 .text._ZN5codal3_cmL10timer_taskEv
                0x0000000008007a8c       0x6c .pioenvs/bluepill_f103c8/lib739/libcm.a(CmTimer.o)
 .text._ZN5codal3_cm5Timer9triggerInEm
                0x0000000008007af8       0x24 .pioenvs/bluepill_f103c8/lib739/libcm.a(CmTimer.o)
                0x0000000008007af8                codal::_cm::Timer::triggerIn(unsigned long)
 .text._ZN5codal3_cm5Timer11syncRequestEv
                0x0000000008007b1c       0x48 .pioenvs/bluepill_f103c8/lib739/libcm.a(CmTimer.o)
                0x0000000008007b1c                codal::_cm::Timer::syncRequest()
 .text._ZN5codal3_cm5TimerC2Ev
                0x0000000008007b64       0x2c .pioenvs/bluepill_f103c8/lib739/libcm.a(CmTimer.o)
                0x0000000008007b64                codal::_cm::Timer::Timer()
                0x0000000008007b64                codal::_cm::Timer::Timer()
 .text._ZN5codal3_cm5Timer4initEv
                0x0000000008007b90       0x7c .pioenvs/bluepill_f103c8/lib739/libcm.a(CmTimer.o)
                0x0000000008007b90                codal::_cm::Timer::init()
 .text._ZL8pre_mainv
                0x0000000008007c0c       0x48 .pioenvs/bluepill_f103c8/lib739/libcm.a(application.o)
 .text._ZN5codal13STM32BluePill4initEv
                0x0000000008007c54       0x80 .pioenvs/bluepill_f103c8/lib2eb/libmodel.a(STM32BluePill.o)
                0x0000000008007c54                codal::STM32BluePill::init()
 .text._ZN5codal13STM32BluePillC2Ev
                0x0000000008007cd4       0xa8 .pioenvs/bluepill_f103c8/lib2eb/libmodel.a(STM32BluePill.o)
                0x0000000008007cd4                codal::STM32BluePill::STM32BluePill()
                0x0000000008007cd4                codal::STM32BluePill::STM32BluePill()
 .text._ZN5codal15STM32BluePillIOC2Ev
                0x0000000008007d7c      0xb58 .pioenvs/bluepill_f103c8/lib2eb/libmodel.a(STM32BluePillIO.o)
                0x0000000008007d7c                codal::STM32BluePillIO::STM32BluePillIO()
                0x0000000008007d7c                codal::STM32BluePillIO::STM32BluePillIO()
 .text._Z41__static_initialization_and_destruction_0ii
                0x00000000080088d4       0x1c .pioenvs/bluepill_f103c8/lib33e/libuartint.a(uartint.o)
 .text.usart2_isr
                0x00000000080088f0       0x5c .pioenvs/bluepill_f103c8/lib33e/libuartint.a(uartint.o)
                0x00000000080088f0                usart2_isr
 .text._ZN5codal3_cm3I2CC2ERNS_3PinES3_
                0x000000000800894c       0x1c .pioenvs/bluepill_f103c8/lib739/libcm.a(CmI2C.o)
                0x000000000800894c                codal::_cm::I2C::I2C(codal::Pin&, codal::Pin&)
                0x000000000800894c                codal::_cm::I2C::I2C(codal::Pin&, codal::Pin&)
 .text._ZN5codal3_cm3SPI4initEv
                0x0000000008008968       0x5c .pioenvs/bluepill_f103c8/lib739/libcm.a(CmSPI.o)
                0x0000000008008968                codal::_cm::SPI::init()
 .text._ZN5codal3_cm3SPIC2ERNS0_3PinES3_S3_S3_
                0x00000000080089c4       0x9c .pioenvs/bluepill_f103c8/lib739/libcm.a(CmSPI.o)
                0x00000000080089c4                codal::_cm::SPI::SPI(codal::_cm::Pin&, codal::_cm::Pin&, codal::_cm::Pin&, codal::_cm::Pin&)
                0x00000000080089c4                codal::_cm::SPI::SPI(codal::_cm::Pin&, codal::_cm::Pin&, codal::_cm::Pin&, codal::_cm::Pin&)
 .text.pinmap_peripheral
                0x0000000008008a60       0x2c .pioenvs/bluepill_f103c8/lib739/libcm.a(CmPinMap.o)
                0x0000000008008a60                pinmap_peripheral
 .text.pinmap_mode
                0x0000000008008a8c       0x28 .pioenvs/bluepill_f103c8/lib739/libcm.a(CmPinMap.o)
                0x0000000008008a8c                pinmap_mode
 .text.pinmap_cnf
                0x0000000008008ab4       0x28 .pioenvs/bluepill_f103c8/lib739/libcm.a(CmPinMap.o)
                0x0000000008008ab4                pinmap_cnf
 .text._ZN5codal3I2CC2ERNS_3PinES2_
                0x0000000008008adc        0xc .pioenvs/bluepill_f103c8/lib3e7/libcodal-core.a(I2C.o)
                0x0000000008008adc                codal::I2C::I2C(codal::Pin&, codal::Pin&)
                0x0000000008008adc                codal::I2C::I2C(codal::Pin&, codal::Pin&)
 .text._ZN5codal14CodalComponent16periodicCallbackEv
                0x0000000008008ae8        0x2 .pioenvs/bluepill_f103c8/src/main.o
                0x0000000008008ae8                codal::CodalComponent::periodicCallback()
 .text._ZN5codal14CodalComponent12idleCallbackEv
                0x0000000008008aea        0x2 .pioenvs/bluepill_f103c8/src/main.o
                0x0000000008008aea                codal::CodalComponent::idleCallback()
 .text._GLOBAL__sub_I_bluepill
                0x0000000008008aec        0xe .pioenvs/bluepill_f103c8/src/main.o
 .text._GLOBAL__sub_I_serialPort
                0x0000000008008afa        0xe .pioenvs/bluepill_f103c8/src/uart.o
 .text._ZN5codal11queue_fiberEPNS_5FiberEPS1_
                0x0000000008008b08       0x2e .pioenvs/bluepill_f103c8/lib3e7/libcodal-core.a(CodalFiber.o)
                0x0000000008008b08                codal::queue_fiber(codal::Fiber*, codal::Fiber**)
 .text._ZN5codal13dequeue_fiberEPNS_5FiberE
                0x0000000008008b36       0x34 .pioenvs/bluepill_f103c8/lib3e7/libcodal-core.a(CodalFiber.o)
                0x0000000008008b36                codal::dequeue_fiber(codal::Fiber*)
 .text._ZN5codal12create_fiberEPFvPvES0_S2_
                0x0000000008008b6a       0x20 .pioenvs/bluepill_f103c8/lib3e7/libcodal-core.a(CodalFiber.o)
                0x0000000008008b6a                codal::create_fiber(void (*)(void*), void*, void (*)(void*))
 .text._ZN5codal20fiber_wait_for_eventEtt
                0x0000000008008b8a       0x14 .pioenvs/bluepill_f103c8/lib3e7/libcodal-core.a(CodalFiber.o)
                0x0000000008008b8a                codal::fiber_wait_for_event(unsigned short, unsigned short)
 .text._ZN5codal16launch_new_fiberEPFvvES1_
                0x0000000008008b9e        0xe .pioenvs/bluepill_f103c8/lib3e7/libcodal-core.a(CodalFiber.o)
                0x0000000008008b9e                codal::launch_new_fiber(void (*)(), void (*)())
 .text._ZN5codal13release_fiberEPv
                0x0000000008008bac       0x10 .pioenvs/bluepill_f103c8/lib3e7/libcodal-core.a(CodalFiber.o)
                0x0000000008008bac                codal::release_fiber(void*)
 .text._ZN5codal22launch_new_fiber_paramEPFvPvES2_S0_
                0x0000000008008bbc       0x18 .pioenvs/bluepill_f103c8/lib3e7/libcodal-core.a(CodalFiber.o)
                0x0000000008008bbc                codal::launch_new_fiber_param(void (*)(void*), void (*)(void*), void*)
 .text._ZN5codal9idle_taskEv
                0x0000000008008bd4        0xc .pioenvs/bluepill_f103c8/lib3e7/libcodal-core.a(CodalFiber.o)
                0x0000000008008bd4                codal::idle_task()
 .text._Z16device_malloc_injR14HeapDefinition
                0x0000000008008be0       0xa0 .pioenvs/bluepill_f103c8/lib3e7/libcodal-core.a(CodalHeapAllocator.o)
                0x0000000008008be0                device_malloc_in(unsigned int, HeapDefinition&)
 .text._ZN5codal8ListenerC2EttPFvNS_5EventEEt
                0x0000000008008c80       0x28 .pioenvs/bluepill_f103c8/lib3e7/libcodal-core.a(CodalListener.o)
                0x0000000008008c80                codal::Listener::Listener(unsigned short, unsigned short, void (*)(codal::Event), unsigned short)
                0x0000000008008c80                codal::Listener::Listener(unsigned short, unsigned short, void (*)(codal::Event), unsigned short)
 .text._ZN5codal8ListenerD2Ev
                0x0000000008008ca8       0x18 .pioenvs/bluepill_f103c8/lib3e7/libcodal-core.a(CodalListener.o)
                0x0000000008008ca8                codal::Listener::~Listener()
                0x0000000008008ca8                codal::Listener::~Listener()
 .text._ZN5codal8Listener5queueENS_5EventE
                0x0000000008008cc0       0x62 .pioenvs/bluepill_f103c8/lib3e7/libcodal-core.a(CodalListener.o)
                0x0000000008008cc0                codal::Listener::queue(codal::Event)
 .text._ZN5codal6Serial6lockRxEv
                0x0000000008008d22        0xa .pioenvs/bluepill_f103c8/lib3e7/libcodal-core.a(Serial.o)
                0x0000000008008d22                codal::Serial::lockRx()
 .text._ZN5codal6Serial8unlockRxEv
                0x0000000008008d2c        0xa .pioenvs/bluepill_f103c8/lib3e7/libcodal-core.a(Serial.o)
                0x0000000008008d2c                codal::Serial::unlockRx()
 .text._ZN5codal6Serial12initialiseRxEv
                0x0000000008008d36       0x50 .pioenvs/bluepill_f103c8/lib3e7/libcodal-core.a(Serial.o)
                0x0000000008008d36                codal::Serial::initialiseRx()
 .text._ZN5codal6Serial12circularCopyEPhhS1_tt
                0x0000000008008d86       0x28 .pioenvs/bluepill_f103c8/lib3e7/libcodal-core.a(Serial.o)
                0x0000000008008d86                codal::Serial::circularCopy(unsigned char*, unsigned char, unsigned char*, unsigned short, unsigned short)
 .text._ZN5codal6Serial7eventOnENS_13ManagedStringENS_10SerialModeE
                0x0000000008008dae       0x2a .pioenvs/bluepill_f103c8/lib3e7/libcodal-core.a(Serial.o)
                0x0000000008008dae                codal::Serial::eventOn(codal::ManagedString, codal::SerialMode)
 .text._ZN5codal6Serial7rxInUseEv
                0x0000000008008dd8        0x8 .pioenvs/bluepill_f103c8/lib3e7/libcodal-core.a(Serial.o)
                0x0000000008008dd8                codal::Serial::rxInUse()
 .text._ZN5codal6Serial9readUntilENS_13ManagedStringENS_10SerialModeE
                0x0000000008008de0      0x1cc .pioenvs/bluepill_f103c8/lib3e7/libcodal-core.a(Serial.o)
                0x0000000008008de0                codal::Serial::readUntil(codal::ManagedString, codal::SerialMode)
 .text._ZN5codal5Timer17disableInterruptsEv
                0x0000000008008fac        0xa .pioenvs/bluepill_f103c8/lib3e7/libcodal-core.a(Timer.o)
                0x0000000008008fac                codal::Timer::disableInterrupts()
 .text._ZN5codal5Timer16enableInterruptsEv
                0x0000000008008fb6        0xa .pioenvs/bluepill_f103c8/lib3e7/libcodal-core.a(Timer.o)
                0x0000000008008fb6                codal::Timer::enableInterrupts()
 .text._ZN5codal5Timer13getTimerEventEv
                0x0000000008008fc0       0x24 .pioenvs/bluepill_f103c8/lib3e7/libcodal-core.a(Timer.o)
                0x0000000008008fc0                codal::Timer::getTimerEvent()
 .text._ZN5codal5Timer17releaseTimerEventEPNS_10TimerEventE
                0x0000000008008fe4       0x12 .pioenvs/bluepill_f103c8/lib3e7/libcodal-core.a(Timer.o)
                0x0000000008008fe4                codal::Timer::releaseTimerEvent(codal::TimerEvent*)
 .text._ZN5codal5Timer7getTimeEv
                0x0000000008008ff6        0xe .pioenvs/bluepill_f103c8/lib3e7/libcodal-core.a(Timer.o)
                0x0000000008008ff6                codal::Timer::getTime()
 .text._ZN5codal5Timer9getTimeUsEv
                0x0000000008009004        0xe .pioenvs/bluepill_f103c8/lib3e7/libcodal-core.a(Timer.o)
                0x0000000008009004                codal::Timer::getTimeUs()
 .text._ZN5codal5Timer8setEventEmttb
                0x0000000008009012       0x6a .pioenvs/bluepill_f103c8/lib3e7/libcodal-core.a(Timer.o)
                0x0000000008009012                codal::Timer::setEvent(unsigned long, unsigned short, unsigned short, bool)
 .text._ZN5codal5Timer12eventEveryUsEmtt
                0x000000000800907c       0x10 .pioenvs/bluepill_f103c8/lib3e7/libcodal-core.a(Timer.o)
                0x000000000800907c                codal::Timer::eventEveryUs(unsigned long, unsigned short, unsigned short)
 .text._ZN5codal5Timer4syncEm
                0x000000000800908c       0x24 .pioenvs/bluepill_f103c8/lib3e7/libcodal-core.a(Timer.o)
                0x000000000800908c                codal::Timer::sync(unsigned long)
 .text._ZN5codal5Timer7triggerEv
                0x00000000080090b0       0xa4 .pioenvs/bluepill_f103c8/lib3e7/libcodal-core.a(Timer.o)
                0x00000000080090b0                codal::Timer::trigger()
 .text._ZN5codal5TimerD2Ev
                0x0000000008009154        0x2 .pioenvs/bluepill_f103c8/lib3e7/libcodal-core.a(Timer.o)
                0x0000000008009154                codal::Timer::~Timer()
                0x0000000008009154                codal::Timer::~Timer()
 .text._ZN5codal10MessageBus9elementAtEi
                0x0000000008009156       0x10 .pioenvs/bluepill_f103c8/lib3e7/libcodal-core.a(MessageBus.o)
                0x0000000008009156                codal::MessageBus::elementAt(int)
 .text._ZN5codal22MemberFunctionCallback10methodCallINS_10MessageBusEEEvPvPmNS_5EventE
                0x0000000008009166       0x36 .pioenvs/bluepill_f103c8/lib3e7/libcodal-core.a(MessageBus.o)
                0x0000000008009166                void codal::MemberFunctionCallback::methodCall<codal::MessageBus>(void*, unsigned long*, codal::Event)
 .text._Z14async_callbackPv
                0x000000000800919c       0x96 .pioenvs/bluepill_f103c8/lib3e7/libcodal-core.a(MessageBus.o)
                0x000000000800919c                async_callback(void*)
 .text._ZN5codal10MessageBus6removeEPNS_8ListenerE
                0x0000000008009232       0x76 .pioenvs/bluepill_f103c8/lib3e7/libcodal-core.a(MessageBus.o)
                0x0000000008009232                codal::MessageBus::remove(codal::Listener*)
 .text._ZN5codal10MessageBus12dequeueEventEv
                0x00000000080092a8       0x24 .pioenvs/bluepill_f103c8/lib3e7/libcodal-core.a(MessageBus.o)
                0x00000000080092a8                codal::MessageBus::dequeueEvent()
 .text._ZN5codal10MessageBus21deleteMarkedListenersEv
                0x00000000080092cc       0x4c .pioenvs/bluepill_f103c8/lib3e7/libcodal-core.a(MessageBus.o)
                0x00000000080092cc                codal::MessageBus::deleteMarkedListeners()
 .text._ZN5codal10MessageBus10queueEventERNS_5EventE
                0x0000000008009318       0x5e .pioenvs/bluepill_f103c8/lib3e7/libcodal-core.a(MessageBus.o)
                0x0000000008009318                codal::MessageBus::queueEvent(codal::Event&)
 .text._ZN5codal10MessageBus4sendENS_5EventE
                0x0000000008009376       0x18 .pioenvs/bluepill_f103c8/lib3e7/libcodal-core.a(MessageBus.o)
                0x0000000008009376                codal::MessageBus::send(codal::Event)
 .text._ZN5codal10MessageBus4idleENS_5EventE
                0x000000000800938e       0x3e .pioenvs/bluepill_f103c8/lib3e7/libcodal-core.a(MessageBus.o)
                0x000000000800938e                codal::MessageBus::idle(codal::Event)
 .text._ZN5codal8ListenerC2INS_10MessageBusEEEttPT_MS3_FvNS_5EventEEt
                0x00000000080093cc       0x3e .pioenvs/bluepill_f103c8/lib3e7/libcodal-core.a(MessageBus.o)
                0x00000000080093cc                codal::Listener::Listener<codal::MessageBus>(unsigned short, unsigned short, codal::MessageBus*, void (codal::MessageBus::*)(codal::Event), unsigned short)
                0x00000000080093cc                codal::Listener::Listener<codal::MessageBus>(unsigned short, unsigned short, codal::MessageBus*, void (codal::MessageBus::*)(codal::Event), unsigned short)
 .text._ZN5codal10EventModel6ignoreINS_10MessageBusEEEittPT_MS3_FvNS_5EventEE